03-02 09:33:06.027  1621  1918 E HyperSentinel: -> audit event by proc 24287 "usap64": RSS increasement, peak 64040kb -> 96080kb
03-02 09:33:06.028  1621  2834 I ClipboardServiceI: checkProviderWakePathForClipboard: primaryClip is null
03-02 09:33:06.030  1621  1842 I MiuiNetworkPolicy: updateUidState uid = 10056, uidState = 5
03-02 09:33:06.033  1621  1918 E HyperSentinel: -------------------------------------------------------
03-02 09:33:06.035  1621  2834 D SymlinkUtils: attachApplication file op go pass: 0 ms
03-02 09:33:06.036  1621  1918 E HyperSentinel: Event_ThreadAmount
03-02 09:33:06.036  1621  1918 E HyperSentinel: -> audit event by proc 24287 "usap64": running threads amount, 0 -> 12
03-02 09:33:06.043  1621  1648 D Aurogon :  uid = 10337 switch to FG
03-02 09:33:06.044  1621  2834 W MiuiBoosterUtils: enable_miuibooster_launch : false
03-02 09:33:06.052 24287 28411 D MiuiDownscaleImpl: set override inverted scale : 1.0
03-02 09:33:06.053  1621  1894 D isUidValid: uid = 10337
03-02 09:33:06.055 24287 28411 D AppScoutStateMachine: 24287-ScoutStateMachinecreated
03-02 09:33:06.060 24287 24287 I JavaheapMonitor: Disabled. Process name: <pre-initialized>
03-02 09:33:06.060  1621  1842 I MiuiNetworkPolicy: updateUidState uid = 10337, uidState = 2
03-02 09:33:06.067  1621  1746 E JobScheduler: ResourceBudgetManagerInternal is null
03-02 09:33:06.069  1621  1746 D CompatChangeReporter: Compat change id reported: 151861875; UID 10304; state: ENABLED
03-02 09:33:06.069  1621  1746 V GrammaticalInflectionUtils: AttributionSource: android.content.AttributionSource@e142506c does not have READ_SYSTEM_GRAMMATICAL_GENDER permission.
03-02 09:33:06.071  1621  1746 I whetstone.activity: Power Event callback listener is empty for resId=256
03-02 09:33:06.071  1621  1746 D BatteryStatsManagerStub: notifyEvent for resId=256 used 0ms
03-02 09:33:06.074 24287 24287 D MiuiMonitorThread: Shared singleton Thread for stability monitor start
03-02 09:33:06.109   835   835 D Zygote  : Forked child process 28435
03-02 09:33:06.124  1621  1667 W ActivityManager: Slow operation: 54ms so far, now at startProcess: returned from zygote!
03-02 09:33:06.125  1621  1667 W ActivityManager: Slow operation: 55ms so far, now at startProcess: done updating battery stats
03-02 09:33:06.129  1621  1667 W ActivityManager: Slow operation: 58ms so far, now at startProcess: building log message
03-02 09:33:06.129  1621  1667 I ActivityManager: Start proc 28435:com.transsion.phoenix:service/u0a304 for service {com.transsion.phoenix/com.cloudview.daemon.way.job.NewDaemonJobSchedulerService} caller=android
03-02 09:33:06.129  1621  1667 W ActivityManager: Slow operation: 59ms so far, now at startProcess: starting to update pids map
03-02 09:33:06.132  1621  1667 W ActivityManager: Slow operation: 62ms so far, now at startProcess: done updating pids map
03-02 09:33:06.133 28435 28435 E Zygote  : process_name_ptr:28435 com.transsion.phoenix:service
03-02 09:33:06.134 28435 28435 E Zygote  : SetMemoryProtected process_name_ptr:28435 com.transsion.phoenix:service
03-02 09:33:06.138 24287 24287 D ActivityThread: setEmbeddedParam packageName=com.softnation.Ojam processName=com.softnation.Ojam isEmbedded=false isIsolated=false
03-02 09:33:06.156 28435 28435 I phoenix:service: Using CollectorTypeCMC GC.
03-02 09:33:06.161   861   947 I libPerfCtl: xgfGetFPS pid:921 fps:-1
03-02 09:33:06.162   861   947 I libPerfCtl: xgfGetFPS pid:1999 fps:-1
03-02 09:33:06.162   861   947 I libPerfCtl: xgfGetFPS pid:2363 fps:-1
03-02 09:33:06.162   861   947 I libPerfCtl: xgfGetFPS pid:28083 fps:-1
03-02 09:33:06.171  7123  7128 I adbd    : jdwp connection from 28435
03-02 09:33:06.181  1999  1999 D Launcher_UnlockAnimationStateMachine: mResetIdleStateRunnable
03-02 09:33:06.182 28435 28435 D nativeloader: Load libframework-connectivity-tiramisu-jni.so using APEX ns com_android_tethering for caller /apex/com.android.tethering/javalib/framework-connectivity-t.jar: ok
03-02 09:33:06.189 28083 28083 D View    : [ANR Warning]onLayout time too long, this =com.google.android.apps.search.googleapp.discover.streamui.impl.DiscoverRecyclerView{c19822b VFED..... ......ID 0,0-1080,2460 #7f0b1f2e app:id/googleapp_discover_recycler_view}time =452 ms
03-02 09:33:06.190 28083 28083 D View    : [ANR Warning]onLayout time too long, this =com.google.android.apps.search.googleapp.discover.streamui.impl.SwipeRefreshView{4c7b688 V.ED..... ......ID 0,0-1080,2460 #7f0b1f3b app:id/googleapp_discover_swipe_refresh_layout}time =453 ms
03-02 09:33:06.190 28083 28083 D View    : [ANR Warning]onLayout time too long, this =android.widget.LinearLayout{768f639 V.E...... ......ID 0,0-1080,2460}time =453 ms
03-02 09:33:06.190 28083 28083 D View    : [ANR Warning]onLayout time too long, this =androidx.coordinatorlayout.widget.CoordinatorLayout{7d65821 V.E...... ......ID 0,0-1080,2460}time =453 ms
03-02 09:33:06.190 28083 28083 D View    : [ANR Warning]onLayout time too long, this =android.support.v4.app.FragmentContainerView{85e9015 V.E...... ......ID 0,0-1080,2460 #7f0b2021 app:id/googleapp_minus_one_discover}time =453 ms
03-02 09:33:06.191 28083 28083 D View    : [ANR Warning]onLayout time too long, this =com.google.android.apps.search.googleapp.launcher.minusone.AccessibilityOrderedCoordinatorLayout{fa3c446 V.E...... ......ID 0,0-1080,2460}time =454 ms
03-02 09:33:06.191 28083 28083 D View    : [ANR Warning]onLayout time too long, this =android.support.v4.app.FragmentContainerView{2ac1607 V.E...... ......ID 0,0-1080,2460 #7f0b20ee app:id/googleapp_root_view}time =454 ms
03-02 09:33:06.191 28083 28083 D View    : [ANR Warning]onLayout time too long, this =android.support.v4.app.FragmentContainerView{265b334 V.E...... ......ID 0,0-1080,2460 #7f0b1ebf app:id/googleapp_content_view}time =454 ms
03-02 09:33:06.191 28083 28083 D View    : [ANR Warning]onLayout time too long, this =android.widget.FrameLayout{1f555d V.E...... ......ID -1080,0-0,2460}time =454 ms
03-02 09:33:06.191 28083 28083 D View    : [ANR Warning]onLayout time too long, this =bril{c47ded2 V.E...... ......ID 0,0-1080,2460}time =454 ms
03-02 09:33:06.191 28083 28083 D View    : [ANR Warning]onLayout time too long, this =android.widget.FrameLayout{59c4d2b V.E...... ......ID 0,0-1080,2460 #7f0b1ebb app:id/googleapp_container}time =454 ms
03-02 09:33:06.191 28083 28083 D View    : [ANR Warning]onLayout time too long, this =android.widget.FrameLayout{8ea0ba3 V.E...... ......ID 0,0-1080,2460 #1020002 android:id/content}time =454 ms
03-02 09:33:06.191 28083 28083 D View    : [ANR Warning]onLayout time too long, this =android.widget.LinearLayout{e44cea0 V.E...... ......ID 0,0-1080,2460}time =454 ms
03-02 09:33:06.192 28083 28083 D View    : [ANR Warning]onLayout time too long, this =DecorView@a6e9a02[LauncherMinusOneScreen]time =454 ms
03-02 09:33:06.192 28083 28083 W View    : requestLayout() improperly called by android.widget.FrameLayout{a00ea59 V.E...... ......ID 0,0-1080,308} during layout: running second layout pass
03-02 09:33:06.192 28435 28435 I MessageMonitor: Load libmiui_runtime
03-02 09:33:06.198 28083 28083 W Looper  : PerfMonitor doFrame : time=462ms vsyncFrame=19506656 latency=0ms procState=-1
03-02 09:33:06.202  1621  4289 D SymlinkUtils: attachApplication file op go pass: 0 ms
03-02 09:33:06.203  1621  4289 I SmartPower: com.transsion.phoenix:service/10304(28435): died->background(842296ms) R(process start ) adj=-10000.
03-02 09:33:06.206   921   921 I BufferQueueProducer: [LauncherMinusOneScreen#132265](this:0xb400007bcec8f0e8,id:-1,api:0,p:-1,c:921) queueBuffer: fps=3.18 dur=1258.62 max=599.74 min=15.11
03-02 09:33:06.220 28435 28453 D MiuiDownscaleImpl: set override inverted scale : 1.0
03-02 09:33:06.223  1621  1842 I MiuiNetworkPolicy: updateUidState uid = 10304, uidState = 19
03-02 09:33:06.244 28435 28435 I JavaheapMonitor: Disabled. Process name: <pre-initialized>
03-02 09:33:06.248 28435 28435 D MiuiMonitorThread: Shared singleton Thread for stability monitor start
03-02 09:33:06.268 28435 28435 D ActivityThread: setEmbeddedParam packageName=com.transsion.phoenix processName=com.transsion.phoenix:service isEmbedded=false isIsolated=false
03-02 09:33:06.271 28435 28435 D ApplicationLoaders: Returning zygote-cached class loader: /system/framework/org.apache.http.legacy.jar
03-02 09:33:06.271 28435 28435 D ApplicationLoaders: Returning zygote-cached class loader: /system_ext/framework/androidx.window.extensions.jar
03-02 09:33:06.271 28435 28435 D ApplicationLoaders: Returning zygote-cached class loader: /system_ext/framework/androidx.window.sidecar.jar
03-02 09:33:06.272 28435 28435 D CompatChangeReporter: Compat change id reported: 202956589; UID 10304; state: ENABLED
03-02 09:33:06.283 28083 28252 D nativeloader: Load libgeller_jni_lib_split.so using class loader ns clns-7 (caller=/data/app/~~zxyH2ZASsHfTq5CoJVJtmQ==/com.google.android.googlequicksearchbox-_0C7rvbNeoG2PtSH0JbZFA==/base.apk!classes2.dex): dlopen failed: library "libgeller_jni_lib_split.so" not found
03-02 09:33:06.298 28083 28252 D nativeloader: Load /data/app/~~zxyH2ZASsHfTq5CoJVJtmQ==/com.google.android.googlequicksearchbox-_0C7rvbNeoG2PtSH0JbZFA==/base.apk!/lib/arm64-v8a/libgeller_jni_lib.so using class loader ns clns-7 (caller=/data/app/~~zxyH2ZASsHfTq5CoJVJtmQ==/com.google.android.googlequicksearchbox-_0C7rvbNeoG2PtSH0JbZFA==/base.apk!classes2.dex): ok
03-02 09:33:06.301 28083 28083 I brdz    : onPause
03-02 09:33:06.325 28083 28234 I csbw    : (REDACTED) Setting isLegacySQLite mode to %s.
03-02 09:33:06.359 28083 28254 I csbw    : (REDACTED) Setting isLegacySQLite mode to %s.
03-02 09:33:06.385 28083 28252 I csbw    : (REDACTED) Setting isLegacySQLite mode to %s.
03-02 09:33:06.397 28083 28249 I csbw    : (REDACTED) Setting isLegacySQLite mode to %s.
03-02 09:33:06.419  1201  1298 D AALLightSensor: oldLux=3 [SA:-1 LA:-1] newLux=4 (oriLux: 4)
03-02 09:33:06.419  1201  1298 D AALService: [CRTC_114] onALIChanged: 3 -> 4
03-02 09:33:06.420 28435 28435 W phoenix:service: Failed to find entry 'classes.dex': Entry not found
03-02 09:33:06.425  1621  1922 I SmartPower: com.milink.service:audio/10190(19603): background->idle(3002ms) R(broadcast start Intent { act=android.intent.action.PACKAGE_RESTARTED dat=package: flg=0x4000010 (has extras) }) adj=250.
03-02 09:33:06.425 28435 28435 D nativeloader: Configuring clns-7 for other apk /data/app/~~8pr16HvZDzwRyOt7doiwfQ==/com.transsion.phoenix-C0krKMd6aZso-35o5BqEUA==/base.apk:/data/app/~~8pr16HvZDzwRyOt7doiwfQ==/com.transsion.phoenix-C0krKMd6aZso-35o5BqEUA==/split_config.arm64_v8a.apk. target_sdk_version=35, uses_libraries=, library_path=/data/app/~~8pr16HvZDzwRyOt7doiwfQ==/com.transsion.phoenix-C0krKMd6aZso-35o5BqEUA==/lib/arm64:/data/app/~~8pr16HvZDzwRyOt7doiwfQ==/com.transsion.phoenix-C0krKMd6aZso-35o5BqEUA==/base.apk!/lib/arm64-v8a:/data/app/~~8pr16HvZDzwRyOt7doiwfQ==/com.transsion.phoenix-C0krKMd6aZso-35o5BqEUA==/split_config.arm64_v8a.apk!/lib/arm64-v8a, permitted_path=/data:/mnt/expand:/data/user/0/com.transsion.phoenix
03-02 09:33:06.431  1621  1918 E HyperSentinel: -------------------------------------------------------
03-02 09:33:06.432  1621  1918 E HyperSentinel: Event_ResidentSize
03-02 09:33:06.432  1621  1918 E HyperSentinel: -> audit event by proc 24287 "usap64": RSS increasement, peak 96080kb -> 147096kb
03-02 09:33:06.453  2363  2540 E SurfaceComposerClient: SurfaceComposerClient::Transaction::setAlpha: invalid alpha 1.000008, clamping
03-02 09:33:06.469  2363  2540 E SurfaceComposerClient: SurfaceComposerClient::Transaction::setAlpha: invalid alpha 1.000044, clamping
03-02 09:33:06.481 28435 28435 V GraphicsEnvironment: Currently set values for:
03-02 09:33:06.481 28435 28435 V GraphicsEnvironment:   angle_gl_driver_selection_pkgs=[]
03-02 09:33:06.482 28435 28435 V GraphicsEnvironment:   angle_gl_driver_selection_values=[]
03-02 09:33:06.482 28435 28435 V GraphicsEnvironment: Global.Settings values are invalid: number of packages: 0, number of values: 0
03-02 09:33:06.482 28435 28435 V GraphicsEnvironment: Neither updatable production driver nor prerelease driver is supported.
03-02 09:33:06.483  1621  1729 D AS.BtHelper: isBluetoothScoOn() mBluetoothHeadset is null: falsemBluetoothHeadsetDevice is null: true
03-02 09:33:06.483  1621  1729 V AS.AudioDeviceBroker: requestedCommunicationDevice: null mAudioModeOwner: AudioModeInfo: mMode=MODE_NORMAL, mPid=0, mUid=0
03-02 09:33:06.484  1621  1729 D AS.BtHelper: isBluetoothScoOn() mBluetoothHeadset is null: falsemBluetoothHeadsetDevice is null: true
03-02 09:33:06.484  1621  1729 V AS.AudioDeviceBroker: requestedCommunicationDevice: null mAudioModeOwner: AudioModeInfo: mMode=MODE_NORMAL, mPid=0, mUid=0
03-02 09:33:06.484 28435 28435 I ActivityThread: TrafficStats init done
03-02 09:33:06.485  1621  1729 I ClipboardServiceI: checkProviderWakePathForClipboard: primaryClip is null
03-02 09:33:06.486  2363  2540 E SurfaceComposerClient: SurfaceComposerClient::Transaction::setAlpha: invalid alpha 1.000064, clamping
03-02 09:33:06.487  2363  2540 E SurfaceComposerClient: SurfaceComposerClient::Transaction::setAlpha: invalid alpha 1.000064, clamping
03-02 09:33:06.488  2363  2477 D SoScUtils: monitorTransitionFinished transition:android.os.BinderProxy@eb45f90 transaction: android.view.SurfaceControl$Transaction@66e5f0 mRequestCloseTransition:null mRequestOpenTransition:null mRequestOpenTransitionWithSameTask size:0 mPairsOpenTransition:null mPairsOpenTransitionNull:null mRequestOpenTriggerTask:-1 mRequestCloseTriggerTask:-1 mOrientationTransition: null mMainStartingTask:-1 mSideStartingTask:-1
03-02 09:33:06.490 28435 28435 D ActivityThread: useGrowthLimitOutExpendMethod invoke error.
03-02 09:33:06.492  1621  1638 D WindowManager: Finish Transition (#10103): created at 03-02 09:33:05.741 collect-started=0.044ms request-sent=30.251ms started=61.621ms ready=162.039ms sent=171.01ms finished=750.187ms
03-02 09:33:06.495  1999  1999 D VRI[Launcher]: visibilityChanged oldVisibility=true newVisibility=false
03-02 09:33:06.495 11917 11917 D VRI[globalminusscreen]: visibilityChanged oldVisibility=true newVisibility=false
03-02 09:33:06.495 28083 28083 D VRI[LauncherMinusOneScreen]: visibilityChanged oldVisibility=true newVisibility=false
03-02 09:33:06.495  1621  1729 I Transition: finishTransition: updateLastSurfacePosition tf=Task{7b6c07f #37008 type=standard A=10337:com.softnation.Ojam}
03-02 09:33:06.497   921  1166 W VsyncModulator: setTransactionSchedule: Unexpected EarlyEnd
03-02 09:33:06.498  2363  2477 I RemoteTransitionHandlerStubImpl: invokeAndRemoveWctCB transition is null, curWctCB: null
03-02 09:33:06.498  1621  2655 D ForceDarkAppConfigProvider: cloudConfigVersion: -1   localConfigVersion:20250515
03-02 09:33:06.499  1621  2655 I UiModeManager: systemserver package:com.transsion.phoenix null
03-02 09:33:06.500 28435 28435 I ForceDarkHelperStubImpl: initialize for com.transsion.phoenix , ForceDarkAppConfig: null
03-02 09:33:06.501  1621  2834 W UserManagerService: Requested status bar icon for non-badged user 0
03-02 09:33:06.502  2061  2061 I MiuiWallpaper-ImageWallpaper: onVisibilityChanged, visible = false, ret=true
03-02 09:33:06.502  1621  1729 W UserManagerService: Requested status bar icon for non-badged user 0
03-02 09:33:06.504  2061  2061 I MiuiWallpaper-MiuiKeyguardPictorialWallpaper: onVisibilityChanged, visible = false, ret=true
03-02 09:33:06.507   921   921 I SurfaceFlinger: onHandleDestroyed: name=Transition Root #10103: Task=37008#132272, layerId=132272, parentId=0
03-02 09:33:06.510 28435 28435 D nativeloader: Load libforcedarkimpl.so using system ns (caller=/system_ext/framework/miui-framework.jar): ok
03-02 09:33:06.512 28435 28435 D HWUI    : JNI_OnLoad success
03-02 09:33:06.512  1621  1651 I ActivityTaskManager: visible for Task{7b6c07f #37008 type=standard A=10337:com.softnation.Ojam} visible = true isAnimating = false TRANSITION = false PARENTS = false CHILDREN = false
03-02 09:33:06.513 28435 28435 I MiuiForceDarkConfig: setConfig density:2.750000, mainRule:0, secondaryRule:0, tertiaryRule:0
03-02 09:33:06.513   921   921 I MI-SF   : surfaceflinger setAffinity mode=0
03-02 09:33:06.514   921   921 E MI-SF   : surfaceflinger setAffinity success
03-02 09:33:06.519  2363  2477 I MultiTaskingTaskRepository: needSkip: is home task
03-02 09:33:06.519  1621  1651 D MiuiRefreshRatePolicy: reset
03-02 09:33:06.523  1999  2756 D EventBus: No subscribers registered for event class com.miui.home.recents.messages.RecentTasksChangedEvent
03-02 09:33:06.523  1999  2756 D EventBus: No subscribers registered for event class org.greenrobot.eventbus.NoSubscriberEvent
03-02 09:33:06.524  1621  2834 I SmartPower: com.miui.home/10166(1999): visible->invisible(3173ms) R(become invisible) adj=0.
03-02 09:33:06.524  1621  2834 I SmartPower: com.miui.home/10166(1999): invisible->background(0ms) R(become background) adj=0.
03-02 09:33:06.526   921   921 I BufferQueueDebug: [Transition Root #10103: Task=37008#132272](this:0xb400007bceca2fd8,id:-1,api:0,p:-1,c:921) onDestructor()
03-02 09:33:06.526  1621  2834 D MiuiRefreshRatePolicy: reset
03-02 09:33:06.526   921   921 I SurfaceFlinger: onHandleDestroyed: name=b724b3 ActivityRecordInputSink com.miui.home/.launcher.Launcher#132259, layerId=132259, parentId=0
03-02 09:33:06.526  1999  2684 D RecentsModel: onTaskStackChangedBackground    MSG_TASK_STACK_CHANGE
03-02 09:33:06.527  1999  2684 D RecentsModel: boostTaskStackChangedThread once, tid=2684, recentResourceLoaderTid=2525
03-02 09:33:06.527  1999  2684 W MiBridge: Permission not granted !!
03-02 09:33:06.527  1999  2684 D Launcher.Boost: setDynamicVIPTaskIfNeeded::tid = 2684 duration = 500
03-02 09:33:06.529 28435 28435 I ActivityThread: Miui Feature Init done
03-02 09:33:06.530  1621  1729 I SmartPower: com.mi.globalminusscreen/10162(11917): visible->invisible(3661ms) R(become invisible) adj=0.
03-02 09:33:06.531  1621  1729 I SmartPower: com.mi.globalminusscreen/10162(11917): invisible->background(0ms) R(become background) adj=0.
03-02 09:33:06.531  1621  1922 I SmartPower: com.google.android.adservices.api/10261(5464): idle->background(613075ms) R(add to whitelist) adj=0.
03-02 09:33:06.531  1621  1922 I SmartPower: com.google.android.gms/10147(8942): idle->background(1049381ms) R(add to whitelist) adj=250.
03-02 09:33:06.531  1621  1922 I SmartPower: com.google.android.webview:sandboxed_process0:org.chromium.content.app.SandboxedPridle->background(1608805ms) R(add to whitelist) adj=0.
03-02 09:33:06.531  1621  1729 D MiuiRefreshRatePolicy: reset
03-02 09:33:06.532 28083 28083 D BLASTBufferQueue: [VRI[LauncherMinusOneScreen]#0](f:0,a:3) destructor()
03-02 09:33:06.532   921  1166 I BpBinder: onLastStrongRef automatically unlinking death recipients: 
03-02 09:33:06.534  1621  4289 D MiuiRefreshRatePolicy: reset
03-02 09:33:06.534 28083 28083 D BufferQueueConsumer: [VRI[LauncherMinusOneScreen]#0(BLAST Consumer)0](id:6db300000000,api:0,p:-1,c:28083) disconnect
03-02 09:33:06.535   849  1423 W hwcomposer: [DRMDEV] paramIsSame(), id 34469, w 1080/1080, h 2460/2460, pitch 1088/1088, format 0x1/0x2, secure 0/0  
03-02 09:33:06.537  1999  1999 D BLASTBufferQueue: [VRI[Launcher]#1178](f:0,a:3) destructor()
03-02 09:33:06.537   921  1587 I BpBinder: onLastStrongRef automatically unlinking death recipients: 
03-02 09:33:06.537 11917 11917 D BLASTBufferQueue: [VRI[globalminusscreen]#19](f:0,a:1) destructor()
03-02 09:33:06.538   921  1166 I BpBinder: onLastStrongRef automatically unlinking death recipients: 
03-02 09:33:06.538  1621  2200 I ATMSImpl: cacheTasksForDefaultDisplay size=4
03-02 09:33:06.538  1999  1999 D BufferQueueConsumer: [VRI[Launcher]#1178(BLAST Consumer)1178](id:7cf00000562,api:0,p:-1,c:1999) disconnect
03-02 09:33:06.541 11917 11917 D BufferQueueConsumer: [VRI[globalminusscreen]#19(BLAST Consumer)19](id:2e8d00000013,api:0,p:-1,c:11917) disconnect
03-02 09:33:06.541   921   921 I BufferQueueDebug: [b724b3 ActivityRecordInputSink com.miui.home/.launcher.Launcher#132259](this:0xb400007bceccdb48,id:-1,api:0,p:-1,c:921) onDestructor()
03-02 09:33:06.546  1621  2665 I ATMSImpl: cacheTasksForDefaultDisplay size=4
03-02 09:33:06.547  1621  1651 I ActivityTaskManager: visible for Task{7b6c07f #37008 type=standard A=10337:com.softnation.Ojam} visible = true isAnimating = false TRANSITION = false PARENTS = false CHILDREN = false
03-02 09:33:06.550  1999  2684 D RecentsModel: getRunningTask ignoreActivityType : 2 ,ignoreWindowMode:5
03-02 09:33:06.550  1999  2684 W RecentsModel: getRunningTask   taskInfo=TaskInfo{userId=0 taskId=37008 displayId=0 isRunning=true baseIntent=Intent { act=android.intent.action.MAIN cat=[android.intent.category.LAUNCHER] flg=0x10200000 cmp=com.softnation.Ojam/.MainActivity } baseActivity=ComponentInfo{com.softnation.Ojam/com.softnation.Ojam.MainActivity} topActivity=ComponentInfo{com.softnation.Ojam/com.softnation.Ojam.MainActivity} origActivity=null realActivity=ComponentInfo{com.softnation.Ojam/com.softnation.Ojam.MainActivity} numActivities=1 lastActiveTime=1023345965 supportsSplitScreenMultiWindow=true supportsMultiWindow=true resizeMode=1 isResizeable=true minWidth=-1 minHeight=-1 defaultMinSize=200 token=WCT{android.window.IWindowContainerToken$Stub$Proxy@2b09808} topActivityType=1 pictureInPictureParams=null shouldDockBigOverlays=false launchIntoPipHostTaskId=-1 lastParentTaskIdBeforePip=-1 displayCutoutSafeInsets=null topActivityInfo=ActivityInfo{1b35ba1 com.softnation.Ojam.MainActivity} launchCookies=[] positionInParent=Point(0, 0) parentTaskId=-1 isFocused=false isVisible=true isVisibleRequested=true isSleeping=false locusId=null displayAreaFeatureId=1 isTopActivityTransparent=false appCompatTaskInfo=AppCompatTaskInfo { topActivityInSizeCompat=false topActivityEligibleForLetterboxEducation= falseisLetterboxEducationEnabled= false isLetterboxDoubleTapEnabled= false topActivityEligibleForUserAspectRatioButton= false topActivityBoundsLetterboxed= false isFromLetterboxDoubleTap= false topActivityLetterboxVerticalPosition= -1 topActivityLetterboxHorizontalPosition= -1 topActivityLetterboxWidth=1080 topActivityLetterboxHeight=2460 isUserFullscreenOverrideEnabled=false isSystemFullscreenOverrideEnabled=false cameraCompatTaskInfo=CameraCompatTaskInfo { cameraCompatControlState=hidden freeformCameraCompatMode=inactive}} isImmersive=false mTopActivityRequestOrientation=1 mBehindAppLockPkg=null mOriginatingUid=0 isEmbedded=false shouldBeVisible=true mIsCastMode=false mTopActivityMediaSize=null mTopActivityRecordName=ActivityRecord{7a3f523 u0 com.softnation.Ojam/.MainActivity t37008} mTopActivityOrientation=1}
03-02 09:33:06.551  1999  2684 D RecentsModel: preloadRecents runningTaskId:37008, mCurrentRunningTaskId:-1, mRecentsTaskLoadPlan=com.android.systemui.shared.recents.model.RecentsTaskLoadPlan@ecf41c6
03-02 09:33:06.551  1621  1651 D MiuiRefreshRatePolicy: reset
03-02 09:33:06.554  1999  2684 E ActivityManagerWrapper: get all recent tasks force including 37008
03-02 09:33:06.556  1621  1651 I ActivityTaskManager: visible for Task{7b6c07f #37008 type=standard A=10337:com.softnation.Ojam} visible = true isAnimating = false TRANSITION = false PARENTS = false CHILDREN = false
03-02 09:33:06.562  1999  2684 E ActivityManagerWrapper: getRecentTasksForceIncludingTaskIdIfValid: getRecentTasks: size=3
03-02 09:33:06.562  1999  2684 E ActivityManagerWrapper:  mainTaskId=37008   userId=0   windowMode=1   baseIntent=Intent { act=android.intent.action.MAIN flag=270532608 cmp=ComponentInfo{com.softnation.Ojam/com.softnation.Ojam.MainActivity} }
03-02 09:33:06.562  1999  2684 E ActivityManagerWrapper:  mainTaskId=37006   userId=0   windowMode=1   baseIntent=Intent { act=null flag=268435456 cmp=ComponentInfo{com.whatsapp/com.whatsapp.home.ui.HomeActivity} }
03-02 09:33:06.562  1999  2684 E ActivityManagerWrapper:  mainTaskId=36980   userId=0   windowMode=1   baseIntent=Intent { act=android.intent.action.MAIN flag=270532608 cmp=ComponentInfo{com.twitter.android/com.twitter.android.StartActivity} }
03-02 09:33:06.573  1999  2684 D TaskSnapshotCompatVV: getIsInvalidateFromTaskSnapshot, return, mTaskSnapshot=null, mTaskSnapshotClazz=null
03-02 09:33:06.587 28113 28202 W BpBinder: Slow Binder: BpBinder transact took 698 ms, interface=android.content.IContentProvider, code=1 oneway=false
03-02 09:33:06.606   921   921 I BufferQueueProducer: [NavigationBar0#101619](this:0xb400007bced454e8,id:-1,api:0,p:-1,c:921) queueBuffer: fps=4.37 dur=3434.92 max=3202.24 min=14.33
03-02 09:33:06.743 18562 18789 D BluetoothDevice: getAddress: mAddress=XX:XX:XX:XX:6B:24
03-02 09:33:06.743 18562 18789 D BluetoothDevice: getAddress: mAddress=XX:XX:XX:XX:6B:24
03-02 09:33:06.744 18562 18789 D BluetoothDevice: getAddress: mAddress=XX:XX:XX:XX:6B:24
03-02 09:33:06.828  1621  2200 I ClipboardServiceI: checkProviderWakePathForClipboard: primaryClip is null
03-02 09:33:06.832 28113 28141 W .apps.nbu.files: userfaultfd: MOVE ioctl seems unsupported: Connection timed out
03-02 09:33:06.841 28435 28464 W phoenix:service: ClassLoaderContext classpath size mismatch. expected=1, found=0 (DLC[];PCL[base.apk*1150104373]{PCL[/system/framework/org.apache.http.legacy.jar*4025584831]#PCL[/system/framework/com.android.location.provider.jar*3414091812]#PCL[/system/framework/com.android.media.remotedisplay.jar*2042759013]#PCL[/system_ext/framework/androidx.window.extensions.jar*3622430006]#PCL[/system_ext/framework/androidx.window.sidecar.jar*2958050178]} | DLC[];PCL[])
03-02 09:33:06.858  1621  2200 D CompatChangeReporter: Compat change id reported: 319471980; UID 10304; state: ENABLED
03-02 09:33:06.859 28435 28465 D AppOpsManager: Noted app header size: 36
03-02 09:33:06.867 28435 28464 W System  : ClassLoader referenced unknown path: 
03-02 09:33:06.867 28435 28464 D nativeloader: Configuring clns-8 for other apk . target_sdk_version=36, uses_libraries=, library_path=/data/app/~~PNgoFDHBmGdMmQt2moPCLQ==/com.google.android.gms-wSL8VlioUsna9-KnDrZN3A==/lib/arm64:/data/app/~~PNgoFDHBmGdMmQt2moPCLQ==/com.google.android.gms-wSL8VlioUsna9-KnDrZN3A==/base.apk!/lib/arm64-v8a, permitted_path=/data:/mnt/expand:/data/user/0/com.google.android.gms
03-02 09:33:06.880 28435 28464 W phoenix:service: ClassLoaderContext classpath element checksum mismatch. expected=1150104373, found=3691308901 (DLC[];PCL[base.apk*1150104373]{PCL[/system/framework/org.apache.http.legacy.jar*4025584831]#PCL[/system/framework/com.android.location.provider.jar*3414091812]#PCL[/system/framework/com.android.media.remotedisplay.jar*2042759013]#PCL[/system_ext/framework/androidx.window.extensions.jar*3622430006]#PCL[/system_ext/framework/androidx.window.sidecar.jar*2958050178]} | DLC[];PCL[/data/app/~~8pr16HvZDzwRyOt7doiwfQ==/com.transsion.phoenix-C0krKMd6aZso-35o5BqEUA==/base.apk*3691308901]{PCL[/system/framework/org.apache.http.legacy.jar*4025584831]#PCL[/system_ext/framework/androidx.window.extensions.jar*3622430006]#PCL[/system_ext/framework/androidx.window.sidecar.jar*2958050178]})
03-02 09:33:06.881  1621  1842 I MiuiNetworkPolicy: updateUidState uid = 10304, uidState = 8
03-02 09:33:06.881 28113 28141 I .apps.nbu.files: Background concurrent mark compact GC freed 46MB AllocSpace bytes, 14(280KB) LOS objects, 77% free, 6979KB/30MB, paused 2.523ms,3.551ms total 127.749ms
03-02 09:33:06.895  1621  4289 I whetstone.activity: Power Event callback listener is empty for resId=256
03-02 09:33:06.895  1621  4289 D BatteryStatsManagerStub: notifyEvent for resId=256 used 0ms
03-02 09:33:06.897  1621  4289 D CompatChangeReporter: Compat change id reported: 311208629; UID 10304; state: ENABLED
03-02 09:33:06.901  1621  1842 I MiuiNetworkPolicy: updateUidState uid = 10304, uidState = 10
03-02 09:33:06.916  1621  1842 I MiuiNetworkPolicy: updateUidState uid = 10304, uidState = 19
03-02 09:33:06.924   849   849 I hwcomposer: [HWCDisplay] (0 updateFps():3667), (type:1, mode:2) fps:57.176952,dur:1014.39,max:63.52,min:11.07  
03-02 09:33:06.933  1621  1922 I SmartPower: com.google.android.apps.nbu.files/10308(28113): background->idle(3737ms) R(service end com.google.android.apps.nbu.files/androidx.work.impl.background.systemjob.SystemJobService) adj=250.
03-02 09:33:06.935 28435 28492 D nativeloader: Load /data/app/~~8pr16HvZDzwRyOt7doiwfQ==/com.transsion.phoenix-C0krKMd6aZso-35o5BqEUA==/split_config.arm64_v8a.apk!/lib/arm64-v8a/libmmkv.so using class loader ns clns-7 (caller=/data/app/~~8pr16HvZDzwRyOt7doiwfQ==/com.transsion.phoenix-C0krKMd6aZso-35o5BqEUA==/base.apk!classes2.dex): ok
03-02 09:33:06.968 27809 28319 I PhenotypeResourceReader: unable to find any Phenotype resource metadata for com.transsion.phoenix
03-02 09:33:06.975 28435 28492 D nativeloader: Load /data/app/~~8pr16HvZDzwRyOt7doiwfQ==/com.transsion.phoenix-C0krKMd6aZso-35o5BqEUA==/split_config.arm64_v8a.apk!/lib/arm64-v8a/libcv_analytics.so using class loader ns clns-7 (caller=/data/app/~~8pr16HvZDzwRyOt7doiwfQ==/com.transsion.phoenix-C0krKMd6aZso-35o5BqEUA==/base.apk!classes2.dex): ok
03-02 09:33:06.996  1621  4289 D ConnectivityService: requestNetwork for uid/pid:10304/28435 activeRequest: null callbackRequest: 241319 [NetworkRequest [ REQUEST id=241320, [ Capabilities: INTERNET&NOT_RESTRICTED&TRUSTED&NOT_VCN_MANAGED&NOT_BANDWIDTH_CONSTRAINED Uid: 10304 RequestorUid: 10304 RequestorPkg: com.transsion.phoenix UnderlyingNetworks: Null] ]] callback flags: 0 order: 2147483647 isUidTracked: false declaredMethods: AVAIL|LOST|NC|LP
03-02 09:33:06.998  1621  4289 D PackageManager: set app component=ComponentInfo{com.transsion.phoenix/com.cloudview.daemon.way.account.AccountProvider} enabled state: 0 from com.transsion.phoenix,uid=10304,pid=28435
03-02 09:33:06.999  1621  1843 D WifiNetworkFactory: got request NetworkRequest [ REQUEST id=241320, [ Capabilities: INTERNET&NOT_RESTRICTED&TRUSTED&NOT_VCN_MANAGED&NOT_BANDWIDTH_CONSTRAINED Uid: 10304 RequestorUid: 10304 RequestorPkg: com.transsion.phoenix UnderlyingNetworks: Null] ]
03-02 09:33:06.999  1621  2200 D PackageManager: set app component=ComponentInfo{com.transsion.phoenix/com.cloudview.daemon.way.account.AuthenticatorService} enabled state: 0 from com.transsion.phoenix,uid=10304,pid=28435
03-02 09:33:06.999  1621  1843 D UntrustedWifiNetworkFactory: got request NetworkRequest [ REQUEST id=241320, [ Capabilities: INTERNET&NOT_RESTRICTED&TRUSTED&NOT_VCN_MANAGED&NOT_BANDWIDTH_CONSTRAINED Uid: 10304 RequestorUid: 10304 RequestorPkg: com.transsion.phoenix UnderlyingNetworks: Null] ]
03-02 09:33:06.999  1621  1918 E HyperSentinel: -------------------------------------------------------
03-02 09:33:06.999  1621  1918 E HyperSentinel: Event_OpenFileFDSize
03-02 09:33:06.999  1621  1918 E HyperSentinel: -> audit event by proc 2363 "com.android.systemui": Fd increasement, peak, 1065 -> 728
03-02 09:33:07.000  1621  1843 D OemPaidWifiNetworkFactory: got request NetworkRequest [ REQUEST id=241320, [ Capabilities: INTERNET&NOT_RESTRICTED&TRUSTED&NOT_VCN_MANAGED&NOT_BANDWIDTH_CONSTRAINED Uid: 10304 RequestorUid: 10304 RequestorPkg: com.transsion.phoenix UnderlyingNetworks: Null] ]
03-02 09:33:07.000  1621  1917 D MiuiSentinelService: begin judgment FdAmountLeakException
03-02 09:33:07.000  1621  2200 D PackageManager: set app component=ComponentInfo{com.transsion.phoenix/com.cloudview.daemon.way.account.SyncService} enabled state: 0 from com.transsion.phoenix,uid=10304,pid=28435
03-02 09:33:07.000  1621  1843 D MultiInternetWifiNetworkFactory: got request NetworkRequest [ REQUEST id=241320, [ Capabilities: INTERNET&NOT_RESTRICTED&TRUSTED&NOT_VCN_MANAGED&NOT_BANDWIDTH_CONSTRAINED Uid: 10304 RequestorUid: 10304 RequestorPkg: com.transsion.phoenix UnderlyingNetworks: Null] ]
03-02 09:33:07.000  1621  4289 I ClipboardServiceI: checkProviderWakePathForClipboard: primaryClip is null
03-02 09:33:07.001  1621  1856 D ConnectivityService: NetReassign [241320 : null ΓåÆ 255] [c 0] [a 0] [i 3]
03-02 09:33:07.001  1621  2665 V AccountManagerService: addAccountExplicitly: caller's uid=10304, pid=28435, packageName=com.transsion.phoenix, accountType=com.transsion.phoenix.account.type
03-02 09:33:07.002  1621  4289 V GrammaticalInflectionUtils: AttributionSource: android.content.AttributionSource@e142506c does not have READ_SYSTEM_GRAMMATICAL_GENDER permission.
03-02 09:33:07.003  1621  2665 W AccountManagerService: insertAccountIntoDatabase: Account {name=xxxxxxx, type=com.transsion.phoenix.account.type}, skipping since the account already exists
03-02 09:33:07.006  1621  4289 D PackageManager: set app component=ComponentInfo{com.transsion.phoenix/com.cloudview.daemon.way.broadcast.DaemonBroadCastReceiver} enabled state: 0 from com.transsion.phoenix,uid=10304,pid=28435
03-02 09:33:07.006  2350  2350 W Settings: Setting airplane_mode_on has moved from android.provider.Settings.System to android.provider.Settings.Global, returning read-only value.
03-02 09:33:07.008  1621  4289 W ActivityManager: Background start not allowed: service Intent { cmp=com.transsion.phoenix/com.cloudview.daemon.way.service.DaemonServiceA } to com.transsion.phoenix/com.cloudview.daemon.way.service.DaemonServiceA from pid=28435 uid=10304 pkg=com.transsion.phoenix startFg?=false
03-02 09:33:07.011  2350  2350 W Settings: Setting airplane_mode_on has moved from android.provider.Settings.System to android.provider.Settings.Global, returning read-only value.
03-02 09:33:07.018  2350 29580 D NetworkSpeedTracker: updateSignalInfo lteRsrp=-70lteSnr=16,phoneId=1
03-02 09:33:07.023   835   835 D Zygote  : Forked child process 28507
03-02 09:33:07.024  2350 29580 D NetworkSpeedTracker: updateSignalInfo lteRsrp=-70lteSnr=16,phoneId=1
03-02 09:33:07.028  1621  1667 I ActivityManager: Start proc 28507:com.transsion.phoenix/u0a304 for content provider {com.transsion.phoenix/com.cloudview.ipc.common.IPCMainProvider} caller=com.transsion.phoenix
03-02 09:33:07.031 28435 28494 E phoenix:service: No package ID 6b found for resource ID 0x6b0b0013.
03-02 09:33:07.032 28507 28507 E Zygote  : process_name_ptr:28507 com.transsion.phoenix
03-02 09:33:07.033 28507 28507 E Zygote  : SetMemoryProtected process_name_ptr:28507 com.transsion.phoenix
03-02 09:33:07.035 28435 28494 I FA      : App measurement initialized, version: 155007
03-02 09:33:07.035 28435 28494 I FA      : To enable debug logging run: adb shell setprop log.tag.FA VERBOSE
03-02 09:33:07.035 28435 28494 I FA      : To enable faster debug mode event logging run:
03-02 09:33:07.035 28435 28494 I FA      :   adb shell setprop debug.firebase.analytics.app com.transsion.phoenix
03-02 09:33:07.043  1167  1167 I thermal_repeater: [recvMdThermalInfo] ret=26, strLen=127,  3, 36, -22, 196, 32767, 0
03-02 09:33:07.045 28507 28507 I anssion.phoenix: Using CollectorTypeCMC GC.
03-02 09:33:07.053  7123  7128 I adbd    : jdwp connection from 28507
03-02 09:33:07.058 28507 28507 D nativeloader: Load libframework-connectivity-tiramisu-jni.so using APEX ns com_android_tethering for caller /apex/com.android.tethering/javalib/framework-connectivity-t.jar: ok
03-02 09:33:07.065 28507 28507 I MessageMonitor: Load libmiui_runtime
03-02 09:33:07.070  1621  4289 D SymlinkUtils: attachApplication file op go pass: 0 ms
03-02 09:33:07.072  1621  4289 I SmartPower: com.transsion.phoenix/10304(28507): died->background(842844ms) R(process start ) adj=-10000.
03-02 09:33:07.079 28507 28525 D MiuiDownscaleImpl: set override inverted scale : 1.0
03-02 09:33:07.082 28507 28507 I JavaheapMonitor: Disabled. Process name: <pre-initialized>
03-02 09:33:07.082 28507 28507 D MiuiMonitorThread: Shared singleton Thread for stability monitor start
03-02 09:33:07.095 28507 28507 D ActivityThread: setEmbeddedParam packageName=com.transsion.phoenix processName=com.transsion.phoenix isEmbedded=false isIsolated=false
03-02 09:33:07.096  8942 27986 D AdvertisingIdClient: AdvertisingIdClient already created.
03-02 09:33:07.097 28507 28507 D ApplicationLoaders: Returning zygote-cached class loader: /system/framework/org.apache.http.legacy.jar
03-02 09:33:07.097 28507 28507 D ApplicationLoaders: Returning zygote-cached class loader: /system_ext/framework/androidx.window.extensions.jar
03-02 09:33:07.097 28507 28507 D ApplicationLoaders: Returning zygote-cached class loader: /system_ext/framework/androidx.window.sidecar.jar
03-02 09:33:07.098 28507 28507 D CompatChangeReporter: Compat change id reported: 202956589; UID 10304; state: ENABLED
03-02 09:33:07.099   433   433 I lowmemorykiller: Kill 'com.facebook.system' (23078), uid 10105, oom_score_adj 955 to free 89284kB rss, 43636kB swap; reason: cw
03-02 09:33:07.104  8942 27986 I AdvertisingIdClient: shouldSendLog 1022124131
03-02 09:33:07.105  8942 27986 I AdvertisingIdClient: GetInfoInternal elapse 8ms
03-02 09:33:07.106   433   456 E lowmemorykiller: process_mrelease 23078 failed: No such process
03-02 09:33:07.130 28507 28507 W anssion.phoenix: Failed to find entry 'classes.dex': Entry not found
03-02 09:33:07.131 28507 28507 D nativeloader: Configuring clns-7 for other apk /data/app/~~8pr16HvZDzwRyOt7doiwfQ==/com.transsion.phoenix-C0krKMd6aZso-35o5BqEUA==/base.apk:/data/app/~~8pr16HvZDzwRyOt7doiwfQ==/com.transsion.phoenix-C0krKMd6aZso-35o5BqEUA==/split_config.arm64_v8a.apk. target_sdk_version=35, uses_libraries=, library_path=/data/app/~~8pr16HvZDzwRyOt7doiwfQ==/com.transsion.phoenix-C0krKMd6aZso-35o5BqEUA==/lib/arm64:/data/app/~~8pr16HvZDzwRyOt7doiwfQ==/com.transsion.phoenix-C0krKMd6aZso-35o5BqEUA==/base.apk!/lib/arm64-v8a:/data/app/~~8pr16HvZDzwRyOt7doiwfQ==/com.transsion.phoenix-C0krKMd6aZso-35o5BqEUA==/split_config.arm64_v8a.apk!/lib/arm64-v8a, permitted_path=/data:/mnt/expand:/data/user/0/com.transsion.phoenix
03-02 09:33:07.138  1621  4289 I ActivityManager: Process com.facebook.system (pid 23078) has died: cch+55 CEM 
03-02 09:33:07.139  1621  1907 E ProcessManager: error write exception log
03-02 09:33:07.142  1621  1638 D DisplayManagerService: Drop pending events for gone uid 10105
03-02 09:33:07.143  1621  4289 I mtkpower_client: [PowerHal_Wrap_notifyAppState] com.facebook.system/com.facebook.system pid=23078 activityId:23078 state:3
03-02 09:33:07.143   835   835 I Zygote  : Process 23078 exited due to signal 9 (Killed)
03-02 09:33:07.143   861   861 I vendor.mediatek.hardware.mtkpower_applist-service.mediatek: packName: com.facebook.system actName: com.facebook.system pid: 23078 activityId: 23078 uid: 10105 state: 3
03-02 09:33:07.143   861   861 I MTK_APPList: [notifyAPPstate] com.facebook.system/com.facebook.system, pid=23078, activityId=23078, uid=10105, state:DEAD, fps:-1, win:0
03-02 09:33:07.143   861   861 I MTK_APPList: [notifyAPPstate] multi_resumed_app_count: 1
03-02 09:33:07.144   861   861 I MTK_APPList: [notifyAPPstate] multi_resumed_app_info[0] com.android.systemui/com.android.systemui._190038181, pid:2363, activityId:-1, fps:-1, isMultiWindow:0
03-02 09:33:07.144   861   861 I MTK_APPList: [getForegroundAPPCount] 1
03-02 09:33:07.144   861   861 I MTK_APPList: [notifyAPPstate] pack:com.facebook.system, pid:23078, STATE_DEAD
03-02 09:33:07.144   861   861 I MTK_APPList: [notifyNetdUID] 10166
03-02 09:33:07.144   433   433 I lowmemorykiller: Kill 'com.android.settings' (27615), uid 1000, oom_score_adj 945 to free 172268kB rss, 39016kB swap; reason: cw
03-02 09:33:07.144  6515  9356 D UidObserver: onUidGone entry uid = 10105
03-02 09:33:07.146   861   861 I MTK_APPList: [notifyPID] 1999
03-02 09:33:07.146   863   958 I libPowerHal: [perfSetSysInfo] pid type:24, 1999
03-02 09:33:07.147  6027  3111 I MIUISafety-Monitor: onUid 10105 gone
03-02 09:33:07.147  1621  1842 I MiuiNetworkPolicy: removeUidState uid = 10105
03-02 09:33:07.148 28507 28507 V GraphicsEnvironment: Currently set values for:
03-02 09:33:07.149 28507 28507 V GraphicsEnvironment:   angle_gl_driver_selection_pkgs=[]
03-02 09:33:07.149 28507 28507 V GraphicsEnvironment:   angle_gl_driver_selection_values=[]
03-02 09:33:07.149 28507 28507 V GraphicsEnvironment: Global.Settings values are invalid: number of packages: 0, number of values: 0
03-02 09:33:07.149 28507 28507 V GraphicsEnvironment: Neither updatable production driver nor prerelease driver is supported.
03-02 09:33:07.151 28507 28507 I ActivityThread: TrafficStats init done
03-02 09:33:07.151  1621  1668 I libprocessgroup: Removed cgroup /sys/fs/cgroup/uid_10105/pid_23078
03-02 09:33:07.152  1621  2665 I ClipboardServiceI: checkProviderWakePathForClipboard: primaryClip is null
03-02 09:33:07.157 28507 28507 D ActivityThread: useGrowthLimitOutExpendMethod invoke error.
03-02 09:33:07.161  1621  2200 D ForceDarkAppConfigProvider: cloudConfigVersion: -1   localConfigVersion:20250515
03-02 09:33:07.161  1621  2200 I UiModeManager: systemserver package:com.transsion.phoenix null
03-02 09:33:07.161   861   947 I libPerfCtl: xgfGetFPS pid:921 fps:-1
03-02 09:33:07.162 28507 28507 I ForceDarkHelperStubImpl: initialize for com.transsion.phoenix , ForceDarkAppConfig: null
03-02 09:33:07.162   861   947 I libPerfCtl: xgfGetFPS pid:2363 fps:-1
03-02 09:33:07.162   861   947 I libPerfCtl: xgfGetFPS pid:28083 fps:-1
03-02 09:33:07.170 28507 28507 D nativeloader: Load libforcedarkimpl.so using system ns (caller=/system_ext/framework/miui-framework.jar): ok
03-02 09:33:07.170 28507 28507 D HWUI    : JNI_OnLoad success
03-02 09:33:07.171 28507 28507 I MiuiForceDarkConfig: setConfig density:2.750000, mainRule:0, secondaryRule:0, tertiaryRule:0
03-02 09:33:07.178  1621  2655 I ActivityManager: Process com.android.settings (pid 27615) has died: cch+45 CEM 
03-02 09:33:07.179  1621  1668 I libprocessgroup: Removed cgroup /sys/fs/cgroup/uid_1000/pid_27615
03-02 09:33:07.180   433   433 I lowmemorykiller: Kill 'com.google.android.apps.wellbeing' (27310), uid 10156, oom_score_adj 945 to free 197612kB rss, 36956kB swap; reason: cw
03-02 09:33:07.180  1621  1907 E ProcessManager: error write exception log
03-02 09:33:07.181 28507 28507 I ActivityThread: Miui Feature Init done
03-02 09:33:07.181   835   835 I Zygote  : Process 27615 exited due to signal 9 (Killed)
03-02 09:33:07.181  1621  2655 I mtkpower_client: [PowerHal_Wrap_notifyAppState] com.android.settings/com.android.settings pid=27615 activityId:27615 state:3
03-02 09:33:07.182   861   861 I vendor.mediatek.hardware.mtkpower_applist-service.mediatek: packName: com.android.settings actName: com.android.settings pid: 27615 activityId: 27615 uid: 1000 state: 3
03-02 09:33:07.182   861   861 I MTK_APPList: [notifyAPPstate] com.android.settings/com.android.settings, pid=27615, activityId=27615, uid=1000, state:DEAD, fps:-1, win:0
03-02 09:33:07.182   861   861 I MTK_APPList: [notifyAPPstate] multi_resumed_app_count: 1
03-02 09:33:07.182   861   861 I MTK_APPList: [notifyAPPstate] multi_resumed_app_info[0] com.android.systemui/com.android.systemui._190038181, pid:2363, activityId:-1, fps:-1, isMultiWindow:0
03-02 09:33:07.182   861   861 I MTK_APPList: [getForegroundAPPCount] 1
03-02 09:33:07.182  1621  1918 E HyperSentinel: -------------------------------------------------------
03-02 09:33:07.182   861   861 I MTK_APPList: [notifyAPPstate] pack:com.android.settings, pid:27615, STATE_DEAD
03-02 09:33:07.182   861   861 I MTK_APPList: [notifyNetdUID] 10166
03-02 09:33:07.182  1621  1918 E HyperSentinel: Event_ThreadAmount
03-02 09:33:07.182  1621  1918 E HyperSentinel: -> audit event by proc 28113 "com.google.android.apps.nbu.files": running threads amount, 0 -> 45
03-02 09:33:07.183   861   861 I MTK_APPList: [notifyPID] 1999
03-02 09:33:07.184   863   958 I libPowerHal: [perfSetSysInfo] pid type:24, 1999
03-02 09:33:07.184  1621  2655 I whetstone.activity: Power Event callback listener is empty for resId=256
03-02 09:33:07.185  1621  2655 D BatteryStatsManagerStub: notifyEvent for resId=256 used 0ms
03-02 09:33:07.185   433   456 E lowmemorykiller: process_mrelease 27310 failed: No such process
03-02 09:33:07.190  1621  2655 W JobScheduler: Job didn't exist in JobStore: 
03-02 09:33:07.192  1621  1842 I MiuiNetworkPolicy: updateUidState uid = 10308, uidState = 10
03-02 09:33:07.196  1621  1842 I MiuiNetworkPolicy: updateUidState uid = 10308, uidState = 19
03-02 09:33:07.209 24287 24287 D nativeloader: Configuring clns-7 for other apk /data/app/~~Bh61wenJZi6JNVEuOkVQfQ==/com.softnation.Ojam-nnCVAdHxKfOmup5FCuBDYQ==/base.apk. target_sdk_version=36, uses_libraries=, library_path=/data/app/~~Bh61wenJZi6JNVEuOkVQfQ==/com.softnation.Ojam-nnCVAdHxKfOmup5FCuBDYQ==/lib/arm64:/data/app/~~Bh61wenJZi6JNVEuOkVQfQ==/com.softnation.Ojam-nnCVAdHxKfOmup5FCuBDYQ==/base.apk!/lib/arm64-v8a, permitted_path=/data:/mnt/expand:/data/user/0/com.softnation.Ojam
03-02 09:33:07.231  1621  2740 I ActivityManager: Process com.google.android.apps.wellbeing (pid 27310) has died: cch+45 CEM 
03-02 09:33:07.234   835   835 I Zygote  : Process 27310 exited due to signal 9 (Killed)
03-02 09:33:07.234  1621  1907 E ProcessManager: error write exception log
03-02 09:33:07.235   921  1500 D SurfaceFlinger: [SF client] REMOVE (0xb400007caea45850) for (1621:system_server)
03-02 09:33:07.236  1621  1668 I libprocessgroup: Removed cgroup /sys/fs/cgroup/uid_10156/pid_27310
03-02 09:33:07.237  1621  2740 I mtkpower_client: [PowerHal_Wrap_notifyAppState] com.google.android.apps.wellbeing/com.google.android.apps.wellbeing pid=27310 activityId:27310 state:3
03-02 09:33:07.237   861   861 I vendor.mediatek.hardware.mtkpower_applist-service.mediatek: packName: com.google.android.apps.wellbeing actName: com.google.android.apps.wellbeing pid: 27310 activityId: 27310 uid: 10156 state: 3
03-02 09:33:07.237   861   861 I MTK_APPList: [notifyAPPstate] com.google.android.apps.wellbeing/com.google.android.apps.wellbeing, pid=27310, activityId=27310, uid=10156, state:DEAD, fps:-1, win:0
03-02 09:33:07.237   861   861 I MTK_APPList: [notifyAPPstate] multi_resumed_app_count: 1
03-02 09:33:07.237   861   861 I MTK_APPList: [notifyAPPstate] multi_resumed_app_info[0] com.android.systemui/com.android.systemui._190038181, pid:2363, activityId:-1, fps:-1, isMultiWindow:0
03-02 09:33:07.237   861   861 I MTK_APPList: [getForegroundAPPCount] 1
03-02 09:33:07.237   861   861 I MTK_APPList: [notifyAPPstate] pack:com.google.android.apps.wellbeing, pid:27310, STATE_DEAD
03-02 09:33:07.237  6515  9356 D UidObserver: onUidGone entry uid = 10156
03-02 09:33:07.237   861   861 I MTK_APPList: [notifyNetdUID] 10166
03-02 09:33:07.238   861   861 I MTK_APPList: [notifyPID] 1999
03-02 09:33:07.239  6027  3111 I MIUISafety-Monitor: onUid 10156 gone
03-02 09:33:07.239  1621  1842 I MiuiNetworkPolicy: removeUidState uid = 10156
03-02 09:33:07.239   863   958 I libPowerHal: [perfSetSysInfo] pid type:24, 1999
03-02 09:33:07.240  1621  1638 D DisplayManagerService: Drop pending events for gone uid 10156
03-02 09:33:07.240 24287 24287 V GraphicsEnvironment: Currently set values for:
03-02 09:33:07.240 24287 24287 V GraphicsEnvironment:   angle_gl_driver_selection_pkgs=[]
03-02 09:33:07.240 24287 24287 V GraphicsEnvironment:   angle_gl_driver_selection_values=[]
03-02 09:33:07.240 24287 24287 V GraphicsEnvironment: Global.Settings values are invalid: number of packages: 0, number of values: 0
03-02 09:33:07.240 24287 24287 V GraphicsEnvironment: Neither updatable production driver nor prerelease driver is supported.
03-02 09:33:07.241  1621  1650 W ActivityManager: setHasOverlayUi called on unknown pid: 27310
03-02 09:33:07.244 24287 24287 I ActivityThread: TrafficStats init done
03-02 09:33:07.244  2350  2350 W Settings: Setting airplane_mode_on has moved from android.provider.Settings.System to android.provider.Settings.Global, returning read-only value.
03-02 09:33:07.246  2350  2350 W Settings: Setting airplane_mode_on has moved from android.provider.Settings.System to android.provider.Settings.Global, returning read-only value.
03-02 09:33:07.249 28507 28550 D nativeloader: Load /data/app/~~8pr16HvZDzwRyOt7doiwfQ==/com.transsion.phoenix-C0krKMd6aZso-35o5BqEUA==/split_config.arm64_v8a.apk!/lib/arm64-v8a/libcv_analytics.so using class loader ns clns-7 (caller=/data/app/~~8pr16HvZDzwRyOt7doiwfQ==/com.transsion.phoenix-C0krKMd6aZso-35o5BqEUA==/base.apk!classes2.dex): ok
03-02 09:33:07.251  1621  4754 D ForceDarkAppConfigProvider: cloudConfigVersion: -1   localConfigVersion:20250515
03-02 09:33:07.251  1621  4754 I UiModeManager: systemserver package:com.softnation.Ojam null
03-02 09:33:07.252 24287 24287 I ForceDarkHelperStubImpl: initialize for com.softnation.Ojam , ForceDarkAppConfig: null
03-02 09:33:07.258  2350 29580 D NetworkSpeedTracker: updateNwSignalInfo not allowed ,ignore
03-02 09:33:07.258 24287 24287 D nativeloader: Load libforcedarkimpl.so using system ns (caller=/system_ext/framework/miui-framework.jar): ok
03-02 09:33:07.259  2350 29580 D NetworkSpeedTracker: updateNwSignalInfo not allowed ,ignore
03-02 09:33:07.259 24287 24287 D HWUI    : JNI_OnLoad success
03-02 09:33:07.260 24287 24287 I MiuiForceDarkConfig: setConfig density:2.750000, mainRule:0, secondaryRule:0, tertiaryRule:0
03-02 09:33:07.266  1621  2665 I ClipboardServiceI: checkProviderWakePathForClipboard: primaryClip is null
03-02 09:33:07.268 24287 24287 I ActivityThread: Miui Feature Init done
03-02 09:33:07.271 28507 28557 D AppOpsManager: Noted app header size: 36
03-02 09:33:07.275  1621  1922 I SmartPower: com.google.android.apps.photos/10204(28091): background->idle(4188ms) R(service end com.google.android.apps.photos/com.google.android.libraries.social.mediamonitor.MediaMonitorJobSchedulerService) adj=915.
03-02 09:33:07.284 28507 28563 W anssion.phoenix: ClassLoaderContext classpath size mismatch. expected=1, found=0 (DLC[];PCL[base.apk*1150104373]{PCL[/system/framework/org.apache.http.legacy.jar*4025584831]#PCL[/system/framework/com.android.location.provider.jar*3414091812]#PCL[/system/framework/com.android.media.remotedisplay.jar*2042759013]#PCL[/system_ext/framework/androidx.window.extensions.jar*3622430006]#PCL[/system_ext/framework/androidx.window.sidecar.jar*2958050178]} | DLC[];PCL[])
