03-02 09:33:07.894   852 28640 D C2MtkBufferManager: [0xE7206320] C2MtkBufferManager: allocId 17, mIsFetchCcNeeded 0
03-02 09:33:07.894   852 28640 D C2MtkVdecExt: [0xE71C0960] setBufferManager: bufferManager 0xe7206320
03-02 09:33:07.894   852 28640 D C2MtkBufferManager: [0xE7206320] setBufferFetchTimeout mThreadTimeout set to 1500
03-02 09:33:07.894   852 28640 D C2MtkVdec: [0xE6DC4210] mBufferManager created.
03-02 09:33:07.895   852 28640 D C2MtkVdec: [0xE6DC4210] Output buffer: usage 1, ccUsage 1, DefaultWidth 320, DefaultHeight 240, format 32315679, ccFormat 1000, BufferCount 1
03-02 09:33:07.895   852 28640 D C2MtkBufferManager: [0xE7206320] setCcBuffersParams Params: ((320,240) 0x1000, total:1, type:1, mParamChanged:0)
03-02 09:33:07.895   852 28640 D C2MtkBufferManager: [0xE7206320] mFetchLock by cancelAllBuffers
03-02 09:33:07.895   852 28640 D C2MtkBufferManager: [0xE7206320]   mBufferLock by cancelAllBuffers
03-02 09:33:07.895   852 28640 D C2MtkBufferManager: [0xE7206320] cancelAllBuffers, Free all Buffers Done!
03-02 09:33:07.895   852 28640 D C2MtkBufferManager: [0xE7206320] setBuffersParams Params: ((320,240) 0x32315679, total:1, type:1, mParamChanged:0)
03-02 09:33:07.895   852 28640 D C2MtkVdec: [0xE6DC4210] current operating rate = 25, setting 0
03-02 09:33:07.895   852 28640 D C2MtkVdec: [0xE6DC4210] mSawInputCSD was set.
03-02 09:33:07.895   852 28640 D C2MtkVdec: [0xE6DC4210] mSawInputCSD was set.
03-02 09:33:07.895  1124  1316 D FrameDecoder: QueueInput: size=28487 ts=60040000 us flags=0
03-02 09:33:07.895  1124  1316 I MediaCodec: [mId: 3502] [video-debug-dec] queueInputBuffer: index: 2 pts: 60040000 timediff: 0
03-02 09:33:07.898  1200  1238 I VPUD    : == vdec_codec_msg_handler() == msg_id = 0xA001, codec_id = 1
03-02 09:33:07.906 28602 28602 W CrashLoopRemedyLog: unable to delete remedy log, instaCrash: false
03-02 09:33:07.906  1124  1316 D FrameDecoder: QueueInput: size=2146 ts=60080000 us flags=4
03-02 09:33:07.906  1124  1316 I MediaCodec: [mId: 3502] [video-debug-dec] queueInputBuffer: index: 3 pts: 60080000 timediff: 11
03-02 09:33:07.906 28602 28602 W CrashLoopRemedyLog: unable to delete remedy log, instaCrash: true
03-02 09:33:07.906  1124 28634 D CCodecBufferChannel: [c2.mtk.avc.decoder#668] input EOS
03-02 09:33:07.908   852 28640 D C2MtkVdec: [0xE6DC4210] mSawInputEOS was set.
03-02 09:33:07.908 28602 28654 W AppInitScheduler|Schedule: Schedule 346:ReliabilityInitConfigureErrorReportingOnProcess, deps=null (0 pending tasks)
03-02 09:33:07.909 28602 28654 W AppInitScheduler|Schedule:   Executing 346:ReliabilityInitConfigureErrorReportingOnProcess
03-02 09:33:07.910 28602 28654 W AppInitScheduler|Schedule: Schedule 198:InitSharedLibraries, deps=null (1 pending tasks)
03-02 09:33:07.910 28602 28654 W AppInitScheduler|Schedule:   Executing 198:InitSharedLibraries
03-02 09:33:07.910 28602 28655 W AppInitScheduler|Run: DeadlockMonitor active...
03-02 09:33:07.910 28602 28656 W AppInitScheduler|Run: Running ReliabilityInitConfigureErrorReportingOnProcess [*]
03-02 09:33:07.911 28602 28654 W AppInitScheduler|Schedule: Schedule 214:LoadLibDexLoad, deps=[198, 346] (2 pending tasks)
03-02 09:33:07.912 28602 28654 W AppInitScheduler|Schedule: Schedule 361:SetupFbGlog, deps=[214] (3 pending tasks)
03-02 09:33:07.912 28602 28654 W AppInitScheduler|Schedule: Schedule 115:DisableRuntimeVerification, deps=[361] (4 pending tasks)
03-02 09:33:07.912 28602 28654 W AppInitScheduler|Schedule: Schedule 151:GeneratePerfStats, deps=[198] (5 pending tasks)
03-02 09:33:07.912 28602 28654 W AppInitScheduler|Schedule: Schedule 181:InitLacrimaEarlyNative, deps=[115] (6 pending tasks)
03-02 09:33:07.912 28602 28654 W AppInitScheduler|Schedule: Schedule 212:LoadDexes, deps=[115] (7 pending tasks)
03-02 09:33:07.912 28602 28654 W AppInitScheduler|Schedule: Schedule 206:IsolatedLongtailAppInit, deps=[212] (8 pending tasks)
03-02 09:33:07.912 28602 28654 W AppInitScheduler|Schedule: Schedule 221:MaybeTraceColdStart, deps=[115] (9 pending tasks)
03-02 09:33:07.912 28602 28658 W AppInitScheduler|Run: Running InitSharedLibraries [*]
03-02 09:33:07.913 28602 28659 W InitStatus: Blocking Provider (137139966)
03-02 09:33:07.913 28602 28656 W lacrima : FbErrorReportingConfig.earlyInit
03-02 09:33:07.913 28602 28658 W SoLoader: Initializing SoLoader: 2
03-02 09:33:07.914 28602 28654 W AppInitScheduler|Schedule: Schedule 215:LoadVoltronModules, deps=[181, 206, 221] (10 pending tasks)
03-02 09:33:07.914 28602 28654 W AppInitScheduler|Schedule: Schedule 110:CreateApplicationImpl, deps=[151, 215] (11 pending tasks)
03-02 09:33:07.914 28602 28654 W AppInitScheduler|Schedule: Schedule 205:InitUltralight, deps=[215] (12 pending tasks)
03-02 09:33:07.914 28602 28654 W AppInitScheduler|Schedule: Schedule 350:RunOnApplicationInit, deps=[215] (13 pending tasks)
03-02 09:33:07.914 28602 28654 W AppInitScheduler|Schedule: Schedule 0:AddMainDexStoreInfoToReliabilityLogging, deps=[212] (14 pending tasks)
03-02 09:33:07.914 28602 28654 W AppInitScheduler|Schedule: Schedule 131:Fadvise, deps=[361] (15 pending tasks)
03-02 09:33:07.915 28602 28654 W AppInitScheduler|Schedule: Schedule 168:InitClassFailureStapler, deps=[198] (16 pending tasks)
03-02 09:33:07.915 28602 28654 W AppInitScheduler|Schedule: Schedule 169:InitClassTracing, deps=[361] (17 pending tasks)
03-02 09:33:07.915 28602 28654 W AppInitScheduler|Schedule: Schedule 170:InitCrashLoopMitigation, deps=[214] (18 pending tasks)
03-02 09:33:07.915 28602 28654 W AppInitScheduler|Schedule: Schedule 172:InitDeadResourceDetection, deps=[214] (19 pending tasks)
03-02 09:33:07.915 28602 28654 W AppInitScheduler|Schedule: Schedule 186:InitMemoryTracer, deps=[169] (20 pending tasks)
03-02 09:33:07.916 28602 28654 W AppInitScheduler|Schedule: Schedule 188:InitMultiProcessTracker, deps=null (21 pending tasks)
03-02 09:33:07.916 28602 28654 W AppInitScheduler|Schedule:   Executing 188:InitMultiProcessTracker
03-02 09:33:07.917 28602 28660 W AppInitScheduler|Run: Running InitMultiProcessTracker
03-02 09:33:07.917 28602 28660 W AppInitScheduler|Run:   Finished InitMultiProcessTracker in 1ms
03-02 09:33:07.920 28602 28654 W AppInitScheduler|Schedule: Schedule 189:InitOxygenCrashReporter, deps=[198] (21 pending tasks)
03-02 09:33:07.920 28602 28654 W AppInitScheduler|Schedule: Schedule 213:LoadLibColdStart, deps=[181, 221] (22 pending tasks)
03-02 09:33:07.920 28602 28654 W AppInitScheduler|Schedule: Schedule 244:MprotectCode, deps=[212] (23 pending tasks)
03-02 09:33:07.920 28602 28654 W AppInitScheduler|Schedule: Schedule 328:PreloadStartupLightSharedPreferenceUsages, deps=null (24 pending tasks)
03-02 09:33:07.920 28602 28654 W AppInitScheduler|Schedule:   Executing 328:PreloadStartupLightSharedPreferenceUsages
03-02 09:33:07.921 28602 28658 W BackupSoSource: adding backup source from split: ExtractFromZipSoSource[/data/app/~~D6pxJj0wCihn6bL7dRHGfw==/com.facebook.katana-ytDRDVfsDJQ7KNzIgYIFlA==/split_heliumcore.apk]
03-02 09:33:07.922 28602 28661 W FileBasedMultiProcessTracker: <default>: Initializing FileBasedMultiProcessTracking using /data/user/0/com.facebook.katana/app_multiprocess_tracking
03-02 09:33:07.922 28602 28658 W BackupSoSource: adding backup source from split: ExtractFromZipSoSource[/data/app/~~D6pxJj0wCihn6bL7dRHGfw==/com.facebook.katana-ytDRDVfsDJQ7KNzIgYIFlA==/split_heliumiab.apk]
03-02 09:33:07.925   849   849 I hwcomposer: [HWCDisplay] (0 updateFps():3667), (type:1, mode:2) fps:59.965054,dur:1000.58,max:17.62,min:15.30  
03-02 09:33:07.926 28602 28661 W FileBasedMultiProcessTracker: <default>: Creating file to track 28602
03-02 09:33:07.929 28602 28654 W OnProcessInitInvoker: Ignored missing AppInit dependency: 141:FixArtDebugging
03-02 09:33:07.930 28602 28662 W AppInitScheduler|Run: Running PreloadStartupLightSharedPreferenceUsages
03-02 09:33:07.932 28602 28661 W FileBasedMultiProcessTracker: <default>: FileBasedMultiProcessTracker ready!
03-02 09:33:07.934 28602 28663 W FileBasedMultiProcessTracker: <default>: Observed removed PID: 23123
03-02 09:33:07.934 28602 28658 W SoLoader: SoLoader initialized: 2
03-02 09:33:07.939  1200  1238 I VPUD    : [Vdec_Drv_H264_open] eDecodeMode: 5
03-02 09:33:07.944  1200  1238 I mtkpower_client: perf_lock_acq, hdl:0, dur:0, num:2, pid:1200, tid:1238
03-02 09:33:07.944 28602 28627 W InitStatus: Blocking Provider (137139966)
03-02 09:33:07.947  1200  1238 I mtkpower_client: ret_hdl:358986
03-02 09:33:07.947  1200  1238 I VCodecDrv: DrvEnablePerfService perfLockAcq hdl:358986
03-02 09:33:07.947  1200  1238 I VPUD    : [Err] eVDecDrvSetParam VDEC_DRV_SET_TYPE_SET_DECODE_LAYOUT fail!!
03-02 09:33:07.948   863   958 I libPowerHal: [perfLockAcq] idx:3 hdl:358986 hint:-1 pid:1200 tid:1238 duration:0 lock_user:v3avpud => ret_hdl:358986
03-02 09:33:07.949   863   958 I libPowerHal: [PE] v3avpud update cmd:240c000, param:100, pr:3
03-02 09:33:07.949   863   958 I libPowerHal: [perfLockAcq] Done for hdl : 358986
03-02 09:33:07.949  1200  1238 I VPUD    : == vdec_codec_msg_handler() == msg_id = 0xA004, codec_id = 1
03-02 09:33:07.949  1200  1238 I VPUD    : [Vdec_Drv_H264_setPara] eDecodeMode: 6
03-02 09:33:07.950  1200  1238 I VPUD    : == vdec_codec_msg_handler() == msg_id = 0xA004, codec_id = 1
03-02 09:33:07.950  1200  1238 I VPUD    : unknown param type (8)!
03-02 09:33:07.951 24287 24287 D nativeloader: Load /data/app/~~Bh61wenJZi6JNVEuOkVQfQ==/com.softnation.Ojam-nnCVAdHxKfOmup5FCuBDYQ==/base.apk!/lib/arm64-v8a/libreactnative.so using class loader ns clns-7 (caller=/data/app/~~Bh61wenJZi6JNVEuOkVQfQ==/com.softnation.Ojam-nnCVAdHxKfOmup5FCuBDYQ==/base.apk!classes20.dex): ok
03-02 09:33:07.951 24287 24287 D jni_lib_merge: Entering merged library JNI_OnLoad.
03-02 09:33:07.952 24287 24287 D jni_lib_merge: Preparing 12 pre-merged libs (including stub)
03-02 09:33:07.952 24287 24287 D jni_lib_merge: Preparing to register libfabricjni_so.  onload_func: 0x7893640ce0
03-02 09:33:07.952 24287 24287 D jni_lib_merge: Preparing to register libreact_devsupportjni_so.  onload_func: 0x789383afc8
03-02 09:33:07.952 24287 24287 D jni_lib_merge: Preparing to register libreact_featureflagsjni_so.  onload_func: 0x7893849518
03-02 09:33:07.952 24287 24287 D jni_lib_merge: Preparing to register libreact_newarchdefaults_so.  onload_func: 0x78938b16a8
03-02 09:33:07.952 24287 24287 D jni_lib_merge: Preparing to register libreactnativeblob_so.  onload_func: 0x7893aa1cb4
03-02 09:33:07.952 24287 24287 D jni_lib_merge: Preparing to register libreactnativejni_so.  onload_func: 0x7893aef6bc
03-02 09:33:07.952 24287 24287 D jni_lib_merge: Preparing to register libreactnativejni_common_so.  onload_func: 0x7893b00044
03-02 09:33:07.952 24287 24287 D jni_lib_merge: Preparing to register librninstance_so.  onload_func: 0x7893b47764
03-02 09:33:07.952 24287 24287 D jni_lib_merge: Preparing to register libturbomodulejsijni_so.  onload_func: 0x7893c5ff68
03-02 09:33:07.952 24287 24287 D jni_lib_merge: Preparing to register libuimanagerjni_so.  onload_func: 0x7893c78fb8
03-02 09:33:07.952 24287 24287 D jni_lib_merge: Preparing to register libyoga_so.  onload_func: 0x7893c88a3c
03-02 09:33:07.952 24287 24287 D jni_lib_merge: About to register 11 actual methods.
03-02 09:33:07.955   852 28636 D C2MtkVdec: [0xE6DC4210] FormatChange: width 640, height 384, mColorFormat 0x7f000001, crop(Width 640, Height 368, Left 0, Top 0, BufferCount 7 -> 1)
03-02 09:33:07.956   852 28636 D C2MtkVdec: CropSetter: old 0, 0, 319, 239 : new 0, 0, 640, 368
03-02 09:33:07.956   852 28636 D C2MtkVdec: [0xE6DC4210] NotifyEvent: input delay was updated to 0
03-02 09:33:07.956   852 28636 D C2MtkVdec: [0xE6DC4210] NotifyEvent: getAlwaysColorConvertChecker_l: 1, isAlwaysCc: 0, isFirstAlwaysCcCheck: 1
03-02 09:33:07.957 28602 28656 W AppStateLoggerNative: AppStateLoggerNative.initializeNativeCrashReporting not called.
03-02 09:33:07.957 28602 28656 W AppStateLoggerNative: AppStateLoggerNative.initializeNativeCrashReporting not called.
03-02 09:33:07.958 28602 28656 W MemProcWatermarkReader: [AI] Failed to open zoneinfo file
03-02 09:33:07.959   852 28636 I DMABUFHEAPS: Using DMA-BUF heap named: mtk_mm
03-02 09:33:07.959 28602 28656 W lacrima : Start JavaAppDeathCrashDetector... X.0uz
03-02 09:33:07.959   852 28636 D C2MtkVdecExt: [0xE1F89EDC] allocBuffer: buffer 0x0xe324e35c, size 4096, alloc 1, free 0
03-02 09:33:07.959   852 28636 D C2MtkVdecExt: [0xE1F95F1C] allocBuffer: buffer 0x0xe708434c, size 0, alloc 1, free 0
03-02 09:33:07.960   852 28636 D C2MtkComponent: [0xE6DC4220] setWorkflow: PROCESSED->ASYNCPOSTPROCESSED
03-02 09:33:07.960   852 28636 D C2MtkComponent: [0xE6DC4220] setWorkflow: ASYNCPOSTPROCESSED->COMPLETED
03-02 09:33:07.960   852 28636 D C2MtkComponent: [0xE6DC4220] setWorkflow: UNPROCESSED->PROCESSED
03-02 09:33:07.960   852 28636 D C2MtkVdec: [0xE6DC4210] Reset CC block pool => got 1 - 0
03-02 09:33:07.960   852 28669 D C2MtkBufferManager: C2MtkBMCcFetchThread Start
03-02 09:33:07.960 28602 28656 W lacrima : Sending pending reports
03-02 09:33:07.960   852 28636 D C2MtkBufferManager: [0xE7206320] mFetchLock by cancelAllBuffers
03-02 09:33:07.960   852 28636 D C2MtkBufferManager: [0xE7206320]   mBufferLock by cancelAllBuffers
03-02 09:33:07.962 28602 28656 W AppInitScheduler|Run:   Finished ReliabilityInitConfigureErrorReportingOnProcess in 52ms
03-02 09:33:07.963   852 28636 D C2MtkBufferManager: [0xE7206320] mCcFetchLock by cancelAllBuffers
03-02 09:33:07.963   852 28636 D C2MtkBufferManager: [0xE7206320]   mCcBufferLock by cancelAllBuffers
03-02 09:33:07.964 28602 28658 W FbSoLoader: Will use precomputed native lib dependencies file, reading directly from the APK using AssetManager false
03-02 09:33:07.966 28602 28658 W SoLoader: Prepending SoSource lib-compressed: SuperpackSoSource[root = /data/data/com.facebook.katana/lib-compressed flags = 1 zipSource = /data/app/~~D6pxJj0wCihn6bL7dRHGfw==/com.facebook.katana-ytDRDVfsDJQ7KNzIgYIFlA==/base.apk compressedPath = assets/lib/libs.spo identity = ]
03-02 09:33:07.967   852 28636 D C2MtkBufferManager: [0xE7206320] cancelAllBuffers, Free all Buffers Done!
03-02 09:33:07.967   852 28636 D C2MtkBufferManager: [0xE7206320] setCcBuffersParams Params: ((640,368) 0x1000, total:1, type:1, mParamChanged:0)
03-02 09:33:07.967   852 28636 D C2MtkBufferManager: [0xE7206320] mFetchLock by cancelAllBuffers
03-02 09:33:07.967   852 28636 D C2MtkBufferManager: [0xE7206320]   mBufferLock by cancelAllBuffers
03-02 09:33:07.967   852 28636 D C2MtkBufferManager: [0xE7206320] mCcFetchLock by cancelAllBuffers
03-02 09:33:07.967   852 28636 D C2MtkBufferManager: [0xE7206320]   mCcBufferLock by cancelAllBuffers
03-02 09:33:07.967   852 28636 D C2MtkBufferManager: [0xE7206320] cancelAllBuffers, Free all Buffers Done!
03-02 09:33:07.967   852 28636 D C2MtkBufferManager: [0xE7206320] setBuffersParams Params: ((640,368) 0x7f000001, total:1, type:1, mParamChanged:0)
03-02 09:33:07.967 28602 28602 E SlowAppComponent: 0ms: FacebookApplication instantiatingΓÇª
03-02 09:33:07.968 28602 28602 W BackgroundStartupDetector: coldStartMode=DEFINITELY_BACKGROUND
03-02 09:33:07.968   848   848 E mali_gralloc: Producer and consumer not identified.
03-02 09:33:07.968   848   848 E mali_gralloc: Producer and consumer not identified.
03-02 09:33:07.968 28602 28602 W AppStateLoggerNative: AppStateLoggerNative.initializeNativeCrashReporting not called.
03-02 09:33:07.968 28602 28602 W AppStateLoggerNative: AppStateLoggerNative.initializeNativeCrashReporting not called.
03-02 09:33:07.968 28602 28602 W BackgroundStartupDetector: bgMode=BACKGROUND
03-02 09:33:07.968 28602 28602 E SlowAppComponent: 26ms: FirebaseInitCustomProvider instantiatingΓÇª
03-02 09:33:07.968  1124 28635 D CCodecConfig: c2 config diff is   c2::u32 output.delay.value = 1
03-02 09:33:07.968  1124 28635 D CCodecConfig:   c2::u32 raw.color.matrix = 1
03-02 09:33:07.968  1124 28635 D CCodecConfig:   c2::u32 raw.color.primaries = 1
03-02 09:33:07.968  1124 28635 D CCodecConfig:   c2::u32 raw.color.range = 2
03-02 09:33:07.968  1124 28635 D CCodecConfig:   c2::u32 raw.color.transfer = 3
03-02 09:33:07.968 28602 28602 E SlowAppComponent: 27ms: SecureMessagingKeyContentProvider instantiatingΓÇª
03-02 09:33:07.969 28602 28602 E SlowAppComponent: 27ms: LastUsedTimestampProvider instantiatingΓÇª
03-02 09:33:07.969 28602 28602 E SlowAppComponent: 27ms: FirstPartyUserValuesLiteProvider instantiatingΓÇª
03-02 09:33:07.969 28602 28602 E SlowAppComponent: 27ms: FbContactsContentProvider instantiatingΓÇª
03-02 09:33:07.969 28602 28602 E SlowAppComponent: 26ms: FileProvider instantiatingΓÇª
03-02 09:33:07.969 28602 28602 E SlowAppComponent: 26ms: FirstPartyUserValuesProvider instantiatingΓÇª
03-02 09:33:07.969 28602 28602 E SlowAppComponent: 26ms: MessagesDbContentProvider instantiatingΓÇª
03-02 09:33:07.969 28602 28602 E SlowAppComponent: 26ms: UsdidValuesProvider instantiatingΓÇª
03-02 09:33:07.969 28602 28602 E SlowAppComponent: 26ms: InstallReferrerProvider instantiatingΓÇª
03-02 09:33:07.969 28602 28602 E SlowAppComponent: 27ms: AppManagerSsoProvider instantiatingΓÇª
03-02 09:33:07.971  1200  1238 I VPUD    : == vdec_codec_msg_handler() == msg_id = 0xA001, codec_id = 1
03-02 09:33:07.972  1200  1238 I VPUD    : == vdec_codec_msg_handler() == msg_id = 0xA001, codec_id = 1
03-02 09:33:07.972 28602 28602 E SlowAppComponent: 24ms: ThreadsDbPropertiesContentProvider instantiatingΓÇª
03-02 09:33:07.972 28602 28602 E SlowAppComponent: 24ms: ClientMessagePushDedupInfoProvider instantiatingΓÇª
03-02 09:33:07.972 28602 28602 E SlowAppComponent: 24ms: PlatformProviderBase instantiatingΓÇª
03-02 09:33:07.972 28602 28602 E SlowAppComponent: 24ms: DeferredDeeplinkProvider instantiatingΓÇª
03-02 09:33:07.972 28602 28602 E SlowAppComponent: 24ms: ContactsConnectionsProvider instantiatingΓÇª
03-02 09:33:07.973 28602 28602 E SlowAppComponent: 24ms: FeO2InAppContentProvider instantiatingΓÇª
03-02 09:33:07.973 28602 28602 E SlowAppComponent: 24ms: UserValuesProvider instantiatingΓÇª
03-02 09:33:07.973 28602 28602 E SlowAppComponent: 24ms: SecureFileProvider instantiatingΓÇª
03-02 09:33:07.973 28602 28602 E SlowAppComponent: 30ms: InitializationProvider instantiatingΓÇª
03-02 09:33:07.973 28602 28602 E SlowAppComponent: 39ms: PhotosProvider instantiatingΓÇª
03-02 09:33:07.973  1200  1238 I VPUD    : == vdec_codec_msg_handler() == msg_id = 0xA001, codec_id = 1
03-02 09:33:07.973 28602 28602 E SlowAppComponent: 39ms: AttributionIdProvider instantiatingΓÇª
03-02 09:33:07.973 28602 28602 E SlowAppComponent: 39ms: QuickExperimentContentProvider instantiatingΓÇª
03-02 09:33:07.973 28602 28602 E SlowAppComponent: 39ms: TamAttachmentProvider instantiatingΓÇª
03-02 09:33:07.976 28602 28602 E SlowAppComponent: 36ms: CacheProvider instantiatingΓÇª
03-02 09:33:07.976   852 28636 D C2MtkVdec: [0xE6DC4210] CSD work returned: workId 1, mFrameIndex 0
03-02 09:33:07.977 28602 28602 E SlowAppComponent: Main thread was blocked for 83ms in the foreground starting with FacebookApplication
03-02 09:33:07.977   852 28636 D C2MtkVdec: [0xE6DC4210] CSD work returned: workId 2, mFrameIndex 1
03-02 09:33:07.977 28602 28658 W FbSoLoader: Initialized FBSoLoader
03-02 09:33:07.978   852 28640 D C2MtkVdec: [0xE6DC4210] configUpdate(640 x 368) with ts: 60040000
03-02 09:33:07.978  1124  2142 D CCodecBufferChannel: [c2.mtk.avc.decoder#668] Ignoring stale input buffer done callback: last flush index = 0, frameIndex = 0
03-02 09:33:07.978   852 28645 D C2MtkVdecExt: [0xE71C0960] postprocessAsyncS1: ccAlc C2MTK_ALLOCATOR_TYPE_UNSPECIFIED
03-02 09:33:07.978   852 28645 D C2MtkVdecExt: [0xE71C0960] postprocessAsyncS1: isAlwaysCc 1, isGrallocPool 1
03-02 09:33:07.983 28602 28658 W AppInitScheduler|Run:   Finished InitSharedLibraries in 71ms
03-02 09:33:07.984 28602 28658 W AppInitScheduler|Schedule:   Executing 214:LoadLibDexLoad
03-02 09:33:07.984 28602 28658 W AppInitScheduler|Schedule:   Executing 151:GeneratePerfStats
03-02 09:33:07.984 28602 28658 W AppInitScheduler|Schedule:   Executing 168:InitClassFailureStapler
03-02 09:33:07.984 28602 28658 W AppInitScheduler|Schedule:   Executing 189:InitOxygenCrashReporter
03-02 09:33:07.986 28602 28673 W AppInitScheduler|Run: Running GeneratePerfStats [*]
03-02 09:33:07.986 28602 28674 W AppInitScheduler|Run: Running InitClassFailureStapler
03-02 09:33:07.987 28602 28674 W AppInitScheduler|Run:   Finished InitClassFailureStapler in 1ms
03-02 09:33:07.987 28602 28675 W AppInitScheduler|Run: Running InitOxygenCrashReporter
03-02 09:33:07.988 28602 28675 W AppInitScheduler|Run:   Finished InitOxygenCrashReporter in 1ms
03-02 09:33:07.988   921   921 I BufferQueueProducer: [StatusBar#109](this:0xb400007bcec4ab68,id:-1,api:0,p:-1,c:921) queueBuffer: fps=0.50 dur=2013.73 max=2013.73 min=2013.73
03-02 09:33:07.988  1621  2986 W UriGrantsManagerService: No permission grants found for com.google.android.apps.photos
03-02 09:33:07.988 28602 28672 W AppInitScheduler|Run: Running LoadLibDexLoad [*]
03-02 09:33:07.989  1621  2986 W UriGrantsManagerService: No permission grants found for com.google.android.apps.photos
03-02 09:33:07.990 28602 28673 W AppInitScheduler|Run:   Finished GeneratePerfStats in 5ms
03-02 09:33:07.992   852 28645 D C2MtkMmlMdpWrapper: [0xE9D86D7C] C2MtkMmlMdpWrapper: MML Device open failed, use MDP by dpframework
03-02 09:33:07.992   852 28645 D C2MtkConvert: [0xE6EC10A0] Using CC block pool => got 1, mFmtSupportLevel 0
03-02 09:33:07.992   852 28645 D C2MtkVdecExt: [0xE71C0960] LastSrcConfig: size(w 640, h 384), crop(w 640, h 368, l 0, t 0), fmt 0x7f000001, rot 0
03-02 09:33:07.992   852 28645 D C2MtkConvert: [0xE6EC10A0] Dst buffer change: width 640, height 368, format 1000
03-02 09:33:07.992   852 28645 D C2MtkConvert: [0xE6EC10A0] Src buffer change: width 640, height 384, format 7f000001
03-02 09:33:07.992   852 28645 D C2MtkConvert: [0xE6EC10A0] updateConfig: Src(format 2130706433(HAL_PIXEL_FORMAT_NV12_BLK), size(640,384), crop(640,368), (secure 0), (doFlush 0)), Dst(format 4096(HAL_PIXEL_FORMAT_NV12), size(640,368), crop(640,368), (secure 0), (doFlush 0))
03-02 09:33:07.995  1621  2986 I ClipboardServiceI: checkProviderWakePathForClipboard: primaryClip is null
03-02 09:33:07.995   852 28645 D MDP     : DpAsyncBlit: job:(2784945 15) in:(640, 384)[20480 10240] C12b P1.1.1.0.1, alpha 0, sec0 flush:0 Buffer 0: plane=2 bufVA={0x1c,0x1c,0x0} bufMVA={0x0,0x0,0x0} bufSize={0x3c000,0x1e000,0x0} proxy={0xe3bfdb40,0x0,0x0}fence=-1
03-02 09:33:07.995   852 28645 D MDP     : DpAsyncBlit: out 0:(640, 368)[640 640] C12 P1.1.1.0.1 R:0 F:0 S:0 A:0 HDR:0 COLOR:0 CCORR:0 sec0 flush:1 Buffer 0: plane=2 bufVA={0x16,0x16,0x0} bufMVA={0x0,0x0,0x0} bufSize={0x39800,0x1cc00,0x0} proxy={0xe324f9a0,0x0,0x0}fence=-1
03-02 09:33:07.995   852 28645 D MDP     : DpAsyncBlit: crop 0:(0.0, 0.0, 640.0, 368.0) compose:(0, 0, 640, 368)
03-02 09:33:08.000   852 28646 D C2MtkVdec: [0xE6DC4210] updateRuntimeInfo: isTextureView 0, mConsumerUsage 3, hasPostproc 1, width 640, height 384, opRate 0.000000
03-02 09:33:08.001   852 28646 D C2MtkComponentStore: onRuntimeInfoUpdated[0xE6646CE0]: runtime info updated.
03-02 09:33:08.001   852 28646 D C2MtkComponentStore: onRuntimeInfoUpdated[0xE6646CE0]: valid, cUid 1013, cPid 1124, psDisabled 0, isCpuDemanding 1, cluster , minFreq 
03-02 09:33:08.001   852 28646 D C2MtkComponentStore: onRuntimeInfoUpdated[0xE6646CE0]: normal mode. isHeavyLoading 1, numOfValInst 1, psDisable 0
03-02 09:33:08.002  1124 28635 D CCodecConfig: c2 config diff is   c2::u32 raw.crop.height = 368
03-02 09:33:08.002  1124 28635 D CCodecConfig:   c2::u32 raw.crop.width = 640
03-02 09:33:08.002  1124 28635 D CCodecConfig:   c2::u32 raw.pixel-format.value = 4096
03-02 09:33:08.003  1200  1238 I VPUD    : == vdec_codec_msg_handler() == msg_id = 0xA003, codec_id = 1
03-02 09:33:08.004  1200  1238 I VPUD    : == vdec_codec_msg_handler() == msg_id = 0xA003, codec_id = 1
03-02 09:33:08.004  1124 28635 D CCodecBuffers: [c2.mtk.avc.decoder#668:2D-BB-Output] popFromStashAndRegister: at 60040000us, output format changed to AMessage(what = 0x00000000) = {
03-02 09:33:08.004  1124 28635 D CCodecBuffers:   int32_t android._color-format = 4096
03-02 09:33:08.004  1124 28635 D CCodecBuffers:   int32_t android._video-scaling = 1
03-02 09:33:08.004  1124 28635 D CCodecBuffers:   int32_t sar-width = 1
03-02 09:33:08.004  1124 28635 D CCodecBuffers:   int32_t color-standard = 1
03-02 09:33:08.004  1124 28635 D CCodecBuffers:   int32_t color-range = 2
03-02 09:33:08.004  1124 28635 D CCodecBuffers:   int32_t color-transfer = 3
03-02 09:33:08.004  1124 28635 D CCodecBuffers:   int32_t android._dataspace = 260
03-02 09:33:08.004  1124 28635 D CCodecBuffers:   int32_t width = 640
03-02 09:33:08.004  1124 28635 D CCodecBuffers:   int32_t rotation-degrees = 0
03-02 09:33:08.004  1124 28635 D CCodecBuffers:   int32_t sar-height = 1
03-02 09:33:08.004  1124 28635 D CCodecBuffers:   int32_t max-width = 640
03-02 09:33:08.004  1124 28635 D CCodecBuffers:   int32_t max-height = 368
03-02 09:33:08.004  1124 28635 D CCodecBuffers:   int32_t priority = -1
03-02 09:33:08.004  1124 28635 D CCodecBuffers:   string mime = "video/raw"
03-02 09:33:08.004  1124 28635 D CCodecBuffers:   Rect crop(0, 0, 639, 367)
03-02 09:33:08.004  1124 28635 D CCodecBuffers:   Buffer hdr-static-info = {
03-02 09:33:08.004  1124 28635 D CCodecBuffers:     00000000:  00 00 00 00 00 00 00 00  00 00 00 00 00 00 00 00  ................
03-02 09:33:08.004  1124 28635 D CCodecBuffers:     00000010:  00 00 00 00 00 00 00 00  00                       .........
03-02 09:33:08.004  1124 28635 D CCodecBuffers:   }
03-02 09:33:08.004  1124 28635 D CCodecBuffers:   int32_t frame-rate = 25
03-02 09:33:08.004  1124 28635 D CCodecBuffers:   int32_t height = 368
03-02 09:33:08.004  1124 28635 D CCodecBuffers:   int32_t color-format = 2135033992
03-02 09:33:08.004  1124 28635 D CCodecBuffers: }
03-02 09:33:08.005  1200  1238 I VPUD    : == vdec_codec_msg_handler() == msg_id = 0xA002, codec_id = 1
03-02 09:33:08.005  1200  1238 I mtkpower_client: perf_lock_rel, hdl:358986, tid:1238
03-02 09:33:08.006  1200  1238 I VCodecDrv: set display thredhold to 100ms is finished
03-02 09:33:08.006   863   958 I libPowerHal: [perfLockRel] hdl:358986, idx:3
03-02 09:33:08.006   863   958 I libPowerHal: [PD] v3avpud update cmd:240c000 param:100, pr:6
03-02 09:33:08.006   863   958 I libPowerHal: [perfLockRel] Done for hdl : 358986
03-02 09:33:08.007 28602 28672 D nativeloader: Load /data/app/~~D6pxJj0wCihn6bL7dRHGfw==/com.facebook.katana-ytDRDVfsDJQ7KNzIgYIFlA==/lib/arm64/libbreakpad.so using class loader ns clns-7 (caller=/data/app/~~D6pxJj0wCihn6bL7dRHGfw==/com.facebook.katana-ytDRDVfsDJQ7KNzIgYIFlA==/base.apk): ok
03-02 09:33:08.009   852 28646 D C2MtkVdec: [0xE6DC4210] VCodec destroyed.
03-02 09:33:08.014 28602 28662 W AppInitScheduler|Run:   Finished PreloadStartupLightSharedPreferenceUsages in 85ms
03-02 09:33:08.015 24287 24287 D nativeloader: Load /data/app/~~Bh61wenJZi6JNVEuOkVQfQ==/com.softnation.Ojam-nnCVAdHxKfOmup5FCuBDYQ==/base.apk!/lib/arm64-v8a/libreact_codegen_rnscreens.so using class loader ns clns-7 (caller=/data/app/~~Bh61wenJZi6JNVEuOkVQfQ==/com.softnation.Ojam-nnCVAdHxKfOmup5FCuBDYQ==/base.apk!classes20.dex): ok
03-02 09:33:08.015 24287 24287 D jni_lib_merge: Entering merged library JNI_OnLoad.
03-02 09:33:08.015 24287 24287 D jni_lib_merge: Preparing 12 pre-merged libs (including stub)
03-02 09:33:08.015 24287 24287 D jni_lib_merge: Preparing to register libfabricjni_so.  onload_func: 0x7893640ce0
03-02 09:33:08.015 24287 24287 D jni_lib_merge: Preparing to register libreact_devsupportjni_so.  onload_func: 0x789383afc8
03-02 09:33:08.015 24287 24287 D jni_lib_merge: Preparing to register libreact_featureflagsjni_so.  onload_func: 0x7893849518
03-02 09:33:08.015 24287 24287 D jni_lib_merge: Preparing to register libreact_newarchdefaults_so.  onload_func: 0x78938b16a8
03-02 09:33:08.015 24287 24287 D jni_lib_merge: Preparing to register libreactnativeblob_so.  onload_func: 0x7893aa1cb4
03-02 09:33:08.015 24287 24287 D jni_lib_merge: Preparing to register libreactnativejni_so.  onload_func: 0x7893aef6bc
03-02 09:33:08.015 24287 24287 D jni_lib_merge: Preparing to register libreactnativejni_common_so.  onload_func: 0x7893b00044
03-02 09:33:08.015 24287 24287 D jni_lib_merge: Preparing to register librninstance_so.  onload_func: 0x7893b47764
03-02 09:33:08.015 24287 24287 D jni_lib_merge: Preparing to register libturbomodulejsijni_so.  onload_func: 0x7893c5ff68
03-02 09:33:08.015 24287 24287 D jni_lib_merge: Preparing to register libuimanagerjni_so.  onload_func: 0x7893c78fb8
03-02 09:33:08.015 24287 24287 D jni_lib_merge: Preparing to register libyoga_so.  onload_func: 0x7893c88a3c
03-02 09:33:08.015 24287 24287 D jni_lib_merge: About to register 11 actual methods.
03-02 09:33:08.018  1201  1298 D AALService: [CRTC_114] onALIChanged: 3 -> 4
03-02 09:33:08.020 28602 28672 D nativeloader: Load /data/data/com.facebook.katana/lib-compressed/libdexload.so using class loader ns clns-7 (caller=/data/app/~~D6pxJj0wCihn6bL7dRHGfw==/com.facebook.katana-ytDRDVfsDJQ7KNzIgYIFlA==/base.apk): ok
03-02 09:33:08.021 28602 28672 W AppInitScheduler|Run:   Finished LoadLibDexLoad in 33ms
03-02 09:33:08.022 28602 28672 W AppInitScheduler|Schedule:   Executing 361:SetupFbGlog
03-02 09:33:08.022 28602 28672 W AppInitScheduler|Schedule:   Executing 170:InitCrashLoopMitigation
03-02 09:33:08.022 28602 28672 W AppInitScheduler|Schedule:   Executing 172:InitDeadResourceDetection
03-02 09:33:08.022 28602 28672 W AppInitScheduler|Run: Running InitCrashLoopMitigation
03-02 09:33:08.023  1124 28635 D CCodecBuffers: [c2.mtk.avc.decoder#668:2D-BB-Output] updating image-data
03-02 09:33:08.023  1124 28635 D CCodecBuffers: [c2.mtk.avc.decoder#668:2D-BB-Output] updating stride = 640, width: 640, height: 368
03-02 09:33:08.023  1124 28635 D CCodecBuffers: [c2.mtk.avc.decoder#668:2D-BB-Output] updating vstride = 368
03-02 09:33:08.023 28602 28680 W AppInitScheduler|Run: Running SetupFbGlog [*]
03-02 09:33:08.023  1124 28634 I MediaCodec: isHDR: standard =1,transfer = 3
03-02 09:33:08.024 28602 28680 W AppInitScheduler|Run:   Finished SetupFbGlog in 1ms
03-02 09:33:08.024 28602 28680 W AppInitScheduler|Schedule:   Executing 115:DisableRuntimeVerification
03-02 09:33:08.024 28602 28680 W AppInitScheduler|Schedule:   Executing 131:Fadvise
03-02 09:33:08.025 28602 28680 W AppInitScheduler|Schedule:   Executing 169:InitClassTracing
03-02 09:33:08.025 28602 28680 W AppInitScheduler|Run: Running DisableRuntimeVerification [*]
03-02 09:33:08.025 28602 28672 W dalvik-internals: sigaction64 succeeded
03-02 09:33:08.026 28602 28658 W AppInitScheduler|Run: Running Fadvise
03-02 09:33:08.026 28602 28674 W AppInitScheduler|Run: Running InitClassTracing
03-02 09:33:08.026 28602 28660 W AppInitScheduler|Run: Running InitDeadResourceDetection
03-02 09:33:08.027 28602 28660 W AppInitScheduler|Run:   Finished InitDeadResourceDetection in 4ms
03-02 09:33:08.028  1124  1316 D StagefrightMetadataRetriever: c2.mtk.avc.decoder extract frame done
03-02 09:33:08.028  1124  1316 D MediaCodec: [0xe38c2930] [c2.mtk.avc.decoder] release
03-02 09:33:08.028  1124 28634 D MediaCodec: [0xe38c2930] setState: 10
03-02 09:33:08.028  1124 28634 I MediaCodec: [mId: 3502] [video-debug-dec] setState: RELEASING
03-02 09:33:08.029 28602 28672 D dalvik-internals: SuspendAndroid11: Found all symbols
03-02 09:33:08.029 28602 28672 D dalvik-internals: SuspendAndroid11: Suspending threads.
03-02 09:33:08.029   852  1013 D C2MtkComponent: [0xE6DC4210] release
03-02 09:33:08.030   852 28640 D C2MtkVdec: [0xE6DC4210] mOnCancel
03-02 09:33:08.031   852 28640 D C2MtkVdec: [0xE6DC4210] onRelease
03-02 09:33:08.031 28602 28680 V v9p     : Not disabled
03-02 09:33:08.031   852 28640 D C2MtkVdec: [0xE6DC4210] mOnCancel
03-02 09:33:08.031   852 28640 D C2MtkBufferManager: [0xE7206320] wakeUpFetchThread release mThreadSem mCcThreadSem
03-02 09:33:08.031   852 28640 D C2MtkVdec: [0xE6DC4210] VCodec destroyed.
03-02 09:33:08.031   852 28640 D C2MtkVdec: [0xE6DC4210] mBMLock lock by onRelease
03-02 09:33:08.031 28602 28672 D dalvik-internals: SuspendAndroid11: Resuming threads.
03-02 09:33:08.031   852 28640 D C2MtkBufferManager: [0xE7206320] stopFetchThread, BM fetch thread join
03-02 09:33:08.031   852 28652 D C2MtkBufferManager: C2MtkBMFetchThread terminated
03-02 09:33:08.031   852 28640 D C2MtkBufferManager: [0xE7206320] stopFetchThread, BM fetch thread join complete
03-02 09:33:08.031   852 28640 D C2MtkBufferManager: [0xE7206320] stopFetchThread, BM CC fetch thread join
03-02 09:33:08.031   852 28669 D C2MtkBufferManager: C2MtkBMCcFetchThread terminated
03-02 09:33:08.032   852 28640 D C2MtkBufferManager: [0xE7206320] stopFetchThread, BM CC fetch thread join complete
03-02 09:33:08.032   852 28640 D C2MtkBufferManager: [0xE7206320] stopFetchThread
03-02 09:33:08.032   852 28640 D C2MtkComponent: [0xE6DC4210] releaseOutputBlockPool
03-02 09:33:08.032   852 28640 V C2MtkVdec: Number of instances decreased to 0(c2.mtk.avc.decoder)
03-02 09:33:08.033 28602 28672 V dalvik-internals: hooked signal using trap ()
03-02 09:33:08.033   852  9156 D C2MtkComponent: [0xE6DC44BC] printStash: key=0, frameIndex=4, inputFlags=2
03-02 09:33:08.033   852  9156 D C2MtkComponent: [0xE6DC44BC] printStash: key=60080000, frameIndex=3, inputFlags=0
03-02 09:33:08.033   852  9156 D C2MtkVdec: [0xE6DC4210] onRelease
03-02 09:33:08.033   852  9156 D C2MtkVdec: [0xE6DC4210] mOnCancel
03-02 09:33:08.033   852  9156 D C2MtkVdec: [0xE6DC4210] VCodec destroyed.
03-02 09:33:08.034   852  9156 D C2MtkVdec: [0xE6DC4210] mBMLock lock by onRelease
03-02 09:33:08.034   852  9156 D C2MtkComponent: [0xE6DC4210] releaseOutputBlockPool
03-02 09:33:08.034  1124 28634 D MediaCodec: [0xe38c2930] [c2.mtk.avc.decoder] kWhatReleaseCompleted
03-02 09:33:08.035  1124 28634 D MediaCodec: [0xe38c2930] setState: 0
03-02 09:33:08.035  1124 28634 I MediaCodec: [mId: 3502] [video-debug-dec] setState: UNINITIALIZED
03-02 09:33:08.036 28602 28674 W AppInitScheduler|Run:   Finished InitClassTracing in 10ms
03-02 09:33:08.036 28602 28674 W AppInitScheduler|Schedule:   Executing 186:InitMemoryTracer
03-02 09:33:08.036 28602 28674 W AppInitScheduler|Run: Running InitMemoryTracer
03-02 09:33:08.036 28602 28674 W AppInitScheduler|Run:   Finished InitMemoryTracer in 0ms
03-02 09:33:08.037 28602 28680 I rtvip   : done
03-02 09:33:08.037   852  9156 D C2MtkVdec: [0xE6DC4210] ~C2MtkVdec
03-02 09:33:08.038 28602 28680 W AppInitScheduler|Run:   Finished DisableRuntimeVerification in 13ms
03-02 09:33:08.038 28602 28680 W AppInitScheduler|Schedule:   Executing 181:InitLacrimaEarlyNative
03-02 09:33:08.038 28602 28680 W AppInitScheduler|Schedule:   Executing 212:LoadDexes
03-02 09:33:08.038 28602 28680 W AppInitScheduler|Schedule:   Executing 221:MaybeTraceColdStart
03-02 09:33:08.038   852  9156 D memory_c2: [DmaMemory][release] size=4096, is_enc=0, import=-1
03-02 09:33:08.038 28602 28680 W AppInitScheduler|Run: Running InitLacrimaEarlyNative [*]
03-02 09:33:08.038   852  9156 D C2MtkVdecExt: [0xE71C0960] ~ExtImpl
03-02 09:33:08.038 24287 24287 D nativeloader: Load /data/app/~~Bh61wenJZi6JNVEuOkVQfQ==/com.softnation.Ojam-nnCVAdHxKfOmup5FCuBDYQ==/base.apk!/lib/arm64-v8a/libreact_codegen_RNCSlider.so using class loader ns clns-7 (caller=/data/app/~~Bh61wenJZi6JNVEuOkVQfQ==/com.softnation.Ojam-nnCVAdHxKfOmup5FCuBDYQ==/base.apk!classes20.dex): ok
03-02 09:33:08.040 28602 28656 W AppInitScheduler|Run: Running MaybeTraceColdStart [*]
03-02 09:33:08.040  1124 28634 I MediaCodec: MediaStub sendHdrInfo/sendFrameRateFloatCal/updateFrcAieAisState
03-02 09:33:08.040  1124 28634 D MediaImpl: FRC not support: valueSupport : 
03-02 09:33:08.040  1124 28634 D MediaImpl: AIE not support: valueSupport : 
03-02 09:33:08.040   852  9156 D C2MtkMmlMdpWrapper: [0xE9D86D7C] ~C2MtkMmlMdpWrapper
03-02 09:33:08.040  1124 28634 D MediaImpl: AIS not support: valueSupport : 
03-02 09:33:08.040   852  9156 D C2MtkConvert: [0xE6EC10A0] ~C2MtkConvert
03-02 09:33:08.040   852  9156 D C2MtkBufferManager: [0xE7206320] mFetchLock by cancelAllBuffers
03-02 09:33:08.040   852  9156 D C2MtkBufferManager: [0xE7206320]   mBufferLock by cancelAllBuffers
03-02 09:33:08.040   852  9156 D C2MtkBufferManager: [0xE7206320] mCcFetchLock by cancelAllBuffers
03-02 09:33:08.040   852  9156 D C2MtkBufferManager: [0xE7206320]   mCcBufferLock by cancelAllBuffers
03-02 09:33:08.041   852  9156 D C2MtkBufferManager: [0xE7206320] cancelAllBuffers, Free all Buffers Done!
03-02 09:33:08.041   852  9156 D C2MtkBufferManager: [0xE7206320] ~C2MtkBufferManager
03-02 09:33:08.041   852  9156 V C2MtkVdec: in DestroyCodec2AvcFactory
03-02 09:33:08.041   852  9156 V C2MtkVdec: in DestroyCodec2AvcFactory
03-02 09:33:08.041  1124  1316 D FrameDecoder: Destroy FrameDecoder
03-02 09:33:08.041  1124  1316 D MBrainManager: mMBrainSupport 0, return NULL
03-02 09:33:08.041 28602 28662 W AppInitScheduler|Run: Running LoadDexes [*]
03-02 09:33:08.042   852  9156 D C2MtkComponentStore: onNumberOfVideoInstancesChanged: Decoder 0, Encoder 0
03-02 09:33:08.042   852  9156 V C2MtkVdec: Number of instances for debug decreased to 0(c2.mtk.avc.decoder)
03-02 09:33:08.042   852  9156 D C2MtkComponentStore: onRuntimeInfoUpdated[0xE6646CE0]: instance removed.
03-02 09:33:08.042   852  9156 D C2MtkComponentStore: onRuntimeInfoUpdated[0xE6646CE0]: normal mode. isHeavyLoading 0, numOfValInst 0, psDisable 0
03-02 09:33:08.042   852  9156 D C2MtkVdec: [0xE6646CE0] VCodec destroyed.
03-02 09:33:08.043 28602 28672 V dalvik-internals: hooked sigaction using trap ()
03-02 09:33:08.044 28602 28662 W DexTricksAppInit: Skipping dex loading.
03-02 09:33:08.045 28602 28662 W DexTricksAppInit: MultiDexClassLoaderLight: false
03-02 09:33:08.046 28602 28662 W DexTricksAppInit: ReflectionClassLoader: true
03-02 09:33:08.046 28602 28662 W DexTricksAppInit: isVanillaClassLoaderRequested: false
03-02 09:33:08.046 28435 28496 W BpBinder: Slow Binder: BpBinder transact took 346 ms, interface=android.media.IMediaMetadataRetriever, code=5 oneway=false
03-02 09:33:08.047 28602 28656 W Profilo/TraceControl: Loom client config id: 7024583390765031141
03-02 09:33:08.048 28602 28656 W AppInitScheduler|Run:   Finished MaybeTraceColdStart in 8ms
03-02 09:33:08.050 28602 28672 I dalvik-internals: integrateWithCrashLog crashlog: /data/user/0/com.facebook.katana/crash_log, insta_crashlog: /data/user/0/com.facebook.katana/insta_crash_log
03-02 09:33:08.050 28602 28672 I dalvik-internals: installed sigmux crash handler for crash log
03-02 09:33:08.050 28602 28672 W AppInitScheduler|Run:   Finished InitCrashLoopMitigation in 28ms
03-02 09:33:08.051 28602 28658 W AppInitScheduler|Run:   Finished Fadvise in 25ms
03-02 09:33:08.056 28602 28662 D nativeloader: Load /data/app/~~D6pxJj0wCihn6bL7dRHGfw==/com.facebook.katana-ytDRDVfsDJQ7KNzIgYIFlA==/lib/arm64/libdextricks-early.so using class loader ns clns-7 (caller=/data/app/~~D6pxJj0wCihn6bL7dRHGfw==/com.facebook.katana-ytDRDVfsDJQ7KNzIgYIFlA==/base.apk): ok
03-02 09:33:08.057 28602 28662 W soloader.ApplicationInfoProvider: initialized: getApplicationInfo: yes; myUserId: yes
03-02 09:33:08.057 28602 28662 W AppInitScheduler|Run:   Finished LoadDexes in 16ms
03-02 09:33:08.057 28602 28662 W AppInitScheduler|Schedule:   Executing 206:IsolatedLongtailAppInit
03-02 09:33:08.057 28602 28662 W AppInitScheduler|Schedule:   Executing 0:AddMainDexStoreInfoToReliabilityLogging
03-02 09:33:08.057 28602 28662 W AppInitScheduler|Schedule:   Executing 244:MprotectCode
03-02 09:33:08.059 28602 28662 W AppInitScheduler|Run: Running IsolatedLongtailAppInit [*]
03-02 09:33:08.059 28602 28662 W AppInitScheduler|Run:   Finished IsolatedLongtailAppInit in 0ms
03-02 09:33:08.059 28602 28662 W AppInitScheduler|Run: Running AddMainDexStoreInfoToReliabilityLogging
03-02 09:33:08.060 28602 28662 W AppInitScheduler|Run:   Finished AddMainDexStoreInfoToReliabilityLogging in 1ms
03-02 09:33:08.060 28602 28660 W AppInitScheduler|Run: Running MprotectCode
03-02 09:33:08.062 24287 24287 D nativeloader: Load /data/app/~~Bh61wenJZi6JNVEuOkVQfQ==/com.softnation.Ojam-nnCVAdHxKfOmup5FCuBDYQ==/base.apk!/lib/arm64-v8a/libreact_codegen_rnsvg.so using class loader ns clns-7 (caller=/data/app/~~Bh61wenJZi6JNVEuOkVQfQ==/com.softnation.Ojam-nnCVAdHxKfOmup5FCuBDYQ==/base.apk!classes20.dex): ok
03-02 09:33:08.062 24287 24287 D jni_lib_merge: Entering merged library JNI_OnLoad.
03-02 09:33:08.062 24287 24287 D jni_lib_merge: Preparing 12 pre-merged libs (including stub)
03-02 09:33:08.062 24287 24287 D jni_lib_merge: Preparing to register libfabricjni_so.  onload_func: 0x7893640ce0
03-02 09:33:08.062 24287 24287 D jni_lib_merge: Preparing to register libreact_devsupportjni_so.  onload_func: 0x789383afc8
03-02 09:33:08.062 24287 24287 D jni_lib_merge: Preparing to register libreact_featureflagsjni_so.  onload_func: 0x7893849518
03-02 09:33:08.062 24287 24287 D jni_lib_merge: Preparing to register libreact_newarchdefaults_so.  onload_func: 0x78938b16a8
03-02 09:33:08.062 24287 24287 D jni_lib_merge: Preparing to register libreactnativeblob_so.  onload_func: 0x7893aa1cb4
03-02 09:33:08.062 24287 24287 D jni_lib_merge: Preparing to register libreactnativejni_so.  onload_func: 0x7893aef6bc
03-02 09:33:08.062 24287 24287 D jni_lib_merge: Preparing to register libreactnativejni_common_so.  onload_func: 0x7893b00044
03-02 09:33:08.062 24287 24287 D jni_lib_merge: Preparing to register librninstance_so.  onload_func: 0x7893b47764
03-02 09:33:08.062 24287 24287 D jni_lib_merge: Preparing to register libturbomodulejsijni_so.  onload_func: 0x7893c5ff68
03-02 09:33:08.062 24287 24287 D jni_lib_merge: Preparing to register libuimanagerjni_so.  onload_func: 0x7893c78fb8
03-02 09:33:08.062 24287 24287 D jni_lib_merge: Preparing to register libyoga_so.  onload_func: 0x7893c88a3c
03-02 09:33:08.062 24287 24287 D jni_lib_merge: About to register 11 actual methods.
03-02 09:33:08.065 28602 28660 W AppInitScheduler|Run:   Finished MprotectCode in 5ms
03-02 09:33:08.079 24287 24287 D nativeloader: Load /data/app/~~Bh61wenJZi6JNVEuOkVQfQ==/com.softnation.Ojam-nnCVAdHxKfOmup5FCuBDYQ==/base.apk!/lib/arm64-v8a/libreact_codegen_safeareacontext.so using class loader ns clns-7 (caller=/data/app/~~Bh61wenJZi6JNVEuOkVQfQ==/com.softnation.Ojam-nnCVAdHxKfOmup5FCuBDYQ==/base.apk!classes20.dex): ok
03-02 09:33:08.083 28602 28664 W libc    : Access denied finding property "vendor.migl.debug"
03-02 09:33:08.084 28602 28664 I libMiGL : EnableDR: 0
03-02 09:33:08.084 28602 28664 D libMEOW : meow new tls: 0xb400007981a10010
03-02 09:33:08.085 28602 28664 D libMEOW : meow reload base cfg path: na
03-02 09:33:08.085 28602 28664 D libMEOW : meow reload overlay cfg path: na
03-02 09:33:08.085 28602 28680 W lacrima : The minidump file is empty!
03-02 09:33:08.086 28602 28680 W lacrima : Start AnrAppDeathDetector... X.01w
03-02 09:33:08.089 28602 28664 E QT      : [QT]file does not exist
03-02 09:33:08.091 28602 28664 D libMEOW : applied 1 plugins for [com.facebook.katana]:
03-02 09:33:08.091 28602 28664 D libMEOW :   plugin 1: [libMEOW_gift.so]:
03-02 09:33:08.092 28602 28680 W AppInitScheduler|Run:   Finished InitLacrimaEarlyNative in 54ms
03-02 09:33:08.092 28602 28680 W AppInitScheduler|Schedule:   Executing 215:LoadVoltronModules
03-02 09:33:08.092 28602 28680 W AppInitScheduler|Schedule:   Executing 213:LoadLibColdStart
03-02 09:33:08.093 28602 28680 W AppInitScheduler|Run: Running LoadVoltronModules [*]
03-02 09:33:08.093 28602 28656 W AppInitScheduler|Run: Running LoadLibColdStart [*]
03-02 09:33:08.097 24287 24287 D nativeloader: Load /data/app/~~Bh61wenJZi6JNVEuOkVQfQ==/com.softnation.Ojam-nnCVAdHxKfOmup5FCuBDYQ==/base.apk!/lib/arm64-v8a/libappmodules.so using class loader ns clns-7 (caller=/data/app/~~Bh61wenJZi6JNVEuOkVQfQ==/com.softnation.Ojam-nnCVAdHxKfOmup5FCuBDYQ==/base.apk!classes20.dex): ok
03-02 09:33:08.097 28602 28664 D MMUD    : mtk_memory_debug_init com.facebook.katana 0xb400007c0895a5d0
03-02 09:33:08.098 28435 28496 W EpFrameworkFactory: activated: false jar exist: false
03-02 09:33:08.105 28602 28656 D nativeloader: Load /data/app/~~D6pxJj0wCihn6bL7dRHGfw==/com.facebook.katana-ytDRDVfsDJQ7KNzIgYIFlA==/lib/arm64/libfbunwindstack.so using class loader ns clns-7 (caller=/data/app/~~D6pxJj0wCihn6bL7dRHGfw==/com.facebook.katana-ytDRDVfsDJQ7KNzIgYIFlA==/base.apk): ok
03-02 09:33:08.105  2363  2477 D MiuiFreeformModeCornerTipHandler: task#37008 onTaskVanished
03-02 09:33:08.105  2363  2477 I MiuiBubbleController: removeBubble: 37008 reason=2
03-02 09:33:08.105  2363  2477 I MultiTaskingTaskRepository: onTaskInfoChanged multi list = [5, 4], full = [37008, 37006, 36980]
03-02 09:33:08.106  1621  2188 I PowerHalWrapper: amsBoostNotify pid:24287,activity:com.softnation.Ojam.MainActivity, package:com.softnation.Ojam, mProcessCreatePackcom.softnation.Ojam 
03-02 09:33:08.106  1621  2188 I PowerHalWrapper: state: 1 
03-02 09:33:08.107  1621  2188 I ScnModule: [GameDetection] packname: com.softnation.Ojam, apkSize: 113045479. 
03-02 09:33:08.108  1621  2188 I mtkpower_client: [PowerHal_Wrap_notifyAppState] com.softnation.Ojam/com.softnation.Ojam.MainActivity pid=24287 activityId:128185635 state:1
03-02 09:33:08.108   861   861 I vendor.mediatek.hardware.mtkpower_applist-service.mediatek: packName: com.softnation.Ojam actName: com.softnation.Ojam.MainActivity pid: 24287 activityId: 128185635 uid: 10337 state: 1
03-02 09:33:08.108   861   861 I MTK_APPList: [notifyAPPstate] com.softnation.Ojam/com.softnation.Ojam.MainActivity, pid=24287, activityId=128185635, uid=10337, state:RESUMED, fps:-1, win:0
03-02 09:33:08.108   861   861 I MTK_APPList: [notifyAPPstate] multi_resumed_app_count: 2
03-02 09:33:08.108   861   861 I MTK_APPList: [notifyAPPstate] multi_resumed_app_info[0] com.android.systemui/com.android.systemui._190038181, pid:2363, activityId:-1, fps:-1, isMultiWindow:0
03-02 09:33:08.108   861   861 I MTK_APPList: [notifyAPPstate] multi_resumed_app_info[1] com.softnation.Ojam/com.softnation.Ojam.MainActivity, pid:24287, activityId:128185635, fps:-1, isMultiWindow:0
03-02 09:33:08.108   861   861 I MTK_APPList: [getForegroundAPPCount] 2
03-02 09:33:08.108   861   861 I MTK_APPList: [notifyAPPstate] foreground:com.softnation.Ojam, pid:24287, activityId:128185635, uid:10337
03-02 09:33:08.108   861   861 I MTK_APPList: [notifyNetdUID] 10337
03-02 09:33:08.108   861   861 I MTK_APPList: [notifyPID] 24287
03-02 09:33:08.109  1621  2188 I PowerHalWrapper: amsBoostNotify AMS_BOOST_PROCESS_CREATE_BOOST:true 
03-02 09:33:08.109   863   958 I libPowerHal: [perfSetSysInfo] pid type:24, 24287
03-02 09:33:08.109   861   861 I MTK_APPList: [notifyAPPstate] pc:0, com.miui.home => com.softnation.Ojam
03-02 09:33:08.109  1621  1621 D MBrainLocalService: isVendorFreezeConditionPass is false
03-02 09:33:08.109  1621  1621 E MBrainLocalService: notifyAppSwitch failed
03-02 09:33:08.110 28602 28680 W AppInitScheduler|Run:   Finished LoadVoltronModules in 17ms
03-02 09:33:08.110 28602 28680 W AppInitScheduler|Schedule:   Executing 110:CreateApplicationImpl
03-02 09:33:08.110 28602 28680 W AppInitScheduler|Schedule:   Executing 205:InitUltralight
03-02 09:33:08.110 28602 28680 W AppInitScheduler|Schedule:   Executing 350:RunOnApplicationInit
03-02 09:33:08.111 28602 28672 W AppInitScheduler|Run: Running CreateApplicationImpl [*]
03-02 09:33:08.111  6515  7082 D PerfEngineController: ForegroundInfo{mForegroundPackageName='com.softnation.Ojam', mForegroundUid=10337, mForegroundPid=24287, mLastForegroundPackageName='com.miui.home', mLastForegroundUid=10166, mLastForegroundPid=1999, mMultiWindowForegroundPackageName='com.softnation.Ojam', mMultiWindowForegroundUid=10337, mFlags=1}
03-02 09:33:08.111  6027 20777 I ProcessMonitor: onForegroundInfoChanged: ForegroundInfo{mForegroundPackageName='com.softnation.Ojam', mForegroundUid=10337, mForegroundPid=24287, mLastForegroundPackageName='com.miui.home', mLastForegroundUid=10166, mLastForegroundPid=1999, mMultiWindowForegroundPackageName='com.softnation.Ojam', mMultiWindowForegroundUid=10337, mFlags=1}
03-02 09:33:08.112  6027 20777 I VideoBoxUtils: isSupportVideoBox: false
03-02 09:33:08.112  6027 20777 I VideoToolBoxService: vtb is closed!!!
03-02 09:33:08.112  1621  1907 D MiuiMultiWindowUtils: DeviceLevel.IS_MIUI_LITE_VERSION 2.0 not support miui multiWindowtides
03-02 09:33:08.113 28602 28658 W AppInitScheduler|Run: Running InitUltralight [*]
03-02 09:33:08.113  1621  1907 D BluetoothAdapter: getActiveDevices(profile= A2DP)
03-02 09:33:08.115  6027  3111 D v1      : myUserId = 0	currentUserId0
03-02 09:33:08.116 28602 28658 W AppInitScheduler|Run:   Finished InitUltralight in 3ms
03-02 09:33:08.116  1621  1650 D ActivityManager: mediaResourceManagerBinder get success
03-02 09:33:08.116 28602 28680 W AppInitScheduler|Run: Running RunOnApplicationInit [*]
03-02 09:33:08.116  1124  1124 D ResourceManagerServiceNew: update package name: com.softnation.Ojam
03-02 09:33:08.117 28602 28680 W AppInitScheduler|Schedule: Schedule 137:FbSharedPreferenceInitializer, deps=null (3 pending tasks)
03-02 09:33:08.117 28602 28680 W AppInitScheduler|Schedule:   Executing 137:FbSharedPreferenceInitializer
03-02 09:33:08.117 28602 28680 W AppInitScheduler|Schedule: Schedule 165:InitAuthentication, deps=null (4 pending tasks)
03-02 09:33:08.117 28602 28680 W AppInitScheduler|Schedule:   Executing 165:InitAuthentication
03-02 09:33:08.117 28602 28680 W AppInitScheduler|Schedule: Schedule 366:StartupDestinationAppInit, deps=[137, 165, 205] (5 pending tasks)
03-02 09:33:08.117 24287 24287 W Looper  : PerfMonitor longMsg : seq=3 plan=09:33:06.053 late=20ms wall=2037ms h=android.app.ActivityThread$H w=110 procState=-1
03-02 09:33:08.117 28602 28680 W AppInitScheduler|Schedule: Schedule 237:MobileConfigAdminIdInit, deps=[165] (6 pending tasks)
