03-02 09:33:04.033  1621  2200 W WindowManager: 	at com.android.server.wm.WindowState.sendAppVisibilityToClients(WindowState.java:3529)
03-02 09:33:04.033  1621  2200 W WindowManager: 	at com.android.server.wm.WindowContainer.sendAppVisibilityToClients(WindowContainer.java:1387)
03-02 09:33:04.033  1621  2200 W WindowManager: 	at com.android.server.wm.WindowToken.setClientVisible(WindowToken.java:423)
03-02 09:33:04.033  1621  2200 W WindowManager: 	at com.android.server.wm.ActivityRecord.setClientVisible(ActivityRecord.java:8426)
03-02 09:33:04.033  1621  2200 W WindowManager: 	at com.android.server.wm.ActivityRecord.postApplyAnimation(ActivityRecord.java:6989)
03-02 09:33:04.033  1621  2200 W WindowManager: 	at com.android.server.wm.ActivityRecord.commitVisibility(ActivityRecord.java:6931)
03-02 09:33:04.033  1621  2200 W WindowManager: 	at com.android.server.wm.Transition.finishTransition(Transition.java:1589)
03-02 09:33:04.033  1621  2200 W WindowManager: 	at com.android.server.wm.TransitionController.finishTransition(TransitionController.java:1153)
03-02 09:33:04.033  1621  2200 W WindowManager: 	at com.android.server.wm.WindowOrganizerController.finishTransition(WindowOrganizerController.java:578)
03-02 09:33:04.033  1621  2200 W WindowManager: 	at android.window.IWindowOrganizerController$Stub.onTransact(IWindowOrganizerController.java:324)
03-02 09:33:04.033  1621  2200 W WindowManager: 	at com.android.server.wm.WindowOrganizerController.onTransact(WindowOrganizerController.java:234)
03-02 09:33:04.033  1621  2200 W WindowManager: 	at android.os.Binder.execTransactInternal(Binder.java:1507)
03-02 09:33:04.033  1621  2200 W WindowManager: 	at android.os.Binder.execTransact(Binder.java:1451)
03-02 09:33:04.033  1621  2200 W Process : Unable to open /proc/29578/status
03-02 09:33:04.033  1621  2200 I Transition: finishTransition: updateLastSurfacePosition tf=Task{27e6aff #2 type=home I=com.miui.home/.launcher.Launcher}
03-02 09:33:04.033  1621  2200 I Transition: finishTransition: updateLastSurfacePosition tf=Task{d151cdd #1 type=home}
03-02 09:33:04.033  1621  2200 I Transition: finishTransition: updateLastSurfacePosition tf=Task{d170420 #37002 type=standard A=10337:com.softnation.Ojam}
03-02 09:33:04.034  1999  1999 E RotationHelper: setCurrentTransitionRequest: request=0
03-02 09:33:04.034  1621  2200 D MiuiRefreshRatePolicy: reset
03-02 09:33:04.035  1621  2200 I PowerManagerServiceImpl: Release wakelock: SCREEN_BRIGHT_WAKE_LOCK           'WindowManager/displayId:0' ON_AFTER_RELEASE DISABLED ACQ=-8m57s771ms (uid=1000 pid=1621 pkg=android ws=WorkSource{10337 com.softnation.Ojam})
03-02 09:33:04.043  1621  2200 D MiuiRefreshRatePolicy: reset
03-02 09:33:04.047   863   958 I mtkpower@impl: [powerd_req] TIMER_MSG_PERF_LOCK_TIMEOUT hdl:358983
03-02 09:33:04.047   863   958 I libPowerHal: [perfLockRel] hdl:358983, idx:3
03-02 09:33:04.047   863   958 I libPowerHal: [PD] MTKPOWER_HINT_PACK_SWITCH update cmd:1408300 param:0, pr:6
03-02 09:33:04.048   863   958 I libPowerHal: [PD] MTKPOWER_HINT_PACK_SWITCH update cmd:400000 param:1800000 pr:3
03-02 09:33:04.048   863   958 I libPowerHal: [PD] MTKPOWER_HINT_PACK_SWITCH update cmd:400100 param:2000000 pr:3
03-02 09:33:04.049  1621  2200 D WindowManager: setParent old=ActivityRecord{79ab852 u0 com.softnation.Ojam/.MainActivity t37002 f}},new=null,this window=Window{81f22 u0 com.softnation.Ojam/com.softnation.Ojam.MainActivity EXITING},callers=com.android.server.wm.WindowContainer.removeChild:897 com.android.server.wm.ActivityRecord.removeChild:5518 com.android.server.wm.ActivityRecord.removeChild:505 com.android.server.wm.WindowContainer.removeImmediately:967 com.android.server.wm.WindowState.removeImmediately:2526 com.android.server.wm.WindowContainer.removeImmediately:931 
03-02 09:33:04.049   863   958 I libPowerHal: [PD] MTKPOWER_HINT_PACK_SWITCH update ONESHOT(unset) cmd:10000700 param:16129 pr:3
03-02 09:33:04.049   863   958 I libPowerHal: [recordCPUFreqInfo] set cluster[0] min(system_server): 1800000 max(-1): -1 cluster[1] min(system_server): 2000000 max(-1): -1
03-02 09:33:04.049   863   958 I libPowerHal: [perfLockRel] Done for hdl : 358983
03-02 09:33:04.050  1621  2200 D MiuiRefreshRatePolicy: reset
03-02 09:33:04.051  1621  2200 D WindowManager: setParent old=Task{d170420 #37002 type=standard A=10337:com.softnation.Ojam},new=null,this window=ActivityRecord{79ab852 u0 com.softnation.Ojam/.MainActivity t37002 f}},callers=com.android.server.wm.WindowContainer.removeChild:897 com.android.server.wm.TaskFragment.removeChild:3337 com.android.server.wm.Task.removeChild:1929 com.android.server.wm.Task.removeChild:1908 com.android.server.wm.WindowContainer.removeImmediately:967 com.android.server.wm.WindowToken.removeImmediately:374 
03-02 09:33:04.072   921  1166 I BufferQueueDebug: [Task=37002#132261](this:0xb400007bcec1fff8,id:-1,api:0,p:-1,c:-1) BufferQueue core=(921:/system/bin/surfaceflinger)
03-02 09:33:04.074  1621  2200 D WindowManager: setParent old=DefaultTaskDisplayArea@262819365,new=null,this window=Task{d170420 #37002 type=standard A=10337:com.softnation.Ojam},callers=com.android.server.wm.WindowContainer.removeChild:897 com.android.server.wm.TaskDisplayArea.removeChildTask:360 com.android.server.wm.TaskDisplayArea.removeChild:351 com.android.server.wm.WindowContainer.removeImmediately:967 com.android.server.wm.TaskFragment.removeImmediately:3417 com.android.server.wm.Task.removeImmediately:3408 
03-02 09:33:04.074  1621  2200 D MiuiMultiWindowUtils: DeviceLevel.IS_MIUI_LITE_VERSION 2.0 not support miui multiWindowtides
03-02 09:33:04.074  1621  2200 D MiuiMultiWindowUtils: DeviceLevel.IS_MIUI_LITE_VERSION 2.0 not support miui multiWindowtides
03-02 09:33:04.075   921  1166 W VsyncModulator: setTransactionSchedule: Unexpected EarlyEnd
03-02 09:33:04.075  2363  2477 I RemoteTransitionHandlerStubImpl: invokeAndRemoveWctCB transition: android.os.BinderProxy@2d4e201, wctCB: android.window.IWindowContainerTransactionCallback$Stub$Proxy@407288d
03-02 09:33:04.076  2363  2477 I MultiTaskingTaskRepository: no MULTI_WINDOW, but base activity is null
03-02 09:33:04.076  1999 27254 D EventBus: No subscribers registered for event class com.miui.home.recents.messages.RecentTasksChangedEvent
03-02 09:33:04.076  1999  2684 D RecentsModel: onTaskStackChangedBackground    MSG_TASK_STACK_CHANGE
03-02 09:33:04.076  1999  2684 D RecentsModel: boostTaskStackChangedThread once, tid=2684, recentResourceLoaderTid=2525
03-02 09:33:04.076  1999  2756 D TransitionCallback: Transitions all anim call WindowOrganizer.finishTransition end
03-02 09:33:04.077  1999  2684 W MiBridge: Permission not granted !!
03-02 09:33:04.077  1999  2684 D Launcher.Boost: setDynamicVIPTaskIfNeeded::tid = 2684 duration = 500
03-02 09:33:04.077  1999  2756 I TransitionCallback: checkCallbackSync, size = 1
03-02 09:33:04.077  1999 27254 D EventBus: No subscribers registered for event class org.greenrobot.eventbus.NoSubscriberEvent
03-02 09:33:04.077  1999  2756 I WindowElement: ece39c8 onFinishCompleted mDisableStateManagerListener = false
03-02 09:33:04.078  1999  1999 D HomeLayerElement: releaseHomeLeash com.android.systemui.shared.recents.system.SurfaceControlCompat@fde6840
03-02 09:33:04.078  1999  1999 D HomeLayerElement: java.lang.Exception
03-02 09:33:04.078  1999  1999 D HomeLayerElement: 	at com.miui.home.recents.anim.HomeLayerElement.releaseHomeLeash(HomeLayerElement.kt:93)
03-02 09:33:04.078  1999  1999 D HomeLayerElement: 	at com.miui.home.recents.anim.WindowElement.onFinishCompleted$lambda-17(WindowElement.kt:1218)
03-02 09:33:04.078  1999  1999 D HomeLayerElement: 	at com.miui.home.recents.anim.WindowElement.$r8$lambda$9rzf3fTArGCTg2V355uRTOGSaa0(Unknown Source:0)
03-02 09:33:04.078  1999  1999 D HomeLayerElement: 	at com.miui.home.recents.anim.WindowElement$$ExternalSyntheticLambda2.run(Unknown Source:2)
03-02 09:33:04.078  1999  1999 D HomeLayerElement: 	at android.os.Handler.handleCallback(Handler.java:959)
03-02 09:33:04.078  1999  1999 D HomeLayerElement: 	at android.os.Handler.dispatchMessage(Handler.java:100)
03-02 09:33:04.078  1999  1999 D HomeLayerElement: 	at android.os.Looper.loopOnce(Looper.java:249)
03-02 09:33:04.078  1999  1999 D HomeLayerElement: 	at android.os.Looper.loop(Looper.java:337)
03-02 09:33:04.078  1999  1999 D HomeLayerElement: 	at android.app.ActivityThread.main(ActivityThread.java:9500)
03-02 09:33:04.078  1999  1999 D HomeLayerElement: 	at java.lang.reflect.Method.invoke(Native Method)
03-02 09:33:04.078  1999  1999 D HomeLayerElement: 	at com.android.internal.os.RuntimeInit$MethodAndArgsCaller.run(RuntimeInit.java:636)
03-02 09:33:04.078  1999  1999 D HomeLayerElement: 	at com.android.internal.os.ZygoteInit.main(ZygoteInit.java:1005)
03-02 09:33:04.078  1999  1999 I AnimStateManager: onAnimationEnd animSymbols(com.miui.home.recents.util.RectFSpringAnim@26ec259 com.miui.home.recents.util.RectFSpringAnim@26ec259)
03-02 09:33:04.078  1999  1999 I AnimStateManager: go to state com.miui.home.recents.anim.StateManager$IdleState@75a357d
03-02 09:33:04.079  1621  2665 I ATMSImpl: cacheTasksForDefaultDisplay size=3
03-02 09:33:04.080  1621  2200 I ATMSImpl: cacheTasksForDefaultDisplay size=3
03-02 09:33:04.081  1621  1651 I ActivityTaskManager: visible for Task{27e6aff #2 type=home I=com.miui.home/.launcher.Launcher} visible = true isAnimating = false TRANSITION = false PARENTS = false CHILDREN = false
03-02 09:33:04.081  1621  1651 I ActivityTaskManager: visible for Task{d151cdd #1 type=home} visible = true isAnimating = false TRANSITION = false PARENTS = false CHILDREN = false
03-02 09:33:04.081  1999  2684 D RecentsModel: getRunningTask ignoreActivityType : 2 ,ignoreWindowMode:5
03-02 09:33:04.082  1999  2684 W RecentsModel: getRunningTask   taskInfo=TaskInfo{userId=0 taskId=37006 displayId=0 isRunning=true baseIntent=Intent { flg=0x10000000 cmp=com.whatsapp/.home.ui.HomeActivity } baseActivity=ComponentInfo{com.whatsapp/com.whatsapp.home.ui.HomeActivity} topActivity=ComponentInfo{com.whatsapp/com.whatsapp.home.ui.HomeActivity} origActivity=null realActivity=ComponentInfo{com.whatsapp/com.whatsapp.home.ui.HomeActivity} numActivities=1 lastActiveTime=1021695477 supportsSplitScreenMultiWindow=true supportsMultiWindow=true resizeMode=1 isResizeable=true minWidth=-1 minHeight=-1 defaultMinSize=200 token=WCT{android.window.IWindowContainerToken$Stub$Proxy@362641b} topActivityType=1 pictureInPictureParams=null shouldDockBigOverlays=false launchIntoPipHostTaskId=-1 lastParentTaskIdBeforePip=-1 displayCutoutSafeInsets=Rect(0, 104 - 0, 0) topActivityInfo=ActivityInfo{34709b8 com.whatsapp.home.ui.HomeActivity} launchCookies=[] positionInParent=Point(0, 0) parentTaskId=-1 isFocused=false isVisible=false isVisibleRequested=false isSleeping=false locusId=null displayAreaFeatureId=1 isTopActivityTransparent=false appCompatTaskInfo=AppCompatTaskInfo { topActivityInSizeCompat=false topActivityEligibleForLetterboxEducation= falseisLetterboxEducationEnabled= false isLetterboxDoubleTapEnabled= false topActivityEligibleForUserAspectRatioButton= false topActivityBoundsLetterboxed= false isFromLetterboxDoubleTap= false topActivityLetterboxVerticalPosition= -1 topActivityLetterboxHorizontalPosition= -1 topActivityLetterboxWidth=1080 topActivityLetterboxHeight=2460 isUserFullscreenOverrideEnabled=false isSystemFullscreenOverrideEnabled=false cameraCompatTaskInfo=CameraCompatTaskInfo { cameraCompatControlState=hidden freeformCameraCompatMode=inactive}} isImmersive=false mTopActivityRequestOrientation=-2 mBehindAppLockPkg=null mOriginatingUid=0 isEmbedded=false shouldBeVisible=false mIsCastMode=false mTopActivityMediaSize=null mTopActivityRecordName=ActivityRecord{839147e u0 com.whatsapp/.home.ui.HomeActivity t37006} mTopActivityOrientation=-2}
03-02 09:33:04.082  1999  2684 D RecentsModel: preloadRecents runningTaskId:37006, mCurrentRunningTaskId:-1, mRecentsTaskLoadPlan=com.android.systemui.shared.recents.model.RecentsTaskLoadPlan@6856391
03-02 09:33:04.083  1999  2684 E ActivityManagerWrapper: get all recent tasks force including 37006
03-02 09:33:04.083  1621  4289 W UserManagerService: Requested status bar icon for non-badged user 0
03-02 09:33:04.084   921  1166 D SurfaceFlinger: [SF client] REMOVE (0xb400007caea4a440) for (1621:system_server)
03-02 09:33:04.084  1621  1651 W ActivityTaskManager: Can't find TaskDisplayArea to determine support for multi window. Task id=37002 attached=false
03-02 09:33:04.085  1621  1651 D MiuiRefreshRatePolicy: reset
03-02 09:33:04.089  1621  1651 I ActivityTaskManager: visible for Task{27e6aff #2 type=home I=com.miui.home/.launcher.Launcher} visible = true isAnimating = false TRANSITION = false PARENTS = false CHILDREN = false
03-02 09:33:04.089  1621  1651 I ActivityTaskManager: visible for Task{d151cdd #1 type=home} visible = true isAnimating = false TRANSITION = false PARENTS = false CHILDREN = false
03-02 09:33:04.089   921   921 I SurfaceFlinger: onHandleDestroyed: name=Task=37002#132261, layerId=132261, parentId=0
03-02 09:33:04.090   921   921 I SurfaceFlinger: onHandleDestroyed: name=ActivityRecord{79ab852 u0 com.softnation.Ojam/.MainActivity t37002}#131627, layerId=131627, parentId=0
03-02 09:33:04.090   921   921 I SurfaceFlinger: onHandleDestroyed: name=81f22 com.softnation.Ojam/com.softnation.Ojam.MainActivity#131632, layerId=131632, parentId=0
03-02 09:33:04.090   921   921 I SurfaceFlinger: onHandleDestroyed: name=com.softnation.Ojam/com.softnation.Ojam.MainActivity#132010, layerId=132010, parentId=0
03-02 09:33:04.090   921   921 I SurfaceFlinger: onHandleDestroyed: name=63790b4 ActivityRecordInputSink com.softnation.Ojam/.MainActivity#132009, layerId=132009, parentId=0
03-02 09:33:04.090  1621  4289 W UserManagerService: Requested status bar icon for non-badged user 0
03-02 09:33:04.093  1999  2684 E ActivityManagerWrapper: getRecentTasksForceIncludingTaskIdIfValid: getRecentTasks: size=3
03-02 09:33:04.093  1999  2684 E ActivityManagerWrapper:  mainTaskId=37002   userId=0   windowMode=1   baseIntent=Intent { act=android.intent.action.VIEW flag=268435456 cmp=ComponentInfo{com.softnation.Ojam/com.softnation.Ojam.MainActivity} }
03-02 09:33:04.093  1999  2684 E ActivityManagerWrapper:  mainTaskId=37006   userId=0   windowMode=1   baseIntent=Intent { act=null flag=268435456 cmp=ComponentInfo{com.whatsapp/com.whatsapp.home.ui.HomeActivity} }
03-02 09:33:04.093  1999  2684 E ActivityManagerWrapper:  mainTaskId=36980   userId=0   windowMode=1   baseIntent=Intent { act=android.intent.action.MAIN flag=270532608 cmp=ComponentInfo{com.twitter.android/com.twitter.android.StartActivity} }
03-02 09:33:04.094  1999  2684 D WorldCirculate: getWorldCirculateInfo, taskInfo.baseIntent=Intent { act=android.intent.action.VIEW dat=ojam://expo-development-client/... flg=0x10000000 cmp=com.softnation.Ojam/.MainActivity }, displayId=-1, but get Display failed
03-02 09:33:04.105   921   921 I BufferQueueDebug: [Task=37002#132261](this:0xb400007bcec1fff8,id:-1,api:0,p:-1,c:921) onDestructor()
03-02 09:33:04.106   921   921 I BufferQueueDebug: [63790b4 ActivityRecordInputSink com.softnation.Ojam/.MainActivity#132009](this:0xb400007bcec67308,id:-1,api:0,p:-1,c:921) onDestructor()
03-02 09:33:04.106   921   921 I BufferQueueDebug: [com.softnation.Ojam/com.softnation.Ojam.MainActivity#132010](this:0xb400007bcec72948,id:-1,api:0,p:-1,c:921) onDestructor()
03-02 09:33:04.106   921  1484 E BpTransactionCompletedListener: Failed to transact (-32)
03-02 09:33:04.108   921   921 I BufferQueueDebug: [81f22 com.softnation.Ojam/com.softnation.Ojam.MainActivity#131632](this:0xb400007bcec97998,id:-1,api:0,p:-1,c:921) onDestructor()
03-02 09:33:04.109   921   921 I BufferQueueDebug: [ActivityRecord{79ab852 u0 com.softnation.Ojam/.MainActivity t37002}#131627](this:0xb400007bcecb4138,id:-1,api:0,p:-1,c:921) onDestructor()
03-02 09:33:04.112  2363  2477 D MulWinSwitchDecorViewModel: destroyWindowDecoration: taskId=37002 windowingMode=1 mWindowDecorByTaskId.size()=0 callers=com.android.wm.shell.fullscreen.FullscreenTaskListener.onTaskVanished:104 com.android.wm.shell.ShellTaskOrganizer.onTaskVanished:128 android.window.TaskOrganizer$1.lambda$onTaskVanished$6:317 android.window.TaskOrganizer$1.$r8$lambda$8ODi_1s42Z5SmyxWXsgMLDG64pA:0 android.window.TaskOrganizer$1$$ExternalSyntheticLambda0.run:0 
03-02 09:33:04.115  2363  2477 D MulWinSwitchDecorViewModel: handleEventReceiverIfMultiWinSwitchIsUnsupported: removeEventReceiver, callers=com.android.wm.shell.multitasking.miuimultiwinswitch.miuiwindowdecor.MulWinSwitchDecorViewModel.destroyWindowDecoration:82 com.android.wm.shell.fullscreen.FullscreenTaskListener.onTaskVanished:104 com.android.wm.shell.ShellTaskOrganizer.onTaskVanished:128 android.window.TaskOrganizer$1.lambda$onTaskVanished$6:317 android.window.TaskOrganizer$1.$r8$lambda$8ODi_1s42Z5SmyxWXsgMLDG64pA:0 
03-02 09:33:04.116  2363  2477 D MultiTaskingTaskRepository: onTaskVanished: taskInfo.taskId: 37002 current mMultiTaskingTaskInfoList: { ,37006 ,37002 ,36980 ,36770 ,36289 ,5 ,4 }
03-02 09:33:04.116  2363  2477 D MultiTaskingTaskRepository: removeFullscreenTask taskId=37002
03-02 09:33:04.116  2363  2477 D MiuiFreeformModeCornerTipHandler: task#37002 onTaskVanished
03-02 09:33:04.116  2363  2477 I MiuiBubbleController: removeBubble: 37002 reason=2
03-02 09:33:04.116  2363  2477 I MultiTaskingTaskInfo: before call clearMaskControl task id = 37002, CoverLayerController = null, callers=com.android.wm.shell.multitasking.taskmanager.MultiTaskingTaskListener.onTaskVanished:148 com.android.wm.shell.ShellTaskOrganizer.onTaskVanished:141 android.window.TaskOrganizer$1.lambda$onTaskVanished$6:317 android.window.TaskOrganizer$1.$r8$lambda$8ODi_1s42Z5SmyxWXsgMLDG64pA:0 android.window.TaskOrganizer$1$$ExternalSyntheticLambda0.run:0 
03-02 09:33:04.116  2363  2477 I MultiTaskingTaskRepository: onTaskVanish multi list = [5, 4], full = [37006, 36980]
03-02 09:33:04.116  1999  2756 D EventBus: No subscribers registered for event class com.miui.home.recents.messages.RecentTasksChangedEvent
03-02 09:33:04.117  1999  2756 D EventBus: No subscribers registered for event class org.greenrobot.eventbus.NoSubscriberEvent
03-02 09:33:04.135 28091 28091 I ContentProvider: com.google.android.apps.photos.cloudpicker onCreate use 254 ms!
03-02 09:33:04.144  1621  4289 D skia    : SkJpegCodec::onGetPixels + (648, 1476)
03-02 09:33:04.160  1621  4289 D skia    : SkJpegCodec::onGetPixels -
03-02 09:33:04.161   861   947 I libPerfCtl: xgfGetFPS pid:921 fps:-1
03-02 09:33:04.161   861   947 I libPerfCtl: xgfGetFPS pid:1999 fps:-1
03-02 09:33:04.161   861   947 I libPerfCtl: xgfGetFPS pid:2363 fps:-1
03-02 09:33:04.174 28083 28239 D nativeloader: Load /data/app/~~zxyH2ZASsHfTq5CoJVJtmQ==/com.google.android.googlequicksearchbox-_0C7rvbNeoG2PtSH0JbZFA==/base.apk!/lib/arm64-v8a/libnative_crash_handler_jni.so using class loader ns clns-7 (caller=/data/app/~~zxyH2ZASsHfTq5CoJVJtmQ==/com.google.android.googlequicksearchbox-_0C7rvbNeoG2PtSH0JbZFA==/base.apk!classes2.dex): ok
03-02 09:33:04.174 28083 28083 I eetd    : SslGuard completed installation.
03-02 09:33:04.176  1999  2684 D TaskSnapshotCompatVV: getIsInvalidateFromTaskSnapshot, isInvalidate=false
03-02 09:33:04.176  1999  2684 D RecentsModel: onTaskStackChangedBackground    MSG_TASK_STACK_CHANGE
03-02 09:33:04.176  1999  2684 D RecentsModel: boostTaskStackChangedThread, don't boost
03-02 09:33:04.177  1621  4289 I ATMSImpl: cacheTasksForDefaultDisplay size=3
03-02 09:33:04.178  1999  2684 D RecentsModel: getRunningTask ignoreActivityType : 2 ,ignoreWindowMode:5
03-02 09:33:04.179  1999  2684 W RecentsModel: getRunningTask   taskInfo=TaskInfo{userId=0 taskId=37006 displayId=0 isRunning=true baseIntent=Intent { flg=0x10000000 cmp=com.whatsapp/.home.ui.HomeActivity } baseActivity=ComponentInfo{com.whatsapp/com.whatsapp.home.ui.HomeActivity} topActivity=ComponentInfo{com.whatsapp/com.whatsapp.home.ui.HomeActivity} origActivity=null realActivity=ComponentInfo{com.whatsapp/com.whatsapp.home.ui.HomeActivity} numActivities=1 lastActiveTime=1021695477 supportsSplitScreenMultiWindow=true supportsMultiWindow=true resizeMode=1 isResizeable=true minWidth=-1 minHeight=-1 defaultMinSize=200 token=WCT{android.window.IWindowContainerToken$Stub$Proxy@1d65500} topActivityType=1 pictureInPictureParams=null shouldDockBigOverlays=false launchIntoPipHostTaskId=-1 lastParentTaskIdBeforePip=-1 displayCutoutSafeInsets=Rect(0, 104 - 0, 0) topActivityInfo=ActivityInfo{4286139 com.whatsapp.home.ui.HomeActivity} launchCookies=[] positionInParent=Point(0, 0) parentTaskId=-1 isFocused=false isVisible=false isVisibleRequested=false isSleeping=false locusId=null displayAreaFeatureId=1 isTopActivityTransparent=false appCompatTaskInfo=AppCompatTaskInfo { topActivityInSizeCompat=false topActivityEligibleForLetterboxEducation= falseisLetterboxEducationEnabled= false isLetterboxDoubleTapEnabled= false topActivityEligibleForUserAspectRatioButton= false topActivityBoundsLetterboxed= false isFromLetterboxDoubleTap= false topActivityLetterboxVerticalPosition= -1 topActivityLetterboxHorizontalPosition= -1 topActivityLetterboxWidth=1080 topActivityLetterboxHeight=2460 isUserFullscreenOverrideEnabled=false isSystemFullscreenOverrideEnabled=false cameraCompatTaskInfo=CameraCompatTaskInfo { cameraCompatControlState=hidden freeformCameraCompatMode=inactive}} isImmersive=false mTopActivityRequestOrientation=-2 mBehindAppLockPkg=null mOriginatingUid=0 isEmbedded=false shouldBeVisible=false mIsCastMode=false mTopActivityMediaSize=null mTopActivityRecordName=ActivityRecord{839147e u0 com.whatsapp/.home.ui.HomeActivity t37006} mTopActivityOrientation=-2}
03-02 09:33:04.179  1999  2684 D RecentsModel: preloadRecents runningTaskId:37006, mCurrentRunningTaskId:-1, mRecentsTaskLoadPlan=com.android.systemui.shared.recents.model.RecentsTaskLoadPlan@de6f37e
03-02 09:33:04.181  1999  2684 E ActivityManagerWrapper: get all recent tasks force including 37006
03-02 09:33:04.183 28091 28246 D nativeloader: Load /data/app/~~eFQJQrXi9rcujl59WTF5pA==/com.google.android.apps.photos-lcd7avm9C4hx-h2uSVnu1g==/lib/arm64/libnative_crash_handler_jni.so using class loader ns clns-7 (caller=/data/app/~~eFQJQrXi9rcujl59WTF5pA==/com.google.android.apps.photos-lcd7avm9C4hx-h2uSVnu1g==/base.apk!classes2.dex): ok
03-02 09:33:04.186  1999  2684 E ActivityManagerWrapper: getRecentTasksForceIncludingTaskIdIfValid: getRecentTasks: size=3
03-02 09:33:04.186  1999  2684 E ActivityManagerWrapper:  mainTaskId=37002   userId=0   windowMode=1   baseIntent=Intent { act=android.intent.action.VIEW flag=268435456 cmp=ComponentInfo{com.softnation.Ojam/com.softnation.Ojam.MainActivity} }
03-02 09:33:04.186  1999  2684 E ActivityManagerWrapper:  mainTaskId=37006   userId=0   windowMode=1   baseIntent=Intent { act=null flag=268435456 cmp=ComponentInfo{com.whatsapp/com.whatsapp.home.ui.HomeActivity} }
03-02 09:33:04.186  1999  2684 E ActivityManagerWrapper:  mainTaskId=36980   userId=0   windowMode=1   baseIntent=Intent { act=android.intent.action.MAIN flag=270532608 cmp=ComponentInfo{com.twitter.android/com.twitter.android.StartActivity} }
03-02 09:33:04.187  1999  2684 D WorldCirculate: getWorldCirculateInfo, taskInfo.baseIntent=Intent { act=android.intent.action.VIEW dat=ojam://expo-development-client/... flg=0x10000000 cmp=com.softnation.Ojam/.MainActivity }, displayId=-1, but get Display failed
03-02 09:33:04.188 24286 26800 E msys    : E[N WA]_WAJMNSStreamImplOnMNSFailure(287)=>[LogLevel:I] WAJMNSStream/impl/callback/onMNSFailure/p=0xb400007a01ab2ad0 (error=MNSTCPSocketReceive(): Received EOF)
03-02 09:33:04.188 24286 26800 E msys    : E[N WA]_WAJMNSStreamImplCreateConnectionReport(194)=>[LogLevel:I] WAJMNSStream/impl/report port=5222, connectedIPVersion=4, resolvedIPAddressCount=1, dnsResolutionStartTimeMS=605290886, dnsResolutionEndTimeMS=605290886, dnsCacheHit=Yes, connectStartTimeMS=605290886, connectEndTimeMS=605291034, proxyConnectStartTimeMS=0, proxyConnectEndTimeMS=0
03-02 09:33:04.188 24286 26800 E msys    : E[N WA]_WAJMNSStreamImplUpdateStreamState(230)=>[LogLevel:I] WAJMNSStream/impl/state-changed/p=0xb400007a01ab2ad0 (connected=>disconnected)
03-02 09:33:04.191 24286 26771 E msys    : E[N WA]WAJMNSStreamImplDisconnectSync(497)=>[LogLevel:W] WAJMNSStream/impl/disconnect/p=0xb400007a01ab2ad0 (bytesSent=2633)(bytesRecv=53802)
03-02 09:33:04.201  8942  8942 D BoundBrokerSvc: onBind: Intent { act=com.google.android.mobstore.service.START pkg=com.google.android.gms }
03-02 09:33:04.201  8942  8942 D BoundBrokerSvc: Loading bound service for intent: Intent { act=com.google.android.mobstore.service.START pkg=com.google.android.gms }
03-02 09:33:04.204  1621  1842 I MiuiNetworkPolicy: updateUidState uid = 10300, uidState = 19
03-02 09:33:04.223 28083 28083 I cseg    : Initializing GMS Compliance Client Library...
03-02 09:33:04.224 28083 28083 I cseg    : Checking for device compliance...
03-02 09:33:04.224 28083 28083 I cseg    : Completed library init.
03-02 09:33:04.226  1621  2200 I ClipboardServiceI: checkProviderWakePathForClipboard: primaryClip is null
03-02 09:33:04.231  1621  1842 I MiuiNetworkPolicy: updateUidState uid = 10165, uidState = 3
03-02 09:33:04.232 28083 28083 W Looper  : PerfMonitor longMsg : seq=2 plan=09:33:03.071 late=15ms wall=1145ms h=android.app.ActivityThread$H w=110 procState=-1
03-02 09:33:04.235 27809 27809 D BoundBrokerSvc: onBind: Intent { act=com.google.android.gms.gmscompliance.service.START dat=chimera-action:/... cmp=com.google.android.gms/.chimera.PersistentBoundBrokerService }
03-02 09:33:04.235 27809 27809 D BoundBrokerSvc: Loading bound service for intent: Intent { act=com.google.android.gms.gmscompliance.service.START dat=chimera-action:/... cmp=com.google.android.gms/.chimera.PersistentBoundBrokerService }
03-02 09:33:04.271 28091 28091 W Looper  : PerfMonitor longMsg : seq=2 plan=09:33:03.125 late=11ms wall=1134ms h=android.app.ActivityThread$H w=110 procState=-1
03-02 09:33:04.272  1621  1842 I MiuiNetworkPolicy: updateUidState uid = 10204, uidState = 8
03-02 09:33:04.279   849  1430 I hwcomposer: [HWC] (0)fire a callback of refresh to SF[4]  
03-02 09:33:04.280 28083 28083 I fazv    : (REDACTED) Scoped context discovery schemas: %s.
03-02 09:33:04.286 28091 28260 W JobInfo : Job 'com.google.android.apps.photos/com.google.android.libraries.social.async.BackgroundTaskJobService#1043' has a deadline with no functional constraints. The deadline won't improve job execution latency. Consider removing the deadline.
03-02 09:33:04.297   921   921 I MI-SF   : surfaceflinger setAffinity mode=1
03-02 09:33:04.297   921   921 E MI-SF   : surfaceflinger setAffinity success
03-02 09:33:04.297   921   921 I MI-SF   : surfaceflinger setreAffinity reTid=1207
03-02 09:33:04.297   921   921 E MI-SF   : surfaceflinger setAffinity success
03-02 09:33:04.342  1621  2665 D ConnectivityService: requestNetwork for uid/pid:10204/28091 activeRequest: null callbackRequest: 241313 [NetworkRequest [ REQUEST id=241314, [ Capabilities: INTERNET&NOT_RESTRICTED&TRUSTED&NOT_VCN_MANAGED&NOT_BANDWIDTH_CONSTRAINED Uid: 10204 RequestorUid: 10204 RequestorPkg: com.google.android.apps.photos UnderlyingNetworks: Null] ]] callback flags: 0 order: 2147483647 isUidTracked: false declaredMethods: AVAIL|LOST
03-02 09:33:04.351 28083 28083 I brdr    : (REDACTED) Dismissing old window %s
03-02 09:33:04.352  1621  1843 D WifiNetworkFactory: got request NetworkRequest [ REQUEST id=241314, [ Capabilities: INTERNET&NOT_RESTRICTED&TRUSTED&NOT_VCN_MANAGED&NOT_BANDWIDTH_CONSTRAINED Uid: 10204 RequestorUid: 10204 RequestorPkg: com.google.android.apps.photos UnderlyingNetworks: Null] ]
03-02 09:33:04.353  1621  1843 D UntrustedWifiNetworkFactory: got request NetworkRequest [ REQUEST id=241314, [ Capabilities: INTERNET&NOT_RESTRICTED&TRUSTED&NOT_VCN_MANAGED&NOT_BANDWIDTH_CONSTRAINED Uid: 10204 RequestorUid: 10204 RequestorPkg: com.google.android.apps.photos UnderlyingNetworks: Null] ]
03-02 09:33:04.354  1621  1843 D OemPaidWifiNetworkFactory: got request NetworkRequest [ REQUEST id=241314, [ Capabilities: INTERNET&NOT_RESTRICTED&TRUSTED&NOT_VCN_MANAGED&NOT_BANDWIDTH_CONSTRAINED Uid: 10204 RequestorUid: 10204 RequestorPkg: com.google.android.apps.photos UnderlyingNetworks: Null] ]
03-02 09:33:04.355  1621  1843 D MultiInternetWifiNetworkFactory: got request NetworkRequest [ REQUEST id=241314, [ Capabilities: INTERNET&NOT_RESTRICTED&TRUSTED&NOT_VCN_MANAGED&NOT_BANDWIDTH_CONSTRAINED Uid: 10204 RequestorUid: 10204 RequestorPkg: com.google.android.apps.photos UnderlyingNetworks: Null] ]
03-02 09:33:04.355  1621  1856 D ConnectivityService: NetReassign [241314 : null ΓåÆ 255] [c 1] [a 1] [i 7]
03-02 09:33:04.360 28083 28083 I brdz    : (REDACTED) onDestroy: isRecreating: %s
03-02 09:33:04.361  1621  4289 I ClipboardServiceI: checkProviderWakePathForClipboard: primaryClip is null
03-02 09:33:04.369 28083 28083 I brdr    : (REDACTED) Created new binder managed window %s
03-02 09:33:04.370 28083 28249 I cseg    : (REDACTED) Device Compliance Fetch time taken = %sms
03-02 09:33:04.370 28083 28083 I brdr    : (REDACTED) WindowRefsActive: %d, TouchableWindowRefsActive: %b
03-02 09:33:04.370 28083 28249 I cseg    : Device is compliant!
03-02 09:33:04.370 28083 28083 I brdz    : (REDACTED) MinusoneConfigDbg windowAttached config=%s
03-02 09:33:04.370 28083 28083 I brdz    : (REDACTED) windowAttached start logFlowId=%s, configuration=%s, acetoneState=%s, overlayWindow=%s, fragmentHost=%s, binderManagedWindow=%s, params=%s
03-02 09:33:04.371 28083 28249 I cseg    : Invoking "compliant" action...
03-02 09:33:04.374 28083 28083 I brdz    : (REDACTED) onDestroy: isRecreating: %s
03-02 09:33:04.375 28083 28083 I brdz    : (REDACTED) initWindow for %s with token %s
03-02 09:33:04.381 28083 28083 W WindowOnBackDispatcher: OnBackInvokedCallback is not enabled for the application.
03-02 09:33:04.381 28083 28083 W WindowOnBackDispatcher: Set 'android:enableOnBackInvokedCallback="true"' in the application manifest.
03-02 09:33:04.466  1621  2665 D AS.BtHelper: isBluetoothScoOn() mBluetoothHeadset is null: falsemBluetoothHeadsetDevice is null: true
03-02 09:33:04.468  1621  2665 V AS.AudioDeviceBroker: requestedCommunicationDevice: null mAudioModeOwner: AudioModeInfo: mMode=MODE_NORMAL, mPid=0, mUid=0
03-02 09:33:04.469  1621  2665 D AS.BtHelper: isBluetoothScoOn() mBluetoothHeadset is null: falsemBluetoothHeadsetDevice is null: true
03-02 09:33:04.469  1621  2665 V AS.AudioDeviceBroker: requestedCommunicationDevice: null mAudioModeOwner: AudioModeInfo: mMode=MODE_NORMAL, mPid=0, mUid=0
03-02 09:33:04.470  2350  2350 W Settings: Setting airplane_mode_on has moved from android.provider.Settings.System to android.provider.Settings.Global, returning read-only value.
03-02 09:33:04.472  2350  2350 W Settings: Setting airplane_mode_on has moved from android.provider.Settings.System to android.provider.Settings.Global, returning read-only value.
03-02 09:33:04.477  1621  1908 D PerfMTKStubImpl: perfLockReleaseHandler: 358982
03-02 09:33:04.478  1621  1908 I mtkpower_client: perf_lock_rel, hdl:358982, tid:1908
03-02 09:33:04.478  1621  1908 D SchedBoost: stopBoostInternal
03-02 09:33:04.479   863   958 I libPowerHal: [perfLockRel] hdl:358982, idx:1
03-02 09:33:04.479   863   958 I libPowerHal: [unsetGPUFreq] current min:0, max:0; scn_gpu_min:0, scn_gpu_max:-1; scn_gpu_min(HL):-1, scn_gpu_max(HL):-1
03-02 09:33:04.479   863   958 I libPowerHal: system_server: set gpu opp level: 31
03-02 09:33:04.479  1621  1908 D SchedBoost: thread tid=1999, priority is set to -10
03-02 09:33:04.479   863   958 I libPowerHal: system_server: set gpu opp level max: 0
03-02 09:33:04.480   863   958 I libPowerHal: [setGPUFreq] Soft min/max = (31, 0); Hard min/max = (31, 0)
03-02 09:33:04.480   863   958 I libPowerHal: [setGPUFreq] final min/max = (31, 0)
03-02 09:33:04.480   863   958 I libPowerHal: system_server: set gpu opp level: 31
03-02 09:33:04.480   863   958 I libPowerHal: system_server: set gpu opp level max: 0
03-02 09:33:04.481  1621  1908 D SchedBoost: thread tid=2551, priority is set to -10
03-02 09:33:04.481   863   958 I libPowerHal: [PD] system_server update cmd:400000 param:-1 pr:6
03-02 09:33:04.481  1621  1908 D SchedBoost: thread tid=2652, priority is set to -20
03-02 09:33:04.481   863   958 I libPowerHal: [PD] system_server update cmd:400100 param:-1 pr:6
03-02 09:33:04.482   863   958 I libPowerHal: [PD] system_server update cmd:1000000 param:-1 pr:6
03-02 09:33:04.482   863   958 I libPowerHal: [recordCPUFreqInfo] set cluster[0] min(-1): -1 max(-1): -1 cluster[1] min(-1): -1 max(-1): -1
03-02 09:33:04.483   863   958 I libPowerHal: [perfLockRel] Done for hdl : 358982
03-02 09:33:04.485 28083 28083 I SurfaceFactory: [static] sSurfaceFactory = com.mediatek.view.impl.SurfaceFactoryImpl@46d4ee4
03-02 09:33:04.487   921  2359 D SurfaceFlinger: [SF client] NEW(0xb400007caea4a440) for (28083:com.google.android.googlequicksearchbox:googleapp)
03-02 09:33:04.487  2350 29580 D NetworkSpeedTracker: updateSignalInfo lteRsrp=-69lteSnr=21,phoneId=1
03-02 09:33:04.492  2350 29580 D NetworkSpeedTracker: updateSignalInfo lteRsrp=-69lteSnr=21,phoneId=1
03-02 09:33:04.505 28083 28083 D MiuiCameraCoveredManager: java.lang.NullPointerException: Attempt to invoke virtual method 'java.lang.String android.provider.MiuiSettings$SettingsCloudData$CloudData.getString(java.lang.String, java.lang.String)' on a null object reference
03-02 09:33:04.506 28083 28083 D FramePredict: FramePredict init: true
03-02 09:33:04.507 28083 28083 D FramePredict: init success
03-02 09:33:04.509  1621  2200 W ActivityManager: Permission Denial: getCurrentUser() from pid=28083, uid=10165 requires android.permission.INTERACT_ACROSS_USERS
03-02 09:33:04.510 28083 28083 W libc    : Access denied finding property "ro.vendor.perf.scroll_opt"
03-02 09:33:04.511 28083 28267 E FramePredict: registerContentObserver fail
03-02 09:33:04.528 28083 28268 W libc    : Access denied finding property "ro.vendor.display.iris_x7.support"
03-02 09:33:04.550 28083 28083 D VRI[LauncherMinusOneScreen]: hardware acceleration = true, forceHwAccelerated = false
03-02 09:33:04.561   921  2359 D SurfaceFlinger: [SF client] NEW(0xb400007caea313c0) for (1621:system_server)
03-02 09:33:04.564   921  1500 I BufferQueueDebug: [5788f41 LauncherMinusOneScreen#132262](this:0xb400007bcecb4138,id:-1,api:0,p:-1,c:-1) BufferQueue core=(921:/system/bin/surfaceflinger)
03-02 09:33:04.570  1621  2200 W WindowManager: Changing focus from Window{d85ca12 u0 com.miui.home/com.miui.home.launcher.Launcher} to Window{5788f41 u0 LauncherMinusOneScreen} displayId=0 Callers=com.android.server.wm.RootWindowContainer.updateFocusedWindowLocked:602 com.android.server.wm.WindowManagerService.updateFocusedWindowLocked:7168 com.android.server.wm.WindowManagerService.addWindow:2247 com.android.server.wm.Session.addToDisplayAsUser:280 
03-02 09:33:04.572  1621  2200 I whetstone.activity: Power Event callback listener is empty for resId=32
03-02 09:33:04.572  1621  2200 D BatteryStatsManagerStub: notifyEvent for resId=32 used 1ms
03-02 09:33:04.573   921   921 I MI-SF   : surfaceflinger setAffinity mode=0
03-02 09:33:04.574   921   921 E MI-SF   : surfaceflinger setAffinity success
03-02 09:33:04.575   921  1500 I BufferQueueDebug: [Surface(name=5b2ee94 StatusBar#103)/@0xf6cf932 - animation-leash of insets_animation#132263](this:0xb400007bcec97998,id:-1,api:0,p:-1,c:-1) BufferQueue core=(921:/system/bin/surfaceflinger)
03-02 09:33:04.578   921  1500 I BufferQueueDebug: [Surface(name=77d8129 NavigationBar0#101614)/@0x3faba4f - animation-leash of insets_animation#132264](this:0xb400007bcec1fff8,id:-1,api:0,p:-1,c:-1) BufferQueue core=(921:/system/bin/surfaceflinger)
03-02 09:33:04.581  1621  2200 D WindowManager: wms.Input focus has changed to Window{5788f41 u0 LauncherMinusOneScreen} display=0 updateInputWindows = false
03-02 09:33:04.582  1621  2200 I MultiSenceManagerInternalStub: getInstance
03-02 09:33:04.582  1621  1928 I MultiSenceManagerInternalStubImpl: packageName = com.miui.home
03-02 09:33:04.582  1621  1928 W ContextImpl: Calling a method in the system process without a qualified user: android.app.ContextImpl.sendBroadcast:1260 com.android.server.wm.MultiSenceManagerInternalStubImpl.sendFocusWindowsBroadcast:148 com.android.server.wm.MultiSenceManagerInternalStubImpl$UpdateScreenStatus.run:98 android.os.Handler.handleCallback:959 android.os.Handler.dispatchMessage:100 
03-02 09:33:04.583  1621  1928 W ActivityManagerServiceImpl: Sending non-protected broadcast com.xiaomi.multisence.action.FOCUSED_CHANGE from system 1621:system/1000 pkg android. Callers=com.android.server.am.ActivityManagerService.checkBroadcastFromSystem:16365 com.android.server.am.ActivityManagerService.broadcastIntentLockedTraced:17236 com.android.server.am.ActivityManagerService.broadcastIntentLocked:16425 com.android.server.am.ActivityManagerService.broadcastIntentWithFeature:17459 android.app.ContextImpl.sendBroadcast:1264 
03-02 09:33:04.585  1621  1651 I ActivityTaskManager: visible for Task{27e6aff #2 type=home I=com.miui.home/.launcher.Launcher} visible = true isAnimating = false TRANSITION = false PARENTS = false CHILDREN = false
03-02 09:33:04.585  1621  1651 I ActivityTaskManager: visible for Task{d151cdd #1 type=home} visible = true isAnimating = false TRANSITION = false PARENTS = false CHILDREN = false
03-02 09:33:04.591  1621  1651 D WindowManager: wms.Focus not requested for window=Window{5788f41 u0 LauncherMinusOneScreen} because it has no surface or is not focusable.
03-02 09:33:04.592 28083 28083 D InputEventReceiver: Input log is disabled in InputEventReceiver.
03-02 09:33:04.592  1621  1651 I ActivityTaskManager: visible for Task{27e6aff #2 type=home I=com.miui.home/.launcher.Launcher} visible = true isAnimating = false TRANSITION = false PARENTS = false CHILDREN = false
03-02 09:33:04.592  1621  1651 I ActivityTaskManager: visible for Task{d151cdd #1 type=home} visible = true isAnimating = false TRANSITION = false PARENTS = false CHILDREN = false
03-02 09:33:04.605   921   921 I SurfaceFlinger: onHandleDestroyed: name=Surface(name=77d8129 NavigationBar0#101614)/@0x3faba4f - animation-leash of insets_animation#132253, layerId=132253, parentId=0
03-02 09:33:04.605   921   921 I SurfaceFlinger: onHandleDestroyed: name=Surface(name=5b2ee94 StatusBar#103)/@0xf6cf932 - animation-leash of insets_animation#132252, layerId=132252, parentId=0
03-02 09:33:04.621   921   921 I BufferQueueDebug: [Surface(name=77d8129 NavigationBar0#101614)/@0x3faba4f - animation-leash of insets_animation#132253](this:0xb400007bcec8f0e8,id:-1,api:0,p:-1,c:921) onDestructor()
03-02 09:33:04.621   921   921 I BufferQueueDebug: [Surface(name=5b2ee94 StatusBar#103)/@0xf6cf932 - animation-leash of insets_animation#132252](this:0xb400007bceca2fd8,id:-1,api:0,p:-1,c:921) onDestructor()
03-02 09:33:04.628  1621  1631 I system_server: Background young concurrent mark compact GC freed 28MB AllocSpace bytes, 88(1848KB) LOS objects, 18% free, 145MB/178MB, paused 2.945ms,15.703ms total 285.012ms
03-02 09:33:04.629   921  1500 I SurfaceFlinger: onHandleDestroyed: name=Transition Root #10102: Task=1#132254, layerId=132254, parentId=0
03-02 09:33:04.632  1621  1633 W System  : A resource failed to call HardwareBuffer.close. 
03-02 09:33:04.642 28083 28230 D nativeloader: Load /data/app/~~zxyH2ZASsHfTq5CoJVJtmQ==/com.google.android.googlequicksearchbox-_0C7rvbNeoG2PtSH0JbZFA==/base.apk!/lib/arm64-v8a/libmappedcountercacheversionjni.so using class loader ns clns-7 (caller=/data/app/~~zxyH2ZASsHfTq5CoJVJtmQ==/com.google.android.googlequicksearchbox-_0C7rvbNeoG2PtSH0JbZFA==/base.apk!classes2.dex): ok
03-02 09:33:04.644 28083 28083 I brdz    : (REDACTED) windowAttached completed window=%s fragmentHost=%s
03-02 09:33:04.645  1999  1999 D Launcher: LauncherOverlayCallbacksImpl_onScrollChanged:0.0
03-02 09:33:04.649   921   921 I BufferQueueDebug: [Transition Root #10102: Task=1#132254](this:0xb400007bcec8c358,id:-1,api:0,p:-1,c:921) onDestructor()
03-02 09:33:04.654 28083 28083 D nativeloader: Load libpowerhalwrap_jni.so using system ns (caller=/system_ext/framework/mediatek-framework.jar): ok
03-02 09:33:04.655 28083 28083 I PowerHalWrapper: PowerHalWrapper.getInstance 
03-02 09:33:04.655 28083 28083 I M-ProMotion: M-ProMotion is disabled
03-02 09:33:04.658 28083 28083 I brdz    : onStart
03-02 09:33:04.672 28083 28083 I brdz    : onResume
03-02 09:33:04.676 28083 28083 D DecorViewImmersiveImpl: onAttachedToWindow:LauncherMinusOneScreen
03-02 09:33:04.680   921   921 I BufferQueueProducer: [com.miui.home/com.miui.home.launcher.Launcher#132251](this:0xb400007bcecbf778,id:-1,api:0,p:-1,c:921) queueBuffer: fps=0.75 dur=1324.93 max=1324.93 min=1324.93
03-02 09:33:04.683  1621  2200 D CoreBackPreview: Window{5788f41 u0 LauncherMinusOneScreen}: Setting back callback OnBackInvokedCallbackInfo{mCallback=android.window.IOnBackInvokedCallback$Stub$Proxy@5386b96, mPriority=0, mIsAnimationCallback=false}
03-02 09:33:04.687  1999  1999 D Launcher: LauncherOverlayCallbacksImpl_onScrollChanged:0.0
03-02 09:33:04.688   921  1500 I BufferQueueDebug: [LauncherMinusOneScreen#132265](this:0xb400007bcec8f0e8,id:-1,api:0,p:-1,c:-1) BufferQueue core=(921:/system/bin/surfaceflinger)
03-02 09:33:04.691  1621  4289 D MiuiRefreshRatePolicy: reset
03-02 09:33:04.697 28083 28083 D BufferQueueConsumer: [](id:6db300000000,api:0,p:-1,c:28083) connect: controlledByApp=false
03-02 09:33:04.697  1621  1651 I ActivityTaskManager: visible for Task{27e6aff #2 type=home I=com.miui.home/.launcher.Launcher} visible = true isAnimating = false TRANSITION = false PARENTS = false CHILDREN = false
03-02 09:33:04.697  1621  1651 I ActivityTaskManager: visible for Task{d151cdd #1 type=home} visible = true isAnimating = false TRANSITION = false PARENTS = false CHILDREN = false
03-02 09:33:04.698  1621  1651 D SurfaceComposerClient: Transaction::apply InputWindowCommands.focusRequests timestamp=605578242664325, windowName=5788f41 LauncherMinusOneScreen
03-02 09:33:04.701 28083 28083 D BLASTBufferQueue: [VRI[LauncherMinusOneScreen]#0](f:0,a:0) constructor()
03-02 09:33:04.701 28083 28083 D BLASTBufferQueue: [VRI[LauncherMinusOneScreen]#0](f:0,a:0) update width=1080 height=2460 format=-2 mTransformHint=0
03-02 09:33:04.708 28083 28268 D vulkan  : searching for layers in '/data/app/~~zxyH2ZASsHfTq5CoJVJtmQ==/com.google.android.googlequicksearchbox-_0C7rvbNeoG2PtSH0JbZFA==/lib/arm64'
03-02 09:33:04.708 28107 28107 W libc    : Access denied finding property "ro.vendor.audio.dolby.dax3_3point8"
03-02 09:33:04.708 28083 28083 D VRI[LauncherMinusOneScreen]: vri.reportNextDraw android.view.ViewRootImpl.performTraversals:4984 android.view.ViewRootImpl.doTraversal:3564 android.view.ViewRootImpl$TraversalRunnable.run:11781 android.view.Choreographer$CallbackRecord.run:1804 android.view.Choreographer$CallbackRecord.run:1813 
03-02 09:33:04.709 28083 28083 D VRI[LauncherMinusOneScreen]: Setup new sync=wmsSync-VRI[LauncherMinusOneScreen]#0
03-02 09:33:04.710 28107 28107 D AndroidRuntime: >>>>>> START com.android.internal.os.RuntimeInit uid 2000 <<<<<<
03-02 09:33:04.710 28083 28083 D UserSceneDetector: invoke error.
03-02 09:33:04.712 28083 28268 D vulkan  : searching for layers in '/data/app/~~zxyH2ZASsHfTq5CoJVJtmQ==/com.google.android.googlequicksearchbox-_0C7rvbNeoG2PtSH0JbZFA==/base.apk!/lib/arm64-v8a'
03-02 09:33:04.714   921   921 D SurfaceFlinger: Focus addInputWindowCommands timestamp=605578242664325, windowName=5788f41 LauncherMinusOneScreen
03-02 09:33:04.719   921  1483 D SurfaceFlinger: updateWinowInfo=1, setFocusedWindow timestamp=605578242664325, windowName=5788f41 LauncherMinusOneScreen
03-02 09:33:04.721  1999  1999 D Launcher.Lifecycle: onWindowFocusChanged:false,UserHandle{0},c143874,true
03-02 09:33:04.732 28083 28268 D vulkan  : searching for layers in '/data/app/~~zxyH2ZASsHfTq5CoJVJtmQ==/com.google.android.googlequicksearchbox-_0C7rvbNeoG2PtSH0JbZFA==/split_config.xxhdpi.apk!/lib/arm64-v8a'
03-02 09:33:04.732 28083 28268 D vulkan  : searching for layers in '/data/app/~~zxyH2ZASsHfTq5CoJVJtmQ==/com.google.android.googlequicksearchbox-_0C7rvbNeoG2PtSH0JbZFA==/split_lens_ondevice_engine_feature_module.apk!/lib/arm64-v8a'
03-02 09:33:04.733 28083 28268 D vulkan  : searching for layers in '/data/app/~~zxyH2ZASsHfTq5CoJVJtmQ==/com.google.android.googlequicksearchbox-_0C7rvbNeoG2PtSH0JbZFA==/split_lens_ondevice_engine_play_ml_module.apk!/lib/arm64-v8a'
03-02 09:33:04.737 28083 28268 D vulkan  : searching for layers in '/data/app/~~zxyH2ZASsHfTq5CoJVJtmQ==/com.google.android.googlequicksearchbox-_0C7rvbNeoG2PtSH0JbZFA==/split_tclib_native_feature_module.apk!/lib/arm64-v8a'
03-02 09:33:04.737 28083 28268 D vulkan  : searching for layers in '/data/app/~~zxyH2ZASsHfTq5CoJVJtmQ==/com.google.android.googlequicksearchbox-_0C7rvbNeoG2PtSH0JbZFA==/lib/arm64'
03-02 09:33:04.743 28083 28268 D vulkan  : searching for layers in '/data/app/~~zxyH2ZASsHfTq5CoJVJtmQ==/com.google.android.googlequicksearchbox-_0C7rvbNeoG2PtSH0JbZFA==/base.apk!/lib/arm64-v8a'
03-02 09:33:04.745 28083 28268 D vulkan  : searching for layers in '/data/app/~~zxyH2ZASsHfTq5CoJVJtmQ==/com.google.android.googlequicksearchbox-_0C7rvbNeoG2PtSH0JbZFA==/split_config.xxhdpi.apk!/lib/arm64-v8a'
03-02 09:33:04.746 28083 28268 D vulkan  : searching for layers in '/data/app/~~zxyH2ZASsHfTq5CoJVJtmQ==/com.google.android.googlequicksearchbox-_0C7rvbNeoG2PtSH0JbZFA==/split_lens_ondevice_engine_feature_module.apk!/lib/arm64-v8a'
03-02 09:33:04.747 28083 28268 D vulkan  : searching for layers in '/data/app/~~zxyH2ZASsHfTq5CoJVJtmQ==/com.google.android.googlequicksearchbox-_0C7rvbNeoG2PtSH0JbZFA==/split_lens_ondevice_engine_play_ml_module.apk!/lib/arm64-v8a'
03-02 09:33:04.747 28083 28268 D vulkan  : searching for layers in '/data/app/~~zxyH2ZASsHfTq5CoJVJtmQ==/com.google.android.googlequicksearchbox-_0C7rvbNeoG2PtSH0JbZFA==/split_tclib_native_feature_module.apk!/lib/arm64-v8a'
03-02 09:33:04.757 28083 28268 D MMUD    : mtk_memory_debug_init com.google.android.googlequicksearchbox:googleapp 0xb400007c0895a5d0
03-02 09:33:04.759 28107 28107 I AndroidRuntime: Using default boot image
03-02 09:33:04.759 28107 28107 I AndroidRuntime: Leaving lock profiling enabled
03-02 09:33:04.781 28107 28107 I app_process: Using CollectorTypeCMC GC.
03-02 09:33:04.807 18562 18789 D BluetoothDevice: getAddress: mAddress=XX:XX:XX:XX:6B:24
03-02 09:33:04.807 18562 18789 D BluetoothDevice: getAddress: mAddress=XX:XX:XX:XX:6B:24
03-02 09:33:04.807 18562 18789 D BluetoothDevice: getAddress: mAddress=XX:XX:XX:XX:6B:24
03-02 09:33:04.859 28083 28277 D MMUD    : get_leak_baseline 3246391296
03-02 09:33:04.861 28083 28268 D HWUI    : makeCurrent grContext:0xb4000079f1a121d0 reset mTextureAvailable
03-02 09:33:04.864 28083 28268 D chbox:googleapp: MiuiProcessManagerServiceStub setSchedFifo
03-02 09:33:04.865 28083 28268 I MiuiProcessManagerImpl: setSchedFifo pid:28083, mode:3
03-02 09:33:04.865  1621  4289 D ProcessManager: beginSchedThreads is not Enabled
03-02 09:33:04.866 28083 28268 D MAGT_SYNC_FRAME: MAGT Sync: MAGT is not supported. Disabling Sync.
03-02 09:33:04.877 28083 28268 D chbox:googleapp: Can't load libmbrainSDK
03-02 09:33:04.879  1999  1999 I TransitionCallback: clear leash = Surface(name=TL_Surface(name=Task=1#47)/@0x4e5384f_transition-leash#132255)/@0x6dea155, key = ComponentInfo{com.miui.home/com.miui.home.launcher.Launcher}#1
03-02 09:33:04.879  1999  1999 I TransitionCallback: clear leash = Surface(name=TL_Surface(name=Task=37002#131626)/@0x8db3bdc_transition-leash#132256)/@0x403645b, key = ComponentInfo{com.softnation.Ojam/com.softnation.Ojam.MainActivity}#37002
03-02 09:33:04.880  1999  1999 D TransitionCallback: mNoCacheLeashList recycle Surface(name=TL_Surface(name=WallpaperWindowToken{2d6d85a token=android.os.Binder@8dfa005}#66)/@0x9bdb4e5_transition-leash#132257)/@0xfbaa60d
03-02 09:33:04.881  1999  1999 D TransitionCallback: mNoCacheLeashList recycle Surface(name=TL_Surface(name=WallpaperWindowToken{d3319dd token=android.os.Binder@113b9b4}#64)/@0x101fbba_transition-leash#132258)/@0xd8803d3
03-02 09:33:04.882 28083 28268 I GrallocExtra: gralloc_extra_query:is_SW3D 0
03-02 09:33:04.884 28083 28268 W libc    : Access denied finding property "ro.vendor.display.iris_x7.support"
03-02 09:33:04.898   921   921 I SurfaceFlinger: onHandleDestroyed: name=TL_Surface(name=WallpaperWindowToken{2d6d85a token=android.os.Binder@8dfa005}#66)/@0x9bdb4e5_transition-leash#132257, layerId=132257, parentId=0
03-02 09:33:04.898   921   921 I SurfaceFlinger: onHandleDestroyed: name=TL_Surface(name=WallpaperWindowToken{d3319dd token=android.os.Binder@113b9b4}#64)/@0x101fbba_transition-leash#132258, layerId=132258, parentId=0
03-02 09:33:04.898   921   921 I SurfaceFlinger: onHandleDestroyed: name=TL_Surface(name=Task=1#47)/@0x4e5384f_transition-leash#132255, layerId=132255, parentId=0
03-02 09:33:04.898   921   921 I SurfaceFlinger: onHandleDestroyed: name=TL_Surface(name=Task=37002#131626)/@0x8db3bdc_transition-leash#132256, layerId=132256, parentId=0
03-02 09:33:04.900   849   849 I hwcomposer: [HWCDisplay] (0 updateFps():3667), (type:1, mode:2) fps:21.407135,dur:1027.69,max:278.31,min:15.42  
03-02 09:33:04.915   921   921 I BufferQueueDebug: [TL_Surface(name=Task=37002#131626)/@0x8db3bdc_transition-leash#132256](this:0xb400007bcebbf2d8,id:-1,api:0,p:-1,c:921) onDestructor()
03-02 09:33:04.915   921   921 I BufferQueueDebug: [TL_Surface(name=WallpaperWindowToken{2d6d85a token=android.os.Binder@8dfa005}#66)/@0x9bdb4e5_transition-leash#132257](this:0xb400007bcec80d18,id:-1,api:0,p:-1,c:921) onDestructor()
03-02 09:33:04.915   921   921 I BufferQueueDebug: [TL_Surface(name=Task=1#47)/@0x4e5384f_transition-leash#132255](this:0xb400007bcecb13a8,id:-1,api:0,p:-1,c:921) onDestructor()
