03-02 09:33:07.297  1621  4246 D FileUtils: Rounded bytes from 8055762944 to 16000000000
03-02 09:33:07.299 28507 28507 D CompatChangeReporter: Compat change id reported: 279646685; UID 10304; state: ENABLED
03-02 09:33:07.302  1621  4754 D FileUtils: Rounded bytes from 8055762944 to 16000000000
03-02 09:33:07.303  1621  4246 D PackageManager: set app component=ComponentInfo{com.transsion.phoenix/androidx.work.impl.background.systemjob.SystemJobService} enabled state: 1 from com.transsion.phoenix,uid=10304,pid=28507
03-02 09:33:07.306 28507 28563 W System  : ClassLoader referenced unknown path: 
03-02 09:33:07.307 28507 28563 D nativeloader: Configuring clns-8 for other apk . target_sdk_version=36, uses_libraries=, library_path=/data/app/~~PNgoFDHBmGdMmQt2moPCLQ==/com.google.android.gms-wSL8VlioUsna9-KnDrZN3A==/lib/arm64:/data/app/~~PNgoFDHBmGdMmQt2moPCLQ==/com.google.android.gms-wSL8VlioUsna9-KnDrZN3A==/base.apk!/lib/arm64-v8a, permitted_path=/data:/mnt/expand:/data/user/0/com.google.android.gms
03-02 09:33:07.323 28507 28563 W anssion.phoenix: ClassLoaderContext classpath element checksum mismatch. expected=1150104373, found=3691308901 (DLC[];PCL[base.apk*1150104373]{PCL[/system/framework/org.apache.http.legacy.jar*4025584831]#PCL[/system/framework/com.android.location.provider.jar*3414091812]#PCL[/system/framework/com.android.media.remotedisplay.jar*2042759013]#PCL[/system_ext/framework/androidx.window.extensions.jar*3622430006]#PCL[/system_ext/framework/androidx.window.sidecar.jar*2958050178]} | DLC[];PCL[/data/app/~~8pr16HvZDzwRyOt7doiwfQ==/com.transsion.phoenix-C0krKMd6aZso-35o5BqEUA==/base.apk*3691308901]{PCL[/system/framework/org.apache.http.legacy.jar*4025584831]#PCL[/system_ext/framework/androidx.window.extensions.jar*3622430006]#PCL[/system_ext/framework/androidx.window.sidecar.jar*2958050178]})
03-02 09:33:07.326  1621  4246 I ClipboardServiceI: checkProviderWakePathForClipboard: primaryClip is null
03-02 09:33:07.329  1621  4246 V GrammaticalInflectionUtils: AttributionSource: android.content.AttributionSource@c43feddd does not have READ_SYSTEM_GRAMMATICAL_GENDER permission.
03-02 09:33:07.337 28435 28501 W phoenix:service: Long monitor contention with owner TP-command_thread-11 (28497) at android.content.IContentProvider android.app.ActivityThread.acquireProvider(android.content.Context, java.lang.String, int, boolean)(ActivityThread.java:8619) waiters=0 in android.content.IContentProvider android.app.ActivityThread.acquireProvider(android.content.Context, java.lang.String, int, boolean) for 326ms
03-02 09:33:07.341  1621  4754 I ClipboardServiceI: checkProviderWakePathForClipboard: primaryClip is null
03-02 09:33:07.359 28435 28497 D CompatChangeReporter: Compat change id reported: 312399441; UID 10304; state: ENABLED
03-02 09:33:07.361  1621  1842 I MiuiNetworkPolicy: updateUidState uid = 10304, uidState = 10
03-02 09:33:07.361   835   835 D Zygote  : Forked child process 28602
03-02 09:33:07.363 28507 28507 W libc    : Access denied finding property "ro.vendor.perf.scroll_opt"
03-02 09:33:07.363 28507 28540 D CompatChangeReporter: Compat change id reported: 312399441; UID 10304; state: ENABLED
03-02 09:33:07.369  1621  1667 I ActivityManager: Start proc 28602:com.facebook.katana/u0a287 for content provider {com.facebook.katana/com.facebook.platform.common.provider.PlatformProviderBase} caller=com.transsion.phoenix
03-02 09:33:07.375 28507 28507 D nativeloader: Load libpowerhalwrap_jni.so using system ns (caller=/system_ext/framework/mediatek-framework.jar): ok
03-02 09:33:07.375 28507 28507 I PowerHalWrapper: PowerHalWrapper.getInstance 
03-02 09:33:07.376 28507 28507 I M-ProMotion: M-ProMotion is disabled
03-02 09:33:07.377 28602 28602 E Zygote  : process_name_ptr:28602 com.facebook.katana
03-02 09:33:07.377 28602 28602 E Zygote  : SetMemoryProtected process_name_ptr:28602 com.facebook.katana
03-02 09:33:07.389 28507 28507 D FramePredict: FramePredict init: true
03-02 09:33:07.394 28602 28602 I facebook.katana: Using CollectorTypeCMC GC.
03-02 09:33:07.395  1055  1186 D connsyslogger: SD_LOG_ROOT is /data/debuglogger/connsyslog/fw.
03-02 09:33:07.396  1055  1186 D connsyslogger: systemReady:1
03-02 09:33:07.406  1621  1842 I MiuiNetworkPolicy: updateUidState uid = 10304, uidState = 19
03-02 09:33:07.418  1201  1298 D AALService: [CRTC_114] onALIChanged: 4 -> 3
03-02 09:33:07.421 28602 28602 D nativeloader: Load libframework-connectivity-tiramisu-jni.so using APEX ns com_android_tethering for caller /apex/com.android.tethering/javalib/framework-connectivity-t.jar: ok
03-02 09:33:07.431  1177  1177 I thermal_src: recvmsg_expect 5, but get 2 
03-02 09:33:07.431 28602 28602 I MessageMonitor: Load libmiui_runtime
03-02 09:33:07.431  1177  1177 V thermal_src: TA_DAEMON_CMD_GET_TPCB:ERROR ret=-1
03-02 09:33:07.432  1177  1177 E thermal_src: get_tpcb_from_kernel:error -1. retry...
03-02 09:33:07.432  1177  1177 I thermal_src: recvmsg_expect 5, but get 2 
03-02 09:33:07.432  1177  1177 V thermal_src: TA_DAEMON_CMD_GET_TPCB:ERROR ret=-1
03-02 09:33:07.432  1177  1177 E thermal_src: get_tpcb_from_kernel:error -1. retry...
03-02 09:33:07.432  1177  1177 I thermal_src: recvmsg_expect 4, but get 5 
03-02 09:33:07.432  1177  1177 V thermal_src: TA_DAEMON_CMD_SET_TTJ:ERROR ret=-1
03-02 09:33:07.432  1177  1177 E thermal_src: set_ttj_to_kernel 1:error -1
03-02 09:33:07.432  1177  1177 I thermal_src: recvmsg_expect 2, but get 5 
03-02 09:33:07.432  1177  1177 V thermal_src: waiting NOTIFY from kernel miss, -1
03-02 09:33:07.432  1177  1177 I thermal_src: recvmsg_expect 2, but get 4 
03-02 09:33:07.432  1177  1177 V thermal_src: waiting NOTIFY from kernel miss, -1
03-02 09:33:07.437  1621  4246 D SymlinkUtils: attachApplication file op go pass: 0 ms
03-02 09:33:07.438  1621  4246 I SmartPower: com.facebook.katana/10287(28602): died->background(30219ms) R(process start ) adj=-10000.
03-02 09:33:07.443 27809 28319 I PhenotypeResourceReader: unable to find any Phenotype resource metadata for com.transsion.phoenix
03-02 09:33:07.451 28602 28624 D MiuiDownscaleImpl: set override inverted scale : 1.0
03-02 09:33:07.452  1621  1842 I MiuiNetworkPolicy: updateUidState uid = 10287, uidState = 19
03-02 09:33:07.455 28602 28602 I JavaheapMonitor: Disabled. Process name: <pre-initialized>
03-02 09:33:07.456 28602 28602 D MiuiMonitorThread: Shared singleton Thread for stability monitor start
03-02 09:33:07.468 24287 24287 W FirebaseApp: Default FirebaseApp failed to initialize because no default options were found. This usually means that com.google.gms:google-services was not applied to your gradle project.
03-02 09:33:07.468 24287 24287 I FirebaseInitProvider: FirebaseApp initialization unsuccessful
03-02 09:33:07.470 28602 28602 D ActivityThread: setEmbeddedParam packageName=com.facebook.katana processName=com.facebook.katana isEmbedded=false isIsolated=false
03-02 09:33:07.473 28602 28602 D ApplicationLoaders: Returning zygote-cached class loader: /system/framework/org.apache.http.legacy.jar
03-02 09:33:07.473 28602 28602 D ApplicationLoaders: Returning zygote-cached class loader: /system_ext/framework/androidx.window.extensions.jar
03-02 09:33:07.473 28602 28602 D ApplicationLoaders: Returning zygote-cached class loader: /system_ext/framework/androidx.window.sidecar.jar
03-02 09:33:07.486  1621  4246 D AS.BtHelper: isBluetoothScoOn() mBluetoothHeadset is null: falsemBluetoothHeadsetDevice is null: true
03-02 09:33:07.487  1621  4246 V AS.AudioDeviceBroker: requestedCommunicationDevice: null mAudioModeOwner: AudioModeInfo: mMode=MODE_NORMAL, mPid=0, mUid=0
03-02 09:33:07.487  1621  4432 D AS.BtHelper: isBluetoothScoOn() mBluetoothHeadset is null: falsemBluetoothHeadsetDevice is null: true
03-02 09:33:07.487  1621  4432 V AS.AudioDeviceBroker: requestedCommunicationDevice: null mAudioModeOwner: AudioModeInfo: mMode=MODE_NORMAL, mPid=0, mUid=0
03-02 09:33:07.492 28507 28611 E anssion.phoenix: No package ID 6b found for resource ID 0x6b0b0013.
03-02 09:33:07.495 28507 28611 I FA      : App measurement initialized, version: 155007
03-02 09:33:07.495 28507 28611 I FA      : To enable debug logging run: adb shell setprop log.tag.FA VERBOSE
03-02 09:33:07.496 28507 28611 I FA      : To enable faster debug mode event logging run:
03-02 09:33:07.496 28507 28611 I FA      :   adb shell setprop debug.firebase.analytics.app com.transsion.phoenix
03-02 09:33:07.514  1621  4246 I ClipboardServiceI: checkProviderWakePathForClipboard: primaryClip is null
03-02 09:33:07.533   433   433 I lowmemorykiller: Kill 'com.truecaller' (27369), uid 10291, oom_score_adj 935 to free 311720kB rss, 38444kB swap; reason: cw
03-02 09:33:07.533 24287 24287 W SoLoader: Initializing SoLoader: 0
03-02 09:33:07.534 28507 28552 E Cleanermanager: startScan: 1 3
03-02 09:33:07.535 24287 24287 W SoLoader: Recording new base apk path: /data/app/~~Bh61wenJZi6JNVEuOkVQfQ==/com.softnation.Ojam-nnCVAdHxKfOmup5FCuBDYQ==/base.apk
03-02 09:33:07.535 24287 24287 W SoLoader: Previously recorded 0 base apk paths.
03-02 09:33:07.539 24287 24287 I SoLoader: Preparing SO source: DirectorySoSource[root = /vendor/lib64 flags = 2]
03-02 09:33:07.540 24287 24287 I SoLoader: Preparing SO source: DirectorySoSource[root = /system/lib64 flags = 2]
03-02 09:33:07.540 24287 24287 I SoLoader: Preparing SO source: DirectApkSoSource[root = [/data/app/~~Bh61wenJZi6JNVEuOkVQfQ==/com.softnation.Ojam-nnCVAdHxKfOmup5FCuBDYQ==/base.apk!/lib/arm64-v8a]]
03-02 09:33:07.551   433   457 E lowmemorykiller: process_mrelease 27369 failed: No such process
03-02 09:33:07.594 28435 28496 D CompatChangeReporter: Compat change id reported: 279646685; UID 10304; state: ENABLED
03-02 09:33:07.599  1621  4432 D ConnectivityService: requestNetwork for uid/pid:10304/28507 activeRequest: null callbackRequest: 241321 [NetworkRequest [ REQUEST id=241322, [ Capabilities: INTERNET&NOT_RESTRICTED&TRUSTED&NOT_VCN_MANAGED&NOT_BANDWIDTH_CONSTRAINED Uid: 10304 RequestorUid: 10304 RequestorPkg: com.transsion.phoenix UnderlyingNetworks: Null] ]] callback flags: 0 order: 2147483647 isUidTracked: false declaredMethods: AVAIL|LOST|NC|LP
03-02 09:33:07.613  1621  1843 D WifiNetworkFactory: got request NetworkRequest [ REQUEST id=241322, [ Capabilities: INTERNET&NOT_RESTRICTED&TRUSTED&NOT_VCN_MANAGED&NOT_BANDWIDTH_CONSTRAINED Uid: 10304 RequestorUid: 10304 RequestorPkg: com.transsion.phoenix UnderlyingNetworks: Null] ]
03-02 09:33:07.613  1621  1843 D UntrustedWifiNetworkFactory: got request NetworkRequest [ REQUEST id=241322, [ Capabilities: INTERNET&NOT_RESTRICTED&TRUSTED&NOT_VCN_MANAGED&NOT_BANDWIDTH_CONSTRAINED Uid: 10304 RequestorUid: 10304 RequestorPkg: com.transsion.phoenix UnderlyingNetworks: Null] ]
03-02 09:33:07.614  1621  1843 D OemPaidWifiNetworkFactory: got request NetworkRequest [ REQUEST id=241322, [ Capabilities: INTERNET&NOT_RESTRICTED&TRUSTED&NOT_VCN_MANAGED&NOT_BANDWIDTH_CONSTRAINED Uid: 10304 RequestorUid: 10304 RequestorPkg: com.transsion.phoenix UnderlyingNetworks: Null] ]
03-02 09:33:07.614  1621  1843 D MultiInternetWifiNetworkFactory: got request NetworkRequest [ REQUEST id=241322, [ Capabilities: INTERNET&NOT_RESTRICTED&TRUSTED&NOT_VCN_MANAGED&NOT_BANDWIDTH_CONSTRAINED Uid: 10304 RequestorUid: 10304 RequestorPkg: com.transsion.phoenix UnderlyingNetworks: Null] ]
03-02 09:33:07.615  1621  1856 D ConnectivityService: NetReassign [241322 : null ΓåÆ 255] [c 0] [a 4] [i 9]
03-02 09:33:07.618  1201  1298 D AALService: [CRTC_114] onALIChanged: 3 -> 4
03-02 09:33:07.619 28507 28538 D nativeloader: Load /data/app/~~8pr16HvZDzwRyOt7doiwfQ==/com.transsion.phoenix-C0krKMd6aZso-35o5BqEUA==/split_config.arm64_v8a.apk!/lib/arm64-v8a/libmmkv.so using class loader ns clns-7 (caller=/data/app/~~8pr16HvZDzwRyOt7doiwfQ==/com.transsion.phoenix-C0krKMd6aZso-35o5BqEUA==/base.apk!classes2.dex): ok
03-02 09:33:07.620  1621  4432 I ClipboardServiceI: checkProviderWakePathForClipboard: primaryClip is null
03-02 09:33:07.622   921   921 I BufferQueueProducer: [NavigationBar0#101619](this:0xb400007bced454e8,id:-1,api:0,p:-1,c:921) queueBuffer: fps=60.03 dur=1016.09 max=17.31 min=16.06
03-02 09:33:07.636  1124  1316 D StagefrightMetadataRetriever: setDataSource(12, 0, 8589281)
03-02 09:33:07.639  1621  4238 I tsched_scene: binder died pkg=com.truecaller, cb=miui.turbosched.ITurboSchedManager$ITurboSchedStateChangeCallback$Stub$Proxy@dbd3557
03-02 09:33:07.639  1621  2188 I SensorService: 	>>> actuating h/w activate handle=0x1 enabled=0
03-02 09:33:07.640   853   853 I Accelerometer: batch: handle:0, flag:0,samplingPeriodNs:66000000 maxBatchReportLatencyNs:0

03-02 09:33:07.640  1621  4763 I ActivityManager: Process com.truecaller (pid 27369) has died: cch+35 CEM 
03-02 09:33:07.641  1621  1907 E ProcessManager: error write exception log
03-02 09:33:07.642   835   835 I Zygote  : Process 27369 exited due to signal 9 (Killed)
03-02 09:33:07.642  1621  1676 D SsruManagerImpl: MiSsru Sensor not init!!!!
03-02 09:33:07.642  1621  2188 I SensorService: 	>>> actuating h/w activate handle=0x4 enabled=0
03-02 09:33:07.642   853   853 I VGyroscope: enable, handle:3, en:0
03-02 09:33:07.642  1621  1856 D ConnectivityService: releasing NetworkRequest [ REQUEST id=241290, [ Capabilities: INTERNET&NOT_RESTRICTED&TRUSTED&NOT_VCN_MANAGED&NOT_BANDWIDTH_CONSTRAINED Uid: 10291 RequestorUid: 10291 RequestorPkg: com.truecaller UnderlyingNetworks: Null] ] (release request)
03-02 09:33:07.645   853   853 I Accelerometer: enable: handle:0, en:0

03-02 09:33:07.645  1621  4763 I ScnModule: [GameDetection] packname: com.truecaller, apkSize: 138060084. 
03-02 09:33:07.645  1621  4763 I mtkpower_client: [PowerHal_Wrap_notifyAppState] com.truecaller/com.truecaller pid=27369 activityId:27369 state:3
03-02 09:33:07.645   861   861 I vendor.mediatek.hardware.mtkpower_applist-service.mediatek: packName: com.truecaller actName: com.truecaller pid: 27369 activityId: 27369 uid: 10291 state: 3
03-02 09:33:07.645   861   861 I MTK_APPList: [notifyAPPstate] com.truecaller/com.truecaller, pid=27369, activityId=27369, uid=10291, state:DEAD, fps:-1, win:0
03-02 09:33:07.645   861   861 I MTK_APPList: [notifyAPPstate] multi_resumed_app_count: 1
03-02 09:33:07.645   861   861 I MTK_APPList: [notifyAPPstate] multi_resumed_app_info[0] com.android.systemui/com.android.systemui._190038181, pid:2363, activityId:-1, fps:-1, isMultiWindow:0
03-02 09:33:07.645   861   861 I MTK_APPList: [getForegroundAPPCount] 1
03-02 09:33:07.645   861   861 I MTK_APPList: [notifyAPPstate] pack:com.truecaller, pid:27369, STATE_DEAD
03-02 09:33:07.645   861   861 I MTK_APPList: [notifyNetdUID] 10166
03-02 09:33:07.646  1621  1668 I libprocessgroup: Removed cgroup /sys/fs/cgroup/uid_10291/pid_27369
03-02 09:33:07.646  1621  1668 E libprocessgroup: Failed to write 1 to /sys/fs/cgroup/uid_10291/pid_27369/cgroup.kill: No such file or directory
03-02 09:33:07.646  1621  1668 E libprocessgroup: Failed to open /sys/fs/cgroup/uid_10291/pid_27369/cgroup.procs: No such file or directory
03-02 09:33:07.647   861   861 I MTK_APPList: [notifyPID] 1999
03-02 09:33:07.647   853   853 I Magnetic: enable: handle:1, en:0 

03-02 09:33:07.647   863   958 I libPowerHal: [perfSetSysInfo] pid type:24, 1999
03-02 09:33:07.648  6515  7082 D UidObserver: onUidGone entry uid = 10291
03-02 09:33:07.648  1621  1638 D DisplayManagerService: Drop pending events for gone uid 10291
03-02 09:33:07.648  1621  1842 I MiuiNetworkPolicy: removeUidState uid = 10291
03-02 09:33:07.650   853   853 D Qst     : Qst_enableLib 0 0x80
03-02 09:33:07.650   853   853 D Qst     : QstAlgolib vision:QST-V2.7-20241225
03-02 09:33:07.651  6027  3111 I MIUISafety-Monitor: onUid 10291 gone
03-02 09:33:07.652  1621  1676 D SsruManagerImpl: MiSsru Sensor not init!!!!
03-02 09:33:07.667  1621  1746 E JobScheduler.Background: Couldn't determine stopped state for unknown package: com.google.android.apps.turbo
03-02 09:33:07.667  1621  1746 E JobScheduler.Background: Couldn't determine stopped state for unknown package: com.google.android.apps.turbo
03-02 09:33:07.667  1621  1746 E JobScheduler.Background: Couldn't determine stopped state for unknown package: com.google.android.apps.turbo
03-02 09:33:07.667  1621  1746 E JobScheduler.Background: Couldn't determine stopped state for unknown package: com.google.android.apps.turbo
03-02 09:33:07.667  1621  1746 E JobScheduler.Background: Couldn't determine stopped state for unknown package: com.google.android.apps.turbo
03-02 09:33:07.684 24287 24287 I SoLoader: Preparing SO source: ApplicationSoSource[DirectorySoSource[root = /data/app/~~Bh61wenJZi6JNVEuOkVQfQ==/com.softnation.Ojam-nnCVAdHxKfOmup5FCuBDYQ==/lib/arm64 flags = 0]]
03-02 09:33:07.684 24287 24287 I SoLoader: init finish: 4 SO sources prepared
03-02 09:33:07.685 24287 24287 W SoLoader: SoLoader initialized: 8
03-02 09:33:07.696  1104  1311 D Utils   : convertMessageToMetaData, Mime = video/mp4
03-02 09:33:07.701  1124  1316 D StagefrightMetadataRetriever: getFrameAtTime: -1 us option: 2 colorFormat: 1, metaOnly: 0
03-02 09:33:07.701  1104  1311 D Utils   : convertMessageToMetaData, Mime = video/mp4
03-02 09:33:07.702  1104  2196 D Utils   : convertMessageToMetaData, Mime = video/avc
03-02 09:33:07.704  1104  2196 D Utils   : convertMessageToMetaData, Mime = video/avc
03-02 09:33:07.705  1104  2196 D Utils   : convertMessageToMetaData, Mime = video/avc
03-02 09:33:07.706  1124  1316 D MediaCodecList: processName: /system/bin/mediaserver , mime: video/avc
03-02 09:33:07.706  1124  1316 D FrameDecoder: Create FrameDecoder
03-02 09:33:07.707  1124  1316 D MediaCodec: CreateByComponentName: name c2.mtk.avc.decoder
03-02 09:33:07.710 28602 28602 W facebook.katana: Failed to find entry 'classes.dex': Entry not found
03-02 09:33:07.710  1124  1316 D CCodecBufferChannel: mBufferCountDebug=0 mIsUserLoad=1
03-02 09:33:07.710  1124  1316 D MBrainDateManager: MBrainDataManager Constructor caller
03-02 09:33:07.710  1124  1316 D MBrainManager: mMBrainSupport 0, return NULL
03-02 09:33:07.710  1124  1316 D MBrainDateManager: mMBrainManager = nullptr
03-02 09:33:07.710  1124  1316 D CCodecBufferChannel: new MBrainDataManager() fail
03-02 09:33:07.710  1124  1316 D MBrainDateManager: MBrainDataManager Constructor clear
03-02 09:33:07.711  1124  1316 D MediaCodec: [0xe38c2930] init: CCodec 0xe4ac42d0, CCodecBufferChannel 0xe40c1cf0
03-02 09:33:07.711  1124  1316 I MediaCodec: init video box disabled for codec not supported
03-02 09:33:07.716  1124 28634 D MediaCodec: [0xe38c2930] setState: 1
03-02 09:33:07.716  1124 28634 I MediaCodec: [mId: 3502] [video-debug-dec] setState: INITIALIZING
03-02 09:33:07.716  1124 28635 D CCodec  : allocate(c2.mtk.avc.decoder)
03-02 09:33:07.717 28602 28602 W facebook.katana: Failed to find entry 'classes.dex': Entry not found
03-02 09:33:07.718  1124 28635 I CCodec  : setting up 'default' as default (vendor) store
03-02 09:33:07.720   852  9156 D C2MtkComponentStore: trytofind: name=c2.mtk.avc.decoder
03-02 09:33:07.720   852  9156 D C2MtkComponentStore: find: name=c2.mtk.avc.decoder, key=c2.mtk.avc.decoder
03-02 09:33:07.723   852  9156 V C2MtkVdec: in CreateCodec2AvcFactory
03-02 09:33:07.726 28602 28602 W facebook.katana: Failed to find entry 'classes.dex': Entry not found
03-02 09:33:07.727   852  9156 E C2MtkVdecExt: [0xE9E4DCFC] Cannot create config from /vendor/etc/mtk_platform_codecs_engmode_config.xml
03-02 09:33:07.728   852  9156 V C2MtkVdec: in CreateCodec2InitFactory
03-02 09:33:07.729   852  9156 E C2MtkVdecExt: [0xE9E4835C] Cannot create config from /vendor/etc/mtk_platform_codecs_engmode_config.xml
03-02 09:33:07.729 28602 28602 W facebook.katana: Failed to find entry 'classes.dex': Entry not found
03-02 09:33:07.730   852  9156 D C2MtkComponentStore: onNumberOfVideoInstancesChanged: Decoder 1, Encoder 0
03-02 09:33:07.730   852  9156 V C2MtkVdec: Number of instances increased to 1(c2.mtk.avc.decoder)
03-02 09:33:07.731   852  9156 D C2MtkVdec: [0xE6646CE0] IntfImpl: name=c2.mtk.avc.decoder, kind=1, domain=1, mediaType=video/avc, driverIntf=v4l2
03-02 09:33:07.733 28602 28602 W facebook.katana: Failed to find entry 'classes.dex': Entry not found
03-02 09:33:07.736   852  9156 D C2MtkVdec: [0xE6646CE0] Max supported level: 20495
03-02 09:33:07.736   852  9156 D C2MtkVdec: [0xE6646CE0] Supported resolution: max(width 3840, height 2160), min(width 16, height 16)
03-02 09:33:07.736   852  9156 D C2MtkVdec: [0xE6646CE0] Alignment required for output buffer: width 16, height 32
03-02 09:33:07.736 28602 28602 W facebook.katana: Failed to find entry 'classes.dex': Entry not found
03-02 09:33:07.737   852  9156 D C2MtkVdec: (video/avc): MaxInputSizeSetter: 2097152 -> 2097152 bytes, width 320, height 240
03-02 09:33:07.739   852  9156 D C2MtkVdecExt: [0xE6F0078C] ExtIntfImpl: name=c2.mtk.avc.decoder, kind=1, domain=1, mediaType=video/avc
03-02 09:33:07.739   852  9156 E C2MtkVdec: [0xE32435BC] Lock on weak_ptr (mIntf) returns null.
03-02 09:33:07.740 28602 28602 W facebook.katana: Failed to find entry 'classes.dex': Entry not found
03-02 09:33:07.740   852  9156 V C2MtkVdecExt: VdecVppIndependentDisabledSetter, (0 1 1)
03-02 09:33:07.740   852  9156 D C2MtkComponentStore: onRuntimeInfoUpdated[0xE6646CE0]: new instance added.
03-02 09:33:07.740   852  9156 D C2MtkComponentStore: onRuntimeInfoUpdated[0xE6646CE0]: invalid, cUid 0, cPid 0, psDisabled 0, isCpuDemanding 0, cluster , minFreq 
03-02 09:33:07.740   852  9156 D C2MtkComponentStore: onRuntimeInfoUpdated[0xE6646CE0]: normal mode. isHeavyLoading 0, numOfValInst 0, psDisable 0
03-02 09:33:07.740   852  9156 D C2MtkComponent: [0xE6DC4220] setWorkflow: PROCESSED->COMPLETED
03-02 09:33:07.740   852  9156 D C2MtkComponent: [0xE6DC4220] setWorkflow: UNPROCESSED->PROCESSED
03-02 09:33:07.743 28602 28602 W facebook.katana: Failed to find entry 'classes.dex': Entry not found
03-02 09:33:07.743   852  9156 D C2MtkVdec: [0xE6DC4210] C2MtkVdec: name=c2.mtk.avc.decoder, kind=1, domain=1, mediaType=video/avc
03-02 09:33:07.743   852  9156 D C2MtkVdec: [0xE6DC4210] Client: mCallingUid 1013, mCallingPid 1124
03-02 09:33:07.743   852  9156 D C2MtkVdecExt: [0xE71C0960] ExtImpl: name=c2.mtk.avc.decoder, kind=1, domain=1, mediaType=video/avc
03-02 09:33:07.744   852  9156 E MDP     : DpAsyncBlitStream:: do not support 10bit
03-02 09:33:07.744   852  9156 D C2MtkConvert: isMDPSupport10bits isSupport: 0
03-02 09:33:07.744   852  9156 D C2MtkVdec: [0xE6DC4210] Supported params 67
03-02 09:33:07.744   852  9156 D RPU     : [0xE9EDC76C] extent() != 1 for single value type: algo.buffers.max-count.values
03-02 09:33:07.744   852  9156 D RPU     : [0xE9EDC76C] extent() != 1 for single value type: output.subscribed-indices.values
03-02 09:33:07.745   852  9156 D RPU     : [0xE9EDC76C] extent() != 1 for single value type: input.buffers.allocator-ids.values
03-02 09:33:07.745   852  9156 D RPU     : [0xE9EDC76C] extent() != 1 for single value type: output.buffers.allocator-ids.values
03-02 09:33:07.745   852  9156 D RPU     : [0xE9EDC76C] extent() != 1 for single value type: algo.buffers.allocator-ids.values
03-02 09:33:07.745   852  9156 D RPU     : [0xE9EDC76C] extent() != 1 for single value type: output.buffers.pool-ids.values
03-02 09:33:07.745   852  9156 D RPU     : [0xE9EDC76C] extent() != 1 for single value type: algo.buffers.pool-ids.values
03-02 09:33:07.745   852  9156 D RPU     : [0xE9EDC76C] ignored struct field coded.color-format.locations
03-02 09:33:07.747 28602 28602 W facebook.katana: Failed to find entry 'classes.dex': Entry not found
03-02 09:33:07.748  1124 28635 W mediaserver: AIBinder_linkToDeath is being called with a non-null cookie and no onUnlink callback set. This might not be intended. AIBinder_DeathRecipient_setOnUnlinked should be called first.
03-02 09:33:07.749  1124 28635 I CCodec  : Created component [c2.mtk.avc.decoder]
03-02 09:33:07.749  1124 28635 D CCodecBufferChannel: [0xe40c1cf0] setComponent: mName c2.mtk.avc.decoder#668, mPipelineWatcher 0xe40c1ee0
03-02 09:33:07.749  1124 28635 D CCodecBufferChannel: PipelineWatcher debug info [c2.mtk.avc.decoder#668] enable=0
03-02 09:33:07.749  1124 28635 D CCodecConfig: read media type: video/avc
03-02 09:33:07.750 28602 28602 W facebook.katana: Failed to find entry 'classes.dex': Entry not found
03-02 09:33:07.753 28602 28602 W facebook.katana: Failed to find entry 'classes.dex': Entry not found
03-02 09:33:07.756  1124 28635 D ReflectedParamUpdater: extent() != 1 for single value type: algo.buffers.max-count.values
03-02 09:33:07.756 28602 28602 W facebook.katana: Failed to find entry 'classes.dex': Entry not found
03-02 09:33:07.756  1124 28635 D ReflectedParamUpdater: extent() != 1 for single value type: output.subscribed-indices.values
03-02 09:33:07.757  1124 28635 D ReflectedParamUpdater: extent() != 1 for single value type: input.buffers.allocator-ids.values
03-02 09:33:07.757  1124 28635 D ReflectedParamUpdater: extent() != 1 for single value type: output.buffers.allocator-ids.values
03-02 09:33:07.757  1124 28635 D ReflectedParamUpdater: extent() != 1 for single value type: algo.buffers.allocator-ids.values
03-02 09:33:07.758  1124 28635 D ReflectedParamUpdater: extent() != 1 for single value type: output.buffers.pool-ids.values
03-02 09:33:07.758  1124 28635 D ReflectedParamUpdater: extent() != 1 for single value type: algo.buffers.pool-ids.values
03-02 09:33:07.759 28602 28602 W facebook.katana: Failed to find entry 'classes.dex': Entry not found
03-02 09:33:07.762 28602 28602 W facebook.katana: Failed to find entry 'classes.dex': Entry not found
03-02 09:33:07.762  1124 28635 D ReflectedParamUpdater: ignored struct field coded.color-format.locations
03-02 09:33:07.766 28602 28602 W facebook.katana: Failed to find entry 'classes.dex': Entry not found
03-02 09:33:07.770 28602 28602 D nativeloader: Configuring clns-7 for other apk /data/app/~~D6pxJj0wCihn6bL7dRHGfw==/com.facebook.katana-ytDRDVfsDJQ7KNzIgYIFlA==/base.apk:/data/app/~~D6pxJj0wCihn6bL7dRHGfw==/com.facebook.katana-ytDRDVfsDJQ7KNzIgYIFlA==/split_executorch.apk:/data/app/~~D6pxJj0wCihn6bL7dRHGfw==/com.facebook.katana-ytDRDVfsDJQ7KNzIgYIFlA==/split_heliumcore.apk:/data/app/~~D6pxJj0wCihn6bL7dRHGfw==/com.facebook.katana-ytDRDVfsDJQ7KNzIgYIFlA==/split_heliumiab.apk:/data/app/~~D6pxJj0wCihn6bL7dRHGfw==/com.facebook.katana-ytDRDVfsDJQ7KNzIgYIFlA==/split_i18n_en_GB.apk:/data/app/~~D6pxJj0wCihn6bL7dRHGfw==/com.facebook.katana-ytDRDVfsDJQ7KNzIgYIFlA==/split_instantgamesads.apk:/data/app/~~D6pxJj0wCihn6bL7dRHGfw==/com.facebook.katana-ytDRDVfsDJQ7KNzIgYIFlA==/split_papaya.apk:/data/app/~~D6pxJj0wCihn6bL7dRHGfw==/com.facebook.katana-ytDRDVfsDJQ7KNzIgYIFlA==/split_papayaanalyticstorch.apk:/data/app/~~D6pxJj0wCihn6bL7dRHGfw==/com.facebook.katana-ytDRDVfsDJQ7KNzIgYIFlA==/split_papayatorch.apk:/data/app/~~D6pxJj0wCihn6bL7dRHGfw==/com.facebook.katana-ytDRDVf
03-02 09:33:07.776  1124 28635 D CCodecConfig: ignoring local param raw.size (0xd2001800) as it is already supported
03-02 09:33:07.776  1124 28635 D CCodecConfig: ignoring local param raw.crop (0xd2001801) as it is already supported
03-02 09:33:07.776  1124 28635 D CCodecConfig: ignoring local param default.color (0x5200180b) as it is already supported
03-02 09:33:07.776  1124 28635 D CCodecConfig: ignoring local param raw.hdr-static-info (0xd200180a) as it is already supported
03-02 09:33:07.778  1124 28635 I CCodecConfig: query failed after returning 18 values (BAD_INDEX)
03-02 09:33:07.779  1124 28635 D CCodecConfig: c2 config diff is Dict {
03-02 09:33:07.779  1124 28635 D CCodecConfig:   c2::u32 algo.low-latency.value = 0
03-02 09:33:07.779  1124 28635 D CCodecConfig:   c2::i32 algo.priority.value = 1
03-02 09:33:07.779  1124 28635 D CCodecConfig:   c2::float algo.rate.value = 0
03-02 09:33:07.779  1124 28635 D CCodecConfig:   c2::float coded.frame-rate.value = 0
03-02 09:33:07.779  1124 28635 D CCodecConfig:   c2::u32 coded.pl.level = 20495
03-02 09:33:07.779  1124 28635 D CCodecConfig:   c2::u32 coded.pl.profile = 20481
03-02 09:33:07.779  1124 28635 D CCodecConfig:   c2::u32 coded.vui.color.matrix = 0
03-02 09:33:07.779  1124 28635 D CCodecConfig:   c2::u32 coded.vui.color.primaries = 0
03-02 09:33:07.779  1124 28635 D CCodecConfig:   c2::u32 coded.vui.color.range = 0
03-02 09:33:07.779  1124 28635 D CCodecConfig:   c2::u32 coded.vui.color.transfer = 0
03-02 09:33:07.779  1124 28635 D CCodecConfig:   c2::u32 default.color.matrix = 0
03-02 09:33:07.779  1124 28635 D CCodecConfig:   c2::u32 default.color.primaries = 0
03-02 09:33:07.779  1124 28635 D CCodecConfig:   c2::u32 default.color.range = 0
03-02 09:33:07.779  1124 28635 D CCodecConfig:   c2::u32 default.color.transfer = 0
03-02 09:33:07.779  1124 28635 D CCodecConfig:   c2::u32 input.buffers.max-size.value = 2097152
03-02 09:33:07.779  1124 28635 D CCodecConfig:   c2::u32 input.delay.value = 0
03-02 09:33:07.779  1124 28635 D CCodecConfig:   string input.media-type.value = "video/avc"
03-02 09:33:07.779  1124 28635 D CCodecConfig:   c2::u32 output.delay.value = 12
03-02 09:33:07.779  1124 28635 D CCodecConfig:   string output.media-type.value = "video/raw"
03-02 09:33:07.779  1124 28635 D CCodecConfig:   c2::u32 raw.color.matrix = 0
03-02 09:33:07.779  1124 28635 D CCodecConfig:   c2::u32 raw.color.primaries = 0
03-02 09:33:07.779  1124 28635 D CCodecConfig:   c2::u32 raw.color.range = 0
03-02 09:33:07.779  1124 28635 D CCodecConfig:   c2::u32 raw.color.transfer = 0
03-02 09:33:07.779  1124 28635 D CCodecConfig:   c2::u32 raw.crop.height = 239
03-02 09:33:07.779  1124 28635 D CCodecConfig:   c2::u32 raw.crop.left = 0
03-02 09:33:07.779  1124 28635 D CCodecConfig:   c2::u32 raw.crop.top = 0
03-02 09:33:07.779  1124 28635 D CCodecConfig:   c2::u32 raw.crop.width = 319
03-02 09:33:07.779  1124 28635 D CCodecConfig:   c2::float raw.hdr-static-info.master
03-02 09:33:07.780  1124 28635 W ColorUtils: expected specified color aspects (0:0:0:0)
03-02 09:33:07.781  1124 28634 D MediaCodec: [0xe38c2930] setState: 2
03-02 09:33:07.781  1124 28634 I MediaCodec: [mId: 3502] [video-debug-dec] setState: INITIALIZED
03-02 09:33:07.782  1124  1316 D MediaCodec: [0xe38c2930] [c2.mtk.avc.decoder] configure
03-02 09:33:07.782  1124  1316 D AppSceneRecognizer: AppUsageScene: Thumbnail
03-02 09:33:07.782  1124  1316 I MediaCodec: [mId: 3502] [video-debug-dec] configure: ClientName: com.transsion.phoenix ComponentName: c2.mtk.avc.decoder
03-02 09:33:07.782  1124  1316 I MediaCodec: [mId: 3502] [video-debug-dec] configure: ClientFormat: AMessage(what = 0x00000000) = {
03-02 09:33:07.782  1124  1316 I MediaCodec:   string mime = "video/avc"
03-02 09:33:07.782  1124  1316 I MediaCodec:   int64_t thumbnail-time = 60040000
03-02 09:33:07.782  1124  1316 I MediaCodec:   int64_t durationUs = 69280000
03-02 09:33:07.782  1124  1316 I MediaCodec:   int32_t frame-count = 1731
03-02 09:33:07.782  1124  1316 I MediaCodec:   int32_t track-id = 1
03-02 09:33:07.782  1124  1316 I MediaCodec:   string language = "und"
03-02 09:33:07.782  1124  1316 I MediaCodec:   int32_t width = 640
03-02 09:33:07.782  1124  1316 I MediaCodec:   int32_t height = 368
03-02 09:33:07.782  1124  1316 I MediaCodec:   int32_t display-width = 640
03-02 09:33:07.782  1124  1316 I MediaCodec:   int32_t display-height = 368
03-02 09:33:07.782  1124  1316 I MediaCodec:   int32_t max-input-size = 33709
03-02 09:33:07.782  1124  1316 I MediaCodec:   int32_t frame-rate = 25
03-02 09:33:07.782  1124  1316 I MediaCodec:   int32_t profile = 8
03-02 09:33:07.782  1124  1316 I MediaCodec:   int32_t level = 256
03-02 09:33:07.782  1124  1316 I MediaCodec:   Buffer csd-0 = {
03-02 09:33:07.782  1124  1316 I MediaCodec:     00000000:  00 00 00 01 67 64 00 1e  ac 1b 1a 80 a0 2f a6 a0  ....gd......./..
03-02 09:33:07.782  1124  1316 I MediaCodec:     00000010:  20 20 20 f0 88 46 a0                                 ..F.
03-02 09:33:07.782  1124  1316 I MediaCodec:   }
03-02 09:33:07.782  1124  1316 I MediaCodec:   Buffer csd-1 = {
03-02 09:33:07.782  1124  1316 I MediaCodec:     00000000:  00 00 00 01 68 ea 43 cb                           ....h.C.
03-02 09:33:07.782  1124  1316 I MediaCodec:   }
03-02 09:33:07.782  1124  1316 I MediaCodec:   int32_t color-format = 2135033992
03-02 09:33:07.782  1124  1316 I MediaCodec:   int32_t android._num-input-buffers = 1
03-02 09:33:07.782  1124  1316 I MediaCodec:   int32_t android._num-output-buffers = 1
03-02 09:33:07.782  1124  1316 I MediaCodec:   int32_t vendor.mtk.vdec.thumbnail.mode.value = 1
03-02 09:33:07.782  1124  1316 I MediaCodec:   int32_t importance = 1
03-02 09:33:07.782  1124  1316 I MediaCodec: }
03-02 09:33:07.782  1124  1316 I MediaCodec: MediaStub sendFrameRate
03-02 09:33:07.782  1124  1316 D MediaImpl: MediaImpl::sendFrameRate: -1
03-02 09:33:07.782  1124  1316 I MediaCodec: MediaStub sendWidth/sendHeight
03-02 09:33:07.782  1124  1316 I MediaCodec: MediaStub sendMine
03-02 09:33:07.782  1124  1316 D MediaImpl: MediaImpl::sendMine: video/avc
03-02 09:33:07.782  1124  1316 I MediaCodec: MediaStub sendDolbyVision
03-02 09:33:07.782  1124  1316 I MediaCodec: MediaStub sendPackageName
03-02 09:33:07.782  1124  1316 D MediaImpl: MediaImpl::sendPackageName: com.transsion.phoenix
03-02 09:33:07.782  1124  1316 I MiMediaCodec: fps video to display disabled
03-02 09:33:07.782  1124  1316 I MediaCodec: configure : init video box disabled
03-02 09:33:07.783  1124 28634 D MediaCodec: [0xe38c2930] setState: 3
03-02 09:33:07.783  1124 28634 I MediaCodec: [mId: 3502] [video-debug-dec] setState: CONFIGURING
03-02 09:33:07.783  1124 28634 D MediaCodec: [c2.mtk.avc.decoder] config set c2 sleep timeout 1500 kC2SleepTimeoutMs=1500
03-02 09:33:07.783  1124 28635 D CCodec  : [c2.mtk.avc.decoder] buffers are bound to CCodec for this session
03-02 09:33:07.785  1124 28635 D CCodecConfig: no c2 equivalents for thumbnail-time
03-02 09:33:07.785  1124 28635 D CCodecConfig: no c2 equivalents for durationUs
03-02 09:33:07.785  1124 28635 D CCodecConfig: no c2 equivalents for frame-count
03-02 09:33:07.785  1124 28635 D CCodecConfig: no c2 equivalents for track-id
03-02 09:33:07.785  1124 28635 D CCodecConfig: no c2 equivalents for language
03-02 09:33:07.785  1124 28635 D CCodecConfig: no c2 equivalents for display-width
03-02 09:33:07.785  1124 28635 D CCodecConfig: no c2 equivalents for display-height
03-02 09:33:07.785  1124 28635 D CCodecConfig: no c2 equivalents for csd-1
03-02 09:33:07.785  1124 28635 D CCodecConfig: no c2 equivalents for color-format
03-02 09:33:07.785  1124 28635 D CCodecConfig: no c2 equivalents for android._num-input-buffers
03-02 09:33:07.785  1124 28635 D CCodecConfig: no c2 equivalents for android._num-output-buffers
03-02 09:33:07.785  1124 28635 D CCodecConfig: no c2 equivalents for importance
03-02 09:33:07.785  1124 28635 D CCodecConfig: no c2 equivalents for flags
03-02 09:33:07.786   852  9157 D C2MtkVdec: (video/avc): MaxInputSizeSetter: 2094080 -> 2094080 bytes, width 320, height 240
03-02 09:33:07.786 28602 28602 W ReflectionClassLoader:  Successfully install ReflectionClassLoader as parent!
03-02 09:33:07.786   852  9157 D C2MtkVdec: (video/avc): MaxInputSizeSetter: 2094080 -> 2094080 bytes, width 640, height 368
03-02 09:33:07.787  1124 28635 D CCodecConfig: c2 config diff is   c2::float coded.frame-rate.value = 25
03-02 09:33:07.787  1124 28635 D CCodecConfig:   c2::u32 coded.pl.level = 20488
03-02 09:33:07.787  1124 28635 D CCodecConfig:   c2::u32 coded.pl.profile = 20484
03-02 09:33:07.787  1124 28635 D CCodecConfig:   c2::u32 input.buffers.max-size.value = 2094080
03-02 09:33:07.787  1124 28635 D CCodecConfig:   c2::u32 raw.size.height = 368
03-02 09:33:07.787  1124 28635 D CCodecConfig:   c2::u32 raw.size.width = 640
03-02 09:33:07.787  1124 28635 D CCodecConfig:   c2::u32 vendor.mtk.vdec.buffer.fetch.timeout.ms.value = 1500
03-02 09:33:07.787  1124 28635 D CCodecConfig:   c2::u32 vendor.mtk.vdec.thumbnail.mode.value = 1
03-02 09:33:07.789  1124 28635 W ColorUtils: expected specified color aspects (0:0:0:0)
03-02 09:33:07.789  1124 28635 D CCodec  : client requested max input size 33709, which is smaller than what component recommended (2094080); overriding with component recommendation.
03-02 09:33:07.790  1124 28635 W CCodec  : This behavior is subject to change. It is recommended that app developers double check whether the requested max input size is in reasonable range.
03-02 09:33:07.790  1124 28635 D CCodec  : encoding statistics level = 0
03-02 09:33:07.790  1124 28635 D CCodec  : setup formats input: AMessage(what = 0x00000000) = {
03-02 09:33:07.790  1124 28635 D CCodec  :   string mime = "video/avc"
03-02 09:33:07.790  1124 28635 D CCodec  :   int32_t width = 640
03-02 09:33:07.790  1124 28635 D CCodec  :   int32_t profile = 8
03-02 09:33:07.790  1124 28635 D CCodec  :   int32_t priority = -1
03-02 09:33:07.790  1124 28635 D CCodec  :   int32_t frame-rate = 25
03-02 09:33:07.790  1124 28635 D CCodec  :   int32_t height = 368
03-02 09:33:07.790  1124 28635 D CCodec  :   int32_t level = 256
03-02 09:33:07.790  1124 28635 D CCodec  :   int32_t max-input-size = 2094080
03-02 09:33:07.790  1124 28635 D CCodec  :   Rect crop(0, 0, 318, 238)
03-02 09:33:07.790  1124 28635 D CCodec  : }
03-02 09:33:07.790  1124 28635 D CCodec  : setup formats output: AMessage(what = 0x00000000) = {
03-02 09:33:07.790  1124 28635 D CCodec  :   int32_t android._color-format = 2135033992
03-02 09:33:07.790  1124 28635 D CCodec  :   int32_t android._video-scaling = 1
03-02 09:33:07.790  1124 28635 D CCodec  :   int32_t sar-width = 1
03-02 09:33:07.790  1124 28635 D CCodec  :   int32_t color-standard = 0
03-02 09:33:07.790  1124 28635 D CCodec  :   int32_t color-range = 0
03-02 09:33:07.790  1124 28635 D CCodec  :   int32_t color-transfer = 0
03-02 09:33:07.790  1124 28635 D CCodec  :   int32_t android._dataspace = 0
03-02 09:33:07.790  1124 28635 D CCodec  :   int32_t width = 640
03-02 09:33:07.790  1124 28635 D CCodec  :   int32_t rotation-degrees = 0
03-02 09:33:07.790  1124 28635 D CCodec  :   int32_t sar-height = 1
03-02 09:33:07.790  1124 28635 D CCodec  :   int32_t max-width = 320
03-02 09:33:07.790  1124 28635 D CCodec  :   int32_t max-height = 240
03-02 09:33:07.790  1124 28635 D CCodec  :   int32_t priority = -1
03-02 09:33:07.790  1124 28635 D CCodec  :   string mime = "video/raw"
03-02 09:33:07.790  1124 28635 D CCodec  :   Rect crop(0, 0, 318, 238)
03-02 09:33:07.790  1124 28635 D CCodec  :   Buffer hdr-static-info = {
03-02 09:33:07.790  1124 28635 D CCodec  :     00000000:  00 00 00 00 00 00 00 00  00 00 00 00 00 00 00 00  ................
03-02 09:33:07.790  1124 28635 D CCodec  :     00000010:  00 00 00 00 00 00 00 00  00                       .........
03-02 09:33:07.790  1124 28635 D CCodec  :   }
03-02 09:33:07.790  1124 28635 D CCodec  :   int32_t frame-rate = 25
03-02 09:33:07.790  1124 28635 D CCodec  :   int32_t height = 368
03-02 09:33:07.790  1124 28635 D CCodec  :   int32_t color-format = 2135033992
03-02 09:33:07.790  1124 28635 D CCodec  : }
03-02 09:33:07.790  1124 28635 D CCodec  : setThumbnailMode 1
03-02 09:33:07.790  1124 28635 D CCodecBufferChannel: SetThumbnailMode 1
03-02 09:33:07.790  1124 28635 I CCodecConfig: query failed after returning 20 values (BAD_INDEX)
03-02 09:33:07.791  1124 28635 D CCodecConfig: c2 config diff is   c2::u32 raw.max-size.height = 368
03-02 09:33:07.791  1124 28635 D CCodecConfig:   c2::u32 raw.max-size.width = 640
03-02 09:33:07.792  1124 28635 W ColorUtils: expected specified color aspects (0:0:0:0)
03-02 09:33:07.793  1124 28634 D MediaCodec: [0xe38c2930] setState: 4
03-02 09:33:07.793  1124 28634 I MediaCodec: [mId: 3502] [video-debug-dec] setState: CONFIGURED
03-02 09:33:07.793  1124 28634 D MediaCodec: [0xe38c2930] setState: 5
03-02 09:33:07.793  1124 28634 I MediaCodec: [mId: 3502] [video-debug-dec] setState: STARTING
03-02 09:33:07.793   852  9157 D C2MtkComponent: [0xE6DC4210] start
03-02 09:33:07.796   852 28640 D C2MtkComponent: [0xE6DC4220] setWorkflow: PROCESSED->COMPLETED
03-02 09:33:07.796   852 28640 D C2MtkComponent: [0xE6DC4220] setWorkflow: UNPROCESSED->PROCESSED
03-02 09:33:07.811 24287 24287 D nativeloader: Load /data/app/~~Bh61wenJZi6JNVEuOkVQfQ==/com.softnation.Ojam-nnCVAdHxKfOmup5FCuBDYQ==/base.apk!/lib/arm64-v8a/libc++_shared.so using class loader ns clns-7 (caller=/data/app/~~Bh61wenJZi6JNVEuOkVQfQ==/com.softnation.Ojam-nnCVAdHxKfOmup5FCuBDYQ==/base.apk!classes20.dex): ok
03-02 09:33:07.811   852 28640 D C2MtkVdec: [0xE6DC4210] RealTime: priority 1, operating rate 0.000000
03-02 09:33:07.813   852 28640 D C2MtkVdec: [0xE6DC4210] Picture size: width 640, height 368, Aligned size: width 640, height 384
03-02 09:33:07.818  1201  1298 D AALService: [CRTC_114] onALIChanged: 4 -> 3
03-02 09:33:07.820  1200  1238 I VPUD    : == vdec_codec_msg_handler() == msg_id = 0xA000, codec_id = 1
03-02 09:33:07.821  1200  1238 I VPUD    : try decode_id -1, svp -1
03-02 09:33:07.821  1200  1238 I VPUD    : try decode_id -1, svp -1
03-02 09:33:07.821  1200  1238 I VPUD    : try decode_id -1, svp -1
03-02 09:33:07.821  1200  1238 I VPUD    : try decode_id -1, svp -1
03-02 09:33:07.821  1200  1238 I VPUD    : try decode_id -1, svp -1
03-02 09:33:07.821  1200  1238 I VPUD    : try decode_id -1, svp -1
03-02 09:33:07.821  1200  1238 I VPUD    : try decode_id 8, svp 0
03-02 09:33:07.821  1200  1238 I VPUD    : try decode_id 6, svp 0
03-02 09:33:07.821  1200  1238 I VPUD    : try decode_id 7, svp 0
03-02 09:33:07.821  1200  1238 I VPUD    : try decode_id 1, svp 0
03-02 09:33:07.821  1200  1238 I VPUD    : codec id match! VDEC_H264 codec fmt (9)
03-02 09:33:07.835 28602 28602 V GraphicsEnvironment: Currently set values for:
03-02 09:33:07.835 28602 28602 V GraphicsEnvironment:   angle_gl_driver_selection_pkgs=[]
03-02 09:33:07.835 28602 28602 V GraphicsEnvironment:   angle_gl_driver_selection_values=[]
03-02 09:33:07.835 28602 28602 V GraphicsEnvironment: Global.Settings values are invalid: number of packages: 0, number of values: 0
03-02 09:33:07.835 28602 28602 V GraphicsEnvironment: Neither updatable production driver nor prerelease driver is supported.
03-02 09:33:07.837 28602 28602 I ActivityThread: TrafficStats init done
03-02 09:33:07.838  1200  1238 I VPUD    : == handle_init_msg()- == ret=0 kernel vcu:5671, mem_inst[0] 0x0
03-02 09:33:07.838  1200  1238 I VPUD    : 
03-02 09:33:07.838  1621  2986 D ActivityManager: getProcessesInErrorState callingUid=10383, CallingPid=24605
03-02 09:33:07.839  1621  4763 I ClipboardServiceI: checkProviderWakePathForClipboard: primaryClip is null
03-02 09:33:07.842   852 28640 D C2MtkVdec: [0xE6DC4210] VCodec started.
03-02 09:33:07.843 24287 24287 D nativeloader: Load /data/app/~~Bh61wenJZi6JNVEuOkVQfQ==/com.softnation.Ojam-nnCVAdHxKfOmup5FCuBDYQ==/base.apk!/lib/arm64-v8a/libjsi.so using class loader ns clns-7 (caller=/data/app/~~Bh61wenJZi6JNVEuOkVQfQ==/com.softnation.Ojam-nnCVAdHxKfOmup5FCuBDYQ==/base.apk!classes20.dex): ok
03-02 09:33:07.844 28602 28602 D ActivityThread: useGrowthLimitOutExpendMethod invoke error.
03-02 09:33:07.844  1124 28635 D CCodecBufferChannel: [c2.mtk.avc.decoder#668] Created input block pool with allocatorID 16 => poolID 3519 - OK (0)
03-02 09:33:07.844  1124 28635 I CCodecBufferChannel: [mId: 3502] [video-debug-dec] start: inputFormat: AMessage(what = 0x00000000) = {
03-02 09:33:07.844  1124 28635 I CCodecBufferChannel:   string mime = "video/avc"
03-02 09:33:07.844  1124 28635 I CCodecBufferChannel:   int32_t width = 640
03-02 09:33:07.844  1124 28635 I CCodecBufferChannel:   int32_t profile = 8
03-02 09:33:07.844  1124 28635 I CCodecBufferChannel:   int32_t priority = -1
03-02 09:33:07.844  1124 28635 I CCodecBufferChannel:   int32_t frame-rate = 25
03-02 09:33:07.844  1124 28635 I CCodecBufferChannel:   int32_t height = 368
03-02 09:33:07.844  1124 28635 I CCodecBufferChannel:   int32_t level = 256
03-02 09:33:07.844  1124 28635 I CCodecBufferChannel:   int32_t max-input-size = 2094080
03-02 09:33:07.844  1124 28635 I CCodecBufferChannel:   Rect crop(0, 0, 318, 238)
03-02 09:33:07.844  1124 28635 I CCodecBufferChannel: }
03-02 09:33:07.844  1205 26116 D AidlBufferPool: bufferpool2 0xb400007362c7dfa8 : 0(0 size) total buffers - 0(0 size) used buffers - 52/56 (recycle/alloc) - 4/55 (fetch/transfer)
03-02 09:33:07.844  1205 26116 D AidlBufferPool: Destruction - bufferpool2 0xb400007362c7dfa8 cached: 0/0M, 0/0% in use; allocs: 56, 93% recycled; transfers: 55, 93% unfetched
03-02 09:33:07.845  1124 28635 D CCodecBufferChannel: [c2.mtk.avc.decoder#668] Configured output block pool ids 1 => OK
03-02 09:33:07.845  1124 28635 D CCodecBufferChannel: [0xe40c1cf0] [c2.mtk.avc.decoder#668] start: output->outputDelay 12, output->numSlots 16
03-02 09:33:07.845  1124 28635 I CCodecBufferChannel: [mId: 3502] [video-debug-dec] start: outputFormat: AMessage(what = 0x00000000) = {
03-02 09:33:07.845  1124 28635 I CCodecBufferChannel:   int32_t android._color-format = 2135033992
03-02 09:33:07.845  1124 28635 I CCodecBufferChannel:   int32_t android._video-scaling = 1
03-02 09:33:07.845  1124 28635 I CCodecBufferChannel:   int32_t sar-width = 1
03-02 09:33:07.845  1124 28635 I CCodecBufferChannel:   int32_t color-standard = 0
03-02 09:33:07.845  1124 28635 I CCodecBufferChannel:   int32_t color-range = 0
03-02 09:33:07.845  1124 28635 I CCodecBufferChannel:   int32_t color-transfer = 0
03-02 09:33:07.845  1124 28635 I CCodecBufferChannel:   int32_t android._dataspace = 0
03-02 09:33:07.845  1124 28635 I CCodecBufferChannel:   int32_t width = 640
03-02 09:33:07.845  1124 28635 I CCodecBufferChannel:   int32_t rotation-degrees = 0
03-02 09:33:07.845  1124 28635 I CCodecBufferChannel:   int32_t sar-height = 1
03-02 09:33:07.845  1124 28635 I CCodecBufferChannel:   int32_t max-width = 640
03-02 09:33:07.845  1124 28635 I CCodecBufferChannel:   int32_t max-height = 368
03-02 09:33:07.845  1124 28635 I CCodecBufferChannel:   int32_t priority = -1
03-02 09:33:07.845  1124 28635 I CCodecBufferChannel:   string mime = "video/raw"
03-02 09:33:07.845  1124 28635 I CCodecBufferChannel:   Rect crop(0, 0, 318, 238)
03-02 09:33:07.845  1124 28635 I CCodecBufferChannel:   Buffer hdr-static-info = {
03-02 09:33:07.845  1124 28635 I CCodecBufferChannel:     00000000:  00 00 00 00 00 00 00 00  00 00 00 00 00 00 00 00  ................
03-02 09:33:07.845  1124 28635 I CCodecBufferChannel:     00000010:  00 00 00 00 00 00 00 00  00                       .........
03-02 09:33:07.845  1124 28635 I CCodecBufferChannel:   }
03-02 09:33:07.845  1124 28635 I CCodecBufferChannel:   int32_t frame-rate = 25
03-02 09:33:07.845  1124 28635 I CCodecBufferChannel:   int32_t height = 368
03-02 09:33:07.845  1124 28635 I CCodecBufferChannel:   int32_t color-format = 2135033992
03-02 09:33:07.845  1124 28635 I CCodecBufferChannel: }
03-02 09:33:07.846  1124 28635 D CCodecBufferChannel: [c2.mtk.avc.decoder#668] Configured output usage [0x1]
03-02 09:33:07.846   852  1013 D C2MtkComponentStore: setDmaBufUsage: usage 5, flags 0, heapName mtk_mm for decoder.
03-02 09:33:07.846 28602 28602 I ForceDarkHelperStubImpl: initialize for com.facebook.katana , ForceDarkOrigin
03-02 09:33:07.847  1124 28634 W ResourceManagerServiceUtils: Ignoring request to add new resource entry with value <= 0
03-02 09:33:07.848  1124 28634 D MediaCodec: [0xe38c2930] setState: 6
03-02 09:33:07.848  1124 28634 I MediaCodec: [mId: 3502] [video-debug-dec] setState: STARTED
03-02 09:33:07.848  1124 28634 D CCodecBufferChannel: The csd Sample queue
03-02 09:33:07.848  1124 28634 D CCodecBufferChannel: [c2.mtk.avc.decoder#668] send inputSlots num:4 to codec
03-02 09:33:07.850  1104  2196 D MediaBufferGroup: creating MemoryDealer
03-02 09:33:07.853 28602 28602 D nativeloader: Load libforcedarkimpl.so using system ns (caller=/system_ext/framework/miui-framework.jar): ok
03-02 09:33:07.854 28602 28602 D HWUI    : JNI_OnLoad success
03-02 09:33:07.855 28602 28602 I MiuiForceDarkConfig: setConfig density:2.750000, mainRule:0, secondaryRule:0, tertiaryRule:0
03-02 09:33:07.864  1124  2142 D AidlBufferPool: bufferpool2 0xe49c0e78 : 0(0 size) total buffers - 0(0 size) used buffers - 0/4 (recycle/alloc) - 4/4 (fetch/transfer)
03-02 09:33:07.864  1124  2142 D AidlBufferPool: Destruction - bufferpool2 0xe49c0e78 cached: 0/0M, 0/0% in use; allocs: 4, 0% recycled; transfers: 4, 0% unfetched
03-02 09:33:07.868  1124 28634 W mediaserver: AIBinder_linkToDeath is being called with a non-null cookie and no onUnlink callback set. This might not be intended. AIBinder_DeathRecipient_setOnUnlinked should be called first.
03-02 09:33:07.872 28602 28602 I ActivityThread: Miui Feature Init done
03-02 09:33:07.872 24287 24287 D nativeloader: Load /data/app/~~Bh61wenJZi6JNVEuOkVQfQ==/com.softnation.Ojam-nnCVAdHxKfOmup5FCuBDYQ==/base.apk!/lib/arm64-v8a/libfbjni.so using class loader ns clns-7 (caller=/data/app/~~Bh61wenJZi6JNVEuOkVQfQ==/com.softnation.Ojam-nnCVAdHxKfOmup5FCuBDYQ==/base.apk!classes20.dex): ok
03-02 09:33:07.885 28602 28602 W AppComponentFactory: Instantiating Application
03-02 09:33:07.886 28602 28602 W InitStatus: Providers blocked (137139966)
03-02 09:33:07.886 28602 28602 W InitStatus: Services blocked (124903007)
03-02 09:33:07.886 28602 28602 W InitStatus: BroadcastReceivers blocked (162975916)
03-02 09:33:07.887   852 28640 D C2MtkComponent: [0xE6DC4210] Using output block pool with poolID 1 => got 1 - 0
03-02 09:33:07.887   852 28640 V C2MtkVdec: setting input buffer slot count: 4 update=1
03-02 09:33:07.887   852 28640 D C2MtkVdec: [0xE6DC4210] process: mDecAlc C2MTK_ALLOCATOR_TYPE_UNSPECIFIED, mCcAlc C2MTK_ALLOCATOR_TYPE_UNSPECIFIED
03-02 09:33:07.887   852 28640 D C2MtkVdec: [0xE6DC4210] Using DEC block pool => got 1 - 0
03-02 09:33:07.887  1124 28634 I MiMediaCodec: The CSD is not calculated
03-02 09:33:07.887  1124 28634 D CCodecBufferChannel: The csd Sample queue
03-02 09:33:07.889  1124 28634 I MiMediaCodec: The CSD is not calculated
03-02 09:33:07.894   852 28652 D C2MtkBufferManager: C2MtkBMFetchThread Start
