03-02 10:38:36.103  1999  1999 D ReflectUtils: 	at com.android.systemui.shared.recents.system.WindowTransitionCompat$2.startAnimation(WindowTransitionCompat.java:267)
03-02 10:38:36.103  1999  1999 D ReflectUtils: 	at com.android.systemui.shared.recents.system.WindowTransitionCompat.wrapRemoteTransition(WindowTransitionCompat.java:745)
03-02 10:38:36.103  1999  1999 D ReflectUtils: 	at com.miui.home.recents.anim.WindowElement.injectRemoteTransition(WindowElement.kt:687)
03-02 10:38:36.103  1999  1999 D ReflectUtils: 	at com.miui.home.recents.anim.StateManager$CommonState.handleEvent(StateManager.kt:1291)
03-02 10:38:36.103  1999  1999 D ReflectUtils: 	at com.miui.home.recents.anim.StateManager.handleEventActually(StateManager.kt:112)
03-02 10:38:36.103  1999  1999 D ReflectUtils: 	at com.miui.home.recents.anim.StateManager.sendEventActually$lambda-0(StateManager.kt:99)
03-02 10:38:36.103  1999  1999 D ReflectUtils: 	at com.miui.home.recents.anim.StateManager.$r8$lambda$C-kZp_X93nanDwYsUFIjH_GwEtM(Unknown Source:0)
03-02 10:38:36.103  1999  1999 D ReflectUtils: 	at com.miui.home.recents.anim.StateManager$$ExternalSyntheticLambda3.run(Unknown Source:4)
03-02 10:38:36.103  1999  1999 D ReflectUtils: 	at android.os.Handler.handleCallback(Handler.java:959)
03-02 10:38:36.103  1999  1999 D ReflectUtils: 	at android.os.Handler.dispatchMessage(Handler.java:100)
03-02 10:38:36.103  1999  1999 D ReflectUtils: 	at android.os.Looper.loopOnce(Looper.java:249)
03-02 10:38:36.103  1999  1999 D ReflectUtils: 	at android.os.Looper.loop(Looper.java:337)
03-02 10:38:36.103  1999  1999 D ReflectUtils: 	at android.app.ActivityThread.main(ActivityThread.java:9500)
03-02 10:38:36.103  1999  1999 D ReflectUtils: 	at java.lang.reflect.Method.invoke(Native Method)
03-02 10:38:36.103  1999  1999 D ReflectUtils: 	at com.android.internal.os.RuntimeInit$MethodAndArgsCaller.run(RuntimeInit.java:636)
03-02 10:38:36.103  1999  1999 D ReflectUtils: 	at com.android.internal.os.ZygoteInit.main(ZygoteInit.java:1005)
03-02 10:38:36.103  1999  1999 W TransitionInfoExpose.ChangeExpose: getAllowEnterPip: return null from reflection, use default value false
03-02 10:38:36.104  1999  1999 D TAG     : obtainElement: false
03-02 10:38:36.104  1999  1999 D TAG     : java.lang.RuntimeException
03-02 10:38:36.104  1999  1999 D TAG     : 	at com.android.systemui.shared.recents.system.RemoteAnimationTargetCompat.obtainElement(RemoteAnimationTargetCompat.java:116)
03-02 10:38:36.104  1999  1999 D TAG     : 	at com.android.systemui.shared.recents.system.RemoteAnimationTargetCompat.<init>(RemoteAnimationTargetCompat.java:94)
03-02 10:38:36.104  1999  1999 D TAG     : 	at com.android.systemui.shared.recents.system.RemoteAnimationTargetCompat.wrap(RemoteAnimationTargetCompat.java:188)
03-02 10:38:36.104  1999  1999 D TAG     : 	at com.android.systemui.shared.recents.system.RemoteAnimationTargetCompat.wrapAppsForCompat(RemoteAnimationTargetCompat.java:233)
03-02 10:38:36.104  1999  1999 D TAG     : 	at com.android.systemui.shared.recents.system.WindowTransitionCompat$2.lambda$startAnimation$0(WindowTransitionCompat.java:120)
03-02 10:38:36.104  1999  1999 D TAG     : 	at com.android.systemui.shared.recents.system.WindowTransitionCompat$2.$r8$lambda$hcqKCUwnRuMqtvMJ6DPLae5xnFA(Unknown Source:0)
03-02 10:38:36.104  1999  1999 D TAG     : 	at com.android.systemui.shared.recents.system.WindowTransitionCompat$2$$ExternalSyntheticLambda0.run(Unknown Source:10)
03-02 10:38:36.104  1999  1999 D TAG     : 	at com.miui.home.library.utils.LooperExecutor.execute(LooperExecutor.java:43)
03-02 10:38:36.104  1999  1999 D TAG     : 	at com.android.systemui.shared.recents.system.WindowTransitionCompat$2.startAnimation(WindowTransitionCompat.java:267)
03-02 10:38:36.104  1999  1999 D TAG     : 	at com.android.systemui.shared.recents.system.WindowTransitionCompat.wrapRemoteTransition(WindowTransitionCompat.java:745)
03-02 10:38:36.104  1999  1999 D TAG     : 	at com.miui.home.recents.anim.WindowElement.injectRemoteTransition(WindowElement.kt:687)
03-02 10:38:36.104  1999  1999 D TAG     : 	at com.miui.home.recents.anim.StateManager$CommonState.handleEvent(StateManager.kt:1291)
03-02 10:38:36.104  1999  1999 D TAG     : 	at com.miui.home.recents.anim.StateManager.handleEventActually(StateManager.kt:112)
03-02 10:38:36.104  1999  1999 D TAG     : 	at com.miui.home.recents.anim.StateManager.sendEventActually$lambda-0(StateManager.kt:99)
03-02 10:38:36.104  1999  1999 D TAG     : 	at com.miui.home.recents.anim.StateManager.$r8$lambda$C-kZp_X93nanDwYsUFIjH_GwEtM(Unknown Source:0)
03-02 10:38:36.104  1999  1999 D TAG     : 	at com.miui.home.recents.anim.StateManager$$ExternalSyntheticLambda3.run(Unknown Source:4)
03-02 10:38:36.104  1999  1999 D TAG     : 	at android.os.Handler.handleCallback(Handler.java:959)
03-02 10:38:36.104  1999  1999 D TAG     : 	at android.os.Handler.dispatchMessage(Handler.java:100)
03-02 10:38:36.104  1999  1999 D TAG     : 	at android.os.Looper.loopOnce(Looper.java:249)
03-02 10:38:36.104  1999  1999 D TAG     : 	at android.os.Looper.loop(Looper.java:337)
03-02 10:38:36.104  1999  1999 D TAG     : 	at android.app.ActivityThread.main(ActivityThread.java:9500)
03-02 10:38:36.104  1999  1999 D TAG     : 	at java.lang.reflect.Method.invoke(Native Method)
03-02 10:38:36.104  1999  1999 D TAG     : 	at com.android.internal.os.RuntimeInit$MethodAndArgsCaller.run(RuntimeInit.java:636)
03-02 10:38:36.104  1999  1999 D TAG     : 	at com.android.internal.os.ZygoteInit.main(ZygoteInit.java:1005)
03-02 10:38:36.105  1999  1999 D TAG     : obtainElement: 0.0
03-02 10:38:36.105  1999  1999 D TAG     : java.lang.RuntimeException
03-02 10:38:36.105  1999  1999 D TAG     : 	at com.android.systemui.shared.recents.system.RemoteAnimationTargetCompat.obtainCornerRadius(RemoteAnimationTargetCompat.java:104)
03-02 10:38:36.105  1999  1999 D TAG     : 	at com.android.systemui.shared.recents.system.RemoteAnimationTargetCompat.<init>(RemoteAnimationTargetCompat.java:95)
03-02 10:38:36.105  1999  1999 D TAG     : 	at com.android.systemui.shared.recents.system.RemoteAnimationTargetCompat.wrap(RemoteAnimationTargetCompat.java:188)
03-02 10:38:36.105  1999  1999 D TAG     : 	at com.android.systemui.shared.recents.system.RemoteAnimationTargetCompat.wrapAppsForCompat(RemoteAnimationTargetCompat.java:233)
03-02 10:38:36.105  1999  1999 D TAG     : 	at com.android.systemui.shared.recents.system.WindowTransitionCompat$2.lambda$startAnimation$0(WindowTransitionCompat.java:120)
03-02 10:38:36.105  1999  1999 D TAG     : 	at com.android.systemui.shared.recents.system.WindowTransitionCompat$2.$r8$lambda$hcqKCUwnRuMqtvMJ6DPLae5xnFA(Unknown Source:0)
03-02 10:38:36.105  1999  1999 D TAG     : 	at com.android.systemui.shared.recents.system.WindowTransitionCompat$2$$ExternalSyntheticLambda0.run(Unknown Source:10)
03-02 10:38:36.105  1999  1999 D TAG     : 	at com.miui.home.library.utils.LooperExecutor.execute(LooperExecutor.java:43)
03-02 10:38:36.105  1999  1999 D TAG     : 	at com.android.systemui.shared.recents.system.WindowTransitionCompat$2.startAnimation(WindowTransitionCompat.java:267)
03-02 10:38:36.105  1999  1999 D TAG     : 	at com.android.systemui.shared.recents.system.WindowTransitionCompat.wrapRemoteTransition(WindowTransitionCompat.java:745)
03-02 10:38:36.105  1999  1999 D TAG     : 	at com.miui.home.recents.anim.WindowElement.injectRemoteTransition(WindowElement.kt:687)
03-02 10:38:36.105  1999  1999 D TAG     : 	at com.miui.home.recents.anim.StateManager$CommonState.handleEvent(StateManager.kt:1291)
03-02 10:38:36.105  1999  1999 D TAG     : 	at com.miui.home.recents.anim.StateManager.handleEventActually(StateManager.kt:112)
03-02 10:38:36.105  1999  1999 D TAG     : 	at com.miui.home.recents.anim.StateManager.sendEventActually$lambda-0(StateManager.kt:99)
03-02 10:38:36.105  1999  1999 D TAG     : 	at com.miui.home.recents.anim.StateManager.$r8$lambda$C-kZp_X93nanDwYsUFIjH_GwEtM(Unknown Source:0)
03-02 10:38:36.105  1999  1999 D TAG     : 	at com.miui.home.recents.anim.StateManager$$ExternalSyntheticLambda3.run(Unknown Source:4)
03-02 10:38:36.105  1999  1999 D TAG     : 	at android.os.Handler.handleCallback(Handler.java:959)
03-02 10:38:36.105  1999  1999 D TAG     : 	at android.os.Handler.dispatchMessage(Handler.java:100)
03-02 10:38:36.105  1999  1999 D TAG     : 	at android.os.Looper.loopOnce(Looper.java:249)
03-02 10:38:36.105  1999  1999 D TAG     : 	at android.os.Looper.loop(Looper.java:337)
03-02 10:38:36.105  1999  1999 D TAG     : 	at android.app.ActivityThread.main(ActivityThread.java:9500)
03-02 10:38:36.105  1999  1999 D TAG     : 	at java.lang.reflect.Method.invoke(Native Method)
03-02 10:38:36.105  1999  1999 D TAG     : 	at com.android.internal.os.RuntimeInit$MethodAndArgsCaller.run(RuntimeInit.java:636)
03-02 10:38:36.105  1999  1999 D TAG     : 	at com.android.internal.os.ZygoteInit.main(ZygoteInit.java:1005)
03-02 10:38:36.105  1999  1999 D TAG     : obtainElement: false
03-02 10:38:36.105  1999  1999 D TAG     : java.lang.RuntimeException
03-02 10:38:36.105  1999  1999 D TAG     : 	at com.android.systemui.shared.recents.system.RemoteAnimationTargetCompat.obtainElement(RemoteAnimationTargetCompat.java:116)
03-02 10:38:36.105  1999  1999 D TAG     : 	at com.android.systemui.shared.recents.system.RemoteAnimationTargetCompat.<init>(RemoteAnimationTargetCompat.java:94)
03-02 10:38:36.105  1999  1999 D TAG     : 	at com.android.systemui.shared.recents.system.RemoteAnimationTargetCompat.wrap(RemoteAnimationTargetCompat.java:188)
03-02 10:38:36.105  1999  1999 D TAG     : 	at com.android.systemui.shared.recents.system.RemoteAnimationTargetCompat.wrapAppsForCompat(RemoteAnimationTargetCompat.java:233)
03-02 10:38:36.105  1999  1999 D TAG     : 	at com.android.systemui.shared.recents.system.WindowTransitionCompat$2.lambda$startAnimation$0(WindowTransitionCompat.java:120)
03-02 10:38:36.105  1999  1999 D TAG     : 	at com.android.systemui.shared.recents.system.WindowTransitionCompat$2.$r8$lambda$hcqKCUwnRuMqtvMJ6DPLae5xnFA(Unknown Source:0)
03-02 10:38:36.105  1999  1999 D TAG     : 	at com.android.systemui.shared.recents.system.WindowTransitionCompat$2$$ExternalSyntheticLambda0.run(Unknown Source:10)
03-02 10:38:36.105  1999  1999 D TAG     : 	at com.miui.home.library.utils.LooperExecutor.execute(LooperExecutor.java:43)
03-02 10:38:36.105  1999  1999 D TAG     : 	at com.android.systemui.shared.recents.system.WindowTransitionCompat$2.startAnimation(WindowTransitionCompat.java:267)
03-02 10:38:36.105  1999  1999 D TAG     : 	at com.android.systemui.shared.recents.system.WindowTransitionCompat.wrapRemoteTransition(WindowTransitionCompat.java:745)
03-02 10:38:36.105  1999  1999 D TAG     : 	at com.miui.home.recents.anim.WindowElement.injectRemoteTransition(WindowElement.kt:687)
03-02 10:38:36.105  1999  1999 D TAG     : 	at com.miui.home.recents.anim.StateManager$CommonState.handleEvent(StateManager.kt:1291)
03-02 10:38:36.105  1999  1999 D TAG     : 	at com.miui.home.recents.anim.StateManager.handleEventActually(StateManager.kt:112)
03-02 10:38:36.105  1999  1999 D TAG     : 	at com.miui.home.recents.anim.StateManager.sendEventActually$lambda-0(StateManager.kt:99)
03-02 10:38:36.105  1999  1999 D TAG     : 	at com.miui.home.recents.anim.StateManager.$r8$lambda$C-kZp_X93nanDwYsUFIjH_GwEtM(Unknown Source:0)
03-02 10:38:36.105  1999  1999 D TAG     : 	at com.miui.home.recents.anim.StateManager$$ExternalSyntheticLambda3.run(Unknown Source:4)
03-02 10:38:36.105  1999  1999 D TAG     : 	at android.os.Handler.handleCallback(Handler.java:959)
03-02 10:38:36.105  1999  1999 D TAG     : 	at android.os.Handler.dispatchMessage(Handler.java:100)
03-02 10:38:36.105  1999  1999 D TAG     : 	at android.os.Looper.loopOnce(Looper.java:249)
03-02 10:38:36.105  1999  1999 D TAG     : 	at android.os.Looper.loop(Looper.java:337)
03-02 10:38:36.105  1999  1999 D TAG     : 	at android.app.ActivityThread.main(ActivityThread.java:9500)
03-02 10:38:36.105  1999  1999 D TAG     : 	at java.lang.reflect.Method.invoke(Native Method)
03-02 10:38:36.105  1999  1999 D TAG     : 	at com.android.internal.os.RuntimeInit$MethodAndArgsCaller.run(RuntimeInit.java:636)
03-02 10:38:36.105  1999  1999 D TAG     : 	at com.android.internal.os.ZygoteInit.main(ZygoteInit.java:1005)
03-02 10:38:36.106  1999  1999 D TAG     : obtainElement: 0.0
03-02 10:38:36.106  1999  1999 D TAG     : java.lang.RuntimeException
03-02 10:38:36.106  1999  1999 D TAG     : 	at com.android.systemui.shared.recents.system.RemoteAnimationTargetCompat.obtainCornerRadius(RemoteAnimationTargetCompat.java:104)
03-02 10:38:36.106  1999  1999 D TAG     : 	at com.android.systemui.shared.recents.system.RemoteAnimationTargetCompat.<init>(RemoteAnimationTargetCompat.java:95)
03-02 10:38:36.106  1999  1999 D TAG     : 	at com.android.systemui.shared.recents.system.RemoteAnimationTargetCompat.wrap(RemoteAnimationTargetCompat.java:188)
03-02 10:38:36.106  1999  1999 D TAG     : 	at com.android.systemui.shared.recents.system.RemoteAnimationTargetCompat.wrapAppsForCompat(RemoteAnimationTargetCompat.java:233)
03-02 10:38:36.106  1999  1999 D TAG     : 	at com.android.systemui.shared.recents.system.WindowTransitionCompat$2.lambda$startAnimation$0(WindowTransitionCompat.java:120)
03-02 10:38:36.106  1999  1999 D TAG     : 	at com.android.systemui.shared.recents.system.WindowTransitionCompat$2.$r8$lambda$hcqKCUwnRuMqtvMJ6DPLae5xnFA(Unknown Source:0)
03-02 10:38:36.106  1999  1999 D TAG     : 	at com.android.systemui.shared.recents.system.WindowTransitionCompat$2$$ExternalSyntheticLambda0.run(Unknown Source:10)
03-02 10:38:36.106  1999  1999 D TAG     : 	at com.miui.home.library.utils.LooperExecutor.execute(LooperExecutor.java:43)
03-02 10:38:36.106  1999  1999 D TAG     : 	at com.android.systemui.shared.recents.system.WindowTransitionCompat$2.startAnimation(WindowTransitionCompat.java:267)
03-02 10:38:36.106  1999  1999 D TAG     : 	at com.android.systemui.shared.recents.system.WindowTransitionCompat.wrapRemoteTransition(WindowTransitionCompat.java:745)
03-02 10:38:36.106  1999  1999 D TAG     : 	at com.miui.home.recents.anim.WindowElement.injectRemoteTransition(WindowElement.kt:687)
03-02 10:38:36.106  1999  1999 D TAG     : 	at com.miui.home.recents.anim.StateManager$CommonState.handleEvent(StateManager.kt:1291)
03-02 10:38:36.106  1999  1999 D TAG     : 	at com.miui.home.recents.anim.StateManager.handleEventActually(StateManager.kt:112)
03-02 10:38:36.106  1999  1999 D TAG     : 	at com.miui.home.recents.anim.StateManager.sendEventActually$lambda-0(StateManager.kt:99)
03-02 10:38:36.106  1999  1999 D TAG     : 	at com.miui.home.recents.anim.StateManager.$r8$lambda$C-kZp_X93nanDwYsUFIjH_GwEtM(Unknown Source:0)
03-02 10:38:36.106  1999  1999 D TAG     : 	at com.miui.home.recents.anim.StateManager$$ExternalSyntheticLambda3.run(Unknown Source:4)
03-02 10:38:36.106  1999  1999 D TAG     : 	at android.os.Handler.handleCallback(Handler.java:959)
03-02 10:38:36.106  1999  1999 D TAG     : 	at android.os.Handler.dispatchMessage(Handler.java:100)
03-02 10:38:36.106  1999  1999 D TAG     : 	at android.os.Looper.loopOnce(Looper.java:249)
03-02 10:38:36.106  1999  1999 D TAG     : 	at android.os.Looper.loop(Looper.java:337)
03-02 10:38:36.106  1999  1999 D TAG     : 	at android.app.ActivityThread.main(ActivityThread.java:9500)
03-02 10:38:36.106  1999  1999 D TAG     : 	at java.lang.reflect.Method.invoke(Native Method)
03-02 10:38:36.106  1999  1999 D TAG     : 	at com.android.internal.os.RuntimeInit$MethodAndArgsCaller.run(RuntimeInit.java:636)
03-02 10:38:36.106  1999  1999 D TAG     : 	at com.android.internal.os.ZygoteInit.main(ZygoteInit.java:1005)
03-02 10:38:36.106  1999  1999 I TransitionUtil: rootLeash = Surface(name=Transition Root #10145: Task=1#133346)/@0x5fafef1
03-02 10:38:36.107   921  2359 I BufferQueueDebug: [TL_Surface(name=WallpaperWindowToken{2d6d85a token=android.os.Binder@8dfa005}#66)/@0xe01f87b_transition-leash#133350](this:0xb400007bcec8c358,id:-1,api:0,p:-1,c:-1) BufferQueue core=(921:/system/bin/surfaceflinger)
03-02 10:38:36.109  1999  1999 I TransitionUtil: setupLeash isAppOpening = false
03-02 10:38:36.109  1999  1999 I TransitionUtil: setLayer leash2 = Surface(name=TL_Surface(name=WallpaperWindowToken{2d6d85a token=android.os.Binder@8dfa005}#66)/@0xe01f87b_transition-leash#133350)/@0x660c7e3, layer = -2
03-02 10:38:36.110  1999  1999 D ReflectUtils: callObjectMethod
03-02 10:38:36.110  1999  1999 D ReflectUtils: java.lang.NoSuchMethodException: android.window.TransitionInfo$Change.getAllowEnterPip []
03-02 10:38:36.110  1999  1999 D ReflectUtils: 	at java.lang.Class.getMethod(Class.java:2934)
03-02 10:38:36.110  1999  1999 D ReflectUtils: 	at java.lang.Class.getDeclaredMethod(Class.java:2913)
03-02 10:38:36.110  1999  1999 D ReflectUtils: 	at com.miui.launcher.utils.ReflectUtils.callObjectMethod(ReflectUtils.java:35)
03-02 10:38:36.110  1999  1999 D ReflectUtils: 	at com.android.hideapi.TransitionInfoExpose$ChangeExpose.getAllowEnterPip(TransitionInfoExpose.java:119)
03-02 10:38:36.110  1999  1999 D ReflectUtils: 	at com.android.wm.shell.util.TransitionUtil.newTarget(TransitionUtil.java:556)
03-02 10:38:36.110  1999  1999 D ReflectUtils: 	at com.android.wm.shell.util.TransitionUtil.newTarget(TransitionUtil.java:493)
03-02 10:38:36.110  1999  1999 D ReflectUtils: 	at com.android.wm.shell.util.TransitionUtil.newTarget(TransitionUtil.java:484)
03-02 10:38:36.110  1999  1999 D ReflectUtils: 	at com.android.systemui.shared.recents.system.RemoteAnimationTargetCompat.wrap(RemoteAnimationTargetCompat.java:212)
03-02 10:38:36.110  1999  1999 D ReflectUtils: 	at com.android.systemui.shared.recents.system.RemoteAnimationTargetCompat.wrapNonAppsForCompat(RemoteAnimationTargetCompat.java:252)
03-02 10:38:36.110  1999  1999 D ReflectUtils: 	at com.android.systemui.shared.recents.system.WindowTransitionCompat$2.lambda$startAnimation$0(WindowTransitionCompat.java:122)
03-02 10:38:36.110  1999  1999 D ReflectUtils: 	at com.android.systemui.shared.recents.system.WindowTransitionCompat$2.$r8$lambda$hcqKCUwnRuMqtvMJ6DPLae5xnFA(Unknown Source:0)
03-02 10:38:36.110  1999  1999 D ReflectUtils: 	at com.android.systemui.shared.recents.system.WindowTransitionCompat$2$$ExternalSyntheticLambda0.run(Unknown Source:10)
03-02 10:38:36.110  1999  1999 D ReflectUtils: 	at com.miui.home.library.utils.LooperExecutor.execute(LooperExecutor.java:43)
03-02 10:38:36.110  1999  1999 D ReflectUtils: 	at com.android.systemui.shared.recents.system.WindowTransitionCompat$2.startAnimation(WindowTransitionCompat.java:267)
03-02 10:38:36.110  1999  1999 D ReflectUtils: 	at com.android.systemui.shared.recents.system.WindowTransitionCompat.wrapRemoteTransition(WindowTransitionCompat.java:745)
03-02 10:38:36.110  1999  1999 D ReflectUtils: 	at com.miui.home.recents.anim.WindowElement.injectRemoteTransition(WindowElement.kt:687)
03-02 10:38:36.110  1999  1999 D ReflectUtils: 	at com.miui.home.recents.anim.StateManager$CommonState.handleEvent(StateManager.kt:1291)
03-02 10:38:36.110  1999  1999 D ReflectUtils: 	at com.miui.home.recents.anim.StateManager.handleEventActually(StateManager.kt:112)
03-02 10:38:36.110  1999  1999 D ReflectUtils: 	at com.miui.home.recents.anim.StateManager.sendEventActually$lambda-0(StateManager.kt:99)
03-02 10:38:36.110  1999  1999 D ReflectUtils: 	at com.miui.home.recents.anim.StateManager.$r8$lambda$C-kZp_X93nanDwYsUFIjH_GwEtM(Unknown Source:0)
03-02 10:38:36.110  1999  1999 D ReflectUtils: 	at com.miui.home.recents.anim.StateManager$$ExternalSyntheticLambda3.run(Unknown Source:4)
03-02 10:38:36.110  1999  1999 D ReflectUtils: 	at android.os.Handler.handleCallback(Handler.java:959)
03-02 10:38:36.110  1999  1999 D ReflectUtils: 	at android.os.Handler.dispatchMessage(Handler.java:100)
03-02 10:38:36.110  1999  1999 D ReflectUtils: 	at android.os.Looper.loopOnce(Looper.java:249)
03-02 10:38:36.110  1999  1999 D ReflectUtils: 	at android.os.Looper.loop(Looper.java:337)
03-02 10:38:36.110  1999  1999 D ReflectUtils: 	at android.app.ActivityThread.main(ActivityThread.java:9500)
03-02 10:38:36.110  1999  1999 D ReflectUtils: 	at java.lang.reflect.Method.invoke(Native Method)
03-02 10:38:36.110  1999  1999 D ReflectUtils: 	at com.android.internal.os.RuntimeInit$MethodAndArgsCaller.run(RuntimeInit.java:636)
03-02 10:38:36.110  1999  1999 D ReflectUtils: 	at com.android.internal.os.ZygoteInit.main(ZygoteInit.java:1005)
03-02 10:38:36.110  1999  1999 W TransitionInfoExpose.ChangeExpose: getAllowEnterPip: return null from reflection, use default value false
03-02 10:38:36.111  1999  2684 D RecentsModel: onTaskStackChangedBackground    MSG_TASK_STACK_CHANGE
03-02 10:38:36.111  1999  2684 D RecentsModel: boostTaskStackChangedThread, don't boost
03-02 10:38:36.112  1999  1999 I TransitionUtil: rootLeash = Surface(name=Transition Root #10145: Task=1#133346)/@0x5fafef1
03-02 10:38:36.113   921  2359 I BufferQueueDebug: [TL_Surface(name=WallpaperWindowToken{d3319dd token=android.os.Binder@113b9b4}#64)/@0xaae7698_transition-leash#133351](this:0xb400007bcec47dd8,id:-1,api:0,p:-1,c:-1) BufferQueue core=(921:/system/bin/surfaceflinger)
03-02 10:38:36.114  1621  4230 I ATMSImpl: cacheTasksForDefaultDisplay size=3
03-02 10:38:36.117  1999  1999 I TransitionUtil: setupLeash isAppOpening = false
03-02 10:38:36.118  1999  1999 I TransitionUtil: setLayer leash2 = Surface(name=TL_Surface(name=WallpaperWindowToken{d3319dd token=android.os.Binder@113b9b4}#64)/@0xaae7698_transition-leash#133351)/@0xd72a099, layer = -3
03-02 10:38:36.119  1999  1999 D ReflectUtils: callObjectMethod
03-02 10:38:36.119  1999  1999 D ReflectUtils: java.lang.NoSuchMethodException: android.window.TransitionInfo$Change.getAllowEnterPip []
03-02 10:38:36.119  1999  1999 D ReflectUtils: 	at java.lang.Class.getMethod(Class.java:2934)
03-02 10:38:36.119  1999  1999 D ReflectUtils: 	at java.lang.Class.getDeclaredMethod(Class.java:2913)
03-02 10:38:36.119  1999  1999 D ReflectUtils: 	at com.miui.launcher.utils.ReflectUtils.callObjectMethod(ReflectUtils.java:35)
03-02 10:38:36.119  1999  1999 D ReflectUtils: 	at com.android.hideapi.TransitionInfoExpose$ChangeExpose.getAllowEnterPip(TransitionInfoExpose.java:119)
03-02 10:38:36.119  1999  1999 D ReflectUtils: 	at com.android.wm.shell.util.TransitionUtil.newTarget(TransitionUtil.java:556)
03-02 10:38:36.119  1999  1999 D ReflectUtils: 	at com.android.wm.shell.util.TransitionUtil.newTarget(TransitionUtil.java:493)
03-02 10:38:36.119  1999  1999 D ReflectUtils: 	at com.android.wm.shell.util.TransitionUtil.newTarget(TransitionUtil.java:484)
03-02 10:38:36.119  1999  1999 D ReflectUtils: 	at com.android.systemui.shared.recents.system.RemoteAnimationTargetCompat.wrap(RemoteAnimationTargetCompat.java:212)
03-02 10:38:36.119  1999  1999 D ReflectUtils: 	at com.android.systemui.shared.recents.system.RemoteAnimationTargetCompat.wrapNonAppsForCompat(RemoteAnimationTargetCompat.java:252)
03-02 10:38:36.119  1999  1999 D ReflectUtils: 	at com.android.systemui.shared.recents.system.WindowTransitionCompat$2.lambda$startAnimation$0(WindowTransitionCompat.java:122)
03-02 10:38:36.119  1999  1999 D ReflectUtils: 	at com.android.systemui.shared.recents.system.WindowTransitionCompat$2.$r8$lambda$hcqKCUwnRuMqtvMJ6DPLae5xnFA(Unknown Source:0)
03-02 10:38:36.119  1999  1999 D ReflectUtils: 	at com.android.systemui.shared.recents.system.WindowTransitionCompat$2$$ExternalSyntheticLambda0.run(Unknown Source:10)
03-02 10:38:36.119  1999  1999 D ReflectUtils: 	at com.miui.home.library.utils.LooperExecutor.execute(LooperExecutor.java:43)
03-02 10:38:36.119  1999  1999 D ReflectUtils: 	at com.android.systemui.shared.recents.system.WindowTransitionCompat$2.startAnimation(WindowTransitionCompat.java:267)
03-02 10:38:36.119  1999  1999 D ReflectUtils: 	at com.android.systemui.shared.recents.system.WindowTransitionCompat.wrapRemoteTransition(WindowTransitionCompat.java:745)
03-02 10:38:36.119  1999  1999 D ReflectUtils: 	at com.miui.home.recents.anim.WindowElement.injectRemoteTransition(WindowElement.kt:687)
03-02 10:38:36.119  1999  1999 D ReflectUtils: 	at com.miui.home.recents.anim.StateManager$CommonState.handleEvent(StateManager.kt:1291)
03-02 10:38:36.119  1999  1999 D ReflectUtils: 	at com.miui.home.recents.anim.StateManager.handleEventActually(StateManager.kt:112)
03-02 10:38:36.119  1999  1999 D ReflectUtils: 	at com.miui.home.recents.anim.StateManager.sendEventActually$lambda-0(StateManager.kt:99)
03-02 10:38:36.119  1999  1999 D ReflectUtils: 	at com.miui.home.recents.anim.StateManager.$r8$lambda$C-kZp_X93nanDwYsUFIjH_GwEtM(Unknown Source:0)
03-02 10:38:36.119  1999  1999 D ReflectUtils: 	at com.miui.home.recents.anim.StateManager$$ExternalSyntheticLambda3.run(Unknown Source:4)
03-02 10:38:36.119  1999  1999 D ReflectUtils: 	at android.os.Handler.handleCallback(Handler.java:959)
03-02 10:38:36.119  1999  1999 D ReflectUtils: 	at android.os.Handler.dispatchMessage(Handler.java:100)
03-02 10:38:36.119  1999  1999 D ReflectUtils: 	at android.os.Looper.loopOnce(Looper.java:249)
03-02 10:38:36.119  1999  1999 D ReflectUtils: 	at android.os.Looper.loop(Looper.java:337)
03-02 10:38:36.119  1999  1999 D ReflectUtils: 	at android.app.ActivityThread.main(ActivityThread.java:9500)
03-02 10:38:36.119  1999  1999 D ReflectUtils: 	at java.lang.reflect.Method.invoke(Native Method)
03-02 10:38:36.119  1999  1999 D ReflectUtils: 	at com.android.internal.os.RuntimeInit$MethodAndArgsCaller.run(RuntimeInit.java:636)
03-02 10:38:36.119  1999  1999 D ReflectUtils: 	at com.android.internal.os.ZygoteInit.main(ZygoteInit.java:1005)
03-02 10:38:36.119  1999  1999 W TransitionInfoExpose.ChangeExpose: getAllowEnterPip: return null from reflection, use default value false
03-02 10:38:36.120  1999  1999 D TAG     : obtainElement: false
03-02 10:38:36.120  1999  1999 D TAG     : java.lang.RuntimeException
03-02 10:38:36.120  1999  1999 D TAG     : 	at com.android.systemui.shared.recents.system.RemoteAnimationTargetCompat.obtainElement(RemoteAnimationTargetCompat.java:116)
03-02 10:38:36.120  1999  1999 D TAG     : 	at com.android.systemui.shared.recents.system.RemoteAnimationTargetCompat.<init>(RemoteAnimationTargetCompat.java:94)
03-02 10:38:36.120  1999  1999 D TAG     : 	at com.android.systemui.shared.recents.system.RemoteAnimationTargetCompat.wrap(RemoteAnimationTargetCompat.java:188)
03-02 10:38:36.120  1999  1999 D TAG     : 	at com.android.systemui.shared.recents.system.RemoteAnimationTargetCompat.wrapNonAppsForCompat(RemoteAnimationTargetCompat.java:254)
03-02 10:38:36.120  1999  1999 D TAG     : 	at com.android.systemui.shared.recents.system.WindowTransitionCompat$2.lambda$startAnimation$0(WindowTransitionCompat.java:122)
03-02 10:38:36.120  1999  1999 D TAG     : 	at com.android.systemui.shared.recents.system.WindowTransitionCompat$2.$r8$lambda$hcqKCUwnRuMqtvMJ6DPLae5xnFA(Unknown Source:0)
03-02 10:38:36.120  1999  1999 D TAG     : 	at com.android.systemui.shared.recents.system.WindowTransitionCompat$2$$ExternalSyntheticLambda0.run(Unknown Source:10)
03-02 10:38:36.120  1999  1999 D TAG     : 	at com.miui.home.library.utils.LooperExecutor.execute(LooperExecutor.java:43)
03-02 10:38:36.120  1999  1999 D TAG     : 	at com.android.systemui.shared.recents.system.WindowTransitionCompat$2.startAnimation(WindowTransitionCompat.java:267)
03-02 10:38:36.120  1999  1999 D TAG     : 	at com.android.systemui.shared.recents.system.WindowTransitionCompat.wrapRemoteTransition(WindowTransitionCompat.java:745)
03-02 10:38:36.120  1999  1999 D TAG     : 	at com.miui.home.recents.anim.WindowElement.injectRemoteTransition(WindowElement.kt:687)
03-02 10:38:36.120  1999  1999 D TAG     : 	at com.miui.home.recents.anim.StateManager$CommonState.handleEvent(StateManager.kt:1291)
03-02 10:38:36.120  1999  1999 D TAG     : 	at com.miui.home.recents.anim.StateManager.handleEventActually(StateManager.kt:112)
03-02 10:38:36.120  1999  1999 D TAG     : 	at com.miui.home.recents.anim.StateManager.sendEventActually$lambda-0(StateManager.kt:99)
03-02 10:38:36.120  1999  1999 D TAG     : 	at com.miui.home.recents.anim.StateManager.$r8$lambda$C-kZp_X93nanDwYsUFIjH_GwEtM(Unknown Source:0)
03-02 10:38:36.120  1999  1999 D TAG     : 	at com.miui.home.recents.anim.StateManager$$ExternalSyntheticLambda3.run(Unknown Source:4)
03-02 10:38:36.120  1999  1999 D TAG     : 	at android.os.Handler.handleCallback(Handler.java:959)
03-02 10:38:36.120  1999  1999 D TAG     : 	at android.os.Handler.dispatchMessage(Handler.java:100)
03-02 10:38:36.120  1999  1999 D TAG     : 	at android.os.Looper.loopOnce(Looper.java:249)
03-02 10:38:36.120  1999  1999 D TAG     : 	at android.os.Looper.loop(Looper.java:337)
03-02 10:38:36.120  1999  1999 D TAG     : 	at android.app.ActivityThread.main(ActivityThread.java:9500)
03-02 10:38:36.120  1999  1999 D TAG     : 	at java.lang.reflect.Method.invoke(Native Method)
03-02 10:38:36.120  1999  1999 D TAG     : 	at com.android.internal.os.RuntimeInit$MethodAndArgsCaller.run(RuntimeInit.java:636)
03-02 10:38:36.120  1999  1999 D TAG     : 	at com.android.internal.os.ZygoteInit.main(ZygoteInit.java:1005)
03-02 10:38:36.121  1999  1999 D TAG     : obtainElement: 0.0
03-02 10:38:36.121  1999  1999 D TAG     : java.lang.RuntimeException
03-02 10:38:36.121  1999  1999 D TAG     : 	at com.android.systemui.shared.recents.system.RemoteAnimationTargetCompat.obtainCornerRadius(RemoteAnimationTargetCompat.java:104)
03-02 10:38:36.121  1999  1999 D TAG     : 	at com.android.systemui.shared.recents.system.RemoteAnimationTargetCompat.<init>(RemoteAnimationTargetCompat.java:95)
03-02 10:38:36.121  1999  1999 D TAG     : 	at com.android.systemui.shared.recents.system.RemoteAnimationTargetCompat.wrap(RemoteAnimationTargetCompat.java:188)
03-02 10:38:36.121  1999  1999 D TAG     : 	at com.android.systemui.shared.recents.system.RemoteAnimationTargetCompat.wrapNonAppsForCompat(RemoteAnimationTargetCompat.java:254)
03-02 10:38:36.121  1999  1999 D TAG     : 	at com.android.systemui.shared.recents.system.WindowTransitionCompat$2.lambda$startAnimation$0(WindowTransitionCompat.java:122)
03-02 10:38:36.121  1999  1999 D TAG     : 	at com.android.systemui.shared.recents.system.WindowTransitionCompat$2.$r8$lambda$hcqKCUwnRuMqtvMJ6DPLae5xnFA(Unknown Source:0)
03-02 10:38:36.121  1999  1999 D TAG     : 	at com.android.systemui.shared.recents.system.WindowTransitionCompat$2$$ExternalSyntheticLambda0.run(Unknown Source:10)
03-02 10:38:36.121  1999  1999 D TAG     : 	at com.miui.home.library.utils.LooperExecutor.execute(LooperExecutor.java:43)
03-02 10:38:36.121  1999  1999 D TAG     : 	at com.android.systemui.shared.recents.system.WindowTransitionCompat$2.startAnimation(WindowTransitionCompat.java:267)
03-02 10:38:36.121  1999  1999 D TAG     : 	at com.android.systemui.shared.recents.system.WindowTransitionCompat.wrapRemoteTransition(WindowTransitionCompat.java:745)
03-02 10:38:36.121  1999  1999 D TAG     : 	at com.miui.home.recents.anim.WindowElement.injectRemoteTransition(WindowElement.kt:687)
03-02 10:38:36.121  1999  1999 D TAG     : 	at com.miui.home.recents.anim.StateManager$CommonState.handleEvent(StateManager.kt:1291)
03-02 10:38:36.121  1999  1999 D TAG     : 	at com.miui.home.recents.anim.StateManager.handleEventActually(StateManager.kt:112)
03-02 10:38:36.121  1999  1999 D TAG     : 	at com.miui.home.recents.anim.StateManager.sendEventActually$lambda-0(StateManager.kt:99)
03-02 10:38:36.121  1999  1999 D TAG     : 	at com.miui.home.recents.anim.StateManager.$r8$lambda$C-kZp_X93nanDwYsUFIjH_GwEtM(Unknown Source:0)
03-02 10:38:36.121  1999  1999 D TAG     : 	at com.miui.home.recents.anim.StateManager$$ExternalSyntheticLambda3.run(Unknown Source:4)
03-02 10:38:36.121  1999  1999 D TAG     : 	at android.os.Handler.handleCallback(Handler.java:959)
03-02 10:38:36.121  1999  1999 D TAG     : 	at android.os.Handler.dispatchMessage(Handler.java:100)
03-02 10:38:36.121  1999  1999 D TAG     : 	at android.os.Looper.loopOnce(Looper.java:249)
03-02 10:38:36.121  1999  1999 D TAG     : 	at android.os.Looper.loop(Looper.java:337)
03-02 10:38:36.121  1999  1999 D TAG     : 	at android.app.ActivityThread.main(ActivityThread.java:9500)
03-02 10:38:36.121  1999  1999 D TAG     : 	at java.lang.reflect.Method.invoke(Native Method)
03-02 10:38:36.121  1999  1999 D TAG     : 	at com.android.internal.os.RuntimeInit$MethodAndArgsCaller.run(RuntimeInit.java:636)
03-02 10:38:36.121  1999  1999 D TAG     : 	at com.android.internal.os.ZygoteInit.main(ZygoteInit.java:1005)
03-02 10:38:36.122  1999  1999 D TAG     : obtainElement: false
03-02 10:38:36.122  1999  1999 D TAG     : java.lang.RuntimeException
03-02 10:38:36.122  1999  1999 D TAG     : 	at com.android.systemui.shared.recents.system.RemoteAnimationTargetCompat.obtainElement(RemoteAnimationTargetCompat.java:116)
03-02 10:38:36.122  1999  1999 D TAG     : 	at com.android.systemui.shared.recents.system.RemoteAnimationTargetCompat.<init>(RemoteAnimationTargetCompat.java:94)
03-02 10:38:36.122  1999  1999 D TAG     : 	at com.android.systemui.shared.recents.system.RemoteAnimationTargetCompat.wrap(RemoteAnimationTargetCompat.java:188)
03-02 10:38:36.122  1999  1999 D TAG     : 	at com.android.systemui.shared.recents.system.RemoteAnimationTargetCompat.wrapNonAppsForCompat(RemoteAnimationTargetCompat.java:254)
03-02 10:38:36.122  1999  1999 D TAG     : 	at com.android.systemui.shared.recents.system.WindowTransitionCompat$2.lambda$startAnimation$0(WindowTransitionCompat.java:122)
03-02 10:38:36.122  1999  1999 D TAG     : 	at com.android.systemui.shared.recents.system.WindowTransitionCompat$2.$r8$lambda$hcqKCUwnRuMqtvMJ6DPLae5xnFA(Unknown Source:0)
03-02 10:38:36.122  1999  1999 D TAG     : 	at com.android.systemui.shared.recents.system.WindowTransitionCompat$2$$ExternalSyntheticLambda0.run(Unknown Source:10)
03-02 10:38:36.122  1999  1999 D TAG     : 	at com.miui.home.library.utils.LooperExecutor.execute(LooperExecutor.java:43)
03-02 10:38:36.122  1999  1999 D TAG     : 	at com.android.systemui.shared.recents.system.WindowTransitionCompat$2.startAnimation(WindowTransitionCompat.java:267)
03-02 10:38:36.122  1999  1999 D TAG     : 	at com.android.systemui.shared.recents.system.WindowTransitionCompat.wrapRemoteTransition(WindowTransitionCompat.java:745)
03-02 10:38:36.122  1999  1999 D TAG     : 	at com.miui.home.recents.anim.WindowElement.injectRemoteTransition(WindowElement.kt:687)
03-02 10:38:36.122  1999  1999 D TAG     : 	at com.miui.home.recents.anim.StateManager$CommonState.handleEvent(StateManager.kt:1291)
03-02 10:38:36.122  1999  1999 D TAG     : 	at com.miui.home.recents.anim.StateManager.handleEventActually(StateManager.kt:112)
03-02 10:38:36.122  1999  1999 D TAG     : 	at com.miui.home.recents.anim.StateManager.sendEventActually$lambda-0(StateManager.kt:99)
03-02 10:38:36.122  1999  1999 D TAG     : 	at com.miui.home.recents.anim.StateManager.$r8$lambda$C-kZp_X93nanDwYsUFIjH_GwEtM(Unknown Source:0)
03-02 10:38:36.122  1999  1999 D TAG     : 	at com.miui.home.recents.anim.StateManager$$ExternalSyntheticLambda3.run(Unknown Source:4)
03-02 10:38:36.122  1999  1999 D TAG     : 	at android.os.Handler.handleCallback(Handler.java:959)
03-02 10:38:36.122  1999  1999 D TAG     : 	at android.os.Handler.dispatchMessage(Handler.java:100)
03-02 10:38:36.122  1999  1999 D TAG     : 	at android.os.Looper.loopOnce(Looper.java:249)
03-02 10:38:36.122  1999  1999 D TAG     : 	at android.os.Looper.loop(Looper.java:337)
03-02 10:38:36.122  1999  1999 D TAG     : 	at android.app.ActivityThread.main(ActivityThread.java:9500)
03-02 10:38:36.122  1999  1999 D TAG     : 	at java.lang.reflect.Method.invoke(Native Method)
03-02 10:38:36.122  1999  1999 D TAG     : 	at com.android.internal.os.RuntimeInit$MethodAndArgsCaller.run(RuntimeInit.java:636)
03-02 10:38:36.122  1999  1999 D TAG     : 	at com.android.internal.os.ZygoteInit.main(ZygoteInit.java:1005)
03-02 10:38:36.122  1999  1999 D TAG     : obtainElement: 0.0
03-02 10:38:36.122  1999  1999 D TAG     : java.lang.RuntimeException
03-02 10:38:36.122  1999  1999 D TAG     : 	at com.android.systemui.shared.recents.system.RemoteAnimationTargetCompat.obtainCornerRadius(RemoteAnimationTargetCompat.java:104)
03-02 10:38:36.122  1999  1999 D TAG     : 	at com.android.systemui.shared.recents.system.RemoteAnimationTargetCompat.<init>(RemoteAnimationTargetCompat.java:95)
03-02 10:38:36.122  1999  1999 D TAG     : 	at com.android.systemui.shared.recents.system.RemoteAnimationTargetCompat.wrap(RemoteAnimationTargetCompat.java:188)
03-02 10:38:36.122  1999  1999 D TAG     : 	at com.android.systemui.shared.recents.system.RemoteAnimationTargetCompat.wrapNonAppsForCompat(RemoteAnimationTargetCompat.java:254)
03-02 10:38:36.122  1999  1999 D TAG     : 	at com.android.systemui.shared.recents.system.WindowTransitionCompat$2.lambda$startAnimation$0(WindowTransitionCompat.java:122)
03-02 10:38:36.122  1999  1999 D TAG     : 	at com.android.systemui.shared.recents.system.WindowTransitionCompat$2.$r8$lambda$hcqKCUwnRuMqtvMJ6DPLae5xnFA(Unknown Source:0)
03-02 10:38:36.122  1999  1999 D TAG     : 	at com.android.systemui.shared.recents.system.WindowTransitionCompat$2$$ExternalSyntheticLambda0.run(Unknown Source:10)
03-02 10:38:36.122  1999  1999 D TAG     : 	at com.miui.home.library.utils.LooperExecutor.execute(LooperExecutor.java:43)
03-02 10:38:36.122  1999  1999 D TAG     : 	at com.android.systemui.shared.recents.system.WindowTransitionCompat$2.startAnimation(WindowTransitionCompat.java:267)
03-02 10:38:36.122  1999  1999 D TAG     : 	at com.android.systemui.shared.recents.system.WindowTransitionCompat.wrapRemoteTransition(WindowTransitionCompat.java:745)
03-02 10:38:36.122  1999  1999 D TAG     : 	at com.miui.home.recents.anim.WindowElement.injectRemoteTransition(WindowElement.kt:687)
03-02 10:38:36.122  1999  1999 D TAG     : 	at com.miui.home.recents.anim.StateManager$CommonState.handleEvent(StateManager.kt:1291)
03-02 10:38:36.122  1999  1999 D TAG     : 	at com.miui.home.recents.anim.StateManager.handleEventActually(StateManager.kt:112)
03-02 10:38:36.122  1999  1999 D TAG     : 	at com.miui.home.recents.anim.StateManager.sendEventActually$lambda-0(StateManager.kt:99)
03-02 10:38:36.122  1999  1999 D TAG     : 	at com.miui.home.recents.anim.StateManager.$r8$lambda$C-kZp_X93nanDwYsUFIjH_GwEtM(Unknown Source:0)
03-02 10:38:36.122  1999  1999 D TAG     : 	at com.miui.home.recents.anim.StateManager$$ExternalSyntheticLambda3.run(Unknown Source:4)
03-02 10:38:36.122  1999  1999 D TAG     : 	at android.os.Handler.handleCallback(Handler.java:959)
03-02 10:38:36.122  1999  1999 D TAG     : 	at android.os.Handler.dispatchMessage(Handler.java:100)
03-02 10:38:36.122  1999  1999 D TAG     : 	at android.os.Looper.loopOnce(Looper.java:249)
03-02 10:38:36.122  1999  1999 D TAG     : 	at android.os.Looper.loop(Looper.java:337)
03-02 10:38:36.122  1999  1999 D TAG     : 	at android.app.ActivityThread.main(ActivityThread.java:9500)
03-02 10:38:36.122  1999  1999 D TAG     : 	at java.lang.reflect.Method.invoke(Native Method)
03-02 10:38:36.122  1999  1999 D TAG     : 	at com.android.internal.os.RuntimeInit$MethodAndArgsCaller.run(RuntimeInit.java:636)
03-02 10:38:36.122  1999  1999 D TAG     : 	at com.android.internal.os.ZygoteInit.main(ZygoteInit.java:1005)
03-02 10:38:36.125  1999  2684 D RecentsModel: getRunningTask ignoreActivityType : 2 ,ignoreWindowMode:5
03-02 10:38:36.125  1999  2684 W RecentsModel: getRunningTask   taskInfo=TaskInfo{userId=0 taskId=37019 displayId=0 isRunning=true baseIntent=Intent { flg=0x10000000 cmp=com.whatsapp/.home.ui.HomeActivity } baseActivity=ComponentInfo{com.whatsapp/com.whatsapp.home.ui.HomeActivity} topActivity=ComponentInfo{com.whatsapp/com.whatsapp.home.ui.HomeActivity} origActivity=null realActivity=ComponentInfo{com.whatsapp/com.whatsapp.home.ui.HomeActivity} numActivities=1 lastActiveTime=1025268869 supportsSplitScreenMultiWindow=true supportsMultiWindow=true resizeMode=1 isResizeable=true minWidth=-1 minHeight=-1 defaultMinSize=200 token=WCT{android.window.IWindowContainerToken$Stub$Proxy@9ad505b} topActivityType=1 pictureInPictureParams=null shouldDockBigOverlays=false launchIntoPipHostTaskId=-1 lastParentTaskIdBeforePip=-1 displayCutoutSafeInsets=Rect(0, 104 - 0, 0) topActivityInfo=ActivityInfo{ea920f8 com.whatsapp.home.ui.HomeActivity} launchCookies=[] positionInParent=Point(0, 0) parentTaskId=-1 isFocused=false isVisible=false isVisibleRequested=false isSleeping=false locusId=null displayAreaFeatureId=1 isTopActivityTransparent=false appCompatTaskInfo=AppCompatTaskInfo { topActivityInSizeCompat=false topActivityEligibleForLetterboxEducation= falseisLetterboxEducationEnabled= false isLetterboxDoubleTapEnabled= false topActivityEligibleForUserAspectRatioButton= false topActivityBoundsLetterboxed= false isFromLetterboxDoubleTap= false topActivityLetterboxVerticalPosition= -1 topActivityLetterboxHorizontalPosition= -1 topActivityLetterboxWidth=1080 topActivityLetterboxHeight=2460 isUserFullscreenOverrideEnabled=false isSystemFullscreenOverrideEnabled=false cameraCompatTaskInfo=CameraCompatTaskInfo { cameraCompatControlState=hidden freeformCameraCompatMode=inactive}} isImmersive=false mTopActivityRequestOrientation=-2 mBehindAppLockPkg=null mOriginatingUid=0 isEmbedded=false shouldBeVisible=false mIsCastMode=false mTopActivityMediaSize=null mTopActivityRecordName=ActivityRecord{fc958f0 u0 com.whatsapp/.home.ui.HomeActivity t37019} mTopActivityOrientation=-2}
03-02 10:38:36.125  1999  2684 D RecentsModel: preloadRecents runningTaskId:37019, mCurrentRunningTaskId:-1, mRecentsTaskLoadPlan=com.android.systemui.shared.recents.model.RecentsTaskLoadPlan@ddec9d1
03-02 10:38:36.125 32592 32618 D MiuiDownscaleImpl: set override inverted scale : 1.0
03-02 10:38:36.126   921  2359 E LayerState: Stripped attempt to set eInputInfoChanged in sanitize
03-02 10:38:36.130  1999  2684 E ActivityManagerWrapper: get all recent tasks force including 37019
03-02 10:38:36.130  1621  1730 I PowerHalWrapper: amsBoostStop AMS_BOOST_PACK_SWITCH:true, AMS_BOOST_ACT_SWITCH:false, AMS_BOOST_PROCESS_CREATE:false, AMS_BOOST_PROCESS_CREATE_FOR_GAME:false, AMS_BOOST_HOT_LAUNCH:false 
03-02 10:38:36.131   863   909 I libPowerHal: [mtkPowerHint] hint:22, hold:500, ext:0, ext_hold:0
03-02 10:38:36.131  1621  4432 W ActivityManager: Slow operation: 68ms so far, now at attachApplicationLocked: immediately after bindApplication
03-02 10:38:36.131  1621  4432 W ActivityManager: Slow operation: 68ms so far, now at attachApplicationLocked: after updateLruProcessLocked
03-02 10:38:36.132  1621  1729 W UserManagerService: Requested status bar icon for non-badged user 0
03-02 10:38:36.133  1621  4432 W ActivityManager: Slow operation: 70ms so far, now at attachApplicationLocked: after updateOomAdjLocked
03-02 10:38:36.133   863   958 I libPowerHal: [perfLockAcq] idx:1 hdl:363711 hint:22 pid:863 tid:863 duration:500 lock_user:vendor.mediatek => ret_hdl:363711
03-02 10:38:36.133   863   958 I libPowerHal: [set_kswapd_affinity] set affinity = 16129
03-02 10:38:36.133   863   958 I libPowerHal: [PE] MTKPOWER_HINT_PACK_SWITCH update ONESHOT(set) cmd:10000700 param:16129 pr:3
03-02 10:38:36.133   863   958 I libPowerHal: [perfLockAcq] Done for hdl : 363711
03-02 10:38:36.134   863   958 I libPowerHal: [perfLockRel] hdl:363710, idx:2
03-02 10:38:36.135  1621  1667 W ActivityManager: Slow operation: 175ms so far, now at startProcess: done updating battery stats
03-02 10:38:36.136   863   958 I libPowerHal: [PD] MTKPOWER_HINT_PACK_SWITCH update ONESHOT(unset) cmd:10000700 param:16129 pr:3
03-02 10:38:36.136  1999  2684 E ActivityManagerWrapper: getRecentTasksForceIncludingTaskIdIfValid: getRecentTasks: size=3
03-02 10:38:36.136  1999  2684 E ActivityManagerWrapper:  mainTaskId=37025   userId=0   windowMode=1   baseIntent=Intent { act=null flag=268435456 cmp=ComponentInfo{com.softnation.Ojam/com.softnation.Ojam.MainActivity} }
03-02 10:38:36.136  1999  2684 E ActivityManagerWrapper:  mainTaskId=37019   userId=0   windowMode=1   baseIntent=Intent { act=null flag=268435456 cmp=ComponentInfo{com.whatsapp/com.whatsapp.home.ui.HomeActivity} }
03-02 10:38:36.136  1999  2684 E ActivityManagerWrapper:  mainTaskId=36980   userId=0   windowMode=1   baseIntent=Intent { act=android.intent.action.MAIN flag=270532608 cmp=ComponentInfo{com.twitter.android/com.twitter.android.StartActivity} }
03-02 10:38:36.136   863   958 I libPowerHal: [perfLockRel] Done for hdl : 363710
03-02 10:38:36.144  1621  1667 W ActivityManager: Slow operation: 183ms so far, now at startProcess: building log message
03-02 10:38:36.144  1621  1667 I ActivityManager: Start proc 32627:com.google.android.apps.photos/u0a204 for service {com.google.android.apps.photos/com.google.android.libraries.social.mediamonitor.MediaMonitorJobSchedulerService} caller=android
03-02 10:38:36.144  1621  1667 W ActivityManager: Slow operation: 184ms so far, now at startProcess: starting to update pids map
03-02 10:38:36.144  1621  1667 W ActivityManager: Slow operation: 184ms so far, now at startProcess: done updating pids map
03-02 10:38:36.146 32592 32592 I JavaheapMonitor: Disabled. Process name: <pre-initialized>
03-02 10:38:36.146  1999  2684 D TaskSnapshotCompatVV: getIsInvalidateFromTaskSnapshot, isInvalidate=false
03-02 10:38:36.149  1621  4430 I SmartPower: com.snapchat.android/10370(32605): died->background(325210ms) R(process start ) adj=-10000.
03-02 10:38:36.150  1999  1999 I WindowTransitionCompat: onAnimationStart appsCompat size = 2, isWallpaperTransition=true, isReturnToHome=true
03-02 10:38:36.150  1999  1999 I WindowElement: 4f22ad6 onClosingWindowTransitionStart
03-02 10:38:36.151  1999  1999 I WindowElement: 4f22ad6 getClosingWindowAnimParams closingTarget=RemoteAnimationTargetCompat{taskId=37025, mode=1, isTranslucent=false, clipRect=Rect(0, 0 - 0, 0), position=Point(0, 0), sourceContainerBounds=Rect(0, 0 - 1080, 2460), prefixOrderIndex=3, isNotInRecents=true, contentInsets=Rect(0, 0 - 0, 0), activityType=1, packageName=, startBounds=Rect(0, 0 - 1080, 2460), windowType=-1}, closingTargets.homeTarget=RemoteAnimationTargetCompat{taskId=1, mode=0, isTranslucent=false, clipRect=Rect(0, 0 - 0, 0), position=Point(0, 0), sourceContainerBounds=Rect(0, 0 - 1080, 2460), prefixOrderIndex=4, isNotInRecents=false, contentInsets=Rect(0, 0 - 0, 0), activityType=2, packageName=, startBounds=Rect(0, 0 - 1080, 2460), windowType=-1}
03-02 10:38:36.151  1999  1999 D BoostRtHelper: boostGesture priority
03-02 10:38:36.151  1999  1999 D Launcher.Boost: setTurboSchedActionWithPriority::threadIds = [1999, 2551, 2652]
03-02 10:38:36.152  1999  1999 D WindowAnimParamsProvider: getClosingAnimParams, sosc.isHalfSplitMode=false, sosc.isMinimized=false, sosc.preIsMinimized=false
03-02 10:38:36.152  1999  1999 D LauncherStateManager: exitOverviewStateIfNeed, mState=NormalState, mLastStateExcludeOverride=NormalState, animated=false
03-02 10:38:36.152  1999  1999 I WindowAnimParamsProvider: getClosingWindowAnimParams closingTarget=RemoteAnimationTargetCompat{taskId=37025, mode=1, isTranslucent=false, clipRect=Rect(0, 0 - 0, 0), position=Point(0, 0), sourceContainerBounds=Rect(0, 0 - 1080, 2460), prefixOrderIndex=3, isNotInRecents=true, contentInsets=Rect(0, 0 - 0, 0), activityType=1, packageName=, startBounds=Rect(0, 0 - 1080, 2460), windowType=-1}, closingTargets.homeTarget=RemoteAnimationTargetCompat{taskId=1, mode=0, isTranslucent=false, clipRect=Rect(0, 0 - 0, 0), position=Point(0, 0), sourceContainerBounds=Rect(0, 0 - 1080, 2460), prefixOrderIndex=4, isNotInRecents=false, contentInsets=Rect(0, 0 - 0, 0), activityType=2, packageName=, startBounds=Rect(0, 0 - 1080, 2460), windowType=-1}, closingTargets.secondTarget=null
03-02 10:38:36.152  1999  1999 D AnimatorDurationScaleHelper: isCloseAnimator=false
03-02 10:38:36.152  1999  1999 E WindowAnimParamsProvider: getWindowTargetBounds    bounds=Rect(0, 0 - 1080, 2460)
03-02 10:38:36.152  1999  1999 I WindowAnimParamsProvider: getClosingWindowAnimParams isIgnoreAnimTarget=false, isStartLockScreen=false, hasMultiTask=false, isSingleSideBack=false, currentRotation=0, isElementParam=false, isShowingUserPresentAnimation=false
03-02 10:38:36.152  1999  1999 D WindowAnimParamsProvider: isIconLayoutFromSoscChange: isIconLayout = false
03-02 10:38:36.152  1999  1999 I WindowAnimParamsProvider: getClosingWindowAnimParams target =RemoteAnimationTargetCompat{taskId=37025, mode=1, isTranslucent=false, clipRect=Rect(0, 0 - 0, 0), position=Point(0, 0), sourceContainerBounds=Rect(0, 0 - 1080, 2460), prefixOrderIndex=3, isNotInRecents=true, contentInsets=Rect(0, 0 - 0, 0), activityType=1, packageName=, startBounds=Rect(0, 0 - 1080, 2460), windowType=-1}
03-02 10:38:36.152  1999  1999 D RecentsModel: getSmartRecentsTaskLoadPlan runningTaskId 37025
03-02 10:38:36.153  1999  1999 D RecentsModel: getSmartRecentsTaskLoadPlan, loadPlan=com.android.systemui.shared.recents.model.RecentsTaskLoadPlan@ddec9d1
03-02 10:38:36.153  1999  1999 D RecentsTaskLoadPlan: updatePlan, isAcquireLockSuccess=true
03-02 10:38:36.154  1621  1908 D PerfMTKStubImpl: perfLockAcquire
03-02 10:38:36.154  1621  1908 I mtkpower_client: perf_lock_acq, hdl:363354, dur:1000, num:8, pid:1621, tid:1908
03-02 10:38:36.156 32592 32592 D MiuiMonitorThread: Shared singleton Thread for stability monitor start
03-02 10:38:36.156  1621  1908 I mtkpower_client: ret_hdl:363712
03-02 10:38:36.156  1621  1908 D SchedBoost: startBoostInternal 1000
03-02 10:38:36.157   863   958 I libPowerHal: [perfLockAcq] idx:2 hdl:363712 hint:-1 pid:1621 tid:1908 duration:1000 lock_user:system_server => ret_hdl:363712
03-02 10:38:36.157  1621  1729 D FileUtils: Rounded bytes from 8055762944 to 16000000000
03-02 10:38:36.157   863   958 I libPowerHal: [setGPUFreq] system_server user set gpu freq min:0, max:-1
03-02 10:38:36.157  1999  1999 D RecentsModel: getSmartRecentsTaskLoadPlan isUpdateSuccess true
