03-02 10:38:38.364 32592   555 E QPLProvider: java.lang.IllegalStateException: No QPL instance provided
03-02 10:38:38.364 32592   555 E QPLProvider: 	at com.facebook.quicklog.QuickPerformanceLoggerProvider.getQPLInstance(:8)
03-02 10:38:38.364 32592   555 E QPLProvider: 	at X.2ky.As3(:53)
03-02 10:38:38.364 32592   555 E QPLProvider: 	at X.2lr.As3(:47)
03-02 10:38:38.364 32592   555 E QPLProvider: 	at X.2ky.AnO(:2)
03-02 10:38:38.364 32592   555 E QPLProvider: 	at X.3bh.A00(:12)
03-02 10:38:38.364 32592   555 E QPLProvider: 	at X.3bo.run(:2)
03-02 10:38:38.364 32592   555 E QPLProvider: 	at X.1pd.run(:25)
03-02 10:38:38.364 32592   555 E QPLProvider: 	at X.1pd.run(:25)
03-02 10:38:38.364 32592   555 E QPLProvider: 	at X.1ou.A00(:110)
03-02 10:38:38.364 32592   555 E QPLProvider: 	at X.1ou.run(:136)
03-02 10:38:38.364 32592   555 E QPLProvider: QuickPerformanceLogger instance wasn't installed in provider, returning noop. Please call QuickPerformanceLoggerProvider.setQuickPerformanceLogger() before getting the instance.
03-02 10:38:38.364 32592   555 E QPLProvider: java.lang.IllegalStateException: No QPL instance provided
03-02 10:38:38.364 32592   555 E QPLProvider: 	at com.facebook.quicklog.QuickPerformanceLoggerProvider.getQPLInstance(:8)
03-02 10:38:38.364 32592   555 E QPLProvider: 	at X.2ky.As3(:64)
03-02 10:38:38.364 32592   555 E QPLProvider: 	at X.2lr.As3(:47)
03-02 10:38:38.364 32592   555 E QPLProvider: 	at X.2ky.AnO(:2)
03-02 10:38:38.364 32592   555 E QPLProvider: 	at X.3bh.A00(:12)
03-02 10:38:38.364 32592   555 E QPLProvider: 	at X.3bo.run(:2)
03-02 10:38:38.364 32592   555 E QPLProvider: 	at X.1pd.run(:25)
03-02 10:38:38.364 32592   555 E QPLProvider: 	at X.1pd.run(:25)
03-02 10:38:38.364 32592   555 E QPLProvider: 	at X.1ou.A00(:110)
03-02 10:38:38.364 32592   555 E QPLProvider: 	at X.1ou.run(:136)
03-02 10:38:38.364 32592   555 E QPLProvider: QuickPerformanceLogger instance wasn't installed in provider, returning noop. Please call QuickPerformanceLoggerProvider.setQuickPerformanceLogger() before getting the instance.
03-02 10:38:38.364 32592   555 E QPLProvider: java.lang.IllegalStateException: No QPL instance provided
03-02 10:38:38.364 32592   555 E QPLProvider: 	at com.facebook.quicklog.QuickPerformanceLoggerProvider.getQPLInstance(:8)
03-02 10:38:38.364 32592   555 E QPLProvider: 	at X.2ky.As3(:89)
03-02 10:38:38.364 32592   555 E QPLProvider: 	at X.2lr.As3(:47)
03-02 10:38:38.364 32592   555 E QPLProvider: 	at X.2ky.AnO(:2)
03-02 10:38:38.364 32592   555 E QPLProvider: 	at X.3bh.A00(:12)
03-02 10:38:38.364 32592   555 E QPLProvider: 	at X.3bo.run(:2)
03-02 10:38:38.364 32592   555 E QPLProvider: 	at X.1pd.run(:25)
03-02 10:38:38.364 32592   555 E QPLProvider: 	at X.1pd.run(:25)
03-02 10:38:38.364 32592   555 E QPLProvider: 	at X.1ou.A00(:110)
03-02 10:38:38.364 32592   555 E QPLProvider: 	at X.1ou.run(:136)
03-02 10:38:38.364 32592   555 E QPLProvider: QuickPerformanceLogger instance wasn't installed in provider, returning noop. Please call QuickPerformanceLoggerProvider.setQuickPerformanceLogger() before getting the instance.
03-02 10:38:38.364 32592   555 E QPLProvider: java.lang.IllegalStateException: No QPL instance provided
03-02 10:38:38.364 32592   555 E QPLProvider: 	at com.facebook.quicklog.QuickPerformanceLoggerProvider.getQPLInstance(:8)
03-02 10:38:38.364 32592   555 E QPLProvider: 	at X.2ky.As3(:100)
03-02 10:38:38.364 32592   555 E QPLProvider: 	at X.2lr.As3(:47)
03-02 10:38:38.364 32592   555 E QPLProvider: 	at X.2ky.AnO(:2)
03-02 10:38:38.364 32592   555 E QPLProvider: 	at X.3bh.A00(:12)
03-02 10:38:38.364 32592   555 E QPLProvider: 	at X.3bo.run(:2)
03-02 10:38:38.364 32592   555 E QPLProvider: 	at X.1pd.run(:25)
03-02 10:38:38.364 32592   555 E QPLProvider: 	at X.1pd.run(:25)
03-02 10:38:38.364 32592   555 E QPLProvider: 	at X.1ou.A00(:110)
03-02 10:38:38.364 32592   555 E QPLProvider: 	at X.1ou.run(:136)
03-02 10:38:38.365  1621  1918 E HyperSentinel: Event_OpenFileFDSize
03-02 10:38:38.365  1621  1918 E HyperSentinel: -> audit event by proc 1621 "system_server": Fd increasement, peak, 844 -> 949
03-02 10:38:38.365  1621  2200 D FileUtils: Rounded bytes from 8055762944 to 16000000000
03-02 10:38:38.367  1621  1917 D MiuiSentinelService: begin judgment FdAmountLeakException
03-02 10:38:38.369   861   947 I libPerfCtl: xgfGetFPS pid:921 fps:-1
03-02 10:38:38.369   861   947 I libPerfCtl: xgfGetFPS pid:2363 fps:-1
03-02 10:38:38.372 31638 31697 I WM-WorkerWrapper: Worker result SUCCESS for Work [ id=deb76f04-b569-43b6-91cf-80b3950cf94d, tags={ com.whatsapp.xmpp.messaging.XmppLifecycleWorker } ]
03-02 10:38:38.384 31638 31638 D WM-Processor: Fr5 deb76f04-b569-43b6-91cf-80b3950cf94d executed; reschedule = false
03-02 10:38:38.385 31638 31638 D WM-GreedyScheduler: Stopping tracking for WorkGenerationalId(workSpecId=deb76f04-b569-43b6-91cf-80b3950cf94d, generation=0)
03-02 10:38:38.386 32592   602 W QPLConfig: failed to load config
03-02 10:38:38.386 32592   602 W QPLConfig: java.io.FileNotFoundException: /data/user/0/com.instagram.barcelona/app_qpl/qpl_sampling_config_v2.null: open failed: ENOENT (No such file or directory)
03-02 10:38:38.386 32592   602 W QPLConfig: 	at libcore.io.IoBridge.open(IoBridge.java:574)
03-02 10:38:38.386 32592   602 W QPLConfig: 	at java.io.FileInputStream.<init>(FileInputStream.java:179)
03-02 10:38:38.386 32592   602 W QPLConfig: 	at X.3li.A00(:35)
03-02 10:38:38.386 32592   602 W QPLConfig: 	at X.3kd.run(:51)
03-02 10:38:38.386 32592   602 W QPLConfig: 	at X.2kb.run(:2)
03-02 10:38:38.386 32592   602 W QPLConfig: 	at X.1pd.run(:25)
03-02 10:38:38.386 32592   602 W QPLConfig: 	at X.2ti.run(:10)
03-02 10:38:38.386 32592   602 W QPLConfig: 	at X.1pd.run(:25)
03-02 10:38:38.386 32592   602 W QPLConfig: 	at java.util.concurrent.ThreadPoolExecutor.runWorker(ThreadPoolExecutor.java:1154)
03-02 10:38:38.386 32592   602 W QPLConfig: 	at java.util.concurrent.ThreadPoolExecutor$Worker.run(ThreadPoolExecutor.java:652)
03-02 10:38:38.386 32592   602 W QPLConfig: 	at X.1pm.run(:113)
03-02 10:38:38.386 32592   602 W QPLConfig: 	at java.lang.Thread.run(Thread.java:1563)
03-02 10:38:38.386 32592   602 W QPLConfig: 	at X.1pn.run(:8)
03-02 10:38:38.386 32592   602 W QPLConfig: Caused by: android.system.ErrnoException: open failed: ENOENT (No such file or directory)
03-02 10:38:38.386 32592   602 W QPLConfig: 	at libcore.io.Linux.open(Native Method)
03-02 10:38:38.386 32592   602 W QPLConfig: 	at libcore.io.ForwardingOs.open(ForwardingOs.java:574)
03-02 10:38:38.386 32592   602 W QPLConfig: 	at libcore.io.BlockGuardOs.open(BlockGuardOs.java:274)
03-02 10:38:38.386 32592   602 W QPLConfig: 	at libcore.io.ForwardingOs.open(ForwardingOs.java:574)
03-02 10:38:38.386 32592   602 W QPLConfig: 	at android.app.ActivityThread$AndroidOs.open(ActivityThread.java:9373)
03-02 10:38:38.386 32592   602 W QPLConfig: 	at libcore.io.IoBridge.open(IoBridge.java:560)
03-02 10:38:38.386 32592   602 W QPLConfig: 	... 12 more
03-02 10:38:38.386 31638 31638 D WM-SystemJobService: deb76f04-b569-43b6-91cf-80b3950cf94d executed on JobScheduler
03-02 10:38:38.390  1621  1729 I whetstone.activity: Power Event callback listener is empty for resId=256
03-02 10:38:38.390  1621  1729 D BatteryStatsManagerStub: notifyEvent for resId=256 used 0ms
03-02 10:38:38.395 32605   579 E SQLiteLog: (283) recovered 947 frames from WAL file /data/data/com.snapchat.android/databases/durable_job-wal
03-02 10:38:38.398  1621  1729 I SmartPower: com.whatsapp/10300(31638): idle->background(2041ms) R(service unbind com.whatsapp/androidx.work.impl.background.systemjob.SystemJobService) adj=227.
03-02 10:38:38.406  1621  1842 I MiuiNetworkPolicy: updateUidState uid = 10300, uidState = 10
03-02 10:38:38.406   921   921 I BufferQueueProducer: [NavigationBar0#101619](this:0xb400007bced454e8,id:-1,api:0,p:-1,c:921) queueBuffer: fps=60.05 dur=1015.83 max=17.91 min=15.31
03-02 10:38:38.408  5969 14366 I ebcv    : (REDACTED) appOpsListener %s %s
03-02 10:38:38.412  5969 14366 I ebcv    : (REDACTED) Ignoring irrelevant audio permission changes for package %s
03-02 10:38:38.425  1621  1638 D GnssSsruImpl: onLocationPermissionsChanged provider:network packageName:com.whatsapp
03-02 10:38:38.425  1621  1638 D GnssSsruImpl: onLocationPermissionsChanged provider:passive packageName:com.whatsapp
03-02 10:38:38.427   849   868 I hwcomposer: [HWCDisplay] (0 updateFps():3667), (type:1, mode:2) fps:59.932518,dur:1017.81,max:18.53,min:13.68  
03-02 10:38:38.430 31638 31697 D WM-GreedyScheduler: Cancelling work ID deb76f04-b569-43b6-91cf-80b3950cf94d
03-02 10:38:38.431  2350  2350 W Settings: Setting airplane_mode_on has moved from android.provider.Settings.System to android.provider.Settings.Global, returning read-only value.
03-02 10:38:38.435  2350  2350 W Settings: Setting airplane_mode_on has moved from android.provider.Settings.System to android.provider.Settings.Global, returning read-only value.
03-02 10:38:38.435 32592 32592 W SoLoader: Loading perfloggerxplat_init on the main thread
03-02 10:38:38.441 31638 31697 D WM-GreedyScheduler: Starting tracking for 64e29e4d-a65e-42e4-8f5e-7e3ec5d0702f
03-02 10:38:38.443  1621  1631 I system_server: Background young concurrent mark compact GC freed 30MB AllocSpace bytes, 69(1420KB) LOS objects, 16% free, 148MB/178MB, paused 7.677ms,21.080ms total 479.344ms
03-02 10:38:38.445   921  1500 I SurfaceFlinger: onHandleDestroyed: name=Transition Root #10145: Task=1#133346, layerId=133346, parentId=0
03-02 10:38:38.451  1621  1633 W System  : A resource failed to call HardwareBuffer.close. 
03-02 10:38:38.458   921   921 I BufferQueueDebug: [Transition Root #10145: Task=1#133346](this:0xb400007bcebbf2d8,id:-1,api:0,p:-1,c:921) onDestructor()
03-02 10:38:38.461  2350 29580 D NetworkSpeedTracker: updateSignalInfo lteRsrp=-76lteSnr=15,phoneId=1
03-02 10:38:38.464  1621  1666 I SmartPower: com.android.chrome/10174(23296): idle->background(2104ms) R(broadcast start Intent { act=android.intent.action.BATTERY_CHANGED flg=0x60000010 (has extras) }) adj=905.
03-02 10:38:38.466  1621  1666 I SmartPower: com.facebook.stella/10126(31485): idle->background(2105ms) R(broadcast start Intent { act=android.intent.action.BATTERY_CHANGED flg=0x60000010 (has extras) }) adj=905.
03-02 10:38:38.470  2350 29580 D NetworkSpeedTracker: updateSignalInfo lteRsrp=-76lteSnr=15,phoneId=1
03-02 10:38:38.492 32592 32592 W SoLoader: Loading cache_key_generator_jni on the main thread
03-02 10:38:38.507 32592   559 W MlockOptimization: mlock 0x78997a4000 6586368 successful for 78997a4000-7899dec000 r--p 00000000 fe:39 1059802                        /data/app/~~HS-bWu69SuRdG4P8KzShCw==/com.instagram.barcelona-OaCQWNk8RHppqKfzCZd-4g==/oat/arm64/base.odex
03-02 10:38:38.528 32592 32592 W FrscLanguagePackLoader: Loading FRSC strings for locale (en_GB)
03-02 10:38:38.534 32605 32623 W napchat.android: Suspending all threads took: 16.626ms
03-02 10:38:38.541   589 29850 I keystore2: system/security/keystore2/src/security_level.rs:227 - entry create_operation
03-02 10:38:38.541   589 29850 I keystore2: system/security/keystore2/src/security_level.rs:232 - key: domain:r#KEY_ID, nspace:3510784752711770858, alias:None, blob:None
03-02 10:38:38.542   589 29850 I keystore2: system/security/keystore2/src/security_level.rs:882 - entry upgrade_keyblob_if_required_with
03-02 10:38:38.543   589 29850 I keystore2: system/security/keystore2/src/security_level.rs:347 - In KeystoreSecurityLevel::create_operation: calling begin
03-02 10:38:38.543   590   590 I beanpodkeymaster: Enter BeanpodKeymaster BeginOperation
03-02 10:38:38.544 32605 32623 W napchat.android: userfaultfd: MOVE ioctl seems unsupported: Connection timed out
03-02 10:38:38.544   590   590 I beanpodkeymaster: cmd:4 Received 24 byte response
03-02 10:38:38.544   590   590 I beanpodkeymaster: Exit BeanpodKeymaster BeginOperation
03-02 10:38:38.544   589 29850 I keystore2: system/security/keystore2/src/security_level.rs:381 - upgraded_blob: None
03-02 10:38:38.551 32592   658 W FrscLanguagePackLoader: FRSC English strings buffer size - (limit : 447620, capacity : 447620)
03-02 10:38:38.553   590   590 I beanpodkeymaster: Enter BeanpodKeymaster UpdateOperation
03-02 10:38:38.554   590   590 I beanpodkeymaster: cmd:8 Received 315 byte response
03-02 10:38:38.554   590   590 I beanpodkeymaster: Exit BeanpodKeymaster UpdateOperation
03-02 10:38:38.555 29259 29259 W FirebaseApp: Default FirebaseApp failed to initialize because no default options were found. This usually means that com.google.gms:google-services was not applied to your gradle project.
03-02 10:38:38.555 29259 29259 I FirebaseInitProvider: FirebaseApp initialization unsuccessful
03-02 10:38:38.555   590   590 I beanpodkeymaster: Enter BeanpodKeymaster FinishOperation
03-02 10:38:38.556   590   590 I beanpodkeymaster: cmd:c Received 20 byte response
03-02 10:38:38.556   590   590 I beanpodkeymaster: Exit BeanpodKeymaster FinishOperation
03-02 10:38:38.566 32592 32592 D CACHE_HINTS: Entering madvise file
03-02 10:38:38.569 32592   559 W MlockOptimization: mlock 0x7899dec000 22245376 successful for 7899dec000-789b323000 r-xp 00648000 fe:39 1059802                        /data/app/~~HS-bWu69SuRdG4P8KzShCw==/com.instagram.barcelona-OaCQWNk8RHppqKfzCZd-4g==/oat/arm64/base.odex
03-02 10:38:38.569 32592   559 W MlockOptimization: mlock 0x789b324000 147456 successful for 789b324000-789b349000 r--p 01b80000 fe:39 1059802                        /data/app/~~HS-bWu69SuRdG4P8KzShCw==/com.instagram.barcelona-OaCQWNk8RHppqKfzCZd-4g==/oat/arm64/base.odex
03-02 10:38:38.570 32592   559 W MlockOptimization: mlock2 0x7245c000 208896 successful for 7245c000-7248f000 rw-p 00000000 fe:39 786217                             /data/misc/apexdata/com.android.art/dalvik-cache/arm64/boot-framework-adservices.vdex
03-02 10:38:38.570 32592   559 W MlockOptimization: mlock2 0x7c0b0e0000 4096 successful for 7c0b0e0000-7c0b0e1000 rw-p 00000000 fe:0a 24214240                       /system_ext/framework/oat/arm64/androidx.window.sidecar.vdex
03-02 10:38:38.571 32592   559 W MlockOptimization: mlock2 0x7c0da00000 4096 successful for 7c0da00000-7c0da01000 rw-p 00000000 fe:09 28046188                       /system/framework/oat/arm64/android.hidl.base-V1.0-java.vdex
03-02 10:38:38.571 32592   559 W MlockOptimization: mlock2 0x7c0b3a3000 4096 successful for 7c0b3a3000-7c0b3a4000 rw-p 00000000 fe:09 28046319                       /system/framework/oat/arm64/android.hidl.manager-V1.0-java.vdex
03-02 10:38:38.571 32592   559 W MlockOptimization: mlock2 0x71a48000 1089536 successful for 71a48000-71b52000 rw-p 00000000 fe:39 786138                             /data/misc/apexdata/com.android.art/dalvik-cache/arm64/boot.vdex
03-02 10:38:38.572 32592   559 W MlockOptimization: mlock2 0x7c0b0e2000 8192 successful for 7c0b0e2000-7c0b0e4000 rw-p 00000000 fe:0a 24214390                       /system_ext/framework/oat/arm64/androidx.window.extensions.vdex
03-02 10:38:38.574 32592   559 W MlockOptimization: mlock2 0x7c0b1bc000 12288 successful for 7c0b1bc000-7c0b1bf000 rw-p 00000000 fe:09 28057067                       /system/framework/oat/arm64/org.apache.http.legacy.vdex
03-02 10:38:38.580 32592   559 W MlockOptimization: mlock2 0x789b374000 80216064 successful for 789b374000-789fff4000 rw-p 00000000 fe:39 1059894                        /data/app/~~HS-bWu69SuRdG4P8KzShCw==/com.instagram.barcelona-OaCQWNk8RHppqKfzCZd-4g==/oat/arm64/base.vdex
03-02 10:38:38.580 32592   559 W MlockOptimization: mlock2 0x7c0b1e2000 4096 successful for 7c0b1e2000-7c0b1e3000 rw-p 00000000 fe:09 28043111                       /system/framework/oat/arm64/android.test.base.vdex
03-02 10:38:38.581   589 29850 I keystore2: system/security/keystore2/src/security_level.rs:227 - entry create_operation
03-02 10:38:38.581   589 29850 I keystore2: system/security/keystore2/src/security_level.rs:232 - key: domain:r#KEY_ID, nspace:2426463441517343157, alias:None, blob:None
03-02 10:38:38.582   589 29850 I keystore2: system/security/keystore2/src/security_level.rs:882 - entry upgrade_keyblob_if_required_with
03-02 10:38:38.583   589 29850 I keystore2: system/security/keystore2/src/security_level.rs:347 - In KeystoreSecurityLevel::create_operation: calling begin
03-02 10:38:38.583  1159  1606 D ULogGuard: Monitoring: 18 threads, 0 requests, 0 time-bombs; 1 guards. ResetFlags = 0x7
03-02 10:38:38.583 32605 32623 I napchat.android: CollectorTransition concurrent mark compact GC freed 13MB AllocSpace bytes, 10(988KB) LOS objects, 83% free, 4828KB/28MB, paused 22.947ms,10.463ms total 328.379ms
03-02 10:38:38.584 32592   559 W OptimizationRunner: Optimization plan executed but processed 0 bytes
03-02 10:38:38.584 32592   559 W ExperimentConfigurator: onAppInit completed: 2 configs executed
03-02 10:38:38.584   590   590 I beanpodkeymaster: Enter BeanpodKeymaster BeginOperation
03-02 10:38:38.584   590   590 I beanpodkeymaster: cmd:4 Received 24 byte response
03-02 10:38:38.585   590   590 I beanpodkeymaster: Exit BeanpodKeymaster BeginOperation
03-02 10:38:38.585   589 29850 I keystore2: system/security/keystore2/src/security_level.rs:381 - upgraded_blob: None
03-02 10:38:38.589   590   590 I beanpodkeymaster: Enter BeanpodKeymaster UpdateOperation
03-02 10:38:38.590   590   590 I beanpodkeymaster: cmd:8 Received 211 byte response
03-02 10:38:38.590   590   590 I beanpodkeymaster: Exit BeanpodKeymaster UpdateOperation
03-02 10:38:38.591   590   590 I beanpodkeymaster: Enter BeanpodKeymaster FinishOperation
03-02 10:38:38.591   590   590 I beanpodkeymaster: cmd:c Received 20 byte response
03-02 10:38:38.591   590   590 I beanpodkeymaster: Exit BeanpodKeymaster FinishOperation
03-02 10:38:38.600  1621  2200 I ClipboardServiceI: checkProviderWakePathForClipboard: primaryClip is null
03-02 10:38:38.606   589 29850 I keystore2: system/security/keystore2/src/security_level.rs:227 - entry create_operation
03-02 10:38:38.606   589 29850 I keystore2: system/security/keystore2/src/security_level.rs:232 - key: domain:r#KEY_ID, nspace:-441282389187458038, alias:None, blob:None
03-02 10:38:38.607   589 29850 I keystore2: system/security/keystore2/src/security_level.rs:882 - entry upgrade_keyblob_if_required_with
03-02 10:38:38.607   589 29850 I keystore2: system/security/keystore2/src/security_level.rs:347 - In KeystoreSecurityLevel::create_operation: calling begin
03-02 10:38:38.608   590   590 I beanpodkeymaster: Enter BeanpodKeymaster BeginOperation
03-02 10:38:38.611   590   590 I beanpodkeymaster: cmd:4 Received 24 byte response
03-02 10:38:38.611   590   590 I beanpodkeymaster: Exit BeanpodKeymaster BeginOperation
03-02 10:38:38.611   589 29850 I keystore2: system/security/keystore2/src/security_level.rs:381 - upgraded_blob: None
03-02 10:38:38.615 29259 29259 W SoLoader: Initializing SoLoader: 0
03-02 10:38:38.618 29259 29259 W SoLoader: Recording new base apk path: /data/app/~~Bh61wenJZi6JNVEuOkVQfQ==/com.softnation.Ojam-nnCVAdHxKfOmup5FCuBDYQ==/base.apk
03-02 10:38:38.618 29259 29259 W SoLoader: Previously recorded 0 base apk paths.
03-02 10:38:38.619   590   590 I beanpodkeymaster: Enter BeanpodKeymaster UpdateOperation
03-02 10:38:38.620   590   590 I beanpodkeymaster: cmd:8 Received 125 byte response
03-02 10:38:38.620   590   590 I beanpodkeymaster: Exit BeanpodKeymaster UpdateOperation
03-02 10:38:38.622 29259 29259 I SoLoader: Preparing SO source: DirectorySoSource[root = /vendor/lib64 flags = 2]
03-02 10:38:38.622   433   433 I lowmemorykiller: Kill 'com.miui.analytics' (19344), uid 99910168, oom_score_adj 945 to free 97520kB rss, 45892kB swap; reason: cw
03-02 10:38:38.622 29259 29259 I SoLoader: Preparing SO source: DirectorySoSource[root = /system/lib64 flags = 2]
03-02 10:38:38.622   590   590 I beanpodkeymaster: Enter BeanpodKeymaster FinishOperation
03-02 10:38:38.622 29259 29259 I SoLoader: Preparing SO source: DirectApkSoSource[root = [/data/app/~~Bh61wenJZi6JNVEuOkVQfQ==/com.softnation.Ojam-nnCVAdHxKfOmup5FCuBDYQ==/base.apk!/lib/arm64-v8a]]
03-02 10:38:38.623   590   590 I beanpodkeymaster: cmd:c Received 20 byte response
03-02 10:38:38.623   590   590 I beanpodkeymaster: Exit BeanpodKeymaster FinishOperation
03-02 10:38:38.625  1621  1729 D ActivityManager: getProcessesInErrorState callingUid=10075, CallingPid=32592
03-02 10:38:38.629   433   456 E lowmemorykiller: process_mrelease 19344 failed: No such process
03-02 10:38:38.644  1621  2200 D FileUtils: Rounded bytes from 8055762944 to 16000000000
03-02 10:38:38.656  1621  2200 D FileUtils: Rounded bytes from 8055762944 to 16000000000
03-02 10:38:38.656  1621  1729 D ConnectivityService: Returning UNBLOCKED NetworkInfo to uid=10370
03-02 10:38:38.667 32592   671 W SoLoader: SoLoader already initialized
03-02 10:38:38.668 32592   554 W SessionScopedProviderInitializer: Initialize com.instagram.common.lifecycle.lifecyclelistener.LifecycleDetector.LifecycleListenersUserSessionManager start
03-02 10:38:38.669 32592   554 W SessionScopedProviderInitializer: Initialize com.instagram.common.lifecycle.lifecyclelistener.LifecycleDetector.LifecycleListenersUserSessionManager end
03-02 10:38:38.669 32592   555 W SessionScopedProviderInitializer: Initialize com.instagram.preferences.user.UserSessionStart start
03-02 10:38:38.669 32592   555 W SessionScopedProviderInitializer: Initialize com.instagram.preferences.user.UserSessionStart end
03-02 10:38:38.670 32592   555 W SessionScopedProviderInitializer: Initialize com.instagram.lazyload.downloadablemodules.impl.IgFallbackPrefetcherImpl start
03-02 10:38:38.670 32592   556 W SessionScopedProviderInitializer: Initialize com.instagram.quickexperiment.early.UserSessionStart start
03-02 10:38:38.670 32592   556 W SessionScopedProviderInitializer: Initialize com.instagram.quickexperiment.early.UserSessionStart end
03-02 10:38:38.670 32592   556 W SessionScopedProviderInitializer: Initialize com.instagram.fxcache.fetainfo.UserSessionStart start
03-02 10:38:38.670 32592   556 W SessionScopedProviderInitializer: Initialize com.instagram.fxcache.fetainfo.UserSessionStart end
03-02 10:38:38.670 32592   556 W SessionScopedProviderInitializer: Initialize com.facebook.mobileboost.apps.instagram.BoostSessionScopedUpdater start
03-02 10:38:38.670 32592   556 W SessionScopedProviderInitializer: Initialize com.facebook.mobileboost.apps.instagram.BoostSessionScopedUpdater end
03-02 10:38:38.670 32592   556 W SessionScopedProviderInitializer: Initialize com.facebook.security.detectkitv2.ig4a.DetectController.OnSessionStart start
03-02 10:38:38.670 32592   556 W SessionScopedProviderInitializer: Initialize com.facebook.security.detectkitv2.ig4a.DetectController.OnSessionStart end
03-02 10:38:38.670 32592   556 W SessionScopedProviderInitializer: Initialize com.facebook.showreelnativesdk.instagram.dependencyprovider.UserSessionStart start
03-02 10:38:38.671 32592   556 W SessionScopedProviderInitializer: Initialize com.facebook.showreelnativesdk.instagram.dependencyprovider.UserSessionStart end
03-02 10:38:38.671 32592   556 W SessionScopedProviderInitializer: Initialize com.instagram.analytics.videoqpl.UserSessionStart start
03-02 10:38:38.671 32592   556 W SessionScopedProviderInitializer: Initialize com.instagram.analytics.videoqpl.UserSessionStart end
03-02 10:38:38.671 32592   556 W SessionScopedProviderInitializer: Initialize com.instagram.audio.AudioFocusUserSessionStart start
03-02 10:38:38.672 32592   554 W SessionScopedProviderInitializer: Initialize com.instagram.ui.widget.keyboardlistenerprovider.KeyboardChangeDetectorProvider.SessionStartHook start
03-02 10:38:38.672 32592   554 W SessionScopedProviderInitializer: Initialize com.instagram.ui.widget.keyboardlistenerprovider.KeyboardChangeDetectorProvider.SessionStartHook end
03-02 10:38:38.672 32592   554 W SessionScopedProviderInitializer: Initialize com.instagram.model.sponsored.UserSessionStart start
03-02 10:38:38.672 32592   554 W SessionScopedProviderInitializer: Initialize com.instagram.model.sponsored.UserSessionStart end
03-02 10:38:38.672 32592   554 W SessionScopedProviderInitializer: Initialize com.instagram.video.player.hero.IgHeroServiceController.IgHeroServiceControllerInitializerProvider start
03-02 10:38:38.675  1621  2662 D FileUtils: Rounded bytes from 8055762944 to 16000000000
03-02 10:38:38.678 32592 32592 W IgMetaConfig: Could not obtain MC: not_user_session session=X.1sa@a2863fa
03-02 10:38:38.678 32592 32592 W IgMetaConfig: java.lang.RuntimeException: Could not obtain MC, call-site will receive default values
03-02 10:38:38.678 32592 32592 W IgMetaConfig: 	at X.2jA.A06(:4)
03-02 10:38:38.678 32592 32592 W IgMetaConfig: 	at X.2jA.A05(:7)
03-02 10:38:38.678 32592 32592 W IgMetaConfig: 	at X.2jA.A02(:2)
03-02 10:38:38.678 32592 32592 W IgMetaConfig: 	at X.1nK.invoke(Unknown Source:277)
03-02 10:38:38.678 32592 32592 W IgMetaConfig: 	at X.1mz.invoke(Unknown Source:74)
03-02 10:38:38.678 32592 32592 W IgMetaConfig: 	at X.4gL.getValue(Unknown Source:25)
03-02 10:38:38.678 32592 32592 W IgMetaConfig: 	at X.1sc.A01(:8)
03-02 10:38:38.678 32592 32592 W IgMetaConfig: 	at X.4ho.A03(:266)
03-02 10:38:38.678 32592 32592 W IgMetaConfig: 	at X.4hk.A00(:32)
03-02 10:38:38.678 32592 32592 W IgMetaConfig: 	at X.3tv.<init>(:0)
03-02 10:38:38.678 32592 32592 W IgMetaConfig: 	at X.1mz.invoke(Unknown Source:195)
03-02 10:38:38.678 32592 32592 W IgMetaConfig: 	at X.1mz.invoke(Unknown Source:74)
03-02 10:38:38.678 32592 32592 W IgMetaConfig: 	at X.4gL.getValue(Unknown Source:25)
03-02 10:38:38.678 32592 32592 W IgMetaConfig: 	at X.1sc.A01(:8)
03-02 10:38:38.678 32592 32592 W IgMetaConfig: 	at X.3tu.A00(:44)
03-02 10:38:38.678 32592 32592 W IgMetaConfig: 	at X.4qn.<clinit>(:9)
03-02 10:38:38.678 32592 32592 W IgMetaConfig: 	at X.4qb.A00(:265)
03-02 10:38:38.678 32592 32592 W IgMetaConfig: 	at X.4qb.A02(:0)
03-02 10:38:38.678 32592 32592 W IgMetaConfig: 	at X.1wq.A02(:49)
03-02 10:38:38.678 32592 32592 W IgMetaConfig: 	at com.instagram.barcelona.process.main.BarcelonaApplicationForMainProcess.A05(:1745)
03-02 10:38:38.678 32592 32592 W IgMetaConfig: 	at com.instagram.barcelona.app.BarcelonaAppShell.onCreate(Unknown Source:632)
03-02 10:38:38.678 32592 32592 W IgMetaConfig: 	at android.app.Instrumentation.callApplicationOnCreate(Instrumentation.java:1392)
03-02 10:38:38.678 32592 32592 W IgMetaConfig: 	at android.app.ActivityThread.handleBindApplication(ActivityThread.java:8250)
03-02 10:38:38.678 32592 32592 W IgMetaConfig: 	at android.app.ActivityThread.-$$Nest$mhandleBindApplication(Unknown Source:0)
03-02 10:38:38.678 32592 32592 W IgMetaConfig: 	at android.app.ActivityThread$H.handleMessage(ActivityThread.java:2674)
03-02 10:38:38.678 32592 32592 W IgMetaConfig: 	at android.os.Handler.dispatchMessage(Handler.java:107)
03-02 10:38:38.678 32592 32592 W IgMetaConfig: 	at android.os.Looper.loopOnce(Looper.java:249)
03-02 10:38:38.678 32592 32592 W IgMetaConfig: 	at android.os.Looper.loop(Looper.java:337)
03-02 10:38:38.678 32592 32592 W IgMetaConfig: 	at android.app.ActivityThread.main(ActivityThread.java:9500)
03-02 10:38:38.678 32592 32592 W IgMetaConfig: 	at java.lang.reflect.Method.invoke(Native Method)
03-02 10:38:38.678 32592 32592 W IgMetaConfig: 	at com.android.internal.os.RuntimeInit$MethodAndArgsCaller.run(RuntimeInit.java:636)
03-02 10:38:38.678 32592 32592 W IgMetaConfig: 	at com.android.internal.os.ZygoteInit.main(ZygoteInit.java:1005)
03-02 10:38:38.679 32592   556 W SessionScopedProviderInitializer: Initialize com.instagram.audio.AudioFocusUserSessionStart end
03-02 10:38:38.679 32592   556 W SessionScopedProviderInitializer: Initialize com.instagram.video.player.common.VideoBoundaryTestHelper start
03-02 10:38:38.679 32592   556 W SessionScopedProviderInitializer: Initialize com.instagram.video.player.common.VideoBoundaryTestHelper end
03-02 10:38:38.679 32592   556 W SessionScopedProviderInitializer: Initialize com.instagram.analytics.datausage.DataUsageReporterStatic start
03-02 10:38:38.679 32592   556 W SessionScopedProviderInitializer: Initialize com.instagram.analytics.datausage.DataUsageReporterStatic end
03-02 10:38:38.679 32592   556 W SessionScopedProviderInitializer: Initialize com.instagram.privacy.cpdp.loggers.UserSessionStartListener start
03-02 10:38:38.680 32592   556 W SessionScopedProviderInitializer: Initialize com.instagram.privacy.cpdp.loggers.UserSessionStartListener end
03-02 10:38:38.680 32592   556 W SessionScopedProviderInitializer: Initialize com.instagram.api.tigon.appnetsessionid.igsessionidgenerator.UserSessionStart start
03-02 10:38:38.680 32592   556 W SessionScopedProviderInitializer: Initialize com.instagram.api.tigon.appnetsessionid.igsessionidgenerator.UserSessionStart end
03-02 10:38:38.680 32592   556 W SessionScopedProviderInitializer: Initialize com.instagram.appinitializer.session.UserSessionStart start
03-02 10:38:38.680 32592   556 W SessionScopedProviderInitializer: Initialize com.instagram.appinitializer.session.UserSessionStart end
03-02 10:38:38.680 32592   556 W SessionScopedProviderInitializer: Initialize com.instagram.direct.send.deduplication.UserSessionStart start
03-02 10:38:38.680 32592   556 W SessionScopedProviderInitializer: Initialize com.instagram.direct.send.deduplication.UserSessionStart end
03-02 10:38:38.680 32592   556 W SessionScopedProviderInitializer: Initialize com.instagram.creation.capture.quickcapture.lifecyclemanager.UserSessionStart start
03-02 10:38:38.680 32592   556 W SessionScopedProviderInitializer: Initialize com.instagram.creation.capture.quickcapture.lifecyclemanager.UserSessionStart end
03-02 10:38:38.680 32592   556 W SessionScopedProviderInitializer: Initialize com.instagram.creation.capture.quickcapture.analytics.UserSessionStart start
03-02 10:38:38.685 32592   671 W SoLoader: SoLoader already initialized
03-02 10:38:38.695 32592   556 W SessionScopedProviderInitializer: Initialize com.instagram.creation.capture.quickcapture.analytics.UserSessionStart end
03-02 10:38:38.695 32592   556 W SessionScopedProviderInitializer: Initialize com.instagram.pendingmedia.store.UserSessionStart start
03-02 10:38:38.696 32592   556 W SessionScopedProviderInitializer: Initialize com.instagram.pendingmedia.store.UserSessionStart end
03-02 10:38:38.696 32592   556 W SessionScopedProviderInitializer: Initialize com.instagram.prefetch.PrefetchScheduler.PrefetchSchedulerInitializerProvider start
03-02 10:38:38.702 32592   556 W SessionScopedProviderInitializer: Initialize com.instagram.prefetch.PrefetchScheduler.PrefetchSchedulerInitializerProvider end
03-02 10:38:38.702 32592   556 W SessionScopedProviderInitializer: Initialize com.instagram.appinitializer.imageinfra.ImageInfraSessionInitializerProvider start
03-02 10:38:38.711  1621  2662 I ActivityManager: Process com.miui.analytics (pid 19344) has died: cch+45 SVC 
03-02 10:38:38.712   835   835 I Zygote  : Process 19344 exited due to signal 9 (Killed)
03-02 10:38:38.713  1621  1907 E ProcessManager: error write exception log
03-02 10:38:38.715  1621  1668 I libprocessgroup: Removed cgroup /sys/fs/cgroup/uid_99910168/pid_19344
03-02 10:38:38.716 32605   579 E SQLiteLog: (283) recovered 606 frames from WAL file /data/data/com.snapchat.android/databases/main.db-wal
03-02 10:38:38.718  1621  2662 W ActivityManager: Scheduling restart of crashed service com.miui.analytics/.internal.WakeupService in 1000ms for start-requested
03-02 10:38:38.723  1621  1638 D DisplayManagerService: Drop pending events for gone uid 99910168
03-02 10:38:38.727 32592   556 W IgMetaConfig: Could not obtain MC: null_user_session 
03-02 10:38:38.727 32592   556 W IgMetaConfig: java.lang.RuntimeException: Could not obtain MC, call-site will receive default values
03-02 10:38:38.727 32592   556 W IgMetaConfig: 	at X.2jA.A06(:4)
03-02 10:38:38.727 32592   556 W IgMetaConfig: 	at X.2jA.A05(:7)
03-02 10:38:38.727 32592   556 W IgMetaConfig: 	at X.2jA.A02(:2)
03-02 10:38:38.727 32592   556 W IgMetaConfig: 	at X.5hy.<init>(:3)
03-02 10:38:38.727 32592   556 W IgMetaConfig: 	at X.5hw.<init>(:20)
03-02 10:38:38.727 32592   556 W IgMetaConfig: 	at X.5ce.A09(:123)
03-02 10:38:38.727 32592   556 W IgMetaConfig: 	at X.4af.BFE(:113)
03-02 10:38:38.727 32592   556 W IgMetaConfig: 	at X.4aP.E73(:8)
03-02 10:38:38.727 32592   556 W IgMetaConfig: 	at X.4yz.A00(:48)
03-02 10:38:38.727 32592   556 W IgMetaConfig: 	at X.0E3.DLY(Unknown Source:8)
03-02 10:38:38.727 32592   556 W IgMetaConfig: 	at X.4aP.A03(:7)
03-02 10:38:38.727 32592   556 W IgMetaConfig: 	at X.4nm.invoke(:1025)
03-02 10:38:38.727 32592   556 W IgMetaConfig: 	at X.4nn.call(:54)
03-02 10:38:38.727 32592   556 W IgMetaConfig: 	at java.util.concurrent.FutureTask.run(FutureTask.java:317)
03-02 10:38:38.727 32592   556 W IgMetaConfig: 	at X.4np.run(:2)
03-02 10:38:38.727 32592   556 W IgMetaConfig: 	at X.1pd.run(:25)
03-02 10:38:38.727 32592   556 W IgMetaConfig: 	at X.1pd.run(:25)
03-02 10:38:38.727 32592   556 W IgMetaConfig: 	at X.1ou.A00(:110)
03-02 10:38:38.727 32592   556 W IgMetaConfig: 	at X.1ou.run(:136)
03-02 10:38:38.728 32592   556 W SessionScopedProviderInitializer: Initialize com.instagram.appinitializer.imageinfra.ImageInfraSessionInitializerProvider end
03-02 10:38:38.728 32592   556 W SessionScopedProviderInitializer: Initialize com.instagram.distribgw.client.DGWZeroUrlUpdaterOnUserSessionStart start
03-02 10:38:38.728 32592   556 W SessionScopedProviderInitializer: Initialize com.instagram.distribgw.client.DGWZeroUrlUpdaterOnUserSessionStart end
03-02 10:38:38.727  6515  9989 D UidObserver: onUidGone entry uid = 99910168
03-02 10:38:38.728 32592   556 W SessionScopedProviderInitializer: Initialize com.instagram.appinstallnotification.UserSessionStart start
03-02 10:38:38.729  6027  3111 I MIUISafety-Monitor: onUid 99910168 gone
03-02 10:38:38.730  1621  1842 I MiuiNetworkPolicy: removeUidState uid = 99910168
03-02 10:38:38.731  1621  4289 E JobScheduler: ResourceBudgetManagerInternal is null
03-02 10:38:38.731 32592   555 W SessionScopedProviderInitializer: Initialize com.instagram.lazyload.downloadablemodules.impl.IgFallbackPrefetcherImpl end
03-02 10:38:38.732 32592   555 W SessionScopedProviderInitializer: Initialize com.instagram.autocomplete.ChallengeUserSessionStart start
03-02 10:38:38.733 32592   555 W SessionScopedProviderInitializer: Initialize com.instagram.autocomplete.ChallengeUserSessionStart end
03-02 10:38:38.733  1621  2662 I mtkpower_client: [PowerHal_Wrap_notifyAppState] com.miui.analytics/com.miui.analytics pid=19344 activityId:19344 state:3
03-02 10:38:38.733   861   861 I vendor.mediatek.hardware.mtkpower_applist-service.mediatek: packName: com.miui.analytics actName: com.miui.analytics pid: 19344 activityId: 19344 uid: 99910168 state: 3
03-02 10:38:38.733   861   861 I MTK_APPList: [notifyAPPstate] com.miui.analytics/com.miui.analytics, pid=19344, activityId=19344, uid=99910168, state:DEAD, fps:-1, win:0
03-02 10:38:38.733   861   861 I MTK_APPList: [notifyAPPstate] multi_resumed_app_count: 1
03-02 10:38:38.733   861   861 I MTK_APPList: [notifyAPPstate] multi_resumed_app_info[0] com.android.systemui/com.android.systemui._190038181, pid:2363, activityId:-1, fps:-1, isMultiWindow:0
03-02 10:38:38.733   861   861 I MTK_APPList: [getForegroundAPPCount] 1
03-02 10:38:38.733   861   861 I MTK_APPList: [notifyAPPstate] pack:com.miui.analytics, pid:19344, STATE_DEAD
03-02 10:38:38.733   861   861 I MTK_APPList: [notifyNetdUID] 10166
03-02 10:38:38.734  1055  1186 D connsyslogger: SD_LOG_ROOT is /data/debuglogger/connsyslog/fw.
03-02 10:38:38.734  1055  1186 D connsyslogger: systemReady:1
03-02 10:38:38.735   861   861 I MTK_APPList: [notifyPID] 1999
03-02 10:38:38.735   863   958 I libPowerHal: [perfSetSysInfo] pid type:24, 1999
03-02 10:38:38.733 32592   555 W SessionScopedProviderInitializer: Initialize com.instagram.autocomplete.HashtagUserSessionStart start
03-02 10:38:38.737 32592   555 W SessionScopedProviderInitializer: Initialize com.instagram.autocomplete.HashtagUserSessionStart end
03-02 10:38:38.737 32592   555 W SessionScopedProviderInitializer: Initialize com.instagram.avatars.store.UserSessionStart start
03-02 10:38:38.737 32592   555 W SessionScopedProviderInitializer: Initialize com.instagram.avatars.store.UserSessionStart end
03-02 10:38:38.737 32592   555 W SessionScopedProviderInitializer: Initialize com.instagram.maps.analytics.MapAnalyticsLogger.UserSessionStart start
03-02 10:38:38.740  1621  1729 D ConnectivityService: requestNetwork for uid/pid:10370/32605 activeRequest: null callbackRequest: 242128 [NetworkRequest [ REQUEST id=242129, [ Capabilities: INTERNET&NOT_RESTRICTED&TRUSTED&NOT_VCN_MANAGED&NOT_BANDWIDTH_CONSTRAINED Uid: 10370 RequestorUid: 10370 RequestorPkg: com.snapchat.android UnderlyingNetworks: Null] ]] callback flags: 0 order: 2147483647 isUidTracked: false declaredMethods: AVAIL|LOSING|LOST|UNAVAIL|NC|LP
03-02 10:38:38.741 32592   555 W SessionScopedProviderInitializer: Initialize com.instagram.maps.analytics.MapAnalyticsLogger.UserSessionStart end
03-02 10:38:38.741 32592   555 W SessionScopedProviderInitializer: Initialize com.instagram.barcelona.fbpay.ptt.pttmanagerprovider.UserSessionStart start
03-02 10:38:38.743 32592   555 W SessionScopedProviderInitializer: Initialize com.instagram.barcelona.fbpay.ptt.pttmanagerprovider.UserSessionStart end
03-02 10:38:38.745 32592   555 W SessionScopedProviderInitializer: Initialize com.instagram.barcelona.fx.cache.onsessionstart.FxBcnOnSessionStartUtil start
03-02 10:38:38.746 32592   555 W SessionScopedProviderInitializer: Initialize com.instagram.barcelona.fx.cache.onsessionstart.FxBcnOnSessionStartUtil end
03-02 10:38:38.746 32592   555 W SessionScopedProviderInitializer: Initialize com.instagram.barcelona.libraries.access.accountmanager.listener.BarcelonaAccountManagerListenerSessionBinder start
03-02 10:38:38.748 32592   556 W SessionScopedProviderInitializer: Initialize com.instagram.appinstallnotification.UserSessionStart end
03-02 10:38:38.748 32592   556 W SessionScopedProviderInitializer: Initialize com.instagram.barcelona.shortcuts.init.BcnShortCutsInitializer start
03-02 10:38:38.748 32592   556 W SessionScopedProviderInitializer: Initialize com.instagram.barcelona.shortcuts.init.BcnShortCutsInitializer end
03-02 10:38:38.748 32592   556 W SessionScopedProviderInitializer: Initialize com.instagram.basel.logging.creation.UserSessionStart start
03-02 10:38:38.748 32592   556 W SessionScopedProviderInitializer: Initialize com.instagram.basel.logging.creation.UserSessionStart end
03-02 10:38:38.748 32592   556 W SessionScopedProviderInitializer: Initialize com.instagram.creation.capture.quickcapture.abtest.qccmodularization.QccModularizationQeUtil start
03-02 10:38:38.748 32592   556 W SessionScopedProviderInitializer: Initialize com.instagram.creation.capture.quickcapture.abtest.qccmodularization.QccModularizationQeUtil end
03-02 10:38:38.748 32592   556 W SessionScopedProviderInitializer: Initialize com.instagram.bugreporter.rageshake.UserSessionStart start
03-02 10:38:38.748 32592   556 W RageShakeDialogProviderImpl: onUserSessionStart start
03-02 10:38:38.749 32592   556 W RageShakeSensorHelper: initInstance Initialized | rageShakeEnabled=true | shakeForceThreshold=18.042845
03-02 10:38:38.749 32592   556 W SessionScopedProviderInitializer: Initialize com.instagram.bugreporter.rageshake.UserSessionStart end
03-02 10:38:38.749 32592   556 W SessionScopedProviderInitializer: Initialize com.instagram.bugreporter.impl.BugReporterRecentErrorInfosHolder start
03-02 10:38:38.749 32592   556 W SessionScopedProviderInitializer: Initialize com.instagram.bugreporter.impl.BugReporterRecentErrorInfosHolder end
03-02 10:38:38.749 32592   556 W SessionScopedProviderInitializer: Initialize com.instagram.uxlogging.functioncorrectness.AwareInteractionQPLLogger start
03-02 10:38:38.749 32592   555 W SessionScopedProviderInitializer: Initialize com.instagram.barcelona.libraries.access.accountmanager.listener.BarcelonaAccountManagerListenerSessionBinder end
03-02 10:38:38.749 32592   556 W SessionScopedProviderInitializer: Initialize com.instagram.uxlogging.functioncorrectness.AwareInteractionQPLLogger end
03-02 10:38:38.749 32592   555 W SessionScopedProviderInitializer: Initialize com.instagram.bugreporter.store.initializer.PendingBugReportInitializer start
03-02 10:38:38.749 32592   555 W SessionScopedProviderInitializer: Initialize com.instagram.bugreporter.store.initializer.PendingBugReportInitializer end
03-02 10:38:38.749 32592   555 W SessionScopedProviderInitializer: Initialize com.instagram.casper.UserSessionStart start
03-02 10:38:38.750 32592   555 W SessionScopedProviderInitializer: Initialize com.instagram.casper.UserSessionStart end
03-02 10:38:38.750 32592   555 W SessionScopedProviderInitializer: Initialize com.instagram.common.fxcacheinit.FxClientCacheOnUserSessionStart start
03-02 10:38:38.750 32592   555 W SessionScopedProviderInitializer: Initialize com.instagram.common.fxcacheinit.FxClientCacheOnUserSessionStart end
03-02 10:38:38.750 32592   555 W SessionScopedProviderInitializer: Initialize com.instagram.common.memory.memoryredlogger.MemoryRedLogger.MemoryRedLoggerInitializer start
03-02 10:38:38.750 32592   555 W SessionScopedProviderInitializer: Initialize com.instagram.common.memory.memoryredlogger.MemoryRedLogger.MemoryRedLoggerInitializer end
03-02 10:38:38.750 32592   555 W SessionScopedProviderInitializer: Initialize com.instagram.crossposting.noticestate.manager.UserSessionStart start
03-02 10:38:38.750  1621  4289 I whetstone.activity: Power Event callback listener is empty for resId=256
03-02 10:38:38.750  1621  4289 D BatteryStatsManagerStub: notifyEvent for resId=256 used 0ms
03-02 10:38:38.752 32592   555 W SessionScopedProviderInitializer: Initialize com.instagram.crossposting.noticestate.manager.UserSessionStart end
03-02 10:38:38.752  1621  1746 E JobScheduler.Background: Couldn't determine stopped state for unknown package: com.google.android.apps.turbo
03-02 10:38:38.752  1621  1746 E JobScheduler.Background: Couldn't determine stopped state for unknown package: com.google.android.apps.turbo
03-02 10:38:38.752  1621  1746 E JobScheduler.Background: Couldn't determine stopped state for unknown package: com.google.android.apps.turbo
03-02 10:38:38.752  1621  1746 E JobScheduler.Background: Couldn't determine stopped state for unknown package: com.google.android.apps.turbo
03-02 10:38:38.752  1621  1746 E JobScheduler.Background: Couldn't determine stopped state for unknown package: com.google.android.apps.turbo
03-02 10:38:38.756  1621  1856 D ConnectivityService: NetReassign [242129 : null ΓåÆ 255] [c 0] [a 2] [i 2]
03-02 10:38:38.756  1621  1843 D WifiNetworkFactory: got request NetworkRequest [ REQUEST id=242129, [ Capabilities: INTERNET&NOT_RESTRICTED&TRUSTED&NOT_VCN_MANAGED&NOT_BANDWIDTH_CONSTRAINED Uid: 10370 RequestorUid: 10370 RequestorPkg: com.snapchat.android UnderlyingNetworks: Null] ]
03-02 10:38:38.756  1621  1843 D UntrustedWifiNetworkFactory: got request NetworkRequest [ REQUEST id=242129, [ Capabilities: INTERNET&NOT_RESTRICTED&TRUSTED&NOT_VCN_MANAGED&NOT_BANDWIDTH_CONSTRAINED Uid: 10370 RequestorUid: 10370 RequestorPkg: com.snapchat.android UnderlyingNetworks: Null] ]
03-02 10:38:38.756  1621  1843 D OemPaidWifiNetworkFactory: got request NetworkRequest [ REQUEST id=242129, [ Capabilities: INTERNET&NOT_RESTRICTED&TRUSTED&NOT_VCN_MANAGED&NOT_BANDWIDTH_CONSTRAINED Uid: 10370 RequestorUid: 10370 RequestorPkg: com.snapchat.android UnderlyingNetworks: Null] ]
03-02 10:38:38.756  1621  1843 D MultiInternetWifiNetworkFactory: got request NetworkRequest [ REQUEST id=242129, [ Capabilities: INTERNET&NOT_RESTRICTED&TRUSTED&NOT_VCN_MANAGED&NOT_BANDWIDTH_CONSTRAINED Uid: 10370 RequestorUid: 10370 RequestorPkg: com.snapchat.android UnderlyingNetworks: Null] ]
03-02 10:38:38.758 32592   554 W SessionScopedProviderInitializer: Initialize com.instagram.video.player.hero.IgHeroServiceController.IgHeroServiceControllerInitializerProvider end
03-02 10:38:38.758 32592   556 W SessionScopedProviderInitializer: Initialize com.instagram.metacasper.UserSessionStart start
03-02 10:38:38.758 32592   556 W SessionScopedProviderInitializer: Initialize com.instagram.metacasper.UserSessionStart end
03-02 10:38:38.759 32592   556 W SessionScopedProviderInitializer: Initialize com.instagram.deadcodedetection.IgDeadCodeDetectionManager start
03-02 10:38:38.759 32592   556 W SessionScopedProviderInitializer: Initialize com.instagram.deadcodedetection.IgDeadCodeDetectionManager end
03-02 10:38:38.759 32592   556 W SessionScopedProviderInitializer: Initialize com.instagram.debug.image.sessionhelper.UserSessionStart start
03-02 10:38:38.760 32592   554 W SessionScopedProviderInitializer: Initialize com.instagram.debug.quickexperiment.dumper.QuickExperimentDumperPlugin.UserSessionListener start
03-02 10:38:38.760 32592   554 W SessionScopedProviderInitializer: Initialize com.instagram.debug.quickexperiment.dumper.QuickExperimentDumperPlugin.UserSessionListener end
03-02 10:38:38.760 32592   554 W SessionScopedProviderInitializer: Initialize com.instagram.perf.scroll.UserSessionStart start
03-02 10:38:38.760 32592   554 W SessionScopedProviderInitializer: Initialize com.instagram.perf.scroll.UserSessionStart end
03-02 10:38:38.761 32592   554 W SessionScopedProviderInitializer: Initialize com.instagram.wellbeing.timespent.listeners.InstagramLastActiveTimeLogger start
03-02 10:38:38.761  1621  2662 D ConnectivityService: requestNetwork for uid/pid:10370/32605 activeRequest: null callbackRequest: 242130 [NetworkRequest [ REQUEST id=242131, [ Capabilities: INTERNET&NOT_RESTRICTED&TRUSTED&NOT_VCN_MANAGED&NOT_BANDWIDTH_CONSTRAINED Uid: 10370 RequestorUid: 10370 RequestorPkg: com.snapchat.android UnderlyingNetworks: Null] ]] callback flags: 0 order: 2147483647 isUidTracked: false declaredMethods: AVAIL|LOSING|LOST|UNAVAIL|NC|LP
03-02 10:38:38.761 32592   554 W SessionScopedProviderInitializer: Initialize com.instagram.wellbeing.timespent.listeners.InstagramLastActiveTimeLogger end
03-02 10:38:38.761 32592   554 W SessionScopedProviderInitializer: Initialize com.instagram.wellbeing.timespent.listeners.InstagramTimeSpentManagerInitializer start
03-02 10:38:38.763  1621  1662 W ActivityManager: Rescheduling restart of crashed service com.miui.analytics/.internal.WakeupService in 9951ms for mem-pressure-event
03-02 10:38:38.764 32592   555 W SessionScopedProviderInitializer: Initialize com.instagram.direct.msys.bugreporter.UserSessionStart start
03-02 10:38:38.764  1621  1856 D ConnectivityService: NetReassign [242131 : null ΓåÆ 255] [c 0] [a 1] [i 1]
03-02 10:38:38.765  1621  1843 D WifiNetworkFactory: got request NetworkRequest [ REQUEST id=242131, [ Capabilities: INTERNET&NOT_RESTRICTED&TRUSTED&NOT_VCN_MANAGED&NOT_BANDWIDTH_CONSTRAINED Uid: 10370 RequestorUid: 10370 RequestorPkg: com.snapchat.android UnderlyingNetworks: Null] ]
03-02 10:38:38.766  1621  1843 D UntrustedWifiNetworkFactory: got request NetworkRequest [ REQUEST id=242131, [ Capabilities: INTERNET&NOT_RESTRICTED&TRUSTED&NOT_VCN_MANAGED&NOT_BANDWIDTH_CONSTRAINED Uid: 10370 RequestorUid: 10370 RequestorPkg: com.snapchat.android UnderlyingNetworks: Null] ]
03-02 10:38:38.766  1621  1843 D OemPaidWifiNetworkFactory: got request NetworkRequest [ REQUEST id=242131, [ Capabilities: INTERNET&NOT_RESTRICTED&TRUSTED&NOT_VCN_MANAGED&NOT_BANDWIDTH_CONSTRAINED Uid: 10370 RequestorUid: 10370 RequestorPkg: com.snapchat.android UnderlyingNetworks: Null] ]
03-02 10:38:38.766  1621  1843 D MultiInternetWifiNetworkFactory: got request NetworkRequest [ REQUEST id=242131, [ Capabilities: INTERNET&NOT_RESTRICTED&TRUSTED&NOT_VCN_MANAGED&NOT_BANDWIDTH_CONSTRAINED Uid: 10370 RequestorUid: 10370 RequestorPkg: com.snapchat.android UnderlyingNetworks: Null] ]
03-02 10:38:38.766 32592   555 W SessionScopedProviderInitializer: Initialize com.instagram.direct.msys.bugreporter.UserSessionStart end
03-02 10:38:38.766 32592   555 W SessionScopedProviderInitializer: Initialize com.instagram.direct.mutation.util.DirectMutationUserSessionStartListener start
03-02 10:38:38.766 32592   555 W SessionScopedProviderInitializer: Initialize com.instagram.direct.mutation.util.DirectMutationUserSessionStartListener end
03-02 10:38:38.766 32592   555 W SessionScopedProviderInitializer: Initialize com.instagram.emergencypush.EmergencyPushPeriodicFetchWorkerInitializer start
03-02 10:38:38.767 32592   555 W SessionScopedProviderInitializer: Initialize com.instagram.emergencypush.EmergencyPushPeriodicFetchWorkerInitializer end
03-02 10:38:38.767 32592   555 W SessionScopedProviderInitializer: Initialize com.instagram.fbpay.executor.UserSessionStart start
03-02 10:38:38.767 32592   555 W SessionScopedProviderInitializer: Initialize com.instagram.fbpay.executor.UserSessionStart end
03-02 10:38:38.767 32592   555 W SessionScopedProviderInitializer: Initialize com.instagram.fileregistry.impl.UserSessionStart start
03-02 10:38:38.767 32592   555 W SessionScopedProviderInitializer: Initialize com.instagram.fileregistry.impl.UserSessionStart end
03-02 10:38:38.767 32592   555 W SessionScopedProviderInitializer: Initialize com.instagram.firstpartyinstalltracker.UserSessionStart start
03-02 10:38:38.767 32592   555 W SessionScopedProviderInitializer: Initialize com.instagram.firstpartyinstalltracker.UserSessionStart end
03-02 10:38:38.767 32592   555 W SessionScopedProviderInitializer: Initialize com.instagram.fx.helper.companyidentityswitcher.prefetch.SwitcherFetchFBNTAEligibilitySessionStartUtil start
03-02 10:38:38.767 32592   555 W SessionScopedProviderInitializer: Initialize com.instagram.fx.helper.companyidentityswitcher.prefetch.SwitcherFetchFBNTAEligibilitySessionStartUtil end
03-02 10:38:38.767 32592   555 W SessionScopedProviderInitializer: Initialize com.instagram.fx.helper.companyidentityswitcher.prefetch.SwitcherFetchImpressionCapListSessionStartUtil start
