03-02 10:38:35.839   921  1170 I BufferQueueDebug: [com.miui.home/com.miui.home.launcher.Launcher#133343](this:0xb400007bcecdbf18,id:-1,api:0,p:-1,c:-1) BufferQueue core=(921:/system/bin/surfaceflinger)
03-02 10:38:35.843  1621  1636 D MiuiRefreshRatePolicy: reset
03-02 10:38:35.844  1621  1636 I BLASTSyncEngine: SyncGroup 10145:  Unfinished container:ActivityRecord{9880759 u0 com.miui.home/.launcher.Launcher t2}
03-02 10:38:35.844  1621  1636 I BLASTSyncEngine: isActivitySyncFinished isSyncFinished false ActivityRecord{9880759 u0 com.miui.home/.launcher.Launcher t2}
03-02 10:38:35.844  1621  1856 D ConnectivityService: NetReassign [no changes] [c 8] [a 12] [i 10]
03-02 10:38:35.845  1999  4905 D SessionLifecycleClient: Sending lifecycle 1 to service
03-02 10:38:35.845  1999  4922 D SessionLifecycleService: Activity foregrounding at 609509394.
03-02 10:38:35.846  1621  1636 W WindowManager: Changing focus from null to Window{d85ca12 u0 com.miui.home/com.miui.home.launcher.Launcher} displayId=0 Callers=com.android.server.wm.RootWindowContainer.updateFocusedWindowLocked:602 com.android.server.wm.WindowManagerService.updateFocusedWindowLocked:7168 com.android.server.wm.WindowManagerService.relayoutWindowInner:3076 com.android.server.wm.WindowManagerService.relayoutWindow:2724 
03-02 10:38:35.846  1621  1636 I whetstone.activity: Power Event callback listener is empty for resId=32
03-02 10:38:35.847  1621  1636 D BatteryStatsManagerStub: notifyEvent for resId=32 used 0ms
03-02 10:38:35.847   921  1500 I BufferQueueDebug: [Surface(name=5b2ee94 StatusBar#103)/@0xf6cf932 - animation-leash of insets_animation#133344](this:0xb400007bcec561a8,id:-1,api:0,p:-1,c:-1) BufferQueue core=(921:/system/bin/surfaceflinger)
03-02 10:38:35.850  1999 17839 E MarketCustomizeReflectHelper: call method getCurrentValidCustomizeIconList failed
03-02 10:38:35.850  1999 17839 E MarketCustomizeReflectHelper: java.lang.ClassNotFoundException: miui.content.res.MarketIconCustomizer
03-02 10:38:35.850  1999 17839 E MarketCustomizeReflectHelper: 	at java.lang.Class.classForName(Native Method)
03-02 10:38:35.850  1999 17839 E MarketCustomizeReflectHelper: 	at java.lang.Class.forName(Class.java:591)
03-02 10:38:35.850  1999 17839 E MarketCustomizeReflectHelper: 	at java.lang.Class.forName(Class.java:496)
03-02 10:38:35.850  1999 17839 E MarketCustomizeReflectHelper: 	at com.miui.home.launcher.operationicon.MarketCustomizeReflectHelper.getCurrentValidCustomizeIconIDs(MarketCustomizeReflectHelper.kt:23)
03-02 10:38:35.850  1999 17839 E MarketCustomizeReflectHelper: 	at com.miui.home.launcher.operationicon.MarketCustomizeIconManager.refreshCustomizeIcon(MarketCustomizeIconManager.kt:82)
03-02 10:38:35.850  1999 17839 E MarketCustomizeReflectHelper: 	at com.miui.home.launcher.operationicon.MarketCustomizeIconManager.onLauncherResume$lambda-2(MarketCustomizeIconManager.kt:50)
03-02 10:38:35.850  1999 17839 E MarketCustomizeReflectHelper: 	at com.miui.home.launcher.operationicon.MarketCustomizeIconManager.$r8$lambda$okGGNcpWViq7KK594p5NCFKNLA4(Unknown Source:0)
03-02 10:38:35.850  1999 17839 E MarketCustomizeReflectHelper: 	at com.miui.home.launcher.operationicon.MarketCustomizeIconManager$$ExternalSyntheticLambda0.run(Unknown Source:0)
03-02 10:38:35.850  1999 17839 E MarketCustomizeReflectHelper: 	at java.util.concurrent.Executors$RunnableAdapter.call(Executors.java:520)
03-02 10:38:35.850  1999 17839 E MarketCustomizeReflectHelper: 	at java.util.concurrent.FutureTask.run(FutureTask.java:317)
03-02 10:38:35.850  1999 17839 E MarketCustomizeReflectHelper: 	at java.util.concurrent.ThreadPoolExecutor.runWorker(ThreadPoolExecutor.java:1154)
03-02 10:38:35.850  1999 17839 E MarketCustomizeReflectHelper: 	at java.util.concurrent.ThreadPoolExecutor$Worker.run(ThreadPoolExecutor.java:652)
03-02 10:38:35.850  1999 17839 E MarketCustomizeReflectHelper: 	at java.lang.Thread.run(Thread.java:1563)
03-02 10:38:35.850  1999 17839 E MarketCustomizeReflectHelper: Caused by: java.lang.ClassNotFoundException: miui.content.res.MarketIconCustomizer
03-02 10:38:35.850  1999 17839 E MarketCustomizeReflectHelper: 	... 13 more
03-02 10:38:35.851   921  1500 I BufferQueueDebug: [Surface(name=77d8129 NavigationBar0#101614)/@0x3faba4f - animation-leash of insets_animation#133345](this:0xb400007bcecc2508,id:-1,api:0,p:-1,c:-1) BufferQueue core=(921:/system/bin/surfaceflinger)
03-02 10:38:35.853  1621  1636 D WindowManager: wms.Input focus has changed to Window{d85ca12 u0 com.miui.home/com.miui.home.launcher.Launcher} display=0 updateInputWindows = true
03-02 10:38:35.853  1621  1636 I MultiSenceManagerInternalStub: getInstance
03-02 10:38:35.853  1621  1636 I WindowManager: Relayout Window{d85ca12 u0 com.miui.home/com.miui.home.launcher.Launcher}: oldVis=8 newVis=0 focusMayChange = true requestedWidth = 1080 requestedHeight = 2460 outFrames = ClientWindowFrames{frame=[0,0][1080,2460] display=[0,0][1080,2460] parentFrame=[0,0][0,0]} outSurfaceControl = Surface(name=com.miui.home/com.miui.home.launcher.Launcher#133343)/@0xf463fdc
03-02 10:38:35.855  1621  1928 I MultiSenceManagerInternalStubImpl: packageName = com.miui.home
03-02 10:38:35.855  1621  1928 W ContextImpl: Calling a method in the system process without a qualified user: android.app.ContextImpl.sendBroadcast:1260 com.android.server.wm.MultiSenceManagerInternalStubImpl.sendFocusWindowsBroadcast:148 com.android.server.wm.MultiSenceManagerInternalStubImpl$UpdateScreenStatus.run:98 android.os.Handler.handleCallback:959 android.os.Handler.dispatchMessage:100 
03-02 10:38:35.857  1999  1999 D BufferQueueConsumer: [](id:7cf0000056e,api:0,p:-1,c:1999) connect: controlledByApp=false
03-02 10:38:35.859  1621  1651 I ActivityTaskManager: visible for Task{c2800f4 #37025 type=standard A=10337:com.softnation.Ojam} visible = true isAnimating = false TRANSITION = false PARENTS = false CHILDREN = false
03-02 10:38:35.859  1999  1999 D BLASTBufferQueue: [VRI[Launcher]#1190](f:0,a:0) constructor()
03-02 10:38:35.859  1999  1999 D BLASTBufferQueue: [VRI[Launcher]#1190](f:0,a:0) update width=1080 height=2460 format=1 mTransformHint=0
03-02 10:38:35.859  1621  1651 D SurfaceComposerClient: Transaction::apply InputWindowCommands.focusRequests timestamp=609509407785174, windowName=d85ca12 com.miui.home/com.miui.home.launcher.Launcher
03-02 10:38:35.862  1621  1651 D WindowManager: Collecting in transition 10145: WallpaperWindowToken{d3319dd token=android.os.Binder@113b9b4} init visibleRequested:false
03-02 10:38:35.862  1621  1651 D WindowManager: Collecting in transition 10145: WallpaperWindowToken{d3319dd token=android.os.Binder@113b9b4} init visibleRequested:false
03-02 10:38:35.863  1621  1651 D WindowManager: Collecting in transition 10145: WallpaperWindowToken{2d6d85a token=android.os.Binder@8dfa005} init visibleRequested:false
03-02 10:38:35.863  1621  1651 D WindowManager: Collecting in transition 10145: WallpaperWindowToken{2d6d85a token=android.os.Binder@8dfa005} init visibleRequested:false
03-02 10:38:35.863   921  1468 W EventThreadInspector: slow VSync-appSf on display(4627039422300187648) count=1, avg=33 ms, max=33 ms.
03-02 10:38:35.864  1621  1651 D MiuiRefreshRatePolicy: reset
03-02 10:38:35.865   921   921 D SurfaceFlinger: Focus addInputWindowCommands timestamp=609509407785174, windowName=d85ca12 com.miui.home/com.miui.home.launcher.Launcher
03-02 10:38:35.867  1621  1651 I BLASTSyncEngine: SyncGroup 10145:  Unfinished container:ActivityRecord{9880759 u0 com.miui.home/.launcher.Launcher t2}
03-02 10:38:35.867  1621  1651 I BLASTSyncEngine: isActivitySyncFinished isSyncFinished false ActivityRecord{9880759 u0 com.miui.home/.launcher.Launcher t2}
03-02 10:38:35.867  1621  1746 W ActivityManager: Slow operation: 55ms so far, now at startProcess: done starting proc!
03-02 10:38:35.868  1621  1651 D MiuiRefreshRatePolicy: reset
03-02 10:38:35.868  1177  1177 I thermal_src: recvmsg_expect 5, but get 2 
03-02 10:38:35.869  1177  1177 V thermal_src: TA_DAEMON_CMD_GET_TPCB:ERROR ret=-1
03-02 10:38:35.869  1177  1177 E thermal_src: get_tpcb_from_kernel:error -1. retry...
03-02 10:38:35.869  1177  1177 I thermal_src: recvmsg_expect 5, but get 2 
03-02 10:38:35.870  1177  1177 V thermal_src: TA_DAEMON_CMD_GET_TPCB:ERROR ret=-1
03-02 10:38:35.870  1177  1177 E thermal_src: get_tpcb_from_kernel:error -1. retry...
03-02 10:38:35.870  1177  1177 I thermal_src: recvmsg_expect 4, but get 5 
03-02 10:38:35.870  1177  1177 V thermal_src: TA_DAEMON_CMD_SET_TTJ:ERROR ret=-1
03-02 10:38:35.870  1177  1177 E thermal_src: set_ttj_to_kernel 1:error -1
03-02 10:38:35.870  1177  1177 I thermal_src: recvmsg_expect 2, but get 5 
03-02 10:38:35.870  1177  1177 V thermal_src: waiting NOTIFY from kernel miss, -1
03-02 10:38:35.870  1177  1177 I thermal_src: recvmsg_expect 2, but get 4 
03-02 10:38:35.870  1621  1651 I BLASTSyncEngine: SyncGroup 10145:  Unfinished container:ActivityRecord{9880759 u0 com.miui.home/.launcher.Launcher t2}
03-02 10:38:35.870  1177  1177 V thermal_src: waiting NOTIFY from kernel miss, -1
03-02 10:38:35.870  1621  1651 I BLASTSyncEngine: isActivitySyncFinished isSyncFinished false ActivityRecord{9880759 u0 com.miui.home/.launcher.Launcher t2}
03-02 10:38:35.871   921  1483 D SurfaceFlinger: updateWinowInfo=1, setFocusedWindow timestamp=609509407785174, windowName=d85ca12 com.miui.home/com.miui.home.launcher.Launcher
03-02 10:38:35.874  1621  1651 I WindowManager: wms.showSurfaceRobustly mWin:Window{92602d4 u0 com.miui.miwallpaper.wallpaperservice.ImageWallpaper}
03-02 10:38:35.874  1621  1651 I WindowManager: wms.showSurfaceRobustly mWin:Window{7986e4c u0 com.miui.miwallpaper.wallpaperservice.MiuiKeyguardPictorialWallpaper}
03-02 10:38:35.875  1621  1651 I ActivityTaskManager: visible for Task{c2800f4 #37025 type=standard A=10337:com.softnation.Ojam} visible = true isAnimating = false TRANSITION = false PARENTS = false CHILDREN = false
03-02 10:38:35.880  1621  1894 D GreezeManager:  report signal uid = 10337 pid = 23522is not frozen.
03-02 10:38:35.887  2061  2061 I MiuiWallpaper-ImageWallpaper: onVisibilityChanged, visible = true, ret=true
03-02 10:38:35.894  1621  1651 I ActivityTaskManager: visible for Task{c2800f4 #37025 type=standard A=10337:com.softnation.Ojam} visible = true isAnimating = false TRANSITION = false PARENTS = false CHILDREN = false
03-02 10:38:35.901  1621  1746 I whetstone.activity: Power Event callback listener is empty for resId=256
03-02 10:38:35.901  1621  1746 D BatteryStatsManagerStub: notifyEvent for resId=256 used 0ms
03-02 10:38:35.902  1621  1746 E JobScheduler: ResourceBudgetManagerInternal is null
03-02 10:38:35.904  2350  2350 W Settings: Setting airplane_mode_on has moved from android.provider.Settings.System to android.provider.Settings.Global, returning read-only value.
03-02 10:38:35.904  1621  1746 D CompatChangeReporter: Compat change id reported: 151861875; UID 10370; state: ENABLED
03-02 10:38:35.904  1621  1746 V GrammaticalInflectionUtils: AttributionSource: android.content.AttributionSource@51e2296a does not have READ_SYSTEM_GRAMMATICAL_GENDER permission.
03-02 10:38:35.906  2061  2061 I MiuiWallpaper-MiuiKeyguardPictorialWallpaper: onVisibilityChanged, visible = true, ret=true
03-02 10:38:35.906  1621  1746 I whetstone.activity: Power Event callback listener is empty for resId=256
03-02 10:38:35.906  1621  1746 D BatteryStatsManagerStub: notifyEvent for resId=256 used 0ms
03-02 10:38:35.906  2350  2350 W Settings: Setting airplane_mode_on has moved from android.provider.Settings.System to android.provider.Settings.Global, returning read-only value.
03-02 10:38:35.907  1621  1746 E JobScheduler: ResourceBudgetManagerInternal is null
03-02 10:38:35.908  1621  1928 W ActivityManagerServiceImpl: Sending non-protected broadcast com.xiaomi.multisence.action.FOCUSED_CHANGE from system 1621:system/1000 pkg android. Callers=com.android.server.am.ActivityManagerService.checkBroadcastFromSystem:16365 com.android.server.am.ActivityManagerService.broadcastIntentLockedTraced:17236 com.android.server.am.ActivityManagerService.broadcastIntentLocked:16425 com.android.server.am.ActivityManagerService.broadcastIntentWithFeature:17459 android.app.ContextImpl.sendBroadcast:1264 
03-02 10:38:35.909  1621  4432 I ClipboardServiceI: checkProviderWakePathForClipboard: primaryClip is null
03-02 10:38:35.911  6515  7051 W BpBinder: Slow Binder: BpBinder transact took 239 ms, interface=miui.IProcessManager, code=17 oneway=false
03-02 10:38:35.914  2061 12253 W HWUI    : Surface doesn't have any previously queued frames, nothing to readback from
03-02 10:38:35.915  2061 12253 W HWUI    : Surface doesn't have any previously queued frames, nothing to readback from
03-02 10:38:35.915   835   835 D Zygote  : Forked child process 32592
03-02 10:38:35.922  2363  2363 D NotificationMediaManager: Not dismissing 0|com.softnation.Ojam|1001|null|10337 because it was removed by the system
03-02 10:38:35.921  1621  1667 W ActivityManager: Slow operation: 64ms so far, now at startProcess: returned from zygote!
03-02 10:38:35.930  1621  1842 I MiuiNetworkPolicy: updateUidState uid = 10075, uidState = 19
03-02 10:38:35.930  1999  1999 D ColorFilter: button width = 110 , button height = 110
03-02 10:38:35.931  1999  1999 D ColorFilter: button width = 135 , button height = 110
03-02 10:38:35.931  1999  1999 D ColorFilter: button width = 135 , button height = 110
03-02 10:38:35.931  1999  1999 D ColorFilter: button width = 135 , button height = 110
03-02 10:38:35.932  1999  1999 D ColorFilter: button width = 135 , button height = 110
03-02 10:38:35.932  1999  1999 D ColorFilter: button width = 135 , button height = 110
03-02 10:38:35.932  1999  1999 D ColorFilter: button width = 135 , button height = 110
03-02 10:38:35.932  1999  1999 D VRI[Launcher]: vri.reportNextDraw android.view.ViewRootImpl.performTraversals:4984 android.view.ViewRootImpl.doTraversal:3564 android.view.ViewRootImpl$TraversalRunnable.run:11781 android.view.Choreographer$CallbackRecord.run:1804 android.view.Choreographer$CallbackRecord.run:1813 
03-02 10:38:35.933  2363  2363 D MiuiMediaControlPanel: removeListener
03-02 10:38:35.934  2350  2350 D CarrierSvcBindHelper: onHandleForceStop: [com.softnation.Ojam]
03-02 10:38:35.936  1621  1667 W ActivityManager: Slow operation: 80ms so far, now at startProcess: done updating battery stats
03-02 10:38:35.936  1999  1999 D VRI[Launcher]: Setup new sync=wmsSync-VRI[Launcher]#6
03-02 10:38:35.937  2350  2350 D CarrierSvcBindHelper: No carrier app for: 0
03-02 10:38:35.937  2350  2350 D CarrierSvcBindHelper: No carrier app for: 1
03-02 10:38:35.938 32592 32592 E Zygote  : process_name_ptr:32592 com.instagram.barcelona
03-02 10:38:35.938 32592 32592 E Zygote  : SetMemoryProtected process_name_ptr:32592 com.instagram.barcelona
03-02 10:38:35.942   921   921 I BufferQueueProducer: [NavigationBar0#101619](this:0xb400007bced454e8,id:-1,api:0,p:-1,c:921) queueBuffer: fps=0.16 dur=175152.03 max=174702.56 min=16.27
03-02 10:38:35.943 32531 32569 W System  : ClassLoader referenced unknown path: 
03-02 10:38:35.943 32531 32569 D nativeloader: Configuring clns-8 for other apk . target_sdk_version=36, uses_libraries=, library_path=/data/app/~~PNgoFDHBmGdMmQt2moPCLQ==/com.google.android.gms-wSL8VlioUsna9-KnDrZN3A==/lib/arm64:/data/app/~~PNgoFDHBmGdMmQt2moPCLQ==/com.google.android.gms-wSL8VlioUsna9-KnDrZN3A==/base.apk!/lib/arm64-v8a, permitted_path=/data:/mnt/expand:/data/user/0/com.google.android.gms
03-02 10:38:35.947  1621  1667 W ActivityManager: Slow operation: 91ms so far, now at startProcess: building log message
03-02 10:38:35.947  1621  1667 I ActivityManager: Start proc 32592:com.instagram.barcelona/u0a75 for service {com.instagram.barcelona/androidx.work.impl.background.systemjob.SystemJobService} caller=android
03-02 10:38:35.947  1621  1667 W ActivityManager: Slow operation: 91ms so far, now at startProcess: starting to update pids map
03-02 10:38:35.948  1621  1667 W ActivityManager: Slow operation: 92ms so far, now at startProcess: done updating pids map
03-02 10:38:35.950  8942  8942 D BoundBrokerSvc: onBind: Intent { act=com.google.android.gms.measurement.START pkg=com.google.android.gms }
03-02 10:38:35.950  8942  8942 D BoundBrokerSvc: Loading bound service for intent: Intent { act=com.google.android.gms.measurement.START pkg=com.google.android.gms }
03-02 10:38:35.951  1621  4230 W ActivityManagerServiceImpl: Sending non-protected broadcast android.intent.action.APPLICATION_MESSAGE_UPDATE from system 2363:com.android.systemui/1000 pkg com.android.systemui. Callers=
03-02 10:38:35.955  1621  1746 V GrammaticalInflectionUtils: AttributionSource: android.content.AttributionSource@369db250 does not have READ_SYSTEM_GRAMMATICAL_GENDER permission.
03-02 10:38:35.961   835   835 W zygote64: Waiting for a thread to finish unregistering
03-02 10:38:35.967 32592 32592 I agram.barcelona: Using CollectorTypeCMC GC.
03-02 10:38:35.973  2350 29580 D NetworkSpeedTracker: updateSignalInfo lteRsrp=-77lteSnr=15,phoneId=1
03-02 10:38:35.977  1141  7637 E IPCThreadState: Binder transaction failure. id: 354003832, BR_*: 29201, error: -1 (Operation not permitted)
03-02 10:38:35.977  1141  7637 W BpBinder: Large or Failed outgoing transaction of 108 bytes, interface descriptor , code 1
03-02 10:38:35.983  2350 29580 D NetworkSpeedTracker: updateSignalInfo lteRsrp=-77lteSnr=15,phoneId=1
03-02 10:38:35.983  1999  1999 D DragContainerLayout: dispatch draw with clip rect: null
03-02 10:38:35.987  1621  1746 I whetstone.activity: Power Event callback listener is empty for resId=256
03-02 10:38:35.987  1621  1746 D BatteryStatsManagerStub: notifyEvent for resId=256 used 0ms
03-02 10:38:35.988   835   835 D Zygote  : Forked child process 32605
03-02 10:38:35.998  1621  1667 W ActivityManager: Slow operation: 93ms so far, now at startProcess: returned from zygote!
03-02 10:38:35.980  6515  6921 D PowerKeeper.Audio: pids 0
03-02 10:38:36.007  1621  1667 W ActivityManager: Slow operation: 102ms so far, now at startProcess: done updating battery stats
03-02 10:38:36.011  1621  1667 W ActivityManager: Slow operation: 106ms so far, now at startProcess: building log message
03-02 10:38:36.011  1621  1667 I ActivityManager: Start proc 32605:com.snapchat.android/u0a370 for service {com.snapchat.android/androidx.work.impl.background.systemjob.SystemJobService} caller=android
03-02 10:38:36.011 32605 32605 E Zygote  : process_name_ptr:32605 com.snapchat.android
03-02 10:38:36.012  1621  1667 W ActivityManager: Slow operation: 107ms so far, now at startProcess: starting to update pids map
03-02 10:38:36.012 32605 32605 E Zygote  : SetMemoryProtected process_name_ptr:32605 com.snapchat.android
03-02 10:38:36.012  1621  1667 W ActivityManager: Slow operation: 107ms so far, now at startProcess: done updating pids map
03-02 10:38:36.012  1621  1667 W ActivityManager: Slow operation: 52ms so far, now at startProcess: asking zygote to start proc
03-02 10:38:36.013 32531 32569 W nal.secretdiary: ClassLoaderContext classpath element checksum mismatch. expected=1150104373, found=40426785 (DLC[];PCL[base.apk*1150104373]{PCL[/system/framework/org.apache.http.legacy.jar*4025584831]#PCL[/system/framework/com.android.location.provider.jar*3414091812]#PCL[/system/framework/com.android.media.remotedisplay.jar*2042759013]#PCL[/system_ext/framework/androidx.window.extensions.jar*3622430006]#PCL[/system_ext/framework/androidx.window.sidecar.jar*2958050178]} | DLC[];PCL[/data/app/~~QO2ci0v8Sp2v78WV-ahGmw==/mydiary.journal.diary.diarywithlock.diaryjournal.secretdiary-uCJ5kOdCrlaSGwqjdvjTVw==/base.apk*40426785]{PCL[/system_ext/framework/androidx.window.extensions.jar*3622430006]#PCL[/system_ext/framework/androidx.window.sidecar.jar*2958050178]})
03-02 10:38:36.013  2363  2363 E StackScroller: updateSidePadding: viewWidth is zero
03-02 10:38:36.015 32531 32531 I ContentProvider: mydiary.journal.diary.diarywithlock.diaryjournal.secretdiary.firebaseinitprovider onCreate use 323 ms!
03-02 10:38:36.020  1999  2551 D BLASTBufferQueue: [VRI[Launcher]#1190](f:0,a:1) acquireNextBufferLocked size=1080x2460 mFrameNumber=1 applyTransaction=true mTimestamp=609509566551328(auto) mPendingTransactions.size=0 graphicBufferId=8585639639004 transform=0
03-02 10:38:36.021  1999  1999 D VRI[Launcher]: vri.reportDrawFinished
03-02 10:38:36.023  1999  1999 I Launcher.widget: onInvisible com.google.android.apps.wellbeing.widget.screentime.ScreenTimeWidgetProviderReceiver_Receiver
03-02 10:38:36.024  1999  1999 I Launcher.widget: onInvisible com.google.android.apps.bard.widget.RobinToolBarAppWidgetReceiver
03-02 10:38:36.024  1999  1999 I Launcher.widget: onInvisible com.google.android.googlequicksearchbox.SearchWidgetProvider
03-02 10:38:36.024 32592 32592 D nativeloader: Load libframework-connectivity-tiramisu-jni.so using APEX ns com_android_tethering for caller /apex/com.android.tethering/javalib/framework-connectivity-t.jar: ok
03-02 10:38:36.025  2363  2363 D BadgeCoordinator: recevie broadbcast ACTION_APPLICATION_MESSAGE_QUERY, requestFirstTime=false
03-02 10:38:36.025  1621  4230 D WindowManager: wms.finishDrawingLocked: mDrawState=COMMIT_DRAW_PENDING Window{d85ca12 u0 com.miui.home/com.miui.home.launcher.Launcher} in Surface(name=com.miui.home/com.miui.home.launcher.Launcher#133343)/@0xdc9cc4f
03-02 10:38:36.028  1621  1651 D MiuiRefreshRatePolicy: reset
03-02 10:38:36.029  1999  1999 D RecentsImpl: mActivityStateObserver com.miui.home.launcher.Launcher
03-02 10:38:36.029  1999  1999 W RecentsImpl: onResumed className=com.miui.home.launcher.Launcher   forceUpdate=false   mIsInAnotherPro=false   isKeyguardLocked=false   mIsStatusBarExpansion=false   mSecuritySpaceGuideShown=false
03-02 10:38:36.029  1999  1999 D TouchInteractionService: onSystemUiFlagsChanged, mSystemUiStateFlags=10020000
03-02 10:38:36.030  1621  1651 I SmartPower: com.miui.home/10166(1999): invisible->visible(335ms) R(become visible) adj=0.
03-02 10:38:36.033  1621  1651 I WindowManager: wms.showSurfaceRobustly mWin:Window{c20b10a u0 LauncherMinusOneScreen}
03-02 10:38:36.033  1621  1651 I WindowManager: wms.showSurfaceRobustly mWin:Window{ff9cdea u0 LauncherOverlayWindow:com.mi.globalminusscreen}
03-02 10:38:36.034  1621  1651 I WindowManager: wms.showSurfaceRobustly mWin:Window{d85ca12 u0 com.miui.home/com.miui.home.launcher.Launcher}
03-02 10:38:36.034  1621  1651 D WindowManager: Final targets: [Task{d151cdd #1 type=home}, Task{c2800f4 #37025 type=standard A=10337:com.softnation.Ojam}, WallpaperWindowToken{2d6d85a token=android.os.Binder@8dfa005}, WallpaperWindowToken{d3319dd token=android.os.Binder@113b9b4}]
03-02 10:38:36.036   921  1587 I BufferQueueDebug: [Transition Root #10145: Task=1#133346](this:0xb400007bcebbf2d8,id:-1,api:0,p:-1,c:-1) BufferQueue core=(921:/system/bin/surfaceflinger)
03-02 10:38:36.036  1999 17839 I Launcher.ApplicationsMessage: onReceive true
03-02 10:38:36.037  1999 17839 I Launcher.ApplicationsMessage: update com.softnation.Ojam/ to null
03-02 10:38:36.039 32605 32605 I napchat.android: Using CollectorTypeCMC GC.
03-02 10:38:36.048 32592 32592 I MessageMonitor: Load libmiui_runtime
03-02 10:38:36.053  1999  1999 D ShortcutIcon: setMessage textnull
03-02 10:38:36.055  1999  1999 D LauncherClient.Service: service already connected:com.mi.globalminusscreen
03-02 10:38:36.063  1621  4432 D SymlinkUtils: attachApplication file op go pass: 0 ms
03-02 10:38:36.063  2363  2477 I MultiTaskingTaskRepository: needSkip: is home task
03-02 10:38:36.063  2363  2477 W MultiTaskingTaskRepository: putOrUpdateTaskInfo skip
03-02 10:38:36.064  2363  2477 I MultiTaskingTaskRepository: needSkip: is home task
03-02 10:38:36.064  2363  2477 W MultiTaskingTaskRepository: onToBackTransitionReady putOrUpdateTaskInfo skip
03-02 10:38:36.064  1621  4432 I SmartPower: com.instagram.barcelona/10075(32592): died->background(490535ms) R(process start ) adj=-10000.
03-02 10:38:36.064  2363  2477 I ShellTransitions: Is abandon offsetY: false
03-02 10:38:36.064  2363  2477 I ShellTransitions: Is abandon offsetY: false
03-02 10:38:36.064  2363  2477 I ShellTransitions: Is abandon offsetY: false
03-02 10:38:36.064  2363  2477 I ShellTransitions: Is abandon offsetY: false
03-02 10:38:36.065  2363  2477 E KeyguardTransitionHandlerImpl: activityCount = 0
03-02 10:38:36.065  2363  2477 E KeyguardTransitionHandlerImpl: activityCount = 0
03-02 10:38:36.065   835   835 D Zygote  : Forked child process 32627
03-02 10:38:36.066  2363  2477 D MiuiFreeformModeAnimation: startAnimation change: {WCT{android.window.IWindowContainerToken$Stub$Proxy@92a06d2} m=TO_FRONT f=SHOW_WALLPAPER|MOVE_TO_TOP leash=Surface(name=Task=1#47)/@0x2bba021 sb=Rect(0, 0 - 1080, 2460) eb=Rect(0, 0 - 1080, 2460) d=0 taskParent=-1} info.getType(): 2
03-02 10:38:36.066  2363  2477 D MiuiFreeformModeAnimation: startAnimation change: {WCT{android.window.IWindowContainerToken$Stub$Proxy@d6513a3} m=CLOSE f=NONE leash=Surface(name=Task=37025#133282)/@0xf336c46 sb=Rect(0, 0 - 1080, 2460) eb=Rect(0, 0 - 1080, 2460) d=0 taskParent=-1} info.getType(): 2
03-02 10:38:36.066  2363  2477 D MiuiFreeformModeAnimation: startAnimation change: {null m=TO_FRONT f=IS_WALLPAPER leash=Surface(name=WallpaperWindowToken{2d6d85a token=android.os.Binder@8dfa005}#66)/@0x8069e07 sb=Rect(0, 0 - 1080, 2460) eb=Rect(0, 0 - 1080, 2460) d=0} info.getType(): 2
03-02 10:38:36.066  2363  2477 D MiuiFreeformModeAnimation: startAnimation change: {null m=TO_FRONT f=IS_WALLPAPER|IS_OCCLUDED leash=Surface(name=WallpaperWindowToken{d3319dd token=android.os.Binder@113b9b4}#64)/@0xf619b34 sb=Rect(0, 0 - 1080, 2460) eb=Rect(0, 0 - 1080, 2460) d=0} info.getType(): 2
03-02 10:38:36.066  2363  2477 D SoScStageCoordinator: inCloseTransition:false pairsStartedWithCloseTransition:false isRequestCloseTriggerTask:false inSingleSoScState:false inSoScUnactivie:true closeStage:null
03-02 10:38:36.068  2363  2477 D RemoteTransitionHandler: Found filterPair{{types=[] flags=0x0] notFlags=0x100 checks=[{atype=home independent=true modes=[OPEN,TO_FRONT] flags=NONE mustBeTask=false order=TOP topActivity=ComponentInfo{com.miui.home/com.miui.home.launcher.Launcher} launchCookie=null},{atype=standard independent=true modes=[CLOSE,TO_BACK] flags=NONE mustBeTask=false order=ANY topActivity=null launchCookie=null}]} RemoteTransition { remoteTransition = android.window.IRemoteTransition$Stub$Proxy@d0bf0c8, appThread = null, debugName = null, hyperRemoteTransition = null }}
03-02 10:38:36.070 32605 32605 D nativeloader: Load libframework-connectivity-tiramisu-jni.so using APEX ns com_android_tethering for caller /apex/com.android.tethering/javalib/framework-connectivity-t.jar: ok
03-02 10:38:36.070  1621  1667 W ActivityManager: Slow operation: 110ms so far, now at startProcess: returned from zygote!
03-02 10:38:36.075  1999 27254 D AnimStateManager: send event 9001 currentState = IdleState windowElement = null
03-02 10:38:36.075  1621  1651 D WindowManager: snapshot isNothing = false source = Task{c2800f4 #37025 type=standard A=10337:com.softnation.Ojam}
03-02 10:38:36.076 32627 32627 E Zygote  : process_name_ptr:32627 com.google.android.apps.photos
03-02 10:38:36.076 32627 32627 E Zygote  : SetMemoryProtected process_name_ptr:32627 com.google.android.apps.photos
03-02 10:38:36.079  1999  1999 I AnimStateManager: IdleState handle event 9001
03-02 10:38:36.079  1999  1999 I AnimStateManager: CommonState handle event 9001
03-02 10:38:36.079  1999  1999 I AnimStateManager: onWindowElementChanged. initWindowElement windowElement= null
03-02 10:38:36.079  1999  1999 I RectFSpringAnim: init
03-02 10:38:36.079  1999  1999 D RectFSpringAnim: addAnimatorListener
03-02 10:38:36.079  1999  1999 D WindowAnimImplementorDispatcher: 4f22ad6 SfAnim is enabled: false
03-02 10:38:36.080  1999  1999 I WindowElement: 4f22ad6 com.miui.home.recents.anim.WindowElement@4f22ad6 window init isHalf = com.miui.home.recents.anim.windowanim.WindowAnimContextImpl@606444.isHalf
03-02 10:38:36.080  1999  1999 I WindowElement: java.lang.Exception
03-02 10:38:36.080  1999  1999 I WindowElement: 	at com.miui.home.recents.anim.WindowElement.<init>(WindowElement.kt:359)
03-02 10:38:36.080  1999  1999 I WindowElement: 	at com.miui.home.recents.anim.WindowElement.<init>(WindowElement.kt:63)
03-02 10:38:36.080  1999  1999 I WindowElement: 	at com.miui.home.recents.anim.StateManager.initWindowElement(StateManager.kt:682)
03-02 10:38:36.080  1999  1999 I WindowElement: 	at com.miui.home.recents.anim.StateManager.access$initWindowElement(StateManager.kt:33)
03-02 10:38:36.080  1999  1999 I WindowElement: 	at com.miui.home.recents.anim.StateManager$CommonState.handleEvent(StateManager.kt:1289)
03-02 10:38:36.080  1999  1999 I WindowElement: 	at com.miui.home.recents.anim.StateManager.handleEventActually(StateManager.kt:112)
03-02 10:38:36.080  1999  1999 I WindowElement: 	at com.miui.home.recents.anim.StateManager.sendEventActually$lambda-0(StateManager.kt:99)
03-02 10:38:36.080  1999  1999 I WindowElement: 	at com.miui.home.recents.anim.StateManager.$r8$lambda$C-kZp_X93nanDwYsUFIjH_GwEtM(Unknown Source:0)
03-02 10:38:36.080  1999  1999 I WindowElement: 	at com.miui.home.recents.anim.StateManager$$ExternalSyntheticLambda3.run(Unknown Source:4)
03-02 10:38:36.080  1999  1999 I WindowElement: 	at android.os.Handler.handleCallback(Handler.java:959)
03-02 10:38:36.080  1999  1999 I WindowElement: 	at android.os.Handler.dispatchMessage(Handler.java:100)
03-02 10:38:36.080  1999  1999 I WindowElement: 	at android.os.Looper.loopOnce(Looper.java:249)
03-02 10:38:36.080  1999  1999 I WindowElement: 	at android.os.Looper.loop(Looper.java:337)
03-02 10:38:36.080  1999  1999 I WindowElement: 	at android.app.ActivityThread.main(ActivityThread.java:9500)
03-02 10:38:36.080  1999  1999 I WindowElement: 	at java.lang.reflect.Method.invoke(Native Method)
03-02 10:38:36.080  1999  1999 I WindowElement: 	at com.android.internal.os.RuntimeInit$MethodAndArgsCaller.run(RuntimeInit.java:636)
03-02 10:38:36.080  1999  1999 I WindowElement: 	at com.android.internal.os.ZygoteInit.main(ZygoteInit.java:1005)
03-02 10:38:36.080  1999  1999 D TransitionCallback: isFrameworkEnableCallback = true
03-02 10:38:36.081  1999  1999 I WindowElement: 4f22ad6 injectRemoteTransition params=RemoteTransitionInfo(token=android.os.BinderProxy@2be1e62, info={id=10145 t=CLOSE f=0x0 trk=0 opt={t=FROM_STYLE} r=[0@Point(0, 0)] c=[{WCT{android.window.IWindowContainerToken$Stub$Proxy@a00fbf3} m=TO_FRONT f=SHOW_WALLPAPER|MOVE_TO_TOP leash=Surface(name=Task=1#47)/@0x960d075 sb=Rect(0, 0 - 1080, 2460) eb=Rect(0, 0 - 1080, 2460) d=0 taskParent=-1},{WCT{android.window.IWindowContainerToken$Stub$Proxy@2180b0} m=CLOSE f=NONE leash=Surface(name=Task=37025#133282)/@0xd3a980a sb=Rect(0, 0 - 1080, 2460) eb=Rect(0, 0 - 1080, 2460) d=0 taskParent=-1},{null m=TO_FRONT f=IS_WALLPAPER leash=Surface(name=WallpaperWindowToken{2d6d85a token=android.os.Binder@8dfa005}#66)/@0xe01f87b sb=Rect(0, 0 - 1080, 2460) eb=Rect(0, 0 - 1080, 2460) d=0},{null m=TO_FRONT f=IS_WALLPAPER|IS_OCCLUDED leash=Surface(name=WallpaperWindowToken{d3319dd token=android.os.Binder@113b9b4}#64)/@0xaae7698 sb=Rect(0, 0 - 1080, 2460) eb=Rect(0, 0 - 1080, 2460) d=0}] mk=[true] noAni=[false] df=[false] rsa=[false] oa=[false] iSync=[-1]}, t=android.view.SurfaceControl$Transaction@b999b29, finishCallback=android.window.IRemoteTransitionFinishedCallback$Stub$Proxy@863beae, isMerge=false, mergeTarget=null)
03-02 10:38:36.081  1999  1999 E WindowTransitionCompat: TransitionTest wrapRemoteTransition
03-02 10:38:36.081  1999  1999 I WindowTransitionCompat: TransitionTest HomeShellTransition IRemoteTransition startAnimation
03-02 10:38:36.081  1999  1999 D WindowTransitionCompat: printLeash::TransitionInfo = {id=10145 t=CLOSE f=0x0 trk=0 opt={t=FROM_STYLE} r=[0@Point(0, 0)] c=[{WCT{android.window.IWindowContainerToken$Stub$Proxy@a00fbf3} m=TO_FRONT f=SHOW_WALLPAPER|MOVE_TO_TOP leash=Surface(name=Task=1#47)/@0x960d075 sb=Rect(0, 0 - 1080, 2460) eb=Rect(0, 0 - 1080, 2460) d=0 taskParent=-1},{WCT{android.window.IWindowContainerToken$Stub$Proxy@2180b0} m=CLOSE f=NONE leash=Surface(name=Task=37025#133282)/@0xd3a980a sb=Rect(0, 0 - 1080, 2460) eb=Rect(0, 0 - 1080, 2460) d=0 taskParent=-1},{null m=TO_FRONT f=IS_WALLPAPER leash=Surface(name=WallpaperWindowToken{2d6d85a token=android.os.Binder@8dfa005}#66)/@0xe01f87b sb=Rect(0, 0 - 1080, 2460) eb=Rect(0, 0 - 1080, 2460) d=0},{null m=TO_FRONT f=IS_WALLPAPER|IS_OCCLUDED leash=Surface(name=WallpaperWindowToken{d3319dd token=android.os.Binder@113b9b4}#64)/@0xaae7698 sb=Rect(0, 0 - 1080, 2460) eb=Rect(0, 0 - 1080, 2460) d=0}] mk=[true] noAni=[false] df=[false] rsa=[false] oa=[false] iSync=[-1]}
03-02 10:38:36.081  1999  1999 D WindowTransitionCompat: printLeash::index = 0, change = {WCT{android.window.IWindowContainerToken$Stub$Proxy@a00fbf3} m=TO_FRONT f=SHOW_WALLPAPER|MOVE_TO_TOP leash=Surface(name=Task=1#47)/@0x960d075 sb=Rect(0, 0 - 1080, 2460) eb=Rect(0, 0 - 1080, 2460) d=0 taskParent=-1}
03-02 10:38:36.082  1999  1999 D WindowTransitionCompat: printLeash::taskInfo = TaskInfo{userId=0 taskId=1 displayId=0 isRunning=true baseIntent=Intent { act=android.intent.action.MAIN cat=[android.intent.category.HOME] flg=0x10000100 cmp=com.miui.home/.launcher.Launcher } baseActivity=ComponentInfo{com.miui.home/com.miui.home.launcher.Launcher} topActivity=ComponentInfo{com.miui.home/com.miui.home.launcher.Launcher} origActivity=null realActivity=null numActivities=1 lastActiveTime=42083 supportsSplitScreenMultiWindow=true supportsMultiWindow=true resizeMode=2 isResizeable=true minWidth=-1 minHeight=-1 defaultMinSize=200 token=WCT{android.window.IWindowContainerToken$Stub$Proxy@f25644f} topActivityType=2 pictureInPictureParams=null shouldDockBigOverlays=false launchIntoPipHostTaskId=-1 lastParentTaskIdBeforePip=-1 displayCutoutSafeInsets=null topActivityInfo=ActivityInfo{b95f7dc com.miui.home.launcher.Launcher} launchCookies=[] positionInParent=Point(0, 0) parentTaskId=-1 isFocused=true isVisible=true isVisibleRequested=true isSleeping=false locusId=null displayAreaFeatureId=1 isTopActivityTransparent=false appCompatTaskInfo=AppCompatTaskInfo { topActivityInSizeCompat=false topActivityEligibleForLetterboxEducation= falseisLetterboxEducationEnabled= false isLetterboxDoubleTapEnabled= false topActivityEligibleForUserAspectRatioButton= false topActivityBoundsLetterboxed= false isFromLetterboxDoubleTap= false topActivityLetterboxVerticalPosition= -1 topActivityLetterboxHorizontalPosition= -1 topActivityLetterboxWidth=1080 topActivityLetterboxHeight=2460 isUserFullscreenOverrideEnabled=false isSystemFullscreenOverrideEnabled=false cameraCompatTaskInfo=CameraCompatTaskInfo { cameraCompatControlState=hidden freeformCameraCompatMode=inactive}} isImmersive=false mTopActivityRequestOrientation=-2 mBehindAppLockPkg=null mOriginatingUid=0 isEmbedded=false shouldBeVisible=true mIsCastMode=false mTopActivityMediaSize=null mTopActivityRecordName=ActivityRecord{9880759 u0 com.miui.home/.launcher.Launcher t2} mTopActivityOrientation=1}
03-02 10:38:36.082  1999  1999 D WindowTransitionCompat: printLeash::index = 1, change = {WCT{android.window.IWindowContainerToken$Stub$Proxy@2180b0} m=CLOSE f=NONE leash=Surface(name=Task=37025#133282)/@0xd3a980a sb=Rect(0, 0 - 1080, 2460) eb=Rect(0, 0 - 1080, 2460) d=0 taskParent=-1}
03-02 10:38:36.082  1999  1999 D WindowTransitionCompat: printLeash::taskInfo = TaskInfo{userId=0 taskId=37025 displayId=0 isRunning=false baseIntent=Intent { flg=0x10000000 cmp=com.softnation.Ojam/.MainActivity } baseActivity=null topActivity=null origActivity=null realActivity=ComponentInfo{com.softnation.Ojam/com.softnation.Ojam.MainActivity} numActivities=0 lastActiveTime=1026998815 supportsSplitScreenMultiWindow=true supportsMultiWindow=true resizeMode=1 isResizeable=true minWidth=-1 minHeight=-1 defaultMinSize=200 token=WCT{android.window.IWindowContainerToken$Stub$Proxy@87c0e5} topActivityType=1 pictureInPictureParams=null shouldDockBigOverlays=false launchIntoPipHostTaskId=-1 lastParentTaskIdBeforePip=-1 displayCutoutSafeInsets=Rect(0, 104 - 0, 0) topActivityInfo=null launchCookies=[] positionInParent=Point(0, 0) parentTaskId=-1 isFocused=false isVisible=true isVisibleRequested=false isSleeping=false locusId=null displayAreaFeatureId=1 isTopActivityTransparent=false appCompatTaskInfo=AppCompatTaskInfo { topActivityInSizeCompat=false topActivityEligibleForLetterboxEducation= falseisLetterboxEducationEnabled= false isLetterboxDoubleTapEnabled= false topActivityEligibleForUserAspectRatioButton= false topActivityBoundsLetterboxed= false isFromLetterboxDoubleTap= false topActivityLetterboxVerticalPosition= -1 topActivityLetterboxHorizontalPosition= -1 topActivityLetterboxWidth=-1 topActivityLetterboxHeight=-1 isUserFullscreenOverrideEnabled=false isSystemFullscreenOverrideEnabled=false cameraCompatTaskInfo=CameraCompatTaskInfo { cameraCompatControlState=hidden freeformCameraCompatMode=inactive}} isImmersive=false mTopActivityRequestOrientation=-2 mBehindAppLockPkg=null mOriginatingUid=0 isEmbedded=false shouldBeVisible=false mIsCastMode=false mTopActivityMediaSize=null mTopActivityRecordName=null mTopActivityOrientation=-2}
03-02 10:38:36.082  1999  1999 D WindowTransitionCompat: printLeash::index = 2, change = {null m=TO_FRONT f=IS_WALLPAPER leash=Surface(name=WallpaperWindowToken{2d6d85a token=android.os.Binder@8dfa005}#66)/@0xe01f87b sb=Rect(0, 0 - 1080, 2460) eb=Rect(0, 0 - 1080, 2460) d=0}
03-02 10:38:36.082  1999  1999 D WindowTransitionCompat: printLeash::index = 3, change = {null m=TO_FRONT f=IS_WALLPAPER|IS_OCCLUDED leash=Surface(name=WallpaperWindowToken{d3319dd token=android.os.Binder@113b9b4}#64)/@0xaae7698 sb=Rect(0, 0 - 1080, 2460) eb=Rect(0, 0 - 1080, 2460) d=0}
03-02 10:38:36.082  1999  1999 E WindowTransitionCompat: printLeash::index = 0, root = Surface(name=Transition Root #10145: Task=1#133346)/@0x5fafef1
03-02 10:38:36.083  1999  1999 I TransitionCallback: get is waitFinishMainAnim = false
03-02 10:38:36.083  1999  1999 I TransitionCallback: mNeedShowLauncher = false
03-02 10:38:36.084  1999  1999 E WindowTransitionCompat: 0, check isClosingType type = 2, mode = 3
03-02 10:38:36.084  1999  1999 E WindowTransitionCompat: 1, check isClosingType type = 1, mode = 2
03-02 10:38:36.084  1999  1999 I WindowTransitionCompat: startAnimation token = android.os.BinderProxy@2be1e62, isClosingType = true
03-02 10:38:36.084  1999  1999 I TransitionCallback: setActivityIsCloseType = true
03-02 10:38:36.084  1999  1999 I TransitionCallback: com.android.systemui.shared.recents.utilities.WindowTransitionCallbackHelper@cb117ba setMainFinishCallback, token = android.os.BinderProxy@2be1e62, callback = android.window.IRemoteTransitionFinishedCallback$Stub$Proxy@863beae
03-02 10:38:36.084  1999  1999 I TransitionCallback: com.android.systemui.shared.recents.utilities.WindowTransitionCallbackHelper@cb117ba setTransitionInfo token = android.os.BinderProxy@2be1e62, info = {id=10145 t=CLOSE f=0x0 trk=0 opt={t=FROM_STYLE} r=[0@Point(0, 0)] c=[{WCT{android.window.IWindowContainerToken$Stub$Proxy@a00fbf3} m=TO_FRONT f=SHOW_WALLPAPER|MOVE_TO_TOP leash=Surface(name=Task=1#47)/@0x960d075 sb=Rect(0, 0 - 1080, 2460) eb=Rect(0, 0 - 1080, 2460) d=0 taskParent=-1},{WCT{android.window.IWindowContainerToken$Stub$Proxy@2180b0} m=CLOSE f=NONE leash=Surface(name=Task=37025#133282)/@0xd3a980a sb=Rect(0, 0 - 1080, 2460) eb=Rect(0, 0 - 1080, 2460) d=0 taskParent=-1},{null m=TO_FRONT f=IS_WALLPAPER leash=Surface(name=WallpaperWindowToken{2d6d85a token=android.os.Binder@8dfa005}#66)/@0xe01f87b sb=Rect(0, 0 - 1080, 2460) eb=Rect(0, 0 - 1080, 2460) d=0},{null m=TO_FRONT f=IS_WALLPAPER|IS_OCCLUDED leash=Surface(name=WallpaperWindowToken{d3319dd token=android.os.Binder@113b9b4}#64)/@0xaae7698 sb=Rect(0, 0 - 1080, 2460) eb=Rect(0, 0 - 1080, 2460) d=0}] mk=[true] noAni=[false] df=[false] rsa=[false] oa=[false] iSync=[-1]}
03-02 10:38:36.084 32605 32605 I MessageMonitor: Load libmiui_runtime
03-02 10:38:36.085  1999  1999 D TransitionUtil: get key :ComponentInfo{com.miui.home/com.miui.home.launcher.Launcher}#1
03-02 10:38:36.085  1999  1999 I TransitionUtil: rootLeash = Surface(name=Transition Root #10145: Task=1#133346)/@0x5fafef1
03-02 10:38:36.087   921  1500 I BufferQueueDebug: [TL_Surface(name=Task=1#47)/@0x960d075_transition-leash#133347](this:0xb400007bcec7df88,id:-1,api:0,p:-1,c:-1) BufferQueue core=(921:/system/bin/surfaceflinger)
03-02 10:38:36.089   863   958 I mtkpower@impl: [powerd_req] TIMER_MSG_PERF_LOCK_TIMEOUT hdl:363709
03-02 10:38:36.089   863   958 I libPowerHal: [perfLockRel] hdl:363709, idx:1
03-02 10:38:36.089   863   958 I libPowerHal: [unsetGPUFreq] current min:0, max:0; scn_gpu_min:0, scn_gpu_max:-1; scn_gpu_min(HL):-1, scn_gpu_max(HL):-1
03-02 10:38:36.089   863   958 I libPowerHal: system_server: set gpu opp level: 31
03-02 10:38:36.089   863   958 I libPowerHal: system_server: set gpu opp level max: 0
03-02 10:38:36.090   863   958 I libPowerHal: [setGPUFreq] Soft min/max = (31, 0); Hard min/max = (31, 0)
03-02 10:38:36.090   863   958 I libPowerHal: [setGPUFreq] final min/max = (31, 0)
03-02 10:38:36.090   863   958 I libPowerHal: system_server: set gpu opp level: 31
03-02 10:38:36.090   863   958 I libPowerHal: system_server: set gpu opp level max: 0
03-02 10:38:36.090   863   958 I libPowerHal: [PD] system_server update cmd:400200 param:-1 pr:6
03-02 10:38:36.089  1621  1651 D MiuiRefreshRatePolicy: reset
03-02 10:38:36.090   863   958 I libPowerHal: [recordCPUFreqInfo] set cluster[0] min(system_server): 1800000 max(-1): -1 cluster[1] min(system_server): 2000000 max(-1): -1
03-02 10:38:36.090   863   958 I libPowerHal: [perfLockRel] Done for hdl : 363709
03-02 10:38:36.090  1999  1999 I TransitionUtil: setupLeash isAppOpening = false
03-02 10:38:36.092  1999  1999 I TransitionUtil: setLayer leash5 = Surface(name=TL_Surface(name=Task=1#47)/@0x960d075_transition-leash#133347)/@0x7df66b, layer = 3
03-02 10:38:36.092  1621  4430 D SymlinkUtils: attachApplication file op go pass: 1 ms
03-02 10:38:36.093  1999  1999 D ReflectUtils: callObjectMethod
03-02 10:38:36.093  1999  1999 D ReflectUtils: java.lang.NoSuchMethodException: android.window.TransitionInfo$Change.getAllowEnterPip []
03-02 10:38:36.093  1999  1999 D ReflectUtils: 	at java.lang.Class.getMethod(Class.java:2934)
03-02 10:38:36.093  1999  1999 D ReflectUtils: 	at java.lang.Class.getDeclaredMethod(Class.java:2913)
03-02 10:38:36.093  1999  1999 D ReflectUtils: 	at com.miui.launcher.utils.ReflectUtils.callObjectMethod(ReflectUtils.java:35)
03-02 10:38:36.093  1999  1999 D ReflectUtils: 	at com.android.hideapi.TransitionInfoExpose$ChangeExpose.getAllowEnterPip(TransitionInfoExpose.java:119)
03-02 10:38:36.093  1999  1999 D ReflectUtils: 	at com.android.wm.shell.util.TransitionUtil.newTarget(TransitionUtil.java:556)
03-02 10:38:36.093  1999  1999 D ReflectUtils: 	at com.android.wm.shell.util.TransitionUtil.newTarget(TransitionUtil.java:493)
03-02 10:38:36.093  1999  1999 D ReflectUtils: 	at com.android.wm.shell.util.TransitionUtil.newTarget(TransitionUtil.java:484)
03-02 10:38:36.093  1999  1999 D ReflectUtils: 	at com.android.systemui.shared.recents.system.RemoteAnimationTargetCompat.wrap(RemoteAnimationTargetCompat.java:212)
03-02 10:38:36.093  1999  1999 D ReflectUtils: 	at com.android.systemui.shared.recents.system.RemoteAnimationTargetCompat.wrapAppsForCompat(RemoteAnimationTargetCompat.java:232)
03-02 10:38:36.093  1999  1999 D ReflectUtils: 	at com.android.systemui.shared.recents.system.WindowTransitionCompat$2.lambda$startAnimation$0(WindowTransitionCompat.java:120)
03-02 10:38:36.093  1999  1999 D ReflectUtils: 	at com.android.systemui.shared.recents.system.WindowTransitionCompat$2.$r8$lambda$hcqKCUwnRuMqtvMJ6DPLae5xnFA(Unknown Source:0)
03-02 10:38:36.093  1999  1999 D ReflectUtils: 	at com.android.systemui.shared.recents.system.WindowTransitionCompat$2$$ExternalSyntheticLambda0.run(Unknown Source:10)
03-02 10:38:36.093  1999  1999 D ReflectUtils: 	at com.miui.home.library.utils.LooperExecutor.execute(LooperExecutor.java:43)
03-02 10:38:36.093  1999  1999 D ReflectUtils: 	at com.android.systemui.shared.recents.system.WindowTransitionCompat$2.startAnimation(WindowTransitionCompat.java:267)
03-02 10:38:36.093  1999  1999 D ReflectUtils: 	at com.android.systemui.shared.recents.system.WindowTransitionCompat.wrapRemoteTransition(WindowTransitionCompat.java:745)
03-02 10:38:36.093  1999  1999 D ReflectUtils: 	at com.miui.home.recents.anim.WindowElement.injectRemoteTransition(WindowElement.kt:687)
03-02 10:38:36.093  1999  1999 D ReflectUtils: 	at com.miui.home.recents.anim.StateManager$CommonState.handleEvent(StateManager.kt:1291)
03-02 10:38:36.093  1999  1999 D ReflectUtils: 	at com.miui.home.recents.anim.StateManager.handleEventActually(StateManager.kt:112)
03-02 10:38:36.093  1999  1999 D ReflectUtils: 	at com.miui.home.recents.anim.StateManager.sendEventActually$lambda-0(StateManager.kt:99)
03-02 10:38:36.093  1999  1999 D ReflectUtils: 	at com.miui.home.recents.anim.StateManager.$r8$lambda$C-kZp_X93nanDwYsUFIjH_GwEtM(Unknown Source:0)
03-02 10:38:36.093  1999  1999 D ReflectUtils: 	at com.miui.home.recents.anim.StateManager$$ExternalSyntheticLambda3.run(Unknown Source:4)
03-02 10:38:36.093  1999  1999 D ReflectUtils: 	at android.os.Handler.handleCallback(Handler.java:959)
03-02 10:38:36.093  1999  1999 D ReflectUtils: 	at android.os.Handler.dispatchMessage(Handler.java:100)
03-02 10:38:36.093  1999  1999 D ReflectUtils: 	at android.os.Looper.loopOnce(Looper.java:249)
03-02 10:38:36.093  1999  1999 D ReflectUtils: 	at android.os.Looper.loop(Looper.java:337)
03-02 10:38:36.093  1999  1999 D ReflectUtils: 	at android.app.ActivityThread.main(ActivityThread.java:9500)
03-02 10:38:36.093  1999  1999 D ReflectUtils: 	at java.lang.reflect.Method.invoke(Native Method)
03-02 10:38:36.093  1999  1999 D ReflectUtils: 	at com.android.internal.os.RuntimeInit$MethodAndArgsCaller.run(RuntimeInit.java:636)
03-02 10:38:36.093  1999  1999 D ReflectUtils: 	at com.android.internal.os.ZygoteInit.main(ZygoteInit.java:1005)
03-02 10:38:36.093  1999  1999 W TransitionInfoExpose.ChangeExpose: getAllowEnterPip: return null from reflection, use default value false
03-02 10:38:36.093  1999  1999 D TransitionUtil: get key :ComponentInfo{com.softnation.Ojam/com.softnation.Ojam.MainActivity}#37025
03-02 10:38:36.093  1999  1999 I TransitionUtil: rootLeash = Surface(name=Transition Root #10145: Task=1#133346)/@0x5fafef1
03-02 10:38:36.094   921  1500 I BufferQueueDebug: [TL_Surface(name=Task=37025#133282)/@0xd3a980a_transition-leash#133348](this:0xb400007bcecb13a8,id:-1,api:0,p:-1,c:-1) BufferQueue core=(921:/system/bin/surfaceflinger)
03-02 10:38:36.094 32627 32627 I oid.apps.photos: Using CollectorTypeCMC GC.
03-02 10:38:36.101   921  2359 I BufferQueueDebug: [b724b3 ActivityRecordInputSink com.miui.home/.launcher.Launcher#133349](this:0xb400007bceccdb48,id:-1,api:0,p:-1,c:-1) BufferQueue core=(921:/system/bin/surfaceflinger)
03-02 10:38:36.101  2363  2477 I MultiTaskingTaskRepository: needSkip: is home task
03-02 10:38:36.101  1999  1999 I TransitionUtil: setupLeash isAppOpening = false
03-02 10:38:36.102  1999  1999 I TransitionUtil: setLayer leash7 = Surface(name=TL_Surface(name=Task=37025#133282)/@0xd3a980a_transition-leash#133348)/@0x3788661, layer = 7
03-02 10:38:36.102  1999 27254 D EventBus: No subscribers registered for event class com.miui.home.recents.messages.RecentTasksChangedEvent
03-02 10:38:36.102  1621  1651 I ActivityTaskManager: visible for Task{27e6aff #2 type=home I=com.miui.home/.launcher.Launcher} visible = true isAnimating = false TRANSITION = false PARENTS = false CHILDREN = false
03-02 10:38:36.102  1999 27254 D EventBus: No subscribers registered for event class org.greenrobot.eventbus.NoSubscriberEvent
03-02 10:38:36.103  1999  1999 D ReflectUtils: callObjectMethod
03-02 10:38:36.103  1999  1999 D ReflectUtils: java.lang.NoSuchMethodException: android.window.TransitionInfo$Change.getAllowEnterPip []
03-02 10:38:36.103  1999  1999 D ReflectUtils: 	at java.lang.Class.getMethod(Class.java:2934)
03-02 10:38:36.103  1999  1999 D ReflectUtils: 	at java.lang.Class.getDeclaredMethod(Class.java:2913)
03-02 10:38:36.103  1999  1999 D ReflectUtils: 	at com.miui.launcher.utils.ReflectUtils.callObjectMethod(ReflectUtils.java:35)
03-02 10:38:36.103  1999  1999 D ReflectUtils: 	at com.android.hideapi.TransitionInfoExpose$ChangeExpose.getAllowEnterPip(TransitionInfoExpose.java:119)
03-02 10:38:36.103  1999  1999 D ReflectUtils: 	at com.android.wm.shell.util.TransitionUtil.newTarget(TransitionUtil.java:556)
03-02 10:38:36.103  1999  1999 D ReflectUtils: 	at com.android.wm.shell.util.TransitionUtil.newTarget(TransitionUtil.java:493)
03-02 10:38:36.103  1999  1999 D ReflectUtils: 	at com.android.wm.shell.util.TransitionUtil.newTarget(TransitionUtil.java:484)
03-02 10:38:36.103  1999  1999 D ReflectUtils: 	at com.android.systemui.shared.recents.system.RemoteAnimationTargetCompat.wrap(RemoteAnimationTargetCompat.java:212)
03-02 10:38:36.103  1999  1999 D ReflectUtils: 	at com.android.systemui.shared.recents.system.RemoteAnimationTargetCompat.wrapAppsForCompat(RemoteAnimationTargetCompat.java:232)
03-02 10:38:36.103  1999  1999 D ReflectUtils: 	at com.android.systemui.shared.recents.system.WindowTransitionCompat$2.lambda$startAnimation$0(WindowTransitionCompat.java:120)
03-02 10:38:36.103  1999  1999 D ReflectUtils: 	at com.android.systemui.shared.recents.system.WindowTransitionCompat$2.$r8$lambda$hcqKCUwnRuMqtvMJ6DPLae5xnFA(Unknown Source:0)
03-02 10:38:36.103  1999  1999 D ReflectUtils: 	at com.android.systemui.shared.recents.system.WindowTransitionCompat$2$$ExternalSyntheticLambda0.run(Unknown Source:10)
03-02 10:38:36.103  1999  1999 D ReflectUtils: 	at com.miui.home.library.utils.LooperExecutor.execute(LooperExecutor.java:43)
