--------- beginning of main
03-02 10:38:35.441 14013 14013 I GnpSdk  : Phenotype initialized.
03-02 10:38:35.444 14013 14013 I GnpSdk  : (REDACTED) Validation OK for action [%s].
03-02 10:38:35.447  1621  4754 D FileUtils: Rounded bytes from 8055762944 to 16000000000
03-02 10:38:35.449   835   835 D Zygote  : Forked child process 32531
03-02 10:38:35.461  1621  4754 D AS.BtHelper: isBluetoothScoOn() mBluetoothHeadset is null: falsemBluetoothHeadsetDevice is null: true
03-02 10:38:35.461  1621  4754 V AS.AudioDeviceBroker: requestedCommunicationDevice: null mAudioModeOwner: AudioModeInfo: mMode=MODE_NORMAL, mPid=0, mUid=0
03-02 10:38:35.476 32531 32531 E Zygote  : process_name_ptr:32531 mydiary.journal.diary.diarywithlock.diaryjournal.secretdiary
03-02 10:38:35.476 32531 32531 E Zygote  : SetMemoryProtected process_name_ptr:32531 mydiary.journal.diary.diarywithlock.diaryjournal.secretdiary
03-02 10:38:35.489  1621  1730 I AS.AudioService: getMode, get current owner's mode
03-02 10:38:35.490  1621  1730 I AS.AudioService: getMode, currentModeHandler is null
03-02 10:38:35.495 32531 32531 I nal.secretdiary: Using CollectorTypeCMC GC.
03-02 10:38:35.499   849  1430 I hwcomposer: [HWC] (0)fire a callback of refresh to SF[4]  
03-02 10:38:35.514 32531 32531 D nativeloader: Load libframework-connectivity-tiramisu-jni.so using APEX ns com_android_tethering for caller /apex/com.android.tethering/javalib/framework-connectivity-t.jar: ok
--------- beginning of system
03-02 10:38:35.515  1621  1636 D ActivityManager: getProcessesInErrorState callingUid=10126, CallingPid=31485
03-02 10:38:35.518 31107 31331 E msys    : E[N mns]_OnDiskCacheGetData(632)=>Start post callback cache refresh DNS resolution
03-02 10:38:35.522   921   921 I BufferQueueProducer: [FramebufferSurface](this:0xb400007d8e9dff50,id:-1,api:1,p:921,c:921) queueBuffer: fps=0.78 dur=3843.76 max=3014.34 min=248.72
03-02 10:38:35.526   921   921 I MI-SF   : surfaceflinger setAffinity mode=1
03-02 10:38:35.526   921   921 E MI-SF   : surfaceflinger setAffinity success
03-02 10:38:35.526   921   921 I MI-SF   : surfaceflinger setreAffinity reTid=1207
03-02 10:38:35.526   921   921 E MI-SF   : surfaceflinger setAffinity success
03-02 10:38:35.528 14013 14013 I GnpSdk  : (REDACTED) Submitting Broadcast execution [%d] to tiktok executor.
03-02 10:38:35.531 32531 32531 I MessageMonitor: Load libmiui_runtime
03-02 10:38:35.533 14013 32550 I GnpSdk  : (REDACTED) Executing action in BroadcastReceiver [%s].
03-02 10:38:35.536 14013 32550 I GnpSdk  : (REDACTED) Executing async action [%s] in Coroutine Scope.
03-02 10:38:35.538  1621  4754 D SymlinkUtils: attachApplication file op go pass: 1 ms
03-02 10:38:35.539  1621  4754 I SmartPower: mydiary.journal.diary.diarywithlock.diaryjournal.secretdiary/10374(32531): died->background(190261ms) R(process start ) adj=-10000.
03-02 10:38:35.539 31107 31107 V MediaRouter: Selecting route: RouteInfo{ name=Phone, description=null, status=null, category=RouteCategory{ name=System types=ROUTE_TYPE_LIVE_AUDIO ROUTE_TYPE_LIVE_VIDEO  groupable=false }, supportedTypes=ROUTE_TYPE_LIVE_AUDIO ROUTE_TYPE_LIVE_VIDEO , presentationDisplay=null }
03-02 10:38:35.541 31107 31107 I MediaRouter: Skip setBluetoothA2dpOn(): types=8388615, isPlaybackActive()=false, BT route=null
03-02 10:38:35.550  1621  1842 I MiuiNetworkPolicy: updateUidState uid = 10374, uidState = 19
03-02 10:38:35.550 32531 32546 D MiuiDownscaleImpl: set override inverted scale : 1.0
03-02 10:38:35.552 32531 32531 I JavaheapMonitor: Disabled. Process name: <pre-initialized>
03-02 10:38:35.553 32531 32531 D MiuiMonitorThread: Shared singleton Thread for stability monitor start
03-02 10:38:35.569 32531 32531 D ActivityThread: setEmbeddedParam packageName=mydiary.journal.diary.diarywithlock.diaryjournal.secretdiary processName=mydiary.journal.diary.diarywithlock.diaryjournal.secretdiary isEmbedded=false isIsolated=false
03-02 10:38:35.573 32531 32531 D ApplicationLoaders: Returning zygote-cached class loader: /system_ext/framework/androidx.window.extensions.jar
03-02 10:38:35.573 32531 32531 D ApplicationLoaders: Returning zygote-cached class loader: /system_ext/framework/androidx.window.sidecar.jar
03-02 10:38:35.573 32531 32531 D CompatChangeReporter: Compat change id reported: 202956589; UID 10374; state: ENABLED
03-02 10:38:35.579  1159  1606 D ULogGuard: Monitoring: 18 threads, 0 requests, 0 time-bombs; 1 guards. ResetFlags = 0x7
03-02 10:38:35.588 31107 31331 E msys    : E[N mns]_OnSystemDNSSuccessCallback(340)=>Cache refresh succeeded with system DNS resolver. IP count: 1
03-02 10:38:35.600 14013 32550 I GnpSdk  : (REDACTED) Finished executing async action [%s] in Coroutine Scope.
03-02 10:38:35.603 14013 32550 I GnpSdk  : (REDACTED) Finished Broadcast execution [%d].
03-02 10:38:35.617 32531 32531 D nativeloader: Configuring clns-7 for other apk /data/app/~~QO2ci0v8Sp2v78WV-ahGmw==/mydiary.journal.diary.diarywithlock.diaryjournal.secretdiary-uCJ5kOdCrlaSGwqjdvjTVw==/base.apk. target_sdk_version=35, uses_libraries=, library_path=/data/app/~~QO2ci0v8Sp2v78WV-ahGmw==/mydiary.journal.diary.diarywithlock.diaryjournal.secretdiary-uCJ5kOdCrlaSGwqjdvjTVw==/lib/arm64:/data/app/~~QO2ci0v8Sp2v78WV-ahGmw==/mydiary.journal.diary.diarywithlock.diaryjournal.secretdiary-uCJ5kOdCrlaSGwqjdvjTVw==/base.apk!/lib/arm64-v8a, permitted_path=/data:/mnt/expand:/data/user/0/mydiary.journal.diary.diarywithlock.diaryjournal.secretdiary
03-02 10:38:35.635 32531 32531 V GraphicsEnvironment: Currently set values for:
03-02 10:38:35.635 32531 32531 V GraphicsEnvironment:   angle_gl_driver_selection_pkgs=[]
03-02 10:38:35.636 32531 32531 V GraphicsEnvironment:   angle_gl_driver_selection_values=[]
03-02 10:38:35.636 32531 32531 V GraphicsEnvironment: Global.Settings values are invalid: number of packages: 0, number of values: 0
03-02 10:38:35.636 32531 32531 V GraphicsEnvironment: Neither updatable production driver nor prerelease driver is supported.
03-02 10:38:35.638 32531 32531 I ActivityThread: TrafficStats init done
03-02 10:38:35.640  1621  1636 I ClipboardServiceI: checkProviderWakePathForClipboard: primaryClip is null
03-02 10:38:35.644 32531 32531 D ActivityThread: useGrowthLimitOutExpendMethod invoke error.
03-02 10:38:35.647  1621  1636 D ForceDarkAppConfigProvider: cloudConfigVersion: -1   localConfigVersion:20250515
03-02 10:38:35.648  1621  1636 I UiModeManager: systemserver package:mydiary.journal.diary.diarywithlock.diaryjournal.secretdiary null
03-02 10:38:35.648 32531 32531 I ForceDarkHelperStubImpl: initialize for mydiary.journal.diary.diarywithlock.diaryjournal.secretdiary , ForceDarkAppConfig: null
03-02 10:38:35.652 32531 32531 D nativeloader: Load libforcedarkimpl.so using system ns (caller=/system_ext/framework/miui-framework.jar): ok
03-02 10:38:35.653 32531 32531 D HWUI    : JNI_OnLoad success
03-02 10:38:35.653 32531 32531 I MiuiForceDarkConfig: setConfig density:2.750000, mainRule:0, secondaryRule:0, tertiaryRule:0
03-02 10:38:35.658  1621  1636 I ActivityManager: Force stopping com.softnation.Ojam appid=10337 user=0: from process:32557
03-02 10:38:35.660  1621  1636 I ATMSImpl: cacheTasksForDefaultDisplay size=4
03-02 10:38:35.660 32531 32531 I ActivityThread: Miui Feature Init done
03-02 10:38:35.661  1621  1907 E ProcessManager: error write exception log
03-02 10:38:35.663  1621  1636 I ActivityManager: Killing 23522:com.softnation.Ojam/u0a337 (adj 0): stop com.softnation.Ojam due to from process:32557
03-02 10:38:35.663  6515 23085 D UidObserver: onUidGone entry uid = 10337
03-02 10:38:35.665   853   853 I Accelerometer: batch: handle:0, flag:0,samplingPeriodNs:20000000 maxBatchReportLatencyNs:500000000

03-02 10:38:35.668  1621  1636 I ActivityManager: Cancel FGS notification userId: 0 definingUid: 10337 packageName: com.softnation.Ojam processName:com.softnation.Ojam ChannelId:default_channel_id foregroundNotiWhen:0 Notiflags:104
03-02 10:38:35.669  6027 26949 I MIUISafety-Monitor: onUid 10337 gone
03-02 10:38:35.669  1621  1842 I MiuiNetworkPolicy: removeUidState uid = 10337
03-02 10:38:35.669  1124  2142 I ResourceManagerMetrics: pushConcurrentUsageReport: No Video Codec Entry for Application[pid(23522): uid(10337)]
03-02 10:38:35.670  1124  2142 I ResourceManagerMetrics: pushConcurrentUsageReport: Concurrent Codec Usage Report for the Process[pid(23522): uid(10337)] is Peak { AudioDec[ SW: 1 ] } Peak Pixels: 0
03-02 10:38:35.670  1621  1638 D DisplayManagerService: Drop pending events for gone uid 10337
03-02 10:38:35.671  1621  1648 D MediaProjectionManagerServiceStubImpl: handleForegroundServicesChanged
03-02 10:38:35.672  1621  1856 D InetDiagMessage: Destroyed 0 sockets, proto=IPPROTO_TCP, family=AF_INET, states=14
03-02 10:38:35.674  1621  1636 I ScnModule: [GameDetection] packname: com.softnation.Ojam, apkSize: 113045479. 
03-02 10:38:35.674  1621  1636 I mtkpower_client: [PowerHal_Wrap_notifyAppState] com.softnation.Ojam/com.softnation.Ojam pid=23522 activityId:23522 state:3
03-02 10:38:35.675   861   861 I vendor.mediatek.hardware.mtkpower_applist-service.mediatek: packName: com.softnation.Ojam actName: com.softnation.Ojam pid: 23522 activityId: 23522 uid: 10337 state: 3
03-02 10:38:35.675   861   861 I MTK_APPList: [notifyAPPstate] com.softnation.Ojam/com.softnation.Ojam, pid=23522, activityId=23522, uid=10337, state:DEAD, fps:-1, win:1
03-02 10:38:35.675   861   861 I MTK_APPList: [notifyAPPstate] multi_resumed_app_count: 1
03-02 10:38:35.675   861   861 I MTK_APPList: [notifyAPPstate] multi_resumed_app_info[0] com.android.systemui/com.android.systemui._190038181, pid:2363, activityId:-1, fps:-1, isMultiWindow:0
03-02 10:38:35.675   861   861 I MTK_APPList: [getForegroundAPPCount] 1
03-02 10:38:35.675   861   861 I MTK_APPList: [notifyAPPstate] pack:com.softnation.Ojam, pid:23522, STATE_DEAD
03-02 10:38:35.675   861   861 I MTK_APPList: [notifyNetdUID] 10156
03-02 10:38:35.676   861   861 I MTK_APPList: [notifyPID] 32093
03-02 10:38:35.676  1621  1856 D InetDiagMessage: Destroyed 3 sockets, proto=IPPROTO_TCP, family=AF_INET6, states=14
03-02 10:38:35.676  1621  1636 W ActivityTaskManager: Force removing ActivityRecord{2b822eb u0 com.softnation.Ojam/.MainActivity t37025 f}}: app died, no saved state
03-02 10:38:35.676   863   958 I libPowerHal: [perfSetSysInfo] pid type:24, 32093
03-02 10:38:35.677  1621  1856 D InetDiagMessage: Destroyed live tcp sockets for uids={10337} in 10ms
03-02 10:38:35.678  1621  1636 D WindowManager: Collecting in transition 10145: Task{c2800f4 #37025 type=standard A=10337:com.softnation.Ojam} init visibleRequested:true
03-02 10:38:35.679  1621  1636 D WindowManager: Collecting in transition 10145: ActivityRecord{2b822eb u0 com.softnation.Ojam/.MainActivity t37025 f}} init visibleRequested:false
03-02 10:38:35.679  1621  1856 D InetDiagMessage: Destroyed 0 sockets, proto=IPPROTO_TCP, family=AF_INET, states=14
03-02 10:38:35.679  1621  1636 W WindowManager: Changing focus from Window{d8af9c5 u0 com.softnation.Ojam/com.softnation.Ojam.MainActivity} to null displayId=0 Callers=com.android.server.wm.RootWindowContainer.updateFocusedWindowLocked:602 com.android.server.wm.WindowManagerService.updateFocusedWindowLocked:7168 com.android.server.wm.ActivityRecord.onRemovedFromDisplay:5446 com.android.server.wm.DisplayContent.removeAppToken:1789 
03-02 10:38:35.680  2363  2477 I SoScStageCoordinator: Transition requested:TransitionRequestInfo { type = CLOSE, triggerTask = TaskInfo{userId=0 taskId=37025 displayId=0 isRunning=false baseIntent=Intent { flg=0x10000000 cmp=com.softnation.Ojam/.MainActivity } baseActivity=null topActivity=null origActivity=null realActivity=ComponentInfo{com.softnation.Ojam/com.softnation.Ojam.MainActivity} numActivities=0 lastActiveTime=1026998815 supportsSplitScreenMultiWindow=true supportsMultiWindow=true resizeMode=1 isResizeable=true minWidth=-1 minHeight=-1 defaultMinSize=200 token=WCT{android.window.IWindowContainerToken$Stub$Proxy@f50f86c} topActivityType=1 pictureInPictureParams=null shouldDockBigOverlays=false launchIntoPipHostTaskId=-1 lastParentTaskIdBeforePip=-1 displayCutoutSafeInsets=null topActivityInfo=null launchCookies=[] positionInParent=Point(0, 0) parentTaskId=-1 isFocused=true isVisible=true isVisibleRequested=true isSleeping=false locusId=null displayAreaFeatureId=1 isTopActivityTransparent=false appCompatTaskInfo=AppCompatTaskInfo { topActivityInSizeCompat=false topActivityEligibleForLetterboxEducation= falseisLetterboxEducationEnabled= false isLetterboxDoubleTapEnabled= false topActivityEligibleForUserAspectRatioButton= false topActivityBoundsLetterboxed= false isFromLetterboxDoubleTap= false topActivityLetterboxVerticalPosition= -1 topActivityLetterboxHorizontalPosition= -1 topActivityLetterboxWidth=-1 topActivityLetterboxHeight=-1 isUserFullscreenOverrideEnabled=false isSystemFullscreenOverrideEnabled=false cameraCompatTaskInfo=CameraCompatTaskInfo { cameraCompatControlState=hidden freeformCameraCompatMode=inactive}} isImmersive=false mTopActivityRequestOrientation=-2 mBehindAppLockPkg=null mOriginatingUid=0 isEmbedded=false shouldBeVisible=false mIsCastMode=false mTopActivityMediaSize=null mTopActivityRecordName=null mTopActivityOrientation=-2}, pipTask = null, remoteTransition = null, displayChange = null, flags = 0, debugId = 10145 } isSoScActive:false triggerTask:TaskInfo{userId=0 taskId=37025 displayId=0 isRunning=false baseIntent=Intent { flg=0x10000000 cmp=com.softnation.Ojam/.MainActivity } baseActivity=null topActivity=null origActivity=null realActivity=ComponentInfo{com.softnation.Ojam/com.softnation.Ojam.MainActivity} numActivities=0 lastActiveTime=1026998815 supportsSplitScreenMultiWindow=true supportsMultiWindow=true resizeMode=1 isResizeable=true minWidth=-1 minHeight=-1 defaultMinSize=200 token=WCT{android.window.IWindowContainerToken$Stub$Proxy@f50f86c} topActivityType=1 pictureInPictureParams=null shouldDockBigOverlays=false launchIntoPipHostTaskId=-1 lastParentTaskIdBeforePip=-1 displayCutoutSafeInsets=null topActivityInfo=null launchCookies=[] positionInParent=Point(0, 0) parentTaskId=-1 isFocused=true isVisible=true isVisibleRequested=true isSleeping=false locusId=null displayAreaFeatureId=1 isTopActivityTransparent=false appCompatTaskInfo=AppCompatTaskInfo { topActivityInSizeCompat=false topActivityEligibleForLetterboxEducation= falseisLetterboxEducationEnabled= false isLetterboxDoubleTapEnabled= false topActivityEligibleForUserAspectRatioButton= false topActivityBoundsLetterboxed= false isFromLetterboxDoubleTap= false topActivityLetterboxVerticalPosition= -1 topActivityLetterboxHorizontalPosition= -1 topActivityLetterboxWidth=-1 topActivityLetterboxHeight=-1 isUserFullscreenOverrideEnabled=false isSystemFullscreenOverrideEnabled=false cameraCompatTaskInfo=CameraCompatTaskInfo { cameraCompatControlState=hidden freeformCameraCompatMode=inactive}} isImmersive=false mTopActivityRequestOrientation=-2 mBehindAppLockPkg=null mOriginatingUid=0 isEmbedded=false shouldBeVisible=false mIsCastMode=false mTopActivityMediaSize=null mTopActivityRecordName=null mTopActivityOrientation=-2}
03-02 10:38:35.680  1621  1636 D WindowManager: wms.Input focus has changed to null display=0 updateInputWindows = true
03-02 10:38:35.680  1621  1636 I MultiSenceManagerInternalStub: getInstance
03-02 10:38:35.682  1621  1856 D InetDiagMessage: Destroyed 0 sockets, proto=IPPROTO_TCP, family=AF_INET6, states=14
03-02 10:38:35.682  1621  1856 D InetDiagMessage: Destroyed live tcp sockets for uids={20337} in 5ms
03-02 10:38:35.684  1621  1636 D PerfMTKStubImpl: perfLockAcquire
03-02 10:38:35.684  1621  1636 I mtkpower_client: perf_lock_acq, hdl:0, dur:400, num:10, pid:1621, tid:1636
03-02 10:38:35.686  1621  1636 I mtkpower_client: ret_hdl:363709
03-02 10:38:35.686   863   958 I libPowerHal: [perfLockAcq] idx:1 hdl:363709 hint:-1 pid:1621 tid:1636 duration:400 lock_user:system_server => ret_hdl:363709
03-02 10:38:35.686  1621  1636 I PowerHalWrapper: <amsBoostResume> last:null, next:com.miui.homehasATProcess:true 
03-02 10:38:35.686   863   958 I libPowerHal: [setGPUFreq] system_server user set gpu freq min:0, max:-1
03-02 10:38:35.686   863   958 I libPowerHal: system_server: set gpu opp level: 0
03-02 10:38:35.686   863   958 I libPowerHal: system_server: set gpu opp level max: 0
03-02 10:38:35.687   863   958 I libPowerHal: [setGPUFreq] Soft min/max = (0, 0); Hard min/max = (31, 0)
03-02 10:38:35.687   863   958 I libPowerHal: [setGPUFreq] final min/max = (0, 0)
03-02 10:38:35.687   863   958 I libPowerHal: system_server: set gpu opp level: 0
03-02 10:38:35.687   863   958 I libPowerHal: system_server: set gpu opp level max: 0
03-02 10:38:35.687  1621  1636 D WindowManager: Collecting in transition 10145: ActivityRecord{9880759 u0 com.miui.home/.launcher.Launcher t2} init visibleRequested:false
03-02 10:38:35.687   863   958 I libPowerHal: [PE] system_server update cmd:400000 param:3000000 pr:3
03-02 10:38:35.687   863   958 I libPowerHal: [PE] system_server update cmd:400100 param:3000000 pr:3
03-02 10:38:35.687   863   958 I libPowerHal: [PE] system_server update cmd:400200 param:3000000 pr:3
03-02 10:38:35.687   863   958 I libPowerHal: [setDvfsrcDevFreqOpp] opp:0, freq:3600000000
03-02 10:38:35.687   863   958 I libPowerHal: [PE] system_server update cmd:1000000 param:0 pr:3
03-02 10:38:35.687   863   958 I libPowerHal: [recordCPUFreqInfo] set cluster[0] min(system_server): 1800000 max(-1): -1 cluster[1] min(system_server): 2000000 max(-1): -1
03-02 10:38:35.687   863   958 I libPowerHal: [perfLockAcq] Done for hdl : 363709
03-02 10:38:35.689  1621  1636 I PowerHalWrapper: amsBoostNotify pid:1999,activity:com.miui.home.launcher.Launcher, package:com.miui.home, mProcessCreatePackcom.softnation.Ojam 
03-02 10:38:35.689 14013 14013 D VRI[LauncherMinusOneScreen]: visibilityChanged oldVisibility=false newVisibility=true
03-02 10:38:35.689  1621  1636 I PowerHalWrapper: state: 1 
03-02 10:38:35.690  1621  1746 E JobScheduler: ResourceBudgetManagerInternal is null
03-02 10:38:35.690   863   958 I libPowerHal: [perfLockAcq] idx:2 hdl:363710 hint:22 pid:863 tid:863 duration:10000 lock_user:vendor.mediatek => ret_hdl:363710
03-02 10:38:35.690  1621  1636 I mtkpower_client: [PowerHal_Wrap_notifyAppState] com.miui.home/com.miui.home.launcher.Launcher pid=1999 activityId:159909721 state:1
03-02 10:38:35.691   863   958 I libPowerHal: [PE] MTKPOWER_HINT_PACK_SWITCH update cmd:1408300, param:100, pr:3
03-02 10:38:35.691   863   958 I libPowerHal: [set_kswapd_affinity] set affinity = 16129
03-02 10:38:35.691 11917 11917 D VRI[globalminusscreen]: visibilityChanged oldVisibility=false newVisibility=true
03-02 10:38:35.691   863   958 I libPowerHal: [PE] MTKPOWER_HINT_PACK_SWITCH update ONESHOT(set) cmd:10000700 param:16129 pr:3
03-02 10:38:35.692   863   958 I libPowerHal: [perfLockAcq] Done for hdl : 363710
03-02 10:38:35.692   863   958 I libPowerHal: [perfLockRel] hdl:363353, idx:-1
03-02 10:38:35.692  1621  1636 I PowerHalWrapper: amsBoostNotify AMS_BOOST_PROCESS_CREATE_BOOST:false 
03-02 10:38:35.692   861   861 I vendor.mediatek.hardware.mtkpower_applist-service.mediatek: packName: com.miui.home actName: com.miui.home.launcher.Launcher pid: 1999 activityId: 159909721 uid: 10166 state: 1
03-02 10:38:35.692   861   861 I MTK_APPList: [notifyAPPstate] com.miui.home/com.miui.home.launcher.Launcher, pid=1999, activityId=159909721, uid=10166, state:RESUMED, fps:-1, win:0
03-02 10:38:35.693   861   861 I MTK_APPList: [notifyAPPstate] multi_resumed_app_count: 2
03-02 10:38:35.693   861   861 I MTK_APPList: [notifyAPPstate] multi_resumed_app_info[0] com.android.systemui/com.android.systemui._190038181, pid:2363, activityId:-1, fps:-1, isMultiWindow:0
03-02 10:38:35.693   861   861 I MTK_APPList: [notifyAPPstate] multi_resumed_app_info[1] com.miui.home/com.miui.home.launcher.Launcher, pid:1999, activityId:159909721, fps:-1, isMultiWindow:0
03-02 10:38:35.693   861   861 I MTK_APPList: [getForegroundAPPCount] 2
03-02 10:38:35.693   861   861 I MTK_APPList: [notifyAPPstate] foreground:com.miui.home, pid:1999, activityId:159909721, uid:10166
03-02 10:38:35.693   861   861 I MTK_APPList: [notifyNetdUID] 10166
03-02 10:38:35.693   861   861 I MTK_APPList: [notifyPID] 1999
03-02 10:38:35.693   863   958 I libPowerHal: [perfSetSysInfo] pid type:24, 1999
03-02 10:38:35.694   861   861 I MTK_APPList: [notifyAPPstate] pc:0, com.google.android.apps.wellbeing => com.miui.home
03-02 10:38:35.694  1621  1621 D MBrainLocalService: isVendorFreezeConditionPass is false
03-02 10:38:35.694  1621  1621 E MBrainLocalService: notifyAppSwitch failed
03-02 10:38:35.695  1621  1636 I SmartPower: com.miui.home/10166(1999): idle->invisible(22681ms) R(become foreground) adj=100.
03-02 10:38:35.697  1621  1636 D MiuiRefreshRatePolicy: reset
03-02 10:38:35.701  1621  2188 D WindowManager: Set transition=TransitionRecord{da7e013 id=10145 type=CLOSE flags=0x0}, ready=true, SyncId=10145 
03-02 10:38:35.702  1621  1651 D MiuiRefreshRatePolicy: reset
03-02 10:38:35.703  1621  1651 I BLASTSyncEngine: SyncGroup 10145:  Unfinished container:ActivityRecord{9880759 u0 com.miui.home/.launcher.Launcher t2}
03-02 10:38:35.703  1999  1999 D Launcher.Lifecycle: onStart:UserHandle{0},c143874,false
03-02 10:38:35.703  1621  1651 I BLASTSyncEngine: isActivitySyncFinished isSyncFinished false ActivityRecord{9880759 u0 com.miui.home/.launcher.Launcher t2}
03-02 10:38:35.703  1999  1999 D LauncherAssistantCompatGoogle: onStart com.google.android.libraries.gsa.launcherclient.LauncherClient@b8351e8
03-02 10:38:35.703  2363  2363 I FocusedNotifPromptContr: onTopActivityMayChanged: isSupportPip false, isFocus false
03-02 10:38:35.703  2363  2363 I FocusedNotifPromptContr: onTopActivityMayChanged: topActivity=com.miui.home
03-02 10:38:35.704  2363  2363 I PromptViewAnimState: topActivityMayChanged: topActivity=com.softnation.Ojam --> com.miui.home
03-02 10:38:35.704  2363  2363 D KeyguardEditorHelper: onTopActivityMayChanged, topActivity=ComponentInfo{com.miui.home/com.miui.home.launcher.Launcher}; mState=IDEL
03-02 10:38:35.704  1621  1650 D ActivityManager: mediaResourceManagerBinder get success
03-02 10:38:35.705  1124  2142 D ResourceManagerServiceNew: update package name: com.miui.home
03-02 10:38:35.706  1124  2142 D ResourceManagerServiceNew: packageName: com.miui.home, uid : 10166, hashCode : 86304474
03-02 10:38:35.706  1124  2142 D ResourceManagerServiceNew: ResourceManagerService::setCodecsVppModeWithLock
03-02 10:38:35.706  1124  2142 D ResourceManagerServiceNew: all codecs setVppMode return fail
03-02 10:38:35.707  6515  8973 D PerfEngineController: ForegroundInfo{mForegroundPackageName='com.miui.home', mForegroundUid=10166, mForegroundPid=1999, mLastForegroundPackageName='com.softnation.Ojam', mLastForegroundUid=10337, mLastForegroundPid=23522, mMultiWindowForegroundPackageName='com.miui.home', mMultiWindowForegroundUid=10166, mFlags=0}
03-02 10:38:35.709  1621  1648 D Aurogon :  uid = 10166 switch to FG
03-02 10:38:35.709   921   921 I BpBinder: onLastStrongRef automatically unlinking death recipients: 
03-02 10:38:35.710  2363  2477 I MultiTaskingTaskRepository: no MULTI_WINDOW, but base activity is null
03-02 10:38:35.710  1621  1651 I ActivityTaskManager: visible for Task{c2800f4 #37025 type=standard A=10337:com.softnation.Ojam} visible = true isAnimating = false TRANSITION = false PARENTS = false CHILDREN = false
03-02 10:38:35.710  2363  2477 I MultiTaskingTaskRepository: needSkip: is home task
03-02 10:38:35.710  1621  1651 D SurfaceComposerClient: Transaction::apply InputWindowCommands.focusRequests timestamp=609509250470713, windowName=<null>
03-02 10:38:35.710  2363  2477 D MiuiFreeformModeController: onFocusTaskChanged taskInfo: TaskInfo{userId=0 taskId=1 displayId=0 isRunning=true baseIntent=Intent { act=android.intent.action.MAIN cat=[android.intent.category.HOME] flg=0x10000100 cmp=com.miui.home/.launcher.Launcher } baseActivity=ComponentInfo{com.miui.home/com.miui.home.launcher.Launcher} topActivity=ComponentInfo{com.miui.home/com.miui.home.launcher.Launcher} origActivity=null realActivity=null numActivities=1 lastActiveTime=42083 supportsSplitScreenMultiWindow=true supportsMultiWindow=true resizeMode=2 isResizeable=true minWidth=-1 minHeight=-1 defaultMinSize=200 token=WCT{android.window.IWindowContainerToken$Stub$Proxy@b2de35} topActivityType=2 pictureInPictureParams=null shouldDockBigOverlays=false launchIntoPipHostTaskId=-1 lastParentTaskIdBeforePip=-1 displayCutoutSafeInsets=null topActivityInfo=ActivityInfo{ddaf2ca com.miui.home.launcher.Launcher} launchCookies=[] positionInParent=Point(0, 0) parentTaskId=-1 isFocused=true isVisible=false isVisibleRequested=true isSleeping=false locusId=null displayAreaFeatureId=1 isTopActivityTransparent=false appCompatTaskInfo=AppCompatTaskInfo { topActivityInSizeCompat=false topActivityEligibleForLetterboxEducation= falseisLetterboxEducationEnabled= false isLetterboxDoubleTapEnabled= false topActivityEligibleForUserAspectRatioButton= false topActivityBoundsLetterboxed= false isFromLetterboxDoubleTap= false topActivityLetterboxVerticalPosition= -1 topActivityLetterboxHorizontalPosition= -1 topActivityLetterboxWidth=1080 topActivityLetterboxHeight=2460 isUserFullscreenOverrideEnabled=false isSystemFullscreenOverrideEnabled=false cameraCompatTaskInfo=CameraCompatTaskInfo { cameraCompatControlState=hidden freeformCameraCompatMode=inactive}} isImmersive=false mTopActivityRequestOrientation=-2 mBehindAppLockPkg=null mOriginatingUid=0 isEmbedded=false shouldBeVisible=true mIsCastMode=false mTopActivityMediaSize=null mTopActivityRecordName=ActivityRecord{9880759 u0 com.miui.home/.launcher.Launcher t2} mTopActivityOrientation=1}
03-02 10:38:35.710  2363  2477 D OneHandedController: stopOneHanded state is 0
03-02 10:38:35.711  1621  1907 D MiuiMultiWindowUtils: DeviceLevel.IS_MIUI_LITE_VERSION 2.0 not support miui multiWindowtides
03-02 10:38:35.711  1621  1907 D BluetoothAdapter: getActiveDevices(profile= A2DP)
03-02 10:38:35.711  6027 26949 I ProcessMonitor: onForegroundInfoChanged: ForegroundInfo{mForegroundPackageName='com.miui.home', mForegroundUid=10166, mForegroundPid=1999, mLastForegroundPackageName='com.softnation.Ojam', mLastForegroundUid=10337, mLastForegroundPid=23522, mMultiWindowForegroundPackageName='com.miui.home', mMultiWindowForegroundUid=10166, mFlags=0}
03-02 10:38:35.711  6027 26949 I VideoBoxUtils: isSupportVideoBox: false
03-02 10:38:35.711  6027 26949 I VideoToolBoxService: vtb is closed!!!
03-02 10:38:35.712   921   921 I MI-SF   : surfaceflinger setAffinity mode=0
03-02 10:38:35.712   921   921 E MI-SF   : surfaceflinger setAffinity success
03-02 10:38:35.713  1999 27254 D EventBus: No subscribers registered for event class com.miui.home.recents.messages.RecentTasksChangedEvent
03-02 10:38:35.714  1999 27254 D EventBus: No subscribers registered for event class org.greenrobot.eventbus.NoSubscriberEvent
03-02 10:38:35.715  1999  2684 D RecentsModel: onTaskStackChangedBackground    MSG_TASK_STACK_CHANGE
03-02 10:38:35.715  1999  2684 D RecentsModel: boostTaskStackChangedThread once, tid=2684, recentResourceLoaderTid=2525
03-02 10:38:35.715  1999  2684 W MiBridge: Permission not granted !!
03-02 10:38:35.715  1999  2684 D Launcher.Boost: setDynamicVIPTaskIfNeeded::tid = 2684 duration = 500
03-02 10:38:35.717  1621  1907 D BluetoothAdapter: getActiveDevices(profile= HEADSET)
03-02 10:38:35.717  1621  2188 I ATMSImpl: cacheTasksForDefaultDisplay size=3
03-02 10:38:35.718  1999  2684 D RecentsModel: getRunningTask ignoreActivityType : 2 ,ignoreWindowMode:5
03-02 10:38:35.718  1999  2684 W RecentsModel: getRunningTask   taskInfo=TaskInfo{userId=0 taskId=37019 displayId=0 isRunning=true baseIntent=Intent { flg=0x10000000 cmp=com.whatsapp/.home.ui.HomeActivity } baseActivity=ComponentInfo{com.whatsapp/com.whatsapp.home.ui.HomeActivity} topActivity=ComponentInfo{com.whatsapp/com.whatsapp.home.ui.HomeActivity} origActivity=null realActivity=ComponentInfo{com.whatsapp/com.whatsapp.home.ui.HomeActivity} numActivities=1 lastActiveTime=1025268869 supportsSplitScreenMultiWindow=true supportsMultiWindow=true resizeMode=1 isResizeable=true minWidth=-1 minHeight=-1 defaultMinSize=200 token=WCT{android.window.IWindowContainerToken$Stub$Proxy@44135f2} topActivityType=1 pictureInPictureParams=null shouldDockBigOverlays=false launchIntoPipHostTaskId=-1 lastParentTaskIdBeforePip=-1 displayCutoutSafeInsets=Rect(0, 104 - 0, 0) topActivityInfo=ActivityInfo{95fe443 com.whatsapp.home.ui.HomeActivity} launchCookies=[] positionInParent=Point(0, 0) parentTaskId=-1 isFocused=false isVisible=false isVisibleRequested=false isSleeping=false locusId=null displayAreaFeatureId=1 isTopActivityTransparent=false appCompatTaskInfo=AppCompatTaskInfo { topActivityInSizeCompat=false topActivityEligibleForLetterboxEducation= falseisLetterboxEducationEnabled= false isLetterboxDoubleTapEnabled= false topActivityEligibleForUserAspectRatioButton= false topActivityBoundsLetterboxed= false isFromLetterboxDoubleTap= false topActivityLetterboxVerticalPosition= -1 topActivityLetterboxHorizontalPosition= -1 topActivityLetterboxWidth=1080 topActivityLetterboxHeight=2460 isUserFullscreenOverrideEnabled=false isSystemFullscreenOverrideEnabled=false cameraCompatTaskInfo=CameraCompatTaskInfo { cameraCompatControlState=hidden freeformCameraCompatMode=inactive}} isImmersive=false mTopActivityRequestOrientation=-2 mBehindAppLockPkg=null mOriginatingUid=0 isEmbedded=false shouldBeVisible=false mIsCastMode=false mTopActivityMediaSize=null mTopActivityRecordName=ActivityRecord{fc958f0 u0 com.whatsapp/.home.ui.HomeActivity t37019} mTopActivityOrientation=-2}
03-02 10:38:35.718  1999  2684 D RecentsModel: preloadRecents runningTaskId:37019, mCurrentRunningTaskId:-1, mRecentsTaskLoadPlan=com.android.systemui.shared.recents.model.RecentsTaskLoadPlan@432cac0
03-02 10:38:35.719  1621  5056 I SmartPower: com.mi.globalminusscreen/10162(11917): idle->visible(147866ms) R(become visible) adj=0.
03-02 10:38:35.719  1621  1907 D BluetoothAdapter: getActiveDevices(profile= LE_AUDIO)
03-02 10:38:35.720   921  1166 I BufferQueueDebug: [LauncherOverlayWindow:com.mi.globalminusscreen#133341](this:0xb400007bceca5d68,id:-1,api:0,p:-1,c:-1) BufferQueue core=(921:/system/bin/surfaceflinger)
03-02 10:38:35.720  1999  2684 E ActivityManagerWrapper: get all recent tasks force including 37019
03-02 10:38:35.721 18562 18581 E BluetoothAdapterService: getActiveDevices: LeAudioService is null
03-02 10:38:35.722  1621  1907 D AudioSystem: +setParameters(): foregroundUid=10166;bluetoothlowlatencystatus=false 
03-02 10:38:35.722  1621  1907 D AudioSystem: start get log level!
03-02 10:38:35.724   843   968 D AudioALSAHardware: +setParameters(): bluetoothlowlatencystatus=false;foregroundUid=10166
03-02 10:38:35.724   843   968 D AudioALSAHardware: -setParameters(): bluetoothlowlatencystatus=false;foregroundUid=10166
03-02 10:38:35.724   843   968 E AHAL_Module: setVendorParameters: default: unrecognized parameter "bluetoothlowlatencystatus=false;foregroundUid=10166"
03-02 10:38:35.724 32531 32563 D CompatChangeReporter: Compat change id reported: 279646685; UID 10374; state: ENABLED
03-02 10:38:35.725   894  2683 E ConversionHelperAidl: Function: parseAndSetVendorParameters Line: 97 Failed 
03-02 10:38:35.727   843   968 D AHAL_ModuleBluetooth: setVendorParameters: parameter count 1, async: 0
03-02 10:38:35.727  6027  3111 D v1      : myUserId = 0	currentUserId0
03-02 10:38:35.727   843   968 D AHAL_ModuleBluetooth: setVendorParameters: bluetoothlowlatencystatus=false;foregroundUid=10166
03-02 10:38:35.728  1621  5056 D MiuiRefreshRatePolicy: reset
03-02 10:38:35.729  1621  5056 I BLASTSyncEngine: SyncGroup 10145:  Unfinished container:ActivityRecord{9880759 u0 com.miui.home/.launcher.Launcher t2}
03-02 10:38:35.729  1621  5056 I BLASTSyncEngine: isActivitySyncFinished isSyncFinished false ActivityRecord{9880759 u0 com.miui.home/.launcher.Launcher t2}
03-02 10:38:35.729 18562 18581 D BluetoothLatencyMode: ForegroundInfo{mForegroundPackageName='com.miui.home', mForegroundUid=10166, mForegroundPid=1999, mLastForegroundPackageName='com.softnation.Ojam', mLastForegroundUid=10337, mLastForegroundPid=23522, mMultiWindowForegroundPackageName='com.miui.home', mMultiWindowForegroundUid=10166, mFlags=0}
03-02 10:38:35.729 18562 18581 W LeAudioService: getLeAudioService(): service is NULL
03-02 10:38:35.729 18562 18581 D BluetoothLatencyMode: isWiredAudioHeadset.type: 1
03-02 10:38:35.729 18562 18581 D BluetoothLatencyMode: isWiredAudioHeadset.type: 2
03-02 10:38:35.729 18562 18581 D BluetoothLatencyMode: isWiredAudioHeadset.type: 18
03-02 10:38:35.729 18562 18581 D BluetoothLatencyMode: isWiredAudioHeadset.type: 14
03-02 10:38:35.735  1621  5056 I WindowManager: Relayout Window{ff9cdea u0 LauncherOverlayWindow:com.mi.globalminusscreen}: oldVis=8 newVis=0 focusMayChange = true requestedWidth = 1080 requestedHeight = 2460 outFrames = ClientWindowFrames{frame=[0,0][1080,2460] display=[0,0][1080,2460] parentFrame=[0,0][0,0]} outSurfaceControl = Surface(name=LauncherOverlayWindow:com.mi.globalminusscreen#133341)/@0x2a3537c
03-02 10:38:35.736  1621  1729 I SmartPower: com.google.android.googlequicksearchbox:googleapp/10165(14013): background->visible(341ms) R(become visible) adj=800.
03-02 10:38:35.736  1621  1729 I SmartPower: com.google.android.googlequicksearchbox:search/10165(13966): background->invisible(343ms) R(become foreground) adj=800.
03-02 10:38:35.736  1621  1729 I SmartPower: com.google.android.googlequicksearchbox:interactor/10165(5969): background->invisible(2420ms) R(become foreground) adj=100.
03-02 10:38:35.736  6515  6997 D MilletUtils: setUidState, uid = 10166 allow = true
03-02 10:38:35.737   921  1166 I BufferQueueDebug: [LauncherMinusOneScreen#133342](this:0xb400007bcecbf778,id:-1,api:0,p:-1,c:-1) BufferQueue core=(921:/system/bin/surfaceflinger)
03-02 10:38:35.737  1621  2192 D MiSensorServiceImpl: PowerKeeperSensor resume iUid:10166 but app has not in Controlled
03-02 10:38:35.737   921   921 D SurfaceFlinger: Focus addInputWindowCommands timestamp=609509250470713, windowName=<null>
03-02 10:38:35.738 11917 11917 D BufferQueueConsumer: [](id:2e8d0000001f,api:0,p:-1,c:11917) connect: controlledByApp=false
03-02 10:38:35.739 11917 11917 D BLASTBufferQueue: [VRI[globalminusscreen]#31](f:0,a:0) constructor()
03-02 10:38:35.739 11917 11917 D BLASTBufferQueue: [VRI[globalminusscreen]#31](f:0,a:0) update width=1080 height=2460 format=-2 mTransformHint=0
03-02 10:38:35.739  1621  1729 D MiuiRefreshRatePolicy: reset
03-02 10:38:35.740  1621  1729 I BLASTSyncEngine: SyncGroup 10145:  Unfinished container:ActivityRecord{9880759 u0 com.miui.home/.launcher.Launcher t2}
03-02 10:38:35.740  1621  1729 I BLASTSyncEngine: isActivitySyncFinished isSyncFinished false ActivityRecord{9880759 u0 com.miui.home/.launcher.Launcher t2}
03-02 10:38:35.741   921  1483 D SurfaceFlinger: updateWinowInfo=1, setFocusedWindow timestamp=609509250470713, windowName=<null>
03-02 10:38:35.741  1621  1729 I WindowManager: Relayout Window{c20b10a u0 LauncherMinusOneScreen}: oldVis=8 newVis=0 focusMayChange = true requestedWidth = 1080 requestedHeight = 2460 outFrames = ClientWindowFrames{frame=[0,0][1080,2460] display=[0,0][1080,2460] parentFrame=[0,0][0,0]} outSurfaceControl = Surface(name=LauncherMinusOneScreen#133342)/@0x6902b68
03-02 10:38:35.742 11917 11917 D VRI[globalminusscreen]: vri.reportNextDraw android.view.ViewRootImpl.performTraversals:4984 android.view.ViewRootImpl.doTraversal:3564 android.view.ViewRootImpl$TraversalRunnable.run:11781 android.view.Choreographer$CallbackRecord.run:1804 android.view.Choreographer$CallbackRecord.run:1813 
03-02 10:38:35.742 11917 11917 D VRI[globalminusscreen]: Setup new sync=wmsSync-VRI[globalminusscreen]#62
03-02 10:38:35.744  1621  1636 W ProcessStats: Tracking association SourceState{bb57fc1 com.google.android.gms.persistent/10147 BTop #1371427} whose proc state 2 is better than process ProcessState{fdb298c com.google.android.adservices.api/10261 pkg=com.google.android.adservices.api} proc state 4 (41 skipped)
03-02 10:38:35.744  1621  2662 I ATMSImpl: cacheTasksForDefaultDisplay size=3
03-02 10:38:35.745  1621  1636 E ClipboardServiceI: removeActivePermissionOwnerForPackage: mPrimaryClipPackage is null or get is null
03-02 10:38:35.745  1621  1651 I ActivityTaskManager: visible for Task{c2800f4 #37025 type=standard A=10337:com.softnation.Ojam} visible = true isAnimating = false TRANSITION = false PARENTS = false CHILDREN = false
03-02 10:38:35.746  1621  2655 D InputDispatcher: setFocusedWindow <null> on display 0 ignored, reason: already focused
03-02 10:38:35.749 14013 14013 D BufferQueueConsumer: [](id:36bd0000000a,api:0,p:-1,c:14013) connect: controlledByApp=false
03-02 10:38:35.750 14013 14013 D BLASTBufferQueue: [VRI[LauncherMinusOneScreen]#10](f:0,a:0) constructor()
03-02 10:38:35.751 14013 14013 D BLASTBufferQueue: [VRI[LauncherMinusOneScreen]#10](f:0,a:0) update width=1080 height=2460 format=-2 mTransformHint=0
03-02 10:38:35.752  1999  2684 E ActivityManagerWrapper: getRecentTasksForceIncludingTaskIdIfValid: getRecentTasks: size=3
03-02 10:38:35.752  1999  2684 E ActivityManagerWrapper:  mainTaskId=37025   userId=0   windowMode=1   baseIntent=Intent { act=null flag=268435456 cmp=ComponentInfo{com.softnation.Ojam/com.softnation.Ojam.MainActivity} }
03-02 10:38:35.752  1999  2684 E ActivityManagerWrapper:  mainTaskId=37019   userId=0   windowMode=1   baseIntent=Intent { act=null flag=268435456 cmp=ComponentInfo{com.whatsapp/com.whatsapp.home.ui.HomeActivity} }
03-02 10:38:35.752  1999  2684 E ActivityManagerWrapper:  mainTaskId=36980   userId=0   windowMode=1   baseIntent=Intent { act=android.intent.action.MAIN flag=270532608 cmp=ComponentInfo{com.twitter.android/com.twitter.android.StartActivity} }
03-02 10:38:35.756  1621  1842 I MiuiNetworkPolicy: updateUidState uid = 99351, uidState = 3
03-02 10:38:35.756  1621  1842 I MiuiNetworkPolicy: updateUidState uid = 10287, uidState = 19
03-02 10:38:35.756  1621  1842 I MiuiNetworkPolicy: updateUidState uid = 10261, uidState = 3
03-02 10:38:35.756  1621  1842 I MiuiNetworkPolicy: updateUidState uid = 10200, uidState = 3
03-02 10:38:35.756  1621  1842 I MiuiNetworkPolicy: updateUidState uid = 10181, uidState = 3
03-02 10:38:35.756  1621  1842 I MiuiNetworkPolicy: updateUidState uid = 10168, uidState = 3
03-02 10:38:35.756  1621  1842 I MiuiNetworkPolicy: updateUidState uid = 10166, uidState = 2
03-02 10:38:35.756  1621  1842 I MiuiNetworkPolicy: updateUidState uid = 10162, uidState = 3
03-02 10:38:35.756  1621  1842 I MiuiNetworkPolicy: updateUidState uid = 10147, uidState = 3
03-02 10:38:35.756  1621  1842 I MiuiNetworkPolicy: updateUidState uid = 10122, uidState = 19
03-02 10:38:35.756  1621  1842 I MiuiNetworkPolicy: updateUidState uid = 10105, uidState = 19
03-02 10:38:35.759 18562 18904 I BtGatt.ScanManager: msg.what = MSG_IMPORTANCE_CHANGE, msg.arg1 = IMPORTANCE_CHANGE
03-02 10:38:35.759 18562 18904 E BtGatt.ScanManager: scan data is null
03-02 10:38:35.759  1621  1636 D WindowManager: Set transition=TransitionRecord{da7e013 id=10145 type=CLOSE flags=0x0}, ready=true, SyncId=10145 
03-02 10:38:35.760  1621  1636 D WindowManager: Set transition=TransitionRecord{da7e013 id=10145 type=CLOSE flags=0x0}, ready=true, SyncId=10145 
03-02 10:38:35.761 11917 22576 D BLASTBufferQueue: [VRI[globalminusscreen]#31](f:0,a:1) acquireNextBufferLocked size=1080x2460 mFrameNumber=1 applyTransaction=true mTimestamp=609509306960636(auto) mPendingTransactions.size=0 graphicBufferId=51183125266618 transform=0
03-02 10:38:35.763  1621  1636 I AppsFilter: interaction: PackageSetting{131896e com.android.microdroid.empty_payload/10255} -> PackageSetting{c9b3867 com.softnation.Ojam/10337} BLOCKED
03-02 10:38:35.763   921  1472 D MI-SF   : isTpIdleScene mSetTpIdleFlag 0, mSetLtpoTpIdleFlag 0
03-02 10:38:35.763   921  1472 D DisplayModeController: setDesiredMode 4627039422300187648 {mode={fps=60.00 Hz, modePtr={id=0, vsyncRate=60.00 Hz, peakRefreshRate=60.00 Hz}}, emitEvent=true, force=false}
03-02 10:38:35.763   921  1472 D Scheduler: MtkOverrideDuration: update vsync 60
03-02 10:38:35.763   921  1472 E SurfaceFlinger: MtkDuration override mode is disabled
03-02 10:38:35.763   921  1472 D Scheduler: MtkOverrideDuration: reset override duration
03-02 10:38:35.763 11917 11917 D VRI[globalminusscreen]: vri.reportDrawFinished
03-02 10:38:35.763   921  1472 I PowerHalWrapper: updateFps(): 60
03-02 10:38:35.764  1621  1636 W ActivityManager: Invalid packageName: com.softnation.Ojam
03-02 10:38:35.764  1621  4432 D WindowManager: wms.finishDrawingLocked: mDrawState=COMMIT_DRAW_PENDING Window{ff9cdea u0 LauncherOverlayWindow:com.mi.globalminusscreen} in Surface(name=LauncherOverlayWindow:com.mi.globalminusscreen#133341)/@0x1266a6f
03-02 10:38:35.765 14013 14013 D VRI[LauncherMinusOneScreen]: vri.reportNextDraw android.view.ViewRootImpl.performTraversals:4984 android.view.ViewRootImpl.doTraversal:3564 android.view.ViewRootImpl$TraversalRunnable.run:11781 android.view.Choreographer$CallbackRecord.run:1804 android.view.Choreographer$CallbackRecord.run:1813 
03-02 10:38:35.765 14013 14013 D VRI[LauncherMinusOneScreen]: Setup new sync=wmsSync-VRI[LauncherMinusOneScreen]#22
03-02 10:38:35.765  1621  1621 I NotificationService: Cancel FGS notification CallingUid: 10337 CallingPid: 0 Pkg: com.softnation.Ojam Id:1001 Tag:null UserId:0 MustHaveFlags:0 MustNotHaveFlags:0 Reason:8 foregroundNotiWhen:0 foregroundNotiFlags:104 foregroundNotiChannelId:default_channel_id
03-02 10:38:35.767   849   868 I hwcomposer: [HWCDisplay] (0 setActiveConfigWithConstraints():4114), config:0  
03-02 10:38:35.767   849   868 I hwcomposer: [HWCDisplay] (0 setActiveConfigWithConstraints():4164), now 609509316336251, diff 477538, estimated_applied_time 27777778 queued_size:0  
03-02 10:38:35.769  1621  1651 D MiuiRefreshRatePolicy: reset
03-02 10:38:35.770  1621  1651 I BLASTSyncEngine: SyncGroup 10145:  Unfinished container:ActivityRecord{9880759 u0 com.miui.home/.launcher.Launcher t2}
03-02 10:38:35.770  1621  1651 I BLASTSyncEngine: isActivitySyncFinished isSyncFinished false ActivityRecord{9880759 u0 com.miui.home/.launcher.Launcher t2}
03-02 10:38:35.780 11917 12435 D LauncherOverlay: setActivityState:1
03-02 10:38:35.780  1999  1999 D Launcher: Launcher.DeviceConfig onStart bounds = Rect(0, 0 - 1080, 2460)
03-02 10:38:35.782 11917 11917 D LauncherOverlay.Window: onStart
03-02 10:38:35.782 32531 32531 D nativeloader: Load /data/app/~~QO2ci0v8Sp2v78WV-ahGmw==/mydiary.journal.diary.diarywithlock.diaryjournal.secretdiary-uCJ5kOdCrlaSGwqjdvjTVw==/base.apk!/lib/arm64-v8a/libdatastore_shared_counter.so using class loader ns clns-7 (caller=/data/app/~~QO2ci0v8Sp2v78WV-ahGmw==/mydiary.journal.diary.diarywithlock.diaryjournal.secretdiary-uCJ5kOdCrlaSGwqjdvjTVw==/base.apk!classes5.dex): ok
03-02 10:38:35.786  1621  4230 D AppLock_AccessControlImpl: activityResume packageName: com.miui.home userId: 0 enabled: true
03-02 10:38:35.786  1621  4230 D AppLock_AccessControlImpl: activityResume lockMode: 1
03-02 10:38:35.787  1999  1999 D SecurityManager: checkAccessControl flag1
03-02 10:38:35.789  1999  1999 D Launcher: Launcher.DeviceConfig onResume bounds = Rect(0, 0 - 1080, 2460)
03-02 10:38:35.789 14013 14467 D BLASTBufferQueue: [VRI[LauncherMinusOneScreen]#10](f:0,a:1) acquireNextBufferLocked size=1080x2460 mFrameNumber=1 applyTransaction=true mTimestamp=609509337159636(auto) mPendingTransactions.size=0 graphicBufferId=60185376718909 transform=0
03-02 10:38:35.789  1999  1999 D Launcher.DropTargetBar: update uninstall active when NO drag, active=false (edit=7, isUninstallDialogShowing=false, isWidgetPreviewShowing=false, isDefaultScreenPreviewShowing=false, isMenuVisible=false)
03-02 10:38:35.789  1999  1999 D Launcher.Lifecycle: onResume:UserHandle{0},c143874,false
03-02 10:38:35.789  1999  1999 W Settings: Setting device_provisioned has moved from android.provider.Settings.Secure to android.provider.Settings.Global.
03-02 10:38:35.791   921   921 I PowerHalWrapper: updateFps(): 60
03-02 10:38:35.791   849  1481 I hwcomposer: [HWCDisplay] (0 updateAppliedConfigState():4360), applied config complete[idx:609509344114029, config:0]  
03-02 10:38:35.792  1999  1999 D Launcher.FullbackHome: FallbackHomeCompat::needKillSelf::needKillSelf = false
03-02 10:38:35.794   921   921 I PowerHalWrapper: updateFps(): 60
03-02 10:38:35.794 14013 14013 D VRI[LauncherMinusOneScreen]: vri.reportDrawFinished
03-02 10:38:35.797  1999  1999 D SoscSplitStateController: updateDividerFixedState: isFixed = true
03-02 10:38:35.797  1999  1999 E Launcher.application: setClickAppWaitForCallback = false
03-02 10:38:35.797  1999  1999 D Launcher.FullbackHome: FallbackHomeCompat::needKillSelf::needKillSelf = false
03-02 10:38:35.797  1999  1999 D LauncherAssistantCompatGoogle: onResume com.google.android.libraries.gsa.launcherclient.LauncherClient@b8351e8
03-02 10:38:35.797  1999  1999 D Launcher_UnlockAnimationStateMachine: onResume = IDLE
03-02 10:38:35.797  1999  1999 I Launcher: changeMIUIWidgetEditMode false
03-02 10:38:35.797  1999  1999 D StatusBarController: disableRecent: disable= false
03-02 10:38:35.798  1999  1999 D ServiceDeliveryReplaceHelper: onResume: widget to serviceDeliver isReplace false
03-02 10:38:35.798  1621  1651 I ActivityTaskManager: visible for Task{c2800f4 #37025 type=standard A=10337:com.softnation.Ojam} visible = true isAnimating = false TRANSITION = false PARENTS = false CHILDREN = false
03-02 10:38:35.799 32531 32575 D CompatChangeReporter: Compat change id reported: 312399441; UID 10374; state: ENABLED
03-02 10:38:35.800  2363  2477 D SoScSplitScreenController: updateDividerFixedState isFixed:true
03-02 10:38:35.805 14013 14013 I brdz    : onStart
03-02 10:38:35.805  1621  4432 I ClipboardServiceI: checkProviderWakePathForClipboard: primaryClip is null
03-02 10:38:35.805  1621  4430 D WindowManager: wms.finishDrawingLocked: mDrawState=COMMIT_DRAW_PENDING Window{c20b10a u0 LauncherMinusOneScreen} in Surface(name=LauncherMinusOneScreen#133342)/@0x9593e8b
03-02 10:38:35.806  1999  2684 D TaskSnapshotCompatVV: getIsInvalidateFromTaskSnapshot, return, mTaskSnapshot=null, mTaskSnapshotClazz=null
03-02 10:38:35.809 14013 14013 I bpbq    : (REDACTED) [%s] onStart()
03-02 10:38:35.809 14013 14013 I bpdz    : Reloading theme data
03-02 10:38:35.812  1621  1746 V GrammaticalInflectionUtils: AttributionSource: android.content.AttributionSource@5a7c8a31 does not have READ_SYSTEM_GRAMMATICAL_GENDER permission.
03-02 10:38:35.813  1621  1651 D MiuiRefreshRatePolicy: reset
03-02 10:38:35.814 14013 14013 I brdz    : onResume
03-02 10:38:35.818  1621  4430 D AS.BtHelper: isBluetoothScoOn() mBluetoothHeadset is null: falsemBluetoothHeadsetDevice is null: true
03-02 10:38:35.820 32531 32569 W nal.secretdiary: ClassLoaderContext classpath size mismatch. expected=1, found=0 (DLC[];PCL[base.apk*1150104373]{PCL[/system/framework/org.apache.http.legacy.jar*4025584831]#PCL[/system/framework/com.android.location.provider.jar*3414091812]#PCL[/system/framework/com.android.media.remotedisplay.jar*2042759013]#PCL[/system_ext/framework/androidx.window.extensions.jar*3622430006]#PCL[/system_ext/framework/androidx.window.sidecar.jar*2958050178]} | DLC[];PCL[])
03-02 10:38:35.823  1999 17839 D Launcher.Utilities: select screen is:personal_assistant_google
03-02 10:38:35.821  1621  4430 V AS.AudioDeviceBroker: requestedCommunicationDevice: null mAudioModeOwner: AudioModeInfo: mMode=MODE_NORMAL, mPid=0, mUid=0
03-02 10:38:35.826  1621  1651 I BLASTSyncEngine: SyncGroup 10145:  Unfinished container:ActivityRecord{9880759 u0 com.miui.home/.launcher.Launcher t2}
03-02 10:38:35.826  1621  1651 I BLASTSyncEngine: isActivitySyncFinished isSyncFinished false ActivityRecord{9880759 u0 com.miui.home/.launcher.Launcher t2}
03-02 10:38:35.826  1621  1729 D AS.BtHelper: isBluetoothScoOn() mBluetoothHeadset is null: falsemBluetoothHeadsetDevice is null: true
03-02 10:38:35.827  1621  1729 V AS.AudioDeviceBroker: requestedCommunicationDevice: null mAudioModeOwner: AudioModeInfo: mMode=MODE_NORMAL, mPid=0, mUid=0
03-02 10:38:35.827  1621  1651 I ActivityTaskManager: visible for Task{c2800f4 #37025 type=standard A=10337:com.softnation.Ojam} visible = true isAnimating = false TRANSITION = false PARENTS = false CHILDREN = false
03-02 10:38:35.828  1621  1640 D AudioSystem: +setParameters(): gamebooster=false 
03-02 10:38:35.828  1621  1640 D AudioSystem: start get log level!
03-02 10:38:35.829   843   968 D AudioALSAHardware: +setParameters(): gamebooster=false
03-02 10:38:35.829   843   968 D AudioALSAHardware: -setParameters(): gamebooster=false
03-02 10:38:35.829   843   968 E AHAL_Module: setVendorParameters: default: unrecognized parameter "gamebooster=false"
03-02 10:38:35.829  1621  1842 I MiuiNetworkPolicy: updateUidState uid = 10165, uidState = 3
03-02 10:38:35.829   894 23086 E ConversionHelperAidl: Function: parseAndSetVendorParameters Line: 97 Failed 
03-02 10:38:35.831   843   968 D AHAL_ModuleBluetooth: setVendorParameters: parameter count 1, async: 0
03-02 10:38:35.831  2363  2363 D HideDeletedFocusController: onNotificationRemoved 8 0|com.softnation.Ojam|1001|null|10337
03-02 10:38:35.831   843   968 D AHAL_ModuleBluetooth: setVendorParameters: gamebooster=false
03-02 10:38:35.831  1621  1651 I ActivityTaskManager: visible for Task{c2800f4 #37025 type=standard A=10337:com.softnation.Ojam} visible = true isAnimating = false TRANSITION = false PARENTS = false CHILDREN = false
03-02 10:38:35.832 14013 14470 I dwtj    : #onAvailable
03-02 10:38:35.835  2363  2363 D MiuiBubbleManager: onEntryRemoved: com.android.systemui.statusbar.notification.collection.NotificationEntry@6ad6a5a
