03-02 12:19:17.996 28561 28581 W book.appmanager: ApkAssets: Deleting an ApkAssets object '<empty> and /data/app/~~D6pxJj0wCihn6bL7dRHGfw==/com.facebook.katana-ytDRDVfsDJQ7KNzIgYIFlA==/split_s_smartcropnative_smartplacementnative_smarttrim.apk' with 1 weak references
03-02 12:19:17.997 28561 28581 W book.appmanager: ApkAssets: Deleting an ApkAssets object '<empty> and /data/app/~~D6pxJj0wCihn6bL7dRHGfw==/com.facebook.katana-ytDRDVfsDJQ7KNzIgYIFlA==/split_smartcropnative.apk' with 1 weak references
03-02 12:19:17.997 28561 28581 W book.appmanager: ApkAssets: Deleting an ApkAssets object '<empty> and /data/app/~~R4304VoaznGLl1r8r2HkGg==/com.facebook.orca-0aljGPBSnHk2U24PvvqRFQ==/base.apk' with 1 weak references
03-02 12:19:17.998 28561 28581 W book.appmanager: ApkAssets: Deleting an ApkAssets object '<empty> and /data/app/~~R4304VoaznGLl1r8r2HkGg==/com.facebook.orca-0aljGPBSnHk2U24PvvqRFQ==/split_arsegmentation.apk' with 1 weak references
03-02 12:19:17.998 28561 28581 W book.appmanager: ApkAssets: Deleting an ApkAssets object '<empty> and /data/app/~~R4304VoaznGLl1r8r2HkGg==/com.facebook.orca-0aljGPBSnHk2U24PvvqRFQ==/split_arservicesforexpressionfitting.apk' with 1 weak references
03-02 12:19:17.998 28561 28581 W book.appmanager: ApkAssets: Deleting an ApkAssets object '<empty> and /data/app/~~R4304VoaznGLl1r8r2HkGg==/com.facebook.orca-0aljGPBSnHk2U24PvvqRFQ==/split_arservicesforruntimerigmapping.apk' with 1 weak references
03-02 12:19:17.999 28561 28581 W book.appmanager: ApkAssets: Deleting an ApkAssets object '<empty> and /data/app/~~R4304VoaznGLl1r8r2HkGg==/com.facebook.orca-0aljGPBSnHk2U24PvvqRFQ==/split_executorch.apk' with 1 weak references
03-02 12:19:17.999 28561 28581 W book.appmanager: ApkAssets: Deleting an ApkAssets object '<empty> and /data/app/~~R4304VoaznGLl1r8r2HkGg==/com.facebook.orca-0aljGPBSnHk2U24PvvqRFQ==/split_i18n_en_GB.apk' with 1 weak references
03-02 12:19:18.000 28561 28581 W book.appmanager: ApkAssets: Deleting an ApkAssets object '<empty> and /data/app/~~R4304VoaznGLl1r8r2HkGg==/com.facebook.orca-0aljGPBSnHk2U24PvvqRFQ==/split_supmediastreamcontroller.apk' with 1 weak references
03-02 12:19:18.000 28561 28581 W book.appmanager: ApkAssets: Deleting an ApkAssets object '<empty> and /data/app/~~plM1wYri-X0O2Dyup_-7GQ==/com.instagram.lite-kFAotEKGbXEBaXpLnRlZRQ==/base.apk' with 1 weak references
03-02 12:19:18.000 28561 28581 W book.appmanager: ApkAssets: Deleting an ApkAssets object '<empty> and /data/app/~~plM1wYri-X0O2Dyup_-7GQ==/com.instagram.lite-kFAotEKGbXEBaXpLnRlZRQ==/split_fizz.apk' with 1 weak references
03-02 12:19:18.000 28561 28581 W book.appmanager: ApkAssets: Deleting an ApkAssets object '<empty> and /data/app/~~plM1wYri-X0O2Dyup_-7GQ==/com.instagram.lite-kFAotEKGbXEBaXpLnRlZRQ==/split_mnshttp.apk' with 1 weak references
03-02 12:19:18.001 28561 28581 W book.appmanager: ApkAssets: Deleting an ApkAssets object '<empty> and /data/app/~~plM1wYri-X0O2Dyup_-7GQ==/com.instagram.lite-kFAotEKGbXEBaXpLnRlZRQ==/split_msysinfra.apk' with 1 weak references
03-02 12:19:18.001 28561 28581 W book.appmanager: ApkAssets: Deleting an ApkAssets object '<empty> and /data/app/~~plM1wYri-X0O2Dyup_-7GQ==/com.instagram.lite-kFAotEKGbXEBaXpLnRlZRQ==/split_rtc.apk' with 1 weak references
03-02 12:19:18.001 28561 28581 W book.appmanager: ApkAssets: Deleting an ApkAssets object '<empty> and /data/app/~~plM1wYri-X0O2Dyup_-7GQ==/com.instagram.lite-kFAotEKGbXEBaXpLnRlZRQ==/split_s_boost_msysinfra.apk' with 1 weak references
03-02 12:19:18.001 28561 28581 W book.appmanager: ApkAssets: Deleting an ApkAssets object '<empty> and /data/app/~~plM1wYri-X0O2Dyup_-7GQ==/com.instagram.lite-kFAotEKGbXEBaXpLnRlZRQ==/split_s_fizz_mnshttp_msys.apk' with 1 weak references
03-02 12:19:18.001 28561 28581 W book.appmanager: ApkAssets: Deleting an ApkAssets object '<empty> and /data/app/~~plM1wYri-X0O2Dyup_-7GQ==/com.instagram.lite-kFAotEKGbXEBaXpLnRlZRQ==/split_s_fizz_msys.apk' with 1 weak references
03-02 12:19:18.001 28561 28581 W book.appmanager: ApkAssets: Deleting an ApkAssets object '<empty> and /data/app/~~plM1wYri-X0O2Dyup_-7GQ==/com.instagram.lite-kFAotEKGbXEBaXpLnRlZRQ==/split_s_fizz_msysinfra.apk' with 1 weak references
03-02 12:19:18.001 28561 28581 W book.appmanager: ApkAssets: Deleting an ApkAssets object '<empty> and /data/app/~~plM1wYri-X0O2Dyup_-7GQ==/com.instagram.lite-kFAotEKGbXEBaXpLnRlZRQ==/split_s_mediastreaming_msys_rtc.apk' with 1 weak references
03-02 12:19:18.001 28561 28581 W book.appmanager: ApkAssets: Deleting an ApkAssets object '<empty> and /data/app/~~plM1wYri-X0O2Dyup_-7GQ==/com.instagram.lite-kFAotEKGbXEBaXpLnRlZRQ==/split_s_mediastreaming_msysinfra.apk' with 1 weak references
03-02 12:19:18.001 28561 28581 W book.appmanager: ApkAssets: Deleting an ApkAssets object '<empty> and /data/app/~~plM1wYri-X0O2Dyup_-7GQ==/com.instagram.lite-kFAotEKGbXEBaXpLnRlZRQ==/split_s_mediastreaming_rtc.apk' with 1 weak references
03-02 12:19:18.001 28561 28581 W book.appmanager: ApkAssets: Deleting an ApkAssets object '<empty> and /data/app/~~plM1wYri-X0O2Dyup_-7GQ==/com.instagram.lite-kFAotEKGbXEBaXpLnRlZRQ==/split_s_mnshttp_msys_rtc.apk' with 1 weak references
03-02 12:19:18.001 28561 28581 W book.appmanager: ApkAssets: Deleting an ApkAssets object '<empty> and /data/app/~~plM1wYri-X0O2Dyup_-7GQ==/com.instagram.lite-kFAotEKGbXEBaXpLnRlZRQ==/split_s_msys_rtc.apk' with 1 weak references
03-02 12:19:18.002 28561 28581 W book.appmanager: ApkAssets: Deleting an ApkAssets object '<empty> and /data/app/~~plM1wYri-X0O2Dyup_-7GQ==/com.instagram.lite-kFAotEKGbXEBaXpLnRlZRQ==/split_shared_fizz_ms_profilo.apk' with 1 weak references
03-02 12:19:18.035  1621  4754 D PackageManager: set app component=ComponentInfo{com.facebook.katana/com.facebook.notifications.settings.InAppNotificationSettingsActivity} enabled state: 1 from com.facebook.katana,uid=10287,pid=28735
03-02 12:19:18.074 28735 28828 W fb4a.BloksPrivacySelectorFetchQpl: markerPoint is called unexpectedly with render location: BPS_COMPOSER
03-02 12:19:18.081 28735 28877 W fb4a.BloksPrivacySelectorFetchQpl: markerPoint is called unexpectedly with render location: BPS_VIDEO_PRODUCTION_UNIFICATION
03-02 12:19:18.084 28735 28833 W fb4a.BloksPrivacySelectorFetchQpl: markerPoint is called unexpectedly with render location: BPS_COMPOSER
03-02 12:19:18.084 28735 28833 W fb4a.BloksPrivacySelectorFetchQpl: success is called unexpectedly with render location: BPS_COMPOSER
03-02 12:19:18.091 28735 28833 W fb4a.BloksPrivacySelectorFetchQpl: markerPoint is called unexpectedly with render location: BPS_VIDEO_PRODUCTION_UNIFICATION
03-02 12:19:18.091 28735 28833 W fb4a.BloksPrivacySelectorFetchQpl: success is called unexpectedly with render location: BPS_VIDEO_PRODUCTION_UNIFICATION
03-02 12:19:18.096 25012 25012 W FirebaseApp: Default FirebaseApp failed to initialize because no default options were found. This usually means that com.google.gms:google-services was not applied to your gradle project.
03-02 12:19:18.096 25012 25012 I FirebaseInitProvider: FirebaseApp initialization unsuccessful
03-02 12:19:18.125  1621  4754 I SmartPower: com.facebook.services/10106(27645): idle->background(4816ms) R(service start com.facebook.services/com.facebook.oxygen.services.fbns.PreloadedFbnsService) adj=0.
03-02 12:19:18.126 27645 27645 W fbservices:InitStatus: Not blocking Service (199481691)
03-02 12:19:18.127  1621  2834 D PackageManager: set app component=ComponentInfo{com.facebook.katana/com.facebook.rti.orca.FbnsLiteBroadcastReceiver} enabled state: 2 from com.facebook.katana,uid=10287,pid=28735
03-02 12:19:18.131 28735 28877 D nativeloader: Load /data/data/com.facebook.katana/lib-compressed/libsecurityhooks-jni.so using class loader ns clns-7 (caller=/data/app/~~D6pxJj0wCihn6bL7dRHGfw==/com.facebook.katana-ytDRDVfsDJQ7KNzIgYIFlA==/base.apk): ok
03-02 12:19:18.131 28735 28877 W SecurityDistractHooks_LibraryLoaders: Invalid blocklist fetched from MC: . Default one will be used.
03-02 12:19:18.134  2350  2350 D TelephonyManager: requestModemActivityInfo: Sending result to app: ModemActivityInfo{ mTimestamp=1033317553 mSleepTimeMs=621357131 mIdleTimeMs=403949478 mActivityStatsTechSpecificInfo=[{mRat=UNKNOWN,mFrequencyRange=UNKNOWN,mTxTimeMs[]=[42869, 90769, 159201, 400160, 488428],mRxTimeMs=9912317}]}
03-02 12:19:18.140 28735 28877 W fb4a.SyncInitializer: Start regular sync initialization
03-02 12:19:18.144  1621  2188 I ClipboardServiceI: checkProviderWakePathForClipboard: primaryClip is null
03-02 12:19:18.155  1621  2834 D PackageManager: set app component=ComponentInfo{com.facebook.katana/com.facebook.timeline.stagingground.Fb4aProfilePictureShareActivityAlias} enabled state: 1 from com.facebook.katana,uid=10287,pid=28735
03-02 12:19:18.156 27645 27656 W cebook.services: userfaultfd: MOVE ioctl seems unsupported: Connection timed out
03-02 12:19:18.156  1621  2834 D PackageManager: set app component=ComponentInfo{com.facebook.katana/com.facebook.timeline.stagingground.WorkProfilePictureShareActivityAlias} enabled state: 2 from com.facebook.katana,uid=10287,pid=28735
03-02 12:19:18.158 25012 25012 W SoLoader: Initializing SoLoader: 0
03-02 12:19:18.162 25012 25012 W SoLoader: Recording new base apk path: /data/app/~~Bh61wenJZi6JNVEuOkVQfQ==/com.softnation.Ojam-nnCVAdHxKfOmup5FCuBDYQ==/base.apk
03-02 12:19:18.162 25012 25012 W SoLoader: Previously recorded 0 base apk paths.
03-02 12:19:18.165 25012 25012 I SoLoader: Preparing SO source: DirectorySoSource[root = /vendor/lib64 flags = 2]
03-02 12:19:18.166 25012 25012 I SoLoader: Preparing SO source: DirectorySoSource[root = /system/lib64 flags = 2]
03-02 12:19:18.166 25012 25012 I SoLoader: Preparing SO source: DirectApkSoSource[root = [/data/app/~~Bh61wenJZi6JNVEuOkVQfQ==/com.softnation.Ojam-nnCVAdHxKfOmup5FCuBDYQ==/base.apk!/lib/arm64-v8a]]
03-02 12:19:18.171   849  1430 I hwcomposer: [HWC] (0)fire a callback of refresh to SF[4]  
03-02 12:19:18.189   921   921 I MI-SF   : surfaceflinger setAffinity mode=1
03-02 12:19:18.189   921   921 E MI-SF   : surfaceflinger setAffinity success
03-02 12:19:18.189   921   921 I MI-SF   : surfaceflinger setreAffinity reTid=1207
03-02 12:19:18.189   921   921 E MI-SF   : surfaceflinger setAffinity success
03-02 12:19:18.201  1621  4754 D ShortcutService: rescanPackageIfNeeded 0@com.facebook.katana, forceRescan=false , isNewApp=false
03-02 12:19:18.208  1621  1662 W NotificationHistory: Attempted to remove conversation for locked/gone/disabled user 0
03-02 12:19:18.210  1621  4754 D ShortcutService: rescanPackageIfNeeded 0@com.facebook.katana, forceRescan=false , isNewApp=false
03-02 12:19:18.224  1621  4754 D ShortcutService: rescanPackageIfNeeded 0@com.facebook.katana, forceRescan=false , isNewApp=false
03-02 12:19:18.284  1621  4754 D FileUtils: Rounded bytes from 8055762944 to 16000000000
03-02 12:19:18.297 28735 28848 W Profilo/TraceControl: Loom client config id: 7024583390765031141
03-02 12:19:18.308 28735 28848 D nativeloader: Load /data/data/com.facebook.katana/lib-compressed/libmonitorcontention.so using class loader ns clns-7 (caller=/data/app/~~D6pxJj0wCihn6bL7dRHGfw==/com.facebook.katana-ytDRDVfsDJQ7KNzIgYIFlA==/base.apk): ok
03-02 12:19:18.324  1621  1947 D ShortcutService: Getting shortcuts for launcher= com.android.systemuiuser=0 pkg=com.facebook.katana
03-02 12:19:18.325  1621  1946 D ShortcutService: Saving package item com.facebook.katana to /data/system_ce/0/shortcut_service/packages/com.facebook.katana.xml
03-02 12:19:18.325 25012 25012 I SoLoader: Preparing SO source: ApplicationSoSource[DirectorySoSource[root = /data/app/~~Bh61wenJZi6JNVEuOkVQfQ==/com.softnation.Ojam-nnCVAdHxKfOmup5FCuBDYQ==/lib/arm64 flags = 0]]
03-02 12:19:18.325 25012 25012 I SoLoader: init finish: 4 SO sources prepared
03-02 12:19:18.326 25012 25012 W SoLoader: SoLoader initialized: 8
03-02 12:19:18.326  1621  1947 D ShortcutService: Getting shortcuts for launcher= com.miui.homeuser=0 pkg=com.facebook.katana
03-02 12:19:18.336  1999  1999 D Launcher.Model: LauncherAppsCallback onShortcutsChanged|com.facebook.katana|UserHandle{0}|false
03-02 12:19:18.380 25012 25012 D nativeloader: Load /data/app/~~Bh61wenJZi6JNVEuOkVQfQ==/com.softnation.Ojam-nnCVAdHxKfOmup5FCuBDYQ==/base.apk!/lib/arm64-v8a/libc++_shared.so using class loader ns clns-7 (caller=/data/app/~~Bh61wenJZi6JNVEuOkVQfQ==/com.softnation.Ojam-nnCVAdHxKfOmup5FCuBDYQ==/base.apk!classes20.dex): ok
03-02 12:19:18.392  2350  2350 W Settings: Setting airplane_mode_on has moved from android.provider.Settings.System to android.provider.Settings.Global, returning read-only value.
03-02 12:19:18.395  2350  2350 W Settings: Setting airplane_mode_on has moved from android.provider.Settings.System to android.provider.Settings.Global, returning read-only value.
03-02 12:19:18.399  2350 29580 D NetworkSpeedTracker: updateSignalInfo lteRsrp=-80lteSnr=18,phoneId=1
03-02 12:19:18.402  2350 29580 D NetworkSpeedTracker: updateSignalInfo lteRsrp=-80lteSnr=18,phoneId=1
03-02 12:19:18.406 25012 25012 D nativeloader: Load /data/app/~~Bh61wenJZi6JNVEuOkVQfQ==/com.softnation.Ojam-nnCVAdHxKfOmup5FCuBDYQ==/base.apk!/lib/arm64-v8a/libjsi.so using class loader ns clns-7 (caller=/data/app/~~Bh61wenJZi6JNVEuOkVQfQ==/com.softnation.Ojam-nnCVAdHxKfOmup5FCuBDYQ==/base.apk!classes20.dex): ok
03-02 12:19:18.436 25012 25012 D nativeloader: Load /data/app/~~Bh61wenJZi6JNVEuOkVQfQ==/com.softnation.Ojam-nnCVAdHxKfOmup5FCuBDYQ==/base.apk!/lib/arm64-v8a/libfbjni.so using class loader ns clns-7 (caller=/data/app/~~Bh61wenJZi6JNVEuOkVQfQ==/com.softnation.Ojam-nnCVAdHxKfOmup5FCuBDYQ==/base.apk!classes20.dex): ok
03-02 12:19:18.450  2363  2676 I ndroid.systemui: Explicit concurrent mark compact GC freed 10MB AllocSpace bytes, 89(3580KB) LOS objects, 38% free, 56MB/92MB, paused 1.489ms,5.921ms total 519.557ms
03-02 12:19:18.457   921  1500 I SurfaceFlinger: onHandleDestroyed: name=Task=37051#134746, layerId=134746, parentId=0
03-02 12:19:18.462   921   921 I BufferQueueDebug: [Task=37051#134746](this:0xb400007bcec8c358,id:-1,api:0,p:-1,c:921) onDestructor()
03-02 12:19:18.465   921   921 I MI-SF   : surfaceflinger setAffinity mode=0
03-02 12:19:18.465   921   921 E MI-SF   : surfaceflinger setAffinity success
03-02 12:19:18.471 25012 25012 D nativeloader: Load /data/app/~~Bh61wenJZi6JNVEuOkVQfQ==/com.softnation.Ojam-nnCVAdHxKfOmup5FCuBDYQ==/base.apk!/lib/arm64-v8a/libreactnative.so using class loader ns clns-7 (caller=/data/app/~~Bh61wenJZi6JNVEuOkVQfQ==/com.softnation.Ojam-nnCVAdHxKfOmup5FCuBDYQ==/base.apk!classes20.dex): ok
03-02 12:19:18.471 25012 25012 D jni_lib_merge: Entering merged library JNI_OnLoad.
03-02 12:19:18.471 25012 25012 D jni_lib_merge: Preparing 12 pre-merged libs (including stub)
03-02 12:19:18.471 25012 25012 D jni_lib_merge: Preparing to register libfabricjni_so.  onload_func: 0x7895a8bce0
03-02 12:19:18.471 25012 25012 D jni_lib_merge: Preparing to register libreact_devsupportjni_so.  onload_func: 0x7895c85fc8
03-02 12:19:18.471 25012 25012 D jni_lib_merge: Preparing to register libreact_featureflagsjni_so.  onload_func: 0x7895c94518
03-02 12:19:18.471 25012 25012 D jni_lib_merge: Preparing to register libreact_newarchdefaults_so.  onload_func: 0x7895cfc6a8
03-02 12:19:18.471 25012 25012 D jni_lib_merge: Preparing to register libreactnativeblob_so.  onload_func: 0x7895eeccb4
03-02 12:19:18.471 25012 25012 D jni_lib_merge: Preparing to register libreactnativejni_so.  onload_func: 0x7895f3a6bc
03-02 12:19:18.471 25012 25012 D jni_lib_merge: Preparing to register libreactnativejni_common_so.  onload_func: 0x7895f4b044
03-02 12:19:18.471 25012 25012 D jni_lib_merge: Preparing to register librninstance_so.  onload_func: 0x7895f92764
03-02 12:19:18.471 25012 25012 D jni_lib_merge: Preparing to register libturbomodulejsijni_so.  onload_func: 0x78960aaf68
03-02 12:19:18.471 25012 25012 D jni_lib_merge: Preparing to register libuimanagerjni_so.  onload_func: 0x78960c3fb8
03-02 12:19:18.471 25012 25012 D jni_lib_merge: Preparing to register libyoga_so.  onload_func: 0x78960d3a3c
03-02 12:19:18.471 25012 25012 D jni_lib_merge: About to register 11 actual methods.
03-02 12:19:18.475  1621  1746 E JobScheduler.Background: Couldn't determine stopped state for unknown package: com.google.android.apps.turbo
03-02 12:19:18.475  1621  1746 E JobScheduler.Background: Couldn't determine stopped state for unknown package: com.google.android.apps.turbo
03-02 12:19:18.476  1621  1746 E JobScheduler.Background: Couldn't determine stopped state for unknown package: com.google.android.apps.turbo
03-02 12:19:18.476  1621  1746 E JobScheduler.Background: Couldn't determine stopped state for unknown package: com.google.android.apps.turbo
03-02 12:19:18.476  1621  1746 E JobScheduler.Background: Couldn't determine stopped state for unknown package: com.google.android.apps.turbo
03-02 12:19:18.480  2363  2395 D MediaPlayer: finalize() native_finalize called
03-02 12:19:18.481  2363  2395 D MediaPlayer: finalize() native_finalize finished
03-02 12:19:18.508 25012 25012 D nativeloader: Load /data/app/~~Bh61wenJZi6JNVEuOkVQfQ==/com.softnation.Ojam-nnCVAdHxKfOmup5FCuBDYQ==/base.apk!/lib/arm64-v8a/libreact_codegen_rnscreens.so using class loader ns clns-7 (caller=/data/app/~~Bh61wenJZi6JNVEuOkVQfQ==/com.softnation.Ojam-nnCVAdHxKfOmup5FCuBDYQ==/base.apk!classes20.dex): ok
03-02 12:19:18.508 25012 25012 D jni_lib_merge: Entering merged library JNI_OnLoad.
03-02 12:19:18.508 25012 25012 D jni_lib_merge: Preparing 12 pre-merged libs (including stub)
03-02 12:19:18.508 25012 25012 D jni_lib_merge: Preparing to register libfabricjni_so.  onload_func: 0x7895a8bce0
03-02 12:19:18.508 25012 25012 D jni_lib_merge: Preparing to register libreact_devsupportjni_so.  onload_func: 0x7895c85fc8
03-02 12:19:18.508 25012 25012 D jni_lib_merge: Preparing to register libreact_featureflagsjni_so.  onload_func: 0x7895c94518
03-02 12:19:18.508 25012 25012 D jni_lib_merge: Preparing to register libreact_newarchdefaults_so.  onload_func: 0x7895cfc6a8
03-02 12:19:18.508 25012 25012 D jni_lib_merge: Preparing to register libreactnativeblob_so.  onload_func: 0x7895eeccb4
03-02 12:19:18.508 25012 25012 D jni_lib_merge: Preparing to register libreactnativejni_so.  onload_func: 0x7895f3a6bc
03-02 12:19:18.508 25012 25012 D jni_lib_merge: Preparing to register libreactnativejni_common_so.  onload_func: 0x7895f4b044
03-02 12:19:18.508 25012 25012 D jni_lib_merge: Preparing to register librninstance_so.  onload_func: 0x7895f92764
03-02 12:19:18.508 25012 25012 D jni_lib_merge: Preparing to register libturbomodulejsijni_so.  onload_func: 0x78960aaf68
03-02 12:19:18.508 25012 25012 D jni_lib_merge: Preparing to register libuimanagerjni_so.  onload_func: 0x78960c3fb8
03-02 12:19:18.508 25012 25012 D jni_lib_merge: Preparing to register libyoga_so.  onload_func: 0x78960d3a3c
03-02 12:19:18.508 25012 25012 D jni_lib_merge: About to register 11 actual methods.
03-02 12:19:18.526 25012 25012 D nativeloader: Load /data/app/~~Bh61wenJZi6JNVEuOkVQfQ==/com.softnation.Ojam-nnCVAdHxKfOmup5FCuBDYQ==/base.apk!/lib/arm64-v8a/libreact_codegen_RNCSlider.so using class loader ns clns-7 (caller=/data/app/~~Bh61wenJZi6JNVEuOkVQfQ==/com.softnation.Ojam-nnCVAdHxKfOmup5FCuBDYQ==/base.apk!classes20.dex): ok
03-02 12:19:18.543 25012 25012 D nativeloader: Load /data/app/~~Bh61wenJZi6JNVEuOkVQfQ==/com.softnation.Ojam-nnCVAdHxKfOmup5FCuBDYQ==/base.apk!/lib/arm64-v8a/libreact_codegen_rnsvg.so using class loader ns clns-7 (caller=/data/app/~~Bh61wenJZi6JNVEuOkVQfQ==/com.softnation.Ojam-nnCVAdHxKfOmup5FCuBDYQ==/base.apk!classes20.dex): ok
03-02 12:19:18.543 25012 25012 D jni_lib_merge: Entering merged library JNI_OnLoad.
03-02 12:19:18.543 25012 25012 D jni_lib_merge: Preparing 12 pre-merged libs (including stub)
03-02 12:19:18.543 25012 25012 D jni_lib_merge: Preparing to register libfabricjni_so.  onload_func: 0x7895a8bce0
03-02 12:19:18.543 25012 25012 D jni_lib_merge: Preparing to register libreact_devsupportjni_so.  onload_func: 0x7895c85fc8
03-02 12:19:18.543 25012 25012 D jni_lib_merge: Preparing to register libreact_featureflagsjni_so.  onload_func: 0x7895c94518
03-02 12:19:18.543 25012 25012 D jni_lib_merge: Preparing to register libreact_newarchdefaults_so.  onload_func: 0x7895cfc6a8
03-02 12:19:18.543 25012 25012 D jni_lib_merge: Preparing to register libreactnativeblob_so.  onload_func: 0x7895eeccb4
03-02 12:19:18.543 25012 25012 D jni_lib_merge: Preparing to register libreactnativejni_so.  onload_func: 0x7895f3a6bc
03-02 12:19:18.543 25012 25012 D jni_lib_merge: Preparing to register libreactnativejni_common_so.  onload_func: 0x7895f4b044
03-02 12:19:18.543 25012 25012 D jni_lib_merge: Preparing to register librninstance_so.  onload_func: 0x7895f92764
03-02 12:19:18.543 25012 25012 D jni_lib_merge: Preparing to register libturbomodulejsijni_so.  onload_func: 0x78960aaf68
03-02 12:19:18.543 25012 25012 D jni_lib_merge: Preparing to register libuimanagerjni_so.  onload_func: 0x78960c3fb8
03-02 12:19:18.543 25012 25012 D jni_lib_merge: Preparing to register libyoga_so.  onload_func: 0x78960d3a3c
03-02 12:19:18.543 25012 25012 D jni_lib_merge: About to register 11 actual methods.
03-02 12:19:18.560 25012 25012 D nativeloader: Load /data/app/~~Bh61wenJZi6JNVEuOkVQfQ==/com.softnation.Ojam-nnCVAdHxKfOmup5FCuBDYQ==/base.apk!/lib/arm64-v8a/libreact_codegen_safeareacontext.so using class loader ns clns-7 (caller=/data/app/~~Bh61wenJZi6JNVEuOkVQfQ==/com.softnation.Ojam-nnCVAdHxKfOmup5FCuBDYQ==/base.apk!classes20.dex): ok
03-02 12:19:18.577 25012 25012 D nativeloader: Load /data/app/~~Bh61wenJZi6JNVEuOkVQfQ==/com.softnation.Ojam-nnCVAdHxKfOmup5FCuBDYQ==/base.apk!/lib/arm64-v8a/libappmodules.so using class loader ns clns-7 (caller=/data/app/~~Bh61wenJZi6JNVEuOkVQfQ==/com.softnation.Ojam-nnCVAdHxKfOmup5FCuBDYQ==/base.apk!classes20.dex): ok
03-02 12:19:18.582  2363  2477 D MiuiFreeformModeCornerTipHandler: task#37056 onTaskVanished
03-02 12:19:18.582  2363  2477 I MiuiBubbleController: removeBubble: 37056 reason=2
03-02 12:19:18.582  2363  2477 I MultiTaskingTaskRepository: onTaskInfoChanged multi list = [5, 4], full = [37056, 37055, 37052, 36980]
03-02 12:19:18.584  1621  4754 I PowerHalWrapper: amsBoostNotify pid:25012,activity:com.softnation.Ojam.MainActivity, package:com.softnation.Ojam, mProcessCreatePackcom.softnation.Ojam 
03-02 12:19:18.584  1621  4754 I PowerHalWrapper: state: 1 
03-02 12:19:18.585  1621  4754 I ScnModule: [GameDetection] packname: com.softnation.Ojam, apkSize: 113045479. 
03-02 12:19:18.585  1621  4754 I mtkpower_client: [PowerHal_Wrap_notifyAppState] com.softnation.Ojam/com.softnation.Ojam.MainActivity pid=25012 activityId:111516986 state:1
03-02 12:19:18.586   861   861 I vendor.mediatek.hardware.mtkpower_applist-service.mediatek: packName: com.softnation.Ojam actName: com.softnation.Ojam.MainActivity pid: 25012 activityId: 111516986 uid: 10337 state: 1
03-02 12:19:18.586   861   861 I MTK_APPList: [notifyAPPstate] com.softnation.Ojam/com.softnation.Ojam.MainActivity, pid=25012, activityId=111516986, uid=10337, state:RESUMED, fps:-1, win:0
03-02 12:19:18.586   861   861 I MTK_APPList: [notifyAPPstate] multi_resumed_app_count: 2
03-02 12:19:18.586   861   861 I MTK_APPList: [notifyAPPstate] multi_resumed_app_info[0] com.android.systemui/com.android.systemui._190038181, pid:2363, activityId:-1, fps:-1, isMultiWindow:0
03-02 12:19:18.586   861   861 I MTK_APPList: [notifyAPPstate] multi_resumed_app_info[1] com.softnation.Ojam/com.softnation.Ojam.MainActivity, pid:25012, activityId:111516986, fps:-1, isMultiWindow:0
03-02 12:19:18.586   861   861 I MTK_APPList: [getForegroundAPPCount] 2
03-02 12:19:18.586   861   861 I MTK_APPList: [notifyAPPstate] foreground:com.softnation.Ojam, pid:25012, activityId:111516986, uid:10337
03-02 12:19:18.586   861   861 I MTK_APPList: [notifyNetdUID] 10337
03-02 12:19:18.587  1621  4754 I PowerHalWrapper: amsBoostNotify AMS_BOOST_PROCESS_CREATE_BOOST:true 
03-02 12:19:18.587  1621  1621 D MBrainLocalService: isVendorFreezeConditionPass is false
03-02 12:19:18.587  1621  1621 E MBrainLocalService: notifyAppSwitch failed
03-02 12:19:18.587   861   861 I MTK_APPList: [notifyPID] 25012
03-02 12:19:18.587   863   958 I libPowerHal: [perfSetSysInfo] pid type:24, 25012
03-02 12:19:18.587  1621  1650 D ActivityManager: mediaResourceManagerBinder get success
03-02 12:19:18.588  1124 14457 D ResourceManagerServiceNew: update package name: com.softnation.Ojam
03-02 12:19:18.588   861   861 I MTK_APPList: [notifyAPPstate] pc:0, com.miui.home => com.softnation.Ojam
03-02 12:19:18.589  1124 14457 D ResourceManagerServiceNew: packageName: com.softnation.Ojam, uid : 10337, hashCode : 249883105
03-02 12:19:18.589  6515  7082 D PerfEngineController: ForegroundInfo{mForegroundPackageName='com.softnation.Ojam', mForegroundUid=10337, mForegroundPid=25012, mLastForegroundPackageName='com.miui.home', mLastForegroundUid=10166, mLastForegroundPid=1999, mMultiWindowForegroundPackageName='com.softnation.Ojam', mMultiWindowForegroundUid=10337, mFlags=1}
03-02 12:19:18.589  1621  1745 W AlarmManager: Unrecognized alarm listener com.android.server.usage.AppTimeLimitController$SessionUsageGroup@5bee104
03-02 12:19:18.589  1124 14457 D ResourceManagerServiceNew: ResourceManagerService::setCodecsVppModeWithLock
03-02 12:19:18.590  1124 14457 D ResourceManagerServiceNew: all codecs setVppMode return fail
03-02 12:19:18.590  1621  1907 D MiuiMultiWindowUtils: DeviceLevel.IS_MIUI_LITE_VERSION 2.0 not support miui multiWindowtides
03-02 12:19:18.590  6027 30298 I ProcessMonitor: onForegroundInfoChanged: ForegroundInfo{mForegroundPackageName='com.softnation.Ojam', mForegroundUid=10337, mForegroundPid=25012, mLastForegroundPackageName='com.miui.home', mLastForegroundUid=10166, mLastForegroundPid=1999, mMultiWindowForegroundPackageName='com.softnation.Ojam', mMultiWindowForegroundUid=10337, mFlags=1}
03-02 12:19:18.590  6027 30298 I VideoBoxUtils: isSupportVideoBox: false
03-02 12:19:18.591  6027 30298 I VideoToolBoxService: vtb is closed!!!
03-02 12:19:18.591  6027  6068 D v1      : myUserId = 0	currentUserId0
03-02 12:19:18.591  1621  1907 D BluetoothAdapter: getActiveDevices(profile= A2DP)
03-02 12:19:18.593  1621  1907 D BluetoothAdapter: getActiveDevices(profile= HEADSET)
03-02 12:19:18.595  1621  1907 D BluetoothAdapter: getActiveDevices(profile= LE_AUDIO)
03-02 12:19:18.596 18562 18581 E BluetoothAdapterService: getActiveDevices: LeAudioService is null
03-02 12:19:18.596  1621  1907 D AudioSystem: +setParameters(): foregroundUid=10337;bluetoothlowlatencystatus=false 
03-02 12:19:18.596  1621  1907 D AudioSystem: start get log level!
03-02 12:19:18.597 25012 25012 W Looper  : PerfMonitor longMsg : seq=3 plan=12:19:16.361 late=13ms wall=2215ms h=android.app.ActivityThread$H w=110 procState=-1
03-02 12:19:18.598   843 20263 D AudioALSAHardware: +setParameters(): bluetoothlowlatencystatus=false;foregroundUid=10337
03-02 12:19:18.598   843 20263 D AudioALSAHardware: -setParameters(): bluetoothlowlatencystatus=false;foregroundUid=10337
03-02 12:19:18.598 25012 25012 W libc    : Access denied finding property "ro.vendor.perf.scroll_opt"
03-02 12:19:18.598   843 20263 E AHAL_Module: setVendorParameters: default: unrecognized parameter "bluetoothlowlatencystatus=false;foregroundUid=10337"
03-02 12:19:18.598   894  1024 E ConversionHelperAidl: Function: parseAndSetVendorParameters Line: 97 Failed 
03-02 12:19:18.599   843 20263 D AHAL_ModuleBluetooth: setVendorParameters: parameter count 1, async: 0
03-02 12:19:18.600   843 20263 D AHAL_ModuleBluetooth: setVendorParameters: bluetoothlowlatencystatus=false;foregroundUid=10337
03-02 12:19:18.600 18562 18581 D BluetoothLatencyMode: ForegroundInfo{mForegroundPackageName='com.softnation.Ojam', mForegroundUid=10337, mForegroundPid=25012, mLastForegroundPackageName='com.miui.home', mLastForegroundUid=10166, mLastForegroundPid=1999, mMultiWindowForegroundPackageName='com.softnation.Ojam', mMultiWindowForegroundUid=10337, mFlags=1}
03-02 12:19:18.600 18562 18581 W LeAudioService: getLeAudioService(): service is NULL
03-02 12:19:18.601 18562 18581 D BluetoothLatencyMode: isWiredAudioHeadset.type: 1
03-02 12:19:18.601 18562 18581 D BluetoothLatencyMode: isWiredAudioHeadset.type: 2
03-02 12:19:18.601 18562 18581 D BluetoothLatencyMode: isWiredAudioHeadset.type: 18
03-02 12:19:18.601 18562 18581 D BluetoothLatencyMode: isWiredAudioHeadset.type: 14
03-02 12:19:18.601  6515  6997 D MilletUtils: setUidState, uid = 10337 allow = true
03-02 12:19:18.603  1621  2834 D MiSensorServiceImpl: PowerKeeperSensor resume iUid:10337 but app has not in Controlled
03-02 12:19:18.606 25012 25012 D nativeloader: Load libpowerhalwrap_jni.so using system ns (caller=/system_ext/framework/mediatek-framework.jar): ok
03-02 12:19:18.606 25012 25012 I PowerHalWrapper: PowerHalWrapper.getInstance 
03-02 12:19:18.607 25012 25012 I M-ProMotion: M-ProMotion is disabled
03-02 12:19:18.616 25012 25012 D FramePredict: FramePredict init: true
03-02 12:19:18.617 25012 25012 D UserSceneDetector: invoke error.
03-02 12:19:18.618 25012 25012 W Looper  : PerfMonitor doFrame : time=2ms vsyncFrame=20027844 latency=491ms procState=-1 historyMsgCount=3 (msgIndex=1 wall=2215ms seq=3 late=13ms h=android.app.ActivityThread$H w=110)
03-02 12:19:18.621 25012 25012 I ActivityThread: HardwareRenderer preload  done
03-02 12:19:18.624 25012 29162 D vulkan  : searching for layers in '/data/app/~~Bh61wenJZi6JNVEuOkVQfQ==/com.softnation.Ojam-nnCVAdHxKfOmup5FCuBDYQ==/lib/arm64'
03-02 12:19:18.625 25012 29162 D vulkan  : searching for layers in '/data/app/~~Bh61wenJZi6JNVEuOkVQfQ==/com.softnation.Ojam-nnCVAdHxKfOmup5FCuBDYQ==/base.apk!/lib/arm64-v8a'
03-02 12:19:18.628 25012 29162 D vulkan  : searching for layers in '/data/app/~~Bh61wenJZi6JNVEuOkVQfQ==/com.softnation.Ojam-nnCVAdHxKfOmup5FCuBDYQ==/lib/arm64'
03-02 12:19:18.628 25012 29162 D vulkan  : searching for layers in '/data/app/~~Bh61wenJZi6JNVEuOkVQfQ==/com.softnation.Ojam-nnCVAdHxKfOmup5FCuBDYQ==/base.apk!/lib/arm64-v8a'
03-02 12:19:18.640  1621  1856 D InetDiagMessage: Destroyed 0 sockets, proto=IPPROTO_TCP, family=AF_INET, states=14
03-02 12:19:18.642  1621  1856 D InetDiagMessage: Destroyed 0 sockets, proto=IPPROTO_TCP, family=AF_INET6, states=14
03-02 12:19:18.642  1621  1856 D InetDiagMessage: Destroyed live tcp sockets for uids={10097} in 4ms
03-02 12:19:18.642 25012 29162 D MMUD    : mtk_memory_debug_init com.softnation.Ojam 0xb400007c0895a5d0
03-02 12:19:18.644  1621  1856 D InetDiagMessage: Destroyed 0 sockets, proto=IPPROTO_TCP, family=AF_INET, states=14
03-02 12:19:18.645  1621  1856 D InetDiagMessage: Destroyed 0 sockets, proto=IPPROTO_TCP, family=AF_INET6, states=14
03-02 12:19:18.645  1621  1856 D InetDiagMessage: Destroyed live tcp sockets for uids={20097} in 3ms
03-02 12:19:18.654  1621  1918 E HyperSentinel: -------------------------------------------------------
03-02 12:19:18.655  1621  1918 E HyperSentinel: Event_ThreadAmount
03-02 12:19:18.655  1621  1918 E HyperSentinel: -> audit event by proc 25012 "usap64": running threads amount, 12 -> 23
03-02 12:19:18.677  1621  2834 I BroadcastQueue: BOOT_COMPLETED_BROADCAST_COMPLETION_LATENCY_REPORTED action:android.intent.action.BOOT_COMPLETED dispatchLatency:1 completeLatency:2321 dispatchRealLatency:2 completeRealLatency:2322 receiversSize:1 userId:0 userType:android.os.usertype.full.SYSTEM
03-02 12:19:18.694 25012 25012 D AppCompatDelegate: Checking for metadata for AppLocalesMetadataHolderService : Service not found
03-02 12:19:18.695  1621  2834 D AS.BtHelper: isBluetoothScoOn() mBluetoothHeadset is null: falsemBluetoothHeadsetDevice is null: true
03-02 12:19:18.695  1621  2834 V AS.AudioDeviceBroker: requestedCommunicationDevice: null mAudioModeOwner: AudioModeInfo: mMode=MODE_NORMAL, mPid=0, mUid=0
03-02 12:19:18.696  1621  2834 D AS.BtHelper: isBluetoothScoOn() mBluetoothHeadset is null: falsemBluetoothHeadsetDevice is null: true
03-02 12:19:18.696  1621  2834 V AS.AudioDeviceBroker: requestedCommunicationDevice: null mAudioModeOwner: AudioModeInfo: mMode=MODE_NORMAL, mPid=0, mUid=0
03-02 12:19:18.700  1621  1640 D AudioSystem: +setParameters(): gamebooster=false 
03-02 12:19:18.701  1621  1640 D AudioSystem: start get log level!
03-02 12:19:18.701   843 20263 D AudioALSAHardware: +setParameters(): gamebooster=false
03-02 12:19:18.702   843 20263 D AudioALSAHardware: -setParameters(): gamebooster=false
03-02 12:19:18.702   843 20263 E AHAL_Module: setVendorParameters: default: unrecognized parameter "gamebooster=false"
03-02 12:19:18.702   894  1024 E ConversionHelperAidl: Function: parseAndSetVendorParameters Line: 97 Failed 
03-02 12:19:18.703   849  1430 I hwcomposer: [HWC] (0)fire a callback of refresh to SF[4]  
03-02 12:19:18.703   843 20263 D AHAL_ModuleBluetooth: setVendorParameters: parameter count 1, async: 0
03-02 12:19:18.704   843 20263 D AHAL_ModuleBluetooth: setVendorParameters: gamebooster=false
03-02 12:19:18.706  1999  3489 D TaskStackChangeListeners: onTaskDescriptionChanged =  taskId = 37056
03-02 12:19:18.714  1999  3489 D TaskStackChangeListeners: onTaskDescriptionChanged =  taskId = 37056
03-02 12:19:18.715   921   921 I MI-SF   : surfaceflinger setAffinity mode=1
03-02 12:19:18.715   921   921 E MI-SF   : surfaceflinger setAffinity success
03-02 12:19:18.715   921   921 I MI-SF   : surfaceflinger setreAffinity reTid=1207
03-02 12:19:18.715   921   921 E MI-SF   : surfaceflinger setAffinity success
03-02 12:19:18.745 25012 29166 D MMUD    : get_leak_baseline 3246391296
03-02 12:19:18.754 25012 25012 I softnation.Ojam: hiddenapi: Accessing hidden method Landroid/view/ViewGroup;->makeOptionalFitsSystemWindows()V (runtime_flags=0, domain=platform, api=unsupported) from Landroidx/appcompat/widget/ViewUtils; (domain=app, TargetSdkVersion=36) using reflection: allowed
03-02 12:19:18.805  1621  1918 E HyperSentinel: -------------------------------------------------------
03-02 12:19:18.805  1621  1918 E HyperSentinel: Event_ThreadAmount
03-02 12:19:18.805  1621  1918 E HyperSentinel: -> audit event by proc 28637 "com.facebook.system": running threads amount, 0 -> 16
03-02 12:19:18.859  1621  1842 I MiuiNetworkPolicy: updateUidState uid = 10301, uidState = 19
03-02 12:19:18.867  1621  1842 I MiuiNetworkPolicy: updateUidState uid = 10301, uidState = 11
03-02 12:19:18.868  1055  1186 D connsyslogger: SD_LOG_ROOT is /data/debuglogger/connsyslog/fw.
03-02 12:19:18.868  1055  1186 D connsyslogger: systemReady:1
03-02 12:19:18.901  1621  1676 D SsruManagerImpl: MiSsru Sensor not init!!!!
03-02 12:19:18.901   853   853 I Accelerometer: batch: handle:0, flag:0,samplingPeriodNs:66667000 maxBatchReportLatencyNs:0

03-02 12:19:18.903  1621  4754 I SensorService: 	>>> actuating h/w activate handle=0x1 enabled=1
03-02 12:19:18.903   853   853 I Accelerometer: enable: handle:0, en:1

03-02 12:19:18.924 25012 25012 W unknown:BridgelessReact: ReactHost{0}.startSurface(surfaceId = 0): Schedule
03-02 12:19:18.924 25012 25012 W unknown:BridgelessReact: ReactHost{0}.attachSurface(surfaceId = 0)
03-02 12:19:18.925 25012 29187 W unknown:BridgelessReact: ReactHost{0}.getOrCreateReactInstanceTask()
03-02 12:19:18.925 25012 29187 W unknown:BridgelessReact: ReactHost{0}.getOrCreateReactInstanceTask(): Start
03-02 12:19:18.925 25012 29187 W unknown:BridgelessReact: ReactHost{0}.getJSBundleLoader()
03-02 12:19:18.925 25012 29187 W unknown:BridgelessReact: ReactHost{0}.isMetroRunning()
03-02 12:19:18.927   861   947 I libPerfCtl: xgfGetFPS pid:921 fps:-1
03-02 12:19:18.927   861   947 I libPerfCtl: xgfGetFPS pid:2363 fps:-1
03-02 12:19:18.941  1621  1922 I SmartPower: com.whatsapp/10300(11977): background->idle(3001ms) R(broadcast start Intent { act=android.intent.action.BATTERY_CHANGED flg=0x60000010 (has extras) }) adj=227.
03-02 12:19:18.943  1621  1922 I SmartPower: com.facebook.katana/10287(28735): background->idle(3001ms) R(broadcast start Intent { act=android.intent.action.BATTERY_CHANGED flg=0x60000010 (has extras) }) adj=700.
03-02 12:19:18.945 25012 25012 W libc    : Access denied finding property "ro.vendor.df.effect.conflict"
03-02 12:19:18.948  1621  4754 D AppLock_AccessControlImpl: activityResume packageName: com.softnation.Ojam userId: 0 enabled: true
03-02 12:19:18.948  1621  4754 D AppLock_AccessControlImpl: activityResume lockMode: 1
03-02 12:19:18.948 25012 25012 D SecurityManager: checkAccessControl flag1
03-02 12:19:18.950 25012 25012 W unknown:BridgelessReact: ReactHost{0}.onHostResume(activity)
03-02 12:19:18.958 25012 29160 I PowerHalWrapper: PowerHalWrapper.getInstance 
03-02 12:19:18.966 25012 25012 I SurfaceFactory: [static] sSurfaceFactory = com.mediatek.view.impl.SurfaceFactoryImpl@3781f37
03-02 12:19:18.967   921  1166 D SurfaceFlinger: [SF client] NEW(0xb400007caea46150) for (25012:com.softnation.Ojam)
03-02 12:19:18.973 25012 29190 W unknown:ReconnectingWebSocket: Couldn't connect to "ws://localhost:8081/message?device=2404ARN45A%20-%2015%20-%20API%2035&app=com.softnation.Ojam&clientid=BridgelessDevSupportManager", will silently retry
03-02 12:19:18.977 25012 29189 W unknown:ReactNative: The packager does not seem to be running as we got an IOException requesting its status: Failed to connect to localhost/127.0.0.1:8081
03-02 12:19:18.977 25012 29189 W unknown:BridgelessReact: ReactHost{0}.isMetroRunning(): Async result = false
03-02 12:19:18.978 25012 29191 W unknown:ReconnectingWebSocket: Couldn't connect to "ws://localhost:8081/message?device=2404ARN45A%20-%2015%20-%20API%2035&app=com.softnation.Ojam&clientid=BridgelessDevSupportManager", will silently retry
03-02 12:19:18.979 25012 29187 W unknown:BridgelessReact: ReactHost{0}.getOrCreateReactContext(): Creating BridgelessReactContext
03-02 12:19:18.981 25012 25012 D MiuiCameraCoveredManager: java.lang.NullPointerException: Attempt to invoke virtual method 'java.lang.String android.provider.MiuiSettings$SettingsCloudData$CloudData.getString(java.lang.String, java.lang.String)' on a null object reference
03-02 12:19:18.982 25012 29187 W unknown:BridgelessReact: ReactHost{0}.getOrCreateReactInstanceTask(): Creating ReactInstance
03-02 12:19:18.982 25012 25012 D FramePredict: init success
03-02 12:19:18.983  1621  4754 W ActivityManager: Permission Denial: getCurrentUser() from pid=25012, uid=10337 requires android.permission.INTERACT_ACROSS_USERS
03-02 12:19:18.984 25012 29193 E FramePredict: registerContentObserver fail
03-02 12:19:18.989 25012 29162 W libc    : Access denied finding property "ro.vendor.display.iris_x7.support"
03-02 12:19:18.994 25012 25012 I ForceDarkHelperStubImpl: setViewRootImplForceDark: false for com.softnation.Ojam.MainActivity@db08fa, reason: AppDarkModeEnable
03-02 12:19:18.994 25012 25012 D VRI[MainActivity]: hardware acceleration = true, forceHwAccelerated = false
03-02 12:19:18.997   921  1166 D SurfaceFlinger: [SF client] NEW(0xb400007caea1f840) for (1621:system_server)
03-02 12:19:18.998   921  1500 I BufferQueueDebug: [6c321fd com.softnation.Ojam/com.softnation.Ojam.MainActivity#135161](this:0xb400007bcec8c358,id:-1,api:0,p:-1,c:-1) BufferQueue core=(921:/system/bin/surfaceflinger)
03-02 12:19:19.006  1621  1651 I ActivityTaskManager: visible for Task{1127748 #37056 type=standard A=10337:com.softnation.Ojam} visible = true isAnimating = false TRANSITION = false PARENTS = false CHILDREN = false
03-02 12:19:19.006  1621  1918 E HyperSentinel: -------------------------------------------------------
03-02 12:19:19.006  1621  1918 E HyperSentinel: Event_ThreadAmount
03-02 12:19:19.007  1621  1918 E HyperSentinel: -> audit event by proc 25012 "usap64": running threads amount, 23 -> 45
03-02 12:19:19.007  1621  1918 E HyperSentinel: -------------------------------------------------------
03-02 12:19:19.007  1621  1918 E HyperSentinel: Event_ResidentSize
03-02 12:19:19.007  1621  1918 E HyperSentinel: -> audit event by proc 25012 "usap64": RSS increasement, peak 166000kb -> 249008kb
03-02 12:19:19.007   849   868 I hwcomposer: [HWCDisplay] (0 updateFps():3667), (type:1, mode:2) fps:11.793820,dur:1187.06,max:294.81,min:14.73  
03-02 12:19:19.008   921   921 I MI-SF   : surfaceflinger setAffinity mode=0
03-02 12:19:19.008   921   921 E MI-SF   : surfaceflinger setAffinity success
03-02 12:19:19.010  2363  2477 I MultiTaskingTaskRepository: needSkip: is home task
03-02 12:19:19.011  2363  2477 D MultiTaskingTaskRepository: addOrMoveFullscreenTaskToTop taskId=37056
03-02 12:19:19.011  2363  2477 D MiuiFreeformModeCornerTipHandler: task#37056 onTaskVanished
03-02 12:19:19.011  2363  2477 I MiuiBubbleController: removeBubble: 37056 reason=2
03-02 12:19:19.011  2363  2477 I MultiTaskingTaskRepository: onTaskInfoChanged multi list = [5, 4], full = [37056, 37055, 37052, 36980]
03-02 12:19:19.011  2363  2477 D MiuiFreeformModeController: onFocusTaskChanged taskInfo: TaskInfo{userId=0 taskId=37056 displayId=0 isRunning=true baseIntent=Intent { flg=0x10000000 cmp=com.softnation.Ojam/.MainActivity } baseActivity=ComponentInfo{com.softnation.Ojam/com.softnation.Ojam.MainActivity} topActivity=ComponentInfo{com.softnation.Ojam/com.softnation.Ojam.MainActivity} origActivity=null realActivity=ComponentInfo{com.softnation.Ojam/com.softnation.Ojam.MainActivity} numActivities=1 lastActiveTime=1033318003 supportsSplitScreenMultiWindow=true supportsMultiWindow=true resizeMode=1 isResizeable=true minWidth=-1 minHeight=-1 defaultMinSize=200 token=WCT{android.window.IWindowContainerToken$Stub$Proxy@1049ca7} topActivityType=1 pictureInPictureParams=null shouldDockBigOverlays=false launchIntoPipHostTaskId=-1 lastParentTaskIdBeforePip=-1 displayCutoutSafeInsets=null topActivityInfo=ActivityInfo{6dbc554 com.softnation.Ojam.MainActivity} launchCookies=[] positionInParent=Point(0, 0) parentTaskId=-1 isFocused=true isVisible=true isVisibleRequested=true isSleeping=false locusId=null displayAreaFeatureId=1 isTopActivityTransparent=false appCompatTaskInfo=AppCompatTaskInfo { topActivityInSizeCompat=false topActivityEligibleForLetterboxEducation= falseisLetterboxEducationEnabled= false isLetterboxDoubleTapEnabled= false topActivityEligibleForUserAspectRatioButton= false topActivityBoundsLetterboxed= false isFromLetterboxDoubleTap= false topActivityLetterboxVerticalPosition= -1 topActivityLetterboxHorizontalPosition= -1 topActivityLetterboxWidth=1080 topActivityLetterboxHeight=2460 isUserFullscreenOverrideEnabled=false isSystemFullscreenOverrideEnabled=false cameraCompatTaskInfo=CameraCompatTaskInfo { cameraCompatControlState=hidden freeformCameraCompatMode=inactive}} isImmersive=false mTopActivityRequestOrientation=1 mBehindAppLockPkg=null mOriginatingUid=0 isEmbedded=false shouldBeVisible=true mIsCastMode=false mTopActivityMediaSize=null mTopActivityRecordName=ActivityRecord{6a59d3a u0 com.softnation.Ojam/.MainActivity t37056} mTopActivityOrientation=1}
03-02 12:19:19.014  1621  4754 I ATMSImpl: cacheTasksForDefaultDisplay size=5
03-02 12:19:19.019 25012 25012 D InputEventReceiver: Input log is disabled in InputEventReceiver.
03-02 12:19:19.021  1999  1999 D RecentsImpl: mActivityStateObserver com.softnation.Ojam.MainActivity
03-02 12:19:19.022  1999  1999 W RecentsImpl: onResumed className=com.softnation.Ojam.MainActivity   forceUpdate=false   mIsInAnotherPro=false   isKeyguardLocked=false   mIsStatusBarExpansion=false   mSecuritySpaceGuideShown=false
03-02 12:19:19.024 25012 25012 W Looper  : PerfMonitor looperActivity : package=com.softnation.Ojam/.MainActivity time=0ms latency=438ms  procState=-1  historyMsgCount=5 (msgIndex=1 wall=2215ms seq=3 late=13ms h=android.app.ActivityThread$H w=110) (msgIndex=5 wall=402ms seq=7 late=34ms h=android.app.ActivityThread$H w=159)
03-02 12:19:19.028 25012 25012 D DecorViewImmersiveImpl: onAttachedToWindow:com.softnation.Ojam/com.softnation.Ojam.MainActivity
03-02 12:19:19.030 25012 29187 D nativeloader: Load /data/app/~~Bh61wenJZi6JNVEuOkVQfQ==/com.softnation.Ojam-nnCVAdHxKfOmup5FCuBDYQ==/base.apk!/lib/arm64-v8a/libhermes.so using class loader ns clns-7 (caller=/data/app/~~Bh61wenJZi6JNVEuOkVQfQ==/com.softnation.Ojam-nnCVAdHxKfOmup5FCuBDYQ==/base.apk!classes20.dex): ok
03-02 12:19:19.036 25012 29187 D nativeloader: Load /data/app/~~Bh61wenJZi6JNVEuOkVQfQ==/com.softnation.Ojam-nnCVAdHxKfOmup5FCuBDYQ==/base.apk!/lib/arm64-v8a/libhermestooling.so using class loader ns clns-7 (caller=/data/app/~~Bh61wenJZi6JNVEuOkVQfQ==/com.softnation.Ojam-nnCVAdHxKfOmup5FCuBDYQ==/base.apk!classes20.dex): ok
03-02 12:19:19.036 25012 29187 D jni_lib_merge: Entering merged library JNI_OnLoad.
03-02 12:19:19.036 25012 29187 D jni_lib_merge: Preparing 4 pre-merged libs (including stub)
03-02 12:19:19.036 25012 29187 D jni_lib_merge: Preparing to register libhermes_executor_so.  onload_func: 0x77ebce97e0
03-02 12:19:19.036 25012 29187 D jni_lib_merge: Preparing to register libhermesinstancejni_so.  onload_func: 0x77ebd1f26c
03-02 12:19:19.036 25012 29187 D jni_lib_merge: Preparing to register libjsijniprofiler_so.  onload_func: 0x77ebd212bc
03-02 12:19:19.036 25012 29187 D jni_lib_merge: About to register 3 actual methods.
03-02 12:19:19.040  1621  2834 D CoreBackPreview: Window{6c321fd u0 com.softnation.Ojam/com.softnation.Ojam.MainActivity}: Setting back callback OnBackInvokedCallbackInfo{mCallback=android.window.IOnBackInvokedCallback$Stub$Proxy@ce313ec, mPriority=0, mIsAnimationCallback=false}
03-02 12:19:19.048   921  1500 I BufferQueueDebug: [com.softnation.Ojam/com.softnation.Ojam.MainActivity#135162](this:0xb400007bcecc5298,id:-1,api:0,p:-1,c:-1) BufferQueue core=(921:/system/bin/surfaceflinger)
03-02 12:19:19.051  1621  2834 D MiuiRefreshRatePolicy: reset
03-02 12:19:19.054  1621  2834 W WindowManager: Changing focus from null to Window{6c321fd u0 com.softnation.Ojam/com.softnation.Ojam.MainActivity} displayId=0 Callers=com.android.server.wm.RootWindowContainer.updateFocusedWindowLocked:602 com.android.server.wm.WindowManagerService.updateFocusedWindowLocked:7168 com.android.server.wm.WindowManagerService.relayoutWindowInner:3076 com.android.server.wm.WindowManagerService.relayoutWindow:2724 
03-02 12:19:19.054  1621  2834 I whetstone.activity: Power Event callback listener is empty for resId=32
03-02 12:19:19.054  1621  2834 D BatteryStatsManagerStub: notifyEvent for resId=32 used 0ms
03-02 12:19:19.055   921  1500 I BufferQueueDebug: [Surface(name=5b2ee94 StatusBar#103)/@0xf6cf932 - animation-leash of insets_animation#135163](this:0xb400007bcecd3668,id:-1,api:0,p:-1,c:-1) BufferQueue core=(921:/system/bin/surfaceflinger)
03-02 12:19:19.057   921  1500 I BufferQueueDebug: [Surface(name=77d8129 NavigationBar0#101614)/@0x3faba4f - animation-leash of insets_animation#135164](this:0xb400007bcec91e78,id:-1,api:0,p:-1,c:-1) BufferQueue core=(921:/system/bin/surfaceflinger)
03-02 12:19:19.058  1621  2834 D WindowManager: wms.Input focus has changed to Window{6c321fd u0 com.softnation.Ojam/com.softnation.Ojam.MainActivity} display=0 updateInputWindows = true
03-02 12:19:19.058  1621  2834 I MultiSenceManagerInternalStub: getInstance
03-02 12:19:19.058  1621  1928 I MultiSenceManagerInternalStubImpl: packageName = com.softnation.Ojam
03-02 12:19:19.059  1621  1928 W ContextImpl: Calling a method in the system process without a qualified user: android.app.ContextImpl.sendBroadcast:1260 com.android.server.wm.MultiSenceManagerInternalStubImpl.sendFocusWindowsBroadcast:148 com.android.server.wm.MultiSenceManagerInternalStubImpl$UpdateScreenStatus.run:98 android.os.Handler.handleCallback:959 android.os.Handler.dispatchMessage:100 
03-02 12:19:19.059  1621  2834 I WindowManager: Relayout Window{6c321fd u0 com.softnation.Ojam/com.softnation.Ojam.MainActivity}: oldVis=4 newVis=0 focusMayChange = true requestedWidth = 1080 requestedHeight = 2460 outFrames = ClientWindowFrames{frame=[0,0][1080,2460] display=[0,0][1080,2460] parentFrame=[0,0][0,0]} outSurfaceControl = Surface(name=com.softnation.Ojam/com.softnation.Ojam.MainActivity#135162)/@0x7e382d8
03-02 12:19:19.059  1621  1928 W ActivityManagerServiceImpl: Sending non-protected broadcast com.xiaomi.multisence.action.FOCUSED_CHANGE from system 1621:system/1000 pkg android. Callers=com.android.server.am.ActivityManagerService.checkBroadcastFromSystem:16365 com.android.server.am.ActivityManagerService.broadcastIntentLockedTraced:17236 com.android.server.am.ActivityManagerService.broadcastIntentLocked:16425 com.android.server.am.ActivityManagerService.broadcastIntentWithFeature:17459 android.app.ContextImpl.sendBroadcast:1264 
03-02 12:19:19.064 25012 25012 D BufferQueueConsumer: [](id:61b400000000,api:0,p:-1,c:25012) connect: controlledByApp=false
03-02 12:19:19.067  1621  1651 I ActivityTaskManager: visible for Task{1127748 #37056 type=standard A=10337:com.softnation.Ojam} visible = true isAnimating = false TRANSITION = false PARENTS = false CHILDREN = false
03-02 12:19:19.067  1621  1651 D SurfaceComposerClient: Transaction::apply InputWindowCommands.focusRequests timestamp=615552609018227, windowName=6c321fd com.softnation.Ojam/com.softnation.Ojam.MainActivity
03-02 12:19:19.069 25012 25012 D BLASTBufferQueue: [VRI[MainActivity]#0](f:0,a:0) constructor()
03-02 12:19:19.069 25012 25012 D BLASTBufferQueue: [VRI[MainActivity]#0](f:0,a:0) update width=1080 height=2460 format=-1 mTransformHint=0
03-02 12:19:19.077 25012 25012 D VRI[MainActivity]: vri.reportNextDraw android.view.ViewRootImpl.performTraversals:4984 android.view.ViewRootImpl.doTraversal:3564 android.view.ViewRootImpl$TraversalRunnable.run:11781 android.view.Choreographer$CallbackRecord.run:1804 android.view.Choreographer$CallbackRecord.run:1813 
03-02 12:19:19.085   921   921 D SurfaceFlinger: Focus addInputWindowCommands timestamp=615552609018227, windowName=6c321fd com.softnation.Ojam/com.softnation.Ojam.MainActivity
03-02 12:19:19.085   921   921 I SurfaceFlinger: onHandleDestroyed: name=Surface(name=77d8129 NavigationBar0#101614)/@0x3faba4f - animation-leash of insets_animation#135160, layerId=135160, parentId=0
