03-02 12:19:17.305   863   958 I libPowerHal: [perfLockRel] Done for hdl : 371096
03-02 12:19:17.306  1621  1663 W ActivityManagerServiceImpl: Sending non-protected broadcast miui.intent.KEYCODE_BACK from system 1621:system/1000 pkg android. Callers=com.android.server.am.ActivityManagerService.checkBroadcastFromSystem:16365 com.android.server.am.ActivityManagerService.broadcastIntentLockedTraced:17236 com.android.server.am.ActivityManagerService.broadcastIntentLocked:16425 com.android.server.am.ActivityManagerService.broadcastIntentWithFeature:17459 android.app.ContextImpl.sendBroadcastAsUser:1495 
03-02 12:19:17.308  1621  1800 I MIUIInput: [KeyEvent] publisher action:0x0,  keyCode:4 , deviceId=-1, 615550789,channel 'f0a2d0 NotificationShade (server)' 
03-02 12:19:17.309  2363  2363 I MIUIInput: [KeyEvent] ViewRootImpl windowName 'NotificationShade', KeyEvent { action=ACTION_DOWN, keyCode=KEYCODE_BACK, scanCode=0, metaState=0, flags=0x48, repeatCount=0, eventTime=615550789000000, downTime=615550789000000, deviceId=-1, source=0x101, displayId=0 }, phoneEventTime=12:19:17.240
03-02 12:19:17.309  2363  2363 I MIUIInput: OnBackInvokedCallback is enabled, drop Back Key Event
03-02 12:19:17.311  1621  1800 I MIUIInput: [KeyEvent] publisher action:0x1,  keyCode:4 , deviceId=-1, 615550851,channel 'f0a2d0 NotificationShade (server)' 
03-02 12:19:17.312  2363  2363 I MIUIInput: [KeyEvent] ViewRootImpl windowName 'NotificationShade', KeyEvent { action=ACTION_UP, keyCode=KEYCODE_BACK, scanCode=0, metaState=0, flags=0x48, repeatCount=0, eventTime=615550851000000, downTime=615550789000000, deviceId=-1, source=0x101, displayId=0 }, phoneEventTime=12:19:17.302
03-02 12:19:17.312  2363  2363 I MIUIInput: OnBackInvokedCallback is enabled, drop Back Key Event
03-02 12:19:17.319  1999  1999 D TouchInteractionService: onSystemUiFlagsChanged, mSystemUiStateFlags=10000004
03-02 12:19:17.322  2363  2363 D NotificationPanelView: mHidePanelPending=true
03-02 12:19:17.322  2363  2363 D NotificationPanelExpandController: hide true
03-02 12:19:17.322  2363  2363 D NotificationPanelExpandController: expand height changed to 0.0
03-02 12:19:17.322  2363  2363 D NotificationPanelExpandController: panelAppearance to false
03-02 12:19:17.323  2363  2363 I QS      : setListening false
03-02 12:19:17.323  2363  3015 D BrightnessController: BrightnessObserver: stopObserving.
03-02 12:19:17.323  2363  2363 D NotificationHeaderExpandController: onAppearanceChanged appearance: false  animate: true 
03-02 12:19:17.329  1621  2188 D PackageManager: set app component=ComponentInfo{com.facebook.katana/com.facebook.ads.internal.ipc.AudienceNetworkRemoteService} enabled state: 1 from com.facebook.katana,uid=10287,pid=28735
03-02 12:19:17.330  1621  5247 D PackageManager: set app component=ComponentInfo{com.facebook.katana/com.facebook.ads.internal.ipc.AudienceNetworkExportedActivity} enabled state: 1 from com.facebook.katana,uid=10287,pid=28735
03-02 12:19:17.332  1621  2188 D PackageManager: set app component=ComponentInfo{com.facebook.katana/com.facebook.ads.internal.ipc.AudienceNetworkRemoteActivity} enabled state: 1 from com.facebook.katana,uid=10287,pid=28735
03-02 12:19:17.332  2363  2363 D ShadeListBuilder: postBuildList: false->true
03-02 12:19:17.332  2363  2363 D View    : View setForceSDFT: true
03-02 12:19:17.333  2363  2363 D View    : View setForceSDFT: true
03-02 12:19:17.334  2363  2363 D View    : View setForceSDFT: true
03-02 12:19:17.334  2363  2363 D View    : View setForceSDFT: true
03-02 12:19:17.334  2363  2363 D View    : View setForceSDFT: true
03-02 12:19:17.334  2363  2363 D View    : View setForceSDFT: true
03-02 12:19:17.334  2363  2363 D NotificationHeaderExpandController: onExpansionChanged: progress =  0.9553131
03-02 12:19:17.335  2363  2363 D View    : View setForceSDFT: true
03-02 12:19:17.335  2363  2363 D View    : View setForceSDFT: true
03-02 12:19:17.337  2363  2363 D View    : View setForceSDFT: false
03-02 12:19:17.340  1621  2188 D MiuiRefreshRatePolicy: reset
03-02 12:19:17.343  1621  2188 W WindowManager: Changing focus from Window{f0a2d0 u0 NotificationShade} to null displayId=0 Callers=com.android.server.wm.RootWindowContainer.updateFocusedWindowLocked:602 com.android.server.wm.WindowManagerService.updateFocusedWindowLocked:7168 com.android.server.wm.WindowManagerService.relayoutWindowInner:3076 com.android.server.wm.WindowManagerService.relayoutWindow:2724 
03-02 12:19:17.345   921  1587 I BufferQueueDebug: [Surface(name=5b2ee94 StatusBar#103)/@0xf6cf932 - animation-leash of insets_animation#135155](this:0xb400007bceca8af8,id:-1,api:0,p:-1,c:-1) BufferQueue core=(921:/system/bin/surfaceflinger)
03-02 12:19:17.348  2363  2363 I ShareNetworkControllerImpl: stop
03-02 12:19:17.350   921  1587 I BufferQueueDebug: [Surface(name=77d8129 NavigationBar0#101614)/@0x3faba4f - animation-leash of insets_animation#135156](this:0xb400007bcecd08d8,id:-1,api:0,p:-1,c:-1) BufferQueue core=(921:/system/bin/surfaceflinger)
03-02 12:19:17.352  1621  2188 D WindowManager: wms.Input focus has changed to null display=0 updateInputWindows = true
03-02 12:19:17.352  1621  2188 I MultiSenceManagerInternalStub: getInstance
03-02 12:19:17.353 26375 26390 I MiuiNearbyService: unregister from 2363
03-02 12:19:17.356  2363  2363 D NotificationHeaderExpandController: onExpansionChanged: progress =  0.84729207
03-02 12:19:17.356  1621  2188 D MiuiRefreshRatePolicy: reset
03-02 12:19:17.364  2363  2363 D NotificationHeaderExpandController: onExpansionChanged: progress =  0.71684337
03-02 12:19:17.364  1621  1651 I ActivityTaskManager: visible for Task{1127748 #37056 type=standard A=10337:com.softnation.Ojam} visible = true isAnimating = false TRANSITION = false PARENTS = false CHILDREN = false
03-02 12:19:17.365   921   921 I BufferQueueProducer: [NotificationShade#135144](this:0xb400007bcecc5298,id:-1,api:0,p:-1,c:921) queueBuffer: fps=1.69 dur=1182.78 max=1149.46 min=33.31
03-02 12:19:17.365  1621  1651 D SurfaceComposerClient: Transaction::apply InputWindowCommands.focusRequests timestamp=615550908155996, windowName=<null>
03-02 12:19:17.367  1999  1999 D TouchInteractionService: onSystemUiFlagsChanged, mSystemUiStateFlags=10020004
03-02 12:19:17.378  2363  2363 D NotificationHeaderExpandController: onExpansionChanged: progress =  0.58668935
03-02 12:19:17.380   921   921 D SurfaceFlinger: Focus addInputWindowCommands timestamp=615550908155996, windowName=<null>
03-02 12:19:17.381   921   921 I SurfaceFlinger: onHandleDestroyed: name=Surface(name=77d8129 NavigationBar0#101614)/@0x3faba4f - animation-leash of insets_animation#135147, layerId=135147, parentId=0
03-02 12:19:17.381   921   921 I SurfaceFlinger: onHandleDestroyed: name=Surface(name=5b2ee94 StatusBar#103)/@0xf6cf932 - animation-leash of insets_animation#135146, layerId=135146, parentId=0
03-02 12:19:17.382   863   958 I mtkpower@impl: [powerd_req] TIMER_MSG_PERF_LOCK_TIMEOUT hdl:371097
03-02 12:19:17.382   863   958 I libPowerHal: [perfLockRel] hdl:371097, idx:4
03-02 12:19:17.383   863   958 I libPowerHal: [unsetGPUFreq] current min:0, max:0; scn_gpu_min:0, scn_gpu_max:-1; scn_gpu_min(HL):-1, scn_gpu_max(HL):-1
03-02 12:19:17.383   863   958 I libPowerHal: MTKPOWER_HINT_APP_TOUCH: set gpu opp level: 31
03-02 12:19:17.383   863   958 I libPowerHal: MTKPOWER_HINT_APP_TOUCH: set gpu opp level max: 0
03-02 12:19:17.383   863   958 I libPowerHal: [setGPUFreq] Soft min/max = (31, 0); Hard min/max = (31, 0)
03-02 12:19:17.383   863   958 I libPowerHal: [setGPUFreq] final min/max = (31, 0)
03-02 12:19:17.383   863   958 I libPowerHal: MTKPOWER_HINT_APP_TOUCH: set gpu opp level: 31
03-02 12:19:17.383   863   958 I libPowerHal: MTKPOWER_HINT_APP_TOUCH: set gpu opp level max: 0
03-02 12:19:17.383   863   958 I libPowerHal: [PD] MTKPOWER_HINT_APP_TOUCH update cmd:1408100 param:0, pr:6
03-02 12:19:17.389   921  1483 D SurfaceFlinger: updateWinowInfo=1, setFocusedWindow timestamp=615550908155996, windowName=<null>
03-02 12:19:17.390  1621  4427 D InputDispatcher: setFocusedWindow <null> on display 0 ignored, reason: already focused
03-02 12:19:17.391   863   958 I libPowerHal: [PD] MTKPOWER_HINT_APP_TOUCH update cmd:410000 param:0, pr:6
03-02 12:19:17.392   863   958 I libPowerHal: value: 0
03-02 12:19:17.392   863   958 I libPowerHal: [PD] MTKPOWER_HINT_APP_TOUCH update cmd:410000 param:0 pr:6
03-02 12:19:17.393   863   958 I libPowerHal: [perfLockRel] Done for hdl : 371097
03-02 12:19:17.396  2363  2363 D NotificationHeaderExpandController: onExpansionChanged: progress =  0.4683195
03-02 12:19:17.397   921   921 I BufferQueueDebug: [Surface(name=77d8129 NavigationBar0#101614)/@0x3faba4f - animation-leash of insets_animation#135147](this:0xb400007bcec6fbb8,id:-1,api:0,p:-1,c:921) onDestructor()
03-02 12:19:17.397   921   921 I BufferQueueDebug: [Surface(name=5b2ee94 StatusBar#103)/@0xf6cf932 - animation-leash of insets_animation#135146](this:0xb400007bcec91e78,id:-1,api:0,p:-1,c:921) onDestructor()
03-02 12:19:17.413  2363  2363 E adTracker: Value 4BCt5iDjtfTdW7SXk1lFRzRpVoNKlqWsHMGfg5Xdj8Y of type java.lang.String cannot be converted to JSONObject
03-02 12:19:17.417  2363  2363 D NotificationHeaderExpandController: onExpansionChanged: progress =  0.36649865
03-02 12:19:17.430  2363  2363 D NotificationHeaderExpandController: onExpansionChanged: progress =  0.28216362
03-02 12:19:17.432  2363  2363 D NotificationHeaderExpandController: onExpansionChanged: progress =  0.28216362
03-02 12:19:17.444 28735 29084 D nativeloader: Load /data/data/com.facebook.katana/lib-compressed/libfb_jpegturbo.so using class loader ns clns-7 (caller=/data/app/~~D6pxJj0wCihn6bL7dRHGfw==/com.facebook.katana-ytDRDVfsDJQ7KNzIgYIFlA==/base.apk): ok
03-02 12:19:17.445  2363  2363 D NotificationHeaderExpandController: onExpansionChanged: progress =  0.21422397
03-02 12:19:17.462  2363  2363 D NotificationHeaderExpandController: onExpansionChanged: progress =  0.16066194
03-02 12:19:17.473 28735 29084 D nativeloader: Load /data/data/com.facebook.katana/lib-compressed/libscrollmerged.so using class loader ns clns-7 (caller=/data/app/~~D6pxJj0wCihn6bL7dRHGfw==/com.facebook.katana-ytDRDVfsDJQ7KNzIgYIFlA==/base.apk): ok
03-02 12:19:17.477 28735 28825 E fb4a.ColdstartExperimentsController: unable to set dex config
03-02 12:19:17.477 28735 28825 E fb4a.ColdstartExperimentsController: java.lang.IllegalStateException: Main DexStore is null
03-02 12:19:17.477 28735 28825 E fb4a.ColdstartExperimentsController: 	at X.001.A0P(:2)
03-02 12:19:17.477 28735 28825 E fb4a.ColdstartExperimentsController: 	at com.facebook.common.dextricksdi.ColdstartExperimentsController.A00(Unknown Source:217)
03-02 12:19:17.477 28735 28825 E fb4a.ColdstartExperimentsController: 	at com.facebook.common.dextricksdi.ColdstartExperimentsController.A01(Unknown Source:68)
03-02 12:19:17.477 28735 28825 E fb4a.ColdstartExperimentsController: 	at X.7gK.A0I(Unknown Source:1287)
03-02 12:19:17.477 28735 28825 E fb4a.ColdstartExperimentsController: 	at X.7gK.A0L(Unknown Source:4)
03-02 12:19:17.477 28735 28825 E fb4a.ColdstartExperimentsController: 	at X.7gK.A0K(Unknown Source:4)
03-02 12:19:17.477 28735 28825 E fb4a.ColdstartExperimentsController: 	at X.7gK.A0M(Unknown Source:4)
03-02 12:19:17.477 28735 28825 E fb4a.ColdstartExperimentsController: 	at X.7gK.A0u(Unknown Source:4)
03-02 12:19:17.477 28735 28825 E fb4a.ColdstartExperimentsController: 	at X.2FI.run(Unknown Source:446)
03-02 12:19:17.477 28735 28825 E fb4a.ColdstartExperimentsController: 	at X.2GA.call(Unknown Source:245)
03-02 12:19:17.477 28735 28825 E fb4a.ColdstartExperimentsController: 	at java.util.concurrent.FutureTask.run(FutureTask.java:317)
03-02 12:19:17.477 28735 28825 E fb4a.ColdstartExperimentsController: 	at X.WMo.A00(Unknown Source:19)
03-02 12:19:17.477 28735 28825 E fb4a.ColdstartExperimentsController: 	at X.1Gj.call(Unknown Source:48)
03-02 12:19:17.477 28735 28825 E fb4a.ColdstartExperimentsController: 	at java.util.concurrent.FutureTask.run(FutureTask.java:317)
03-02 12:19:17.477 28735 28825 E fb4a.ColdstartExperimentsController: 	at X.1FR.run(Unknown Source:2)
03-02 12:19:17.477 28735 28825 E fb4a.ColdstartExperimentsController: 	at X.0x6.run(:5)
03-02 12:19:17.477 28735 28825 E fb4a.ColdstartExperimentsController: 	at X.1Di.run(Unknown Source:2)
03-02 12:19:17.477 28735 28825 E fb4a.ColdstartExperimentsController: 	at java.util.concurrent.ThreadPoolExecutor.runWorker(ThreadPoolExecutor.java:1154)
03-02 12:19:17.477 28735 28825 E fb4a.ColdstartExperimentsController: 	at java.util.concurrent.ThreadPoolExecutor$Worker.run(ThreadPoolExecutor.java:652)
03-02 12:19:17.477 28735 28825 E fb4a.ColdstartExperimentsController: 	at X.1Dp.run(Unknown Source:3)
03-02 12:19:17.477 28735 28825 E fb4a.ColdstartExperimentsController: 	at X.1Dq.run(Unknown Source:17)
03-02 12:19:17.477 28735 28825 E fb4a.ColdstartExperimentsController: 	at java.lang.Thread.run(Thread.java:1563)
03-02 12:19:17.478  2363  2363 D NotificationHeaderExpandController: onExpansionChanged: progress =  0.119170256
03-02 12:19:17.495  2363  2363 D NotificationHeaderExpandController: onExpansionChanged: progress =  0.08750118
03-02 12:19:17.498  1177  1177 I thermal_src: recvmsg_expect 5, but get 2 
03-02 12:19:17.498  1177  1177 V thermal_src: TA_DAEMON_CMD_GET_TPCB:ERROR ret=-1
03-02 12:19:17.498  1177  1177 E thermal_src: get_tpcb_from_kernel:error -1. retry...
03-02 12:19:17.499  1177  1177 I thermal_src: recvmsg_expect 4, but get 5 
03-02 12:19:17.499  1177  1177 V thermal_src: TA_DAEMON_CMD_SET_TTJ:ERROR ret=-1
03-02 12:19:17.499  1177  1177 E thermal_src: set_ttj_to_kernel 1:error -1
03-02 12:19:17.499  1177  1177 I thermal_src: recvmsg_expect 2, but get 4 
03-02 12:19:17.499  1177  1177 V thermal_src: waiting NOTIFY from kernel miss, -1
03-02 12:19:17.507 28735 28843 W ExperimentConfigurator: No runner available for app init optimizations
03-02 12:19:17.512  2363  2363 D NotificationHeaderExpandController: onExpansionChanged: progress =  0.063638374
03-02 12:19:17.528  2363  2363 D NotificationHeaderExpandController: onExpansionChanged: progress =  0.045862813
03-02 12:19:17.545  2363  2363 D NotificationHeaderExpandController: onExpansionChanged: progress =  0.032759413
03-02 12:19:17.559  1621  5247 D PackageManager: set app component=ComponentInfo{com.facebook.katana/com.facebook.composer.shareintent.ImplicitShareIntentHandlerDefaultAlias} enabled state: 1 from com.facebook.katana,uid=10287,pid=28735
03-02 12:19:17.559  1621  5247 D PackageManager: set app component=ComponentInfo{com.facebook.katana/com.facebook.composer.shareintent.AddToStoryAlias} enabled state: 1 from com.facebook.katana,uid=10287,pid=28735
03-02 12:19:17.560  1621  4427 D PackageManager: set app component=ComponentInfo{com.facebook.katana/com.facebook.composer.shareintent.ShareToGroupsAlias} enabled state: 1 from com.facebook.katana,uid=10287,pid=28735
03-02 12:19:17.561  1621  5247 D PackageManager: set app component=ComponentInfo{com.facebook.katana/com.facebook.composer.shareintent.ShareToGroupsDisableSinglePhotoAlias} enabled state: 2 from com.facebook.katana,uid=10287,pid=28735
03-02 12:19:17.561  2363  2363 D NotificationHeaderExpandController: onExpansionChanged: progress =  0.023193888
03-02 12:19:17.562  2363  2363 D NotificationDismissViewController: anim complete false
03-02 12:19:17.568 28735 28828 W fb4a.ServiceInfoParser: X.56m: Service com.facebook.browser.lite.BrowserLiteInMainProcessIntentService is missing meta key com.facebook.common.jobscheduler.compat.jobIds
03-02 12:19:17.568 28735 28828 W fb4a.ServiceInfoParser: X.56m: Service com.facebook.businessintegrity.cloakingdetection.service.CloakingDetectionService is missing meta key com.facebook.common.jobscheduler.compat.jobIds
03-02 12:19:17.568 28735 28828 W fb4a.ServiceInfoParser: X.56m: Service com.facebook.contacts.service.ContactLocaleChangeService is missing meta key com.facebook.common.jobscheduler.compat.jobIds
03-02 12:19:17.569 28735 28828 W fb4a.ServiceInfoParser: X.56m: Service com.facebook.falco.jobscheduler.FFJobService is missing meta key com.facebook.common.jobscheduler.compat.jobIds
03-02 12:19:17.569 28735 28828 W fb4a.ServiceInfoParser: X.56m: Service com.facebook.registration.notification.RegistrationNotificationService is missing meta key com.facebook.common.jobscheduler.compat.jobIds
03-02 12:19:17.569 28735 28828 W fb4a.ServiceInfoParser: X.56m: Service com.facebook.notifications.appwidget.bugreporter.NotificationsWidgetDebugHelper is missing meta key com.facebook.common.jobscheduler.compat.jobIds
03-02 12:19:17.569 28735 28828 W fb4a.ServiceInfoParser: X.56m: Service com.facebook.account.login.notification.LoginNotificationService is missing meta key com.facebook.common.jobscheduler.compat.jobIds
03-02 12:19:17.569 28735 28828 W fb4a.ServiceInfoParser: X.56m: Service com.facebook.compost.service.CompostNotificationService is missing meta key com.facebook.common.jobscheduler.compat.jobIds
03-02 12:19:17.570 28735 28828 W fb4a.ServiceInfoParser: X.56m: Service com.facebook.battery.monitor.ContinuousBatteryMonitorService is missing meta key com.facebook.common.jobscheduler.compat.jobIds
03-02 12:19:17.570 28735 28828 W fb4a.ServiceInfoParser: X.56m: Service com.facebook.googleplay.GooglePlayInstallRefererService is missing meta key com.facebook.common.jobscheduler.compat.jobIds
03-02 12:19:17.570 28735 28828 W fb4a.ServiceInfoParser: X.56m: Service com.facebook.glc.GLCService is missing meta key com.facebook.common.jobscheduler.compat.jobIds
03-02 12:19:17.571 28735 28828 W fb4a.ServiceInfoParser: X.56m: Service com.facebook.papaya.fb.client.services.FBPapayaJobService is missing meta key com.facebook.common.jobscheduler.compat.jobIds
03-02 12:19:17.571 28735 28828 W fb4a.ServiceInfoParser: X.56m: Service com.google.android.datatransport.runtime.scheduling.jobscheduling.JobInfoSchedulerService is missing meta key com.facebook.common.jobscheduler.compat.jobIds
03-02 12:19:17.571 28735 28828 W fb4a.ServiceInfoParser: X.56m: Service com.facebook.push.fcm.FcmRegistrarFbJobIntentService is missing meta key com.facebook.common.jobscheduler.compat.jobIds
03-02 12:19:17.571 28735 28828 W fb4a.ServiceInfoParser: X.56m: Service com.facebook.push.fbpushdata.common.FbPushDataHandlerService is missing meta key com.facebook.common.jobscheduler.compat.jobIds
03-02 12:19:17.572 28735 28828 W fb4a.ServiceInfoParser: X.56m: Service com.facebook.conditionalworker.ConditionalWorkerService is missing meta key com.facebook.common.jobscheduler.compat.jobIds
03-02 12:19:17.572 28735 28828 W fb4a.ServiceInfoParser: X.56m: Service com.facebook.orca.notify.MessagesNotificationService is missing meta key com.facebook.common.jobscheduler.compat.jobIds
03-02 12:19:17.572 28735 28828 W fb4a.ServiceInfoParser: X.56m: Service com.facebook.confirmation.notification.ConfirmationNotificationService is missing meta key com.facebook.common.jobscheduler.compat.jobIds
03-02 12:19:17.572 28735 28828 W fb4a.ServiceInfoParser: X.56m: Service com.facebook.voltron.download.scheduledinstaller.OxygenScheduledInstallerJobService is missing meta key com.facebook.common.jobscheduler.compat.jobIds
03-02 12:19:17.572 28735 28828 W fb4a.ServiceInfoParser: X.56m: Service com.facebook.messaging.prefs.notifications.NotificationPrefsSyncService is missing meta key com.facebook.common.jobscheduler.compat.jobIds
03-02 12:19:17.572 28735 28828 W fb4a.ServiceInfoParser: X.56m: Service com.facebook.push.adm.ADMService is missing meta key com.facebook.common.jobscheduler.compat.jobIds
03-02 12:19:17.572 28735 28828 W fb4a.ServiceInfoParser: X.56m: Service com.facebook.push.adm.ADMBroadcastReceiverJobBase is missing meta key com.facebook.common.jobscheduler.compat.jobIds
03-02 12:19:17.572 28735 28828 W fb4a.ServiceInfoParser: X.56m: Service com.facebook.push.adm.ADMJobIntentService is missing meta key com.facebook.common.jobscheduler.compat.jobIds
03-02 12:19:17.573 28735 28828 W fb4a.ServiceInfoParser: X.56m: Service com.facebook.push.negativefeedback.PushNegativeFeedbackFbJobIntentService is missing meta key com.facebook.common.jobscheduler.compat.jobIds
03-02 12:19:17.573 28735 28828 W fb4a.ServiceInfoParser: X.56m: Service com.facebook.push.registration.RegistrarHelperService is missing meta key com.facebook.common.jobscheduler.compat.jobIds
03-02 12:19:17.573 28735 28828 W fb4a.ServiceInfoParser: X.56m: Service com.facebook.feed.platformads.AppInstallService is missing meta key com.facebook.common.jobscheduler.compat.jobIds
03-02 12:19:17.574 28735 28828 W fb4a.ServiceInfoParser: X.56m: Service com.google.android.gms.analytics.AnalyticsJobService is missing meta key com.facebook.common.jobscheduler.compat.jobIds
03-02 12:19:17.574 28735 28828 W fb4a.ServiceInfoParser: X.56m: Service com.facebook.oxygen.preloads.sdk.firstparty.managedappcache.IsManagedAppCacheJobService is missing meta key com.facebook.common.jobscheduler.compat.jobIds
03-02 12:19:17.574 28735 28828 W fb4a.ServiceInfoParser: X.56m: Service com.facebook.videolite.api.VideoUploadJobService is missing meta key com.facebook.common.jobscheduler.compat.jobIds
03-02 12:19:17.574 28735 28828 W fb4a.ServiceInfoParser: X.56m: Service com.facebook.videolite.api.jobscheduler.UploadJobSchedulerService is missing meta key com.facebook.common.jobscheduler.compat.jobIds
03-02 12:19:17.574 28735 28828 W fb4a.ServiceInfoParser: X.56m: Service androidx.work.impl.background.systemjob.SystemJobService is missing meta key com.facebook.common.jobscheduler.compat.jobIds
03-02 12:19:17.574 28735 28828 W fb4a.ServiceInfoParser: X.56m: Service com.facebook.push.mqtt.service.MqttPushHelperService is missing meta key com.facebook.common.jobscheduler.compat.jobIds
03-02 12:19:17.575 28735 28828 W fb4a.ServiceInfoParser: X.56m: Service com.facebook.reportaproblem.base.bugreport.BugReportUploadService is missing meta key com.facebook.common.jobscheduler.compat.jobIds
03-02 12:19:17.575 28735 28828 W fb4a.ServiceInfoParser: X.56m: Service com.facebook.appcomponentmanager.AppComponentManagerService is missing meta key com.facebook.common.jobscheduler.compat.jobIds
03-02 12:19:17.575 28735 28828 W fb4a.ServiceInfoParser: X.56m: Service com.facebook.fbservice.service.BlueServiceJobIntentService is missing meta key com.facebook.common.jobscheduler.compat.jobIds
03-02 12:19:17.575 28735 28828 W fb4a.ServiceInfoParser: X.56m: Service com.facebook.delayedworker.DelayedWorkerService is missing meta key com.facebook.common.jobscheduler.compat.jobIds
03-02 12:19:17.575 28735 28828 W fb4a.ServiceInfoParser: X.56m: Service com.facebook.analytics2.logger.service.LollipopUploadSafeService is missing meta key com.facebook.common.jobscheduler.compat.jobIds
03-02 12:19:17.576 28735 28828 W fb4a.ServiceInfoParser: X.56m: Service com.facebook.analytics2.logger.legacy.uploader.LollipopUploadService is missing meta key com.facebook.common.jobscheduler.compat.jobIds
03-02 12:19:17.576 28735 28828 W fb4a.ServiceInfoParser: X.56m: Service com.facebook.analytics2.logger.legacy.uploader.Analytics2UploadService is missing meta key com.facebook.common.jobscheduler.compat.jobIds
03-02 12:19:17.578  2363  2363 D NotificationHeaderExpandController: onExpansionChanged: progress =  0.016275134
03-02 12:19:17.595  2363  2363 D NotificationHeaderExpandController: onExpansionChanged: progress =  0.01131572
03-02 12:19:17.612  2363  2363 D NotificationHeaderExpandController: onExpansionChanged: progress =  0.0077921683
03-02 12:19:17.628  2363  2363 D NotificationHeaderExpandController: onExpansionChanged: progress =  0.0053108754
03-02 12:19:17.645  2363  2363 D NotificationHeaderExpandController: onExpansionChanged: progress =  0.003579282
03-02 12:19:17.651  1621  5247 D PackageManager: set app component=ComponentInfo{com.facebook.katana/com.facebook.fbpay.w3c.ipc.IsReadyToPayServiceImpl} enabled state: 1 from com.facebook.katana,uid=10287,pid=28735
03-02 12:19:17.653  1621  5247 D PackageManager: set app component=ComponentInfo{com.facebook.katana/com.facebook.fbpay.w3c.ipc.FBPaymentServiceImpl} enabled state: 1 from com.facebook.katana,uid=10287,pid=28735
03-02 12:19:17.655  1621  5247 D PackageManager: set app component=ComponentInfo{com.facebook.katana/com.facebook.fbpay.w3c.views.PaymentActivity} enabled state: 1 from com.facebook.katana,uid=10287,pid=28735
03-02 12:19:17.662  2363  2363 D NotificationHeaderExpandController: onExpansionChanged: progress =  0.0023822302
03-02 12:19:17.662  2363  2363 D View    : View setForceSDFT: false
03-02 12:19:17.678  2363  2363 D NotificationHeaderExpandController: onExpansionChanged: progress =  0.0015629191
03-02 12:19:17.692  1621  5247 D AS.BtHelper: isBluetoothScoOn() mBluetoothHeadset is null: falsemBluetoothHeadsetDevice is null: true
03-02 12:19:17.692  1621  5247 V AS.AudioDeviceBroker: requestedCommunicationDevice: null mAudioModeOwner: AudioModeInfo: mMode=MODE_NORMAL, mPid=0, mUid=0
03-02 12:19:17.693  1621  4427 D AS.BtHelper: isBluetoothScoOn() mBluetoothHeadset is null: falsemBluetoothHeadsetDevice is null: true
03-02 12:19:17.693  1621  4427 V AS.AudioDeviceBroker: requestedCommunicationDevice: null mAudioModeOwner: AudioModeInfo: mMode=MODE_NORMAL, mPid=0, mUid=0
03-02 12:19:17.695  2363  2363 D NotificationHeaderExpandController: onExpansionChanged: progress =  0.001008205
03-02 12:19:17.695  2363  2363 D View    : View setForceSDFT: false
03-02 12:19:17.698 28735 28843 E fb4a.AppState: Returning default for firstRunInfo
03-02 12:19:17.701 28735 28828 E fb4a.AppState: Returning default for firstRunInfo
03-02 12:19:17.711  2363  2363 D NotificationHeaderExpandController: onExpansionChanged: progress =  6.3709985E-4
03-02 12:19:17.713  1201  1298 D AALLightSensor: oldLux=48 [SA:-1 LA:-1] newLux=48 (oriLux: 47)
03-02 12:19:17.724  1159  1606 D ULogGuard: Monitoring: 18 threads, 0 requests, 0 time-bombs; 1 guards. ResetFlags = 0x7
03-02 12:19:17.727 28735 28828 E fb4a.AppState: Returning default for firstRunInfo
03-02 12:19:17.728  2363  2363 D NotificationHeaderExpandController: onExpansionChanged: progress =  0.0
03-02 12:19:17.729  2363  2363 D View    : View setForceSDFT: false
03-02 12:19:17.729  2363  2363 D NotificationPanelExpandController: panelVisible to false
03-02 12:19:17.732  2363  2363 D KeyguardViewMediator: readyForKeyguardDone
03-02 12:19:17.733  1621  5247 D PackageManager: set app component=ComponentInfo{com.facebook.katana/com.facebook.inspiration.fbshorts.shareintent.InpirationFbShortsShareAlias} enabled state: 1 from com.facebook.katana,uid=10287,pid=28735
03-02 12:19:17.734  1621  5247 D PackageManager: set app component=ComponentInfo{com.facebook.katana/com.facebook.inspiration.fbshorts.shareintent.InpirationFbShortsSharePhotoAlias} enabled state: 2 from com.facebook.katana,uid=10287,pid=28735
03-02 12:19:17.736  1621  4427 D PackageManager: set app component=ComponentInfo{com.facebook.katana/com.facebook.inspiration.fbshorts.shareintent.InpirationFbShortsShareMultipleAlias} enabled state: 1 from com.facebook.katana,uid=10287,pid=28735
03-02 12:19:17.736  2363  2363 D ShadeListBuilder: postBuildList: true->false
03-02 12:19:17.737  2363  2363 D NotificationPanelExpandController: hide false
03-02 12:19:17.737  2363  2363 D NotificationPanelExpandController: expand height changed to 0.0
03-02 12:19:17.743  1621  5247 D PackageManager: set app component=ComponentInfo{com.facebook.katana/com.facebook.inspiration.platformsharing.activity.InspirationCameraShareMultipleCollageAlias} enabled state: 2 from com.facebook.katana,uid=10287,pid=28735
03-02 12:19:17.744  1999  1999 D TouchInteractionService: onSystemUiFlagsChanged, mSystemUiStateFlags=10020000
03-02 12:19:17.745  2363  2363 D GestureObserver: update disable state, disabled false, mNotificationPanelExpand false, mControlCenterExpand false, mInPinnedMode false, mKeyguardShowing false
03-02 12:19:17.747  1621  4427 W ActivityManagerServiceImpl: Sending non-protected broadcast com.android.systemui.fsgesture from system 2363:com.android.systemui/1000 pkg com.android.systemui. Callers=
03-02 12:19:17.748  2363  2363 D NotificationPanelView: vis=false shouleBe=false BarState=0
03-02 12:19:17.752  1999  1999 W RecentsImpl: mFsgReceiver  mFsgReceiverSender=com.android.systemui
03-02 12:19:17.755  1999 17839 W RecentsImpl: updateFsgWindowVisibilityStateInBgThread, isEnter=false, typeFrom=typefrom_status_bar_expansion, isOpen=false, isKeyguardLocked=false, mIsInAnotherPro=false, isStatusBarExpansion=false
03-02 12:19:17.770  2363  2363 D CollapsedStatusBarFragment: adjustDisableFlags: ShadeExpansionState = 0 mHideIconsForBouncer = false mWereIconsJustHidden = false, mWakeUpCoordinator.getNotificationsFullyHidden = false, mIsExpanded = false, mBypassController.getBypassEnabled = false, mStatusBarStateController.getState() = 0, mKeyguardStateController.isKeyguardGoingAway() = false, mHeadsUpManager.hasPinnedHeadsUp = false, mControlPanelExpand = false
03-02 12:19:17.772  2363  2363 E StackScroller: updateSidePadding: viewWidth is zero
03-02 12:19:17.773  1621  2834 D MiuiRefreshRatePolicy: reset
03-02 12:19:17.775  2363  2363 D NotificationPanelNavigationBar: appearance = 0
03-02 12:19:17.776  1621  2834 W WindowManager: Changing focus from null to Window{f0a2d0 u0 NotificationShade} displayId=0 Callers=com.android.server.wm.RootWindowContainer.updateFocusedWindowLocked:602 com.android.server.wm.WindowManagerService.updateFocusedWindowLocked:7168 com.android.server.wm.WindowManagerService.relayoutWindowInner:3076 com.android.server.wm.WindowManagerService.relayoutWindow:2724 
03-02 12:19:17.776  1621  2834 I whetstone.activity: Power Event callback listener is empty for resId=32
03-02 12:19:17.776  1621  2834 D BatteryStatsManagerStub: notifyEvent for resId=32 used 0ms
03-02 12:19:17.777   921  1500 I BufferQueueDebug: [Surface(name=5b2ee94 StatusBar#103)/@0xf6cf932 - animation-leash of insets_animation#135157](this:0xb400007bcec91e78,id:-1,api:0,p:-1,c:-1) BufferQueue core=(921:/system/bin/surfaceflinger)
03-02 12:19:17.779   921  1500 I BufferQueueDebug: [Surface(name=77d8129 NavigationBar0#101614)/@0x3faba4f - animation-leash of insets_animation#135158](this:0xb400007bcec6fbb8,id:-1,api:0,p:-1,c:-1) BufferQueue core=(921:/system/bin/surfaceflinger)
03-02 12:19:17.780  2363  2363 E StackScroller: updateSidePadding: viewWidth is zero
03-02 12:19:17.781  1621  2834 D WindowManager: wms.Input focus has changed to Window{f0a2d0 u0 NotificationShade} display=0 updateInputWindows = true
03-02 12:19:17.781  1621  2834 I MultiSenceManagerInternalStub: getInstance
03-02 12:19:17.782  1621  1928 I MultiSenceManagerInternalStubImpl: packageName = com.android.systemui
03-02 12:19:17.782  1621  1928 W ContextImpl: Calling a method in the system process without a qualified user: android.app.ContextImpl.sendBroadcast:1260 com.android.server.wm.MultiSenceManagerInternalStubImpl.sendFocusWindowsBroadcast:148 com.android.server.wm.MultiSenceManagerInternalStubImpl$UpdateScreenStatus.run:98 android.os.Handler.handleCallback:959 android.os.Handler.dispatchMessage:100 
03-02 12:19:17.783  1621  1928 W ActivityManagerServiceImpl: Sending non-protected broadcast com.xiaomi.multisence.action.FOCUSED_CHANGE from system 1621:system/1000 pkg android. Callers=com.android.server.am.ActivityManagerService.checkBroadcastFromSystem:16365 com.android.server.am.ActivityManagerService.broadcastIntentLockedTraced:17236 com.android.server.am.ActivityManagerService.broadcastIntentLocked:16425 com.android.server.am.ActivityManagerService.broadcastIntentWithFeature:17459 android.app.ContextImpl.sendBroadcast:1264 
03-02 12:19:17.792  2363  2363 I QS      : setListening false
03-02 12:19:17.793  2363  2363 D View    : View setForceSDFT: false
03-02 12:19:17.795  1621  2188 D MiuiRefreshRatePolicy: reset
03-02 12:19:17.798  1621  2188 W WindowManager: Changing focus from Window{f0a2d0 u0 NotificationShade} to null displayId=0 Callers=com.android.server.wm.RootWindowContainer.updateFocusedWindowLocked:602 com.android.server.wm.WindowManagerService.updateFocusedWindowLocked:7168 com.android.server.wm.WindowManagerService.relayoutWindowInner:3076 com.android.server.wm.WindowManagerService.relayoutWindow:2724 
03-02 12:19:17.799  2363  2363 D QS      : setExpanded false
03-02 12:19:17.799  2363  2363 D MiuiShortcut-ShortcutPluginImpl: onSystemUIAction, action: onBottomAreaAlphaChange, newConfig=1.0
03-02 12:19:17.799  1999  1999 D TouchInteractionService: onSystemUiFlagsChanged, mSystemUiStateFlags=10000000
03-02 12:19:17.800   921  1500 I BufferQueueDebug: [Surface(name=5b2ee94 StatusBar#103)/@0xf6cf932 - animation-leash of insets_animation#135159](this:0xb400007bcecbf778,id:-1,api:0,p:-1,c:-1) BufferQueue core=(921:/system/bin/surfaceflinger)
03-02 12:19:17.802  2363  2363 D NotificationPanelExpandController: hide false
03-02 12:19:17.802  2363  2363 D NotificationPanelExpandController: expand height changed to 0.0
03-02 12:19:17.804   921  1500 I BufferQueueDebug: [Surface(name=77d8129 NavigationBar0#101614)/@0x3faba4f - animation-leash of insets_animation#135160](this:0xb400007bcec25b18,id:-1,api:0,p:-1,c:-1) BufferQueue core=(921:/system/bin/surfaceflinger)
03-02 12:19:17.804  2363  2363 W WindowOnBackDispatcher: sendCancelIfRunning: isInProgress=false callback=com.android.systemui.back.domain.interactor.BackActionInteractor$callback$2@2d67986
03-02 12:19:17.806  1621  2188 D WindowManager: wms.Input focus has changed to null display=0 updateInputWindows = true
03-02 12:19:17.807  1621  2188 I MultiSenceManagerInternalStub: getInstance
03-02 12:19:17.809  1621  1651 I ActivityTaskManager: visible for Task{1127748 #37056 type=standard A=10337:com.softnation.Ojam} visible = true isAnimating = false TRANSITION = false PARENTS = false CHILDREN = false
03-02 12:19:17.810  1621  1651 D SurfaceComposerClient: Transaction::apply InputWindowCommands.focusRequests timestamp=615551331997534, windowName=f0a2d0 NotificationShade
03-02 12:19:17.811  2363  2363 D KeyguardViewMediator: readyForKeyguardDone
03-02 12:19:17.811  2363  2363 D ControlCenterControllerImpl: disable1: 0 -> 0 (diff1: 0)
03-02 12:19:17.811  2363  2363 D ControlCenterControllerImpl: disable2: 0 -> 0 (diff1: 0)
03-02 12:19:17.811  2363  2363 D ControlCenterControllerImpl: panelEnabled changed from true to true
03-02 12:19:17.811  2363  2363 D CollapsedStatusBarFragment: adjustDisableFlags: ShadeExpansionState = 0 mHideIconsForBouncer = false mWereIconsJustHidden = false, mWakeUpCoordinator.getNotificationsFullyHidden = false, mIsExpanded = false, mBypassController.getBypassEnabled = false, mStatusBarStateController.getState() = 0, mKeyguardStateController.isKeyguardGoingAway() = false, mHeadsUpManager.hasPinnedHeadsUp = false, mControlPanelExpand = false
03-02 12:19:17.812  2363  2363 D View    : View setForceSDFT: false
03-02 12:19:17.812  2363  2363 D View    : View setForceSDFT: false
03-02 12:19:17.813  2363  2363 D View    : View setForceSDFT: false
03-02 12:19:17.814   921   921 D SurfaceFlinger: Focus addInputWindowCommands timestamp=615551331997534, windowName=f0a2d0 NotificationShade
03-02 12:19:17.814   921   921 I SurfaceFlinger: onHandleDestroyed: name=Surface(name=77d8129 NavigationBar0#101614)/@0x3faba4f - animation-leash of insets_animation#135158, layerId=135158, parentId=0
03-02 12:19:17.814   921   921 I SurfaceFlinger: onHandleDestroyed: name=Surface(name=77d8129 NavigationBar0#101614)/@0x3faba4f - animation-leash of insets_animation#135156, layerId=135156, parentId=0
03-02 12:19:17.814   921   921 I SurfaceFlinger: onHandleDestroyed: name=Surface(name=5b2ee94 StatusBar#103)/@0xf6cf932 - animation-leash of insets_animation#135157, layerId=135157, parentId=0
03-02 12:19:17.815  1621  2188 D CoreBackPreview: Window{f0a2d0 u0 NotificationShade}: Setting back callback null
03-02 12:19:17.817  1621  1651 I ActivityTaskManager: visible for Task{1127748 #37056 type=standard A=10337:com.softnation.Ojam} visible = true isAnimating = false TRANSITION = false PARENTS = false CHILDREN = false
03-02 12:19:17.818  1621  1651 D SurfaceComposerClient: Transaction::apply InputWindowCommands.focusRequests timestamp=615551365816919, windowName=<null>
03-02 12:19:17.819   921   921 I BufferQueueProducer: [FramebufferSurface](this:0xb400007d8e9dff50,id:-1,api:1,p:921,c:921) queueBuffer: fps=56.99 dur=1000.25 max=62.75 min=11.29
03-02 12:19:17.820   849   868 I hwcomposer: [HWCDisplay] (0 updateFps():3667), (type:1, mode:2) fps:56.971390,dur:1000.50,max:62.22,min:11.75  
03-02 12:19:17.823   921  1483 D SurfaceFlinger: updateWinowInfo=1, setFocusedWindow timestamp=615551331997534, windowName=f0a2d0 NotificationShade
03-02 12:19:17.830   921   921 D SurfaceFlinger: Focus addInputWindowCommands timestamp=615551365816919, windowName=<null>
03-02 12:19:17.830   921   921 I BufferQueueDebug: [Surface(name=77d8129 NavigationBar0#101614)/@0x3faba4f - animation-leash of insets_animation#135158](this:0xb400007bcec6fbb8,id:-1,api:0,p:-1,c:921) onDestructor()
03-02 12:19:17.830   921   921 I BufferQueueDebug: [Surface(name=5b2ee94 StatusBar#103)/@0xf6cf932 - animation-leash of insets_animation#135157](this:0xb400007bcec91e78,id:-1,api:0,p:-1,c:921) onDestructor()
03-02 12:19:17.831   921   921 I BufferQueueDebug: [Surface(name=77d8129 NavigationBar0#101614)/@0x3faba4f - animation-leash of insets_animation#135156](this:0xb400007bcecd08d8,id:-1,api:0,p:-1,c:921) onDestructor()
03-02 12:19:17.836  1621  2188 I whetstone.activity: Power Event callback listener is empty for resId=256
03-02 12:19:17.836  1621  2188 D BatteryStatsManagerStub: notifyEvent for resId=256 used 0ms
03-02 12:19:17.839  1621  2188 I SmartPower: com.facebook.appmanager/10122(28561): idle->background(6326ms) R(service unbind com.facebook.appmanager/com.facebook.oxygen.appmanager.update.core.UpdateService) adj=250.
03-02 12:19:17.840   921  1483 D SurfaceFlinger: updateWinowInfo=1, setFocusedWindow timestamp=615551365816919, windowName=<null>
03-02 12:19:17.843  1621  1842 I MiuiNetworkPolicy: updateUidState uid = 10122, uidState = 10
03-02 12:19:17.844  1621  1842 I MiuiNetworkPolicy: updateUidState uid = 10093, uidState = 10
03-02 12:19:17.847  1621  1842 I MiuiNetworkPolicy: updateUidState uid = 10122, uidState = 19
03-02 12:19:17.847  1621  1842 I MiuiNetworkPolicy: updateUidState uid = 10093, uidState = 19
03-02 12:19:17.850  1621  1842 I MiuiNetworkPolicy: updateUidState uid = 10301, uidState = 19
03-02 12:19:17.857  1621  1842 I MiuiNetworkPolicy: updateUidState uid = 10301, uidState = 11
03-02 12:19:17.860  1621  4754 D MiuiRefreshRatePolicy: reset
03-02 12:19:17.862  2363  2363 D BLASTBufferQueue: [VRI[NotificationShade]#5876](f:0,a:3) destructor()
03-02 12:19:17.863   921  1500 I BpBinder: onLastStrongRef automatically unlinking death recipients: 
03-02 12:19:17.864  2363  2363 D BufferQueueConsumer: [VRI[NotificationShade]#5876(BLAST Consumer)5876](id:93b00001b09,api:0,p:-1,c:2363) disconnect
03-02 12:19:17.870  1999  1999 D TouchInteractionService: onSystemUiFlagsChanged, mSystemUiStateFlags=10020000
03-02 12:19:17.871   921   921 I MI-SF   : surfaceflinger setAffinity mode=0
03-02 12:19:17.872   921   921 E MI-SF   : surfaceflinger setAffinity success
03-02 12:19:17.877   921  1500 I SurfaceFlinger: onHandleDestroyed: name=Surface(name=5b2ee94 StatusBar#103)/@0xf6cf932 - animation-leash of insets_animation#135155, layerId=135155, parentId=0
03-02 12:19:17.880  1621  1651 I ActivityTaskManager: visible for Task{1127748 #37056 type=standard A=10337:com.softnation.Ojam} visible = true isAnimating = false TRANSITION = false PARENTS = false CHILDREN = false
03-02 12:19:17.882   921   921 I BufferQueueDebug: [Surface(name=5b2ee94 StatusBar#103)/@0xf6cf932 - animation-leash of insets_animation#135155](this:0xb400007bceca8af8,id:-1,api:0,p:-1,c:921) onDestructor()
03-02 12:19:17.883 25012 25012 D nativeloader: Configuring clns-7 for other apk /data/app/~~Bh61wenJZi6JNVEuOkVQfQ==/com.softnation.Ojam-nnCVAdHxKfOmup5FCuBDYQ==/base.apk. target_sdk_version=36, uses_libraries=, library_path=/data/app/~~Bh61wenJZi6JNVEuOkVQfQ==/com.softnation.Ojam-nnCVAdHxKfOmup5FCuBDYQ==/lib/arm64:/data/app/~~Bh61wenJZi6JNVEuOkVQfQ==/com.softnation.Ojam-nnCVAdHxKfOmup5FCuBDYQ==/base.apk!/lib/arm64-v8a, permitted_path=/data:/mnt/expand:/data/user/0/com.softnation.Ojam
03-02 12:19:17.897   921   921 I SurfaceFlinger: onHandleDestroyed: name=NotificationShade#135144, layerId=135144, parentId=0
03-02 12:19:17.905  1621  4754 W ContentProviderHelper: No provider info for content provider com.android.launcher3.cornermark.unreadbadge when providerRunning is false, caller is ProcessRecord{74d0637 28735:com.facebook.katana/u0a287}
03-02 12:19:17.905 28735 28878 E ActivityThread: Failed to find provider info for com.android.launcher3.cornermark.unreadbadge
03-02 12:19:17.911 28561 28579 W book.appmanager: userfaultfd: MOVE ioctl seems unsupported: Connection timed out
03-02 12:19:17.912  1621  2188 D ShortcutService: rescanPackageIfNeeded 0@com.facebook.katana, forceRescan=false , isNewApp=false
03-02 12:19:17.912 25012 25012 V GraphicsEnvironment: Currently set values for:
03-02 12:19:17.912 25012 25012 V GraphicsEnvironment:   angle_gl_driver_selection_pkgs=[]
03-02 12:19:17.912 25012 25012 V GraphicsEnvironment:   angle_gl_driver_selection_values=[]
03-02 12:19:17.912 25012 25012 V GraphicsEnvironment: Global.Settings values are invalid: number of packages: 0, number of values: 0
03-02 12:19:17.912 25012 25012 V GraphicsEnvironment: Neither updatable production driver nor prerelease driver is supported.
03-02 12:19:17.913   921   921 I BufferQueueDebug: [NotificationShade#135144](this:0xb400007bcecc5298,id:-1,api:0,p:-1,c:921) onDestructor()
03-02 12:19:17.914  1621  4754 D ShortcutService: rescanPackageIfNeeded 0@com.facebook.katana, forceRescan=false , isNewApp=false
03-02 12:19:17.916 25012 25012 I ActivityThread: TrafficStats init done
03-02 12:19:17.921  1621  4754 D ForceDarkAppConfigProvider: cloudConfigVersion: -1   localConfigVersion:20250515
03-02 12:19:17.921  1621  4754 I UiModeManager: systemserver package:com.softnation.Ojam null
03-02 12:19:17.922 25012 25012 I ForceDarkHelperStubImpl: initialize for com.softnation.Ojam , ForceDarkAppConfig: null
03-02 12:19:17.925 25012 25012 D nativeloader: Load libforcedarkimpl.so using system ns (caller=/system_ext/framework/miui-framework.jar): ok
03-02 12:19:17.926 25012 25012 D HWUI    : JNI_OnLoad success
03-02 12:19:17.926 25012 25012 I MiuiForceDarkConfig: setConfig density:2.750000, mainRule:0, secondaryRule:0, tertiaryRule:0
03-02 12:19:17.927   861   947 I libPerfCtl: xgfGetFPS pid:921 fps:-1
03-02 12:19:17.927   861   947 I libPerfCtl: xgfGetFPS pid:1999 fps:-1
03-02 12:19:17.927   861   947 I libPerfCtl: xgfGetFPS pid:2363 fps:-1
03-02 12:19:17.931 25012 25012 I ActivityThread: Miui Feature Init done
03-02 12:19:17.956  1621  1918 E HyperSentinel: -------------------------------------------------------
03-02 12:19:17.956  1621  1918 E HyperSentinel: Event_ThreadAmount
03-02 12:19:17.956  1621  1918 E HyperSentinel: -> audit event by proc 28671 "android.process.media": running threads amount, 0 -> 18
03-02 12:19:17.986 28561 28581 W book.appmanager: ApkAssets: Deleting an ApkAssets object '<empty> and /data/app/~~NbyFFCUrG0uw66UNchIBFA==/com.whatsapp-3rTby1M3ihvblvEGiWbyFQ==/base.apk' with 1 weak references
03-02 12:19:17.987 28735 28833 W fb4a.InitStatus: Not blocking Provider (137139966)
03-02 12:19:17.988 28735 28833 W fb4a.InitStatus: Not blocking Provider (137139966)
03-02 12:19:17.988 28561 28581 W book.appmanager: ApkAssets: Deleting an ApkAssets object '<empty> and /data/app/~~NbyFFCUrG0uw66UNchIBFA==/com.whatsapp-3rTby1M3ihvblvEGiWbyFQ==/split_config.arm64_v8a.apk' with 1 weak references
03-02 12:19:17.988 28561 28581 W book.appmanager: ApkAssets: Deleting an ApkAssets object '<empty> and /data/app/~~NbyFFCUrG0uw66UNchIBFA==/com.whatsapp-3rTby1M3ihvblvEGiWbyFQ==/split_config.xxhdpi.apk' with 1 weak references
03-02 12:19:17.989 28561 28581 W book.appmanager: ApkAssets: Deleting an ApkAssets object '<empty> and /data/app/~~9XGqlD0VagabgcI_VANKpQ==/com.instagram.android-cvlzusJbsYajdvL5zp8jzg==/base.apk' with 1 weak references
03-02 12:19:17.990 28561 28581 W book.appmanager: ApkAssets: Deleting an ApkAssets object '<empty> and /data/app/~~9XGqlD0VagabgcI_VANKpQ==/com.instagram.android-cvlzusJbsYajdvL5zp8jzg==/split_arservicesforpersonsegmentation.apk' with 1 weak references
03-02 12:19:17.990 28561 28581 W book.appmanager: ApkAssets: Deleting an ApkAssets object '<empty> and /data/app/~~9XGqlD0VagabgcI_VANKpQ==/com.instagram.android-cvlzusJbsYajdvL5zp8jzg==/split_config.xxhdpi.apk' with 1 weak references
03-02 12:19:17.991 28561 28581 W book.appmanager: ApkAssets: Deleting an ApkAssets object '<empty> and /data/app/~~9XGqlD0VagabgcI_VANKpQ==/com.instagram.android-cvlzusJbsYajdvL5zp8jzg==/split_executorch.apk' with 1 weak references
03-02 12:19:17.992 28561 28581 W book.appmanager: ApkAssets: Deleting an ApkAssets object '<empty> and /data/app/~~9XGqlD0VagabgcI_VANKpQ==/com.instagram.android-cvlzusJbsYajdvL5zp8jzg==/split_heliumcore.apk' with 1 weak references
03-02 12:19:17.992 28561 28581 W book.appmanager: ApkAssets: Deleting an ApkAssets object '<empty> and /data/app/~~9XGqlD0VagabgcI_VANKpQ==/com.instagram.android-cvlzusJbsYajdvL5zp8jzg==/split_heliumiab.apk' with 1 weak references
03-02 12:19:17.992 28561 28581 W book.appmanager: ApkAssets: Deleting an ApkAssets object '<empty> and /data/app/~~9XGqlD0VagabgcI_VANKpQ==/com.instagram.android-cvlzusJbsYajdvL5zp8jzg==/split_i18n_en_GB.apk' with 1 weak references
03-02 12:19:17.992 28561 28581 W book.appmanager: ApkAssets: Deleting an ApkAssets object '<empty> and /data/app/~~9XGqlD0VagabgcI_VANKpQ==/com.instagram.android-cvlzusJbsYajdvL5zp8jzg==/split_pytorch.apk' with 1 weak references
03-02 12:19:17.992 28561 28581 W book.appmanager: ApkAssets: Deleting an ApkAssets object '<empty> and /data/app/~~9XGqlD0VagabgcI_VANKpQ==/com.instagram.android-cvlzusJbsYajdvL5zp8jzg==/split_spm.apk' with 1 weak references
03-02 12:19:17.992 28561 28581 W book.appmanager: ApkAssets: Deleting an ApkAssets object '<empty> and /data/app/~~9XGqlD0VagabgcI_VANKpQ==/com.instagram.android-cvlzusJbsYajdvL5zp8jzg==/split_supmediastreamcontroller.apk' with 1 weak references
03-02 12:19:17.993 28561 28581 W book.appmanager: ApkAssets: Deleting an ApkAssets object '<empty> and /data/app/~~HS-bWu69SuRdG4P8KzShCw==/com.instagram.barcelona-OaCQWNk8RHppqKfzCZd-4g==/base.apk' with 1 weak references
03-02 12:19:17.994 28561 28581 W book.appmanager: ApkAssets: Deleting an ApkAssets object '<empty> and /data/app/~~D6pxJj0wCihn6bL7dRHGfw==/com.facebook.katana-ytDRDVfsDJQ7KNzIgYIFlA==/base.apk' with 1 weak references
03-02 12:19:17.995 28561 28581 W book.appmanager: ApkAssets: Deleting an ApkAssets object '<empty> and /data/app/~~D6pxJj0wCihn6bL7dRHGfw==/com.facebook.katana-ytDRDVfsDJQ7KNzIgYIFlA==/split_executorch.apk' with 1 weak references
03-02 12:19:17.995 28561 28581 W book.appmanager: ApkAssets: Deleting an ApkAssets object '<empty> and /data/app/~~D6pxJj0wCihn6bL7dRHGfw==/com.facebook.katana-ytDRDVfsDJQ7KNzIgYIFlA==/split_heliumcore.apk' with 1 weak references
03-02 12:19:17.995 28561 28581 W book.appmanager: ApkAssets: Deleting an ApkAssets object '<empty> and /data/app/~~D6pxJj0wCihn6bL7dRHGfw==/com.facebook.katana-ytDRDVfsDJQ7KNzIgYIFlA==/split_heliumiab.apk' with 1 weak references
03-02 12:19:17.995 28561 28581 W book.appmanager: ApkAssets: Deleting an ApkAssets object '<empty> and /data/app/~~D6pxJj0wCihn6bL7dRHGfw==/com.facebook.katana-ytDRDVfsDJQ7KNzIgYIFlA==/split_i18n_en_GB.apk' with 1 weak references
03-02 12:19:17.995 28561 28581 W book.appmanager: ApkAssets: Deleting an ApkAssets object '<empty> and /data/app/~~D6pxJj0wCihn6bL7dRHGfw==/com.facebook.katana-ytDRDVfsDJQ7KNzIgYIFlA==/split_instantgamesads.apk' with 1 weak references
03-02 12:19:17.996 28561 28581 W book.appmanager: ApkAssets: Deleting an ApkAssets object '<empty> and /data/app/~~D6pxJj0wCihn6bL7dRHGfw==/com.facebook.katana-ytDRDVfsDJQ7KNzIgYIFlA==/split_papaya.apk' with 1 weak references
03-02 12:19:17.996 28561 28581 W book.appmanager: ApkAssets: Deleting an ApkAssets object '<empty> and /data/app/~~D6pxJj0wCihn6bL7dRHGfw==/com.facebook.katana-ytDRDVfsDJQ7KNzIgYIFlA==/split_papayaanalyticstorch.apk' with 1 weak references
03-02 12:19:17.996 28561 28581 W book.appmanager: ApkAssets: Deleting an ApkAssets object '<empty> and /data/app/~~D6pxJj0wCihn6bL7dRHGfw==/com.facebook.katana-ytDRDVfsDJQ7KNzIgYIFlA==/split_papayatorch.apk' with 1 weak references
03-02 12:19:17.996 28561 28581 W book.appmanager: ApkAssets: Deleting an ApkAssets object '<empty> and /data/app/~~D6pxJj0wCihn6bL7dRHGfw==/com.facebook.katana-ytDRDVfsDJQ7KNzIgYIFlA==/split_pytorch.apk' with 1 weak references
03-02 12:19:17.996 28561 28581 W book.appmanager: ApkAssets: Deleting an ApkAssets object '<empty> and /data/app/~~D6pxJj0wCihn6bL7dRHGfw==/com.facebook.katana-ytDRDVfsDJQ7KNzIgYIFlA==/split_s_papayaanalyticstorch_papayatorch.apk' with 1 weak references
03-02 12:19:17.996 28561 28581 W book.appmanager: ApkAssets: Deleting an ApkAssets object '<empty> and /data/app/~~D6pxJj0wCihn6bL7dRHGfw==/com.facebook.katana-ytDRDVfsDJQ7KNzIgYIFlA==/split_s_papayaanalyticstorch_papayatorch_torchedlooper.apk' with 1 weak references
03-02 12:19:17.996 28561 28581 W book.appmanager: ApkAssets: Deleting an ApkAssets object '<empty> and /data/app/~~D6pxJj0wCihn6bL7dRHGfw==/com.facebook.katana-ytDRDVfsDJQ7KNzIgYIFlA==/split_s_papayatorch_torchedlooper.apk' with 1 weak references
03-02 12:19:17.996 28561 28581 W book.appmanager: ApkAssets: Deleting an ApkAssets object '<empty> and /data/app/~~D6pxJj0wCihn6bL7dRHGfw==/com.facebook.katana-ytDRDVfsDJQ7KNzIgYIFlA==/split_s_smartcropnative_smartplacementnative.apk' with 1 weak references
