03-02 12:19:16.129   863   958 I ThermalBreakConfigReader: [getTargetfreqinfo] [getTargetfreqinfo] hint get target result freq:boost:1 cpu0:1800000 cpu6:2000000 cpumask:ff
03-02 12:19:16.129   863   958 I ExtendedPerfBoost: [thermalbreak_verification] needbreak curr breakmode 1, scence id 0, set: boost:1 cpu0:1800000 cpu6:2000000 cpumask:ff
03-02 12:19:16.129   863   958 I ExtendedPerfBoost: [triggerList_add] [triggerList_add] come into triggerList_add
03-02 12:19:16.129   863   958 I ExtendedPerfBoost: [triggerList_add] get item from freelist 0x6fcc5b9f78
03-02 12:19:16.129   863   958 I ExtendedPerfBoost: [triggerList_add] init new item prio:2, duration:3000, param:boost:1 cpu0:1800000 cpu6:2000000 cpumask:ff
03-02 12:19:16.129   863   958 I ExtendedPerfBoost: [triggerList_add] add item prio in empty list
03-02 12:19:16.129   863   958 I ExtendedPerfBoost: [trig_thermalbreak] trigger one node
03-02 12:19:16.129   863   958 I ExtendedUtils: [timer_sampling_set] come in timer_sampling_set, duration :3000
03-02 12:19:16.129   863   958 I ExtendedUtils: [settimer] come in settimer, time_now :615549678, time_end: 615552678
03-02 12:19:16.129  1621  3051 D PreStartingManager: Not init when use PreStartingManager!
03-02 12:19:16.129   863   958 I ExtendedPerfBoost: [setThermalBreak] [setThermalBreak] : boost:1 cpu0:1800000 cpu6:2000000 cpumask:ff
03-02 12:19:16.130  1621  3051 I PowerHalWrapper: amsBoostNotify pid:1999,activity:com.miui.home.launcher.Launcher, package:com.miui.home, mProcessCreatePackcom.truecaller 
03-02 12:19:16.130  1621  3051 I PowerHalWrapper: state: 0 
03-02 12:19:16.130 18562 18562 I bluetooth: avrcp_service.cc:685 SendPlayerSettingsChanged: 
03-02 12:19:16.131   863   958 I libPowerHal: [PE] LAUNCH update cmd:1408300, param:100, pr:3
03-02 12:19:16.131  1621  3051 I mtkpower_client: [PowerHal_Wrap_notifyAppState] com.miui.home/com.miui.home.launcher.Launcher pid=1999 activityId:159909721 state:0
03-02 12:19:16.132   863   958 I libPowerHal: [PE] LAUNCH update cmd:400000 param:3000000 pr:3
03-02 12:19:16.132   863   958 I libPowerHal: [PE] LAUNCH update cmd:400100 param:3000000 pr:3
03-02 12:19:16.133   863   958 I libPowerHal: [setDvfsrcDevFreqOpp] opp:0, freq:3600000000
03-02 12:19:16.133   863   958 I libPowerHal: [PE] LAUNCH update cmd:1000000 param:0 pr:3
03-02 12:19:16.133   863   958 I libPowerHal: [recordCPUFreqInfo] set cluster[0] min(LAUNCH): 1800000 max(-1): -1 cluster[1] min(LAUNCH): 2000000 max(-1): -1
03-02 12:19:16.133   863   958 I libPowerHal: [perfLockAcq] Done for hdl : 371094
03-02 12:19:16.132  1621  3051 I PowerHalWrapper: amsBoostNotify AMS_BOOST_PROCESS_CREATE_BOOST:false 
03-02 12:19:16.133  1621  1668 I libprocessgroup: Removed cgroup /sys/fs/cgroup/uid_10337/pid_16497
03-02 12:19:16.133   861   861 I vendor.mediatek.hardware.mtkpower_applist-service.mediatek: packName: com.miui.home actName: com.miui.home.launcher.Launcher pid: 1999 activityId: 159909721 uid: 10166 state: 0
03-02 12:19:16.133   861   861 I MTK_APPList: [notifyAPPstate] com.miui.home/com.miui.home.launcher.Launcher, pid=1999, activityId=159909721, uid=10166, state:PAUSED, fps:-1, win:1
03-02 12:19:16.133   861   861 I MTK_APPList: [notifyAPPstate] multi_resumed_app_count: 1
03-02 12:19:16.133   861   861 I MTK_APPList: [notifyAPPstate] multi_resumed_app_info[0] com.android.systemui/com.android.systemui._190038181, pid:2363, activityId:-1, fps:-1, isMultiWindow:0
03-02 12:19:16.133   861   861 I MTK_APPList: [getForegroundAPPCount] 1
03-02 12:19:16.133   861   861 I MTK_APPList: [notifyNetdUID] 10166
03-02 12:19:16.134   835   835 I Zygote  : Process 16497 exited due to signal 9 (Killed)
03-02 12:19:16.134   861   861 I MTK_APPList: [notifyPID] 1999
03-02 12:19:16.135  1621  3051 D WindowManager: Collecting in transition 10223: ActivityRecord{6a59d3a u0 com.softnation.Ojam/.MainActivity t37056} init visibleRequested:false
03-02 12:19:16.135   863   958 I libPowerHal: [perfSetSysInfo] pid type:24, 1999
03-02 12:19:16.138  1621  1621 D MBrainLocalService: isVendorFreezeConditionPass is false
03-02 12:19:16.138  1621  1621 E MBrainLocalService: notifyAppSwitch failed
03-02 12:19:16.140  1621  3051 I ActivityTaskManager: START u0 {flg=0x10000000 cmp=com.softnation.Ojam/.MainActivity} with LAUNCH_SINGLE_TASK from uid 2000 from pid 29060 callingPackage com.android.shell (BAL_ALLOW_PERMISSION) result code=0
03-02 12:19:16.141   921  1170 D SurfaceFlinger: [SF client] REMOVE (0xb400007caea4db60) for (1621:system_server)
03-02 12:19:16.142  1621  1651 I ActivityTaskManager: visible for Task{27e6aff #2 type=home I=com.miui.home/.launcher.Launcher} visible = true isAnimating = false TRANSITION = false PARENTS = false CHILDREN = false
03-02 12:19:16.142  1621  1651 I ActivityTaskManager: visible for Task{d151cdd #1 type=home} visible = true isAnimating = false TRANSITION = false PARENTS = false CHILDREN = false
03-02 12:19:16.144  1999  1999 D Launcher.Lifecycle: onPause:UserHandle{0},c143874,false
03-02 12:19:16.144  1999  1999 D Launcher_UnlockAnimationStateMachine: onPause = IDLE
03-02 12:19:16.144  1999  1999 D Launcher_UnlockAnimationStateMachine: setState:PAUSE_WAIT
03-02 12:19:16.144  1621  1650 V GrammaticalInflectionUtils: AttributionSource: android.content.AttributionSource@19923ceb does not have READ_SYSTEM_GRAMMATICAL_GENDER permission.
03-02 12:19:16.145  2363  2363 E adTracker: Value IikvvdgDM8M72vtIqfDlV29qV9QR0Io8yfzVEFLS+Lg of type java.lang.String cannot be converted to JSONObject
03-02 12:19:16.146  1999  1999 D LauncherAssistantCompatGoogle: onPause com.google.android.libraries.gsa.launcherclient.LauncherClient@b8351e8
03-02 12:19:16.146  1621  1650 I PowerHalWrapper: amsBoostProcessCreate package:com.softnation.Ojam 
03-02 12:19:16.146  1999  1999 I Launcher.widget: onInvisible com.google.android.apps.wellbeing.widget.screentime.ScreenTimeWidgetProviderReceiver_Receiver
03-02 12:19:16.146  1999  1999 I Launcher.widget: onInvisible com.google.android.apps.bard.widget.RobinToolBarAppWidgetReceiver
03-02 12:19:16.146  1999  1999 I Launcher.widget: onInvisible com.google.android.googlequicksearchbox.SearchWidgetProvider
03-02 12:19:16.146  1999  1999 D ServiceDeliveryReplaceHelper: onPause: widget to serviceDeliver isReplace false
03-02 12:19:16.148   921  1166 D SurfaceFlinger: [SF client] NEW(0xb400007caea56410) for (2363:com.android.systemui)
03-02 12:19:16.149  1999  1817 D TaskStackChangeListeners: onTaskDescriptionChanged =  taskId = 37056
03-02 12:19:16.150   863   958 I libPowerHal: [perfLockAcq] idx:2 hdl:371095 hint:21 pid:863 tid:863 duration:10000 lock_user:vendor.mediatek => ret_hdl:371095
03-02 12:19:16.153   863   958 I libPowerHal: [PE] MTKPOWER_HINT_PROCESS_CREATE update cmd:2024000, param:100, pr:3
03-02 12:19:16.155   863   958 I libPowerHal: [set_kswapd_affinity] set affinity = 16129
03-02 12:19:16.155   863   958 I libPowerHal: [PE] MTKPOWER_HINT_PROCESS_CREATE update ONESHOT(set) cmd:10000700 param:16129 pr:3
03-02 12:19:16.155   863   958 I libPowerHal: [perfLockAcq] Done for hdl : 371095
03-02 12:19:16.155  1621  4754 I AppsFilter: interaction: PackageSetting{131896e com.android.microdroid.empty_payload/10255} -> PackageSetting{697f419 com.softnation.Ojam/10337} BLOCKED
03-02 12:19:16.157 18562 18562 I bluetooth: avrcp_service.cc:699 SendPlayerSettingsChanged: attribute=PlayerAttribute::REPEAT : value=PlayerRepeatValue::OFF
03-02 12:19:16.157 18562 18562 I bluetooth: attribute=PlayerAttribute::SHUFFLE : value=PlayerShuffleValue::OFF
03-02 12:19:16.158 18562 18562 V MediaPlayerList: onActiveSessionsChanged: number of controllers: 0
03-02 12:19:16.158 18562 18562 I PlayerSettingsManager: getPlayerRepeatMode: no active player
03-02 12:19:16.158 18562 18562 I PlayerSettingsManager: getPlayerShuffleMode: no active player
03-02 12:19:16.158 18562 18562 I PlayerSettingsManager: updateRemoteDevice: STATE_REPEAT_OFF, STATE_SHUFFLE_OFF
03-02 12:19:16.158 18562 18562 I bluetooth: avrcp_service.cc:685 SendPlayerSettingsChanged: 
03-02 12:19:16.158 18562 18562 I bluetooth: avrcp_service.cc:699 SendPlayerSettingsChanged: attribute=PlayerAttribute::REPEAT : value=PlayerRepeatValue::OFF
03-02 12:19:16.158 18562 18562 I bluetooth: attribute=PlayerAttribute::SHUFFLE : value=PlayerShuffleValue::OFF
03-02 12:19:16.158  2363  2577 D MiuiCameraCoveredManager: java.lang.NullPointerException: Attempt to invoke virtual method 'java.lang.String android.provider.MiuiSettings$SettingsCloudData$CloudData.getString(java.lang.String, java.lang.String)' on a null object reference
03-02 12:19:16.158  2246  2407 I Tethering: [BpfCoordinator] onAlertReached
03-02 12:19:16.159  1621  1650 W ActivityManager: setHasOverlayUi called on unknown pid: 16497
03-02 12:19:16.160  2363 19600 I ActiveAudioSessionManager_export-api: dispatchTopActiveSessionChangeCallbackLocked, size:1
03-02 12:19:16.160  2363 19600 I GlobalMiPlayAudioManager: onActiveAudioSessionChange activeSession is null
03-02 12:19:16.160  1621  1666 I SmartPower: com.milink.service:audio/10190(19603): idle->background(2854ms) R(broadcast start Intent { act=android.intent.action.PACKAGE_RESTARTED dat=package: flg=0x4000010 (has extras) }) adj=100.
03-02 12:19:16.160  2363 19600 D MiCastSDKImpl: setPlaybackState state -999
03-02 12:19:16.160  2363 19600 I GlobalMiPlayAudioManager: dispatchCallback, what, 1
03-02 12:19:16.160  2363 19600 I ActiveAudioSessionManager_export-api: stopPositionCallbackTask
03-02 12:19:16.160  2363 19600 I ActiveAudioSessionManager_export-api: dispatchSessionsExistsChangeCallbackLocked :false
03-02 12:19:16.160  2363 19600 I MiPlayServiceAdapter: markSessionKilled
03-02 12:19:16.165  1621  4754 D WindowManager: Collecting in transition 10223: ActivityRecord{6a59d3a u0 com.softnation.Ojam/.MainActivity t37056} init visibleRequested:false
03-02 12:19:16.166  1621  1667 I ActivityManager: Start proc 25012:com.softnation.Ojam/u0a337 for next-top-activity {com.softnation.Ojam/com.softnation.Ojam.MainActivity} caller=com.android.shell
03-02 12:19:16.167  1621  4754 D WindowManager: Collecting in transition 10223: ActivityRecord{9880759 u0 com.miui.home/.launcher.Launcher t2} init visibleRequested:true
03-02 12:19:16.168  1621  4754 D WindowManager: Collecting in transition 10223: Window{7986e4c u0 com.miui.miwallpaper.wallpaperservice.MiuiKeyguardPictorialWallpaper} init visibleRequested:true
03-02 12:19:16.168  1621  4754 D WindowManager: Collecting in transition 10223: Window{92602d4 u0 com.miui.miwallpaper.wallpaperservice.ImageWallpaper} init visibleRequested:true
03-02 12:19:16.169  2363  2648 W libc    : Access denied finding property "ro.vendor.display.iris_x7.support"
03-02 12:19:16.169 25012 25012 E Zygote  : process_name_ptr:25012 com.softnation.Ojam
03-02 12:19:16.170 25012 25012 E Zygote  : SetMemoryProtected process_name_ptr:25012 com.softnation.Ojam
03-02 12:19:16.170  1621  4754 D MiuiRefreshRatePolicy: reset
03-02 12:19:16.171  2363  2577 D VRI[Ojam]: hardware acceleration = true, forceHwAccelerated = false
03-02 12:19:16.171  2363 19600 I ActiveAudioSessionManager_export-api: controllerSize:0
03-02 12:19:16.171  2363 19600 I ActiveAudioSessionManager_export-api: stopPositionCallbackTask
03-02 12:19:16.171  2363 19600 I ActiveAudioSessionManager_export-api: dispatchSessionsExistsChangeCallbackLocked :false
03-02 12:19:16.171  2363 19600 I MiPlayServiceAdapter: markSessionKilled
03-02 12:19:16.172  1999  2508 D SessionLifecycleClient: Sending lifecycle 2 to service
03-02 12:19:16.173  1621  1651 I ActivityTaskManager: visible for Task{27e6aff #2 type=home I=com.miui.home/.launcher.Launcher} visible = true isAnimating = false TRANSITION = false PARENTS = false CHILDREN = false
03-02 12:19:16.173  1621  1651 I ActivityTaskManager: visible for Task{d151cdd #1 type=home} visible = true isAnimating = false TRANSITION = false PARENTS = false CHILDREN = false
03-02 12:19:16.174  1999  4922 D SessionLifecycleService: Activity backgrounding at 615549721
03-02 12:19:16.174  2363  2363 I FocusedNotifPromptContr: onTopActivityMayChanged: isSupportPip false, isFocus false
03-02 12:19:16.174  2363  2363 I FocusedNotifPromptContr: onTopActivityMayChanged: topActivity=com.softnation.Ojam
03-02 12:19:16.174  2363  2363 I PromptViewAnimState: topActivityMayChanged: topActivity=com.miui.home --> com.softnation.Ojam
03-02 12:19:16.175  2363  2363 D KeyguardEditorHelper: onTopActivityMayChanged, topActivity=ComponentInfo{com.softnation.Ojam/com.softnation.Ojam.MainActivity}; mState=IDEL
03-02 12:19:16.175  2363  2363 D MiPlayDetailViewModel: onActiveAudioSessionChange(): audioSessionList?.size =0
03-02 12:19:16.175  2363  2363 D MiPlayController: miplay service state invalid = 0
03-02 12:19:16.175  2363  2363 D MiPlayDetailViewModel: isMiuiMusic:false null,releaseVersion:1
03-02 12:19:16.175  2363  2363 D MiPlayDetailViewModel: updateAudioSession true
03-02 12:19:16.177  1621  1922 I SmartPower: com.google.android.gms/99910147(28118): background->idle(3006ms) R(service end com.google.android.gms/.people.sync.PeopleSyncService) adj=600.
03-02 12:19:16.177  2363  2477 D OneHandedController: stopOneHanded state is 0
03-02 12:19:16.180  2363  2477 I SoScStageCoordinator: Transition requested:TransitionRequestInfo { type = OPEN, triggerTask = TaskInfo{userId=0 taskId=37056 displayId=0 isRunning=true baseIntent=Intent { flg=0x10000000 cmp=com.softnation.Ojam/.MainActivity } baseActivity=ComponentInfo{com.softnation.Ojam/com.softnation.Ojam.MainActivity} topActivity=ComponentInfo{com.softnation.Ojam/com.softnation.Ojam.MainActivity} origActivity=null realActivity=ComponentInfo{com.softnation.Ojam/com.softnation.Ojam.MainActivity} numActivities=1 lastActiveTime=1033315554 supportsSplitScreenMultiWindow=true supportsMultiWindow=true resizeMode=1 isResizeable=true minWidth=-1 minHeight=-1 defaultMinSize=200 token=WCT{android.window.IWindowContainerToken$Stub$Proxy@ae00619} topActivityType=1 pictureInPictureParams=null shouldDockBigOverlays=false launchIntoPipHostTaskId=-1 lastParentTaskIdBeforePip=-1 displayCutoutSafeInsets=Rect(0, 104 - 0, 0) topActivityInfo=ActivityInfo{39466de com.softnation.Ojam.MainActivity} launchCookies=[] positionInParent=Point(0, 0) parentTaskId=-1 isFocused=false isVisible=false isVisibleRequested=false isSleeping=false locusId=null displayAreaFeatureId=1 isTopActivityTransparent=false appCompatTaskInfo=AppCompatTaskInfo { topActivityInSizeCompat=false topActivityEligibleForLetterboxEducation= falseisLetterboxEducationEnabled= false isLetterboxDoubleTapEnabled= false topActivityEligibleForUserAspectRatioButton= false topActivityBoundsLetterboxed= false isFromLetterboxDoubleTap= false topActivityLetterboxVerticalPosition= -1 topActivityLetterboxHorizontalPosition= -1 topActivityLetterboxWidth=1080 topActivityLetterboxHeight=2460 isUserFullscreenOverrideEnabled=false isSystemFullscreenOverrideEnabled=false cameraCompatTaskInfo=CameraCompatTaskInfo { cameraCompatControlState=hidden freeformCameraCompatMode=inactive}} isImmersive=false mTopActivityRequestOrientation=-2 mBehindAppLockPkg=null mOriginatingUid=0 isEmbedded=false shouldBeVisible=true mIsCastMode=false mTopActivityMediaSize=null mTopActivityRecordName=ActivityRecord{6a59d3a u0 com.softnation.Ojam/.MainActivity t37056} mTopActivityOrientation=-2}, pipTask = null, remoteTransition = null, displayChange = null, flags = 0, debugId = 10223 } isSoScActive:false triggerTask:TaskInfo{userId=0 taskId=37056 displayId=0 isRunning=true baseIntent=Intent { flg=0x10000000 cmp=com.softnation.Ojam/.MainActivity } baseActivity=ComponentInfo{com.softnation.Ojam/com.softnation.Ojam.MainActivity} topActivity=ComponentInfo{com.softnation.Ojam/com.softnation.Ojam.MainActivity} origActivity=null realActivity=ComponentInfo{com.softnation.Ojam/com.softnation.Ojam.MainActivity} numActivities=1 lastActiveTime=1033315554 supportsSplitScreenMultiWindow=true supportsMultiWindow=true resizeMode=1 isResizeable=true minWidth=-1 minHeight=-1 defaultMinSize=200 token=WCT{android.window.IWindowContainerToken$Stub$Proxy@ae00619} topActivityType=1 pictureInPictureParams=null shouldDockBigOverlays=false launchIntoPipHostTaskId=-1 lastParentTaskIdBeforePip=-1 displayCutoutSafeInsets=Rect(0, 104 - 0, 0) topActivityInfo=ActivityInfo{39466de com.softnation.Ojam.MainActivity} launchCookies=[] positionInParent=Point(0, 0) parentTaskId=-1 isFocused=false isVisible=false isVisibleRequested=false isSleeping=false locusId=null displayAreaFeatureId=1 isTopActivityTransparent=false appCompatTaskInfo=AppCompatTaskInfo { topActivityInSizeCompat=false topActivityEligibleForLetterboxEducation= falseisLetterboxEducationEnabled= false isLetterboxDoubleTapEnabled= false topActivityEligibleForUserAspectRatioButton= false topActivityBoundsLetterboxed= false isFromLetterboxDoubleTap= false topActivityLetterboxVerticalPosition= -1 topActivityLetterboxHorizontalPosition= -1 topActivityLetterboxWidth=1080 topActivityLetterboxHeight=2460 isUserFullscreenOverrideEnabled=false isSystemFullscreenOverrideEnabled=false cameraCompatTaskInfo=CameraCompatTaskInfo { cameraCompatControlState=hidden freeformCameraCompatMode=inactive}} isImmersive=false mTopActivityRequestOrientation=-2 mBehindAppLockPkg=null mOriginatingUid=0 isEmbed
03-02 12:19:16.181  2363  2477 I SoScUtils: monitorTransitionRequest mRequestOpenTransition:null mRequestOpenTriggerTask:-1 mRequestCloseTransition:null mRequestCloseTriggerTask:-1 mRequestCloseStageType:-1
03-02 12:19:16.182   921   921 I BufferQueueProducer: [NotificationShade#135144](this:0xb400007bcecc5298,id:-1,api:0,p:-1,c:921) queueBuffer: fps=21.81 dur=1054.65 max=620.84 min=16.29
03-02 12:19:16.182   921  1170 I BufferQueueDebug: [4eb0d51 Splash Screen com.softnation.Ojam#135151](this:0xb400007bcecc8028,id:-1,api:0,p:-1,c:-1) BufferQueue core=(921:/system/bin/surfaceflinger)
03-02 12:19:16.185  1621  5247 D PreStartingManager: Not init when use PreStartingManager!
03-02 12:19:16.185  1621  5247 I WindowManager: Add startingWindow, surfaceControl = Surface(name=4eb0d51 Splash Screen com.softnation.Ojam#135151)/@0xf890e24 layerId = 135151
03-02 12:19:16.189  1621  1651 I ActivityTaskManager: visible for Task{27e6aff #2 type=home I=com.miui.home/.launcher.Launcher} visible = true isAnimating = false TRANSITION = false PARENTS = false CHILDREN = false
03-02 12:19:16.191  1621  1651 I ActivityTaskManager: visible for Task{d151cdd #1 type=home} visible = true isAnimating = false TRANSITION = false PARENTS = false CHILDREN = false
03-02 12:19:16.195  2363  2577 D InputEventReceiver: Input log is disabled in InputEventReceiver.
03-02 12:19:16.195 28735 28843 E HiddenApis2: Failed to init DecodeJObjectFuncPtr
03-02 12:19:16.196  2363  3015 I Tile.MiuiCellularTile: handleUpdateState supported:true, multiSim:true, simCount:2, dataUsage:false, airplane:false, thermal:true, satellite:false, shareNetwork:false
03-02 12:19:16.194 25012 25012 I softnation.Ojam: Late-enabling -Xcheck:jni
03-02 12:19:16.197  2061  2061 I MiuiWallpaper-MiuiWallpaperManagerService: receive broadcast action = android.intent.action.PACKAGE_RESTARTED
03-02 12:19:16.201  1621  4431 D WindowManager: Set transition=TransitionRecord{e0cec65 id=10223 type=OPEN flags=0x0}, ready=false, SyncId=10223 used=true, override=false, defer=0, states=Display{#0 state=ON size=1080x2460 ROTATION_0}:false
03-02 12:19:16.202  1621  1842 I MiuiNetworkPolicy: updateUidState uid = 10337, uidState = 19
03-02 12:19:16.202  2363  2477 D OneHandedController: stopOneHanded state is 0
03-02 12:19:16.202  2363  2477 D OneHandedController: stopOneHanded state is 0
03-02 12:19:16.208 19603 19603 W MultiDeviceManager: setPlaybackState state -999
03-02 12:19:16.208  1999  2759 D EventBus: No subscribers registered for event class com.miui.home.recents.messages.RecentTasksChangedEvent
03-02 12:19:16.210  1621  1651 I ActivityTaskManager: visible for Task{27e6aff #2 type=home I=com.miui.home/.launcher.Launcher} visible = true isAnimating = false TRANSITION = false PARENTS = false CHILDREN = false
03-02 12:19:16.210 19603 19603 I CastDeviceManager: setPlaybackState: state -999
03-02 12:19:16.210  1621  1651 I ActivityTaskManager: visible for Task{d151cdd #1 type=home} visible = true isAnimating = false TRANSITION = false PARENTS = false CHILDREN = false
03-02 12:19:16.210 19603 19603 W CastDeviceManager: setPlaybackState: castSession is null return
03-02 12:19:16.213  1999  2759 D EventBus: No subscribers registered for event class org.greenrobot.eventbus.NoSubscriberEvent
03-02 12:19:16.214  1999  2684 D RecentsModel: onTaskStackChangedBackground    MSG_TASK_STACK_CHANGE
03-02 12:19:16.215  1999  2684 D RecentsModel: boostTaskStackChangedThread once, tid=2684, recentResourceLoaderTid=2525
03-02 12:19:16.215  1999  2684 W MiBridge: Permission not granted !!
03-02 12:19:16.214   921   921 I BufferQueueProducer: [StatusBar#109](this:0xb400007bcec4ab68,id:-1,api:0,p:-1,c:921) queueBuffer: fps=0.92 dur=1087.48 max=1087.48 min=1087.48
03-02 12:19:16.215  1999  2684 D Launcher.Boost: setDynamicVIPTaskIfNeeded::tid = 2684 duration = 500
03-02 12:19:16.215  1999  2759 D EventBus: No subscribers registered for event class com.miui.home.recents.messages.RecentTasksChangedEvent
03-02 12:19:16.215   921   921 I BufferQueueProducer: [com.miui.home/com.miui.home.launcher.Launcher#135134](this:0xb400007bcecab888,id:-1,api:0,p:-1,c:921) queueBuffer: fps=0.19 dur=10786.87 max=10759.12 min=27.75
03-02 12:19:16.215  1999  2759 D EventBus: No subscribers registered for event class org.greenrobot.eventbus.NoSubscriberEvent
03-02 12:19:16.216   921   921 I BpBinder: onLastStrongRef automatically unlinking death recipients: 
03-02 12:19:16.216  1621  5247 D FileUtils: Rounded bytes from 8055762944 to 16000000000
03-02 12:19:16.218  1621  5247 D FileUtils: Rounded bytes from 8055762944 to 16000000000
03-02 12:19:16.218  1621  4431 I ATMSImpl: cacheTasksForDefaultDisplay size=5
03-02 12:19:16.221 28735 28843 W fb4a.Fixie/ActivityStackResetterFixer: Enable Activity Stack Resetter
03-02 12:19:16.223  1999  2684 D RecentsModel: getRunningTask ignoreActivityType : 2 ,ignoreWindowMode:5
03-02 12:19:16.224  1999  2684 W RecentsModel: getRunningTask   taskInfo=TaskInfo{userId=0 taskId=37056 displayId=0 isRunning=true baseIntent=Intent { flg=0x10000000 cmp=com.softnation.Ojam/.MainActivity } baseActivity=ComponentInfo{com.softnation.Ojam/com.softnation.Ojam.MainActivity} topActivity=ComponentInfo{com.softnation.Ojam/com.softnation.Ojam.MainActivity} origActivity=null realActivity=ComponentInfo{com.softnation.Ojam/com.softnation.Ojam.MainActivity} numActivities=1 lastActiveTime=1033315640 supportsSplitScreenMultiWindow=true supportsMultiWindow=true resizeMode=1 isResizeable=true minWidth=-1 minHeight=-1 defaultMinSize=200 token=WCT{android.window.IWindowContainerToken$Stub$Proxy@b60db7b} topActivityType=1 pictureInPictureParams=null shouldDockBigOverlays=false launchIntoPipHostTaskId=-1 lastParentTaskIdBeforePip=-1 displayCutoutSafeInsets=null topActivityInfo=ActivityInfo{73f1d98 com.softnation.Ojam.MainActivity} launchCookies=[] positionInParent=Point(0, 0) parentTaskId=-1 isFocused=false isVisible=false isVisibleRequested=true isSleeping=false locusId=null displayAreaFeatureId=1 isTopActivityTransparent=false appCompatTaskInfo=AppCompatTaskInfo { topActivityInSizeCompat=false topActivityEligibleForLetterboxEducation= falseisLetterboxEducationEnabled= false isLetterboxDoubleTapEnabled= false topActivityEligibleForUserAspectRatioButton= false topActivityBoundsLetterboxed= false isFromLetterboxDoubleTap= false topActivityLetterboxVerticalPosition= -1 topActivityLetterboxHorizontalPosition= -1 topActivityLetterboxWidth=1080 topActivityLetterboxHeight=2460 isUserFullscreenOverrideEnabled=false isSystemFullscreenOverrideEnabled=false cameraCompatTaskInfo=CameraCompatTaskInfo { cameraCompatControlState=hidden freeformCameraCompatMode=inactive}} isImmersive=false mTopActivityRequestOrientation=1 mBehindAppLockPkg=null mOriginatingUid=0 isEmbedded=false shouldBeVisible=true mIsCastMode=false mTopActivityMediaSize=null mTopActivityRecordName=ActivityRecord{6a59d3a u0 com.softnation.Ojam/.MainActivity t37056} mTopActivityOrientation=1}
03-02 12:19:16.224  1999  2684 D RecentsModel: preloadRecents runningTaskId:37056, mCurrentRunningTaskId:-1, mRecentsTaskLoadPlan=com.android.systemui.shared.recents.model.RecentsTaskLoadPlan@c7419f1
03-02 12:19:16.226  1999  2684 E ActivityManagerWrapper: get all recent tasks force including 37056
03-02 12:19:16.230  1621  5247 D CoreBackPreview: Window{4eb0d51 u0 Splash Screen com.softnation.Ojam}: Setting back callback OnBackInvokedCallbackInfo{mCallback=android.window.IOnBackInvokedCallback$Stub$Proxy@c54409a, mPriority=0, mIsAnimationCallback=false}
03-02 12:19:16.231   921  1170 I BufferQueueDebug: [Splash Screen com.softnation.Ojam#135152](this:0xb400007bcecdeca8,id:-1,api:0,p:-1,c:-1) BufferQueue core=(921:/system/bin/surfaceflinger)
03-02 12:19:16.234  1999  2684 E ActivityManagerWrapper: getRecentTasksForceIncludingTaskIdIfValid: getRecentTasks: size=4
03-02 12:19:16.234  1999  2684 E ActivityManagerWrapper:  mainTaskId=37056   userId=0   windowMode=1   baseIntent=Intent { act=null flag=268435456 cmp=ComponentInfo{com.softnation.Ojam/com.softnation.Ojam.MainActivity} }
03-02 12:19:16.234  1999  2684 E ActivityManagerWrapper:  mainTaskId=37055   userId=0   windowMode=1   baseIntent=Intent { act=android.intent.action.MAIN flag=270532608 cmp=ComponentInfo{com.whatsapp/com.whatsapp.Main} }
03-02 12:19:16.234  1999  2684 E ActivityManagerWrapper:  mainTaskId=37052   userId=0   windowMode=1   baseIntent=Intent { act=android.intent.action.MAIN flag=270532608 cmp=ComponentInfo{com.google.android.dialer/com.google.android.dialer.extensions.GoogleDialtactsActivity} }
03-02 12:19:16.234  1999  2684 E ActivityManagerWrapper:  mainTaskId=36980   userId=0   windowMode=1   baseIntent=Intent { act=android.intent.action.MAIN flag=270532608 cmp=ComponentInfo{com.twitter.android/com.twitter.android.StartActivity} }
03-02 12:19:16.235  1621  2834 D MiuiRefreshRatePolicy: reset
03-02 12:19:16.242  2363  2577 D BufferQueueConsumer: [](id:93b00001b0a,api:0,p:-1,c:2363) connect: controlledByApp=false
03-02 12:19:16.243  2363  2577 D BLASTBufferQueue: [VRI[Ojam]#5877](f:0,a:0) constructor()
03-02 12:19:16.243  2363  2577 D BLASTBufferQueue: [VRI[Ojam]#5877](f:0,a:0) update width=1080 height=2460 format=-3 mTransformHint=0
03-02 12:19:16.245  2363  2577 D VRI[Ojam]: vri.reportNextDraw android.view.ViewRootImpl.performTraversals:4984 android.view.ViewRootImpl.doTraversal:3564 android.view.ViewRootImpl$TraversalRunnable.run:11781 android.view.Choreographer$CallbackRecord.run:1804 android.view.Choreographer$CallbackRecord.run:1813 
03-02 12:19:16.246  2363  2577 D VRI[Ojam]: Setup new sync=wmsSync-VRI[Ojam]#96
03-02 12:19:16.246 28735 28843 D nativeloader: Load /data/data/com.facebook.katana/lib-compressed/liblongsuspend.so using class loader ns clns-7 (caller=/data/app/~~D6pxJj0wCihn6bL7dRHGfw==/com.facebook.katana-ytDRDVfsDJQ7KNzIgYIFlA==/base.apk): ok
03-02 12:19:16.247 25900 25900 I brdz    : onPause
03-02 12:19:16.248  1621  1651 I ActivityTaskManager: visible for Task{27e6aff #2 type=home I=com.miui.home/.launcher.Launcher} visible = true isAnimating = false TRANSITION = false PARENTS = false CHILDREN = false
03-02 12:19:16.249  1621  1651 I ActivityTaskManager: visible for Task{d151cdd #1 type=home} visible = true isAnimating = false TRANSITION = false PARENTS = false CHILDREN = false
03-02 12:19:16.249  2363  2648 D HWUI    : makeCurrent grContext:0xb4000079f1a172d0 reset mTextureAvailable
03-02 12:19:16.260  2363  2648 D BLASTBufferQueue: [VRI[Ojam]#5877](f:0,a:1) acquireNextBufferLocked size=1080x2460 mFrameNumber=1 applyTransaction=true mTimestamp=615549806588611(auto) mPendingTransactions.size=0 graphicBufferId=10149007876590 transform=0
03-02 12:19:16.262  2363  2577 D VRI[Ojam]: vri.reportDrawFinished
03-02 12:19:16.265  1621  1651 D MiuiRefreshRatePolicy: reset
03-02 12:19:16.266  1621  1651 D PreStartingManager: Not init when use PreStartingManager!
03-02 12:19:16.267  1621  1651 D WindowManager: Set transition=TransitionRecord{e0cec65 id=10223 type=OPEN flags=0x0}, ready=true, SyncId=10223 
03-02 12:19:16.270  1621  1651 I SmartPower: com.softnation.Ojam/10337(0): died->visible(657ms) R(become visible) adj=-10000.
03-02 12:19:16.271  1621  1651 I WindowManager: wms.showSurfaceRobustly mWin:Window{4eb0d51 u0 Splash Screen com.softnation.Ojam}
03-02 12:19:16.271  1621  1651 D WindowManager: Final targets: [Task{1127748 #37056 type=standard A=10337:com.softnation.Ojam}, Task{d151cdd #1 type=home}]
03-02 12:19:16.272   921  1170 I BufferQueueDebug: [Transition Root #10223: Task=37056#135153](this:0xb400007bcecd08d8,id:-1,api:0,p:-1,c:-1) BufferQueue core=(921:/system/bin/surfaceflinger)
03-02 12:19:16.272 28118 28118 D BoundBrokerSvc: onUnbind: Intent { act=com.google.android.gms.facs.internal.service.START dat=chimera-action:/... cmp=com.google.android.gms/.chimera.GmsInternalApiService }
03-02 12:19:16.274  6027  6068 I SCTaskStackListener: onTaskStackChanged! inSplit = false
03-02 12:19:16.275  1999  3489 D EventBus: No subscribers registered for event class com.miui.home.recents.messages.RecentTasksChangedEvent
03-02 12:19:16.275  1999  3489 D EventBus: No subscribers registered for event class org.greenrobot.eventbus.NoSubscriberEvent
03-02 12:19:16.281  1621  1651 D MiuiRefreshRatePolicy: reset
03-02 12:19:16.284  2363  2477 I MultiTaskingTaskRepository: needSkip: is home task
03-02 12:19:16.284  2363  2477 W MultiTaskingTaskRepository: onToBackTransitionReady putOrUpdateTaskInfo skip
03-02 12:19:16.285  2363  2477 D MultiTaskingTaskRepository: addOrMoveFullscreenTaskToTop taskId=37056
03-02 12:19:16.286  2363  2477 D MultiTaskingTaskRepository: putOrUpdateTaskInfo: taskInfo.taskId: 37056 current mMultiTaskingTaskInfoList:  ,37055 ,37052 ,36980 ,36770 ,36289 ,5 ,4
03-02 12:19:16.286  2363  2477 D MultiTaskingTaskRepository: java.lang.Throwable
03-02 12:19:16.286  2363  2477 D MultiTaskingTaskRepository: 	at com.android.wm.shell.multitasking.taskmanager.MultiTaskingTaskRepository.updateMultiTaskingTaskInfo(go/retraceme 5c05439c20823397c9aaa04c8ad244598257e2a7e5bd06f03af131ffaee2a4a9:82)
03-02 12:19:16.286  2363  2477 D MultiTaskingTaskRepository: 	at com.android.wm.shell.multitasking.taskmanager.MultiTaskingTaskRepository.putOrUpdateTaskInfo(go/retraceme 5c05439c20823397c9aaa04c8ad244598257e2a7e5bd06f03af131ffaee2a4a9:41)
03-02 12:19:16.286  2363  2477 D MultiTaskingTaskRepository: 	at com.android.wm.shell.multitasking.taskmanager.MultiTaskingTransitionObserver.onTransitionReady(go/retraceme 5c05439c20823397c9aaa04c8ad244598257e2a7e5bd06f03af131ffaee2a4a9:166)
03-02 12:19:16.286  2363  2477 D MultiTaskingTaskRepository: 	at com.android.wm.shell.transition.Transitions.dispatchReady(go/retraceme 5c05439c20823397c9aaa04c8ad244598257e2a7e5bd06f03af131ffaee2a4a9:169)
03-02 12:19:16.286  2363  2477 D MultiTaskingTaskRepository: 	at com.android.wm.shell.transition.Transitions.onTransitionReady(go/retraceme 5c05439c20823397c9aaa04c8ad244598257e2a7e5bd06f03af131ffaee2a4a9:248)
03-02 12:19:16.286  2363  2477 D MultiTaskingTaskRepository: 	at com.android.wm.shell.transition.Transitions$TransitionPlayerImpl$$ExternalSyntheticLambda1.run(go/retraceme 5c05439c20823397c9aaa04c8ad244598257e2a7e5bd06f03af131ffaee2a4a9:47)
03-02 12:19:16.286  2363  2477 D MultiTaskingTaskRepository: 	at android.os.Handler.handleCallback(Handler.java:959)
03-02 12:19:16.286  2363  2477 D MultiTaskingTaskRepository: 	at android.os.Handler.dispatchMessage(Handler.java:100)
03-02 12:19:16.286  2363  2477 D MultiTaskingTaskRepository: 	at android.os.Looper.loopOnce(Looper.java:249)
03-02 12:19:16.286  2363  2477 D MultiTaskingTaskRepository: 	at android.os.Looper.loop(Looper.java:337)
03-02 12:19:16.286  2363  2477 D MultiTaskingTaskRepository: 	at android.os.HandlerThread.run(HandlerThread.java:85)
03-02 12:19:16.286 25012 25012 I softnation.Ojam: Using CollectorTypeCMC GC.
03-02 12:19:16.286  2363  2477 D MultiTaskingTaskInfo: initFolmeControl::task id = 37056, mBounds = Rect(0, 0 - 1080, 2460)
03-02 12:19:16.287  2363  2477 I ShellTransitions: Is abandon offsetY: false
03-02 12:19:16.287  2363  2477 I ShellTransitions: Is abandon offsetY: false
03-02 12:19:16.287  2363  2477 E TaskViewTransitions: Found a launching TaskView in the wrong transition. All TaskView launches should be initiated by shell and in their own transition: 37056
03-02 12:19:16.287  2363  2477 E KeyguardTransitionHandlerImpl: activityCount = 0
03-02 12:19:16.287  2363  2477 E KeyguardTransitionHandlerImpl: activityCount = 0
03-02 12:19:16.287  2363  2477 D MiuiFreeformModeAnimation: startAnimation change: {WCT{android.window.IWindowContainerToken$Stub$Proxy@e6437af} m=OPEN f=NONE leash=Surface(name=Task=37056#135149)/@0xca8290 sb=Rect(0, 0 - 1080, 2460) eb=Rect(0, 0 - 1080, 2460) d=0 taskParent=-1} info.getType(): 1
03-02 12:19:16.288  2363  2477 D MiuiFreeformModeAnimation: startAnimation change: {WCT{android.window.IWindowContainerToken$Stub$Proxy@9fd37bc} m=TO_BACK f=SHOW_WALLPAPER leash=Surface(name=Task=1#47)/@0x561a789 sb=Rect(0, 0 - 1080, 2460) eb=Rect(0, 0 - 1080, 2460) d=0 taskParent=-1} info.getType(): 1
03-02 12:19:16.288  2363  2477 D SoScStageCoordinator: inCloseTransition:false pairsStartedWithCloseTransition:false isRequestCloseTriggerTask:false inSingleSoScState:false inSoScUnactivie:true closeStage:null
03-02 12:19:16.289  1621  1651 I ActivityTaskManager: visible for Task{27e6aff #2 type=home I=com.miui.home/.launcher.Launcher} visible = true isAnimating = false TRANSITION = false PARENTS = false CHILDREN = false
03-02 12:19:16.289   921  1170 I BufferQueueDebug: [f8ea15c ActivityRecordInputSink com.softnation.Ojam/.MainActivity#135154](this:0xb400007bcecb13a8,id:-1,api:0,p:-1,c:-1) BufferQueue core=(921:/system/bin/surfaceflinger)
03-02 12:19:16.290  2363  2477 D TransitionAnimationHelper:  load default animation  type = 1 enter = false animAttr = 19 isTask = true translucent = false
03-02 12:19:16.292  2363  2477 D TransitionAnimationHelper:  load default animation  type = 1 enter = true animAttr = 18 isTask = true translucent = false
03-02 12:19:16.293  1621  2834 W UserManagerService: Requested status bar icon for non-badged user 0
03-02 12:19:16.294  7123  7128 I adbd    : jdwp connection from 25012
03-02 12:19:16.295  2363  2540 D ShellTransitions: speed ui!!!!!!!!!!!
03-02 12:19:16.295  2363  2477 D MulWinSwitchDecorViewModel: handleEventReceiverIfMultiWinSwitchIsUnsupported: removeEventReceiver, callers=com.android.wm.shell.multitasking.miuimultiwinswitch.miuiwindowdecor.MulWinSwitchDecorViewModel.onTaskOpening:7 com.android.wm.shell.fullscreen.FullscreenTaskListener.onTaskAppeared:97 com.android.wm.shell.ShellTaskOrganizer.onTaskAppeared:9 com.android.wm.shell.ShellTaskOrganizer.onTaskAppeared:3 android.window.TaskOrganizer$1.lambda$onTaskAppeared$5:312 
03-02 12:19:16.296  2363  2477 D MultiTaskingTaskRepository: addOrMoveFullscreenTaskToTop taskId=37056
03-02 12:19:16.302  1999  2684 D TaskSnapshotCompatVV: getIsInvalidateFromTaskSnapshot, return, mTaskSnapshot=null, mTaskSnapshotClazz=null
03-02 12:19:16.303  1999  2684 D RecentsModel: onTaskStackChangedBackground    MSG_TASK_STACK_CHANGE
03-02 12:19:16.303  1999  2684 D RecentsModel: boostTaskStackChangedThread, don't boost
03-02 12:19:16.305  1621  2986 I ATMSImpl: cacheTasksForDefaultDisplay size=5
03-02 12:19:16.308  1999  2684 D RecentsModel: getRunningTask ignoreActivityType : 2 ,ignoreWindowMode:5
03-02 12:19:16.308  1999  2684 W RecentsModel: getRunningTask   taskInfo=TaskInfo{userId=0 taskId=37056 displayId=0 isRunning=true baseIntent=Intent { flg=0x10000000 cmp=com.softnation.Ojam/.MainActivity } baseActivity=ComponentInfo{com.softnation.Ojam/com.softnation.Ojam.MainActivity} topActivity=ComponentInfo{com.softnation.Ojam/com.softnation.Ojam.MainActivity} origActivity=null realActivity=ComponentInfo{com.softnation.Ojam/com.softnation.Ojam.MainActivity} numActivities=1 lastActiveTime=1033315727 supportsSplitScreenMultiWindow=true supportsMultiWindow=true resizeMode=1 isResizeable=true minWidth=-1 minHeight=-1 defaultMinSize=200 token=WCT{android.window.IWindowContainerToken$Stub$Proxy@1e44e5e} topActivityType=1 pictureInPictureParams=null shouldDockBigOverlays=false launchIntoPipHostTaskId=-1 lastParentTaskIdBeforePip=-1 displayCutoutSafeInsets=null topActivityInfo=ActivityInfo{8ca323f com.softnation.Ojam.MainActivity} launchCookies=[] positionInParent=Point(0, 0) parentTaskId=-1 isFocused=false isVisible=true isVisibleRequested=true isSleeping=false locusId=null displayAreaFeatureId=1 isTopActivityTransparent=false appCompatTaskInfo=AppCompatTaskInfo { topActivityInSizeCompat=false topActivityEligibleForLetterboxEducation= falseisLetterboxEducationEnabled= false isLetterboxDoubleTapEnabled= false topActivityEligibleForUserAspectRatioButton= false topActivityBoundsLetterboxed= false isFromLetterboxDoubleTap= false topActivityLetterboxVerticalPosition= -1 topActivityLetterboxHorizontalPosition= -1 topActivityLetterboxWidth=1080 topActivityLetterboxHeight=2460 isUserFullscreenOverrideEnabled=false isSystemFullscreenOverrideEnabled=false cameraCompatTaskInfo=CameraCompatTaskInfo { cameraCompatControlState=hidden freeformCameraCompatMode=inactive}} isImmersive=false mTopActivityRequestOrientation=1 mBehindAppLockPkg=null mOriginatingUid=0 isEmbedded=false shouldBeVisible=true mIsCastMode=false mTopActivityMediaSize=null mTopActivityRecordName=ActivityRecord{6a59d3a u0 com.softnation.Ojam/.MainActivity t37056} mTopActivityOrientation=1}
03-02 12:19:16.308  1999  2684 D RecentsModel: preloadRecents runningTaskId:37056, mCurrentRunningTaskId:-1, mRecentsTaskLoadPlan=com.android.systemui.shared.recents.model.RecentsTaskLoadPlan@520c70c
03-02 12:19:16.309  1999  2684 E ActivityManagerWrapper: get all recent tasks force including 37056
03-02 12:19:16.316  1999  2684 E ActivityManagerWrapper: getRecentTasksForceIncludingTaskIdIfValid: getRecentTasks: size=4
03-02 12:19:16.316  1999  2684 E ActivityManagerWrapper:  mainTaskId=37056   userId=0   windowMode=1   baseIntent=Intent { act=null flag=268435456 cmp=ComponentInfo{com.softnation.Ojam/com.softnation.Ojam.MainActivity} }
03-02 12:19:16.316  1999  2684 E ActivityManagerWrapper:  mainTaskId=37055   userId=0   windowMode=1   baseIntent=Intent { act=android.intent.action.MAIN flag=270532608 cmp=ComponentInfo{com.whatsapp/com.whatsapp.Main} }
03-02 12:19:16.316  1999  2684 E ActivityManagerWrapper:  mainTaskId=37052   userId=0   windowMode=1   baseIntent=Intent { act=android.intent.action.MAIN flag=270532608 cmp=ComponentInfo{com.google.android.dialer/com.google.android.dialer.extensions.GoogleDialtactsActivity} }
03-02 12:19:16.316  1999  2684 E ActivityManagerWrapper:  mainTaskId=36980   userId=0   windowMode=1   baseIntent=Intent { act=android.intent.action.MAIN flag=270532608 cmp=ComponentInfo{com.twitter.android/com.twitter.android.StartActivity} }
03-02 12:19:16.327  1999  2684 D TaskSnapshotCompatVV: getIsInvalidateFromTaskSnapshot, return, mTaskSnapshot=null, mTaskSnapshotClazz=null
03-02 12:19:16.327 25012 25012 D nativeloader: Load libframework-connectivity-tiramisu-jni.so using APEX ns com_android_tethering for caller /apex/com.android.tethering/javalib/framework-connectivity-t.jar: ok
03-02 12:19:16.335 25012 25012 I MessageMonitor: Load libmiui_runtime
03-02 12:19:16.337  1621  1918 E HyperSentinel: -------------------------------------------------------
03-02 12:19:16.337  1621  1918 E HyperSentinel: Event_ThreadAmount
03-02 12:19:16.337  1621  1918 E HyperSentinel: -> audit event by proc 25012 "usap64": running threads amount, 0 -> 12
03-02 12:19:16.338  1621  1918 E HyperSentinel: -------------------------------------------------------
03-02 12:19:16.338  1621  1918 E HyperSentinel: Event_ResidentSize
03-02 12:19:16.338  1621  1918 E HyperSentinel: -> audit event by proc 25012 "usap64": RSS increasement, peak 73768kb -> 110656kb
03-02 12:19:16.341  1621  4431 D SymlinkUtils: attachApplication file op go pass: 1 ms
03-02 12:19:16.348  1621  1648 D Aurogon :  uid = 10337 switch to FG
03-02 12:19:16.350  1621  1894 D isUidValid: uid = 10337
03-02 12:19:16.350  1621  1842 I MiuiNetworkPolicy: updateUidState uid = 10337, uidState = 2
03-02 12:19:16.351  1621  4431 W MiuiBoosterUtils: enable_miuibooster_launch : false
03-02 12:19:16.361 25012 29079 D MiuiDownscaleImpl: set override inverted scale : 1.0
03-02 12:19:16.364 25012 25012 I JavaheapMonitor: Disabled. Process name: <pre-initialized>
03-02 12:19:16.365 25012 29079 D AppScoutStateMachine: 25012-ScoutStateMachinecreated
03-02 12:19:16.368  1177  1177 I thermal_src: recvmsg_expect 5, but get 2 
03-02 12:19:16.368  1177  1177 V thermal_src: TA_DAEMON_CMD_GET_TPCB:ERROR ret=-1
03-02 12:19:16.368  1177  1177 E thermal_src: get_tpcb_from_kernel:error -1. retry...
03-02 12:19:16.368  1177  1177 I thermal_src: recvmsg_expect 4, but get 5 
03-02 12:19:16.368  1177  1177 V thermal_src: TA_DAEMON_CMD_SET_TTJ:ERROR ret=-1
03-02 12:19:16.368  1177  1177 E thermal_src: set_ttj_to_kernel 1:error -1
03-02 12:19:16.368  1177  1177 I thermal_src: recvmsg_expect 2, but get 4 
03-02 12:19:16.368  1177  1177 V thermal_src: waiting NOTIFY from kernel miss, -1
03-02 12:19:16.373 28735 28843 D nativeloader: Load /data/app/~~D6pxJj0wCihn6bL7dRHGfw==/com.facebook.katana-ytDRDVfsDJQ7KNzIgYIFlA==/lib/arm64/libc++_shared.so using class loader ns clns-7 (caller=/data/app/~~D6pxJj0wCihn6bL7dRHGfw==/com.facebook.katana-ytDRDVfsDJQ7KNzIgYIFlA==/base.apk): ok
03-02 12:19:16.375 25012 25012 D MiuiMonitorThread: Shared singleton Thread for stability monitor start
03-02 12:19:16.377 28735 28843 D nativeloader: Load /data/data/com.facebook.katana/lib-compressed/libinterpcache_interceptor.so using class loader ns clns-7 (caller=/data/app/~~D6pxJj0wCihn6bL7dRHGfw==/com.facebook.katana-ytDRDVfsDJQ7KNzIgYIFlA==/base.apk): ok
03-02 12:19:16.380 28735 28843 D nativeloader: Load /data/data/com.facebook.katana/lib-compressed/libinterpcache.so using class loader ns clns-7 (caller=/data/app/~~D6pxJj0wCihn6bL7dRHGfw==/com.facebook.katana-ytDRDVfsDJQ7KNzIgYIFlA==/base.apk): ok
03-02 12:19:16.412 25012 25012 D ActivityThread: setEmbeddedParam packageName=com.softnation.Ojam processName=com.softnation.Ojam isEmbedded=false isIsolated=false
03-02 12:19:16.480  1621  2986 D ConnectivityService: requestNetwork for uid/pid:10287/28735 activeRequest: null callbackRequest: 243218 [NetworkRequest [ REQUEST id=243219, [ Capabilities: INTERNET&NOT_RESTRICTED&TRUSTED&NOT_VCN_MANAGED&NOT_BANDWIDTH_CONSTRAINED Uid: 10287 RequestorUid: 10287 RequestorPkg: com.facebook.katana UnderlyingNetworks: Null] ]] callback flags: 0 order: 2147483647 isUidTracked: false declaredMethods: AVAIL|NC
03-02 12:19:16.485  1621  1843 D WifiNetworkFactory: got request NetworkRequest [ REQUEST id=243219, [ Capabilities: INTERNET&NOT_RESTRICTED&TRUSTED&NOT_VCN_MANAGED&NOT_BANDWIDTH_CONSTRAINED Uid: 10287 RequestorUid: 10287 RequestorPkg: com.facebook.katana UnderlyingNetworks: Null] ]
03-02 12:19:16.486  1621  1843 D UntrustedWifiNetworkFactory: got request NetworkRequest [ REQUEST id=243219, [ Capabilities: INTERNET&NOT_RESTRICTED&TRUSTED&NOT_VCN_MANAGED&NOT_BANDWIDTH_CONSTRAINED Uid: 10287 RequestorUid: 10287 RequestorPkg: com.facebook.katana UnderlyingNetworks: Null] ]
03-02 12:19:16.486  1621  1843 D OemPaidWifiNetworkFactory: got request NetworkRequest [ REQUEST id=243219, [ Capabilities: INTERNET&NOT_RESTRICTED&TRUSTED&NOT_VCN_MANAGED&NOT_BANDWIDTH_CONSTRAINED Uid: 10287 RequestorUid: 10287 RequestorPkg: com.facebook.katana UnderlyingNetworks: Null] ]
03-02 12:19:16.486  1621  1843 D MultiInternetWifiNetworkFactory: got request NetworkRequest [ REQUEST id=243219, [ Capabilities: INTERNET&NOT_RESTRICTED&TRUSTED&NOT_VCN_MANAGED&NOT_BANDWIDTH_CONSTRAINED Uid: 10287 RequestorUid: 10287 RequestorPkg: com.facebook.katana UnderlyingNetworks: Null] ]
03-02 12:19:16.487  1621  1856 D ConnectivityService: NetReassign [243219 : null ΓåÆ 255] [c 1] [a 1] [i 4]
03-02 12:19:16.518  8942  8942 D BoundBrokerSvc: onUnbind: Intent { act=com.google.android.gms.facs.internal.service.START dat=chimera-action:/... cmp=com.google.android.gms/.chimera.GmsInternalApiService }
03-02 12:19:16.544  1999  1999 D Launcher_UnlockAnimationStateMachine: mResetIdleStateRunnable
03-02 12:19:16.643 28735 28843 W facebook.katana: JNI RegisterNativeMethods: attempt to register 0 native methods for com.facebook.omnistore.OmnistoreCollectionFrontendHolder
03-02 12:19:16.686  1621  2834 D AS.BtHelper: isBluetoothScoOn() mBluetoothHeadset is null: falsemBluetoothHeadsetDevice is null: true
03-02 12:19:16.686  1621  2834 V AS.AudioDeviceBroker: requestedCommunicationDevice: null mAudioModeOwner: AudioModeInfo: mMode=MODE_NORMAL, mPid=0, mUid=0
03-02 12:19:16.687  1621  2834 D AS.BtHelper: isBluetoothScoOn() mBluetoothHeadset is null: falsemBluetoothHeadsetDevice is null: true
03-02 12:19:16.687  1621  2834 V AS.AudioDeviceBroker: requestedCommunicationDevice: null mAudioModeOwner: AudioModeInfo: mMode=MODE_NORMAL, mPid=0, mUid=0
03-02 12:19:16.819   921   921 I BufferQueueProducer: [FramebufferSurface](this:0xb400007d8e9dff50,id:-1,api:1,p:921,c:921) queueBuffer: fps=57.12 dur=1015.45 max=37.75 min=12.80
03-02 12:19:16.819   849   868 I hwcomposer: [HWCDisplay] (0 updateFps():3667), (type:1, mode:2) fps:57.127525,dur:1015.27,max:38.20,min:12.70  
03-02 12:19:16.827  2363  2540 E SurfaceComposerClient: SurfaceComposerClient::Transaction::setAlpha: invalid alpha 1.000005, clamping
03-02 12:19:16.842  1621  1842 I MiuiNetworkPolicy: updateUidState uid = 10301, uidState = 19
03-02 12:19:16.843  1621  1842 I MiuiNetworkPolicy: updateUidState uid = 10287, uidState = 19
03-02 12:19:16.843  2363  2540 E SurfaceComposerClient: SurfaceComposerClient::Transaction::setAlpha: invalid alpha 1.000044, clamping
03-02 12:19:16.847  1621  1842 I MiuiNetworkPolicy: updateUidState uid = 10301, uidState = 11
03-02 12:19:16.848  1621  1842 I MiuiNetworkPolicy: updateUidState uid = 10287, uidState = 11
03-02 12:19:16.860  2363  2540 E SurfaceComposerClient: SurfaceComposerClient::Transaction::setAlpha: invalid alpha 1.000063, clamping
03-02 12:19:16.867  1055  1186 D connsyslogger: SD_LOG_ROOT is /data/debuglogger/connsyslog/fw.
03-02 12:19:16.867  1055  1186 D connsyslogger: systemReady:1
03-02 12:19:16.877  2363  2540 E SurfaceComposerClient: SurfaceComposerClient::Transaction::setAlpha: invalid alpha 1.000064, clamping
03-02 12:19:16.878  2363  2540 E SurfaceComposerClient: SurfaceComposerClient::Transaction::setAlpha: invalid alpha 1.000064, clamping
03-02 12:19:16.879  2363  2477 D SoScUtils: monitorTransitionFinished transition:android.os.BinderProxy@2840160 transaction: android.view.SurfaceControl$Transaction@91285fd mRequestCloseTransition:null mRequestOpenTransition:null mRequestOpenTransitionWithSameTask size:0 mPairsOpenTransition:null mPairsOpenTransitionNull:null mRequestOpenTriggerTask:-1 mRequestCloseTriggerTask:-1 mOrientationTransition: null mMainStartingTask:-1 mSideStartingTask:-1
03-02 12:19:16.881 28735 29089 D libMEOW : meow new tls: 0xb400007981b00100
03-02 12:19:16.881 28735 29089 D libMEOW : applied 1 plugins for [com.facebook.katana]:
03-02 12:19:16.881 28735 29089 D libMEOW :   plugin 1: [libMEOW_gift.so]:
03-02 12:19:16.881  1621  1638 D WindowManager: Finish Transition (#10223): created at 03-02 12:19:16.109 collect-started=0.062ms request-sent=29.281ms started=92.326ms ready=158.474ms sent=169.314ms finished=772.25ms
03-02 12:19:16.884  1999  1999 D VRI[Launcher]: visibilityChanged oldVisibility=true newVisibility=false
03-02 12:19:16.884 11917 11917 D VRI[globalminusscreen]: visibilityChanged oldVisibility=true newVisibility=false
03-02 12:19:16.884  1621  4431 I Transition: finishTransition: updateLastSurfacePosition tf=Task{1127748 #37056 type=standard A=10337:com.softnation.Ojam}
03-02 12:19:16.884 25900 25900 D VRI[LauncherMinusOneScreen]: visibilityChanged oldVisibility=true newVisibility=false
03-02 12:19:16.888 28735 29089 D libMEOW : meow delete tls: 0xb400007981b00100
03-02 12:19:16.888   921  1170 W VsyncModulator: setTransactionSchedule: Unexpected EarlyEnd
03-02 12:19:16.889  2061  2061 I MiuiWallpaper-MiuiKeyguardPictorialWallpaper: onVisibilityChanged, visible = false, ret=true
03-02 12:19:16.890  2363  2477 I RemoteTransitionHandlerStubImpl: invokeAndRemoveWctCB transition is null, curWctCB: null
03-02 12:19:16.891 28735 29090 D libMEOW : meow new tls: 0xb400007981b50150
03-02 12:19:16.891 28735 29090 D libMEOW : applied 1 plugins for [com.facebook.katana]:
03-02 12:19:16.891 28735 29090 D libMEOW :   plugin 1: [libMEOW_gift.so]:
03-02 12:19:16.892  1621  2834 W UserManagerService: Requested status bar icon for non-badged user 0
03-02 12:19:16.892  2061  2061 I MiuiWallpaper-ImageWallpaper: onVisibilityChanged, visible = false, ret=true
03-02 12:19:16.895  1621  4754 W UserManagerService: Requested status bar icon for non-badged user 0
03-02 12:19:16.897 28735 29090 D libMEOW : meow delete tls: 0xb400007981b50150
03-02 12:19:16.898   921   921 I SurfaceFlinger: onHandleDestroyed: name=Transition Root #10223: Task=37056#135153, layerId=135153, parentId=0
03-02 12:19:16.899  1621  1651 I ActivityTaskManager: visible for Task{1127748 #37056 type=standard A=10337:com.softnation.Ojam} visible = true isAnimating = false TRANSITION = false PARENTS = false CHILDREN = false
03-02 12:19:16.906  1621  4754 I SmartPower: com.mi.globalminusscreen/10162(11917): visible->invisible(143752ms) R(become invisible) adj=0.
03-02 12:19:16.906  2363  2477 I MultiTaskingTaskRepository: needSkip: is home task
03-02 12:19:16.907  1999  2759 D EventBus: No subscribers registered for event class com.miui.home.recents.messages.RecentTasksChangedEvent
