03-02 12:19:25.921  1621  1842 I MiuiNetworkPolicy: updateUidState uid = 10301, uidState = 19
03-02 12:19:25.924  1621  1842 I MiuiNetworkPolicy: updateUidState uid = 10301, uidState = 11
03-02 12:19:25.928   861   947 I libPerfCtl: xgfGetFPS pid:2363 fps:-1
03-02 12:19:25.979  1621  2188 D ConnectivityService: Returning BLOCKED NetworkInfo to uid=10287
03-02 12:19:26.138  1621  1650 W ActivityTaskManager: Launch timeout has expired, giving up wake lock!
03-02 12:19:26.159   863   958 I mtkpower@impl: [powerd_req] TIMER_MSG_PERF_LOCK_TIMEOUT hdl:371095
03-02 12:19:26.160   863   958 I libPowerHal: [perfLockRel] hdl:371095, idx:2
03-02 12:19:26.160   863   958 I libPowerHal: [PD] MTKPOWER_HINT_PROCESS_CREATE update cmd:2024000 param:5, pr:6
03-02 12:19:26.161   863   958 I libPowerHal: [PD] MTKPOWER_HINT_PROCESS_CREATE update ONESHOT(unset) cmd:10000700 param:16129 pr:3
03-02 12:19:26.161   863   958 I libPowerHal: [perfLockRel] Done for hdl : 371095
03-02 12:19:26.362 25012 29072 W softnation.Ojam: userfaultfd: MOVE ioctl seems unsupported: Connection timed out
03-02 12:19:26.719  2350  2350 W Settings: Setting airplane_mode_on has moved from android.provider.Settings.System to android.provider.Settings.Global, returning read-only value.
03-02 12:19:26.722  1621  2834 D AS.BtHelper: isBluetoothScoOn() mBluetoothHeadset is null: falsemBluetoothHeadsetDevice is null: true
03-02 12:19:26.722  2350  2350 W Settings: Setting airplane_mode_on has moved from android.provider.Settings.System to android.provider.Settings.Global, returning read-only value.
03-02 12:19:26.722  1621  2834 V AS.AudioDeviceBroker: requestedCommunicationDevice: null mAudioModeOwner: AudioModeInfo: mMode=MODE_NORMAL, mPid=0, mUid=0
03-02 12:19:26.722  1621  4754 D AS.BtHelper: isBluetoothScoOn() mBluetoothHeadset is null: falsemBluetoothHeadsetDevice is null: true
03-02 12:19:26.722  1621  4754 V AS.AudioDeviceBroker: requestedCommunicationDevice: null mAudioModeOwner: AudioModeInfo: mMode=MODE_NORMAL, mPid=0, mUid=0
03-02 12:19:26.724  2350 29580 D NetworkSpeedTracker: updateSignalInfo lteRsrp=-92lteSnr=11,phoneId=1
03-02 12:19:26.726  2350 29580 D NetworkSpeedTracker: updateSignalInfo lteRsrp=-92lteSnr=11,phoneId=1
03-02 12:19:26.727  1159  1606 D ULogGuard: Monitoring: 18 threads, 0 requests, 0 time-bombs; 1 guards. ResetFlags = 0x7
03-02 12:19:26.869  1055  1186 D connsyslogger: SD_LOG_ROOT is /data/debuglogger/connsyslog/fw.
03-02 12:19:26.870  1055  1186 D connsyslogger: systemReady:1
03-02 12:19:26.927  1621  1842 I MiuiNetworkPolicy: updateUidState uid = 10301, uidState = 19
03-02 12:19:26.930  1621  1842 I MiuiNetworkPolicy: updateUidState uid = 10301, uidState = 11
03-02 12:19:27.167   921   921 I BufferQueueProducer: [StatusBar#109](this:0xb400007bcec4ab68,id:-1,api:0,p:-1,c:921) queueBuffer: fps=0.50 dur=1992.15 max=1992.15 min=1992.15
03-02 12:19:27.169   849   868 I hwcomposer: [HWCDisplay] (0 updateFps():3667), (type:1, mode:2) fps:1.064328,dur:2818.68,max:1849.38,min:142.63  
03-02 12:19:27.171   921   921 I MI-SF   : surfaceflinger setAffinity mode=0
03-02 12:19:27.171   921   921 E MI-SF   : surfaceflinger setAffinity success
03-02 12:19:27.232  1621  1666 I ActivityManager: Test idle failed due to 3403ab3 27779:com.instagram.android/u0a301 not runnable because EMPTY
03-02 12:19:27.291   849  1430 I hwcomposer: [HWC] (0)fire a callback of refresh to SF[4]  
03-02 12:19:27.311   921   921 I BufferQueueProducer: [FramebufferSurface](this:0xb400007d8e9dff50,id:-1,api:1,p:921,c:921) queueBuffer: fps=0.50 dur=1992.14 max=1992.14 min=1992.14
03-02 12:19:27.314   921   921 I MI-SF   : surfaceflinger setAffinity mode=1
03-02 12:19:27.314   921   921 E MI-SF   : surfaceflinger setAffinity success
03-02 12:19:27.314   921   921 I MI-SF   : surfaceflinger setreAffinity reTid=1207
03-02 12:19:27.314   921   921 E MI-SF   : surfaceflinger setAffinity success
03-02 12:19:27.510  1177  1177 I thermal_src: recvmsg_expect 5, but get 2 
03-02 12:19:27.510  1177  1177 V thermal_src: TA_DAEMON_CMD_GET_TPCB:ERROR ret=-1
03-02 12:19:27.510  1177  1177 E thermal_src: get_tpcb_from_kernel:error -1. retry...
03-02 12:19:27.510  1177  1177 I thermal_src: recvmsg_expect 5, but get 2 
03-02 12:19:27.510  1177  1177 V thermal_src: TA_DAEMON_CMD_GET_TPCB:ERROR ret=-1
03-02 12:19:27.510  1177  1177 E thermal_src: get_tpcb_from_kernel:error -1. retry...
03-02 12:19:27.510  1177  1177 I thermal_src: recvmsg_expect 5, but get 2 
03-02 12:19:27.510  1177  1177 V thermal_src: TA_DAEMON_CMD_GET_TPCB:ERROR ret=-1
03-02 12:19:27.510  1177  1177 E thermal_src: get_tpcb_from_kernel:error -1. retry...
03-02 12:19:27.511  1177  1177 I thermal_src: recvmsg_expect 4, but get 5 
03-02 12:19:27.511  1177  1177 V thermal_src: TA_DAEMON_CMD_SET_TTJ:ERROR ret=-1
03-02 12:19:27.511  1177  1177 E thermal_src: set_ttj_to_kernel 1:error -1
03-02 12:19:27.511  1177  1177 I thermal_src: recvmsg_expect 2, but get 5 
03-02 12:19:27.511  1177  1177 V thermal_src: waiting NOTIFY from kernel miss, -1
03-02 12:19:27.511  1177  1177 I thermal_src: recvmsg_expect 2, but get 5 
03-02 12:19:27.511  1177  1177 V thermal_src: waiting NOTIFY from kernel miss, -1
03-02 12:19:27.511  1177  1177 I thermal_src: recvmsg_expect 2, but get 4 
03-02 12:19:27.511  1177  1177 V thermal_src: waiting NOTIFY from kernel miss, -1
03-02 12:19:27.655  1621  1776 W ActivityManagerServiceImpl: Sending non-protected broadcast miui.intent.action.CYCLE_CHECK from system uid 1000 pkg android. Callers=com.android.server.am.ActivityManagerService.checkBroadcastFromSystem:16365 com.android.server.am.ActivityManagerService.broadcastIntentLockedTraced:17236 com.android.server.am.ActivityManagerService.broadcastIntentLocked:16425 com.android.server.am.ActivityManagerService.broadcastIntentInPackage:17497 com.android.server.am.ActivityManagerService$LocalService.broadcastIntentInPackage:20342 
03-02 12:19:27.658  1621  1666 D CompatChangeReporter: Compat change id reported: 313677553; UID 1000; state: ENABLED
03-02 12:19:27.660  1621  1666 D CompatChangeReporter: Compat change id reported: 311208629; UID 1000; state: ENABLED
03-02 12:19:27.666  1621  1746 E JobScheduler.Background: Couldn't determine stopped state for unknown package: com.google.android.apps.turbo
03-02 12:19:27.666  1621  1639 I android_os_HwBinder: HwBinder: Starting thread pool for getting: vendor.xiaomi.hardware.micharge@1.0::IMiCharge/default
03-02 12:19:27.667  1621  1746 E JobScheduler.Background: Couldn't determine stopped state for unknown package: com.google.android.apps.turbo
03-02 12:19:27.667  1621  1746 E JobScheduler.Background: Couldn't determine stopped state for unknown package: com.google.android.apps.turbo
03-02 12:19:27.667  1621  1746 E JobScheduler.Background: Couldn't determine stopped state for unknown package: com.google.android.apps.turbo
03-02 12:19:27.667  1621  1746 E JobScheduler.Background: Couldn't determine stopped state for unknown package: com.google.android.apps.turbo
03-02 12:19:27.668   872 24120 I vendor.xiaomi.hardware.micharge@1.0-service: ReadFilePathValue path = /sys/class/power_supply/battery/temp value = 410
03-02 12:19:27.670  1621  1639 I android_os_HwBinder: HwBinder: Starting thread pool for getting: vendor.xiaomi.hardware.micharge@1.0::IMiCharge/default
03-02 12:19:27.671   872 24120 I vendor.xiaomi.hardware.micharge@1.0-service: ReadFilePathValue path = /sys/class/power_supply/battery/charge_control_limit value = 10
03-02 12:19:27.726  1621  4427 D AS.BtHelper: isBluetoothScoOn() mBluetoothHeadset is null: falsemBluetoothHeadsetDevice is null: true
03-02 12:19:27.726  1621  4427 V AS.AudioDeviceBroker: requestedCommunicationDevice: null mAudioModeOwner: AudioModeInfo: mMode=MODE_NORMAL, mPid=0, mUid=0
03-02 12:19:27.726  1621  4427 D AS.BtHelper: isBluetoothScoOn() mBluetoothHeadset is null: falsemBluetoothHeadsetDevice is null: true
03-02 12:19:27.726  1621  4427 V AS.AudioDeviceBroker: requestedCommunicationDevice: null mAudioModeOwner: AudioModeInfo: mMode=MODE_NORMAL, mPid=0, mUid=0
03-02 12:19:27.933  1621  1842 I MiuiNetworkPolicy: updateUidState uid = 10301, uidState = 19
03-02 12:19:27.936  1621  1842 I MiuiNetworkPolicy: updateUidState uid = 10301, uidState = 11
03-02 12:19:28.019  1621  1922 I SmartPower: com.facebook.katana/10287(28735): background->idle(3002ms) R(broadcast start Intent { act=android.intent.action.BATTERY_CHANGED flg=0x60000010 (has extras) }) adj=700.
03-02 12:19:28.153   861   947 I libPerfCtl: xgfGetFPS pid:921 fps:-1
03-02 12:19:28.153   861   947 I libPerfCtl: xgfGetFPS pid:2363 fps:-1
03-02 12:19:28.166   921   921 I MI-SF   : surfaceflinger setAffinity mode=0
03-02 12:19:28.167   921   921 E MI-SF   : surfaceflinger setAffinity success
03-02 12:19:28.287   849  1430 I hwcomposer: [HWC] (0)fire a callback of refresh to SF[4]  
03-02 12:19:28.308   849   868 I hwcomposer: [HWCDisplay] (0 updateFps():3667), (type:1, mode:2) fps:2.634952,dur:1138.54,max:853.36,min:142.57  
03-02 12:19:28.310   921   921 I MI-SF   : surfaceflinger setAffinity mode=1
03-02 12:19:28.310   921   921 E MI-SF   : surfaceflinger setAffinity success
03-02 12:19:28.310   921   921 I MI-SF   : surfaceflinger setreAffinity reTid=1207
03-02 12:19:28.310   921   921 E MI-SF   : surfaceflinger setAffinity success
03-02 12:19:28.591   863   909 I mtkpower@impl: [setMode] type:5, enabled:0
03-02 12:19:28.591  1621  1650 I PowerHalWrapper: amsBoostNotify pid:1999,activity:com.miui.home.launcher.Launcher, package:com.miui.home, mProcessCreatePackcom.softnation.Ojam 
03-02 12:19:28.591  1621  1650 I PowerHalWrapper: state: 0 
03-02 12:19:28.591   863   958 I libPowerHal: [perfLockRel] hdl:371094, idx:1
03-02 12:19:28.592  1621  1650 I mtkpower_client: [PowerHal_Wrap_notifyAppState] com.miui.home/com.miui.home.launcher.Launcher pid=1999 activityId:159909721 state:0
03-02 12:19:28.592   863   958 I libPowerHal: [PD] LAUNCH update cmd:1408300 param:0, pr:6
03-02 12:19:28.592   861   861 I vendor.mediatek.hardware.mtkpower_applist-service.mediatek: packName: com.miui.home actName: com.miui.home.launcher.Launcher pid: 1999 activityId: 159909721 uid: 10166 state: 0
03-02 12:19:28.592   861   861 I MTK_APPList: [notifyAPPstate] com.miui.home/com.miui.home.launcher.Launcher, pid=1999, activityId=159909721, uid=10166, state:PAUSED, fps:-1, win:1
03-02 12:19:28.592   861   861 I MTK_APPList: [notifyAPPstate] multi_resumed_app_count: 2
03-02 12:19:28.592   861   861 I MTK_APPList: [notifyAPPstate] multi_resumed_app_info[0] com.android.systemui/com.android.systemui._190038181, pid:2363, activityId:-1, fps:-1, isMultiWindow:0
03-02 12:19:28.592   861   861 I MTK_APPList: [notifyAPPstate] multi_resumed_app_info[1] com.softnation.Ojam/com.softnation.Ojam.MainActivity, pid:25012, activityId:111516986, fps:-1, isMultiWindow:0
03-02 12:19:28.592   861   861 I MTK_APPList: [getForegroundAPPCount] 2
03-02 12:19:28.592   861   861 I MTK_APPList: [notifyNetdUID] 10337
03-02 12:19:28.592  1621  1650 I PowerHalWrapper: amsBoostNotify AMS_BOOST_PROCESS_CREATE_BOOST:true 
03-02 12:19:28.593   863   958 I libPowerHal: [PD] LAUNCH update cmd:400000 param:-1 pr:6
03-02 12:19:28.593   863   958 I libPowerHal: [PD] LAUNCH update cmd:400100 param:-1 pr:6
03-02 12:19:28.594  1999  1999 D OnLongClickAgent: reset:   removeMessages MSG_LONG_CLICK
03-02 12:19:28.594  1999  1999 D OnLongClickAgent: reset:   removeMessages MSG_LONG_CLICK
03-02 12:19:28.594  1999  1999 D OnLongClickAgent: reset:   removeMessages MSG_LONG_CLICK
03-02 12:19:28.594  1999  1999 D OnLongClickAgent: reset:   removeMessages MSG_LONG_CLICK
03-02 12:19:28.594   863   958 I libPowerHal: [PD] LAUNCH update cmd:1000000 param:-1 pr:6
03-02 12:19:28.594  1999  1999 D OnLongClickAgent: reset:   removeMessages MSG_LONG_CLICK
03-02 12:19:28.594  1999  1999 D OnLongClickAgent: reset:   removeMessages MSG_LONG_CLICK
03-02 12:19:28.594  1999  1999 D OnLongClickAgent: reset:   removeMessages MSG_LONG_CLICK
03-02 12:19:28.594  1999  1999 D OnLongClickAgent: reset:   removeMessages MSG_LONG_CLICK
03-02 12:19:28.594  1999  1999 D OnLongClickAgent: reset:   removeMessages MSG_LONG_CLICK
03-02 12:19:28.595   863   958 I libPowerHal: [recordCPUFreqInfo] set cluster[0] min(-1): -1 max(-1): -1 cluster[1] min(-1): -1 max(-1): -1
03-02 12:19:28.595  1999  1999 D OnLongClickAgent: reset:   removeMessages MSG_LONG_CLICK
03-02 12:19:28.595  1999  1999 D OnLongClickAgent: reset:   removeMessages MSG_LONG_CLICK
03-02 12:19:28.595  1999  1999 D OnLongClickAgent: reset:   removeMessages MSG_LONG_CLICK
03-02 12:19:28.595   863   958 I libPowerHal: [perfLockRel] Done for hdl : 371094
03-02 12:19:28.595  1999  1999 D OnLongClickAgent: reset:   removeMessages MSG_LONG_CLICK
03-02 12:19:28.595  1999  1999 D OnLongClickAgent: reset:   removeMessages MSG_LONG_CLICK
03-02 12:19:28.595  1999  1999 D OnLongClickAgent: reset:   removeMessages MSG_LONG_CLICK
03-02 12:19:28.595  1999  1999 D OnLongClickAgent: reset:   removeMessages MSG_LONG_CLICK
03-02 12:19:28.595  1999  1999 D OnLongClickAgent: reset:   removeMessages MSG_LONG_CLICK
03-02 12:19:28.595  1999  1999 D OnLongClickAgent: reset:   removeMessages MSG_LONG_CLICK
03-02 12:19:28.596   861   861 I MTK_APPList: [notifyPID] 25012
03-02 12:19:28.596   863   958 I libPowerHal: [perfSetSysInfo] pid type:24, 25012
03-02 12:19:28.599 29060 29060 W BpBinder: Slow Binder: BpBinder transact took 12536 ms, interface=android.app.IActivityManager, code=1598246212 oneway=false
03-02 12:19:28.604  1999  1999 D Launcher.Lifecycle: onStop:UserHandle{0},c143874,false
03-02 12:19:28.604  1999  1999 D UninstallDialogWrapper: mUninstallDialogShowing != isShowfalse, mUninstallDialogShowingfalse,isShowfalse
03-02 12:19:28.606  1999  1999 D SoscSplitStateController: updateDividerFixedState: isFixed = false
03-02 12:19:28.606  1999  1999 D Launcher_UnlockAnimationStateMachine: onStop = IDLE
03-02 12:19:28.607  1621  1842 I MiuiNetworkPolicy: updateUidState uid = 99406, uidState = 5
03-02 12:19:28.607  1621  1842 I MiuiNetworkPolicy: updateUidState uid = 99351, uidState = 5
03-02 12:19:28.607  1621  1842 I MiuiNetworkPolicy: updateUidState uid = 10261, uidState = 5
03-02 12:19:28.607  1621  1676 E system_server: updateValue is called with a value {0, 0, 0, 0, 0, 0, 0, 0, 0, 0, 0, 0, 0, 0, 0, 0, 0, 0, 0, 0, 0, 0, 0, 0, 0, 0, 0, 0, 0, 0, 0, 0}, which is lower than the previous value {0, 0, 0, 0, 0, 777, 0, 0, 0, 0, 0, 0, 0, 0, 0, 0, 0, 0, 117, 0, 0, 0, 0, 0, 0, 0, 0, 0, 0, 0, 0, 0}
03-02 12:19:28.608  2363  2477 D SoScSplitScreenController: updateDividerFixedState isFixed:false
03-02 12:19:28.609 18562 18904 I BtGatt.ScanManager: msg.what = MSG_IMPORTANCE_CHANGE, msg.arg1 = IMPORTANCE_CHANGE
03-02 12:19:28.609 18562 18904 E BtGatt.ScanManager: scan data is null
03-02 12:19:28.609  1621  1842 I MiuiNetworkPolicy: updateUidState uid = 10200, uidState = 5
03-02 12:19:28.609  1621  1842 I MiuiNetworkPolicy: updateUidState uid = 10181, uidState = 4
03-02 12:19:28.609  1621  1842 I MiuiNetworkPolicy: updateUidState uid = 10168, uidState = 4
03-02 12:19:28.609  1621  1842 I MiuiNetworkPolicy: updateUidState uid = 10166, uidState = 5
03-02 12:19:28.609  1621  1842 I MiuiNetworkPolicy: updateUidState uid = 10165, uidState = 5
03-02 12:19:28.609  1621  1842 I MiuiNetworkPolicy: updateUidState uid = 10162, uidState = 5
03-02 12:19:28.609  1621  1842 I MiuiNetworkPolicy: updateUidState uid = 10147, uidState = 5
03-02 12:19:28.612  1999  1999 D LauncherAssistantCompatGoogle: onStop com.google.android.libraries.gsa.launcherclient.LauncherClient@b8351e8
03-02 12:19:28.618 25900 25900 I brdz    : onStop
03-02 12:19:28.618 11917 11932 D LauncherOverlay: setActivityState:0
03-02 12:19:28.619  1999  1999 E Launcher.application: setClickAppWaitForCallback = false
03-02 12:19:28.619 11917 11917 D LauncherOverlay.Window: onStop
03-02 12:19:28.624  1999  1999 D ActivityThread: Fail to check app heapsize due to java.lang.NoSuchMethodException: dalvik.system.VMRuntime.getBlockingGcCountForAlloc []
03-02 12:19:28.650  1621  1648 D Aurogon :  uid = 10166 switch to BG
03-02 12:19:28.651  1621  1894 D Aurogon :  onForegroundActivitiesChanged packageName = com.miui.home
03-02 12:19:28.660  1177  1177 I thermal_src: recvmsg_expect 5, but get 2 
03-02 12:19:28.660  1177  1177 V thermal_src: TA_DAEMON_CMD_GET_TPCB:ERROR ret=-1
03-02 12:19:28.660  1177  1177 E thermal_src: get_tpcb_from_kernel:error -1. retry...
03-02 12:19:28.661  1177  1177 I thermal_src: recvmsg_expect 5, but get 2 
03-02 12:19:28.661  1177  1177 V thermal_src: TA_DAEMON_CMD_GET_TPCB:ERROR ret=-1
03-02 12:19:28.661  1177  1177 E thermal_src: get_tpcb_from_kernel:error -1. retry...
03-02 12:19:28.661  1177  1177 I thermal_src: recvmsg_expect 5, but get 2 
03-02 12:19:28.661  1177  1177 V thermal_src: TA_DAEMON_CMD_GET_TPCB:ERROR ret=-1
03-02 12:19:28.661  1177  1177 E thermal_src: get_tpcb_from_kernel:error -1. retry...
03-02 12:19:28.661  1177  1177 I thermal_src: recvmsg_expect 5, but get 2 
03-02 12:19:28.661  1177  1177 V thermal_src: TA_DAEMON_CMD_GET_TPCB:ERROR ret=-1
03-02 12:19:28.661  1177  1177 E thermal_src: get_tpcb_from_kernel:error -1. retry...
03-02 12:19:28.661  1177  1177 I thermal_src: recvmsg_expect 4, but get 5 
03-02 12:19:28.661  1177  1177 V thermal_src: TA_DAEMON_CMD_SET_TTJ:ERROR ret=-1
03-02 12:19:28.661  1177  1177 E thermal_src: set_ttj_to_kernel 1:error -1
03-02 12:19:28.661  1177  1177 I thermal_src: recvmsg_expect 2, but get 5 
03-02 12:19:28.661  1177  1177 V thermal_src: waiting NOTIFY from kernel miss, -1
03-02 12:19:28.661  1177  1177 I thermal_src: recvmsg_expect 2, but get 5 
03-02 12:19:28.661  1177  1177 V thermal_src: waiting NOTIFY from kernel miss, -1
03-02 12:19:28.661  1177  1177 I thermal_src: recvmsg_expect 2, but get 5 
03-02 12:19:28.661  1177  1177 V thermal_src: waiting NOTIFY from kernel miss, -1
03-02 12:19:28.661  1177  1177 I thermal_src: recvmsg_expect 2, but get 4 
03-02 12:19:28.661  1177  1177 V thermal_src: waiting NOTIFY from kernel miss, -1
03-02 12:19:28.662  1621  1651 I ActivityTaskManager: visible for Task{1127748 #37056 type=standard A=10337:com.softnation.Ojam} visible = true isAnimating = false TRANSITION = false PARENTS = false CHILDREN = false
03-02 12:19:28.662   921   921 I SurfaceFlinger: onHandleDestroyed: name=com.miui.home/com.miui.home.launcher.Launcher#135134, layerId=135134, parentId=0
03-02 12:19:28.662   921   921 I SurfaceFlinger: onHandleDestroyed: name=LauncherOverlayWindow:com.mi.globalminusscreen#135133, layerId=135133, parentId=0
03-02 12:19:28.663   921   921 I SurfaceFlinger: onHandleDestroyed: name=LauncherMinusOneScreen#135132, layerId=135132, parentId=0
03-02 12:19:28.667   921   921 I MI-SF   : surfaceflinger setAffinity mode=0
03-02 12:19:28.667   921   921 E MI-SF   : surfaceflinger setAffinity success
03-02 12:19:28.678  2350  2350 W Settings: Setting airplane_mode_on has moved from android.provider.Settings.System to android.provider.Settings.Global, returning read-only value.
03-02 12:19:28.680  2350  2350 W Settings: Setting airplane_mode_on has moved from android.provider.Settings.System to android.provider.Settings.Global, returning read-only value.
03-02 12:19:28.680  1621  1621 D MBrainLocalService: isVendorFreezeConditionPass is false
03-02 12:19:28.680  1621  1621 D MBrainLocalService: notifyNetworkChange failed
03-02 12:19:28.681  2350 29580 D NetworkSpeedTracker: updateNwSignalInfo not allowed ,ignore
03-02 12:19:28.684  2350 29580 D NetworkSpeedTracker: updateNwSignalInfo not allowed ,ignore
03-02 12:19:28.690   921   921 I BufferQueueDebug: [LauncherOverlayWindow:com.mi.globalminusscreen#135133](this:0xb400007bcec94c08,id:-1,api:0,p:-1,c:921) onDestructor()
03-02 12:19:28.691   921   921 I BufferQueueDebug: [com.miui.home/com.miui.home.launcher.Launcher#135134](this:0xb400007bcecab888,id:-1,api:0,p:-1,c:921) onDestructor()
03-02 12:19:28.692   921   921 I BufferQueueDebug: [LauncherMinusOneScreen#135132](this:0xb400007bceccdb48,id:-1,api:0,p:-1,c:921) onDestructor()
03-02 12:19:28.729  1621  4754 D AS.BtHelper: isBluetoothScoOn() mBluetoothHeadset is null: falsemBluetoothHeadsetDevice is null: true
03-02 12:19:28.729  1621  4754 V AS.AudioDeviceBroker: requestedCommunicationDevice: null mAudioModeOwner: AudioModeInfo: mMode=MODE_NORMAL, mPid=0, mUid=0
03-02 12:19:28.730  1621  4754 D AS.BtHelper: isBluetoothScoOn() mBluetoothHeadset is null: falsemBluetoothHeadsetDevice is null: true
03-02 12:19:28.730  1621  4754 V AS.AudioDeviceBroker: requestedCommunicationDevice: null mAudioModeOwner: AudioModeInfo: mMode=MODE_NORMAL, mPid=0, mUid=0
03-02 12:19:28.745   921   921 I BufferQueueProducer: [StatusBar#109](this:0xb400007bcec4ab68,id:-1,api:0,p:-1,c:921) queueBuffer: fps=1.27 dur=1577.72 max=996.14 min=581.58
03-02 12:19:28.768   589 27725 I keystore2: system/security/keystore2/watchdog/src/lib.rs:319 - Watchdog thread idle -> terminating. Have a great day.
03-02 12:19:28.833  1621  1658 D HeapUsage Monitor: HeapAllocSize : 177MB; monitorSize : 500MB
03-02 12:19:28.834  1621  1658 D AES     : AEEIOCTL_GET/SET_SF_STATE IOCTL,cmd= 1074294797, lParam=0. 
03-02 12:19:28.834  1621  1658 D AES     : AEEIOCTL_RT_MON_Kick IOCTL,cmd= 2147774474, lParam=300. 
03-02 12:19:28.870  1055  1186 D connsyslogger: SD_LOG_ROOT is /data/debuglogger/connsyslog/fw.
03-02 12:19:28.870  1055  1186 D connsyslogger: systemReady:1
03-02 12:19:28.891   849  1430 I hwcomposer: [HWC] (0)fire a callback of refresh to SF[4]  
03-02 12:19:28.920   921   921 I BufferQueueProducer: [FramebufferSurface](this:0xb400007d8e9dff50,id:-1,api:1,p:921,c:921) queueBuffer: fps=1.24 dur=1608.76 max=996.11 min=612.65
03-02 12:19:28.923   921   921 I MI-SF   : surfaceflinger setAffinity mode=1
03-02 12:19:28.924   921   921 E MI-SF   : surfaceflinger setAffinity success
03-02 12:19:28.924   921   921 I MI-SF   : surfaceflinger setreAffinity reTid=1207
03-02 12:19:28.924   921   921 E MI-SF   : surfaceflinger setAffinity success
03-02 12:19:28.941  1621  1842 I MiuiNetworkPolicy: updateUidState uid = 10301, uidState = 19
03-02 12:19:28.945  1621  1842 I MiuiNetworkPolicy: updateUidState uid = 10301, uidState = 11
03-02 12:19:29.154   861   947 I libPerfCtl: xgfGetFPS pid:921 fps:-1
03-02 12:19:29.154   861   947 I libPerfCtl: xgfGetFPS pid:2363 fps:-1
03-02 12:19:29.162 28637 28646 W facebook.system: userfaultfd: MOVE ioctl seems unsupported: Connection timed out
03-02 12:19:29.194   921   921 I MI-SF   : surfaceflinger setAffinity mode=0
03-02 12:19:29.194   921   921 E MI-SF   : surfaceflinger setAffinity success
03-02 12:19:29.311   849  1430 I hwcomposer: [HWC] (0)fire a callback of refresh to SF[4]  
03-02 12:19:29.324  2350  2350 W Settings: Setting airplane_mode_on has moved from android.provider.Settings.System to android.provider.Settings.Global, returning read-only value.
03-02 12:19:29.329  2350  2350 W Settings: Setting airplane_mode_on has moved from android.provider.Settings.System to android.provider.Settings.Global, returning read-only value.
03-02 12:19:29.331  2350 29580 D NetworkSpeedTracker: updateSignalInfo lteRsrp=-93lteSnr=10,phoneId=1
03-02 12:19:29.335  2350 29580 D NetworkSpeedTracker: updateSignalInfo lteRsrp=-93lteSnr=10,phoneId=1
03-02 12:19:29.335   849   868 I hwcomposer: [HWCDisplay] (0 updateFps():3667), (type:1, mode:2) fps:5.839843,dur:1027.42,max:357.41,min:29.06  
03-02 12:19:29.337   921   921 I MI-SF   : surfaceflinger setAffinity mode=1
03-02 12:19:29.338   921   921 E MI-SF   : surfaceflinger setAffinity success
03-02 12:19:29.338   921   921 I MI-SF   : surfaceflinger setreAffinity reTid=1207
03-02 12:19:29.338   921   921 E MI-SF   : surfaceflinger setAffinity success
03-02 12:19:29.472  2363  2363 E StackScroller: updateSidePadding: viewWidth is zero
03-02 12:19:29.513  1177  1177 I thermal_src: recvmsg_expect 5, but get 2 
03-02 12:19:29.513  1177  1177 V thermal_src: TA_DAEMON_CMD_GET_TPCB:ERROR ret=-1
03-02 12:19:29.513  1177  1177 E thermal_src: get_tpcb_from_kernel:error -1. retry...
03-02 12:19:29.513  1177  1177 I thermal_src: recvmsg_expect 5, but get 2 
03-02 12:19:29.513  1177  1177 V thermal_src: TA_DAEMON_CMD_GET_TPCB:ERROR ret=-1
03-02 12:19:29.513  1177  1177 E thermal_src: get_tpcb_from_kernel:error -1. retry...
03-02 12:19:29.513  1177  1177 I thermal_src: recvmsg_expect 5, but get 2 
03-02 12:19:29.513  1177  1177 V thermal_src: TA_DAEMON_CMD_GET_TPCB:ERROR ret=-1
03-02 12:19:29.513  1177  1177 E thermal_src: get_tpcb_from_kernel:error -1. retry...
03-02 12:19:29.513  1177  1177 I thermal_src: recvmsg_expect 4, but get 5 
03-02 12:19:29.513  1177  1177 V thermal_src: TA_DAEMON_CMD_SET_TTJ:ERROR ret=-1
03-02 12:19:29.513  1177  1177 E thermal_src: set_ttj_to_kernel 1:error -1
03-02 12:19:29.513  1177  1177 I thermal_src: recvmsg_expect 2, but get 5 
03-02 12:19:29.513  1177  1177 V thermal_src: waiting NOTIFY from kernel miss, -1
03-02 12:19:29.513  1177  1177 I thermal_src: recvmsg_expect 2, but get 5 
03-02 12:19:29.513  1177  1177 V thermal_src: waiting NOTIFY from kernel miss, -1
03-02 12:19:29.513  1177  1177 I thermal_src: recvmsg_expect 2, but get 4 
03-02 12:19:29.513  1177  1177 V thermal_src: waiting NOTIFY from kernel miss, -1
03-02 12:19:29.583  2363  2363 E StackScroller: updateSidePadding: viewWidth is zero
03-02 12:19:29.728  1159  1606 D ULogGuard: Monitoring: 18 threads, 0 requests, 0 time-bombs; 1 guards. ResetFlags = 0x7
03-02 12:19:29.734  1621  3051 D AS.BtHelper: isBluetoothScoOn() mBluetoothHeadset is null: falsemBluetoothHeadsetDevice is null: true
03-02 12:19:29.734  1621  3051 V AS.AudioDeviceBroker: requestedCommunicationDevice: null mAudioModeOwner: AudioModeInfo: mMode=MODE_NORMAL, mPid=0, mUid=0
03-02 12:19:29.734  1621  3051 D AS.BtHelper: isBluetoothScoOn() mBluetoothHeadset is null: falsemBluetoothHeadsetDevice is null: true
03-02 12:19:29.735  1621  3051 V AS.AudioDeviceBroker: requestedCommunicationDevice: null mAudioModeOwner: AudioModeInfo: mMode=MODE_NORMAL, mPid=0, mUid=0
03-02 12:19:29.914  1201  1298 D AALLightSensor: oldLux=50 [SA:-1 LA:-1] newLux=50 (oriLux: 50)
03-02 12:19:29.952  1621  1842 I MiuiNetworkPolicy: updateUidState uid = 10301, uidState = 19
03-02 12:19:29.958  1621  1842 I MiuiNetworkPolicy: updateUidState uid = 10301, uidState = 11
03-02 12:19:30.154   861   947 I libPerfCtl: xgfGetFPS pid:921 fps:-1
03-02 12:19:30.155   861   947 I libPerfCtl: xgfGetFPS pid:2363 fps:-1
03-02 12:19:30.211   921   921 I BufferQueueProducer: [StatusBar#109](this:0xb400007bcec4ab68,id:-1,api:0,p:-1,c:921) queueBuffer: fps=1.36 dur=1466.32 max=1023.50 min=442.81
03-02 12:19:30.219   921   921 I MI-SF   : surfaceflinger setAffinity mode=0
03-02 12:19:30.220   921   921 E MI-SF   : surfaceflinger setAffinity success
03-02 12:19:30.281  1621  1631 I system_server: Background young concurrent mark compact GC freed 32MB AllocSpace bytes, 132(2812KB) LOS objects, 19% free, 144MB/180MB, paused 3.212ms,20.728ms total 317.857ms
03-02 12:19:30.339   849  1430 I hwcomposer: [HWC] (0)fire a callback of refresh to SF[4]  
03-02 12:19:30.357   921   921 I BufferQueueProducer: [FramebufferSurface](this:0xb400007d8e9dff50,id:-1,api:1,p:921,c:921) queueBuffer: fps=1.39 dur=1437.14 max=1022.55 min=414.59
03-02 12:19:30.358   849   868 I hwcomposer: [HWCDisplay] (0 updateFps():3667), (type:1, mode:2) fps:1.955446,dur:1022.78,max:881.32,min:141.47  
03-02 12:19:30.361   921   921 I MI-SF   : surfaceflinger setAffinity mode=1
03-02 12:19:30.361   921   921 E MI-SF   : surfaceflinger setAffinity success
03-02 12:19:30.361   921   921 I MI-SF   : surfaceflinger setreAffinity reTid=1207
03-02 12:19:30.361   921   921 E MI-SF   : surfaceflinger setAffinity success
03-02 12:19:30.737  1621  4754 D AS.BtHelper: isBluetoothScoOn() mBluetoothHeadset is null: falsemBluetoothHeadsetDevice is null: true
03-02 12:19:30.737  1621  4754 V AS.AudioDeviceBroker: requestedCommunicationDevice: null mAudioModeOwner: AudioModeInfo: mMode=MODE_NORMAL, mPid=0, mUid=0
03-02 12:19:30.738  1621  3051 D AS.BtHelper: isBluetoothScoOn() mBluetoothHeadset is null: falsemBluetoothHeadsetDevice is null: true
03-02 12:19:30.738  1621  3051 V AS.AudioDeviceBroker: requestedCommunicationDevice: null mAudioModeOwner: AudioModeInfo: mMode=MODE_NORMAL, mPid=0, mUid=0
03-02 12:19:30.785  1621  1621 D UiModeManager: updateConfigurationLocked: mDockState=0; mCarMode=false; mCar=false; mPowerSave=false; mOverrideNightModeOn=false; mOverrideNightModeOff=false; mComputedNightMode=true; mNightModeValue=2; uiMode=42
03-02 12:19:30.789  6027  6027 I PowerSaveService: onReceive: android.intent.action.BATTERY_CHANGED
03-02 12:19:30.791  3510  3510 W libc    : Unable to set property "persist.vendor.accelerate.charge" to "false": PROP_ERROR_PERMISSION_DENIED (0x18)
03-02 12:19:30.792  6027  6027 I PowerNoticeUI: handleBatteryChanged oldPlugType 2 mPlugType 2 oldBatteryLevel 43 mBatteryLevel 43 temperature 410
03-02 12:19:30.792  6027  6027 I ChargerBatteryIntelligenceReceiver: onBatteryChanged temperature∩╝Ü41,plugType:2
03-02 12:19:30.793  6027  6027 D BaseChargeProtect_HighTemp: mCountByMinute:0,isScreenOn:true
03-02 12:19:30.793  6515  8177 D PowerCheckerService: onBatteryChanged, mBatteryLevel = 43, status = 2, level = 43, plug = 2, scale = 100
03-02 12:19:30.793  6515  6997 I ProcAudioPowerManager: onBatteryChanged, onBattery is false
03-02 12:19:30.793  6515  6997 D PowerKeeper.FrozenApp: onBatteryChanged plug=true mBatteryPlugged=2
03-02 12:19:30.794  6515  8142 D PowerKeeper.Thermal: mBatteryTemperature: 41
03-02 12:19:30.795  6027  6027 I android_os_HwBinder: HwBinder: Starting thread pool for getting: vendor.xiaomi.hardware.micharge@1.0::IMiCharge/default
03-02 12:19:30.798   872   908 I vendor.xiaomi.hardware.micharge@1.0-service: ReadFilePathValue path = /sys/class/power_supply/usb/real_type value = USB
03-02 12:19:30.798  6027  6027 I IMiChargeUtils: getIMiChargeStringValue method:getBatteryChargeType,value:USB
03-02 12:19:30.799  6027  6027 I IMiChargeUtils: getBatteryChargeType : USB
03-02 12:19:30.799  6027  6027 I ChargeTimeUtilsV2: chargeType:USB
03-02 12:19:30.799  6027  6027 I PowerFeatureUtils: getVendorName:mediatek
03-02 12:19:30.799  6027  6027 I PowerFeatureUtils: getVendorName:mediatek
03-02 12:19:30.808  1621  1621 D UiModeManager: updateConfigurationLocked: mDockState=0; mCarMode=false; mCar=false; mPowerSave=false; mOverrideNightModeOn=false; mOverrideNightModeOff=false; mComputedNightMode=true; mNightModeValue=2; uiMode=42
03-02 12:19:30.810  6027  6027 I PowerSaveService: onReceive: android.intent.action.BATTERY_CHANGED
03-02 12:19:30.811  6515  6997 I ProcAudioPowerManager: onBatteryChanged, onBattery is false
03-02 12:19:30.811  6027  6027 I PowerNoticeUI: handleBatteryChanged oldPlugType 2 mPlugType 2 oldBatteryLevel 43 mBatteryLevel 43 temperature 410
03-02 12:19:30.811  6515  6997 D PowerKeeper.FrozenApp: onBatteryChanged plug=true mBatteryPlugged=2
03-02 12:19:30.811  6027  6027 I ChargerBatteryIntelligenceReceiver: onBatteryChanged temperature∩╝Ü41,plugType:2
03-02 12:19:30.811  6515  8177 D PowerCheckerService: onBatteryChanged, mBatteryLevel = 43, status = 2, level = 43, plug = 2, scale = 100
03-02 12:19:30.811  6027  6027 D BaseChargeProtect_HighTemp: mCountByMinute:0,isScreenOn:true
03-02 12:19:30.811  6515  8142 D PowerKeeper.Thermal: mBatteryTemperature: 41
03-02 12:19:30.813  6027  6027 I android_os_HwBinder: HwBinder: Starting thread pool for getting: vendor.xiaomi.hardware.micharge@1.0::IMiCharge/default
03-02 12:19:30.815   872   908 I vendor.xiaomi.hardware.micharge@1.0-service: ReadFilePathValue path = /sys/class/power_supply/usb/real_type value = USB
03-02 12:19:30.815  6027  6027 I IMiChargeUtils: getIMiChargeStringValue method:getBatteryChargeType,value:USB
03-02 12:19:30.816  6027  6027 I IMiChargeUtils: getBatteryChargeType : USB
03-02 12:19:30.816  6027  6027 I ChargeTimeUtilsV2: chargeType:USB
03-02 12:19:30.816  6027  6027 I PowerFeatureUtils: getVendorName:mediatek
03-02 12:19:30.816  6027  6027 I PowerFeatureUtils: getVendorName:mediatek
03-02 12:19:30.871  1055  1186 D connsyslogger: SD_LOG_ROOT is /data/debuglogger/connsyslog/fw.
03-02 12:19:30.871  1055  1186 D connsyslogger: systemReady:1
03-02 12:19:30.955 27771 27788 W .miui.analytics: userfaultfd: MOVE ioctl seems unsupported: Connection timed out
03-02 12:19:30.965  1621  1842 I MiuiNetworkPolicy: updateUidState uid = 10301, uidState = 19
03-02 12:19:30.969  1621  1842 I MiuiNetworkPolicy: updateUidState uid = 10301, uidState = 11
03-02 12:19:31.126  1055  1191 D connsyslogger: data recycle:time out
03-02 12:19:31.126  1055  1191 D connsyslogger: idx=0 Bootup Log: 2 log files! filecount=3 
03-02 12:19:31.206 28940 28955 W mlviewer:remote: userfaultfd: MOVE ioctl seems unsupported: Connection timed out
03-02 12:19:31.209   861   947 I libPerfCtl: xgfGetFPS pid:921 fps:-1
03-02 12:19:31.209   861   947 I libPerfCtl: xgfGetFPS pid:2363 fps:-1
03-02 12:19:31.227  1621  1842 I MiuiNetworkPolicy: force mThermalForceMode = 1
03-02 12:19:31.227  1621  1842 I MiuiNetworkPolicy: thermal networkPriorityMode = 2 mNetworkPriorityMode =255 mWifiConnected=false mThermalForceMode=1
03-02 12:19:31.304  1621  1666 I SmartPower: com.google.android.googlequicksearchbox:interactor/10165(5969): idle->background(11373ms) R(broadcast start Intent { act=android.intent.action.BATTERY_CHANGED flg=0x60000010 (has extras) }) adj=100.
03-02 12:19:31.305  1621  1666 I SmartPower: com.whatsapp/10300(11977): idle->background(6994ms) R(broadcast start Intent { act=android.intent.action.BATTERY_CHANGED flg=0x60000010 (has extras) }) adj=227.
03-02 12:19:31.307  1621  1666 I SmartPower: com.facebook.katana/10287(28735): idle->background(3288ms) R(broadcast start Intent { act=android.intent.action.BATTERY_CHANGED flg=0x60000010 (has extras) }) adj=700.
03-02 12:19:31.516  1177  1177 I thermal_src: recvmsg_expect 5, but get 2 
03-02 12:19:31.517  1177  1177 V thermal_src: TA_DAEMON_CMD_GET_TPCB:ERROR ret=-1
03-02 12:19:31.517  1177  1177 E thermal_src: get_tpcb_from_kernel:error -1. retry...
03-02 12:19:31.517  1177  1177 I thermal_src: recvmsg_expect 5, but get 2 
03-02 12:19:31.517  1177  1177 V thermal_src: TA_DAEMON_CMD_GET_TPCB:ERROR ret=-1
03-02 12:19:31.517  1177  1177 E thermal_src: get_tpcb_from_kernel:error -1. retry...
03-02 12:19:31.517  1177  1177 I thermal_src: recvmsg_expect 5, but get 2 
03-02 12:19:31.517  1177  1177 V thermal_src: TA_DAEMON_CMD_GET_TPCB:ERROR ret=-1
03-02 12:19:31.517  1177  1177 E thermal_src: get_tpcb_from_kernel:error -1. retry...
03-02 12:19:31.517  1177  1177 I thermal_src: recvmsg_expect 4, but get 5 
03-02 12:19:31.517  1177  1177 V thermal_src: TA_DAEMON_CMD_SET_TTJ:ERROR ret=-1
03-02 12:19:31.517  1177  1177 E thermal_src: set_ttj_to_kernel 1:error -1
03-02 12:19:31.518  1177  1177 I thermal_src: recvmsg_expect 2, but get 5 
03-02 12:19:31.518  1177  1177 V thermal_src: waiting NOTIFY from kernel miss, -1
03-02 12:19:31.518  1177  1177 I thermal_src: recvmsg_expect 2, but get 5 
03-02 12:19:31.518  1177  1177 V thermal_src: waiting NOTIFY from kernel miss, -1
03-02 12:19:31.518  1177  1177 I thermal_src: recvmsg_expect 2, but get 4 
03-02 12:19:31.518  1177  1177 V thermal_src: waiting NOTIFY from kernel miss, -1
03-02 12:19:31.716  1621  1918 E HyperSentinel: -------------------------------------------------------
03-02 12:19:31.717  1621  1918 E HyperSentinel: Event_ThreadAmount
03-02 12:19:31.717  1621  1918 E HyperSentinel: -> audit event by proc 29228 "com.google.android.cellbroadcastreceiver": running threads amount, 0 -> 15
03-02 12:19:31.741  1621  2188 D AS.BtHelper: isBluetoothScoOn() mBluetoothHeadset is null: falsemBluetoothHeadsetDevice is null: true
03-02 12:19:31.741  1621  2188 V AS.AudioDeviceBroker: requestedCommunicationDevice: null mAudioModeOwner: AudioModeInfo: mMode=MODE_NORMAL, mPid=0, mUid=0
03-02 12:19:31.742  1621  2188 D AS.BtHelper: isBluetoothScoOn() mBluetoothHeadset is null: falsemBluetoothHeadsetDevice is null: true
03-02 12:19:31.743  1621  2188 V AS.AudioDeviceBroker: requestedCommunicationDevice: null mAudioModeOwner: AudioModeInfo: mMode=MODE_NORMAL, mPid=0, mUid=0
03-02 12:19:31.892  2350  2350 W Settings: Setting airplane_mode_on has moved from android.provider.Settings.System to android.provider.Settings.Global, returning read-only value.
03-02 12:19:31.896  2350  2350 W Settings: Setting airplane_mode_on has moved from android.provider.Settings.System to android.provider.Settings.Global, returning read-only value.
03-02 12:19:31.899  2350 29580 D NetworkSpeedTracker: updateSignalInfo lteRsrp=-90lteSnr=11,phoneId=1
03-02 12:19:31.904  2350 29580 D NetworkSpeedTracker: updateSignalInfo lteRsrp=-90lteSnr=11,phoneId=1
03-02 12:19:31.976  1621  1842 I MiuiNetworkPolicy: updateUidState uid = 10301, uidState = 19
03-02 12:19:31.981  1621  1842 I MiuiNetworkPolicy: updateUidState uid = 10301, uidState = 11
03-02 12:19:32.210   861   947 I libPerfCtl: xgfGetFPS pid:2363 fps:-1
03-02 12:19:32.372 26375 26413 D MiuiNearbyService: handleMessage: what: 104
03-02 12:19:32.729  1159  1606 D ULogGuard: Monitoring: 18 threads, 0 requests, 0 time-bombs; 1 guards. ResetFlags = 0x7
03-02 12:19:32.748  1621  2986 D AS.BtHelper: isBluetoothScoOn() mBluetoothHeadset is null: falsemBluetoothHeadsetDevice is null: true
03-02 12:19:32.749  1621  2986 V AS.AudioDeviceBroker: requestedCommunicationDevice: null mAudioModeOwner: AudioModeInfo: mMode=MODE_NORMAL, mPid=0, mUid=0
03-02 12:19:32.750  1621  2986 D AS.BtHelper: isBluetoothScoOn() mBluetoothHeadset is null: falsemBluetoothHeadsetDevice is null: true
03-02 12:19:32.750  1621  2986 V AS.AudioDeviceBroker: requestedCommunicationDevice: null mAudioModeOwner: AudioModeInfo: mMode=MODE_NORMAL, mPid=0, mUid=0
03-02 12:19:32.753  1177  1177 I thermal_src: recvmsg_expect 5, but get 2 
03-02 12:19:32.753  1177  1177 V thermal_src: TA_DAEMON_CMD_GET_TPCB:ERROR ret=-1
03-02 12:19:32.753  1177  1177 E thermal_src: get_tpcb_from_kernel:error -1. retry...
03-02 12:19:32.753  1177  1177 I thermal_src: recvmsg_expect 5, but get 2 
03-02 12:19:32.753  1177  1177 V thermal_src: TA_DAEMON_CMD_GET_TPCB:ERROR ret=-1
03-02 12:19:32.753  1177  1177 E thermal_src: get_tpcb_from_kernel:error -1. retry...
03-02 12:19:32.754  1177  1177 I thermal_src: recvmsg_expect 4, but get 5 
03-02 12:19:32.754  1177  1177 V thermal_src: TA_DAEMON_CMD_SET_TTJ:ERROR ret=-1
03-02 12:19:32.754  1177  1177 E thermal_src: set_ttj_to_kernel 1:error -1
03-02 12:19:32.754  1177  1177 I thermal_src: recvmsg_expect 2, but get 5 
03-02 12:19:32.754  1177  1177 V thermal_src: waiting NOTIFY from kernel miss, -1
03-02 12:19:32.754  1177  1177 I thermal_src: recvmsg_expect 2, but get 4 
03-02 12:19:32.754  1177  1177 V thermal_src: waiting NOTIFY from kernel miss, -1
03-02 12:19:32.835  1167  1167 I thermal_repeater: [recvMdThermalInfo] ret=25, strLen=127,  3, 38, -8, 196, 32767, 0
03-02 12:19:32.872  1055  1186 D connsyslogger: SD_LOG_ROOT is /data/debuglogger/connsyslog/fw.
03-02 12:19:32.872  1055  1186 D connsyslogger: systemReady:1
03-02 12:19:32.894  1621  2315 D SystemPressureControl: thermal temperature 42
03-02 12:19:32.987  1621  1842 I MiuiNetworkPolicy: updateUidState uid = 10301, uidState = 19
03-02 12:19:32.991  1621  1842 I MiuiNetworkPolicy: updateUidState uid = 10301, uidState = 11
03-02 12:19:33.200   921   921 I BufferQueueProducer: [StatusBar#109](this:0xb400007bcec4ab68,id:-1,api:0,p:-1,c:921) queueBuffer: fps=0.33 dur=2988.58 max=2988.58 min=2988.58
03-02 12:19:33.204   849   868 I hwcomposer: [HWCDisplay] (0 updateFps():3667), (type:1, mode:2) fps:0.351405,dur:2845.72,max:2845.72,min:2845.72  
03-02 12:19:33.206   921   921 I MI-SF   : surfaceflinger setAffinity mode=0
03-02 12:19:33.207   921   921 E MI-SF   : surfaceflinger setAffinity success
03-02 12:19:33.210   861   947 I libPerfCtl: xgfGetFPS pid:2363 fps:-1
03-02 12:19:33.323   849  1430 I hwcomposer: [HWC] (0)fire a callback of refresh to SF[4]  
03-02 12:19:33.347   921   921 I BufferQueueProducer: [FramebufferSurface](this:0xb400007d8e9dff50,id:-1,api:1,p:921,c:921) queueBuffer: fps=0.33 dur=2989.84 max=2989.84 min=2989.84
03-02 12:19:33.351   921   921 I MI-SF   : surfaceflinger setAffinity mode=1
03-02 12:19:33.352   921   921 E MI-SF   : surfaceflinger setAffinity success
03-02 12:19:33.352   921   921 I MI-SF   : surfaceflinger setreAffinity reTid=1207
03-02 12:19:33.352   921   921 E MI-SF   : surfaceflinger setAffinity success
03-02 12:19:33.520  1177  1177 I thermal_src: recvmsg_expect 5, but get 2 
03-02 12:19:33.521  1177  1177 V thermal_src: TA_DAEMON_CMD_GET_TPCB:ERROR ret=-1
03-02 12:19:33.521  1177  1177 E thermal_src: get_tpcb_from_kernel:error -1. retry...
03-02 12:19:33.521  1177  1177 I thermal_src: recvmsg_expect 4, but get 2 
03-02 12:19:33.521  1177  1177 V thermal_src: TA_DAEMON_CMD_SET_TTJ:ERROR ret=-1
03-02 12:19:33.521  1177  1177 E thermal_src: set_ttj_to_kernel 1:error -1
03-02 12:19:33.521  1177  1177 I thermal_src: recvmsg_expect 2, but get 5 
03-02 12:19:33.521  1177  1177 V thermal_src: waiting NOTIFY from kernel miss, -1
03-02 12:19:33.522  1177  1177 I thermal_src: recvmsg_expect 2, but get 4 
03-02 12:19:33.522  1177  1177 V thermal_src: waiting NOTIFY from kernel miss, -1
03-02 12:19:33.594  1621  1666 I ActivityManager: Test idle failed due to 3403ab3 27779:com.instagram.android/u0a301 not runnable because EMPTY
03-02 12:19:33.692 27779 27941 E MQTTBypassDGWStreamGroupCallbacks.cpp: onStreamGroupError TransientError domain: MNSQUICConnection code: 0 detail: Error on socket write Operation not permitted, 
03-02 12:19:33.694 27779 27941 W MQTTBypassDGWStreamGroupConnection.cpp: Restarting due to reason: StreamError
03-02 12:19:33.696 27779 28094 E msys    : E[N mns]_OnDiskCacheGetData(632)=>Start post callback cache refresh DNS resolution
03-02 12:19:33.705 27779 28094 E msys    : E[N mns]_LogError(228)=>Failed to resolve using system DNS resolver, getaddrinfo(): No address associated with hostname
03-02 12:19:33.705 27779 28094 E msys    : E[N mns]_OnDiskCacheGetData(632)=>Start post callback cache refresh DNS resolution
03-02 12:19:33.708 27779 28094 E msys    : E[N mns]_LogError(228)=>Failed to resolve using system DNS resolver, getaddrinfo(): No address associated with hostname
03-02 12:19:33.755  1621  2188 D AS.BtHelper: isBluetoothScoOn() mBluetoothHeadset is null: falsemBluetoothHeadsetDevice is null: true
03-02 12:19:33.756  1621  2188 V AS.AudioDeviceBroker: requestedCommunicationDevice: null mAudioModeOwner: AudioModeInfo: mMode=MODE_NORMAL, mPid=0, mUid=0
03-02 12:19:33.756  1621  2188 D AS.BtHelper: isBluetoothScoOn() mBluetoothHeadset is null: falsemBluetoothHeadsetDevice is null: true
03-02 12:19:33.757  1621  2188 V AS.AudioDeviceBroker: requestedCommunicationDevice: null mAudioModeOwner: AudioModeInfo: mMode=MODE_NORMAL, mPid=0, mUid=0
03-02 12:19:33.800  2350  2350 W Settings: Setting airplane_mode_on has moved from android.provider.Settings.System to android.provider.Settings.Global, returning read-only value.
03-02 12:19:33.803  2350  2350 W Settings: Setting airplane_mode_on has moved from android.provider.Settings.System to android.provider.Settings.Global, returning read-only value.
03-02 12:19:33.805  2350 29580 D NetworkSpeedTracker: updateNwSignalInfo not allowed ,ignore
03-02 12:19:33.809  2350 29580 D NetworkSpeedTracker: updateNwSignalInfo not allowed ,ignore
03-02 12:19:33.914  1201  1298 D AALLightSensor: oldLux=50 [SA:-1 LA:-1] newLux=50 (oriLux: 52)
03-02 12:19:33.996  1621  1842 I MiuiNetworkPolicy: updateUidState uid = 10301, uidState = 19
03-02 12:19:34.002  1621  1842 I MiuiNetworkPolicy: updateUidState uid = 10301, uidState = 11
03-02 12:19:34.202   921   921 I MI-SF   : surfaceflinger setAffinity mode=0
03-02 12:19:34.202   921   921 E MI-SF   : surfaceflinger setAffinity success
03-02 12:19:34.306  1621  1922 I SmartPower: com.google.android.googlequicksearchbox:interactor/10165(5969): background->idle(3002ms) R(broadcast start Intent { act=android.intent.action.BATTERY_CHANGED flg=0x60000010 (has extras) }) adj=100.
03-02 12:19:34.306  1621  1922 I SmartPower: com.whatsapp/10300(11977): background->idle(3001ms) R(broadcast start Intent { act=android.intent.action.BATTERY_CHANGED flg=0x60000010 (has extras) }) adj=227.
03-02 12:19:34.309  1621  1922 I SmartPower: com.facebook.katana/10287(28735): background->idle(3001ms) R(broadcast start Intent { act=android.intent.action.BATTERY_CHANGED flg=0x60000010 (has extras) }) adj=700.
03-02 12:19:34.319   849  1430 I hwcomposer: [HWC] (0)fire a callback of refresh to SF[4]  
03-02 12:19:34.344   849   868 I hwcomposer: [HWCDisplay] (0 updateFps():3667), (type:1, mode:2) fps:2.631664,dur:1139.96,max:851.50,min:144.05  
03-02 12:19:34.347   921   921 I MI-SF   : surfaceflinger setAffinity mode=1
03-02 12:19:34.348   861   947 I libPerfCtl: xgfGetFPS pid:921 fps:-1
03-02 12:19:34.348   921   921 E MI-SF   : surfaceflinger setAffinity success
03-02 12:19:34.348   921   921 I MI-SF   : surfaceflinger setreAffinity reTid=1207
03-02 12:19:34.348   861   947 I libPerfCtl: xgfGetFPS pid:2363 fps:-1
03-02 12:19:34.348   921   921 E MI-SF   : surfaceflinger setAffinity success
03-02 12:19:34.445  2350  2350 W Settings: Setting airplane_mode_on has moved from android.provider.Settings.System to android.provider.Settings.Global, returning read-only value.
03-02 12:19:34.448  2350  2350 W Settings: Setting airplane_mode_on has moved from android.provider.Settings.System to android.provider.Settings.Global, returning read-only value.
03-02 12:19:34.452  2350 29580 D NetworkSpeedTracker: updateSignalInfo lteRsrp=-90lteSnr=11,phoneId=1
03-02 12:19:34.458  2350 29580 D NetworkSpeedTracker: updateSignalInfo lteRsrp=-90lteSnr=11,phoneId=1
03-02 12:19:34.701 27779 28094 E msys    : E[N mns]_OnDiskCacheGetData(632)=>Start post callback cache refresh DNS resolution
03-02 12:19:34.709 27779 28094 E msys    : E[N mns]_LogError(228)=>Failed to resolve using system DNS resolver, getaddrinfo(): No address associated with hostname
03-02 12:19:34.762  1621  2188 D AS.BtHelper: isBluetoothScoOn() mBluetoothHeadset is null: falsemBluetoothHeadsetDevice is null: true
03-02 12:19:34.762  1621  2188 V AS.AudioDeviceBroker: requestedCommunicationDevice: null mAudioModeOwner: AudioModeInfo: mMode=MODE_NORMAL, mPid=0, mUid=0
03-02 12:19:34.763  1621  2188 D AS.BtHelper: isBluetoothScoOn() mBluetoothHeadset is null: falsemBluetoothHeadsetDevice is null: true
03-02 12:19:34.763  1621  2188 V AS.AudioDeviceBroker: requestedCommunicationDevice: null mAudioModeOwner: AudioModeInfo: mMode=MODE_NORMAL, mPid=0, mUid=0
03-02 12:19:34.872  1055  1186 D connsyslogger: SD_LOG_ROOT is /data/debuglogger/connsyslog/fw.
03-02 12:19:34.873  1055  1186 D connsyslogger: systemReady:1
