--------- beginning of main
03-02 11:22:30.092  2363  3215 I ActiveAudioSessionManager_export-api: dispatchTopActiveSessionChangeCallbackLocked, size:1
03-02 11:22:30.099  2363 19600 I ActiveAudioSessionManager_export-api: dispatchTopActiveSessionChangeCallbackLocked, size:1
03-02 11:22:30.109  2363  3215 I ActiveAudioSessionManager_export-api: startPositionCallbackTask
03-02 11:22:30.112  2363 19600 I GlobalMiPlayAudioManager: dispatchCallback, what, 1
03-02 11:22:30.112 18562 18562 V AudioMediaPlayerWrapper: trySendMediaUpdate(): Metadata update for { mediaId="currsong" title="WHEN THERE IS POWER PT.1" artist="Oluchi Japhat Aniagwu" album="WHEN THERE IS POWER PT.1" duration=3801338 trackPosition=1/1 image=<Image source=2> }
03-02 11:22:30.112 18562 18562 D MediaPlayerList: sendMediaUpdate
03-02 11:22:30.112  2363 19600 I ActiveAudioSessionManager_export-api: startPositionCallbackTask
03-02 11:22:30.112 18562 18562 D MediaPlayerList: sendMediaUpdate state=PlaybackState {state=PLAYING(3), position=66911, buffered position=208822, speed=1.0, updated=1029909531, actions=262019, custom actions=[Action:mName='Previous, mIcon=2131231060, mExtras=Bundle[EMPTY_PARCEL], Action:mName='Next, mIcon=2131231044, mExtras=Bundle[EMPTY_PARCEL]], active item id=0, error=null}
03-02 11:22:30.113  2363  2363 D MiPlayDetailViewModel: onActiveAudioSessionChange(): audioSessionList?.size =1
03-02 11:22:30.113  2363  2363 D MiPlayController: miplay service state invalid = 0
03-02 11:22:30.113  2363 19600 I SafeBinderCall: onPlaybackStateChange binder cost:1
03-02 11:22:30.113  2363  2363 D MiPlayDetailViewModel: isMiuiMusic:false null,releaseVersion:1
03-02 11:22:30.113  2363 19600 I SafeBinderCall: onPlaybackStateChange binder cost:0
03-02 11:22:30.116 18562 18562 D AvrcpTargetService: onMediaUpdated: track_changed=false state=true queue=false
03-02 11:22:30.116 18562 18562 D AvrcpNativeInterface: sendMediaUpdate: metadata=false playStatus=true queue=false
03-02 11:22:30.116 18562 18562 I bluetooth: avrcp_service.cc:648 SendMediaUpdate: track_changed=false :  play_state=true :  queue=false
03-02 11:22:30.125  2363  2363 I SafeBinderCall: call getMediaMetaData binder cost:12
03-02 11:22:30.125  2363  2363 D MiPlayDetailViewModel: updateAudioSession true
03-02 11:22:30.137  2363  2363 I SafeBinderCall: call getMediaMetaData binder cost:11
03-02 11:22:30.138  2363  2363 I SafeBinderCall: call getPosition binder cost:1
03-02 11:22:30.138  2363  2363 I SafeBinderCall: call getPlaybackState binder cost:0
03-02 11:22:30.139  2363  2363 I GlobalMiPlayAudioManager: onPlayStateChange: 3
03-02 11:22:30.139  2363  2363 D MiCastSDKImpl: setPlaybackState state 3
03-02 11:22:30.139  2363  2363 I GlobalMiPlayAudioManager: playStateChange,3
03-02 11:22:30.140 19603 19603 W MultiDeviceManager: setPlaybackState state 3
03-02 11:22:30.140 19603 19603 I CastDeviceManager: setPlaybackState: state 3
03-02 11:22:30.140 19603 19603 W CastDeviceManager: setPlaybackState: castSession is null return
03-02 11:22:30.151  2363  2363 I SafeBinderCall: call getMediaMetaData binder cost:11
03-02 11:22:30.152  2363  2363 D MiCastSDKImpl: setMediaMetaData data MediaMetaData{mArtist='Oluchi Japhat Aniagwu', mAlbum='WHEN THERE IS POWER PT.1', mTitle='WHEN THERE IS POWER PT.1', mBitmap=android.graphics.Bitmap@eee8c08, mDuration=3801338, mMediaType=0, mIsSequel=false} , packageName com.softnation.Ojam
03-02 11:22:30.158 19603 19623 I c       : ctastate:0
03-02 11:22:30.158 19603 19623 W DeviceManager: startScan cta not agree return
03-02 11:22:30.253  2363 24754 I SafeBinderCall: onPositionChange binder cost:0
03-02 11:22:30.254  2363  2363 D MiPlayDetailViewModel: onPositionChangeSelf position = 67052
03-02 11:22:30.314  1201  1298 D AALService: [CRTC_114] onALIChanged: 14 -> 11
--------- beginning of system
03-02 11:22:30.323  1621  4230 I ActivityManager: Force stopping com.softnation.Ojam appid=10337 user=0: from process:25007
03-02 11:22:30.328  1621  4230 I ATMSImpl: cacheTasksForDefaultDisplay size=5
03-02 11:22:30.329  1621  1907 E ProcessManager: error write exception log
03-02 11:22:30.333  1621  4230 I ActivityManager: Killing 17988:com.softnation.Ojam/u0a337 (adj 0): stop com.softnation.Ojam due to from process:25007
03-02 11:22:30.334  6515 10078 D UidObserver: onUidGone entry uid = 10337
03-02 11:22:30.334  6027 20777 I MIUISafety-Monitor: onUid 10337 gone
03-02 11:22:30.335  1124  2136 I ResourceManagerMetrics: pushConcurrentUsageReport: No Video Codec Entry for Application[pid(17988): uid(10337)]
03-02 11:22:30.335  1621  1638 D DisplayManagerService: Drop pending events for gone uid 10337
03-02 11:22:30.335  1124  2136 I ResourceManagerMetrics: pushConcurrentUsageReport: Concurrent Codec Usage Report for the Process[pid(17988): uid(10337)] is Peak { AudioDec[ SW: 1 ] } Peak Pixels: 0
03-02 11:22:30.336  1621  1842 I MiuiNetworkPolicy: removeUidState uid = 10337
03-02 11:22:30.338  1621  1648 D MediaProjectionManagerServiceStubImpl: handleForegroundServicesChanged
03-02 11:22:30.339  1621  4230 I ActivityManager: Cancel FGS notification userId: 0 definingUid: 10337 packageName: com.softnation.Ojam processName:com.softnation.Ojam ChannelId:default_channel_id foregroundNotiWhen:1772446883101 Notiflags:104
03-02 11:22:30.341  6515  8185 D ElementListener: on smart scenario changed to 99
03-02 11:22:30.342  1621  4230 I ScnModule: [GameDetection] packname: com.softnation.Ojam, apkSize: 113045479. 
03-02 11:22:30.342  1621  4230 I mtkpower_client: [PowerHal_Wrap_notifyAppState] com.softnation.Ojam/com.softnation.Ojam pid=17988 activityId:17988 state:3
03-02 11:22:30.342  1621  1856 D InetDiagMessage: Destroyed 0 sockets, proto=IPPROTO_TCP, family=AF_INET, states=14
03-02 11:22:30.342   861   861 I vendor.mediatek.hardware.mtkpower_applist-service.mediatek: packName: com.softnation.Ojam actName: com.softnation.Ojam pid: 17988 activityId: 17988 uid: 10337 state: 3
03-02 11:22:30.343   861   861 I MTK_APPList: [notifyAPPstate] com.softnation.Ojam/com.softnation.Ojam, pid=17988, activityId=17988, uid=10337, state:DEAD, fps:-1, win:1
03-02 11:22:30.343   861   861 I MTK_APPList: [notifyAPPstate] multi_resumed_app_count: 1
03-02 11:22:30.343   861   861 I MTK_APPList: [notifyAPPstate] multi_resumed_app_info[0] com.android.systemui/com.android.systemui._190038181, pid:2363, activityId:-1, fps:-1, isMultiWindow:0
03-02 11:22:30.343   861   861 I MTK_APPList: [getForegroundAPPCount] 1
03-02 11:22:30.343   861   861 I MTK_APPList: [notifyAPPstate] pack:com.softnation.Ojam, pid:17988, STATE_DEAD
03-02 11:22:30.343   861   861 I MTK_APPList: [notifyNetdUID] 10156
03-02 11:22:30.343  1621  4230 W ActivityTaskManager: Force removing ActivityRecord{f92726c u0 com.softnation.Ojam/.MainActivity t37037 f}}: app died, no saved state
03-02 11:22:30.344  1621  4230 D WindowManager: Collecting in transition 10168: Task{19fcca #37037 type=standard A=10337:com.softnation.Ojam} init visibleRequested:true
03-02 11:22:30.345  1621  1856 D InetDiagMessage: Destroyed 1 sockets, proto=IPPROTO_TCP, family=AF_INET6, states=14
03-02 11:22:30.345   861   861 I MTK_APPList: [notifyPID] 24809
03-02 11:22:30.345  1621  1856 D InetDiagMessage: Destroyed live tcp sockets for uids={10337} in 6ms
03-02 11:22:30.345   863   958 I libPowerHal: [perfSetSysInfo] pid type:24, 24809
03-02 11:22:30.346  1621  4230 D WindowManager: Collecting in transition 10168: ActivityRecord{f92726c u0 com.softnation.Ojam/.MainActivity t37037 f}} init visibleRequested:false
03-02 11:22:30.346  2363  2477 I SoScStageCoordinator: Transition requested:TransitionRequestInfo { type = CLOSE, triggerTask = TaskInfo{userId=0 taskId=37037 displayId=0 isRunning=false baseIntent=Intent { flg=0x10000000 cmp=com.softnation.Ojam/.MainActivity } baseActivity=null topActivity=null origActivity=null realActivity=ComponentInfo{com.softnation.Ojam/com.softnation.Ojam.MainActivity} numActivities=0 lastActiveTime=1029762932 supportsSplitScreenMultiWindow=true supportsMultiWindow=true resizeMode=1 isResizeable=true minWidth=-1 minHeight=-1 defaultMinSize=200 token=WCT{android.window.IWindowContainerToken$Stub$Proxy@cec34dd} topActivityType=1 pictureInPictureParams=null shouldDockBigOverlays=false launchIntoPipHostTaskId=-1 lastParentTaskIdBeforePip=-1 displayCutoutSafeInsets=null topActivityInfo=null launchCookies=[] positionInParent=Point(0, 0) parentTaskId=-1 isFocused=true isVisible=true isVisibleRequested=true isSleeping=false locusId=null displayAreaFeatureId=1 isTopActivityTransparent=false appCompatTaskInfo=AppCompatTaskInfo { topActivityInSizeCompat=false topActivityEligibleForLetterboxEducation= falseisLetterboxEducationEnabled= false isLetterboxDoubleTapEnabled= false topActivityEligibleForUserAspectRatioButton= false topActivityBoundsLetterboxed= false isFromLetterboxDoubleTap= false topActivityLetterboxVerticalPosition= -1 topActivityLetterboxHorizontalPosition= -1 topActivityLetterboxWidth=-1 topActivityLetterboxHeight=-1 isUserFullscreenOverrideEnabled=false isSystemFullscreenOverrideEnabled=false cameraCompatTaskInfo=CameraCompatTaskInfo { cameraCompatControlState=hidden freeformCameraCompatMode=inactive}} isImmersive=false mTopActivityRequestOrientation=-2 mBehindAppLockPkg=null mOriginatingUid=0 isEmbedded=false shouldBeVisible=false mIsCastMode=false mTopActivityMediaSize=null mTopActivityRecordName=null mTopActivityOrientation=-2}, pipTask = null, remoteTransition = null, displayChange = null, flags = 0, debugId = 10168 } isSoScActive:false triggerTask:TaskInfo{userId=0 taskId=37037 displayId=0 isRunning=false baseIntent=Intent { flg=0x10000000 cmp=com.softnation.Ojam/.MainActivity } baseActivity=null topActivity=null origActivity=null realActivity=ComponentInfo{com.softnation.Ojam/com.softnation.Ojam.MainActivity} numActivities=0 lastActiveTime=1029762932 supportsSplitScreenMultiWindow=true supportsMultiWindow=true resizeMode=1 isResizeable=true minWidth=-1 minHeight=-1 defaultMinSize=200 token=WCT{android.window.IWindowContainerToken$Stub$Proxy@cec34dd} topActivityType=1 pictureInPictureParams=null shouldDockBigOverlays=false launchIntoPipHostTaskId=-1 lastParentTaskIdBeforePip=-1 displayCutoutSafeInsets=null topActivityInfo=null launchCookies=[] positionInParent=Point(0, 0) parentTaskId=-1 isFocused=true isVisible=true isVisibleRequested=true isSleeping=false locusId=null displayAreaFeatureId=1 isTopActivityTransparent=false appCompatTaskInfo=AppCompatTaskInfo { topActivityInSizeCompat=false topActivityEligibleForLetterboxEducation= falseisLetterboxEducationEnabled= false isLetterboxDoubleTapEnabled= false topActivityEligibleForUserAspectRatioButton= false topActivityBoundsLetterboxed= false isFromLetterboxDoubleTap= false topActivityLetterboxVerticalPosition= -1 topActivityLetterboxHorizontalPosition= -1 topActivityLetterboxWidth=-1 topActivityLetterboxHeight=-1 isUserFullscreenOverrideEnabled=false isSystemFullscreenOverrideEnabled=false cameraCompatTaskInfo=CameraCompatTaskInfo { cameraCompatControlState=hidden freeformCameraCompatMode=inactive}} isImmersive=false mTopActivityRequestOrientation=-2 mBehindAppLockPkg=null mOriginatingUid=0 isEmbedded=false shouldBeVisible=false mIsCastMode=false mTopActivityMediaSize=null mTopActivityRecordName=null mTopActivityOrientation=-2}
03-02 11:22:30.347  1621  4230 W WindowManager: Changing focus from Window{8f836d7 u0 com.softnation.Ojam/com.softnation.Ojam.MainActivity} to null displayId=0 Callers=com.android.server.wm.RootWindowContainer.updateFocusedWindowLocked:602 com.android.server.wm.WindowManagerService.updateFocusedWindowLocked:7168 com.android.server.wm.ActivityRecord.onRemovedFromDisplay:5446 com.android.server.wm.DisplayContent.removeAppToken:1789 
03-02 11:22:30.348  1621  4230 D WindowManager: wms.Input focus has changed to null display=0 updateInputWindows = true
03-02 11:22:30.348  1621  4230 I MultiSenceManagerInternalStub: getInstance
03-02 11:22:30.348  1621  1856 D InetDiagMessage: Destroyed 0 sockets, proto=IPPROTO_TCP, family=AF_INET, states=14
03-02 11:22:30.349  1621  4230 D PerfMTKStubImpl: perfLockAcquire
03-02 11:22:30.349  1621  4230 I mtkpower_client: perf_lock_acq, hdl:0, dur:400, num:10, pid:1621, tid:4230
03-02 11:22:30.350  1621  1856 D InetDiagMessage: Destroyed 0 sockets, proto=IPPROTO_TCP, family=AF_INET6, states=14
03-02 11:22:30.350  1621  1856 D InetDiagMessage: Destroyed live tcp sockets for uids={20337} in 5ms
03-02 11:22:30.351  1621  4230 I mtkpower_client: ret_hdl:367374
03-02 11:22:30.351  1621  4230 I PowerHalWrapper: <amsBoostResume> last:null, next:com.google.android.googlequicksearchboxhasATProcess:true 
03-02 11:22:30.351   863   958 I libPowerHal: [perfLockAcq] idx:1 hdl:367374 hint:-1 pid:1621 tid:4230 duration:400 lock_user:system_server => ret_hdl:367374
03-02 11:22:30.351   863   958 I libPowerHal: [setGPUFreq] system_server user set gpu freq min:0, max:-1
03-02 11:22:30.351   863   958 I libPowerHal: system_server: set gpu opp level: 0
03-02 11:22:30.351  1621  4230 D WindowManager: Collecting in transition 10168: ActivityRecord{6d71709 u0 com.google.android.googlequicksearchbox/com.google.android.apps.search.assistant.surfaces.voice.robin.ui.floaty.activity.FloatyActivity t37027} init visibleRequested:false
03-02 11:22:30.351   863   958 I libPowerHal: system_server: set gpu opp level max: 0
03-02 11:22:30.351   863   958 I libPowerHal: [setGPUFreq] Soft min/max = (0, 0); Hard min/max = (31, 0)
03-02 11:22:30.352   863   958 I libPowerHal: [setGPUFreq] final min/max = (0, 0)
03-02 11:22:30.352   863   958 I libPowerHal: system_server: set gpu opp level: 0
03-02 11:22:30.352   863   958 I libPowerHal: system_server: set gpu opp level max: 0
03-02 11:22:30.352   863   958 I libPowerHal: [PE] system_server update cmd:400000 param:3000000 pr:3
03-02 11:22:30.352   863   958 I libPowerHal: [PE] system_server update cmd:400100 param:3000000 pr:3
03-02 11:22:30.352   863   958 I libPowerHal: [PE] system_server update cmd:400200 param:3000000 pr:3
03-02 11:22:30.352   863   958 I libPowerHal: [setDvfsrcDevFreqOpp] opp:0, freq:3600000000
03-02 11:22:30.352   863   958 I libPowerHal: [PE] system_server update cmd:1000000 param:0 pr:3
03-02 11:22:30.352   863   958 I libPowerHal: [recordCPUFreqInfo] set cluster[0] min(system_server): 1800000 max(-1): -1 cluster[1] min(system_server): 2000000 max(-1): -1
03-02 11:22:30.352  1621  4230 I PowerHalWrapper: amsBoostNotify pid:13966,activity:com.google.android.apps.search.assistant.surfaces.voice.robin.ui.floaty.activity.FloatyActivity, package:com.google.android.googlequicksearchbox, mProcessCreatePackcom.softnation.Ojam 
03-02 11:22:30.352   863   958 I libPowerHal: [perfLockAcq] Done for hdl : 367374
03-02 11:22:30.352  1621  4230 I PowerHalWrapper: state: 1 
03-02 11:22:30.353  1621  4230 I mtkpower_client: [PowerHal_Wrap_notifyAppState] com.google.android.googlequicksearchbox/com.google.android.apps.search.assistant.surfaces.voice.robin.ui.floaty.activity.FloatyActivity pid=13966 activityId:114759433 state:1
03-02 11:22:30.354   861   861 I vendor.mediatek.hardware.mtkpower_applist-service.mediatek: packName: com.google.android.googlequicksearchbox actName: com.google.android.apps.search.assistant.surfaces.voice.robin.ui.floaty.activity.FloatyActivity pid: 13966 activityId: 114759433 uid: 10165 state: 1
03-02 11:22:30.354   863   958 I libPowerHal: [perfLockAcq] idx:2 hdl:367375 hint:22 pid:863 tid:863 duration:10000 lock_user:vendor.mediatek => ret_hdl:367375
03-02 11:22:30.354   861   861 I MTK_APPList: [notifyAPPstate] com.google.android.googlequicksearchbox/com.google.android.apps.search.assistant.surfaces.voice.robin.ui.floaty.activity.FloatyActivity, pid=13966, activityId=114759433, uid=10165, state:RESUMED, fps:-1, win:0
03-02 11:22:30.354   861   861 I MTK_APPList: [notifyAPPstate] multi_resumed_app_count: 2
03-02 11:22:30.354   861   861 I MTK_APPList: [notifyAPPstate] multi_resumed_app_info[0] com.android.systemui/com.android.systemui._190038181, pid:2363, activityId:-1, fps:-1, isMultiWindow:0
03-02 11:22:30.354   861   861 I MTK_APPList: [notifyAPPstate] multi_resumed_app_info[1] com.google.android.googlequicksearchbox/com.google.android.apps.search.assistant.surfaces.voice.robin.ui.floaty.activity.FloatyActivity, pid:13966, activityId:114759433, fps:-1, isMultiWindow:0
03-02 11:22:30.354   861   861 I MTK_APPList: [getForegroundAPPCount] 2
03-02 11:22:30.354   861   861 I MTK_APPList: [notifyAPPstate] foreground:com.google.android.googlequicksearchbox, pid:13966, activityId:114759433, uid:10165
03-02 11:22:30.354   861   861 I MTK_APPList: [notifyNetdUID] 10165
03-02 11:22:30.354  1621  4230 I PowerHalWrapper: amsBoostNotify AMS_BOOST_PROCESS_CREATE_BOOST:false 
03-02 11:22:30.354  1621  1621 D MBrainLocalService: isVendorFreezeConditionPass is false
03-02 11:22:30.354  1621  1621 E MBrainLocalService: notifyAppSwitch failed
03-02 11:22:30.354   863   958 I libPowerHal: [PE] MTKPOWER_HINT_PACK_SWITCH update cmd:1408300, param:100, pr:3
03-02 11:22:30.355  1621  4230 D WindowManager: Collecting in transition 10168: ActivityRecord{9880759 u0 com.miui.home/.launcher.Launcher t2} init visibleRequested:false
03-02 11:22:30.355   863   958 I libPowerHal: [set_kswapd_affinity] set affinity = 16129
03-02 11:22:30.355   863   958 I libPowerHal: [PE] MTKPOWER_HINT_PACK_SWITCH update ONESHOT(set) cmd:10000700 param:16129 pr:3
03-02 11:22:30.355   863   958 I libPowerHal: [perfLockAcq] Done for hdl : 367375
03-02 11:22:30.356   863   958 I libPowerHal: [perfLockRel] hdl:367145, idx:-1
03-02 11:22:30.356 11917 11917 D VRI[globalminusscreen]: visibilityChanged oldVisibility=false newVisibility=true
03-02 11:22:30.356   861   861 I MTK_APPList: [notifyPID] 13966
03-02 11:22:30.356   863   958 I libPowerHal: [perfSetSysInfo] pid type:24, 13966
03-02 11:22:30.356   861   861 I MTK_APPList: [notifyAPPstate] pc:0, com.google.android.apps.wellbeing => com.google.android.googlequicksearchbox
03-02 11:22:30.357  1621  4230 I SmartPower: com.google.android.googlequicksearchbox:search/10165(13966): idle->invisible(144940ms) R(become foreground) adj=700.
03-02 11:22:30.357  1621  4230 I SmartPower: com.google.android.googlequicksearchbox:googleapp/10165(14013): idle->invisible(144940ms) R(become foreground) adj=800.
03-02 11:22:30.358  1621  4230 I SmartPower: com.google.android.googlequicksearchbox:interactor/10165(5969): background->invisible(148028ms) R(become foreground) adj=100.
03-02 11:22:30.359  1621  4230 D MiuiRefreshRatePolicy: reset
03-02 11:22:30.362  1621  2200 D WindowManager: Set transition=TransitionRecord{42dbe37 id=10168 type=CLOSE flags=0x0}, ready=true, SyncId=10168 
03-02 11:22:30.362 13966  4806 D AppScoutStateMachine: 13966-ScoutStateMachinecreated
03-02 11:22:30.362  1999  1999 D Launcher.Lifecycle: onStart:UserHandle{0},c143874,false
03-02 11:22:30.362  1999  1999 D LauncherAssistantCompatGoogle: onStart com.google.android.libraries.gsa.launcherclient.LauncherClient@b8351e8
03-02 11:22:30.364  1621  1648 D Aurogon :  uid = 10166 switch to FG
03-02 11:22:30.364  2363  2477 I MultiTaskingTaskRepository: no MULTI_WINDOW, but base activity is null
03-02 11:22:30.364 14013 14013 D VRI[LauncherMinusOneScreen]: visibilityChanged oldVisibility=false newVisibility=true
03-02 11:22:30.364  2363  2477 D MiuiFreeformModeCornerTipHandler: task#37027 onTaskVanished
03-02 11:22:30.364  2363  2477 I MiuiBubbleController: removeBubble: 37027 reason=2
03-02 11:22:30.365  2363  2477 I MultiTaskingTaskInfo: before call clearMaskControl task id = 37027, CoverLayerController = null, callers=com.android.wm.shell.multitasking.taskmanager.MultiTaskingTaskListener.onTaskInfoChanged:268 com.android.wm.shell.ShellTaskOrganizer.onTaskInfoChanged:145 android.window.TaskOrganizer$1.lambda$onTaskInfoChanged$7:322 android.window.TaskOrganizer$1.$r8$lambda$WEHIPeFifg1My6LbK9dElRxchX4:0 android.window.TaskOrganizer$1$$ExternalSyntheticLambda7.run:0 
03-02 11:22:30.365  2363  2477 I MultiTaskingTaskRepository: onTaskInfoChanged multi list = [5, 4], full = [37037, 37027, 37019, 36980]
03-02 11:22:30.365  1621  1648 D Aurogon :  uid = 10165 switch to FG
03-02 11:22:30.365  2363  2477 D MiuiFreeformModeController: onFocusTaskChanged taskInfo: TaskInfo{userId=0 taskId=37027 displayId=0 isRunning=true baseIntent=Intent { flg=0x14850000 pkg=com.google.android.googlequicksearchbox cmp=com.google.android.googlequicksearchbox/com.google.android.apps.search.assistant.surfaces.voice.robin.ui.floaty.activity.FloatyActivity } baseActivity=ComponentInfo{com.google.android.googlequicksearchbox/com.google.android.apps.search.assistant.surfaces.voice.robin.ui.floaty.activity.FloatyActivity} topActivity=ComponentInfo{com.google.android.googlequicksearchbox/com.google.android.apps.search.assistant.surfaces.voice.robin.ui.floaty.activity.FloatyActivity} origActivity=null realActivity=ComponentInfo{com.google.android.googlequicksearchbox/com.google.android.apps.search.assistant.surfaces.voice.robin.ui.floaty.activity.FloatyActivity} numActivities=1 lastActiveTime=1029909772 supportsSplitScreenMultiWindow=true supportsMultiWindow=true resizeMode=2 isResizeable=true minWidth=-1 minHeight=-1 defaultMinSize=200 token=WCT{android.window.IWindowContainerToken$Stub$Proxy@89c0852} topActivityType=1 pictureInPictureParams=null shouldDockBigOverlays=false launchIntoPipHostTaskId=-1 lastParentTaskIdBeforePip=-1 displayCutoutSafeInsets=null topActivityInfo=ActivityInfo{664b723 com.google.android.apps.search.assistant.surfaces.voice.robin.ui.floaty.activity.FloatyActivity} launchCookies=[] positionInParent=Point(0, 0) parentTaskId=-1 isFocused=true isVisible=false isVisibleRequested=true isSleeping=false locusId=null displayAreaFeatureId=1 isTopActivityTransparent=true appCompatTaskInfo=AppCompatTaskInfo { topActivityInSizeCompat=false topActivityEligibleForLetterboxEducation= falseisLetterboxEducationEnabled= false isLetterboxDoubleTapEnabled= false topActivityEligibleForUserAspectRatioButton= false topActivityBoundsLetterboxed= false isFromLetterboxDoubleTap= false topActivityLetterboxVerticalPosition= -1 topActivityLetterboxHorizontalPosition= -1 topActivityLetterboxWidth=1080 topActivityLetterboxHeight=2460 isUserFullscreenOverrideEnabled=false isSystemFullscreenOverrideEnabled=false cameraCompatTaskInfo=CameraCompatTaskInfo { cameraCompatControlState=hidden freeformCameraCompatMode=inactive}} isImmersive=false mTopActivityRequestOrientation=-2 mBehindAppLockPkg=null mOriginatingUid=0 isEmbedded=false shouldBeVisible=true mIsCastMode=false mTopActivityMediaSize=null mTopActivityRecordName=ActivityRecord{6d71709 u0 com.google.android.googlequicksearchbox/com.google.android.apps.search.assistant.surfaces.voice.robin.ui.floaty.activity.FloatyActivity t37027} mTopActivityOrientation=-1}
03-02 11:22:30.366  1621  1651 I ActivityTaskManager: visible for Task{19fcca #37037 type=standard A=10337:com.softnation.Ojam} visible = true isAnimating = false TRANSITION = false PARENTS = false CHILDREN = false
03-02 11:22:30.367  1621  1907 D MiuiMultiWindowUtils: DeviceLevel.IS_MIUI_LITE_VERSION 2.0 not support miui multiWindowtides
03-02 11:22:30.367   921   921 I BpBinder: onLastStrongRef automatically unlinking death recipients: 
03-02 11:22:30.367  1621  1651 D SurfaceComposerClient: Transaction::apply InputWindowCommands.focusRequests timestamp=612143912665639, windowName=<null>
03-02 11:22:30.367  1621  1907 D BluetoothAdapter: getActiveDevices(profile= A2DP)
03-02 11:22:30.368  6027 28224 I ProcessMonitor: onForegroundInfoChanged: ForegroundInfo{mForegroundPackageName='com.google.android.googlequicksearchbox', mForegroundUid=10165, mForegroundPid=13966, mLastForegroundPackageName='com.softnation.Ojam', mLastForegroundUid=10337, mLastForegroundPid=17988, mMultiWindowForegroundPackageName='com.google.android.googlequicksearchbox', mMultiWindowForegroundUid=10165, mFlags=0}
03-02 11:22:30.369  6027 28224 I VideoBoxUtils: isSupportVideoBox: false
03-02 11:22:30.369  2363  2477 D OneHandedController: stopOneHanded state is 0
03-02 11:22:30.369  6027 28224 I VideoToolBoxService: vtb is closed!!!
03-02 11:22:30.369  6027 26949 D v1      : myUserId = 0	currentUserId0
03-02 11:22:30.370  1621  1651 D MiuiRefreshRatePolicy: reset
03-02 11:22:30.370   921   921 I MI-SF   : surfaceflinger setAffinity mode=0
03-02 11:22:30.371   921   921 E MI-SF   : surfaceflinger setAffinity success
03-02 11:22:30.371  1621  1651 I BLASTSyncEngine: SyncGroup 10168:  Unfinished container:ActivityRecord{9880759 u0 com.miui.home/.launcher.Launcher t2}
03-02 11:22:30.371  1621  1651 I BLASTSyncEngine: isActivitySyncFinished isSyncFinished false ActivityRecord{9880759 u0 com.miui.home/.launcher.Launcher t2}
03-02 11:22:30.372  1621  4289 I SmartPower: com.mi.globalminusscreen/10162(11917): idle->visible(142056ms) R(become visible) adj=100.
03-02 11:22:30.373  1621  4230 W ProcessStats: Tracking association SourceState{ef0c327 com.mi.globalminusscreen/10162 BTop #1376197} whose proc state 2 is better than process ProcessState{32b3553 com.miui.analytics/10168 pkg=com.miui.analytics} proc state 3 (5 skipped)
03-02 11:22:30.373  1621  1650 D ActivityManager: mediaResourceManagerBinder get success
03-02 11:22:30.373  1124  2136 D ResourceManagerServiceNew: update package name: com.google.android.googlequicksearchbox
03-02 11:22:30.373   921  1170 I BufferQueueDebug: [LauncherOverlayWindow:com.mi.globalminusscreen#134115](this:0xb400007bcecdeca8,id:-1,api:0,p:-1,c:-1) BufferQueue core=(921:/system/bin/surfaceflinger)
03-02 11:22:30.374  6515 10078 D PerfEngineController: ForegroundInfo{mForegroundPackageName='com.google.android.googlequicksearchbox', mForegroundUid=10165, mForegroundPid=13966, mLastForegroundPackageName='com.softnation.Ojam', mLastForegroundUid=10337, mLastForegroundPid=17988, mMultiWindowForegroundPackageName='com.google.android.googlequicksearchbox', mMultiWindowForegroundUid=10165, mFlags=0}
03-02 11:22:30.375 13966 13966 I azdq    : #onStart (PageContainer)
03-02 11:22:30.376 13966 13966 W WindowOnBackDispatcher: OnBackInvokedCallback is not enabled for the application.
03-02 11:22:30.376 13966 13966 W WindowOnBackDispatcher: Set 'android:enableOnBackInvokedCallback="true"' in the application manifest.
03-02 11:22:30.377 13966 13966 I bgat    : [hasSecondaryDisplayAndMainDisplayIsDisabled] Main display is ON
03-02 11:22:30.378  1124  2136 D ResourceManagerServiceNew: packageName: com.google.android.googlequicksearchbox, uid : 10165, hashCode : 23530812
03-02 11:22:30.378  1621  4289 D MiuiRefreshRatePolicy: reset
03-02 11:22:30.378 13966 13966 I bgat    : [hasSecondaryDisplayAndMainDisplayIsDisabled] Main display is ON
03-02 11:22:30.378  1621  1907 D BluetoothAdapter: getActiveDevices(profile= HEADSET)
03-02 11:22:30.378  1124  2136 D ResourceManagerServiceNew: ResourceManagerService::setCodecsVppModeWithLock
03-02 11:22:30.379  1124  2136 D ResourceManagerServiceNew: all codecs setVppMode return fail
03-02 11:22:30.379  1621  4289 I BLASTSyncEngine: SyncGroup 10168:  Unfinished container:ActivityRecord{9880759 u0 com.miui.home/.launcher.Launcher t2}
03-02 11:22:30.379  1621  4289 I BLASTSyncEngine: isActivitySyncFinished isSyncFinished false ActivityRecord{9880759 u0 com.miui.home/.launcher.Launcher t2}
03-02 11:22:30.381  1621  1907 D BluetoothAdapter: getActiveDevices(profile= LE_AUDIO)
03-02 11:22:30.381  1621  4230 E ClipboardServiceI: removeActivePermissionOwnerForPackage: mPrimaryClipPackage is null or get is null
03-02 11:22:30.381 13966 13966 I bgat    : [hasSecondaryDisplayAndMainDisplayIsDisabled] Main display is ON
03-02 11:22:30.382  1621  1842 I MiuiNetworkPolicy: updateUidState uid = 99351, uidState = 3
03-02 11:22:30.382  1621  4289 I WindowManager: Relayout Window{ff9cdea u0 LauncherOverlayWindow:com.mi.globalminusscreen}: oldVis=8 newVis=0 focusMayChange = true requestedWidth = 1080 requestedHeight = 2460 outFrames = ClientWindowFrames{frame=[0,0][1080,2460] display=[0,0][1080,2460] parentFrame=[0,0][0,0]} outSurfaceControl = Surface(name=LauncherOverlayWindow:com.mi.globalminusscreen#134115)/@0x61606d3
03-02 11:22:30.383  1621  1651 I ActivityTaskManager: visible for Task{19fcca #37037 type=standard A=10337:com.softnation.Ojam} visible = true isAnimating = false TRANSITION = false PARENTS = false CHILDREN = false
03-02 11:22:30.386  1621  1842 I MiuiNetworkPolicy: updateUidState uid = 10261, uidState = 3
03-02 11:22:30.386  1999  1817 D EventBus: No subscribers registered for event class com.miui.home.recents.messages.RecentTasksChangedEvent
03-02 11:22:30.386  1621  1842 I MiuiNetworkPolicy: updateUidState uid = 10200, uidState = 3
03-02 11:22:30.386  1999  1817 D EventBus: No subscribers registered for event class org.greenrobot.eventbus.NoSubscriberEvent
03-02 11:22:30.386  1621  1842 I MiuiNetworkPolicy: updateUidState uid = 10181, uidState = 3
03-02 11:22:30.386  1621  1842 I MiuiNetworkPolicy: updateUidState uid = 10168, uidState = 3
03-02 11:22:30.386  1621  1842 I MiuiNetworkPolicy: updateUidState uid = 10166, uidState = 2
03-02 11:22:30.386  1621  1842 I MiuiNetworkPolicy: updateUidState uid = 10165, uidState = 2
03-02 11:22:30.386  1621  1842 I MiuiNetworkPolicy: updateUidState uid = 10162, uidState = 3
03-02 11:22:30.386  1621  1842 I MiuiNetworkPolicy: updateUidState uid = 10147, uidState = 3
03-02 11:22:30.386  1999  2684 D RecentsModel: onTaskStackChangedBackground    MSG_TASK_STACK_CHANGE
03-02 11:22:30.386  1999  2684 D RecentsModel: boostTaskStackChangedThread once, tid=2684, recentResourceLoaderTid=2525
03-02 11:22:30.387  1999  2684 W MiBridge: Permission not granted !!
03-02 11:22:30.387  1999  2684 D Launcher.Boost: setDynamicVIPTaskIfNeeded::tid = 2684 duration = 500
03-02 11:22:30.388 18562 29326 E BluetoothAdapterService: getActiveDevices: LeAudioService is null
03-02 11:22:30.388  1621  1907 D AudioSystem: +setParameters(): foregroundUid=10165;bluetoothlowlatencystatus=false 
03-02 11:22:30.388  1621  4238 I ATMSImpl: cacheTasksForDefaultDisplay size=4
03-02 11:22:30.388  1621  1907 D AudioSystem: start get log level!
03-02 11:22:30.389 13966  4699 I ayzy    : (REDACTED) buildNewState: %s, %s
03-02 11:22:30.390 13966  4699 I azad    : #sendHideEvent
03-02 11:22:30.390   843 24566 D AudioALSAHardware: +setParameters(): bluetoothlowlatencystatus=false;foregroundUid=10165
03-02 11:22:30.390  1621  2194 I ATMSImpl: cacheTasksForDefaultDisplay size=4
03-02 11:22:30.390 13966 14010 I ayzy    : (REDACTED) #processEvent: %s
03-02 11:22:30.390   843 24566 D AudioALSAHardware: -setParameters(): bluetoothlowlatencystatus=false;foregroundUid=10165
03-02 11:22:30.390   843 24566 E AHAL_Module: setVendorParameters: default: unrecognized parameter "bluetoothlowlatencystatus=false;foregroundUid=10165"
03-02 11:22:30.390  1621  4230 D WindowManager: Set transition=TransitionRecord{42dbe37 id=10168 type=CLOSE flags=0x0}, ready=true, SyncId=10168 
03-02 11:22:30.391   894  1023 E ConversionHelperAidl: Function: parseAndSetVendorParameters Line: 97 Failed 
03-02 11:22:30.391 11917 11917 D BufferQueueConsumer: [](id:2e8d0000002a,api:0,p:-1,c:11917) connect: controlledByApp=false
03-02 11:22:30.391  1621  4230 D WindowManager: Set transition=TransitionRecord{42dbe37 id=10168 type=CLOSE flags=0x0}, ready=true, SyncId=10168 
03-02 11:22:30.392  1621  4230 I AppsFilter: interaction: PackageSetting{131896e com.android.microdroid.empty_payload/10255} -> PackageSetting{6a0ef0e com.softnation.Ojam/10337} BLOCKED
03-02 11:22:30.392  1621  4230 W ActivityManager: Invalid packageName: com.softnation.Ojam
03-02 11:22:30.393   843 24566 D AHAL_ModuleBluetooth: setVendorParameters: parameter count 1, async: 0
03-02 11:22:30.393   843 24566 D AHAL_ModuleBluetooth: setVendorParameters: bluetoothlowlatencystatus=false;foregroundUid=10165
03-02 11:22:30.394 11917 11917 D BLASTBufferQueue: [VRI[globalminusscreen]#42](f:0,a:0) constructor()
03-02 11:22:30.394 11917 11917 D BLASTBufferQueue: [VRI[globalminusscreen]#42](f:0,a:0) update width=1080 height=2460 format=-2 mTransformHint=0
03-02 11:22:30.394  1621  2194 I SmartPower: com.google.android.googlequicksearchbox:googleapp/10165(14013): invisible->visible(37ms) R(become visible) adj=800.
03-02 11:22:30.396  1999  2684 D RecentsModel: getRunningTask ignoreActivityType : 2 ,ignoreWindowMode:5
03-02 11:22:30.396  1999  2684 W RecentsModel: getRunningTask   taskInfo=TaskInfo{userId=0 taskId=37027 displayId=0 isRunning=true baseIntent=Intent { flg=0x14850000 pkg=com.google.android.googlequicksearchbox cmp=com.google.android.googlequicksearchbox/com.google.android.apps.search.assistant.surfaces.voice.robin.ui.floaty.activity.FloatyActivity } baseActivity=ComponentInfo{com.google.android.googlequicksearchbox/com.google.android.apps.search.assistant.surfaces.voice.robin.ui.floaty.activity.FloatyActivity} topActivity=ComponentInfo{com.google.android.googlequicksearchbox/com.google.android.apps.search.assistant.surfaces.voice.robin.ui.floaty.activity.FloatyActivity} origActivity=null realActivity=ComponentInfo{com.google.android.googlequicksearchbox/com.google.android.apps.search.assistant.surfaces.voice.robin.ui.floaty.activity.FloatyActivity} numActivities=1 lastActiveTime=1029909812 supportsSplitScreenMultiWindow=true supportsMultiWindow=true resizeMode=2 isResizeable=true minWidth=-1 minHeight=-1 defaultMinSize=200 token=WCT{android.window.IWindowContainerToken$Stub$Proxy@4f7ae1a} topActivityType=1 pictureInPictureParams=null shouldDockBigOverlays=false launchIntoPipHostTaskId=-1 lastParentTaskIdBeforePip=-1 displayCutoutSafeInsets=null topActivityInfo=ActivityInfo{69d3d4b com.google.android.apps.search.assistant.surfaces.voice.robin.ui.floaty.activity.FloatyActivity} launchCookies=[] positionInParent=Point(0, 0) parentTaskId=-1 isFocused=true isVisible=false isVisibleRequested=true isSleeping=false locusId=null displayAreaFeatureId=1 isTopActivityTransparent=true appCompatTaskInfo=AppCompatTaskInfo { topActivityInSizeCompat=false topActivityEligibleForLetterboxEducation= falseisLetterboxEducationEnabled= false isLetterboxDoubleTapEnabled= false topActivityEligibleForUserAspectRatioButton= false topActivityBoundsLetterboxed= false isFromLetterboxDoubleTap= false topActivityLetterboxVerticalPosition= -1 topActivityLetterboxHorizontalPosition= -1 topActivityLetterboxWidth=1080 topActivityLetterboxHeight=2460 isUserFullscreenOverrideEnabled=false isSystemFullscreenOverrideEnabled=false cameraCompatTaskInfo=CameraCompatTaskInfo { cameraCompatControlState=hidden freeformCameraCompatMode=inactive}} isImmersive=false mTopActivityRequestOrientation=-2 mBehindAppLockPkg=null mOriginatingUid=0 isEmbedded=false shouldBeVisible=true mIsCastMode=false mTopActivityMediaSize=null mTopActivityRecordName=ActivityRecord{6d71709 u0 com.google.android.googlequicksearchbox/com.google.android.apps.search.assistant.surfaces.voice.robin.ui.floaty.activity.FloatyActivity t37027} mTopActivityOrientation=-1}
03-02 11:22:30.396   921   921 D SurfaceFlinger: Focus addInputWindowCommands timestamp=612143912665639, windowName=<null>
03-02 11:22:30.396  1999  2684 D RecentsModel: preloadRecents runningTaskId:37027, mCurrentRunningTaskId:-1, mRecentsTaskLoadPlan=com.android.systemui.shared.recents.model.RecentsTaskLoadPlan@ca22328
03-02 11:22:30.398   921  1166 I BufferQueueDebug: [LauncherMinusOneScreen#134116](this:0xb400007bcecb4138,id:-1,api:0,p:-1,c:-1) BufferQueue core=(921:/system/bin/surfaceflinger)
03-02 11:22:30.401   921  1483 D SurfaceFlinger: updateWinowInfo=1, setFocusedWindow timestamp=612143912665639, windowName=<null>
03-02 11:22:30.404  1621  2194 D MiuiRefreshRatePolicy: reset
03-02 11:22:30.405  1621  2194 I BLASTSyncEngine: SyncGroup 10168:  Unfinished container:ActivityRecord{9880759 u0 com.miui.home/.launcher.Launcher t2}
03-02 11:22:30.405  1621  2194 I BLASTSyncEngine: isActivitySyncFinished isSyncFinished false ActivityRecord{9880759 u0 com.miui.home/.launcher.Launcher t2}
03-02 11:22:30.405  2350  2350 D CarrierSvcBindHelper: onHandleForceStop: [com.softnation.Ojam]
03-02 11:22:30.406  1621  1621 I NotificationService: Cancel FGS notification CallingUid: 10337 CallingPid: 0 Pkg: com.softnation.Ojam Id:1001 Tag:null UserId:0 MustHaveFlags:0 MustNotHaveFlags:0 Reason:8 foregroundNotiWhen:1772446883101 foregroundNotiFlags:104 foregroundNotiChannelId:default_channel_id
03-02 11:22:30.406  1999  2684 E ActivityManagerWrapper: get all recent tasks force including 37027
03-02 11:22:30.407  2350  2350 D CarrierSvcBindHelper: No carrier app for: 0
03-02 11:22:30.407  2350  2350 D CarrierSvcBindHelper: No carrier app for: 1
03-02 11:22:30.407  1621  2194 I WindowManager: Relayout Window{c20b10a u0 LauncherMinusOneScreen}: oldVis=8 newVis=0 focusMayChange = true requestedWidth = 1080 requestedHeight = 2460 outFrames = ClientWindowFrames{frame=[0,0][1080,2460] display=[0,0][1080,2460] parentFrame=[0,0][0,0]} outSurfaceControl = Surface(name=LauncherMinusOneScreen#134116)/@0x70d7d4b
03-02 11:22:30.409 18562 29326 D BluetoothLatencyMode: ForegroundInfo{mForegroundPackageName='com.google.android.googlequicksearchbox', mForegroundUid=10165, mForegroundPid=13966, mLastForegroundPackageName='com.softnation.Ojam', mLastForegroundUid=10337, mLastForegroundPid=17988, mMultiWindowForegroundPackageName='com.google.android.googlequicksearchbox', mMultiWindowForegroundUid=10165, mFlags=0}
03-02 11:22:30.409 18562 29326 W LeAudioService: getLeAudioService(): service is NULL
03-02 11:22:30.409 18562 29326 D BluetoothLatencyMode: isWiredAudioHeadset.type: 1
03-02 11:22:30.410 18562 29326 D BluetoothLatencyMode: isWiredAudioHeadset.type: 2
03-02 11:22:30.410 18562 29326 D BluetoothLatencyMode: isWiredAudioHeadset.type: 18
03-02 11:22:30.410 18562 29326 D BluetoothLatencyMode: isWiredAudioHeadset.type: 14
03-02 11:22:30.410 11917 11917 D VRI[globalminusscreen]: vri.reportNextDraw android.view.ViewRootImpl.performTraversals:4984 android.view.ViewRootImpl.doTraversal:3564 android.view.ViewRootImpl$TraversalRunnable.run:11781 android.view.Choreographer$CallbackRecord.run:1804 android.view.Choreographer$CallbackRecord.run:1813 
03-02 11:22:30.410 11917 11917 D VRI[globalminusscreen]: Setup new sync=wmsSync-VRI[globalminusscreen]#84
03-02 11:22:30.412  1621  1651 I ActivityTaskManager: visible for Task{19fcca #37037 type=standard A=10337:com.softnation.Ojam} visible = true isAnimating = false TRANSITION = false PARENTS = false CHILDREN = false
03-02 11:22:30.412 14013 14013 D BufferQueueConsumer: [](id:36bd00000015,api:0,p:-1,c:14013) connect: controlledByApp=false
03-02 11:22:30.412  6515  6997 D MilletUtils: setUidState, uid = 10165 allow = true
03-02 11:22:30.413  1621  4238 D MiSensorServiceImpl: PowerKeeperSensor resume iUid:10165 but app has not in Controlled
03-02 11:22:30.415 14013 14013 D BLASTBufferQueue: [VRI[LauncherMinusOneScreen]#21](f:0,a:0) constructor()
03-02 11:22:30.415 14013 14013 D BLASTBufferQueue: [VRI[LauncherMinusOneScreen]#21](f:0,a:0) update width=1080 height=2460 format=-2 mTransformHint=0
03-02 11:22:30.416 11917 11940 D LauncherOverlay: setActivityState:1
03-02 11:22:30.417  1999  1999 D Launcher: Launcher.DeviceConfig onStart bounds = Rect(0, 0 - 1080, 2460)
03-02 11:22:30.417  1621  1651 I ActivityTaskManager: visible for Task{19fcca #37037 type=standard A=10337:com.softnation.Ojam} visible = true isAnimating = false TRANSITION = false PARENTS = false CHILDREN = false
03-02 11:22:30.424  2363  2363 D NotificationMediaManager: Not dismissing 0|com.softnation.Ojam|1001|null|10337 because it was removed by the system
03-02 11:22:30.424   921  1170 I BufferQueueDebug: [com.miui.home/com.miui.home.launcher.Launcher#134117](this:0xb400007bcecc8028,id:-1,api:0,p:-1,c:-1) BufferQueue core=(921:/system/bin/surfaceflinger)
03-02 11:22:30.425  2363  2363 D MiuiMediaControlPanel: removeListener
03-02 11:22:30.427  1621  4230 D MiuiRefreshRatePolicy: reset
03-02 11:22:30.428 14013 14013 D VRI[LauncherMinusOneScreen]: vri.reportNextDraw android.view.ViewRootImpl.performTraversals:4984 android.view.ViewRootImpl.doTraversal:3564 android.view.ViewRootImpl$TraversalRunnable.run:11781 android.view.Choreographer$CallbackRecord.run:1804 android.view.Choreographer$CallbackRecord.run:1813 
03-02 11:22:30.428 14013 14013 D VRI[LauncherMinusOneScreen]: Setup new sync=wmsSync-VRI[LauncherMinusOneScreen]#44
03-02 11:22:30.429  1621  4230 I BLASTSyncEngine: SyncGroup 10168:  Unfinished container:ActivityRecord{9880759 u0 com.miui.home/.launcher.Launcher t2}
03-02 11:22:30.429  1621  4230 I BLASTSyncEngine: isActivitySyncFinished isSyncFinished false ActivityRecord{9880759 u0 com.miui.home/.launcher.Launcher t2}
03-02 11:22:30.429  1621  4238 D ConnectivityService: requestNetwork for uid/pid:10165/13966 activeRequest: null callbackRequest: 242514 [NetworkRequest [ REQUEST id=242515, [ Capabilities: INTERNET&NOT_RESTRICTED&TRUSTED&NOT_VCN_MANAGED&NOT_BANDWIDTH_CONSTRAINED Uid: 10165 RequestorUid: 10165 RequestorPkg: com.google.android.googlequicksearchbox UnderlyingNetworks: Null] ]] callback flags: 0 order: 2147483647 isUidTracked: false declaredMethods: AVAIL|LOST
03-02 11:22:30.430   921  1170 D MI-SF   : updateScene: module = 258 (TpIdle), value = 1, pkg = com.google.android.googlequicksearchbox
03-02 11:22:30.431   921  1170 D MI-SF   : updateScene mSetTpIdleFlag 1
03-02 11:22:30.431  6515  6921 D PowerKeeper.Audio: pids 0
03-02 11:22:30.434  1999 17839 D Launcher.Utilities: select screen is:personal_assistant_google
03-02 11:22:30.435 11917 22576 D BLASTBufferQueue: [VRI[globalminusscreen]#42](f:0,a:1) acquireNextBufferLocked size=1080x2460 mFrameNumber=1 applyTransaction=true mTimestamp=612143982226024(auto) mPendingTransactions.size=0 graphicBufferId=51183125266687 transform=0
03-02 11:22:30.437 11917 11917 D VRI[globalminusscreen]: vri.reportDrawFinished
03-02 11:22:30.439  1621  4238 D AppLock_AccessControlImpl: activityResume packageName: com.google.android.googlequicksearchbox userId: 0 enabled: true
03-02 11:22:30.439  1621  4238 D AppLock_AccessControlImpl: activityResume lockMode: 1
03-02 11:22:30.442 13966 13966 D SecurityManager: checkAccessControl flag1
03-02 11:22:30.444 13966 13966 I azdq    : #onResume (PageContainer)
03-02 11:22:30.445 13966 13966 I aoyz    : Starting to execute activity foreground action
03-02 11:22:30.445 13966 13966 I aoyz    : Successfully executed activity foreground action
03-02 11:22:30.446 13966 13966 I aoyz    : Starting to execute activity foreground action
03-02 11:22:30.446 13966 13966 I aoyz    : Successfully executed activity foreground action
03-02 11:22:30.446 13966 13966 I aoyz    : Starting to execute activity foreground action
03-02 11:22:30.446  1621  4230 I WindowManager: Relayout Window{d85ca12 u0 com.miui.home/com.miui.home.launcher.Launcher}: oldVis=8 newVis=0 focusMayChange = true requestedWidth = 1080 requestedHeight = 2460 outFrames = ClientWindowFrames{frame=[0,0][1080,2460] display=[0,0][1080,2460] parentFrame=[0,0][0,0]} outSurfaceControl = Surface(name=com.miui.home/com.miui.home.launcher.Launcher#134117)/@0x59f6f40
03-02 11:22:30.446 13966 13966 I aoyz    : Starting to execute activity foreground action
03-02 11:22:30.446 13966 13966 I aoyz    : Successfully executed activity foreground action
03-02 11:22:30.447 13966 13966 I aoyz    : Starting to execute activity foreground action
03-02 11:22:30.447 13966 13966 I aoyz    : Successfully executed activity foreground action
03-02 11:22:30.447 13966 13966 I aoyz    : Starting to execute activity foreground action
03-02 11:22:30.447 13966 14142 I anhl    : Reading app policies state from PDS
03-02 11:22:30.447 13966 13966 I aoyz    : Successfully executed activity foreground action
03-02 11:22:30.447 13966 13966 I aoyz    : Starting to execute activity foreground action
03-02 11:22:30.447 13966 13966 I amgy    : Triggering freemium quota refresh on startup
03-02 11:22:30.448 13966 13966 I aoyz    : Successfully executed activity foreground action
03-02 11:22:30.448 13966 13966 I aqtu    : Maybe Dispatching intercepted touch
03-02 11:22:30.448 11917 11917 D LauncherOverlay.Window: onStart
03-02 11:22:30.448 13966 13966 I aqtu    : No intercepted taps.
03-02 11:22:30.448 13966 13966 I azdq    : #handleFloatyIntent - FloatyPageContainerFragmentPeer
03-02 11:22:30.448  1999  2684 D ActivityManagerWrapper: groupedRecentTaskInfoCompat.getMainTaskId :37027, isExcluded is True
03-02 11:22:30.449  1999  2684 E ActivityManagerWrapper: getRecentTasksForceIncludingTaskIdIfValid: getRecentTasks: size=4
03-02 11:22:30.449  1999  2684 E ActivityManagerWrapper:  mainTaskId=37027   userId=0   windowMode=1   baseIntent=Intent { act=null flag=344260608 cmp=ComponentInfo{com.google.android.googlequicksearchbox/com.google.android.apps.search.assistant.surfaces.voice.robin.ui.floaty.activity.FloatyActivity} }
03-02 11:22:30.449  1999  2684 E ActivityManagerWrapper:  mainTaskId=37037   userId=0   windowMode=1   baseIntent=Intent { act=null flag=268435456 cmp=ComponentInfo{com.softnation.Ojam/com.softnation.Ojam.MainActivity} }
03-02 11:22:30.449  1999  2684 E ActivityManagerWrapper:  mainTaskId=37019   userId=0   windowMode=1   baseIntent=Intent { act=null flag=268435456 cmp=ComponentInfo{com.whatsapp/com.whatsapp.home.ui.HomeActivity} }
03-02 11:22:30.449  1999  2684 E ActivityManagerWrapper:  mainTaskId=36980   userId=0   windowMode=1   baseIntent=Intent { act=android.intent.action.MAIN flag=270532608 cmp=ComponentInfo{com.twitter.android/com.twitter.android.StartActivity} }
03-02 11:22:30.449 13966 14142 I anhl    : App policies state is still valid
03-02 11:22:30.449 13966 13966 I aznm    : #onResume
03-02 11:22:30.449 13966 13966 I ajvw    : (REDACTED) #onResume %s
03-02 11:22:30.450  1621  2188 D WindowManager: wms.finishDrawingLocked: mDrawState=COMMIT_DRAW_PENDING Window{ff9cdea u0 LauncherOverlayWindow:com.mi.globalminusscreen} in Surface(name=LauncherOverlayWindow:com.mi.globalminusscreen#134115)/@0x3e708c2
03-02 11:22:30.452 13966 13966 I ajpw    : (REDACTED) Primary locale found %s
03-02 11:22:30.452 13966 13966 I djzh    : (REDACTED) isAppDefaultAssistant setting: %s
03-02 11:22:30.453 13966 13966 I djzh    : (REDACTED) isAppDefaultAssistant defaultComponentName: %s
03-02 11:22:30.453 13966 13966 W behj    : (REDACTED) The setting %s has not been set, or the string value is not a number
03-02 11:22:30.453 13966 13966 W behj    : (REDACTED) The setting %s has not been set, or the string value is not a number
03-02 11:22:30.454  1621  1651 D WindowManager: Collecting in transition 10168: WallpaperWindowToken{d3319dd token=android.os.Binder@113b9b4} init visibleRequested:false
03-02 11:22:30.455  1621  1651 D WindowManager: Collecting in transition 10168: WallpaperWindowToken{d3319dd token=android.os.Binder@113b9b4} init visibleRequested:false
03-02 11:22:30.456 13966 13986 D ActivityThread: the event that target app starts is : AppLaunchEvent{mType='441', mProcessName='com.google.android.googlequicksearchbox:search', mPackageName='com.google.android.googlequicksearchbox', mIsMainProcess='false', mVersionCode='301702678', mLaunchTime='2026-03-02'}
03-02 11:22:30.458  1621  1651 D WindowManager: Collecting in transition 10168: WallpaperWindowToken{2d6d85a token=android.os.Binder@8dfa005} init visibleRequested:false
03-02 11:22:30.458  1621  1651 D WindowManager: Collecting in transition 10168: WallpaperWindowToken{2d6d85a token=android.os.Binder@8dfa005} init visibleRequested:false
03-02 11:22:30.459  1999  1999 D BufferQueueConsumer: [](id:7cf00000579,api:0,p:-1,c:1999) connect: controlledByApp=false
03-02 11:22:30.460  4243 11389 W MQSEventManager: occur
03-02 11:22:30.461 13966 13966 I bgat    : [hasSecondaryDisplayAndMainDisplayIsDisabled] Main display is ON
03-02 11:22:30.461 13966 13966 I bgat    : [hasSecondaryDisplayAndMainDisplayIsDisabled] Main display is ON
03-02 11:22:30.462 13966 13966 I bgat    : [hasSecondaryDisplayAndMainDisplayIsDisabled] Main display is ON
03-02 11:22:30.462  1621  1651 D MiuiRefreshRatePolicy: reset
03-02 11:22:30.462  1999  1999 D BLASTBufferQueue: [VRI[Launcher]#1201](f:0,a:0) constructor()
03-02 11:22:30.462 13966 13966 I bgat    : [hasSecondaryDisplayAndMainDisplayIsDisabled] Main display is ON
03-02 11:22:30.462  1999  1999 D BLASTBufferQueue: [VRI[Launcher]#1201](f:0,a:0) update width=1080 height=2460 format=1 mTransformHint=0
03-02 11:22:30.463 13966 13966 I aysr    : (REDACTED) Setting floaty + banner max height to: %s (the maximumContentHeight is: %s, and the extraAllowedHeight is: %s)
03-02 11:22:30.464 13966 13966 I bgat    : [hasSecondaryDisplayAndMainDisplayIsDisabled] Main display is ON
03-02 11:22:30.464 13966 13966 I bgat    : [hasSecondaryDisplayAndMainDisplayIsDisabled] Main display is ON
03-02 11:22:30.465  1621  1651 I BLASTSyncEngine: SyncGroup 10168:  Unfinished container:ActivityRecord{9880759 u0 com.miui.home/.launcher.Launcher t2}
03-02 11:22:30.465  1621  1651 I BLASTSyncEngine: isActivitySyncFinished isSyncFinished false ActivityRecord{9880759 u0 com.miui.home/.launcher.Launcher t2}
03-02 11:22:30.466 14013 14467 D BLASTBufferQueue: [VRI[LauncherMinusOneScreen]#21](f:0,a:1) acquireNextBufferLocked size=1080x2460 mFrameNumber=1 applyTransaction=true mTimestamp=612144014311562(auto) mPendingTransactions.size=0 graphicBufferId=60185376718977 transform=0
03-02 11:22:30.468 14013 14013 D VRI[LauncherMinusOneScreen]: vri.reportDrawFinished
03-02 11:22:30.469  1621  1651 D MiuiRefreshRatePolicy: reset
03-02 11:22:30.469 14013 14013 I brdz    : onStart
03-02 11:22:30.472  1999  1999 D VRI[Launcher]: vri.reportNextDraw android.view.ViewRootImpl.performTraversals:4984 android.view.ViewRootImpl.doTraversal:3564 android.view.ViewRootImpl$TraversalRunnable.run:11781 android.view.Choreographer$CallbackRecord.run:1804 android.view.Choreographer$CallbackRecord.run:1813 
03-02 11:22:30.472  1999  1999 D VRI[Launcher]: Setup new sync=wmsSync-VRI[Launcher]#28
