03-02 11:22:33.031   857   857 D android.hardware.lights-service.mediatek: write 183 to /sys/class/mi_display/disp-DSI-0/brightness_clone, result: 0
03-02 11:22:33.047   857   857 D android.hardware.lights-service.mediatek: write 184 to /sys/class/leds/lcd-backlight/brightness, result: 0
03-02 11:22:33.047   857   857 D android.hardware.lights-service.mediatek: write 184 to /sys/class/mi_display/disp-DSI-0/brightness_clone, result: 0
03-02 11:22:33.054  1621  1676 D SsruManagerImpl: MiSsru Sensor not init!!!!
03-02 11:22:33.054   853   853 I Accelerometer: flush, flushCnt:1
03-02 11:22:33.057   853   923 I Accelerometer: flush complete, flushCnt:0
03-02 11:22:33.064  1621  1918 E HyperSentinel: -------------------------------------------------------
03-02 11:22:33.065  1621  1918 E HyperSentinel: Event_ResidentSize
03-02 11:22:33.065  1621  1918 E HyperSentinel: -> audit event by proc 17991 "usap64": RSS increasement, peak 162084kb -> 243376kb
03-02 11:22:33.065  1621  1917 D MiuiSentinelService: begin judgmentRssLeakException
03-02 11:22:33.065  1621  1917 E MiuiSentinelMemoryManager: getRSSinfo: usap64#17991
03-02 11:22:33.065  1621  1917 D MiuiSentinelMemoryManager: cmdline: usap64, pid: 17991, RSSsize:243376
03-02 11:22:33.066  1621  1917 W MiuiSentinelMemoryManager: The current process type does not meet reporting requirements
03-02 11:22:33.073 17991 17991 W unknown:BridgelessReact: ReactHost{0}.startSurface(surfaceId = 0): Schedule
03-02 11:22:33.073 17991 17991 W unknown:BridgelessReact: ReactHost{0}.attachSurface(surfaceId = 0)
03-02 11:22:33.075 17991 25090 W unknown:BridgelessReact: ReactHost{0}.getOrCreateReactInstanceTask()
03-02 11:22:33.075 17991 25090 W unknown:BridgelessReact: ReactHost{0}.getOrCreateReactInstanceTask(): Start
03-02 11:22:33.076 17991 25090 W unknown:BridgelessReact: ReactHost{0}.getJSBundleLoader()
03-02 11:22:33.076 17991 25090 W unknown:BridgelessReact: ReactHost{0}.isMetroRunning()
03-02 11:22:33.080   857   857 D android.hardware.lights-service.mediatek: write 185 to /sys/class/leds/lcd-backlight/brightness, result: 0
03-02 11:22:33.081   857   857 D android.hardware.lights-service.mediatek: write 185 to /sys/class/mi_display/disp-DSI-0/brightness_clone, result: 0
03-02 11:22:33.095 17991 17991 W libc    : Access denied finding property "ro.vendor.df.effect.conflict"
03-02 11:22:33.097   857   857 D android.hardware.lights-service.mediatek: write 186 to /sys/class/leds/lcd-backlight/brightness, result: 0
03-02 11:22:33.097   857   857 D android.hardware.lights-service.mediatek: write 186 to /sys/class/mi_display/disp-DSI-0/brightness_clone, result: 0
03-02 11:22:33.099  1621  4431 D AppLock_AccessControlImpl: activityResume packageName: com.softnation.Ojam userId: 0 enabled: true
03-02 11:22:33.099  1621  4431 D AppLock_AccessControlImpl: activityResume lockMode: 1
03-02 11:22:33.099 17991 17991 D SecurityManager: checkAccessControl flag1
03-02 11:22:33.101 17991 17991 W unknown:BridgelessReact: ReactHost{0}.onHostResume(activity)
03-02 11:22:33.108 17991 25064 I PowerHalWrapper: PowerHalWrapper.getInstance 
03-02 11:22:33.115 17991 17991 I SurfaceFactory: [static] sSurfaceFactory = com.mediatek.view.impl.SurfaceFactoryImpl@1b5fa0d
03-02 11:22:33.117   921  1587 D SurfaceFlinger: [SF client] NEW(0xb400007cae9fc140) for (17991:com.softnation.Ojam)
03-02 11:22:33.130   857   857 D android.hardware.lights-service.mediatek: write 187 to /sys/class/leds/lcd-backlight/brightness, result: 0
03-02 11:22:33.131   857   857 D android.hardware.lights-service.mediatek: write 187 to /sys/class/mi_display/disp-DSI-0/brightness_clone, result: 0
03-02 11:22:33.131 17991 17991 D MiuiCameraCoveredManager: java.lang.NullPointerException: Attempt to invoke virtual method 'java.lang.String android.provider.MiuiSettings$SettingsCloudData$CloudData.getString(java.lang.String, java.lang.String)' on a null object reference
03-02 11:22:33.132 17991 17991 D FramePredict: init success
03-02 11:22:33.134  1621  4431 W ActivityManager: Permission Denial: getCurrentUser() from pid=17991, uid=10337 requires android.permission.INTERACT_ACROSS_USERS
03-02 11:22:33.135 17991 25103 E FramePredict: registerContentObserver fail
03-02 11:22:33.138 17991 25066 W libc    : Access denied finding property "ro.vendor.display.iris_x7.support"
03-02 11:22:33.138 17991 25091 W unknown:BridgelessReact: ReactHost{0}.isMetroRunning(): Async result = true
03-02 11:22:33.139 17991 25090 W unknown:BridgelessReact: ReactHost{0}.loadJSBundleFromMetro()
03-02 11:22:33.143 17991 17991 I ForceDarkHelperStubImpl: setViewRootImplForceDark: false for com.softnation.Ojam.MainActivity@db08fa, reason: AppDarkModeEnable
03-02 11:22:33.143 17991 17991 D VRI[MainActivity]: hardware acceleration = true, forceHwAccelerated = false
03-02 11:22:33.147   921  1587 D SurfaceFlinger: [SF client] NEW(0xb400007caea5aa60) for (1621:system_server)
03-02 11:22:33.147   857   857 D android.hardware.lights-service.mediatek: write 188 to /sys/class/leds/lcd-backlight/brightness, result: 0
03-02 11:22:33.147   857   857 D android.hardware.lights-service.mediatek: write 188 to /sys/class/mi_display/disp-DSI-0/brightness_clone, result: 0
03-02 11:22:33.148   921  2359 I BufferQueueDebug: [cdb06e5 com.softnation.Ojam/com.softnation.Ojam.MainActivity#134134](this:0xb400007bcec7b1f8,id:-1,api:0,p:-1,c:-1) BufferQueue core=(921:/system/bin/surfaceflinger)
03-02 11:22:33.162 17991 17991 D InputEventReceiver: Input log is disabled in InputEventReceiver.
03-02 11:22:33.164  1621  1651 I ActivityTaskManager: visible for Task{b80c5a9 #37038 type=standard A=10337:com.softnation.Ojam} visible = true isAnimating = false TRANSITION = false PARENTS = false CHILDREN = false
03-02 11:22:33.164  1999  1999 D RecentsImpl: mActivityStateObserver com.softnation.Ojam.MainActivity
03-02 11:22:33.164  1999  1999 W RecentsImpl: onResumed className=com.softnation.Ojam.MainActivity   forceUpdate=false   mIsInAnotherPro=false   isKeyguardLocked=false   mIsStatusBarExpansion=false   mSecuritySpaceGuideShown=false
03-02 11:22:33.166 17991 17991 W Looper  : PerfMonitor looperActivity : package=com.softnation.Ojam/.MainActivity time=0ms latency=417ms  procState=-1  historyMsgCount=5 (msgIndex=1 wall=1553ms seq=3 late=2ms h=android.app.ActivityThread$H w=110) (msgIndex=5 wall=383ms seq=7 late=32ms h=android.app.ActivityThread$H w=159)
03-02 11:22:33.166  1621  1918 E HyperSentinel: -------------------------------------------------------
03-02 11:22:33.166  1621  1918 E HyperSentinel: Event_ThreadAmount
03-02 11:22:33.166  1621  1918 E HyperSentinel: -> audit event by proc 17991 "usap64": running threads amount, 23 -> 45
03-02 11:22:33.166  1621  1917 D MiuiSentinelService: begin judgment ThreadAmountLeakException
03-02 11:22:33.166  1621  1917 E MiuiSentinelMemoryManager: getThreadinfo: usap64#17991
03-02 11:22:33.167  2363  2477 D MiuiFreeformModeCornerTipHandler: task#37027 onTaskVanished
03-02 11:22:33.167  2363  2477 I MiuiBubbleController: removeBubble: 37027 reason=2
03-02 11:22:33.168  2363  2477 I MultiTaskingTaskInfo: before call clearMaskControl task id = 37027, CoverLayerController = null, callers=com.android.wm.shell.multitasking.taskmanager.MultiTaskingTaskListener.onTaskInfoChanged:268 com.android.wm.shell.ShellTaskOrganizer.onTaskInfoChanged:145 android.window.TaskOrganizer$1.lambda$onTaskInfoChanged$7:322 android.window.TaskOrganizer$1.$r8$lambda$WEHIPeFifg1My6LbK9dElRxchX4:0 android.window.TaskOrganizer$1$$ExternalSyntheticLambda7.run:0 
03-02 11:22:33.168  2363  2477 I MultiTaskingTaskRepository: onTaskInfoChanged multi list = [5, 4], full = [37038, 37027, 37019, 36980]
03-02 11:22:33.168  2363  2477 D MultiTaskingTaskRepository: addOrMoveFullscreenTaskToTop taskId=37038
03-02 11:22:33.168  1621  4246 I ATMSImpl: cacheTasksForDefaultDisplay size=5
03-02 11:22:33.168  2363  2477 D MiuiFreeformModeCornerTipHandler: task#37038 onTaskVanished
03-02 11:22:33.168  2363  2477 I MiuiBubbleController: removeBubble: 37038 reason=2
03-02 11:22:33.168  2363  2477 I MultiTaskingTaskRepository: onTaskInfoChanged multi list = [5, 4], full = [37038, 37027, 37019, 36980]
03-02 11:22:33.168  2363  2477 D MiuiFreeformModeController: onFocusTaskChanged taskInfo: TaskInfo{userId=0 taskId=37038 displayId=0 isRunning=true baseIntent=Intent { flg=0x10000000 cmp=com.softnation.Ojam/.MainActivity } baseActivity=ComponentInfo{com.softnation.Ojam/com.softnation.Ojam.MainActivity} topActivity=ComponentInfo{com.softnation.Ojam/com.softnation.Ojam.MainActivity} origActivity=null realActivity=ComponentInfo{com.softnation.Ojam/com.softnation.Ojam.MainActivity} numActivities=1 lastActiveTime=1029912166 supportsSplitScreenMultiWindow=true supportsMultiWindow=true resizeMode=1 isResizeable=true minWidth=-1 minHeight=-1 defaultMinSize=200 token=WCT{android.window.IWindowContainerToken$Stub$Proxy@6761283} topActivityType=1 pictureInPictureParams=null shouldDockBigOverlays=false launchIntoPipHostTaskId=-1 lastParentTaskIdBeforePip=-1 displayCutoutSafeInsets=null topActivityInfo=ActivityInfo{e3bfc00 com.softnation.Ojam.MainActivity} launchCookies=[] positionInParent=Point(0, 0) parentTaskId=-1 isFocused=true isVisible=true isVisibleRequested=true isSleeping=false locusId=null displayAreaFeatureId=1 isTopActivityTransparent=false appCompatTaskInfo=AppCompatTaskInfo { topActivityInSizeCompat=false topActivityEligibleForLetterboxEducation= falseisLetterboxEducationEnabled= false isLetterboxDoubleTapEnabled= false topActivityEligibleForUserAspectRatioButton= false topActivityBoundsLetterboxed= false isFromLetterboxDoubleTap= false topActivityLetterboxVerticalPosition= -1 topActivityLetterboxHorizontalPosition= -1 topActivityLetterboxWidth=1080 topActivityLetterboxHeight=2460 isUserFullscreenOverrideEnabled=false isSystemFullscreenOverrideEnabled=false cameraCompatTaskInfo=CameraCompatTaskInfo { cameraCompatControlState=hidden freeformCameraCompatMode=inactive}} isImmersive=false mTopActivityRequestOrientation=1 mBehindAppLockPkg=null mOriginatingUid=0 isEmbedded=false shouldBeVisible=true mIsCastMode=false mTopActivityMediaSize=null mTopActivityRecordName=ActivityRecord{eb08273 u0 com.softnation.Ojam/.MainActivity t37038} mTopActivityOrientation=1}
03-02 11:22:33.186   857   857 D android.hardware.lights-service.mediatek: write 189 to /sys/class/leds/lcd-backlight/brightness, result: 0
03-02 11:22:33.186   857   857 D android.hardware.lights-service.mediatek: write 189 to /sys/class/mi_display/disp-DSI-0/brightness_clone, result: 0
03-02 11:22:33.195   921  1587 D SurfaceFlinger: [SF client] NEW(0xb400007caea1f3c0) for (17991:com.softnation.Ojam)
03-02 11:22:33.197   857   857 D android.hardware.lights-service.mediatek: write 190 to /sys/class/leds/lcd-backlight/brightness, result: 0
03-02 11:22:33.197   857   857 D android.hardware.lights-service.mediatek: write 190 to /sys/class/mi_display/disp-DSI-0/brightness_clone, result: 0
03-02 11:22:33.199 17991 17991 D MiuiCameraCoveredManager: java.lang.NullPointerException: Attempt to invoke virtual method 'java.lang.String android.provider.MiuiSettings$SettingsCloudData$CloudData.getString(java.lang.String, java.lang.String)' on a null object reference
03-02 11:22:33.200 17991 25066 W libc    : Access denied finding property "ro.vendor.display.iris_x7.support"
03-02 11:22:33.201 17991 17991 I ForceDarkHelperStubImpl: setViewRootImplForceDark: false for com.softnation.Ojam.MainActivity@db08fa, reason: AppDarkModeEnable
03-02 11:22:33.201 17991 17991 D VRI[PopupWindow:ab0dd04]: hardware acceleration = true, forceHwAccelerated = false
03-02 11:22:33.202  1621  4246 W WindowManager: Failed looking up window session=null callers=com.android.server.wm.WindowManagerService.addWindow:1875 com.android.server.wm.Session.addToDisplayAsUser:280 android.view.IWindowSession$Stub.onTransact:697 
03-02 11:22:33.203  1621  4246 W WindowManager: Attempted to add window with token that is not a window: null.  Aborting.
03-02 11:22:33.205 17991 17991 E unknown:ReactNative: Unable to display loading message because react activity isn't active, message: Loading from localhost:8081ΓÇª
03-02 11:22:33.208 17991 17991 D DecorViewImmersiveImpl: onAttachedToWindow:com.softnation.Ojam/com.softnation.Ojam.MainActivity
03-02 11:22:33.217  1621  4246 D CoreBackPreview: Window{cdb06e5 u0 com.softnation.Ojam/com.softnation.Ojam.MainActivity}: Setting back callback OnBackInvokedCallbackInfo{mCallback=android.window.IOnBackInvokedCallback$Stub$Proxy@f0c2d9d, mPriority=0, mIsAnimationCallback=false}
03-02 11:22:33.223   921  2359 I BufferQueueDebug: [com.softnation.Ojam/com.softnation.Ojam.MainActivity#134135](this:0xb400007bcec67308,id:-1,api:0,p:-1,c:-1) BufferQueue core=(921:/system/bin/surfaceflinger)
03-02 11:22:33.226  1621  4246 D MiuiRefreshRatePolicy: reset
03-02 11:22:33.228  1621  4246 W WindowManager: Changing focus from null to Window{cdb06e5 u0 com.softnation.Ojam/com.softnation.Ojam.MainActivity} displayId=0 Callers=com.android.server.wm.RootWindowContainer.updateFocusedWindowLocked:602 com.android.server.wm.WindowManagerService.updateFocusedWindowLocked:7168 com.android.server.wm.WindowManagerService.relayoutWindowInner:3076 com.android.server.wm.WindowManagerService.relayoutWindow:2724 
03-02 11:22:33.229  1621  4246 I whetstone.activity: Power Event callback listener is empty for resId=32
03-02 11:22:33.229  1621  4246 D BatteryStatsManagerStub: notifyEvent for resId=32 used 0ms
03-02 11:22:33.229   921  1587 I BufferQueueDebug: [Surface(name=5b2ee94 StatusBar#103)/@0xf6cf932 - animation-leash of insets_animation#134136](this:0xb400007bcecb6ec8,id:-1,api:0,p:-1,c:-1) BufferQueue core=(921:/system/bin/surfaceflinger)
03-02 11:22:33.230   857   857 D android.hardware.lights-service.mediatek: write 191 to /sys/class/leds/lcd-backlight/brightness, result: 0
03-02 11:22:33.231   857   857 D android.hardware.lights-service.mediatek: write 191 to /sys/class/mi_display/disp-DSI-0/brightness_clone, result: 0
03-02 11:22:33.231   921  2359 I BufferQueueDebug: [Surface(name=77d8129 NavigationBar0#101614)/@0x3faba4f - animation-leash of insets_animation#134137](this:0xb400007bceca2fd8,id:-1,api:0,p:-1,c:-1) BufferQueue core=(921:/system/bin/surfaceflinger)
03-02 11:22:33.232  1621  4246 D WindowManager: wms.Input focus has changed to Window{cdb06e5 u0 com.softnation.Ojam/com.softnation.Ojam.MainActivity} display=0 updateInputWindows = true
03-02 11:22:33.233  1621  4246 I MultiSenceManagerInternalStub: getInstance
03-02 11:22:33.233  1621  1928 I MultiSenceManagerInternalStubImpl: packageName = com.softnation.Ojam
03-02 11:22:33.233  1621  4246 I WindowManager: Relayout Window{cdb06e5 u0 com.softnation.Ojam/com.softnation.Ojam.MainActivity}: oldVis=4 newVis=0 focusMayChange = true requestedWidth = 1080 requestedHeight = 2460 outFrames = ClientWindowFrames{frame=[0,0][1080,2460] display=[0,0][1080,2460] parentFrame=[0,0][0,0]} outSurfaceControl = Surface(name=com.softnation.Ojam/com.softnation.Ojam.MainActivity#134135)/@0x8830699
03-02 11:22:33.233  1621  1928 W ContextImpl: Calling a method in the system process without a qualified user: android.app.ContextImpl.sendBroadcast:1260 com.android.server.wm.MultiSenceManagerInternalStubImpl.sendFocusWindowsBroadcast:148 com.android.server.wm.MultiSenceManagerInternalStubImpl$UpdateScreenStatus.run:98 android.os.Handler.handleCallback:959 android.os.Handler.dispatchMessage:100 
03-02 11:22:33.234  1621  1928 W ActivityManagerServiceImpl: Sending non-protected broadcast com.xiaomi.multisence.action.FOCUSED_CHANGE from system 1621:system/1000 pkg android. Callers=com.android.server.am.ActivityManagerService.checkBroadcastFromSystem:16365 com.android.server.am.ActivityManagerService.broadcastIntentLockedTraced:17236 com.android.server.am.ActivityManagerService.broadcastIntentLocked:16425 com.android.server.am.ActivityManagerService.broadcastIntentWithFeature:17459 android.app.ContextImpl.sendBroadcast:1264 
03-02 11:22:33.237 17991 17991 D BufferQueueConsumer: [](id:464700000000,api:0,p:-1,c:17991) connect: controlledByApp=false
03-02 11:22:33.239 17991 17991 D BLASTBufferQueue: [VRI[MainActivity]#0](f:0,a:0) constructor()
03-02 11:22:33.239 17991 17991 D BLASTBufferQueue: [VRI[MainActivity]#0](f:0,a:0) update width=1080 height=2460 format=-1 mTransformHint=0
03-02 11:22:33.247 17991 17991 D VRI[MainActivity]: vri.reportNextDraw android.view.ViewRootImpl.performTraversals:4984 android.view.ViewRootImpl.doTraversal:3564 android.view.ViewRootImpl$TraversalRunnable.run:11781 android.view.Choreographer$CallbackRecord.run:1804 android.view.Choreographer$CallbackRecord.run:1813 
03-02 11:22:33.247   857   857 D android.hardware.lights-service.mediatek: write 192 to /sys/class/leds/lcd-backlight/brightness, result: 0
03-02 11:22:33.247   857   857 D android.hardware.lights-service.mediatek: write 192 to /sys/class/mi_display/disp-DSI-0/brightness_clone, result: 0
03-02 11:22:33.248  1621  1651 I ActivityTaskManager: visible for Task{b80c5a9 #37038 type=standard A=10337:com.softnation.Ojam} visible = true isAnimating = false TRANSITION = false PARENTS = false CHILDREN = false
03-02 11:22:33.248  1621  1651 D SurfaceComposerClient: Transaction::apply InputWindowCommands.focusRequests timestamp=612146783221331, windowName=cdb06e5 com.softnation.Ojam/com.softnation.Ojam.MainActivity
03-02 11:22:33.266   921   921 D SurfaceFlinger: Focus addInputWindowCommands timestamp=612146783221331, windowName=cdb06e5 com.softnation.Ojam/com.softnation.Ojam.MainActivity
03-02 11:22:33.266   921   921 I SurfaceFlinger: onHandleDestroyed: name=Surface(name=77d8129 NavigationBar0#101614)/@0x3faba4f - animation-leash of insets_animation#134132, layerId=134132, parentId=0
03-02 11:22:33.266   921   921 I SurfaceFlinger: onHandleDestroyed: name=Surface(name=5b2ee94 StatusBar#103)/@0xf6cf932 - animation-leash of insets_animation#134131, layerId=134131, parentId=0
03-02 11:22:33.269   921  1483 D SurfaceFlinger: updateWinowInfo=1, setFocusedWindow timestamp=612146783221331, windowName=cdb06e5 com.softnation.Ojam/com.softnation.Ojam.MainActivity
03-02 11:22:33.280   857   857 D android.hardware.lights-service.mediatek: write 193 to /sys/class/leds/lcd-backlight/brightness, result: 0
03-02 11:22:33.281   857   857 D android.hardware.lights-service.mediatek: write 193 to /sys/class/mi_display/disp-DSI-0/brightness_clone, result: 0
03-02 11:22:33.282   921   921 I BufferQueueDebug: [Surface(name=5b2ee94 StatusBar#103)/@0xf6cf932 - animation-leash of insets_animation#134131](this:0xb400007bcec6fbb8,id:-1,api:0,p:-1,c:921) onDestructor()
03-02 11:22:33.283   921   921 I BufferQueueDebug: [Surface(name=77d8129 NavigationBar0#101614)/@0x3faba4f - animation-leash of insets_animation#134132](this:0xb400007bceccdb48,id:-1,api:0,p:-1,c:921) onDestructor()
03-02 11:22:33.285  1141  7637 E IPCThreadState: Binder transaction failure. id: 355422889, BR_*: 29201, error: -1 (Operation not permitted)
03-02 11:22:33.286  1141  7637 W BpBinder: Large or Failed outgoing transaction of 108 bytes, interface descriptor , code 1
03-02 11:22:33.297   857   857 D android.hardware.lights-service.mediatek: write 194 to /sys/class/leds/lcd-backlight/brightness, result: 0
03-02 11:22:33.298   857   857 D android.hardware.lights-service.mediatek: write 194 to /sys/class/mi_display/disp-DSI-0/brightness_clone, result: 0
03-02 11:22:33.331   857   857 D android.hardware.lights-service.mediatek: write 195 to /sys/class/leds/lcd-backlight/brightness, result: 0
03-02 11:22:33.331   857   857 D android.hardware.lights-service.mediatek: write 195 to /sys/class/mi_display/disp-DSI-0/brightness_clone, result: 0
03-02 11:22:33.347   857   857 D android.hardware.lights-service.mediatek: write 196 to /sys/class/leds/lcd-backlight/brightness, result: 0
03-02 11:22:33.347   857   857 D android.hardware.lights-service.mediatek: write 196 to /sys/class/mi_display/disp-DSI-0/brightness_clone, result: 0
03-02 11:22:33.381   857   857 D android.hardware.lights-service.mediatek: write 197 to /sys/class/leds/lcd-backlight/brightness, result: 0
03-02 11:22:33.381   857   857 D android.hardware.lights-service.mediatek: write 197 to /sys/class/mi_display/disp-DSI-0/brightness_clone, result: 0
03-02 11:22:33.397   857   857 D android.hardware.lights-service.mediatek: write 198 to /sys/class/leds/lcd-backlight/brightness, result: 0
03-02 11:22:33.398   857   857 D android.hardware.lights-service.mediatek: write 198 to /sys/class/mi_display/disp-DSI-0/brightness_clone, result: 0
03-02 11:22:33.407 18562 29326 D BluetoothDevice: getAddress: mAddress=XX:XX:XX:XX:E1:4F
03-02 11:22:33.408 18562 29326 D BluetoothDevice: getAddress: mAddress=XX:XX:XX:XX:94:A5
03-02 11:22:33.408 18562 29326 D BluetoothDevice: getAddress: mAddress=XX:XX:XX:XX:6E:27
03-02 11:22:33.408 18562 29326 D BluetoothDevice: getAddress: mAddress=XX:XX:XX:XX:9D:81
03-02 11:22:33.408 18562 29326 D BluetoothDevice: getAddress: mAddress=XX:XX:XX:XX:EE:F9
03-02 11:22:33.408 18562 29326 D BluetoothDevice: getAddress: mAddress=XX:XX:XX:XX:C8:A7
03-02 11:22:33.408 18562 29326 D BluetoothDevice: getAddress: mAddress=XX:XX:XX:XX:2F:74
03-02 11:22:33.408 18562 29326 D BluetoothDevice: getAddress: mAddress=XX:XX:XX:XX:69:70
03-02 11:22:33.408 18562 29326 D BluetoothDevice: getAddress: mAddress=XX:XX:XX:XX:C0:39
03-02 11:22:33.410 18562 13194 D BluetoothDevice: getAddress: mAddress=XX:XX:XX:XX:E1:4F
03-02 11:22:33.410 18562 13194 D BluetoothDevice: getAddress: mAddress=XX:XX:XX:XX:94:A5
03-02 11:22:33.410 18562 13194 D BluetoothDevice: getAddress: mAddress=XX:XX:XX:XX:6E:27
03-02 11:22:33.410 18562 13194 D BluetoothDevice: getAddress: mAddress=XX:XX:XX:XX:9D:81
03-02 11:22:33.410 18562 13194 D BluetoothDevice: getAddress: mAddress=XX:XX:XX:XX:EE:F9
03-02 11:22:33.410 18562 13194 D BluetoothDevice: getAddress: mAddress=XX:XX:XX:XX:C8:A7
03-02 11:22:33.410 18562 13194 D BluetoothDevice: getAddress: mAddress=XX:XX:XX:XX:2F:74
03-02 11:22:33.410 18562 13194 D BluetoothDevice: getAddress: mAddress=XX:XX:XX:XX:69:70
03-02 11:22:33.410 18562 13194 D BluetoothDevice: getAddress: mAddress=XX:XX:XX:XX:C0:39
03-02 11:22:33.412 18562 13194 D BluetoothDevice: getAddress: mAddress=XX:XX:XX:XX:E1:4F
03-02 11:22:33.413 18562 13194 D BluetoothDevice: getAddress: mAddress=XX:XX:XX:XX:94:A5
03-02 11:22:33.413 18562 13194 D BluetoothDevice: getAddress: mAddress=XX:XX:XX:XX:6E:27
03-02 11:22:33.413 18562 13194 D BluetoothDevice: getAddress: mAddress=XX:XX:XX:XX:9D:81
03-02 11:22:33.413 18562 13194 D BluetoothDevice: getAddress: mAddress=XX:XX:XX:XX:EE:F9
03-02 11:22:33.413 18562 13194 D BluetoothDevice: getAddress: mAddress=XX:XX:XX:XX:C8:A7
03-02 11:22:33.413 18562 13194 D BluetoothDevice: getAddress: mAddress=XX:XX:XX:XX:2F:74
03-02 11:22:33.413 18562 13194 D BluetoothDevice: getAddress: mAddress=XX:XX:XX:XX:69:70
03-02 11:22:33.413 18562 13194 D BluetoothDevice: getAddress: mAddress=XX:XX:XX:XX:C0:39
03-02 11:22:33.430   857   857 D android.hardware.lights-service.mediatek: write 199 to /sys/class/leds/lcd-backlight/brightness, result: 0
03-02 11:22:33.431   857   857 D android.hardware.lights-service.mediatek: write 199 to /sys/class/mi_display/disp-DSI-0/brightness_clone, result: 0
03-02 11:22:33.451   857   857 D android.hardware.lights-service.mediatek: write 200 to /sys/class/leds/lcd-backlight/brightness, result: 0
03-02 11:22:33.451   857   857 D android.hardware.lights-service.mediatek: write 200 to /sys/class/mi_display/disp-DSI-0/brightness_clone, result: 0
03-02 11:22:33.464   857   857 D android.hardware.lights-service.mediatek: write 201 to /sys/class/leds/lcd-backlight/brightness, result: 0
03-02 11:22:33.464   857   857 D android.hardware.lights-service.mediatek: write 201 to /sys/class/mi_display/disp-DSI-0/brightness_clone, result: 0
03-02 11:22:33.497   857   857 D android.hardware.lights-service.mediatek: write 202 to /sys/class/leds/lcd-backlight/brightness, result: 0
03-02 11:22:33.497   857   857 D android.hardware.lights-service.mediatek: write 202 to /sys/class/mi_display/disp-DSI-0/brightness_clone, result: 0
03-02 11:22:33.513  1201  1298 D AALService: [CRTC_114] onALIChanged: 35 -> 25
03-02 11:22:33.514   857   857 D android.hardware.lights-service.mediatek: write 203 to /sys/class/leds/lcd-backlight/brightness, result: 0
03-02 11:22:33.514   857   857 D android.hardware.lights-service.mediatek: write 203 to /sys/class/mi_display/disp-DSI-0/brightness_clone, result: 0
03-02 11:22:33.547   857   857 D android.hardware.lights-service.mediatek: write 204 to /sys/class/leds/lcd-backlight/brightness, result: 0
03-02 11:22:33.547   857   857 D android.hardware.lights-service.mediatek: write 204 to /sys/class/mi_display/disp-DSI-0/brightness_clone, result: 0
03-02 11:22:33.564   857   857 D android.hardware.lights-service.mediatek: write 205 to /sys/class/leds/lcd-backlight/brightness, result: 0
03-02 11:22:33.564   857   857 D android.hardware.lights-service.mediatek: write 205 to /sys/class/mi_display/disp-DSI-0/brightness_clone, result: 0
03-02 11:22:33.581   857   857 D android.hardware.lights-service.mediatek: write 206 to /sys/class/leds/lcd-backlight/brightness, result: 0
03-02 11:22:33.581   857   857 D android.hardware.lights-service.mediatek: write 206 to /sys/class/mi_display/disp-DSI-0/brightness_clone, result: 0
03-02 11:22:33.611  1055  1186 D connsyslogger: SD_LOG_ROOT is /data/debuglogger/connsyslog/fw.
03-02 11:22:33.612  1055  1186 D connsyslogger: systemReady:1
03-02 11:22:33.614   857   857 D android.hardware.lights-service.mediatek: write 207 to /sys/class/leds/lcd-backlight/brightness, result: 0
03-02 11:22:33.614   857   857 D android.hardware.lights-service.mediatek: write 207 to /sys/class/mi_display/disp-DSI-0/brightness_clone, result: 0
03-02 11:22:33.621  1621  1635 I ClipboardServiceI: checkProviderWakePathForClipboard: primaryClip is null
03-02 11:22:33.625 27809 29102 I FontLog : (REDACTED) Received query %s, URI %s
03-02 11:22:33.625 27809 29102 I FontLog : (REDACTED) Query [%s] resolved to %s
03-02 11:22:33.627 27809 29102 I FontLog : (REDACTED) Fetch %s end status %s
03-02 11:22:33.634   857   857 D android.hardware.lights-service.mediatek: write 208 to /sys/class/leds/lcd-backlight/brightness, result: 0
03-02 11:22:33.634 27809 29102 I FontLog : (REDACTED) Pulling font file for id = %d, cache size = %d
03-02 11:22:33.635   857   857 D android.hardware.lights-service.mediatek: write 208 to /sys/class/mi_display/disp-DSI-0/brightness_clone, result: 0
03-02 11:22:33.644 27809 29102 I FontLog : (REDACTED) Pulling font file for id = %d, cache size = %d
03-02 11:22:33.664   857   857 D android.hardware.lights-service.mediatek: write 209 to /sys/class/leds/lcd-backlight/brightness, result: 0
03-02 11:22:33.664   857   857 D android.hardware.lights-service.mediatek: write 209 to /sys/class/mi_display/disp-DSI-0/brightness_clone, result: 0
03-02 11:22:33.681   857   857 D android.hardware.lights-service.mediatek: write 210 to /sys/class/leds/lcd-backlight/brightness, result: 0
03-02 11:22:33.682   857   857 D android.hardware.lights-service.mediatek: write 210 to /sys/class/mi_display/disp-DSI-0/brightness_clone, result: 0
03-02 11:22:33.690   861   947 I libPerfCtl: xgfGetFPS pid:2363 fps:-1
03-02 11:22:33.698   857   857 D android.hardware.lights-service.mediatek: write 211 to /sys/class/leds/lcd-backlight/brightness, result: 0
03-02 11:22:33.698   857   857 D android.hardware.lights-service.mediatek: write 211 to /sys/class/mi_display/disp-DSI-0/brightness_clone, result: 0
03-02 11:22:33.713  1201  1298 D AALService: [CRTC_114] onALIChanged: 25 -> 22
03-02 11:22:33.731   857   857 D android.hardware.lights-service.mediatek: write 212 to /sys/class/leds/lcd-backlight/brightness, result: 0
03-02 11:22:33.731   857   857 D android.hardware.lights-service.mediatek: write 212 to /sys/class/mi_display/disp-DSI-0/brightness_clone, result: 0
03-02 11:22:33.748   857   857 D android.hardware.lights-service.mediatek: write 213 to /sys/class/leds/lcd-backlight/brightness, result: 0
03-02 11:22:33.748   857   857 D android.hardware.lights-service.mediatek: write 213 to /sys/class/mi_display/disp-DSI-0/brightness_clone, result: 0
03-02 11:22:33.764   857   857 D android.hardware.lights-service.mediatek: write 214 to /sys/class/leds/lcd-backlight/brightness, result: 0
03-02 11:22:33.765   857   857 D android.hardware.lights-service.mediatek: write 214 to /sys/class/mi_display/disp-DSI-0/brightness_clone, result: 0
03-02 11:22:33.774  1621  1635 D AS.BtHelper: isBluetoothScoOn() mBluetoothHeadset is null: falsemBluetoothHeadsetDevice is null: true
03-02 11:22:33.774  1621  1635 V AS.AudioDeviceBroker: requestedCommunicationDevice: null mAudioModeOwner: AudioModeInfo: mMode=MODE_NORMAL, mPid=0, mUid=0
03-02 11:22:33.774  1621  1635 D AS.BtHelper: isBluetoothScoOn() mBluetoothHeadset is null: falsemBluetoothHeadsetDevice is null: true
03-02 11:22:33.774  1621  1635 V AS.AudioDeviceBroker: requestedCommunicationDevice: null mAudioModeOwner: AudioModeInfo: mMode=MODE_NORMAL, mPid=0, mUid=0
03-02 11:22:33.798   857   857 D android.hardware.lights-service.mediatek: write 215 to /sys/class/leds/lcd-backlight/brightness, result: 0
03-02 11:22:33.798   857   857 D android.hardware.lights-service.mediatek: write 215 to /sys/class/mi_display/disp-DSI-0/brightness_clone, result: 0
03-02 11:22:33.814   857   857 D android.hardware.lights-service.mediatek: write 216 to /sys/class/leds/lcd-backlight/brightness, result: 0
03-02 11:22:33.815   857   857 D android.hardware.lights-service.mediatek: write 216 to /sys/class/mi_display/disp-DSI-0/brightness_clone, result: 0
03-02 11:22:33.831   857   857 D android.hardware.lights-service.mediatek: write 217 to /sys/class/leds/lcd-backlight/brightness, result: 0
03-02 11:22:33.831   857   857 D android.hardware.lights-service.mediatek: write 217 to /sys/class/mi_display/disp-DSI-0/brightness_clone, result: 0
03-02 11:22:33.864   857   857 D android.hardware.lights-service.mediatek: write 218 to /sys/class/leds/lcd-backlight/brightness, result: 0
03-02 11:22:33.865   857   857 D android.hardware.lights-service.mediatek: write 218 to /sys/class/mi_display/disp-DSI-0/brightness_clone, result: 0
03-02 11:22:33.881   857   857 D android.hardware.lights-service.mediatek: write 219 to /sys/class/leds/lcd-backlight/brightness, result: 0
03-02 11:22:33.881   857   857 D android.hardware.lights-service.mediatek: write 219 to /sys/class/mi_display/disp-DSI-0/brightness_clone, result: 0
03-02 11:22:33.898   857   857 D android.hardware.lights-service.mediatek: write 220 to /sys/class/leds/lcd-backlight/brightness, result: 0
03-02 11:22:33.898   857   857 D android.hardware.lights-service.mediatek: write 220 to /sys/class/mi_display/disp-DSI-0/brightness_clone, result: 0
03-02 11:22:33.901  1621  1922 I SmartPower: com.milink.service:audio/10190(19603): background->idle(3000ms) R(broadcast start Intent { act=android.intent.action.PACKAGE_RESTARTED dat=package: flg=0x4000010 (has extras) }) adj=250.
03-02 11:22:33.914   857   857 D android.hardware.lights-service.mediatek: write 221 to /sys/class/leds/lcd-backlight/brightness, result: 0
03-02 11:22:33.915   857   857 D android.hardware.lights-service.mediatek: write 221 to /sys/class/mi_display/disp-DSI-0/brightness_clone, result: 0
03-02 11:22:33.930   863   935 I ExtendedUtils: [timer_thread_start] epoll wait thread while start
03-02 11:22:33.930   863   935 I ExtendedPerfBoost: [restore_callback_expires] thermalbreak callback
03-02 11:22:33.930   863   935 I ExtendedPerfBoost: [triggerList_update] del one node to freelist
03-02 11:22:33.930   863   935 I ExtendedPerfBoost: [triggerList_update] now trigger boost:0  info
03-02 11:22:33.930   863   935 I ExtendedPerfBoost: [trig_thermalbreak] curr target time is same last target time
03-02 11:22:33.930   863   935 I ExtendedPerfBoost: [setThermalBreak] [setThermalBreak] : boost:0
03-02 11:22:33.948   857   857 D android.hardware.lights-service.mediatek: write 222 to /sys/class/leds/lcd-backlight/brightness, result: 0
03-02 11:22:33.948   857   857 D android.hardware.lights-service.mediatek: write 222 to /sys/class/mi_display/disp-DSI-0/brightness_clone, result: 0
03-02 11:22:33.965   857   857 D android.hardware.lights-service.mediatek: write 223 to /sys/class/leds/lcd-backlight/brightness, result: 0
03-02 11:22:33.965   857   857 D android.hardware.lights-service.mediatek: write 223 to /sys/class/mi_display/disp-DSI-0/brightness_clone, result: 0
03-02 11:22:33.981   857   857 D android.hardware.lights-service.mediatek: write 224 to /sys/class/leds/lcd-backlight/brightness, result: 0
03-02 11:22:33.982   857   857 D android.hardware.lights-service.mediatek: write 224 to /sys/class/mi_display/disp-DSI-0/brightness_clone, result: 0
03-02 11:22:33.983   835   835 I zygote  : Delayed USAP Pool refill. New USAPs: 1
03-02 11:22:34.006   835   835 D Zygote  : Forked child process 25110
03-02 11:22:34.015   857   857 D android.hardware.lights-service.mediatek: write 225 to /sys/class/leds/lcd-backlight/brightness, result: 0
03-02 11:22:34.015   857   857 D android.hardware.lights-service.mediatek: write 225 to /sys/class/mi_display/disp-DSI-0/brightness_clone, result: 0
03-02 11:22:34.031   857   857 D android.hardware.lights-service.mediatek: write 226 to /sys/class/leds/lcd-backlight/brightness, result: 0
03-02 11:22:34.032   857   857 D android.hardware.lights-service.mediatek: write 226 to /sys/class/mi_display/disp-DSI-0/brightness_clone, result: 0
03-02 11:22:34.041 17991 25044 I softnation.Ojam: Compiler allocated 6783KB to compile void android.view.ViewRootImpl.performTraversals()
03-02 11:22:34.048   857   857 D android.hardware.lights-service.mediatek: write 227 to /sys/class/leds/lcd-backlight/brightness, result: 0
03-02 11:22:34.048   857   857 D android.hardware.lights-service.mediatek: write 227 to /sys/class/mi_display/disp-DSI-0/brightness_clone, result: 0
03-02 11:22:34.067   857   857 D android.hardware.lights-service.mediatek: write 228 to /sys/class/leds/lcd-backlight/brightness, result: 0
03-02 11:22:34.067   857   857 D android.hardware.lights-service.mediatek: write 228 to /sys/class/mi_display/disp-DSI-0/brightness_clone, result: 0
03-02 11:22:34.098   857   857 D android.hardware.lights-service.mediatek: write 229 to /sys/class/leds/lcd-backlight/brightness, result: 0
03-02 11:22:34.098   857   857 D android.hardware.lights-service.mediatek: write 229 to /sys/class/mi_display/disp-DSI-0/brightness_clone, result: 0
03-02 11:22:34.113  1201  1298 D AALService: [CRTC_114] onALIChanged: 22 -> 25
03-02 11:22:34.115   857   857 D android.hardware.lights-service.mediatek: write 230 to /sys/class/leds/lcd-backlight/brightness, result: 0
03-02 11:22:34.115   857   857 D android.hardware.lights-service.mediatek: write 230 to /sys/class/mi_display/disp-DSI-0/brightness_clone, result: 0
03-02 11:22:34.131   857   857 D android.hardware.lights-service.mediatek: write 231 to /sys/class/leds/lcd-backlight/brightness, result: 0
03-02 11:22:34.132   857   857 D android.hardware.lights-service.mediatek: write 231 to /sys/class/mi_display/disp-DSI-0/brightness_clone, result: 0
03-02 11:22:34.148   857   857 D android.hardware.lights-service.mediatek: write 232 to /sys/class/leds/lcd-backlight/brightness, result: 0
03-02 11:22:34.148   857   857 D android.hardware.lights-service.mediatek: write 232 to /sys/class/mi_display/disp-DSI-0/brightness_clone, result: 0
03-02 11:22:34.165   857   857 D android.hardware.lights-service.mediatek: write 233 to /sys/class/leds/lcd-backlight/brightness, result: 0
03-02 11:22:34.165   857   857 D android.hardware.lights-service.mediatek: write 233 to /sys/class/mi_display/disp-DSI-0/brightness_clone, result: 0
03-02 11:22:34.198   857   857 D android.hardware.lights-service.mediatek: write 234 to /sys/class/leds/lcd-backlight/brightness, result: 0
03-02 11:22:34.199   857   857 D android.hardware.lights-service.mediatek: write 234 to /sys/class/mi_display/disp-DSI-0/brightness_clone, result: 0
03-02 11:22:34.215   857   857 D android.hardware.lights-service.mediatek: write 235 to /sys/class/leds/lcd-backlight/brightness, result: 0
03-02 11:22:34.215   857   857 D android.hardware.lights-service.mediatek: write 235 to /sys/class/mi_display/disp-DSI-0/brightness_clone, result: 0
03-02 11:22:34.232   857   857 D android.hardware.lights-service.mediatek: write 236 to /sys/class/leds/lcd-backlight/brightness, result: 0
03-02 11:22:34.232   857   857 D android.hardware.lights-service.mediatek: write 236 to /sys/class/mi_display/disp-DSI-0/brightness_clone, result: 0
03-02 11:22:34.248   857   857 D android.hardware.lights-service.mediatek: write 237 to /sys/class/leds/lcd-backlight/brightness, result: 0
03-02 11:22:34.248   857   857 D android.hardware.lights-service.mediatek: write 237 to /sys/class/mi_display/disp-DSI-0/brightness_clone, result: 0
03-02 11:22:34.282   857   857 D android.hardware.lights-service.mediatek: write 238 to /sys/class/leds/lcd-backlight/brightness, result: 0
03-02 11:22:34.282   857   857 D android.hardware.lights-service.mediatek: write 238 to /sys/class/mi_display/disp-DSI-0/brightness_clone, result: 0
03-02 11:22:34.298   857   857 D android.hardware.lights-service.mediatek: write 239 to /sys/class/leds/lcd-backlight/brightness, result: 0
03-02 11:22:34.299   857   857 D android.hardware.lights-service.mediatek: write 239 to /sys/class/mi_display/disp-DSI-0/brightness_clone, result: 0
03-02 11:22:34.315   857   857 D android.hardware.lights-service.mediatek: write 240 to /sys/class/leds/lcd-backlight/brightness, result: 0
03-02 11:22:34.315   857   857 D android.hardware.lights-service.mediatek: write 240 to /sys/class/mi_display/disp-DSI-0/brightness_clone, result: 0
03-02 11:22:34.332   857   857 D android.hardware.lights-service.mediatek: write 241 to /sys/class/leds/lcd-backlight/brightness, result: 0
03-02 11:22:34.332   857   857 D android.hardware.lights-service.mediatek: write 241 to /sys/class/mi_display/disp-DSI-0/brightness_clone, result: 0
03-02 11:22:34.348   857   857 D android.hardware.lights-service.mediatek: write 242 to /sys/class/leds/lcd-backlight/brightness, result: 0
03-02 11:22:34.349   857   857 D android.hardware.lights-service.mediatek: write 242 to /sys/class/mi_display/disp-DSI-0/brightness_clone, result: 0
03-02 11:22:34.365   857   857 D android.hardware.lights-service.mediatek: write 243 to /sys/class/leds/lcd-backlight/brightness, result: 0
03-02 11:22:34.366   857   857 D android.hardware.lights-service.mediatek: write 243 to /sys/class/mi_display/disp-DSI-0/brightness_clone, result: 0
03-02 11:22:34.399   857   857 D android.hardware.lights-service.mediatek: write 244 to /sys/class/leds/lcd-backlight/brightness, result: 0
03-02 11:22:34.399   857   857 D android.hardware.lights-service.mediatek: write 244 to /sys/class/mi_display/disp-DSI-0/brightness_clone, result: 0
03-02 11:22:34.415   857   857 D android.hardware.lights-service.mediatek: write 245 to /sys/class/leds/lcd-backlight/brightness, result: 0
03-02 11:22:34.416   857   857 D android.hardware.lights-service.mediatek: write 245 to /sys/class/mi_display/disp-DSI-0/brightness_clone, result: 0
03-02 11:22:34.432   857   857 D android.hardware.lights-service.mediatek: write 246 to /sys/class/leds/lcd-backlight/brightness, result: 0
03-02 11:22:34.432   857   857 D android.hardware.lights-service.mediatek: write 246 to /sys/class/mi_display/disp-DSI-0/brightness_clone, result: 0
03-02 11:22:34.449   857   857 D android.hardware.lights-service.mediatek: write 247 to /sys/class/leds/lcd-backlight/brightness, result: 0
03-02 11:22:34.450   857   857 D android.hardware.lights-service.mediatek: write 247 to /sys/class/mi_display/disp-DSI-0/brightness_clone, result: 0
03-02 11:22:34.465   857   857 D android.hardware.lights-service.mediatek: write 248 to /sys/class/leds/lcd-backlight/brightness, result: 0
03-02 11:22:34.465   857   857 D android.hardware.lights-service.mediatek: write 248 to /sys/class/mi_display/disp-DSI-0/brightness_clone, result: 0
03-02 11:22:34.482   857   857 D android.hardware.lights-service.mediatek: write 249 to /sys/class/leds/lcd-backlight/brightness, result: 0
03-02 11:22:34.482   857   857 D android.hardware.lights-service.mediatek: write 249 to /sys/class/mi_display/disp-DSI-0/brightness_clone, result: 0
03-02 11:22:34.513  1201  1298 D AALService: [CRTC_114] onALIChanged: 25 -> 18
03-02 11:22:34.515   857   857 D android.hardware.lights-service.mediatek: write 250 to /sys/class/leds/lcd-backlight/brightness, result: 0
03-02 11:22:34.516   857   857 D android.hardware.lights-service.mediatek: write 250 to /sys/class/mi_display/disp-DSI-0/brightness_clone, result: 0
03-02 11:22:34.532   857   857 D android.hardware.lights-service.mediatek: write 251 to /sys/class/leds/lcd-backlight/brightness, result: 0
03-02 11:22:34.533   857   857 D android.hardware.lights-service.mediatek: write 251 to /sys/class/mi_display/disp-DSI-0/brightness_clone, result: 0
03-02 11:22:34.549   857   857 D android.hardware.lights-service.mediatek: write 252 to /sys/class/leds/lcd-backlight/brightness, result: 0
03-02 11:22:34.549   857   857 D android.hardware.lights-service.mediatek: write 252 to /sys/class/mi_display/disp-DSI-0/brightness_clone, result: 0
03-02 11:22:34.563  1621  1922 I SmartPower: com.whatsapp/10300(31638): background->idle(3000ms) R(broadcast start Intent { act=android.intent.action.BATTERY_CHANGED flg=0x60000010 (has extras) }) adj=905.
03-02 11:22:34.565  1621  1922 I SmartPower: com.instagram.android/10301(17840): background->idle(3001ms) R(broadcast start Intent { act=android.intent.action.BATTERY_CHANGED flg=0x60000010 (has extras) }) adj=915.
03-02 11:22:34.565  1621  1922 I SmartPower: com.facebook.stella/10126(18142): background->idle(3000ms) R(broadcast start Intent { act=android.intent.action.BATTERY_CHANGED flg=0x60000010 (has extras) }) adj=925.
03-02 11:22:34.565   857   857 D android.hardware.lights-service.mediatek: write 253 to /sys/class/leds/lcd-backlight/brightness, result: 0
03-02 11:22:34.566   857   857 D android.hardware.lights-service.mediatek: write 253 to /sys/class/mi_display/disp-DSI-0/brightness_clone, result: 0
03-02 11:22:34.568  1621  1922 I SmartPower: com.facebook.katana/10287(23567): background->idle(3002ms) R(broadcast start Intent { act=android.intent.action.BATTERY_CHANGED flg=0x60000010 (has extras) }) adj=915.
03-02 11:22:34.568  1621  1922 I SmartPower: com.android.chrome/10174(24848): background->idle(3001ms) R(broadcast start Intent { act=android.intent.action.BATTERY_CHANGED flg=0x60000010 (has extras) }) adj=905.
03-02 11:22:34.582   857   857 D android.hardware.lights-service.mediatek: write 254 to /sys/class/leds/lcd-backlight/brightness, result: 0
03-02 11:22:34.583   857   857 D android.hardware.lights-service.mediatek: write 254 to /sys/class/mi_display/disp-DSI-0/brightness_clone, result: 0
03-02 11:22:34.599   857   857 D android.hardware.lights-service.mediatek: write 255 to /sys/class/leds/lcd-backlight/brightness, result: 0
03-02 11:22:34.599   857   857 D android.hardware.lights-service.mediatek: write 255 to /sys/class/mi_display/disp-DSI-0/brightness_clone, result: 0
03-02 11:22:34.616   857   857 D android.hardware.lights-service.mediatek: write 256 to /sys/class/leds/lcd-backlight/brightness, result: 0
03-02 11:22:34.616   857   857 D android.hardware.lights-service.mediatek: write 256 to /sys/class/mi_display/disp-DSI-0/brightness_clone, result: 0
03-02 11:22:34.632   857   857 D android.hardware.lights-service.mediatek: write 257 to /sys/class/leds/lcd-backlight/brightness, result: 0
03-02 11:22:34.633   857   857 D android.hardware.lights-service.mediatek: write 257 to /sys/class/mi_display/disp-DSI-0/brightness_clone, result: 0
03-02 11:22:34.665   857   857 D android.hardware.lights-service.mediatek: write 258 to /sys/class/leds/lcd-backlight/brightness, result: 0
03-02 11:22:34.666   857   857 D android.hardware.lights-service.mediatek: write 258 to /sys/class/mi_display/disp-DSI-0/brightness_clone, result: 0
03-02 11:22:34.669  1621  2192 D ActivityManager: getProcessesInErrorState callingUid=10383, CallingPid=13839
03-02 11:22:34.682   857   857 D android.hardware.lights-service.mediatek: write 259 to /sys/class/leds/lcd-backlight/brightness, result: 0
03-02 11:22:34.682   857   857 D android.hardware.lights-service.mediatek: write 259 to /sys/class/mi_display/disp-DSI-0/brightness_clone, result: 0
03-02 11:22:34.690   861   947 I libPerfCtl: xgfGetFPS pid:2363 fps:-1
03-02 11:22:34.699 17991 25091 W unknown:BridgelessReact: ReactHost{0}.loadJSBundleFromMetro(): Creating BundleLoader
03-02 11:22:34.699   857   857 D android.hardware.lights-service.mediatek: write 260 to /sys/class/leds/lcd-backlight/brightness, result: 0
03-02 11:22:34.699   857   857 D android.hardware.lights-service.mediatek: write 260 to /sys/class/mi_display/disp-DSI-0/brightness_clone, result: 0
03-02 11:22:34.700 17991 25090 W unknown:BridgelessReact: ReactHost{0}.getOrCreateReactContext(): Creating BridgelessReactContext
03-02 11:22:34.703 17991 25090 W unknown:BridgelessReact: ReactHost{0}.getOrCreateReactInstanceTask(): Creating ReactInstance
03-02 11:22:34.713  1201  1298 D AALService: [CRTC_114] onALIChanged: 18 -> 13
03-02 11:22:34.716   857   857 D android.hardware.lights-service.mediatek: write 261 to /sys/class/leds/lcd-backlight/brightness, result: 0
03-02 11:22:34.716   921   921 I BufferQueueProducer: [StatusBar#109](this:0xb400007bcec4ab68,id:-1,api:0,p:-1,c:921) queueBuffer: fps=0.50 dur=3965.88 max=2995.25 min=970.63
03-02 11:22:34.716   857   857 D android.hardware.lights-service.mediatek: write 261 to /sys/class/mi_display/disp-DSI-0/brightness_clone, result: 0
03-02 11:22:34.717  1621  1922 I SmartPower: com.miui.home/10166(1999): background->idle(3004ms) R(become background) adj=100.
03-02 11:22:34.717  1621  1922 I SmartPower: com.google.android.adservices.api/10261(5464): background->idle(3003ms) R(add to whitelist) adj=0.
03-02 11:22:34.718  1621  1922 I SmartPower: com.google.android.webview:sandboxed_process0:org.chromium.content.app.SandboxedPrbackground->idle(3003ms) R(add to whitelist) adj=100.
03-02 11:22:34.718   849   849 I hwcomposer: [HWCDisplay] (0 updateFps():3667), (type:1, mode:2) fps:19.497692,dur:2102.81,max:1434.07,min:14.82  
03-02 11:22:34.723 17840 18080 E MQTTBypassDGWStreamGroupConnection.cpp: connect failed. Callbacks terminated before ack received
03-02 11:22:34.725 17840 17963 E MQTTBypassDGWStreamGroupCallbacks.cpp: onStreamGroupError StreamGroupNetworkRequest request cancelled: max retries reached; last err (TransientError domain: MNSSecureTCP code: 1 detail: SecureTCP connection establish timeout)
03-02 11:22:34.726 17840 17963 W MQTTBypassDGWStreamGroupConnection.cpp: Restarting due to reason: StreamError
03-02 11:22:34.726 19783 25118 I LPAutoUpdateWorker: #doWork
03-02 11:22:34.728  1621  1922 I SmartPower: com.google.android.googlequicksearchbox:search/10165(13966): background->idle(3004ms) R(become invisible) adj=0.
03-02 11:22:34.729  1621  1922 I SmartPower: com.google.android.googlequicksearchbox:googleapp/10165(14013): background->idle(3002ms) R(become invisible) adj=100.
03-02 11:22:34.730 19783 20076 I LPDownloadSettingsState: Defaulting LP download condition to 2 as user has not edited settings.
03-02 11:22:34.731 19783 20098 I WM-WorkerWrapper: Worker result SUCCESS for Work [ id=1ff680a5-b5e2-4908-afe0-dbd8cff96cb8, tags={ com.google.android.libraries.speech.modeldownload.languagepacks.backgroundtask.workmanager.LanguagePackAutoUpdateWorker } ]
03-02 11:22:34.731 19783 20076 I DefaultLPManager: #getAvailablePackages
03-02 11:22:34.732 19783 20076 I gyx     : #getDownloadableLanguagePacks
03-02 11:22:34.732   857   857 D android.hardware.lights-service.mediatek: write 262 to /sys/class/leds/lcd-backlight/brightness, result: 0
03-02 11:22:34.733   857   857 D android.hardware.lights-service.mediatek: write 262 to /sys/class/mi_display/disp-DSI-0/brightness_clone, result: 0
03-02 11:22:34.735 19783 20076 I LanguagePackConfigImpl: Loaded languagepack (LP) flag value from latest config autogen_BatchV3071V3072: [en-US3008, de-DE3003, es-ES3000, fr-FR3003, it-IT3000, en-AU3003, en-GB3002, en-IE3002, en-SG3001, ja-JP3004, de-AT3054, de-BE3054, de-CH3054, de-DE3054, en-AU3054, en-CA3054, en-GB3054, en-IE3054, en-IN3054, en-SG3054, en-US3054, es-ES3054, es-US3054, fr-BE3054, fr-CA3054, fr-CH3054, fr-FR3054, hi-IN3054, id-ID3054, it-CH3054, it-IT3054, ja-JP3054, ko-KR3054, pt-BR3054, th-TH3054, cmn-Hans-CN3056, cmn-Hant-TW3056, de-AT3056, de-BE3056, de-CH3056, de-DE3056, en-CA3056, en-IN3056, en-US3056, es-ES3056, es-US3056, fr-BE3056, fr-CA3056, fr-CH3056, fr-FR3056, hi-IN3056, id-ID3056, it-CH3056, it-IT3056, ja-JP3056, ko-KR3056, pl-PL3056, pt-BR3056, ru-RU3056, th-TH3056, tr-TR3056, vi-VN3056, ja-JP3059, id-ID3059, ko-KR3061, pl-PL3059, ru-RU3059, th-TH3059, tr-TR3059, vi-VN3059, en-AU3071, en-CA3071, en-GB3071, en-IE3071, en-SG3071, en-US3072, hi-IN3072]
03-02 11:22:34.735 19783 20076 W SystemLPSourceImpl: #getAvailablePackages: Note there is not reason to call this method, as getInstalledPackages() returns the same LanguagePacks for this impl.
03-02 11:22:34.736 19783 20076 I DefaultLPManager: #getInstalledPackages
03-02 11:22:34.736 19783 20076 I gyx     : #getInstalledPackages from MDD
03-02 11:22:34.737 19783 20076 I gyx     : #GetLanguagePackList
03-02 11:22:34.737 19783 20076 I gyx     : MDD.getFileGroupsByFilter(langpack-domain_xx-XX_ver_zipfile)
03-02 11:22:34.738 19783 20167 I SystemLPSourceImpl: Parsed system partition LanguagePack metadata file: /product/usr/srec/en-US/metadata
03-02 11:22:34.739 19783 20076 I DefaultLPManager: #getInstalledPackages
03-02 11:22:34.739 19783 20076 I gyx     : #getInstalledPackages from MDD
03-02 11:22:34.739 19783 20076 I gyx     : #GetLanguagePackList
