03-02 11:22:31.726 11917 11917 D BLASTBufferQueue: [VRI[globalminusscreen]#42](f:0,a:1) destructor()
03-02 11:22:31.726   921  1587 I BpBinder: onLastStrongRef automatically unlinking death recipients: 
03-02 11:22:31.727  1621  1635 I SmartPower: com.google.android.googlequicksearchbox:interactor/10165(5969): invisible->background(1369ms) R(become background) adj=100.
03-02 11:22:31.727 11917 11917 D BufferQueueConsumer: [VRI[globalminusscreen]#42(BLAST Consumer)42](id:2e8d0000002a,api:0,p:-1,c:11917) disconnect
03-02 11:22:31.729  1621  1635 D MiuiRefreshRatePolicy: reset
03-02 11:22:31.729   849  1423 W hwcomposer: [DRMDEV] paramIsSame(), id 34865, w 1080/1080, h 2460/2460, pitch 1088/1088, format 0x1/0x2, secure 0/0  
03-02 11:22:31.733  1621  1918 E HyperSentinel: -------------------------------------------------------
03-02 11:22:31.734  1621  1918 E HyperSentinel: Event_ResidentSize
03-02 11:22:31.734  1621  1918 E HyperSentinel: -> audit event by proc 17991 "usap64": RSS increasement, peak 107208kb -> 162084kb
03-02 11:22:31.735  1621  1917 D MiuiSentinelService: begin judgmentRssLeakException
03-02 11:22:31.735  1621  1917 E MiuiSentinelMemoryManager: getRSSinfo: usap64#17991
03-02 11:22:31.735  1621  1917 D MiuiSentinelMemoryManager: cmdline: usap64, pid: 17991, RSSsize:162084
03-02 11:22:31.737  1621  1917 W MiuiSentinelMemoryManager: The current process type does not meet reporting requirements
03-02 11:22:31.738   921   921 I BufferQueueDebug: [cb85cd3 ActivityRecordInputSink com.google.android.googlequicksearchbox/com.google.android.apps.search.assistant.surfaces.voice.robin.ui.floaty.activity.FloatyActivity#134123](this:0xb400007bcec67308,id:-1,api:0,p:-1,c:921) onDestructor()
03-02 11:22:31.739   921   921 I BufferQueueDebug: [b724b3 ActivityRecordInputSink com.miui.home/.launcher.Launcher#134122](this:0xb400007bcec7b1f8,id:-1,api:0,p:-1,c:921) onDestructor()
03-02 11:22:31.739  1621  4764 D MiuiRefreshRatePolicy: reset
03-02 11:22:31.739 14013 14013 D BLASTBufferQueue: [VRI[LauncherMinusOneScreen]#21](f:0,a:1) destructor()
03-02 11:22:31.740   921  2359 I BpBinder: onLastStrongRef automatically unlinking death recipients: 
03-02 11:22:31.740 14013 14013 D BufferQueueConsumer: [VRI[LauncherMinusOneScreen]#21(BLAST Consumer)21](id:36bd00000015,api:0,p:-1,c:14013) disconnect
03-02 11:22:31.742  1621  1651 D MiuiRefreshRatePolicy: reset
03-02 11:22:31.744  1999  1999 D BLASTBufferQueue: [VRI[Launcher]#1201](f:0,a:1) destructor()
03-02 11:22:31.744   921  1587 I BpBinder: onLastStrongRef automatically unlinking death recipients: 
03-02 11:22:31.744  1999  1999 D BufferQueueConsumer: [VRI[Launcher]#1201(BLAST Consumer)1201](id:7cf00000579,api:0,p:-1,c:1999) disconnect
03-02 11:22:31.745  1621  4246 I ATMSImpl: cacheTasksForDefaultDisplay size=5
03-02 11:22:31.747  1621  2192 D MiuiRefreshRatePolicy: reset
03-02 11:22:31.750  1621  1636 I ATMSImpl: cacheTasksForDefaultDisplay size=5
03-02 11:22:31.750 13966 13966 D BLASTBufferQueue: [VRI[FloatyActivity]#10](f:0,a:3) destructor()
03-02 11:22:31.750   921  1587 I BpBinder: onLastStrongRef automatically unlinking death recipients: 
03-02 11:22:31.750  1621  1635 W UserManagerService: Requested status bar icon for non-badged user 0
03-02 11:22:31.750 13966 13966 D BufferQueueConsumer: [VRI[FloatyActivity]#10(BLAST Consumer)10](id:368e0000000a,api:0,p:-1,c:13966) disconnect
03-02 11:22:31.751  1621  1651 I ActivityTaskManager: visible for Task{b80c5a9 #37038 type=standard A=10337:com.softnation.Ojam} visible = true isAnimating = false TRANSITION = false PARENTS = false CHILDREN = false
03-02 11:22:31.753  1999  2684 D RecentsModel: getRunningTask ignoreActivityType : 2 ,ignoreWindowMode:5
03-02 11:22:31.753  1999  2684 W RecentsModel: getRunningTask   taskInfo=TaskInfo{userId=0 taskId=37038 displayId=0 isRunning=true baseIntent=Intent { flg=0x10000000 cmp=com.softnation.Ojam/.MainActivity } baseActivity=ComponentInfo{com.softnation.Ojam/com.softnation.Ojam.MainActivity} topActivity=ComponentInfo{com.softnation.Ojam/com.softnation.Ojam.MainActivity} origActivity=null realActivity=ComponentInfo{com.softnation.Ojam/com.softnation.Ojam.MainActivity} numActivities=1 lastActiveTime=1029911173 supportsSplitScreenMultiWindow=true supportsMultiWindow=true resizeMode=1 isResizeable=true minWidth=-1 minHeight=-1 defaultMinSize=200 token=WCT{android.window.IWindowContainerToken$Stub$Proxy@ba86b18} topActivityType=1 pictureInPictureParams=null shouldDockBigOverlays=false launchIntoPipHostTaskId=-1 lastParentTaskIdBeforePip=-1 displayCutoutSafeInsets=null topActivityInfo=ActivityInfo{3e71971 com.softnation.Ojam.MainActivity} launchCookies=[] positionInParent=Point(0, 0) parentTaskId=-1 isFocused=false isVisible=true isVisibleRequested=true isSleeping=false locusId=null displayAreaFeatureId=1 isTopActivityTransparent=false appCompatTaskInfo=AppCompatTaskInfo { topActivityInSizeCompat=false topActivityEligibleForLetterboxEducation= falseisLetterboxEducationEnabled= false isLetterboxDoubleTapEnabled= false topActivityEligibleForUserAspectRatioButton= false topActivityBoundsLetterboxed= false isFromLetterboxDoubleTap= false topActivityLetterboxVerticalPosition= -1 topActivityLetterboxHorizontalPosition= -1 topActivityLetterboxWidth=1080 topActivityLetterboxHeight=2460 isUserFullscreenOverrideEnabled=false isSystemFullscreenOverrideEnabled=false cameraCompatTaskInfo=CameraCompatTaskInfo { cameraCompatControlState=hidden freeformCameraCompatMode=inactive}} isImmersive=false mTopActivityRequestOrientation=1 mBehindAppLockPkg=null mOriginatingUid=0 isEmbedded=false shouldBeVisible=true mIsCastMode=false mTopActivityMediaSize=null mTopActivityRecordName=ActivityRecord{eb08273 u0 com.softnation.Ojam/.MainActivity t37038} mTopActivityOrientation=1}
03-02 11:22:31.753  1999  2684 D RecentsModel: preloadRecents runningTaskId:37038, mCurrentRunningTaskId:-1, mRecentsTaskLoadPlan=com.android.systemui.shared.recents.model.RecentsTaskLoadPlan@18c7356
03-02 11:22:31.754  1621  1635 W UserManagerService: Requested status bar icon for non-badged user 0
03-02 11:22:31.754  1999  2684 E ActivityManagerWrapper: get all recent tasks force including 37038
03-02 11:22:31.755  1621  4246 I ATMSImpl: cacheTasksForDefaultDisplay size=5
03-02 11:22:31.758   894  1349 D StreamHalAidl: 0xb400007450ca2e50 StreamOutHalAidl::standby
03-02 11:22:31.759   894  1349 D StreamHalAidl: 0xb400007450ca2e50 StreamOutHalAidl::pause
03-02 11:22:31.759   843  1348 D AHAL_Stream: cycle: received command Command{pause: Void{}} in writer
03-02 11:22:31.759   843  1348 I AHAL_Stream: pause()
03-02 11:22:31.759   843  1348 D MTKAdapterStreamLayer: pause(), 
03-02 11:22:31.759   843  1348 D AudioALSAStreamOut: pause() 0xb40000786189d7a0
03-02 11:22:31.759   843  1348 D AHAL_Stream: cycle: writing reply Reply{status: 0, fmqByteCount: 0, observable: Position{frames: 4816494704, timeNs: 612145308692716}, hardware: Position{frames: -1, timeNs: -1}, latencyMs: 85, xrunFrames: 0, state: PAUSED}
03-02 11:22:31.759   894  1349 D StreamHalAidl: 0xb400007450ca2e50 StreamOutHalAidl::flush
03-02 11:22:31.760   843  1348 D AHAL_Stream: cycle: received command Command{flush: Void{}} in writer
03-02 11:22:31.760   843  1348 I AHAL_Stream: flush()
03-02 11:22:31.760   843  1348 D MTKAdapterStreamLayer: flush(), 
03-02 11:22:31.760   843  1348 D AudioALSAStreamOut: flush() 0xb40000786189d7a0
03-02 11:22:31.760   843  1348 D AHAL_Stream: cycle: writing reply Reply{status: 0, fmqByteCount: 0, observable: Position{frames: 4816494740, timeNs: 612145309404716}, hardware: Position{frames: -1, timeNs: -1}, latencyMs: 85, xrunFrames: 0, state: IDLE}
03-02 11:22:31.760   843  1348 D AHAL_Stream: cycle: received command Command{standby: Void{}} in writer
03-02 11:22:31.760   843  1348 D AudioALSAStreamOut: standby(), flag 8
03-02 11:22:31.760   843  1348 D AudioALSAStreamOut: standbyStreamOut(), halRequest 0, mDestroy 0, flag 8
03-02 11:22:31.760   843  1348 D AudioALSAStreamOut: close_l(), flags 8
03-02 11:22:31.760   843  1348 D AudioALSAHardware: [DEBUG] setDeviceStatusChanged: devices=[0x2], isOpen=[0], isFast=[0]
03-02 11:22:31.761  1999  2684 D ActivityManagerWrapper: groupedRecentTaskInfoCompat.getMainTaskId :37027, isExcluded is True
03-02 11:22:31.761  1999  2684 E ActivityManagerWrapper: getRecentTasksForceIncludingTaskIdIfValid: getRecentTasks: size=4
03-02 11:22:31.761  1999  2684 E ActivityManagerWrapper:  mainTaskId=37038   userId=0   windowMode=1   baseIntent=Intent { act=null flag=268435456 cmp=ComponentInfo{com.softnation.Ojam/com.softnation.Ojam.MainActivity} }
03-02 11:22:31.761  1999  2684 E ActivityManagerWrapper:  mainTaskId=37027   userId=0   windowMode=1   baseIntent=Intent { act=null flag=344260608 cmp=ComponentInfo{com.google.android.googlequicksearchbox/com.google.android.apps.search.assistant.surfaces.voice.robin.ui.floaty.activity.FloatyActivity} }
03-02 11:22:31.761  1999  2684 E ActivityManagerWrapper:  mainTaskId=37019   userId=0   windowMode=1   baseIntent=Intent { act=null flag=268435456 cmp=ComponentInfo{com.whatsapp/com.whatsapp.home.ui.HomeActivity} }
03-02 11:22:31.761  1999  2684 E ActivityManagerWrapper:  mainTaskId=36980   userId=0   windowMode=1   baseIntent=Intent { act=android.intent.action.MAIN flag=270532608 cmp=ComponentInfo{com.twitter.android/com.twitter.android.StartActivity} }
03-02 11:22:31.761   843  1348 D AudioALSAPlaybackHandlerMixer: close(+), source flag 8, mDevice = 0x2, buffer_size 16384
03-02 11:22:31.761   843  1348 D audio_sw_mixer: sw_mixer_source_detach(), MIXER_PLAYBACK  , name T_DEEP
03-02 11:22:31.761   843  1348 D audio_sw_mixer: sw_mixer_manager_destroy_path(), MIXER_PLAYBACK  , path T_DEEP=>T_PRIMARY
03-02 11:22:31.761   843  1348 D audio_sw_mixer: dump_path_list(), MIXER_PLAYBACK  , no path
03-02 11:22:31.761   843  1348 D audio_sw_mixer: sw_mixer_target_detach(), MIXER_PLAYBACK  , name T_PRIMARY
03-02 11:22:31.761   843  1058 D audio_sw_mixer: sw_mixer_wait_to_mix(), MIXER_PLAYBACK  , target T_PRIMARY    thread exit direct mode
03-02 11:22:31.761   843  1058 D audio_sw_mixer: sw_mixer_mix_thread(), thread mix1:0 idle
03-02 11:22:31.761   843  1348 D AudioALSAPlaybackHandlerNormal: +close(), flag = 8, mDevice = 0x2
03-02 11:22:31.761   843  1348 D AudioALSAHardwareResourceManager: +stopOutputDevice(), mOutputDevices = 0x2, mStartOutputDevicesCount = 69
03-02 11:22:31.764   843  1348 D AudioALSAPlaybackHandlerBase: -closePcmDriver(), mPcm = 0x0
03-02 11:22:31.764   843  1348 D AudioALSADeviceConfigManager: ApplyDeviceTurnoffSequenceByName(), DeviceName = PLAYBACK2_TO_ADDA_DL descriptor->DeviceStatusCounter = 1, Ctlsize=4
03-02 11:22:31.764   843  1348 D AudioALSAPlaybackHandlerBase: DestroyAurisysLibManager()
03-02 11:22:31.764   843  1348 D aurisys_lib_handler: aurisys_arsi_destroy_handler(), lib_name aurisys_demo, 0xb40000788188f460, arsi_destroy_handler, arsi_handler = 0xb4000078818905a0, retval = 0
03-02 11:22:31.764   843  1348 D sixth_if_gift: sixth_arsi_destroy_handler : run !!!
03-02 11:22:31.764   843  1348 E sixth_if_gift: sixth_vdd_timer_stop, timer not start
03-02 11:22:31.764   843  1348 D sixth_if_gift: tuning_misc_dev_close : run !!!
03-02 11:22:31.764   843  1348 D sixth_core: size = 307168
03-02 11:22:31.764   843  1348 D sixth_core: [sixth_core_if_exit]  : done 
03-02 11:22:31.764   843  1348 D sixth_if_gift: sixth_arsi_destroy_handler : done !!!
03-02 11:22:31.765   843  1348 D aurisys_lib_handler: aurisys_arsi_destroy_handler(), lib_name sia81xx_sixth, 0xb40000788189d8f0, arsi_destroy_handler, arsi_handler = 0xb4000079bcf14eb0, retval = 0
03-02 11:22:31.765   843  1348 D aurisys_lib_manager: delete_aurisys_lib_manager(), manager 0xb4000077d18b1250
03-02 11:22:31.765  1621  1651 I ActivityTaskManager: visible for Task{b80c5a9 #37038 type=standard A=10337:com.softnation.Ojam} visible = true isAnimating = false TRANSITION = false PARENTS = false CHILDREN = false
03-02 11:22:31.765   843  1348 D AudioALSAPlaybackHandlerNormal: -close()
03-02 11:22:31.765   843  1348 D AudioALSAPlaybackHandlerBase: DestroyAurisysLibManager()
03-02 11:22:31.766   843  1348 I android.hardware.audio.service-aidl.mediatek: misound4_arsi_destroy_handler misound_arsi_destroy_handler
03-02 11:22:31.766   843  1348 D aurisys_lib_handler: aurisys_arsi_destroy_handler(), lib_name misound, 0xb400007881896030, arsi_destroy_handler, arsi_handler = 0xb4000078f196a420, retval = 0
03-02 11:22:31.766   843  1348 D aurisys_lib_manager: delete_aurisys_lib_manager(), manager 0xb4000077d18b1bf0
03-02 11:22:31.766   843  1348 D AudioALSAPlaybackHandlerMixer: close(-)
03-02 11:22:31.766   843  1348 D AudioALSAStreamManager: routingOutputDeviceForIEMs()
03-02 11:22:31.767   843  1348 D AHAL_Stream: cycle: writing reply Reply{status: 0, fmqByteCount: 0, observable: Position{frames: 4816494760, timeNs: 612145309829408}, hardware: Position{frames: -1, timeNs: -1}, latencyMs: 85, xrunFrames: 0, state: STANDBY}
03-02 11:22:31.768  1621  4246 D AS.BtHelper: isBluetoothScoOn() mBluetoothHeadset is null: falsemBluetoothHeadsetDevice is null: true
03-02 11:22:31.768  1621  4246 V AS.AudioDeviceBroker: requestedCommunicationDevice: null mAudioModeOwner: AudioModeInfo: mMode=MODE_NORMAL, mPid=0, mUid=0
03-02 11:22:31.768  1621  4246 D AS.BtHelper: isBluetoothScoOn() mBluetoothHeadset is null: falsemBluetoothHeadsetDevice is null: true
03-02 11:22:31.768  1621  4246 V AS.AudioDeviceBroker: requestedCommunicationDevice: null mAudioModeOwner: AudioModeInfo: mMode=MODE_NORMAL, mPid=0, mUid=0
03-02 11:22:31.771  1999  2684 D TaskSnapshotCompatVV: getIsInvalidateFromTaskSnapshot, return, mTaskSnapshot=null, mTaskSnapshotClazz=null
03-02 11:22:31.776  1621  1635 D skia    : SkJpegCodec::onGetPixels + (648, 1476)
03-02 11:22:31.791  1621  1635 D skia    : SkJpegCodec::onGetPixels -
03-02 11:22:31.798   921   921 I BufferQueueProducer: [NavigationBar0#101619](this:0xb400007bced454e8,id:-1,api:0,p:-1,c:921) queueBuffer: fps=11.67 dur=1199.27 max=949.28 min=14.71
03-02 11:22:31.807  1999  2684 D TaskSnapshotCompatVV: getIsInvalidateFromTaskSnapshot, isInvalidate=false
03-02 11:22:31.807  1999  2684 D RecentsModel: onTaskStackChangedBackground    MSG_TASK_STACK_CHANGE
03-02 11:22:31.807  1999  2684 D RecentsModel: boostTaskStackChangedThread, don't boost
03-02 11:22:31.809  1621  1635 I ATMSImpl: cacheTasksForDefaultDisplay size=5
03-02 11:22:31.811  1999  2684 D RecentsModel: getRunningTask ignoreActivityType : 2 ,ignoreWindowMode:5
03-02 11:22:31.812  1999  2684 W RecentsModel: getRunningTask   taskInfo=TaskInfo{userId=0 taskId=37038 displayId=0 isRunning=true baseIntent=Intent { flg=0x10000000 cmp=com.softnation.Ojam/.MainActivity } baseActivity=ComponentInfo{com.softnation.Ojam/com.softnation.Ojam.MainActivity} topActivity=ComponentInfo{com.softnation.Ojam/com.softnation.Ojam.MainActivity} origActivity=null realActivity=ComponentInfo{com.softnation.Ojam/com.softnation.Ojam.MainActivity} numActivities=1 lastActiveTime=1029911232 supportsSplitScreenMultiWindow=true supportsMultiWindow=true resizeMode=1 isResizeable=true minWidth=-1 minHeight=-1 defaultMinSize=200 token=WCT{android.window.IWindowContainerToken$Stub$Proxy@3ee972e} topActivityType=1 pictureInPictureParams=null shouldDockBigOverlays=false launchIntoPipHostTaskId=-1 lastParentTaskIdBeforePip=-1 displayCutoutSafeInsets=null topActivityInfo=ActivityInfo{a3a92cf com.softnation.Ojam.MainActivity} launchCookies=[] positionInParent=Point(0, 0) parentTaskId=-1 isFocused=false isVisible=true isVisibleRequested=true isSleeping=false locusId=null displayAreaFeatureId=1 isTopActivityTransparent=false appCompatTaskInfo=AppCompatTaskInfo { topActivityInSizeCompat=false topActivityEligibleForLetterboxEducation= falseisLetterboxEducationEnabled= false isLetterboxDoubleTapEnabled= false topActivityEligibleForUserAspectRatioButton= false topActivityBoundsLetterboxed= false isFromLetterboxDoubleTap= false topActivityLetterboxVerticalPosition= -1 topActivityLetterboxHorizontalPosition= -1 topActivityLetterboxWidth=1080 topActivityLetterboxHeight=2460 isUserFullscreenOverrideEnabled=false isSystemFullscreenOverrideEnabled=false cameraCompatTaskInfo=CameraCompatTaskInfo { cameraCompatControlState=hidden freeformCameraCompatMode=inactive}} isImmersive=false mTopActivityRequestOrientation=1 mBehindAppLockPkg=null mOriginatingUid=0 isEmbedded=false shouldBeVisible=true mIsCastMode=false mTopActivityMediaSize=null mTopActivityRecordName=ActivityRecord{eb08273 u0 com.softnation.Ojam/.MainActivity t37038} mTopActivityOrientation=1}
03-02 11:22:31.812  1999  2684 D RecentsModel: preloadRecents runningTaskId:37038, mCurrentRunningTaskId:-1, mRecentsTaskLoadPlan=com.android.systemui.shared.recents.model.RecentsTaskLoadPlan@ec5c45c
03-02 11:22:31.813  1999  2684 E ActivityManagerWrapper: get all recent tasks force including 37038
03-02 11:22:31.819  1999  2684 D ActivityManagerWrapper: groupedRecentTaskInfoCompat.getMainTaskId :37027, isExcluded is True
03-02 11:22:31.819  1999  2684 E ActivityManagerWrapper: getRecentTasksForceIncludingTaskIdIfValid: getRecentTasks: size=4
03-02 11:22:31.819  1999  2684 E ActivityManagerWrapper:  mainTaskId=37038   userId=0   windowMode=1   baseIntent=Intent { act=null flag=268435456 cmp=ComponentInfo{com.softnation.Ojam/com.softnation.Ojam.MainActivity} }
03-02 11:22:31.819  1999  2684 E ActivityManagerWrapper:  mainTaskId=37027   userId=0   windowMode=1   baseIntent=Intent { act=null flag=344260608 cmp=ComponentInfo{com.google.android.googlequicksearchbox/com.google.android.apps.search.assistant.surfaces.voice.robin.ui.floaty.activity.FloatyActivity} }
03-02 11:22:31.819  1999  2684 E ActivityManagerWrapper:  mainTaskId=37019   userId=0   windowMode=1   baseIntent=Intent { act=null flag=268435456 cmp=ComponentInfo{com.whatsapp/com.whatsapp.home.ui.HomeActivity} }
03-02 11:22:31.819  1999  2684 E ActivityManagerWrapper:  mainTaskId=36980   userId=0   windowMode=1   baseIntent=Intent { act=android.intent.action.MAIN flag=270532608 cmp=ComponentInfo{com.twitter.android/com.twitter.android.StartActivity} }
03-02 11:22:31.829  1999  2684 D TaskSnapshotCompatVV: getIsInvalidateFromTaskSnapshot, return, mTaskSnapshot=null, mTaskSnapshotClazz=null
03-02 11:22:32.238 17991 17991 D nativeloader: Configuring clns-7 for other apk /data/app/~~Bh61wenJZi6JNVEuOkVQfQ==/com.softnation.Ojam-nnCVAdHxKfOmup5FCuBDYQ==/base.apk. target_sdk_version=36, uses_libraries=, library_path=/data/app/~~Bh61wenJZi6JNVEuOkVQfQ==/com.softnation.Ojam-nnCVAdHxKfOmup5FCuBDYQ==/lib/arm64:/data/app/~~Bh61wenJZi6JNVEuOkVQfQ==/com.softnation.Ojam-nnCVAdHxKfOmup5FCuBDYQ==/base.apk!/lib/arm64-v8a, permitted_path=/data:/mnt/expand:/data/user/0/com.softnation.Ojam
03-02 11:22:32.250 17840 18081 E msys    : E[N mns]_OnDiskCacheGetData(632)=>Start post callback cache refresh DNS resolution
03-02 11:22:32.253 17991 17991 V GraphicsEnvironment: Currently set values for:
03-02 11:22:32.253 17991 17991 V GraphicsEnvironment:   angle_gl_driver_selection_pkgs=[]
03-02 11:22:32.253 17991 17991 V GraphicsEnvironment:   angle_gl_driver_selection_values=[]
03-02 11:22:32.253 17991 17991 V GraphicsEnvironment: Global.Settings values are invalid: number of packages: 0, number of values: 0
03-02 11:22:32.254 17991 17991 V GraphicsEnvironment: Neither updatable production driver nor prerelease driver is supported.
03-02 11:22:32.255 17840 18081 E msys    : E[N mns]_LogError(228)=>Failed to resolve using system DNS resolver, getaddrinfo(): No address associated with hostname
03-02 11:22:32.255 17840 18081 E msys    : E[N mns]_OnDiskCacheGetData(632)=>Start post callback cache refresh DNS resolution
03-02 11:22:32.256 17991 17991 I ActivityThread: TrafficStats init done
03-02 11:22:32.257 17840 18081 E msys    : E[N mns]_LogError(228)=>Failed to resolve using system DNS resolver, getaddrinfo(): No address associated with hostname
03-02 11:22:32.259  1621  4246 D ForceDarkAppConfigProvider: cloudConfigVersion: -1   localConfigVersion:20250515
03-02 11:22:32.259  1621  4246 I UiModeManager: systemserver package:com.softnation.Ojam null
03-02 11:22:32.260 17991 17991 I ForceDarkHelperStubImpl: initialize for com.softnation.Ojam , ForceDarkAppConfig: null
03-02 11:22:32.263 17991 17991 D nativeloader: Load libforcedarkimpl.so using system ns (caller=/system_ext/framework/miui-framework.jar): ok
03-02 11:22:32.263 17991 17991 D HWUI    : JNI_OnLoad success
03-02 11:22:32.263 17991 17991 I MiuiForceDarkConfig: setConfig density:2.750000, mainRule:0, secondaryRule:0, tertiaryRule:0
03-02 11:22:32.267 17991 17991 I ActivityThread: Miui Feature Init done
03-02 11:22:32.359  2350  2350 W Settings: Setting airplane_mode_on has moved from android.provider.Settings.System to android.provider.Settings.Global, returning read-only value.
03-02 11:22:32.396 17991 17991 W FirebaseApp: Default FirebaseApp failed to initialize because no default options were found. This usually means that com.google.gms:google-services was not applied to your gradle project.
03-02 11:22:32.396 17991 17991 I FirebaseInitProvider: FirebaseApp initialization unsuccessful
03-02 11:22:32.424  1621  4246 I ClipboardServiceI: checkProviderWakePathForClipboard: primaryClip is null
03-02 11:22:32.435 17991 17991 W SoLoader: Initializing SoLoader: 0
03-02 11:22:32.439 17991 17991 W SoLoader: Recording new base apk path: /data/app/~~Bh61wenJZi6JNVEuOkVQfQ==/com.softnation.Ojam-nnCVAdHxKfOmup5FCuBDYQ==/base.apk
03-02 11:22:32.439 17991 17991 W SoLoader: Previously recorded 0 base apk paths.
03-02 11:22:32.444 17991 17991 I SoLoader: Preparing SO source: DirectorySoSource[root = /vendor/lib64 flags = 2]
03-02 11:22:32.444 17991 17991 I SoLoader: Preparing SO source: DirectorySoSource[root = /system/lib64 flags = 2]
03-02 11:22:32.445 17991 17991 I SoLoader: Preparing SO source: DirectApkSoSource[root = [/data/app/~~Bh61wenJZi6JNVEuOkVQfQ==/com.softnation.Ojam-nnCVAdHxKfOmup5FCuBDYQ==/base.apk!/lib/arm64-v8a]]
03-02 11:22:32.465  2061 12253 W HWUI    : Surface doesn't have any previously queued frames, nothing to readback from
03-02 11:22:32.490  2061 12253 W HWUI    : Surface doesn't have any previously queued frames, nothing to readback from
03-02 11:22:32.568 17991 17991 I SoLoader: Preparing SO source: ApplicationSoSource[DirectorySoSource[root = /data/app/~~Bh61wenJZi6JNVEuOkVQfQ==/com.softnation.Ojam-nnCVAdHxKfOmup5FCuBDYQ==/lib/arm64 flags = 0]]
03-02 11:22:32.568 17991 17991 I SoLoader: init finish: 4 SO sources prepared
03-02 11:22:32.568 17991 17991 W SoLoader: SoLoader initialized: 8
03-02 11:22:32.584  1621  4246 D Aurogon :  packageName = com.google.android.gms isAllowWakeUpList 
03-02 11:22:32.603 17991 17991 D nativeloader: Load /data/app/~~Bh61wenJZi6JNVEuOkVQfQ==/com.softnation.Ojam-nnCVAdHxKfOmup5FCuBDYQ==/base.apk!/lib/arm64-v8a/libc++_shared.so using class loader ns clns-7 (caller=/data/app/~~Bh61wenJZi6JNVEuOkVQfQ==/com.softnation.Ojam-nnCVAdHxKfOmup5FCuBDYQ==/base.apk!classes20.dex): ok
03-02 11:22:32.614  1621  4246 D Aurogon :  packageName = com.google.android.gms isAllowWakeUpList 
03-02 11:22:32.615   849   849 I hwcomposer: [HWCDisplay] (0 updateFps():3667), (type:1, mode:2) fps:57.345856,dur:1011.41,max:60.08,min:12.64  
03-02 11:22:32.619 17991 17991 D nativeloader: Load /data/app/~~Bh61wenJZi6JNVEuOkVQfQ==/com.softnation.Ojam-nnCVAdHxKfOmup5FCuBDYQ==/base.apk!/lib/arm64-v8a/libjsi.so using class loader ns clns-7 (caller=/data/app/~~Bh61wenJZi6JNVEuOkVQfQ==/com.softnation.Ojam-nnCVAdHxKfOmup5FCuBDYQ==/base.apk!classes20.dex): ok
03-02 11:22:32.634 17991 17991 D nativeloader: Load /data/app/~~Bh61wenJZi6JNVEuOkVQfQ==/com.softnation.Ojam-nnCVAdHxKfOmup5FCuBDYQ==/base.apk!/lib/arm64-v8a/libfbjni.so using class loader ns clns-7 (caller=/data/app/~~Bh61wenJZi6JNVEuOkVQfQ==/com.softnation.Ojam-nnCVAdHxKfOmup5FCuBDYQ==/base.apk!classes20.dex): ok
03-02 11:22:32.641 27809 24912 I NetworkScheduler.Stats: (REDACTED) Task %s/%s started execution. cause:%s exec_start_elapsed_seconds: %s
03-02 11:22:32.644  1621  1635 D Aurogon :  packageName = com.google.android.gms isAllowWakeUpList 
03-02 11:22:32.645 27809 25030 I NetworkScheduler.Stats: (REDACTED) Task %s/%s finished executing. cause:%s result: %s elapsed_millis: %s uptime_millis: %s exec_start_elapsed_seconds: %s
03-02 11:22:32.648  1621  2315 D SystemPressureControl: thermal temperature 42
03-02 11:22:32.649 17991 17991 D nativeloader: Load /data/app/~~Bh61wenJZi6JNVEuOkVQfQ==/com.softnation.Ojam-nnCVAdHxKfOmup5FCuBDYQ==/base.apk!/lib/arm64-v8a/libreactnative.so using class loader ns clns-7 (caller=/data/app/~~Bh61wenJZi6JNVEuOkVQfQ==/com.softnation.Ojam-nnCVAdHxKfOmup5FCuBDYQ==/base.apk!classes20.dex): ok
03-02 11:22:32.649 17991 17991 D jni_lib_merge: Entering merged library JNI_OnLoad.
03-02 11:22:32.649 17991 17991 D jni_lib_merge: Preparing 12 pre-merged libs (including stub)
03-02 11:22:32.649 17991 17991 D jni_lib_merge: Preparing to register libfabricjni_so.  onload_func: 0x7894a33ce0
03-02 11:22:32.649 17991 17991 D jni_lib_merge: Preparing to register libreact_devsupportjni_so.  onload_func: 0x7894c2dfc8
03-02 11:22:32.649 17991 17991 D jni_lib_merge: Preparing to register libreact_featureflagsjni_so.  onload_func: 0x7894c3c518
03-02 11:22:32.649 17991 17991 D jni_lib_merge: Preparing to register libreact_newarchdefaults_so.  onload_func: 0x7894ca46a8
03-02 11:22:32.649 17991 17991 D jni_lib_merge: Preparing to register libreactnativeblob_so.  onload_func: 0x7894e94cb4
03-02 11:22:32.649 17991 17991 D jni_lib_merge: Preparing to register libreactnativejni_so.  onload_func: 0x7894ee26bc
03-02 11:22:32.649 17991 17991 D jni_lib_merge: Preparing to register libreactnativejni_common_so.  onload_func: 0x7894ef3044
03-02 11:22:32.649 17991 17991 D jni_lib_merge: Preparing to register librninstance_so.  onload_func: 0x7894f3a764
03-02 11:22:32.649 17991 17991 D jni_lib_merge: Preparing to register libturbomodulejsijni_so.  onload_func: 0x7895052f68
03-02 11:22:32.649 17991 17991 D jni_lib_merge: Preparing to register libuimanagerjni_so.  onload_func: 0x789506bfb8
03-02 11:22:32.649 17991 17991 D jni_lib_merge: Preparing to register libyoga_so.  onload_func: 0x789507ba3c
03-02 11:22:32.649 17991 17991 D jni_lib_merge: About to register 11 actual methods.
03-02 11:22:32.659  1621  1635 D Aurogon :  packageName = com.google.android.gms isAllowWakeUpList 
03-02 11:22:32.668  1621  4246 D ActivityManager: getProcessesInErrorState callingUid=10383, CallingPid=13839
03-02 11:22:32.685 17991 17991 D nativeloader: Load /data/app/~~Bh61wenJZi6JNVEuOkVQfQ==/com.softnation.Ojam-nnCVAdHxKfOmup5FCuBDYQ==/base.apk!/lib/arm64-v8a/libreact_codegen_rnscreens.so using class loader ns clns-7 (caller=/data/app/~~Bh61wenJZi6JNVEuOkVQfQ==/com.softnation.Ojam-nnCVAdHxKfOmup5FCuBDYQ==/base.apk!classes20.dex): ok
03-02 11:22:32.685 17991 17991 D jni_lib_merge: Entering merged library JNI_OnLoad.
03-02 11:22:32.685 17991 17991 D jni_lib_merge: Preparing 12 pre-merged libs (including stub)
03-02 11:22:32.685 17991 17991 D jni_lib_merge: Preparing to register libfabricjni_so.  onload_func: 0x7894a33ce0
03-02 11:22:32.685 17991 17991 D jni_lib_merge: Preparing to register libreact_devsupportjni_so.  onload_func: 0x7894c2dfc8
03-02 11:22:32.685 17991 17991 D jni_lib_merge: Preparing to register libreact_featureflagsjni_so.  onload_func: 0x7894c3c518
03-02 11:22:32.685 17991 17991 D jni_lib_merge: Preparing to register libreact_newarchdefaults_so.  onload_func: 0x7894ca46a8
03-02 11:22:32.685 17991 17991 D jni_lib_merge: Preparing to register libreactnativeblob_so.  onload_func: 0x7894e94cb4
03-02 11:22:32.685 17991 17991 D jni_lib_merge: Preparing to register libreactnativejni_so.  onload_func: 0x7894ee26bc
03-02 11:22:32.685 17991 17991 D jni_lib_merge: Preparing to register libreactnativejni_common_so.  onload_func: 0x7894ef3044
03-02 11:22:32.685 17991 17991 D jni_lib_merge: Preparing to register librninstance_so.  onload_func: 0x7894f3a764
03-02 11:22:32.685 17991 17991 D jni_lib_merge: Preparing to register libturbomodulejsijni_so.  onload_func: 0x7895052f68
03-02 11:22:32.685 17991 17991 D jni_lib_merge: Preparing to register libuimanagerjni_so.  onload_func: 0x789506bfb8
03-02 11:22:32.685 17991 17991 D jni_lib_merge: Preparing to register libyoga_so.  onload_func: 0x789507ba3c
03-02 11:22:32.685 17991 17991 D jni_lib_merge: About to register 11 actual methods.
03-02 11:22:32.687  1621  1918 E HyperSentinel: -------------------------------------------------------
03-02 11:22:32.687  1621  1918 E HyperSentinel: Event_OpenFileFDSize
03-02 11:22:32.687  1621  1918 E HyperSentinel: -> audit event by proc 1621 "system_server": Fd increasement, peak, 1173 -> 1225
03-02 11:22:32.688  1621  1917 D MiuiSentinelService: begin judgment FdAmountLeakException
03-02 11:22:32.690   861   947 I libPerfCtl: xgfGetFPS pid:921 fps:-1
03-02 11:22:32.690   861   947 I libPerfCtl: xgfGetFPS pid:2363 fps:-1
03-02 11:22:32.690   861   947 I libPerfCtl: xgfGetFPS pid:13966 fps:-1
03-02 11:22:32.701 17991 17991 D nativeloader: Load /data/app/~~Bh61wenJZi6JNVEuOkVQfQ==/com.softnation.Ojam-nnCVAdHxKfOmup5FCuBDYQ==/base.apk!/lib/arm64-v8a/libreact_codegen_RNCSlider.so using class loader ns clns-7 (caller=/data/app/~~Bh61wenJZi6JNVEuOkVQfQ==/com.softnation.Ojam-nnCVAdHxKfOmup5FCuBDYQ==/base.apk!classes20.dex): ok
03-02 11:22:32.713  1621  1692 I AutomaticBrightnessController: AmbientLux=36.316017, mAmbientDarkeningThreshold=16.52065, mAmbientBrighteningThreshold=169.2256, mAmbientBrighteningSmallThreshold=116.06177
03-02 11:22:32.713  1621  1692 I AutomaticBrightnessController: updateAutoBrightness: mScreenAutoBrightness=0.04640877, newScreenAutoBrightness=0.10843395 (checkedAutoBrightness=445), mAmbientLux=36.316017, mUseDaemonSensorInProgress=false
03-02 11:22:32.714  1621  1692 D DisplayPowerControllerImpl: updateBrightnessChangeStatus: animating: true, displayState: 2, slowChange: true, appliedDimming: false, currentBrightness: 0.04176789, currentSdrBrightness: 0.04176789, targetBrightness: 0.09759055, targetSdrBrightness: 0.09759055, previousDisplayPolicy: 3, currentDisplayPolicy: 3
03-02 11:22:32.716  1621  1692 I DisplayPowerController2[0]: BrightnessEvent: disp=0, physDisp=local:4627039422300187648, displayState=ON, displayPolicy=BRIGHT, brt=0.09759055, initBrt=0.04176789, rcmdBrt=0.10843395, preBrt=0.04640877, lux=36.316017, preLux=11.830218, hbmMax=0.49975574, hbmMode=off, rbcStrength=50, thrmMax=1.0, powerFactor=0.9, wasShortTermModelActive=false, flags=low_power_mode , reason=automatic [ low_pwr ], autoBrightness=true, strategy=InvalidBrightnessStrategy, autoBrightnessMode=default
03-02 11:22:32.717 17991 17991 D nativeloader: Load /data/app/~~Bh61wenJZi6JNVEuOkVQfQ==/com.softnation.Ojam-nnCVAdHxKfOmup5FCuBDYQ==/base.apk!/lib/arm64-v8a/libreact_codegen_rnsvg.so using class loader ns clns-7 (caller=/data/app/~~Bh61wenJZi6JNVEuOkVQfQ==/com.softnation.Ojam-nnCVAdHxKfOmup5FCuBDYQ==/base.apk!classes20.dex): ok
03-02 11:22:32.717 17991 17991 D jni_lib_merge: Entering merged library JNI_OnLoad.
03-02 11:22:32.717 17991 17991 D jni_lib_merge: Preparing 12 pre-merged libs (including stub)
03-02 11:22:32.717 17991 17991 D jni_lib_merge: Preparing to register libfabricjni_so.  onload_func: 0x7894a33ce0
03-02 11:22:32.717 17991 17991 D jni_lib_merge: Preparing to register libreact_devsupportjni_so.  onload_func: 0x7894c2dfc8
03-02 11:22:32.717 17991 17991 D jni_lib_merge: Preparing to register libreact_featureflagsjni_so.  onload_func: 0x7894c3c518
03-02 11:22:32.717 17991 17991 D jni_lib_merge: Preparing to register libreact_newarchdefaults_so.  onload_func: 0x7894ca46a8
03-02 11:22:32.717 17991 17991 D jni_lib_merge: Preparing to register libreactnativeblob_so.  onload_func: 0x7894e94cb4
03-02 11:22:32.717 17991 17991 D jni_lib_merge: Preparing to register libreactnativejni_so.  onload_func: 0x7894ee26bc
03-02 11:22:32.717 17991 17991 D jni_lib_merge: Preparing to register libreactnativejni_common_so.  onload_func: 0x7894ef3044
03-02 11:22:32.717 17991 17991 D jni_lib_merge: Preparing to register librninstance_so.  onload_func: 0x7894f3a764
03-02 11:22:32.717 17991 17991 D jni_lib_merge: Preparing to register libturbomodulejsijni_so.  onload_func: 0x7895052f68
03-02 11:22:32.717 17991 17991 D jni_lib_merge: Preparing to register libuimanagerjni_so.  onload_func: 0x789506bfb8
03-02 11:22:32.717 17991 17991 D jni_lib_merge: Preparing to register libyoga_so.  onload_func: 0x789507ba3c
03-02 11:22:32.717 17991 17991 D jni_lib_merge: About to register 11 actual methods.
03-02 11:22:32.717  1621  1650 D DisplayManagerService: Ignore redundant display event 0/4 to 10301/17840
03-02 11:22:32.717  1621  1650 D DisplayManagerService: Ignore redundant display event 0/4 to 10126/18142
03-02 11:22:32.717  1621  1650 D DisplayManagerService: Ignore redundant display event 0/4 to 10125/22110
03-02 11:22:32.717  1621  1650 D DisplayManagerService: Ignore redundant display event 0/4 to 10217/23098
03-02 11:22:32.717  1621  1650 D DisplayManagerService: Ignore redundant display event 0/4 to 10304/23482
03-02 11:22:32.717  1621  1650 D DisplayManagerService: Ignore redundant display event 0/4 to 10156/24809
03-02 11:22:32.717  1621  1650 D DisplayManagerService: Ignore redundant display event 0/4 to 10174/24848
03-02 11:22:32.718  1621  1621 I BrightnessSynchronizer: [15440] New Update 0.10843395(f) set brightness values:  56(i)
03-02 11:22:32.719  1621  1621 I BrightnessSynchronizer: Swallowing update of 56(i) by update: {[15440] 0.10843395(f), mUpdatedTypes=1, mConfirmedTypes=1, mTimeUpdated=612146267}
03-02 11:22:32.720  1621  1621 I BrightnessSynchronizer: Completed Update: {[15440] 0.10843395(f), mUpdatedTypes=1, mConfirmedTypes=1, mTimeUpdated=612146267}
03-02 11:22:32.733 17991 17991 D nativeloader: Load /data/app/~~Bh61wenJZi6JNVEuOkVQfQ==/com.softnation.Ojam-nnCVAdHxKfOmup5FCuBDYQ==/base.apk!/lib/arm64-v8a/libreact_codegen_safeareacontext.so using class loader ns clns-7 (caller=/data/app/~~Bh61wenJZi6JNVEuOkVQfQ==/com.softnation.Ojam-nnCVAdHxKfOmup5FCuBDYQ==/base.apk!classes20.dex): ok
03-02 11:22:32.741 17991 17991 D nativeloader: Load /data/app/~~Bh61wenJZi6JNVEuOkVQfQ==/com.softnation.Ojam-nnCVAdHxKfOmup5FCuBDYQ==/base.apk!/lib/arm64-v8a/libappmodules.so using class loader ns clns-7 (caller=/data/app/~~Bh61wenJZi6JNVEuOkVQfQ==/com.softnation.Ojam-nnCVAdHxKfOmup5FCuBDYQ==/base.apk!classes20.dex): ok
03-02 11:22:32.745  2363  2477 D MiuiFreeformModeCornerTipHandler: task#37038 onTaskVanished
03-02 11:22:32.745  2363  2477 I MiuiBubbleController: removeBubble: 37038 reason=2
03-02 11:22:32.745  2363  2477 I MultiTaskingTaskRepository: onTaskInfoChanged multi list = [5, 4], full = [37038, 37027, 37019, 36980]
03-02 11:22:32.748  1621  4246 I PowerHalWrapper: amsBoostNotify pid:17991,activity:com.softnation.Ojam.MainActivity, package:com.softnation.Ojam, mProcessCreatePackcom.softnation.Ojam 
03-02 11:22:32.748  1621  4246 I PowerHalWrapper: state: 1 
03-02 11:22:32.749  1621  4246 I ScnModule: [GameDetection] packname: com.softnation.Ojam, apkSize: 113045479. 
03-02 11:22:32.750  1621  4246 I mtkpower_client: [PowerHal_Wrap_notifyAppState] com.softnation.Ojam/com.softnation.Ojam.MainActivity pid=17991 activityId:246448755 state:1
03-02 11:22:32.750   861   861 I vendor.mediatek.hardware.mtkpower_applist-service.mediatek: packName: com.softnation.Ojam actName: com.softnation.Ojam.MainActivity pid: 17991 activityId: 246448755 uid: 10337 state: 1
03-02 11:22:32.750   861   861 I MTK_APPList: [notifyAPPstate] com.softnation.Ojam/com.softnation.Ojam.MainActivity, pid=17991, activityId=246448755, uid=10337, state:RESUMED, fps:-1, win:0
03-02 11:22:32.750   861   861 I MTK_APPList: [notifyAPPstate] multi_resumed_app_count: 2
03-02 11:22:32.750   861   861 I MTK_APPList: [notifyAPPstate] multi_resumed_app_info[0] com.android.systemui/com.android.systemui._190038181, pid:2363, activityId:-1, fps:-1, isMultiWindow:0
03-02 11:22:32.750   861   861 I MTK_APPList: [notifyAPPstate] multi_resumed_app_info[1] com.softnation.Ojam/com.softnation.Ojam.MainActivity, pid:17991, activityId:246448755, fps:-1, isMultiWindow:0
03-02 11:22:32.750   861   861 I MTK_APPList: [getForegroundAPPCount] 2
03-02 11:22:32.750   861   861 I MTK_APPList: [notifyAPPstate] foreground:com.softnation.Ojam, pid:17991, activityId:246448755, uid:10337
03-02 11:22:32.750   861   861 I MTK_APPList: [notifyNetdUID] 10337
03-02 11:22:32.751  1621  4246 I PowerHalWrapper: amsBoostNotify AMS_BOOST_PROCESS_CREATE_BOOST:true 
03-02 11:22:32.751  1621  1621 D MBrainLocalService: isVendorFreezeConditionPass is false
03-02 11:22:32.751  1621  1621 E MBrainLocalService: notifyAppSwitch failed
03-02 11:22:32.751   861   861 I MTK_APPList: [notifyPID] 17991
03-02 11:22:32.752   863   958 I libPowerHal: [perfSetSysInfo] pid type:24, 17991
03-02 11:22:32.752  1621  1650 D ActivityManager: mediaResourceManagerBinder get success
03-02 11:22:32.752  1124  2136 D ResourceManagerServiceNew: update package name: com.softnation.Ojam
03-02 11:22:32.753   861   861 I MTK_APPList: [notifyAPPstate] pc:0, com.google.android.googlequicksearchbox => com.softnation.Ojam
03-02 11:22:32.753  1621  1745 W AlarmManager: Unrecognized alarm listener com.android.server.usage.AppTimeLimitController$SessionUsageGroup@9fea59a
03-02 11:22:32.754  6515 13498 D PerfEngineController: ForegroundInfo{mForegroundPackageName='com.softnation.Ojam', mForegroundUid=10337, mForegroundPid=17991, mLastForegroundPackageName='com.google.android.googlequicksearchbox', mLastForegroundUid=10165, mLastForegroundPid=13966, mMultiWindowForegroundPackageName='com.softnation.Ojam', mMultiWindowForegroundUid=10337, mFlags=1}
03-02 11:22:32.754  1621  1907 D MiuiMultiWindowUtils: DeviceLevel.IS_MIUI_LITE_VERSION 2.0 not support miui multiWindowtides
03-02 11:22:32.755  1621  1907 D BluetoothAdapter: getActiveDevices(profile= A2DP)
03-02 11:22:32.755  6027 28224 I ProcessMonitor: onForegroundInfoChanged: ForegroundInfo{mForegroundPackageName='com.softnation.Ojam', mForegroundUid=10337, mForegroundPid=17991, mLastForegroundPackageName='com.google.android.googlequicksearchbox', mLastForegroundUid=10165, mLastForegroundPid=13966, mMultiWindowForegroundPackageName='com.softnation.Ojam', mMultiWindowForegroundUid=10337, mFlags=1}
03-02 11:22:32.755  1124  2136 D ResourceManagerServiceNew: packageName: com.softnation.Ojam, uid : 10337, hashCode : 197383982
03-02 11:22:32.755  1124  2136 D ResourceManagerServiceNew: ResourceManagerService::setCodecsVppModeWithLock
03-02 11:22:32.755  6027 28224 I VideoBoxUtils: isSupportVideoBox: false
03-02 11:22:32.755  6027  3111 D v1      : myUserId = 0	currentUserId0
03-02 11:22:32.755  1124  2136 D ResourceManagerServiceNew: all codecs setVppMode return fail
03-02 11:22:32.755  6027 28224 I VideoToolBoxService: vtb is closed!!!
03-02 11:22:32.757  1621  1907 D BluetoothAdapter: getActiveDevices(profile= HEADSET)
03-02 11:22:32.759 17991 17991 W Looper  : PerfMonitor longMsg : seq=3 plan=11:22:31.198 late=2ms wall=1553ms h=android.app.ActivityThread$H w=110 procState=-1
03-02 11:22:32.759  1621  1907 D BluetoothAdapter: getActiveDevices(profile= LE_AUDIO)
03-02 11:22:32.760 17991 17991 W libc    : Access denied finding property "ro.vendor.perf.scroll_opt"
03-02 11:22:32.761 18562 13194 E BluetoothAdapterService: getActiveDevices: LeAudioService is null
03-02 11:22:32.761  1621  1907 D AudioSystem: +setParameters(): foregroundUid=10337;bluetoothlowlatencystatus=false 
03-02 11:22:32.761  1621  1907 D AudioSystem: start get log level!
03-02 11:22:32.763   843 24566 D AudioALSAHardware: +setParameters(): bluetoothlowlatencystatus=false;foregroundUid=10337
03-02 11:22:32.763   843 24566 D AudioALSAHardware: -setParameters(): bluetoothlowlatencystatus=false;foregroundUid=10337
03-02 11:22:32.763   857   857 D android.hardware.lights-service.mediatek: write 173 to /sys/class/leds/lcd-backlight/brightness, result: 0
03-02 11:22:32.763   843 24566 E AHAL_Module: setVendorParameters: default: unrecognized parameter "bluetoothlowlatencystatus=false;foregroundUid=10337"
03-02 11:22:32.764   857   857 D android.hardware.lights-service.mediatek: write 173 to /sys/class/mi_display/disp-DSI-0/brightness_clone, result: 0
03-02 11:22:32.764   894  7410 E ConversionHelperAidl: Function: parseAndSetVendorParameters Line: 97 Failed 
03-02 11:22:32.765   843 24566 D AHAL_ModuleBluetooth: setVendorParameters: parameter count 1, async: 0
03-02 11:22:32.765   843 24566 D AHAL_ModuleBluetooth: setVendorParameters: bluetoothlowlatencystatus=false;foregroundUid=10337
03-02 11:22:32.766 18562 13194 D BluetoothLatencyMode: ForegroundInfo{mForegroundPackageName='com.softnation.Ojam', mForegroundUid=10337, mForegroundPid=17991, mLastForegroundPackageName='com.google.android.googlequicksearchbox', mLastForegroundUid=10165, mLastForegroundPid=13966, mMultiWindowForegroundPackageName='com.softnation.Ojam', mMultiWindowForegroundUid=10337, mFlags=1}
03-02 11:22:32.766 18562 13194 W LeAudioService: getLeAudioService(): service is NULL
03-02 11:22:32.766 18562 13194 D BluetoothLatencyMode: isWiredAudioHeadset.type: 1
03-02 11:22:32.766 18562 13194 D BluetoothLatencyMode: isWiredAudioHeadset.type: 2
03-02 11:22:32.766 18562 13194 D BluetoothLatencyMode: isWiredAudioHeadset.type: 18
03-02 11:22:32.766 18562 13194 D BluetoothLatencyMode: isWiredAudioHeadset.type: 14
03-02 11:22:32.767 17991 17991 D nativeloader: Load libpowerhalwrap_jni.so using system ns (caller=/system_ext/framework/mediatek-framework.jar): ok
03-02 11:22:32.767  6515  6997 D MilletUtils: setUidState, uid = 10337 allow = true
03-02 11:22:32.768 17991 17991 I PowerHalWrapper: PowerHalWrapper.getInstance 
03-02 11:22:32.769 17991 17991 I M-ProMotion: M-ProMotion is disabled
03-02 11:22:32.769  1621  1635 D MiSensorServiceImpl: PowerKeeperSensor resume iUid:10337 but app has not in Controlled
03-02 11:22:32.771  1621  4246 D AS.BtHelper: isBluetoothScoOn() mBluetoothHeadset is null: falsemBluetoothHeadsetDevice is null: true
03-02 11:22:32.771  1621  4246 V AS.AudioDeviceBroker: requestedCommunicationDevice: null mAudioModeOwner: AudioModeInfo: mMode=MODE_NORMAL, mPid=0, mUid=0
03-02 11:22:32.771  1621  4246 D AS.BtHelper: isBluetoothScoOn() mBluetoothHeadset is null: falsemBluetoothHeadsetDevice is null: true
03-02 11:22:32.771  1621  4246 V AS.AudioDeviceBroker: requestedCommunicationDevice: null mAudioModeOwner: AudioModeInfo: mMode=MODE_NORMAL, mPid=0, mUid=0
03-02 11:22:32.776   921  1587 D MI-SF   : updateScene: module = 258 (TpIdle), value = 0, pkg = com.softnation.Ojam
03-02 11:22:32.776   921  1587 D MI-SF   : updateScene mSetTpIdleFlag 0
03-02 11:22:32.777 17991 17991 D FramePredict: FramePredict init: true
03-02 11:22:32.778 17991 17991 D UserSceneDetector: invoke error.
03-02 11:22:32.780   857   857 D android.hardware.lights-service.mediatek: write 174 to /sys/class/leds/lcd-backlight/brightness, result: 0
03-02 11:22:32.780   857   857 D android.hardware.lights-service.mediatek: write 174 to /sys/class/mi_display/disp-DSI-0/brightness_clone, result: 0
03-02 11:22:32.780 17991 17991 W Looper  : PerfMonitor doFrame : time=3ms vsyncFrame=19856268 latency=367ms procState=-1 historyMsgCount=3 (msgIndex=1 wall=1553ms seq=3 late=2ms h=android.app.ActivityThread$H w=110)
03-02 11:22:32.783 17991 17991 I ActivityThread: HardwareRenderer preload  done
03-02 11:22:32.786 17991 25066 D vulkan  : searching for layers in '/data/app/~~Bh61wenJZi6JNVEuOkVQfQ==/com.softnation.Ojam-nnCVAdHxKfOmup5FCuBDYQ==/lib/arm64'
03-02 11:22:32.787 17991 25066 D vulkan  : searching for layers in '/data/app/~~Bh61wenJZi6JNVEuOkVQfQ==/com.softnation.Ojam-nnCVAdHxKfOmup5FCuBDYQ==/base.apk!/lib/arm64-v8a'
03-02 11:22:32.788 17991 25066 D vulkan  : searching for layers in '/data/app/~~Bh61wenJZi6JNVEuOkVQfQ==/com.softnation.Ojam-nnCVAdHxKfOmup5FCuBDYQ==/lib/arm64'
03-02 11:22:32.789 17991 25066 D vulkan  : searching for layers in '/data/app/~~Bh61wenJZi6JNVEuOkVQfQ==/com.softnation.Ojam-nnCVAdHxKfOmup5FCuBDYQ==/base.apk!/lib/arm64-v8a'
03-02 11:22:32.790  1159  1606 D ULogGuard: Monitoring: 18 threads, 0 requests, 0 time-bombs; 1 guards. ResetFlags = 0x7
03-02 11:22:32.803 17991 25066 D MMUD    : mtk_memory_debug_init com.softnation.Ojam 0xb400007c0895a5d0
03-02 11:22:32.814   921   921 I BufferQueueProducer: [NavigationBar0#101619](this:0xb400007bced454e8,id:-1,api:0,p:-1,c:921) queueBuffer: fps=60.06 dur=1015.64 max=16.95 min=16.26
03-02 11:22:32.815   857   857 D android.hardware.lights-service.mediatek: write 175 to /sys/class/leds/lcd-backlight/brightness, result: 0
03-02 11:22:32.815   857   857 D android.hardware.lights-service.mediatek: write 175 to /sys/class/mi_display/disp-DSI-0/brightness_clone, result: 0
03-02 11:22:32.841  1621  4431 I BroadcastQueue: BOOT_COMPLETED_BROADCAST_COMPLETION_LATENCY_REPORTED action:android.intent.action.BOOT_COMPLETED dispatchLatency:0 completeLatency:1661 dispatchRealLatency:1 completeRealLatency:1662 receiversSize:1 userId:0 userType:android.os.usertype.full.SYSTEM
03-02 11:22:32.847   857   857 D android.hardware.lights-service.mediatek: write 176 to /sys/class/leds/lcd-backlight/brightness, result: 0
03-02 11:22:32.847   857   857 D android.hardware.lights-service.mediatek: write 176 to /sys/class/mi_display/disp-DSI-0/brightness_clone, result: 0
03-02 11:22:32.848  1621  1918 E HyperSentinel: -------------------------------------------------------
03-02 11:22:32.848  1621  1918 E HyperSentinel: Event_ThreadAmount
03-02 11:22:32.848  1621  1918 E HyperSentinel: -> audit event by proc 17991 "usap64": running threads amount, 12 -> 23
03-02 11:22:32.848  1621  1917 D MiuiSentinelService: begin judgment ThreadAmountLeakException
03-02 11:22:32.848  1621  1917 E MiuiSentinelMemoryManager: getThreadinfo: usap64#17991
03-02 11:22:32.850 17991 17991 D AppCompatDelegate: Checking for metadata for AppLocalesMetadataHolderService : Service not found
03-02 11:22:32.861  1999  2759 D TaskStackChangeListeners: onTaskDescriptionChanged =  taskId = 37038
03-02 11:22:32.863   857   857 D android.hardware.lights-service.mediatek: write 177 to /sys/class/leds/lcd-backlight/brightness, result: 0
03-02 11:22:32.864   857   857 D android.hardware.lights-service.mediatek: write 177 to /sys/class/mi_display/disp-DSI-0/brightness_clone, result: 0
03-02 11:22:32.866  1621  1640 D AudioSystem: +setParameters(): gamebooster=false 
03-02 11:22:32.866  1621  1640 D AudioSystem: start get log level!
03-02 11:22:32.867   843 24566 D AudioALSAHardware: +setParameters(): gamebooster=false
03-02 11:22:32.868   843 24566 D AudioALSAHardware: -setParameters(): gamebooster=false
03-02 11:22:32.868   843 24566 E AHAL_Module: setVendorParameters: default: unrecognized parameter "gamebooster=false"
03-02 11:22:32.868  1999  2759 D TaskStackChangeListeners: onTaskDescriptionChanged =  taskId = 37038
03-02 11:22:32.868   894  7410 E ConversionHelperAidl: Function: parseAndSetVendorParameters Line: 97 Failed 
03-02 11:22:32.869   843 24566 D AHAL_ModuleBluetooth: setVendorParameters: parameter count 1, async: 0
03-02 11:22:32.869   843 24566 D AHAL_ModuleBluetooth: setVendorParameters: gamebooster=false
03-02 11:22:32.897   857   857 D android.hardware.lights-service.mediatek: write 178 to /sys/class/leds/lcd-backlight/brightness, result: 0
03-02 11:22:32.897   857   857 D android.hardware.lights-service.mediatek: write 178 to /sys/class/mi_display/disp-DSI-0/brightness_clone, result: 0
03-02 11:22:32.905 17991 17991 I softnation.Ojam: hiddenapi: Accessing hidden method Landroid/view/ViewGroup;->makeOptionalFitsSystemWindows()V (runtime_flags=0, domain=platform, api=unsupported) from Landroidx/appcompat/widget/ViewUtils; (domain=app, TargetSdkVersion=36) using reflection: allowed
03-02 11:22:32.905 17991 25070 D MMUD    : get_leak_baseline 3246391296
03-02 11:22:32.913   857   857 D android.hardware.lights-service.mediatek: write 179 to /sys/class/leds/lcd-backlight/brightness, result: 0
03-02 11:22:32.914   857   857 D android.hardware.lights-service.mediatek: write 179 to /sys/class/mi_display/disp-DSI-0/brightness_clone, result: 0
03-02 11:22:32.947   857   857 D android.hardware.lights-service.mediatek: write 180 to /sys/class/leds/lcd-backlight/brightness, result: 0
03-02 11:22:32.947   857   857 D android.hardware.lights-service.mediatek: write 180 to /sys/class/mi_display/disp-DSI-0/brightness_clone, result: 0
03-02 11:22:32.961  2350  2350 W Settings: Setting airplane_mode_on has moved from android.provider.Settings.System to android.provider.Settings.Global, returning read-only value.
03-02 11:22:32.963  2350  2350 W Settings: Setting airplane_mode_on has moved from android.provider.Settings.System to android.provider.Settings.Global, returning read-only value.
03-02 11:22:32.966  2350 29580 D NetworkSpeedTracker: updateSignalInfo lteRsrp=-69lteSnr=22,phoneId=1
03-02 11:22:32.969  2350 29580 D NetworkSpeedTracker: updateSignalInfo lteRsrp=-69lteSnr=22,phoneId=1
03-02 11:22:32.980   857   857 D android.hardware.lights-service.mediatek: write 181 to /sys/class/leds/lcd-backlight/brightness, result: 0
03-02 11:22:32.981   857   857 D android.hardware.lights-service.mediatek: write 181 to /sys/class/mi_display/disp-DSI-0/brightness_clone, result: 0
03-02 11:22:32.988 13966 25016 I FA      : Application backgrounded at: timestamp_millis: 1772446950986
03-02 11:22:32.992  1621  4246 D ActivityManager: getProcessesInErrorState callingUid=10126, CallingPid=18142
03-02 11:22:32.997   857   857 D android.hardware.lights-service.mediatek: write 182 to /sys/class/leds/lcd-backlight/brightness, result: 0
03-02 11:22:33.001   857   857 D android.hardware.lights-service.mediatek: write 182 to /sys/class/mi_display/disp-DSI-0/brightness_clone, result: 0
03-02 11:22:33.030   857   857 D android.hardware.lights-service.mediatek: write 183 to /sys/class/leds/lcd-backlight/brightness, result: 0
