03-02 11:22:34.739 19783 20076 I gyx     : MDD.getFileGroupsByFilter(langpack-domain_xx-XX_ver_zipfile)
03-02 11:22:34.739 19783 20076 I DefaultLPManager: #getRequestedPackages
03-02 11:22:34.740 19783 20076 I ZipLPPopulator: #addNewFileGroups
03-02 11:22:34.740 19783 20076 I gyx     : #getDownloadableLanguagePacks
03-02 11:22:34.741 19783 20076 I LanguagePackConfigImpl: Loaded languagepack (LP) flag value from latest config autogen_BatchV3071V3072: [en-US3008, de-DE3003, es-ES3000, fr-FR3003, it-IT3000, en-AU3003, en-GB3002, en-IE3002, en-SG3001, ja-JP3004, de-AT3054, de-BE3054, de-CH3054, de-DE3054, en-AU3054, en-CA3054, en-GB3054, en-IE3054, en-IN3054, en-SG3054, en-US3054, es-ES3054, es-US3054, fr-BE3054, fr-CA3054, fr-CH3054, fr-FR3054, hi-IN3054, id-ID3054, it-CH3054, it-IT3054, ja-JP3054, ko-KR3054, pt-BR3054, th-TH3054, cmn-Hans-CN3056, cmn-Hant-TW3056, de-AT3056, de-BE3056, de-CH3056, de-DE3056, en-CA3056, en-IN3056, en-US3056, es-ES3056, es-US3056, fr-BE3056, fr-CA3056, fr-CH3056, fr-FR3056, hi-IN3056, id-ID3056, it-CH3056, it-IT3056, ja-JP3056, ko-KR3056, pl-PL3056, pt-BR3056, ru-RU3056, th-TH3056, tr-TR3056, vi-VN3056, ja-JP3059, id-ID3059, ko-KR3061, pl-PL3059, ru-RU3059, th-TH3059, tr-TR3059, vi-VN3059, en-AU3071, en-CA3071, en-GB3071, en-IE3071, en-SG3071, en-US3072, hi-IN3072]
03-02 11:22:34.741 19783 20076 W SystemLPSourceImpl: #getRequestedPackages: There is not reason to call this method, as the result is always empty.
03-02 11:22:34.742 19783 20076 I DefaultLPManager: #getAvailablePackages
03-02 11:22:34.742 19783 20076 I gyx     : #getDownloadableLanguagePacks
03-02 11:22:34.742 19783 20076 I LanguagePackConfigImpl: Loaded languagepack (LP) flag value from latest config autogen_BatchV3071V3072: [en-US3008, de-DE3003, es-ES3000, fr-FR3003, it-IT3000, en-AU3003, en-GB3002, en-IE3002, en-SG3001, ja-JP3004, de-AT3054, de-BE3054, de-CH3054, de-DE3054, en-AU3054, en-CA3054, en-GB3054, en-IE3054, en-IN3054, en-SG3054, en-US3054, es-ES3054, es-US3054, fr-BE3054, fr-CA3054, fr-CH3054, fr-FR3054, hi-IN3054, id-ID3054, it-CH3054, it-IT3054, ja-JP3054, ko-KR3054, pt-BR3054, th-TH3054, cmn-Hans-CN3056, cmn-Hant-TW3056, de-AT3056, de-BE3056, de-CH3056, de-DE3056, en-CA3056, en-IN3056, en-US3056, es-ES3056, es-US3056, fr-BE3056, fr-CA3056, fr-CH3056, fr-FR3056, hi-IN3056, id-ID3056, it-CH3056, it-IT3056, ja-JP3056, ko-KR3056, pl-PL3056, pt-BR3056, ru-RU3056, th-TH3056, tr-TR3056, vi-VN3056, ja-JP3059, id-ID3059, ko-KR3061, pl-PL3059, ru-RU3059, th-TH3059, tr-TR3059, vi-VN3059, en-AU3071, en-CA3071, en-GB3071, en-IE3071, en-SG3071, en-US3072, hi-IN3072]
03-02 11:22:34.742 19783 20076 W SystemLPSourceImpl: #getAvailablePackages: Note there is not reason to call this method, as getInstalledPackages() returns the same LanguagePacks for this impl.
03-02 11:22:34.750   857   857 D android.hardware.lights-service.mediatek: write 263 to /sys/class/leds/lcd-backlight/brightness, result: 0
03-02 11:22:34.750 19783 20076 E VoiceSearchConfigProtoU: Unrecognized recognizer for [ja-JP, 3054]: 23. Ignoring it and its associated features.
03-02 11:22:34.750 19783 20076 E VoiceSearchConfigProtoU: Unrecognized recognizer for [ja-JP, 3054]: 22. Ignoring it and its associated features.
03-02 11:22:34.750 19783 20076 E VoiceSearchConfigProtoU: Unrecognized recognizer for [ja-JP, 3054]: 23. Ignoring it and its associated features.
03-02 11:22:34.750   857   857 D android.hardware.lights-service.mediatek: write 263 to /sys/class/mi_display/disp-DSI-0/brightness_clone, result: 0
03-02 11:22:34.750 19783 20076 E VoiceSearchConfigProtoU: Unrecognized recognizer for [ja-JP, 3054]: 22. Ignoring it and its associated features.
03-02 11:22:34.751 19783 20076 E VoiceSearchConfigProtoU: Unrecognized recognizer for [ja-JP, 3054]: 23. Ignoring it and its associated features.
03-02 11:22:34.751 19783 20076 E VoiceSearchConfigProtoU: Unrecognized recognizer for [ja-JP, 3054]: 22. Ignoring it and its associated features.
03-02 11:22:34.751 19783 20076 E VoiceSearchConfigProtoU: Unrecognized recognizer for [ja-JP, 3054]: 22. Ignoring it and its associated features.
03-02 11:22:34.751 19783 20076 E VoiceSearchConfigProtoU: Unrecognized recognizer for [ja-JP, 3054]: 22. Ignoring it and its associated features.
03-02 11:22:34.751 19783 20167 I SystemLPSourceImpl: Parsed system partition LanguagePack metadata file: /product/usr/srec/en-US/metadata
03-02 11:22:34.752 19783 20167 I SystemLPSourceImpl: Parsed system partition LanguagePack metadata file: /product/usr/srec/en-US/metadata
03-02 11:22:34.753 19783 20167 I SystemLPSourceImpl: Parsed system partition LanguagePack metadata file: /product/usr/srec/en-US/metadata
03-02 11:22:34.754 19783 20076 E VoiceSearchConfigProtoU: Unrecognized recognizer for [ja-JP, 3056]: 23. Ignoring it and its associated features.
03-02 11:22:34.755 19783 20076 E VoiceSearchConfigProtoU: Unrecognized recognizer for [ja-JP, 3056]: 22. Ignoring it and its associated features.
03-02 11:22:34.755 19783 20076 E VoiceSearchConfigProtoU: Unrecognized recognizer for [ja-JP, 3056]: 23. Ignoring it and its associated features.
03-02 11:22:34.755 19783 20076 E VoiceSearchConfigProtoU: Unrecognized recognizer for [ja-JP, 3056]: 22. Ignoring it and its associated features.
03-02 11:22:34.755 19783 20076 E VoiceSearchConfigProtoU: Unrecognized recognizer for [ja-JP, 3056]: 23. Ignoring it and its associated features.
03-02 11:22:34.755 19783 20076 E VoiceSearchConfigProtoU: Unrecognized recognizer for [ja-JP, 3056]: 22. Ignoring it and its associated features.
03-02 11:22:34.755 19783 20076 E VoiceSearchConfigProtoU: Unrecognized recognizer for [ja-JP, 3056]: 22. Ignoring it and its associated features.
03-02 11:22:34.755 19783 20076 E VoiceSearchConfigProtoU: Unrecognized recognizer for [ja-JP, 3056]: 22. Ignoring it and its associated features.
03-02 11:22:34.763 19783 20076 E VoiceSearchConfigProtoU: Unrecognized recognizer for [ja-JP, 3054]: 23. Ignoring it and its associated features.
03-02 11:22:34.763 19783 20076 E VoiceSearchConfigProtoU: Unrecognized recognizer for [ja-JP, 3054]: 22. Ignoring it and its associated features.
03-02 11:22:34.764 19783 20076 E VoiceSearchConfigProtoU: Unrecognized recognizer for [ja-JP, 3054]: 23. Ignoring it and its associated features.
03-02 11:22:34.764 17991 25090 D nativeloader: Load /data/app/~~Bh61wenJZi6JNVEuOkVQfQ==/com.softnation.Ojam-nnCVAdHxKfOmup5FCuBDYQ==/base.apk!/lib/arm64-v8a/libhermes.so using class loader ns clns-7 (caller=/data/app/~~Bh61wenJZi6JNVEuOkVQfQ==/com.softnation.Ojam-nnCVAdHxKfOmup5FCuBDYQ==/base.apk!classes20.dex): ok
03-02 11:22:34.764 19783 20076 E VoiceSearchConfigProtoU: Unrecognized recognizer for [ja-JP, 3054]: 22. Ignoring it and its associated features.
03-02 11:22:34.764 19783 20076 E VoiceSearchConfigProtoU: Unrecognized recognizer for [ja-JP, 3054]: 23. Ignoring it and its associated features.
03-02 11:22:34.764 19783 20076 E VoiceSearchConfigProtoU: Unrecognized recognizer for [ja-JP, 3054]: 22. Ignoring it and its associated features.
03-02 11:22:34.764 19783 20076 E VoiceSearchConfigProtoU: Unrecognized recognizer for [ja-JP, 3054]: 22. Ignoring it and its associated features.
03-02 11:22:34.764 19783 20076 E VoiceSearchConfigProtoU: Unrecognized recognizer for [ja-JP, 3054]: 22. Ignoring it and its associated features.
03-02 11:22:34.766   857   857 D android.hardware.lights-service.mediatek: write 264 to /sys/class/leds/lcd-backlight/brightness, result: 0
03-02 11:22:34.766   857   857 D android.hardware.lights-service.mediatek: write 264 to /sys/class/mi_display/disp-DSI-0/brightness_clone, result: 0
03-02 11:22:34.767 17991 25090 D nativeloader: Load /data/app/~~Bh61wenJZi6JNVEuOkVQfQ==/com.softnation.Ojam-nnCVAdHxKfOmup5FCuBDYQ==/base.apk!/lib/arm64-v8a/libhermestooling.so using class loader ns clns-7 (caller=/data/app/~~Bh61wenJZi6JNVEuOkVQfQ==/com.softnation.Ojam-nnCVAdHxKfOmup5FCuBDYQ==/base.apk!classes20.dex): ok
03-02 11:22:34.767 17991 25090 D jni_lib_merge: Entering merged library JNI_OnLoad.
03-02 11:22:34.767 17991 25090 D jni_lib_merge: Preparing 4 pre-merged libs (including stub)
03-02 11:22:34.767 17991 25090 D jni_lib_merge: Preparing to register libhermes_executor_so.  onload_func: 0x77e3db27e0
03-02 11:22:34.767 17991 25090 D jni_lib_merge: Preparing to register libhermesinstancejni_so.  onload_func: 0x77e3de826c
03-02 11:22:34.768 17991 25090 D jni_lib_merge: Preparing to register libjsijniprofiler_so.  onload_func: 0x77e3dea2bc
03-02 11:22:34.768 17991 25090 D jni_lib_merge: About to register 3 actual methods.
03-02 11:22:34.768 19783 20076 E VoiceSearchConfigProtoU: Unrecognized recognizer for [ja-JP, 3056]: 23. Ignoring it and its associated features.
03-02 11:22:34.768 19783 20076 E VoiceSearchConfigProtoU: Unrecognized recognizer for [ja-JP, 3056]: 22. Ignoring it and its associated features.
03-02 11:22:34.768 19783 20076 E VoiceSearchConfigProtoU: Unrecognized recognizer for [ja-JP, 3056]: 23. Ignoring it and its associated features.
03-02 11:22:34.768 19783 20076 E VoiceSearchConfigProtoU: Unrecognized recognizer for [ja-JP, 3056]: 22. Ignoring it and its associated features.
03-02 11:22:34.769 19783 20076 E VoiceSearchConfigProtoU: Unrecognized recognizer for [ja-JP, 3056]: 23. Ignoring it and its associated features.
03-02 11:22:34.769 19783 20076 E VoiceSearchConfigProtoU: Unrecognized recognizer for [ja-JP, 3056]: 22. Ignoring it and its associated features.
03-02 11:22:34.769 19783 20076 E VoiceSearchConfigProtoU: Unrecognized recognizer for [ja-JP, 3056]: 22. Ignoring it and its associated features.
03-02 11:22:34.769 19783 20076 E VoiceSearchConfigProtoU: Unrecognized recognizer for [ja-JP, 3056]: 22. Ignoring it and its associated features.
03-02 11:22:34.777 19783 20076 E VoiceSearchConfigProtoU: Unrecognized recognizer for [ja-JP, 3054]: 23. Ignoring it and its associated features.
03-02 11:22:34.777  1621  2192 D AS.BtHelper: isBluetoothScoOn() mBluetoothHeadset is null: falsemBluetoothHeadsetDevice is null: true
03-02 11:22:34.777  1621  2192 V AS.AudioDeviceBroker: requestedCommunicationDevice: null mAudioModeOwner: AudioModeInfo: mMode=MODE_NORMAL, mPid=0, mUid=0
03-02 11:22:34.777 19783 20076 E VoiceSearchConfigProtoU: Unrecognized recognizer for [ja-JP, 3054]: 22. Ignoring it and its associated features.
03-02 11:22:34.777 19783 20076 E VoiceSearchConfigProtoU: Unrecognized recognizer for [ja-JP, 3054]: 23. Ignoring it and its associated features.
03-02 11:22:34.777 19783 20076 E VoiceSearchConfigProtoU: Unrecognized recognizer for [ja-JP, 3054]: 22. Ignoring it and its associated features.
03-02 11:22:34.777 19783 20076 E VoiceSearchConfigProtoU: Unrecognized recognizer for [ja-JP, 3054]: 23. Ignoring it and its associated features.
03-02 11:22:34.777  1621  2192 D AS.BtHelper: isBluetoothScoOn() mBluetoothHeadset is null: falsemBluetoothHeadsetDevice is null: true
03-02 11:22:34.777 19783 20076 E VoiceSearchConfigProtoU: Unrecognized recognizer for [ja-JP, 3054]: 22. Ignoring it and its associated features.
03-02 11:22:34.777  1621  2192 V AS.AudioDeviceBroker: requestedCommunicationDevice: null mAudioModeOwner: AudioModeInfo: mMode=MODE_NORMAL, mPid=0, mUid=0
03-02 11:22:34.778 19783 20076 E VoiceSearchConfigProtoU: Unrecognized recognizer for [ja-JP, 3054]: 22. Ignoring it and its associated features.
03-02 11:22:34.778 19783 20076 E VoiceSearchConfigProtoU: Unrecognized recognizer for [ja-JP, 3054]: 22. Ignoring it and its associated features.
03-02 11:22:34.781 19783 20076 E VoiceSearchConfigProtoU: Unrecognized recognizer for [ja-JP, 3056]: 23. Ignoring it and its associated features.
03-02 11:22:34.782 19783 20076 E VoiceSearchConfigProtoU: Unrecognized recognizer for [ja-JP, 3056]: 22. Ignoring it and its associated features.
03-02 11:22:34.782 19783 20076 E VoiceSearchConfigProtoU: Unrecognized recognizer for [ja-JP, 3056]: 23. Ignoring it and its associated features.
03-02 11:22:34.782 19783 20076 E VoiceSearchConfigProtoU: Unrecognized recognizer for [ja-JP, 3056]: 22. Ignoring it and its associated features.
03-02 11:22:34.782 19783 20076 E VoiceSearchConfigProtoU: Unrecognized recognizer for [ja-JP, 3056]: 23. Ignoring it and its associated features.
03-02 11:22:34.782 19783 20076 E VoiceSearchConfigProtoU: Unrecognized recognizer for [ja-JP, 3056]: 22. Ignoring it and its associated features.
03-02 11:22:34.782 19783 20076 E VoiceSearchConfigProtoU: Unrecognized recognizer for [ja-JP, 3056]: 22. Ignoring it and its associated features.
03-02 11:22:34.782   857   857 D android.hardware.lights-service.mediatek: write 265 to /sys/class/leds/lcd-backlight/brightness, result: 0
03-02 11:22:34.782 19783 20076 E VoiceSearchConfigProtoU: Unrecognized recognizer for [ja-JP, 3056]: 22. Ignoring it and its associated features.
03-02 11:22:34.783   857   857 D android.hardware.lights-service.mediatek: write 265 to /sys/class/mi_display/disp-DSI-0/brightness_clone, result: 0
03-02 11:22:34.788 19783 20076 I LPRequestState: [ZipfileRequests] #resolveDesiredLanguagePacks
03-02 11:22:34.793 19783 20076 I LPRequestState: Assigning language pack Optional.of(LanguagePackDescriptor{locale=en_GB, version=3071, installType=ZIPFILE_DOWNLOAD, applicationDomains=[1, 2, 3, 4, 5, 6, 7, 11], featuresForDomains={1=[2, 3, 4, 5, 9, 10, 13, 14, 15], 2=[2, 3, 4, 5, 9, 10, 13, 14, 15], 3=[2, 3, 4, 5, 9, 10, 13, 14, 15], 4=[2, 3, 4, 5, 9, 10, 13, 14, 15], 5=[2, 3, 4, 5, 9, 10, 13, 14, 15], 6=[2, 3, 4, 5, 9, 10, 13, 14, 15], 7=[2, 3, 4, 5, 9, 10, 13, 14, 15], 11=[2, 3, 4, 5, 9, 10, 13, 14, 15]}, sizeBytes=50364000, zipfileParams=Optional.of(ZipfileParams{downloadUrl=https://dl.google.com/android/voice/soda/en-GB/v3071/soda-en-GB-v3071.zip, hashValueSha1=E56E740AEFBAC43903EB204E921019F7CFD938D5}), readOnlyParams=Optional.absent()}) for request # gxw@f9f33d66
03-02 11:22:34.794 19783 20076 I LPRequestState: [ManagerRequests] #resolveDesiredLanguagePacks
03-02 11:22:34.795 19783 20076 I LPRequestState: [ManagerRequests] #resolveUnusedLanguagePacks
03-02 11:22:34.795 19783 20076 I LPRequestState: [ManagerRequests] #resolveDesiredLanguagePacks
03-02 11:22:34.795 19783 20076 I LPDownloadSettingsState: Defaulting LP download condition to 2 as user has not edited settings.
03-02 11:22:34.796 19783 20076 I LPRequestState: Assigning language pack Optional.of(LanguagePackDescriptor{locale=en_GB, version=3071, installType=ZIPFILE_DOWNLOAD, applicationDomains=[1, 2, 3, 4, 5, 6, 7, 11], featuresForDomains={1=[2, 3, 4, 5, 9, 10, 13, 14, 15], 2=[2, 3, 4, 5, 9, 10, 13, 14, 15], 3=[2, 3, 4, 5, 9, 10, 13, 14, 15], 4=[2, 3, 4, 5, 9, 10, 13, 14, 15], 5=[2, 3, 4, 5, 9, 10, 13, 14, 15], 6=[2, 3, 4, 5, 9, 10, 13, 14, 15], 7=[2, 3, 4, 5, 9, 10, 13, 14, 15], 11=[2, 3, 4, 5, 9, 10, 13, 14, 15]}, sizeBytes=50364000, zipfileParams=Optional.of(ZipfileParams{downloadUrl=https://dl.google.com/android/voice/soda/en-GB/v3071/soda-en-GB-v3071.zip, hashValueSha1=E56E740AEFBAC43903EB204E921019F7CFD938D5}), readOnlyParams=Optional.absent()}) for request # gxw@deb2e6f3
03-02 11:22:34.796 19783 20076 I ZipLPPopulator: MDD.addFileGroup: LanguagePackDescriptor{locale=en_GB, version=3071, installType=ZIPFILE_DOWNLOAD, applicationDomains=[1, 2, 3, 4, 5, 6, 7, 11], featuresForDomains={1=[2, 3, 4, 5, 9, 10, 13, 14, 15], 2=[2, 3, 4, 5, 9, 10, 13, 14, 15], 3=[2, 3, 4, 5, 9, 10, 13, 14, 15], 4=[2, 3, 4, 5, 9, 10, 13, 14, 15], 5=[2, 3, 4, 5, 9, 10, 13, 14, 15], 6=[2, 3, 4, 5, 9, 10, 13, 14, 15], 7=[2, 3, 4, 5, 9, 10, 13, 14, 15], 11=[2, 3, 4, 5, 9, 10, 13, 14, 15]}, sizeBytes=50364000, zipfileParams=Optional.of(ZipfileParams{downloadUrl=https://dl.google.com/android/voice/soda/en-GB/v3071/soda-en-GB-v3071.zip, hashValueSha1=E56E740AEFBAC43903EB204E921019F7CFD938D5}), readOnlyParams=Optional.absent()}
03-02 11:22:34.797 19783 20076 I LPRequestState: Assigning language pack Optional.absent() for request # gxw@deb2e6f3
03-02 11:22:34.798 19783 20076 I LanguagePackMaintenance: Background downloading 1 packs, for an ideal set of 1 total packs
03-02 11:22:34.798 19783 20076 I LanguagePackMaintenance: Background downloading packs [en-GB_v3071]
03-02 11:22:34.798 19783 20076 I LanguagePackMaintenance: Ideal set: [en-GB_v3071]
03-02 11:22:34.798 19783 20076 I DefaultLPManager: #installPackage
03-02 11:22:34.799 19783 20076 I LPRequestState: [ZipfileRequests] #addRequest
03-02 11:22:34.799   857   857 D android.hardware.lights-service.mediatek: write 266 to /sys/class/leds/lcd-backlight/brightness, result: 0
03-02 11:22:34.799   857   857 D android.hardware.lights-service.mediatek: write 266 to /sys/class/mi_display/disp-DSI-0/brightness_clone, result: 0
03-02 11:22:34.799 19783 20076 I ZipLPPopulator: #addNewFileGroups
03-02 11:22:34.800 19783 20076 I gyx     : #getDownloadableLanguagePacks
03-02 11:22:34.800 19783 20076 I LanguagePackConfigImpl: Loaded languagepack (LP) flag value from latest config autogen_BatchV3071V3072: [en-US3008, de-DE3003, es-ES3000, fr-FR3003, it-IT3000, en-AU3003, en-GB3002, en-IE3002, en-SG3001, ja-JP3004, de-AT3054, de-BE3054, de-CH3054, de-DE3054, en-AU3054, en-CA3054, en-GB3054, en-IE3054, en-IN3054, en-SG3054, en-US3054, es-ES3054, es-US3054, fr-BE3054, fr-CA3054, fr-CH3054, fr-FR3054, hi-IN3054, id-ID3054, it-CH3054, it-IT3054, ja-JP3054, ko-KR3054, pt-BR3054, th-TH3054, cmn-Hans-CN3056, cmn-Hant-TW3056, de-AT3056, de-BE3056, de-CH3056, de-DE3056, en-CA3056, en-IN3056, en-US3056, es-ES3056, es-US3056, fr-BE3056, fr-CA3056, fr-CH3056, fr-FR3056, hi-IN3056, id-ID3056, it-CH3056, it-IT3056, ja-JP3056, ko-KR3056, pl-PL3056, pt-BR3056, ru-RU3056, th-TH3056, tr-TR3056, vi-VN3056, ja-JP3059, id-ID3059, ko-KR3061, pl-PL3059, ru-RU3059, th-TH3059, tr-TR3059, vi-VN3059, en-AU3071, en-CA3071, en-GB3071, en-IE3071, en-SG3071, en-US3072, hi-IN3072]
03-02 11:22:34.800 19783 20076 I ZipLPPopulator: Updated file group for group 'langpack-domain_en-GB_3071_zipfile' from location: https://dl.google.com/android/voice/soda/en-GB/v3071/soda-en-GB-v3071.zip
03-02 11:22:34.800 19783 20076 I ZipLPPopulator: #addNewFileGroups complete
03-02 11:22:34.801 19783 20076 I gyx     : #getPendingPackages from MDD
03-02 11:22:34.801 19783 20076 I gyx     : #GetLanguagePackList
03-02 11:22:34.801 19783 20076 I gyx     : MDD.getFileGroupsByFilter(langpack-domain_xx-XX_ver_zipfile)
03-02 11:22:34.806 19783 20076 E VoiceSearchConfigProtoU: Unrecognized recognizer for [ja-JP, 3054]: 23. Ignoring it and its associated features.
03-02 11:22:34.806 19783 20076 E VoiceSearchConfigProtoU: Unrecognized recognizer for [ja-JP, 3054]: 22. Ignoring it and its associated features.
03-02 11:22:34.806 19783 20076 E VoiceSearchConfigProtoU: Unrecognized recognizer for [ja-JP, 3054]: 23. Ignoring it and its associated features.
03-02 11:22:34.806 19783 20076 E VoiceSearchConfigProtoU: Unrecognized recognizer for [ja-JP, 3054]: 22. Ignoring it and its associated features.
03-02 11:22:34.806 19783 20076 E VoiceSearchConfigProtoU: Unrecognized recognizer for [ja-JP, 3054]: 23. Ignoring it and its associated features.
03-02 11:22:34.807 19783 20076 E VoiceSearchConfigProtoU: Unrecognized recognizer for [ja-JP, 3054]: 22. Ignoring it and its associated features.
03-02 11:22:34.807 19783 20076 E VoiceSearchConfigProtoU: Unrecognized recognizer for [ja-JP, 3054]: 22. Ignoring it and its associated features.
03-02 11:22:34.807 19783 20076 E VoiceSearchConfigProtoU: Unrecognized recognizer for [ja-JP, 3054]: 22. Ignoring it and its associated features.
03-02 11:22:34.810 19783 20076 E VoiceSearchConfigProtoU: Unrecognized recognizer for [ja-JP, 3056]: 23. Ignoring it and its associated features.
03-02 11:22:34.811 19783 20076 E VoiceSearchConfigProtoU: Unrecognized recognizer for [ja-JP, 3056]: 22. Ignoring it and its associated features.
03-02 11:22:34.811 19783 20076 E VoiceSearchConfigProtoU: Unrecognized recognizer for [ja-JP, 3056]: 23. Ignoring it and its associated features.
03-02 11:22:34.811 19783 20076 E VoiceSearchConfigProtoU: Unrecognized recognizer for [ja-JP, 3056]: 22. Ignoring it and its associated features.
03-02 11:22:34.811 19783 20076 E VoiceSearchConfigProtoU: Unrecognized recognizer for [ja-JP, 3056]: 23. Ignoring it and its associated features.
03-02 11:22:34.811 19783 20076 E VoiceSearchConfigProtoU: Unrecognized recognizer for [ja-JP, 3056]: 22. Ignoring it and its associated features.
03-02 11:22:34.811 19783 20076 E VoiceSearchConfigProtoU: Unrecognized recognizer for [ja-JP, 3056]: 22. Ignoring it and its associated features.
03-02 11:22:34.811 19783 20076 E VoiceSearchConfigProtoU: Unrecognized recognizer for [ja-JP, 3056]: 22. Ignoring it and its associated features.
03-02 11:22:34.815 19783 20076 I LPRequestState: [ZipfileRequests] #resolveDesiredLanguagePacks
03-02 11:22:34.816   857   857 D android.hardware.lights-service.mediatek: write 267 to /sys/class/leds/lcd-backlight/brightness, result: 0
03-02 11:22:34.816 19783 20076 I DownloaderCallbacksTrig: No #onInstallRequest callbacks registered. Request logged for en-GB_v3071
03-02 11:22:34.816   857   857 D android.hardware.lights-service.mediatek: write 267 to /sys/class/mi_display/disp-DSI-0/brightness_clone, result: 0
03-02 11:22:34.816 19783 20076 I MddLanguagePackDownload: MDD.downloadFileGroup(langpack-domain_en-GB_3071_zipfile)
03-02 11:22:34.817 19783 20076 I LPRequestState: Assigning language pack Optional.of(LanguagePackDescriptor{locale=en_GB, version=3071, installType=ZIPFILE_DOWNLOAD, applicationDomains=[1, 2, 3, 4, 5, 6, 7, 11], featuresForDomains={1=[2, 3, 4, 5, 9, 10, 13, 14, 15], 2=[2, 3, 4, 5, 9, 10, 13, 14, 15], 3=[2, 3, 4, 5, 9, 10, 13, 14, 15], 4=[2, 3, 4, 5, 9, 10, 13, 14, 15], 5=[2, 3, 4, 5, 9, 10, 13, 14, 15], 6=[2, 3, 4, 5, 9, 10, 13, 14, 15], 7=[2, 3, 4, 5, 9, 10, 13, 14, 15], 11=[2, 3, 4, 5, 9, 10, 13, 14, 15]}, sizeBytes=50364000, zipfileParams=Optional.of(ZipfileParams{downloadUrl=https://dl.google.com/android/voice/soda/en-GB/v3071/soda-en-GB-v3071.zip, hashValueSha1=E56E740AEFBAC43903EB204E921019F7CFD938D5}), readOnlyParams=Optional.absent()}) for request # gxw@f9f33d66
03-02 11:22:34.817 19783 20076 I LPRequestState: [ManagerRequests] #resolveUnusedLanguagePacks
03-02 11:22:34.818 19783 20076 I LPRequestState: [ManagerRequests] #resolveDesiredLanguagePacks
03-02 11:22:34.818 19783 20076 I DefaultLPManager: #calculateRolledBackPacks
03-02 11:22:34.818 19783 20076 I LPDownloadSettingsState: Defaulting LP download condition to 2 as user has not edited settings.
03-02 11:22:34.819 19783 20076 I LPRequestState: Assigning language pack Optional.of(LanguagePackDescriptor{locale=en_GB, version=3071, installType=ZIPFILE_DOWNLOAD, applicationDomains=[], featuresForDomains={}, sizeBytes=50364000, zipfileParams=Optional.absent(), readOnlyParams=Optional.absent()}) for request # gxw@deb2e6f3
03-02 11:22:34.819 19783 20076 I ZipLPPopulator: MDD.addFileGroup: LanguagePackDescriptor{locale=en_GB, version=3071, installType=ZIPFILE_DOWNLOAD, applicationDomains=[1, 2, 3, 4, 5, 6, 7, 11], featuresForDomains={1=[2, 3, 4, 5, 9, 10, 13, 14, 15], 2=[2, 3, 4, 5, 9, 10, 13, 14, 15], 3=[2, 3, 4, 5, 9, 10, 13, 14, 15], 4=[2, 3, 4, 5, 9, 10, 13, 14, 15], 5=[2, 3, 4, 5, 9, 10, 13, 14, 15], 6=[2, 3, 4, 5, 9, 10, 13, 14, 15], 7=[2, 3, 4, 5, 9, 10, 13, 14, 15], 11=[2, 3, 4, 5, 9, 10, 13, 14, 15]}, sizeBytes=50364000, zipfileParams=Optional.of(ZipfileParams{downloadUrl=https://dl.google.com/android/voice/soda/en-GB/v3071/soda-en-GB-v3071.zip, hashValueSha1=E56E740AEFBAC43903EB204E921019F7CFD938D5}), readOnlyParams=Optional.absent()}
03-02 11:22:34.820 19783 20076 I LanguagePackMaintenance: Background deleting 0 stale packs: 
03-02 11:22:34.821 19783 20076 I ZipLPPopulator: Updated file group for group 'langpack-domain_en-GB_3071_zipfile' from location: https://dl.google.com/android/voice/soda/en-GB/v3071/soda-en-GB-v3071.zip
03-02 11:22:34.821 19783 20076 I ZipLPPopulator: #addNewFileGroups complete
03-02 11:22:34.821 19783 20076 I DownloaderCallbacksTrig: No #onInstallRequest callbacks registered. Request logged for en-GB_v3071
03-02 11:22:34.821 19783 20076 I MddLanguagePackDownload: MDD.downloadFileGroup(langpack-domain_en-GB_3071_zipfile)
03-02 11:22:34.832   857   857 D android.hardware.lights-service.mediatek: write 268 to /sys/class/leds/lcd-backlight/brightness, result: 0
03-02 11:22:34.833   857   857 D android.hardware.lights-service.mediatek: write 268 to /sys/class/mi_display/disp-DSI-0/brightness_clone, result: 0
03-02 11:22:34.833 17991 25090 D nativeloader: Load /data/app/~~Bh61wenJZi6JNVEuOkVQfQ==/com.softnation.Ojam-nnCVAdHxKfOmup5FCuBDYQ==/base.apk!/lib/arm64-v8a/libexpo-av.so using class loader ns clns-7 (caller=/data/app/~~Bh61wenJZi6JNVEuOkVQfQ==/com.softnation.Ojam-nnCVAdHxKfOmup5FCuBDYQ==/base.apk!classes21.dex): ok
03-02 11:22:34.849   857   857 D android.hardware.lights-service.mediatek: write 269 to /sys/class/leds/lcd-backlight/brightness, result: 0
03-02 11:22:34.849   857   857 D android.hardware.lights-service.mediatek: write 269 to /sys/class/mi_display/disp-DSI-0/brightness_clone, result: 0
03-02 11:22:34.866   857   857 D android.hardware.lights-service.mediatek: write 270 to /sys/class/leds/lcd-backlight/brightness, result: 0
03-02 11:22:34.866   857   857 D android.hardware.lights-service.mediatek: write 270 to /sys/class/mi_display/disp-DSI-0/brightness_clone, result: 0
03-02 11:22:34.899   857   857 D android.hardware.lights-service.mediatek: write 271 to /sys/class/leds/lcd-backlight/brightness, result: 0
03-02 11:22:34.900   857   857 D android.hardware.lights-service.mediatek: write 271 to /sys/class/mi_display/disp-DSI-0/brightness_clone, result: 0
03-02 11:22:34.916   857   857 D android.hardware.lights-service.mediatek: write 272 to /sys/class/leds/lcd-backlight/brightness, result: 0
03-02 11:22:34.916   857   857 D android.hardware.lights-service.mediatek: write 272 to /sys/class/mi_display/disp-DSI-0/brightness_clone, result: 0
03-02 11:22:34.933   857   857 D android.hardware.lights-service.mediatek: write 273 to /sys/class/leds/lcd-backlight/brightness, result: 0
03-02 11:22:34.933   857   857 D android.hardware.lights-service.mediatek: write 273 to /sys/class/mi_display/disp-DSI-0/brightness_clone, result: 0
03-02 11:22:34.933 27809 25030 I .gms.persistent: Explicit concurrent mark compact GC freed 11MB AllocSpace bytes, 3(60KB) LOS objects, 66% free, 16MB/49MB, paused 755us,7.197ms total 214.031ms
03-02 11:22:34.939 27809 27821 W .gms.persistent: ApkAssets: Deleting an ApkAssets object '<empty> and /data/app/~~fqgkIBYliH0BZT_zgsHTUA==/com.google.android.apps.wellbeing-rFuV824e2GVsUqzMDhFV1w==/base.apk' with 1 weak references
03-02 11:22:34.940 27809 27821 W .gms.persistent: ApkAssets: Deleting an ApkAssets object '<empty> and /data/app/~~fqgkIBYliH0BZT_zgsHTUA==/com.google.android.apps.wellbeing-rFuV824e2GVsUqzMDhFV1w==/split_config.xxhdpi.apk' with 1 weak references
03-02 11:22:34.949   857   857 D android.hardware.lights-service.mediatek: write 274 to /sys/class/leds/lcd-backlight/brightness, result: 0
03-02 11:22:34.949   857   857 D android.hardware.lights-service.mediatek: write 274 to /sys/class/mi_display/disp-DSI-0/brightness_clone, result: 0
03-02 11:22:34.966   857   857 D android.hardware.lights-service.mediatek: write 275 to /sys/class/leds/lcd-backlight/brightness, result: 0
03-02 11:22:34.966   857   857 D android.hardware.lights-service.mediatek: write 275 to /sys/class/mi_display/disp-DSI-0/brightness_clone, result: 0
03-02 11:22:34.983   857   857 D android.hardware.lights-service.mediatek: write 276 to /sys/class/leds/lcd-backlight/brightness, result: 0
03-02 11:22:34.983   857   857 D android.hardware.lights-service.mediatek: write 276 to /sys/class/mi_display/disp-DSI-0/brightness_clone, result: 0
03-02 11:22:34.994  1621  1635 D ActivityManager: getProcessesInErrorState callingUid=10126, CallingPid=18142
03-02 11:22:34.999   857   857 D android.hardware.lights-service.mediatek: write 277 to /sys/class/leds/lcd-backlight/brightness, result: 0
03-02 11:22:35.000   857   857 D android.hardware.lights-service.mediatek: write 277 to /sys/class/mi_display/disp-DSI-0/brightness_clone, result: 0
03-02 11:22:35.016   857   857 D android.hardware.lights-service.mediatek: write 278 to /sys/class/leds/lcd-backlight/brightness, result: 0
03-02 11:22:35.017   857   857 D android.hardware.lights-service.mediatek: write 278 to /sys/class/mi_display/disp-DSI-0/brightness_clone, result: 0
03-02 11:22:35.029 18142 18367 I BatteryEventDispatcherImpl: [_waitingForDispatchEvent] processing BatteryEventDispatcherImpl$DispatchEvent$OnPollTimeout
03-02 11:22:35.033   857   857 D android.hardware.lights-service.mediatek: write 279 to /sys/class/leds/lcd-backlight/brightness, result: 0
03-02 11:22:35.033   857   857 D android.hardware.lights-service.mediatek: write 279 to /sys/class/mi_display/disp-DSI-0/brightness_clone, result: 0
03-02 11:22:35.049   857   857 D android.hardware.lights-service.mediatek: write 280 to /sys/class/leds/lcd-backlight/brightness, result: 0
03-02 11:22:35.050   857   857 D android.hardware.lights-service.mediatek: write 280 to /sys/class/mi_display/disp-DSI-0/brightness_clone, result: 0
03-02 11:22:35.066   857   857 D android.hardware.lights-service.mediatek: write 281 to /sys/class/leds/lcd-backlight/brightness, result: 0
03-02 11:22:35.066   857   857 D android.hardware.lights-service.mediatek: write 281 to /sys/class/mi_display/disp-DSI-0/brightness_clone, result: 0
03-02 11:22:35.083   857   857 D android.hardware.lights-service.mediatek: write 282 to /sys/class/leds/lcd-backlight/brightness, result: 0
03-02 11:22:35.083   857   857 D android.hardware.lights-service.mediatek: write 282 to /sys/class/mi_display/disp-DSI-0/brightness_clone, result: 0
03-02 11:22:35.100   857   857 D android.hardware.lights-service.mediatek: write 283 to /sys/class/leds/lcd-backlight/brightness, result: 0
03-02 11:22:35.100   857   857 D android.hardware.lights-service.mediatek: write 283 to /sys/class/mi_display/disp-DSI-0/brightness_clone, result: 0
03-02 11:22:35.114  1201  1298 D AALService: [CRTC_114] onALIChanged: 13 -> 23
03-02 11:22:35.116   857   857 D android.hardware.lights-service.mediatek: write 284 to /sys/class/leds/lcd-backlight/brightness, result: 0
03-02 11:22:35.117   857   857 D android.hardware.lights-service.mediatek: write 284 to /sys/class/mi_display/disp-DSI-0/brightness_clone, result: 0
03-02 11:22:35.133   857   857 D android.hardware.lights-service.mediatek: write 285 to /sys/class/leds/lcd-backlight/brightness, result: 0
03-02 11:22:35.133   857   857 D android.hardware.lights-service.mediatek: write 285 to /sys/class/mi_display/disp-DSI-0/brightness_clone, result: 0
03-02 11:22:35.150   857   857 D android.hardware.lights-service.mediatek: write 286 to /sys/class/leds/lcd-backlight/brightness, result: 0
03-02 11:22:35.150   857   857 D android.hardware.lights-service.mediatek: write 286 to /sys/class/mi_display/disp-DSI-0/brightness_clone, result: 0
03-02 11:22:35.166   857   857 D android.hardware.lights-service.mediatek: write 287 to /sys/class/leds/lcd-backlight/brightness, result: 0
03-02 11:22:35.167   857   857 D android.hardware.lights-service.mediatek: write 287 to /sys/class/mi_display/disp-DSI-0/brightness_clone, result: 0
03-02 11:22:35.200   857   857 D android.hardware.lights-service.mediatek: write 289 to /sys/class/leds/lcd-backlight/brightness, result: 0
03-02 11:22:35.200   857   857 D android.hardware.lights-service.mediatek: write 289 to /sys/class/mi_display/disp-DSI-0/brightness_clone, result: 0
03-02 11:22:35.216   857   857 D android.hardware.lights-service.mediatek: write 290 to /sys/class/leds/lcd-backlight/brightness, result: 0
03-02 11:22:35.217   857   857 D android.hardware.lights-service.mediatek: write 290 to /sys/class/mi_display/disp-DSI-0/brightness_clone, result: 0
03-02 11:22:35.233   857   857 D android.hardware.lights-service.mediatek: write 291 to /sys/class/leds/lcd-backlight/brightness, result: 0
03-02 11:22:35.233   857   857 D android.hardware.lights-service.mediatek: write 291 to /sys/class/mi_display/disp-DSI-0/brightness_clone, result: 0
03-02 11:22:35.250   857   857 D android.hardware.lights-service.mediatek: write 292 to /sys/class/leds/lcd-backlight/brightness, result: 0
03-02 11:22:35.250   857   857 D android.hardware.lights-service.mediatek: write 292 to /sys/class/mi_display/disp-DSI-0/brightness_clone, result: 0
03-02 11:22:35.267   857   857 D android.hardware.lights-service.mediatek: write 293 to /sys/class/leds/lcd-backlight/brightness, result: 0
03-02 11:22:35.267   857   857 D android.hardware.lights-service.mediatek: write 293 to /sys/class/mi_display/disp-DSI-0/brightness_clone, result: 0
03-02 11:22:35.283   857   857 D android.hardware.lights-service.mediatek: write 294 to /sys/class/leds/lcd-backlight/brightness, result: 0
03-02 11:22:35.284   857   857 D android.hardware.lights-service.mediatek: write 294 to /sys/class/mi_display/disp-DSI-0/brightness_clone, result: 0
03-02 11:22:35.300   857   857 D android.hardware.lights-service.mediatek: write 295 to /sys/class/leds/lcd-backlight/brightness, result: 0
03-02 11:22:35.300   857   857 D android.hardware.lights-service.mediatek: write 295 to /sys/class/mi_display/disp-DSI-0/brightness_clone, result: 0
03-02 11:22:35.313  1201  1298 D AALLightSensor: oldLux=23 [SA:-1 LA:-1] newLux=23 (oriLux: 29)
03-02 11:22:35.317   857   857 D android.hardware.lights-service.mediatek: write 296 to /sys/class/leds/lcd-backlight/brightness, result: 0
03-02 11:22:35.317   857   857 D android.hardware.lights-service.mediatek: write 296 to /sys/class/mi_display/disp-DSI-0/brightness_clone, result: 0
03-02 11:22:35.333   857   857 D android.hardware.lights-service.mediatek: write 297 to /sys/class/leds/lcd-backlight/brightness, result: 0
03-02 11:22:35.334   857   857 D android.hardware.lights-service.mediatek: write 297 to /sys/class/mi_display/disp-DSI-0/brightness_clone, result: 0
03-02 11:22:35.350   857   857 D android.hardware.lights-service.mediatek: write 299 to /sys/class/leds/lcd-backlight/brightness, result: 0
03-02 11:22:35.350   857   857 D android.hardware.lights-service.mediatek: write 299 to /sys/class/mi_display/disp-DSI-0/brightness_clone, result: 0
03-02 11:22:35.367   857   857 D android.hardware.lights-service.mediatek: write 300 to /sys/class/leds/lcd-backlight/brightness, result: 0
03-02 11:22:35.367   857   857 D android.hardware.lights-service.mediatek: write 300 to /sys/class/mi_display/disp-DSI-0/brightness_clone, result: 0
03-02 11:22:35.378  1621  1631 I system_server: Background young concurrent mark compact GC freed 18MB AllocSpace bytes, 49(1084KB) LOS objects, 15% free, 151MB/179MB, paused 4.267ms,17.138ms total 284.443ms
03-02 11:22:35.380  1621  1633 W System  : A resource failed to call HardwareBuffer.close. 
03-02 11:22:35.382  1621  1633 W System  : A resource failed to call HardwareBuffer.close. 
03-02 11:22:35.383   857   857 D android.hardware.lights-service.mediatek: write 301 to /sys/class/leds/lcd-backlight/brightness, result: 0
03-02 11:22:35.384   857   857 D android.hardware.lights-service.mediatek: write 301 to /sys/class/mi_display/disp-DSI-0/brightness_clone, result: 0
03-02 11:22:35.400   857   857 D android.hardware.lights-service.mediatek: write 302 to /sys/class/leds/lcd-backlight/brightness, result: 0
03-02 11:22:35.400   857   857 D android.hardware.lights-service.mediatek: write 302 to /sys/class/mi_display/disp-DSI-0/brightness_clone, result: 0
03-02 11:22:35.417   857   857 D android.hardware.lights-service.mediatek: write 303 to /sys/class/leds/lcd-backlight/brightness, result: 0
03-02 11:22:35.417   857   857 D android.hardware.lights-service.mediatek: write 303 to /sys/class/mi_display/disp-DSI-0/brightness_clone, result: 0
03-02 11:22:35.433   857   857 D android.hardware.lights-service.mediatek: write 304 to /sys/class/leds/lcd-backlight/brightness, result: 0
03-02 11:22:35.434   857   857 D android.hardware.lights-service.mediatek: write 304 to /sys/class/mi_display/disp-DSI-0/brightness_clone, result: 0
03-02 11:22:35.450   857   857 D android.hardware.lights-service.mediatek: write 305 to /sys/class/leds/lcd-backlight/brightness, result: 0
03-02 11:22:35.450   857   857 D android.hardware.lights-service.mediatek: write 305 to /sys/class/mi_display/disp-DSI-0/brightness_clone, result: 0
03-02 11:22:35.464 17991 25045 W softnation.Ojam: userfaultfd: MOVE ioctl seems unsupported: Try again
03-02 11:22:35.467   857   857 D android.hardware.lights-service.mediatek: write 306 to /sys/class/leds/lcd-backlight/brightness, result: 0
03-02 11:22:35.467   857   857 D android.hardware.lights-service.mediatek: write 306 to /sys/class/mi_display/disp-DSI-0/brightness_clone, result: 0
03-02 11:22:35.487   857   857 D android.hardware.lights-service.mediatek: write 307 to /sys/class/leds/lcd-backlight/brightness, result: 0
03-02 11:22:35.487   857   857 D android.hardware.lights-service.mediatek: write 307 to /sys/class/mi_display/disp-DSI-0/brightness_clone, result: 0
03-02 11:22:35.500   857   857 D android.hardware.lights-service.mediatek: write 308 to /sys/class/leds/lcd-backlight/brightness, result: 0
03-02 11:22:35.501   857   857 D android.hardware.lights-service.mediatek: write 308 to /sys/class/mi_display/disp-DSI-0/brightness_clone, result: 0
03-02 11:22:35.502 17991 25045 I softnation.Ojam: Background concurrent mark compact GC freed 40MB AllocSpace bytes, 31(2276KB) LOS objects, 80% free, 6103KB/29MB, paused 894us,5.317ms total 76.297ms
03-02 11:22:35.508   921  2359 D SurfaceFlinger: [SF client] REMOVE (0xb400007caea1f3c0) for (17991:com.softnation.Ojam)
03-02 11:22:35.517   857   857 D android.hardware.lights-service.mediatek: write 309 to /sys/class/leds/lcd-backlight/brightness, result: 0
03-02 11:22:35.517   857   857 D android.hardware.lights-service.mediatek: write 309 to /sys/class/mi_display/disp-DSI-0/brightness_clone, result: 0
03-02 11:22:35.534   857   857 D android.hardware.lights-service.mediatek: write 310 to /sys/class/leds/lcd-backlight/brightness, result: 0
03-02 11:22:35.534   857   857 D android.hardware.lights-service.mediatek: write 310 to /sys/class/mi_display/disp-DSI-0/brightness_clone, result: 0
03-02 11:22:35.550   857   857 D android.hardware.lights-service.mediatek: write 311 to /sys/class/leds/lcd-backlight/brightness, result: 0
03-02 11:22:35.551   857   857 D android.hardware.lights-service.mediatek: write 311 to /sys/class/mi_display/disp-DSI-0/brightness_clone, result: 0
03-02 11:22:35.567   857   857 D android.hardware.lights-service.mediatek: write 312 to /sys/class/leds/lcd-backlight/brightness, result: 0
03-02 11:22:35.567   857   857 D android.hardware.lights-service.mediatek: write 312 to /sys/class/mi_display/disp-DSI-0/brightness_clone, result: 0
03-02 11:22:35.584   857   857 D android.hardware.lights-service.mediatek: write 314 to /sys/class/leds/lcd-backlight/brightness, result: 0
03-02 11:22:35.584   857   857 D android.hardware.lights-service.mediatek: write 314 to /sys/class/mi_display/disp-DSI-0/brightness_clone, result: 0
03-02 11:22:35.601   857   857 D android.hardware.lights-service.mediatek: write 315 to /sys/class/leds/lcd-backlight/brightness, result: 0
03-02 11:22:35.601   857   857 D android.hardware.lights-service.mediatek: write 315 to /sys/class/mi_display/disp-DSI-0/brightness_clone, result: 0
03-02 11:22:35.612  1055  1186 D connsyslogger: SD_LOG_ROOT is /data/debuglogger/connsyslog/fw.
03-02 11:22:35.612  1055  1186 D connsyslogger: systemReady:1
03-02 11:22:35.617   857   857 D android.hardware.lights-service.mediatek: write 316 to /sys/class/leds/lcd-backlight/brightness, result: 0
03-02 11:22:35.618   857   857 D android.hardware.lights-service.mediatek: write 316 to /sys/class/mi_display/disp-DSI-0/brightness_clone, result: 0
03-02 11:22:35.624  2350  2350 W Settings: Setting airplane_mode_on has moved from android.provider.Settings.System to android.provider.Settings.Global, returning read-only value.
03-02 11:22:35.626  2350  2350 W Settings: Setting airplane_mode_on has moved from android.provider.Settings.System to android.provider.Settings.Global, returning read-only value.
03-02 11:22:35.629  2350 29580 D NetworkSpeedTracker: updateSignalInfo lteRsrp=-70lteSnr=21,phoneId=1
03-02 11:22:35.632  2350 29580 D NetworkSpeedTracker: updateSignalInfo lteRsrp=-70lteSnr=21,phoneId=1
03-02 11:22:35.634   857   857 D android.hardware.lights-service.mediatek: write 317 to /sys/class/leds/lcd-backlight/brightness, result: 0
03-02 11:22:35.634   857   857 D android.hardware.lights-service.mediatek: write 317 to /sys/class/mi_display/disp-DSI-0/brightness_clone, result: 0
03-02 11:22:35.639 13966 13999 I cn_CronetUrlRequestContext: destroyNativeStreamLocked android.net.connectivity.org.chromium.net.impl.CronetBidirectionalStream@fc1503e
03-02 11:22:35.642 13966 13999 I amto    : (REDACTED) Network status %s
03-02 11:22:35.650   857   857 D android.hardware.lights-service.mediatek: write 318 to /sys/class/leds/lcd-backlight/brightness, result: 0
03-02 11:22:35.651   857   857 D android.hardware.lights-service.mediatek: write 318 to /sys/class/mi_display/disp-DSI-0/brightness_clone, result: 0
03-02 11:22:35.667   857   857 D android.hardware.lights-service.mediatek: write 319 to /sys/class/leds/lcd-backlight/brightness, result: 0
03-02 11:22:35.667   857   857 D android.hardware.lights-service.mediatek: write 319 to /sys/class/mi_display/disp-DSI-0/brightness_clone, result: 0
03-02 11:22:35.674 13966 13999 E amto    : (REDACTED) RPC[%s]: Failed
03-02 11:22:35.674 13966 13999 E amto    : flxy: Timed out waiting for 5000 ms
03-02 11:22:35.674 13966 13999 E amto    : 	at flxz.run(PG:42)
03-02 11:22:35.674 13966 13999 E amto    : 	at ekdp.run(PG:3)
03-02 11:22:35.674 13966 13999 E amto    : 	at elrt.run(PG:17)
03-02 11:22:35.674 13966 13999 E amto    : 	at java.util.concurrent.Executors$RunnableAdapter.call(Executors.java:520)
03-02 11:22:35.674 13966 13999 E amto    : 	at java.util.concurrent.FutureTask.run(FutureTask.java:317)
03-02 11:22:35.674 13966 13999 E amto    : 	at etwr.run(PG:46)
03-02 11:22:35.674 13966 13999 E amto    : 	at cpmc.run(PG:81)
03-02 11:22:35.674 13966 13999 E amto    : 	at java.lang.Thread.run(Thread.java:1563)
03-02 11:22:35.674 13966 13999 E amto    : 	at cpnu.run(PG:63)
03-02 11:22:35.683 13966 13999 E amgt    : Failed to check gemini quota
03-02 11:22:35.683 13966 13999 E amgt    : flxy: Timed out waiting for 5000 ms
03-02 11:22:35.683 13966 13999 E amgt    : 	at flxz.run(PG:42)
03-02 11:22:35.683 13966 13999 E amgt    : 	at ekdp.run(PG:3)
03-02 11:22:35.683 13966 13999 E amgt    : 	at elrt.run(PG:17)
03-02 11:22:35.683 13966 13999 E amgt    : 	at java.util.concurrent.Executors$RunnableAdapter.call(Executors.java:520)
03-02 11:22:35.683 13966 13999 E amgt    : 	at java.util.concurrent.FutureTask.run(FutureTask.java:317)
03-02 11:22:35.683 13966 13999 E amgt    : 	at etwr.run(PG:46)
03-02 11:22:35.683 13966 13999 E amgt    : 	at cpmc.run(PG:81)
03-02 11:22:35.683 13966 13999 E amgt    : 	at java.lang.Thread.run(Thread.java:1563)
03-02 11:22:35.683 13966 13999 E amgt    : 	at cpnu.run(PG:63)
03-02 11:22:35.684   857   857 D android.hardware.lights-service.mediatek: write 320 to /sys/class/leds/lcd-backlight/brightness, result: 0
03-02 11:22:35.684   857   857 D android.hardware.lights-service.mediatek: write 320 to /sys/class/mi_display/disp-DSI-0/brightness_clone, result: 0
03-02 11:22:35.690   861   947 I libPerfCtl: xgfGetFPS pid:2363 fps:-1
03-02 11:22:35.701   857   857 D android.hardware.lights-service.mediatek: write 321 to /sys/class/leds/lcd-backlight/brightness, result: 0
03-02 11:22:35.701   857   857 D android.hardware.lights-service.mediatek: write 321 to /sys/class/mi_display/disp-DSI-0/brightness_clone, result: 0
03-02 11:22:35.713  1201  1298 D AALService: [CRTC_114] onALIChanged: 23 -> 36
03-02 11:22:35.717   921   921 I BufferQueueProducer: [StatusBar#109](this:0xb400007bcec4ab68,id:-1,api:0,p:-1,c:921) queueBuffer: fps=1.00 dur=1001.03 max=1001.03 min=1001.03
03-02 11:22:35.717   857   857 D android.hardware.lights-service.mediatek: write 323 to /sys/class/leds/lcd-backlight/brightness, result: 0
03-02 11:22:35.717   857   857 D android.hardware.lights-service.mediatek: write 323 to /sys/class/mi_display/disp-DSI-0/brightness_clone, result: 0
03-02 11:22:35.719   849   849 I hwcomposer: [HWCDisplay] (0 updateFps():3667), (type:1, mode:2) fps:0.999196,dur:1000.80,max:1000.80,min:1000.80  
03-02 11:22:35.730 17840 18081 E msys    : E[N mns]_OnDiskCacheGetData(632)=>Start post callback cache refresh DNS resolution
03-02 11:22:35.734   857   857 D android.hardware.lights-service.mediatek: write 324 to /sys/class/leds/lcd-backlight/brightness, result: 0
03-02 11:22:35.734   857   857 D android.hardware.lights-service.mediatek: write 324 to /sys/class/mi_display/disp-DSI-0/brightness_clone, result: 0
03-02 11:22:35.736 17840 18081 E msys    : E[N mns]_LogError(228)=>Failed to resolve using system DNS resolver, getaddrinfo(): No address associated with hostname
03-02 11:22:35.751   857   857 D android.hardware.lights-service.mediatek: write 325 to /sys/class/leds/lcd-backlight/brightness, result: 0
03-02 11:22:35.751   857   857 D android.hardware.lights-service.mediatek: write 325 to /sys/class/mi_display/disp-DSI-0/brightness_clone, result: 0
03-02 11:22:35.767   857   857 D android.hardware.lights-service.mediatek: write 326 to /sys/class/leds/lcd-backlight/brightness, result: 0
03-02 11:22:35.768   857   857 D android.hardware.lights-service.mediatek: write 326 to /sys/class/mi_display/disp-DSI-0/brightness_clone, result: 0
03-02 11:22:35.773 18562 13194 D BluetoothDevice: getAddress: mAddress=XX:XX:XX:XX:E1:4F
03-02 11:22:35.774 18562 13194 D BluetoothDevice: getAddress: mAddress=XX:XX:XX:XX:94:A5
03-02 11:22:35.774 18562 13194 D BluetoothDevice: getAddress: mAddress=XX:XX:XX:XX:6E:27
03-02 11:22:35.774 18562 13194 D BluetoothDevice: getAddress: mAddress=XX:XX:XX:XX:9D:81
03-02 11:22:35.774 18562 13194 D BluetoothDevice: getAddress: mAddress=XX:XX:XX:XX:EE:F9
03-02 11:22:35.774 18562 13194 D BluetoothDevice: getAddress: mAddress=XX:XX:XX:XX:C8:A7
03-02 11:22:35.774 18562 13194 D BluetoothDevice: getAddress: mAddress=XX:XX:XX:XX:2F:74
03-02 11:22:35.774 18562 13194 D BluetoothDevice: getAddress: mAddress=XX:XX:XX:XX:69:70
03-02 11:22:35.774 18562 13194 D BluetoothDevice: getAddress: mAddress=XX:XX:XX:XX:C0:39
03-02 11:22:35.776 18562 13194 D BluetoothDevice: getAddress: mAddress=XX:XX:XX:XX:E1:4F
03-02 11:22:35.776 18562 13194 D BluetoothDevice: getAddress: mAddress=XX:XX:XX:XX:94:A5
03-02 11:22:35.776 18562 13194 D BluetoothDevice: getAddress: mAddress=XX:XX:XX:XX:6E:27
03-02 11:22:35.776 18562 13194 D BluetoothDevice: getAddress: mAddress=XX:XX:XX:XX:9D:81
03-02 11:22:35.776 18562 13194 D BluetoothDevice: getAddress: mAddress=XX:XX:XX:XX:EE:F9
03-02 11:22:35.776 18562 13194 D BluetoothDevice: getAddress: mAddress=XX:XX:XX:XX:C8:A7
03-02 11:22:35.777 18562 13194 D BluetoothDevice: getAddress: mAddress=XX:XX:XX:XX:2F:74
03-02 11:22:35.777 18562 13194 D BluetoothDevice: getAddress: mAddress=XX:XX:XX:XX:69:70
03-02 11:22:35.777 18562 13194 D BluetoothDevice: getAddress: mAddress=XX:XX:XX:XX:C0:39
03-02 11:22:35.779 18562 13194 D BluetoothDevice: getAddress: mAddress=XX:XX:XX:XX:E1:4F
03-02 11:22:35.779 18562 13194 D BluetoothDevice: getAddress: mAddress=XX:XX:XX:XX:94:A5
03-02 11:22:35.779 18562 13194 D BluetoothDevice: getAddress: mAddress=XX:XX:XX:XX:6E:27
03-02 11:22:35.779 18562 13194 D BluetoothDevice: getAddress: mAddress=XX:XX:XX:XX:9D:81
03-02 11:22:35.779 18562 13194 D BluetoothDevice: getAddress: mAddress=XX:XX:XX:XX:EE:F9
03-02 11:22:35.779 18562 13194 D BluetoothDevice: getAddress: mAddress=XX:XX:XX:XX:C8:A7
03-02 11:22:35.779 18562 13194 D BluetoothDevice: getAddress: mAddress=XX:XX:XX:XX:2F:74
03-02 11:22:35.779 18562 13194 D BluetoothDevice: getAddress: mAddress=XX:XX:XX:XX:69:70
03-02 11:22:35.779 18562 13194 D BluetoothDevice: getAddress: mAddress=XX:XX:XX:XX:C0:39
03-02 11:22:35.780  1621  1636 D AS.BtHelper: isBluetoothScoOn() mBluetoothHeadset is null: falsemBluetoothHeadsetDevice is null: true
03-02 11:22:35.780  1621  1636 V AS.AudioDeviceBroker: requestedCommunicationDevice: null mAudioModeOwner: AudioModeInfo: mMode=MODE_NORMAL, mPid=0, mUid=0
03-02 11:22:35.780  1621  1635 D AS.BtHelper: isBluetoothScoOn() mBluetoothHeadset is null: falsemBluetoothHeadsetDevice is null: true
03-02 11:22:35.781  1621  1635 V AS.AudioDeviceBroker: requestedCommunicationDevice: null mAudioModeOwner: AudioModeInfo: mMode=MODE_NORMAL, mPid=0, mUid=0
03-02 11:22:35.784   857   857 D android.hardware.lights-service.mediatek: write 327 to /sys/class/leds/lcd-backlight/brightness, result: 0
03-02 11:22:35.784   857   857 D android.hardware.lights-service.mediatek: write 327 to /sys/class/mi_display/disp-DSI-0/brightness_clone, result: 0
03-02 11:22:35.791  1159  1606 D ULogGuard: Monitoring: 18 threads, 0 requests, 0 time-bombs; 1 guards. ResetFlags = 0x7
03-02 11:22:35.801   857   857 D android.hardware.lights-service.mediatek: write 328 to /sys/class/leds/lcd-backlight/brightness, result: 0
03-02 11:22:35.801   857   857 D android.hardware.lights-service.mediatek: write 328 to /sys/class/mi_display/disp-DSI-0/brightness_clone, result: 0
03-02 11:22:35.817   857   857 D android.hardware.lights-service.mediatek: write 330 to /sys/class/leds/lcd-backlight/brightness, result: 0
03-02 11:22:35.818   857   857 D android.hardware.lights-service.mediatek: write 330 to /sys/class/mi_display/disp-DSI-0/brightness_clone, result: 0
03-02 11:22:35.818   921  1476 D MI-SF   : threadLoop: Force skip idle timer[false]
03-02 11:22:35.818   921  1476 D MI-SF   : isIdleTimerSkip is 0
03-02 11:22:35.834   857   857 D android.hardware.lights-service.mediatek: write 331 to /sys/class/leds/lcd-backlight/brightness, result: 0
