03-02 10:07:08.784  1621  4763 I ATMSImpl: cacheTasksForDefaultDisplay size=4
03-02 10:07:08.785  1621  1651 I ActivityTaskManager: visible for Task{75643f5 #37020 type=standard A=10337:com.softnation.Ojam} visible = true isAnimating = false TRANSITION = false PARENTS = false CHILDREN = false
03-02 10:07:08.785 11917 11917 D BLASTBufferQueue: [VRI[globalminusscreen]#25](f:0,a:1) destructor()
03-02 10:07:08.786   921   921 I BufferQueueDebug: [b724b3 ActivityRecordInputSink com.miui.home/.launcher.Launcher#132927](this:0xb400007bcec72948,id:-1,api:0,p:-1,c:921) onDestructor()
03-02 10:07:08.786   921  1587 I BpBinder: onLastStrongRef automatically unlinking death recipients: 
03-02 10:07:08.786  1621  1730 D MiuiRefreshRatePolicy: reset
03-02 10:07:08.786 11917 11917 D BufferQueueConsumer: [VRI[globalminusscreen]#25(BLAST Consumer)25](id:2e8d00000019,api:0,p:-1,c:11917) disconnect
03-02 10:07:08.789  1999  2684 D RecentsModel: getRunningTask ignoreActivityType : 2 ,ignoreWindowMode:5
03-02 10:07:08.789  1999  2684 W RecentsModel: getRunningTask   taskInfo=TaskInfo{userId=0 taskId=37020 displayId=0 isRunning=true baseIntent=Intent { flg=0x10000000 cmp=com.softnation.Ojam/.MainActivity } baseActivity=ComponentInfo{com.softnation.Ojam/com.softnation.Ojam.MainActivity} topActivity=ComponentInfo{com.softnation.Ojam/com.softnation.Ojam.MainActivity} origActivity=null realActivity=ComponentInfo{com.softnation.Ojam/com.softnation.Ojam.MainActivity} numActivities=1 lastActiveTime=1025388206 supportsSplitScreenMultiWindow=true supportsMultiWindow=true resizeMode=1 isResizeable=true minWidth=-1 minHeight=-1 defaultMinSize=200 token=WCT{android.window.IWindowContainerToken$Stub$Proxy@3611dec} topActivityType=1 pictureInPictureParams=null shouldDockBigOverlays=false launchIntoPipHostTaskId=-1 lastParentTaskIdBeforePip=-1 displayCutoutSafeInsets=null topActivityInfo=ActivityInfo{7ffd5b5 com.softnation.Ojam.MainActivity} launchCookies=[] positionInParent=Point(0, 0) parentTaskId=-1 isFocused=false isVisible=true isVisibleRequested=true isSleeping=false locusId=null displayAreaFeatureId=1 isTopActivityTransparent=false appCompatTaskInfo=AppCompatTaskInfo { topActivityInSizeCompat=false topActivityEligibleForLetterboxEducation= falseisLetterboxEducationEnabled= false isLetterboxDoubleTapEnabled= false topActivityEligibleForUserAspectRatioButton= false topActivityBoundsLetterboxed= false isFromLetterboxDoubleTap= false topActivityLetterboxVerticalPosition= -1 topActivityLetterboxHorizontalPosition= -1 topActivityLetterboxWidth=1080 topActivityLetterboxHeight=2460 isUserFullscreenOverrideEnabled=false isSystemFullscreenOverrideEnabled=false cameraCompatTaskInfo=CameraCompatTaskInfo { cameraCompatControlState=hidden freeformCameraCompatMode=inactive}} isImmersive=false mTopActivityRequestOrientation=1 mBehindAppLockPkg=null mOriginatingUid=0 isEmbedded=false shouldBeVisible=true mIsCastMode=false mTopActivityMediaSize=null mTopActivityRecordName=ActivityRecord{13accdf u0 com.softnation.Ojam/.MainActivity t37020} mTopActivityOrientation=1}
03-02 10:07:08.789  1999  2684 D RecentsModel: preloadRecents runningTaskId:37020, mCurrentRunningTaskId:-1, mRecentsTaskLoadPlan=com.android.systemui.shared.recents.model.RecentsTaskLoadPlan@a09544a
03-02 10:07:08.790 19611 19666 W .apps.nbu.files: ClassLoaderContext classpath element checksum mismatch. expected=1150104373, found=4064642004 (DLC[];PCL[base.apk*1150104373]{PCL[/system/framework/org.apache.http.legacy.jar*4025584831]#PCL[/system/framework/com.android.location.provider.jar*3414091812]#PCL[/system/framework/com.android.media.remotedisplay.jar*2042759013]#PCL[/system_ext/framework/androidx.window.extensions.jar*3622430006]#PCL[/system_ext/framework/androidx.window.sidecar.jar*2958050178]} | DLC[];PCL[/data/app/~~tUDAqJplkXFY7fGcXiSC3w==/com.google.android.apps.nbu.files-V_FwCkGR4Sz3BY259UciRA==/base.apk*4064642004]{PCL[/system_ext/framework/androidx.window.extensions.jar*3622430006]#PCL[/system_ext/framework/androidx.window.sidecar.jar*2958050178]})
03-02 10:07:08.790  1621  4430 I ATMSImpl: cacheTasksForDefaultDisplay size=4
03-02 10:07:08.791  1999  2684 E ActivityManagerWrapper: get all recent tasks force including 37020
03-02 10:07:08.791  1159  1606 D ULogGuard: Monitoring: 18 threads, 0 requests, 0 time-bombs; 1 guards. ResetFlags = 0x7
03-02 10:07:08.792  1999  1999 D BLASTBufferQueue: [VRI[Launcher]#1184](f:0,a:1) destructor()
03-02 10:07:08.792   921  1500 I BpBinder: onLastStrongRef automatically unlinking death recipients: 
03-02 10:07:08.792  1999  1999 D BufferQueueConsumer: [VRI[Launcher]#1184(BLAST Consumer)1184](id:7cf00000568,api:0,p:-1,c:1999) disconnect
03-02 10:07:08.795  1621  4763 I ClipboardServiceI: checkProviderWakePathForClipboard: primaryClip is null
03-02 10:07:08.798  1999  2684 E ActivityManagerWrapper: getRecentTasksForceIncludingTaskIdIfValid: getRecentTasks: size=3
03-02 10:07:08.798  1999  2684 E ActivityManagerWrapper:  mainTaskId=37020   userId=0   windowMode=1   baseIntent=Intent { act=null flag=268435456 cmp=ComponentInfo{com.softnation.Ojam/com.softnation.Ojam.MainActivity} }
03-02 10:07:08.798  1999  2684 E ActivityManagerWrapper:  mainTaskId=37019   userId=0   windowMode=1   baseIntent=Intent { act=null flag=268435456 cmp=ComponentInfo{com.whatsapp/com.whatsapp.home.ui.HomeActivity} }
03-02 10:07:08.798  1999  2684 E ActivityManagerWrapper:  mainTaskId=36980   userId=0   windowMode=1   baseIntent=Intent { act=android.intent.action.MAIN flag=270532608 cmp=ComponentInfo{com.twitter.android/com.twitter.android.StartActivity} }
03-02 10:07:08.800  1621  1651 I ActivityTaskManager: visible for Task{75643f5 #37020 type=standard A=10337:com.softnation.Ojam} visible = true isAnimating = false TRANSITION = false PARENTS = false CHILDREN = false
03-02 10:07:08.803  1621  1651 D MiuiRefreshRatePolicy: reset
03-02 10:07:08.806  1999  2684 D TaskSnapshotCompatVV: getIsInvalidateFromTaskSnapshot, return, mTaskSnapshot=null, mTaskSnapshotClazz=null
03-02 10:07:08.807  1621  1842 I MiuiNetworkPolicy: updateUidState uid = 10308, uidState = 8
03-02 10:07:08.814  1621  4430 I ClipboardServiceI: checkProviderWakePathForClipboard: primaryClip is null
03-02 10:07:08.817  1621  1651 I ActivityTaskManager: visible for Task{75643f5 #37020 type=standard A=10337:com.softnation.Ojam} visible = true isAnimating = false TRANSITION = false PARENTS = false CHILDREN = false
03-02 10:07:08.825  1621  4430 D FileUtils: Rounded bytes from 8055762944 to 16000000000
03-02 10:07:08.850   921   921 I BufferQueueProducer: [NavigationBar0#101619](this:0xb400007bced454e8,id:-1,api:0,p:-1,c:921) queueBuffer: fps=0.18 dur=114196.40 max=113879.99 min=15.54
03-02 10:07:08.865 19601 19696 W JobInfo : Job 'com.google.android.apps.photos/com.google.android.libraries.social.async.BackgroundTaskJobService#1043' has a deadline with no functional constraints. The deadline won't improve job execution latency. Consider removing the deadline.
03-02 10:07:08.869  1621  1842 I MiuiNetworkPolicy: updateUidState uid = 10204, uidState = 8
03-02 10:07:08.881  1621  1666 I SmartPower: com.whatsapp/10300(31638): idle->background(2080ms) R(broadcast start Intent { act=android.intent.action.BATTERY_CHANGED flg=0x60000010 (has extras) }) adj=700.
03-02 10:07:08.887  1621  1666 I SmartPower: com.facebook.katana/10287(19106): idle->background(4777ms) R(broadcast start Intent { act=android.intent.action.BATTERY_CHANGED flg=0x60000010 (has extras) }) adj=700.
03-02 10:07:08.892  1621  1918 E HyperSentinel: -------------------------------------------------------
03-02 10:07:08.892  1621  1918 E HyperSentinel: Event_ResidentSize
03-02 10:07:08.892  1621  1918 E HyperSentinel: -> audit event by proc 15408 "usap64": RSS increasement, peak 111200kb -> 166816kb
03-02 10:07:08.925 19611 19695 E .apps.nbu.files: No package ID 6b found for resource ID 0x6b0b0013.
03-02 10:07:08.927 19611 19695 I FA      : App measurement initialized, version: 155007
03-02 10:07:08.927 19611 19695 I FA      : To enable debug logging run: adb shell setprop log.tag.FA VERBOSE
03-02 10:07:08.928 19611 19695 I FA      : To enable faster debug mode event logging run:
03-02 10:07:08.928 19611 19695 I FA      :   adb shell setprop debug.firebase.analytics.app com.google.android.apps.nbu.files
03-02 10:07:08.956  1621  4430 D ConnectivityService: requestNetwork for uid/pid:10204/19601 activeRequest: null callbackRequest: 241857 [NetworkRequest [ REQUEST id=241858, [ Capabilities: INTERNET&NOT_RESTRICTED&TRUSTED&NOT_VCN_MANAGED&NOT_BANDWIDTH_CONSTRAINED Uid: 10204 RequestorUid: 10204 RequestorPkg: com.google.android.apps.photos UnderlyingNetworks: Null] ]] callback flags: 0 order: 2147483647 isUidTracked: false declaredMethods: AVAIL|LOST
03-02 10:07:08.968  1621  1856 D ConnectivityService: NetReassign [241858 : null ΓåÆ 255] [c 1] [a 1] [i 6]
03-02 10:07:08.968  1621  1843 D WifiNetworkFactory: got request NetworkRequest [ REQUEST id=241858, [ Capabilities: INTERNET&NOT_RESTRICTED&TRUSTED&NOT_VCN_MANAGED&NOT_BANDWIDTH_CONSTRAINED Uid: 10204 RequestorUid: 10204 RequestorPkg: com.google.android.apps.photos UnderlyingNetworks: Null] ]
03-02 10:07:08.968  1621  1843 D UntrustedWifiNetworkFactory: got request NetworkRequest [ REQUEST id=241858, [ Capabilities: INTERNET&NOT_RESTRICTED&TRUSTED&NOT_VCN_MANAGED&NOT_BANDWIDTH_CONSTRAINED Uid: 10204 RequestorUid: 10204 RequestorPkg: com.google.android.apps.photos UnderlyingNetworks: Null] ]
03-02 10:07:08.968  1621  1843 D OemPaidWifiNetworkFactory: got request NetworkRequest [ REQUEST id=241858, [ Capabilities: INTERNET&NOT_RESTRICTED&TRUSTED&NOT_VCN_MANAGED&NOT_BANDWIDTH_CONSTRAINED Uid: 10204 RequestorUid: 10204 RequestorPkg: com.google.android.apps.photos UnderlyingNetworks: Null] ]
03-02 10:07:08.969  1621  1843 D MultiInternetWifiNetworkFactory: got request NetworkRequest [ REQUEST id=241858, [ Capabilities: INTERNET&NOT_RESTRICTED&TRUSTED&NOT_VCN_MANAGED&NOT_BANDWIDTH_CONSTRAINED Uid: 10204 RequestorUid: 10204 RequestorPkg: com.google.android.apps.photos UnderlyingNetworks: Null] ]
03-02 10:07:09.058  8942  8942 D BoundBrokerSvc: onBind: Intent { act=com.google.android.gms.measurement.START pkg=com.google.android.gms }
03-02 10:07:09.058  8942  8942 D BoundBrokerSvc: Loading bound service for intent: Intent { act=com.google.android.gms.measurement.START pkg=com.google.android.gms }
03-02 10:07:09.073  8942 19720 D AdvertisingIdClient: AdvertisingIdClient already created.
03-02 10:07:09.073  8942 19720 D AdvertisingIdClient: AdvertisingIdClient is not bounded. Starting to bind it...
03-02 10:07:09.082  8942 19720 D AdvertisingIdClient: AdvertisingIdClient is bounded
03-02 10:07:09.086  8942 19720 W AdvertisingIdSettings: Package com.google.android.apps.nbu.files failed Ad Id permission check. Apps that target Android SDK 33 or higher should declare com.google.android.gms.permission.AD_ID in the app manifest to access Ad Id.
03-02 10:07:09.087  8942 19720 I AdvertisingIdClient: shouldSendLog 1023995170
03-02 10:07:09.087  8942 19720 I AdvertisingIdClient: GetInfoInternal elapse 14ms
03-02 10:07:09.095 19601 19703 W oid.apps.photos: Long monitor contention with owner Thread-7 (19702) at ihn bmpk.h()(PG:15) waiters=0 in bmph vxg.a() for 147ms
03-02 10:07:09.109  1055  1186 D connsyslogger: SD_LOG_ROOT is /data/debuglogger/connsyslog/fw.
03-02 10:07:09.110  1055  1186 D connsyslogger: systemReady:1
03-02 10:07:09.152  1621  1621 D UiModeManager: updateConfigurationLocked: mDockState=0; mCarMode=false; mCar=false; mPowerSave=false; mOverrideNightModeOn=false; mOverrideNightModeOff=false; mComputedNightMode=true; mNightModeValue=2; uiMode=42
03-02 10:07:09.157  6027  6027 I PowerSaveService: onReceive: android.intent.action.BATTERY_CHANGED
03-02 10:07:09.157  6515  8177 D PowerCheckerService: onBatteryChanged, mBatteryLevel = 43, status = 2, level = 43, plug = 2, scale = 100
03-02 10:07:09.157  6515  6997 I ProcAudioPowerManager: onBatteryChanged, onBattery is false
03-02 10:07:09.157  6515  6997 D PowerKeeper.FrozenApp: onBatteryChanged plug=true mBatteryPlugged=2
03-02 10:07:09.158  6515  8142 D PowerKeeper.Thermal: mBatteryTemperature: 42
03-02 10:07:09.158  6027  6027 I PowerNoticeUI: handleBatteryChanged oldPlugType 2 mPlugType 2 oldBatteryLevel 43 mBatteryLevel 43 temperature 420
03-02 10:07:09.159  6027  6027 I ChargerBatteryIntelligenceReceiver: onBatteryChanged temperature∩╝Ü42,plugType:2
03-02 10:07:09.159  6027  6027 D BaseChargeProtect_HighTemp: mCountByMinute:0,isScreenOn:true
03-02 10:07:09.161  6027  6027 I android_os_HwBinder: HwBinder: Starting thread pool for getting: vendor.xiaomi.hardware.micharge@1.0::IMiCharge/default
03-02 10:07:09.163   872   908 I vendor.xiaomi.hardware.micharge@1.0-service: ReadFilePathValue path = /sys/class/power_supply/usb/real_type value = USB
03-02 10:07:09.164  6027  6027 I IMiChargeUtils: getIMiChargeStringValue method:getBatteryChargeType,value:USB
03-02 10:07:09.164  6027  6027 I IMiChargeUtils: getBatteryChargeType : USB
03-02 10:07:09.164  6027  6027 I ChargeTimeUtilsV2: chargeType:USB
03-02 10:07:09.164  6027  6027 I PowerFeatureUtils: getVendorName:mediatek
03-02 10:07:09.164  6027  6027 I PowerFeatureUtils: getVendorName:mediatek
03-02 10:07:09.173  1621  1621 D UiModeManager: updateConfigurationLocked: mDockState=0; mCarMode=false; mCar=false; mPowerSave=false; mOverrideNightModeOn=false; mOverrideNightModeOff=false; mComputedNightMode=true; mNightModeValue=2; uiMode=42
03-02 10:07:09.174  6027  6027 I PowerSaveService: onReceive: android.intent.action.BATTERY_CHANGED
03-02 10:07:09.175  6515  8177 D PowerCheckerService: onBatteryChanged, mBatteryLevel = 43, status = 2, level = 43, plug = 2, scale = 100
03-02 10:07:09.175  6027  6027 I PowerNoticeUI: handleBatteryChanged oldPlugType 2 mPlugType 2 oldBatteryLevel 43 mBatteryLevel 43 temperature 420
03-02 10:07:09.175  6515  6997 I ProcAudioPowerManager: onBatteryChanged, onBattery is false
03-02 10:07:09.175  6515  6997 D PowerKeeper.FrozenApp: onBatteryChanged plug=true mBatteryPlugged=2
03-02 10:07:09.175  6027  6027 I ChargerBatteryIntelligenceReceiver: onBatteryChanged temperature∩╝Ü42,plugType:2
03-02 10:07:09.175  6027  6027 D BaseChargeProtect_HighTemp: mCountByMinute:0,isScreenOn:true
03-02 10:07:09.176  6515  8142 D PowerKeeper.Thermal: mBatteryTemperature: 42
03-02 10:07:09.176  6027  6027 I android_os_HwBinder: HwBinder: Starting thread pool for getting: vendor.xiaomi.hardware.micharge@1.0::IMiCharge/default
03-02 10:07:09.178   872   908 I vendor.xiaomi.hardware.micharge@1.0-service: ReadFilePathValue path = /sys/class/power_supply/usb/real_type value = USB
03-02 10:07:09.179  6027  6027 I IMiChargeUtils: getIMiChargeStringValue method:getBatteryChargeType,value:USB
03-02 10:07:09.179  6027  6027 I IMiChargeUtils: getBatteryChargeType : USB
03-02 10:07:09.179  6027  6027 I ChargeTimeUtilsV2: chargeType:USB
03-02 10:07:09.179  6027  6027 I PowerFeatureUtils: getVendorName:mediatek
03-02 10:07:09.179  6027  6027 I PowerFeatureUtils: getVendorName:mediatek
03-02 10:07:09.229  2350  2350 W Settings: Setting airplane_mode_on has moved from android.provider.Settings.System to android.provider.Settings.Global, returning read-only value.
03-02 10:07:09.232  2350  2350 W Settings: Setting airplane_mode_on has moved from android.provider.Settings.System to android.provider.Settings.Global, returning read-only value.
03-02 10:07:09.233  2350 29580 D NetworkSpeedTracker: updateSignalInfo lteRsrp=-74lteSnr=19,phoneId=1
03-02 10:07:09.236  2350 29580 D NetworkSpeedTracker: updateSignalInfo lteRsrp=-74lteSnr=19,phoneId=1
03-02 10:07:09.352  1621  4430 D AS.BtHelper: isBluetoothScoOn() mBluetoothHeadset is null: falsemBluetoothHeadsetDevice is null: true
03-02 10:07:09.352  1621  4430 V AS.AudioDeviceBroker: requestedCommunicationDevice: null mAudioModeOwner: AudioModeInfo: mMode=MODE_NORMAL, mPid=0, mUid=0
03-02 10:07:09.352  1621  4763 D AS.BtHelper: isBluetoothScoOn() mBluetoothHeadset is null: falsemBluetoothHeadsetDevice is null: true
03-02 10:07:09.352  1621  4763 V AS.AudioDeviceBroker: requestedCommunicationDevice: null mAudioModeOwner: AudioModeInfo: mMode=MODE_NORMAL, mPid=0, mUid=0
03-02 10:07:09.385 15408 15408 D nativeloader: Configuring clns-7 for other apk /data/app/~~Bh61wenJZi6JNVEuOkVQfQ==/com.softnation.Ojam-nnCVAdHxKfOmup5FCuBDYQ==/base.apk. target_sdk_version=36, uses_libraries=, library_path=/data/app/~~Bh61wenJZi6JNVEuOkVQfQ==/com.softnation.Ojam-nnCVAdHxKfOmup5FCuBDYQ==/lib/arm64:/data/app/~~Bh61wenJZi6JNVEuOkVQfQ==/com.softnation.Ojam-nnCVAdHxKfOmup5FCuBDYQ==/base.apk!/lib/arm64-v8a, permitted_path=/data:/mnt/expand:/data/user/0/com.softnation.Ojam
03-02 10:07:09.404 15408 15408 V GraphicsEnvironment: Currently set values for:
03-02 10:07:09.404 15408 15408 V GraphicsEnvironment:   angle_gl_driver_selection_pkgs=[]
03-02 10:07:09.404 15408 15408 V GraphicsEnvironment:   angle_gl_driver_selection_values=[]
03-02 10:07:09.404 15408 15408 V GraphicsEnvironment: Global.Settings values are invalid: number of packages: 0, number of values: 0
03-02 10:07:09.404 15408 15408 V GraphicsEnvironment: Neither updatable production driver nor prerelease driver is supported.
03-02 10:07:09.406 15408 15408 I ActivityThread: TrafficStats init done
03-02 10:07:09.410  1621  4763 D ForceDarkAppConfigProvider: cloudConfigVersion: -1   localConfigVersion:20250515
03-02 10:07:09.411  1621  4763 I UiModeManager: systemserver package:com.softnation.Ojam null
03-02 10:07:09.411 15408 15408 I ForceDarkHelperStubImpl: initialize for com.softnation.Ojam , ForceDarkAppConfig: null
03-02 10:07:09.414 15408 15408 D nativeloader: Load libforcedarkimpl.so using system ns (caller=/system_ext/framework/miui-framework.jar): ok
03-02 10:07:09.415 15408 15408 D HWUI    : JNI_OnLoad success
03-02 10:07:09.415 15408 15408 I MiuiForceDarkConfig: setConfig density:2.750000, mainRule:0, secondaryRule:0, tertiaryRule:0
03-02 10:07:09.420 15408 15408 I ActivityThread: Miui Feature Init done
03-02 10:07:09.513  1201  1298 D AALLightSensor: oldLux=12 [SA:-1 LA:-1] newLux=12 (oriLux: 12)
03-02 10:07:09.528   861   947 I libPerfCtl: xgfGetFPS pid:921 fps:-1
03-02 10:07:09.528   861   947 I libPerfCtl: xgfGetFPS pid:2363 fps:-1
03-02 10:07:09.533   921   921 I BufferQueueProducer: [StatusBar#109](this:0xb400007bcec4ab68,id:-1,api:0,p:-1,c:921) queueBuffer: fps=0.50 dur=1995.14 max=1995.14 min=1995.14
03-02 10:07:09.533  1621  1918 E HyperSentinel: -------------------------------------------------------
03-02 10:07:09.533  1621  1918 E HyperSentinel: Event_OpenFileFDSize
03-02 10:07:09.533  1621  1918 E HyperSentinel: -> audit event by proc 2363 "com.android.systemui": Fd increasement, peak, 861 -> 808
03-02 10:07:09.533  1621  1917 D MiuiSentinelService: begin judgment FdAmountLeakException
03-02 10:07:09.552  1621  4430 I whetstone.activity: Power Event callback listener is empty for resId=256
03-02 10:07:09.552  1621  4430 D BatteryStatsManagerStub: notifyEvent for resId=256 used 0ms
03-02 10:07:09.554 15408 15408 W FirebaseApp: Default FirebaseApp failed to initialize because no default options were found. This usually means that com.google.gms:google-services was not applied to your gradle project.
03-02 10:07:09.554 15408 15408 I FirebaseInitProvider: FirebaseApp initialization unsuccessful
03-02 10:07:09.556  1621  1842 I MiuiNetworkPolicy: updateUidState uid = 10204, uidState = 10
03-02 10:07:09.556  1621  4430 W JobScheduler: Job didn't exist in JobStore: 
03-02 10:07:09.560  1621  1842 I MiuiNetworkPolicy: updateUidState uid = 10204, uidState = 19
03-02 10:07:09.564  1621  4430 I ClipboardServiceI: checkProviderWakePathForClipboard: primaryClip is null
03-02 10:07:09.568   849   849 I hwcomposer: [HWCDisplay] (0 updateFps():3667), (type:1, mode:2) fps:57.325256,dur:1011.77,max:64.81,min:9.99  
03-02 10:07:09.577  1621  4430 I ClipboardServiceI: checkProviderWakePathForClipboard: primaryClip is null
03-02 10:07:09.584  1621  4430 I ClipboardServiceI: checkProviderWakePathForClipboard: primaryClip is null
03-02 10:07:09.596 15408 15408 W SoLoader: Initializing SoLoader: 0
03-02 10:07:09.598  1621  4430 I ClipboardServiceI: checkProviderWakePathForClipboard: primaryClip is null
03-02 10:07:09.601 15408 15408 W SoLoader: Recording new base apk path: /data/app/~~Bh61wenJZi6JNVEuOkVQfQ==/com.softnation.Ojam-nnCVAdHxKfOmup5FCuBDYQ==/base.apk
03-02 10:07:09.601 15408 15408 W SoLoader: Previously recorded 0 base apk paths.
03-02 10:07:09.604 19959 20500 V CAM_ParallelProcessProvider: query uri: content://com.xiaomi.camera.parallelservice.provider.SpecialTypesProvider/processing
03-02 10:07:09.605 19959 20500 V CAM_ParallelProcessProvider: getDbItemSaveTask
03-02 10:07:09.605 19959 20500 E SQLiteLog: (1) no such column: special_type_id in "SELECT media_store_id, progress_status, progress_percentage, special_type_id FROM tasks"
03-02 10:07:09.606 15408 15408 I SoLoader: Preparing SO source: DirectorySoSource[root = /vendor/lib64 flags = 2]
03-02 10:07:09.607 15408 15408 I SoLoader: Preparing SO source: DirectorySoSource[root = /system/lib64 flags = 2]
03-02 10:07:09.607 15408 15408 I SoLoader: Preparing SO source: DirectApkSoSource[root = [/data/app/~~Bh61wenJZi6JNVEuOkVQfQ==/com.softnation.Ojam-nnCVAdHxKfOmup5FCuBDYQ==/base.apk!/lib/arm64-v8a]]
03-02 10:07:09.609 19959 20500 E DatabaseUtils: Writing exception to parcel
03-02 10:07:09.609 19959 20500 E DatabaseUtils: android.database.sqlite.SQLiteException: no such column: special_type_id (code 1 SQLITE_ERROR): , while compiling: SELECT media_store_id, progress_status, progress_percentage, special_type_id FROM tasks
03-02 10:07:09.609 19959 20500 E DatabaseUtils: 	at android.database.sqlite.SQLiteConnection.nativePrepareStatement(Native Method)
03-02 10:07:09.609 19959 20500 E DatabaseUtils: 	at android.database.sqlite.SQLiteConnection.-$$Nest$smnativePrepareStatement(Unknown Source:0)
03-02 10:07:09.609 19959 20500 E DatabaseUtils: 	at android.database.sqlite.SQLiteConnection$PreparedStatementCache.createStatement(SQLiteConnection.java:1562)
03-02 10:07:09.609 19959 20500 E DatabaseUtils: 	at android.database.sqlite.SQLiteConnection.acquirePreparedStatementLI(SQLiteConnection.java:1098)
03-02 10:07:09.609 19959 20500 E DatabaseUtils: 	at android.database.sqlite.SQLiteConnection.acquirePreparedStatement(SQLiteConnection.java:1126)
03-02 10:07:09.609 19959 20500 E DatabaseUtils: 	at android.database.sqlite.SQLiteConnection.prepare(SQLiteConnection.java:686)
03-02 10:07:09.609 19959 20500 E DatabaseUtils: 	at android.database.sqlite.SQLiteSession.prepare(SQLiteSession.java:614)
03-02 10:07:09.609 19959 20500 E DatabaseUtils: 	at android.database.sqlite.SQLiteProgram.<init>(SQLiteProgram.java:62)
03-02 10:07:09.609 19959 20500 E DatabaseUtils: 	at android.database.sqlite.SQLiteQuery.<init>(SQLiteQuery.java:37)
03-02 10:07:09.609 19959 20500 E DatabaseUtils: 	at android.database.sqlite.SQLiteDirectCursorDriver.query(SQLiteDirectCursorDriver.java:46)
03-02 10:07:09.609 19959 20500 E DatabaseUtils: 	at android.database.sqlite.SQLiteDatabase.rawQueryWithFactory(SQLiteDatabase.java:1823)
03-02 10:07:09.609 19959 20500 E DatabaseUtils: 	at android.database.sqlite.SQLiteDatabase.queryWithFactory(SQLiteDatabase.java:1655)
03-02 10:07:09.609 19959 20500 E DatabaseUtils: 	at android.database.sqlite.SQLiteDatabase.query(SQLiteDatabase.java:1512)
03-02 10:07:09.609 19959 20500 E DatabaseUtils: 	at android.database.sqlite.SQLiteDatabase.query(SQLiteDatabase.java:1738)
03-02 10:07:09.609 19959 20500 E DatabaseUtils: 	at com.xiaomi.camera.parallelservice.provider.ParallelProcessProvider.f(Unknown Source:187)
03-02 10:07:09.609 19959 20500 E DatabaseUtils: 	at com.xiaomi.camera.parallelservice.provider.ParallelProcessProvider.query(Unknown Source:86)
03-02 10:07:09.609 19959 20500 E DatabaseUtils: 	at android.content.ContentProvider.query(ContentProvider.java:1633)
03-02 10:07:09.609 19959 20500 E DatabaseUtils: 	at android.content.ContentProvider.query(ContentProvider.java:1729)
03-02 10:07:09.609 19959 20500 E DatabaseUtils: 	at android.content.ContentProvider$Transport.query(ContentProvider.java:301)
03-02 10:07:09.609 19959 20500 E DatabaseUtils: 	at android.content.ContentProviderNative.onTransact(ContentProviderNative.java:110)
03-02 10:07:09.609 19959 20500 E DatabaseUtils: 	at android.os.Binder.execTransactInternal(Binder.java:1507)
03-02 10:07:09.609 19959 20500 E DatabaseUtils: 	at android.os.Binder.execTransact(Binder.java:1451)
03-02 10:07:09.614  1621  4430 W UriGrantsManagerService: No permission grants found for com.google.android.apps.photos
03-02 10:07:09.614  1621  4430 W UriGrantsManagerService: No permission grants found for com.google.android.apps.photos
03-02 10:07:09.721  1621  1842 I MiuiNetworkPolicy: updateUidState uid = 10301, uidState = 19
03-02 10:07:09.724  1621  1842 I MiuiNetworkPolicy: updateUidState uid = 10301, uidState = 11
03-02 10:07:09.741 15408 15408 I SoLoader: Preparing SO source: ApplicationSoSource[DirectorySoSource[root = /data/app/~~Bh61wenJZi6JNVEuOkVQfQ==/com.softnation.Ojam-nnCVAdHxKfOmup5FCuBDYQ==/lib/arm64 flags = 0]]
03-02 10:07:09.741 15408 15408 I SoLoader: init finish: 4 SO sources prepared
03-02 10:07:09.741 15408 15408 W SoLoader: SoLoader initialized: 8
03-02 10:07:09.800 15408 15408 D nativeloader: Load /data/app/~~Bh61wenJZi6JNVEuOkVQfQ==/com.softnation.Ojam-nnCVAdHxKfOmup5FCuBDYQ==/base.apk!/lib/arm64-v8a/libc++_shared.so using class loader ns clns-7 (caller=/data/app/~~Bh61wenJZi6JNVEuOkVQfQ==/com.softnation.Ojam-nnCVAdHxKfOmup5FCuBDYQ==/base.apk!classes20.dex): ok
03-02 10:07:09.822 15408 15408 D nativeloader: Load /data/app/~~Bh61wenJZi6JNVEuOkVQfQ==/com.softnation.Ojam-nnCVAdHxKfOmup5FCuBDYQ==/base.apk!/lib/arm64-v8a/libjsi.so using class loader ns clns-7 (caller=/data/app/~~Bh61wenJZi6JNVEuOkVQfQ==/com.softnation.Ojam-nnCVAdHxKfOmup5FCuBDYQ==/base.apk!classes20.dex): ok
03-02 10:07:09.843  1621  4763 D ConnectivityService: Returning BLOCKED NetworkInfo to uid=10287
03-02 10:07:09.845 15408 15408 D nativeloader: Load /data/app/~~Bh61wenJZi6JNVEuOkVQfQ==/com.softnation.Ojam-nnCVAdHxKfOmup5FCuBDYQ==/base.apk!/lib/arm64-v8a/libfbjni.so using class loader ns clns-7 (caller=/data/app/~~Bh61wenJZi6JNVEuOkVQfQ==/com.softnation.Ojam-nnCVAdHxKfOmup5FCuBDYQ==/base.apk!classes20.dex): ok
03-02 10:07:09.866   921   921 I BufferQueueProducer: [NavigationBar0#101619](this:0xb400007bced454e8,id:-1,api:0,p:-1,c:921) queueBuffer: fps=60.03 dur=1016.20 max=17.06 min=16.35
03-02 10:07:09.893 15408 15408 D nativeloader: Load /data/app/~~Bh61wenJZi6JNVEuOkVQfQ==/com.softnation.Ojam-nnCVAdHxKfOmup5FCuBDYQ==/base.apk!/lib/arm64-v8a/libreactnative.so using class loader ns clns-7 (caller=/data/app/~~Bh61wenJZi6JNVEuOkVQfQ==/com.softnation.Ojam-nnCVAdHxKfOmup5FCuBDYQ==/base.apk!classes20.dex): ok
03-02 10:07:09.893 15408 15408 D jni_lib_merge: Entering merged library JNI_OnLoad.
03-02 10:07:09.893 15408 15408 D jni_lib_merge: Preparing 12 pre-merged libs (including stub)
03-02 10:07:09.893 15408 15408 D jni_lib_merge: Preparing to register libfabricjni_so.  onload_func: 0x7894494ce0
03-02 10:07:09.893 15408 15408 D jni_lib_merge: Preparing to register libreact_devsupportjni_so.  onload_func: 0x789468efc8
03-02 10:07:09.894 15408 15408 D jni_lib_merge: Preparing to register libreact_featureflagsjni_so.  onload_func: 0x789469d518
03-02 10:07:09.894 15408 15408 D jni_lib_merge: Preparing to register libreact_newarchdefaults_so.  onload_func: 0x78947056a8
03-02 10:07:09.894 15408 15408 D jni_lib_merge: Preparing to register libreactnativeblob_so.  onload_func: 0x78948f5cb4
03-02 10:07:09.894 15408 15408 D jni_lib_merge: Preparing to register libreactnativejni_so.  onload_func: 0x78949436bc
03-02 10:07:09.894 15408 15408 D jni_lib_merge: Preparing to register libreactnativejni_common_so.  onload_func: 0x7894954044
03-02 10:07:09.894 15408 15408 D jni_lib_merge: Preparing to register librninstance_so.  onload_func: 0x789499b764
03-02 10:07:09.894 15408 15408 D jni_lib_merge: Preparing to register libturbomodulejsijni_so.  onload_func: 0x7894ab3f68
03-02 10:07:09.894 15408 15408 D jni_lib_merge: Preparing to register libuimanagerjni_so.  onload_func: 0x7894accfb8
03-02 10:07:09.894 15408 15408 D jni_lib_merge: Preparing to register libyoga_so.  onload_func: 0x7894adca3c
03-02 10:07:09.894 15408 15408 D jni_lib_merge: About to register 11 actual methods.
03-02 10:07:09.938 15408 15408 D nativeloader: Load /data/app/~~Bh61wenJZi6JNVEuOkVQfQ==/com.softnation.Ojam-nnCVAdHxKfOmup5FCuBDYQ==/base.apk!/lib/arm64-v8a/libreact_codegen_rnscreens.so using class loader ns clns-7 (caller=/data/app/~~Bh61wenJZi6JNVEuOkVQfQ==/com.softnation.Ojam-nnCVAdHxKfOmup5FCuBDYQ==/base.apk!classes20.dex): ok
03-02 10:07:09.938 15408 15408 D jni_lib_merge: Entering merged library JNI_OnLoad.
03-02 10:07:09.938 15408 15408 D jni_lib_merge: Preparing 12 pre-merged libs (including stub)
03-02 10:07:09.938 15408 15408 D jni_lib_merge: Preparing to register libfabricjni_so.  onload_func: 0x7894494ce0
03-02 10:07:09.938 15408 15408 D jni_lib_merge: Preparing to register libreact_devsupportjni_so.  onload_func: 0x789468efc8
03-02 10:07:09.938 15408 15408 D jni_lib_merge: Preparing to register libreact_featureflagsjni_so.  onload_func: 0x789469d518
03-02 10:07:09.938 15408 15408 D jni_lib_merge: Preparing to register libreact_newarchdefaults_so.  onload_func: 0x78947056a8
03-02 10:07:09.938 15408 15408 D jni_lib_merge: Preparing to register libreactnativeblob_so.  onload_func: 0x78948f5cb4
03-02 10:07:09.938 15408 15408 D jni_lib_merge: Preparing to register libreactnativejni_so.  onload_func: 0x78949436bc
03-02 10:07:09.938 15408 15408 D jni_lib_merge: Preparing to register libreactnativejni_common_so.  onload_func: 0x7894954044
03-02 10:07:09.938 15408 15408 D jni_lib_merge: Preparing to register librninstance_so.  onload_func: 0x789499b764
03-02 10:07:09.938 15408 15408 D jni_lib_merge: Preparing to register libturbomodulejsijni_so.  onload_func: 0x7894ab3f68
03-02 10:07:09.938 15408 15408 D jni_lib_merge: Preparing to register libuimanagerjni_so.  onload_func: 0x7894accfb8
03-02 10:07:09.938 15408 15408 D jni_lib_merge: Preparing to register libyoga_so.  onload_func: 0x7894adca3c
03-02 10:07:09.938 15408 15408 D jni_lib_merge: About to register 11 actual methods.
03-02 10:07:09.959 15408 15408 D nativeloader: Load /data/app/~~Bh61wenJZi6JNVEuOkVQfQ==/com.softnation.Ojam-nnCVAdHxKfOmup5FCuBDYQ==/base.apk!/lib/arm64-v8a/libreact_codegen_RNCSlider.so using class loader ns clns-7 (caller=/data/app/~~Bh61wenJZi6JNVEuOkVQfQ==/com.softnation.Ojam-nnCVAdHxKfOmup5FCuBDYQ==/base.apk!classes20.dex): ok
03-02 10:07:09.970  1621  1631 I system_server: Background young concurrent mark compact GC freed 31MB AllocSpace bytes, 114(2328KB) LOS objects, 19% free, 143MB/178MB, paused 2.561ms,13.436ms total 246.958ms
03-02 10:07:09.981 15408 15408 D nativeloader: Load /data/app/~~Bh61wenJZi6JNVEuOkVQfQ==/com.softnation.Ojam-nnCVAdHxKfOmup5FCuBDYQ==/base.apk!/lib/arm64-v8a/libreact_codegen_rnsvg.so using class loader ns clns-7 (caller=/data/app/~~Bh61wenJZi6JNVEuOkVQfQ==/com.softnation.Ojam-nnCVAdHxKfOmup5FCuBDYQ==/base.apk!classes20.dex): ok
03-02 10:07:09.981 15408 15408 D jni_lib_merge: Entering merged library JNI_OnLoad.
03-02 10:07:09.981 15408 15408 D jni_lib_merge: Preparing 12 pre-merged libs (including stub)
03-02 10:07:09.981 15408 15408 D jni_lib_merge: Preparing to register libfabricjni_so.  onload_func: 0x7894494ce0
03-02 10:07:09.981 15408 15408 D jni_lib_merge: Preparing to register libreact_devsupportjni_so.  onload_func: 0x789468efc8
03-02 10:07:09.981 15408 15408 D jni_lib_merge: Preparing to register libreact_featureflagsjni_so.  onload_func: 0x789469d518
03-02 10:07:09.981 15408 15408 D jni_lib_merge: Preparing to register libreact_newarchdefaults_so.  onload_func: 0x78947056a8
03-02 10:07:09.981 15408 15408 D jni_lib_merge: Preparing to register libreactnativeblob_so.  onload_func: 0x78948f5cb4
03-02 10:07:09.981 15408 15408 D jni_lib_merge: Preparing to register libreactnativejni_so.  onload_func: 0x78949436bc
03-02 10:07:09.981 15408 15408 D jni_lib_merge: Preparing to register libreactnativejni_common_so.  onload_func: 0x7894954044
03-02 10:07:09.981 15408 15408 D jni_lib_merge: Preparing to register librninstance_so.  onload_func: 0x789499b764
03-02 10:07:09.982 15408 15408 D jni_lib_merge: Preparing to register libturbomodulejsijni_so.  onload_func: 0x7894ab3f68
03-02 10:07:09.982 15408 15408 D jni_lib_merge: Preparing to register libuimanagerjni_so.  onload_func: 0x7894accfb8
03-02 10:07:09.982 15408 15408 D jni_lib_merge: Preparing to register libyoga_so.  onload_func: 0x7894adca3c
03-02 10:07:09.982 15408 15408 D jni_lib_merge: About to register 11 actual methods.
03-02 10:07:09.990  1177  1177 I thermal_src: recvmsg_expect 5, but get 2 
03-02 10:07:09.991  1177  1177 V thermal_src: TA_DAEMON_CMD_GET_TPCB:ERROR ret=-1
03-02 10:07:09.991  1177  1177 E thermal_src: get_tpcb_from_kernel:error -1. retry...
03-02 10:07:09.991  1177  1177 I thermal_src: recvmsg_expect 5, but get 2 
03-02 10:07:09.991  1177  1177 V thermal_src: TA_DAEMON_CMD_GET_TPCB:ERROR ret=-1
03-02 10:07:09.991  1177  1177 E thermal_src: get_tpcb_from_kernel:error -1. retry...
03-02 10:07:09.991  1177  1177 I thermal_src: recvmsg_expect 5, but get 2 
03-02 10:07:09.991  1177  1177 V thermal_src: TA_DAEMON_CMD_GET_TPCB:ERROR ret=-1
03-02 10:07:09.991  1177  1177 E thermal_src: get_tpcb_from_kernel:error -1. retry...
03-02 10:07:09.991  1177  1177 I thermal_src: recvmsg_expect 4, but get 5 
03-02 10:07:09.991  1177  1177 V thermal_src: TA_DAEMON_CMD_SET_TTJ:ERROR ret=-1
03-02 10:07:09.991  1177  1177 E thermal_src: set_ttj_to_kernel 1:error -1
03-02 10:07:09.991  1177  1177 I thermal_src: recvmsg_expect 2, but get 5 
03-02 10:07:09.991  1177  1177 V thermal_src: waiting NOTIFY from kernel miss, -1
03-02 10:07:09.991  1177  1177 I thermal_src: recvmsg_expect 2, but get 5 
03-02 10:07:09.991  1177  1177 V thermal_src: waiting NOTIFY from kernel miss, -1
03-02 10:07:09.991  1177  1177 I thermal_src: recvmsg_expect 2, but get 4 
03-02 10:07:09.991  1177  1177 V thermal_src: waiting NOTIFY from kernel miss, -1
03-02 10:07:09.998 15408 15408 D nativeloader: Load /data/app/~~Bh61wenJZi6JNVEuOkVQfQ==/com.softnation.Ojam-nnCVAdHxKfOmup5FCuBDYQ==/base.apk!/lib/arm64-v8a/libreact_codegen_safeareacontext.so using class loader ns clns-7 (caller=/data/app/~~Bh61wenJZi6JNVEuOkVQfQ==/com.softnation.Ojam-nnCVAdHxKfOmup5FCuBDYQ==/base.apk!classes20.dex): ok
03-02 10:07:10.016 15408 15408 D nativeloader: Load /data/app/~~Bh61wenJZi6JNVEuOkVQfQ==/com.softnation.Ojam-nnCVAdHxKfOmup5FCuBDYQ==/base.apk!/lib/arm64-v8a/libappmodules.so using class loader ns clns-7 (caller=/data/app/~~Bh61wenJZi6JNVEuOkVQfQ==/com.softnation.Ojam-nnCVAdHxKfOmup5FCuBDYQ==/base.apk!classes20.dex): ok
03-02 10:07:10.024  2363  2477 D MiuiFreeformModeCornerTipHandler: task#37020 onTaskVanished
03-02 10:07:10.024  2363  2477 I MiuiBubbleController: removeBubble: 37020 reason=2
03-02 10:07:10.024  2363  2477 I MultiTaskingTaskRepository: onTaskInfoChanged multi list = [5, 4], full = [37020, 37019, 36980]
03-02 10:07:10.027  1621  4289 I PowerHalWrapper: amsBoostNotify pid:15408,activity:com.softnation.Ojam.MainActivity, package:com.softnation.Ojam, mProcessCreatePackcom.softnation.Ojam 
03-02 10:07:10.027  1621  4289 I PowerHalWrapper: state: 1 
03-02 10:07:10.029  1621  4289 I ScnModule: [GameDetection] packname: com.softnation.Ojam, apkSize: 113045479. 
03-02 10:07:10.029  1621  4289 I mtkpower_client: [PowerHal_Wrap_notifyAppState] com.softnation.Ojam/com.softnation.Ojam.MainActivity pid=15408 activityId:20630751 state:1
03-02 10:07:10.029   861   861 I vendor.mediatek.hardware.mtkpower_applist-service.mediatek: packName: com.softnation.Ojam actName: com.softnation.Ojam.MainActivity pid: 15408 activityId: 20630751 uid: 10337 state: 1
03-02 10:07:10.029   861   861 I MTK_APPList: [notifyAPPstate] com.softnation.Ojam/com.softnation.Ojam.MainActivity, pid=15408, activityId=20630751, uid=10337, state:RESUMED, fps:-1, win:0
03-02 10:07:10.029   861   861 I MTK_APPList: [notifyAPPstate] multi_resumed_app_count: 2
03-02 10:07:10.029   861   861 I MTK_APPList: [notifyAPPstate] multi_resumed_app_info[0] com.android.systemui/com.android.systemui._190038181, pid:2363, activityId:-1, fps:-1, isMultiWindow:0
03-02 10:07:10.029   861   861 I MTK_APPList: [notifyAPPstate] multi_resumed_app_info[1] com.softnation.Ojam/com.softnation.Ojam.MainActivity, pid:15408, activityId:20630751, fps:-1, isMultiWindow:0
03-02 10:07:10.029   861   861 I MTK_APPList: [getForegroundAPPCount] 2
03-02 10:07:10.029   861   861 I MTK_APPList: [notifyAPPstate] foreground:com.softnation.Ojam, pid:15408, activityId:20630751, uid:10337
03-02 10:07:10.029   861   861 I MTK_APPList: [notifyNetdUID] 10337
03-02 10:07:10.031   861   861 I MTK_APPList: [notifyPID] 15408
03-02 10:07:10.031  1621  4289 I PowerHalWrapper: amsBoostNotify AMS_BOOST_PROCESS_CREATE_BOOST:true 
03-02 10:07:10.031  1621  1621 D MBrainLocalService: isVendorFreezeConditionPass is false
03-02 10:07:10.031  1621  1621 E MBrainLocalService: notifyAppSwitch failed
03-02 10:07:10.031   863   958 I libPowerHal: [perfSetSysInfo] pid type:24, 15408
03-02 10:07:10.032  1621  1650 D ActivityManager: mediaResourceManagerBinder get success
03-02 10:07:10.032  1124  1124 D ResourceManagerServiceNew: update package name: com.softnation.Ojam
03-02 10:07:10.033   861   861 I MTK_APPList: [notifyAPPstate] pc:0, com.miui.home => com.softnation.Ojam
03-02 10:07:10.034  1124  1124 D ResourceManagerServiceNew: packageName: com.softnation.Ojam, uid : 10337, hashCode : 216909194
03-02 10:07:10.034  1124  1124 D ResourceManagerServiceNew: ResourceManagerService::setCodecsVppModeWithLock
03-02 10:07:10.034  1621  1907 D MiuiMultiWindowUtils: DeviceLevel.IS_MIUI_LITE_VERSION 2.0 not support miui multiWindowtides
03-02 10:07:10.034  1124  1124 D ResourceManagerServiceNew: all codecs setVppMode return fail
03-02 10:07:10.034  1621  1907 D BluetoothAdapter: getActiveDevices(profile= A2DP)
03-02 10:07:10.034  6027 20777 I ProcessMonitor: onForegroundInfoChanged: ForegroundInfo{mForegroundPackageName='com.softnation.Ojam', mForegroundUid=10337, mForegroundPid=15408, mLastForegroundPackageName='com.miui.home', mLastForegroundUid=10166, mLastForegroundPid=1999, mMultiWindowForegroundPackageName='com.softnation.Ojam', mMultiWindowForegroundUid=10337, mFlags=1}
03-02 10:07:10.034  1621  4763 I ClipboardServiceI: checkProviderWakePathForClipboard: primaryClip is null
03-02 10:07:10.035  1621  1745 W AlarmManager: Unrecognized alarm listener com.android.server.usage.AppTimeLimitController$SessionUsageGroup@940548d
03-02 10:07:10.035  6515  9363 D PerfEngineController: ForegroundInfo{mForegroundPackageName='com.softnation.Ojam', mForegroundUid=10337, mForegroundPid=15408, mLastForegroundPackageName='com.miui.home', mLastForegroundUid=10166, mLastForegroundPid=1999, mMultiWindowForegroundPackageName='com.softnation.Ojam', mMultiWindowForegroundUid=10337, mFlags=1}
03-02 10:07:10.035  6027 20777 I VideoBoxUtils: isSupportVideoBox: false
03-02 10:07:10.036  6027 20777 I VideoToolBoxService: vtb is closed!!!
03-02 10:07:10.037  6027  3111 D v1      : myUserId = 0	currentUserId0
03-02 10:07:10.038  1621  1907 D BluetoothAdapter: getActiveDevices(profile= HEADSET)
03-02 10:07:10.040  1621  1918 E HyperSentinel: -------------------------------------------------------
03-02 10:07:10.040  1621  1918 E HyperSentinel: Event_ThreadAmount
03-02 10:07:10.040  1621  1918 E HyperSentinel: -> audit event by proc 19132 "com.google.android.permissioncontroller": running threads amount, 0 -> 23
03-02 10:07:10.040  1621  1907 D BluetoothAdapter: getActiveDevices(profile= LE_AUDIO)
03-02 10:07:10.041 18562 29326 E BluetoothAdapterService: getActiveDevices: LeAudioService is null
03-02 10:07:10.042  1621  1907 D AudioSystem: +setParameters(): foregroundUid=10337;bluetoothlowlatencystatus=false 
03-02 10:07:10.042  1621  1907 D AudioSystem: start get log level!
03-02 10:07:10.044   843  1378 D AudioALSAHardware: +setParameters(): bluetoothlowlatencystatus=false;foregroundUid=10337
03-02 10:07:10.044   843  1378 D AudioALSAHardware: -setParameters(): bluetoothlowlatencystatus=false;foregroundUid=10337
03-02 10:07:10.044   843  1378 E AHAL_Module: setVendorParameters: default: unrecognized parameter "bluetoothlowlatencystatus=false;foregroundUid=10337"
03-02 10:07:10.045   894  1728 E ConversionHelperAidl: Function: parseAndSetVendorParameters Line: 97 Failed 
03-02 10:07:10.046   843  1378 D AHAL_ModuleBluetooth: setVendorParameters: parameter count 1, async: 0
03-02 10:07:10.046   843  1378 D AHAL_ModuleBluetooth: setVendorParameters: bluetoothlowlatencystatus=false;foregroundUid=10337
03-02 10:07:10.047 18562 29326 D BluetoothLatencyMode: ForegroundInfo{mForegroundPackageName='com.softnation.Ojam', mForegroundUid=10337, mForegroundPid=15408, mLastForegroundPackageName='com.miui.home', mLastForegroundUid=10166, mLastForegroundPid=1999, mMultiWindowForegroundPackageName='com.softnation.Ojam', mMultiWindowForegroundUid=10337, mFlags=1}
03-02 10:07:10.047 18562 29326 W LeAudioService: getLeAudioService(): service is NULL
03-02 10:07:10.047 18562 29326 D BluetoothLatencyMode: isWiredAudioHeadset.type: 1
03-02 10:07:10.047 18562 29326 D BluetoothLatencyMode: isWiredAudioHeadset.type: 2
03-02 10:07:10.047 18562 29326 D BluetoothLatencyMode: isWiredAudioHeadset.type: 18
03-02 10:07:10.047 18562 29326 D BluetoothLatencyMode: isWiredAudioHeadset.type: 14
03-02 10:07:10.048 15408 15408 W Looper  : PerfMonitor longMsg : seq=3 plan=10:07:08.257 late=8ms wall=1769ms h=android.app.ActivityThread$H w=110 procState=-1
03-02 10:07:10.049 15408 15408 W libc    : Access denied finding property "ro.vendor.perf.scroll_opt"
03-02 10:07:10.051  6515  6997 D MilletUtils: setUidState, uid = 10337 allow = true
03-02 10:07:10.051  1621  4430 D MiSensorServiceImpl: PowerKeeperSensor resume iUid:10337 but app has not in Controlled
03-02 10:07:10.057 15408 15408 D nativeloader: Load libpowerhalwrap_jni.so using system ns (caller=/system_ext/framework/mediatek-framework.jar): ok
03-02 10:07:10.057 15408 15408 I PowerHalWrapper: PowerHalWrapper.getInstance 
03-02 10:07:10.058 15408 15408 I M-ProMotion: M-ProMotion is disabled
03-02 10:07:10.069 15408 15408 D FramePredict: FramePredict init: true
03-02 10:07:10.069 15408 15408 D UserSceneDetector: invoke error.
03-02 10:07:10.072 15408 15408 W Looper  : PerfMonitor doFrame : time=3ms vsyncFrame=19623826 latency=490ms procState=-1 historyMsgCount=3 (msgIndex=1 wall=1769ms seq=3 late=8ms h=android.app.ActivityThread$H w=110)
03-02 10:07:10.075 15408 15408 I ActivityThread: HardwareRenderer preload  done
03-02 10:07:10.078 15408 19735 D vulkan  : searching for layers in '/data/app/~~Bh61wenJZi6JNVEuOkVQfQ==/com.softnation.Ojam-nnCVAdHxKfOmup5FCuBDYQ==/lib/arm64'
03-02 10:07:10.081 15408 19735 D vulkan  : searching for layers in '/data/app/~~Bh61wenJZi6JNVEuOkVQfQ==/com.softnation.Ojam-nnCVAdHxKfOmup5FCuBDYQ==/base.apk!/lib/arm64-v8a'
03-02 10:07:10.086 15408 19735 D vulkan  : searching for layers in '/data/app/~~Bh61wenJZi6JNVEuOkVQfQ==/com.softnation.Ojam-nnCVAdHxKfOmup5FCuBDYQ==/lib/arm64'
03-02 10:07:10.087 15408 19735 D vulkan  : searching for layers in '/data/app/~~Bh61wenJZi6JNVEuOkVQfQ==/com.softnation.Ojam-nnCVAdHxKfOmup5FCuBDYQ==/base.apk!/lib/arm64-v8a'
03-02 10:07:10.091  1621  1918 E HyperSentinel: -------------------------------------------------------
03-02 10:07:10.092  1621  1918 E HyperSentinel: Event_ThreadAmount
03-02 10:07:10.092  1621  1918 E HyperSentinel: -> audit event by proc 15408 "usap64": running threads amount, 12 -> 23
03-02 10:07:10.094 15408 19735 D MMUD    : mtk_memory_debug_init com.softnation.Ojam 0xb400007c0895a5d0
03-02 10:07:10.113  1201  1298 D AALService: [CRTC_114] onALIChanged: 12 -> 6
03-02 10:07:10.140  1621  4763 I BroadcastQueue: BOOT_COMPLETED_BROADCAST_COMPLETION_LATENCY_REPORTED action:android.intent.action.BOOT_COMPLETED dispatchLatency:1 completeLatency:1891 dispatchRealLatency:2 completeRealLatency:1892 receiversSize:1 userId:0 userType:android.os.usertype.full.SYSTEM
03-02 10:07:10.147  1621  1640 D AudioSystem: +setParameters(): gamebooster=false 
03-02 10:07:10.147  1621  1640 D AudioSystem: start get log level!
03-02 10:07:10.148   843  1378 D AudioALSAHardware: +setParameters(): gamebooster=false
03-02 10:07:10.148   843  1378 D AudioALSAHardware: -setParameters(): gamebooster=false
03-02 10:07:10.149   843  1378 E AHAL_Module: setVendorParameters: default: unrecognized parameter "gamebooster=false"
03-02 10:07:10.149   894  1728 E ConversionHelperAidl: Function: parseAndSetVendorParameters Line: 97 Failed 
03-02 10:07:10.150 15408 15408 D AppCompatDelegate: Checking for metadata for AppLocalesMetadataHolderService : Service not found
03-02 10:07:10.150   843  1378 D AHAL_ModuleBluetooth: setVendorParameters: parameter count 1, async: 0
03-02 10:07:10.150   843  1378 D AHAL_ModuleBluetooth: setVendorParameters: gamebooster=false
03-02 10:07:10.161  1999 29002 D TaskStackChangeListeners: onTaskDescriptionChanged =  taskId = 37020
03-02 10:07:10.169  1999 29002 D TaskStackChangeListeners: onTaskDescriptionChanged =  taskId = 37020
03-02 10:07:10.196 15408 19741 D MMUD    : get_leak_baseline 3246391296
03-02 10:07:10.208 18562 18789 D BluetoothDevice: getAddress: mAddress=XX:XX:XX:XX:25:92
03-02 10:07:10.208 18562 18789 D BluetoothDevice: getAddress: mAddress=XX:XX:XX:XX:25:92
03-02 10:07:10.208 18562 18789 D BluetoothDevice: getAddress: mAddress=XX:XX:XX:XX:25:92
03-02 10:07:10.214 15408 15408 I softnation.Ojam: hiddenapi: Accessing hidden method Landroid/view/ViewGroup;->makeOptionalFitsSystemWindows()V (runtime_flags=0, domain=platform, api=unsupported) from Landroidx/appcompat/widget/ViewUtils; (domain=app, TargetSdkVersion=36) using reflection: allowed
03-02 10:07:10.355  1621  4763 D AS.BtHelper: isBluetoothScoOn() mBluetoothHeadset is null: falsemBluetoothHeadsetDevice is null: true
03-02 10:07:10.355  1621  4763 V AS.AudioDeviceBroker: requestedCommunicationDevice: null mAudioModeOwner: AudioModeInfo: mMode=MODE_NORMAL, mPid=0, mUid=0
03-02 10:07:10.355  1621  4763 D AS.BtHelper: isBluetoothScoOn() mBluetoothHeadset is null: falsemBluetoothHeadsetDevice is null: true
03-02 10:07:10.356  1621  4763 V AS.AudioDeviceBroker: requestedCommunicationDevice: null mAudioModeOwner: AudioModeInfo: mMode=MODE_NORMAL, mPid=0, mUid=0
03-02 10:07:10.368  1167  1167 I thermal_repeater: [recvMdThermalInfo] ret=26, strLen=127,  3, 38, -11, 196, 32767, 0
03-02 10:07:10.377  1621  1676 D SsruManagerImpl: MiSsru Sensor not init!!!!
03-02 10:07:10.378   853   853 I Accelerometer: batch: handle:0, flag:0,samplingPeriodNs:66667000 maxBatchReportLatencyNs:0

03-02 10:07:10.379  1621  4763 I SensorService: 	>>> actuating h/w activate handle=0x1 enabled=1
03-02 10:07:10.380   853   853 I Accelerometer: enable: handle:0, en:1

03-02 10:07:10.403 15408 15408 W unknown:BridgelessReact: ReactHost{0}.startSurface(surfaceId = 0): Schedule
03-02 10:07:10.403 15408 15408 W unknown:BridgelessReact: ReactHost{0}.attachSurface(surfaceId = 0)
03-02 10:07:10.404 15408 19765 W unknown:BridgelessReact: ReactHost{0}.getOrCreateReactInstanceTask()
03-02 10:07:10.404 15408 19765 W unknown:BridgelessReact: ReactHost{0}.getOrCreateReactInstanceTask(): Start
03-02 10:07:10.404 15408 19765 W unknown:BridgelessReact: ReactHost{0}.getJSBundleLoader()
03-02 10:07:10.404 15408 19765 W unknown:BridgelessReact: ReactHost{0}.isMetroRunning()
03-02 10:07:10.426 15408 15408 W libc    : Access denied finding property "ro.vendor.df.effect.conflict"
03-02 10:07:10.430  1621  4763 D AppLock_AccessControlImpl: activityResume packageName: com.softnation.Ojam userId: 0 enabled: true
03-02 10:07:10.430  1621  4763 D AppLock_AccessControlImpl: activityResume lockMode: 1
03-02 10:07:10.431 15408 15408 D SecurityManager: checkAccessControl flag1
03-02 10:07:10.432 15408 15408 W unknown:BridgelessReact: ReactHost{0}.onHostResume(activity)
03-02 10:07:10.437 15408 19733 I PowerHalWrapper: PowerHalWrapper.getInstance 
03-02 10:07:10.443   849  1430 I hwcomposer: [HWC] (0)fire a callback of refresh to SF[4]  
03-02 10:07:10.444 15408 15408 I SurfaceFactory: [static] sSurfaceFactory = com.mediatek.view.impl.SurfaceFactoryImpl@3781f37
03-02 10:07:10.445   921  1500 D SurfaceFlinger: [SF client] NEW(0xb400007caea015a0) for (15408:com.softnation.Ojam)
03-02 10:07:10.455   921   921 I BufferQueueProducer: [FramebufferSurface](this:0xb400007d8e9dff50,id:-1,api:1,p:921,c:921) queueBuffer: fps=12.93 dur=2553.19 max=1715.76 min=12.41
03-02 10:07:10.458   921   921 I MI-SF   : surfaceflinger setAffinity mode=1
03-02 10:07:10.459   921   921 E MI-SF   : surfaceflinger setAffinity success
03-02 10:07:10.459   921   921 I MI-SF   : surfaceflinger setreAffinity reTid=1207
03-02 10:07:10.459   921   921 E MI-SF   : surfaceflinger setAffinity success
03-02 10:07:10.460 15408 15408 D MiuiCameraCoveredManager: java.lang.NullPointerException: Attempt to invoke virtual method 'java.lang.String android.provider.MiuiSettings$SettingsCloudData$CloudData.getString(java.lang.String, java.lang.String)' on a null object reference
03-02 10:07:10.461 15408 15408 D FramePredict: init success
03-02 10:07:10.462  1621  4763 W ActivityManager: Permission Denial: getCurrentUser() from pid=15408, uid=10337 requires android.permission.INTERACT_ACROSS_USERS
03-02 10:07:10.464 15408 19779 E FramePredict: registerContentObserver fail
03-02 10:07:10.469 15408 19735 W libc    : Access denied finding property "ro.vendor.display.iris_x7.support"
03-02 10:07:10.477 15408 19766 W unknown:BridgelessReact: ReactHost{0}.isMetroRunning(): Async result = true
