03-02 10:07:24.499 15408 15408 W Looper  : PerfMonitor doFrame : time=573ms vsyncFrame=19624500 latency=2ms procState=-1
03-02 10:07:24.501 15408 19938 I DMABUFHEAPS: Using DMA-BUF heap named: mtk_mm
03-02 10:07:24.502 15408 19938 D skia    : stream getLength() not supported, use temp buffer for loading stream, buffer addr 0x7bde6bb000 length 115924
03-02 10:07:24.503 15408 19938 D skia    : LoadInputStreamToMem va 0x7bde6bb000  size 118144
03-02 10:07:24.508 15408 19938 D libjpeg-alpha: Huffman Builder run in subthread
03-02 10:07:24.516 15408 19938 D libjpeg-alpha: Tile Decoder (#thread:4, size:512 256 256 341x512, alignment:256x16)
03-02 10:07:24.517 15408 19928 D libjpeg-alpha: Corrupt JPEG data: bad Huffman code
03-02 10:07:24.523 15408 19941 D libjpeg-alpha: Corrupt JPEG data: 33397 extraneous bytes before marker 0xda
03-02 10:07:24.565  2350  2350 W Settings: Setting airplane_mode_on has moved from android.provider.Settings.System to android.provider.Settings.Global, returning read-only value.
03-02 10:07:24.569  2350  2350 W Settings: Setting airplane_mode_on has moved from android.provider.Settings.System to android.provider.Settings.Global, returning read-only value.
03-02 10:07:24.569 15408 19923 D skia    : SkJpegCodec::onGetPixels -
03-02 10:07:24.574 15408 15408 I ExoPlayerImpl: Init cd280ad [AndroidXMedia3/1.8.0] [tides, 2404ARN45A, Xiaomi, 35]
03-02 10:07:24.579  2350 29580 D NetworkSpeedTracker: updateSignalInfo lteRsrp=-76lteSnr=21,phoneId=1
03-02 10:07:24.584   861   947 I libPerfCtl: xgfGetFPS pid:2363 fps:-1
03-02 10:07:24.585  2350 29580 D NetworkSpeedTracker: updateSignalInfo lteRsrp=-76lteSnr=21,phoneId=1
03-02 10:07:24.631   921   921 I BufferQueueProducer: [StatusBar#109](this:0xb400007bcec4ab68,id:-1,api:0,p:-1,c:921) queueBuffer: fps=0.49 dur=2047.59 max=2047.59 min=2047.59
03-02 10:07:24.632 15408 19928 D libjpeg-alpha: Corrupt JPEG data: premature end of data segment
03-02 10:07:24.634   849   849 I hwcomposer: [HWCDisplay] (0 updateFps():3667), (type:1, mode:2) fps:0.549250,dur:1820.66,max:1820.66,min:1820.66  
03-02 10:07:24.637   921   921 I MI-SF   : surfaceflinger setAffinity mode=0
03-02 10:07:24.637   921   921 E MI-SF   : surfaceflinger setAffinity success
03-02 10:07:24.655  1621  1918 E HyperSentinel: -------------------------------------------------------
03-02 10:07:24.655  1621  1918 E HyperSentinel: Event_ResidentSize
03-02 10:07:24.656  1621  1918 E HyperSentinel: -> audit event by proc 15408 "usap64": RSS increasement, peak 375356kb -> 563048kb
03-02 10:07:24.656  1621  1917 D MiuiSentinelService: begin judgmentRssLeakException
03-02 10:07:24.656  1621  1917 E MiuiSentinelMemoryManager: getRSSinfo: usap64#15408
03-02 10:07:24.656  1621  1917 D MiuiSentinelMemoryManager: cmdline: usap64, pid: 15408, RSSsize:563048
03-02 10:07:24.659  1621  1917 W MiuiSentinelMemoryManager: The current process type does not meet reporting requirements
03-02 10:07:24.660 15408 19922 D skia    : SkJpegCodec::onGetPixels -
03-02 10:07:24.695 15408 19946 D libjpeg-alpha: Corrupt JPEG data: premature end of data segment
03-02 10:07:24.703 15408 15408 I softnation.Ojam: hiddenapi: Accessing hidden method Landroid/media/AudioTrack;->getLatency()I (runtime_flags=0, domain=platform, api=unsupported) from Landroidx/media3/exoplayer/audio/AudioTrackPositionTracker; (domain=app, TargetSdkVersion=36) using reflection: allowed
03-02 10:07:24.707 15408 19585 I softnation.Ojam: NativeAlloc concurrent mark compact GC freed 9517KB AllocSpace bytes, 105(2896KB) LOS objects, 66% free, 13MB/39MB, paused 6.766ms,9.831ms total 237.581ms
03-02 10:07:24.708 15408 19938 D skia    : SkJpegCodec::onGetPixels -
03-02 10:07:24.755   849  1430 I hwcomposer: [HWC] (0)fire a callback of refresh to SF[4]  
03-02 10:07:24.777   921   921 I BufferQueueProducer: [FramebufferSurface](this:0xb400007d8e9dff50,id:-1,api:1,p:921,c:921) queueBuffer: fps=0.51 dur=1964.54 max=1964.54 min=1964.54
03-02 10:07:24.780   921   921 I MI-SF   : surfaceflinger setAffinity mode=1
03-02 10:07:24.781   921   921 E MI-SF   : surfaceflinger setAffinity success
03-02 10:07:24.781   921   921 I MI-SF   : surfaceflinger setreAffinity reTid=1207
03-02 10:07:24.781   921   921 E MI-SF   : surfaceflinger setAffinity success
03-02 10:07:24.794   894 12766 V audio_utils::mutex: mutex_impl: audio_mutex initialized: ret:0  order:20
03-02 10:07:24.795   894 12766 V audio_utils::mutex: mutex_impl: audio_mutex initialized: ret:0  order:20
03-02 10:07:24.795   894 12766 V audio_utils::mutex: mutex_impl: audio_mutex initialized: ret:0  order:20
03-02 10:07:24.795   894 12766 V audio_utils::mutex: mutex_impl: audio_mutex initialized: ret:0  order:20
03-02 10:07:24.795   894  1367 D AudioFlinger_Threads: updateWakeLockUids_l AudioOut_25 uids:
03-02 10:07:24.795   894  1325 D AudioFlinger_Threads: updateWakeLockUids_l AudioOut_D uids:
03-02 10:07:24.795   894  1349 D AudioFlinger_Threads: updateWakeLockUids_l AudioOut_15 uids:
03-02 10:07:24.796   894  1351 D AudioFlinger_Threads: updateWakeLockUids_l AudioOut_1D uids:
03-02 10:07:24.822  1621  1856 D ConnectivityService: NetReassign [no changes] [c 1] [a 1] [i 5]
03-02 10:07:24.841 15408 15408 I MediaSessionImpl: Init 8ed5e1 [AndroidXMedia3/1.8.0] [tides, 2404ARN45A, Xiaomi, 35]
03-02 10:07:24.858  1621  1842 I MiuiNetworkPolicy: updateUidState uid = 10301, uidState = 19
03-02 10:07:24.861  1621  1842 I MiuiNetworkPolicy: updateUidState uid = 10301, uidState = 11
03-02 10:07:24.882 15408 15408 I MediaSessionCompat: Couldn't find a unique registered media button receiver in the given context.
03-02 10:07:24.889  1621  4246 I MediaSessionStack: addSession to bottom of stack | record: com.softnation.Ojam/androidx.media3.session.id./73 (userId=0)
03-02 10:07:24.889  1621  4246 D MediaSessionService: Media button session is changed to com.softnation.Ojam/androidx.media3.session.id./73 (userId=0)
03-02 10:07:24.891 18562 18562 W MediaPlayerList: onMediaKeyEventSessionChanged(Token): android.media.session.MediaSession$Token@16062c1
03-02 10:07:24.891  2363 19600 I ActiveAudioSessionManager_export-api: controllerSize:0
03-02 10:07:24.891  2363 19600 I ActiveAudioSessionManager_export-api: stopPositionCallbackTask
03-02 10:07:24.891  2363 19600 I ActiveAudioSessionManager_export-api: dispatchSessionsExistsChangeCallbackLocked :false
03-02 10:07:24.892  2363 19600 I MiPlayServiceAdapter: markSessionKilled
03-02 10:07:24.892  2363 19600 I ActiveAudioSessionManager_export-api: controllerSize:0
03-02 10:07:24.892  2363 19600 I ActiveAudioSessionManager_export-api: stopPositionCallbackTask
03-02 10:07:24.892  2363 19600 I ActiveAudioSessionManager_export-api: dispatchSessionsExistsChangeCallbackLocked :false
03-02 10:07:24.892  2363 19600 I MiPlayServiceAdapter: markSessionKilled
03-02 10:07:24.892  2363  3215 I ActiveAudioSessionManager_export-api: controllerSize:0
03-02 10:07:24.892  2363  3215 I ActiveAudioSessionManager_export-api: stopPositionCallbackTask
03-02 10:07:24.892  2363  3215 I ActiveAudioSessionManager_export-api: dispatchSessionsExistsChangeCallbackLocked :false
03-02 10:07:24.893  2363  3215 I ActiveAudioSessionManager_export-api: controllerSize:0
03-02 10:07:24.893  2363  3215 I ActiveAudioSessionManager_export-api: stopPositionCallbackTask
03-02 10:07:24.893  2363  3215 I ActiveAudioSessionManager_export-api: dispatchSessionsExistsChangeCallbackLocked :false
03-02 10:07:24.893 18562 18562 I MediaPlayerList: Adding wrapped media player: com.softnation.Ojam at key: 1
03-02 10:07:24.894 18562 18562 I MediaPlayerList: onMediaKeyEventSessionChanged: token=com.softnation.Ojam
03-02 10:07:24.896 18562 18562 D MediaPlayerList: setActivePlayer(): setting player to com.softnation.Ojam
03-02 10:07:24.897  1621  4289 I MediaSessionService: tempAllowlistTargetPkgIfPossible callingPackage:com.android.bluetooth targetPackage:com.softnation.Ojam reason:MediaSessionRecord:android.support.v4.media.session.command.GET_EXTRA_BINDER [WIU] [FGS]
03-02 10:07:24.902  1621  1746 E JobScheduler.Background: Couldn't determine stopped state for unknown package: com.google.android.apps.turbo
03-02 10:07:24.902  1621  1746 E JobScheduler.Background: Couldn't determine stopped state for unknown package: com.google.android.apps.turbo
03-02 10:07:24.902  1621  1746 E JobScheduler.Background: Couldn't determine stopped state for unknown package: com.google.android.apps.turbo
03-02 10:07:24.902  1621  1746 E JobScheduler.Background: Couldn't determine stopped state for unknown package: com.google.android.apps.turbo
03-02 10:07:24.903  1621  1746 E JobScheduler.Background: Couldn't determine stopped state for unknown package: com.google.android.apps.turbo
03-02 10:07:24.903 18562 18562 D MediaPlayerList: sendMediaUpdate
03-02 10:07:24.903 18562 18562 I MediaPlayerList: sendMediaUpdate: Creating a one item queue for a player with no queue
03-02 10:07:24.903 18562 18562 D MediaPlayerList: sendMediaUpdate state=null
03-02 10:07:24.903 18562 18562 D AvrcpTargetService: onMediaUpdated: track_changed=true state=false queue=true
03-02 10:07:24.903 18562 18562 D AvrcpNativeInterface: sendMediaUpdate: metadata=true playStatus=false queue=true
03-02 10:07:24.904 18562 18562 I bluetooth: avrcp_service.cc:648 SendMediaUpdate: track_changed=true :  play_state=false :  queue=true
03-02 10:07:24.904 18562 18562 V MediaPlayerList: onActiveSessionsChanged: number of controllers: 0
03-02 10:07:24.905 18562 18562 I PlayerSettingsManager: getPlayerRepeatMode: no active player
03-02 10:07:24.905 18562 18562 I PlayerSettingsManager: getPlayerShuffleMode: no active player
03-02 10:07:24.905 18562 18562 I PlayerSettingsManager: updateRemoteDevice: STATE_REPEAT_OFF, STATE_SHUFFLE_OFF
03-02 10:07:24.905 18562 18562 I bluetooth: avrcp_service.cc:685 SendPlayerSettingsChanged: 
03-02 10:07:24.905 18562 18562 I bluetooth: avrcp_service.cc:699 SendPlayerSettingsChanged: attribute=PlayerAttribute::REPEAT : value=PlayerRepeatValue::OFF
03-02 10:07:24.905 18562 18562 I bluetooth: attribute=PlayerAttribute::SHUFFLE : value=PlayerShuffleValue::OFF
03-02 10:07:24.905 18562 18562 V MediaPlayerList: onActiveSessionsChanged: number of controllers: 0
03-02 10:07:24.905 18562 18562 I PlayerSettingsManager: getPlayerRepeatMode: no active player
03-02 10:07:24.905 18562 18562 I PlayerSettingsManager: getPlayerShuffleMode: no active player
03-02 10:07:24.905 18562 18562 I PlayerSettingsManager: updateRemoteDevice: STATE_REPEAT_OFF, STATE_SHUFFLE_OFF
03-02 10:07:24.905 18562 18562 I bluetooth: avrcp_service.cc:685 SendPlayerSettingsChanged: 
03-02 10:07:24.905 18562 18562 I bluetooth: avrcp_service.cc:699 SendPlayerSettingsChanged: attribute=PlayerAttribute::REPEAT : value=PlayerRepeatValue::OFF
03-02 10:07:24.905 18562 18562 I bluetooth: attribute=PlayerAttribute::SHUFFLE : value=PlayerShuffleValue::OFF
03-02 10:07:24.911 18562 18562 D AudioMediaPlayerWrapper: com.softnation.Ojam: isPlaybackStateReady(): PlaybackState is null
03-02 10:07:24.911 18562 18562 V AudioMediaPlayerWrapper: onQueueChanged(): com.softnation.Ojam tried to update with no queue
03-02 10:07:24.941  1621  4430 D MediaSessionService: onSessionPlaybackStateChanged: record=com.softnation.Ojam/androidx.media3.session.id./73 (userId=0) playbackState=PlaybackState {state=NONE(0), position=0, buffered position=0, speed=0.0, updated=1025404358, actions=7339653, custom actions=[], active item id=0, error=null}
03-02 10:07:24.942  1621  4430 D MediaSessionService: onSessionActiveStateChanged: record=com.softnation.Ojam/androidx.media3.session.id./73 (userId=0) playbackState=PlaybackState {state=NONE(0), position=0, buffered position=0, speed=0.0, updated=1025404358, actions=7339653, custom actions=[], active item id=0, error=null}
03-02 10:07:24.943 18562 18562 D AudioMediaPlayerWrapper: onPlaybackStateChanged(): com.softnation.Ojam : PlaybackState {state=NONE(0), position=0, buffered position=0, speed=0.0, updated=1025404358, actions=7339653, custom actions=[], active item id=0, error=null}
03-02 10:07:24.945 18562 18562 V AudioMediaPlayerWrapper: Waiting to send update as controller has no playback state
03-02 10:07:24.946  2363 19600 I ActiveAudioSessionManager_export-api: controllerSize:1
03-02 10:07:24.946  2363 19600 I ActiveAudioSessionManager_export-api: packageName:com.softnation.Ojam
03-02 10:07:24.949 18562 18562 V MediaPlayerList: onActiveSessionsChanged: number of controllers: 1
03-02 10:07:24.950  2363 19600 I ActiveAudioSessionManager_export-api: stopPositionCallbackTask
03-02 10:07:24.950  2363 19600 I ActiveAudioSessionManager_export-api: dispatchSessionsExistsChangeCallbackLocked :true
03-02 10:07:24.950  2363 19600 I MiPlayServiceAdapter: markSessionChange
03-02 10:07:24.950  2363 19600 I MiPlayServiceAdapter: intent to startService : 0
03-02 10:07:24.950  1621  4289 D MediaSessionService: onSessionPlaybackStateChanged: record=com.softnation.Ojam/androidx.media3.session.id./73 (userId=0) playbackState=PlaybackState {state=NONE(0), position=0, buffered position=0, speed=0.0, updated=1025404368, actions=7339653, custom actions=[], active item id=0, error=null}
03-02 10:07:24.952 18562 18562 D MediaPlayerList: onActiveSessionsChanged: controller: com.softnation.Ojam
03-02 10:07:24.953  2363  3215 I ActiveAudioSessionManager_export-api: controllerSize:1
03-02 10:07:24.953  2363  3215 I ActiveAudioSessionManager_export-api: packageName:com.softnation.Ojam
03-02 10:07:24.953  2363 19600 I ActiveSessionRecord_export-api: onPlaybackStateChanged: PlaybackState {state=NONE(0), position=0, buffered position=0, speed=0.0, updated=1025404368, actions=7339653, custom actions=[], active item id=0, error=null}
03-02 10:07:24.955 18562 18562 D MediaPlayerList: Already have a controller for the player: com.softnation.Ojam, updating instead
03-02 10:07:24.956  2363  3215 I ActiveAudioSessionManager_export-api: stopPositionCallbackTask
03-02 10:07:24.956  2363  3215 I ActiveAudioSessionManager_export-api: dispatchSessionsExistsChangeCallbackLocked :true
03-02 10:07:24.957 18562 18562 D AudioMediaPlayerWrapper: com.softnation.Ojam: Controller for com.softnation.Ojam was updated.
03-02 10:07:24.959 18562 18562 D MediaPlayerList: sendMediaUpdate
03-02 10:07:24.959 18562 18562 I MediaPlayerList: sendMediaUpdate: Creating a one item queue for a player with no queue
03-02 10:07:24.960 18562 18562 D MediaPlayerList: sendMediaUpdate state=PlaybackState {state=NONE(0), position=0, buffered position=0, speed=0.0, updated=1025404368, actions=7339653, custom actions=[], active item id=0, error=null}
03-02 10:07:24.960 18562 18562 D AvrcpTargetService: onMediaUpdated: track_changed=false state=true queue=false
03-02 10:07:24.960 18562 18562 D AvrcpNativeInterface: sendMediaUpdate: metadata=false playStatus=true queue=false
03-02 10:07:24.960 18562 18562 I bluetooth: avrcp_service.cc:648 SendMediaUpdate: track_changed=false :  play_state=true :  queue=false
03-02 10:07:24.971 15408 15408 D RNTP-com.doublesymmetry.trackplayer.service.MusicService:onBind: intentAction = null
03-02 10:07:24.973 15408 15408 D UserSceneDetector: invoke error.
03-02 10:07:25.053 15408 15408 D ScrollerOptimizationManager: registerConfigChangedListener
03-02 10:07:25.114  1055  1186 D connsyslogger: SD_LOG_ROOT is /data/debuglogger/connsyslog/fw.
03-02 10:07:25.114  1055  1186 D connsyslogger: systemReady:1
03-02 10:07:25.120 15408 19830 W unknown:ReactNative: StatusBarModule: Ignored status bar change, current activity is edge-to-edge.
03-02 10:07:25.120 15408 19830 W unknown:ReactNative: StatusBarModule: Ignored status bar change, current activity is edge-to-edge.
03-02 10:07:25.154  1621  2192 D MiuiRefreshRatePolicy: reset
03-02 10:07:25.156  1999  1999 D TouchInteractionService: onSystemUiFlagsChanged, mSystemUiStateFlags=10000000
03-02 10:07:25.161 15408 15408 D VRI[MainActivity]: vri.reportNextDraw android.view.ViewRootImpl.performTraversals:4984 android.view.ViewRootImpl.doTraversal:3564 android.view.ViewRootImpl$TraversalRunnable.run:11781 android.view.Choreographer$CallbackRecord.run:1804 android.view.Choreographer$CallbackRecord.run:1813 
03-02 10:07:25.164 15408 15408 W Looper  : PerfMonitor doFrame : time=190ms vsyncFrame=19624502 latency=806ms procState=-1 historyMsgCount=37 (msgIndex=1 wall=573ms seq=715 late=2ms h=android.view.Choreographer$FrameHandler c=android.view.Choreographer$FrameDisplayEventReceiver) (msgIndex=34 wall=461ms seq=748 late=401ms h=android.app.ActivityThread$H w=114)
03-02 10:07:25.167 15408 15408 D RNTP-com.doublesymmetry.trackplayer.service.MusicService:onBind: intentAction = androidx.media3.session.MediaSessionService
03-02 10:07:25.185  1621  1651 I ActivityTaskManager: visible for Task{75643f5 #37020 type=standard A=10337:com.softnation.Ojam} visible = true isAnimating = false TRANSITION = false PARENTS = false CHILDREN = false
03-02 10:07:25.314 15408 19829 D nativeloader: Load /data/app/~~Bh61wenJZi6JNVEuOkVQfQ==/com.softnation.Ojam-nnCVAdHxKfOmup5FCuBDYQ==/base.apk!/lib/arm64-v8a/libgesturehandler.so using class loader ns clns-7 (caller=/data/app/~~Bh61wenJZi6JNVEuOkVQfQ==/com.softnation.Ojam-nnCVAdHxKfOmup5FCuBDYQ==/base.apk!classes20.dex): ok
03-02 10:07:25.314 15408 19829 D jni_lib_merge: Entering merged library JNI_OnLoad.
03-02 10:07:25.314 15408 19829 D jni_lib_merge: Preparing 12 pre-merged libs (including stub)
03-02 10:07:25.314 15408 19829 D jni_lib_merge: Preparing to register libfabricjni_so.  onload_func: 0x7894494ce0
03-02 10:07:25.314 15408 19829 D jni_lib_merge: Preparing to register libreact_devsupportjni_so.  onload_func: 0x789468efc8
03-02 10:07:25.314 15408 19829 D jni_lib_merge: Preparing to register libreact_featureflagsjni_so.  onload_func: 0x789469d518
03-02 10:07:25.314 15408 19829 D jni_lib_merge: Preparing to register libreact_newarchdefaults_so.  onload_func: 0x78947056a8
03-02 10:07:25.314 15408 19829 D jni_lib_merge: Preparing to register libreactnativeblob_so.  onload_func: 0x78948f5cb4
03-02 10:07:25.314 15408 19829 D jni_lib_merge: Preparing to register libreactnativejni_so.  onload_func: 0x78949436bc
03-02 10:07:25.314 15408 19829 D jni_lib_merge: Preparing to register libreactnativejni_common_so.  onload_func: 0x7894954044
03-02 10:07:25.314 15408 19829 D jni_lib_merge: Preparing to register librninstance_so.  onload_func: 0x789499b764
03-02 10:07:25.314 15408 19829 D jni_lib_merge: Preparing to register libturbomodulejsijni_so.  onload_func: 0x7894ab3f68
03-02 10:07:25.314 15408 19829 D jni_lib_merge: Preparing to register libuimanagerjni_so.  onload_func: 0x7894accfb8
03-02 10:07:25.314 15408 19829 D jni_lib_merge: Preparing to register libyoga_so.  onload_func: 0x7894adca3c
03-02 10:07:25.314 15408 19829 D jni_lib_merge: About to register 11 actual methods.
03-02 10:07:25.348 15408 15408 D VRI[MainActivity]: Setup new sync=wmsSync-VRI[MainActivity]#4
03-02 10:07:25.403 18562 18789 D BluetoothDevice: getAddress: mAddress=XX:XX:XX:XX:25:92
03-02 10:07:25.403 18562 18789 D BluetoothDevice: getAddress: mAddress=XX:XX:XX:XX:25:92
03-02 10:07:25.404 18562 18789 D BluetoothDevice: getAddress: mAddress=XX:XX:XX:XX:25:92
03-02 10:07:25.425  1621  4289 D AS.BtHelper: isBluetoothScoOn() mBluetoothHeadset is null: falsemBluetoothHeadsetDevice is null: true
03-02 10:07:25.425  1621  4289 V AS.AudioDeviceBroker: requestedCommunicationDevice: null mAudioModeOwner: AudioModeInfo: mMode=MODE_NORMAL, mPid=0, mUid=0
03-02 10:07:25.426  1621  4289 D AS.BtHelper: isBluetoothScoOn() mBluetoothHeadset is null: falsemBluetoothHeadsetDevice is null: true
03-02 10:07:25.426  1621  4289 V AS.AudioDeviceBroker: requestedCommunicationDevice: null mAudioModeOwner: AudioModeInfo: mMode=MODE_NORMAL, mPid=0, mUid=0
03-02 10:07:25.438 15408 19735 D HWUI    : makeCurrent grContext:0xb4000079f1a13790 reset mTextureAvailable
03-02 10:07:25.484  2350  2350 W Settings: Setting airplane_mode_on has moved from android.provider.Settings.System to android.provider.Settings.Global, returning read-only value.
03-02 10:07:25.488  2350  2350 W Settings: Setting airplane_mode_on has moved from android.provider.Settings.System to android.provider.Settings.Global, returning read-only value.
03-02 10:07:25.491  2350 29580 D NetworkSpeedTracker: updateNwSignalInfo not allowed ,ignore
03-02 10:07:25.494  2350 29580 D NetworkSpeedTracker: updateNwSignalInfo not allowed ,ignore
03-02 10:07:25.523 15408 19735 E softnation.Ojam: DynamicFPS DF open fail: No such file or directory
03-02 10:07:25.523 15408 19735 E softnation.Ojam: FrameInsert open fail: No such file or directory
03-02 10:07:25.524 15408 19735 D BLASTBufferQueue: [VRI[MainActivity]#0](f:0,a:1) acquireNextBufferLocked size=1080x2460 mFrameNumber=1 applyTransaction=true mTimestamp=607639072545370(auto) mPendingTransactions.size=0 graphicBufferId=66176856096773 transform=0
03-02 10:07:25.525   921  1472 D MI-SF   : isTpIdleScene mSetTpIdleFlag 0, mSetLtpoTpIdleFlag 0
03-02 10:07:25.525   921  1472 D DisplayModeController: setDesiredMode 4627039422300187648 {mode={fps=60.00 Hz, modePtr={id=0, vsyncRate=60.00 Hz, peakRefreshRate=60.00 Hz}}, emitEvent=true, force=false}
03-02 10:07:25.525   921  1472 D Scheduler: MtkOverrideDuration: update vsync 60
03-02 10:07:25.525   921  1472 E SurfaceFlinger: MtkDuration override mode is disabled
03-02 10:07:25.525   921  1472 D Scheduler: MtkOverrideDuration: reset override duration
03-02 10:07:25.525   921  1472 I PowerHalWrapper: updateFps(): 60
03-02 10:07:25.525 15408 15408 D VRI[MainActivity]: vri.reportDrawFinished
03-02 10:07:25.527  1621  4289 D WindowManager: wms.finishDrawingLocked: mDrawState=COMMIT_DRAW_PENDING Window{ac0e260 u0 com.softnation.Ojam/com.softnation.Ojam.MainActivity} in Surface(name=com.softnation.Ojam/com.softnation.Ojam.MainActivity#132953)/@0x1d25e53
03-02 10:07:25.527 15408 15408 W Looper  : PerfMonitor doFrame : time=332ms vsyncFrame=19624506 latency=31ms procState=-1 historyMsgCount=58 (msgIndex=1 wall=190ms seq=752 late=806ms h=android.view.Choreographer$FrameHandler c=android.view.Choreographer$FrameDisplayEventReceiver)
03-02 10:07:25.529  1621  1651 D MiuiRefreshRatePolicy: reset
03-02 10:07:25.530  1621  1651 I WindowManager: onFirstWindowDrawn, try to remove startingWindow. this = ActivityRecord{13accdf u0 com.softnation.Ojam/.MainActivity t37020} associatedTask = null isMainWindow = true mStartingWindow = Window{4f97be2 u0 Splash Screen com.softnation.Ojam} mStartingData = SplashScreenStartingData{f8b2018 waitForSyncTransactionCommit=false removeAfterTransaction= 0}
03-02 10:07:25.534 15408 15408 D RNTP-com.doublesymmetry.trackplayer.service.MusicService:setupPlayer: Setting up player
03-02 10:07:25.534  1621  1651 I PowerManagerServiceImpl: Acquire wakelock: SCREEN_BRIGHT_WAKE_LOCK           'WindowManager/displayId:0' ON_AFTER_RELEASE (uid=1000 pid=1621 pkg=android ws=WorkSource{10337 com.softnation.Ojam})
03-02 10:07:25.537  1621  1651 D MiuiRefreshRatePolicy: reset
03-02 10:07:25.538  1621  1638 I ActivityTaskManager: Displayed com.softnation.Ojam/.MainActivity for user 0: +17s498ms
03-02 10:07:25.545   849   849 I hwcomposer: [HWCDisplay] (0 setActiveConfigWithConstraints():4114), config:0  
03-02 10:07:25.545   849   849 I hwcomposer: [HWCDisplay] (0 setActiveConfigWithConstraints():4164), now 607639094737986, diff 422077, estimated_applied_time 27777778 queued_size:0  
03-02 10:07:25.549   921   921 I MI-SF   : surfaceflinger setAffinity mode=0
03-02 10:07:25.549   921   921 E MI-SF   : surfaceflinger setAffinity success
03-02 10:07:25.551  1621  1651 I WindowManager: wms.showSurfaceRobustly mWin:Window{ac0e260 u0 com.softnation.Ojam/com.softnation.Ojam.MainActivity}
03-02 10:07:25.552  1621  1651 I ActivityTaskManager: visible for Task{75643f5 #37020 type=standard A=10337:com.softnation.Ojam} visible = true isAnimating = false TRANSITION = false PARENTS = false CHILDREN = false
03-02 10:07:25.556 15408 15408 I ExoPlayerImpl: Init c27ae5a [AndroidXMedia3/1.8.0] [tides, 2404ARN45A, Xiaomi, 35]
03-02 10:07:25.564   921  1587 I BufferQueueDebug: [Surface(name=4f97be2 Splash Screen com.softnation.Ojam#132946)/@0xbb9da30 - animation-leash of starting_reveal#132958](this:0xb400007bcebbf2d8,id:-1,api:0,p:-1,c:-1) BufferQueue core=(921:/system/bin/surfaceflinger)
03-02 10:07:25.564 15408 15408 I ExoPlayerImpl: Release cd280ad [AndroidXMedia3/1.8.0] [tides, 2404ARN45A, Xiaomi, 35] [media3.common, media3.session, media3.exoplayer, media3.decoder, media3.database]
03-02 10:07:25.569  1621  4289 D MediaSessionService: onSessionPlaybackStateChanged: record=com.softnation.Ojam/androidx.media3.session.id./73 (userId=0) playbackState=PlaybackState {state=NONE(0), position=0, buffered position=0, speed=0.0, updated=1025404988, actions=7339653, custom actions=[], active item id=0, error=null}
03-02 10:07:25.570  2363 19600 I ActiveSessionRecord_export-api: onPlaybackStateChanged: PlaybackState {state=NONE(0), position=0, buffered position=0, speed=0.0, updated=1025404988, actions=7339653, custom actions=[], active item id=0, error=null}
03-02 10:07:25.570  2363  3215 I ActiveSessionRecord_export-api: onPlaybackStateChanged: PlaybackState {state=NONE(0), position=0, buffered position=0, speed=0.0, updated=1025404988, actions=7339653, custom actions=[], active item id=0, error=null}
03-02 10:07:25.571 18562 18562 D AudioMediaPlayerWrapper: onPlaybackStateChanged(): com.softnation.Ojam : PlaybackState {state=NONE(0), position=0, buffered position=0, speed=0.0, updated=1025404988, actions=7339653, custom actions=[], active item id=0, error=null}
03-02 10:07:25.571   849  1481 I hwcomposer: [HWCDisplay] (0 updateAppliedConfigState():4360), applied config complete[idx:607639122515764, config:0]  
03-02 10:07:25.572 18562 18562 W AudioMediaPlayerWrapper: onPlaybackStateChanged(): com.softnation.Ojam tried to update with no new data
03-02 10:07:25.572  1621  1730 D MediaSessionService: onSessionPlaybackStateChanged: record=com.softnation.Ojam/androidx.media3.session.id./73 (userId=0) playbackState=PlaybackState {state=NONE(0), position=0, buffered position=0, speed=0.0, updated=1025404991, actions=7339653, custom actions=[], active item id=0, error=null}
03-02 10:07:25.572  2363  3215 I ActiveSessionRecord_export-api: onPlaybackStateChanged: PlaybackState {state=NONE(0), position=0, buffered position=0, speed=0.0, updated=1025404991, actions=7339653, custom actions=[], active item id=0, error=null}
03-02 10:07:25.573  2363 19600 I ActiveSessionRecord_export-api: onPlaybackStateChanged: PlaybackState {state=NONE(0), position=0, buffered position=0, speed=0.0, updated=1025404991, actions=7339653, custom actions=[], active item id=0, error=null}
03-02 10:07:25.573 18562 18562 D AudioMediaPlayerWrapper: onPlaybackStateChanged(): com.softnation.Ojam : PlaybackState {state=NONE(0), position=0, buffered position=0, speed=0.0, updated=1025404991, actions=7339653, custom actions=[], active item id=0, error=null}
03-02 10:07:25.574 18562 18562 W AudioMediaPlayerWrapper: onPlaybackStateChanged(): com.softnation.Ojam tried to update with no new data
03-02 10:07:25.577   921   921 I PowerHalWrapper: updateFps(): 60
03-02 10:07:25.580   921   921 I PowerHalWrapper: updateFps(): 60
03-02 10:07:25.584   861   947 I libPerfCtl: xgfGetFPS pid:921 fps:-1
03-02 10:07:25.584   861   947 I libPerfCtl: xgfGetFPS pid:2363 fps:-1
03-02 10:07:25.584   861   947 I libPerfCtl: xgfGetFPS pid:15408 fps:-1
03-02 10:07:25.585   849  1423 W hwcomposer: [DRMDEV] paramIsSame(), id 34618, w 1080/1080, h 2460/2460, pitch 1088/1088, format 0x2/0x1, secure 0/0  
03-02 10:07:25.599 15408 15408 D RNTP-com.doublesymmetry.trackplayer.service.MusicService:onGetSession: com.softnation.Ojam
03-02 10:07:25.604 15408 15408 I MediaController: Init 8cdaeb2 [AndroidXMedia3/1.8.0] [tides, 2404ARN45A, Xiaomi, 35]
03-02 10:07:25.606 15408 15408 D RNTP-com.doublesymmetry.trackplayer.service.MusicService$InnerMediaSessionCallback:onConnect: com.softnation.Ojam
03-02 10:07:25.606  2350  2350 D TelephonyManager: requestModemActivityInfo: Sending result to app: ModemActivityInfo{ mTimestamp=1025405025 mSleepTimeMs=619455927 mIdleTimeMs=397955984 mActivityStatsTechSpecificInfo=[{mRat=UNKNOWN,mFrequencyRange=UNKNOWN,mTxTimeMs[]=[42509, 90739, 159201, 400160, 488405],mRxTimeMs=9901793}]}
03-02 10:07:25.608  1621  2192 D MediaSessionService: onSessionPlaybackStateChanged: record=com.softnation.Ojam/androidx.media3.session.id./73 (userId=0) playbackState=PlaybackState {state=NONE(0), position=0, buffered position=0, speed=0.0, updated=1025405027, actions=7339653, custom actions=[], active item id=0, error=null}
03-02 10:07:25.609  2363 19600 I ActiveSessionRecord_export-api: onPlaybackStateChanged: PlaybackState {state=NONE(0), position=0, buffered position=0, speed=0.0, updated=1025405027, actions=7339653, custom actions=[], active item id=0, error=null}
03-02 10:07:25.609  2363  3215 I ActiveSessionRecord_export-api: onPlaybackStateChanged: PlaybackState {state=NONE(0), position=0, buffered position=0, speed=0.0, updated=1025405027, actions=7339653, custom actions=[], active item id=0, error=null}
03-02 10:07:25.610 18562 18562 D AudioMediaPlayerWrapper: onPlaybackStateChanged(): com.softnation.Ojam : PlaybackState {state=NONE(0), position=0, buffered position=0, speed=0.0, updated=1025405027, actions=7339653, custom actions=[], active item id=0, error=null}
03-02 10:07:25.610 18562 18562 W AudioMediaPlayerWrapper: onPlaybackStateChanged(): com.softnation.Ojam tried to update with no new data
03-02 10:07:25.616 15408 15408 D RNTP-com.doublesymmetry.trackplayer.service.MusicService$InnerMediaSessionCallback:onConnect: com.softnation.Ojam
03-02 10:07:25.645  1621  1730 D MediaSessionService: onSessionPlaybackStateChanged: record=com.softnation.Ojam/androidx.media3.session.id./73 (userId=0) playbackState=PlaybackState {state=NONE(0), position=0, buffered position=0, speed=0.0, updated=1025405064, actions=7339653, custom actions=[], active item id=0, error=null}
03-02 10:07:25.646  2363 19600 I ActiveSessionRecord_export-api: onPlaybackStateChanged: PlaybackState {state=NONE(0), position=0, buffered position=0, speed=0.0, updated=1025405064, actions=7339653, custom actions=[], active item id=0, error=null}
03-02 10:07:25.646  2363  3215 I ActiveSessionRecord_export-api: onPlaybackStateChanged: PlaybackState {state=NONE(0), position=0, buffered position=0, speed=0.0, updated=1025405064, actions=7339653, custom actions=[], active item id=0, error=null}
03-02 10:07:25.646 18562 18562 D AudioMediaPlayerWrapper: onPlaybackStateChanged(): com.softnation.Ojam : PlaybackState {state=NONE(0), position=0, buffered position=0, speed=0.0, updated=1025405064, actions=7339653, custom actions=[], active item id=0, error=null}
03-02 10:07:25.647 18562 18562 W AudioMediaPlayerWrapper: onPlaybackStateChanged(): com.softnation.Ojam tried to update with no new data
03-02 10:07:25.652  1621  1730 D MediaSessionService: onSessionPlaybackStateChanged: record=com.softnation.Ojam/androidx.media3.session.id./73 (userId=0) playbackState=PlaybackState {state=NONE(0), position=0, buffered position=0, speed=0.0, updated=1025405070, actions=261765, custom actions=[Action:mName='Previous, mIcon=2131231060, mExtras=Bundle[EMPTY_PARCEL], Action:mName='Next, mIcon=2131231044, mExtras=Bundle[EMPTY_PARCEL]], active item id=0, error=null}
03-02 10:07:25.653  2363 19600 I ActiveSessionRecord_export-api: onPlaybackStateChanged: PlaybackState {state=NONE(0), position=0, buffered position=0, speed=0.0, updated=1025405070, actions=261765, custom actions=[Action:mName='Previous, mIcon=2131231060, mExtras=Bundle[EMPTY_PARCEL], Action:mName='Next, mIcon=2131231044, mExtras=Bundle[EMPTY_PARCEL]], active item id=0, error=null}
03-02 10:07:25.653  2363  3215 I ActiveSessionRecord_export-api: onPlaybackStateChanged: PlaybackState {state=NONE(0), position=0, buffered position=0, speed=0.0, updated=1025405070, actions=261765, custom actions=[Action:mName='Previous, mIcon=2131231060, mExtras=Bundle[EMPTY_PARCEL], Action:mName='Next, mIcon=2131231044, mExtras=Bundle[EMPTY_PARCEL]], active item id=0, error=null}
03-02 10:07:25.654 18562 18562 D AudioMediaPlayerWrapper: onPlaybackStateChanged(): com.softnation.Ojam : PlaybackState {state=NONE(0), position=0, buffered position=0, speed=0.0, updated=1025405070, actions=261765, custom actions=[Action:mName='Previous, mIcon=2131231060, mExtras=Bundle[EMPTY_PARCEL], Action:mName='Next, mIcon=2131231044, mExtras=Bundle[EMPTY_PARCEL]], active item id=0, error=null}
03-02 10:07:25.655 18562 18562 W AudioMediaPlayerWrapper: onPlaybackStateChanged(): com.softnation.Ojam tried to update with no new data
03-02 10:07:25.674 15408 15408 I HandWritingStubImpl: refreshLastKeyboardType: 1
03-02 10:07:25.675 15408 15408 I HandWritingStubImpl: getCurrentKeyboardType: 1
03-02 10:07:25.678  1621  1806 I ImeTracker: com.softnation.Ojam:de921a74: onRequestHide at ORIGIN_SERVER reason HIDE_UNSPECIFIED_WINDOW fromUser false
03-02 10:07:25.679  6515 20776 D MirrorManager:  sendAcceptInput 0 0
03-02 10:07:25.679  1621  1806 I ImeTracker: com.softnation.Ojam:de921a74: onCancelled at PHASE_SERVER_SHOULD_HIDE
03-02 10:07:25.681  2526  2526 D InputEventReceiver: Input log is disabled in InputEventReceiver.
03-02 10:07:25.685  2526  2526 I GoogleInputMethodService: GoogleInputMethodService.onFinishInput():2113 
03-02 10:07:25.686  2526  2526 I Module  : DeviceLockedStatusModuleProvider$Module.updateDeviceLockedStatus():103 repeatCheckTimes = 0, locked = false
03-02 10:07:25.688  2526  2526 I GoogleInputMethodService: GoogleInputMethodService.onStartInput():1384 onStartInput(EditorInfo{EditorInfo{packageName=com.softnation.Ojam, inputType=0, inputTypeString=NULL, enableLearning=false, autoCorrection=false, autoComplete=false, imeOptions=0, privateImeOptions=null, actionName=UNSPECIFIED, actionLabel=null, initialSelStart=-1, initialSelEnd=-1, initialCapsMode=0, label=null, fieldId=0, fieldName=null, extras=Bundle[mParcelledData.dataSize=72], hintText=null, hintLocales=[]}}, false)
03-02 10:07:25.688   921  1587 I BufferQueueDebug: [Surface(name=751ea6d InputMethod#71915)/@0xaafc069 - animation-leash of insets_animation#132959](this:0xb400007bcec97998,id:-1,api:0,p:-1,c:-1) BufferQueue core=(921:/system/bin/surfaceflinger)
03-02 10:07:25.690  2526  2526 I Module  : DeviceLockedStatusModuleProvider$Module.updateDeviceLockedStatus():103 repeatCheckTimes = 1, locked = false
03-02 10:07:25.691  1621  1651 D MiuiRefreshRatePolicy: reset
03-02 10:07:25.692  1621  2192 W PackageConfigPersister: App-specific configuration not found for packageName: com.softnation.Ojam and userId: 0
03-02 10:07:25.692   849   849 I hwcomposer: [HWCDisplay] (0 updateFps():3667), (type:1, mode:2) fps:4.727281,dur:1057.69,max:769.64,min:28.97  
03-02 10:07:25.694  1621  2192 D PreStartingManager: Not init when use PreStartingManager!
03-02 10:07:25.696  1621  1651 D MiuiRefreshRatePolicy: reset
03-02 10:07:25.697 15408 19829 I ReactNativeJS: [DownloadsContext] Loaded downloads and reconciled local files
03-02 10:07:25.702  2363  2577 D View    : [Warning] assignParent to null: this = android.widget.FrameLayout{1fb6f4c G.E...... ......ID 0,0-1080,2460}
03-02 10:07:25.707 15408 15408 I HandWritingStubImpl: getCurrentKeyboardType: 1
03-02 10:07:25.708  1621  1730 D MiuiRefreshRatePolicy: reset
03-02 10:07:25.713  1621  1651 I ActivityTaskManager: visible for Task{75643f5 #37020 type=standard A=10337:com.softnation.Ojam} visible = true isAnimating = false TRANSITION = false PARENTS = false CHILDREN = false
03-02 10:07:25.713  2363  2577 D BLASTBufferQueue: [VRI[Ojam]#5802](f:0,a:1) destructor()
03-02 10:07:25.713   921  1587 I BpBinder: onLastStrongRef automatically unlinking death recipients: 
03-02 10:07:25.714  2363  2577 D BufferQueueConsumer: [VRI[Ojam]#5802(BLAST Consumer)5802](id:93b00001abf,api:0,p:-1,c:2363) disconnect
03-02 10:07:25.716  2363  2577 W WindowOnBackDispatcher: sendCancelIfRunning: isInProgress=false callback=android.view.ViewRootImpl$$ExternalSyntheticLambda12@d165be4
03-02 10:07:25.717  1621  1730 D CoreBackPreview: Window{4f97be2 u0 Splash Screen com.softnation.Ojam}: Setting back callback null
03-02 10:07:25.718  1621  1730 D WindowManager: Starting window removed Window{4f97be2 u0 Splash Screen com.softnation.Ojam}
03-02 10:07:25.718  1621  1730 W InputManager-JNI: Input channel object '4f97be2 Splash Screen com.softnation.Ojam (client)' was disposed without first being removed with the input manager!
03-02 10:07:25.719  1621  1730 D WindowManager: setParent old=ActivityRecord{13accdf u0 com.softnation.Ojam/.MainActivity t37020},new=null,this window=Window{4f97be2 u0 Splash Screen com.softnation.Ojam},callers=com.android.server.wm.WindowContainer.removeChild:897 com.android.server.wm.ActivityRecord.removeChild:5518 com.android.server.wm.ActivityRecord.removeChild:505 com.android.server.wm.WindowContainer.removeImmediately:967 com.android.server.wm.WindowState.removeImmediately:2526 com.android.server.wm.WindowState.removeIfPossible:2714 
03-02 10:07:25.720  1621  1730 D WindowManager: postWindowRemoveCleanupLocked: Removing startingWindow Window{4f97be2 u0 Splash Screen com.softnation.Ojam} from ActivityRecord{13accdf u0 com.softnation.Ojam/.MainActivity t37020} activity = ActivityRecord{13accdf u0 com.softnation.Ojam/.MainActivity t37020}
03-02 10:07:25.722  1621  1730 D MiuiRefreshRatePolicy: reset
03-02 10:07:25.724  1621  1651 I ActivityTaskManager: visible for Task{75643f5 #37020 type=standard A=10337:com.softnation.Ojam} visible = true isAnimating = false TRANSITION = false PARENTS = false CHILDREN = false
03-02 10:07:25.724   921   921 I SurfaceFlinger: onHandleDestroyed: name=Surface(name=751ea6d InputMethod#71915)/@0xaafc069 - animation-leash of insets_animation#132932, layerId=132932, parentId=0
03-02 10:07:25.736 15408 19735 W libc    : Access denied finding property "ro.vendor.display.iris_x7.support"
03-02 10:07:25.738  1621  1651 I ActivityTaskManager: visible for Task{75643f5 #37020 type=standard A=10337:com.softnation.Ojam} visible = true isAnimating = false TRANSITION = false PARENTS = false CHILDREN = false
03-02 10:07:25.740   921   921 I BufferQueueDebug: [Surface(name=751ea6d InputMethod#71915)/@0xaafc069 - animation-leash of insets_animation#132932](this:0xb400007bcecdeca8,id:-1,api:0,p:-1,c:921) onDestructor()
03-02 10:07:25.740   921   921 I SurfaceFlinger: onHandleDestroyed: name=4f97be2 Splash Screen com.softnation.Ojam#132946, layerId=132946, parentId=0
03-02 10:07:25.741   921   921 I SurfaceFlinger: onHandleDestroyed: name=Splash Screen com.softnation.Ojam#132947, layerId=132947, parentId=0
03-02 10:07:25.743  2363  2363 D Utilities:  oldHints : 0 backDisposition : 0 imeShown : false hints 0
03-02 10:07:25.750  1621  1730 I PowerHalWrapper: amsBoostStop AMS_BOOST_PACK_SWITCH:false, AMS_BOOST_ACT_SWITCH:false, AMS_BOOST_PROCESS_CREATE:true, AMS_BOOST_PROCESS_CREATE_FOR_GAME:false, AMS_BOOST_HOT_LAUNCH:false 
03-02 10:07:25.752   863   958 I libPowerHal: [perfLockRel] hdl:361645, idx:-1
03-02 10:07:25.754   921  1468 W EventThreadInspector: slow VSync-appSf on display(4627039422300187648) count=1, avg=35 ms, max=35 ms.
03-02 10:07:25.756  1621  1842 I MiuiNetworkPolicy: updateUidState uid = 10287, uidState = 19
03-02 10:07:25.756   921   921 I BufferQueueDebug: [4f97be2 Splash Screen com.softnation.Ojam#132946](this:0xb400007bcec561a8,id:-1,api:0,p:-1,c:921) onDestructor()
03-02 10:07:25.757   921   921 I BufferQueueDebug: [Splash Screen com.softnation.Ojam#132947](this:0xb400007bcecd08d8,id:-1,api:0,p:-1,c:921) onDestructor()
03-02 10:07:25.757  1621  1842 I MiuiNetworkPolicy: updateUidState uid = 10097, uidState = 19
03-02 10:07:25.859  1621  1918 E HyperSentinel: -------------------------------------------------------
03-02 10:07:25.859  1621  1918 E HyperSentinel: Event_OpenFileFDSize
03-02 10:07:25.859  1621  1918 E HyperSentinel: -> audit event by proc 1621 "system_server": Fd increasement, peak, 1303 -> 844
03-02 10:07:25.859  1621  1917 D MiuiSentinelService: begin judgment FdAmountLeakException
03-02 10:07:25.865  1621  1842 I MiuiNetworkPolicy: updateUidState uid = 10301, uidState = 19
03-02 10:07:25.870  1621  1842 I MiuiNetworkPolicy: updateUidState uid = 10301, uidState = 11
03-02 10:07:26.087 19106 19116 I BpBinder: onLastStrongRef automatically unlinking death recipients: 
03-02 10:07:26.088  1621  2192 D ConnectivityService: requestNetwork for uid/pid:10337/15408 activeRequest: null callbackRequest: 241862 [NetworkRequest [ REQUEST id=241863, [ Capabilities: INTERNET&NOT_RESTRICTED&TRUSTED&NOT_VCN_MANAGED&NOT_BANDWIDTH_CONSTRAINED Uid: 10337 RequestorUid: 10337 RequestorPkg: com.softnation.Ojam UnderlyingNetworks: Null] ]] callback flags: 0 order: 2147483647 isUidTracked: false declaredMethods: AVAIL|LOST
03-02 10:07:26.095  1621  1843 D WifiNetworkFactory: got request NetworkRequest [ REQUEST id=241863, [ Capabilities: INTERNET&NOT_RESTRICTED&TRUSTED&NOT_VCN_MANAGED&NOT_BANDWIDTH_CONSTRAINED Uid: 10337 RequestorUid: 10337 RequestorPkg: com.softnation.Ojam UnderlyingNetworks: Null] ]
03-02 10:07:26.095  1621  1843 D UntrustedWifiNetworkFactory: got request NetworkRequest [ REQUEST id=241863, [ Capabilities: INTERNET&NOT_RESTRICTED&TRUSTED&NOT_VCN_MANAGED&NOT_BANDWIDTH_CONSTRAINED Uid: 10337 RequestorUid: 10337 RequestorPkg: com.softnation.Ojam UnderlyingNetworks: Null] ]
03-02 10:07:26.096  1621  1843 D OemPaidWifiNetworkFactory: got request NetworkRequest [ REQUEST id=241863, [ Capabilities: INTERNET&NOT_RESTRICTED&TRUSTED&NOT_VCN_MANAGED&NOT_BANDWIDTH_CONSTRAINED Uid: 10337 RequestorUid: 10337 RequestorPkg: com.softnation.Ojam UnderlyingNetworks: Null] ]
03-02 10:07:26.096  1621  1843 D MultiInternetWifiNetworkFactory: got request NetworkRequest [ REQUEST id=241863, [ Capabilities: INTERNET&NOT_RESTRICTED&TRUSTED&NOT_VCN_MANAGED&NOT_BANDWIDTH_CONSTRAINED Uid: 10337 RequestorUid: 10337 RequestorPkg: com.softnation.Ojam UnderlyingNetworks: Null] ]
03-02 10:07:26.096  1621  1856 D ConnectivityService: NetReassign [241863 : null ΓåÆ 255] [c 1] [a 1] [i 6]
03-02 10:07:26.187   849  1430 I hwcomposer: [HWC] (0)fire a callback of refresh to SF[4]  
03-02 10:07:26.212   921   921 I BufferQueueProducer: [FramebufferSurface](this:0xb400007d8e9dff50,id:-1,api:1,p:921,c:921) queueBuffer: fps=0.70 dur=1434.74 max=1434.74 min=1434.74
03-02 10:07:26.215   921   921 I MI-SF   : surfaceflinger setAffinity mode=1
03-02 10:07:26.215   921   921 E MI-SF   : surfaceflinger setAffinity success
03-02 10:07:26.215   921   921 I MI-SF   : surfaceflinger setreAffinity reTid=1207
03-02 10:07:26.215   921   921 E MI-SF   : surfaceflinger setAffinity success
