03-02 10:07:10.477 15408 15408 I ForceDarkHelperStubImpl: setViewRootImplForceDark: false for com.softnation.Ojam.MainActivity@db08fa, reason: AppDarkModeEnable
03-02 10:07:10.477 15408 15408 D VRI[MainActivity]: hardware acceleration = true, forceHwAccelerated = false
03-02 10:07:10.477 15408 19765 W unknown:BridgelessReact: ReactHost{0}.loadJSBundleFromMetro()
03-02 10:07:10.480   921  1500 D SurfaceFlinger: [SF client] NEW(0xb400007caea0cfd0) for (1621:system_server)
03-02 10:07:10.482   921  1500 I BufferQueueDebug: [ac0e260 com.softnation.Ojam/com.softnation.Ojam.MainActivity#132952](this:0xb400007bcecab888,id:-1,api:0,p:-1,c:-1) BufferQueue core=(921:/system/bin/surfaceflinger)
03-02 10:07:10.493  1621  1918 E HyperSentinel: -------------------------------------------------------
03-02 10:07:10.493  1621  1918 E HyperSentinel: Event_ThreadAmount
03-02 10:07:10.493  1621  1918 E HyperSentinel: -> audit event by proc 15408 "usap64": running threads amount, 23 -> 45
03-02 10:07:10.498  1621  1651 I ActivityTaskManager: visible for Task{75643f5 #37020 type=standard A=10337:com.softnation.Ojam} visible = true isAnimating = false TRANSITION = false PARENTS = false CHILDREN = false
03-02 10:07:10.500   921   921 I MI-SF   : surfaceflinger setAffinity mode=0
03-02 10:07:10.501   921   921 E MI-SF   : surfaceflinger setAffinity success
03-02 10:07:10.501 15408 15408 D InputEventReceiver: Input log is disabled in InputEventReceiver.
03-02 10:07:10.501  2363  2477 I MultiTaskingTaskRepository: needSkip: is home task
03-02 10:07:10.502  2363  2477 D MultiTaskingTaskRepository: addOrMoveFullscreenTaskToTop taskId=37020
03-02 10:07:10.502  2363  2477 D MiuiFreeformModeCornerTipHandler: task#37020 onTaskVanished
03-02 10:07:10.502  2363  2477 I MiuiBubbleController: removeBubble: 37020 reason=2
03-02 10:07:10.502  2363  2477 I MultiTaskingTaskRepository: onTaskInfoChanged multi list = [5, 4], full = [37020, 37019, 36980]
03-02 10:07:10.502  2363  2477 D MiuiFreeformModeController: onFocusTaskChanged taskInfo: TaskInfo{userId=0 taskId=37020 displayId=0 isRunning=true baseIntent=Intent { flg=0x10000000 cmp=com.softnation.Ojam/.MainActivity } baseActivity=ComponentInfo{com.softnation.Ojam/com.softnation.Ojam.MainActivity} topActivity=ComponentInfo{com.softnation.Ojam/com.softnation.Ojam.MainActivity} origActivity=null realActivity=ComponentInfo{com.softnation.Ojam/com.softnation.Ojam.MainActivity} numActivities=1 lastActiveTime=1025389445 supportsSplitScreenMultiWindow=true supportsMultiWindow=true resizeMode=1 isResizeable=true minWidth=-1 minHeight=-1 defaultMinSize=200 token=WCT{android.window.IWindowContainerToken$Stub$Proxy@94c51fe} topActivityType=1 pictureInPictureParams=null shouldDockBigOverlays=false launchIntoPipHostTaskId=-1 lastParentTaskIdBeforePip=-1 displayCutoutSafeInsets=null topActivityInfo=ActivityInfo{eee7d5f com.softnation.Ojam.MainActivity} launchCookies=[] positionInParent=Point(0, 0) parentTaskId=-1 isFocused=true isVisible=true isVisibleRequested=true isSleeping=false locusId=null displayAreaFeatureId=1 isTopActivityTransparent=false appCompatTaskInfo=AppCompatTaskInfo { topActivityInSizeCompat=false topActivityEligibleForLetterboxEducation= falseisLetterboxEducationEnabled= false isLetterboxDoubleTapEnabled= false topActivityEligibleForUserAspectRatioButton= false topActivityBoundsLetterboxed= false isFromLetterboxDoubleTap= false topActivityLetterboxVerticalPosition= -1 topActivityLetterboxHorizontalPosition= -1 topActivityLetterboxWidth=1080 topActivityLetterboxHeight=2460 isUserFullscreenOverrideEnabled=false isSystemFullscreenOverrideEnabled=false cameraCompatTaskInfo=CameraCompatTaskInfo { cameraCompatControlState=hidden freeformCameraCompatMode=inactive}} isImmersive=false mTopActivityRequestOrientation=1 mBehindAppLockPkg=null mOriginatingUid=0 isEmbedded=false shouldBeVisible=true mIsCastMode=false mTopActivityMediaSize=null mTopActivityRecordName=ActivityRecord{13accdf u0 com.softnation.Ojam/.MainActivity t37020} mTopActivityOrientation=1}
03-02 10:07:10.504  1621  4763 I ATMSImpl: cacheTasksForDefaultDisplay size=4
03-02 10:07:10.504 15408 15408 W Looper  : PerfMonitor looperActivity : package=com.softnation.Ojam/.MainActivity time=0ms latency=477ms  procState=-1  historyMsgCount=5 (msgIndex=1 wall=1769ms seq=3 late=8ms h=android.app.ActivityThread$H w=110) (msgIndex=5 wall=430ms seq=7 late=45ms h=android.app.ActivityThread$H w=159)
03-02 10:07:10.506  1999  1999 D RecentsImpl: mActivityStateObserver com.softnation.Ojam.MainActivity
03-02 10:07:10.506  1999  1999 W RecentsImpl: onResumed className=com.softnation.Ojam.MainActivity   forceUpdate=false   mIsInAnotherPro=false   isKeyguardLocked=false   mIsStatusBarExpansion=false   mSecuritySpaceGuideShown=false
03-02 10:07:10.507 15408 15408 D DecorViewImmersiveImpl: onAttachedToWindow:com.softnation.Ojam/com.softnation.Ojam.MainActivity
03-02 10:07:10.513  1201  1298 D AALService: [CRTC_114] onALIChanged: 6 -> 9
03-02 10:07:10.518  1621  4289 D CoreBackPreview: Window{ac0e260 u0 com.softnation.Ojam/com.softnation.Ojam.MainActivity}: Setting back callback OnBackInvokedCallbackInfo{mCallback=android.window.IOnBackInvokedCallback$Stub$Proxy@7b2dcb6, mPriority=0, mIsAnimationCallback=false}
03-02 10:07:10.525   921  1500 I BufferQueueDebug: [com.softnation.Ojam/com.softnation.Ojam.MainActivity#132953](this:0xb400007bcec94c08,id:-1,api:0,p:-1,c:-1) BufferQueue core=(921:/system/bin/surfaceflinger)
03-02 10:07:10.528   861   947 I libPerfCtl: xgfGetFPS pid:921 fps:-1
03-02 10:07:10.528   861   947 I libPerfCtl: xgfGetFPS pid:2363 fps:-1
03-02 10:07:10.528  1621  4289 D MiuiRefreshRatePolicy: reset
03-02 10:07:10.530  1621  4289 W WindowManager: Changing focus from null to Window{ac0e260 u0 com.softnation.Ojam/com.softnation.Ojam.MainActivity} displayId=0 Callers=com.android.server.wm.RootWindowContainer.updateFocusedWindowLocked:602 com.android.server.wm.WindowManagerService.updateFocusedWindowLocked:7168 com.android.server.wm.WindowManagerService.relayoutWindowInner:3076 com.android.server.wm.WindowManagerService.relayoutWindow:2724 
03-02 10:07:10.531  1621  4289 I whetstone.activity: Power Event callback listener is empty for resId=32
03-02 10:07:10.531  1621  4289 D BatteryStatsManagerStub: notifyEvent for resId=32 used 1ms
03-02 10:07:10.532   921  1500 I BufferQueueDebug: [Surface(name=5b2ee94 StatusBar#103)/@0xf6cf932 - animation-leash of insets_animation#132954](this:0xb400007bcec80d18,id:-1,api:0,p:-1,c:-1) BufferQueue core=(921:/system/bin/surfaceflinger)
03-02 10:07:10.533   921  1500 I BufferQueueDebug: [Surface(name=77d8129 NavigationBar0#101614)/@0x3faba4f - animation-leash of insets_animation#132955](this:0xb400007bcecb13a8,id:-1,api:0,p:-1,c:-1) BufferQueue core=(921:/system/bin/surfaceflinger)
03-02 10:07:10.534  1621  4289 D WindowManager: wms.Input focus has changed to Window{ac0e260 u0 com.softnation.Ojam/com.softnation.Ojam.MainActivity} display=0 updateInputWindows = true
03-02 10:07:10.534  1621  4289 I MultiSenceManagerInternalStub: getInstance
03-02 10:07:10.535  1621  1928 I MultiSenceManagerInternalStubImpl: packageName = com.softnation.Ojam
03-02 10:07:10.535  1621  4289 I WindowManager: Relayout Window{ac0e260 u0 com.softnation.Ojam/com.softnation.Ojam.MainActivity}: oldVis=4 newVis=0 focusMayChange = true requestedWidth = 1080 requestedHeight = 2460 outFrames = ClientWindowFrames{frame=[0,0][1080,2460] display=[0,0][1080,2460] parentFrame=[0,0][0,0]} outSurfaceControl = Surface(name=com.softnation.Ojam/com.softnation.Ojam.MainActivity#132953)/@0x681a390
03-02 10:07:10.535  1621  1928 W ContextImpl: Calling a method in the system process without a qualified user: android.app.ContextImpl.sendBroadcast:1260 com.android.server.wm.MultiSenceManagerInternalStubImpl.sendFocusWindowsBroadcast:148 com.android.server.wm.MultiSenceManagerInternalStubImpl$UpdateScreenStatus.run:98 android.os.Handler.handleCallback:959 android.os.Handler.dispatchMessage:100 
03-02 10:07:10.536  1621  1928 W ActivityManagerServiceImpl: Sending non-protected broadcast com.xiaomi.multisence.action.FOCUSED_CHANGE from system 1621:system/1000 pkg android. Callers=com.android.server.am.ActivityManagerService.checkBroadcastFromSystem:16365 com.android.server.am.ActivityManagerService.broadcastIntentLockedTraced:17236 com.android.server.am.ActivityManagerService.broadcastIntentLocked:16425 com.android.server.am.ActivityManagerService.broadcastIntentWithFeature:17459 android.app.ContextImpl.sendBroadcast:1264 
03-02 10:07:10.539 15408 15408 D BufferQueueConsumer: [](id:3c3000000000,api:0,p:-1,c:15408) connect: controlledByApp=false
03-02 10:07:10.540  1621  1918 E HyperSentinel: -------------------------------------------------------
03-02 10:07:10.540  1621  1918 E HyperSentinel: Event_ResidentSize
03-02 10:07:10.540  1621  1918 E HyperSentinel: -> audit event by proc 15408 "usap64": RSS increasement, peak 166816kb -> 250232kb
03-02 10:07:10.541 15408 15408 D BLASTBufferQueue: [VRI[MainActivity]#0](f:0,a:0) constructor()
03-02 10:07:10.542 15408 15408 D BLASTBufferQueue: [VRI[MainActivity]#0](f:0,a:0) update width=1080 height=2460 format=-1 mTransformHint=0
03-02 10:07:10.544  1621  1651 I ActivityTaskManager: visible for Task{75643f5 #37020 type=standard A=10337:com.softnation.Ojam} visible = true isAnimating = false TRANSITION = false PARENTS = false CHILDREN = false
03-02 10:07:10.544  1621  1651 D SurfaceComposerClient: Transaction::apply InputWindowCommands.focusRequests timestamp=607624085030293, windowName=ac0e260 com.softnation.Ojam/com.softnation.Ojam.MainActivity
03-02 10:07:10.545   921   921 I BufferQueueProducer: [StatusBar#109](this:0xb400007bcec4ab68,id:-1,api:0,p:-1,c:921) queueBuffer: fps=0.99 dur=1011.82 max=1011.82 min=1011.82
03-02 10:07:10.550 15408 15408 D VRI[MainActivity]: vri.reportNextDraw android.view.ViewRootImpl.performTraversals:4984 android.view.ViewRootImpl.doTraversal:3564 android.view.ViewRootImpl$TraversalRunnable.run:11781 android.view.Choreographer$CallbackRecord.run:1804 android.view.Choreographer$CallbackRecord.run:1813 
03-02 10:07:10.561   921   921 D SurfaceFlinger: Focus addInputWindowCommands timestamp=607624085030293, windowName=ac0e260 com.softnation.Ojam/com.softnation.Ojam.MainActivity
03-02 10:07:10.562   921   921 I SurfaceFlinger: onHandleDestroyed: name=Surface(name=77d8129 NavigationBar0#101614)/@0x3faba4f - animation-leash of insets_animation#132950, layerId=132950, parentId=0
03-02 10:07:10.562   921   921 I SurfaceFlinger: onHandleDestroyed: name=Surface(name=5b2ee94 StatusBar#103)/@0xf6cf932 - animation-leash of insets_animation#132949, layerId=132949, parentId=0
03-02 10:07:10.565   921  1483 D SurfaceFlinger: updateWinowInfo=1, setFocusedWindow timestamp=607624085030293, windowName=ac0e260 com.softnation.Ojam/com.softnation.Ojam.MainActivity
03-02 10:07:10.578   921   921 I BufferQueueDebug: [Surface(name=5b2ee94 StatusBar#103)/@0xf6cf932 - animation-leash of insets_animation#132949](this:0xb400007bcecbc9e8,id:-1,api:0,p:-1,c:921) onDestructor()
03-02 10:07:10.578   921   921 I BufferQueueDebug: [Surface(name=77d8129 NavigationBar0#101614)/@0x3faba4f - animation-leash of insets_animation#132950](this:0xb400007bcecdbf18,id:-1,api:0,p:-1,c:921) onDestructor()
03-02 10:07:10.579   849   849 I hwcomposer: [HWCDisplay] (0 updateFps():3667), (type:1, mode:2) fps:50.412945,dur:1011.64,max:138.84,min:15.98  
03-02 10:07:10.587  1141  1165 E IPCThreadState: Binder transaction failure. id: 352990800, BR_*: 29201, error: -1 (Operation not permitted)
03-02 10:07:10.587  1141  1165 W BpBinder: Large or Failed outgoing transaction of 108 bytes, interface descriptor , code 1
03-02 10:07:10.587   921  1500 D SurfaceFlinger: [SF client] NEW(0xb400007caea5c5f0) for (15408:com.softnation.Ojam)
03-02 10:07:10.591 15408 15408 D MiuiCameraCoveredManager: java.lang.NullPointerException: Attempt to invoke virtual method 'java.lang.String android.provider.MiuiSettings$SettingsCloudData$CloudData.getString(java.lang.String, java.lang.String)' on a null object reference
03-02 10:07:10.594 15408 19735 W libc    : Access denied finding property "ro.vendor.display.iris_x7.support"
03-02 10:07:10.595 15408 15408 I ForceDarkHelperStubImpl: setViewRootImplForceDark: false for com.softnation.Ojam.MainActivity@db08fa, reason: AppDarkModeEnable
03-02 10:07:10.595 15408 15408 D VRI[PopupWindow:fe32522]: hardware acceleration = true, forceHwAccelerated = false
03-02 10:07:10.598   921  1587 I BufferQueueDebug: [9ff8243 PopupWindow:fe32522#132956](this:0xb400007bcec72948,id:-1,api:0,p:-1,c:-1) BufferQueue core=(921:/system/bin/surfaceflinger)
03-02 10:07:10.603 15408 15408 D InputEventReceiver: Input log is disabled in InputEventReceiver.
03-02 10:07:10.610  1621  1651 I ActivityTaskManager: visible for Task{75643f5 #37020 type=standard A=10337:com.softnation.Ojam} visible = true isAnimating = false TRANSITION = false PARENTS = false CHILDREN = false
03-02 10:07:10.611  1621  4763 D CoreBackPreview: Window{9ff8243 u0 PopupWindow:fe32522}: Setting back callback OnBackInvokedCallbackInfo{mCallback=android.window.IOnBackInvokedCallback$Stub$Proxy@70b753e, mPriority=0, mIsAnimationCallback=false}
03-02 10:07:10.621   921  1587 I BufferQueueDebug: [PopupWindow:fe32522#132957](this:0xb400007bcecc2508,id:-1,api:0,p:-1,c:-1) BufferQueue core=(921:/system/bin/surfaceflinger)
03-02 10:07:10.623  1621  4763 D MiuiRefreshRatePolicy: reset
03-02 10:07:10.627  1621  1651 I ActivityTaskManager: visible for Task{75643f5 #37020 type=standard A=10337:com.softnation.Ojam} visible = true isAnimating = false TRANSITION = false PARENTS = false CHILDREN = false
03-02 10:07:10.629 15408 15408 D BufferQueueConsumer: [](id:3c3000000001,api:0,p:-1,c:15408) connect: controlledByApp=false
03-02 10:07:10.630 15408 15408 D BLASTBufferQueue: [VRI[PopupWindow:fe32522]#1](f:0,a:0) constructor()
03-02 10:07:10.630 15408 15408 D BLASTBufferQueue: [VRI[PopupWindow:fe32522]#1](f:0,a:0) update width=1080 height=65 format=-3 mTransformHint=0
03-02 10:07:10.631 15408 15408 I ForceDarkHelperStubImpl: setViewRootImplForceDark: false for com.softnation.Ojam.MainActivity@db08fa, reason: AppDarkModeEnable
03-02 10:07:10.633 15408 15408 D VRI[PopupWindow:fe32522]: vri.reportNextDraw android.view.ViewRootImpl.performTraversals:4984 android.view.ViewRootImpl.doTraversal:3564 android.view.ViewRootImpl$TraversalRunnable.run:11781 android.view.Choreographer$CallbackRecord.run:1804 android.view.Choreographer$CallbackRecord.run:1813 
03-02 10:07:10.634 15408 15408 D VRI[PopupWindow:fe32522]: Setup new sync=wmsSync-VRI[PopupWindow:fe32522]#0
03-02 10:07:10.636 15408 15408 D UserSceneDetector: invoke error.
03-02 10:07:10.642 15408 19735 D HWUI    : makeCurrent grContext:0xb4000079f1a13790 reset mTextureAvailable
03-02 10:07:10.645 15408 19735 D softnation.Ojam: MiuiProcessManagerServiceStub setSchedFifo
03-02 10:07:10.645 15408 19735 I MiuiProcessManagerImpl: setSchedFifo pid:15408, mode:3
03-02 10:07:10.645  1621  4763 D ProcessManager: beginSchedThreads is not Enabled
03-02 10:07:10.646 15408 19735 D MAGT_SYNC_FRAME: MAGT Sync: MAGT is not supported. Disabling Sync.
03-02 10:07:10.646 15408 19735 D softnation.Ojam: Can't load libmbrainSDK
03-02 10:07:10.649 15408 19735 I GrallocExtra: gralloc_extra_query:is_SW3D 0
03-02 10:07:10.650 15408 19735 W libc    : Access denied finding property "ro.vendor.display.iris_x7.support"
03-02 10:07:10.690 15408 19735 E LB      : fail to open file: No such file or directory
03-02 10:07:10.690 15408 19735 E LB      : fail to open node: No such file or directory
03-02 10:07:10.690 15408 19735 E LB      : fail to open node: No such file or directory
03-02 10:07:10.690  1055  1191 D connsyslogger: data recycle:time out
03-02 10:07:10.690  1055  1191 D connsyslogger: idx=0 Bootup Log: 2 log files! filecount=3 
03-02 10:07:10.690 15408 19735 I GrallocExtra: gralloc_extra_query:is_SW3D 0
03-02 10:07:10.691 15408 19735 W libc    : Access denied finding property "ro.vendor.display.iris_x7.support"
03-02 10:07:10.691 15408 19735 D BLASTBufferQueue: [VRI[PopupWindow:fe32522]#1](f:0,a:1) acquireNextBufferLocked size=1080x65 mFrameNumber=1 applyTransaction=true mTimestamp=607624239479523(auto) mPendingTransactions.size=0 graphicBufferId=66176856096779 transform=0
03-02 10:07:10.692 15408 19735 D softnation.Ojam: Can't load libmbrainSDK
03-02 10:07:10.693 15408 15408 D VRI[PopupWindow:fe32522]: vri.reportDrawFinished
03-02 10:07:10.694  1621  4763 D WindowManager: wms.finishDrawingLocked: mDrawState=COMMIT_DRAW_PENDING Window{9ff8243 u0 PopupWindow:fe32522} in Surface(name=PopupWindow:fe32522#132957)/@0x95278ec
03-02 10:07:10.696  1621  1651 D MiuiRefreshRatePolicy: reset
03-02 10:07:10.697  1621  1651 I WindowManager: onFirstWindowDrawn, try to remove startingWindow. this = ActivityRecord{13accdf u0 com.softnation.Ojam/.MainActivity t37020} associatedTask = null isMainWindow = false mStartingWindow = Window{4f97be2 u0 Splash Screen com.softnation.Ojam} mStartingData = SplashScreenStartingData{f8b2018 waitForSyncTransactionCommit=false removeAfterTransaction= 0}
03-02 10:07:10.699 15408 15408 D VRI[PopupWindow:fe32522]: vri.reportNextDraw android.view.ViewRootImpl.handleResized:2771 android.view.ViewRootImpl.-$$Nest$mhandleResized:0 android.view.ViewRootImpl$W.resized:12932 android.app.servertransaction.WindowStateResizeItem.execute:64 android.app.servertransaction.WindowStateTransactionItem.execute:59 
03-02 10:07:10.707 15408 15408 D VRI[PopupWindow:fe32522]: Setup new sync=wmsSync-VRI[PopupWindow:fe32522]#2
03-02 10:07:10.709 15408 15408 D VRI[PopupWindow:fe32522]: vri.reportDrawFinished
03-02 10:07:10.709  1621  1651 I WindowManager: onFirstWindowDrawn, try to remove startingWindow. this = ActivityRecord{13accdf u0 com.softnation.Ojam/.MainActivity t37020} associatedTask = null isMainWindow = false mStartingWindow = Window{4f97be2 u0 Splash Screen com.softnation.Ojam} mStartingData = SplashScreenStartingData{f8b2018 waitForSyncTransactionCommit=false removeAfterTransaction= 0}
03-02 10:07:10.710  1621  1651 I ActivityTaskManager: visible for Task{75643f5 #37020 type=standard A=10337:com.softnation.Ojam} visible = true isAnimating = false TRANSITION = false PARENTS = false CHILDREN = false
03-02 10:07:10.712  1621  1651 D MiuiRefreshRatePolicy: reset
03-02 10:07:10.713  1201  1298 D AALService: [CRTC_114] onALIChanged: 9 -> 7
03-02 10:07:10.713  1621  1651 I WindowManager: onFirstWindowDrawn, try to remove startingWindow. this = ActivityRecord{13accdf u0 com.softnation.Ojam/.MainActivity t37020} associatedTask = null isMainWindow = false mStartingWindow = Window{4f97be2 u0 Splash Screen com.softnation.Ojam} mStartingData = SplashScreenStartingData{f8b2018 waitForSyncTransactionCommit=false removeAfterTransaction= 0}
03-02 10:07:10.726  1621  1651 I WindowManager: onFirstWindowDrawn, try to remove startingWindow. this = ActivityRecord{13accdf u0 com.softnation.Ojam/.MainActivity t37020} associatedTask = null isMainWindow = false mStartingWindow = Window{4f97be2 u0 Splash Screen com.softnation.Ojam} mStartingData = SplashScreenStartingData{f8b2018 waitForSyncTransactionCommit=false removeAfterTransaction= 0}
03-02 10:07:10.726  1621  1651 I ActivityTaskManager: visible for Task{75643f5 #37020 type=standard A=10337:com.softnation.Ojam} visible = true isAnimating = false TRANSITION = false PARENTS = false CHILDREN = false
03-02 10:07:10.727  1621  1842 I MiuiNetworkPolicy: updateUidState uid = 10301, uidState = 19
03-02 10:07:10.731  1621  1842 I MiuiNetworkPolicy: updateUidState uid = 10301, uidState = 11
03-02 10:07:10.907   849  1430 I hwcomposer: [HWC] (0)fire a callback of refresh to SF[4]  
03-02 10:07:10.913  1201  1298 D AALService: [CRTC_114] onALIChanged: 7 -> 1
03-02 10:07:10.918   921   921 I MI-SF   : surfaceflinger setAffinity mode=1
03-02 10:07:10.918   921   921 E MI-SF   : surfaceflinger setAffinity success
03-02 10:07:10.918   921   921 I MI-SF   : surfaceflinger setreAffinity reTid=1207
03-02 10:07:10.918   921   921 E MI-SF   : surfaceflinger setAffinity success
03-02 10:07:10.945  1621  4763 I ClipboardServiceI: checkProviderWakePathForClipboard: primaryClip is null
03-02 10:07:10.948 27809 27828 I FontLog : (REDACTED) Received query %s, URI %s
03-02 10:07:10.948 27809 27828 I FontLog : (REDACTED) Query [%s] resolved to %s
03-02 10:07:10.950 27809 27828 I FontLog : (REDACTED) Fetch %s end status %s
03-02 10:07:10.958 27809 27828 I FontLog : (REDACTED) Pulling font file for id = %d, cache size = %d
03-02 10:07:10.967 27809 27828 I FontLog : (REDACTED) Pulling font file for id = %d, cache size = %d
03-02 10:07:11.027   853   923 E Situation: processEvent, handle:26, flush_action:0
03-02 10:07:11.028  1621  1648 W Settings: Setting device_provisioned has moved from android.provider.Settings.Secure to android.provider.Settings.Global.
03-02 10:07:11.067   863   935 I ExtendedUtils: [timer_thread_start] epoll wait thread while start
03-02 10:07:11.067   863   935 I ExtendedPerfBoost: [restore_callback_expires] thermalbreak callback
03-02 10:07:11.067   863   935 I ExtendedPerfBoost: [triggerList_update] del one node to freelist
03-02 10:07:11.067   863   935 I ExtendedPerfBoost: [triggerList_update] now trigger boost:0  info
03-02 10:07:11.067   863   935 I ExtendedPerfBoost: [trig_thermalbreak] curr target time is same last target time
03-02 10:07:11.067   863   935 I ExtendedPerfBoost: [setThermalBreak] [setThermalBreak] : boost:0
03-02 10:07:11.103   835   835 I zygote  : Delayed USAP Pool refill. New USAPs: 1
03-02 10:07:11.110  1055  1186 D connsyslogger: SD_LOG_ROOT is /data/debuglogger/connsyslog/fw.
03-02 10:07:11.110  1055  1186 D connsyslogger: systemReady:1
03-02 10:07:11.126   835   835 D Zygote  : Forked child process 19814
03-02 10:07:11.209  1621  1922 I SmartPower: com.milink.service:audio/10190(19603): background->idle(3001ms) R(broadcast start Intent { act=android.intent.action.PACKAGE_RESTARTED dat=package: flg=0x4000010 (has extras) }) adj=250.
03-02 10:07:11.281  1621  4763 W UriGrantsManagerService: No permission grants found for com.google.android.apps.photos
03-02 10:07:11.282  1621  4763 W UriGrantsManagerService: No permission grants found for com.google.android.apps.photos
03-02 10:07:11.358  1621  4289 D AS.BtHelper: isBluetoothScoOn() mBluetoothHeadset is null: falsemBluetoothHeadsetDevice is null: true
03-02 10:07:11.358  1621  4289 V AS.AudioDeviceBroker: requestedCommunicationDevice: null mAudioModeOwner: AudioModeInfo: mMode=MODE_NORMAL, mPid=0, mUid=0
03-02 10:07:11.359  1621  4289 D AS.BtHelper: isBluetoothScoOn() mBluetoothHeadset is null: falsemBluetoothHeadsetDevice is null: true
03-02 10:07:11.359  1621  4289 V AS.AudioDeviceBroker: requestedCommunicationDevice: null mAudioModeOwner: AudioModeInfo: mMode=MODE_NORMAL, mPid=0, mUid=0
03-02 10:07:11.403  2350  2350 W Settings: Setting airplane_mode_on has moved from android.provider.Settings.System to android.provider.Settings.Global, returning read-only value.
03-02 10:07:11.406  2350  2350 W Settings: Setting airplane_mode_on has moved from android.provider.Settings.System to android.provider.Settings.Global, returning read-only value.
03-02 10:07:11.410  2350 29580 D NetworkSpeedTracker: updateNwSignalInfo not allowed ,ignore
03-02 10:07:11.416  2350 29580 D NetworkSpeedTracker: updateNwSignalInfo not allowed ,ignore
03-02 10:07:11.418 15408 19584 I softnation.Ojam: Compiler allocated 6783KB to compile void android.view.ViewRootImpl.performTraversals()
03-02 10:07:11.443 19280 19338 D MiuiNearbyService: handleMessage: what: 105
03-02 10:07:11.444 19280 19338 W System.err: android.content.pm.PackageManager$NameNotFoundException: com.xiaomi.mi_connect_service
03-02 10:07:11.444 19280 19338 W System.err: 	at android.app.ApplicationPackageManager.getPackageInfoAsUser(ApplicationPackageManager.java:276)
03-02 10:07:11.444 19280 19338 W System.err: 	at android.app.ApplicationPackageManager.getPackageInfo(ApplicationPackageManager.java:236)
03-02 10:07:11.444 19280 19338 W System.err: 	at android.app.ApplicationPackageManager.getPackageInfo(ApplicationPackageManager.java:230)
03-02 10:07:11.445 19280 19338 W System.err: 	at com.android.bluetooth.ble.app.MiuiNearbyService.checkLyraServicesAddedToPMS(go/retraceme 16f3ce0d9f550882d0ccff0f5b294b7b465c3112d6288e5b94eb494441dd7440:13)
03-02 10:07:11.445 19280 19338 W System.err: 	at com.android.bluetooth.ble.app.MiuiNearbyService.i(go/retraceme 16f3ce0d9f550882d0ccff0f5b294b7b465c3112d6288e5b94eb494441dd7440:1)
03-02 10:07:11.445 19280 19338 W System.err: 	at com.android.bluetooth.ble.app.Y4.handleMessage(go/retraceme 16f3ce0d9f550882d0ccff0f5b294b7b465c3112d6288e5b94eb494441dd7440:84)
03-02 10:07:11.445 19280 19338 W System.err: 	at android.os.Handler.dispatchMessage(Handler.java:107)
03-02 10:07:11.445 19280 19338 W System.err: 	at android.os.Looper.loopOnce(Looper.java:249)
03-02 10:07:11.445 19280 19338 W System.err: 	at android.os.Looper.loop(Looper.java:337)
03-02 10:07:11.445 19280 19338 W System.err: 	at android.os.HandlerThread.run(HandlerThread.java:85)
03-02 10:07:11.445 19280 19338 D MiuiNearbyService: not found lyra service, continue to check
03-02 10:07:11.513  1201  1298 D AALService: [CRTC_114] onALIChanged: 1 -> 21
03-02 10:07:11.528   861   947 I libPerfCtl: xgfGetFPS pid:2363 fps:-1
03-02 10:07:11.528   861   947 I libPerfCtl: xgfGetFPS pid:15408 fps:-1
03-02 10:07:11.545   921   921 I MI-SF   : surfaceflinger setAffinity mode=0
03-02 10:07:11.546   921   921 E MI-SF   : surfaceflinger setAffinity success
03-02 10:07:11.589   853   923 E Situation: processEvent, handle:26, flush_action:0
03-02 10:07:11.590  1621  1648 W Settings: Setting device_provisioned has moved from android.provider.Settings.Secure to android.provider.Settings.Global.
03-02 10:07:11.713  1201  1298 D AALService: [CRTC_114] onALIChanged: 21 -> 41
03-02 10:07:11.734  1621  1842 I MiuiNetworkPolicy: updateUidState uid = 10301, uidState = 19
03-02 10:07:11.738  1621  1842 I MiuiNetworkPolicy: updateUidState uid = 10301, uidState = 11
03-02 10:07:11.767   849  1430 I hwcomposer: [HWC] (0)fire a callback of refresh to SF[4]  
03-02 10:07:11.769  1621  1922 I SmartPower: com.google.android.googlequicksearchbox:search/10165(13966): background->idle(3003ms) R(become background) adj=250.
03-02 10:07:11.769  1621  1922 I SmartPower: com.google.android.googlequicksearchbox:interactor/10165(5969): background->idle(3003ms) R(become background) adj=100.
03-02 10:07:11.769  1621  1922 I SmartPower: com.miui.home/10166(1999): background->idle(3003ms) R(become background) adj=0.
03-02 10:07:11.774   921   921 I BufferQueueProducer: [FramebufferSurface](this:0xb400007d8e9dff50,id:-1,api:1,p:921,c:921) queueBuffer: fps=1.52 dur=1319.69 max=860.19 min=459.50
03-02 10:07:11.775   849   849 I hwcomposer: [HWCDisplay] (0 updateFps():3667), (type:1, mode:2) fps:5.852396,dur:1196.09,max:628.90,min:16.55  
03-02 10:07:11.778   921   921 I MI-SF   : surfaceflinger setAffinity mode=1
03-02 10:07:11.778   921   921 E MI-SF   : surfaceflinger setAffinity success
03-02 10:07:11.778   921   921 I MI-SF   : surfaceflinger setreAffinity reTid=1207
03-02 10:07:11.778   921   921 E MI-SF   : surfaceflinger setAffinity success
03-02 10:07:11.784  1621  1922 I SmartPower: com.mi.globalminusscreen/10162(11917): background->idle(3007ms) R(become background) adj=0.
03-02 10:07:11.792  1159  1606 D ULogGuard: Monitoring: 18 threads, 0 requests, 0 time-bombs; 1 guards. ResetFlags = 0x7
03-02 10:07:11.806  2350  2350 W Settings: Setting airplane_mode_on has moved from android.provider.Settings.System to android.provider.Settings.Global, returning read-only value.
03-02 10:07:11.808  2350  2350 W Settings: Setting airplane_mode_on has moved from android.provider.Settings.System to android.provider.Settings.Global, returning read-only value.
03-02 10:07:11.811  2350 29580 D NetworkSpeedTracker: updateSignalInfo lteRsrp=-75lteSnr=20,phoneId=1
03-02 10:07:11.815  2350 29580 D NetworkSpeedTracker: updateSignalInfo lteRsrp=-75lteSnr=20,phoneId=1
03-02 10:07:11.850  1621  1922 I SmartPower: com.google.android.apps.nbu.files/10308(19611): background->idle(3421ms) R(adj below visible) adj=250.
03-02 10:07:11.876  1621  1922 I SmartPower: com.google.android.apps.photos/10204(19601): background->idle(3473ms) R(service end com.google.android.apps.photos/com.google.android.libraries.social.mediamonitor.MediaMonitorJobSchedulerService) adj=905.
03-02 10:07:11.883  1621  1922 I SmartPower: com.whatsapp/10300(31638): background->idle(3002ms) R(broadcast start Intent { act=android.intent.action.BATTERY_CHANGED flg=0x60000010 (has extras) }) adj=700.
03-02 10:07:11.888  1621  1922 I SmartPower: com.facebook.katana/10287(19106): background->idle(3001ms) R(broadcast start Intent { act=android.intent.action.BATTERY_CHANGED flg=0x60000010 (has extras) }) adj=700.
03-02 10:07:11.913  1201  1298 D AALService: [CRTC_114] onALIChanged: 41 -> 47
03-02 10:07:12.246 15408 19585 W softnation.Ojam: userfaultfd: MOVE ioctl seems unsupported: Connection timed out
03-02 10:07:12.313  1201  1298 D AALService: [CRTC_114] onALIChanged: 47 -> 55
03-02 10:07:12.339   589 18243 I keystore2: system/security/keystore2/watchdog/src/lib.rs:319 - Watchdog thread idle -> terminating. Have a great day.
03-02 10:07:12.354  1621  2315 D SystemPressureControl: thermal temperature 43
03-02 10:07:12.362  1621  2192 D AS.BtHelper: isBluetoothScoOn() mBluetoothHeadset is null: falsemBluetoothHeadsetDevice is null: true
03-02 10:07:12.362  1621  2192 V AS.AudioDeviceBroker: requestedCommunicationDevice: null mAudioModeOwner: AudioModeInfo: mMode=MODE_NORMAL, mPid=0, mUid=0
03-02 10:07:12.363  1621  2192 D AS.BtHelper: isBluetoothScoOn() mBluetoothHeadset is null: falsemBluetoothHeadsetDevice is null: true
03-02 10:07:12.363  1621  2192 V AS.AudioDeviceBroker: requestedCommunicationDevice: null mAudioModeOwner: AudioModeInfo: mMode=MODE_NORMAL, mPid=0, mUid=0
03-02 10:07:12.482 15408 19766 W unknown:BridgelessReact: ReactHost{0}.loadJSBundleFromMetro(): Creating BundleLoader
03-02 10:07:12.483 15408 19765 W unknown:BridgelessReact: ReactHost{0}.getOrCreateReactContext(): Creating BridgelessReactContext
03-02 10:07:12.485 15408 15408 W WindowOnBackDispatcher: sendCancelIfRunning: isInProgress=false callback=android.view.ViewRootImpl$$ExternalSyntheticLambda12@99e000f
03-02 10:07:12.486  1621  2192 D CoreBackPreview: Window{9ff8243 u0 PopupWindow:fe32522}: Setting back callback null
03-02 10:07:12.487 15408 19735 W libc    : Access denied finding property "ro.vendor.display.iris_x7.support"
03-02 10:07:12.488 15408 19765 W unknown:BridgelessReact: ReactHost{0}.getOrCreateReactInstanceTask(): Creating ReactInstance
03-02 10:07:12.490 15408 15408 D View    : [Warning] assignParent to null: this = android.widget.PopupWindow$PopupDecorView{3535bb3 V.E...... R......D 0,0-1080,65}
03-02 10:07:12.490 15408 15408 D BLASTBufferQueue: [VRI[PopupWindow:fe32522]#1](f:0,a:1) destructor()
03-02 10:07:12.491   921  1587 I BpBinder: onLastStrongRef automatically unlinking death recipients: 
03-02 10:07:12.492 15408 15408 D BufferQueueConsumer: [VRI[PopupWindow:fe32522]#1(BLAST Consumer)1](id:3c3000000001,api:0,p:-1,c:15408) disconnect
03-02 10:07:12.493  1621  2192 W InputManager-JNI: Input channel object '9ff8243 PopupWindow:fe32522 (client)' was disposed without first being removed with the input manager!
03-02 10:07:12.494  1621  2192 D WindowManager: setParent old=Window{ac0e260 u0 com.softnation.Ojam/com.softnation.Ojam.MainActivity},new=null,this window=Window{9ff8243 u0 PopupWindow:fe32522},callers=com.android.server.wm.WindowContainer.removeChild:897 com.android.server.wm.WindowContainer.removeImmediately:967 com.android.server.wm.WindowState.removeImmediately:2526 com.android.server.wm.WindowState.removeIfPossible:2714 com.android.server.wm.WindowManagerService.removeClientToken:2462 com.android.server.wm.Session.remove:297 
03-02 10:07:12.496  1621  2192 D MiuiRefreshRatePolicy: reset
03-02 10:07:12.502  1621  1651 I ActivityTaskManager: visible for Task{75643f5 #37020 type=standard A=10337:com.softnation.Ojam} visible = true isAnimating = false TRANSITION = false PARENTS = false CHILDREN = false
03-02 10:07:12.519   921   921 I SurfaceFlinger: onHandleDestroyed: name=9ff8243 PopupWindow:fe32522#132956, layerId=132956, parentId=0
03-02 10:07:12.519   921   921 I SurfaceFlinger: onHandleDestroyed: name=PopupWindow:fe32522#132957, layerId=132957, parentId=0
03-02 10:07:12.522   921   921 I MI-SF   : surfaceflinger setAffinity mode=0
03-02 10:07:12.522   921   921 E MI-SF   : surfaceflinger setAffinity success
03-02 10:07:12.528   861   947 I libPerfCtl: xgfGetFPS pid:921 fps:-1
03-02 10:07:12.528   861   947 I libPerfCtl: xgfGetFPS pid:2363 fps:-1
03-02 10:07:12.535  2350  2350 D TelephonyManager: requestModemActivityInfo: Sending result to app: ModemActivityInfo{ mTimestamp=1025391954 mSleepTimeMs=619453237 mIdleTimeMs=397945615 mActivityStatsTechSpecificInfo=[{mRat=UNKNOWN,mFrequencyRange=UNKNOWN,mTxTimeMs[]=[42509, 90739, 159201, 400160, 488405],mRxTimeMs=9901782}]}
03-02 10:07:12.548   921   921 I BufferQueueDebug: [9ff8243 PopupWindow:fe32522#132956](this:0xb400007bcec72948,id:-1,api:0,p:-1,c:921) onDestructor()
03-02 10:07:12.548   921   921 I BufferQueueDebug: [PopupWindow:fe32522#132957](this:0xb400007bcecc2508,id:-1,api:0,p:-1,c:921) onDestructor()
03-02 10:07:12.567 15408 19765 D nativeloader: Load /data/app/~~Bh61wenJZi6JNVEuOkVQfQ==/com.softnation.Ojam-nnCVAdHxKfOmup5FCuBDYQ==/base.apk!/lib/arm64-v8a/libhermes.so using class loader ns clns-7 (caller=/data/app/~~Bh61wenJZi6JNVEuOkVQfQ==/com.softnation.Ojam-nnCVAdHxKfOmup5FCuBDYQ==/base.apk!classes20.dex): ok
03-02 10:07:12.571 15408 19765 D nativeloader: Load /data/app/~~Bh61wenJZi6JNVEuOkVQfQ==/com.softnation.Ojam-nnCVAdHxKfOmup5FCuBDYQ==/base.apk!/lib/arm64-v8a/libhermestooling.so using class loader ns clns-7 (caller=/data/app/~~Bh61wenJZi6JNVEuOkVQfQ==/com.softnation.Ojam-nnCVAdHxKfOmup5FCuBDYQ==/base.apk!classes20.dex): ok
03-02 10:07:12.571 15408 19765 D jni_lib_merge: Entering merged library JNI_OnLoad.
03-02 10:07:12.571 15408 19765 D jni_lib_merge: Preparing 4 pre-merged libs (including stub)
03-02 10:07:12.571 15408 19765 D jni_lib_merge: Preparing to register libhermes_executor_so.  onload_func: 0x79379327e0
03-02 10:07:12.571 15408 19765 D jni_lib_merge: Preparing to register libhermesinstancejni_so.  onload_func: 0x793796826c
03-02 10:07:12.571 15408 19765 D jni_lib_merge: Preparing to register libjsijniprofiler_so.  onload_func: 0x793796a2bc
03-02 10:07:12.571 15408 19765 D jni_lib_merge: About to register 3 actual methods.
03-02 10:07:12.571   921   921 I BufferQueueProducer: [StatusBar#109](this:0xb400007bcec4ab68,id:-1,api:0,p:-1,c:921) queueBuffer: fps=0.99 dur=2026.96 max=1029.90 min=997.06
03-02 10:07:12.649 15408 19765 D nativeloader: Load /data/app/~~Bh61wenJZi6JNVEuOkVQfQ==/com.softnation.Ojam-nnCVAdHxKfOmup5FCuBDYQ==/base.apk!/lib/arm64-v8a/libexpo-av.so using class loader ns clns-7 (caller=/data/app/~~Bh61wenJZi6JNVEuOkVQfQ==/com.softnation.Ojam-nnCVAdHxKfOmup5FCuBDYQ==/base.apk!classes21.dex): ok
03-02 10:07:12.713  1621  1692 I AutomaticBrightnessController: AmbientLux=51.77056, mAmbientDarkeningThreshold=18.210592, mAmbientBrighteningThreshold=191.79953, mAmbientBrighteningSmallThreshold=135.78795
03-02 10:07:12.713  1621  1692 I AutomaticBrightnessController: updateAutoBrightness: mScreenAutoBrightness=0.04434195, newScreenAutoBrightness=0.10954565 (checkedAutoBrightness=449), mAmbientLux=51.77056, mUseDaemonSensorInProgress=false
03-02 10:07:12.714  1621  1692 D DisplayPowerControllerImpl: updateBrightnessChangeStatus: animating: true, displayState: 2, slowChange: true, appliedDimming: false, currentBrightness: 0.039907757, currentSdrBrightness: 0.039907757, targetBrightness: 0.09859108, targetSdrBrightness: 0.09859108, previousDisplayPolicy: 3, currentDisplayPolicy: 3
03-02 10:07:12.716  1621  1692 I DisplayPowerController2[0]: BrightnessEvent: disp=0, physDisp=local:4627039422300187648, displayState=ON, displayPolicy=BRIGHT, brt=0.09859108, initBrt=0.039907757, rcmdBrt=0.10954565, preBrt=0.04434195, lux=51.77056, preLux=11.238095, hbmMax=0.49975574, hbmMode=off, rbcStrength=50, thrmMax=1.0, powerFactor=0.9, wasShortTermModelActive=false, flags=low_power_mode , reason=automatic [ low_pwr ], autoBrightness=true, strategy=InvalidBrightnessStrategy, autoBrightnessMode=default
03-02 10:07:12.718  1621  1621 I BrightnessSynchronizer: [15373] New Update 0.10954565(f) set brightness values:  57(i)
03-02 10:07:12.720  1621  1621 I BrightnessSynchronizer: Swallowing update of 57(i) by update: {[15373] 0.10954565(f), mUpdatedTypes=1, mConfirmedTypes=1, mTimeUpdated=607626268}
03-02 10:07:12.720  1621  1621 I BrightnessSynchronizer: Completed Update: {[15373] 0.10954565(f), mUpdatedTypes=1, mConfirmedTypes=1, mTimeUpdated=607626268}
03-02 10:07:12.744  1621  1842 I MiuiNetworkPolicy: updateUidState uid = 10301, uidState = 19
03-02 10:07:12.746  1621  1842 I MiuiNetworkPolicy: updateUidState uid = 10301, uidState = 11
03-02 10:07:12.748   857   857 D android.hardware.lights-service.mediatek: write 165 to /sys/class/leds/lcd-backlight/brightness, result: 0
03-02 10:07:12.749   857   857 D android.hardware.lights-service.mediatek: write 165 to /sys/class/mi_display/disp-DSI-0/brightness_clone, result: 0
03-02 10:07:12.782   857   857 D android.hardware.lights-service.mediatek: write 166 to /sys/class/leds/lcd-backlight/brightness, result: 0
03-02 10:07:12.782   857   857 D android.hardware.lights-service.mediatek: write 166 to /sys/class/mi_display/disp-DSI-0/brightness_clone, result: 0
03-02 10:07:12.798   857   857 D android.hardware.lights-service.mediatek: write 167 to /sys/class/leds/lcd-backlight/brightness, result: 0
03-02 10:07:12.799   857   857 D android.hardware.lights-service.mediatek: write 167 to /sys/class/mi_display/disp-DSI-0/brightness_clone, result: 0
03-02 10:07:12.832   857   857 D android.hardware.lights-service.mediatek: write 168 to /sys/class/leds/lcd-backlight/brightness, result: 0
03-02 10:07:12.832   857   857 D android.hardware.lights-service.mediatek: write 168 to /sys/class/mi_display/disp-DSI-0/brightness_clone, result: 0
03-02 10:07:12.848   857   857 D android.hardware.lights-service.mediatek: write 169 to /sys/class/leds/lcd-backlight/brightness, result: 0
03-02 10:07:12.849   857   857 D android.hardware.lights-service.mediatek: write 169 to /sys/class/mi_display/disp-DSI-0/brightness_clone, result: 0
03-02 10:07:12.882   857   857 D android.hardware.lights-service.mediatek: write 170 to /sys/class/leds/lcd-backlight/brightness, result: 0
03-02 10:07:12.882   857   857 D android.hardware.lights-service.mediatek: write 170 to /sys/class/mi_display/disp-DSI-0/brightness_clone, result: 0
03-02 10:07:12.893  1205  2027 D AidlBufferPoolAcc: evictor expired: 3, evicted: 0
03-02 10:07:12.898   857   857 D android.hardware.lights-service.mediatek: write 171 to /sys/class/leds/lcd-backlight/brightness, result: 0
03-02 10:07:12.899   857   857 D android.hardware.lights-service.mediatek: write 171 to /sys/class/mi_display/disp-DSI-0/brightness_clone, result: 0
03-02 10:07:12.932   857   857 D android.hardware.lights-service.mediatek: write 172 to /sys/class/leds/lcd-backlight/brightness, result: 0
03-02 10:07:12.932   857   857 D android.hardware.lights-service.mediatek: write 172 to /sys/class/mi_display/disp-DSI-0/brightness_clone, result: 0
03-02 10:07:12.965   857   857 D android.hardware.lights-service.mediatek: write 173 to /sys/class/leds/lcd-backlight/brightness, result: 0
03-02 10:07:12.965   857   857 D android.hardware.lights-service.mediatek: write 173 to /sys/class/mi_display/disp-DSI-0/brightness_clone, result: 0
03-02 10:07:12.982   857   857 D android.hardware.lights-service.mediatek: write 174 to /sys/class/leds/lcd-backlight/brightness, result: 0
03-02 10:07:12.982   857   857 D android.hardware.lights-service.mediatek: write 174 to /sys/class/mi_display/disp-DSI-0/brightness_clone, result: 0
03-02 10:07:12.986 27809 29374 I PhenotypeProcessReaper: Memory state is: 100
03-02 10:07:13.008 19611 19693 W BpBinder: Slow Binder: BpBinder transact took 2444 ms, interface=android.content.IContentProvider, code=1 oneway=false
03-02 10:07:13.015   857   857 D android.hardware.lights-service.mediatek: write 175 to /sys/class/leds/lcd-backlight/brightness, result: 0
03-02 10:07:13.015   857   857 D android.hardware.lights-service.mediatek: write 175 to /sys/class/mi_display/disp-DSI-0/brightness_clone, result: 0
03-02 10:07:13.032   857   857 D android.hardware.lights-service.mediatek: write 176 to /sys/class/leds/lcd-backlight/brightness, result: 0
03-02 10:07:13.032   857   857 D android.hardware.lights-service.mediatek: write 176 to /sys/class/mi_display/disp-DSI-0/brightness_clone, result: 0
03-02 10:07:13.059 18562 29326 D BluetoothDevice: getAddress: mAddress=XX:XX:XX:XX:E1:4F
03-02 10:07:13.059 18562 29326 D BluetoothDevice: getAddress: mAddress=XX:XX:XX:XX:94:A5
03-02 10:07:13.060 18562 29326 D BluetoothDevice: getAddress: mAddress=XX:XX:XX:XX:6E:27
03-02 10:07:13.060 18562 29326 D BluetoothDevice: getAddress: mAddress=XX:XX:XX:XX:9D:81
03-02 10:07:13.060 18562 29326 D BluetoothDevice: getAddress: mAddress=XX:XX:XX:XX:EE:F9
03-02 10:07:13.060 18562 29326 D BluetoothDevice: getAddress: mAddress=XX:XX:XX:XX:C8:A7
03-02 10:07:13.060 18562 29326 D BluetoothDevice: getAddress: mAddress=XX:XX:XX:XX:2F:74
03-02 10:07:13.060 18562 29326 D BluetoothDevice: getAddress: mAddress=XX:XX:XX:XX:69:70
03-02 10:07:13.060 18562 29326 D BluetoothDevice: getAddress: mAddress=XX:XX:XX:XX:C0:39
03-02 10:07:13.062 18562 29326 D BluetoothDevice: getAddress: mAddress=XX:XX:XX:XX:E1:4F
03-02 10:07:13.062 18562 29326 D BluetoothDevice: getAddress: mAddress=XX:XX:XX:XX:94:A5
03-02 10:07:13.062 18562 29326 D BluetoothDevice: getAddress: mAddress=XX:XX:XX:XX:6E:27
03-02 10:07:13.062 18562 29326 D BluetoothDevice: getAddress: mAddress=XX:XX:XX:XX:9D:81
03-02 10:07:13.062 18562 29326 D BluetoothDevice: getAddress: mAddress=XX:XX:XX:XX:EE:F9
03-02 10:07:13.062 18562 29326 D BluetoothDevice: getAddress: mAddress=XX:XX:XX:XX:C8:A7
03-02 10:07:13.062 18562 29326 D BluetoothDevice: getAddress: mAddress=XX:XX:XX:XX:2F:74
03-02 10:07:13.062 18562 29326 D BluetoothDevice: getAddress: mAddress=XX:XX:XX:XX:69:70
03-02 10:07:13.062 18562 29326 D BluetoothDevice: getAddress: mAddress=XX:XX:XX:XX:C0:39
03-02 10:07:13.064 18562 29326 D BluetoothDevice: getAddress: mAddress=XX:XX:XX:XX:E1:4F
03-02 10:07:13.065 18562 29326 D BluetoothDevice: getAddress: mAddress=XX:XX:XX:XX:94:A5
03-02 10:07:13.065 18562 29326 D BluetoothDevice: getAddress: mAddress=XX:XX:XX:XX:6E:27
03-02 10:07:13.065 18562 29326 D BluetoothDevice: getAddress: mAddress=XX:XX:XX:XX:9D:81
03-02 10:07:13.065 18562 29326 D BluetoothDevice: getAddress: mAddress=XX:XX:XX:XX:EE:F9
03-02 10:07:13.065 18562 29326 D BluetoothDevice: getAddress: mAddress=XX:XX:XX:XX:C8:A7
03-02 10:07:13.065 18562 29326 D BluetoothDevice: getAddress: mAddress=XX:XX:XX:XX:2F:74
03-02 10:07:13.065 18562 29326 D BluetoothDevice: getAddress: mAddress=XX:XX:XX:XX:69:70
03-02 10:07:13.065 18562 29326 D BluetoothDevice: getAddress: mAddress=XX:XX:XX:XX:C0:39
03-02 10:07:13.066   857   857 D android.hardware.lights-service.mediatek: write 177 to /sys/class/leds/lcd-backlight/brightness, result: 0
03-02 10:07:13.066   857   857 D android.hardware.lights-service.mediatek: write 177 to /sys/class/mi_display/disp-DSI-0/brightness_clone, result: 0
03-02 10:07:13.075  1621  4289 D CompatChangeReporter: Compat change id reported: 161145287; UID 1000; state: ENABLED
03-02 10:07:13.082   857   857 D android.hardware.lights-service.mediatek: write 178 to /sys/class/leds/lcd-backlight/brightness, result: 0
03-02 10:07:13.082   857   857 D android.hardware.lights-service.mediatek: write 178 to /sys/class/mi_display/disp-DSI-0/brightness_clone, result: 0
03-02 10:07:13.085  1621  4289 W ContentProviderHelper: No provider info for content provider com.miui.personalassistant.servicedeliver.system.provider when providerRunning is false, caller is ProcessRecord{b4ea4fc 1999:com.miui.home/u0a166}
03-02 10:07:13.085  1999 17839 E ActivityThread: Failed to find provider info for com.miui.personalassistant.servicedeliver.system.provider
03-02 10:07:13.089  1999 17839 E ServiceDeliveryCompat: isSupportServiceDelivery
03-02 10:07:13.089  1999 17839 E ServiceDeliveryCompat: java.lang.IllegalArgumentException: Unknown authority com.miui.personalassistant.servicedeliver.system.provider
03-02 10:07:13.089  1999 17839 E ServiceDeliveryCompat: 	at android.content.ContentResolver.call(ContentResolver.java:2463)
03-02 10:07:13.089  1999 17839 E ServiceDeliveryCompat: 	at android.content.ContentResolver.call(ContentResolver.java:2446)
03-02 10:07:13.089  1999 17839 E ServiceDeliveryCompat: 	at com.miui.home.launcher.servicedeliver.ServiceDeliveryUtils.isSupportServiceDelivery(ServiceDeliveryUtils.kt:28)
03-02 10:07:13.089  1999 17839 E ServiceDeliveryCompat: 	at com.miui.home.launcher.servicedeliver.ServiceDeliveryReplaceHelper.lambda$tryReplaceToServiceDelivery$1(ServiceDeliveryReplaceHelper.java:67)
03-02 10:07:13.089  1999 17839 E ServiceDeliveryCompat: 	at com.miui.home.launcher.servicedeliver.ServiceDeliveryReplaceHelper.$r8$lambda$WUWmthv-UjITX40FJ8ag1YKl6O8(Unknown Source:0)
03-02 10:07:13.089  1999 17839 E ServiceDeliveryCompat: 	at com.miui.home.launcher.servicedeliver.ServiceDeliveryReplaceHelper$$ExternalSyntheticLambda1.run(Unknown Source:2)
03-02 10:07:13.089  1999 17839 E ServiceDeliveryCompat: 	at java.util.concurrent.Executors$RunnableAdapter.call(Executors.java:520)
03-02 10:07:13.089  1999 17839 E ServiceDeliveryCompat: 	at java.util.concurrent.FutureTask.run(FutureTask.java:317)
03-02 10:07:13.089  1999 17839 E ServiceDeliveryCompat: 	at java.util.concurrent.ThreadPoolExecutor.runWorker(ThreadPoolExecutor.java:1154)
03-02 10:07:13.089  1999 17839 E ServiceDeliveryCompat: 	at java.util.concurrent.ThreadPoolExecutor$Worker.run(ThreadPoolExecutor.java:652)
03-02 10:07:13.089  1999 17839 E ServiceDeliveryCompat: 	at java.lang.Thread.run(Thread.java:1563)
03-02 10:07:13.089  1999 17839 I ServiceDeliveryReplaceHelper: tryReplaceToDelivery: isSupportServiceDelivery false
03-02 10:07:13.110  1055  1186 D connsyslogger: SD_LOG_ROOT is /data/debuglogger/connsyslog/fw.
03-02 10:07:13.110  1055  1186 D connsyslogger: systemReady:1
03-02 10:07:13.113  1201  1298 D AALService: [CRTC_114] onALIChanged: 55 -> 49
03-02 10:07:13.115   857   857 D android.hardware.lights-service.mediatek: write 179 to /sys/class/leds/lcd-backlight/brightness, result: 0
03-02 10:07:13.116   857   857 D android.hardware.lights-service.mediatek: write 179 to /sys/class/mi_display/disp-DSI-0/brightness_clone, result: 0
03-02 10:07:13.132   857   857 D android.hardware.lights-service.mediatek: write 180 to /sys/class/leds/lcd-backlight/brightness, result: 0
03-02 10:07:13.132   857   857 D android.hardware.lights-service.mediatek: write 180 to /sys/class/mi_display/disp-DSI-0/brightness_clone, result: 0
03-02 10:07:13.165   857   857 D android.hardware.lights-service.mediatek: write 181 to /sys/class/leds/lcd-backlight/brightness, result: 0
03-02 10:07:13.166   857   857 D android.hardware.lights-service.mediatek: write 181 to /sys/class/mi_display/disp-DSI-0/brightness_clone, result: 0
03-02 10:07:13.182   857   857 D android.hardware.lights-service.mediatek: write 182 to /sys/class/leds/lcd-backlight/brightness, result: 0
03-02 10:07:13.182   857   857 D android.hardware.lights-service.mediatek: write 182 to /sys/class/mi_display/disp-DSI-0/brightness_clone, result: 0
03-02 10:07:13.215   857   857 D android.hardware.lights-service.mediatek: write 183 to /sys/class/leds/lcd-backlight/brightness, result: 0
03-02 10:07:13.216   857   857 D android.hardware.lights-service.mediatek: write 183 to /sys/class/mi_display/disp-DSI-0/brightness_clone, result: 0
03-02 10:07:13.232   857   857 D android.hardware.lights-service.mediatek: write 184 to /sys/class/leds/lcd-backlight/brightness, result: 0
03-02 10:07:13.232   857   857 D android.hardware.lights-service.mediatek: write 184 to /sys/class/mi_display/disp-DSI-0/brightness_clone, result: 0
03-02 10:07:13.265   857   857 D android.hardware.lights-service.mediatek: write 185 to /sys/class/leds/lcd-backlight/brightness, result: 0
03-02 10:07:13.266   857   857 D android.hardware.lights-service.mediatek: write 185 to /sys/class/mi_display/disp-DSI-0/brightness_clone, result: 0
03-02 10:07:13.277 19601 19629 W oid.apps.photos: userfaultfd: MOVE ioctl seems unsupported: Connection timed out
03-02 10:07:13.282   857   857 D android.hardware.lights-service.mediatek: write 186 to /sys/class/leds/lcd-backlight/brightness, result: 0
03-02 10:07:13.282   857   857 D android.hardware.lights-service.mediatek: write 186 to /sys/class/mi_display/disp-DSI-0/brightness_clone, result: 0
03-02 10:07:13.299   857   857 D android.hardware.lights-service.mediatek: write 187 to /sys/class/leds/lcd-backlight/brightness, result: 0
03-02 10:07:13.299   857   857 D android.hardware.lights-service.mediatek: write 187 to /sys/class/mi_display/disp-DSI-0/brightness_clone, result: 0
03-02 10:07:13.332   857   857 D android.hardware.lights-service.mediatek: write 188 to /sys/class/leds/lcd-backlight/brightness, result: 0
03-02 10:07:13.332   857   857 D android.hardware.lights-service.mediatek: write 188 to /sys/class/mi_display/disp-DSI-0/brightness_clone, result: 0
03-02 10:07:13.349   857   857 D android.hardware.lights-service.mediatek: write 189 to /sys/class/leds/lcd-backlight/brightness, result: 0
03-02 10:07:13.349   857   857 D android.hardware.lights-service.mediatek: write 189 to /sys/class/mi_display/disp-DSI-0/brightness_clone, result: 0
