03-02 10:07:13.366  1621  2192 D AS.BtHelper: isBluetoothScoOn() mBluetoothHeadset is null: falsemBluetoothHeadsetDevice is null: true
03-02 10:07:13.366  1621  2192 V AS.AudioDeviceBroker: requestedCommunicationDevice: null mAudioModeOwner: AudioModeInfo: mMode=MODE_NORMAL, mPid=0, mUid=0
03-02 10:07:13.367  1621  2192 D AS.BtHelper: isBluetoothScoOn() mBluetoothHeadset is null: falsemBluetoothHeadsetDevice is null: true
03-02 10:07:13.367  1621  2192 V AS.AudioDeviceBroker: requestedCommunicationDevice: null mAudioModeOwner: AudioModeInfo: mMode=MODE_NORMAL, mPid=0, mUid=0
03-02 10:07:13.382   857   857 D android.hardware.lights-service.mediatek: write 190 to /sys/class/leds/lcd-backlight/brightness, result: 0
03-02 10:07:13.382   857   857 D android.hardware.lights-service.mediatek: write 190 to /sys/class/mi_display/disp-DSI-0/brightness_clone, result: 0
03-02 10:07:13.399   857   857 D android.hardware.lights-service.mediatek: write 191 to /sys/class/leds/lcd-backlight/brightness, result: 0
03-02 10:07:13.399   857   857 D android.hardware.lights-service.mediatek: write 191 to /sys/class/mi_display/disp-DSI-0/brightness_clone, result: 0
03-02 10:07:13.432   857   857 D android.hardware.lights-service.mediatek: write 192 to /sys/class/leds/lcd-backlight/brightness, result: 0
03-02 10:07:13.432   857   857 D android.hardware.lights-service.mediatek: write 192 to /sys/class/mi_display/disp-DSI-0/brightness_clone, result: 0
03-02 10:07:13.449   857   857 D android.hardware.lights-service.mediatek: write 193 to /sys/class/leds/lcd-backlight/brightness, result: 0
03-02 10:07:13.449   857   857 D android.hardware.lights-service.mediatek: write 193 to /sys/class/mi_display/disp-DSI-0/brightness_clone, result: 0
03-02 10:07:13.467   857   857 D android.hardware.lights-service.mediatek: write 194 to /sys/class/leds/lcd-backlight/brightness, result: 0
03-02 10:07:13.467   857   857 D android.hardware.lights-service.mediatek: write 194 to /sys/class/mi_display/disp-DSI-0/brightness_clone, result: 0
03-02 10:07:13.487  1621  1621 D UiModeManager: updateConfigurationLocked: mDockState=0; mCarMode=false; mCar=false; mPowerSave=false; mOverrideNightModeOn=false; mOverrideNightModeOff=false; mComputedNightMode=true; mNightModeValue=2; uiMode=42
03-02 10:07:13.491  6027  6027 I PowerSaveService: onReceive: android.intent.action.BATTERY_CHANGED
03-02 10:07:13.491  6027  6027 I PowerNoticeUI: handleBatteryChanged oldPlugType 2 mPlugType 2 oldBatteryLevel 43 mBatteryLevel 43 temperature 410
03-02 10:07:13.492  6027  6027 I ChargerBatteryIntelligenceReceiver: onBatteryChanged temperature∩╝Ü41,plugType:2
03-02 10:07:13.492  6027  6027 I ChargerBatteryIntelligenceReceiver: dissmissTempFastChargeReminder not support
03-02 10:07:13.492  6027  6027 D BaseChargeProtect_HighTemp: mCountByMinute:0,isScreenOn:true
03-02 10:07:13.492 19611 19641 W .apps.nbu.files: userfaultfd: MOVE ioctl seems unsupported: Connection timed out
03-02 10:07:13.492  6515  8177 D PowerCheckerService: onBatteryChanged, mBatteryLevel = 43, status = 2, level = 43, plug = 2, scale = 100
03-02 10:07:13.493  6515  6997 I ProcAudioPowerManager: onBatteryChanged, onBattery is false
03-02 10:07:13.493  6515  6997 D PowerKeeper.FrozenApp: onBatteryChanged plug=true mBatteryPlugged=2
03-02 10:07:13.493  6515  8142 D PowerKeeper.Thermal: mBatteryTemperature: 41
03-02 10:07:13.494  6027  6027 I android_os_HwBinder: HwBinder: Starting thread pool for getting: vendor.xiaomi.hardware.micharge@1.0::IMiCharge/default
03-02 10:07:13.498   872   908 I vendor.xiaomi.hardware.micharge@1.0-service: ReadFilePathValue path = /sys/class/power_supply/usb/real_type value = USB
03-02 10:07:13.499   857   857 D android.hardware.lights-service.mediatek: write 195 to /sys/class/leds/lcd-backlight/brightness, result: 0
03-02 10:07:13.499   857   857 D android.hardware.lights-service.mediatek: write 195 to /sys/class/mi_display/disp-DSI-0/brightness_clone, result: 0
03-02 10:07:13.500  6027  6027 I IMiChargeUtils: getIMiChargeStringValue method:getBatteryChargeType,value:USB
03-02 10:07:13.500  6027  6027 I IMiChargeUtils: getBatteryChargeType : USB
03-02 10:07:13.500  6027  6027 I ChargeTimeUtilsV2: chargeType:USB
03-02 10:07:13.500  6027  6027 I PowerFeatureUtils: getVendorName:mediatek
03-02 10:07:13.500  6027  6027 I PowerFeatureUtils: getVendorName:mediatek
03-02 10:07:13.503  3510  3510 W libc    : Unable to set property "persist.vendor.accelerate.charge" to "false": PROP_ERROR_PERMISSION_DENIED (0x18)
03-02 10:07:13.516   857   857 D android.hardware.lights-service.mediatek: write 196 to /sys/class/leds/lcd-backlight/brightness, result: 0
03-02 10:07:13.516   857   857 D android.hardware.lights-service.mediatek: write 196 to /sys/class/mi_display/disp-DSI-0/brightness_clone, result: 0
03-02 10:07:13.528   861   947 I libPerfCtl: xgfGetFPS pid:2363 fps:-1
03-02 10:07:13.532   857   857 D android.hardware.lights-service.mediatek: write 197 to /sys/class/leds/lcd-backlight/brightness, result: 0
03-02 10:07:13.533   857   857 D android.hardware.lights-service.mediatek: write 197 to /sys/class/mi_display/disp-DSI-0/brightness_clone, result: 0
03-02 10:07:13.538  6027  6027 I PowerSaveService: onReceive: android.intent.action.BATTERY_CHANGED
03-02 10:07:13.539  6515  8177 D PowerCheckerService: onBatteryChanged, mBatteryLevel = 43, status = 2, level = 43, plug = 2, scale = 100
03-02 10:07:13.540  6027  6027 I PowerNoticeUI: handleBatteryChanged oldPlugType 2 mPlugType 2 oldBatteryLevel 43 mBatteryLevel 43 temperature 420
03-02 10:07:13.540  6515  6997 I ProcAudioPowerManager: onBatteryChanged, onBattery is false
03-02 10:07:13.540  6027  6027 I ChargerBatteryIntelligenceReceiver: onBatteryChanged temperature∩╝Ü42,plugType:2
03-02 10:07:13.540  6027  6027 I ChargerBatteryIntelligenceReceiver: dissmissTempFastChargeReminder not support
03-02 10:07:13.540  6515  6997 D PowerKeeper.FrozenApp: onBatteryChanged plug=true mBatteryPlugged=2
03-02 10:07:13.540  6027  6027 D BaseChargeProtect_HighTemp: mCountByMinute:0,isScreenOn:true
03-02 10:07:13.542  6515  8142 D PowerKeeper.Thermal: mBatteryTemperature: 42
03-02 10:07:13.542  6027  6027 I android_os_HwBinder: HwBinder: Starting thread pool for getting: vendor.xiaomi.hardware.micharge@1.0::IMiCharge/default
03-02 10:07:13.543  1621  1621 D UiModeManager: updateConfigurationLocked: mDockState=0; mCarMode=false; mCar=false; mPowerSave=false; mOverrideNightModeOn=false; mOverrideNightModeOff=false; mComputedNightMode=true; mNightModeValue=2; uiMode=42
03-02 10:07:13.545   872 24120 I vendor.xiaomi.hardware.micharge@1.0-service: ReadFilePathValue path = /sys/class/power_supply/usb/real_type value = USB
03-02 10:07:13.551  6027  6027 I IMiChargeUtils: getIMiChargeStringValue method:getBatteryChargeType,value:USB
03-02 10:07:13.551  6027  6027 I IMiChargeUtils: getBatteryChargeType : USB
03-02 10:07:13.551  6027  6027 I ChargeTimeUtilsV2: chargeType:USB
03-02 10:07:13.551  6027  6027 I PowerFeatureUtils: getVendorName:mediatek
03-02 10:07:13.551  6027  6027 I PowerFeatureUtils: getVendorName:mediatek
03-02 10:07:13.553  1621  1621 D UiModeManager: updateConfigurationLocked: mDockState=0; mCarMode=false; mCar=false; mPowerSave=false; mOverrideNightModeOn=false; mOverrideNightModeOff=false; mComputedNightMode=true; mNightModeValue=2; uiMode=42
03-02 10:07:13.556  6027  6027 I PowerSaveService: onReceive: android.intent.action.BATTERY_CHANGED
03-02 10:07:13.557  6027  6027 I PowerNoticeUI: handleBatteryChanged oldPlugType 2 mPlugType 2 oldBatteryLevel 43 mBatteryLevel 43 temperature 420
03-02 10:07:13.557  6515  8177 D PowerCheckerService: onBatteryChanged, mBatteryLevel = 43, status = 2, level = 43, plug = 2, scale = 100
03-02 10:07:13.557  6027  6027 I ChargerBatteryIntelligenceReceiver: onBatteryChanged temperature∩╝Ü42,plugType:2
03-02 10:07:13.557  6027  6027 D BaseChargeProtect_HighTemp: mCountByMinute:0,isScreenOn:true
03-02 10:07:13.558  6515  8142 D PowerKeeper.Thermal: mBatteryTemperature: 42
03-02 10:07:13.558  6515  6997 I ProcAudioPowerManager: onBatteryChanged, onBattery is false
03-02 10:07:13.558  6515  6997 D PowerKeeper.FrozenApp: onBatteryChanged plug=true mBatteryPlugged=2
03-02 10:07:13.559  6027  6027 I android_os_HwBinder: HwBinder: Starting thread pool for getting: vendor.xiaomi.hardware.micharge@1.0::IMiCharge/default
03-02 10:07:13.560 19611 19641 I .apps.nbu.files: Background concurrent mark compact GC freed 46MB AllocSpace bytes, 14(280KB) LOS objects, 77% free, 7167KB/30MB, paused 3.255ms,4.049ms total 171.825ms
03-02 10:07:13.562   872 24120 I vendor.xiaomi.hardware.micharge@1.0-service: ReadFilePathValue path = /sys/class/power_supply/usb/real_type value = USB
03-02 10:07:13.563  6027  6027 I IMiChargeUtils: getIMiChargeStringValue method:getBatteryChargeType,value:USB
03-02 10:07:13.563  6027  6027 I IMiChargeUtils: getBatteryChargeType : USB
03-02 10:07:13.563  6027  6027 I ChargeTimeUtilsV2: chargeType:USB
03-02 10:07:13.563  6027  6027 I PowerFeatureUtils: getVendorName:mediatek
03-02 10:07:13.563  6027  6027 I PowerFeatureUtils: getVendorName:mediatek
03-02 10:07:13.567   857   857 D android.hardware.lights-service.mediatek: write 198 to /sys/class/leds/lcd-backlight/brightness, result: 0
03-02 10:07:13.567   857   857 D android.hardware.lights-service.mediatek: write 198 to /sys/class/mi_display/disp-DSI-0/brightness_clone, result: 0
03-02 10:07:13.582   857   857 D android.hardware.lights-service.mediatek: write 199 to /sys/class/leds/lcd-backlight/brightness, result: 0
03-02 10:07:13.583   857   857 D android.hardware.lights-service.mediatek: write 199 to /sys/class/mi_display/disp-DSI-0/brightness_clone, result: 0
03-02 10:07:13.599   857   857 D android.hardware.lights-service.mediatek: write 200 to /sys/class/leds/lcd-backlight/brightness, result: 0
03-02 10:07:13.599   857   857 D android.hardware.lights-service.mediatek: write 200 to /sys/class/mi_display/disp-DSI-0/brightness_clone, result: 0
03-02 10:07:13.632   857   857 D android.hardware.lights-service.mediatek: write 201 to /sys/class/leds/lcd-backlight/brightness, result: 0
03-02 10:07:13.633   857   857 D android.hardware.lights-service.mediatek: write 201 to /sys/class/mi_display/disp-DSI-0/brightness_clone, result: 0
03-02 10:07:13.649   857   857 D android.hardware.lights-service.mediatek: write 202 to /sys/class/leds/lcd-backlight/brightness, result: 0
03-02 10:07:13.649   857   857 D android.hardware.lights-service.mediatek: write 202 to /sys/class/mi_display/disp-DSI-0/brightness_clone, result: 0
03-02 10:07:13.666   857   857 D android.hardware.lights-service.mediatek: write 203 to /sys/class/leds/lcd-backlight/brightness, result: 0
03-02 10:07:13.666   857   857 D android.hardware.lights-service.mediatek: write 203 to /sys/class/mi_display/disp-DSI-0/brightness_clone, result: 0
03-02 10:07:13.678  1621  2192 W UriGrantsManagerService: No permission grants found for com.google.android.apps.photos
03-02 10:07:13.678  1621  2192 W UriGrantsManagerService: No permission grants found for com.google.android.apps.photos
03-02 10:07:13.682  1621  2192 I ClipboardServiceI: checkProviderWakePathForClipboard: primaryClip is null
03-02 10:07:13.699   857   857 D android.hardware.lights-service.mediatek: write 204 to /sys/class/leds/lcd-backlight/brightness, result: 0
03-02 10:07:13.699   857   857 D android.hardware.lights-service.mediatek: write 204 to /sys/class/mi_display/disp-DSI-0/brightness_clone, result: 0
03-02 10:07:13.707  1621  2192 I whetstone.activity: Power Event callback listener is empty for resId=256
03-02 10:07:13.707  1621  2192 D BatteryStatsManagerStub: notifyEvent for resId=256 used 1ms
03-02 10:07:13.708  1621  1918 E HyperSentinel: -------------------------------------------------------
03-02 10:07:13.708  1621  1918 E HyperSentinel: Event_ThreadAmount
03-02 10:07:13.708  1621  1918 E HyperSentinel: -> audit event by proc 19611 "com.google.android.apps.nbu.files": running threads amount, 0 -> 49
03-02 10:07:13.713  1621  1842 I MiuiNetworkPolicy: updateUidState uid = 10308, uidState = 10
03-02 10:07:13.713  1201  1298 D AALLightSensor: oldLux=49 [SA:-1 LA:-1] newLux=49 (oriLux: 49)
03-02 10:07:13.713  1621  2192 W JobScheduler: Job didn't exist in JobStore: 
03-02 10:07:13.716   857   857 D android.hardware.lights-service.mediatek: write 205 to /sys/class/leds/lcd-backlight/brightness, result: 0
03-02 10:07:13.716   857   857 D android.hardware.lights-service.mediatek: write 205 to /sys/class/mi_display/disp-DSI-0/brightness_clone, result: 0
03-02 10:07:13.719  1621  1842 I MiuiNetworkPolicy: updateUidState uid = 10308, uidState = 19
03-02 10:07:13.733   857   857 D android.hardware.lights-service.mediatek: write 206 to /sys/class/leds/lcd-backlight/brightness, result: 0
03-02 10:07:13.733   857   857 D android.hardware.lights-service.mediatek: write 206 to /sys/class/mi_display/disp-DSI-0/brightness_clone, result: 0
03-02 10:07:13.751  1621  1842 I MiuiNetworkPolicy: updateUidState uid = 10301, uidState = 19
03-02 10:07:13.755  1621  1842 I MiuiNetworkPolicy: updateUidState uid = 10301, uidState = 11
03-02 10:07:13.767   857   857 D android.hardware.lights-service.mediatek: write 207 to /sys/class/leds/lcd-backlight/brightness, result: 0
03-02 10:07:13.767   857   857 D android.hardware.lights-service.mediatek: write 207 to /sys/class/mi_display/disp-DSI-0/brightness_clone, result: 0
03-02 10:07:13.783   857   857 D android.hardware.lights-service.mediatek: write 208 to /sys/class/leds/lcd-backlight/brightness, result: 0
03-02 10:07:13.783   857   857 D android.hardware.lights-service.mediatek: write 208 to /sys/class/mi_display/disp-DSI-0/brightness_clone, result: 0
03-02 10:07:13.787  1621  1730 W UriGrantsManagerService: No permission grants found for com.google.android.apps.photos
03-02 10:07:13.787  1621  1730 W UriGrantsManagerService: No permission grants found for com.google.android.apps.photos
03-02 10:07:13.799   857   857 D android.hardware.lights-service.mediatek: write 209 to /sys/class/leds/lcd-backlight/brightness, result: 0
03-02 10:07:13.800   857   857 D android.hardware.lights-service.mediatek: write 209 to /sys/class/mi_display/disp-DSI-0/brightness_clone, result: 0
03-02 10:07:13.833   857   857 D android.hardware.lights-service.mediatek: write 210 to /sys/class/leds/lcd-backlight/brightness, result: 0
03-02 10:07:13.833   857   857 D android.hardware.lights-service.mediatek: write 210 to /sys/class/mi_display/disp-DSI-0/brightness_clone, result: 0
03-02 10:07:13.849   857   857 D android.hardware.lights-service.mediatek: write 211 to /sys/class/leds/lcd-backlight/brightness, result: 0
03-02 10:07:13.850   857   857 D android.hardware.lights-service.mediatek: write 211 to /sys/class/mi_display/disp-DSI-0/brightness_clone, result: 0
03-02 10:07:13.866   857   857 D android.hardware.lights-service.mediatek: write 212 to /sys/class/leds/lcd-backlight/brightness, result: 0
03-02 10:07:13.866   857   857 D android.hardware.lights-service.mediatek: write 212 to /sys/class/mi_display/disp-DSI-0/brightness_clone, result: 0
03-02 10:07:13.883   857   857 D android.hardware.lights-service.mediatek: write 213 to /sys/class/leds/lcd-backlight/brightness, result: 0
03-02 10:07:13.883   857   857 D android.hardware.lights-service.mediatek: write 213 to /sys/class/mi_display/disp-DSI-0/brightness_clone, result: 0
03-02 10:07:13.908  1621  4289 W UriGrantsManagerService: No permission grants found for com.google.android.apps.photos
03-02 10:07:13.909  1621  4289 W UriGrantsManagerService: No permission grants found for com.google.android.apps.photos
03-02 10:07:13.916   857   857 D android.hardware.lights-service.mediatek: write 214 to /sys/class/leds/lcd-backlight/brightness, result: 0
03-02 10:07:13.916   857   857 D android.hardware.lights-service.mediatek: write 214 to /sys/class/mi_display/disp-DSI-0/brightness_clone, result: 0
03-02 10:07:13.933   857   857 D android.hardware.lights-service.mediatek: write 215 to /sys/class/leds/lcd-backlight/brightness, result: 0
03-02 10:07:13.933   857   857 D android.hardware.lights-service.mediatek: write 215 to /sys/class/mi_display/disp-DSI-0/brightness_clone, result: 0
03-02 10:07:13.950   857   857 D android.hardware.lights-service.mediatek: write 216 to /sys/class/leds/lcd-backlight/brightness, result: 0
03-02 10:07:13.950   857   857 D android.hardware.lights-service.mediatek: write 216 to /sys/class/mi_display/disp-DSI-0/brightness_clone, result: 0
03-02 10:07:13.966   857   857 D android.hardware.lights-service.mediatek: write 217 to /sys/class/leds/lcd-backlight/brightness, result: 0
03-02 10:07:13.967   857   857 D android.hardware.lights-service.mediatek: write 217 to /sys/class/mi_display/disp-DSI-0/brightness_clone, result: 0
03-02 10:07:14.000   857   857 D android.hardware.lights-service.mediatek: write 218 to /sys/class/leds/lcd-backlight/brightness, result: 0
03-02 10:07:14.000   857   857 D android.hardware.lights-service.mediatek: write 218 to /sys/class/mi_display/disp-DSI-0/brightness_clone, result: 0
03-02 10:07:14.003 15408 19765 I ExpoModulesCore: Γ£à AppContext was initialized
03-02 10:07:14.016   857   857 D android.hardware.lights-service.mediatek: write 219 to /sys/class/leds/lcd-backlight/brightness, result: 0
03-02 10:07:14.017   857   857 D android.hardware.lights-service.mediatek: write 219 to /sys/class/mi_display/disp-DSI-0/brightness_clone, result: 0
03-02 10:07:14.033   857   857 D android.hardware.lights-service.mediatek: write 220 to /sys/class/leds/lcd-backlight/brightness, result: 0
03-02 10:07:14.033   857   857 D android.hardware.lights-service.mediatek: write 220 to /sys/class/mi_display/disp-DSI-0/brightness_clone, result: 0
03-02 10:07:14.041  1621  1666 I SmartPower: com.whatsapp/10300(31638): idle->background(2158ms) R(broadcast start Intent { act=android.intent.action.BATTERY_CHANGED flg=0x60000010 (has extras) }) adj=700.
03-02 10:07:14.043  1621  1666 I SmartPower: com.facebook.katana/10287(19106): idle->background(2154ms) R(broadcast start Intent { act=android.intent.action.BATTERY_CHANGED flg=0x60000010 (has extras) }) adj=700.
03-02 10:07:14.050   857   857 D android.hardware.lights-service.mediatek: write 221 to /sys/class/leds/lcd-backlight/brightness, result: 0
03-02 10:07:14.050   857   857 D android.hardware.lights-service.mediatek: write 221 to /sys/class/mi_display/disp-DSI-0/brightness_clone, result: 0
03-02 10:07:14.061  1621  1918 E HyperSentinel: -------------------------------------------------------
03-02 10:07:14.062  1621  1918 E HyperSentinel: Event_ThreadAmount
03-02 10:07:14.062  1621  1918 E HyperSentinel: -> audit event by proc 19601 "com.google.android.apps.photos": running threads amount, 0 -> 32
03-02 10:07:14.066   857   857 D android.hardware.lights-service.mediatek: write 222 to /sys/class/leds/lcd-backlight/brightness, result: 0
03-02 10:07:14.067   857   857 D android.hardware.lights-service.mediatek: write 222 to /sys/class/mi_display/disp-DSI-0/brightness_clone, result: 0
03-02 10:07:14.100   857   857 D android.hardware.lights-service.mediatek: write 223 to /sys/class/leds/lcd-backlight/brightness, result: 0
03-02 10:07:14.100   857   857 D android.hardware.lights-service.mediatek: write 223 to /sys/class/mi_display/disp-DSI-0/brightness_clone, result: 0
03-02 10:07:14.116   857   857 D android.hardware.lights-service.mediatek: write 224 to /sys/class/leds/lcd-backlight/brightness, result: 0
03-02 10:07:14.117   857   857 D android.hardware.lights-service.mediatek: write 224 to /sys/class/mi_display/disp-DSI-0/brightness_clone, result: 0
03-02 10:07:14.133   857   857 D android.hardware.lights-service.mediatek: write 225 to /sys/class/leds/lcd-backlight/brightness, result: 0
03-02 10:07:14.133   857   857 D android.hardware.lights-service.mediatek: write 225 to /sys/class/mi_display/disp-DSI-0/brightness_clone, result: 0
03-02 10:07:14.150   857   857 D android.hardware.lights-service.mediatek: write 226 to /sys/class/leds/lcd-backlight/brightness, result: 0
03-02 10:07:14.150   857   857 D android.hardware.lights-service.mediatek: write 226 to /sys/class/mi_display/disp-DSI-0/brightness_clone, result: 0
03-02 10:07:14.168   857   857 D android.hardware.lights-service.mediatek: write 227 to /sys/class/leds/lcd-backlight/brightness, result: 0
03-02 10:07:14.168   857   857 D android.hardware.lights-service.mediatek: write 227 to /sys/class/mi_display/disp-DSI-0/brightness_clone, result: 0
03-02 10:07:14.168 15408 19765 W unknown:BridgelessReact: ReactHost{0}.getOrCreateReactInstanceTask(): Loading JS Bundle
03-02 10:07:14.169 15408 19765 W unknown:BridgelessReact: ReactHost{0}.getOrCreateReactInstanceTask(): Calling DevSupportManagerBase.onNewReactContextCreated(reactContext)
03-02 10:07:14.179 15408 19765 W unknown:BridgelessReact: ReactHost{0}.startSurface(surfaceId = 0): Execute
03-02 10:07:14.180 15408 15408 W unknown:ReactNative: Packager connection already open, nooping.
03-02 10:07:14.196 15408 15408 W unknown:BridgelessReact: ReactContext.onHostResume()
03-02 10:07:14.200   857   857 D android.hardware.lights-service.mediatek: write 228 to /sys/class/leds/lcd-backlight/brightness, result: 0
03-02 10:07:14.200   857   857 D android.hardware.lights-service.mediatek: write 228 to /sys/class/mi_display/disp-DSI-0/brightness_clone, result: 0
03-02 10:07:14.203 15408 15408 W unknown:BridgelessReact: ReactHost{0}.getOrCreateReactInstanceTask(): Executing ReactInstanceEventListeners
03-02 10:07:14.219   857   857 D android.hardware.lights-service.mediatek: write 229 to /sys/class/leds/lcd-backlight/brightness, result: 0
03-02 10:07:14.219   857   857 D android.hardware.lights-service.mediatek: write 229 to /sys/class/mi_display/disp-DSI-0/brightness_clone, result: 0
03-02 10:07:14.233   857   857 D android.hardware.lights-service.mediatek: write 230 to /sys/class/leds/lcd-backlight/brightness, result: 0
03-02 10:07:14.233   857   857 D android.hardware.lights-service.mediatek: write 230 to /sys/class/mi_display/disp-DSI-0/brightness_clone, result: 0
03-02 10:07:14.250   857   857 D android.hardware.lights-service.mediatek: write 231 to /sys/class/leds/lcd-backlight/brightness, result: 0
03-02 10:07:14.250   857   857 D android.hardware.lights-service.mediatek: write 231 to /sys/class/mi_display/disp-DSI-0/brightness_clone, result: 0
03-02 10:07:14.267   857   857 D android.hardware.lights-service.mediatek: write 232 to /sys/class/leds/lcd-backlight/brightness, result: 0
03-02 10:07:14.267   857   857 D android.hardware.lights-service.mediatek: write 232 to /sys/class/mi_display/disp-DSI-0/brightness_clone, result: 0
03-02 10:07:14.283   857   857 D android.hardware.lights-service.mediatek: write 233 to /sys/class/leds/lcd-backlight/brightness, result: 0
03-02 10:07:14.284   857   857 D android.hardware.lights-service.mediatek: write 233 to /sys/class/mi_display/disp-DSI-0/brightness_clone, result: 0
03-02 10:07:14.317   857   857 D android.hardware.lights-service.mediatek: write 234 to /sys/class/leds/lcd-backlight/brightness, result: 0
03-02 10:07:14.317   857   857 D android.hardware.lights-service.mediatek: write 234 to /sys/class/mi_display/disp-DSI-0/brightness_clone, result: 0
03-02 10:07:14.333   857   857 D android.hardware.lights-service.mediatek: write 235 to /sys/class/leds/lcd-backlight/brightness, result: 0
03-02 10:07:14.334   857   857 D android.hardware.lights-service.mediatek: write 235 to /sys/class/mi_display/disp-DSI-0/brightness_clone, result: 0
03-02 10:07:14.350   857   857 D android.hardware.lights-service.mediatek: write 236 to /sys/class/leds/lcd-backlight/brightness, result: 0
03-02 10:07:14.350   857   857 D android.hardware.lights-service.mediatek: write 236 to /sys/class/mi_display/disp-DSI-0/brightness_clone, result: 0
03-02 10:07:14.353  2350  2350 W Settings: Setting airplane_mode_on has moved from android.provider.Settings.System to android.provider.Settings.Global, returning read-only value.
03-02 10:07:14.355  2350  2350 W Settings: Setting airplane_mode_on has moved from android.provider.Settings.System to android.provider.Settings.Global, returning read-only value.
03-02 10:07:14.357  2350 29580 D NetworkSpeedTracker: updateSignalInfo lteRsrp=-77lteSnr=19,phoneId=1
03-02 10:07:14.360  2350 29580 D NetworkSpeedTracker: updateSignalInfo lteRsrp=-77lteSnr=19,phoneId=1
03-02 10:07:14.367   857   857 D android.hardware.lights-service.mediatek: write 237 to /sys/class/leds/lcd-backlight/brightness, result: 0
03-02 10:07:14.367   857   857 D android.hardware.lights-service.mediatek: write 237 to /sys/class/mi_display/disp-DSI-0/brightness_clone, result: 0
03-02 10:07:14.369  1621  4289 D AS.BtHelper: isBluetoothScoOn() mBluetoothHeadset is null: falsemBluetoothHeadsetDevice is null: true
03-02 10:07:14.369  1621  4289 V AS.AudioDeviceBroker: requestedCommunicationDevice: null mAudioModeOwner: AudioModeInfo: mMode=MODE_NORMAL, mPid=0, mUid=0
03-02 10:07:14.370  1621  1730 D AS.BtHelper: isBluetoothScoOn() mBluetoothHeadset is null: falsemBluetoothHeadsetDevice is null: true
03-02 10:07:14.370  1621  1730 V AS.AudioDeviceBroker: requestedCommunicationDevice: null mAudioModeOwner: AudioModeInfo: mMode=MODE_NORMAL, mPid=0, mUid=0
03-02 10:07:14.383   857   857 D android.hardware.lights-service.mediatek: write 238 to /sys/class/leds/lcd-backlight/brightness, result: 0
03-02 10:07:14.384   857   857 D android.hardware.lights-service.mediatek: write 238 to /sys/class/mi_display/disp-DSI-0/brightness_clone, result: 0
03-02 10:07:14.400   857   857 D android.hardware.lights-service.mediatek: write 239 to /sys/class/leds/lcd-backlight/brightness, result: 0
03-02 10:07:14.401   857   857 D android.hardware.lights-service.mediatek: write 239 to /sys/class/mi_display/disp-DSI-0/brightness_clone, result: 0
03-02 10:07:14.417   857   857 D android.hardware.lights-service.mediatek: write 240 to /sys/class/leds/lcd-backlight/brightness, result: 0
03-02 10:07:14.417   857   857 D android.hardware.lights-service.mediatek: write 240 to /sys/class/mi_display/disp-DSI-0/brightness_clone, result: 0
03-02 10:07:14.433   857   857 D android.hardware.lights-service.mediatek: write 241 to /sys/class/leds/lcd-backlight/brightness, result: 0
03-02 10:07:14.434   857   857 D android.hardware.lights-service.mediatek: write 241 to /sys/class/mi_display/disp-DSI-0/brightness_clone, result: 0
03-02 10:07:14.467   857   857 D android.hardware.lights-service.mediatek: write 242 to /sys/class/leds/lcd-backlight/brightness, result: 0
03-02 10:07:14.467   857   857 D android.hardware.lights-service.mediatek: write 242 to /sys/class/mi_display/disp-DSI-0/brightness_clone, result: 0
03-02 10:07:14.483   857   857 D android.hardware.lights-service.mediatek: write 243 to /sys/class/leds/lcd-backlight/brightness, result: 0
03-02 10:07:14.484   857   857 D android.hardware.lights-service.mediatek: write 243 to /sys/class/mi_display/disp-DSI-0/brightness_clone, result: 0
03-02 10:07:14.500   857   857 D android.hardware.lights-service.mediatek: write 244 to /sys/class/leds/lcd-backlight/brightness, result: 0
03-02 10:07:14.501   857   857 D android.hardware.lights-service.mediatek: write 244 to /sys/class/mi_display/disp-DSI-0/brightness_clone, result: 0
03-02 10:07:14.517   857   857 D android.hardware.lights-service.mediatek: write 245 to /sys/class/leds/lcd-backlight/brightness, result: 0
03-02 10:07:14.517   857   857 D android.hardware.lights-service.mediatek: write 245 to /sys/class/mi_display/disp-DSI-0/brightness_clone, result: 0
03-02 10:07:14.534   857   857 D android.hardware.lights-service.mediatek: write 246 to /sys/class/leds/lcd-backlight/brightness, result: 0
03-02 10:07:14.534   857   857 D android.hardware.lights-service.mediatek: write 246 to /sys/class/mi_display/disp-DSI-0/brightness_clone, result: 0
03-02 10:07:14.547   921   921 I BufferQueueProducer: [StatusBar#109](this:0xb400007bcec4ab68,id:-1,api:0,p:-1,c:921) queueBuffer: fps=0.51 dur=1975.84 max=1975.84 min=1975.84
03-02 10:07:14.549   849   849 I hwcomposer: [HWCDisplay] (0 updateFps():3667), (type:1, mode:2) fps:1.441930,dur:2774.06,max:1976.12,min:23.82  
03-02 10:07:14.564  1621  1856 D InetDiagMessage: Destroyed 0 sockets, proto=IPPROTO_TCP, family=AF_INET, states=14
03-02 10:07:14.566  1621  1856 D InetDiagMessage: Destroyed 0 sockets, proto=IPPROTO_TCP, family=AF_INET6, states=14
03-02 10:07:14.566  1621  1856 D InetDiagMessage: Destroyed live tcp sockets for uids={10204} in 4ms
03-02 10:07:14.567   857   857 D android.hardware.lights-service.mediatek: write 247 to /sys/class/leds/lcd-backlight/brightness, result: 0
03-02 10:07:14.567   857   857 D android.hardware.lights-service.mediatek: write 247 to /sys/class/mi_display/disp-DSI-0/brightness_clone, result: 0
03-02 10:07:14.569  1621  1856 D InetDiagMessage: Destroyed 0 sockets, proto=IPPROTO_TCP, family=AF_INET, states=14
03-02 10:07:14.570  1621  1856 D InetDiagMessage: Destroyed 0 sockets, proto=IPPROTO_TCP, family=AF_INET6, states=14
03-02 10:07:14.571  1621  1856 D InetDiagMessage: Destroyed live tcp sockets for uids={20204} in 4ms
03-02 10:07:14.601   857   857 D android.hardware.lights-service.mediatek: write 249 to /sys/class/leds/lcd-backlight/brightness, result: 0
03-02 10:07:14.601   857   857 D android.hardware.lights-service.mediatek: write 249 to /sys/class/mi_display/disp-DSI-0/brightness_clone, result: 0
03-02 10:07:14.634   857   857 D android.hardware.lights-service.mediatek: write 251 to /sys/class/leds/lcd-backlight/brightness, result: 0
03-02 10:07:14.634   857   857 D android.hardware.lights-service.mediatek: write 251 to /sys/class/mi_display/disp-DSI-0/brightness_clone, result: 0
03-02 10:07:14.668   857   857 D android.hardware.lights-service.mediatek: write 253 to /sys/class/leds/lcd-backlight/brightness, result: 0
03-02 10:07:14.668   857   857 D android.hardware.lights-service.mediatek: write 253 to /sys/class/mi_display/disp-DSI-0/brightness_clone, result: 0
03-02 10:07:14.701   857   857 D android.hardware.lights-service.mediatek: write 254 to /sys/class/leds/lcd-backlight/brightness, result: 0
03-02 10:07:14.701   857   857 D android.hardware.lights-service.mediatek: write 254 to /sys/class/mi_display/disp-DSI-0/brightness_clone, result: 0
03-02 10:07:14.734   857   857 D android.hardware.lights-service.mediatek: write 256 to /sys/class/leds/lcd-backlight/brightness, result: 0
03-02 10:07:14.734   857   857 D android.hardware.lights-service.mediatek: write 256 to /sys/class/mi_display/disp-DSI-0/brightness_clone, result: 0
03-02 10:07:14.758  1621  1842 I MiuiNetworkPolicy: updateUidState uid = 10301, uidState = 19
03-02 10:07:14.762  1621  1842 I MiuiNetworkPolicy: updateUidState uid = 10301, uidState = 11
03-02 10:07:14.767   857   857 D android.hardware.lights-service.mediatek: write 258 to /sys/class/leds/lcd-backlight/brightness, result: 0
03-02 10:07:14.768   857   857 D android.hardware.lights-service.mediatek: write 258 to /sys/class/mi_display/disp-DSI-0/brightness_clone, result: 0
03-02 10:07:14.771  1621  1922 I SmartPower: com.google.android.googlequicksearchbox:googleapp/10165(14013): background->idle(6005ms) R(become background) adj=0.
03-02 10:07:14.785  1621  1922 I SmartPower: com.google.android.adservices.api/10261(5464): background->idle(6002ms) R(remove from whitelist) adj=0.
03-02 10:07:14.786  1621  1922 I SmartPower: com.google.android.webview:sandboxed_process0:org.chromium.content.app.SandboxedPrbackground->idle(6003ms) R(remove from whitelist) adj=0.
03-02 10:07:14.793  1159  1606 D ULogGuard: Monitoring: 18 threads, 0 requests, 0 time-bombs; 1 guards. ResetFlags = 0x7
03-02 10:07:14.818   857   857 D android.hardware.lights-service.mediatek: write 260 to /sys/class/leds/lcd-backlight/brightness, result: 0
03-02 10:07:14.818   857   857 D android.hardware.lights-service.mediatek: write 260 to /sys/class/mi_display/disp-DSI-0/brightness_clone, result: 0
03-02 10:07:14.821  1621  1918 E HyperSentinel: -------------------------------------------------------
03-02 10:07:14.822  1621  1918 E HyperSentinel: Event_ResidentSize
03-02 10:07:14.822  1621  1918 E HyperSentinel: -> audit event by proc 15408 "usap64": RSS increasement, peak 250232kb -> 375356kb
03-02 10:07:14.822  1621  1917 D MiuiSentinelService: begin judgmentRssLeakException
03-02 10:07:14.822  1621  1917 E MiuiSentinelMemoryManager: getRSSinfo: usap64#15408
03-02 10:07:14.822  1621  1917 D MiuiSentinelMemoryManager: cmdline: usap64, pid: 15408, RSSsize:375356
03-02 10:07:14.823  1621  1917 W MiuiSentinelMemoryManager: The current process type does not meet reporting requirements
03-02 10:07:14.834   857   857 D android.hardware.lights-service.mediatek: write 263 to /sys/class/leds/lcd-backlight/brightness, result: 0
03-02 10:07:14.835   857   857 D android.hardware.lights-service.mediatek: write 263 to /sys/class/mi_display/disp-DSI-0/brightness_clone, result: 0
03-02 10:07:14.852   857   857 D android.hardware.lights-service.mediatek: write 264 to /sys/class/leds/lcd-backlight/brightness, result: 0
03-02 10:07:14.852   857   857 D android.hardware.lights-service.mediatek: write 264 to /sys/class/mi_display/disp-DSI-0/brightness_clone, result: 0
03-02 10:07:14.868   857   857 D android.hardware.lights-service.mediatek: write 265 to /sys/class/leds/lcd-backlight/brightness, result: 0
03-02 10:07:14.868   857   857 D android.hardware.lights-service.mediatek: write 265 to /sys/class/mi_display/disp-DSI-0/brightness_clone, result: 0
03-02 10:07:14.884   857   857 D android.hardware.lights-service.mediatek: write 266 to /sys/class/leds/lcd-backlight/brightness, result: 0
03-02 10:07:14.885   857   857 D android.hardware.lights-service.mediatek: write 266 to /sys/class/mi_display/disp-DSI-0/brightness_clone, result: 0
03-02 10:07:14.901   857   857 D android.hardware.lights-service.mediatek: write 267 to /sys/class/leds/lcd-backlight/brightness, result: 0
03-02 10:07:14.902   857   857 D android.hardware.lights-service.mediatek: write 267 to /sys/class/mi_display/disp-DSI-0/brightness_clone, result: 0
03-02 10:07:14.918   857   857 D android.hardware.lights-service.mediatek: write 268 to /sys/class/leds/lcd-backlight/brightness, result: 0
03-02 10:07:14.918   857   857 D android.hardware.lights-service.mediatek: write 268 to /sys/class/mi_display/disp-DSI-0/brightness_clone, result: 0
03-02 10:07:14.935   857   857 D android.hardware.lights-service.mediatek: write 269 to /sys/class/leds/lcd-backlight/brightness, result: 0
03-02 10:07:14.935   857   857 D android.hardware.lights-service.mediatek: write 269 to /sys/class/mi_display/disp-DSI-0/brightness_clone, result: 0
03-02 10:07:14.951   857   857 D android.hardware.lights-service.mediatek: write 270 to /sys/class/leds/lcd-backlight/brightness, result: 0
03-02 10:07:14.952   857   857 D android.hardware.lights-service.mediatek: write 270 to /sys/class/mi_display/disp-DSI-0/brightness_clone, result: 0
03-02 10:07:14.968   857   857 D android.hardware.lights-service.mediatek: write 271 to /sys/class/leds/lcd-backlight/brightness, result: 0
03-02 10:07:14.968   857   857 D android.hardware.lights-service.mediatek: write 271 to /sys/class/mi_display/disp-DSI-0/brightness_clone, result: 0
03-02 10:07:14.985   857   857 D android.hardware.lights-service.mediatek: write 272 to /sys/class/leds/lcd-backlight/brightness, result: 0
03-02 10:07:14.985   857   857 D android.hardware.lights-service.mediatek: write 272 to /sys/class/mi_display/disp-DSI-0/brightness_clone, result: 0
03-02 10:07:15.002   857   857 D android.hardware.lights-service.mediatek: write 273 to /sys/class/leds/lcd-backlight/brightness, result: 0
03-02 10:07:15.002   857   857 D android.hardware.lights-service.mediatek: write 273 to /sys/class/mi_display/disp-DSI-0/brightness_clone, result: 0
03-02 10:07:15.018   857   857 D android.hardware.lights-service.mediatek: write 274 to /sys/class/leds/lcd-backlight/brightness, result: 0
03-02 10:07:15.019   857   857 D android.hardware.lights-service.mediatek: write 274 to /sys/class/mi_display/disp-DSI-0/brightness_clone, result: 0
03-02 10:07:15.035   857   857 D android.hardware.lights-service.mediatek: write 275 to /sys/class/leds/lcd-backlight/brightness, result: 0
03-02 10:07:15.035   857   857 D android.hardware.lights-service.mediatek: write 275 to /sys/class/mi_display/disp-DSI-0/brightness_clone, result: 0
03-02 10:07:15.051   857   857 D android.hardware.lights-service.mediatek: write 276 to /sys/class/leds/lcd-backlight/brightness, result: 0
03-02 10:07:15.052   857   857 D android.hardware.lights-service.mediatek: write 276 to /sys/class/mi_display/disp-DSI-0/brightness_clone, result: 0
03-02 10:07:15.085   857   857 D android.hardware.lights-service.mediatek: write 277 to /sys/class/leds/lcd-backlight/brightness, result: 0
03-02 10:07:15.085   857   857 D android.hardware.lights-service.mediatek: write 277 to /sys/class/mi_display/disp-DSI-0/brightness_clone, result: 0
03-02 10:07:15.102   857   857 D android.hardware.lights-service.mediatek: write 279 to /sys/class/leds/lcd-backlight/brightness, result: 0
03-02 10:07:15.102   857   857 D android.hardware.lights-service.mediatek: write 279 to /sys/class/mi_display/disp-DSI-0/brightness_clone, result: 0
03-02 10:07:15.111  1055  1186 D connsyslogger: SD_LOG_ROOT is /data/debuglogger/connsyslog/fw.
03-02 10:07:15.111  1055  1186 D connsyslogger: systemReady:1
03-02 10:07:15.118   857   857 D android.hardware.lights-service.mediatek: write 280 to /sys/class/leds/lcd-backlight/brightness, result: 0
03-02 10:07:15.119   857   857 D android.hardware.lights-service.mediatek: write 280 to /sys/class/mi_display/disp-DSI-0/brightness_clone, result: 0
03-02 10:07:15.135   857   857 D android.hardware.lights-service.mediatek: write 281 to /sys/class/leds/lcd-backlight/brightness, result: 0
03-02 10:07:15.135   857   857 D android.hardware.lights-service.mediatek: write 281 to /sys/class/mi_display/disp-DSI-0/brightness_clone, result: 0
03-02 10:07:15.152   857   857 D android.hardware.lights-service.mediatek: write 283 to /sys/class/leds/lcd-backlight/brightness, result: 0
03-02 10:07:15.152   857   857 D android.hardware.lights-service.mediatek: write 283 to /sys/class/mi_display/disp-DSI-0/brightness_clone, result: 0
03-02 10:07:15.168   857   857 D android.hardware.lights-service.mediatek: write 284 to /sys/class/leds/lcd-backlight/brightness, result: 0
03-02 10:07:15.169   857   857 D android.hardware.lights-service.mediatek: write 284 to /sys/class/mi_display/disp-DSI-0/brightness_clone, result: 0
03-02 10:07:15.185   857   857 D android.hardware.lights-service.mediatek: write 285 to /sys/class/leds/lcd-backlight/brightness, result: 0
03-02 10:07:15.185   857   857 D android.hardware.lights-service.mediatek: write 285 to /sys/class/mi_display/disp-DSI-0/brightness_clone, result: 0
03-02 10:07:15.202   857   857 D android.hardware.lights-service.mediatek: write 286 to /sys/class/leds/lcd-backlight/brightness, result: 0
03-02 10:07:15.202   857   857 D android.hardware.lights-service.mediatek: write 286 to /sys/class/mi_display/disp-DSI-0/brightness_clone, result: 0
03-02 10:07:15.219   857   857 D android.hardware.lights-service.mediatek: write 287 to /sys/class/leds/lcd-backlight/brightness, result: 0
03-02 10:07:15.219   857   857 D android.hardware.lights-service.mediatek: write 287 to /sys/class/mi_display/disp-DSI-0/brightness_clone, result: 0
03-02 10:07:15.235   857   857 D android.hardware.lights-service.mediatek: write 288 to /sys/class/leds/lcd-backlight/brightness, result: 0
03-02 10:07:15.235   857   857 D android.hardware.lights-service.mediatek: write 288 to /sys/class/mi_display/disp-DSI-0/brightness_clone, result: 0
03-02 10:07:15.252   857   857 D android.hardware.lights-service.mediatek: write 289 to /sys/class/leds/lcd-backlight/brightness, result: 0
03-02 10:07:15.252   857   857 D android.hardware.lights-service.mediatek: write 289 to /sys/class/mi_display/disp-DSI-0/brightness_clone, result: 0
03-02 10:07:15.269   857   857 D android.hardware.lights-service.mediatek: write 290 to /sys/class/leds/lcd-backlight/brightness, result: 0
03-02 10:07:15.269   857   857 D android.hardware.lights-service.mediatek: write 290 to /sys/class/mi_display/disp-DSI-0/brightness_clone, result: 0
03-02 10:07:15.286   857   857 D android.hardware.lights-service.mediatek: write 291 to /sys/class/leds/lcd-backlight/brightness, result: 0
03-02 10:07:15.286   857   857 D android.hardware.lights-service.mediatek: write 291 to /sys/class/mi_display/disp-DSI-0/brightness_clone, result: 0
03-02 10:07:15.302   857   857 D android.hardware.lights-service.mediatek: write 292 to /sys/class/leds/lcd-backlight/brightness, result: 0
03-02 10:07:15.302   857   857 D android.hardware.lights-service.mediatek: write 292 to /sys/class/mi_display/disp-DSI-0/brightness_clone, result: 0
03-02 10:07:15.313  1201  1298 D AALService: [CRTC_114] onALIChanged: 49 -> 43
03-02 10:07:15.319   857   857 D android.hardware.lights-service.mediatek: write 293 to /sys/class/leds/lcd-backlight/brightness, result: 0
03-02 10:07:15.319   857   857 D android.hardware.lights-service.mediatek: write 293 to /sys/class/mi_display/disp-DSI-0/brightness_clone, result: 0
03-02 10:07:15.336   857   857 D android.hardware.lights-service.mediatek: write 294 to /sys/class/leds/lcd-backlight/brightness, result: 0
03-02 10:07:15.336   857   857 D android.hardware.lights-service.mediatek: write 294 to /sys/class/mi_display/disp-DSI-0/brightness_clone, result: 0
03-02 10:07:15.352   857   857 D android.hardware.lights-service.mediatek: write 296 to /sys/class/leds/lcd-backlight/brightness, result: 0
03-02 10:07:15.352   857   857 D android.hardware.lights-service.mediatek: write 296 to /sys/class/mi_display/disp-DSI-0/brightness_clone, result: 0
03-02 10:07:15.369   857   857 D android.hardware.lights-service.mediatek: write 297 to /sys/class/leds/lcd-backlight/brightness, result: 0
03-02 10:07:15.369   857   857 D android.hardware.lights-service.mediatek: write 297 to /sys/class/mi_display/disp-DSI-0/brightness_clone, result: 0
03-02 10:07:15.373  1621  4289 D AS.BtHelper: isBluetoothScoOn() mBluetoothHeadset is null: falsemBluetoothHeadsetDevice is null: true
03-02 10:07:15.373  1621  4289 V AS.AudioDeviceBroker: requestedCommunicationDevice: null mAudioModeOwner: AudioModeInfo: mMode=MODE_NORMAL, mPid=0, mUid=0
03-02 10:07:15.373  1621  4289 D AS.BtHelper: isBluetoothScoOn() mBluetoothHeadset is null: falsemBluetoothHeadsetDevice is null: true
03-02 10:07:15.373  1621  4289 V AS.AudioDeviceBroker: requestedCommunicationDevice: null mAudioModeOwner: AudioModeInfo: mMode=MODE_NORMAL, mPid=0, mUid=0
03-02 10:07:15.385   857   857 D android.hardware.lights-service.mediatek: write 298 to /sys/class/leds/lcd-backlight/brightness, result: 0
03-02 10:07:15.386   857   857 D android.hardware.lights-service.mediatek: write 298 to /sys/class/mi_display/disp-DSI-0/brightness_clone, result: 0
03-02 10:07:15.402   857   857 D android.hardware.lights-service.mediatek: write 299 to /sys/class/leds/lcd-backlight/brightness, result: 0
03-02 10:07:15.403   857   857 D android.hardware.lights-service.mediatek: write 299 to /sys/class/mi_display/disp-DSI-0/brightness_clone, result: 0
03-02 10:07:15.419   857   857 D android.hardware.lights-service.mediatek: write 300 to /sys/class/leds/lcd-backlight/brightness, result: 0
03-02 10:07:15.419   857   857 D android.hardware.lights-service.mediatek: write 300 to /sys/class/mi_display/disp-DSI-0/brightness_clone, result: 0
03-02 10:07:15.419 15408 19830 I WebViewFactory: Loading com.google.android.webview version 145.0.7632.79 (code 763207903)
03-02 10:07:15.427 15408 19830 D ApplicationLoaders: Returning zygote-cached class loader: /system/framework/android.test.base.jar
03-02 10:07:15.428 15408 19830 D ApplicationLoaders: Returning zygote-cached class loader: /system_ext/framework/androidx.window.extensions.jar
03-02 10:07:15.434 15408 19830 W softnation.Ojam: Loading /data/app/~~6WQvy1g3uHyDFuZpDlez4A==/com.google.android.webview-LhKVE1I3zKkU3w5MlwC1TA==/oat/arm64/base.odex non-executable as it requires an image which we failed to load
03-02 10:07:15.435   857   857 D android.hardware.lights-service.mediatek: write 301 to /sys/class/leds/lcd-backlight/brightness, result: 0
03-02 10:07:15.436   857   857 D android.hardware.lights-service.mediatek: write 301 to /sys/class/mi_display/disp-DSI-0/brightness_clone, result: 0
03-02 10:07:15.440 15408 19830 D nativeloader: Configuring clns-8 for other apk /data/app/~~6WQvy1g3uHyDFuZpDlez4A==/com.google.android.webview-LhKVE1I3zKkU3w5MlwC1TA==/base.apk. target_sdk_version=36, uses_libraries=, library_path=/data/app/~~6WQvy1g3uHyDFuZpDlez4A==/com.google.android.webview-LhKVE1I3zKkU3w5MlwC1TA==/lib/arm64:/data/app/~~6WQvy1g3uHyDFuZpDlez4A==/com.google.android.webview-LhKVE1I3zKkU3w5MlwC1TA==/base.apk!/lib/arm64-v8a, permitted_path=/data:/mnt/expand
03-02 10:07:15.452   857   857 D android.hardware.lights-service.mediatek: write 302 to /sys/class/leds/lcd-backlight/brightness, result: 0
03-02 10:07:15.452   857   857 D android.hardware.lights-service.mediatek: write 302 to /sys/class/mi_display/disp-DSI-0/brightness_clone, result: 0
03-02 10:07:15.469   857   857 D android.hardware.lights-service.mediatek: write 303 to /sys/class/leds/lcd-backlight/brightness, result: 0
03-02 10:07:15.469   857   857 D android.hardware.lights-service.mediatek: write 303 to /sys/class/mi_display/disp-DSI-0/brightness_clone, result: 0
03-02 10:07:15.485   857   857 D android.hardware.lights-service.mediatek: write 305 to /sys/class/leds/lcd-backlight/brightness, result: 0
03-02 10:07:15.486   857   857 D android.hardware.lights-service.mediatek: write 305 to /sys/class/mi_display/disp-DSI-0/brightness_clone, result: 0
03-02 10:07:15.502   857   857 D android.hardware.lights-service.mediatek: write 306 to /sys/class/leds/lcd-backlight/brightness, result: 0
03-02 10:07:15.502   857   857 D android.hardware.lights-service.mediatek: write 306 to /sys/class/mi_display/disp-DSI-0/brightness_clone, result: 0
03-02 10:07:15.519   857   857 D android.hardware.lights-service.mediatek: write 307 to /sys/class/leds/lcd-backlight/brightness, result: 0
03-02 10:07:15.519   857   857 D android.hardware.lights-service.mediatek: write 307 to /sys/class/mi_display/disp-DSI-0/brightness_clone, result: 0
03-02 10:07:15.531 15408 19830 I cr_WVCFactoryProvider: version=145.0.7632.79 (763207903) minSdkVersion=29 multiprocess=true packageId=127 splits=<none>
03-02 10:07:15.534   861   947 I libPerfCtl: xgfGetFPS pid:2363 fps:-1
03-02 10:07:15.536   857   857 D android.hardware.lights-service.mediatek: write 308 to /sys/class/leds/lcd-backlight/brightness, result: 0
03-02 10:07:15.536   857   857 D android.hardware.lights-service.mediatek: write 308 to /sys/class/mi_display/disp-DSI-0/brightness_clone, result: 0
03-02 10:07:15.542 15408 19830 D nativeloader: Load /data/app/~~6WQvy1g3uHyDFuZpDlez4A==/com.google.android.webview-LhKVE1I3zKkU3w5MlwC1TA==/base.apk!/lib/arm64-v8a/libwebviewchromium.so using class loader ns clns-8 (caller=/data/app/~~6WQvy1g3uHyDFuZpDlez4A==/com.google.android.webview-LhKVE1I3zKkU3w5MlwC1TA==/base.apk): ok
03-02 10:07:15.552   857   857 D android.hardware.lights-service.mediatek: write 309 to /sys/class/leds/lcd-backlight/brightness, result: 0
03-02 10:07:15.553   857   857 D android.hardware.lights-service.mediatek: write 309 to /sys/class/mi_display/disp-DSI-0/brightness_clone, result: 0
03-02 10:07:15.553 15408 19830 D nativeloader: Load /system/lib64/libwebviewchromium_plat_support.so using class loader ns clns-8 (caller=/data/app/~~6WQvy1g3uHyDFuZpDlez4A==/com.google.android.webview-LhKVE1I3zKkU3w5MlwC1TA==/base.apk): ok
03-02 10:07:15.563   921   921 I BufferQueueProducer: [StatusBar#109](this:0xb400007bcec4ab68,id:-1,api:0,p:-1,c:921) queueBuffer: fps=0.98 dur=1015.86 max=1015.86 min=1015.86
03-02 10:07:15.565   849   849 I hwcomposer: [HWCDisplay] (0 updateFps():3667), (type:1, mode:2) fps:0.984644,dur:1015.60,max:1015.60,min:1015.60  
03-02 10:07:15.569   857   857 D android.hardware.lights-service.mediatek: write 310 to /sys/class/leds/lcd-backlight/brightness, result: 0
03-02 10:07:15.569   857   857 D android.hardware.lights-service.mediatek: write 310 to /sys/class/mi_display/disp-DSI-0/brightness_clone, result: 0
03-02 10:07:15.571 15408 19864 I chromium: [0302/100715.566667:INFO:android_webview/browser/variations/variations_seed_loader.cc:67] Failed to open file for reading.: No such file or directory (2)
03-02 10:07:15.586   857   857 D android.hardware.lights-service.mediatek: write 311 to /sys/class/leds/lcd-backlight/brightness, result: 0
03-02 10:07:15.586   857   857 D android.hardware.lights-service.mediatek: write 311 to /sys/class/mi_display/disp-DSI-0/brightness_clone, result: 0
03-02 10:07:15.592 15408 19867 D ProfileInstaller: Installing profile for com.softnation.Ojam
03-02 10:07:15.594 15408 19829 D nativeloader: Load /data/app/~~Bh61wenJZi6JNVEuOkVQfQ==/com.softnation.Ojam-nnCVAdHxKfOmup5FCuBDYQ==/base.apk!/lib/arm64-v8a/libexpo-modules-core.so using class loader ns clns-7 (caller=/data/app/~~Bh61wenJZi6JNVEuOkVQfQ==/com.softnation.Ojam-nnCVAdHxKfOmup5FCuBDYQ==/base.apk!classes20.dex): ok
03-02 10:07:15.602   857   857 D android.hardware.lights-service.mediatek: write 313 to /sys/class/leds/lcd-backlight/brightness, result: 0
03-02 10:07:15.603   857   857 D android.hardware.lights-service.mediatek: write 313 to /sys/class/mi_display/disp-DSI-0/brightness_clone, result: 0
03-02 10:07:15.604 15408 19830 I cr_LibraryLoader: Successfully loaded native library
03-02 10:07:15.609 15408 19830 I cr_CachingUmaRecorder: Flushed 18 samples from 18 histograms, 0 samples were dropped.
03-02 10:07:15.619   857   857 D android.hardware.lights-service.mediatek: write 314 to /sys/class/leds/lcd-backlight/brightness, result: 0
