03-02 10:18:54.974  1621  1621 D UiModeManager: updateConfigurationLocked: mDockState=0; mCarMode=false; mCar=false; mPowerSave=false; mOverrideNightModeOn=false; mOverrideNightModeOff=false; mComputedNightMode=true; mNightModeValue=2; uiMode=42
03-02 10:18:54.975  6027  6027 I PowerSaveService: onReceive: android.intent.action.BATTERY_CHANGED
03-02 10:18:54.976  6515  8177 D PowerCheckerService: onBatteryChanged, mBatteryLevel = 43, status = 2, level = 43, plug = 2, scale = 100
03-02 10:18:54.976  6515  6997 I ProcAudioPowerManager: onBatteryChanged, onBattery is false
03-02 10:18:54.976  6515  6997 D PowerKeeper.FrozenApp: onBatteryChanged plug=true mBatteryPlugged=2
03-02 10:18:54.976  6027  6027 I PowerNoticeUI: handleBatteryChanged oldPlugType 2 mPlugType 2 oldBatteryLevel 43 mBatteryLevel 43 temperature 420
03-02 10:18:54.976  6515  8142 D PowerKeeper.Thermal: mBatteryTemperature: 42
03-02 10:18:54.976  6027  6027 I ChargerBatteryIntelligenceReceiver: onBatteryChanged temperature∩╝Ü42,plugType:2
03-02 10:18:54.977  6027  6027 D BaseChargeProtect_HighTemp: mCountByMinute:0,isScreenOn:true
03-02 10:18:54.978  6027  6027 I android_os_HwBinder: HwBinder: Starting thread pool for getting: vendor.xiaomi.hardware.micharge@1.0::IMiCharge/default
03-02 10:18:54.981   872   908 I vendor.xiaomi.hardware.micharge@1.0-service: ReadFilePathValue path = /sys/class/power_supply/usb/real_type value = USB
03-02 10:18:54.981  6027  6027 I IMiChargeUtils: getIMiChargeStringValue method:getBatteryChargeType,value:USB
03-02 10:18:54.981  6027  6027 I IMiChargeUtils: getBatteryChargeType : USB
03-02 10:18:54.981  6027  6027 I ChargeTimeUtilsV2: chargeType:USB
03-02 10:18:54.981  6027  6027 I PowerFeatureUtils: getVendorName:mediatek
03-02 10:18:54.982  6027  6027 I PowerFeatureUtils: getVendorName:mediatek
03-02 10:18:55.019  1621  2665 W XSpaceManagerServiceImpl: checkXSpaceControl, from:com.android.shell, to:com.softnation.Ojam, with act:null, callingUserId:0, toUserId:0
03-02 10:18:55.020  1621  2665 W ActivityTaskManager: callingPackage for (uid=2000, pid=25700) has no WPC
03-02 10:18:55.023  1621  2665 D PreStartingManager: Not init when use PreStartingManager!
03-02 10:18:55.023  1621  2665 W OptProp : Cannot read opt property android.window.PROPERTY_COMPAT_ALLOW_ORIENTATION_OVERRIDE
03-02 10:18:55.024  1621  2665 V GrammaticalInflectionUtils: AttributionSource: android.content.AttributionSource@19923ceb does not have READ_SYSTEM_GRAMMATICAL_GENDER permission.
03-02 10:18:55.025  1621  2665 W OptProp : Cannot read opt property android.window.PROPERTY_COMPAT_ALLOW_RESIZEABLE_ACTIVITY_OVERRIDES
03-02 10:18:55.026  1621  2665 W OptProp : Cannot read opt property android.window.PROPERTY_COMPAT_ALLOW_MIN_ASPECT_RATIO_OVERRIDE
03-02 10:18:55.027  1621  2665 I ActivityTaskManager: isKeyguardEditor: false, newTransition: TransitionRecord{76aff2 id=10140 type=OPEN flags=0x0}
03-02 10:18:55.027  1621  2665 D WindowManager: Collecting in transition 10140: ActivityRecord{350d643 u0 com.softnation.Ojam/.MainActivity init visibleRequested:false
03-02 10:18:55.028  1621  2665 D MiuiFreeformServiceImpl: addLaunchFreeformActivityOptionIfNeed skip due to not find sourceTask: null sourceFfas: null sourceFreeFormActivity: null
03-02 10:18:55.028  1621  2665 I PowerHalWrapper: PowerHalWrapper.getInstance 
03-02 10:18:55.028  1621  2665 D PerfMTKStubImpl: initBoostParamByDevice
03-02 10:18:55.029  2363  2477 D OneHandedController: stopOneHanded state is 0
03-02 10:18:55.030   921  2359 I BufferQueueDebug: [Task=37023#133120](this:0xb400007bcec72948,id:-1,api:0,p:-1,c:-1) BufferQueue core=(921:/system/bin/surfaceflinger)
03-02 10:18:55.031  1621  2665 D WindowManager: setLockTaskAuth: task=Task{d4e45f9 #37023 type=standard A=10337:com.softnation.Ojam} mLockTaskAuth=LOCK_TASK_AUTH_PINNABLE
03-02 10:18:55.031  1621  2665 D WindowManager: Collecting in transition 10140: Task{d4e45f9 #37023 type=standard A=10337:com.softnation.Ojam} init visibleRequested:false
03-02 10:18:55.032   921  1500 I BufferQueueDebug: [ActivityRecord{350d643 u0 com.softnation.Ojam/.MainActivity t37023}#133121](this:0xb400007bcecbf778,id:-1,api:0,p:-1,c:-1) BufferQueue core=(921:/system/bin/surfaceflinger)
03-02 10:18:55.033  1621  2665 D WindowManager: setLockTaskAuth: task=Task{d4e45f9 #37023 type=standard A=10337:com.softnation.Ojam} mLockTaskAuth=LOCK_TASK_AUTH_PINNABLE
03-02 10:18:55.034  1621  2665 D MiuiFreeFormManagerService: onStartActivityInner as = Task{d4e45f9 #37023 type=standard A=10337:com.softnation.Ojam} op = null
03-02 10:18:55.034  1621  2665 D ActivityTaskManager: Task#startActivityLocked isOrhasTask=true newTask=true
03-02 10:18:55.034   863   909 I mtkpower@impl: [setMode] type:5, enabled:1
03-02 10:18:55.036   863   958 I libPowerHal: [perfLockAcq] idx:2 hdl:362828 hint:77 pid:863 tid:863 duration:30000 lock_user:vendor.mediatek => ret_hdl:362828
03-02 10:18:55.036   863   958 I ThermalBreakConfigReader: [getTargetfreqinfo] [getTargetfreqinfo] hint get target result freq:boost:1 cpu0:1800000 cpu6:2000000 cpumask:ff
03-02 10:18:55.036   863   958 I ExtendedPerfBoost: [thermalbreak_verification] needbreak curr breakmode 1, scence id 0, set: boost:1 cpu0:1800000 cpu6:2000000 cpumask:ff
03-02 10:18:55.036   863   958 I ExtendedPerfBoost: [triggerList_add] [triggerList_add] come into triggerList_add
03-02 10:18:55.036   863   958 I ExtendedPerfBoost: [triggerList_add] get item from freelist 0x6fcc5ba018
03-02 10:18:55.036   863   958 I ExtendedPerfBoost: [triggerList_add] init new item prio:2, duration:3000, param:boost:1 cpu0:1800000 cpu6:2000000 cpumask:ff
03-02 10:18:55.036   863   958 I ExtendedPerfBoost: [triggerList_add] add item prio in empty list
03-02 10:18:55.036   863   958 I ExtendedPerfBoost: [trig_thermalbreak] trigger one node
03-02 10:18:55.036   863   958 I ExtendedUtils: [timer_sampling_set] come in timer_sampling_set, duration :3000
03-02 10:18:55.036   863   958 I ExtendedUtils: [settimer] come in settimer, time_now :608328585, time_end: 608331585
03-02 10:18:55.036  1621  2665 I WindowManager: Try to add startingWindow type = STARTING_WINDOW_TYPE_SPLASH_SCREEN this = ActivityRecord{350d643 u0 com.softnation.Ojam/.MainActivity t37023} preAllowTaskSnapshot = true afterAllowTaskSnapshot = true newTask = true taskSwitch = true processRunning = false activityCreated = false activityAllDrawn = false isSnapshotCompatible = false resolvedTheme = 2131952195 theme = 2131952195
03-02 10:18:55.036   863   958 I ExtendedPerfBoost: [setThermalBreak] [setThermalBreak] : boost:1 cpu0:1800000 cpu6:2000000 cpumask:ff
03-02 10:18:55.036   863   958 I libPowerHal: [perfLockAcq] Done for hdl : 362828
03-02 10:18:55.037  1621  2665 D PreStartingManager: Not init when use PreStartingManager!
03-02 10:18:55.038  1621  2665 I PowerHalWrapper: amsBoostNotify pid:1999,activity:com.miui.home.launcher.Launcher, package:com.miui.home, mProcessCreatePackcom.softnation.Ojam 
03-02 10:18:55.038  1621  2665 I PowerHalWrapper: state: 0 
03-02 10:18:55.039  1621  2665 I mtkpower_client: [PowerHal_Wrap_notifyAppState] com.miui.home/com.miui.home.launcher.Launcher pid=1999 activityId:159909721 state:0
03-02 10:18:55.039   861   861 I vendor.mediatek.hardware.mtkpower_applist-service.mediatek: packName: com.miui.home actName: com.miui.home.launcher.Launcher pid: 1999 activityId: 159909721 uid: 10166 state: 0
03-02 10:18:55.039   861   861 I MTK_APPList: [notifyAPPstate] com.miui.home/com.miui.home.launcher.Launcher, pid=1999, activityId=159909721, uid=10166, state:PAUSED, fps:-1, win:1
03-02 10:18:55.039   861   861 I MTK_APPList: [notifyAPPstate] multi_resumed_app_count: 1
03-02 10:18:55.039   861   861 I MTK_APPList: [notifyAPPstate] multi_resumed_app_info[0] com.android.systemui/com.android.systemui._190038181, pid:2363, activityId:-1, fps:-1, isMultiWindow:0
03-02 10:18:55.039   861   861 I MTK_APPList: [getForegroundAPPCount] 1
03-02 10:18:55.040   861   861 I MTK_APPList: [notifyNetdUID] 10166
03-02 10:18:55.040  1621  2665 I PowerHalWrapper: amsBoostNotify AMS_BOOST_PROCESS_CREATE_BOOST:false 
03-02 10:18:55.041   861   861 I MTK_APPList: [notifyPID] 1999
03-02 10:18:55.041  1621  2665 I ActivityTaskManager: Add Task{35b385a #37022 type=standard A=10337:com.softnation.Ojam} to hidden list because adding Task{d4e45f9 #37023 type=standard A=10337:com.softnation.Ojam}
03-02 10:18:55.041   863   958 I libPowerHal: [perfSetSysInfo] pid type:24, 1999
03-02 10:18:55.041  1621  2665 D WindowManager: Collecting in transition 10140: ActivityRecord{350d643 u0 com.softnation.Ojam/.MainActivity t37023} init visibleRequested:false
03-02 10:18:55.042  1621  2665 I ActivityTaskManager: START u0 {flg=0x10000000 cmp=com.softnation.Ojam/.MainActivity} with LAUNCH_SINGLE_TASK from uid 2000 from pid 25700 callingPackage com.android.shell (BAL_ALLOW_PERMISSION) result code=0
03-02 10:18:55.043  1621  1651 I ActivityTaskManager: visible for Task{27e6aff #2 type=home I=com.miui.home/.launcher.Launcher} visible = true isAnimating = false TRANSITION = false PARENTS = false CHILDREN = false
03-02 10:18:55.044  1999  2759 D TaskStackChangeListeners: onTaskDescriptionChanged =  taskId = 37023
03-02 10:18:55.044  2363  2477 I SoScStageCoordinator: Transition requested:TransitionRequestInfo { type = OPEN, triggerTask = TaskInfo{userId=0 taskId=37023 displayId=0 isRunning=true baseIntent=Intent { flg=0x10000000 cmp=com.softnation.Ojam/.MainActivity } baseActivity=ComponentInfo{com.softnation.Ojam/com.softnation.Ojam.MainActivity} topActivity=ComponentInfo{com.softnation.Ojam/com.softnation.Ojam.MainActivity} origActivity=null realActivity=ComponentInfo{com.softnation.Ojam/com.softnation.Ojam.MainActivity} numActivities=1 lastActiveTime=1026094461 supportsSplitScreenMultiWindow=true supportsMultiWindow=true resizeMode=1 isResizeable=true minWidth=-1 minHeight=-1 defaultMinSize=200 token=WCT{android.window.IWindowContainerToken$Stub$Proxy@5d1d7dc} topActivityType=1 pictureInPictureParams=null shouldDockBigOverlays=false launchIntoPipHostTaskId=-1 lastParentTaskIdBeforePip=-1 displayCutoutSafeInsets=Rect(0, 104 - 0, 0) topActivityInfo=ActivityInfo{a4620e5 com.softnation.Ojam.MainActivity} launchCookies=[] positionInParent=Point(0, 0) parentTaskId=-1 isFocused=false isVisible=false isVisibleRequested=false isSleeping=false locusId=null displayAreaFeatureId=1 isTopActivityTransparent=false appCompatTaskInfo=AppCompatTaskInfo { topActivityInSizeCompat=false topActivityEligibleForLetterboxEducation= falseisLetterboxEducationEnabled= false isLetterboxDoubleTapEnabled= false topActivityEligibleForUserAspectRatioButton= false topActivityBoundsLetterboxed= false isFromLetterboxDoubleTap= false topActivityLetterboxVerticalPosition= -1 topActivityLetterboxHorizontalPosition= -1 topActivityLetterboxWidth=1080 topActivityLetterboxHeight=2460 isUserFullscreenOverrideEnabled=false isSystemFullscreenOverrideEnabled=false cameraCompatTaskInfo=CameraCompatTaskInfo { cameraCompatControlState=hidden freeformCameraCompatMode=inactive}} isImmersive=false mTopActivityRequestOrientation=-2 mBehindAppLockPkg=null mOriginatingUid=0 isEmbedded=false shouldBeVisible=true mIsCastMode=false mTopActivityMediaSize=null mTopActivityRecordName=ActivityRecord{350d643 u0 com.softnation.Ojam/.MainActivity t37023} mTopActivityOrientation=-2}, pipTask = null, remoteTransition = null, displayChange = null, flags = 0, debugId = 10140 } isSoScActive:false triggerTask:TaskInfo{userId=0 taskId=37023 displayId=0 isRunning=true baseIntent=Intent { flg=0x10000000 cmp=com.softnation.Ojam/.MainActivity } baseActivity=ComponentInfo{com.softnation.Ojam/com.softnation.Ojam.MainActivity} topActivity=ComponentInfo{com.softnation.Ojam/com.softnation.Ojam.MainActivity} origActivity=null realActivity=ComponentInfo{com.softnation.Ojam/com.softnation.Ojam.MainActivity} numActivities=1 lastActiveTime=1026094461 supportsSplitScreenMultiWindow=true supportsMultiWindow=true resizeMode=1 isResizeable=true minWidth=-1 minHeight=-1 defaultMinSize=200 token=WCT{android.window.IWindowContainerToken$Stub$Proxy@5d1d7dc} topActivityType=1 pictureInPictureParams=null shouldDockBigOverlays=false launchIntoPipHostTaskId=-1 lastParentTaskIdBeforePip=-1 displayCutoutSafeInsets=Rect(0, 104 - 0, 0) topActivityInfo=ActivityInfo{a4620e5 com.softnation.Ojam.MainActivity} launchCookies=[] positionInParent=Point(0, 0) parentTaskId=-1 isFocused=false isVisible=false isVisibleRequested=false isSleeping=false locusId=null displayAreaFeatureId=1 isTopActivityTransparent=false appCompatTaskInfo=AppCompatTaskInfo { topActivityInSizeCompat=false topActivityEligibleForLetterboxEducation= falseisLetterboxEducationEnabled= false isLetterboxDoubleTapEnabled= false topActivityEligibleForUserAspectRatioButton= false topActivityBoundsLetterboxed= false isFromLetterboxDoubleTap= false topActivityLetterboxVerticalPosition= -1 topActivityLetterboxHorizontalPosition= -1 topActivityLetterboxWidth=1080 topActivityLetterboxHeight=2460 isUserFullscreenOverrideEnabled=false isSystemFullscreenOverrideEnabled=false cameraCompatTaskInfo=CameraCompatTaskInfo { cameraCompatControlState=hidden freeformCameraCompatMode=inactive}} isImmersive=false mTopActivityRequestOrientation=-2 mBehindAppLockPkg=null mOriginatingUid=0 isEmbed
03-02 10:18:55.045  2363  2477 I SoScUtils: monitorTransitionRequest mRequestOpenTransition:null mRequestOpenTriggerTask:-1 mRequestCloseTransition:null mRequestCloseTriggerTask:-1 mRequestCloseStageType:-1
03-02 10:18:55.045  2363  2363 I FocusedNotifPromptContr: onTopActivityMayChanged: isSupportPip false, isFocus false
03-02 10:18:55.045  2363  2363 I FocusedNotifPromptContr: onTopActivityMayChanged: topActivity=com.softnation.Ojam
03-02 10:18:55.045  2363  2363 I PromptViewAnimState: topActivityMayChanged: topActivity=com.miui.home --> com.softnation.Ojam
03-02 10:18:55.045  1999  1999 D Launcher.Lifecycle: onPause:UserHandle{0},c143874,true
03-02 10:18:55.045  2363  2363 D KeyguardEditorHelper: onTopActivityMayChanged, topActivity=ComponentInfo{com.softnation.Ojam/com.softnation.Ojam.MainActivity}; mState=IDEL
03-02 10:18:55.045  1999  1999 D Launcher_UnlockAnimationStateMachine: onPause = IDLE
03-02 10:18:55.045  1999  1999 D Launcher_UnlockAnimationStateMachine: setState:PAUSE_WAIT
03-02 10:18:55.045   921  1500 D SurfaceFlinger: [SF client] NEW(0xb400007caea43e70) for (2363:com.android.systemui)
03-02 10:18:55.045  1621  2188 D WindowManager: Set transition=TransitionRecord{76aff2 id=10140 type=OPEN flags=0x0}, ready=false, SyncId=10140 used=true, override=false, defer=0, states=Display{#0 state=ON size=1080x2460 ROTATION_0}:false
03-02 10:18:55.046  2363  2477 D OneHandedController: stopOneHanded state is 0
03-02 10:18:55.046  2363  2477 D OneHandedController: stopOneHanded state is 0
03-02 10:18:55.047  1621  1650 V GrammaticalInflectionUtils: AttributionSource: android.content.AttributionSource@19923ceb does not have READ_SYSTEM_GRAMMATICAL_GENDER permission.
03-02 10:18:55.045  1999  2512 D SessionLifecycleClient: Sending lifecycle 2 to service
03-02 10:18:55.047  1999  1999 D LauncherAssistantCompatGoogle: onPause com.google.android.libraries.gsa.launcherclient.LauncherClient@b8351e8
03-02 10:18:55.048  1999  4922 D SessionLifecycleService: Activity backgrounding at 608328596
03-02 10:18:55.048  1999  1999 D ServiceDeliveryReplaceHelper: onPause: widget to serviceDeliver isReplace false
03-02 10:18:55.048  1621  1650 I PowerHalWrapper: amsBoostProcessCreate package:com.softnation.Ojam 
03-02 10:18:55.048  2363  2577 D MiuiCameraCoveredManager: java.lang.NullPointerException: Attempt to invoke virtual method 'java.lang.String android.provider.MiuiSettings$SettingsCloudData$CloudData.getString(java.lang.String, java.lang.String)' on a null object reference
03-02 10:18:55.049   863   958 I libPowerHal: [perfLockAcq] idx:4 hdl:362829 hint:21 pid:863 tid:863 duration:10000 lock_user:vendor.mediatek => ret_hdl:362829
03-02 10:18:55.050   863   958 I libPowerHal: [PE] MTKPOWER_HINT_PROCESS_CREATE update cmd:2024000, param:100, pr:3
03-02 10:18:55.050   863   958 I libPowerHal: [set_kswapd_affinity] set affinity = 16129
03-02 10:18:55.050   863   958 I libPowerHal: [PE] MTKPOWER_HINT_PROCESS_CREATE update ONESHOT(set) cmd:10000700 param:16129 pr:3
03-02 10:18:55.050   863   958 I libPowerHal: [perfLockAcq] Done for hdl : 362829
03-02 10:18:55.050  2363  2648 W libc    : Access denied finding property "ro.vendor.display.iris_x7.support"
03-02 10:18:55.050  1621  5054 I AppsFilter: interaction: PackageSetting{131896e com.android.microdroid.empty_payload/10255} -> PackageSetting{1717bd8 com.softnation.Ojam/10337} BLOCKED
03-02 10:18:55.052  2363  2577 D VRI[Ojam]: hardware acceleration = true, forceHwAccelerated = false
03-02 10:18:55.052  1621  5054 D WindowManager: Collecting in transition 10140: ActivityRecord{350d643 u0 com.softnation.Ojam/.MainActivity t37023} init visibleRequested:false
03-02 10:18:55.052  1621  5054 D WindowManager: Collecting in transition 10140: ActivityRecord{9880759 u0 com.miui.home/.launcher.Launcher t2} init visibleRequested:true
03-02 10:18:55.052  1621  5054 D WindowManager: Collecting in transition 10140: Window{7986e4c u0 com.miui.miwallpaper.wallpaperservice.MiuiKeyguardPictorialWallpaper} init visibleRequested:true
03-02 10:18:55.052  1621  5054 D WindowManager: Collecting in transition 10140: Window{92602d4 u0 com.miui.miwallpaper.wallpaperservice.ImageWallpaper} init visibleRequested:true
03-02 10:18:55.053  1999  2684 D RecentsModel: onTaskStackChangedBackground    MSG_TASK_STACK_CHANGE
03-02 10:18:55.053  1999  2684 D RecentsModel: boostTaskStackChangedThread once, tid=2684, recentResourceLoaderTid=2525
03-02 10:18:55.054  1999  2684 W MiBridge: Permission not granted !!
03-02 10:18:55.054  1999  2684 D Launcher.Boost: setDynamicVIPTaskIfNeeded::tid = 2684 duration = 500
03-02 10:18:55.054  1999  2756 D EventBus: No subscribers registered for event class com.miui.home.recents.messages.RecentTasksChangedEvent
03-02 10:18:55.054  1999  2756 D EventBus: No subscribers registered for event class org.greenrobot.eventbus.NoSubscriberEvent
03-02 10:18:55.054  1621  5054 D MiuiRefreshRatePolicy: reset
03-02 10:18:55.054  1999  2756 D EventBus: No subscribers registered for event class com.miui.home.recents.messages.RecentTasksChangedEvent
03-02 10:18:55.054  1999  2756 D EventBus: No subscribers registered for event class org.greenrobot.eventbus.NoSubscriberEvent
03-02 10:18:55.056  1621  1651 I ActivityTaskManager: visible for Task{27e6aff #2 type=home I=com.miui.home/.launcher.Launcher} visible = true isAnimating = false TRANSITION = false PARENTS = false CHILDREN = false
03-02 10:18:55.059   921  2359 I BufferQueueDebug: [bab5797 Splash Screen com.softnation.Ojam#133122](this:0xb400007bcecdbf18,id:-1,api:0,p:-1,c:-1) BufferQueue core=(921:/system/bin/surfaceflinger)
03-02 10:18:55.060  1621  5247 D PreStartingManager: Not init when use PreStartingManager!
03-02 10:18:55.060  1621  5247 I WindowManager: Add startingWindow, surfaceControl = Surface(name=bab5797 Splash Screen com.softnation.Ojam#133122)/@0xcc3d633 layerId = 133122
03-02 10:18:55.061  1621  1667 I ActivityManager: Start proc 19814:com.softnation.Ojam/u0a337 for next-top-activity {com.softnation.Ojam/com.softnation.Ojam.MainActivity} caller=com.android.shell
03-02 10:18:55.063  2363  2577 D InputEventReceiver: Input log is disabled in InputEventReceiver.
03-02 10:18:55.063  1621  2188 I ATMSImpl: cacheTasksForDefaultDisplay size=4
03-02 10:18:55.065  1621  1651 D WindowManager: wms.Focus not requested for window=Window{d85ca12 u0 com.miui.home/com.miui.home.launcher.Launcher} because it has no surface or is not focusable.
03-02 10:18:55.065  1999  2684 D RecentsModel: getRunningTask ignoreActivityType : 2 ,ignoreWindowMode:5
03-02 10:18:55.065  1621  2188 D CoreBackPreview: Window{bab5797 u0 Splash Screen com.softnation.Ojam}: Setting back callback OnBackInvokedCallbackInfo{mCallback=android.window.IOnBackInvokedCallback$Stub$Proxy@6821afa, mPriority=0, mIsAnimationCallback=false}
03-02 10:18:55.066  1999  2684 W RecentsModel: getRunningTask   taskInfo=TaskInfo{userId=0 taskId=37023 displayId=0 isRunning=true baseIntent=Intent { flg=0x10000000 cmp=com.softnation.Ojam/.MainActivity } baseActivity=ComponentInfo{com.softnation.Ojam/com.softnation.Ojam.MainActivity} topActivity=ComponentInfo{com.softnation.Ojam/com.softnation.Ojam.MainActivity} origActivity=null realActivity=ComponentInfo{com.softnation.Ojam/com.softnation.Ojam.MainActivity} numActivities=1 lastActiveTime=1026094485 supportsSplitScreenMultiWindow=true supportsMultiWindow=true resizeMode=1 isResizeable=true minWidth=-1 minHeight=-1 defaultMinSize=200 token=WCT{android.window.IWindowContainerToken$Stub$Proxy@594083c} topActivityType=1 pictureInPictureParams=null shouldDockBigOverlays=false launchIntoPipHostTaskId=-1 lastParentTaskIdBeforePip=-1 displayCutoutSafeInsets=null topActivityInfo=ActivityInfo{4f1f9c5 com.softnation.Ojam.MainActivity} launchCookies=[] positionInParent=Point(0, 0) parentTaskId=-1 isFocused=false isVisible=false isVisibleRequested=true isSleeping=false locusId=null displayAreaFeatureId=1 isTopActivityTransparent=false appCompatTaskInfo=AppCompatTaskInfo { topActivityInSizeCompat=false topActivityEligibleForLetterboxEducation= falseisLetterboxEducationEnabled= false isLetterboxDoubleTapEnabled= false topActivityEligibleForUserAspectRatioButton= false topActivityBoundsLetterboxed= false isFromLetterboxDoubleTap= false topActivityLetterboxVerticalPosition= -1 topActivityLetterboxHorizontalPosition= -1 topActivityLetterboxWidth=1080 topActivityLetterboxHeight=2460 isUserFullscreenOverrideEnabled=false isSystemFullscreenOverrideEnabled=false cameraCompatTaskInfo=CameraCompatTaskInfo { cameraCompatControlState=hidden freeformCameraCompatMode=inactive}} isImmersive=false mTopActivityRequestOrientation=1 mBehindAppLockPkg=null mOriginatingUid=0 isEmbedded=false shouldBeVisible=true mIsCastMode=false mTopActivityMediaSize=null mTopActivityRecordName=ActivityRecord{350d643 u0 com.softnation.Ojam/.MainActivity t37023} mTopActivityOrientation=1}
03-02 10:18:55.066  1999  2684 D RecentsModel: preloadRecents runningTaskId:37023, mCurrentRunningTaskId:-1, mRecentsTaskLoadPlan=com.android.systemui.shared.recents.model.RecentsTaskLoadPlan@87f8f1a
03-02 10:18:55.066   921  2359 I BufferQueueDebug: [Splash Screen com.softnation.Ojam#133123](this:0xb400007bcec47dd8,id:-1,api:0,p:-1,c:-1) BufferQueue core=(921:/system/bin/surfaceflinger)
03-02 10:18:55.067  1999  2684 E ActivityManagerWrapper: get all recent tasks force including 37023
03-02 10:18:55.068 19814 19814 E Zygote  : process_name_ptr:19814 com.softnation.Ojam
03-02 10:18:55.069  1621  1894 D isUidValid: uid = 10337
03-02 10:18:55.069 19814 19814 E Zygote  : SetMemoryProtected process_name_ptr:19814 com.softnation.Ojam
03-02 10:18:55.069  1621  1842 I MiuiNetworkPolicy: updateUidState uid = 10337, uidState = 19
03-02 10:18:55.070  1621  5247 D MiuiRefreshRatePolicy: reset
03-02 10:18:55.072  1621  5247 W WindowManager: Changing focus from Window{d85ca12 u0 com.miui.home/com.miui.home.launcher.Launcher} to null displayId=0 Callers=com.android.server.wm.RootWindowContainer.updateFocusedWindowLocked:602 com.android.server.wm.WindowManagerService.updateFocusedWindowLocked:7168 com.android.server.wm.WindowManagerService.relayoutWindowInner:3076 com.android.server.wm.WindowManagerService.relayoutWindow:2724 
03-02 10:18:55.072  1621  5247 D WindowManager: wms.Input focus has changed to null display=0 updateInputWindows = true
03-02 10:18:55.072  1621  5247 I MultiSenceManagerInternalStub: getInstance
03-02 10:18:55.074  2363  2577 D BufferQueueConsumer: [](id:93b00001ac3,api:0,p:-1,c:2363) connect: controlledByApp=false
03-02 10:18:55.075  2363  2577 D BLASTBufferQueue: [VRI[Ojam]#5806](f:0,a:0) constructor()
03-02 10:18:55.075  2363  2577 D BLASTBufferQueue: [VRI[Ojam]#5806](f:0,a:0) update width=1080 height=2460 format=-3 mTransformHint=0
03-02 10:18:55.078  2363  2577 D VRI[Ojam]: vri.reportNextDraw android.view.ViewRootImpl.performTraversals:4984 android.view.ViewRootImpl.doTraversal:3564 android.view.ViewRootImpl$TraversalRunnable.run:11781 android.view.Choreographer$CallbackRecord.run:1804 android.view.Choreographer$CallbackRecord.run:1813 
03-02 10:18:55.078  2363  2577 D VRI[Ojam]: Setup new sync=wmsSync-VRI[Ojam]#52
03-02 10:18:55.079  1621  1651 I ActivityTaskManager: visible for Task{27e6aff #2 type=home I=com.miui.home/.launcher.Launcher} visible = true isAnimating = false TRANSITION = false PARENTS = false CHILDREN = false
03-02 10:18:55.079  2363  2648 D HWUI    : makeCurrent grContext:0xb4000079f1a172d0 reset mTextureAvailable
03-02 10:18:55.082  1999  2652 I RectFSpringAnim: TransitionTest MultiSpringDynamicAnimation on end. this=com.miui.home.recents.util.RectFSpringAnim@4060a4b
03-02 10:18:55.082  1999  2652 I RectFSpringAnim: changeAnimStart start=false
03-02 10:18:55.082  1999  2652 I WindowElement: eb1b9dd reset mDisableStateManagerListener false.
03-02 10:18:55.082  1999  2652 I WindowElement: eb1b9dd com.miui.home.recents.anim.WindowElement@eb1b9dd TransitionTest onAnimationEnd AnimType = CLOSE_TO_HOME_CENTER allowShellListener = true, isDuringMerge=false, mUserAnimListener=com.miui.home.recents.anim.WindowAnimParamsProvider$getClosingWindowAnimParams$animListener$1@2042a98
03-02 10:18:55.082  1999  1999 D WindowElement: eb1b9dd com.miui.home.recents.anim.WindowElement@eb1b9dd mOnShellAnimListener end CLOSE_TO_HOME_CENTER com.miui.home.recents.anim.WindowElement@eb1b9dd needFinish = true
03-02 10:18:55.083  1999  1999 D WindowElement: eb1b9dd com.miui.home.recents.anim.WindowElement@eb1b9dd finishTransition toHome = true isHalf = com.miui.home.recents.anim.windowanim.WindowAnimContextImpl@c6a4423.isHalf runningTaskId = 0
03-02 10:18:55.084 19814 19814 I softnation.Ojam: Late-enabling -Xcheck:jni
03-02 10:18:55.087  1621  1651 I ActivityTaskManager: visible for Task{27e6aff #2 type=home I=com.miui.home/.launcher.Launcher} visible = true isAnimating = false TRANSITION = false PARENTS = false CHILDREN = false
03-02 10:18:55.088  2363  2648 D BLASTBufferQueue: [VRI[Ojam]#5806](f:0,a:1) acquireNextBufferLocked size=1080x2460 mFrameNumber=1 applyTransaction=true mTimestamp=608328635659873(auto) mPendingTransactions.size=0 graphicBufferId=10149007875265 transform=0
03-02 10:18:55.090  1999  2684 E ActivityManagerWrapper: getRecentTasksForceIncludingTaskIdIfValid: getRecentTasks: size=3
03-02 10:18:55.090  1999  2684 E ActivityManagerWrapper:  mainTaskId=37023   userId=0   windowMode=1   baseIntent=Intent { act=null flag=268435456 cmp=ComponentInfo{com.softnation.Ojam/com.softnation.Ojam.MainActivity} }
03-02 10:18:55.090  1999  2684 E ActivityManagerWrapper:  mainTaskId=37019   userId=0   windowMode=1   baseIntent=Intent { act=null flag=268435456 cmp=ComponentInfo{com.whatsapp/com.whatsapp.home.ui.HomeActivity} }
03-02 10:18:55.090  1999  2684 E ActivityManagerWrapper:  mainTaskId=36980   userId=0   windowMode=1   baseIntent=Intent { act=android.intent.action.MAIN flag=270532608 cmp=ComponentInfo{com.twitter.android/com.twitter.android.StartActivity} }
03-02 10:18:55.090  2363  2577 D VRI[Ojam]: vri.reportDrawFinished
03-02 10:18:55.092  1999  1999 D Launcher.Lifecycle: onWindowFocusChanged:false,UserHandle{0},c143874,true
03-02 10:18:55.093  1621  1651 D MiuiRefreshRatePolicy: reset
03-02 10:18:55.094  1621  1651 D PreStartingManager: Not init when use PreStartingManager!
03-02 10:18:55.094  1621  1651 D WindowManager: Set transition=TransitionRecord{76aff2 id=10140 type=OPEN flags=0x0}, ready=true, SyncId=10140 
03-02 10:18:55.096  1999  1999 E WindowTransitionCompat: com.android.systemui.shared.recents.system.WindowTransitionCompat@82b22d4 finishTransition toHome = true
03-02 10:18:55.096  1999  1999 D TransitionCallback: call executeFinishCallback, toHome = true
03-02 10:18:55.096  1999  1999 D TransitionCallback: java.lang.Exception
03-02 10:18:55.096  1999  1999 D TransitionCallback: 	at com.android.systemui.shared.recents.utilities.WindowTransitionCallbackHelper.executeFinishCallback(WindowTransitionCallbackHelper.java:227)
03-02 10:18:55.096  1999  1999 D TransitionCallback: 	at com.android.systemui.shared.recents.utilities.WindowTransitionCallbackHelper.executeFinishCallback(WindowTransitionCallbackHelper.java:163)
03-02 10:18:55.096  1999  1999 D TransitionCallback: 	at com.android.systemui.shared.recents.system.WindowTransitionCompat.finishTransition(WindowTransitionCompat.java:718)
03-02 10:18:55.096  1999  1999 D TransitionCallback: 	at com.miui.home.recents.anim.WindowElement.finishTransitionCompat(WindowElement.kt:344)
03-02 10:18:55.096  1999  1999 D TransitionCallback: 	at com.miui.home.recents.anim.WindowElement.finishTransition$lambda-4(WindowElement.kt:335)
03-02 10:18:55.096  1999  1999 D TransitionCallback: 	at com.miui.home.recents.anim.WindowElement.$r8$lambda$UZ5TJoxl6FF6JNmPqASbjBBP00o(Unknown Source:0)
03-02 10:18:55.096  1999  1999 D TransitionCallback: 	at com.miui.home.recents.anim.WindowElement$$ExternalSyntheticLambda10.run(Unknown Source:8)
03-02 10:18:55.096  1999  1999 D TransitionCallback: 	at android.os.Handler.handleCallback(Handler.java:959)
03-02 10:18:55.096  1999  1999 D TransitionCallback: 	at android.os.Handler.dispatchMessage(Handler.java:100)
03-02 10:18:55.096  1999  1999 D TransitionCallback: 	at android.os.Looper.loopOnce(Looper.java:249)
03-02 10:18:55.096  1999  1999 D TransitionCallback: 	at android.os.Looper.loop(Looper.java:337)
03-02 10:18:55.096  1999  1999 D TransitionCallback: 	at android.app.ActivityThread.main(ActivityThread.java:9500)
03-02 10:18:55.096  1999  1999 D TransitionCallback: 	at java.lang.reflect.Method.invoke(Native Method)
03-02 10:18:55.096  1999  1999 D TransitionCallback: 	at com.android.internal.os.RuntimeInit$MethodAndArgsCaller.run(RuntimeInit.java:636)
03-02 10:18:55.096  1999  1999 D TransitionCallback: 	at com.android.internal.os.ZygoteInit.main(ZygoteInit.java:1005)
03-02 10:18:55.096  1999  1999 I TransitionCallback: addCallbackListenerSync callBack:com.android.systemui.shared.recents.system.WindowTransitionCompat$1@2a8e772
03-02 10:18:55.096  1999  1999 I TransitionCallback: mNeedShowLauncher = false
03-02 10:18:55.096  1999  1999 I TransitionCallback: addCallbackListenerSync callBack:null
03-02 10:18:55.097  1999  1999 I TransitionCallback: com.android.systemui.shared.recents.utilities.WindowTransitionCallbackHelper@b91c811 call finishMainCallback, wct = null, sct = android.view.SurfaceControl$Transaction@c9b77c3, callback = android.window.IRemoteTransitionFinishedCallback$Stub$Proxy@9b74795, mCounterRotatorList.size = 0, mInfoExposeList.size = 1, token = android.os.BinderProxy@c9516d9
03-02 10:18:55.097  1621  1651 I SmartPower: com.softnation.Ojam/10337(0): died->visible(974ms) R(become visible) adj=-10000.
03-02 10:18:55.097  1621  1651 I WindowManager: wms.showSurfaceRobustly mWin:Window{bab5797 u0 Splash Screen com.softnation.Ojam}
03-02 10:18:55.098  1621  1651 D WindowManager: Final targets: [Task{d4e45f9 #37023 type=standard A=10337:com.softnation.Ojam}, Task{d151cdd #1 type=home}]
03-02 10:18:55.099  1999  1999 I TransitionCallback: call onTransitionFinishedWithCallback end
03-02 10:18:55.099  2363  2477 I RemoteTransitionHandlerStubImpl: putCallback transition: android.os.BinderProxy@8006597, wctCB: android.window.IWindowContainerTransactionCallback$Stub$Proxy@2455e0
03-02 10:18:55.099   921  1500 I BufferQueueDebug: [Transition Root #10140: Task=37023#133124](this:0xb400007bcec58f38,id:-1,api:0,p:-1,c:-1) BufferQueue core=(921:/system/bin/surfaceflinger)
03-02 10:18:55.100  1999  1999 I TransitionCallback: execute finishMainCallbackSync return, no need post delay
03-02 10:18:55.100  2363  2477 D SoScUtils: monitorTransitionFinished transition:android.os.BinderProxy@8006597 transaction: android.view.SurfaceControl$Transaction@ce30099 mRequestCloseTransition:null mRequestOpenTransition:null mRequestOpenTransitionWithSameTask size:0 mPairsOpenTransition:null mPairsOpenTransitionNull:null mRequestOpenTriggerTask:-1 mRequestCloseTriggerTask:-1 mOrientationTransition: null mMainStartingTask:-1 mSideStartingTask:-1
03-02 10:18:55.107   921  2359 I BufferQueueDebug: [Surface(name=5b2ee94 StatusBar#103)/@0xf6cf932 - animation-leash of insets_animation#133125](this:0xb400007bcec1fff8,id:-1,api:0,p:-1,c:-1) BufferQueue core=(921:/system/bin/surfaceflinger)
03-02 10:18:55.108  2246  2407 E NetlinkUtils: receiveNetlinkAck, errmsg=NetlinkErrorMessage{ nlmsghdr{StructNlMsgHdr{ nlmsg_len{100}, nlmsg_type{2()}, nlmsg_flags{0()}, nlmsg_seq{1}, nlmsg_pid{-2092906068} }}, nlmsgerr{StructNlMsgErr{ error{-2}, msg{StructNlMsgHdr{ nlmsg_len{80}, nlmsg_type{256()}, nlmsg_flags{261(NLM_F_REQUEST|NLM_F_ACK|NLM_F_ROOT)}, nlmsg_seq{1}, nlmsg_pid{0} }} }} }
03-02 10:18:55.108   921  2359 I BufferQueueDebug: [Surface(name=77d8129 NavigationBar0#101614)/@0x3faba4f - animation-leash of insets_animation#133126](this:0xb400007bcec8c358,id:-1,api:0,p:-1,c:-1) BufferQueue core=(921:/system/bin/surfaceflinger)
03-02 10:18:55.108  2246  2407 W Tethering: [BpfCoordinator] WARN Failed to update conntrack entry (proto: 6, src4: /10.45.118.132, srcPort: 64141, dst4: /140.82.114.22, dstPort: 443), msg: 50000000000105010100000000000000020000003400018014000180080001000A2D7684080002008C5272161C000280050001000600000006000200FA8D00000600030001BB00000800070000069780, e: android.system.ErrnoException: NetlinkErrorMessage{ nlmsghdr{StructNlMsgHdr{ nlmsg_len{100}, nlmsg_type{2()}, nlmsg_flags{0()}, nlmsg_seq{1}, nlmsg_pid{-2092906068} }}, nlmsgerr{StructNlMsgErr{ error{-2}, msg{StructNlMsgHdr{ nlmsg_len{80}, nlmsg_type{256()}, nlmsg_flags{261(NLM_F_REQUEST|NLM_F_ACK|NLM_F_ROOT)}, nlmsg_seq{1}, nlmsg_pid{0} }} }} } failed: ENOENT (No such file or directory)
03-02 10:18:55.110  1621  1651 D MiuiRefreshRatePolicy: reset
03-02 10:18:55.113  1621  1638 D WindowManager: Finish Transition (#10139): created at 03-02 10:18:54.138 collect-started=0.15ms request-sent=0.449ms started=24.707ms ready=24.668ms sent=383.214ms finished=973.73ms
03-02 10:18:55.113  1999  2684 D TaskSnapshotCompatVV: getIsInvalidateFromTaskSnapshot, return, mTaskSnapshot=null, mTaskSnapshotClazz=null
03-02 10:18:55.113  1999  2684 D RecentsModel: onTaskStackChangedBackground    MSG_TASK_STACK_CHANGE
03-02 10:18:55.113  1999  2684 D RecentsModel: boostTaskStackChangedThread, don't boost
03-02 10:18:55.113  1621  4289 W ActivityManager: pid 1621 system sent binder code 7 with flags 1 to frozen apps and got error -32
03-02 10:18:55.114  1621  4289 W WindowManager: Exception thrown during dispatchAppVisibility Window{afeb196 u0 com.softnation.Ojam/com.softnation.Ojam.MainActivity EXITING}
03-02 10:18:55.114  1621  4289 W WindowManager: android.os.DeadObjectException
03-02 10:18:55.114  1621  4289 W WindowManager: 	at android.os.BinderProxy.transactNative(Native Method)
03-02 10:18:55.114  1621  4289 W WindowManager: 	at android.os.BinderProxy.transact(BinderProxy.java:682)
03-02 10:18:55.114  1621  4289 W WindowManager: 	at android.view.IWindow$Stub$Proxy.dispatchAppVisibility(IWindow.java:655)
03-02 10:18:55.114  1621  4289 W WindowManager: 	at com.android.server.wm.WindowState.sendAppVisibilityToClients(WindowState.java:3529)
03-02 10:18:55.114  1621  4289 W WindowManager: 	at com.android.server.wm.WindowContainer.sendAppVisibilityToClients(WindowContainer.java:1387)
03-02 10:18:55.114  1621  4289 W WindowManager: 	at com.android.server.wm.WindowToken.setClientVisible(WindowToken.java:423)
03-02 10:18:55.114  1621  4289 W WindowManager: 	at com.android.server.wm.ActivityRecord.setClientVisible(ActivityRecord.java:8426)
03-02 10:18:55.114  1621  4289 W WindowManager: 	at com.android.server.wm.ActivityRecord.postApplyAnimation(ActivityRecord.java:6989)
03-02 10:18:55.114  1621  4289 W WindowManager: 	at com.android.server.wm.ActivityRecord.commitVisibility(ActivityRecord.java:6931)
03-02 10:18:55.114  1621  4289 W WindowManager: 	at com.android.server.wm.Transition.finishTransition(Transition.java:1589)
03-02 10:18:55.114  1621  4289 W WindowManager: 	at com.android.server.wm.TransitionController.finishTransition(TransitionController.java:1153)
03-02 10:18:55.114  1621  4289 W WindowManager: 	at com.android.server.wm.WindowOrganizerController.finishTransition(WindowOrganizerController.java:578)
03-02 10:18:55.114  1621  4289 W WindowManager: 	at android.window.IWindowOrganizerController$Stub.onTransact(IWindowOrganizerController.java:324)
03-02 10:18:55.114  1621  4289 W WindowManager: 	at com.android.server.wm.WindowOrganizerController.onTransact(WindowOrganizerController.java:234)
03-02 10:18:55.114  1621  4289 W WindowManager: 	at android.os.Binder.execTransactInternal(Binder.java:1507)
03-02 10:18:55.114  1621  4289 W WindowManager: 	at android.os.Binder.execTransact(Binder.java:1451)
03-02 10:18:55.114  1621  4289 W Process : Unable to open /proc/17120/status
03-02 10:18:55.114  1621  4289 I Transition: finishTransition: updateLastSurfacePosition tf=Task{27e6aff #2 type=home I=com.miui.home/.launcher.Launcher}
03-02 10:18:55.114  1621  4289 I Transition: finishTransition: updateLastSurfacePosition tf=Task{35b385a #37022 type=standard A=10337:com.softnation.Ojam}
03-02 10:18:55.115  1621  4289 I Transition: finishTransition: updateLastSurfacePosition tf=Task{d151cdd #1 type=home}
03-02 10:18:55.116  1621  4289 D MiuiRefreshRatePolicy: reset
03-02 10:18:55.116  1999  1999 E RotationHelper: setCurrentTransitionRequest: request=0
03-02 10:18:55.117  1621  4289 I PowerManagerServiceImpl: Release wakelock: SCREEN_BRIGHT_WAKE_LOCK           'WindowManager/displayId:0' ON_AFTER_RELEASE DISABLED ACQ=-7m24s496ms (uid=1000 pid=1621 pkg=android ws=WorkSource{10337 com.softnation.Ojam})
03-02 10:18:55.119  1621  4289 D WindowManager: setParent old=ActivityRecord{a48bf7c u0 com.softnation.Ojam/.MainActivity t37022 f} isExiting},new=null,this window=Window{afeb196 u0 com.softnation.Ojam/com.softnation.Ojam.MainActivity EXITING},callers=com.android.server.wm.WindowContainer.removeChild:897 com.android.server.wm.ActivityRecord.removeChild:5518 com.android.server.wm.ActivityRecord.removeChild:505 com.android.server.wm.WindowContainer.removeImmediately:967 com.android.server.wm.WindowState.removeImmediately:2526 com.android.server.wm.WindowContainer.removeImmediately:931 
03-02 10:18:55.120  1177  1177 I thermal_src: recvmsg_expect 5, but get 2 
03-02 10:18:55.120  1177  1177 V thermal_src: TA_DAEMON_CMD_GET_TPCB:ERROR ret=-1
03-02 10:18:55.120  1177  1177 E thermal_src: get_tpcb_from_kernel:error -1. retry...
03-02 10:18:55.120  1177  1177 I thermal_src: recvmsg_expect 5, but get 2 
03-02 10:18:55.120  1177  1177 V thermal_src: TA_DAEMON_CMD_GET_TPCB:ERROR ret=-1
03-02 10:18:55.120  1177  1177 E thermal_src: get_tpcb_from_kernel:error -1. retry...
03-02 10:18:55.120  1177  1177 I thermal_src: recvmsg_expect 5, but get 2 
03-02 10:18:55.120  1177  1177 V thermal_src: TA_DAEMON_CMD_GET_TPCB:ERROR ret=-1
03-02 10:18:55.120  1177  1177 E thermal_src: get_tpcb_from_kernel:error -1. retry...
03-02 10:18:55.120  1177  1177 I thermal_src: recvmsg_expect 5, but get 2 
03-02 10:18:55.120  1177  1177 V thermal_src: TA_DAEMON_CMD_GET_TPCB:ERROR ret=-1
03-02 10:18:55.120  1177  1177 E thermal_src: get_tpcb_from_kernel:error -1. retry...
03-02 10:18:55.120  1621  4289 D MiuiRefreshRatePolicy: reset
03-02 10:18:55.120  1177  1177 I thermal_src: recvmsg_expect 4, but get 5 
03-02 10:18:55.120  1177  1177 V thermal_src: TA_DAEMON_CMD_SET_TTJ:ERROR ret=-1
03-02 10:18:55.120  1177  1177 E thermal_src: set_ttj_to_kernel 1:error -1
03-02 10:18:55.120  1177  1177 I thermal_src: recvmsg_expect 2, but get 5 
03-02 10:18:55.120  1177  1177 V thermal_src: waiting NOTIFY from kernel miss, -1
03-02 10:18:55.120  1177  1177 I thermal_src: recvmsg_expect 2, but get 5 
03-02 10:18:55.121  1177  1177 V thermal_src: waiting NOTIFY from kernel miss, -1
03-02 10:18:55.121  1177  1177 I thermal_src: recvmsg_expect 2, but get 5 
03-02 10:18:55.121  1177  1177 V thermal_src: waiting NOTIFY from kernel miss, -1
03-02 10:18:55.121  1177  1177 I thermal_src: recvmsg_expect 2, but get 4 
03-02 10:18:55.121  1177  1177 V thermal_src: waiting NOTIFY from kernel miss, -1
03-02 10:18:55.122  1621  4289 D WindowManager: setParent old=Task{35b385a #37022 type=standard A=10337:com.softnation.Ojam},new=null,this window=ActivityRecord{a48bf7c u0 com.softnation.Ojam/.MainActivity t37022 f} isExiting},callers=com.android.server.wm.WindowContainer.removeChild:897 com.android.server.wm.TaskFragment.removeChild:3337 com.android.server.wm.Task.removeChild:1929 com.android.server.wm.Task.removeChild:1908 com.android.server.wm.WindowContainer.removeImmediately:967 com.android.server.wm.WindowToken.removeImmediately:374 
03-02 10:18:55.123   921  2359 I BufferQueueDebug: [Task=37022#133127](this:0xb400007bcecbc9e8,id:-1,api:0,p:-1,c:-1) BufferQueue core=(921:/system/bin/surfaceflinger)
03-02 10:18:55.124  1621  4289 D WindowManager: setParent old=DefaultTaskDisplayArea@262819365,new=null,this window=Task{35b385a #37022 type=standard A=10337:com.softnation.Ojam},callers=com.android.server.wm.WindowContainer.removeChild:897 com.android.server.wm.TaskDisplayArea.removeChildTask:360 com.android.server.wm.TaskDisplayArea.removeChild:351 com.android.server.wm.WindowContainer.removeImmediately:967 com.android.server.wm.TaskFragment.removeImmediately:3417 com.android.server.wm.Task.removeImmediately:3408 
03-02 10:18:55.124  1621  4289 D MiuiMultiWindowUtils: DeviceLevel.IS_MIUI_LITE_VERSION 2.0 not support miui multiWindowtides
03-02 10:18:55.124  1621  4289 D MiuiMultiWindowUtils: DeviceLevel.IS_MIUI_LITE_VERSION 2.0 not support miui multiWindowtides
03-02 10:18:55.125  2363  2477 I RemoteTransitionHandlerStubImpl: invokeAndRemoveWctCB transition: android.os.BinderProxy@8006597, wctCB: android.window.IWindowContainerTransactionCallback$Stub$Proxy@2455e0
03-02 10:18:55.125  1999  2759 D TransitionCallback: Transitions all anim call WindowOrganizer.finishTransition end
03-02 10:18:55.125  1999  2759 I TransitionCallback: checkCallbackSync, size = 1
03-02 10:18:55.126  1999  2759 I WindowElement: eb1b9dd onFinishCompleted mDisableStateManagerListener = false
03-02 10:18:55.126  1999  1999 D HomeLayerElement: releaseHomeLeash com.android.systemui.shared.recents.system.SurfaceControlCompat@ee43475
03-02 10:18:55.126  1999  1999 D HomeLayerElement: java.lang.Exception
03-02 10:18:55.126  1999  1999 D HomeLayerElement: 	at com.miui.home.recents.anim.HomeLayerElement.releaseHomeLeash(HomeLayerElement.kt:93)
03-02 10:18:55.126  1999  1999 D HomeLayerElement: 	at com.miui.home.recents.anim.WindowElement.onFinishCompleted$lambda-17(WindowElement.kt:1218)
03-02 10:18:55.126  1999  1999 D HomeLayerElement: 	at com.miui.home.recents.anim.WindowElement.$r8$lambda$9rzf3fTArGCTg2V355uRTOGSaa0(Unknown Source:0)
03-02 10:18:55.126  1999  1999 D HomeLayerElement: 	at com.miui.home.recents.anim.WindowElement$$ExternalSyntheticLambda2.run(Unknown Source:2)
03-02 10:18:55.126  1999  1999 D HomeLayerElement: 	at android.os.Handler.handleCallback(Handler.java:959)
03-02 10:18:55.126  1999  1999 D HomeLayerElement: 	at android.os.Handler.dispatchMessage(Handler.java:100)
03-02 10:18:55.126  1999  1999 D HomeLayerElement: 	at android.os.Looper.loopOnce(Looper.java:249)
03-02 10:18:55.126  1999  1999 D HomeLayerElement: 	at android.os.Looper.loop(Looper.java:337)
03-02 10:18:55.126  1999  1999 D HomeLayerElement: 	at android.app.ActivityThread.main(ActivityThread.java:9500)
03-02 10:18:55.126  1999  1999 D HomeLayerElement: 	at java.lang.reflect.Method.invoke(Native Method)
03-02 10:18:55.126  1999  1999 D HomeLayerElement: 	at com.android.internal.os.RuntimeInit$MethodAndArgsCaller.run(RuntimeInit.java:636)
03-02 10:18:55.126  1999  1999 D HomeLayerElement: 	at com.android.internal.os.ZygoteInit.main(ZygoteInit.java:1005)
03-02 10:18:55.126  1999  1999 I AnimStateManager: onAnimationEnd animSymbols(com.miui.home.recents.util.RectFSpringAnim@4060a4b com.miui.home.recents.util.RectFSpringAnim@4060a4b)
03-02 10:18:55.126  1999  1999 I AnimStateManager: go to state com.miui.home.recents.anim.StateManager$IdleState@75a357d
03-02 10:18:55.126  2363  2477 I MultiTaskingTaskRepository: needSkip: is home task
03-02 10:18:55.126  2363  2477 W MultiTaskingTaskRepository: onToBackTransitionReady putOrUpdateTaskInfo skip
03-02 10:18:55.127  2363  2477 D MultiTaskingTaskRepository: addOrMoveFullscreenTaskToTop taskId=37023
03-02 10:18:55.127  2363  2477 D MultiTaskingTaskRepository: putOrUpdateTaskInfo: taskInfo.taskId: 37023 current mMultiTaskingTaskInfoList:  ,37022 ,37019 ,36980 ,36770 ,36289 ,5 ,4
03-02 10:18:55.127  2363  2477 D MultiTaskingTaskRepository: java.lang.Throwable
03-02 10:18:55.127  2363  2477 D MultiTaskingTaskRepository: 	at com.android.wm.shell.multitasking.taskmanager.MultiTaskingTaskRepository.updateMultiTaskingTaskInfo(go/retraceme 5c05439c20823397c9aaa04c8ad244598257e2a7e5bd06f03af131ffaee2a4a9:82)
03-02 10:18:55.127  2363  2477 D MultiTaskingTaskRepository: 	at com.android.wm.shell.multitasking.taskmanager.MultiTaskingTaskRepository.putOrUpdateTaskInfo(go/retraceme 5c05439c20823397c9aaa04c8ad244598257e2a7e5bd06f03af131ffaee2a4a9:41)
03-02 10:18:55.127  2363  2477 D MultiTaskingTaskRepository: 	at com.android.wm.shell.multitasking.taskmanager.MultiTaskingTransitionObserver.onTransitionReady(go/retraceme 5c05439c20823397c9aaa04c8ad244598257e2a7e5bd06f03af131ffaee2a4a9:166)
03-02 10:18:55.127  2363  2477 D MultiTaskingTaskRepository: 	at com.android.wm.shell.transition.Transitions.dispatchReady(go/retraceme 5c05439c20823397c9aaa04c8ad244598257e2a7e5bd06f03af131ffaee2a4a9:169)
03-02 10:18:55.127  2363  2477 D MultiTaskingTaskRepository: 	at com.android.wm.shell.transition.Transitions.onTransitionReady(go/retraceme 5c05439c20823397c9aaa04c8ad244598257e2a7e5bd06f03af131ffaee2a4a9:248)
03-02 10:18:55.127  2363  2477 D MultiTaskingTaskRepository: 	at com.android.wm.shell.transition.Transitions$TransitionPlayerImpl$$ExternalSyntheticLambda1.run(go/retraceme 5c05439c20823397c9aaa04c8ad244598257e2a7e5bd06f03af131ffaee2a4a9:47)
03-02 10:18:55.127  2363  2477 D MultiTaskingTaskRepository: 	at android.os.Handler.handleCallback(Handler.java:959)
03-02 10:18:55.127  2363  2477 D MultiTaskingTaskRepository: 	at android.os.Handler.dispatchMessage(Handler.java:100)
03-02 10:18:55.127  2363  2477 D MultiTaskingTaskRepository: 	at android.os.Looper.loopOnce(Looper.java:249)
03-02 10:18:55.127  2363  2477 D MultiTaskingTaskRepository: 	at android.os.Looper.loop(Looper.java:337)
03-02 10:18:55.127  2363  2477 D MultiTaskingTaskRepository: 	at android.os.HandlerThread.run(HandlerThread.java:85)
03-02 10:18:55.128  1621  1651 I ActivityTaskManager: visible for Task{27e6aff #2 type=home I=com.miui.home/.launcher.Launcher} visible = true isAnimating = false TRANSITION = false PARENTS = false CHILDREN = false
03-02 10:18:55.128  2363  2477 D MultiTaskingTaskInfo: initFolmeControl::task id = 37023, mBounds = Rect(0, 0 - 1080, 2460)
03-02 10:18:55.128  2363  2477 I ShellTransitions: Is abandon offsetY: false
03-02 10:18:55.128  2363  2477 I ShellTransitions: Is abandon offsetY: false
03-02 10:18:55.128  2363  2477 E TaskViewTransitions: Found a launching TaskView in the wrong transition. All TaskView launches should be initiated by shell and in their own transition: 37023
03-02 10:18:55.128  2363  2477 E KeyguardTransitionHandlerImpl: activityCount = 0
03-02 10:18:55.128  2363  2477 E KeyguardTransitionHandlerImpl: activityCount = 0
03-02 10:18:55.128   921  2359 I BufferQueueDebug: [b036fd ActivityRecordInputSink com.softnation.Ojam/.MainActivity#133128](this:0xb400007bcec7df88,id:-1,api:0,p:-1,c:-1) BufferQueue core=(921:/system/bin/surfaceflinger)
03-02 10:18:55.129  2363  2477 D MiuiFreeformModeAnimation: startAnimation change: {WCT{android.window.IWindowContainerToken$Stub$Proxy@b25c36a} m=OPEN f=NONE leash=Surface(name=Task=37023#133120)/@0x62c0f5e sb=Rect(0, 0 - 1080, 2460) eb=Rect(0, 0 - 1080, 2460) d=0 taskParent=-1} info.getType(): 1
03-02 10:18:55.129  2363  2477 D MiuiFreeformModeAnimation: startAnimation change: {WCT{android.window.IWindowContainerToken$Stub$Proxy@e9ab05b} m=TO_BACK f=SHOW_WALLPAPER leash=Surface(name=Task=1#47)/@0xe255f3f sb=Rect(0, 0 - 1080, 2460) eb=Rect(0, 0 - 1080, 2460) d=0 taskParent=-1} info.getType(): 1
03-02 10:18:55.129  2363  2477 D SoScStageCoordinator: inCloseTransition:false pairsStartedWithCloseTransition:false isRequestCloseTriggerTask:false inSingleSoScState:false inSoScUnactivie:true closeStage:null
03-02 10:18:55.131  2363  2477 D TransitionAnimationHelper:  load default animation  type = 1 enter = false animAttr = 19 isTask = true translucent = false
03-02 10:18:55.132   921  2359 D SurfaceFlinger: [SF client] REMOVE (0xb400007caea09a60) for (1621:system_server)
03-02 10:18:55.132  1621  1651 W ActivityTaskManager: Can't find TaskDisplayArea to determine support for multi window. Task id=37022 attached=false
03-02 10:18:55.132  2363  2477 D TransitionAnimationHelper:  load default animation  type = 1 enter = true animAttr = 18 isTask = true translucent = false
03-02 10:18:55.134  2363  2540 D ShellTransitions: speed ui!!!!!!!!!!!
03-02 10:18:55.134  1621  2188 I ATMSImpl: cacheTasksForDefaultDisplay size=4
03-02 10:18:55.135  2363  2477 D MulWinSwitchDecorViewModel: handleEventReceiverIfMultiWinSwitchIsUnsupported: removeEventReceiver, callers=com.android.wm.shell.multitasking.miuimultiwinswitch.miuiwindowdecor.MulWinSwitchDecorViewModel.onTaskOpening:7 com.android.wm.shell.fullscreen.FullscreenTaskListener.onTaskAppeared:97 com.android.wm.shell.ShellTaskOrganizer.onTaskAppeared:9 com.android.wm.shell.ShellTaskOrganizer.onTaskAppeared:3 android.window.TaskOrganizer$1.lambda$onTaskAppeared$5:312 
