03-02 10:18:54.545  1999  1999 D WindowTransitionCompat: printLeash::taskInfo = TaskInfo{userId=0 taskId=37022 displayId=0 isRunning=false baseIntent=Intent { flg=0x10000000 cmp=com.softnation.Ojam/.MainActivity } baseActivity=null topActivity=null origActivity=null realActivity=ComponentInfo{com.softnation.Ojam/com.softnation.Ojam.MainActivity} numActivities=0 lastActiveTime=1025634577 supportsSplitScreenMultiWindow=true supportsMultiWindow=true resizeMode=1 isResizeable=true minWidth=-1 minHeight=-1 defaultMinSize=200 token=WCT{android.window.IWindowContainerToken$Stub$Proxy@1ec3038} topActivityType=1 pictureInPictureParams=null shouldDockBigOverlays=false launchIntoPipHostTaskId=-1 lastParentTaskIdBeforePip=-1 displayCutoutSafeInsets=Rect(0, 104 - 0, 0) topActivityInfo=null launchCookies=[] positionInParent=Point(0, 0) parentTaskId=-1 isFocused=false isVisible=true isVisibleRequested=false isSleeping=false locusId=null displayAreaFeatureId=1 isTopActivityTransparent=false appCompatTaskInfo=AppCompatTaskInfo { topActivityInSizeCompat=false topActivityEligibleForLetterboxEducation= falseisLetterboxEducationEnabled= false isLetterboxDoubleTapEnabled= false topActivityEligibleForUserAspectRatioButton= false topActivityBoundsLetterboxed= false isFromLetterboxDoubleTap= false topActivityLetterboxVerticalPosition= -1 topActivityLetterboxHorizontalPosition= -1 topActivityLetterboxWidth=-1 topActivityLetterboxHeight=-1 isUserFullscreenOverrideEnabled=false isSystemFullscreenOverrideEnabled=false cameraCompatTaskInfo=CameraCompatTaskInfo { cameraCompatControlState=hidden freeformCameraCompatMode=inactive}} isImmersive=false mTopActivityRequestOrientation=-2 mBehindAppLockPkg=null mOriginatingUid=0 isEmbedded=false shouldBeVisible=false mIsCastMode=false mTopActivityMediaSize=null mTopActivityRecordName=null mTopActivityOrientation=-2}
03-02 10:18:54.546  1999  1999 D WindowTransitionCompat: printLeash::index = 2, change = {null m=TO_FRONT f=IS_WALLPAPER leash=Surface(name=WallpaperWindowToken{2d6d85a token=android.os.Binder@8dfa005}#66)/@0x437e6c6 sb=Rect(0, 0 - 1080, 2460) eb=Rect(0, 0 - 1080, 2460) d=0}
03-02 10:18:54.546  1999  1999 D WindowTransitionCompat: printLeash::index = 3, change = {null m=TO_FRONT f=IS_WALLPAPER|IS_OCCLUDED leash=Surface(name=WallpaperWindowToken{d3319dd token=android.os.Binder@113b9b4}#64)/@0x741c687 sb=Rect(0, 0 - 1080, 2460) eb=Rect(0, 0 - 1080, 2460) d=0}
03-02 10:18:54.546  1999  1999 E WindowTransitionCompat: printLeash::index = 0, root = Surface(name=Transition Root #10139: Task=1#133113)/@0x4e8d9b4
03-02 10:18:54.546  1999  1999 I TransitionCallback: get is waitFinishMainAnim = false
03-02 10:18:54.546  1999  1999 I TransitionCallback: mNeedShowLauncher = false
03-02 10:18:54.546  1999  1999 E WindowTransitionCompat: 0, check isClosingType type = 2, mode = 3
03-02 10:18:54.546  1999  1999 E WindowTransitionCompat: 1, check isClosingType type = 1, mode = 2
03-02 10:18:54.546  1999  1999 I WindowTransitionCompat: startAnimation token = android.os.BinderProxy@c9516d9, isClosingType = true
03-02 10:18:54.546  1999  1999 I TransitionCallback: setActivityIsCloseType = true
03-02 10:18:54.546   921  2359 I BufferQueueDebug: [b724b3 ActivityRecordInputSink com.miui.home/.launcher.Launcher#133114](this:0xb400007bcec561a8,id:-1,api:0,p:-1,c:-1) BufferQueue core=(921:/system/bin/surfaceflinger)
03-02 10:18:54.546  1999  1999 I TransitionCallback: com.android.systemui.shared.recents.utilities.WindowTransitionCallbackHelper@b91c811 setMainFinishCallback, token = android.os.BinderProxy@c9516d9, callback = android.window.IRemoteTransitionFinishedCallback$Stub$Proxy@9b74795
03-02 10:18:54.546  1999  1999 I TransitionCallback: com.android.systemui.shared.recents.utilities.WindowTransitionCallbackHelper@b91c811 setTransitionInfo token = android.os.BinderProxy@c9516d9, info = {id=10139 t=CLOSE f=0x0 trk=0 opt={t=FROM_STYLE} r=[0@Point(0, 0)] c=[{WCT{android.window.IWindowContainerToken$Stub$Proxy@d47089e} m=TO_FRONT f=SHOW_WALLPAPER|MOVE_TO_TOP leash=Surface(name=Task=1#47)/@0xc6d7508 sb=Rect(0, 0 - 1080, 2460) eb=Rect(0, 0 - 1080, 2460) d=0 taskParent=-1},{WCT{android.window.IWindowContainerToken$Stub$Proxy@412ff7f} m=CLOSE f=NONE leash=Surface(name=Task=37022#133044)/@0x7374a1 sb=Rect(0, 0 - 1080, 2460) eb=Rect(0, 0 - 1080, 2460) d=0 taskParent=-1},{null m=TO_FRONT f=IS_WALLPAPER leash=Surface(name=WallpaperWindowToken{2d6d85a token=android.os.Binder@8dfa005}#66)/@0x437e6c6 sb=Rect(0, 0 - 1080, 2460) eb=Rect(0, 0 - 1080, 2460) d=0},{null m=TO_FRONT f=IS_WALLPAPER|IS_OCCLUDED leash=Surface(name=WallpaperWindowToken{d3319dd token=android.os.Binder@113b9b4}#64)/@0x741c687 sb=Rect(0, 0 - 1080, 2460) eb=Rect(0, 0 - 1080, 2460) d=0}] mk=[true] noAni=[false] df=[false] rsa=[false] oa=[false] iSync=[-1]}
03-02 10:18:54.546  1999  1999 D TransitionUtil: get key :ComponentInfo{com.miui.home/com.miui.home.launcher.Launcher}#1
03-02 10:18:54.546  1999  1999 I TransitionUtil: rootLeash = Surface(name=Transition Root #10139: Task=1#133113)/@0x4e8d9b4
03-02 10:18:54.547   921  1500 I BufferQueueDebug: [TL_Surface(name=Task=1#47)/@0xc6d7508_transition-leash#133115](this:0xb400007bceca2fd8,id:-1,api:0,p:-1,c:-1) BufferQueue core=(921:/system/bin/surfaceflinger)
03-02 10:18:54.547  1621  1651 I ActivityTaskManager: visible for Task{27e6aff #2 type=home I=com.miui.home/.launcher.Launcher} visible = true isAnimating = false TRANSITION = false PARENTS = false CHILDREN = false
03-02 10:18:54.548  2363  2477 I MultiTaskingTaskRepository: needSkip: is home task
03-02 10:18:54.549  1999  2759 D EventBus: No subscribers registered for event class com.miui.home.recents.messages.RecentTasksChangedEvent
03-02 10:18:54.549  1999  2759 D EventBus: No subscribers registered for event class org.greenrobot.eventbus.NoSubscriberEvent
03-02 10:18:54.549   863   958 I mtkpower@impl: [powerd_req] TIMER_MSG_PERF_LOCK_TIMEOUT hdl:362824
03-02 10:18:54.549  1999  2684 D RecentsModel: onTaskStackChangedBackground    MSG_TASK_STACK_CHANGE
03-02 10:18:54.549   863   958 I libPowerHal: [perfLockRel] hdl:362824, idx:1
03-02 10:18:54.549  1999  2684 D RecentsModel: boostTaskStackChangedThread, don't boost
03-02 10:18:54.549   863   958 I libPowerHal: [unsetGPUFreq] current min:0, max:0; scn_gpu_min:0, scn_gpu_max:-1; scn_gpu_min(HL):-1, scn_gpu_max(HL):-1
03-02 10:18:54.549   863   958 I libPowerHal: system_server: set gpu opp level: 31
03-02 10:18:54.549  1999  1999 I TransitionUtil: setupLeash isAppOpening = false
03-02 10:18:54.549   863   958 I libPowerHal: system_server: set gpu opp level max: 0
03-02 10:18:54.549   863   958 I libPowerHal: [setGPUFreq] Soft min/max = (31, 0); Hard min/max = (31, 0)
03-02 10:18:54.549  1999  1999 I TransitionUtil: setLayer leash5 = Surface(name=TL_Surface(name=Task=1#47)/@0xc6d7508_transition-leash#133115)/@0x1c35f77, layer = 3
03-02 10:18:54.550   863   958 I libPowerHal: [setGPUFreq] final min/max = (31, 0)
03-02 10:18:54.550   863   958 I libPowerHal: system_server: set gpu opp level: 31
03-02 10:18:54.550   863   958 I libPowerHal: system_server: set gpu opp level max: 0
03-02 10:18:54.550   863   958 I libPowerHal: [PD] system_server update cmd:400200 param:-1 pr:6
03-02 10:18:54.550  1999  1999 D ReflectUtils: callObjectMethod
03-02 10:18:54.550  1999  1999 D ReflectUtils: java.lang.NoSuchMethodException: android.window.TransitionInfo$Change.getAllowEnterPip []
03-02 10:18:54.550  1999  1999 D ReflectUtils: 	at java.lang.Class.getMethod(Class.java:2934)
03-02 10:18:54.550  1999  1999 D ReflectUtils: 	at java.lang.Class.getDeclaredMethod(Class.java:2913)
03-02 10:18:54.550  1999  1999 D ReflectUtils: 	at com.miui.launcher.utils.ReflectUtils.callObjectMethod(ReflectUtils.java:35)
03-02 10:18:54.550  1999  1999 D ReflectUtils: 	at com.android.hideapi.TransitionInfoExpose$ChangeExpose.getAllowEnterPip(TransitionInfoExpose.java:119)
03-02 10:18:54.550  1999  1999 D ReflectUtils: 	at com.android.wm.shell.util.TransitionUtil.newTarget(TransitionUtil.java:556)
03-02 10:18:54.550  1999  1999 D ReflectUtils: 	at com.android.wm.shell.util.TransitionUtil.newTarget(TransitionUtil.java:493)
03-02 10:18:54.550  1999  1999 D ReflectUtils: 	at com.android.wm.shell.util.TransitionUtil.newTarget(TransitionUtil.java:484)
03-02 10:18:54.550  1999  1999 D ReflectUtils: 	at com.android.systemui.shared.recents.system.RemoteAnimationTargetCompat.wrap(RemoteAnimationTargetCompat.java:212)
03-02 10:18:54.550  1999  1999 D ReflectUtils: 	at com.android.systemui.shared.recents.system.RemoteAnimationTargetCompat.wrapAppsForCompat(RemoteAnimationTargetCompat.java:232)
03-02 10:18:54.550  1999  1999 D ReflectUtils: 	at com.android.systemui.shared.recents.system.WindowTransitionCompat$2.lambda$startAnimation$0(WindowTransitionCompat.java:120)
03-02 10:18:54.550  1999  1999 D ReflectUtils: 	at com.android.systemui.shared.recents.system.WindowTransitionCompat$2.$r8$lambda$hcqKCUwnRuMqtvMJ6DPLae5xnFA(Unknown Source:0)
03-02 10:18:54.550  1999  1999 D ReflectUtils: 	at com.android.systemui.shared.recents.system.WindowTransitionCompat$2$$ExternalSyntheticLambda0.run(Unknown Source:10)
03-02 10:18:54.550  1999  1999 D ReflectUtils: 	at com.miui.home.library.utils.LooperExecutor.execute(LooperExecutor.java:43)
03-02 10:18:54.550  1999  1999 D ReflectUtils: 	at com.android.systemui.shared.recents.system.WindowTransitionCompat$2.startAnimation(WindowTransitionCompat.java:267)
03-02 10:18:54.550  1999  1999 D ReflectUtils: 	at com.android.systemui.shared.recents.system.WindowTransitionCompat.wrapRemoteTransition(WindowTransitionCompat.java:745)
03-02 10:18:54.550  1999  1999 D ReflectUtils: 	at com.miui.home.recents.anim.WindowElement.injectRemoteTransition(WindowElement.kt:687)
03-02 10:18:54.550  1999  1999 D ReflectUtils: 	at com.miui.home.recents.anim.StateManager$CommonState.handleEvent(StateManager.kt:1291)
03-02 10:18:54.550  1999  1999 D ReflectUtils: 	at com.miui.home.recents.anim.StateManager.handleEventActually(StateManager.kt:112)
03-02 10:18:54.550  1999  1999 D ReflectUtils: 	at com.miui.home.recents.anim.StateManager.sendEventActually$lambda-0(StateManager.kt:99)
03-02 10:18:54.550  1999  1999 D ReflectUtils: 	at com.miui.home.recents.anim.StateManager.$r8$lambda$C-kZp_X93nanDwYsUFIjH_GwEtM(Unknown Source:0)
03-02 10:18:54.550  1999  1999 D ReflectUtils: 	at com.miui.home.recents.anim.StateManager$$ExternalSyntheticLambda3.run(Unknown Source:4)
03-02 10:18:54.550  1999  1999 D ReflectUtils: 	at android.os.Handler.handleCallback(Handler.java:959)
03-02 10:18:54.550  1999  1999 D ReflectUtils: 	at android.os.Handler.dispatchMessage(Handler.java:100)
03-02 10:18:54.550  1999  1999 D ReflectUtils: 	at android.os.Looper.loopOnce(Looper.java:249)
03-02 10:18:54.550  1999  1999 D ReflectUtils: 	at android.os.Looper.loop(Looper.java:337)
03-02 10:18:54.550  1999  1999 D ReflectUtils: 	at android.app.ActivityThread.main(ActivityThread.java:9500)
03-02 10:18:54.550  1999  1999 D ReflectUtils: 	at java.lang.reflect.Method.invoke(Native Method)
03-02 10:18:54.550  1999  1999 D ReflectUtils: 	at com.android.internal.os.RuntimeInit$MethodAndArgsCaller.run(RuntimeInit.java:636)
03-02 10:18:54.550  1999  1999 D ReflectUtils: 	at com.android.internal.os.ZygoteInit.main(ZygoteInit.java:1005)
03-02 10:18:54.550  1999  1999 W TransitionInfoExpose.ChangeExpose: getAllowEnterPip: return null from reflection, use default value false
03-02 10:18:54.550  1999  1999 D TransitionUtil: get key :ComponentInfo{com.softnation.Ojam/com.softnation.Ojam.MainActivity}#37022
03-02 10:18:54.551  1999  1999 I TransitionUtil: rootLeash = Surface(name=Transition Root #10139: Task=1#133113)/@0x4e8d9b4
03-02 10:18:54.551   863   958 I libPowerHal: [recordCPUFreqInfo] set cluster[0] min(system_server): 1800000 max(-1): -1 cluster[1] min(system_server): 2000000 max(-1): -1
03-02 10:18:54.551   863   958 I libPowerHal: [perfLockRel] Done for hdl : 362824
03-02 10:18:54.551   921  1166 I BufferQueueDebug: [TL_Surface(name=Task=37022#133044)/@0x7374a1_transition-leash#133116](this:0xb400007bcecc2508,id:-1,api:0,p:-1,c:-1) BufferQueue core=(921:/system/bin/surfaceflinger)
03-02 10:18:54.552  1999  1999 I TransitionUtil: setupLeash isAppOpening = false
03-02 10:18:54.552  1999  1999 I TransitionUtil: setLayer leash7 = Surface(name=TL_Surface(name=Task=37022#133044)/@0x7374a1_transition-leash#133116)/@0xbb9d44d, layer = 7
03-02 10:18:54.553  1621  4289 I ATMSImpl: cacheTasksForDefaultDisplay size=3
03-02 10:18:54.554  1999  1999 D ReflectUtils: callObjectMethod
03-02 10:18:54.554  1999  1999 D ReflectUtils: java.lang.NoSuchMethodException: android.window.TransitionInfo$Change.getAllowEnterPip []
03-02 10:18:54.554  1999  1999 D ReflectUtils: 	at java.lang.Class.getMethod(Class.java:2934)
03-02 10:18:54.554  1999  1999 D ReflectUtils: 	at java.lang.Class.getDeclaredMethod(Class.java:2913)
03-02 10:18:54.554  1999  1999 D ReflectUtils: 	at com.miui.launcher.utils.ReflectUtils.callObjectMethod(ReflectUtils.java:35)
03-02 10:18:54.554  1999  1999 D ReflectUtils: 	at com.android.hideapi.TransitionInfoExpose$ChangeExpose.getAllowEnterPip(TransitionInfoExpose.java:119)
03-02 10:18:54.554  1999  1999 D ReflectUtils: 	at com.android.wm.shell.util.TransitionUtil.newTarget(TransitionUtil.java:556)
03-02 10:18:54.554  1999  1999 D ReflectUtils: 	at com.android.wm.shell.util.TransitionUtil.newTarget(TransitionUtil.java:493)
03-02 10:18:54.554  1999  1999 D ReflectUtils: 	at com.android.wm.shell.util.TransitionUtil.newTarget(TransitionUtil.java:484)
03-02 10:18:54.554  1999  1999 D ReflectUtils: 	at com.android.systemui.shared.recents.system.RemoteAnimationTargetCompat.wrap(RemoteAnimationTargetCompat.java:212)
03-02 10:18:54.554  1999  1999 D ReflectUtils: 	at com.android.systemui.shared.recents.system.RemoteAnimationTargetCompat.wrapAppsForCompat(RemoteAnimationTargetCompat.java:232)
03-02 10:18:54.554  1999  1999 D ReflectUtils: 	at com.android.systemui.shared.recents.system.WindowTransitionCompat$2.lambda$startAnimation$0(WindowTransitionCompat.java:120)
03-02 10:18:54.554  1999  1999 D ReflectUtils: 	at com.android.systemui.shared.recents.system.WindowTransitionCompat$2.$r8$lambda$hcqKCUwnRuMqtvMJ6DPLae5xnFA(Unknown Source:0)
03-02 10:18:54.554  1999  1999 D ReflectUtils: 	at com.android.systemui.shared.recents.system.WindowTransitionCompat$2$$ExternalSyntheticLambda0.run(Unknown Source:10)
03-02 10:18:54.554  1999  1999 D ReflectUtils: 	at com.miui.home.library.utils.LooperExecutor.execute(LooperExecutor.java:43)
03-02 10:18:54.554  1999  1999 D ReflectUtils: 	at com.android.systemui.shared.recents.system.WindowTransitionCompat$2.startAnimation(WindowTransitionCompat.java:267)
03-02 10:18:54.554  1999  1999 D ReflectUtils: 	at com.android.systemui.shared.recents.system.WindowTransitionCompat.wrapRemoteTransition(WindowTransitionCompat.java:745)
03-02 10:18:54.554  1999  1999 D ReflectUtils: 	at com.miui.home.recents.anim.WindowElement.injectRemoteTransition(WindowElement.kt:687)
03-02 10:18:54.554  1999  1999 D ReflectUtils: 	at com.miui.home.recents.anim.StateManager$CommonState.handleEvent(StateManager.kt:1291)
03-02 10:18:54.554  1999  1999 D ReflectUtils: 	at com.miui.home.recents.anim.StateManager.handleEventActually(StateManager.kt:112)
03-02 10:18:54.554  1999  1999 D ReflectUtils: 	at com.miui.home.recents.anim.StateManager.sendEventActually$lambda-0(StateManager.kt:99)
03-02 10:18:54.554  1999  1999 D ReflectUtils: 	at com.miui.home.recents.anim.StateManager.$r8$lambda$C-kZp_X93nanDwYsUFIjH_GwEtM(Unknown Source:0)
03-02 10:18:54.554  1999  1999 D ReflectUtils: 	at com.miui.home.recents.anim.StateManager$$ExternalSyntheticLambda3.run(Unknown Source:4)
03-02 10:18:54.554  1999  1999 D ReflectUtils: 	at android.os.Handler.handleCallback(Handler.java:959)
03-02 10:18:54.554  1999  1999 D ReflectUtils: 	at android.os.Handler.dispatchMessage(Handler.java:100)
03-02 10:18:54.554  1999  1999 D ReflectUtils: 	at android.os.Looper.loopOnce(Looper.java:249)
03-02 10:18:54.554  1999  1999 D ReflectUtils: 	at android.os.Looper.loop(Looper.java:337)
03-02 10:18:54.554  1999  1999 D ReflectUtils: 	at android.app.ActivityThread.main(ActivityThread.java:9500)
03-02 10:18:54.554  1999  1999 D ReflectUtils: 	at java.lang.reflect.Method.invoke(Native Method)
03-02 10:18:54.554  1999  1999 D ReflectUtils: 	at com.android.internal.os.RuntimeInit$MethodAndArgsCaller.run(RuntimeInit.java:636)
03-02 10:18:54.554  1999  1999 D ReflectUtils: 	at com.android.internal.os.ZygoteInit.main(ZygoteInit.java:1005)
03-02 10:18:54.554  1999  1999 W TransitionInfoExpose.ChangeExpose: getAllowEnterPip: return null from reflection, use default value false
03-02 10:18:54.554  1999  1999 D TAG     : obtainElement: false
03-02 10:18:54.554  1999  1999 D TAG     : java.lang.RuntimeException
03-02 10:18:54.554  1999  1999 D TAG     : 	at com.android.systemui.shared.recents.system.RemoteAnimationTargetCompat.obtainElement(RemoteAnimationTargetCompat.java:116)
03-02 10:18:54.554  1999  1999 D TAG     : 	at com.android.systemui.shared.recents.system.RemoteAnimationTargetCompat.<init>(RemoteAnimationTargetCompat.java:94)
03-02 10:18:54.554  1999  1999 D TAG     : 	at com.android.systemui.shared.recents.system.RemoteAnimationTargetCompat.wrap(RemoteAnimationTargetCompat.java:188)
03-02 10:18:54.554  1999  1999 D TAG     : 	at com.android.systemui.shared.recents.system.RemoteAnimationTargetCompat.wrapAppsForCompat(RemoteAnimationTargetCompat.java:233)
03-02 10:18:54.554  1999  1999 D TAG     : 	at com.android.systemui.shared.recents.system.WindowTransitionCompat$2.lambda$startAnimation$0(WindowTransitionCompat.java:120)
03-02 10:18:54.554  1999  1999 D TAG     : 	at com.android.systemui.shared.recents.system.WindowTransitionCompat$2.$r8$lambda$hcqKCUwnRuMqtvMJ6DPLae5xnFA(Unknown Source:0)
03-02 10:18:54.554  1999  1999 D TAG     : 	at com.android.systemui.shared.recents.system.WindowTransitionCompat$2$$ExternalSyntheticLambda0.run(Unknown Source:10)
03-02 10:18:54.554  1999  1999 D TAG     : 	at com.miui.home.library.utils.LooperExecutor.execute(LooperExecutor.java:43)
03-02 10:18:54.554  1999  1999 D TAG     : 	at com.android.systemui.shared.recents.system.WindowTransitionCompat$2.startAnimation(WindowTransitionCompat.java:267)
03-02 10:18:54.554  1999  1999 D TAG     : 	at com.android.systemui.shared.recents.system.WindowTransitionCompat.wrapRemoteTransition(WindowTransitionCompat.java:745)
03-02 10:18:54.554  1999  1999 D TAG     : 	at com.miui.home.recents.anim.WindowElement.injectRemoteTransition(WindowElement.kt:687)
03-02 10:18:54.554  1999  1999 D TAG     : 	at com.miui.home.recents.anim.StateManager$CommonState.handleEvent(StateManager.kt:1291)
03-02 10:18:54.554  1999  1999 D TAG     : 	at com.miui.home.recents.anim.StateManager.handleEventActually(StateManager.kt:112)
03-02 10:18:54.554  1999  1999 D TAG     : 	at com.miui.home.recents.anim.StateManager.sendEventActually$lambda-0(StateManager.kt:99)
03-02 10:18:54.554  1999  1999 D TAG     : 	at com.miui.home.recents.anim.StateManager.$r8$lambda$C-kZp_X93nanDwYsUFIjH_GwEtM(Unknown Source:0)
03-02 10:18:54.554  1999  1999 D TAG     : 	at com.miui.home.recents.anim.StateManager$$ExternalSyntheticLambda3.run(Unknown Source:4)
03-02 10:18:54.554  1999  1999 D TAG     : 	at android.os.Handler.handleCallback(Handler.java:959)
03-02 10:18:54.554  1999  1999 D TAG     : 	at android.os.Handler.dispatchMessage(Handler.java:100)
03-02 10:18:54.554  1999  1999 D TAG     : 	at android.os.Looper.loopOnce(Looper.java:249)
03-02 10:18:54.554  1999  1999 D TAG     : 	at android.os.Looper.loop(Looper.java:337)
03-02 10:18:54.554  1999  1999 D TAG     : 	at android.app.ActivityThread.main(ActivityThread.java:9500)
03-02 10:18:54.554  1999  1999 D TAG     : 	at java.lang.reflect.Method.invoke(Native Method)
03-02 10:18:54.554  1999  1999 D TAG     : 	at com.android.internal.os.RuntimeInit$MethodAndArgsCaller.run(RuntimeInit.java:636)
03-02 10:18:54.554  1999  1999 D TAG     : 	at com.android.internal.os.ZygoteInit.main(ZygoteInit.java:1005)
03-02 10:18:54.555  1621  5054 W UserManagerService: Requested status bar icon for non-badged user 0
03-02 10:18:54.555  1999  1999 D TAG     : obtainElement: 0.0
03-02 10:18:54.555  1999  1999 D TAG     : java.lang.RuntimeException
03-02 10:18:54.555  1999  1999 D TAG     : 	at com.android.systemui.shared.recents.system.RemoteAnimationTargetCompat.obtainCornerRadius(RemoteAnimationTargetCompat.java:104)
03-02 10:18:54.555  1999  1999 D TAG     : 	at com.android.systemui.shared.recents.system.RemoteAnimationTargetCompat.<init>(RemoteAnimationTargetCompat.java:95)
03-02 10:18:54.555  1999  1999 D TAG     : 	at com.android.systemui.shared.recents.system.RemoteAnimationTargetCompat.wrap(RemoteAnimationTargetCompat.java:188)
03-02 10:18:54.555  1999  1999 D TAG     : 	at com.android.systemui.shared.recents.system.RemoteAnimationTargetCompat.wrapAppsForCompat(RemoteAnimationTargetCompat.java:233)
03-02 10:18:54.555  1999  1999 D TAG     : 	at com.android.systemui.shared.recents.system.WindowTransitionCompat$2.lambda$startAnimation$0(WindowTransitionCompat.java:120)
03-02 10:18:54.555  1999  1999 D TAG     : 	at com.android.systemui.shared.recents.system.WindowTransitionCompat$2.$r8$lambda$hcqKCUwnRuMqtvMJ6DPLae5xnFA(Unknown Source:0)
03-02 10:18:54.555  1999  1999 D TAG     : 	at com.android.systemui.shared.recents.system.WindowTransitionCompat$2$$ExternalSyntheticLambda0.run(Unknown Source:10)
03-02 10:18:54.555  1999  1999 D TAG     : 	at com.miui.home.library.utils.LooperExecutor.execute(LooperExecutor.java:43)
03-02 10:18:54.555  1999  1999 D TAG     : 	at com.android.systemui.shared.recents.system.WindowTransitionCompat$2.startAnimation(WindowTransitionCompat.java:267)
03-02 10:18:54.555  1999  1999 D TAG     : 	at com.android.systemui.shared.recents.system.WindowTransitionCompat.wrapRemoteTransition(WindowTransitionCompat.java:745)
03-02 10:18:54.555  1999  1999 D TAG     : 	at com.miui.home.recents.anim.WindowElement.injectRemoteTransition(WindowElement.kt:687)
03-02 10:18:54.555  1999  1999 D TAG     : 	at com.miui.home.recents.anim.StateManager$CommonState.handleEvent(StateManager.kt:1291)
03-02 10:18:54.555  1999  1999 D TAG     : 	at com.miui.home.recents.anim.StateManager.handleEventActually(StateManager.kt:112)
03-02 10:18:54.555  1999  1999 D TAG     : 	at com.miui.home.recents.anim.StateManager.sendEventActually$lambda-0(StateManager.kt:99)
03-02 10:18:54.555  1999  1999 D TAG     : 	at com.miui.home.recents.anim.StateManager.$r8$lambda$C-kZp_X93nanDwYsUFIjH_GwEtM(Unknown Source:0)
03-02 10:18:54.555  1999  1999 D TAG     : 	at com.miui.home.recents.anim.StateManager$$ExternalSyntheticLambda3.run(Unknown Source:4)
03-02 10:18:54.555  1999  1999 D TAG     : 	at android.os.Handler.handleCallback(Handler.java:959)
03-02 10:18:54.555  1999  1999 D TAG     : 	at android.os.Handler.dispatchMessage(Handler.java:100)
03-02 10:18:54.555  1999  1999 D TAG     : 	at android.os.Looper.loopOnce(Looper.java:249)
03-02 10:18:54.555  1999  1999 D TAG     : 	at android.os.Looper.loop(Looper.java:337)
03-02 10:18:54.555  1999  1999 D TAG     : 	at android.app.ActivityThread.main(ActivityThread.java:9500)
03-02 10:18:54.555  1999  1999 D TAG     : 	at java.lang.reflect.Method.invoke(Native Method)
03-02 10:18:54.555  1999  1999 D TAG     : 	at com.android.internal.os.RuntimeInit$MethodAndArgsCaller.run(RuntimeInit.java:636)
03-02 10:18:54.555  1999  1999 D TAG     : 	at com.android.internal.os.ZygoteInit.main(ZygoteInit.java:1005)
03-02 10:18:54.555  1999  1999 D TAG     : obtainElement: false
03-02 10:18:54.555  1999  1999 D TAG     : java.lang.RuntimeException
03-02 10:18:54.555  1999  1999 D TAG     : 	at com.android.systemui.shared.recents.system.RemoteAnimationTargetCompat.obtainElement(RemoteAnimationTargetCompat.java:116)
03-02 10:18:54.555  1999  1999 D TAG     : 	at com.android.systemui.shared.recents.system.RemoteAnimationTargetCompat.<init>(RemoteAnimationTargetCompat.java:94)
03-02 10:18:54.555  1999  1999 D TAG     : 	at com.android.systemui.shared.recents.system.RemoteAnimationTargetCompat.wrap(RemoteAnimationTargetCompat.java:188)
03-02 10:18:54.555  1999  1999 D TAG     : 	at com.android.systemui.shared.recents.system.RemoteAnimationTargetCompat.wrapAppsForCompat(RemoteAnimationTargetCompat.java:233)
03-02 10:18:54.555  1999  1999 D TAG     : 	at com.android.systemui.shared.recents.system.WindowTransitionCompat$2.lambda$startAnimation$0(WindowTransitionCompat.java:120)
03-02 10:18:54.555  1999  1999 D TAG     : 	at com.android.systemui.shared.recents.system.WindowTransitionCompat$2.$r8$lambda$hcqKCUwnRuMqtvMJ6DPLae5xnFA(Unknown Source:0)
03-02 10:18:54.555  1999  1999 D TAG     : 	at com.android.systemui.shared.recents.system.WindowTransitionCompat$2$$ExternalSyntheticLambda0.run(Unknown Source:10)
03-02 10:18:54.555  1999  1999 D TAG     : 	at com.miui.home.library.utils.LooperExecutor.execute(LooperExecutor.java:43)
03-02 10:18:54.555  1999  1999 D TAG     : 	at com.android.systemui.shared.recents.system.WindowTransitionCompat$2.startAnimation(WindowTransitionCompat.java:267)
03-02 10:18:54.555  1999  1999 D TAG     : 	at com.android.systemui.shared.recents.system.WindowTransitionCompat.wrapRemoteTransition(WindowTransitionCompat.java:745)
03-02 10:18:54.555  1999  1999 D TAG     : 	at com.miui.home.recents.anim.WindowElement.injectRemoteTransition(WindowElement.kt:687)
03-02 10:18:54.555  1999  1999 D TAG     : 	at com.miui.home.recents.anim.StateManager$CommonState.handleEvent(StateManager.kt:1291)
03-02 10:18:54.555  1999  1999 D TAG     : 	at com.miui.home.recents.anim.StateManager.handleEventActually(StateManager.kt:112)
03-02 10:18:54.555  1999  1999 D TAG     : 	at com.miui.home.recents.anim.StateManager.sendEventActually$lambda-0(StateManager.kt:99)
03-02 10:18:54.555  1999  1999 D TAG     : 	at com.miui.home.recents.anim.StateManager.$r8$lambda$C-kZp_X93nanDwYsUFIjH_GwEtM(Unknown Source:0)
03-02 10:18:54.555  1999  1999 D TAG     : 	at com.miui.home.recents.anim.StateManager$$ExternalSyntheticLambda3.run(Unknown Source:4)
03-02 10:18:54.555  1999  1999 D TAG     : 	at android.os.Handler.handleCallback(Handler.java:959)
03-02 10:18:54.555  1999  1999 D TAG     : 	at android.os.Handler.dispatchMessage(Handler.java:100)
03-02 10:18:54.555  1999  1999 D TAG     : 	at android.os.Looper.loopOnce(Looper.java:249)
03-02 10:18:54.555  1999  1999 D TAG     : 	at android.os.Looper.loop(Looper.java:337)
03-02 10:18:54.555  1999  1999 D TAG     : 	at android.app.ActivityThread.main(ActivityThread.java:9500)
03-02 10:18:54.555  1999  1999 D TAG     : 	at java.lang.reflect.Method.invoke(Native Method)
03-02 10:18:54.555  1999  1999 D TAG     : 	at com.android.internal.os.RuntimeInit$MethodAndArgsCaller.run(RuntimeInit.java:636)
03-02 10:18:54.555  1999  1999 D TAG     : 	at com.android.internal.os.ZygoteInit.main(ZygoteInit.java:1005)
03-02 10:18:54.556  1999  1999 D TAG     : obtainElement: 0.0
03-02 10:18:54.556  1999  1999 D TAG     : java.lang.RuntimeException
03-02 10:18:54.556  1999  1999 D TAG     : 	at com.android.systemui.shared.recents.system.RemoteAnimationTargetCompat.obtainCornerRadius(RemoteAnimationTargetCompat.java:104)
03-02 10:18:54.556  1999  1999 D TAG     : 	at com.android.systemui.shared.recents.system.RemoteAnimationTargetCompat.<init>(RemoteAnimationTargetCompat.java:95)
03-02 10:18:54.556  1999  1999 D TAG     : 	at com.android.systemui.shared.recents.system.RemoteAnimationTargetCompat.wrap(RemoteAnimationTargetCompat.java:188)
03-02 10:18:54.556  1999  1999 D TAG     : 	at com.android.systemui.shared.recents.system.RemoteAnimationTargetCompat.wrapAppsForCompat(RemoteAnimationTargetCompat.java:233)
03-02 10:18:54.556  1999  1999 D TAG     : 	at com.android.systemui.shared.recents.system.WindowTransitionCompat$2.lambda$startAnimation$0(WindowTransitionCompat.java:120)
03-02 10:18:54.556  1999  1999 D TAG     : 	at com.android.systemui.shared.recents.system.WindowTransitionCompat$2.$r8$lambda$hcqKCUwnRuMqtvMJ6DPLae5xnFA(Unknown Source:0)
03-02 10:18:54.556  1999  1999 D TAG     : 	at com.android.systemui.shared.recents.system.WindowTransitionCompat$2$$ExternalSyntheticLambda0.run(Unknown Source:10)
03-02 10:18:54.556  1999  1999 D TAG     : 	at com.miui.home.library.utils.LooperExecutor.execute(LooperExecutor.java:43)
03-02 10:18:54.556  1999  1999 D TAG     : 	at com.android.systemui.shared.recents.system.WindowTransitionCompat$2.startAnimation(WindowTransitionCompat.java:267)
03-02 10:18:54.556  1999  1999 D TAG     : 	at com.android.systemui.shared.recents.system.WindowTransitionCompat.wrapRemoteTransition(WindowTransitionCompat.java:745)
03-02 10:18:54.556  1999  1999 D TAG     : 	at com.miui.home.recents.anim.WindowElement.injectRemoteTransition(WindowElement.kt:687)
03-02 10:18:54.556  1999  1999 D TAG     : 	at com.miui.home.recents.anim.StateManager$CommonState.handleEvent(StateManager.kt:1291)
03-02 10:18:54.556  1999  1999 D TAG     : 	at com.miui.home.recents.anim.StateManager.handleEventActually(StateManager.kt:112)
03-02 10:18:54.556  1999  1999 D TAG     : 	at com.miui.home.recents.anim.StateManager.sendEventActually$lambda-0(StateManager.kt:99)
03-02 10:18:54.556  1999  1999 D TAG     : 	at com.miui.home.recents.anim.StateManager.$r8$lambda$C-kZp_X93nanDwYsUFIjH_GwEtM(Unknown Source:0)
03-02 10:18:54.556  1999  1999 D TAG     : 	at com.miui.home.recents.anim.StateManager$$ExternalSyntheticLambda3.run(Unknown Source:4)
03-02 10:18:54.556  1999  1999 D TAG     : 	at android.os.Handler.handleCallback(Handler.java:959)
03-02 10:18:54.556  1999  1999 D TAG     : 	at android.os.Handler.dispatchMessage(Handler.java:100)
03-02 10:18:54.556  1999  1999 D TAG     : 	at android.os.Looper.loopOnce(Looper.java:249)
03-02 10:18:54.556  1999  1999 D TAG     : 	at android.os.Looper.loop(Looper.java:337)
03-02 10:18:54.556  1999  1999 D TAG     : 	at android.app.ActivityThread.main(ActivityThread.java:9500)
03-02 10:18:54.556  1999  1999 D TAG     : 	at java.lang.reflect.Method.invoke(Native Method)
03-02 10:18:54.556  1999  1999 D TAG     : 	at com.android.internal.os.RuntimeInit$MethodAndArgsCaller.run(RuntimeInit.java:636)
03-02 10:18:54.556  1999  1999 D TAG     : 	at com.android.internal.os.ZygoteInit.main(ZygoteInit.java:1005)
03-02 10:18:54.556  1999  1999 I TransitionUtil: rootLeash = Surface(name=Transition Root #10139: Task=1#133113)/@0x4e8d9b4
03-02 10:18:54.557  1999  2684 D RecentsModel: getRunningTask ignoreActivityType : 2 ,ignoreWindowMode:5
03-02 10:18:54.557   921  1166 I BufferQueueDebug: [TL_Surface(name=WallpaperWindowToken{2d6d85a token=android.os.Binder@8dfa005}#66)/@0x437e6c6_transition-leash#133117](this:0xb400007bcec97998,id:-1,api:0,p:-1,c:-1) BufferQueue core=(921:/system/bin/surfaceflinger)
03-02 10:18:54.557  1999  2684 W RecentsModel: getRunningTask   taskInfo=TaskInfo{userId=0 taskId=37019 displayId=0 isRunning=true baseIntent=Intent { flg=0x10000000 cmp=com.whatsapp/.home.ui.HomeActivity } baseActivity=ComponentInfo{com.whatsapp/com.whatsapp.home.ui.HomeActivity} topActivity=ComponentInfo{com.whatsapp/com.whatsapp.home.ui.HomeActivity} origActivity=null realActivity=ComponentInfo{com.whatsapp/com.whatsapp.home.ui.HomeActivity} numActivities=1 lastActiveTime=1025268869 supportsSplitScreenMultiWindow=true supportsMultiWindow=true resizeMode=1 isResizeable=true minWidth=-1 minHeight=-1 defaultMinSize=200 token=WCT{android.window.IWindowContainerToken$Stub$Proxy@a30c66f} topActivityType=1 pictureInPictureParams=null shouldDockBigOverlays=false launchIntoPipHostTaskId=-1 lastParentTaskIdBeforePip=-1 displayCutoutSafeInsets=Rect(0, 104 - 0, 0) topActivityInfo=ActivityInfo{c147f7c com.whatsapp.home.ui.HomeActivity} launchCookies=[] positionInParent=Point(0, 0) parentTaskId=-1 isFocused=false isVisible=false isVisibleRequested=false isSleeping=false locusId=null displayAreaFeatureId=1 isTopActivityTransparent=false appCompatTaskInfo=AppCompatTaskInfo { topActivityInSizeCompat=false topActivityEligibleForLetterboxEducation= falseisLetterboxEducationEnabled= false isLetterboxDoubleTapEnabled= false topActivityEligibleForUserAspectRatioButton= false topActivityBoundsLetterboxed= false isFromLetterboxDoubleTap= false topActivityLetterboxVerticalPosition= -1 topActivityLetterboxHorizontalPosition= -1 topActivityLetterboxWidth=1080 topActivityLetterboxHeight=2460 isUserFullscreenOverrideEnabled=false isSystemFullscreenOverrideEnabled=false cameraCompatTaskInfo=CameraCompatTaskInfo { cameraCompatControlState=hidden freeformCameraCompatMode=inactive}} isImmersive=false mTopActivityRequestOrientation=-2 mBehindAppLockPkg=null mOriginatingUid=0 isEmbedded=false shouldBeVisible=false mIsCastMode=false mTopActivityMediaSize=null mTopActivityRecordName=ActivityRecord{fc958f0 u0 com.whatsapp/.home.ui.HomeActivity t37019} mTopActivityOrientation=-2}
03-02 10:18:54.557  1999  2684 D RecentsModel: preloadRecents runningTaskId:37019, mCurrentRunningTaskId:-1, mRecentsTaskLoadPlan=com.android.systemui.shared.recents.model.RecentsTaskLoadPlan@97a4005
03-02 10:18:54.558  1999  1999 I TransitionUtil: setupLeash isAppOpening = false
03-02 10:18:54.558  1999  1999 I TransitionUtil: setLayer leash2 = Surface(name=TL_Surface(name=WallpaperWindowToken{2d6d85a token=android.os.Binder@8dfa005}#66)/@0x437e6c6_transition-leash#133117)/@0x16cf85a, layer = -2
03-02 10:18:54.558  1999  2684 E ActivityManagerWrapper: get all recent tasks force including 37019
03-02 10:18:54.559  1999  1999 D ReflectUtils: callObjectMethod
03-02 10:18:54.559  1999  1999 D ReflectUtils: java.lang.NoSuchMethodException: android.window.TransitionInfo$Change.getAllowEnterPip []
03-02 10:18:54.559  1999  1999 D ReflectUtils: 	at java.lang.Class.getMethod(Class.java:2934)
03-02 10:18:54.559  1999  1999 D ReflectUtils: 	at java.lang.Class.getDeclaredMethod(Class.java:2913)
03-02 10:18:54.559  1999  1999 D ReflectUtils: 	at com.miui.launcher.utils.ReflectUtils.callObjectMethod(ReflectUtils.java:35)
03-02 10:18:54.559  1999  1999 D ReflectUtils: 	at com.android.hideapi.TransitionInfoExpose$ChangeExpose.getAllowEnterPip(TransitionInfoExpose.java:119)
03-02 10:18:54.559  1999  1999 D ReflectUtils: 	at com.android.wm.shell.util.TransitionUtil.newTarget(TransitionUtil.java:556)
03-02 10:18:54.559  1999  1999 D ReflectUtils: 	at com.android.wm.shell.util.TransitionUtil.newTarget(TransitionUtil.java:493)
03-02 10:18:54.559  1999  1999 D ReflectUtils: 	at com.android.wm.shell.util.TransitionUtil.newTarget(TransitionUtil.java:484)
03-02 10:18:54.559  1999  1999 D ReflectUtils: 	at com.android.systemui.shared.recents.system.RemoteAnimationTargetCompat.wrap(RemoteAnimationTargetCompat.java:212)
03-02 10:18:54.559  1999  1999 D ReflectUtils: 	at com.android.systemui.shared.recents.system.RemoteAnimationTargetCompat.wrapNonAppsForCompat(RemoteAnimationTargetCompat.java:252)
03-02 10:18:54.559  1999  1999 D ReflectUtils: 	at com.android.systemui.shared.recents.system.WindowTransitionCompat$2.lambda$startAnimation$0(WindowTransitionCompat.java:122)
03-02 10:18:54.559  1999  1999 D ReflectUtils: 	at com.android.systemui.shared.recents.system.WindowTransitionCompat$2.$r8$lambda$hcqKCUwnRuMqtvMJ6DPLae5xnFA(Unknown Source:0)
03-02 10:18:54.559  1999  1999 D ReflectUtils: 	at com.android.systemui.shared.recents.system.WindowTransitionCompat$2$$ExternalSyntheticLambda0.run(Unknown Source:10)
03-02 10:18:54.559  1999  1999 D ReflectUtils: 	at com.miui.home.library.utils.LooperExecutor.execute(LooperExecutor.java:43)
03-02 10:18:54.559  1999  1999 D ReflectUtils: 	at com.android.systemui.shared.recents.system.WindowTransitionCompat$2.startAnimation(WindowTransitionCompat.java:267)
03-02 10:18:54.559  1999  1999 D ReflectUtils: 	at com.android.systemui.shared.recents.system.WindowTransitionCompat.wrapRemoteTransition(WindowTransitionCompat.java:745)
03-02 10:18:54.559  1999  1999 D ReflectUtils: 	at com.miui.home.recents.anim.WindowElement.injectRemoteTransition(WindowElement.kt:687)
03-02 10:18:54.559  1999  1999 D ReflectUtils: 	at com.miui.home.recents.anim.StateManager$CommonState.handleEvent(StateManager.kt:1291)
03-02 10:18:54.559  1999  1999 D ReflectUtils: 	at com.miui.home.recents.anim.StateManager.handleEventActually(StateManager.kt:112)
03-02 10:18:54.559  1999  1999 D ReflectUtils: 	at com.miui.home.recents.anim.StateManager.sendEventActually$lambda-0(StateManager.kt:99)
03-02 10:18:54.559  1999  1999 D ReflectUtils: 	at com.miui.home.recents.anim.StateManager.$r8$lambda$C-kZp_X93nanDwYsUFIjH_GwEtM(Unknown Source:0)
03-02 10:18:54.559  1999  1999 D ReflectUtils: 	at com.miui.home.recents.anim.StateManager$$ExternalSyntheticLambda3.run(Unknown Source:4)
03-02 10:18:54.559  1999  1999 D ReflectUtils: 	at android.os.Handler.handleCallback(Handler.java:959)
03-02 10:18:54.559  1999  1999 D ReflectUtils: 	at android.os.Handler.dispatchMessage(Handler.java:100)
03-02 10:18:54.559  1999  1999 D ReflectUtils: 	at android.os.Looper.loopOnce(Looper.java:249)
03-02 10:18:54.559  1999  1999 D ReflectUtils: 	at android.os.Looper.loop(Looper.java:337)
03-02 10:18:54.559  1999  1999 D ReflectUtils: 	at android.app.ActivityThread.main(ActivityThread.java:9500)
03-02 10:18:54.559  1999  1999 D ReflectUtils: 	at java.lang.reflect.Method.invoke(Native Method)
03-02 10:18:54.559  1999  1999 D ReflectUtils: 	at com.android.internal.os.RuntimeInit$MethodAndArgsCaller.run(RuntimeInit.java:636)
03-02 10:18:54.559  1999  1999 D ReflectUtils: 	at com.android.internal.os.ZygoteInit.main(ZygoteInit.java:1005)
03-02 10:18:54.559  1999  1999 W TransitionInfoExpose.ChangeExpose: getAllowEnterPip: return null from reflection, use default value false
03-02 10:18:54.559  1999  1999 I TransitionUtil: rootLeash = Surface(name=Transition Root #10139: Task=1#133113)/@0x4e8d9b4
03-02 10:18:54.560   921  2359 I BufferQueueDebug: [TL_Surface(name=WallpaperWindowToken{d3319dd token=android.os.Binder@113b9b4}#64)/@0x741c687_transition-leash#133118](this:0xb400007bcec7b1f8,id:-1,api:0,p:-1,c:-1) BufferQueue core=(921:/system/bin/surfaceflinger)
03-02 10:18:54.561  1999  1999 I TransitionUtil: setupLeash isAppOpening = false
03-02 10:18:54.561  1999  1999 I TransitionUtil: setLayer leash2 = Surface(name=TL_Surface(name=WallpaperWindowToken{d3319dd token=android.os.Binder@113b9b4}#64)/@0x741c687_transition-leash#133118)/@0x3e81768, layer = -3
03-02 10:18:54.562  1999  1999 D ReflectUtils: callObjectMethod
03-02 10:18:54.562  1999  1999 D ReflectUtils: java.lang.NoSuchMethodException: android.window.TransitionInfo$Change.getAllowEnterPip []
03-02 10:18:54.562  1999  1999 D ReflectUtils: 	at java.lang.Class.getMethod(Class.java:2934)
03-02 10:18:54.562  1999  1999 D ReflectUtils: 	at java.lang.Class.getDeclaredMethod(Class.java:2913)
03-02 10:18:54.562  1999  1999 D ReflectUtils: 	at com.miui.launcher.utils.ReflectUtils.callObjectMethod(ReflectUtils.java:35)
03-02 10:18:54.562  1999  1999 D ReflectUtils: 	at com.android.hideapi.TransitionInfoExpose$ChangeExpose.getAllowEnterPip(TransitionInfoExpose.java:119)
03-02 10:18:54.562  1999  1999 D ReflectUtils: 	at com.android.wm.shell.util.TransitionUtil.newTarget(TransitionUtil.java:556)
03-02 10:18:54.562  1999  1999 D ReflectUtils: 	at com.android.wm.shell.util.TransitionUtil.newTarget(TransitionUtil.java:493)
03-02 10:18:54.562  1999  1999 D ReflectUtils: 	at com.android.wm.shell.util.TransitionUtil.newTarget(TransitionUtil.java:484)
03-02 10:18:54.562  1999  1999 D ReflectUtils: 	at com.android.systemui.shared.recents.system.RemoteAnimationTargetCompat.wrap(RemoteAnimationTargetCompat.java:212)
03-02 10:18:54.562  1999  1999 D ReflectUtils: 	at com.android.systemui.shared.recents.system.RemoteAnimationTargetCompat.wrapNonAppsForCompat(RemoteAnimationTargetCompat.java:252)
03-02 10:18:54.562  1999  1999 D ReflectUtils: 	at com.android.systemui.shared.recents.system.WindowTransitionCompat$2.lambda$startAnimation$0(WindowTransitionCompat.java:122)
03-02 10:18:54.562  1999  1999 D ReflectUtils: 	at com.android.systemui.shared.recents.system.WindowTransitionCompat$2.$r8$lambda$hcqKCUwnRuMqtvMJ6DPLae5xnFA(Unknown Source:0)
03-02 10:18:54.562  1999  1999 D ReflectUtils: 	at com.android.systemui.shared.recents.system.WindowTransitionCompat$2$$ExternalSyntheticLambda0.run(Unknown Source:10)
03-02 10:18:54.562  1999  1999 D ReflectUtils: 	at com.miui.home.library.utils.LooperExecutor.execute(LooperExecutor.java:43)
03-02 10:18:54.562  1999  1999 D ReflectUtils: 	at com.android.systemui.shared.recents.system.WindowTransitionCompat$2.startAnimation(WindowTransitionCompat.java:267)
03-02 10:18:54.562  1999  1999 D ReflectUtils: 	at com.android.systemui.shared.recents.system.WindowTransitionCompat.wrapRemoteTransition(WindowTransitionCompat.java:745)
03-02 10:18:54.562  1999  1999 D ReflectUtils: 	at com.miui.home.recents.anim.WindowElement.injectRemoteTransition(WindowElement.kt:687)
03-02 10:18:54.562  1999  1999 D ReflectUtils: 	at com.miui.home.recents.anim.StateManager$CommonState.handleEvent(StateManager.kt:1291)
03-02 10:18:54.562  1999  1999 D ReflectUtils: 	at com.miui.home.recents.anim.StateManager.handleEventActually(StateManager.kt:112)
03-02 10:18:54.562  1999  1999 D ReflectUtils: 	at com.miui.home.recents.anim.StateManager.sendEventActually$lambda-0(StateManager.kt:99)
03-02 10:18:54.562  1999  1999 D ReflectUtils: 	at com.miui.home.recents.anim.StateManager.$r8$lambda$C-kZp_X93nanDwYsUFIjH_GwEtM(Unknown Source:0)
03-02 10:18:54.562  1999  1999 D ReflectUtils: 	at com.miui.home.recents.anim.StateManager$$ExternalSyntheticLambda3.run(Unknown Source:4)
03-02 10:18:54.562  1999  1999 D ReflectUtils: 	at android.os.Handler.handleCallback(Handler.java:959)
03-02 10:18:54.562  1999  1999 D ReflectUtils: 	at android.os.Handler.dispatchMessage(Handler.java:100)
03-02 10:18:54.562  1999  1999 D ReflectUtils: 	at android.os.Looper.loopOnce(Looper.java:249)
03-02 10:18:54.562  1999  1999 D ReflectUtils: 	at android.os.Looper.loop(Looper.java:337)
03-02 10:18:54.562  1999  1999 D ReflectUtils: 	at android.app.ActivityThread.main(ActivityThread.java:9500)
03-02 10:18:54.562  1999  1999 D ReflectUtils: 	at java.lang.reflect.Method.invoke(Native Method)
03-02 10:18:54.562  1999  1999 D ReflectUtils: 	at com.android.internal.os.RuntimeInit$MethodAndArgsCaller.run(RuntimeInit.java:636)
03-02 10:18:54.562  1999  1999 D ReflectUtils: 	at com.android.internal.os.ZygoteInit.main(ZygoteInit.java:1005)
03-02 10:18:54.562  1999  1999 W TransitionInfoExpose.ChangeExpose: getAllowEnterPip: return null from reflection, use default value false
03-02 10:18:54.562  1999  1999 D TAG     : obtainElement: false
03-02 10:18:54.562  1999  1999 D TAG     : java.lang.RuntimeException
03-02 10:18:54.562  1999  1999 D TAG     : 	at com.android.systemui.shared.recents.system.RemoteAnimationTargetCompat.obtainElement(RemoteAnimationTargetCompat.java:116)
03-02 10:18:54.562  1999  1999 D TAG     : 	at com.android.systemui.shared.recents.system.RemoteAnimationTargetCompat.<init>(RemoteAnimationTargetCompat.java:94)
03-02 10:18:54.562  1999  1999 D TAG     : 	at com.android.systemui.shared.recents.system.RemoteAnimationTargetCompat.wrap(RemoteAnimationTargetCompat.java:188)
03-02 10:18:54.562  1999  1999 D TAG     : 	at com.android.systemui.shared.recents.system.RemoteAnimationTargetCompat.wrapNonAppsForCompat(RemoteAnimationTargetCompat.java:254)
03-02 10:18:54.562  1999  1999 D TAG     : 	at com.android.systemui.shared.recents.system.WindowTransitionCompat$2.lambda$startAnimation$0(WindowTransitionCompat.java:122)
03-02 10:18:54.562  1999  1999 D TAG     : 	at com.android.systemui.shared.recents.system.WindowTransitionCompat$2.$r8$lambda$hcqKCUwnRuMqtvMJ6DPLae5xnFA(Unknown Source:0)
03-02 10:18:54.562  1999  1999 D TAG     : 	at com.android.systemui.shared.recents.system.WindowTransitionCompat$2$$ExternalSyntheticLambda0.run(Unknown Source:10)
03-02 10:18:54.562  1999  1999 D TAG     : 	at com.miui.home.library.utils.LooperExecutor.execute(LooperExecutor.java:43)
03-02 10:18:54.562  1999  1999 D TAG     : 	at com.android.systemui.shared.recents.system.WindowTransitionCompat$2.startAnimation(WindowTransitionCompat.java:267)
03-02 10:18:54.562  1999  1999 D TAG     : 	at com.android.systemui.shared.recents.system.WindowTransitionCompat.wrapRemoteTransition(WindowTransitionCompat.java:745)
03-02 10:18:54.562  1999  1999 D TAG     : 	at com.miui.home.recents.anim.WindowElement.injectRemoteTransition(WindowElement.kt:687)
03-02 10:18:54.562  1999  1999 D TAG     : 	at com.miui.home.recents.anim.StateManager$CommonState.handleEvent(StateManager.kt:1291)
03-02 10:18:54.562  1999  1999 D TAG     : 	at com.miui.home.recents.anim.StateManager.handleEventActually(StateManager.kt:112)
03-02 10:18:54.562  1999  1999 D TAG     : 	at com.miui.home.recents.anim.StateManager.sendEventActually$lambda-0(StateManager.kt:99)
03-02 10:18:54.562  1999  1999 D TAG     : 	at com.miui.home.recents.anim.StateManager.$r8$lambda$C-kZp_X93nanDwYsUFIjH_GwEtM(Unknown Source:0)
03-02 10:18:54.562  1999  1999 D TAG     : 	at com.miui.home.recents.anim.StateManager$$ExternalSyntheticLambda3.run(Unknown Source:4)
03-02 10:18:54.562  1999  1999 D TAG     : 	at android.os.Handler.handleCallback(Handler.java:959)
03-02 10:18:54.562  1999  1999 D TAG     : 	at android.os.Handler.dispatchMessage(Handler.java:100)
03-02 10:18:54.562  1999  1999 D TAG     : 	at android.os.Looper.loopOnce(Looper.java:249)
03-02 10:18:54.562  1999  1999 D TAG     : 	at android.os.Looper.loop(Looper.java:337)
03-02 10:18:54.562  1999  1999 D TAG     : 	at android.app.ActivityThread.main(ActivityThread.java:9500)
03-02 10:18:54.562  1999  1999 D TAG     : 	at java.lang.reflect.Method.invoke(Native Method)
03-02 10:18:54.562  1999  1999 D TAG     : 	at com.android.internal.os.RuntimeInit$MethodAndArgsCaller.run(RuntimeInit.java:636)
03-02 10:18:54.562  1999  1999 D TAG     : 	at com.android.internal.os.ZygoteInit.main(ZygoteInit.java:1005)
03-02 10:18:54.563  1999  1999 D TAG     : obtainElement: 0.0
03-02 10:18:54.563  1999  1999 D TAG     : java.lang.RuntimeException
03-02 10:18:54.563  1999  1999 D TAG     : 	at com.android.systemui.shared.recents.system.RemoteAnimationTargetCompat.obtainCornerRadius(RemoteAnimationTargetCompat.java:104)
03-02 10:18:54.563  1999  1999 D TAG     : 	at com.android.systemui.shared.recents.system.RemoteAnimationTargetCompat.<init>(RemoteAnimationTargetCompat.java:95)
03-02 10:18:54.563  1999  1999 D TAG     : 	at com.android.systemui.shared.recents.system.RemoteAnimationTargetCompat.wrap(RemoteAnimationTargetCompat.java:188)
03-02 10:18:54.563  1999  1999 D TAG     : 	at com.android.systemui.shared.recents.system.RemoteAnimationTargetCompat.wrapNonAppsForCompat(RemoteAnimationTargetCompat.java:254)
03-02 10:18:54.563  1999  1999 D TAG     : 	at com.android.systemui.shared.recents.system.WindowTransitionCompat$2.lambda$startAnimation$0(WindowTransitionCompat.java:122)
03-02 10:18:54.563  1999  1999 D TAG     : 	at com.android.systemui.shared.recents.system.WindowTransitionCompat$2.$r8$lambda$hcqKCUwnRuMqtvMJ6DPLae5xnFA(Unknown Source:0)
03-02 10:18:54.563  1999  1999 D TAG     : 	at com.android.systemui.shared.recents.system.WindowTransitionCompat$2$$ExternalSyntheticLambda0.run(Unknown Source:10)
03-02 10:18:54.563  1999  1999 D TAG     : 	at com.miui.home.library.utils.LooperExecutor.execute(LooperExecutor.java:43)
03-02 10:18:54.563  1999  1999 D TAG     : 	at com.android.systemui.shared.recents.system.WindowTransitionCompat$2.startAnimation(WindowTransitionCompat.java:267)
03-02 10:18:54.563  1999  1999 D TAG     : 	at com.android.systemui.shared.recents.system.WindowTransitionCompat.wrapRemoteTransition(WindowTransitionCompat.java:745)
03-02 10:18:54.563  1999  1999 D TAG     : 	at com.miui.home.recents.anim.WindowElement.injectRemoteTransition(WindowElement.kt:687)
03-02 10:18:54.563  1999  1999 D TAG     : 	at com.miui.home.recents.anim.StateManager$CommonState.handleEvent(StateManager.kt:1291)
03-02 10:18:54.563  1999  1999 D TAG     : 	at com.miui.home.recents.anim.StateManager.handleEventActually(StateManager.kt:112)
03-02 10:18:54.563  1999  1999 D TAG     : 	at com.miui.home.recents.anim.StateManager.sendEventActually$lambda-0(StateManager.kt:99)
03-02 10:18:54.563  1999  1999 D TAG     : 	at com.miui.home.recents.anim.StateManager.$r8$lambda$C-kZp_X93nanDwYsUFIjH_GwEtM(Unknown Source:0)
03-02 10:18:54.563  1999  1999 D TAG     : 	at com.miui.home.recents.anim.StateManager$$ExternalSyntheticLambda3.run(Unknown Source:4)
03-02 10:18:54.563  1999  1999 D TAG     : 	at android.os.Handler.handleCallback(Handler.java:959)
03-02 10:18:54.563  1999  1999 D TAG     : 	at android.os.Handler.dispatchMessage(Handler.java:100)
03-02 10:18:54.563  1999  1999 D TAG     : 	at android.os.Looper.loopOnce(Looper.java:249)
03-02 10:18:54.563  1999  1999 D TAG     : 	at android.os.Looper.loop(Looper.java:337)
03-02 10:18:54.563  1999  1999 D TAG     : 	at android.app.ActivityThread.main(ActivityThread.java:9500)
03-02 10:18:54.563  1999  1999 D TAG     : 	at java.lang.reflect.Method.invoke(Native Method)
03-02 10:18:54.563  1999  1999 D TAG     : 	at com.android.internal.os.RuntimeInit$MethodAndArgsCaller.run(RuntimeInit.java:636)
03-02 10:18:54.563  1999  1999 D TAG     : 	at com.android.internal.os.ZygoteInit.main(ZygoteInit.java:1005)
03-02 10:18:54.563  1999  1999 D TAG     : obtainElement: false
03-02 10:18:54.563  1999  1999 D TAG     : java.lang.RuntimeException
03-02 10:18:54.563  1999  1999 D TAG     : 	at com.android.systemui.shared.recents.system.RemoteAnimationTargetCompat.obtainElement(RemoteAnimationTargetCompat.java:116)
03-02 10:18:54.563  1999  1999 D TAG     : 	at com.android.systemui.shared.recents.system.RemoteAnimationTargetCompat.<init>(RemoteAnimationTargetCompat.java:94)
03-02 10:18:54.563  1999  1999 D TAG     : 	at com.android.systemui.shared.recents.system.RemoteAnimationTargetCompat.wrap(RemoteAnimationTargetCompat.java:188)
