03-02 10:19:00.454   921   921 I PowerHalWrapper: updateFps(): 36
03-02 10:19:00.455   921   921 I PowerHalWrapper: updateFps(): 36
03-02 10:19:00.470   849  1481 I hwcomposer: [HWCDisplay] (0 updateAppliedConfigState():4360), applied config complete[idx:608334003807771, config:3]  
03-02 10:19:00.522  2350  2350 W Settings: Setting airplane_mode_on has moved from android.provider.Settings.System to android.provider.Settings.Global, returning read-only value.
03-02 10:19:00.596  1621  1666 I SmartPower: com.instagram.android/10301(18523): idle->background(2120ms) R(broadcast start Intent { act=android.intent.action.BATTERY_CHANGED flg=0x60000010 (has extras) }) adj=915.
03-02 10:19:00.597  1621  1666 I SmartPower: com.facebook.katana/10287(21983): idle->background(2116ms) R(broadcast start Intent { act=android.intent.action.BATTERY_CHANGED flg=0x60000010 (has extras) }) adj=915.
03-02 10:19:00.598  1621  1666 I SmartPower: com.android.chrome/10174(23296): idle->background(2117ms) R(broadcast start Intent { act=android.intent.action.BATTERY_CHANGED flg=0x60000010 (has extras) }) adj=905.
03-02 10:19:00.599  1621  1666 I SmartPower: com.instagram.barcelona/10075(24575): idle->background(2117ms) R(broadcast start Intent { act=android.intent.action.BATTERY_CHANGED flg=0x60000010 (has extras) }) adj=905.
03-02 10:19:00.661   921  1467 W EventThreadInspector: slow VSync-app on display(4627039422300187648) count=2, avg=41 ms, max=44 ms.
03-02 10:19:00.678   861   947 I libPerfCtl: xgfGetFPS pid:921 fps:-1
03-02 10:19:00.678   861   947 I libPerfCtl: xgfGetFPS pid:2363 fps:-1
03-02 10:19:00.725  1055  1191 D connsyslogger: data recycle:time out
03-02 10:19:00.725  1055  1191 D connsyslogger: idx=0 Bootup Log: 2 log files! filecount=3 
03-02 10:19:00.743  1621  1922 I SmartPower: com.mi.globalminusscreen/10162(11917): background->idle(5001ms) R(become invisible) adj=0.
03-02 10:19:00.791   849  1430 I hwcomposer: [HWC] (0)fire a callback of refresh to SF[4]  
03-02 10:19:00.828   921   921 I MI-SF   : surfaceflinger setAffinity mode=1
03-02 10:19:00.828   921   921 E MI-SF   : surfaceflinger setAffinity success
03-02 10:19:00.828   921   921 I MI-SF   : surfaceflinger setreAffinity reTid=1207
03-02 10:19:00.828   921   921 E MI-SF   : surfaceflinger setAffinity success
03-02 10:19:00.883  1177  1177 I thermal_src: recvmsg_expect 5, but get 2 
03-02 10:19:00.883  1177  1177 V thermal_src: TA_DAEMON_CMD_GET_TPCB:ERROR ret=-1
03-02 10:19:00.883  1177  1177 E thermal_src: get_tpcb_from_kernel:error -1. retry...
03-02 10:19:00.883  1177  1177 I thermal_src: recvmsg_expect 4, but get 2 
03-02 10:19:00.884  1177  1177 V thermal_src: TA_DAEMON_CMD_SET_TTJ:ERROR ret=-1
03-02 10:19:00.884  1177  1177 E thermal_src: set_ttj_to_kernel 1:error -1
03-02 10:19:00.884  1177  1177 I thermal_src: recvmsg_expect 2, but get 5 
03-02 10:19:00.884  1177  1177 V thermal_src: waiting NOTIFY from kernel miss, -1
03-02 10:19:00.884  1177  1177 I thermal_src: recvmsg_expect 2, but get 4 
03-02 10:19:00.884  1177  1177 V thermal_src: waiting NOTIFY from kernel miss, -1
03-02 10:19:00.979 19814 25765 I ExpoModulesCore: Γ£à AppContext was initialized
03-02 10:19:01.129 19814 25765 W unknown:BridgelessReact: ReactHost{0}.getOrCreateReactInstanceTask(): Loading JS Bundle
03-02 10:19:01.130 19814 25765 W unknown:BridgelessReact: ReactHost{0}.getOrCreateReactInstanceTask(): Calling DevSupportManagerBase.onNewReactContextCreated(reactContext)
03-02 10:19:01.137 19814 25765 W unknown:BridgelessReact: ReactHost{0}.startSurface(surfaceId = 0): Execute
03-02 10:19:01.148  1621  1922 I SmartPower: com.google.android.gms/10147(8942): background->idle(5405ms) R(service end com.google.android.gms/.chimera.GmsIntentOperationService) adj=500.
03-02 10:19:01.161 19814 19814 W unknown:ReactNative: Packager connection already open, nooping.
03-02 10:19:01.161 19814 19814 W unknown:BridgelessReact: ReactContext.onHostResume()
03-02 10:19:01.167 19814 19814 W unknown:BridgelessReact: ReactHost{0}.getOrCreateReactInstanceTask(): Executing ReactInstanceEventListeners
03-02 10:19:01.305  1621  2188 D AS.BtHelper: isBluetoothScoOn() mBluetoothHeadset is null: falsemBluetoothHeadsetDevice is null: true
03-02 10:19:01.305  1621  2188 V AS.AudioDeviceBroker: requestedCommunicationDevice: null mAudioModeOwner: AudioModeInfo: mMode=MODE_NORMAL, mPid=0, mUid=0
03-02 10:19:01.306  1621  2188 D AS.BtHelper: isBluetoothScoOn() mBluetoothHeadset is null: falsemBluetoothHeadsetDevice is null: true
03-02 10:19:01.306  1621  2188 V AS.AudioDeviceBroker: requestedCommunicationDevice: null mAudioModeOwner: AudioModeInfo: mMode=MODE_NORMAL, mPid=0, mUid=0
03-02 10:19:01.431  1167  1167 I thermal_repeater: [recvMdThermalInfo] ret=25, strLen=127,  3, 39, -9, 196, 32767, 0
03-02 10:19:01.446  1621  1918 E HyperSentinel: -------------------------------------------------------
03-02 10:19:01.446  1621  1918 E HyperSentinel: Event_ResidentSize
03-02 10:19:01.446  1621  1918 E HyperSentinel: -> audit event by proc 19814 "usap64": RSS increasement, peak 242244kb -> 363372kb
03-02 10:19:01.678   861   947 I libPerfCtl: xgfGetFPS pid:921 fps:-1
03-02 10:19:01.678   861   947 I libPerfCtl: xgfGetFPS pid:2363 fps:-1
03-02 10:19:02.309  1621  5054 D AS.BtHelper: isBluetoothScoOn() mBluetoothHeadset is null: falsemBluetoothHeadsetDevice is null: true
03-02 10:19:02.309  1621  5054 V AS.AudioDeviceBroker: requestedCommunicationDevice: null mAudioModeOwner: AudioModeInfo: mMode=MODE_NORMAL, mPid=0, mUid=0
03-02 10:19:02.310  1621  5054 D AS.BtHelper: isBluetoothScoOn() mBluetoothHeadset is null: falsemBluetoothHeadsetDevice is null: true
03-02 10:19:02.310  1621  5054 V AS.AudioDeviceBroker: requestedCommunicationDevice: null mAudioModeOwner: AudioModeInfo: mMode=MODE_NORMAL, mPid=0, mUid=0
03-02 10:19:02.313  1201  1298 D AALService: [CRTC_114] onALIChanged: 15 -> 17
03-02 10:19:02.340  1055  1186 D connsyslogger: SD_LOG_ROOT is /data/debuglogger/connsyslog/fw.
03-02 10:19:02.340  1055  1186 D connsyslogger: systemReady:1
03-02 10:19:02.345 19814 25795 I WebViewFactory: Loading com.google.android.webview version 145.0.7632.79 (code 763207903)
03-02 10:19:02.355 19814 25795 D ApplicationLoaders: Returning zygote-cached class loader: /system/framework/android.test.base.jar
03-02 10:19:02.355 19814 25795 D ApplicationLoaders: Returning zygote-cached class loader: /system_ext/framework/androidx.window.extensions.jar
03-02 10:19:02.363 19814 25795 W softnation.Ojam: Loading /data/app/~~6WQvy1g3uHyDFuZpDlez4A==/com.google.android.webview-LhKVE1I3zKkU3w5MlwC1TA==/oat/arm64/base.odex non-executable as it requires an image which we failed to load
03-02 10:19:02.368 19814 25795 D nativeloader: Configuring clns-8 for other apk /data/app/~~6WQvy1g3uHyDFuZpDlez4A==/com.google.android.webview-LhKVE1I3zKkU3w5MlwC1TA==/base.apk. target_sdk_version=36, uses_libraries=, library_path=/data/app/~~6WQvy1g3uHyDFuZpDlez4A==/com.google.android.webview-LhKVE1I3zKkU3w5MlwC1TA==/lib/arm64:/data/app/~~6WQvy1g3uHyDFuZpDlez4A==/com.google.android.webview-LhKVE1I3zKkU3w5MlwC1TA==/base.apk!/lib/arm64-v8a, permitted_path=/data:/mnt/expand
03-02 10:19:02.417 19814 25805 D ProfileInstaller: Installing profile for com.softnation.Ojam
03-02 10:19:02.418 19814 25795 I cr_WVCFactoryProvider: version=145.0.7632.79 (763207903) minSdkVersion=29 multiprocess=true packageId=127 splits=<none>
03-02 10:19:02.431 19814 25795 D nativeloader: Load /data/app/~~6WQvy1g3uHyDFuZpDlez4A==/com.google.android.webview-LhKVE1I3zKkU3w5MlwC1TA==/base.apk!/lib/arm64-v8a/libwebviewchromium.so using class loader ns clns-8 (caller=/data/app/~~6WQvy1g3uHyDFuZpDlez4A==/com.google.android.webview-LhKVE1I3zKkU3w5MlwC1TA==/base.apk): ok
03-02 10:19:02.436 19814 25795 D nativeloader: Load /system/lib64/libwebviewchromium_plat_support.so using class loader ns clns-8 (caller=/data/app/~~6WQvy1g3uHyDFuZpDlez4A==/com.google.android.webview-LhKVE1I3zKkU3w5MlwC1TA==/base.apk): ok
03-02 10:19:02.445 19814 25809 I chromium: [0302/101902.444674:INFO:android_webview/browser/variations/variations_seed_loader.cc:67] Failed to open file for reading.: No such file or directory (2)
03-02 10:19:02.454 19814 25795 I cr_LibraryLoader: Successfully loaded native library
03-02 10:19:02.456 19814 25795 I cr_CachingUmaRecorder: Flushed 18 samples from 18 histograms, 0 samples were dropped.
03-02 10:19:02.528 19814 25794 D nativeloader: Load /data/app/~~Bh61wenJZi6JNVEuOkVQfQ==/com.softnation.Ojam-nnCVAdHxKfOmup5FCuBDYQ==/base.apk!/lib/arm64-v8a/libexpo-modules-core.so using class loader ns clns-7 (caller=/data/app/~~Bh61wenJZi6JNVEuOkVQfQ==/com.softnation.Ojam-nnCVAdHxKfOmup5FCuBDYQ==/base.apk!classes20.dex): ok
03-02 10:19:02.610 19814 25794 W unknown:ViewManagerPropertyUpdater: Could not find generated setter for class com.th3rdwave.safeareacontext.SafeAreaProviderManager
03-02 10:19:02.618 19814 25794 W unknown:ViewManagerPropertyUpdater: Could not find generated setter for class com.facebook.react.uimanager.LayoutShadowNode
03-02 10:19:02.622 19814 25794 W unknown:ViewManagerPropertyUpdater: Could not find generated setter for class com.swmansion.rnscreens.SearchBarManager
03-02 10:19:02.625 19814 25794 W unknown:ViewManagerPropertyUpdater: Could not find generated setter for class com.swmansion.rnscreens.ScreenFooterManager
03-02 10:19:02.627 19814 25794 W unknown:ViewManagerPropertyUpdater: Could not find generated setter for class com.swmansion.rnscreens.gamma.tabs.TabScreenViewManager
03-02 10:19:02.630 19814 25794 W unknown:ViewManagerPropertyUpdater: Could not find generated setter for class expo.modules.kotlin.views.GroupViewManagerWrapper
03-02 10:19:02.634  1621  1922 I SmartPower: com.whatsapp/10300(31638): background->idle(3000ms) R(broadcast start Intent { act=android.intent.action.BATTERY_CHANGED flg=0x60000010 (has extras) }) adj=700.
03-02 10:19:02.637 19814 25794 W unknown:ViewManagerPropertyUpdater: Could not find generated setter for class com.swmansion.rnscreens.ScreenContainerViewManager
03-02 10:19:02.638 19814 25794 W unknown:ViewManagerPropertyUpdater: Could not find generated setter for class com.reactnativecommunity.slider.ReactSliderManager
03-02 10:19:02.641  1621  1922 I SmartPower: com.google.android.apps.nbu.files/10308(21821): background->idle(3002ms) R(service unbind com.google.android.apps.nbu.files/androidx.work.impl.background.systemjob.SystemJobService) adj=905.
03-02 10:19:02.646 19814 25794 W unknown:ViewManagerPropertyUpdater: Could not find generated setter for class com.swmansion.rnscreens.gamma.tabs.TabsHostViewManager
03-02 10:19:02.649 19814 25794 W unknown:ViewManagerPropertyUpdater: Could not find generated setter for class com.swmansion.rnscreens.ModalScreenViewManager
03-02 10:19:02.655 19814 25794 W unknown:ViewManagerPropertyUpdater: Could not find generated setter for class com.swmansion.rnscreens.ScreenStackHeaderConfigViewManager
03-02 10:19:02.661 19814 25794 W unknown:ViewManagerPropertyUpdater: Could not find generated setter for class com.swmansion.rnscreens.ScreenContentWrapperManager
03-02 10:19:02.662 19814 25794 W unknown:ViewManagerPropertyUpdater: Could not find generated setter for class com.th3rdwave.safeareacontext.SafeAreaViewManager
03-02 10:19:02.665 19814 25794 W unknown:ViewManagerPropertyUpdater: Could not find generated setter for class com.th3rdwave.safeareacontext.SafeAreaViewShadowNode
03-02 10:19:02.668 19814 25794 W unknown:ViewManagerPropertyUpdater: Could not find generated setter for class com.swmansion.rnscreens.ScreenViewManager
03-02 10:19:02.672 19814 25794 W unknown:ViewManagerPropertyUpdater: Could not find generated setter for class expo.modules.kotlin.views.SimpleViewManagerWrapper
03-02 10:19:02.675 19814 25794 W unknown:ViewManagerPropertyUpdater: Could not find generated setter for class com.swmansion.rnscreens.ScreenStackHeaderSubviewManager
03-02 10:19:02.678   861   947 I libPerfCtl: xgfGetFPS pid:2363 fps:-1
03-02 10:19:02.678 19814 25794 W unknown:ViewManagerPropertyUpdater: Could not find generated setter for class com.swmansion.rnscreens.ScreenStackViewManager
03-02 10:19:02.886  1177  1177 I thermal_src: recvmsg_expect 5, but get 2 
03-02 10:19:02.886  1177  1177 V thermal_src: TA_DAEMON_CMD_GET_TPCB:ERROR ret=-1
03-02 10:19:02.886  1177  1177 E thermal_src: get_tpcb_from_kernel:error -1. retry...
03-02 10:19:02.886  1177  1177 I thermal_src: recvmsg_expect 5, but get 2 
03-02 10:19:02.887  1177  1177 V thermal_src: TA_DAEMON_CMD_GET_TPCB:ERROR ret=-1
03-02 10:19:02.887  1177  1177 E thermal_src: get_tpcb_from_kernel:error -1. retry...
03-02 10:19:02.887  1177  1177 I thermal_src: recvmsg_expect 5, but get 2 
03-02 10:19:02.887  1177  1177 V thermal_src: TA_DAEMON_CMD_GET_TPCB:ERROR ret=-1
03-02 10:19:02.887  1177  1177 E thermal_src: get_tpcb_from_kernel:error -1. retry...
03-02 10:19:02.887  1177  1177 I thermal_src: recvmsg_expect 4, but get 5 
03-02 10:19:02.887  1177  1177 V thermal_src: TA_DAEMON_CMD_SET_TTJ:ERROR ret=-1
03-02 10:19:02.887  1177  1177 E thermal_src: set_ttj_to_kernel 1:error -1
03-02 10:19:02.887  1177  1177 I thermal_src: recvmsg_expect 2, but get 5 
03-02 10:19:02.887  1177  1177 V thermal_src: waiting NOTIFY from kernel miss, -1
03-02 10:19:02.887  1177  1177 I thermal_src: recvmsg_expect 2, but get 5 
03-02 10:19:02.887  1177  1177 V thermal_src: waiting NOTIFY from kernel miss, -1
03-02 10:19:02.887  1177  1177 I thermal_src: recvmsg_expect 2, but get 4 
03-02 10:19:02.887  1177  1177 V thermal_src: waiting NOTIFY from kernel miss, -1
03-02 10:19:02.944  2350  2350 W Settings: Setting airplane_mode_on has moved from android.provider.Settings.System to android.provider.Settings.Global, returning read-only value.
03-02 10:19:02.946  2350  2350 W Settings: Setting airplane_mode_on has moved from android.provider.Settings.System to android.provider.Settings.Global, returning read-only value.
03-02 10:19:02.949  2350 29580 D NetworkSpeedTracker: updateSignalInfo lteRsrp=-71lteSnr=20,phoneId=1
03-02 10:19:02.952  2350 29580 D NetworkSpeedTracker: updateSignalInfo lteRsrp=-71lteSnr=20,phoneId=1
03-02 10:19:02.980 19814 25794 W unknown:ViewManagerPropertyUpdater: Could not find generated setter for class com.horcrux.svg.RenderableViewManager$FeMergeManager
03-02 10:19:02.983 19814 25794 W unknown:ViewManagerPropertyUpdater: Could not find generated setter for class com.horcrux.svg.VirtualViewManager$RenderableShadowNode
03-02 10:19:02.999 19814 25794 W unknown:ViewManagerPropertyUpdater: Could not find generated setter for class com.facebook.react.views.safeareaview.ReactSafeAreaViewManager
03-02 10:19:03.000 19814 25794 W unknown:ViewManagerPropertyUpdater: Could not find generated setter for class com.facebook.react.views.safeareaview.ReactSafeAreaViewShadowNode
03-02 10:19:03.012 19814 25794 W unknown:ViewManagerPropertyUpdater: Could not find generated setter for class com.horcrux.svg.RenderableViewManager$LinearGradientManager
03-02 10:19:03.029 19814 25794 W unknown:ViewManagerPropertyUpdater: Could not find generated setter for class com.facebook.react.views.progressbar.ReactProgressBarViewManager
03-02 10:19:03.030 19814 25794 W unknown:ViewManagerPropertyUpdater: Could not find generated setter for class com.facebook.react.views.progressbar.ProgressBarShadowNode
03-02 10:19:03.044 19814 25794 W unknown:ViewManagerPropertyUpdater: Could not find generated setter for class com.horcrux.svg.RenderableViewManager$FeColorMatrixManager
03-02 10:19:03.058 19814 25794 W unknown:ViewManagerPropertyUpdater: Could not find generated setter for class com.horcrux.svg.RenderableViewManager$SymbolManager
03-02 10:19:03.076 19814 25794 W unknown:ViewManagerPropertyUpdater: Could not find generated setter for class com.horcrux.svg.RenderableViewManager$PatternManager
03-02 10:19:03.095 19814 25794 W unknown:ViewManagerPropertyUpdater: Could not find generated setter for class com.horcrux.svg.SvgViewManager
03-02 10:19:03.114 19814 25794 W unknown:ViewManagerPropertyUpdater: Could not find generated setter for class com.facebook.react.views.switchview.ReactSwitchManager
03-02 10:19:03.115 19814 25794 W unknown:ViewManagerPropertyUpdater: Could not find generated setter for class com.facebook.react.views.switchview.ReactSwitchShadowNode
03-02 10:19:03.117  1159  1606 D ULogGuard: Monitoring: 18 threads, 0 requests, 0 time-bombs; 1 guards. ResetFlags = 0x7
03-02 10:19:03.129 19814 25794 W unknown:ViewManagerPropertyUpdater: Could not find generated setter for class com.horcrux.svg.RenderableViewManager$UseViewManager
03-02 10:19:03.145 19814 25794 W unknown:ViewManagerPropertyUpdater: Could not find generated setter for class com.horcrux.svg.RenderableViewManager$TSpanViewManager
03-02 10:19:03.163 19814 25794 W unknown:ViewManagerPropertyUpdater: Could not find generated setter for class com.horcrux.svg.RenderableViewManager$FilterManager
03-02 10:19:03.177 19814 25794 W unknown:ViewManagerPropertyUpdater: Could not find generated setter for class com.horcrux.svg.RenderableViewManager$MarkerManager
03-02 10:19:03.196 19814 25794 W unknown:ViewManagerPropertyUpdater: Could not find generated setter for class com.swmansion.gesturehandler.react.RNGestureHandlerButtonViewManager
03-02 10:19:03.211 19814 25794 W unknown:ViewManagerPropertyUpdater: Could not find generated setter for class com.horcrux.svg.RenderableViewManager$ForeignObjectManager
03-02 10:19:03.227 19814 25794 W unknown:ViewManagerPropertyUpdater: Could not find generated setter for class com.horcrux.svg.RenderableViewManager$GroupViewManager
03-02 10:19:03.243 19814 25794 W unknown:ViewManagerPropertyUpdater: Could not find generated setter for class com.horcrux.svg.RenderableViewManager$TextViewManager
03-02 10:19:03.260 19814 25794 W unknown:ViewManagerPropertyUpdater: Could not find generated setter for class com.horcrux.svg.RenderableViewManager$ImageViewManager
03-02 10:19:03.276 19814 25794 W unknown:ViewManagerPropertyUpdater: Could not find generated setter for class com.horcrux.svg.RenderableViewManager$FeCompositeManager
03-02 10:19:03.291 19814 25794 W unknown:ViewManagerPropertyUpdater: Could not find generated setter for class com.horcrux.svg.RenderableViewManager$RadialGradientManager
03-02 10:19:03.307 19814 25794 W unknown:ViewManagerPropertyUpdater: Could not find generated setter for class com.facebook.react.views.unimplementedview.ReactUnimplementedViewManager
03-02 10:19:03.311  1177  1177 I thermal_src: recvmsg_expect 5, but get 2 
03-02 10:19:03.311  1177  1177 V thermal_src: TA_DAEMON_CMD_GET_TPCB:ERROR ret=-1
03-02 10:19:03.311  1177  1177 E thermal_src: get_tpcb_from_kernel:error -1. retry...
03-02 10:19:03.311  1177  1177 I thermal_src: recvmsg_expect 4, but get 5 
03-02 10:19:03.311  1177  1177 V thermal_src: TA_DAEMON_CMD_SET_TTJ:ERROR ret=-1
03-02 10:19:03.312  1177  1177 E thermal_src: set_ttj_to_kernel 1:error -1
03-02 10:19:03.312  1177  1177 I thermal_src: recvmsg_expect 2, but get 4 
03-02 10:19:03.312  1177  1177 V thermal_src: waiting NOTIFY from kernel miss, -1
03-02 10:19:03.312  1177  1177 I thermal_src: recvmsg_expect 5, but get 2 
03-02 10:19:03.312  1177  1177 V thermal_src: TA_DAEMON_CMD_GET_TPCB:ERROR ret=-1
03-02 10:19:03.312  1177  1177 E thermal_src: get_tpcb_from_kernel:error -1. retry...
03-02 10:19:03.312  1177  1177 I thermal_src: recvmsg_expect 4, but get 5 
03-02 10:19:03.312  1177  1177 V thermal_src: TA_DAEMON_CMD_SET_TTJ:ERROR ret=-1
03-02 10:19:03.312  1177  1177 E thermal_src: set_ttj_to_kernel 1:error -1
03-02 10:19:03.312  1177  1177 I thermal_src: recvmsg_expect 2, but get 4 
03-02 10:19:03.312  1177  1177 V thermal_src: waiting NOTIFY from kernel miss, -1
03-02 10:19:03.313  1621  5054 D AS.BtHelper: isBluetoothScoOn() mBluetoothHeadset is null: falsemBluetoothHeadsetDevice is null: true
03-02 10:19:03.313  1621  5054 V AS.AudioDeviceBroker: requestedCommunicationDevice: null mAudioModeOwner: AudioModeInfo: mMode=MODE_NORMAL, mPid=0, mUid=0
03-02 10:19:03.313  1621  5054 D AS.BtHelper: isBluetoothScoOn() mBluetoothHeadset is null: falsemBluetoothHeadsetDevice is null: true
03-02 10:19:03.313  1621  5054 V AS.AudioDeviceBroker: requestedCommunicationDevice: null mAudioModeOwner: AudioModeInfo: mMode=MODE_NORMAL, mPid=0, mUid=0
03-02 10:19:03.320 19814 25794 W unknown:ViewManagerPropertyUpdater: Could not find generated setter for class com.horcrux.svg.RenderableViewManager$FeOffsetManager
03-02 10:19:03.334 19814 25794 W unknown:ViewManagerPropertyUpdater: Could not find generated setter for class com.horcrux.svg.RenderableViewManager$PathViewManager
03-02 10:19:03.351 19814 25794 W unknown:ViewManagerPropertyUpdater: Could not find generated setter for class com.facebook.react.views.drawer.ReactDrawerLayoutManager
03-02 10:19:03.372 19814 25794 W unknown:ViewManagerPropertyUpdater: Could not find generated setter for class com.facebook.react.views.textinput.ReactTextInputManager
03-02 10:19:03.377 19814 25794 W unknown:ViewManagerPropertyUpdater: Could not find generated setter for class com.facebook.react.views.textinput.ReactTextInputShadowNode
03-02 10:19:03.397 19814 25794 W unknown:ViewManagerPropertyUpdater: Could not find generated setter for class com.horcrux.svg.RenderableViewManager$DefsViewManager
03-02 10:19:03.412 19814 25794 W unknown:ViewManagerPropertyUpdater: Could not find generated setter for class com.facebook.react.views.debuggingoverlay.DebuggingOverlayManager
03-02 10:19:03.425 19814 25794 W unknown:ViewManagerPropertyUpdater: Could not find generated setter for class com.horcrux.svg.RenderableViewManager$FeGaussianBlurManager
03-02 10:19:03.442 19814 25794 W unknown:ViewManagerPropertyUpdater: Could not find generated setter for class com.facebook.react.views.scroll.ReactHorizontalScrollViewManager
03-02 10:19:03.461 19814 25794 W unknown:ViewManagerPropertyUpdater: Could not find generated setter for class com.facebook.react.views.text.ReactTextViewManager
03-02 10:19:03.463 19814 25794 W unknown:ViewManagerPropertyUpdater: Could not find generated setter for class com.facebook.react.views.text.ReactTextShadowNode
03-02 10:19:03.479 19814 25794 W unknown:ViewManagerPropertyUpdater: Could not find generated setter for class com.facebook.react.views.scroll.ReactHorizontalScrollContainerViewManager
03-02 10:19:03.494 19814 25794 W unknown:ViewManagerPropertyUpdater: Could not find generated setter for class com.horcrux.svg.RenderableViewManager$ClipPathViewManager
03-02 10:19:03.510 19814 25794 W unknown:ViewManagerPropertyUpdater: Could not find generated setter for class com.horcrux.svg.RenderableViewManager$FeBlendManager
03-02 10:19:03.513  1201  1298 D AALService: [CRTC_114] onALIChanged: 17 -> 20
03-02 10:19:03.523 19814 25794 W unknown:ViewManagerPropertyUpdater: Could not find generated setter for class com.facebook.react.views.view.ReactViewManager
03-02 10:19:03.538 19814 25794 W unknown:ViewManagerPropertyUpdater: Could not find generated setter for class com.horcrux.svg.RenderableViewManager$CircleViewManager
03-02 10:19:03.556 19814 25794 W unknown:ViewManagerPropertyUpdater: Could not find generated setter for class com.facebook.react.views.modal.ReactModalHostManager
03-02 10:19:03.572 19814 25794 W unknown:ViewManagerPropertyUpdater: Could not find generated setter for class com.horcrux.svg.RenderableViewManager$EllipseViewManager
03-02 10:19:03.586   921   921 I BufferQueueProducer: [StatusBar#109](this:0xb400007bcec4ab68,id:-1,api:0,p:-1,c:921) queueBuffer: fps=0.50 dur=3998.19 max=3554.10 min=444.09
03-02 10:19:03.588 19814 25794 W unknown:ViewManagerPropertyUpdater: Could not find generated setter for class com.horcrux.svg.RenderableViewManager$LineViewManager
03-02 10:19:03.588   849   868 I hwcomposer: [HWCDisplay] (0 updateFps():3667), (type:1, mode:2) fps:1.629642,dur:3681.79,max:2762.61,min:15.97  
03-02 10:19:03.590   921   921 I MI-SF   : surfaceflinger setAffinity mode=0
03-02 10:19:03.590   921   921 E MI-SF   : surfaceflinger setAffinity success
03-02 10:19:03.597  1621  1922 I SmartPower: com.instagram.android/10301(18523): background->idle(3001ms) R(broadcast start Intent { act=android.intent.action.BATTERY_CHANGED flg=0x60000010 (has extras) }) adj=915.
03-02 10:19:03.598  1621  1922 I SmartPower: com.facebook.katana/10287(21983): background->idle(3001ms) R(broadcast start Intent { act=android.intent.action.BATTERY_CHANGED flg=0x60000010 (has extras) }) adj=915.
03-02 10:19:03.599  1621  1922 I SmartPower: com.android.chrome/10174(23296): background->idle(3001ms) R(broadcast start Intent { act=android.intent.action.BATTERY_CHANGED flg=0x60000010 (has extras) }) adj=905.
03-02 10:19:03.601  1621  1922 I SmartPower: com.instagram.barcelona/10075(24575): background->idle(3002ms) R(broadcast start Intent { act=android.intent.action.BATTERY_CHANGED flg=0x60000010 (has extras) }) adj=905.
03-02 10:19:03.604 19814 25794 W unknown:ViewManagerPropertyUpdater: Could not find generated setter for class com.facebook.react.views.text.frescosupport.FrescoBasedReactTextInlineImageViewManager
03-02 10:19:03.605 19814 25794 W unknown:ViewManagerPropertyUpdater: Could not find generated setter for class com.facebook.react.views.text.frescosupport.FrescoBasedReactTextInlineImageShadowNode
03-02 10:19:03.617 19814 25794 W unknown:ViewManagerPropertyUpdater: Could not find generated setter for class com.horcrux.svg.RenderableViewManager$FeFloodManager
03-02 10:19:03.633 19814 25794 W unknown:ViewManagerPropertyUpdater: Could not find generated setter for class com.facebook.react.views.image.ReactImageManager
03-02 10:19:03.648 19814 25794 W unknown:ViewManagerPropertyUpdater: Could not find generated setter for class com.horcrux.svg.RenderableViewManager$MaskManager
03-02 10:19:03.664 19814 25794 W unknown:ViewManagerPropertyUpdater: Could not find generated setter for class com.horcrux.svg.RenderableViewManager$RectViewManager
03-02 10:19:03.678   861   947 I libPerfCtl: xgfGetFPS pid:2363 fps:-1
03-02 10:19:03.680 19814 25794 W unknown:ViewManagerPropertyUpdater: Could not find generated setter for class com.horcrux.svg.RenderableViewManager$TextPathViewManager
03-02 10:19:03.699 19814 25794 W unknown:ViewManagerPropertyUpdater: Could not find generated setter for class com.facebook.react.views.scroll.ReactScrollViewManager
03-02 10:19:03.707   849  1430 I hwcomposer: [HWC] (0)fire a callback of refresh to SF[4]  
03-02 10:19:03.713  1201  1298 D AALService: [CRTC_114] onALIChanged: 20 -> 33
03-02 10:19:03.716 19814 25794 W unknown:ViewManagerPropertyUpdater: Could not find generated setter for class com.facebook.react.views.text.ReactVirtualTextViewManager
03-02 10:19:03.717 19814 25794 W unknown:ViewManagerPropertyUpdater: Could not find generated setter for class com.facebook.react.views.text.ReactVirtualTextShadowNode
03-02 10:19:03.729   921   921 I BufferQueueProducer: [FramebufferSurface](this:0xb400007d8e9dff50,id:-1,api:1,p:921,c:921) queueBuffer: fps=0.58 dur=3435.19 max=2904.16 min=531.03
03-02 10:19:03.733   921   921 I MI-SF   : surfaceflinger setAffinity mode=1
03-02 10:19:03.733   921   921 E MI-SF   : surfaceflinger setAffinity success
03-02 10:19:03.733   921   921 I MI-SF   : surfaceflinger setreAffinity reTid=1207
03-02 10:19:03.733   921   921 E MI-SF   : surfaceflinger setAffinity success
03-02 10:19:03.734 19814 25794 W unknown:ViewManagerPropertyUpdater: Could not find generated setter for class com.facebook.react.views.swiperefresh.SwipeRefreshLayoutManager
03-02 10:19:03.744  1621  1922 I SmartPower: com.google.android.adservices.api/10261(5464): background->idle(8001ms) R(remove from whitelist) adj=0.
03-02 10:19:03.744  1621  1922 I SmartPower: com.google.android.webview:sandboxed_process0:org.chromium.content.app.SandboxedPrbackground->idle(8002ms) R(remove from whitelist) adj=0.
03-02 10:19:03.748 19814 25794 W unknown:ViewManagerPropertyUpdater: Could not find generated setter for class com.facebook.react.views.text.ReactRawTextManager
03-02 10:19:03.748 19814 25794 W unknown:ViewManagerPropertyUpdater: Could not find generated setter for class com.facebook.react.views.text.ReactRawTextShadowNode
03-02 10:19:03.751 19814 25794 W unknown:ViewManagerPropertyUpdater: Could not find generated setter for class com.swmansion.gesturehandler.react.RNGestureHandlerRootViewManager
03-02 10:19:03.818 18523 18695 E msys    : E[N mns]_OnDiskCacheGetData(632)=>Start post callback cache refresh DNS resolution
03-02 10:19:03.824 18523 18695 E msys    : E[N mns]_LogError(228)=>Failed to resolve using system DNS resolver, getaddrinfo(): No address associated with hostname
03-02 10:19:03.824 18523 18695 E msys    : E[N mns]_OnDiskCacheGetData(632)=>Start post callback cache refresh DNS resolution
03-02 10:19:03.827 18523 18695 E msys    : E[N mns]_LogError(228)=>Failed to resolve using system DNS resolver, getaddrinfo(): No address associated with hostname
03-02 10:19:03.913  1201  1298 D AALService: [CRTC_114] onALIChanged: 33 -> 39
03-02 10:19:03.947 19814 25794 E AVManager: Cannot install JSI bindings for AV module because JS context is not available
03-02 10:19:03.948 19814 25794 W BridgelessReactContext: [WARNING] Bridgeless doesn't support CatalystInstance. Accessing an API that's not part of the new architecture is not encouraged usage.
03-02 10:19:03.963 19814 25794 I ExpoModulesCore: Γ£à JSI interop was installed
03-02 10:19:03.974 19814 25794 I ExpoModulesCore: Γ£à Constants were exported
03-02 10:19:04.018 19814 25794 I dev.expo.updates: {"timestamp":1772443144017,"message":"UpdatesModule: getConstants called","code":"None","level":"info"}
03-02 10:19:04.313  1201  1298 D AALLightSensor: oldLux=39 [SA:-1 LA:-1] newLux=48 (oriLux: 48)
03-02 10:19:04.313  1201  1298 D AALService: [CRTC_114] onALIChanged: 39 -> 48
03-02 10:19:04.316  1621  2188 D AS.BtHelper: isBluetoothScoOn() mBluetoothHeadset is null: falsemBluetoothHeadsetDevice is null: true
03-02 10:19:04.316  1621  2188 V AS.AudioDeviceBroker: requestedCommunicationDevice: null mAudioModeOwner: AudioModeInfo: mMode=MODE_NORMAL, mPid=0, mUid=0
03-02 10:19:04.317  1621  2188 D AS.BtHelper: isBluetoothScoOn() mBluetoothHeadset is null: falsemBluetoothHeadsetDevice is null: true
03-02 10:19:04.317  1621  2188 V AS.AudioDeviceBroker: requestedCommunicationDevice: null mAudioModeOwner: AudioModeInfo: mMode=MODE_NORMAL, mPid=0, mUid=0
03-02 10:19:04.340  1055  1186 D connsyslogger: SD_LOG_ROOT is /data/debuglogger/connsyslog/fw.
03-02 10:19:04.341  1055  1186 D connsyslogger: systemReady:1
03-02 10:19:04.343  8942  8942 D BoundBrokerSvc: onUnbind: Intent { act=com.google.android.gms.measurement.START pkg=com.google.android.gms }
03-02 10:19:04.345  1621  5054 W ProcessStats: Tracking association SourceState{bb57fc1 com.google.android.gms.persistent/10147 BTop #1369456} whose proc state 2 is better than process ProcessState{fdb298c com.google.android.adservices.api/10261 pkg=com.google.android.adservices.api} proc state 4 (185 skipped)
03-02 10:19:04.349  2350  2350 W Settings: Setting airplane_mode_on has moved from android.provider.Settings.System to android.provider.Settings.Global, returning read-only value.
03-02 10:19:04.349 27809 27809 D BoundBrokerSvc: onUnbind: Intent { act=com.google.android.gms.presencemanager.service.START dat=chimera-action:/... cmp=com.google.android.gms/.chimera.PersistentApiService }
03-02 10:19:04.351  2350  2350 W Settings: Setting airplane_mode_on has moved from android.provider.Settings.System to android.provider.Settings.Global, returning read-only value.
03-02 10:19:04.352 27809 27809 D BoundBrokerSvc: onUnbind: Intent { act=com.google.android.gms.presencemanager.service.INTERNAL_IDENTITY dat=chimera-action:/... cmp=com.google.android.gms/.chimera.PersistentApiService }
03-02 10:19:04.354  2350 29580 D NetworkSpeedTracker: updateSignalInfo lteRsrp=-68lteSnr=25,phoneId=1
03-02 10:19:04.357  2350 29580 D NetworkSpeedTracker: updateSignalInfo lteRsrp=-68lteSnr=25,phoneId=1
03-02 10:19:04.585   921   921 I MI-SF   : surfaceflinger setAffinity mode=0
03-02 10:19:04.586   921   921 E MI-SF   : surfaceflinger setAffinity success
03-02 10:19:04.650  1621  1856 D InetDiagMessage: Destroyed 0 sockets, proto=IPPROTO_TCP, family=AF_INET, states=14
03-02 10:19:04.652  1621  1856 D InetDiagMessage: Destroyed 0 sockets, proto=IPPROTO_TCP, family=AF_INET6, states=14
03-02 10:19:04.653  1621  1856 D InetDiagMessage: Destroyed live tcp sockets for uids={10308} in 4ms
03-02 10:19:04.655  1621  1856 D InetDiagMessage: Destroyed 0 sockets, proto=IPPROTO_TCP, family=AF_INET, states=14
03-02 10:19:04.657  1621  1856 D InetDiagMessage: Destroyed 0 sockets, proto=IPPROTO_TCP, family=AF_INET6, states=14
03-02 10:19:04.657  1621  1856 D InetDiagMessage: Destroyed live tcp sockets for uids={20308} in 3ms
03-02 10:19:04.675  7123  7123 W adbd    : timeout expired while flushing socket, closing
03-02 10:19:04.703   849  1430 I hwcomposer: [HWC] (0)fire a callback of refresh to SF[4]  
03-02 10:19:04.713  1201  1298 D AALService: [CRTC_114] onALIChanged: 48 -> 40
03-02 10:19:04.726   849   868 I hwcomposer: [HWCDisplay] (0 updateFps():3667), (type:1, mode:2) fps:2.636475,dur:1137.88,max:853.77,min:141.80  
03-02 10:19:04.729   921   921 I MI-SF   : surfaceflinger setAffinity mode=1
03-02 10:19:04.729   921   921 E MI-SF   : surfaceflinger setAffinity success
03-02 10:19:04.729   921   921 I MI-SF   : surfaceflinger setreAffinity reTid=1207
03-02 10:19:04.729   921   921 E MI-SF   : surfaceflinger setAffinity success
03-02 10:19:04.729   861   947 I libPerfCtl: xgfGetFPS pid:921 fps:-1
03-02 10:19:04.730   861   947 I libPerfCtl: xgfGetFPS pid:2363 fps:-1
03-02 10:19:04.811 19814 25794 D nativeloader: Load /data/app/~~Bh61wenJZi6JNVEuOkVQfQ==/com.softnation.Ojam-nnCVAdHxKfOmup5FCuBDYQ==/base.apk!/lib/arm64-v8a/librnscreens.so using class loader ns clns-7 (caller=/data/app/~~Bh61wenJZi6JNVEuOkVQfQ==/com.softnation.Ojam-nnCVAdHxKfOmup5FCuBDYQ==/base.apk!classes16.dex): ok
03-02 10:19:04.889  1177  1177 I thermal_src: recvmsg_expect 5, but get 2 
03-02 10:19:04.889  1177  1177 V thermal_src: TA_DAEMON_CMD_GET_TPCB:ERROR ret=-1
03-02 10:19:04.889  1177  1177 E thermal_src: get_tpcb_from_kernel:error -1. retry...
03-02 10:19:04.889  1177  1177 I thermal_src: recvmsg_expect 5, but get 2 
03-02 10:19:04.889  1177  1177 V thermal_src: TA_DAEMON_CMD_GET_TPCB:ERROR ret=-1
03-02 10:19:04.889  1177  1177 E thermal_src: get_tpcb_from_kernel:error -1. retry...
03-02 10:19:04.889  1177  1177 I thermal_src: recvmsg_expect 4, but get 5 
03-02 10:19:04.889  1177  1177 V thermal_src: TA_DAEMON_CMD_SET_TTJ:ERROR ret=-1
03-02 10:19:04.889  1177  1177 E thermal_src: set_ttj_to_kernel 1:error -1
03-02 10:19:04.889  1177  1177 I thermal_src: recvmsg_expect 2, but get 5 
03-02 10:19:04.889  1177  1177 V thermal_src: waiting NOTIFY from kernel miss, -1
03-02 10:19:04.889  1177  1177 I thermal_src: recvmsg_expect 2, but get 4 
03-02 10:19:04.889  1177  1177 V thermal_src: waiting NOTIFY from kernel miss, -1
03-02 10:19:05.002 18523 18655 E msys    : E[N mns]_OnDiskCacheGetData(632)=>Start post callback cache refresh DNS resolution
03-02 10:19:05.008 18523 18655 E msys    : E[N mns]_LogError(228)=>Failed to resolve using system DNS resolver, getaddrinfo(): No address associated with hostname
03-02 10:19:05.008 18523 18655 E msys    : E[N mns]_OnDiskCacheGetData(632)=>Start post callback cache refresh DNS resolution
03-02 10:19:05.010 18523 18655 E msys    : E[N mns]_LogError(228)=>Failed to resolve using system DNS resolver, getaddrinfo(): No address associated with hostname
03-02 10:19:05.030 19814 25794 I ReactNativeJS: Running "main" with {"rootTag":1,"initialProps":{},"fabric":true}
03-02 10:19:05.046  1621  1650 W ActivityTaskManager: Launch timeout has expired, giving up wake lock!
03-02 10:19:05.055   863   958 I mtkpower@impl: [powerd_req] TIMER_MSG_PERF_LOCK_TIMEOUT hdl:362829
03-02 10:19:05.055   863   958 I libPowerHal: [perfLockRel] hdl:362829, idx:4
03-02 10:19:05.055   863   958 I libPowerHal: [PD] MTKPOWER_HINT_PROCESS_CREATE update cmd:2024000 param:5, pr:6
03-02 10:19:05.057   863   958 I libPowerHal: [PD] MTKPOWER_HINT_PROCESS_CREATE update ONESHOT(unset) cmd:10000700 param:16129 pr:3
03-02 10:19:05.057   863   958 I libPowerHal: [perfLockRel] Done for hdl : 362829
03-02 10:19:05.113  1201  1298 D AALService: [CRTC_114] onALIChanged: 40 -> 32
03-02 10:19:05.173  1621  1621 D UiModeManager: updateConfigurationLocked: mDockState=0; mCarMode=false; mCar=false; mPowerSave=false; mOverrideNightModeOn=false; mOverrideNightModeOff=false; mComputedNightMode=true; mNightModeValue=2; uiMode=42
03-02 10:19:05.176  6027  6027 I PowerSaveService: onReceive: android.intent.action.BATTERY_CHANGED
03-02 10:19:05.177  6515  8177 D PowerCheckerService: onBatteryChanged, mBatteryLevel = 43, status = 2, level = 43, plug = 2, scale = 100
03-02 10:19:05.178  6515  6997 I ProcAudioPowerManager: onBatteryChanged, onBattery is false
03-02 10:19:05.178  6515  6997 D PowerKeeper.FrozenApp: onBatteryChanged plug=true mBatteryPlugged=2
03-02 10:19:05.178  6515  8142 D PowerKeeper.Thermal: mBatteryTemperature: 42
03-02 10:19:05.180  6027  6027 I PowerNoticeUI: handleBatteryChanged oldPlugType 2 mPlugType 2 oldBatteryLevel 43 mBatteryLevel 43 temperature 420
03-02 10:19:05.180  6027  6027 I ChargerBatteryIntelligenceReceiver: onBatteryChanged temperature∩╝Ü42,plugType:2
03-02 10:19:05.180  6027  6027 D BaseChargeProtect_HighTemp: mCountByMinute:0,isScreenOn:true
03-02 10:19:05.182  6027  6027 I android_os_HwBinder: HwBinder: Starting thread pool for getting: vendor.xiaomi.hardware.micharge@1.0::IMiCharge/default
03-02 10:19:05.184   872   908 I vendor.xiaomi.hardware.micharge@1.0-service: ReadFilePathValue path = /sys/class/power_supply/usb/real_type value = USB
03-02 10:19:05.184  6027  6027 I IMiChargeUtils: getIMiChargeStringValue method:getBatteryChargeType,value:USB
03-02 10:19:05.184  6027  6027 I IMiChargeUtils: getBatteryChargeType : USB
03-02 10:19:05.185  6027  6027 I ChargeTimeUtilsV2: chargeType:USB
03-02 10:19:05.185  6027  6027 I PowerFeatureUtils: getVendorName:mediatek
03-02 10:19:05.185  6027  6027 I PowerFeatureUtils: getVendorName:mediatek
03-02 10:19:05.190  3510  3510 W libc    : Unable to set property "persist.vendor.accelerate.charge" to "false": PROP_ERROR_PERMISSION_DENIED (0x18)
03-02 10:19:05.209  1621  1621 D UiModeManager: updateConfigurationLocked: mDockState=0; mCarMode=false; mCar=false; mPowerSave=false; mOverrideNightModeOn=false; mOverrideNightModeOff=false; mComputedNightMode=true; mNightModeValue=2; uiMode=42
03-02 10:19:05.213  6027  6027 I PowerSaveService: onReceive: android.intent.action.BATTERY_CHANGED
03-02 10:19:05.214  6027  6027 I PowerNoticeUI: handleBatteryChanged oldPlugType 2 mPlugType 2 oldBatteryLevel 43 mBatteryLevel 43 temperature 420
03-02 10:19:05.214  6515  8177 D PowerCheckerService: onBatteryChanged, mBatteryLevel = 43, status = 2, level = 43, plug = 2, scale = 100
03-02 10:19:05.214  6027  6027 I ChargerBatteryIntelligenceReceiver: onBatteryChanged temperature∩╝Ü42,plugType:2
03-02 10:19:05.214  6027  6027 D BaseChargeProtect_HighTemp: mCountByMinute:0,isScreenOn:true
03-02 10:19:05.214  6515  6997 I ProcAudioPowerManager: onBatteryChanged, onBattery is false
03-02 10:19:05.214  6515  6997 D PowerKeeper.FrozenApp: onBatteryChanged plug=true mBatteryPlugged=2
03-02 10:19:05.215  6515  8142 D PowerKeeper.Thermal: mBatteryTemperature: 42
03-02 10:19:05.216  6027  6027 I android_os_HwBinder: HwBinder: Starting thread pool for getting: vendor.xiaomi.hardware.micharge@1.0::IMiCharge/default
03-02 10:19:05.218   872   908 I vendor.xiaomi.hardware.micharge@1.0-service: ReadFilePathValue path = /sys/class/power_supply/usb/real_type value = USB
03-02 10:19:05.218  6027  6027 I IMiChargeUtils: getIMiChargeStringValue method:getBatteryChargeType,value:USB
03-02 10:19:05.218  6027  6027 I IMiChargeUtils: getBatteryChargeType : USB
03-02 10:19:05.218  6027  6027 I ChargeTimeUtilsV2: chargeType:USB
03-02 10:19:05.218  6027  6027 I PowerFeatureUtils: getVendorName:mediatek
03-02 10:19:05.218  6027  6027 I PowerFeatureUtils: getVendorName:mediatek
03-02 10:19:05.227 19814 25709 W softnation.Ojam: userfaultfd: MOVE ioctl seems unsupported: Connection timed out
03-02 10:19:05.286 19814 25709 I softnation.Ojam: Background concurrent mark compact GC freed 33MB AllocSpace bytes, 45(2716KB) LOS objects, 70% free, 10140KB/33MB, paused 580us,4.969ms total 117.154ms
03-02 10:19:05.297   921  1166 D SurfaceFlinger: [SF client] REMOVE (0xb400007caea17380) for (19814:com.softnation.Ojam)
03-02 10:19:05.313  1201  1298 D AALService: [CRTC_114] onALIChanged: 32 -> 28
03-02 10:19:05.319  1621  1636 D AS.BtHelper: isBluetoothScoOn() mBluetoothHeadset is null: falsemBluetoothHeadsetDevice is null: true
03-02 10:19:05.319  1621  1636 V AS.AudioDeviceBroker: requestedCommunicationDevice: null mAudioModeOwner: AudioModeInfo: mMode=MODE_NORMAL, mPid=0, mUid=0
03-02 10:19:05.320  1621  1636 D AS.BtHelper: isBluetoothScoOn() mBluetoothHeadset is null: falsemBluetoothHeadsetDevice is null: true
03-02 10:19:05.320  1621  1636 V AS.AudioDeviceBroker: requestedCommunicationDevice: null mAudioModeOwner: AudioModeInfo: mMode=MODE_NORMAL, mPid=0, mUid=0
03-02 10:19:05.404  2350  2350 W Settings: Setting airplane_mode_on has moved from android.provider.Settings.System to android.provider.Settings.Global, returning read-only value.
03-02 10:19:05.407  1621  1621 D MBrainLocalService: isVendorFreezeConditionPass is false
03-02 10:19:05.407  1621  1621 D MBrainLocalService: notifyNetworkChange failed
03-02 10:19:05.407  2350  2350 W Settings: Setting airplane_mode_on has moved from android.provider.Settings.System to android.provider.Settings.Global, returning read-only value.
03-02 10:19:05.408  2350 29580 D NetworkSpeedTracker: updateNwSignalInfo not allowed ,ignore
03-02 10:19:05.412  2350 29580 D NetworkSpeedTracker: updateNwSignalInfo not allowed ,ignore
03-02 10:19:05.467   921   921 I BufferQueueProducer: [StatusBar#109](this:0xb400007bcec4ab68,id:-1,api:0,p:-1,c:921) queueBuffer: fps=1.06 dur=1881.39 max=995.93 min=885.46
03-02 10:19:05.470   921   921 I MI-SF   : surfaceflinger setAffinity mode=0
03-02 10:19:05.471   921   921 E MI-SF   : surfaceflinger setAffinity success
03-02 10:19:05.591   849  1430 I hwcomposer: [HWC] (0)fire a callback of refresh to SF[4]  
03-02 10:19:05.600   589 25725 I keystore2: system/security/keystore2/watchdog/src/lib.rs:319 - Watchdog thread idle -> terminating. Have a great day.
03-02 10:19:05.613   921   921 I BufferQueueProducer: [FramebufferSurface](this:0xb400007d8e9dff50,id:-1,api:1,p:921,c:921) queueBuffer: fps=1.06 dur=1883.12 max=996.29 min=886.83
03-02 10:19:05.616   921   921 I MI-SF   : surfaceflinger setAffinity mode=1
03-02 10:19:05.617   921   921 E MI-SF   : surfaceflinger setAffinity success
03-02 10:19:05.617   921   921 I MI-SF   : surfaceflinger setreAffinity reTid=1207
03-02 10:19:05.617   921   921 E MI-SF   : surfaceflinger setAffinity success
03-02 10:19:05.636  2350  2350 W Settings: Setting airplane_mode_on has moved from android.provider.Settings.System to android.provider.Settings.Global, returning read-only value.
03-02 10:19:05.638  2350  2350 W Settings: Setting airplane_mode_on has moved from android.provider.Settings.System to android.provider.Settings.Global, returning read-only value.
03-02 10:19:05.640  2350 29580 D NetworkSpeedTracker: updateNwSignalInfo not allowed ,ignore
03-02 10:19:05.643  2350 29580 D NetworkSpeedTracker: updateNwSignalInfo not allowed ,ignore
03-02 10:19:05.700  1621  1666 I SmartPower: com.whatsapp/10300(31638): idle->background(3066ms) R(broadcast start Intent { act=android.intent.action.BATTERY_CHANGED flg=0x60000010 (has extras) }) adj=700.
03-02 10:19:05.702  1621  1666 I SmartPower: com.instagram.android/10301(18523): idle->background(2105ms) R(broadcast start Intent { act=android.intent.action.BATTERY_CHANGED flg=0x60000010 (has extras) }) adj=915.
03-02 10:19:05.703  1621  1666 I SmartPower: com.facebook.katana/10287(21983): idle->background(2105ms) R(broadcast start Intent { act=android.intent.action.BATTERY_CHANGED flg=0x60000010 (has extras) }) adj=915.
03-02 10:19:05.705  1621  1666 I SmartPower: com.android.chrome/10174(23296): idle->background(2106ms) R(broadcast start Intent { act=android.intent.action.BATTERY_CHANGED flg=0x60000010 (has extras) }) adj=905.
03-02 10:19:05.706  1621  1666 I SmartPower: com.instagram.barcelona/10075(24575): idle->background(2105ms) R(broadcast start Intent { act=android.intent.action.BATTERY_CHANGED flg=0x60000010 (has extras) }) adj=905.
03-02 10:19:05.709  2350  2350 W Settings: Setting airplane_mode_on has moved from android.provider.Settings.System to android.provider.Settings.Global, returning read-only value.
03-02 10:19:05.711  2350  2350 W Settings: Setting airplane_mode_on has moved from android.provider.Settings.System to android.provider.Settings.Global, returning read-only value.
03-02 10:19:05.714  2350 29580 D NetworkSpeedTracker: updateSignalInfo lteRsrp=-74lteSnr=19,phoneId=1
03-02 10:19:05.717  2350 29580 D NetworkSpeedTracker: updateSignalInfo lteRsrp=-74lteSnr=19,phoneId=1
03-02 10:19:05.730   861   947 I libPerfCtl: xgfGetFPS pid:921 fps:-1
03-02 10:19:05.730   861   947 I libPerfCtl: xgfGetFPS pid:2363 fps:-1
03-02 10:19:05.913  1201  1298 D AALService: [CRTC_114] onALIChanged: 28 -> 34
03-02 10:19:05.970 18523 18694 E MQTTBypassDGWStreamGroupConnection.cpp: connect failed. Callbacks terminated before ack received
03-02 10:19:05.972 18523 18620 E MQTTBypassDGWStreamGroupCallbacks.cpp: onStreamGroupError StreamGroupNetworkRequest request cancelled: max retries reached; last err (TransientError domain: MNSSecureTCP code: 1 detail: SecureTCP connection establish timeout)
03-02 10:19:05.972 18523 18620 W MQTTBypassDGWStreamGroupConnection.cpp: Restarting due to reason: StreamError
03-02 10:19:06.113  1201  1298 D AALService: [CRTC_114] onALIChanged: 34 -> 44
03-02 10:19:06.117  1159  1606 D ULogGuard: Monitoring: 18 threads, 0 requests, 0 time-bombs; 1 guards. ResetFlags = 0x7
03-02 10:19:06.225   926   951 D ccci_mdinit: (1):monitor_time_update_thread round:37747 ########
03-02 10:19:06.313  1201  1298 D AALService: [CRTC_114] onALIChanged: 44 -> 53
03-02 10:19:06.323  1621  5054 D AS.BtHelper: isBluetoothScoOn() mBluetoothHeadset is null: falsemBluetoothHeadsetDevice is null: true
03-02 10:19:06.324  1621  5054 V AS.AudioDeviceBroker: requestedCommunicationDevice: null mAudioModeOwner: AudioModeInfo: mMode=MODE_NORMAL, mPid=0, mUid=0
03-02 10:19:06.324  1621  5054 D AS.BtHelper: isBluetoothScoOn() mBluetoothHeadset is null: falsemBluetoothHeadsetDevice is null: true
03-02 10:19:06.325  1621  5054 V AS.AudioDeviceBroker: requestedCommunicationDevice: null mAudioModeOwner: AudioModeInfo: mMode=MODE_NORMAL, mPid=0, mUid=0
03-02 10:19:06.341  1055  1186 D connsyslogger: SD_LOG_ROOT is /data/debuglogger/connsyslog/fw.
03-02 10:19:06.341  1055  1186 D connsyslogger: systemReady:1
03-02 10:19:06.602   921   921 I BufferQueueProducer: [StatusBar#109](this:0xb400007bcec4ab68,id:-1,api:0,p:-1,c:921) queueBuffer: fps=1.76 dur=1134.45 max=996.04 min=138.41
03-02 10:19:06.604   849   868 I hwcomposer: [HWCDisplay] (0 updateFps():3667), (type:1, mode:2) fps:1.597550,dur:1877.88,max:990.47,min:144.37  
03-02 10:19:06.606   921   921 I MI-SF   : surfaceflinger setAffinity mode=0
03-02 10:19:06.606   921   921 E MI-SF   : surfaceflinger setAffinity success
03-02 10:19:06.723   849  1430 I hwcomposer: [HWC] (0)fire a callback of refresh to SF[4]  
03-02 10:19:06.730   861   947 I libPerfCtl: xgfGetFPS pid:2363 fps:-1
03-02 10:19:06.746   921   921 I BufferQueueProducer: [FramebufferSurface](this:0xb400007d8e9dff50,id:-1,api:1,p:921,c:921) queueBuffer: fps=0.88 dur=1133.32 max=1133.32 min=1133.32
03-02 10:19:06.749   921   921 I MI-SF   : surfaceflinger setAffinity mode=1
03-02 10:19:06.749   921   921 E MI-SF   : surfaceflinger setAffinity success
03-02 10:19:06.749   921   921 I MI-SF   : surfaceflinger setreAffinity reTid=1207
03-02 10:19:06.749   921   921 E MI-SF   : surfaceflinger setAffinity success
03-02 10:19:06.811 25329 25339 W ndroid.settings: userfaultfd: MOVE ioctl seems unsupported: Connection timed out
03-02 10:19:06.830 25329 25341 W ndroid.settings: ApkAssets: Deleting an ApkAssets object '<empty> and /data/app/~~PNgoFDHBmGdMmQt2moPCLQ==/com.google.android.gms-wSL8VlioUsna9-KnDrZN3A==/base.apk' with 1 weak references
03-02 10:19:06.831 25329 25341 W ndroid.settings: ApkAssets: Deleting an ApkAssets object '<empty> and /data/app/~~PNgoFDHBmGdMmQt2moPCLQ==/com.google.android.gms-wSL8VlioUsna9-KnDrZN3A==/split_CronetDynamite_installtime.apk' with 1 weak references
03-02 10:19:06.832 25329 25341 W ndroid.settings: ApkAssets: Deleting an ApkAssets object '<empty> and /data/app/~~PNgoFDHBmGdMmQt2moPCLQ==/com.google.android.gms-wSL8VlioUsna9-KnDrZN3A==/split_DynamiteLoader_installtime.apk' with 1 weak references
03-02 10:19:06.832 25329 25341 W ndroid.settings: ApkAssets: Deleting an ApkAssets object '<empty> and /data/app/~~PNgoFDHBmGdMmQt2moPCLQ==/com.google.android.gms-wSL8VlioUsna9-KnDrZN3A==/split_DynamiteModulesA_installtime.apk' with 1 weak references
03-02 10:19:06.832 25329 25341 W ndroid.settings: ApkAssets: Deleting an ApkAssets object '<empty> and /data/app/~~PNgoFDHBmGdMmQt2moPCLQ==/com.google.android.gms-wSL8VlioUsna9-KnDrZN3A==/split_DynamiteModulesC_installtime.apk' with 1 weak references
03-02 10:19:06.832 25329 25341 W ndroid.settings: ApkAssets: Deleting an ApkAssets object '<empty> and /data/app/~~PNgoFDHBmGdMmQt2moPCLQ==/com.google.android.gms-wSL8VlioUsna9-KnDrZN3A==/split_GoogleCertificates_installtime.apk' with 1 weak references
