03-02 10:18:54.231  1621  1731 W ProcessStats: Tracking association SourceState{5fd6a09 com.mi.globalminusscreen/10162 BTop #1369410} whose proc state 2 is better than process ProcessState{fdb298c com.google.android.adservices.api/10261 pkg=com.google.android.adservices.api} proc state 4 (0 skipped)
03-02 10:18:54.233  1621  1731 E ClipboardServiceI: removeActivePermissionOwnerForPackage: mPrimaryClipPackage is null or get is null
03-02 10:18:54.234  1999  2684 D TaskSnapshotCompatVV: getIsInvalidateFromTaskSnapshot, return, mTaskSnapshot=null, mTaskSnapshotClazz=null
03-02 10:18:54.236  1621  1651 I ActivityTaskManager: visible for Task{35b385a #37022 type=standard A=10337:com.softnation.Ojam} visible = true isAnimating = false TRANSITION = false PARENTS = false CHILDREN = false
03-02 10:18:54.238  1621  1731 D WindowManager: Set transition=TransitionRecord{c53ed7a id=10139 type=CLOSE flags=0x0}, ready=true, SyncId=10139 
03-02 10:18:54.239 18562 18904 I BtGatt.ScanManager: msg.what = MSG_IMPORTANCE_CHANGE, msg.arg1 = IMPORTANCE_CHANGE
03-02 10:18:54.239 18562 18904 E BtGatt.ScanManager: scan data is null
03-02 10:18:54.239  1621  1731 D WindowManager: Set transition=TransitionRecord{c53ed7a id=10139 type=CLOSE flags=0x0}, ready=true, SyncId=10139 
03-02 10:18:54.239  1621  1731 I AppsFilter: interaction: PackageSetting{131896e com.android.microdroid.empty_payload/10255} -> PackageSetting{a4f59a0 com.softnation.Ojam/10337} BLOCKED
03-02 10:18:54.240  1621  1731 W ActivityManager: Invalid packageName: com.softnation.Ojam
03-02 10:18:54.240  1621  1842 I MiuiNetworkPolicy: updateUidState uid = 10162, uidState = 3
03-02 10:18:54.240  1621  1842 I MiuiNetworkPolicy: updateUidState uid = 10152, uidState = 19
03-02 10:18:54.240  1621  1842 I MiuiNetworkPolicy: updateUidState uid = 10147, uidState = 3
03-02 10:18:54.242  1621  2188 W system_server: Long monitor contention with owner binder:1621_5 (1731) at void com.android.server.am.ActivityManagerService.forceStopPackage(java.lang.String, int, int, java.lang.String)(ActivityManagerService.java:4406) waiters=1 in java.util.List com.android.server.am.ProcessManagerService.getRunningProcessInfo(int, int, java.lang.String, java.lang.String, int) for 112ms
03-02 10:18:54.246 11917 12034 D LauncherOverlay: setActivityState:1
03-02 10:18:54.247 11917 11917 D LauncherOverlay.Window: onStart
03-02 10:18:54.249  1999  1999 D Launcher: Launcher.DeviceConfig onStart bounds = Rect(0, 0 - 1080, 2460)
03-02 10:18:54.249 14013 14013 I brdz    : onStart
03-02 10:18:54.250 27809 27809 D BoundBrokerSvc: onUnbind: Intent { act=com.google.android.gms.common.telemetry.service.START dat=chimera-action:/... cmp=com.google.android.gms/.chimera.PersistentApiService }
03-02 10:18:54.252  1621  1746 E JobScheduler: ResourceBudgetManagerInternal is null
03-02 10:18:54.258  1621  2834 D AppLock_AccessControlImpl: activityResume packageName: com.miui.home userId: 0 enabled: true
03-02 10:18:54.258  1621  2834 D AppLock_AccessControlImpl: activityResume lockMode: 1
03-02 10:18:54.258  1621  1842 I MiuiNetworkPolicy: updateUidState uid = 10165, uidState = 3
03-02 10:18:54.258  1999  1999 D SecurityManager: checkAccessControl flag1
03-02 10:18:54.259  2350  2350 D CarrierSvcBindHelper: onHandleForceStop: [com.softnation.Ojam]
03-02 10:18:54.258 14013 14013 I bpbq    : (REDACTED) [%s] onStart()
03-02 10:18:54.259 14013 14013 I bpdz    : Reloading theme data
03-02 10:18:54.260  1999  1999 D Launcher: Launcher.DeviceConfig onResume bounds = Rect(0, 0 - 1080, 2460)
03-02 10:18:54.260  1999  1999 D Launcher.DropTargetBar: update uninstall active when NO drag, active=false (edit=7, isUninstallDialogShowing=false, isWidgetPreviewShowing=false, isDefaultScreenPreviewShowing=false, isMenuVisible=false)
03-02 10:18:54.260  1999  1999 D Launcher.Lifecycle: onResume:UserHandle{0},c143874,false
03-02 10:18:54.260  1999  1999 W Settings: Setting device_provisioned has moved from android.provider.Settings.Secure to android.provider.Settings.Global.
03-02 10:18:54.265  1999  1999 D Launcher.FullbackHome: FallbackHomeCompat::needKillSelf::needKillSelf = false
03-02 10:18:54.265  1999  1999 D SoscSplitStateController: updateDividerFixedState: isFixed = true
03-02 10:18:54.265  1999  1999 E Launcher.application: setClickAppWaitForCallback = false
03-02 10:18:54.265  1999  1999 D Launcher.FullbackHome: FallbackHomeCompat::needKillSelf::needKillSelf = false
03-02 10:18:54.265  1999  1999 D LauncherAssistantCompatGoogle: onResume com.google.android.libraries.gsa.launcherclient.LauncherClient@b8351e8
03-02 10:18:54.266  1621  1636 D AS.BtHelper: isBluetoothScoOn() mBluetoothHeadset is null: falsemBluetoothHeadsetDevice is null: true
03-02 10:18:54.266  1621  1636 V AS.AudioDeviceBroker: requestedCommunicationDevice: null mAudioModeOwner: AudioModeInfo: mMode=MODE_NORMAL, mPid=0, mUid=0
03-02 10:18:54.267  2350  2350 D CarrierSvcBindHelper: No carrier app for: 0
03-02 10:18:54.267  2350  2350 D CarrierSvcBindHelper: No carrier app for: 1
03-02 10:18:54.267 14013 14470 I dwtj    : #onAvailable
03-02 10:18:54.267  1999 17839 D Launcher.Utilities: select screen is:personal_assistant_google
03-02 10:18:54.268  1621  1636 D AS.BtHelper: isBluetoothScoOn() mBluetoothHeadset is null: falsemBluetoothHeadsetDevice is null: true
03-02 10:18:54.268  1621  1636 V AS.AudioDeviceBroker: requestedCommunicationDevice: null mAudioModeOwner: AudioModeInfo: mMode=MODE_NORMAL, mPid=0, mUid=0
03-02 10:18:54.268 14013 14013 I brdz    : onResume
03-02 10:18:54.270  1621  1856 D ConnectivityService: NetReassign [no changes] [c 1] [a 1] [i 8]
03-02 10:18:54.271  2363  2363 D NotificationMediaManager: Not dismissing 0|com.softnation.Ojam|1001|null|10337 because it was removed by the system
03-02 10:18:54.272  1999  1999 D Launcher_UnlockAnimationStateMachine: onResume = IDLE
03-02 10:18:54.272  2363  2363 D MiuiMediaControlPanel: removeListener
03-02 10:18:54.272  1999  1999 I Launcher: changeMIUIWidgetEditMode false
03-02 10:18:54.272  1999  1999 D StatusBarController: disableRecent: disable= false
03-02 10:18:54.272  1999  1999 D ServiceDeliveryReplaceHelper: onResume: widget to serviceDeliver isReplace false
03-02 10:18:54.273  1621  4238 I ClipboardServiceI: checkProviderWakePathForClipboard: primaryClip is null
03-02 10:18:54.273  1999  4904 D SessionLifecycleClient: Sending lifecycle 1 to service
03-02 10:18:54.273  1999  4922 D SessionLifecycleService: Activity foregrounding at 608327822.
03-02 10:18:54.273  2363  2477 D SoScSplitScreenController: updateDividerFixedState isFixed:true
03-02 10:18:54.276  6515  6921 D PowerKeeper.Audio: pids 0
03-02 10:18:54.286  1621  1842 I MiuiNetworkPolicy: updateUidState uid = 10204, uidState = 8
03-02 10:18:54.288  1621  1746 I SmartPower: com.google.android.apps.photos/10204(21806): idle->background(587570ms) R(service create com.google.android.apps.photos/com.google.android.libraries.social.mediamonitor.MediaMonitorJobSchedulerService) adj=0.
03-02 10:18:54.291  1621  1746 I whetstone.activity: Power Event callback listener is empty for resId=256
03-02 10:18:54.291  1621  1746 D BatteryStatsManagerStub: notifyEvent for resId=256 used 0ms
03-02 10:18:54.294  1621  1746 E JobScheduler: ResourceBudgetManagerInternal is null
03-02 10:18:54.294  1999 17839 E MarketCustomizeReflectHelper: call method getCurrentValidCustomizeIconList failed
03-02 10:18:54.294  1999 17839 E MarketCustomizeReflectHelper: java.lang.ClassNotFoundException: miui.content.res.MarketIconCustomizer
03-02 10:18:54.294  1999 17839 E MarketCustomizeReflectHelper: 	at java.lang.Class.classForName(Native Method)
03-02 10:18:54.294  1999 17839 E MarketCustomizeReflectHelper: 	at java.lang.Class.forName(Class.java:591)
03-02 10:18:54.294  1999 17839 E MarketCustomizeReflectHelper: 	at java.lang.Class.forName(Class.java:496)
03-02 10:18:54.294  1999 17839 E MarketCustomizeReflectHelper: 	at com.miui.home.launcher.operationicon.MarketCustomizeReflectHelper.getCurrentValidCustomizeIconIDs(MarketCustomizeReflectHelper.kt:23)
03-02 10:18:54.294  1999 17839 E MarketCustomizeReflectHelper: 	at com.miui.home.launcher.operationicon.MarketCustomizeIconManager.refreshCustomizeIcon(MarketCustomizeIconManager.kt:82)
03-02 10:18:54.294  1999 17839 E MarketCustomizeReflectHelper: 	at com.miui.home.launcher.operationicon.MarketCustomizeIconManager.onLauncherResume$lambda-2(MarketCustomizeIconManager.kt:50)
03-02 10:18:54.294  1999 17839 E MarketCustomizeReflectHelper: 	at com.miui.home.launcher.operationicon.MarketCustomizeIconManager.$r8$lambda$okGGNcpWViq7KK594p5NCFKNLA4(Unknown Source:0)
03-02 10:18:54.294  1999 17839 E MarketCustomizeReflectHelper: 	at com.miui.home.launcher.operationicon.MarketCustomizeIconManager$$ExternalSyntheticLambda0.run(Unknown Source:0)
03-02 10:18:54.294  1999 17839 E MarketCustomizeReflectHelper: 	at java.util.concurrent.Executors$RunnableAdapter.call(Executors.java:520)
03-02 10:18:54.294  1999 17839 E MarketCustomizeReflectHelper: 	at java.util.concurrent.FutureTask.run(FutureTask.java:317)
03-02 10:18:54.294  1999 17839 E MarketCustomizeReflectHelper: 	at java.util.concurrent.ThreadPoolExecutor.runWorker(ThreadPoolExecutor.java:1154)
03-02 10:18:54.294  1999 17839 E MarketCustomizeReflectHelper: 	at java.util.concurrent.ThreadPoolExecutor$Worker.run(ThreadPoolExecutor.java:652)
03-02 10:18:54.294  1999 17839 E MarketCustomizeReflectHelper: 	at java.lang.Thread.run(Thread.java:1563)
03-02 10:18:54.294  1999 17839 E MarketCustomizeReflectHelper: Caused by: java.lang.ClassNotFoundException: miui.content.res.MarketIconCustomizer
03-02 10:18:54.294  1999 17839 E MarketCustomizeReflectHelper: 	... 13 more
03-02 10:18:54.299  2363  2363 E StackScroller: updateSidePadding: viewWidth is zero
03-02 10:18:54.300  2363  2363 D BadgeCoordinator: recevie broadbcast ACTION_APPLICATION_MESSAGE_QUERY, requestFirstTime=false
03-02 10:18:54.304   921  1587 I BufferQueueDebug: [com.miui.home/com.miui.home.launcher.Launcher#133110](this:0xb400007bcebbf2d8,id:-1,api:0,p:-1,c:-1) BufferQueue core=(921:/system/bin/surfaceflinger)
03-02 10:18:54.304  1621  1640 D AudioSystem: +setParameters(): gamebooster=false 
03-02 10:18:54.304  1621  1640 D AudioSystem: start get log level!
03-02 10:18:54.305  1621  1746 I SmartPower: com.google.android.apps.nbu.files/10308(21821): idle->background(581439ms) R(service create com.google.android.apps.nbu.files/androidx.work.impl.background.systemjob.SystemJobService) adj=0.
03-02 10:18:54.305   843 24566 D AudioALSAHardware: +setParameters(): gamebooster=false
03-02 10:18:54.305   843 24566 D AudioALSAHardware: -setParameters(): gamebooster=false
03-02 10:18:54.305   843 24566 E AHAL_Module: setVendorParameters: default: unrecognized parameter "gamebooster=false"
03-02 10:18:54.306   894 23086 E ConversionHelperAidl: Function: parseAndSetVendorParameters Line: 97 Failed 
03-02 10:18:54.306  1621  1746 I whetstone.activity: Power Event callback listener is empty for resId=256
03-02 10:18:54.306  1621  1746 D BatteryStatsManagerStub: notifyEvent for resId=256 used 0ms
03-02 10:18:54.307   843  1378 D AHAL_ModuleBluetooth: setVendorParameters: parameter count 1, async: 0
03-02 10:18:54.307   843  1378 D AHAL_ModuleBluetooth: setVendorParameters: gamebooster=false
03-02 10:18:54.308  1621  1842 I MiuiNetworkPolicy: updateUidState uid = 10308, uidState = 8
03-02 10:18:54.313  1621  1635 D MiuiRefreshRatePolicy: reset
03-02 10:18:54.313  1201  1298 D AALService: [CRTC_114] onALIChanged: 23 -> 19
03-02 10:18:54.314  1621  1635 I BLASTSyncEngine: SyncGroup 10139:  Unfinished container:ActivityRecord{9880759 u0 com.miui.home/.launcher.Launcher t2}
03-02 10:18:54.314  1621  1635 I BLASTSyncEngine: isActivitySyncFinished isSyncFinished false ActivityRecord{9880759 u0 com.miui.home/.launcher.Launcher t2}
03-02 10:18:54.317  1621  1635 W WindowManager: Changing focus from null to Window{d85ca12 u0 com.miui.home/com.miui.home.launcher.Launcher} displayId=0 Callers=com.android.server.wm.RootWindowContainer.updateFocusedWindowLocked:602 com.android.server.wm.WindowManagerService.updateFocusedWindowLocked:7168 com.android.server.wm.WindowManagerService.relayoutWindowInner:3076 com.android.server.wm.WindowManagerService.relayoutWindow:2724 
03-02 10:18:54.317  8942  8942 D BoundBrokerSvc: onBind: Intent { act=com.google.android.gms.inappreach.service.START dat=chimera-action:/... cmp=com.google.android.gms/.chimera.GmsApiService }
03-02 10:18:54.317  8942  8942 D BoundBrokerSvc: Loading bound service for intent: Intent { act=com.google.android.gms.inappreach.service.START dat=chimera-action:/... cmp=com.google.android.gms/.chimera.GmsApiService }
03-02 10:18:54.318  1621  1635 I whetstone.activity: Power Event callback listener is empty for resId=32
03-02 10:18:54.319  1621  1635 D BatteryStatsManagerStub: notifyEvent for resId=32 used 0ms
03-02 10:18:54.320   921  1170 I BufferQueueDebug: [Surface(name=5b2ee94 StatusBar#103)/@0xf6cf932 - animation-leash of insets_animation#133111](this:0xb400007bcecd08d8,id:-1,api:0,p:-1,c:-1) BufferQueue core=(921:/system/bin/surfaceflinger)
03-02 10:18:54.322  1621  1621 I NotificationService: Cancel FGS notification CallingUid: 10337 CallingPid: 0 Pkg: com.softnation.Ojam Id:1001 Tag:null UserId:0 MustHaveFlags:0 MustNotHaveFlags:0 Reason:8 foregroundNotiWhen:0 foregroundNotiFlags:104 foregroundNotiChannelId:default_channel_id
03-02 10:18:54.322   921  1587 I BufferQueueDebug: [Surface(name=77d8129 NavigationBar0#101614)/@0x3faba4f - animation-leash of insets_animation#133112](this:0xb400007bcecb13a8,id:-1,api:0,p:-1,c:-1) BufferQueue core=(921:/system/bin/surfaceflinger)
03-02 10:18:54.325  1621  1635 D WindowManager: wms.Input focus has changed to Window{d85ca12 u0 com.miui.home/com.miui.home.launcher.Launcher} display=0 updateInputWindows = true
03-02 10:18:54.326  1621  1635 I MultiSenceManagerInternalStub: getInstance
03-02 10:18:54.326  1621  1894 D GreezeManager:  report signal uid = 10337 pid = 17120is not frozen.
03-02 10:18:54.326  1621  1635 I WindowManager: Relayout Window{d85ca12 u0 com.miui.home/com.miui.home.launcher.Launcher}: oldVis=8 newVis=0 focusMayChange = true requestedWidth = 1080 requestedHeight = 2460 outFrames = ClientWindowFrames{frame=[0,0][1080,2460] display=[0,0][1080,2460] parentFrame=[0,0][0,0]} outSurfaceControl = Surface(name=com.miui.home/com.miui.home.launcher.Launcher#133110)/@0xed4853d
03-02 10:18:54.327  1621  1928 I MultiSenceManagerInternalStubImpl: packageName = com.miui.home
03-02 10:18:54.327  1621  1928 W ContextImpl: Calling a method in the system process without a qualified user: android.app.ContextImpl.sendBroadcast:1260 com.android.server.wm.MultiSenceManagerInternalStubImpl.sendFocusWindowsBroadcast:148 com.android.server.wm.MultiSenceManagerInternalStubImpl$UpdateScreenStatus.run:98 android.os.Handler.handleCallback:959 android.os.Handler.dispatchMessage:100 
03-02 10:18:54.330  1621  1928 W ActivityManagerServiceImpl: Sending non-protected broadcast com.xiaomi.multisence.action.FOCUSED_CHANGE from system 1621:system/1000 pkg android. Callers=com.android.server.am.ActivityManagerService.checkBroadcastFromSystem:16365 com.android.server.am.ActivityManagerService.broadcastIntentLockedTraced:17236 com.android.server.am.ActivityManagerService.broadcastIntentLocked:16425 com.android.server.am.ActivityManagerService.broadcastIntentWithFeature:17459 android.app.ContextImpl.sendBroadcast:1264 
03-02 10:18:54.332  1999  1999 D BufferQueueConsumer: [](id:7cf0000056b,api:0,p:-1,c:1999) connect: controlledByApp=false
03-02 10:18:54.333  2363  2363 D HideDeletedFocusController: onNotificationRemoved 8 0|com.softnation.Ojam|1001|null|10337
03-02 10:18:54.334  2363  2363 D MiuiBubbleManager: onEntryRemoved: com.android.systemui.statusbar.notification.collection.NotificationEntry@6e7627e
03-02 10:18:54.334  1999  1999 D BLASTBufferQueue: [VRI[Launcher]#1187](f:0,a:0) constructor()
03-02 10:18:54.335  1999  1999 D BLASTBufferQueue: [VRI[Launcher]#1187](f:0,a:0) update width=1080 height=2460 format=1 mTransformHint=0
03-02 10:18:54.336  1621  1651 I ActivityTaskManager: visible for Task{35b385a #37022 type=standard A=10337:com.softnation.Ojam} visible = true isAnimating = false TRANSITION = false PARENTS = false CHILDREN = false
03-02 10:18:54.337  1621  1651 D SurfaceComposerClient: Transaction::apply InputWindowCommands.focusRequests timestamp=608327877244796, windowName=d85ca12 com.miui.home/com.miui.home.launcher.Launcher
03-02 10:18:54.338  1055  1186 D connsyslogger: SD_LOG_ROOT is /data/debuglogger/connsyslog/fw.
03-02 10:18:54.338  1055  1186 D connsyslogger: systemReady:1
03-02 10:18:54.340  1621  1651 D WindowManager: Collecting in transition 10139: WallpaperWindowToken{d3319dd token=android.os.Binder@113b9b4} init visibleRequested:false
03-02 10:18:54.340  1621  1651 D WindowManager: Collecting in transition 10139: WallpaperWindowToken{d3319dd token=android.os.Binder@113b9b4} init visibleRequested:false
03-02 10:18:54.341  1621  1651 D WindowManager: Collecting in transition 10139: WallpaperWindowToken{2d6d85a token=android.os.Binder@8dfa005} init visibleRequested:false
03-02 10:18:54.341  1621  1651 D WindowManager: Collecting in transition 10139: WallpaperWindowToken{2d6d85a token=android.os.Binder@8dfa005} init visibleRequested:false
03-02 10:18:54.343  1621  1651 D MiuiRefreshRatePolicy: reset
03-02 10:18:54.349  1621  4426 W ActivityManagerServiceImpl: Sending non-protected broadcast android.intent.action.APPLICATION_MESSAGE_UPDATE from system 2363:com.android.systemui/1000 pkg com.android.systemui. Callers=
03-02 10:18:54.350  2061  2061 I MiuiWallpaper-ImageWallpaper: onVisibilityChanged, visible = true, ret=true
03-02 10:18:54.351  1621  1651 I BLASTSyncEngine: SyncGroup 10139:  Unfinished container:ActivityRecord{9880759 u0 com.miui.home/.launcher.Launcher t2}
03-02 10:18:54.351  1621  1651 I BLASTSyncEngine: isActivitySyncFinished isSyncFinished false ActivityRecord{9880759 u0 com.miui.home/.launcher.Launcher t2}
03-02 10:18:54.353  2061 12253 W HWUI    : Surface doesn't have any previously queued frames, nothing to readback from
03-02 10:18:54.355   921   921 D SurfaceFlinger: Focus addInputWindowCommands timestamp=608327877244796, windowName=d85ca12 com.miui.home/com.miui.home.launcher.Launcher
03-02 10:18:54.357  1621  1651 D MiuiRefreshRatePolicy: reset
03-02 10:18:54.360  1621  1651 I BLASTSyncEngine: SyncGroup 10139:  Unfinished container:ActivityRecord{9880759 u0 com.miui.home/.launcher.Launcher t2}
03-02 10:18:54.360  1621  1651 I BLASTSyncEngine: isActivitySyncFinished isSyncFinished false ActivityRecord{9880759 u0 com.miui.home/.launcher.Launcher t2}
03-02 10:18:54.361   921  1483 D SurfaceFlinger: updateWinowInfo=1, setFocusedWindow timestamp=608327877244796, windowName=d85ca12 com.miui.home/com.miui.home.launcher.Launcher
03-02 10:18:54.364  2061  2061 I MiuiWallpaper-MiuiKeyguardPictorialWallpaper: onVisibilityChanged, visible = true, ret=true
03-02 10:18:54.365  1621  1651 I WindowManager: wms.showSurfaceRobustly mWin:Window{92602d4 u0 com.miui.miwallpaper.wallpaperservice.ImageWallpaper}
03-02 10:18:54.365  1621  1651 I WindowManager: wms.showSurfaceRobustly mWin:Window{7986e4c u0 com.miui.miwallpaper.wallpaperservice.MiuiKeyguardPictorialWallpaper}
03-02 10:18:54.366  1621  1651 I ActivityTaskManager: visible for Task{35b385a #37022 type=standard A=10337:com.softnation.Ojam} visible = true isAnimating = false TRANSITION = false PARENTS = false CHILDREN = false
03-02 10:18:54.368  2061 12253 W HWUI    : Surface doesn't have any previously queued frames, nothing to readback from
03-02 10:18:54.383  1141  1165 E IPCThreadState: Binder transaction failure. id: 353385151, BR_*: 29201, error: -1 (Operation not permitted)
03-02 10:18:54.383  1141  1165 W BpBinder: Large or Failed outgoing transaction of 108 bytes, interface descriptor , code 1
03-02 10:18:54.398  1999  1999 D ColorFilter: button width = 110 , button height = 110
03-02 10:18:54.408  1999  1999 D ColorFilter: button width = 135 , button height = 110
03-02 10:18:54.421  1999  1999 D ColorFilter: button width = 135 , button height = 110
03-02 10:18:54.421  1999  1999 D ColorFilter: button width = 135 , button height = 110
03-02 10:18:54.421  1999  1999 D ColorFilter: button width = 135 , button height = 110
03-02 10:18:54.421  1999  1999 D ColorFilter: button width = 135 , button height = 110
03-02 10:18:54.422  1999  1999 D ColorFilter: button width = 135 , button height = 110
03-02 10:18:54.422  1205 24079 E mediaswcodec: unlinkToDeath: removed reference to death recipient but unlink failed: DEAD_OBJECT
03-02 10:18:54.422  1999  1999 D VRI[Launcher]: vri.reportNextDraw android.view.ViewRootImpl.performTraversals:4984 android.view.ViewRootImpl.doTraversal:3564 android.view.ViewRootImpl$TraversalRunnable.run:11781 android.view.Choreographer$CallbackRecord.run:1804 android.view.Choreographer$CallbackRecord.run:1813 
03-02 10:18:54.422  1999  1999 D VRI[Launcher]: Setup new sync=wmsSync-VRI[Launcher]#0
03-02 10:18:54.423  1621  2197 I ImeTracker: com.softnation.Ojam:c18bead3: onRequestHide at ORIGIN_SERVER reason HIDE_REMOVE_CLIENT fromUser false
03-02 10:18:54.423  1621  2188 I WindowManager: WIN DEATH: Window{afeb196 u0 com.softnation.Ojam/com.softnation.Ojam.MainActivity}
03-02 10:18:54.423  1621  2188 W InputManager-JNI: Input channel object 'afeb196 com.softnation.Ojam/com.softnation.Ojam.MainActivity (client)' was disposed without first being removed with the input manager!
03-02 10:18:54.423  1621  2197 I ImeTracker: com.softnation.Ojam:c18bead3: onCancelled at PHASE_SERVER_SHOULD_HIDE
03-02 10:18:54.424  1621  2188 D MiuiRefreshRatePolicy: reset
03-02 10:18:54.425   894 23088 V AudioPolicyInterfaceImpl: releaseOutput()
03-02 10:18:54.425   894 23088 V audio_utils::mutex: mutex_impl: audio_mutex initialized: ret:0  order:6
03-02 10:18:54.425  7123  7123 I adbd    : Remote process closed the socket (on MSG_PEEK)
03-02 10:18:54.425  1621  2188 I BLASTSyncEngine: SyncGroup 10139:  Unfinished container:ActivityRecord{9880759 u0 com.miui.home/.launcher.Launcher t2}
03-02 10:18:54.425  1621  2188 I BLASTSyncEngine: isActivitySyncFinished isSyncFinished false ActivityRecord{9880759 u0 com.miui.home/.launcher.Launcher t2}
03-02 10:18:54.426  1621  1636 I MediaSessionStack: removeSession | record: com.softnation.Ojam/androidx.media3.session.id./75 (userId=0)
03-02 10:18:54.426  1621  1636 D MediaSessionService: Media button session is changed to null
03-02 10:18:54.426  1621  1856 D ConnectivityService: releasing NetworkRequest [ REQUEST id=241915, [ Capabilities: INTERNET&NOT_RESTRICTED&TRUSTED&NOT_VCN_MANAGED&NOT_BANDWIDTH_CONSTRAINED Uid: 10337 RequestorUid: 10337 RequestorPkg: com.softnation.Ojam UnderlyingNetworks: Null] ] (release request)
03-02 10:18:54.427  6515  9363 D MirrorManager:  sendAcceptInput 0 0
03-02 10:18:54.428  1621  1636 D MediaSessionService: destroySessionLocked: record=com.softnation.Ojam/androidx.media3.session.id./75 (userId=0)
03-02 10:18:54.428   894  1284 V AudioPolicyInterfaceImpl: doReleaseOutput from tid 1284
03-02 10:18:54.428   894  1284 D APM_AudioPolicyManager: releaseOutput() output 21, stream 3, session 57313 [uid=10337]
03-02 10:18:54.430  1621  1636 I MediaFocusControl: AudioFocus  removeFocusStackEntryOnDeath(): removing entry for android.os.BinderProxy@17a9ae2
03-02 10:18:54.431  1205 24079 D AidlBufferPool: bufferpool2 0xb400007362c883d8 : 4(18432 size) total buffers - 0(0 size) used buffers - 15206/15210 (recycle/alloc) - 9/15210 (fetch/transfer)
03-02 10:18:54.432 18562 18562 V MediaPlayerList: onActiveSessionsChanged: number of controllers: 0
03-02 10:18:54.432 18562 18562 I PlayerSettingsManager: getPlayerRepeatMode: no active player
03-02 10:18:54.432 18562 18562 I PlayerSettingsManager: getPlayerShuffleMode: no active player
03-02 10:18:54.432 18562 18562 I PlayerSettingsManager: updateRemoteDevice: STATE_REPEAT_OFF, STATE_SHUFFLE_OFF
03-02 10:18:54.433 18562 18562 I bluetooth: avrcp_service.cc:685 SendPlayerSettingsChanged: 
03-02 10:18:54.433 18562 18562 I bluetooth: avrcp_service.cc:699 SendPlayerSettingsChanged: attribute=PlayerAttribute::REPEAT : value=PlayerRepeatValue::OFF
03-02 10:18:54.433 18562 18562 I bluetooth: attribute=PlayerAttribute::SHUFFLE : value=PlayerShuffleValue::OFF
03-02 10:18:54.433  1621  1668 I libprocessgroup: Removed cgroup /sys/fs/cgroup/uid_10337/pid_17120
03-02 10:18:54.433   835   835 I Zygote  : Process 17120 exited due to signal 9 (Killed)
03-02 10:18:54.434  1205  2133 D AidlBufferPool: Destruction - bufferpool2 0xb400007362c883d8 cached: 0/0M, 0/0% in use; allocs: 15210, 100% recycled; transfers: 15210, 100% unfetched
03-02 10:18:54.434  2363  3215 I ActiveAudioSessionManager_export-api: controllerSize:0
03-02 10:18:54.434  1205  2133 E mediaswcodec: unlinkToDeath: removed reference to death recipient but unlink failed: DEAD_OBJECT
03-02 10:18:54.435  1621  1856 D ConnectivityService: releasing NetworkRequest [ REQUEST id=241918, [ Capabilities: INTERNET&NOT_RESTRICTED&TRUSTED&NOT_VCN_MANAGED&NOT_BANDWIDTH_CONSTRAINED Uid: 10337 RequestorUid: 10337 RequestorPkg: com.softnation.Ojam UnderlyingNetworks: Null] ] (release request)
03-02 10:18:54.435  2363 19600 I ActiveAudioSessionManager_export-api: controllerSize:0
03-02 10:18:54.435 18562 18562 W AudioMediaPlayerWrapper: The session was destroyed com.softnation.Ojam
03-02 10:18:54.435 18562 18562 D MediaPlayerList: sessionUpdatedCallback(): packageName: com.softnation.Ojam
03-02 10:18:54.435   894 23088 D audioserver: logFgsApiEnd: FGS Logger Transaction failed, -129
03-02 10:18:54.436 18562 18562 D MediaPlayerList: sendMediaUpdate
03-02 10:18:54.436 18562 18562 D MediaPlayerList: sendMediaUpdate state=null
03-02 10:18:54.436 18562 18562 D AvrcpTargetService: onMediaUpdated: track_changed=true state=true queue=true
03-02 10:18:54.436 18562 18562 D AvrcpNativeInterface: sendMediaUpdate: metadata=true playStatus=true queue=true
03-02 10:18:54.436 18562 18562 I bluetooth: avrcp_service.cc:648 SendMediaUpdate: track_changed=true :  play_state=true :  queue=true
03-02 10:18:54.436 18562 18562 I MediaPlayerList: Removing media player com.softnation.Ojam
03-02 10:18:54.436 18562 18562 I AudioMediaPlayerWrapper: clean up
03-02 10:18:54.436 18562 18562 I MediaPlayerList: Recycle player ID.
03-02 10:18:54.437  1621  1676 D SsruManagerImpl: MiSsru Sensor not init!!!!
03-02 10:18:54.439  1205  2133 D AidlBufferPool: bufferpool2 0xb400007362c81978 : 0(0 size) total buffers - 0(0 size) used buffers - 0/0 (recycle/alloc) - 0/0 (fetch/transfer)
03-02 10:18:54.439  1205  2133 D AidlBufferPool: Destruction - bufferpool2 0xb400007362c81978 cached: 0/0M, 0/0% in use; allocs: 0, 0% recycled; transfers: 0, 0% unfetched
03-02 10:18:54.440  1205  2133 E IPCThreadState: attemptIncStrongHandle(7): Not supported
03-02 10:18:54.441   921  1170 D SurfaceFlinger: [SF client] REMOVE (0xb400007caea46030) for (17120:com.softnation.Ojam)
03-02 10:18:54.441   921  1170 D SurfaceFlinger: [SF client] REMOVE (0xb400007caea40120) for (17120:com.softnation.Ojam)
03-02 10:18:54.441   921  1170 D SurfaceFlinger: [SF client] REMOVE (0xb400007caea407e0) for (17120:com.softnation.Ojam)
03-02 10:18:54.441   921  1170 D SurfaceFlinger: [SF client] REMOVE (0xb400007caea42760) for (17120:com.softnation.Ojam)
03-02 10:18:54.441   921  1170 I SurfaceFlinger: onHandleDestroyed: name=Surface(name=5b2ee94 StatusBar#103)/@0xf6cf932 - animation-leash of insets_animation#133106, layerId=133106, parentId=0
03-02 10:18:54.441   921  1170 I SurfaceFlinger: onHandleDestroyed: name=Surface(name=77d8129 NavigationBar0#101614)/@0x3faba4f - animation-leash of insets_animation#133107, layerId=133107, parentId=0
03-02 10:18:54.444  1124  2136 E mediaserver: unlinkToDeath: removed reference to death recipient but unlink failed: DEAD_OBJECT
03-02 10:18:54.444  1124  2136 E IPCThreadState: attemptIncStrongHandle(14): Not supported
03-02 10:18:54.452   921   921 I BufferQueueDebug: [Surface(name=77d8129 NavigationBar0#101614)/@0x3faba4f - animation-leash of insets_animation#133107](this:0xb400007bcec561a8,id:-1,api:0,p:-1,c:921) onDestructor()
03-02 10:18:54.452   921   921 I BufferQueueDebug: [Surface(name=5b2ee94 StatusBar#103)/@0xf6cf932 - animation-leash of insets_animation#133106](this:0xb400007bcecab888,id:-1,api:0,p:-1,c:921) onDestructor()
03-02 10:18:54.452  1621  1651 I ActivityTaskManager: visible for Task{35b385a #37022 type=standard A=10337:com.softnation.Ojam} visible = true isAnimating = false TRANSITION = false PARENTS = false CHILDREN = false
03-02 10:18:54.454   849   868 I hwcomposer: [HWCDisplay] (0 updateFps():3667), (type:1, mode:2) fps:50.507996,dur:1009.74,max:68.18,min:13.26  
03-02 10:18:54.459  2363  3215 I ActiveAudioSessionManager_export-api: dispatchTopActiveSessionChangeCallbackLocked, size:1
03-02 10:18:54.459  2363  3215 I ActiveAudioSessionManager_export-api: stopPositionCallbackTask
03-02 10:18:54.459  2363  3215 I ActiveAudioSessionManager_export-api: dispatchSessionsExistsChangeCallbackLocked :false
03-02 10:18:54.464  6027  6027 I PowerSaveService: onReceive: android.intent.action.BATTERY_CHANGED
03-02 10:18:54.465  1621  1650 W ActivityManager: setHasOverlayUi called on unknown pid: 17120
03-02 10:18:54.465  6515  8177 D PowerCheckerService: onBatteryChanged, mBatteryLevel = 43, status = 2, level = 43, plug = 2, scale = 100
03-02 10:18:54.466  1621  1621 D UiModeManager: updateConfigurationLocked: mDockState=0; mCarMode=false; mCar=false; mPowerSave=false; mOverrideNightModeOn=false; mOverrideNightModeOff=false; mComputedNightMode=true; mNightModeValue=2; uiMode=42
03-02 10:18:54.466  6027  6027 I PowerNoticeUI: handleBatteryChanged oldPlugType 2 mPlugType 2 oldBatteryLevel 43 mBatteryLevel 43 temperature 420
03-02 10:18:54.466  6027  6027 I ChargerBatteryIntelligenceReceiver: onBatteryChanged temperature∩╝Ü42,plugType:2
03-02 10:18:54.467  6027  6027 D BaseChargeProtect_HighTemp: mCountByMinute:0,isScreenOn:true
03-02 10:18:54.467  6515  8142 D PowerKeeper.Thermal: mBatteryTemperature: 42
03-02 10:18:54.468  2363 19600 I ActiveAudioSessionManager_export-api: dispatchTopActiveSessionChangeCallbackLocked, size:1
03-02 10:18:54.468  2363 19600 I GlobalMiPlayAudioManager: onActiveAudioSessionChange activeSession is null
03-02 10:18:54.468  2363 19600 D MiCastSDKImpl: setPlaybackState state -999
03-02 10:18:54.468  2363 19600 I GlobalMiPlayAudioManager: dispatchCallback, what, 1
03-02 10:18:54.468  6515  6997 I ProcAudioPowerManager: onBatteryChanged, onBattery is false
03-02 10:18:54.468  6515  6997 D PowerKeeper.FrozenApp: onBatteryChanged plug=true mBatteryPlugged=2
03-02 10:18:54.468  2363 19600 I ActiveAudioSessionManager_export-api: stopPositionCallbackTask
03-02 10:18:54.468  2363 19600 I ActiveAudioSessionManager_export-api: dispatchSessionsExistsChangeCallbackLocked :false
03-02 10:18:54.468  2363 19600 I MiPlayServiceAdapter: markSessionKilled
03-02 10:18:54.469  2363  2363 D MiPlayDetailViewModel: onActiveAudioSessionChange(): audioSessionList?.size =0
03-02 10:18:54.469  2363  2363 D MiPlayController: miplay service state invalid = 0
03-02 10:18:54.469  2363  2363 D MiPlayDetailViewModel: isMiuiMusic:false null,releaseVersion:1
03-02 10:18:54.469  2363  2363 D MiPlayDetailViewModel: updateAudioSession true
03-02 10:18:54.472 19603 19603 W MultiDeviceManager: setPlaybackState state -999
03-02 10:18:54.472 19603 19603 I CastDeviceManager: setPlaybackState: state -999
03-02 10:18:54.473 19603 19603 W CastDeviceManager: setPlaybackState: castSession is null return
03-02 10:18:54.475  6027  6027 I android_os_HwBinder: HwBinder: Starting thread pool for getting: vendor.xiaomi.hardware.micharge@1.0::IMiCharge/default
03-02 10:18:54.480   872   908 I vendor.xiaomi.hardware.micharge@1.0-service: ReadFilePathValue path = /sys/class/power_supply/usb/real_type value = USB
03-02 10:18:54.482  1999  1999 D DragContainerLayout: dispatch draw with clip rect: null
03-02 10:18:54.482  1621  1621 D UiModeManager: updateConfigurationLocked: mDockState=0; mCarMode=false; mCar=false; mPowerSave=false; mOverrideNightModeOn=false; mOverrideNightModeOff=false; mComputedNightMode=true; mNightModeValue=2; uiMode=42
03-02 10:18:54.483  6027  6027 I IMiChargeUtils: getIMiChargeStringValue method:getBatteryChargeType,value:USB
03-02 10:18:54.483  6027  6027 I IMiChargeUtils: getBatteryChargeType : USB
03-02 10:18:54.483  6027  6027 I ChargeTimeUtilsV2: chargeType:USB
03-02 10:18:54.483  6027  6027 I PowerFeatureUtils: getVendorName:mediatek
03-02 10:18:54.483  6027  6027 I PowerFeatureUtils: getVendorName:mediatek
03-02 10:18:54.484  6027  6027 I PowerSaveService: onReceive: android.intent.action.BATTERY_CHANGED
03-02 10:18:54.487  6515  8142 D PowerKeeper.Thermal: mBatteryTemperature: 42
03-02 10:18:54.487  6515  8177 D PowerCheckerService: onBatteryChanged, mBatteryLevel = 43, status = 2, level = 43, plug = 2, scale = 100
03-02 10:18:54.488  6515  6997 I ProcAudioPowerManager: onBatteryChanged, onBattery is false
03-02 10:18:54.488  6515  6997 D PowerKeeper.FrozenApp: onBatteryChanged plug=true mBatteryPlugged=2
03-02 10:18:54.488  6027  6027 I PowerNoticeUI: handleBatteryChanged oldPlugType 2 mPlugType 2 oldBatteryLevel 43 mBatteryLevel 43 temperature 420
03-02 10:18:54.488  6027  6027 I ChargerBatteryIntelligenceReceiver: onBatteryChanged temperature∩╝Ü42,plugType:2
03-02 10:18:54.489  6027  6027 D BaseChargeProtect_HighTemp: mCountByMinute:0,isScreenOn:true
03-02 10:18:54.491  6027  6027 I android_os_HwBinder: HwBinder: Starting thread pool for getting: vendor.xiaomi.hardware.micharge@1.0::IMiCharge/default
03-02 10:18:54.494   872   908 I vendor.xiaomi.hardware.micharge@1.0-service: ReadFilePathValue path = /sys/class/power_supply/usb/real_type value = USB
03-02 10:18:54.494  6027  6027 I IMiChargeUtils: getIMiChargeStringValue method:getBatteryChargeType,value:USB
03-02 10:18:54.495  6027  6027 I IMiChargeUtils: getBatteryChargeType : USB
03-02 10:18:54.495  6027  6027 I ChargeTimeUtilsV2: chargeType:USB
03-02 10:18:54.495  6027  6027 I PowerFeatureUtils: getVendorName:mediatek
03-02 10:18:54.495  6027  6027 I PowerFeatureUtils: getVendorName:mediatek
03-02 10:18:54.510  1999  2551 D BLASTBufferQueue: [VRI[Launcher]#1187](f:0,a:1) acquireNextBufferLocked size=1080x2460 mFrameNumber=1 applyTransaction=true mTimestamp=608328058405488(auto) mPendingTransactions.size=0 graphicBufferId=8585639638980 transform=0
03-02 10:18:54.512  1999  1999 D VRI[Launcher]: vri.reportDrawFinished
03-02 10:18:54.512  1621  5247 D WindowManager: wms.finishDrawingLocked: mDrawState=COMMIT_DRAW_PENDING Window{d85ca12 u0 com.miui.home/com.miui.home.launcher.Launcher} in Surface(name=com.miui.home/com.miui.home.launcher.Launcher#133110)/@0xace4a01
03-02 10:18:54.512  1999  1999 I Launcher.widget: onInvisible com.google.android.apps.wellbeing.widget.screentime.ScreenTimeWidgetProviderReceiver_Receiver
03-02 10:18:54.513  1999  1999 I Launcher.widget: onInvisible com.google.android.apps.bard.widget.RobinToolBarAppWidgetReceiver
03-02 10:18:54.513  1999  1999 I Launcher.widget: onInvisible com.google.android.googlequicksearchbox.SearchWidgetProvider
03-02 10:18:54.513  1999  1999 D RecentsImpl: mActivityStateObserver com.miui.home.launcher.Launcher
03-02 10:18:54.513  1999  1999 W RecentsImpl: onResumed className=com.miui.home.launcher.Launcher   forceUpdate=false   mIsInAnotherPro=false   isKeyguardLocked=false   mIsStatusBarExpansion=false   mSecuritySpaceGuideShown=false
03-02 10:18:54.514  1621  1651 D MiuiRefreshRatePolicy: reset
03-02 10:18:54.516  1621  1651 I SmartPower: com.miui.home/10166(1999): invisible->visible(365ms) R(become visible) adj=0.
03-02 10:18:54.516  1999  1999 D TouchInteractionService: onSystemUiFlagsChanged, mSystemUiStateFlags=10020000
03-02 10:18:54.517  1621  1651 I WindowManager: wms.showSurfaceRobustly mWin:Window{c20b10a u0 LauncherMinusOneScreen}
03-02 10:18:54.517  1621  1651 I WindowManager: wms.showSurfaceRobustly mWin:Window{ff9cdea u0 LauncherOverlayWindow:com.mi.globalminusscreen}
03-02 10:18:54.517  1621  1651 I WindowManager: wms.showSurfaceRobustly mWin:Window{d85ca12 u0 com.miui.home/com.miui.home.launcher.Launcher}
03-02 10:18:54.517  1621  1651 D WindowManager: Final targets: [Task{d151cdd #1 type=home}, Task{35b385a #37022 type=standard A=10337:com.softnation.Ojam}, WallpaperWindowToken{2d6d85a token=android.os.Binder@8dfa005}, WallpaperWindowToken{d3319dd token=android.os.Binder@113b9b4}]
03-02 10:18:54.518   921  2359 I BufferQueueDebug: [Transition Root #10139: Task=1#133113](this:0xb400007bcecab888,id:-1,api:0,p:-1,c:-1) BufferQueue core=(921:/system/bin/surfaceflinger)
03-02 10:18:54.522  1999 17839 I Launcher.ApplicationsMessage: onReceive true
03-02 10:18:54.522  1999 17839 I Launcher.ApplicationsMessage: update com.softnation.Ojam/ to null
03-02 10:18:54.527  2363  2477 I MultiTaskingTaskRepository: needSkip: is home task
03-02 10:18:54.527  2363  2477 W MultiTaskingTaskRepository: putOrUpdateTaskInfo skip
03-02 10:18:54.527  2363  2477 I MultiTaskingTaskRepository: needSkip: is home task
03-02 10:18:54.527  2363  2477 W MultiTaskingTaskRepository: onToBackTransitionReady putOrUpdateTaskInfo skip
03-02 10:18:54.528  2363  2477 I ShellTransitions: Is abandon offsetY: false
03-02 10:18:54.528  2363  2477 I ShellTransitions: Is abandon offsetY: false
03-02 10:18:54.528  2363  2477 I ShellTransitions: Is abandon offsetY: false
03-02 10:18:54.528  2363  2477 I ShellTransitions: Is abandon offsetY: false
03-02 10:18:54.528  2363  2477 E KeyguardTransitionHandlerImpl: activityCount = 0
03-02 10:18:54.528  2363  2477 E KeyguardTransitionHandlerImpl: activityCount = 0
03-02 10:18:54.529  2363  2477 D MiuiFreeformModeAnimation: startAnimation change: {WCT{android.window.IWindowContainerToken$Stub$Proxy@cc73075} m=TO_FRONT f=SHOW_WALLPAPER|MOVE_TO_TOP leash=Surface(name=Task=1#47)/@0x9971780 sb=Rect(0, 0 - 1080, 2460) eb=Rect(0, 0 - 1080, 2460) d=0 taskParent=-1} info.getType(): 2
03-02 10:18:54.529  2363  2477 D MiuiFreeformModeAnimation: startAnimation change: {WCT{android.window.IWindowContainerToken$Stub$Proxy@111780a} m=CLOSE f=NONE leash=Surface(name=Task=37022#133044)/@0xb7e31b9 sb=Rect(0, 0 - 1080, 2460) eb=Rect(0, 0 - 1080, 2460) d=0 taskParent=-1} info.getType(): 2
03-02 10:18:54.529 25388 25507 E Cleanermanager: ScanEnd: 1
03-02 10:18:54.529  2363  2477 D MiuiFreeformModeAnimation: startAnimation change: {null m=TO_FRONT f=IS_WALLPAPER leash=Surface(name=WallpaperWindowToken{2d6d85a token=android.os.Binder@8dfa005}#66)/@0x5f7b9fe sb=Rect(0, 0 - 1080, 2460) eb=Rect(0, 0 - 1080, 2460) d=0} info.getType(): 2
03-02 10:18:54.529  2363  2477 D MiuiFreeformModeAnimation: startAnimation change: {null m=TO_FRONT f=IS_WALLPAPER|IS_OCCLUDED leash=Surface(name=WallpaperWindowToken{d3319dd token=android.os.Binder@113b9b4}#64)/@0xd99c55f sb=Rect(0, 0 - 1080, 2460) eb=Rect(0, 0 - 1080, 2460) d=0} info.getType(): 2
03-02 10:18:54.529  2363  2477 D SoScStageCoordinator: inCloseTransition:false pairsStartedWithCloseTransition:false isRequestCloseTriggerTask:false inSingleSoScState:false inSoScUnactivie:true closeStage:null
03-02 10:18:54.531  2363  2477 D RemoteTransitionHandler: Found filterPair{{types=[] flags=0x0] notFlags=0x100 checks=[{atype=home independent=true modes=[OPEN,TO_FRONT] flags=NONE mustBeTask=false order=TOP topActivity=ComponentInfo{com.miui.home/com.miui.home.launcher.Launcher} launchCookie=null},{atype=standard independent=true modes=[CLOSE,TO_BACK] flags=NONE mustBeTask=false order=ANY topActivity=null launchCookie=null}]} RemoteTransition { remoteTransition = android.window.IRemoteTransition$Stub$Proxy@d0bf0c8, appThread = null, debugName = null, hyperRemoteTransition = null }}
03-02 10:18:54.538  1999  2756 D AnimStateManager: send event 9001 currentState = IdleState windowElement = null
03-02 10:18:54.540  1621  1651 D WindowManager: snapshot isNothing = false source = Task{35b385a #37022 type=standard A=10337:com.softnation.Ojam}
03-02 10:18:54.541 25388 25525 E Cleanermanager: startScan: 4 1
03-02 10:18:54.542  1621  1636 D FileUtils: Rounded bytes from 8055762944 to 16000000000
03-02 10:18:54.543  1999  1999 D ShortcutIcon: setMessage textnull
03-02 10:18:54.543  1621  1651 D MiuiRefreshRatePolicy: reset
03-02 10:18:54.543 25388 25525 E Cleanermanager: ScanEnd: 4
03-02 10:18:54.543  1999  1999 I AnimStateManager: IdleState handle event 9001
03-02 10:18:54.544  1999  1999 I AnimStateManager: CommonState handle event 9001
03-02 10:18:54.544  1999  1999 I AnimStateManager: onWindowElementChanged. initWindowElement windowElement= null
03-02 10:18:54.544  1999  1999 I RectFSpringAnim: init
03-02 10:18:54.544  1999  1999 D RectFSpringAnim: addAnimatorListener
03-02 10:18:54.544  1999  1999 D WindowAnimImplementorDispatcher: eb1b9dd SfAnim is enabled: false
03-02 10:18:54.544  1999  1999 I WindowElement: eb1b9dd com.miui.home.recents.anim.WindowElement@eb1b9dd window init isHalf = com.miui.home.recents.anim.windowanim.WindowAnimContextImpl@c6a4423.isHalf
03-02 10:18:54.544  1999  1999 I WindowElement: java.lang.Exception
03-02 10:18:54.544  1999  1999 I WindowElement: 	at com.miui.home.recents.anim.WindowElement.<init>(WindowElement.kt:359)
03-02 10:18:54.544  1999  1999 I WindowElement: 	at com.miui.home.recents.anim.WindowElement.<init>(WindowElement.kt:63)
03-02 10:18:54.544  1999  1999 I WindowElement: 	at com.miui.home.recents.anim.StateManager.initWindowElement(StateManager.kt:682)
03-02 10:18:54.544  1999  1999 I WindowElement: 	at com.miui.home.recents.anim.StateManager.access$initWindowElement(StateManager.kt:33)
03-02 10:18:54.544  1999  1999 I WindowElement: 	at com.miui.home.recents.anim.StateManager$CommonState.handleEvent(StateManager.kt:1289)
03-02 10:18:54.544  1999  1999 I WindowElement: 	at com.miui.home.recents.anim.StateManager.handleEventActually(StateManager.kt:112)
03-02 10:18:54.544  1999  1999 I WindowElement: 	at com.miui.home.recents.anim.StateManager.sendEventActually$lambda-0(StateManager.kt:99)
03-02 10:18:54.544  1999  1999 I WindowElement: 	at com.miui.home.recents.anim.StateManager.$r8$lambda$C-kZp_X93nanDwYsUFIjH_GwEtM(Unknown Source:0)
03-02 10:18:54.544  1999  1999 I WindowElement: 	at com.miui.home.recents.anim.StateManager$$ExternalSyntheticLambda3.run(Unknown Source:4)
03-02 10:18:54.544  1999  1999 I WindowElement: 	at android.os.Handler.handleCallback(Handler.java:959)
03-02 10:18:54.544  1999  1999 I WindowElement: 	at android.os.Handler.dispatchMessage(Handler.java:100)
03-02 10:18:54.544  1999  1999 I WindowElement: 	at android.os.Looper.loopOnce(Looper.java:249)
03-02 10:18:54.544  1999  1999 I WindowElement: 	at android.os.Looper.loop(Looper.java:337)
03-02 10:18:54.544  1999  1999 I WindowElement: 	at android.app.ActivityThread.main(ActivityThread.java:9500)
03-02 10:18:54.544  1999  1999 I WindowElement: 	at java.lang.reflect.Method.invoke(Native Method)
03-02 10:18:54.544  1999  1999 I WindowElement: 	at com.android.internal.os.RuntimeInit$MethodAndArgsCaller.run(RuntimeInit.java:636)
03-02 10:18:54.544  1999  1999 I WindowElement: 	at com.android.internal.os.ZygoteInit.main(ZygoteInit.java:1005)
03-02 10:18:54.544  1999  1999 D TransitionCallback: isFrameworkEnableCallback = true
03-02 10:18:54.545  1999  1999 I WindowElement: eb1b9dd injectRemoteTransition params=RemoteTransitionInfo(token=android.os.BinderProxy@c9516d9, info={id=10139 t=CLOSE f=0x0 trk=0 opt={t=FROM_STYLE} r=[0@Point(0, 0)] c=[{WCT{android.window.IWindowContainerToken$Stub$Proxy@d47089e} m=TO_FRONT f=SHOW_WALLPAPER|MOVE_TO_TOP leash=Surface(name=Task=1#47)/@0xc6d7508 sb=Rect(0, 0 - 1080, 2460) eb=Rect(0, 0 - 1080, 2460) d=0 taskParent=-1},{WCT{android.window.IWindowContainerToken$Stub$Proxy@412ff7f} m=CLOSE f=NONE leash=Surface(name=Task=37022#133044)/@0x7374a1 sb=Rect(0, 0 - 1080, 2460) eb=Rect(0, 0 - 1080, 2460) d=0 taskParent=-1},{null m=TO_FRONT f=IS_WALLPAPER leash=Surface(name=WallpaperWindowToken{2d6d85a token=android.os.Binder@8dfa005}#66)/@0x437e6c6 sb=Rect(0, 0 - 1080, 2460) eb=Rect(0, 0 - 1080, 2460) d=0},{null m=TO_FRONT f=IS_WALLPAPER|IS_OCCLUDED leash=Surface(name=WallpaperWindowToken{d3319dd token=android.os.Binder@113b9b4}#64)/@0x741c687 sb=Rect(0, 0 - 1080, 2460) eb=Rect(0, 0 - 1080, 2460) d=0}] mk=[true] noAni=[false] df=[false] rsa=[false] oa=[false] iSync=[-1]}, t=android.view.SurfaceControl$Transaction@129ab4c, finishCallback=android.window.IRemoteTransitionFinishedCallback$Stub$Proxy@9b74795, isMerge=false, mergeTarget=null)
03-02 10:18:54.545  1999  1999 E WindowTransitionCompat: TransitionTest wrapRemoteTransition
03-02 10:18:54.545  1999  1999 I WindowTransitionCompat: TransitionTest HomeShellTransition IRemoteTransition startAnimation
03-02 10:18:54.545  1999  1999 D WindowTransitionCompat: printLeash::TransitionInfo = {id=10139 t=CLOSE f=0x0 trk=0 opt={t=FROM_STYLE} r=[0@Point(0, 0)] c=[{WCT{android.window.IWindowContainerToken$Stub$Proxy@d47089e} m=TO_FRONT f=SHOW_WALLPAPER|MOVE_TO_TOP leash=Surface(name=Task=1#47)/@0xc6d7508 sb=Rect(0, 0 - 1080, 2460) eb=Rect(0, 0 - 1080, 2460) d=0 taskParent=-1},{WCT{android.window.IWindowContainerToken$Stub$Proxy@412ff7f} m=CLOSE f=NONE leash=Surface(name=Task=37022#133044)/@0x7374a1 sb=Rect(0, 0 - 1080, 2460) eb=Rect(0, 0 - 1080, 2460) d=0 taskParent=-1},{null m=TO_FRONT f=IS_WALLPAPER leash=Surface(name=WallpaperWindowToken{2d6d85a token=android.os.Binder@8dfa005}#66)/@0x437e6c6 sb=Rect(0, 0 - 1080, 2460) eb=Rect(0, 0 - 1080, 2460) d=0},{null m=TO_FRONT f=IS_WALLPAPER|IS_OCCLUDED leash=Surface(name=WallpaperWindowToken{d3319dd token=android.os.Binder@113b9b4}#64)/@0x741c687 sb=Rect(0, 0 - 1080, 2460) eb=Rect(0, 0 - 1080, 2460) d=0}] mk=[true] noAni=[false] df=[false] rsa=[false] oa=[false] iSync=[-1]}
03-02 10:18:54.545  1999  1999 D WindowTransitionCompat: printLeash::index = 0, change = {WCT{android.window.IWindowContainerToken$Stub$Proxy@d47089e} m=TO_FRONT f=SHOW_WALLPAPER|MOVE_TO_TOP leash=Surface(name=Task=1#47)/@0xc6d7508 sb=Rect(0, 0 - 1080, 2460) eb=Rect(0, 0 - 1080, 2460) d=0 taskParent=-1}
03-02 10:18:54.545  1999  1999 D WindowTransitionCompat: printLeash::taskInfo = TaskInfo{userId=0 taskId=1 displayId=0 isRunning=true baseIntent=Intent { act=android.intent.action.MAIN cat=[android.intent.category.HOME] flg=0x10000100 cmp=com.miui.home/.launcher.Launcher } baseActivity=ComponentInfo{com.miui.home/com.miui.home.launcher.Launcher} topActivity=ComponentInfo{com.miui.home/com.miui.home.launcher.Launcher} origActivity=null realActivity=null numActivities=1 lastActiveTime=42083 supportsSplitScreenMultiWindow=true supportsMultiWindow=true resizeMode=2 isResizeable=true minWidth=-1 minHeight=-1 defaultMinSize=200 token=WCT{android.window.IWindowContainerToken$Stub$Proxy@d1710aa} topActivityType=2 pictureInPictureParams=null shouldDockBigOverlays=false launchIntoPipHostTaskId=-1 lastParentTaskIdBeforePip=-1 displayCutoutSafeInsets=null topActivityInfo=ActivityInfo{762149b com.miui.home.launcher.Launcher} launchCookies=[] positionInParent=Point(0, 0) parentTaskId=-1 isFocused=true isVisible=true isVisibleRequested=true isSleeping=false locusId=null displayAreaFeatureId=1 isTopActivityTransparent=false appCompatTaskInfo=AppCompatTaskInfo { topActivityInSizeCompat=false topActivityEligibleForLetterboxEducation= falseisLetterboxEducationEnabled= false isLetterboxDoubleTapEnabled= false topActivityEligibleForUserAspectRatioButton= false topActivityBoundsLetterboxed= false isFromLetterboxDoubleTap= false topActivityLetterboxVerticalPosition= -1 topActivityLetterboxHorizontalPosition= -1 topActivityLetterboxWidth=1080 topActivityLetterboxHeight=2460 isUserFullscreenOverrideEnabled=false isSystemFullscreenOverrideEnabled=false cameraCompatTaskInfo=CameraCompatTaskInfo { cameraCompatControlState=hidden freeformCameraCompatMode=inactive}} isImmersive=false mTopActivityRequestOrientation=-2 mBehindAppLockPkg=null mOriginatingUid=0 isEmbedded=false shouldBeVisible=true mIsCastMode=false mTopActivityMediaSize=null mTopActivityRecordName=ActivityRecord{9880759 u0 com.miui.home/.launcher.Launcher t2} mTopActivityOrientation=1}
03-02 10:18:54.545  1999  1999 D WindowTransitionCompat: printLeash::index = 1, change = {WCT{android.window.IWindowContainerToken$Stub$Proxy@412ff7f} m=CLOSE f=NONE leash=Surface(name=Task=37022#133044)/@0x7374a1 sb=Rect(0, 0 - 1080, 2460) eb=Rect(0, 0 - 1080, 2460) d=0 taskParent=-1}
