03-02 11:26:11.057  1621  1648 I mtkpower_client: ret_hdl:367945
03-02 11:26:11.057   863   958 I libPowerHal: [perfLockAcq] idx:3 hdl:367945 hint:-1 pid:1621 tid:1648 duration:2000 lock_user:system_server => ret_hdl:367945
03-02 11:26:11.057   863   958 I libPowerHal: [setGPUFreq] system_server user set gpu freq min:0, max:-1
03-02 11:26:11.058   863   958 I libPowerHal: system_server: set gpu opp level max: 0
03-02 11:26:11.058   863   958 I libPowerHal: [setGPUFreq] Soft min/max = (0, 0); Hard min/max = (31, 0)
03-02 11:26:11.058   863   958 I libPowerHal: [setGPUFreq] final min/max = (0, 0)
03-02 11:26:11.058   863   958 I libPowerHal: system_server: set gpu opp level: 0
03-02 11:26:11.058   863   958 I libPowerHal: system_server: set gpu opp level max: 0
03-02 11:26:11.058   863   958 I libPowerHal: [perfLockAcq] Done for hdl : 367945
03-02 11:26:11.059  1621  4246 D ActivityManager: getProcessesInErrorState callingUid=10126, CallingPid=26172
03-02 11:26:11.063  1999  1999 D TouchInteractionService: onSystemUiFlagsChanged, mSystemUiStateFlags=50020004
03-02 11:26:11.064  2363  2363 D GestureObserver: update disable state, disabled true, mNotificationPanelExpand true, mControlCenterExpand false, mInPinnedMode false, mKeyguardShowing false
03-02 11:26:11.067  1621  4246 W ActivityManagerServiceImpl: Sending non-protected broadcast com.android.systemui.fsgesture from system 2363:com.android.systemui/1000 pkg com.android.systemui. Callers=
03-02 11:26:11.069  2363  2363 D ControlCenterControllerImpl: disable1: 0 -> 0 (diff1: 0)
03-02 11:26:11.069  2363  2363 D ControlCenterControllerImpl: disable2: 0 -> 0 (diff1: 0)
03-02 11:26:11.069  2363  2363 D ControlCenterControllerImpl: panelEnabled changed from true to true
03-02 11:26:11.069  2363  2363 D CollapsedStatusBarFragment: adjustDisableFlags: ShadeExpansionState = 1 mHideIconsForBouncer = false mWereIconsJustHidden = false, mWakeUpCoordinator.getNotificationsFullyHidden = false, mIsExpanded = true, mBypassController.getBypassEnabled = false, mStatusBarStateController.getState() = 0, mKeyguardStateController.isKeyguardGoingAway() = false, mHeadsUpManager.hasPinnedHeadsUp = false, mControlPanelExpand = false
03-02 11:26:11.070  1999  1999 W RecentsImpl: mFsgReceiver  mFsgReceiverSender=com.android.systemui
03-02 11:26:11.071  2363  2363 D NotificationPanelView: vis=true shouleBe=true BarState=0
03-02 11:26:11.076  1999 17839 W RecentsImpl: updateFsgWindowVisibilityStateInBgThread, isEnter=true, typeFrom=typefrom_status_bar_expansion, isOpen=false, isKeyguardLocked=false, mIsInAnotherPro=false, isStatusBarExpansion=true
03-02 11:26:11.077  2363  2363 D CollapsedStatusBarFragment: adjustDisableFlags: ShadeExpansionState = 2 mHideIconsForBouncer = false mWereIconsJustHidden = false, mWakeUpCoordinator.getNotificationsFullyHidden = false, mIsExpanded = true, mBypassController.getBypassEnabled = false, mStatusBarStateController.getState() = 0, mKeyguardStateController.isKeyguardGoingAway() = false, mHeadsUpManager.hasPinnedHeadsUp = false, mControlPanelExpand = false
03-02 11:26:11.079  2363  2581 I BoostHelper: boost: add myTid: 2363
03-02 11:26:11.079  2363  2581 I BoostHelper: boost: add mRenderThreadTid: 2648
03-02 11:26:11.079  2363  3259 D RingtonePlayer: stopAsync()
03-02 11:26:11.079  1621  1908 D PerfMTKStubImpl: perfLockAcquire
03-02 11:26:11.080  2363  3259 D RingtonePlayer: stop
03-02 11:26:11.080  2363  2581 I BoostHelper: boostThread sched thread [2363, 2648] is run,mod=6
03-02 11:26:11.080  1621  1908 I mtkpower_client: perf_lock_acq, hdl:367744, dur:2000, num:22, pid:1621, tid:1908
03-02 11:26:11.080  1621  2655 D VibratorManagerService: Canceling vibration
03-02 11:26:11.080  1621  2986 D CoreBackPreview: Window{f0a2d0 u0 NotificationShade}: Setting back callback OnBackInvokedCallbackInfo{mCallback=android.window.IOnBackInvokedCallback$Stub$Proxy@ed76304, mPriority=0, mIsAnimationCallback=false}
03-02 11:26:11.080  1621  1908 I mtkpower_client: ret_hdl:367946
03-02 11:26:11.080  1621  1908 D SchedBoost: startBoostInternal 2000
03-02 11:26:11.081   863   958 I libPowerHal: cmdSetting - unknown cmd:1438500, scmd:(null) ,param_1:100
03-02 11:26:11.081  1621  4246 D VibratorManagerService: Canceling vibration
03-02 11:26:11.081  2363  3259 D RingtonePlayer: stopAsync()
03-02 11:26:11.081  2363  3259 D RingtonePlayer: stop
03-02 11:26:11.081   863   958 I libPowerHal: [perfLockAcq] idx:4 hdl:367946 hint:-1 pid:1621 tid:1908 duration:2000 lock_user:system_server => ret_hdl:367946
03-02 11:26:11.081   863   958 I libPowerHal: [setGPUFreq] system_server user set gpu freq min:31, max:-1
03-02 11:26:11.081   863   958 I libPowerHal: system_server: set gpu opp level max: 0
03-02 11:26:11.081  2363  2363 D NotificationPanelExpandController: expand height changed to 46.905273
03-02 11:26:11.081   863   958 I libPowerHal: [setGPUFreq] Soft min/max = (0, 0); Hard min/max = (31, 0)
03-02 11:26:11.081   863   958 I libPowerHal: [setGPUFreq] final min/max = (0, 0)
03-02 11:26:11.081   863   958 I libPowerHal: system_server: set gpu opp level: 0
03-02 11:26:11.082   863   958 I libPowerHal: system_server: set gpu opp level max: 0
03-02 11:26:11.082   863   958 I libPowerHal: [PE] system_server update cmd:1404100, param:1, pr:3
03-02 11:26:11.082   863   958 I libPowerHal: [PE] system_server update cmd:1404300, param:0, pr:3
03-02 11:26:11.082   863   958 I libPowerHal: [PE] system_server update cmd:1404400, param:1, pr:3
03-02 11:26:11.082   863   958 I libPowerHal: [PE] system_server update cmd:1438400, param:100, pr:3
03-02 11:26:11.082   863   958 I libPowerHal: [PE] system_server update cmd:c0c200, param:18743356, pr:3
03-02 11:26:11.082   863   958 I libPowerHal: [PE] system_server update cmd:c0c300, param:771, pr:3
03-02 11:26:11.082   863   958 I libPowerHal: [PE] system_server update cmd:400200 param:2000000 pr:3
03-02 11:26:11.082   863   958 I libPowerHal: [recordCPUFreqInfo] set cluster[0] min(system_server): 1800000 max(-1): -1 cluster[1] min(system_server): 2000000 max(-1): -1
03-02 11:26:11.083   863   958 W LibMBrainProxy: MBrain offline
03-02 11:26:11.083   863   958 I libPowerHal: [perfLockAcq] Done for hdl : 367946
03-02 11:26:11.084  2363  2363 D NotificationPanelView: MNPVC touch: stretching=true collapsing=false mPanelStretching=true mPanelCollapsing=false mPanelOpening=true mStretchLength=0.0 fullCollapsedOnDown=true fullExpOnDown=false mHidePanelPending=false
03-02 11:26:11.084  2363  2363 D ShadeListBuilder: postBuildList: false->true
03-02 11:26:11.085  2363  2363 D View    : View setForceSDFT: true
03-02 11:26:11.085  2363  2363 D View    : View setForceSDFT: true
03-02 11:26:11.085  2363  2363 D View    : View setForceSDFT: true
03-02 11:26:11.086  2363  2363 D View    : View setForceSDFT: true
03-02 11:26:11.086  2363  2363 D View    : View setForceSDFT: true
03-02 11:26:11.086  2363  2363 D View    : View setForceSDFT: true
03-02 11:26:11.086  2363  2363 D View    : View setForceSDFT: true
03-02 11:26:11.086  2363  2363 D View    : View setForceSDFT: true
03-02 11:26:11.086  2363  2363 D View    : View setForceSDFT: true
03-02 11:26:11.086  2363  2363 D NotificationHeaderExpandController: onExpansionChanged: progress =  0.010498032
03-02 11:26:11.087  2363  2363 D View    : View setForceSDFT: true
03-02 11:26:11.087  2363  2363 D View    : View setForceSDFT: true
03-02 11:26:11.087  2363  2363 D View    : View setForceSDFT: true
03-02 11:26:11.087  2363  2363 D View    : View setForceSDFT: true
03-02 11:26:11.087  2363  2363 D View    : View setForceSDFT: true
03-02 11:26:11.087  2363  2363 D View    : View setForceSDFT: true
03-02 11:26:11.087  2363  2363 D View    : View setForceSDFT: true
03-02 11:26:11.087  2363  2363 D View    : View setForceSDFT: true
03-02 11:26:11.095   921  1170 I BufferQueueDebug: [NotificationShade#134306](this:0xb400007bcecc8028,id:-1,api:0,p:-1,c:-1) BufferQueue core=(921:/system/bin/surfaceflinger)
03-02 11:26:11.098  1621  2986 D MiuiRefreshRatePolicy: reset
03-02 11:26:11.099  1621  2986 I WindowManager: onFirstWindowDrawn, try to remove startingWindow. this = ActivityRecord{ec8c5b7 u0 com.softnation.Ojam/.MainActivity t37044} associatedTask = null isMainWindow = false mStartingWindow = Window{b2e53c1 u0 Splash Screen com.softnation.Ojam} mStartingData = SplashScreenStartingData{342b90 waitForSyncTransactionCommit=false removeAfterTransaction= 0}
03-02 11:26:11.101  1621  2986 I WindowManager: Relayout Window{f0a2d0 u0 NotificationShade}: oldVis=4 newVis=0 focusMayChange = true requestedWidth = 1080 requestedHeight = 2460 outFrames = ClientWindowFrames{frame=[0,0][1080,2460] display=[0,0][1080,2460] parentFrame=[0,0][0,0]} outSurfaceControl = Surface(name=NotificationShade#134306)/@0x6e9ab70
03-02 11:26:11.102  2363  2363 D BufferQueueConsumer: [](id:93b00001aec,api:0,p:-1,c:2363) connect: controlledByApp=false
03-02 11:26:11.103  2363  2363 D BLASTBufferQueue: [VRI[NotificationShade]#5847](f:0,a:0) constructor()
03-02 11:26:11.103  2363  2363 D BLASTBufferQueue: [VRI[NotificationShade]#5847](f:0,a:0) update width=1080 height=2460 format=-3 mTransformHint=0
03-02 11:26:11.107  2363  2363 D VRI[NotificationShade]: vri.reportNextDraw android.view.ViewRootImpl.performTraversals:4984 android.view.ViewRootImpl.doTraversal:3564 android.view.ViewRootImpl$TraversalRunnable.run:11781 android.view.Choreographer$CallbackRecord.run:1804 android.view.Choreographer$CallbackRecord.run:1813 
03-02 11:26:11.107   857   857 D android.hardware.lights-service.mediatek: write 220 to /sys/class/leds/lcd-backlight/brightness, result: 0
03-02 11:26:11.109  2363  2363 D NotificationPanelNavigationBar: appearance = 0
03-02 11:26:11.109  1621  2986 D MiuiRefreshRatePolicy: reset
03-02 11:26:11.109  2363  2363 D VRI[NotificationShade]: Setup new sync=wmsSync-VRI[NotificationShade]#34
03-02 11:26:11.109  1621  2986 I WindowManager: onFirstWindowDrawn, try to remove startingWindow. this = ActivityRecord{ec8c5b7 u0 com.softnation.Ojam/.MainActivity t37044} associatedTask = null isMainWindow = false mStartingWindow = Window{b2e53c1 u0 Splash Screen com.softnation.Ojam} mStartingData = SplashScreenStartingData{342b90 waitForSyncTransactionCommit=false removeAfterTransaction= 0}
03-02 11:26:11.111  1621  1651 I WindowManager: onFirstWindowDrawn, try to remove startingWindow. this = ActivityRecord{ec8c5b7 u0 com.softnation.Ojam/.MainActivity t37044} associatedTask = null isMainWindow = false mStartingWindow = Window{b2e53c1 u0 Splash Screen com.softnation.Ojam} mStartingData = SplashScreenStartingData{342b90 waitForSyncTransactionCommit=false removeAfterTransaction= 0}
03-02 11:26:11.112  1621  1651 I ActivityTaskManager: visible for Task{6f3448d #37044 type=standard A=10337:com.softnation.Ojam} visible = true isAnimating = false TRANSITION = false PARENTS = false CHILDREN = false
03-02 11:26:11.113  1201  1298 D AALService: [CRTC_114] onALIChanged: 22 -> 18
03-02 11:26:11.114   857   857 D android.hardware.lights-service.mediatek: write 220 to /sys/class/mi_display/disp-DSI-0/brightness_clone, result: 0
03-02 11:26:11.119  2363  2648 D BLASTBufferQueue: [VRI[NotificationShade]#5847](f:0,a:1) acquireNextBufferLocked size=1080x2460 mFrameNumber=1 applyTransaction=true mTimestamp=612364667043883(auto) mPendingTransactions.size=0 graphicBufferId=10149007875889 transform=0
03-02 11:26:11.120  2363  2363 D VRI[NotificationShade]: vri.reportDrawFinished
03-02 11:26:11.121  1621  2986 D WindowManager: wms.finishDrawingLocked: mDrawState=COMMIT_DRAW_PENDING Window{f0a2d0 u0 NotificationShade} in Surface(name=NotificationShade#134306)/@0xaf819b3
03-02 11:26:11.121  2363  2363 E adTracker: Value OBrTrj6PX7wOBRKyq8AnVDWU3JzLgn9FvMnJpopBTTk of type java.lang.String cannot be converted to JSONObject
03-02 11:26:11.121  2363  2363 E adTracker: Value 4X5KOi77YI+vakcj+W18azb4QQjxzGvasax of type java.lang.String cannot be converted to JSONObject
03-02 11:26:11.122  2363  2363 E adTracker: Value QzyElPa of type java.lang.String cannot be converted to JSONObject
03-02 11:26:11.122  2363  2363 E adTracker: Value notification of type java.lang.String cannot be converted to JSONObject
03-02 11:26:11.122  2363  2363 E adTracker: Value notification of type java.lang.String cannot be converted to JSONObject
03-02 11:26:11.123  2363  2363 W NotificationPanelView: handleStretchState mBgBlurRadius=0 hidePanelPending=false
03-02 11:26:11.123  2363  2363 D NotificationPanelExpandController: expand height changed to 159.91211
03-02 11:26:11.123  2363  2363 D NotificationPanelView: MNPVC touch: stretching=true collapsing=false mPanelStretching=true mPanelCollapsing=false mPanelOpening=true mStretchLength=0.0 fullCollapsedOnDown=true fullExpOnDown=false mHidePanelPending=false
03-02 11:26:11.124  1621  1651 D MiuiRefreshRatePolicy: reset
03-02 11:26:11.125  2363  2363 D NotificationHeaderExpandController: onExpansionChanged: progress =  0.061160687
03-02 11:26:11.126  1621  1651 I WindowManager: onFirstWindowDrawn, try to remove startingWindow. this = ActivityRecord{ec8c5b7 u0 com.softnation.Ojam/.MainActivity t37044} associatedTask = null isMainWindow = false mStartingWindow = Window{b2e53c1 u0 Splash Screen com.softnation.Ojam} mStartingData = SplashScreenStartingData{342b90 waitForSyncTransactionCommit=false removeAfterTransaction= 0}
03-02 11:26:11.129  1621  1651 I WindowManager: onFirstWindowDrawn, try to remove startingWindow. this = ActivityRecord{ec8c5b7 u0 com.softnation.Ojam/.MainActivity t37044} associatedTask = null isMainWindow = false mStartingWindow = Window{b2e53c1 u0 Splash Screen com.softnation.Ojam} mStartingData = SplashScreenStartingData{342b90 waitForSyncTransactionCommit=false removeAfterTransaction= 0}
03-02 11:26:11.130  1621  1651 I ActivityTaskManager: visible for Task{6f3448d #37044 type=standard A=10337:com.softnation.Ojam} visible = true isAnimating = false TRANSITION = false PARENTS = false CHILDREN = false
03-02 11:26:11.130  1621  1651 I WindowManager: wms.showSurfaceRobustly mWin:Window{f0a2d0 u0 NotificationShade}
03-02 11:26:11.140  2363  2363 W NotificationPanelView: handleStretchState mBgBlurRadius=0 hidePanelPending=false
03-02 11:26:11.140  2363  2363 D NotificationPanelExpandController: expand height changed to 199.13672
03-02 11:26:11.142  1621  1651 I WindowManager: onFirstWindowDrawn, try to remove startingWindow. this = ActivityRecord{ec8c5b7 u0 com.softnation.Ojam/.MainActivity t37044} associatedTask = null isMainWindow = false mStartingWindow = Window{b2e53c1 u0 Splash Screen com.softnation.Ojam} mStartingData = SplashScreenStartingData{342b90 waitForSyncTransactionCommit=false removeAfterTransaction= 0}
03-02 11:26:11.142  2363  2363 D NotificationPanelView: MNPVC touch: stretching=true collapsing=false mPanelStretching=true mPanelCollapsing=false mPanelOpening=true mStretchLength=0.0 fullCollapsedOnDown=true fullExpOnDown=false mHidePanelPending=false
03-02 11:26:11.143   921   921 I BufferQueueProducer: [NavigationBar0#101619](this:0xb400007bced454e8,id:-1,api:0,p:-1,c:921) queueBuffer: fps=17.21 dur=1568.47 max=1134.79 min=16.46
03-02 11:26:11.143  1621  1651 I ActivityTaskManager: visible for Task{6f3448d #37044 type=standard A=10337:com.softnation.Ojam} visible = true isAnimating = false TRANSITION = false PARENTS = false CHILDREN = false
03-02 11:26:11.143  2363  2363 D View    : View setForceSDFT: false
03-02 11:26:11.143  2363  2363 D View    : View setForceSDFT: false
03-02 11:26:11.143  2363  2363 D View    : View setForceSDFT: false
03-02 11:26:11.144  2363  2363 D View    : View setForceSDFT: false
03-02 11:26:11.144  2363  2363 D View    : View setForceSDFT: false
03-02 11:26:11.144  2363  2363 D View    : View setForceSDFT: false
03-02 11:26:11.144  2363  2363 D View    : View setForceSDFT: false
03-02 11:26:11.145  2363  2363 D View    : View setForceSDFT: true
03-02 11:26:11.145  2363  2363 D View    : View setForceSDFT: true
03-02 11:26:11.145  2363  2363 D View    : View setForceSDFT: true
03-02 11:26:11.145  2363  2363 D NotificationHeaderExpandController: onExpansionChanged: progress =  0.16168849
03-02 11:26:11.146  2363  2363 D View    : View setForceSDFT: true
03-02 11:26:11.146  2363  2363 D View    : View setForceSDFT: true
03-02 11:26:11.146  2363  2363 D View    : View setForceSDFT: true
03-02 11:26:11.146  2363  2363 D View    : View setForceSDFT: true
03-02 11:26:11.146  2363  2363 D View    : View setForceSDFT: true
03-02 11:26:11.146  2363  2363 D View    : View setForceSDFT: true
03-02 11:26:11.147  2363  2363 D View    : View setForceSDFT: false
03-02 11:26:11.147  2363  2363 D View    : View setForceSDFT: false
03-02 11:26:11.147  2363  2363 D View    : View setForceSDFT: false
03-02 11:26:11.147  2363  2363 D View    : View setForceSDFT: false
03-02 11:26:11.147  2363  2363 D View    : View setForceSDFT: false
03-02 11:26:11.148  2363  2363 D View    : View setForceSDFT: false
03-02 11:26:11.148  2363  2363 D View    : View setForceSDFT: false
03-02 11:26:11.148  2363  2363 D View    : View setForceSDFT: false
03-02 11:26:11.148  2363  2363 D View    : View setForceSDFT: false
03-02 11:26:11.149  2363  2363 D View    : View setForceSDFT: false
03-02 11:26:11.151   921   921 I BufferQueueProducer: [FramebufferSurface](this:0xb400007d8e9dff50,id:-1,api:1,p:921,c:921) queueBuffer: fps=15.42 dur=3630.62 max=2703.15 min=9.69
03-02 11:26:11.154   921   921 I MI-SF   : surfaceflinger setAffinity mode=1
03-02 11:26:11.155   921   921 E MI-SF   : surfaceflinger setAffinity success
03-02 11:26:11.155   921   921 I MI-SF   : surfaceflinger setreAffinity reTid=1207
03-02 11:26:11.155   921   921 E MI-SF   : surfaceflinger setAffinity success
03-02 11:26:11.155   921  1166 I BufferQueueDebug: [Surface(name=77d8129 NavigationBar0#101614)/@0x3faba4f - animation-leash of insets_animation#134307](this:0xb400007bcecd3668,id:-1,api:0,p:-1,c:-1) BufferQueue core=(921:/system/bin/surfaceflinger)
03-02 11:26:11.158  1621  2986 D MiuiRefreshRatePolicy: reset
03-02 11:26:11.161  1621  2986 I WindowManager: onFirstWindowDrawn, try to remove startingWindow. this = ActivityRecord{ec8c5b7 u0 com.softnation.Ojam/.MainActivity t37044} associatedTask = null isMainWindow = false mStartingWindow = Window{b2e53c1 u0 Splash Screen com.softnation.Ojam} mStartingData = SplashScreenStartingData{342b90 waitForSyncTransactionCommit=false removeAfterTransaction= 0}
03-02 11:26:11.163  1621  2986 W WindowManager: Changing focus from Window{b10aef8 u0 com.softnation.Ojam/com.softnation.Ojam.MainActivity} to Window{f0a2d0 u0 NotificationShade} displayId=0 Callers=com.android.server.wm.RootWindowContainer.updateFocusedWindowLocked:602 com.android.server.wm.WindowManagerService.updateFocusedWindowLocked:7168 com.android.server.wm.WindowManagerService.relayoutWindowInner:3076 com.android.server.wm.WindowManagerService.relayoutWindow:2724 
03-02 11:26:11.163  1621  2986 I whetstone.activity: Power Event callback listener is empty for resId=32
03-02 11:26:11.164  1621  2986 D BatteryStatsManagerStub: notifyEvent for resId=32 used 0ms
03-02 11:26:11.164  2363  2363 W NotificationPanelView: handleStretchState mBgBlurRadius=0 hidePanelPending=false
03-02 11:26:11.164  2363  2363 D NotificationPanelExpandController: expand height changed to 241.17285
03-02 11:26:11.164  2363  2363 D NotificationPanelExpandController: panelAppearance to true
03-02 11:26:11.166   921  1170 I BufferQueueDebug: [Surface(name=5b2ee94 StatusBar#103)/@0xf6cf932 - animation-leash of insets_animation#134308](this:0xb400007bcec561a8,id:-1,api:0,p:-1,c:-1) BufferQueue core=(921:/system/bin/surfaceflinger)
03-02 11:26:11.168   921  1170 I BufferQueueDebug: [Surface(name=77d8129 NavigationBar0#101614)/@0x3faba4f - animation-leash of insets_animation#134309](this:0xb400007bcecbf778,id:-1,api:0,p:-1,c:-1) BufferQueue core=(921:/system/bin/surfaceflinger)
03-02 11:26:11.169  2363  2363 I QS      : setListening true
03-02 11:26:11.170  2363  2363 D NotificationHeaderExpandController: onAppearanceChanged appearance: true  animate: true 
03-02 11:26:11.170  2363  2363 D NotificationPanelView: MNPVC touch: stretching=true collapsing=false mPanelStretching=true mPanelCollapsing=false mPanelOpening=true mStretchLength=0.0 fullCollapsedOnDown=true fullExpOnDown=false mHidePanelPending=false
03-02 11:26:11.171  2363  3015 D BrightnessController: BrightnessObserver: startObserving.
03-02 11:26:11.172  1621  2986 D WindowManager: wms.Input focus has changed to Window{f0a2d0 u0 NotificationShade} display=0 updateInputWindows = true
03-02 11:26:11.173  1621  2986 I MultiSenceManagerInternalStub: getInstance
03-02 11:26:11.173  1621  1928 I MultiSenceManagerInternalStubImpl: packageName = com.android.systemui
03-02 11:26:11.173  1621  1928 W ContextImpl: Calling a method in the system process without a qualified user: android.app.ContextImpl.sendBroadcast:1260 com.android.server.wm.MultiSenceManagerInternalStubImpl.sendFocusWindowsBroadcast:148 com.android.server.wm.MultiSenceManagerInternalStubImpl$UpdateScreenStatus.run:98 android.os.Handler.handleCallback:959 android.os.Handler.dispatchMessage:100 
03-02 11:26:11.173  1621  1928 W ActivityManagerServiceImpl: Sending non-protected broadcast com.xiaomi.multisence.action.FOCUSED_CHANGE from system 1621:system/1000 pkg android. Callers=com.android.server.am.ActivityManagerService.checkBroadcastFromSystem:16365 com.android.server.am.ActivityManagerService.broadcastIntentLockedTraced:17236 com.android.server.am.ActivityManagerService.broadcastIntentLocked:16425 com.android.server.am.ActivityManagerService.broadcastIntentWithFeature:17459 android.app.ContextImpl.sendBroadcast:1264 
03-02 11:26:11.174  2363  2363 D View    : View setForceSDFT: true
03-02 11:26:11.174  2363  2363 D View    : View setForceSDFT: true
03-02 11:26:11.174   863   958 I mtkpower@impl: [powerd_req] TIMER_MSG_PERF_LOCK_TIMEOUT hdl:367944
03-02 11:26:11.174  1621  1651 I WindowManager: onFirstWindowDrawn, try to remove startingWindow. this = ActivityRecord{ec8c5b7 u0 com.softnation.Ojam/.MainActivity t37044} associatedTask = null isMainWindow = false mStartingWindow = Window{b2e53c1 u0 Splash Screen com.softnation.Ojam} mStartingData = SplashScreenStartingData{342b90 waitForSyncTransactionCommit=false removeAfterTransaction= 0}
03-02 11:26:11.174   863   958 I libPowerHal: [perfLockRel] hdl:367944, idx:2
03-02 11:26:11.175   863   958 I libPowerHal: [unsetGPUFreq] current min:0, max:0; scn_gpu_min:0, scn_gpu_max:-1; scn_gpu_min(HL):-1, scn_gpu_max(HL):-1
03-02 11:26:11.175  2363  2363 D View    : View setForceSDFT: true
03-02 11:26:11.175   863   958 I libPowerHal: [setGPUFreq] Soft min/max = (0, 0); Hard min/max = (31, 0)
03-02 11:26:11.175   863   958 I libPowerHal: [setGPUFreq] final min/max = (0, 0)
03-02 11:26:11.175   863   958 I libPowerHal: MTKPOWER_HINT_APP_TOUCH: set gpu opp level: 0
03-02 11:26:11.175  2363  2363 D NotificationHeaderExpandController: onExpansionChanged: progress =  0.28741014
03-02 11:26:11.175  1621  1651 I ActivityTaskManager: visible for Task{6f3448d #37044 type=standard A=10337:com.softnation.Ojam} visible = true isAnimating = false TRANSITION = false PARENTS = false CHILDREN = false
03-02 11:26:11.175   863   958 I libPowerHal: MTKPOWER_HINT_APP_TOUCH: set gpu opp level max: 0
03-02 11:26:11.175   863   958 I libPowerHal: [PD] MTKPOWER_HINT_APP_TOUCH update cmd:1408100 param:0, pr:6
03-02 11:26:11.175  2363  2363 D View    : View setForceSDFT: true
03-02 11:26:11.176  2363  2363 D View    : View setForceSDFT: true
03-02 11:26:11.176  2363  2363 D View    : View setForceSDFT: true
03-02 11:26:11.176  2363  2363 D View    : View setForceSDFT: true
03-02 11:26:11.176  2363  2363 D View    : View setForceSDFT: true
03-02 11:26:11.176  2363  2363 D View    : View setForceSDFT: true
03-02 11:26:11.176  2363  2363 D View    : View setForceSDFT: false
03-02 11:26:11.177  2363  2363 D View    : View setForceSDFT: false
03-02 11:26:11.184   863   958 I libPowerHal: [PD] MTKPOWER_HINT_APP_TOUCH update cmd:410000 param:0, pr:6
03-02 11:26:11.184   863   958 I libPowerHal: value: 0
03-02 11:26:11.186  1621  1651 I WindowManager: onFirstWindowDrawn, try to remove startingWindow. this = ActivityRecord{ec8c5b7 u0 com.softnation.Ojam/.MainActivity t37044} associatedTask = null isMainWindow = false mStartingWindow = Window{b2e53c1 u0 Splash Screen com.softnation.Ojam} mStartingData = SplashScreenStartingData{342b90 waitForSyncTransactionCommit=false removeAfterTransaction= 0}
03-02 11:26:11.186   863   958 I libPowerHal: [PD] MTKPOWER_HINT_APP_TOUCH update cmd:410000 param:0 pr:6
03-02 11:26:11.187  1621  1651 I ActivityTaskManager: visible for Task{6f3448d #37044 type=standard A=10337:com.softnation.Ojam} visible = true isAnimating = false TRANSITION = false PARENTS = false CHILDREN = false
03-02 11:26:11.187  1621  1651 D SurfaceComposerClient: Transaction::apply InputWindowCommands.focusRequests timestamp=612364734797344, windowName=f0a2d0 NotificationShade
03-02 11:26:11.187   863   958 I libPowerHal: [perfLockRel] Done for hdl : 367944
03-02 11:26:11.192   921   921 D SurfaceFlinger: Focus addInputWindowCommands timestamp=612364734797344, windowName=f0a2d0 NotificationShade
03-02 11:26:11.193   921   921 I SurfaceFlinger: onHandleDestroyed: name=Surface(name=77d8129 NavigationBar0#101614)/@0x3faba4f - animation-leash of insets_animation#134307, layerId=134307, parentId=0
03-02 11:26:11.194   921  1587 I SurfaceFlinger: onHandleDestroyed: name=Surface(name=5b2ee94 StatusBar#103)/@0xf6cf932 - animation-leash of insets_animation#134302, layerId=134302, parentId=0
03-02 11:26:11.196  2363  3015 I BrightnessController: UpdateSliderRunnable: displayId = 0 brightness = 0.03121758
03-02 11:26:11.197   921  1170 I SurfaceFlinger: onHandleDestroyed: name=Surface(name=77d8129 NavigationBar0#101614)/@0x3faba4f - animation-leash of insets_animation#134303, layerId=134303, parentId=0
03-02 11:26:11.203   921  1483 D SurfaceFlinger: updateWinowInfo=1, setFocusedWindow timestamp=612364734797344, windowName=f0a2d0 NotificationShade
03-02 11:26:11.209   921   921 I BufferQueueDebug: [Surface(name=77d8129 NavigationBar0#101614)/@0x3faba4f - animation-leash of insets_animation#134303](this:0xb400007bcec5ea58,id:-1,api:0,p:-1,c:921) onDestructor()
03-02 11:26:11.209   921   921 I BufferQueueDebug: [Surface(name=5b2ee94 StatusBar#103)/@0xf6cf932 - animation-leash of insets_animation#134302](this:0xb400007bcec8c358,id:-1,api:0,p:-1,c:921) onDestructor()
03-02 11:26:11.209   921   921 I BufferQueueDebug: [Surface(name=77d8129 NavigationBar0#101614)/@0x3faba4f - animation-leash of insets_animation#134307](this:0xb400007bcecd3668,id:-1,api:0,p:-1,c:921) onDestructor()
03-02 11:26:11.209   857   857 D android.hardware.lights-service.mediatek: write 219 to /sys/class/leds/lcd-backlight/brightness, result: 0
03-02 11:26:11.210   857   857 D android.hardware.lights-service.mediatek: write 219 to /sys/class/mi_display/disp-DSI-0/brightness_clone, result: 0
03-02 11:26:11.211  2363  2363 W NotificationPanelView: handleStretchState mBgBlurRadius=0 hidePanelPending=false
03-02 11:26:11.211  2363  2363 D NotificationPanelExpandController: expand height changed to 380.49805
03-02 11:26:11.212  2363  2363 D NotificationPanelView: MNPVC touch: stretching=true collapsing=false mPanelStretching=true mPanelCollapsing=false mPanelOpening=true mStretchLength=0.0 fullCollapsedOnDown=true fullExpOnDown=false mHidePanelPending=false
03-02 11:26:11.213  2363  2363 D NotificationHeaderExpandController: onExpansionChanged: progress =  0.41482756
03-02 11:26:11.230  2363  3015 I Tile.MiuiCellularTile: handleUpdateState supported:true, multiSim:true, simCount:2, dataUsage:false, airplane:false, thermal:true, satellite:false, shareNetwork:false
03-02 11:26:11.230  2363  3015 D LocalBluetoothAdapter: isSupportBluetoothRestrict = 0
03-02 11:26:11.236  2363  2363 D NotificationHeaderExpandController: onExpansionChanged: progress =  0.41482756
03-02 11:26:11.243  2350  2350 W Settings: Setting airplane_mode_on has moved from android.provider.Settings.System to android.provider.Settings.Global, returning read-only value.
03-02 11:26:11.243  1999  1999 D TouchInteractionService: onSystemUiFlagsChanged, mSystemUiStateFlags=50000004
03-02 11:26:11.244  2363  2363 I BrightnessController: updateSlider: 0.03121758
03-02 11:26:11.245  2363  2363 I BrightnessController: animateSliderTo: -1 -> 1381 isUserSliding = false
03-02 11:26:11.245  2363  2363 I BrightnessController: animateSliderTo: is already target value!
03-02 11:26:11.245  2363  2363 D Tile.MiuiCellularTile: data usage callback null
03-02 11:26:11.245  2363  2363 I ShareNetworkControllerImpl: start true false
03-02 11:26:11.248   849   849 I hwcomposer: [HWCDisplay] (0 updateFps():3667), (type:1, mode:2) fps:15.917543,dur:1005.18,max:667.10,min:12.80  
03-02 11:26:11.249  2363  2363 D MiuiShortcut-ShortcutPluginImpl: onSystemUIAction, action: onBottomAreaAlphaChange, newConfig=1.0
03-02 11:26:11.252  2350  2350 W Settings: Setting airplane_mode_on has moved from android.provider.Settings.System to android.provider.Settings.Global, returning read-only value.
03-02 11:26:11.256  2363  2363 W NotificationPanelView: handleStretchState mBgBlurRadius=0 hidePanelPending=false
03-02 11:26:11.256  2363  2363 D NotificationPanelExpandController: expand height changed to 495.21777
03-02 11:26:11.257  1621  1842 I MiuiNetworkPolicy: updateUidState uid = 10301, uidState = 19
03-02 11:26:11.257  2363  2363 D NotificationPanelView: MNPVC touch: stretching=true collapsing=false mPanelStretching=true mPanelCollapsing=false mPanelOpening=true mStretchLength=0.0 fullCollapsedOnDown=true fullExpOnDown=false mHidePanelPending=false
03-02 11:26:11.258  2363  2363 D View    : View setForceSDFT: false
03-02 11:26:11.259  2363  2363 D View    : View setForceSDFT: false
03-02 11:26:11.259  2363  2363 D View    : View setForceSDFT: false
03-02 11:26:11.259  2363  2363 D View    : View setForceSDFT: false
03-02 11:26:11.259  2363  2363 D View    : View setForceSDFT: false
03-02 11:26:11.260  2363  2363 D View    : View setForceSDFT: false
03-02 11:26:11.260  2363  2363 D View    : View setForceSDFT: false
03-02 11:26:11.260  1621  1842 I MiuiNetworkPolicy: updateUidState uid = 10126, uidState = 19
03-02 11:26:11.261  2363  2363 D View    : View setForceSDFT: true
03-02 11:26:11.261  2363  2363 D View    : View setForceSDFT: true
03-02 11:26:11.262  2363  2363 D View    : View setForceSDFT: true
03-02 11:26:11.262  2363  2363 D NotificationHeaderExpandController: onExpansionChanged: progress =  0.5316977
03-02 11:26:11.262  2363  2363 D View    : View setForceSDFT: true
03-02 11:26:11.263  2363  2363 D View    : View setForceSDFT: true
03-02 11:26:11.264  2363  2363 D View    : View setForceSDFT: true
03-02 11:26:11.264  2363  2363 D View    : View setForceSDFT: true
03-02 11:26:11.264  2363  2363 D View    : View setForceSDFT: true
03-02 11:26:11.264  2363  2363 D View    : View setForceSDFT: true
03-02 11:26:11.274   857   857 D android.hardware.lights-service.mediatek: write 218 to /sys/class/leds/lcd-backlight/brightness, result: 0
03-02 11:26:11.274   857   857 D android.hardware.lights-service.mediatek: write 218 to /sys/class/mi_display/disp-DSI-0/brightness_clone, result: 0
03-02 11:26:11.276  1621  1842 I MiuiNetworkPolicy: updateUidState uid = 10301, uidState = 11
03-02 11:26:11.278  2363  2363 W NotificationPanelView: handleStretchState mBgBlurRadius=0 hidePanelPending=false
03-02 11:26:11.278  2363  2363 D NotificationPanelExpandController: expand height changed to 524.1455
03-02 11:26:11.278  2363  3268 D BluetoothDevice: getMetadata()
03-02 11:26:11.279  1621  1842 I MiuiNetworkPolicy: updateUidState uid = 10126, uidState = 11
03-02 11:26:11.280  2363  2363 D NotificationPanelView: MNPVC touch: stretching=true collapsing=false mPanelStretching=true mPanelCollapsing=false mPanelOpening=true mStretchLength=0.0 fullCollapsedOnDown=true fullExpOnDown=false mHidePanelPending=false
03-02 11:26:11.280  2350 29580 D NetworkSpeedTracker: updateNwSignalInfo not allowed ,ignore
03-02 11:26:11.285  2363  2363 D NotificationHeaderExpandController: onExpansionChanged: progress =  0.63277143
03-02 11:26:11.289  2350 29580 D NetworkSpeedTracker: updateNwSignalInfo not allowed ,ignore
03-02 11:26:11.294  1621  4246 D SystemServerTiming: getUserSwitchability-0
03-02 11:26:11.294  1621  4246 D SystemServerTiming: TM.isInCall
03-02 11:26:11.295  1621  4246 D SystemServerTiming: hasUserRestriction-DISALLOW_USER_SWITCH
03-02 11:26:11.296  1621  4246 D SystemServerTiming: getInt-ALLOW_USER_SWITCHING_WHEN_SYSTEM_USER_LOCKED
03-02 11:26:11.296  1621  4246 D SystemServerTiming: isUserUnlocked-USER_SYSTEM
03-02 11:26:11.298  1621  2655 D SystemServerTiming: getUserSwitchability-0
03-02 11:26:11.299  1621  2655 D SystemServerTiming: TM.isInCall
03-02 11:26:11.302  2363  2363 W NotificationPanelView: handleStretchState mBgBlurRadius=0 hidePanelPending=false
03-02 11:26:11.302  2363  2363 D NotificationPanelExpandController: expand height changed to 545.9365
03-02 11:26:11.303  2363  2363 D NotificationPanelView: MNPVC touch: stretching=true collapsing=false mPanelStretching=true mPanelCollapsing=false mPanelOpening=true mStretchLength=0.0 fullCollapsedOnDown=true fullExpOnDown=false mHidePanelPending=false
03-02 11:26:11.304  1621  2655 D SystemServerTiming: hasUserRestriction-DISALLOW_USER_SWITCH
03-02 11:26:11.304  1621  2655 D SystemServerTiming: getInt-ALLOW_USER_SWITCHING_WHEN_SYSTEM_USER_LOCKED
03-02 11:26:11.304  1621  2655 D SystemServerTiming: isUserUnlocked-USER_SYSTEM
03-02 11:26:11.304  2363  2363 D View    : View setForceSDFT: false
03-02 11:26:11.304  2363  2363 D View    : View setForceSDFT: false
03-02 11:26:11.305  2363  2363 D View    : View setForceSDFT: false
03-02 11:26:11.305  2363  2363 D View    : View setForceSDFT: false
03-02 11:26:11.305  2363  2363 D View    : View setForceSDFT: false
03-02 11:26:11.305  2363  2363 D View    : View setForceSDFT: false
03-02 11:26:11.306  2363  2363 D View    : View setForceSDFT: false
03-02 11:26:11.306  2363  2363 D View    : View setForceSDFT: false
03-02 11:26:11.306  2363  2363 D View    : View setForceSDFT: false
03-02 11:26:11.306  1621  1801 I MIUIInput: [MotionEvent] notifyMotion - eventTime=612364855426000, deviceId=3, source=0x1002, policyFlags=0x0, action=0x1, flags=0x0, downTime=612364593686000
03-02 11:26:11.308  1621  1800 I MIUIInput: [MotionEvent] publisher action=0x1, deviceId=3, 612364855, channel '5b2ee94 StatusBar (server)'
03-02 11:26:11.308  2363  2363 D View    : View setForceSDFT: true
03-02 11:26:11.308  1621  1800 I MIUIInput: [MotionEvent] publisher action=0x1, deviceId=3, 612364855, channel '[Gesture Monitor] onehanded-touch (server)'
03-02 11:26:11.308  2363  2363 D View    : View setForceSDFT: true
03-02 11:26:11.308  1621  1800 I MIUIInput: [MotionEvent] publisher action=0x1, deviceId=3, 612364855, channel '[Gesture Monitor] miui-gesture (server)'
03-02 11:26:11.303 18562 29326 D BluetoothDevice: getAddress: mAddress=XX:XX:XX:XX:69:70
03-02 11:26:11.308  2363  2363 D View    : View setForceSDFT: true
03-02 11:26:11.309  2363  2363 D NotificationHeaderExpandController: onExpansionChanged: progress =  0.716804
03-02 11:26:11.309  1621  1648 D PerfMTKStubImpl: perfLockRelease
03-02 11:26:11.309  1621  1648 I mtkpower_client: perf_lock_rel, hdl:367905, tid:1648
03-02 11:26:11.309  2363  2363 D View    : View setForceSDFT: true
03-02 11:26:11.309  2363  2363 D View    : View setForceSDFT: true
03-02 11:26:11.309  2363  2363 D View    : View setForceSDFT: true
03-02 11:26:11.310  2363  2363 D View    : View setForceSDFT: true
03-02 11:26:11.310  2363  2363 D View    : View setForceSDFT: true
03-02 11:26:11.310  2363  2363 D View    : View setForceSDFT: true
03-02 11:26:11.310   863   958 I libPowerHal: [perfLockRel] hdl:367944, idx:-1
03-02 11:26:11.311  2363  3268 D BluetoothDevice: getName()
03-02 11:26:11.311   863   958 I libPowerHal: [perfLockRel] hdl:367905, idx:-1
03-02 11:26:11.311  1621  1648 D PerfMTKStubImpl: perfLockAcquire
03-02 11:26:11.311  1621  1648 I mtkpower_client: perf_lock_acq, hdl:367905, dur:256, num:8, pid:1621, tid:1648
03-02 11:26:11.314   863   958 I libPowerHal: [perfLockAcq] idx:2 hdl:367947 hint:-1 pid:1621 tid:1648 duration:256 lock_user:system_server => ret_hdl:367947
03-02 11:26:11.314  1201  1298 D AALService: [CRTC_114] onALIChanged: 18 -> 23
03-02 11:26:11.315   863   958 I libPowerHal: [setGPUFreq] system_server user set gpu freq min:0, max:-1
03-02 11:26:11.316   863   958 I libPowerHal: system_server: set gpu opp level max: 0
03-02 11:26:11.316   863   958 I libPowerHal: [setGPUFreq] Soft min/max = (0, 0); Hard min/max = (31, 0)
03-02 11:26:11.316   863   958 I libPowerHal: [setGPUFreq] final min/max = (0, 0)
03-02 11:26:11.316   863   958 I libPowerHal: system_server: set gpu opp level: 0
03-02 11:26:11.316   863   958 I libPowerHal: system_server: set gpu opp level max: 0
03-02 11:26:11.316   863   958 I libPowerHal: [perfLockAcq] Done for hdl : 367947
03-02 11:26:11.317  1621  1648 I mtkpower_client: ret_hdl:367947
03-02 11:26:11.318  1621  1648 D PerfMTKStubImpl: mtkPowerHint
03-02 11:26:11.318  2363  2363 W NotificationPanelView: handleStretchState mBgBlurRadius=0 hidePanelPending=false
03-02 11:26:11.319  2363  2363 D NotificationPanelExpandController: expand height changed to 565.47656
03-02 11:26:11.319  2363  2363 D NotificationPanelView: MNPVC touch: stretching=true collapsing=false mPanelStretching=true mPanelCollapsing=false mPanelOpening=true mStretchLength=0.0 fullCollapsedOnDown=true fullExpOnDown=false mHidePanelPending=false
03-02 11:26:11.319   863   958 I libPowerHal: [perfLockAcq] idx:5 hdl:367948 hint:900 pid:863 tid:863 duration:406 lock_user:vendor.mediatek => ret_hdl:367948
03-02 11:26:11.319   863   958 I ThermalBreakConfigReader: [getTargetfreqinfo] [getTargetfreqinfo] scroll get target result freq:boost:1 cpu0:1800000 cpu6:2000000 cpumask:ff
03-02 11:26:11.319   863   958 I ExtendedPerfBoost: [thermalbreak_verification] needbreak curr breakmode 1, scence id 0, set: boost:1 cpu0:1800000 cpu6:2000000 cpumask:ff
03-02 11:26:11.319   863   958 I ExtendedPerfBoost: [triggerList_add] [triggerList_add] come into triggerList_add
03-02 11:26:11.319   863   958 I ExtendedPerfBoost: [triggerList_add] get item from freelist 0x6fcc5ba018
03-02 11:26:11.319   863   958 I ExtendedPerfBoost: [triggerList_add] init new item prio:0, duration:406, param:boost:1 cpu0:1800000 cpu6:2000000 cpumask:ff
03-02 11:26:11.319   863   958 I ExtendedPerfBoost: [triggerList_add] add item prio in empty list
03-02 11:26:11.319   863   958 I ExtendedPerfBoost: [trig_thermalbreak] trigger one node
03-02 11:26:11.319   863   958 I ExtendedUtils: [timer_sampling_set] come in timer_sampling_set, duration :406
03-02 11:26:11.320   863   958 I ExtendedUtils: [settimer] come in settimer, time_now :612364869, time_end: 612365275
03-02 11:26:11.320   863   958 I ExtendedPerfBoost: [setThermalBreak] [setThermalBreak] : boost:1 cpu0:1800000 cpu6:2000000 cpumask:ff
03-02 11:26:11.320  2363  2363 I MIUIInput: [MotionEvent] ViewRootImpl windowName 'StatusBar', { action=ACTION_UP, id[0]=0, pointerCount=1, eventTime=612364855, downTime=612364593, phoneEventTime=11:26:11.306 } moveCount:9
03-02 11:26:11.320   863   958 I libPowerHal: [perfLockAcq] Done for hdl : 367948
03-02 11:26:11.320  2363  2363 D NotificationPanelView: MNPVC touch: 1 mPanelIntercepting=true mPanelStretching=true mPanelCollapsing=false mPanelOpening=true mStretchLength=0.0 fullCollapsedOnDown=true fullExpOnDown=false mHidePanelPending=false
03-02 11:26:11.320  2363  2363 D NotificationPanelExpandController: expand height changed to 200.0
03-02 11:26:11.321   863   958 I libPowerHal: [perfLockRel] hdl:367906, idx:-1
03-02 11:26:11.321  1621  1648 E MTKBoostFramework: mtkPowerHint java.lang.NullPointerException: Attempt to invoke virtual method 'int java.lang.Integer.intValue()' on a null object reference
03-02 11:26:11.321  1621  1648 D PerfMTKStubImpl: perfLockRelease
03-02 11:26:11.321  2363  2363 D PanelViewController: flingSpring mSpringLength=0.0, expand=true, vel=0.0
03-02 11:26:11.321  1621  1648 I mtkpower_client: perf_lock_rel, hdl:367945, tid:1648
03-02 11:26:11.322   863   958 I libPowerHal: [perfLockRel] hdl:367945, idx:3
03-02 11:26:11.322   863   958 I libPowerHal: [unsetGPUFreq] current min:0, max:0; scn_gpu_min:0, scn_gpu_max:-1; scn_gpu_min(HL):-1, scn_gpu_max(HL):-1
03-02 11:26:11.322   863   958 I libPowerHal: [setGPUFreq] Soft min/max = (0, 0); Hard min/max = (31, 0)
03-02 11:26:11.322   863   958 I libPowerHal: [setGPUFreq] final min/max = (0, 0)
03-02 11:26:11.322   863   958 I libPowerHal: system_server: set gpu opp level: 0
03-02 11:26:11.323   863   958 I libPowerHal: system_server: set gpu opp level max: 0
03-02 11:26:11.324   863   958 I libPowerHal: [perfLockRel] Done for hdl : 367945
03-02 11:26:11.324  3510  3510 W libc    : Unable to set property "persist.vendor.accelerate.charge" to "false": PROP_ERROR_PERMISSION_DENIED (0x18)
03-02 11:26:11.325  2363  2363 D View    : View setForceSDFT: false
03-02 11:26:11.326  2363  2363 D View    : View setForceSDFT: false
03-02 11:26:11.326  2363  2363 D View    : View setForceSDFT: false
03-02 11:26:11.326  2363  2363 D View    : View setForceSDFT: false
03-02 11:26:11.326 18562 13194 D BluetoothDevice: getAddress: mAddress=XX:XX:XX:XX:69:70
03-02 11:26:11.326  2363  2363 D View    : View setForceSDFT: false
03-02 11:26:11.326 18562 13194 D BluetoothDevice: getAddress: mAddress=XX:XX:XX:XX:69:70
03-02 11:26:11.326  2363  2363 D View    : View setForceSDFT: false
03-02 11:26:11.327  2363  2363 D View    : View setForceSDFT: false
03-02 11:26:11.327 18562 13194 D BluetoothDevice: getAddress: mAddress=XX:XX:XX:XX:69:70
03-02 11:26:11.327 18562 13194 D BluetoothDevice: getAddress: mAddress=XX:XX:XX:XX:69:70
03-02 11:26:11.327  2363  2363 D View    : View setForceSDFT: false
03-02 11:26:11.327 18562 13194 D BluetoothDevice: getAddress: mAddress=XX:XX:XX:XX:69:70
03-02 11:26:11.328 18562 13194 D BluetoothDevice: getAddress: mAddress=XX:XX:XX:XX:69:70
03-02 11:26:11.328 18562 13194 D BluetoothDevice: getAddress: mAddress=XX:XX:XX:XX:69:70
03-02 11:26:11.328 18562 13194 D BluetoothDevice: getAddress: mAddress=XX:XX:XX:XX:69:70
03-02 11:26:11.328  2363  2363 D View    : View setForceSDFT: false
03-02 11:26:11.328  2363  3268 D BluetoothUtils: Bluetooth device P47M doesn't have exclusive manager
03-02 11:26:11.329  2363  3268 D BluetoothDevice: getMetadata()
03-02 11:26:11.331  2363  2363 D View    : View setForceSDFT: true
03-02 11:26:11.331  2363  2363 D View    : View setForceSDFT: true
03-02 11:26:11.333  2363  2363 D View    : View setForceSDFT: true
03-02 11:26:11.333  2363  2363 D NotificationHeaderExpandController: onExpansionChanged: progress =  0.78468966
03-02 11:26:11.334  2363  2363 D View    : View setForceSDFT: true
03-02 11:26:11.334  2363  2363 D View    : View setForceSDFT: true
03-02 11:26:11.334  2363  2363 D View    : View setForceSDFT: true
03-02 11:26:11.335  2363  2363 D View    : View setForceSDFT: true
03-02 11:26:11.335  2363  2363 D View    : View setForceSDFT: true
03-02 11:26:11.335  2363  2363 D View    : View setForceSDFT: true
03-02 11:26:11.335 18562 13194 D BluetoothDevice: getAddress: mAddress=XX:XX:XX:XX:6E:27
03-02 11:26:11.335  2363  3268 D BluetoothDevice: getName()
03-02 11:26:11.336 18562 13194 D BluetoothDevice: getAddress: mAddress=XX:XX:XX:XX:6E:27
03-02 11:26:11.336 18562 13194 D BluetoothDevice: getAddress: mAddress=XX:XX:XX:XX:6E:27
03-02 11:26:11.337 18562 13194 D BluetoothDevice: getAddress: mAddress=XX:XX:XX:XX:6E:27
03-02 11:26:11.337 18562 13194 D BluetoothDevice: getAddress: mAddress=XX:XX:XX:XX:6E:27
03-02 11:26:11.337  2363  3015 I Tile.MiuiCellularTile: handleUpdateState supported:true, multiSim:true, simCount:2, dataUsage:false, airplane:false, thermal:true, satellite:false, shareNetwork:false
03-02 11:26:11.342 18562 13194 D BluetoothDevice: getAddress: mAddress=XX:XX:XX:XX:6E:27
03-02 11:26:11.342 18562 13194 D BluetoothDevice: getAddress: mAddress=XX:XX:XX:XX:6E:27
03-02 11:26:11.342 18562 13194 D BluetoothDevice: getAddress: mAddress=XX:XX:XX:XX:6E:27
03-02 11:26:11.342 18562 13194 D BluetoothDevice: getAddress: mAddress=XX:XX:XX:XX:6E:27
03-02 11:26:11.342  2363  3268 D BluetoothUtils: Bluetooth device LP-V50 doesn't have exclusive manager
03-02 11:26:11.342  2363  3268 D BluetoothDevice: getMetadata()
03-02 11:26:11.354  1621  1621 D UiModeManager: updateConfigurationLocked: mDockState=0; mCarMode=false; mCar=false; mPowerSave=false; mOverrideNightModeOn=false; mOverrideNightModeOff=false; mComputedNightMode=true; mNightModeValue=2; uiMode=42
03-02 11:26:11.355  6515  6997 I ProcAudioPowerManager: onBatteryChanged, onBattery is false
03-02 11:26:11.355  6515  6997 D PowerKeeper.FrozenApp: onBatteryChanged plug=true mBatteryPlugged=2
03-02 11:26:11.355 18562 29326 D BluetoothDevice: getAddress: mAddress=XX:XX:XX:XX:EE:F9
03-02 11:26:11.355  2363  3268 D BluetoothDevice: getName()
03-02 11:26:11.356  6515  8142 D PowerKeeper.Thermal: mBatteryTemperature: 42
03-02 11:26:11.357 18562 29326 D BluetoothDevice: getAddress: mAddress=XX:XX:XX:XX:EE:F9
03-02 11:26:11.357 18562 29326 D BluetoothDevice: getAddress: mAddress=XX:XX:XX:XX:EE:F9
03-02 11:26:11.357 18562 29326 D BluetoothDevice: getAddress: mAddress=XX:XX:XX:XX:EE:F9
03-02 11:26:11.358 18562 29326 D BluetoothDevice: getAddress: mAddress=XX:XX:XX:XX:EE:F9
03-02 11:26:11.358 18562 29326 D BluetoothDevice: getAddress: mAddress=XX:XX:XX:XX:EE:F9
03-02 11:26:11.358 18562 29326 D BluetoothDevice: getAddress: mAddress=XX:XX:XX:XX:EE:F9
03-02 11:26:11.358 18562 29326 D BluetoothDevice: getAddress: mAddress=XX:XX:XX:XX:EE:F9
03-02 11:26:11.358 18562 29326 D BluetoothDevice: getAddress: mAddress=XX:XX:XX:XX:EE:F9
03-02 11:26:11.360  2363  3268 D BluetoothUtils: Bluetooth device NLQ-BT doesn't have exclusive manager
03-02 11:26:11.360  2363  3268 D BluetoothDevice: getMetadata()
03-02 11:26:11.363  6027  6027 I PowerSaveService: onReceive: android.intent.action.BATTERY_CHANGED
03-02 11:26:11.364  6515  8177 D PowerCheckerService: onBatteryChanged, mBatteryLevel = 43, status = 2, level = 43, plug = 2, scale = 100
03-02 11:26:11.365 18562 29326 D BluetoothDevice: getAddress: mAddress=XX:XX:XX:XX:E1:4F
03-02 11:26:11.365  2363  2363 D NotificationHeaderExpandController: onExpansionChanged: progress =  0.83832556
03-02 11:26:11.366  2363  3268 D BluetoothDevice: getName()
03-02 11:26:11.367  6027  6027 I PowerNoticeUI: handleBatteryChanged oldPlugType 2 mPlugType 2 oldBatteryLevel 43 mBatteryLevel 43 temperature 420
03-02 11:26:11.367  6027  6027 I ChargerBatteryIntelligenceReceiver: onBatteryChanged temperature∩╝Ü42,plugType:2
03-02 11:26:11.367  6027  6027 D BaseChargeProtect_HighTemp: mCountByMinute:0,isScreenOn:true
03-02 11:26:11.368 18562 29326 D BluetoothDevice: getAddress: mAddress=XX:XX:XX:XX:E1:4F
03-02 11:26:11.368 18562 29326 D BluetoothDevice: getAddress: mAddress=XX:XX:XX:XX:E1:4F
03-02 11:26:11.368 18562 29326 D BluetoothDevice: getAddress: mAddress=XX:XX:XX:XX:E1:4F
03-02 11:26:11.369 18562 29326 D BluetoothDevice: getAddress: mAddress=XX:XX:XX:XX:E1:4F
03-02 11:26:11.369 18562 29326 D BluetoothDevice: getAddress: mAddress=XX:XX:XX:XX:E1:4F
03-02 11:26:11.369 18562 29326 D BluetoothDevice: getAddress: mAddress=XX:XX:XX:XX:E1:4F
03-02 11:26:11.369 18562 29326 D BluetoothDevice: getAddress: mAddress=XX:XX:XX:XX:E1:4F
03-02 11:26:11.369 18562 29326 D BluetoothDevice: getAddress: mAddress=XX:XX:XX:XX:E1:4F
03-02 11:26:11.369  2363  3268 D BluetoothUtils: Bluetooth device LN-1016BT doesn't have exclusive manager
03-02 11:26:11.369  2363  3268 D BluetoothDevice: getMetadata()
03-02 11:26:11.371 25839 25993 E msys    : E[N mns]_OnDiskCacheGetData(632)=>Start post callback cache refresh DNS resolution
03-02 11:26:11.373 18562 29326 D BluetoothDevice: getAddress: mAddress=XX:XX:XX:XX:C8:A7
03-02 11:26:11.374   857   857 D android.hardware.lights-service.mediatek: write 217 to /sys/class/leds/lcd-backlight/brightness, result: 0
03-02 11:26:11.374   857   857 D android.hardware.lights-service.mediatek: write 217 to /sys/class/mi_display/disp-DSI-0/brightness_clone, result: 0
03-02 11:26:11.376  2363  3268 D BluetoothDevice: getName()
03-02 11:26:11.376 25839 25993 E msys    : E[N mns]_LogError(228)=>Failed to resolve using system DNS resolver, getaddrinfo(): No address associated with hostname
03-02 11:26:11.379  2363  2363 D NotificationHeaderExpandController: onExpansionChanged: progress =  0.8799475
03-02 11:26:11.381  6027  6027 I android_os_HwBinder: HwBinder: Starting thread pool for getting: vendor.xiaomi.hardware.micharge@1.0::IMiCharge/default
03-02 11:26:11.382 18562 29326 D BluetoothDevice: getAddress: mAddress=XX:XX:XX:XX:C8:A7
03-02 11:26:11.382 18562 29326 D BluetoothDevice: getAddress: mAddress=XX:XX:XX:XX:C8:A7
03-02 11:26:11.383 18562 29326 D BluetoothDevice: getAddress: mAddress=XX:XX:XX:XX:C8:A7
03-02 11:26:11.383 18562 29326 D BluetoothDevice: getAddress: mAddress=XX:XX:XX:XX:C8:A7
03-02 11:26:11.383 18562 29326 D BluetoothDevice: getAddress: mAddress=XX:XX:XX:XX:C8:A7
03-02 11:26:11.383 18562 29326 D BluetoothDevice: getAddress: mAddress=XX:XX:XX:XX:C8:A7
03-02 11:26:11.383 25839 26096 E msys    : E[N mns]_OnDiskCacheGetData(632)=>Start post callback cache refresh DNS resolution
03-02 11:26:11.383 18562 29326 D BluetoothDevice: getAddress: mAddress=XX:XX:XX:XX:C8:A7
03-02 11:26:11.383 18562 29326 D BluetoothDevice: getAddress: mAddress=XX:XX:XX:XX:C8:A7
03-02 11:26:11.384  2363  3268 D BluetoothUtils: Bluetooth device LN-1008BT doesn't have exclusive manager
03-02 11:26:11.384  2363  3268 D BluetoothDevice: getMetadata()
