03-02 11:26:11.386   872 24120 I vendor.xiaomi.hardware.micharge@1.0-service: ReadFilePathValue path = /sys/class/power_supply/usb/real_type value = USB
03-02 11:26:11.388  6027  6027 I IMiChargeUtils: getIMiChargeStringValue method:getBatteryChargeType,value:USB
03-02 11:26:11.388 18562 29326 D BluetoothDevice: getAddress: mAddress=XX:XX:XX:XX:C0:39
03-02 11:26:11.388  6027  6027 I IMiChargeUtils: getBatteryChargeType : USB
03-02 11:26:11.388  6027  6027 I ChargeTimeUtilsV2: chargeType:USB
03-02 11:26:11.388  6027  6027 I PowerFeatureUtils: getVendorName:mediatek
03-02 11:26:11.388  6027  6027 I PowerFeatureUtils: getVendorName:mediatek
03-02 11:26:11.388  2363  3268 D BluetoothDevice: getName()
03-02 11:26:11.389  2363  2363 D NotificationHeaderExpandController: onExpansionChanged: progress =  0.9117629
03-02 11:26:11.391   921   921 I BufferQueueProducer: [StatusBar#109](this:0xb400007bcec4ab68,id:-1,api:0,p:-1,c:921) queueBuffer: fps=0.28 dur=3615.32 max=3615.32 min=3615.32
03-02 11:26:11.392 25839 25993 E msys    : E[N mns]_OnDiskCacheGetData(632)=>Start post callback cache refresh DNS resolution
03-02 11:26:11.393 18562 29326 D BluetoothDevice: getAddress: mAddress=XX:XX:XX:XX:C0:39
03-02 11:26:11.394 18562 29326 D BluetoothDevice: getAddress: mAddress=XX:XX:XX:XX:C0:39
03-02 11:26:11.394 18562 29326 D BluetoothDevice: getAddress: mAddress=XX:XX:XX:XX:C0:39
03-02 11:26:11.394 18562 29326 D BluetoothDevice: getAddress: mAddress=XX:XX:XX:XX:C0:39
03-02 11:26:11.394 18562 29326 D BluetoothDevice: getAddress: mAddress=XX:XX:XX:XX:C0:39
03-02 11:26:11.394 18562 29326 D BluetoothDevice: getAddress: mAddress=XX:XX:XX:XX:C0:39
03-02 11:26:11.395 25839 25993 E msys    : E[N mns]_LogError(228)=>Failed to resolve using system DNS resolver, getaddrinfo(): No address associated with hostname
03-02 11:26:11.396 25839 26096 E msys    : E[N mns]_LogError(228)=>Failed to resolve using system DNS resolver, getaddrinfo(): No address associated with hostname
03-02 11:26:11.396 25839 26096 E msys    : E[N mns]_OnDiskCacheGetData(632)=>Start post callback cache refresh DNS resolution
03-02 11:26:11.397 18562 29326 D BluetoothDevice: getAddress: mAddress=XX:XX:XX:XX:C0:39
03-02 11:26:11.397 18562 29326 D BluetoothDevice: getAddress: mAddress=XX:XX:XX:XX:C0:39
03-02 11:26:11.397  2363  3268 D BluetoothUtils: Bluetooth device itel BudsAce ANC doesn't have exclusive manager
03-02 11:26:11.397  2363  3268 D BluetoothDevice: getMetadata()
03-02 11:26:11.401 18562 29326 D BluetoothDevice: getAddress: mAddress=XX:XX:XX:XX:9D:81
03-02 11:26:11.402  2363  3268 D BluetoothDevice: getName()
03-02 11:26:11.403 25839 26096 E msys    : E[N mns]_LogError(228)=>Failed to resolve using system DNS resolver, getaddrinfo(): No address associated with hostname
03-02 11:26:11.403 18562 29326 D BluetoothDevice: getAddress: mAddress=XX:XX:XX:XX:9D:81
03-02 11:26:11.403 18562 29326 D BluetoothDevice: getAddress: mAddress=XX:XX:XX:XX:9D:81
03-02 11:26:11.403 18562 29326 D BluetoothDevice: getAddress: mAddress=XX:XX:XX:XX:9D:81
03-02 11:26:11.403 18562 29326 D BluetoothDevice: getAddress: mAddress=XX:XX:XX:XX:9D:81
03-02 11:26:11.403 18562 29326 D BluetoothDevice: getAddress: mAddress=XX:XX:XX:XX:9D:81
03-02 11:26:11.403 18562 29326 D BluetoothDevice: getAddress: mAddress=XX:XX:XX:XX:9D:81
03-02 11:26:11.403 18562 29326 D BluetoothDevice: getAddress: mAddress=XX:XX:XX:XX:9D:81
03-02 11:26:11.403 18562 29326 D BluetoothDevice: getAddress: mAddress=XX:XX:XX:XX:9D:81
03-02 11:26:11.404  2363  3268 D BluetoothUtils: Bluetooth device F132 doesn't have exclusive manager
03-02 11:26:11.404  2363  3268 D BluetoothDevice: getMetadata()
03-02 11:26:11.405  2363  2363 D NotificationHeaderExpandController: onExpansionChanged: progress =  0.9357663
03-02 11:26:11.410  2363  3015 I Tile.MiuiCellularTile: handleUpdateState supported:true, multiSim:true, simCount:2, dataUsage:false, airplane:false, thermal:true, satellite:false, shareNetwork:false
03-02 11:26:11.413 18562 29326 D BluetoothDevice: getAddress: mAddress=XX:XX:XX:XX:94:A5
03-02 11:26:11.416  2363  3268 D BluetoothDevice: getName()
03-02 11:26:11.417  1621  1621 D UiModeManager: updateConfigurationLocked: mDockState=0; mCarMode=false; mCar=false; mPowerSave=false; mOverrideNightModeOn=false; mOverrideNightModeOff=false; mComputedNightMode=true; mNightModeValue=2; uiMode=42
03-02 11:26:11.418 18562 29326 D BluetoothDevice: getAddress: mAddress=XX:XX:XX:XX:94:A5
03-02 11:26:11.419 18562 29326 D BluetoothDevice: getAddress: mAddress=XX:XX:XX:XX:94:A5
03-02 11:26:11.419 18562 29326 D BluetoothDevice: getAddress: mAddress=XX:XX:XX:XX:94:A5
03-02 11:26:11.419 18562 29326 D BluetoothDevice: getAddress: mAddress=XX:XX:XX:XX:94:A5
03-02 11:26:11.419 18562 29326 D BluetoothDevice: getAddress: mAddress=XX:XX:XX:XX:94:A5
03-02 11:26:11.419 18562 29326 D BluetoothDevice: getAddress: mAddress=XX:XX:XX:XX:94:A5
03-02 11:26:11.419 18562 29326 D BluetoothDevice: getAddress: mAddress=XX:XX:XX:XX:94:A5
03-02 11:26:11.419 18562 29326 D BluetoothDevice: getAddress: mAddress=XX:XX:XX:XX:94:A5
03-02 11:26:11.419  2363  3268 D BluetoothUtils: Bluetooth device F39 doesn't have exclusive manager
03-02 11:26:11.420  2363  3268 D BluetoothDevice: getMetadata()
03-02 11:26:11.421 18562 29326 D BluetoothDevice: getAddress: mAddress=XX:XX:XX:XX:2F:74
03-02 11:26:11.422  2363  3268 D BluetoothDevice: getName()
03-02 11:26:11.422  2363  2363 D NotificationHeaderExpandController: onExpansionChanged: progress =  0.95366687
03-02 11:26:11.423  1621  1621 D UiModeManager: updateConfigurationLocked: mDockState=0; mCarMode=false; mCar=false; mPowerSave=false; mOverrideNightModeOn=false; mOverrideNightModeOff=false; mComputedNightMode=true; mNightModeValue=2; uiMode=42
03-02 11:26:11.424 18562 29326 D BluetoothDevice: getAddress: mAddress=XX:XX:XX:XX:2F:74
03-02 11:26:11.424 18562 29326 D BluetoothDevice: getAddress: mAddress=XX:XX:XX:XX:2F:74
03-02 11:26:11.424 18562 29326 D BluetoothDevice: getAddress: mAddress=XX:XX:XX:XX:2F:74
03-02 11:26:11.425 18562 29326 D BluetoothDevice: getAddress: mAddress=XX:XX:XX:XX:2F:74
03-02 11:26:11.425 18562 29326 D BluetoothDevice: getAddress: mAddress=XX:XX:XX:XX:2F:74
03-02 11:26:11.425 18562 29326 D BluetoothDevice: getAddress: mAddress=XX:XX:XX:XX:2F:74
03-02 11:26:11.425 18562 29326 D BluetoothDevice: getAddress: mAddress=XX:XX:XX:XX:2F:74
03-02 11:26:11.425 18562 29326 D BluetoothDevice: getAddress: mAddress=XX:XX:XX:XX:2F:74
03-02 11:26:11.425  2363  3268 D BluetoothUtils: Bluetooth device WUF-W15 doesn't have exclusive manager
03-02 11:26:11.426  2363  3268 D BluetoothDevice: getAddress: mAddress=XX:XX:XX:XX:69:70
03-02 11:26:11.426  2363  3268 I BluetoothController: value is null myMac is 41:42:48:BD:69:70
03-02 11:26:11.427  2363  3268 D BluetoothDevice: getAlias()
03-02 11:26:11.427  2363  3015 I Tile.MiuiCellularTile: handleUpdateState supported:true, multiSim:true, simCount:2, dataUsage:false, airplane:false, thermal:true, satellite:false, shareNetwork:false
03-02 11:26:11.432 18562 13194 D BluetoothDevice: getAddress: mAddress=XX:XX:XX:XX:69:70
03-02 11:26:11.433 18562 13194 D BluetoothDevice: getAddress: mAddress=XX:XX:XX:XX:69:70
03-02 11:26:11.436  2363  3268 D BluetoothDevice: getName()
03-02 11:26:11.436  6027  6027 I PowerSaveService: onReceive: android.intent.action.BATTERY_CHANGED
03-02 11:26:11.436  6515  6997 I ProcAudioPowerManager: onBatteryChanged, onBattery is false
03-02 11:26:11.437  6515  6997 D PowerKeeper.FrozenApp: onBatteryChanged plug=true mBatteryPlugged=2
03-02 11:26:11.437  6515  8177 D PowerCheckerService: onBatteryChanged, mBatteryLevel = 43, status = 2, level = 43, plug = 2, scale = 100
03-02 11:26:11.437  6027  6027 I PowerNoticeUI: handleBatteryChanged oldPlugType 2 mPlugType 2 oldBatteryLevel 43 mBatteryLevel 43 temperature 420
03-02 11:26:11.437  6515  8142 D PowerKeeper.Thermal: mBatteryTemperature: 42
03-02 11:26:11.437  6027  6027 I ChargerBatteryIntelligenceReceiver: onBatteryChanged temperature∩╝Ü42,plugType:2
03-02 11:26:11.437  6027  6027 D BaseChargeProtect_HighTemp: mCountByMinute:0,isScreenOn:true
03-02 11:26:11.438 18562 13194 D BluetoothDevice: getAddress: mAddress=XX:XX:XX:XX:69:70
03-02 11:26:11.438 18562 13194 D BluetoothDevice: getAddress: mAddress=XX:XX:XX:XX:69:70
03-02 11:26:11.439  2363  2363 D NotificationHeaderExpandController: onExpansionChanged: progress =  0.9668758
03-02 11:26:11.439 18562 13194 D BluetoothDevice: getAddress: mAddress=XX:XX:XX:XX:69:70
03-02 11:26:11.439 18562 13194 D BluetoothDevice: getAddress: mAddress=XX:XX:XX:XX:69:70
03-02 11:26:11.439 18562 13194 D BluetoothDevice: getAddress: mAddress=XX:XX:XX:XX:69:70
03-02 11:26:11.439 18562 13194 D BluetoothDevice: getAddress: mAddress=XX:XX:XX:XX:69:70
03-02 11:26:11.439 18562 13194 D BluetoothDevice: getAddress: mAddress=XX:XX:XX:XX:69:70
03-02 11:26:11.439 18562 13194 D BluetoothDevice: getAddress: mAddress=XX:XX:XX:XX:69:70
03-02 11:26:11.439  6027  6027 I android_os_HwBinder: HwBinder: Starting thread pool for getting: vendor.xiaomi.hardware.micharge@1.0::IMiCharge/default
03-02 11:26:11.439  2363  3268 D BluetoothHeadset: getConnectionState() from uid/pid: 1000/2363, callingApp=com.android.systemui
03-02 11:26:11.439  2363  3268 D BluetoothDevice: getAddress: mAddress=XX:XX:XX:XX:69:70
03-02 11:26:11.442   872 24120 I vendor.xiaomi.hardware.micharge@1.0-service: ReadFilePathValue path = /sys/class/power_supply/usb/real_type value = USB
03-02 11:26:11.442 18562 13194 D HeadsetService: getConnectionState(xx:xx:xx:xx:69:70) from uid/pid: 1000/2363, callingApp=android.uid.system:1000
03-02 11:26:11.442  6027  6027 I IMiChargeUtils: getIMiChargeStringValue method:getBatteryChargeType,value:USB
03-02 11:26:11.443  6027  6027 I IMiChargeUtils: getBatteryChargeType : USB
03-02 11:26:11.443  6027  6027 I ChargeTimeUtilsV2: chargeType:USB
03-02 11:26:11.443  6027  6027 I PowerFeatureUtils: getVendorName:mediatek
03-02 11:26:11.443  6027  6027 I PowerFeatureUtils: getVendorName:mediatek
03-02 11:26:11.443  2363  3015 I Tile.MiuiCellularTile: handleUpdateState supported:true, multiSim:true, simCount:2, dataUsage:false, airplane:false, thermal:true, satellite:false, shareNetwork:false
03-02 11:26:11.444  2363  3015 D ShareNetwork: registerEasyTetherCoreService start to get the binder
03-02 11:26:11.444 18562 13194 W LeAudioService: getLeAudioService(): service is NULL
03-02 11:26:11.445  2363  3268 D BluetoothDevice: getAddress: mAddress=XX:XX:XX:XX:69:70
03-02 11:26:11.450  2363  3268 D BluetoothHeadset: getConnectionState() from uid/pid: 1000/2363, callingApp=com.android.systemui
03-02 11:26:11.450  2363  3268 D BluetoothDevice: getAddress: mAddress=XX:XX:XX:XX:69:70
03-02 11:26:11.450  2363  2363 D ShareNetwork: EasyTetherCoreService connected
03-02 11:26:11.451  2363 30954 D ShareNetwork: sdm: onservice connected
03-02 11:26:11.452 19280 19295 I MiuiNearbyService: register from 2363
03-02 11:26:11.453 18562 13194 D HeadsetService: getConnectionState(xx:xx:xx:xx:69:70) from uid/pid: 1000/2363, callingApp=android.uid.system:1000
03-02 11:26:11.453 18562 13194 W LeAudioService: getLeAudioService(): service is NULL
03-02 11:26:11.453  2363  3268 D CachedBluetoothDevice: getConnectionSummary() : profile HEADSET 0 XX:XX:XX:XX:69:70
03-02 11:26:11.453  2363  3268 D BluetoothDevice: getAddress: mAddress=XX:XX:XX:XX:69:70
03-02 11:26:11.455  2363  2363 D NotificationHeaderExpandController: onExpansionChanged: progress =  0.97652745
03-02 11:26:11.455  2363  3268 D CachedBluetoothDevice: getConnectionSummary() : profile A2DP 0 XX:XX:XX:XX:69:70
03-02 11:26:11.455  2363  3268 D BluetoothDevice: getBatteryLevel()
03-02 11:26:11.457   857   857 D android.hardware.lights-service.mediatek: write 216 to /sys/class/leds/lcd-backlight/brightness, result: 0
03-02 11:26:11.457   857   857 D android.hardware.lights-service.mediatek: write 216 to /sys/class/mi_display/disp-DSI-0/brightness_clone, result: 0
03-02 11:26:11.457  2363  3015 I Tile.MiuiCellularTile: handleUpdateState supported:true, multiSim:true, simCount:2, dataUsage:false, airplane:false, thermal:true, satellite:false, shareNetwork:false
03-02 11:26:11.458  2363  3015 D LocalBluetoothAdapter: isSupportBluetoothRestrict = 0
03-02 11:26:11.460 18562 13194 D BluetoothDevice: getAddress: mAddress=XX:XX:XX:XX:69:70
03-02 11:26:11.460 18562 13194 D BluetoothDevice: getAddress: mAddress=XX:XX:XX:XX:69:70
03-02 11:26:11.460  2363  3268 D CachedBluetoothDevice: findLeAddress
03-02 11:26:11.465  2363  3268 D CachedBluetoothDevice: isDualModeDevice
03-02 11:26:11.469  2363  3015 I Tile.MiuiCellularTile: handleUpdateState supported:true, multiSim:true, simCount:2, dataUsage:false, airplane:false, thermal:true, satellite:false, shareNetwork:false
03-02 11:26:11.469  2363  3268 D CachedBluetoothDevice: hasConnectedLeAudioDevice return false
03-02 11:26:11.469  2363  3268 D CachedBluetoothDevice: getConnectionSummary() : mIsBrHasActiveLeAudio =falseprofileConnected =falsemIsActiveDeviceLeAudio falseleAudioNotConnected falseXX:XX:XX:XX:69:70
03-02 11:26:11.469  2363  3015 D LocalBluetoothAdapter: isSupportBluetoothRestrict = 0
03-02 11:26:11.469  2363  3268 D BluetoothDevice: getBondState(XX:XX:XX:XX:69:70)
03-02 11:26:11.469  2363  3268 D BluetoothDevice: getBondState(XX:XX:XX:XX:69:70) uncached
03-02 11:26:11.469  2363  3015 I ShareNetworkControllerImpl: service connected
03-02 11:26:11.470  2363  3015 I ShareNetworkControllerImpl: onHotspotUpdateCallback 0
03-02 11:26:11.470 18562 13194 D BluetoothDevice: getAddress: mAddress=XX:XX:XX:XX:69:70
03-02 11:26:11.470 18562 13194 D BluetoothDevice: getAddress: mAddress=XX:XX:XX:XX:69:70
03-02 11:26:11.471  2363  3268 D BluetoothDevice: getName()
03-02 11:26:11.472  2363  2363 D NotificationHeaderExpandController: onExpansionChanged: progress =  0.98351437
03-02 11:26:11.472  2363  2363 D NotificationDismissViewController: anim complete true
03-02 11:26:11.473 18562 13194 D BluetoothDevice: getAddress: mAddress=XX:XX:XX:XX:69:70
03-02 11:26:11.473 18562 13194 D BluetoothDevice: getAddress: mAddress=XX:XX:XX:XX:69:70
03-02 11:26:11.473 18562 13194 D BluetoothDevice: getAddress: mAddress=XX:XX:XX:XX:69:70
03-02 11:26:11.473 18562 13194 D BluetoothDevice: getAddress: mAddress=XX:XX:XX:XX:69:70
03-02 11:26:11.473 18562 13194 D BluetoothDevice: getAddress: mAddress=XX:XX:XX:XX:69:70
03-02 11:26:11.473 18562 13194 D BluetoothDevice: getAddress: mAddress=XX:XX:XX:XX:69:70
03-02 11:26:11.473 18562 13194 D BluetoothDevice: getAddress: mAddress=XX:XX:XX:XX:69:70
03-02 11:26:11.473 18562 13194 D BluetoothDevice: getAddress: mAddress=XX:XX:XX:XX:69:70
03-02 11:26:11.474  2363  3268 D BluetoothDevice: getRemoteDeviceTypeData()
03-02 11:26:11.476 18562 13194 D BluetoothDevice: getAddress: mAddress=XX:XX:XX:XX:69:70
03-02 11:26:11.476 18562 13194 D BluetoothDevice: getAddress: mAddress=XX:XX:XX:XX:69:70
03-02 11:26:11.476  2363  3268 D BluetoothDevice: getRemoteDeviceTypeData()
03-02 11:26:11.479 18562 13194 D BluetoothDevice: getAddress: mAddress=XX:XX:XX:XX:69:70
03-02 11:26:11.479 18562 13194 D BluetoothDevice: getAddress: mAddress=XX:XX:XX:XX:69:70
03-02 11:26:11.480  2363  3268 D BluetoothHeadset: getConnectionState() from uid/pid: 1000/2363, callingApp=com.android.systemui
03-02 11:26:11.480  2363  3268 D BluetoothDevice: getAddress: mAddress=XX:XX:XX:XX:69:70
03-02 11:26:11.484 18562 13194 D HeadsetService: getConnectionState(xx:xx:xx:xx:69:70) from uid/pid: 1000/2363, callingApp=android.uid.system:1000
03-02 11:26:11.484 18562 13194 W LeAudioService: getLeAudioService(): service is NULL
03-02 11:26:11.485  2363  3268 D BluetoothDevice: getAddress: mAddress=XX:XX:XX:XX:69:70
03-02 11:26:11.487  2363  3268 D BluetoothDevice: getAddress: mAddress=XX:XX:XX:XX:6E:27
03-02 11:26:11.487  2363  3268 I BluetoothController: value is null myMac is 07:E4:88:B2:6E:27
03-02 11:26:11.487  2363  3268 D BluetoothDevice: getAlias()
03-02 11:26:11.488  2363  2363 D NotificationHeaderExpandController: onExpansionChanged: progress =  0.988527
03-02 11:26:11.489 18562 13194 D BluetoothDevice: getAddress: mAddress=XX:XX:XX:XX:6E:27
03-02 11:26:11.489 18562 13194 D BluetoothDevice: getAddress: mAddress=XX:XX:XX:XX:6E:27
03-02 11:26:11.489  2363  3268 D BluetoothDevice: getName()
03-02 11:26:11.492 18562 13194 D BluetoothDevice: getAddress: mAddress=XX:XX:XX:XX:6E:27
03-02 11:26:11.492 18562 13194 D BluetoothDevice: getAddress: mAddress=XX:XX:XX:XX:6E:27
03-02 11:26:11.492 18562 13194 D BluetoothDevice: getAddress: mAddress=XX:XX:XX:XX:6E:27
03-02 11:26:11.492 18562 13194 D BluetoothDevice: getAddress: mAddress=XX:XX:XX:XX:6E:27
03-02 11:26:11.492 18562 13194 D BluetoothDevice: getAddress: mAddress=XX:XX:XX:XX:6E:27
03-02 11:26:11.492 18562 13194 D BluetoothDevice: getAddress: mAddress=XX:XX:XX:XX:6E:27
03-02 11:26:11.492 18562 13194 D BluetoothDevice: getAddress: mAddress=XX:XX:XX:XX:6E:27
03-02 11:26:11.492 18562 13194 D BluetoothDevice: getAddress: mAddress=XX:XX:XX:XX:6E:27
03-02 11:26:11.492  2363  3268 D BluetoothHeadset: getConnectionState() from uid/pid: 1000/2363, callingApp=com.android.systemui
03-02 11:26:11.492  2363  3268 D BluetoothDevice: getAddress: mAddress=XX:XX:XX:XX:6E:27
03-02 11:26:11.495 18562 13194 D HeadsetService: getConnectionState(xx:xx:xx:xx:6E:27) from uid/pid: 1000/2363, callingApp=android.uid.system:1000
03-02 11:26:11.495 18562 13194 W LeAudioService: getLeAudioService(): service is NULL
03-02 11:26:11.495  2363  3268 D BluetoothDevice: getAddress: mAddress=XX:XX:XX:XX:6E:27
03-02 11:26:11.496  1621  1922 I SmartPower: com.miui.home/10166(1999): background->idle(3006ms) R(become background) adj=100.
03-02 11:26:11.497  1621  1922 I SmartPower: com.google.android.adservices.api/10261(5464): background->idle(3003ms) R(add to whitelist) adj=0.
03-02 11:26:11.497  1621  1922 I SmartPower: com.google.android.webview:sandboxed_process0:org.chromium.content.app.SandboxedPrbackground->idle(3003ms) R(add to whitelist) adj=100.
03-02 11:26:11.501  2363  3268 D BluetoothHeadset: getConnectionState() from uid/pid: 1000/2363, callingApp=com.android.systemui
03-02 11:26:11.501  2363  3268 D BluetoothDevice: getAddress: mAddress=XX:XX:XX:XX:6E:27
03-02 11:26:11.503 18562 13194 D HeadsetService: getConnectionState(xx:xx:xx:xx:6E:27) from uid/pid: 1000/2363, callingApp=android.uid.system:1000
03-02 11:26:11.504 18562 13194 W LeAudioService: getLeAudioService(): service is NULL
03-02 11:26:11.504  2363  3268 D CachedBluetoothDevice: getConnectionSummary() : profile HEADSET 0 XX:XX:XX:XX:6E:27
03-02 11:26:11.504  2363  3268 D BluetoothDevice: getAddress: mAddress=XX:XX:XX:XX:6E:27
03-02 11:26:11.505  1621  1922 I SmartPower: com.google.android.googlequicksearchbox:search/10165(13966): background->idle(3003ms) R(become invisible) adj=0.
03-02 11:26:11.505  1621  1922 I SmartPower: com.google.android.googlequicksearchbox:googleapp/10165(27281): background->idle(3002ms) R(become invisible) adj=100.
03-02 11:26:11.505  2363  2363 D NotificationHeaderExpandController: onExpansionChanged: progress =  0.9920913
03-02 11:26:11.506  2363  3268 D CachedBluetoothDevice: getConnectionSummary() : profile A2DP 0 XX:XX:XX:XX:6E:27
03-02 11:26:11.506  2363  3268 D BluetoothDevice: getBatteryLevel()
03-02 11:26:11.510 18562 13194 D BluetoothDevice: getAddress: mAddress=XX:XX:XX:XX:6E:27
03-02 11:26:11.510 18562 13194 D BluetoothDevice: getAddress: mAddress=XX:XX:XX:XX:6E:27
03-02 11:26:11.510  2363  3268 D CachedBluetoothDevice: findLeAddress
03-02 11:26:11.513  1621  1692 I AutomaticBrightnessController: AmbientLux=21.561363, mAmbientDarkeningThreshold=10.806198, mAmbientBrighteningThreshold=85.987526, mAmbientBrighteningSmallThreshold=60.217064
03-02 11:26:11.514  1621  1692 I AutomaticBrightnessController: updateAutoBrightness: mScreenAutoBrightness=0.03121758, newScreenAutoBrightness=0.084781855 (checkedAutoBrightness=348), mAmbientLux=21.561363, mUseDaemonSensorInProgress=false
03-02 11:26:11.515  1621  1692 D DisplayPowerControllerImpl: updateBrightnessChangeStatus: animating: true, displayState: 2, slowChange: true, appliedDimming: false, currentBrightness: 0.052448306, currentSdrBrightness: 0.052448306, targetBrightness: 0.07630367, targetSdrBrightness: 0.07630367, previousDisplayPolicy: 3, currentDisplayPolicy: 3
03-02 11:26:11.515  2363  3268 D CachedBluetoothDevice: isDualModeDevice
03-02 11:26:11.518  1621  1692 I DisplayPowerController2[0]: BrightnessEvent: disp=0, physDisp=local:4627039422300187648, displayState=ON, displayPolicy=BRIGHT, brt=0.07630367, initBrt=0.028095823, rcmdBrt=0.084781855, preBrt=0.03121758, lux=21.561363, preLux=8.375844, hbmMax=0.49975574, hbmMode=off, rbcStrength=50, thrmMax=1.0, powerFactor=0.9, wasShortTermModelActive=false, flags=low_power_mode , reason=automatic [ low_pwr ], autoBrightness=true, strategy=InvalidBrightnessStrategy, autoBrightnessMode=default
03-02 11:26:11.519  2363  3268 D CachedBluetoothDevice: hasConnectedLeAudioDevice return false
03-02 11:26:11.519  2363  3268 D CachedBluetoothDevice: getConnectionSummary() : mIsBrHasActiveLeAudio =falseprofileConnected =falsemIsActiveDeviceLeAudio falseleAudioNotConnected falseXX:XX:XX:XX:6E:27
03-02 11:26:11.519  2363  3268 D BluetoothDevice: getBondState(XX:XX:XX:XX:6E:27)
03-02 11:26:11.519  2363  3268 D BluetoothDevice: getBondState(XX:XX:XX:XX:6E:27) uncached
03-02 11:26:11.520  1621  1650 D DisplayManagerService: Ignore redundant display event 0/4 to 10075/25289
03-02 11:26:11.520  1621  1650 D DisplayManagerService: Ignore redundant display event 0/4 to 10291/27699
03-02 11:26:11.520  1621  1650 D DisplayManagerService: Ignore redundant display event 0/4 to 10159/27868
03-02 11:26:11.520  1621  1650 D DisplayManagerService: Ignore redundant display event 0/4 to 10302/30023
03-02 11:26:11.520  1621  1650 D DisplayManagerService: Ignore redundant display event 0/4 to 10300/31638
03-02 11:26:11.521  1621  1621 I BrightnessSynchronizer: [15448] New Update 0.084781855(f) set brightness values:  44(i)
03-02 11:26:11.521 18562 13194 D BluetoothDevice: getAddress: mAddress=XX:XX:XX:XX:6E:27
03-02 11:26:11.522 18562 13194 D BluetoothDevice: getAddress: mAddress=XX:XX:XX:XX:6E:27
03-02 11:26:11.522  2363  2363 D NotificationHeaderExpandController: onExpansionChanged: progress =  0.9946037
03-02 11:26:11.522  2363  3268 D BluetoothDevice: getName()
03-02 11:26:11.525  1621  1621 I BrightnessSynchronizer: Swallowing update of 44(i) by update: {[15448] 0.084781855(f), mUpdatedTypes=1, mConfirmedTypes=1, mTimeUpdated=612365070}
03-02 11:26:11.525  1621  1621 I BrightnessSynchronizer: Completed Update: {[15448] 0.084781855(f), mUpdatedTypes=1, mConfirmedTypes=1, mTimeUpdated=612365070}
03-02 11:26:11.525 18562 13194 D BluetoothDevice: getAddress: mAddress=XX:XX:XX:XX:6E:27
03-02 11:26:11.525 18562 13194 D BluetoothDevice: getAddress: mAddress=XX:XX:XX:XX:6E:27
03-02 11:26:11.525 18562 13194 D BluetoothDevice: getAddress: mAddress=XX:XX:XX:XX:6E:27
03-02 11:26:11.525 18562 13194 D BluetoothDevice: getAddress: mAddress=XX:XX:XX:XX:6E:27
03-02 11:26:11.525 18562 13194 D BluetoothDevice: getAddress: mAddress=XX:XX:XX:XX:6E:27
03-02 11:26:11.525 18562 13194 D BluetoothDevice: getAddress: mAddress=XX:XX:XX:XX:6E:27
03-02 11:26:11.525 18562 13194 D BluetoothDevice: getAddress: mAddress=XX:XX:XX:XX:6E:27
03-02 11:26:11.525 18562 13194 D BluetoothDevice: getAddress: mAddress=XX:XX:XX:XX:6E:27
03-02 11:26:11.526  2363  3268 D BluetoothDevice: getRemoteDeviceTypeData()
03-02 11:26:11.528 18562 13194 D BluetoothDevice: getAddress: mAddress=XX:XX:XX:XX:6E:27
03-02 11:26:11.528 18562 13194 D BluetoothDevice: getAddress: mAddress=XX:XX:XX:XX:6E:27
03-02 11:26:11.530  2363  3015 I BrightnessController: UpdateSliderRunnable: displayId = 0 brightness = 0.084781855
03-02 11:26:11.530  2363  2363 I BrightnessController: updateSlider: 0.084781855
03-02 11:26:11.531  2363  2363 I BrightnessController: animateSliderTo: -1 -> 2407 isUserSliding = false
03-02 11:26:11.531  2363  2363 I BrightnessController: getSliderAnimateDuration: 3000
03-02 11:26:11.532  2363  3268 D BluetoothDevice: getRemoteDeviceTypeData()
03-02 11:26:11.536 18562 13194 D BluetoothDevice: getAddress: mAddress=XX:XX:XX:XX:6E:27
03-02 11:26:11.536 18562 13194 D BluetoothDevice: getAddress: mAddress=XX:XX:XX:XX:6E:27
03-02 11:26:11.537  2363  3268 D BluetoothHeadset: getConnectionState() from uid/pid: 1000/2363, callingApp=com.android.systemui
03-02 11:26:11.537  2363  3268 D BluetoothDevice: getAddress: mAddress=XX:XX:XX:XX:6E:27
03-02 11:26:11.538  2363  2363 D NotificationHeaderExpandController: onExpansionChanged: progress =  0.9963586
03-02 11:26:11.540 18562 13194 D HeadsetService: getConnectionState(xx:xx:xx:xx:6E:27) from uid/pid: 1000/2363, callingApp=android.uid.system:1000
03-02 11:26:11.540 18562 13194 W LeAudioService: getLeAudioService(): service is NULL
03-02 11:26:11.540  2363  3268 D BluetoothDevice: getAddress: mAddress=XX:XX:XX:XX:6E:27
03-02 11:26:11.543  2363  3268 D BluetoothDevice: getAddress: mAddress=XX:XX:XX:XX:EE:F9
03-02 11:26:11.543  2363  3268 I BluetoothController: value is null myMac is F7:FC:90:1F:EE:F9
03-02 11:26:11.543  2363  3268 D BluetoothDevice: getAlias()
03-02 11:26:11.547 18562 13194 D BluetoothDevice: getAddress: mAddress=XX:XX:XX:XX:EE:F9
03-02 11:26:11.547 18562 13194 D BluetoothDevice: getAddress: mAddress=XX:XX:XX:XX:EE:F9
03-02 11:26:11.548  2363  3268 D BluetoothDevice: getName()
03-02 11:26:11.551 18562 13194 D BluetoothDevice: getAddress: mAddress=XX:XX:XX:XX:EE:F9
03-02 11:26:11.552 18562 13194 D BluetoothDevice: getAddress: mAddress=XX:XX:XX:XX:EE:F9
03-02 11:26:11.552 18562 13194 D BluetoothDevice: getAddress: mAddress=XX:XX:XX:XX:EE:F9
03-02 11:26:11.552 18562 13194 D BluetoothDevice: getAddress: mAddress=XX:XX:XX:XX:EE:F9
03-02 11:26:11.552 18562 13194 D BluetoothDevice: getAddress: mAddress=XX:XX:XX:XX:EE:F9
03-02 11:26:11.552 18562 13194 D BluetoothDevice: getAddress: mAddress=XX:XX:XX:XX:EE:F9
03-02 11:26:11.552 18562 13194 D BluetoothDevice: getAddress: mAddress=XX:XX:XX:XX:EE:F9
03-02 11:26:11.552 18562 13194 D BluetoothDevice: getAddress: mAddress=XX:XX:XX:XX:EE:F9
03-02 11:26:11.552  2363  3268 D BluetoothDevice: getAddress: mAddress=XX:XX:XX:XX:EE:F9
03-02 11:26:11.554  2363  3268 D BluetoothDevice: getAddress: mAddress=XX:XX:XX:XX:EE:F9
03-02 11:26:11.555  2363  2363 D NotificationHeaderExpandController: onExpansionChanged: progress =  0.9975729
03-02 11:26:11.558  2363  3268 D CachedBluetoothDevice: getConnectionSummary() : profile A2DP 0 XX:XX:XX:XX:EE:F9
03-02 11:26:11.558  2363  3268 D BluetoothDevice: getBatteryLevel()
03-02 11:26:11.562 18562 13194 D BluetoothDevice: getAddress: mAddress=XX:XX:XX:XX:EE:F9
03-02 11:26:11.563 18562 13194 D BluetoothDevice: getAddress: mAddress=XX:XX:XX:XX:EE:F9
03-02 11:26:11.563  2363  3268 D CachedBluetoothDevice: findLeAddress
03-02 11:26:11.567  2363  3268 D CachedBluetoothDevice: isDualModeDevice
03-02 11:26:11.569  2363  3268 D CachedBluetoothDevice: hasConnectedLeAudioDevice return false
03-02 11:26:11.570  2363  3268 D CachedBluetoothDevice: getConnectionSummary() : mIsBrHasActiveLeAudio =falseprofileConnected =falsemIsActiveDeviceLeAudio falseleAudioNotConnected falseXX:XX:XX:XX:EE:F9
03-02 11:26:11.570  2363  3268 D BluetoothDevice: getBondState(XX:XX:XX:XX:EE:F9)
03-02 11:26:11.570  2363  3268 D BluetoothDevice: getBondState(XX:XX:XX:XX:EE:F9) uncached
03-02 11:26:11.571 18562 13194 D BluetoothDevice: getAddress: mAddress=XX:XX:XX:XX:EE:F9
03-02 11:26:11.571 18562 13194 D BluetoothDevice: getAddress: mAddress=XX:XX:XX:XX:EE:F9
03-02 11:26:11.572  2363  3268 D BluetoothDevice: getName()
03-02 11:26:11.572  2363  2363 D NotificationHeaderExpandController: onExpansionChanged: progress =  0.9984049
03-02 11:26:11.572   863   958 I mtkpower@impl: [powerd_req] TIMER_MSG_PERF_LOCK_TIMEOUT hdl:367947
03-02 11:26:11.572   863   958 I libPowerHal: [perfLockRel] hdl:367947, idx:2
03-02 11:26:11.572   863   958 I libPowerHal: [unsetGPUFreq] current min:0, max:0; scn_gpu_min:0, scn_gpu_max:-1; scn_gpu_min(HL):-1, scn_gpu_max(HL):-1
03-02 11:26:11.572   863   958 I libPowerHal: system_server: set gpu opp level: 31
03-02 11:26:11.573   863   958 I libPowerHal: system_server: set gpu opp level max: 0
03-02 11:26:11.573   863   958 I libPowerHal: [setGPUFreq] Soft min/max = (31, 0); Hard min/max = (31, 0)
03-02 11:26:11.573   863   958 I libPowerHal: [setGPUFreq] final min/max = (31, 0)
03-02 11:26:11.573   863   958 I libPowerHal: system_server: set gpu opp level: 31
03-02 11:26:11.573   863   958 I libPowerHal: system_server: set gpu opp level max: 0
03-02 11:26:11.574   863   958 I libPowerHal: [perfLockRel] Done for hdl : 367947
03-02 11:26:11.574   857   857 D android.hardware.lights-service.mediatek: write 217 to /sys/class/leds/lcd-backlight/brightness, result: 0
03-02 11:26:11.575   857   857 D android.hardware.lights-service.mediatek: write 217 to /sys/class/mi_display/disp-DSI-0/brightness_clone, result: 0
03-02 11:26:11.575 18562 13194 D BluetoothDevice: getAddress: mAddress=XX:XX:XX:XX:EE:F9
03-02 11:26:11.575 18562 13194 D BluetoothDevice: getAddress: mAddress=XX:XX:XX:XX:EE:F9
03-02 11:26:11.575 18562 13194 D BluetoothDevice: getAddress: mAddress=XX:XX:XX:XX:EE:F9
03-02 11:26:11.575 18562 13194 D BluetoothDevice: getAddress: mAddress=XX:XX:XX:XX:EE:F9
03-02 11:26:11.575 18562 13194 D BluetoothDevice: getAddress: mAddress=XX:XX:XX:XX:EE:F9
03-02 11:26:11.575 18562 13194 D BluetoothDevice: getAddress: mAddress=XX:XX:XX:XX:EE:F9
03-02 11:26:11.575 18562 13194 D BluetoothDevice: getAddress: mAddress=XX:XX:XX:XX:EE:F9
03-02 11:26:11.575 18562 13194 D BluetoothDevice: getAddress: mAddress=XX:XX:XX:XX:EE:F9
03-02 11:26:11.576  2363  3268 D BluetoothDevice: getRemoteDeviceTypeData()
03-02 11:26:11.579 18562 13194 D BluetoothDevice: getAddress: mAddress=XX:XX:XX:XX:EE:F9
03-02 11:26:11.579 18562 13194 D BluetoothDevice: getAddress: mAddress=XX:XX:XX:XX:EE:F9
03-02 11:26:11.580  2363  3268 D BluetoothDevice: getRemoteDeviceTypeData()
03-02 11:26:11.584 18562 13194 D BluetoothDevice: getAddress: mAddress=XX:XX:XX:XX:EE:F9
03-02 11:26:11.584 18562 13194 D BluetoothDevice: getAddress: mAddress=XX:XX:XX:XX:EE:F9
03-02 11:26:11.585  2363  3268 D BluetoothDevice: getAddress: mAddress=XX:XX:XX:XX:EE:F9
03-02 11:26:11.587  2363  3268 D BluetoothDevice: getAddress: mAddress=XX:XX:XX:XX:E1:4F
03-02 11:26:11.587  2363  3268 I BluetoothController: value is null myMac is 61:13:A6:8D:E1:4F
03-02 11:26:11.587  2363  3268 D BluetoothDevice: getAlias()
03-02 11:26:11.588  2363  2363 D NotificationHeaderExpandController: onExpansionChanged: progress =  0.9989689
03-02 11:26:11.589  2363  2363 D View    : View setForceSDFT: false
03-02 11:26:11.590  2363  2363 D View    : View setForceSDFT: false
03-02 11:26:11.590 18562 13194 D BluetoothDevice: getAddress: mAddress=XX:XX:XX:XX:E1:4F
03-02 11:26:11.590 18562 13194 D BluetoothDevice: getAddress: mAddress=XX:XX:XX:XX:E1:4F
03-02 11:26:11.590  2363  3268 D BluetoothDevice: getName()
03-02 11:26:11.590  2363  2363 D View    : View setForceSDFT: false
03-02 11:26:11.593 18562 13194 D BluetoothDevice: getAddress: mAddress=XX:XX:XX:XX:E1:4F
03-02 11:26:11.593 18562 13194 D BluetoothDevice: getAddress: mAddress=XX:XX:XX:XX:E1:4F
03-02 11:26:11.593 18562 13194 D BluetoothDevice: getAddress: mAddress=XX:XX:XX:XX:E1:4F
03-02 11:26:11.593 18562 13194 D BluetoothDevice: getAddress: mAddress=XX:XX:XX:XX:E1:4F
03-02 11:26:11.593 18562 13194 D BluetoothDevice: getAddress: mAddress=XX:XX:XX:XX:E1:4F
03-02 11:26:11.593 18562 13194 D BluetoothDevice: getAddress: mAddress=XX:XX:XX:XX:E1:4F
03-02 11:26:11.593 18562 13194 D BluetoothDevice: getAddress: mAddress=XX:XX:XX:XX:E1:4F
03-02 11:26:11.593 18562 13194 D BluetoothDevice: getAddress: mAddress=XX:XX:XX:XX:E1:4F
03-02 11:26:11.594  2363  3268 D BluetoothHeadset: getConnectionState() from uid/pid: 1000/2363, callingApp=com.android.systemui
03-02 11:26:11.594  2363  3268 D BluetoothDevice: getAddress: mAddress=XX:XX:XX:XX:E1:4F
03-02 11:26:11.597  6027 30298 D TrafficManageService-TrafficSimManager: getMonthDataUsageUsed: new_get = 3665439686
03-02 11:26:11.599 18562 29326 D HeadsetService: getConnectionState(xx:xx:xx:xx:E1:4F) from uid/pid: 1000/2363, callingApp=android.uid.system:1000
03-02 11:26:11.600 18562 29326 W LeAudioService: getLeAudioService(): service is NULL
03-02 11:26:11.600  2363  3268 D BluetoothDevice: getAddress: mAddress=XX:XX:XX:XX:E1:4F
03-02 11:26:11.603  2363  3268 D BluetoothHeadset: getConnectionState() from uid/pid: 1000/2363, callingApp=com.android.systemui
03-02 11:26:11.603  2363  3268 D BluetoothDevice: getAddress: mAddress=XX:XX:XX:XX:E1:4F
03-02 11:26:11.605  2363  2363 D NotificationHeaderExpandController: onExpansionChanged: progress =  0.9993467
03-02 11:26:11.606  2363  2363 D View    : View setForceSDFT: false
03-02 11:26:11.606 18562 29326 D HeadsetService: getConnectionState(xx:xx:xx:xx:E1:4F) from uid/pid: 1000/2363, callingApp=android.uid.system:1000
03-02 11:26:11.606  2363  2363 D View    : View setForceSDFT: false
03-02 11:26:11.606 18562 29326 W LeAudioService: getLeAudioService(): service is NULL
03-02 11:26:11.607  2363  2363 D View    : View setForceSDFT: false
03-02 11:26:11.607  2363  3268 D CachedBluetoothDevice: getConnectionSummary() : profile HEADSET 0 XX:XX:XX:XX:E1:4F
03-02 11:26:11.607  2363  3268 D BluetoothDevice: getAddress: mAddress=XX:XX:XX:XX:E1:4F
03-02 11:26:11.608  2363  2363 D View    : View setForceSDFT: false
03-02 11:26:11.610  2363  3268 D CachedBluetoothDevice: getConnectionSummary() : profile A2DP 0 XX:XX:XX:XX:E1:4F
03-02 11:26:11.610  2363  3268 D BluetoothDevice: getBatteryLevel()
03-02 11:26:11.616 18562 29326 D BluetoothDevice: getAddress: mAddress=XX:XX:XX:XX:E1:4F
03-02 11:26:11.616 18562 29326 D BluetoothDevice: getAddress: mAddress=XX:XX:XX:XX:E1:4F
03-02 11:26:11.616  2363  3268 D CachedBluetoothDevice: findLeAddress
03-02 11:26:11.619  2363  3268 D CachedBluetoothDevice: isDualModeDevice
03-02 11:26:11.621  2363  3268 D CachedBluetoothDevice: hasConnectedLeAudioDevice return false
03-02 11:26:11.621  2363  3268 D CachedBluetoothDevice: getConnectionSummary() : mIsBrHasActiveLeAudio =falseprofileConnected =falsemIsActiveDeviceLeAudio falseleAudioNotConnected falseXX:XX:XX:XX:E1:4F
03-02 11:26:11.621  2363  3268 D BluetoothDevice: getBondState(XX:XX:XX:XX:E1:4F)
03-02 11:26:11.621  2363  3268 D BluetoothDevice: getBondState(XX:XX:XX:XX:E1:4F) uncached
03-02 11:26:11.622  2363  2363 D NotificationHeaderExpandController: onExpansionChanged: progress =  1.0
03-02 11:26:11.622  2363  2363 D View    : View setForceSDFT: false
03-02 11:26:11.623  2363  2363 D View    : View setForceSDFT: false
03-02 11:26:11.624 18562 29326 D BluetoothDevice: getAddress: mAddress=XX:XX:XX:XX:E1:4F
03-02 11:26:11.624 18562 29326 D BluetoothDevice: getAddress: mAddress=XX:XX:XX:XX:E1:4F
03-02 11:26:11.625   857   857 D android.hardware.lights-service.mediatek: write 218 to /sys/class/leds/lcd-backlight/brightness, result: 0
03-02 11:26:11.625  2363  3268 D BluetoothDevice: getName()
03-02 11:26:11.625   857   857 D android.hardware.lights-service.mediatek: write 218 to /sys/class/mi_display/disp-DSI-0/brightness_clone, result: 0
03-02 11:26:11.627 18562 29326 D BluetoothDevice: getAddress: mAddress=XX:XX:XX:XX:E1:4F
03-02 11:26:11.627 18562 29326 D BluetoothDevice: getAddress: mAddress=XX:XX:XX:XX:E1:4F
03-02 11:26:11.627 18562 29326 D BluetoothDevice: getAddress: mAddress=XX:XX:XX:XX:E1:4F
03-02 11:26:11.627 18562 29326 D BluetoothDevice: getAddress: mAddress=XX:XX:XX:XX:E1:4F
03-02 11:26:11.627 18562 29326 D BluetoothDevice: getAddress: mAddress=XX:XX:XX:XX:E1:4F
03-02 11:26:11.627 18562 29326 D BluetoothDevice: getAddress: mAddress=XX:XX:XX:XX:E1:4F
03-02 11:26:11.627 18562 29326 D BluetoothDevice: getAddress: mAddress=XX:XX:XX:XX:E1:4F
03-02 11:26:11.627 18562 29326 D BluetoothDevice: getAddress: mAddress=XX:XX:XX:XX:E1:4F
03-02 11:26:11.628  2363  3268 D BluetoothDevice: getRemoteDeviceTypeData()
03-02 11:26:11.632 18562 29326 D BluetoothDevice: getAddress: mAddress=XX:XX:XX:XX:E1:4F
03-02 11:26:11.632 18562 29326 D BluetoothDevice: getAddress: mAddress=XX:XX:XX:XX:E1:4F
03-02 11:26:11.632  2363  3268 D BluetoothDevice: getRemoteDeviceTypeData()
03-02 11:26:11.636 18562 29326 D BluetoothDevice: getAddress: mAddress=XX:XX:XX:XX:E1:4F
03-02 11:26:11.636 18562 29326 D BluetoothDevice: getAddress: mAddress=XX:XX:XX:XX:E1:4F
03-02 11:26:11.636  2363  3268 D BluetoothHeadset: getConnectionState() from uid/pid: 1000/2363, callingApp=com.android.systemui
03-02 11:26:11.637  2363  3268 D BluetoothDevice: getAddress: mAddress=XX:XX:XX:XX:E1:4F
03-02 11:26:11.639 18562 29326 D HeadsetService: getConnectionState(xx:xx:xx:xx:E1:4F) from uid/pid: 1000/2363, callingApp=android.uid.system:1000
03-02 11:26:11.639 18562 29326 W LeAudioService: getLeAudioService(): service is NULL
03-02 11:26:11.640  2363  3268 D BluetoothDevice: getAddress: mAddress=XX:XX:XX:XX:E1:4F
03-02 11:26:11.642  2363  3268 D BluetoothDevice: getAddress: mAddress=XX:XX:XX:XX:C8:A7
03-02 11:26:11.643  2363  3268 I BluetoothController: value is null myMac is 7E:56:59:3A:C8:A7
03-02 11:26:11.643  2363  3268 D BluetoothDevice: getAlias()
03-02 11:26:11.645 18562 29326 D BluetoothDevice: getAddress: mAddress=XX:XX:XX:XX:C8:A7
03-02 11:26:11.645 18562 29326 D BluetoothDevice: getAddress: mAddress=XX:XX:XX:XX:C8:A7
03-02 11:26:11.646  2363  3268 D BluetoothDevice: getName()
03-02 11:26:11.650 18562 29326 D BluetoothDevice: getAddress: mAddress=XX:XX:XX:XX:C8:A7
03-02 11:26:11.651 18562 29326 D BluetoothDevice: getAddress: mAddress=XX:XX:XX:XX:C8:A7
03-02 11:26:11.651 18562 29326 D BluetoothDevice: getAddress: mAddress=XX:XX:XX:XX:C8:A7
03-02 11:26:11.651 18562 29326 D BluetoothDevice: getAddress: mAddress=XX:XX:XX:XX:C8:A7
03-02 11:26:11.651 18562 29326 D BluetoothDevice: getAddress: mAddress=XX:XX:XX:XX:C8:A7
03-02 11:26:11.651 18562 29326 D BluetoothDevice: getAddress: mAddress=XX:XX:XX:XX:C8:A7
03-02 11:26:11.651 18562 29326 D BluetoothDevice: getAddress: mAddress=XX:XX:XX:XX:C8:A7
03-02 11:26:11.651 18562 29326 D BluetoothDevice: getAddress: mAddress=XX:XX:XX:XX:C8:A7
03-02 11:26:11.651  2363  3268 D BluetoothHeadset: getConnectionState() from uid/pid: 1000/2363, callingApp=com.android.systemui
03-02 11:26:11.652  2363  3268 D BluetoothDevice: getAddress: mAddress=XX:XX:XX:XX:C8:A7
03-02 11:26:11.654 18562 29326 D HeadsetService: getConnectionState(xx:xx:xx:xx:C8:A7) from uid/pid: 1000/2363, callingApp=android.uid.system:1000
03-02 11:26:11.654 18562 29326 W LeAudioService: getLeAudioService(): service is NULL
03-02 11:26:11.654  2363  3268 D BluetoothDevice: getAddress: mAddress=XX:XX:XX:XX:C8:A7
03-02 11:26:11.657  2363  3268 D BluetoothHeadset: getConnectionState() from uid/pid: 1000/2363, callingApp=com.android.systemui
03-02 11:26:11.657  2363  3268 D BluetoothDevice: getAddress: mAddress=XX:XX:XX:XX:C8:A7
03-02 11:26:11.660 18562 29326 D HeadsetService: getConnectionState(xx:xx:xx:xx:C8:A7) from uid/pid: 1000/2363, callingApp=android.uid.system:1000
03-02 11:26:11.660 18562 29326 W LeAudioService: getLeAudioService(): service is NULL
03-02 11:26:11.660  2363  3268 D CachedBluetoothDevice: getConnectionSummary() : profile HEADSET 0 XX:XX:XX:XX:C8:A7
03-02 11:26:11.661  2363  3268 D BluetoothDevice: getAddress: mAddress=XX:XX:XX:XX:C8:A7
03-02 11:26:11.666  2363  3268 D CachedBluetoothDevice: getConnectionSummary() : profile A2DP 0 XX:XX:XX:XX:C8:A7
03-02 11:26:11.666  2363  3268 D BluetoothDevice: getBatteryLevel()
03-02 11:26:11.671 18562 29326 D BluetoothDevice: getAddress: mAddress=XX:XX:XX:XX:C8:A7
03-02 11:26:11.671 18562 29326 D BluetoothDevice: getAddress: mAddress=XX:XX:XX:XX:C8:A7
03-02 11:26:11.672  2363  3268 D CachedBluetoothDevice: findLeAddress
03-02 11:26:11.674  2363  3268 D CachedBluetoothDevice: isDualModeDevice
03-02 11:26:11.675   857   857 D android.hardware.lights-service.mediatek: write 219 to /sys/class/leds/lcd-backlight/brightness, result: 0
03-02 11:26:11.675   857   857 D android.hardware.lights-service.mediatek: write 219 to /sys/class/mi_display/disp-DSI-0/brightness_clone, result: 0
03-02 11:26:11.676  2363  3268 D CachedBluetoothDevice: hasConnectedLeAudioDevice return false
03-02 11:26:11.677  2363  3268 D CachedBluetoothDevice: getConnectionSummary() : mIsBrHasActiveLeAudio =falseprofileConnected =falsemIsActiveDeviceLeAudio falseleAudioNotConnected falseXX:XX:XX:XX:C8:A7
03-02 11:26:11.677  2363  3268 D BluetoothDevice: getBondState(XX:XX:XX:XX:C8:A7)
03-02 11:26:11.677  2363  3268 D BluetoothDevice: getBondState(XX:XX:XX:XX:C8:A7) uncached
03-02 11:26:11.680 18562 29326 D BluetoothDevice: getAddress: mAddress=XX:XX:XX:XX:C8:A7
03-02 11:26:11.680 18562 29326 D BluetoothDevice: getAddress: mAddress=XX:XX:XX:XX:C8:A7
03-02 11:26:11.682  2363  3268 D BluetoothDevice: getName()
03-02 11:26:11.684 18562 29326 D BluetoothDevice: getAddress: mAddress=XX:XX:XX:XX:C8:A7
03-02 11:26:11.684 18562 29326 D BluetoothDevice: getAddress: mAddress=XX:XX:XX:XX:C8:A7
03-02 11:26:11.684 18562 29326 D BluetoothDevice: getAddress: mAddress=XX:XX:XX:XX:C8:A7
03-02 11:26:11.684 18562 29326 D BluetoothDevice: getAddress: mAddress=XX:XX:XX:XX:C8:A7
03-02 11:26:11.684 18562 29326 D BluetoothDevice: getAddress: mAddress=XX:XX:XX:XX:C8:A7
03-02 11:26:11.684 18562 29326 D BluetoothDevice: getAddress: mAddress=XX:XX:XX:XX:C8:A7
03-02 11:26:11.684 18562 29326 D BluetoothDevice: getAddress: mAddress=XX:XX:XX:XX:C8:A7
03-02 11:26:11.684 18562 29326 D BluetoothDevice: getAddress: mAddress=XX:XX:XX:XX:C8:A7
03-02 11:26:11.685  2363  3268 D BluetoothDevice: getRemoteDeviceTypeData()
03-02 11:26:11.686 18562 29326 D BluetoothDevice: getAddress: mAddress=XX:XX:XX:XX:C8:A7
03-02 11:26:11.686 18562 29326 D BluetoothDevice: getAddress: mAddress=XX:XX:XX:XX:C8:A7
03-02 11:26:11.686  2363  3268 D BluetoothDevice: getRemoteDeviceTypeData()
03-02 11:26:11.688 18562 29326 D BluetoothDevice: getAddress: mAddress=XX:XX:XX:XX:C8:A7
03-02 11:26:11.688 18562 29326 D BluetoothDevice: getAddress: mAddress=XX:XX:XX:XX:C8:A7
03-02 11:26:11.689  2363  2363 D View    : View setForceSDFT: false
03-02 11:26:11.689  2363  3268 D BluetoothHeadset: getConnectionState() from uid/pid: 1000/2363, callingApp=com.android.systemui
03-02 11:26:11.689  2363  3268 D BluetoothDevice: getAddress: mAddress=XX:XX:XX:XX:C8:A7
03-02 11:26:11.691 18562 29326 D HeadsetService: getConnectionState(xx:xx:xx:xx:C8:A7) from uid/pid: 1000/2363, callingApp=android.uid.system:1000
03-02 11:26:11.691 18562 29326 W LeAudioService: getLeAudioService(): service is NULL
03-02 11:26:11.692  2363  3268 D BluetoothDevice: getAddress: mAddress=XX:XX:XX:XX:C8:A7
03-02 11:26:11.694  2363  3268 D BluetoothDevice: getAddress: mAddress=XX:XX:XX:XX:C0:39
03-02 11:26:11.694  2363  3268 I BluetoothController: value is null myMac is EF:CB:5C:AE:C0:39
03-02 11:26:11.694  2363  3268 D BluetoothDevice: getAlias()
03-02 11:26:11.696  1055  1186 D connsyslogger: SD_LOG_ROOT is /data/debuglogger/connsyslog/fw.
03-02 11:26:11.696  1055  1186 D connsyslogger: systemReady:1
03-02 11:26:11.698 18562 29326 D BluetoothDevice: getAddress: mAddress=XX:XX:XX:XX:C0:39
03-02 11:26:11.698 18562 29326 D BluetoothDevice: getAddress: mAddress=XX:XX:XX:XX:C0:39
03-02 11:26:11.699  2363  3268 D BluetoothDevice: getName()
03-02 11:26:11.701 18562 29326 D BluetoothDevice: getAddress: mAddress=XX:XX:XX:XX:C0:39
03-02 11:26:11.701 18562 29326 D BluetoothDevice: getAddress: mAddress=XX:XX:XX:XX:C0:39
03-02 11:26:11.702 18562 29326 D BluetoothDevice: getAddress: mAddress=XX:XX:XX:XX:C0:39
03-02 11:26:11.702 18562 29326 D BluetoothDevice: getAddress: mAddress=XX:XX:XX:XX:C0:39
03-02 11:26:11.702 18562 29326 D BluetoothDevice: getAddress: mAddress=XX:XX:XX:XX:C0:39
03-02 11:26:11.702 18562 29326 D BluetoothDevice: getAddress: mAddress=XX:XX:XX:XX:C0:39
03-02 11:26:11.702 18562 29326 D BluetoothDevice: getAddress: mAddress=XX:XX:XX:XX:C0:39
03-02 11:26:11.702 18562 29326 D BluetoothDevice: getAddress: mAddress=XX:XX:XX:XX:C0:39
03-02 11:26:11.702  2363  3268 D BluetoothHeadset: getConnectionState() from uid/pid: 1000/2363, callingApp=com.android.systemui
03-02 11:26:11.703  2363  3268 D BluetoothDevice: getAddress: mAddress=XX:XX:XX:XX:C0:39
03-02 11:26:11.704  6027 30298 D TrafficManageService-TrafficSimManager: getMonthDataUsageUsed: return last value
03-02 11:26:11.704 18562 29326 D HeadsetService: getConnectionState(xx:xx:xx:xx:C0:39) from uid/pid: 1000/2363, callingApp=android.uid.system:1000
03-02 11:26:11.705 18562 29326 W LeAudioService: getLeAudioService(): service is NULL
03-02 11:26:11.705 18562 29326 D BluetoothDevice: getAddress: mAddress=XX:XX:XX:XX:C0:39
03-02 11:26:11.705  2363  2363 D View    : View setForceSDFT: false
03-02 11:26:11.706  2363  3268 D BluetoothDevice: getAddress: mAddress=XX:XX:XX:XX:C0:39
03-02 11:26:11.708 18562 29326 D BluetoothDevice: getAddress: mAddress=XX:XX:XX:XX:C0:39
03-02 11:26:11.708  2363  3268 D BluetoothHeadset: getConnectionState() from uid/pid: 1000/2363, callingApp=com.android.systemui
03-02 11:26:11.708  2363  3268 D BluetoothDevice: getAddress: mAddress=XX:XX:XX:XX:C0:39
03-02 11:26:11.711 18562 29326 D HeadsetService: getConnectionState(xx:xx:xx:xx:C0:39) from uid/pid: 1000/2363, callingApp=android.uid.system:1000
03-02 11:26:11.711 18562 29326 W LeAudioService: getLeAudioService(): service is NULL
03-02 11:26:11.711 18562 29326 D BluetoothDevice: getAddress: mAddress=XX:XX:XX:XX:C0:39
03-02 11:26:11.711  2363  3268 D CachedBluetoothDevice: getConnectionSummary() : profile HEADSET 0 XX:XX:XX:XX:C0:39
03-02 11:26:11.712  2363  3268 D BluetoothDevice: getAddress: mAddress=XX:XX:XX:XX:C0:39
03-02 11:26:11.715 18562 29326 D BluetoothDevice: getAddress: mAddress=XX:XX:XX:XX:C0:39
03-02 11:26:11.716  2363  3268 D CachedBluetoothDevice: getConnectionSummary() : profile A2DP 0 XX:XX:XX:XX:C0:39
03-02 11:26:11.716  2363  3268 D BluetoothDevice: getBatteryLevel()
03-02 11:26:11.718  1621  2986 W UriGrantsManagerService: For security reasons, the system cannot issue a Uri permission grant to content://com.miui.networkassistant.fileprovider/res/tmp.png [user 0]; use startActivityAsCaller() instead
03-02 11:26:11.718  2363  2581 W BpBinder: Slow Binder: BpBinder transact took 522 ms, interface=android.content.IContentProvider, code=1 oneway=false
03-02 11:26:11.720 18562 29326 D BluetoothDevice: getAddress: mAddress=XX:XX:XX:XX:C0:39
03-02 11:26:11.720 18562 29326 D BluetoothDevice: getAddress: mAddress=XX:XX:XX:XX:C0:39
03-02 11:26:11.720  2363  3268 D CachedBluetoothDevice: findLeAddress
03-02 11:26:11.722  2363  2363 D View    : View setForceSDFT: false
03-02 11:26:11.722  2363  2363 D View    : View setForceSDFT: false
03-02 11:26:11.722  2363  3268 D CachedBluetoothDevice: isDualModeDevice
03-02 11:26:11.725   857   857 D android.hardware.lights-service.mediatek: write 220 to /sys/class/leds/lcd-backlight/brightness, result: 0
03-02 11:26:11.725   857   857 D android.hardware.lights-service.mediatek: write 220 to /sys/class/mi_display/disp-DSI-0/brightness_clone, result: 0
03-02 11:26:11.726   863   935 I ExtendedUtils: [timer_thread_start] epoll wait thread while start
03-02 11:26:11.726   863   935 I ExtendedPerfBoost: [restore_callback_expires] thermalbreak callback
03-02 11:26:11.726   863   935 I ExtendedPerfBoost: [triggerList_update] del one node to freelist
03-02 11:26:11.726  2363  3268 D CachedBluetoothDevice: hasConnectedLeAudioDevice return false
03-02 11:26:11.727   863   958 I mtkpower@impl: [powerd_req] TIMER_MSG_PERF_LOCK_TIMEOUT hdl:367948
03-02 11:26:11.727   863   958 I libPowerHal: [perfLockRel] hdl:367948, idx:5
03-02 11:26:11.727   863   935 I ExtendedPerfBoost: [triggerList_update] now trigger boost:0  info
03-02 11:26:11.727   863   935 I ExtendedPerfBoost: [trig_thermalbreak] curr target time is same last target time
03-02 11:26:11.727   863   935 I ExtendedPerfBoost: [setThermalBreak] [setThermalBreak] : boost:0
03-02 11:26:11.727  2363  3268 D CachedBluetoothDevice: getConnectionSummary() : mIsBrHasActiveLeAudio =falseprofileConnected =falsemIsActiveDeviceLeAudio falseleAudioNotConnected falseXX:XX:XX:XX:C0:39
03-02 11:26:11.727  2363  3268 D BluetoothDevice: getBondState(XX:XX:XX:XX:C0:39)
03-02 11:26:11.727  2363  3268 D BluetoothDevice: getBondState(XX:XX:XX:XX:C0:39) uncached
03-02 11:26:11.728   863   958 I libPowerHal: [perfLockRel] Done for hdl : 367948
03-02 11:26:11.729 18562 29326 D BluetoothDevice: getAddress: mAddress=XX:XX:XX:XX:C0:39
03-02 11:26:11.730 18562 29326 D BluetoothDevice: getAddress: mAddress=XX:XX:XX:XX:C0:39
03-02 11:26:11.731  2363  3268 D BluetoothDevice: getName()
03-02 11:26:11.737 18562 29326 D BluetoothDevice: getAddress: mAddress=XX:XX:XX:XX:C0:39
03-02 11:26:11.737 18562 29326 D BluetoothDevice: getAddress: mAddress=XX:XX:XX:XX:C0:39
03-02 11:26:11.738 18562 29326 D BluetoothDevice: getAddress: mAddress=XX:XX:XX:XX:C0:39
03-02 11:26:11.738 18562 29326 D BluetoothDevice: getAddress: mAddress=XX:XX:XX:XX:C0:39
03-02 11:26:11.738 18562 29326 D BluetoothDevice: getAddress: mAddress=XX:XX:XX:XX:C0:39
03-02 11:26:11.738 18562 29326 D BluetoothDevice: getAddress: mAddress=XX:XX:XX:XX:C0:39
03-02 11:26:11.738  2363  2363 D View    : View setForceSDFT: false
03-02 11:26:11.738 18562 29326 D BluetoothDevice: getAddress: mAddress=XX:XX:XX:XX:C0:39
03-02 11:26:11.738 18562 29326 D BluetoothDevice: getAddress: mAddress=XX:XX:XX:XX:C0:39
03-02 11:26:11.739  2363  3268 D BluetoothDevice: getRemoteDeviceTypeData()
03-02 11:26:11.743 18562 29326 D BluetoothDevice: getAddress: mAddress=XX:XX:XX:XX:C0:39
03-02 11:26:11.743 18562 29326 D BluetoothDevice: getAddress: mAddress=XX:XX:XX:XX:C0:39
03-02 11:26:11.744  2363  3268 D BluetoothDevice: getRemoteDeviceTypeData()
03-02 11:26:11.748 18562 29326 D BluetoothDevice: getAddress: mAddress=XX:XX:XX:XX:C0:39
03-02 11:26:11.748 18562 29326 D BluetoothDevice: getAddress: mAddress=XX:XX:XX:XX:C0:39
