03-02 11:26:13.936 23315 30906 D nativeloader: Load /data/app/~~Bh61wenJZi6JNVEuOkVQfQ==/com.softnation.Ojam-nnCVAdHxKfOmup5FCuBDYQ==/base.apk!/lib/arm64-v8a/libexpo-av.so using class loader ns clns-7 (caller=/data/app/~~Bh61wenJZi6JNVEuOkVQfQ==/com.softnation.Ojam-nnCVAdHxKfOmup5FCuBDYQ==/base.apk!classes21.dex): ok
03-02 11:26:13.958   857   857 D android.hardware.lights-service.mediatek: write 271 to /sys/class/leds/lcd-backlight/brightness, result: 0
03-02 11:26:13.959   857   857 D android.hardware.lights-service.mediatek: write 271 to /sys/class/mi_display/disp-DSI-0/brightness_clone, result: 0
03-02 11:26:13.991   861   947 I libPerfCtl: xgfGetFPS pid:921 fps:-1
03-02 11:26:13.991   861   947 I libPerfCtl: xgfGetFPS pid:2363 fps:-1
03-02 11:26:13.992   857   857 D android.hardware.lights-service.mediatek: write 272 to /sys/class/leds/lcd-backlight/brightness, result: 0
03-02 11:26:13.992   857   857 D android.hardware.lights-service.mediatek: write 272 to /sys/class/mi_display/disp-DSI-0/brightness_clone, result: 0
03-02 11:26:14.041   857   857 D android.hardware.lights-service.mediatek: write 273 to /sys/class/leds/lcd-backlight/brightness, result: 0
03-02 11:26:14.041   857   857 D android.hardware.lights-service.mediatek: write 273 to /sys/class/mi_display/disp-DSI-0/brightness_clone, result: 0
03-02 11:26:14.076   857   857 D android.hardware.lights-service.mediatek: write 274 to /sys/class/leds/lcd-backlight/brightness, result: 0
03-02 11:26:14.076   857   857 D android.hardware.lights-service.mediatek: write 274 to /sys/class/mi_display/disp-DSI-0/brightness_clone, result: 0
03-02 11:26:14.108   857   857 D android.hardware.lights-service.mediatek: write 275 to /sys/class/leds/lcd-backlight/brightness, result: 0
03-02 11:26:14.108   857   857 D android.hardware.lights-service.mediatek: write 275 to /sys/class/mi_display/disp-DSI-0/brightness_clone, result: 0
03-02 11:26:14.110 23315 30844 W softnation.Ojam: userfaultfd: MOVE ioctl seems unsupported: Try again
03-02 11:26:14.113  1201  1298 D AALLightSensor: oldLux=23 [SA:-1 LA:-1] newLux=17 (oriLux: 17)
03-02 11:26:14.114  1201  1298 D AALService: [CRTC_114] onALIChanged: 23 -> 17
03-02 11:26:14.142   921   921 I BufferQueueProducer: [NotificationShade#134306](this:0xb400007bcecc8028,id:-1,api:0,p:-1,c:921) queueBuffer: fps=59.98 dur=1000.39 max=17.28 min=16.20
03-02 11:26:14.158   857   857 D android.hardware.lights-service.mediatek: write 276 to /sys/class/leds/lcd-backlight/brightness, result: 0
03-02 11:26:14.158   857   857 D android.hardware.lights-service.mediatek: write 276 to /sys/class/mi_display/disp-DSI-0/brightness_clone, result: 0
03-02 11:26:14.161 23315 30844 I softnation.Ojam: Background concurrent mark compact GC freed 41MB AllocSpace bytes, 30(2256KB) LOS objects, 83% free, 4876KB/28MB, paused 890us,7.738ms total 103.336ms
03-02 11:26:14.163   921   921 I BufferQueueProducer: [FramebufferSurface](this:0xb400007d8e9dff50,id:-1,api:1,p:921,c:921) queueBuffer: fps=59.98 dur=1000.39 max=17.89 min=15.04
03-02 11:26:14.169   921  1500 D SurfaceFlinger: [SF client] REMOVE (0xb400007caea44410) for (23315:com.softnation.Ojam)
03-02 11:26:14.192   857   857 D android.hardware.lights-service.mediatek: write 277 to /sys/class/leds/lcd-backlight/brightness, result: 0
03-02 11:26:14.192   857   857 D android.hardware.lights-service.mediatek: write 277 to /sys/class/mi_display/disp-DSI-0/brightness_clone, result: 0
03-02 11:26:14.225   857   857 D android.hardware.lights-service.mediatek: write 278 to /sys/class/leds/lcd-backlight/brightness, result: 0
03-02 11:26:14.227   857   857 D android.hardware.lights-service.mediatek: write 278 to /sys/class/mi_display/disp-DSI-0/brightness_clone, result: 0
03-02 11:26:14.264   849   849 I hwcomposer: [HWCDisplay] (0 updateFps():3667), (type:1, mode:2) fps:59.995350,dur:1000.08,max:17.90,min:15.19  
03-02 11:26:14.274   857   857 D android.hardware.lights-service.mediatek: write 279 to /sys/class/leds/lcd-backlight/brightness, result: 0
03-02 11:26:14.275   857   857 D android.hardware.lights-service.mediatek: write 279 to /sys/class/mi_display/disp-DSI-0/brightness_clone, result: 0
03-02 11:26:14.308   857   857 D android.hardware.lights-service.mediatek: write 280 to /sys/class/leds/lcd-backlight/brightness, result: 0
03-02 11:26:14.308   857   857 D android.hardware.lights-service.mediatek: write 280 to /sys/class/mi_display/disp-DSI-0/brightness_clone, result: 0
03-02 11:26:14.313 25839 26153 E msys    : E[N MQTT]readErr(151)=>TCPStreamTransport readErr
03-02 11:26:14.313 25839 26153 E msys    : E[N MQTT]onReadError(657)=>Read Error: AsyncSocketException: recv() failed (peer=57.144.240.144:443), type = Internal error, errno = 104 (Connection reset by peer)
03-02 11:26:14.337  1621  1801 I MIUIInput: [MotionEvent] notifyMotion - eventTime=612367886008000, deviceId=3, source=0x1002, policyFlags=0x0, action=0x0, flags=0x0, downTime=612367886008000
03-02 11:26:14.338  1621  1800 I MIUIInput: [MotionEvent] publisher action=0x0, deviceId=3, 612367886, channel '77d8129 NavigationBar0 (server)'
03-02 11:26:14.338  1621  1800 I MIUIInput: [MotionEvent] publisher action=0x0, deviceId=3, 612367886, channel '[Gesture Monitor] onehanded-touch (server)'
03-02 11:26:14.338  1621  1800 I MIUIInput: [MotionEvent] publisher action=0x0, deviceId=3, 612367886, channel '[Gesture Monitor] miui-gesture (server)'
03-02 11:26:14.339  1621  1908 I ProcessManager: getRenderThreadTidByPid, caller=1621
03-02 11:26:14.341   857   857 D android.hardware.lights-service.mediatek: write 281 to /sys/class/leds/lcd-backlight/brightness, result: 0
03-02 11:26:14.341   857   857 D android.hardware.lights-service.mediatek: write 281 to /sys/class/mi_display/disp-DSI-0/brightness_clone, result: 0
03-02 11:26:14.342   863   958 I libPowerHal: [perfLockAcq] idx:2 hdl:367949 hint:25 pid:863 tid:863 duration:120 lock_user:vendor.mediatek => ret_hdl:367949
03-02 11:26:14.343   863   958 I libPowerHal: [setGPUFreq] MTKPOWER_HINT_APP_TOUCH user set gpu freq min:0, max:-1
03-02 11:26:14.343   863   958 I libPowerHal: MTKPOWER_HINT_APP_TOUCH: set gpu opp level: 0
03-02 11:26:14.343  2363  2363 I MIUIInput: [MotionEvent] ViewRootImpl windowName 'NavigationBar0', { action=ACTION_DOWN, id[0]=0, pointerCount=1, eventTime=612367886, downTime=612367886, phoneEventTime=11:26:14.337 } moveCount:0
03-02 11:26:14.344   863   958 I libPowerHal: MTKPOWER_HINT_APP_TOUCH: set gpu opp level max: 0
03-02 11:26:14.344   863   958 I libPowerHal: [setGPUFreq] Soft min/max = (0, 0); Hard min/max = (31, 0)
03-02 11:26:14.344   863   958 I libPowerHal: [setGPUFreq] final min/max = (0, 0)
03-02 11:26:14.344   863   958 I libPowerHal: MTKPOWER_HINT_APP_TOUCH: set gpu opp level: 0
03-02 11:26:14.344   863   958 I libPowerHal: MTKPOWER_HINT_APP_TOUCH: set gpu opp level max: 0
03-02 11:26:14.344  2363  2363 I KeyButtonView: Back button event: ACTION_DOWN
03-02 11:26:14.345  1621  4427 W MIUIInput: Input event injection from package: com.android.systemui action ACTION_DOWN keycode 4
03-02 11:26:14.345  1621  4427 W MiuiInputKeyEventLog: keyCode:4 down:true eventTime:612367893 downTime:612367893 policyFlags:2b000002 flags:80000048 metaState:0 deviceId:-1 isScreenOn:true keyguardActive:false repeatCount:0
03-02 11:26:14.348  1621  1663 W ActivityManagerServiceImpl: Sending non-protected broadcast miui.intent.KEYCODE_BACK from system 1621:system/1000 pkg android. Callers=com.android.server.am.ActivityManagerService.checkBroadcastFromSystem:16365 com.android.server.am.ActivityManagerService.broadcastIntentLockedTraced:17236 com.android.server.am.ActivityManagerService.broadcastIntentLocked:16425 com.android.server.am.ActivityManagerService.broadcastIntentWithFeature:17459 android.app.ContextImpl.sendBroadcastAsUser:1495 
03-02 11:26:14.353   863   958 I libPowerHal: [PE] MTKPOWER_HINT_APP_TOUCH update cmd:1408100, param:47, pr:3
03-02 11:26:14.353   863   958 I libPowerHal: [PE] MTKPOWER_HINT_APP_TOUCH update cmd:410000, param:1, pr:3
03-02 11:26:14.353   863   958 I libPowerHal: value: 1
03-02 11:26:14.353   863   958 I libPowerHal: [PE] MTKPOWER_HINT_APP_TOUCH update cmd:410000 param:1 pr:3
03-02 11:26:14.354   863   958 I libPowerHal: [perfLockAcq] Done for hdl : 367949
03-02 11:26:14.360 25839 26071 W RealtimeClientManager: Channel state: MqttChannelState{mConnectionState=DISCONNECTED, mDisconnectionReason=null, mLastConnectionMs=1029952155, mLastDisconnectMs=1030133769}
03-02 11:26:14.375   921   921 I BufferQueueProducer: [NavigationBar0#101619](this:0xb400007bced454e8,id:-1,api:0,p:-1,c:921) queueBuffer: fps=2.17 dur=3231.81 max=3050.36 min=16.40
03-02 11:26:14.392   857   857 D android.hardware.lights-service.mediatek: write 282 to /sys/class/leds/lcd-backlight/brightness, result: 0
03-02 11:26:14.392   857   857 D android.hardware.lights-service.mediatek: write 282 to /sys/class/mi_display/disp-DSI-0/brightness_clone, result: 0
03-02 11:26:14.392 25839 26071 W RealtimeClientManager: Channel state: MqttChannelState{mConnectionState=CONNECTING, mDisconnectionReason=null, mLastConnectionMs=1029952155, mLastDisconnectMs=1030133769}
03-02 11:26:14.411  1621  1801 I MIUIInput: [MotionEvent] notifyMotion - eventTime=612367959744000, deviceId=3, source=0x1002, policyFlags=0x0, action=0x1, flags=0x0, downTime=612367886008000
03-02 11:26:14.411   863   909 I libPowerHal: [mtkPowerHint] hint:25, hold:80, ext:0, ext_hold:0
03-02 11:26:14.412  1621  1800 I MIUIInput: [MotionEvent] publisher action=0x1, deviceId=3, 612367959, channel '77d8129 NavigationBar0 (server)'
03-02 11:26:14.412  1621  1800 I MIUIInput: [MotionEvent] publisher action=0x1, deviceId=3, 612367959, channel '[Gesture Monitor] onehanded-touch (server)'
03-02 11:26:14.412  1621  1800 I MIUIInput: [MotionEvent] publisher action=0x1, deviceId=3, 612367959, channel '[Gesture Monitor] miui-gesture (server)'
03-02 11:26:14.413   863   958 I libPowerHal: [perfLockAcq] idx:3 hdl:367950 hint:25 pid:863 tid:863 duration:80 lock_user:vendor.mediatek => ret_hdl:367950
03-02 11:26:14.413   863   958 I libPowerHal: [setGPUFreq] MTKPOWER_HINT_APP_TOUCH user set gpu freq min:0, max:-1
03-02 11:26:14.413   863   958 I libPowerHal: MTKPOWER_HINT_APP_TOUCH: set gpu opp level max: 0
03-02 11:26:14.413   863   958 I libPowerHal: [setGPUFreq] Soft min/max = (0, 0); Hard min/max = (31, 0)
03-02 11:26:14.413   863   958 I libPowerHal: [setGPUFreq] final min/max = (0, 0)
03-02 11:26:14.413   863   958 I libPowerHal: MTKPOWER_HINT_APP_TOUCH: set gpu opp level: 0
03-02 11:26:14.413   863   958 I libPowerHal: MTKPOWER_HINT_APP_TOUCH: set gpu opp level max: 0
03-02 11:26:14.414  2363  2363 I MIUIInput: [MotionEvent] ViewRootImpl windowName 'NavigationBar0', { action=ACTION_UP, id[0]=0, pointerCount=1, eventTime=612367959, downTime=612367886, phoneEventTime=11:26:14.410 } moveCount:0
03-02 11:26:14.414   863   958 I libPowerHal: [perfLockAcq] Done for hdl : 367950
03-02 11:26:14.414   863   958 I libPowerHal: [perfLockRel] hdl:367949, idx:2
03-02 11:26:14.415   863   958 I libPowerHal: [unsetGPUFreq] current min:0, max:0; scn_gpu_min:0, scn_gpu_max:-1; scn_gpu_min(HL):-1, scn_gpu_max(HL):-1
03-02 11:26:14.415   863   958 I libPowerHal: [setGPUFreq] Soft min/max = (0, 0); Hard min/max = (31, 0)
03-02 11:26:14.415   863   958 I libPowerHal: [setGPUFreq] final min/max = (0, 0)
03-02 11:26:14.415   863   958 I libPowerHal: MTKPOWER_HINT_APP_TOUCH: set gpu opp level: 0
03-02 11:26:14.415  2363  2363 I KeyButtonView: Back button event: ACTION_UP
03-02 11:26:14.415   863   958 I libPowerHal: MTKPOWER_HINT_APP_TOUCH: set gpu opp level max: 0
03-02 11:26:14.416  1621  4427 W MIUIInput: Input event injection from package: com.android.systemui action ACTION_UP keycode 4
03-02 11:26:14.417  1621  4427 W MiuiInputKeyEventLog: keyCode:4 down:false eventTime:612367964 downTime:612367893 policyFlags:2b000002 flags:80000048 metaState:0 deviceId:-1 isScreenOn:true keyguardActive:false repeatCount:0
03-02 11:26:14.417   863   958 I libPowerHal: [perfLockRel] Done for hdl : 367949
03-02 11:26:14.419 25839 26153 E msys    : E[N MQTT]onOSNetworkDisconnected(740)=>LigerBasedStreamTransport onOSNetworkDisconnected
03-02 11:26:14.419  1621  1800 I MIUIInput: [KeyEvent] publisher action:0x0,  keyCode:4 , deviceId=-1, 612367893,channel 'f0a2d0 NotificationShade (server)' 
03-02 11:26:14.419  1621  1663 W ActivityManagerServiceImpl: Sending non-protected broadcast miui.intent.KEYCODE_BACK from system 1621:system/1000 pkg android. Callers=com.android.server.am.ActivityManagerService.checkBroadcastFromSystem:16365 com.android.server.am.ActivityManagerService.broadcastIntentLockedTraced:17236 com.android.server.am.ActivityManagerService.broadcastIntentLocked:16425 com.android.server.am.ActivityManagerService.broadcastIntentWithFeature:17459 android.app.ContextImpl.sendBroadcastAsUser:1495 
03-02 11:26:14.419  2363  2363 I MIUIInput: [KeyEvent] ViewRootImpl windowName 'NotificationShade', KeyEvent { action=ACTION_DOWN, keyCode=KEYCODE_BACK, scanCode=0, metaState=0, flags=0x48, repeatCount=0, eventTime=612367893000000, downTime=612367893000000, deviceId=-1, source=0x101, displayId=0 }, phoneEventTime=11:26:14.344
03-02 11:26:14.419  2363  2363 I MIUIInput: OnBackInvokedCallback is enabled, drop Back Key Event
03-02 11:26:14.424   857   857 D android.hardware.lights-service.mediatek: write 283 to /sys/class/leds/lcd-backlight/brightness, result: 0
03-02 11:26:14.425   857   857 D android.hardware.lights-service.mediatek: write 283 to /sys/class/mi_display/disp-DSI-0/brightness_clone, result: 0
03-02 11:26:14.426 25839 26071 W RealtimeClientManager: Channel state: MqttChannelState{mConnectionState=DISCONNECTED, mDisconnectionReason=null, mLastConnectionMs=1029952155, mLastDisconnectMs=1030133846}
03-02 11:26:14.428  1621  1800 I MIUIInput: [KeyEvent] publisher action:0x1,  keyCode:4 , deviceId=-1, 612367964,channel 'f0a2d0 NotificationShade (server)' 
03-02 11:26:14.429  2363  2363 I MIUIInput: [KeyEvent] ViewRootImpl windowName 'NotificationShade', KeyEvent { action=ACTION_UP, keyCode=KEYCODE_BACK, scanCode=0, metaState=0, flags=0x48, repeatCount=0, eventTime=612367964000000, downTime=612367893000000, deviceId=-1, source=0x101, displayId=0 }, phoneEventTime=11:26:14.415
03-02 11:26:14.429  2363  2363 I MIUIInput: OnBackInvokedCallback is enabled, drop Back Key Event
03-02 11:26:14.436  1999  1999 D TouchInteractionService: onSystemUiFlagsChanged, mSystemUiStateFlags=10000004
03-02 11:26:14.436  2363  2363 D NotificationPanelView: mHidePanelPending=true
03-02 11:26:14.437  2363  2363 D NotificationPanelExpandController: hide true
03-02 11:26:14.437  2363  2363 D NotificationPanelExpandController: expand height changed to 0.0
03-02 11:26:14.437  2363  2363 D NotificationPanelExpandController: panelAppearance to false
03-02 11:26:14.437  2363  2363 I QS      : setListening false
03-02 11:26:14.437  2363  3015 D BrightnessController: BrightnessObserver: stopObserving.
03-02 11:26:14.437  2363  2363 D NotificationHeaderExpandController: onAppearanceChanged appearance: false  animate: true 
03-02 11:26:14.443  2363  2363 D ShadeListBuilder: postBuildList: false->true
03-02 11:26:14.444  2363  2363 D View    : View setForceSDFT: true
03-02 11:26:14.444  2363  2363 D View    : View setForceSDFT: true
03-02 11:26:14.444  2363  2363 D View    : View setForceSDFT: true
03-02 11:26:14.444  2363  2363 D View    : View setForceSDFT: true
03-02 11:26:14.444  2363  2363 D View    : View setForceSDFT: true
03-02 11:26:14.445  2363  2363 D View    : View setForceSDFT: true
03-02 11:26:14.445  2363  2363 D NotificationHeaderExpandController: onExpansionChanged: progress =  0.95522106
03-02 11:26:14.445  2363  2363 D View    : View setForceSDFT: true
03-02 11:26:14.445  2363  2363 D View    : View setForceSDFT: true
03-02 11:26:14.445  2363  2363 D View    : View setForceSDFT: true
03-02 11:26:14.445  2363  2363 D View    : View setForceSDFT: true
03-02 11:26:14.446  2363  2363 D View    : View setForceSDFT: true
03-02 11:26:14.446  2363  2363 D View    : View setForceSDFT: true
03-02 11:26:14.446  2363  2363 D View    : View setForceSDFT: true
03-02 11:26:14.446  2363  2363 D View    : View setForceSDFT: true
03-02 11:26:14.446  2363  2363 D View    : View setForceSDFT: true
03-02 11:26:14.446  2363  2363 D View    : View setForceSDFT: true
03-02 11:26:14.446  2363  2363 D View    : View setForceSDFT: true
03-02 11:26:14.447  2363  2363 D View    : View setForceSDFT: true
03-02 11:26:14.452  1621  1729 D MiuiRefreshRatePolicy: reset
03-02 11:26:14.454  1621  1729 W WindowManager: Changing focus from Window{f0a2d0 u0 NotificationShade} to Window{b10aef8 u0 com.softnation.Ojam/com.softnation.Ojam.MainActivity} displayId=0 Callers=com.android.server.wm.RootWindowContainer.updateFocusedWindowLocked:602 com.android.server.wm.WindowManagerService.updateFocusedWindowLocked:7168 com.android.server.wm.WindowManagerService.relayoutWindowInner:3076 com.android.server.wm.WindowManagerService.relayoutWindow:2724 
03-02 11:26:14.456  1621  1729 I whetstone.activity: Power Event callback listener is empty for resId=32
03-02 11:26:14.456  1621  1729 D BatteryStatsManagerStub: notifyEvent for resId=32 used 1ms
03-02 11:26:14.457   921  1587 I BufferQueueDebug: [Surface(name=5b2ee94 StatusBar#103)/@0xf6cf932 - animation-leash of insets_animation#134310](this:0xb400007bcecc2508,id:-1,api:0,p:-1,c:-1) BufferQueue core=(921:/system/bin/surfaceflinger)
03-02 11:26:14.458   857   857 D android.hardware.lights-service.mediatek: write 284 to /sys/class/leds/lcd-backlight/brightness, result: 0
03-02 11:26:14.458   857   857 D android.hardware.lights-service.mediatek: write 284 to /sys/class/mi_display/disp-DSI-0/brightness_clone, result: 0
03-02 11:26:14.460   921  1500 I BufferQueueDebug: [Surface(name=77d8129 NavigationBar0#101614)/@0x3faba4f - animation-leash of insets_animation#134311](this:0xb400007bcecd3668,id:-1,api:0,p:-1,c:-1) BufferQueue core=(921:/system/bin/surfaceflinger)
03-02 11:26:14.462  1621  1729 D WindowManager: wms.Input focus has changed to Window{b10aef8 u0 com.softnation.Ojam/com.softnation.Ojam.MainActivity} display=0 updateInputWindows = true
03-02 11:26:14.462  1621  1729 I MultiSenceManagerInternalStub: getInstance
03-02 11:26:14.463  1621  1928 I MultiSenceManagerInternalStubImpl: packageName = com.softnation.Ojam
03-02 11:26:14.464  1621  1928 W ContextImpl: Calling a method in the system process without a qualified user: android.app.ContextImpl.sendBroadcast:1260 com.android.server.wm.MultiSenceManagerInternalStubImpl.sendFocusWindowsBroadcast:148 com.android.server.wm.MultiSenceManagerInternalStubImpl$UpdateScreenStatus.run:98 android.os.Handler.handleCallback:959 android.os.Handler.dispatchMessage:100 
03-02 11:26:14.466  1621  1928 W ActivityManagerServiceImpl: Sending non-protected broadcast com.xiaomi.multisence.action.FOCUSED_CHANGE from system 1621:system/1000 pkg android. Callers=com.android.server.am.ActivityManagerService.checkBroadcastFromSystem:16365 com.android.server.am.ActivityManagerService.broadcastIntentLockedTraced:17236 com.android.server.am.ActivityManagerService.broadcastIntentLocked:16425 com.android.server.am.ActivityManagerService.broadcastIntentWithFeature:17459 android.app.ContextImpl.sendBroadcast:1264 
03-02 11:26:14.468  2363  2363 I ShareNetworkControllerImpl: stop
03-02 11:26:14.469  1621  1729 D MiuiRefreshRatePolicy: reset
03-02 11:26:14.470 19280 19295 I MiuiNearbyService: unregister from 2363
03-02 11:26:14.471  2363  2363 D NotificationHeaderExpandController: onExpansionChanged: progress =  0.8470113
03-02 11:26:14.476  1621  1651 I ActivityTaskManager: visible for Task{6f3448d #37044 type=standard A=10337:com.softnation.Ojam} visible = true isAnimating = false TRANSITION = false PARENTS = false CHILDREN = false
03-02 11:26:14.477  1621  1651 D SurfaceComposerClient: Transaction::apply InputWindowCommands.focusRequests timestamp=612368014125345, windowName=b10aef8 com.softnation.Ojam/com.softnation.Ojam.MainActivity
03-02 11:26:14.486  1999  1999 D TouchInteractionService: onSystemUiFlagsChanged, mSystemUiStateFlags=10020004
03-02 11:26:14.489  2363  2363 D NotificationHeaderExpandController: onExpansionChanged: progress =  0.7163877
03-02 11:26:14.492   921   921 D SurfaceFlinger: Focus addInputWindowCommands timestamp=612368014125345, windowName=b10aef8 com.softnation.Ojam/com.softnation.Ojam.MainActivity
03-02 11:26:14.494   857   857 D android.hardware.lights-service.mediatek: write 285 to /sys/class/leds/lcd-backlight/brightness, result: 0
03-02 11:26:14.494   863   958 I mtkpower@impl: [powerd_req] TIMER_MSG_PERF_LOCK_TIMEOUT hdl:367950
03-02 11:26:14.494   863   958 I libPowerHal: [perfLockRel] hdl:367950, idx:3
03-02 11:26:14.494   863   958 I libPowerHal: [unsetGPUFreq] current min:0, max:0; scn_gpu_min:0, scn_gpu_max:-1; scn_gpu_min(HL):-1, scn_gpu_max(HL):-1
03-02 11:26:14.495   863   958 I libPowerHal: MTKPOWER_HINT_APP_TOUCH: set gpu opp level: 31
03-02 11:26:14.495   863   958 I libPowerHal: MTKPOWER_HINT_APP_TOUCH: set gpu opp level max: 0
03-02 11:26:14.495   863   958 I libPowerHal: [setGPUFreq] Soft min/max = (31, 0); Hard min/max = (31, 0)
03-02 11:26:14.495   863   958 I libPowerHal: [setGPUFreq] final min/max = (31, 0)
03-02 11:26:14.495   863   958 I libPowerHal: MTKPOWER_HINT_APP_TOUCH: set gpu opp level: 31
03-02 11:26:14.495   863   958 I libPowerHal: MTKPOWER_HINT_APP_TOUCH: set gpu opp level max: 0
03-02 11:26:14.495   863   958 I libPowerHal: [PD] MTKPOWER_HINT_APP_TOUCH update cmd:1408100 param:0, pr:6
03-02 11:26:14.497   921  1166 I SurfaceFlinger: onHandleDestroyed: name=Surface(name=5b2ee94 StatusBar#103)/@0xf6cf932 - animation-leash of insets_animation#134308, layerId=134308, parentId=0
03-02 11:26:14.498   921  1587 I SurfaceFlinger: onHandleDestroyed: name=Surface(name=77d8129 NavigationBar0#101614)/@0x3faba4f - animation-leash of insets_animation#134309, layerId=134309, parentId=0
03-02 11:26:14.499  1621  1922 I SmartPower: com.mi.globalminusscreen/10162(11917): background->idle(6010ms) R(remove from whitelist) adj=100.
03-02 11:26:14.501   921  1483 D SurfaceFlinger: updateWinowInfo=1, setFocusedWindow timestamp=612368014125345, windowName=b10aef8 com.softnation.Ojam/com.softnation.Ojam.MainActivity
03-02 11:26:14.502  2363  2363 D NotificationHeaderExpandController: onExpansionChanged: progress =  0.5861159
03-02 11:26:14.503   863   958 I libPowerHal: [PD] MTKPOWER_HINT_APP_TOUCH update cmd:410000 param:0, pr:6
03-02 11:26:14.503   863   958 I libPowerHal: value: 0
03-02 11:26:14.503   863   958 I libPowerHal: [PD] MTKPOWER_HINT_APP_TOUCH update cmd:410000 param:0 pr:6
03-02 11:26:14.504   863   958 I libPowerHal: [perfLockRel] Done for hdl : 367950
03-02 11:26:14.505   857   857 D android.hardware.lights-service.mediatek: write 285 to /sys/class/mi_display/disp-DSI-0/brightness_clone, result: 0
03-02 11:26:14.506  1621  1922 I SmartPower: com.google.android.gms/10147(8942): background->idle(7090ms) R(remove from whitelist) adj=250.
03-02 11:26:14.509   921   921 I BufferQueueDebug: [Surface(name=5b2ee94 StatusBar#103)/@0xf6cf932 - animation-leash of insets_animation#134308](this:0xb400007bcec561a8,id:-1,api:0,p:-1,c:921) onDestructor()
03-02 11:26:14.509   921   921 I BufferQueueDebug: [Surface(name=77d8129 NavigationBar0#101614)/@0x3faba4f - animation-leash of insets_animation#134309](this:0xb400007bcecbf778,id:-1,api:0,p:-1,c:921) onDestructor()
03-02 11:26:14.514  1201  1298 D AALService: [CRTC_114] onALIChanged: 17 -> 20
03-02 11:26:14.522  2363  2363 D NotificationHeaderExpandController: onExpansionChanged: progress =  0.4676877
03-02 11:26:14.540  2363  2363 D NotificationHeaderExpandController: onExpansionChanged: progress =  0.3658614
03-02 11:26:14.541   857   857 D android.hardware.lights-service.mediatek: write 286 to /sys/class/leds/lcd-backlight/brightness, result: 0
03-02 11:26:14.541   857   857 D android.hardware.lights-service.mediatek: write 286 to /sys/class/mi_display/disp-DSI-0/brightness_clone, result: 0
03-02 11:26:14.562  2363  2363 E adTracker: Value notification of type java.lang.String cannot be converted to JSONObject
03-02 11:26:14.569  2363  2363 D NotificationHeaderExpandController: onExpansionChanged: progress =  0.2815605
03-02 11:26:14.571  2363  2363 D NotificationHeaderExpandController: onExpansionChanged: progress =  0.2815605
03-02 11:26:14.574   857   857 D android.hardware.lights-service.mediatek: write 287 to /sys/class/leds/lcd-backlight/brightness, result: 0
03-02 11:26:14.575   857   857 D android.hardware.lights-service.mediatek: write 287 to /sys/class/mi_display/disp-DSI-0/brightness_clone, result: 0
03-02 11:26:14.587  2363  2363 D NotificationHeaderExpandController: onExpansionChanged: progress =  0.21367893
03-02 11:26:14.603  2363  2363 D NotificationHeaderExpandController: onExpansionChanged: progress =  0.16018647
03-02 11:26:14.608   857   857 D android.hardware.lights-service.mediatek: write 288 to /sys/class/leds/lcd-backlight/brightness, result: 0
03-02 11:26:14.608   857   857 D android.hardware.lights-service.mediatek: write 288 to /sys/class/mi_display/disp-DSI-0/brightness_clone, result: 0
03-02 11:26:14.618  2363  2363 D NotificationHeaderExpandController: onExpansionChanged: progress =  0.1187669
03-02 11:26:14.632  2363  2363 D NotificationHeaderExpandController: onExpansionChanged: progress =  0.087167546
03-02 11:26:14.641  2363  2363 D NotificationHeaderExpandController: onExpansionChanged: progress =  0.06336801
03-02 11:26:14.642   857   857 D android.hardware.lights-service.mediatek: write 289 to /sys/class/leds/lcd-backlight/brightness, result: 0
03-02 11:26:14.643   857   857 D android.hardware.lights-service.mediatek: write 289 to /sys/class/mi_display/disp-DSI-0/brightness_clone, result: 0
03-02 11:26:14.658  2363  2363 D NotificationHeaderExpandController: onExpansionChanged: progress =  0.045648094
03-02 11:26:14.674  2363  2363 D NotificationHeaderExpandController: onExpansionChanged: progress =  0.032591578
03-02 11:26:14.675  2363  2363 D NotificationDismissViewController: anim complete false
03-02 11:26:14.691  2363  2363 D NotificationHeaderExpandController: onExpansionChanged: progress =  0.023064839
03-02 11:26:14.691   857   857 D android.hardware.lights-service.mediatek: write 290 to /sys/class/leds/lcd-backlight/brightness, result: 0
03-02 11:26:14.692   857   857 D android.hardware.lights-service.mediatek: write 290 to /sys/class/mi_display/disp-DSI-0/brightness_clone, result: 0
03-02 11:26:14.707  2363  2363 D NotificationHeaderExpandController: onExpansionChanged: progress =  0.016177528
03-02 11:26:14.724  2363  2363 D NotificationHeaderExpandController: onExpansionChanged: progress =  0.011243004
03-02 11:26:14.724   857   857 D android.hardware.lights-service.mediatek: write 291 to /sys/class/leds/lcd-backlight/brightness, result: 0
03-02 11:26:14.725   857   857 D android.hardware.lights-service.mediatek: write 291 to /sys/class/mi_display/disp-DSI-0/brightness_clone, result: 0
03-02 11:26:14.741  2363  2363 D NotificationHeaderExpandController: onExpansionChanged: progress =  0.0077388673
03-02 11:26:14.758   857   857 D android.hardware.lights-service.mediatek: write 292 to /sys/class/leds/lcd-backlight/brightness, result: 0
03-02 11:26:14.758  2363  2363 D NotificationHeaderExpandController: onExpansionChanged: progress =  0.0052723284
03-02 11:26:14.758   857   857 D android.hardware.lights-service.mediatek: write 292 to /sys/class/mi_display/disp-DSI-0/brightness_clone, result: 0
03-02 11:26:14.759  2363  2363 D View    : View setForceSDFT: false
03-02 11:26:14.774  2363  2363 D NotificationHeaderExpandController: onExpansionChanged: progress =  0.0035518585
03-02 11:26:14.791   857   857 D android.hardware.lights-service.mediatek: write 293 to /sys/class/leds/lcd-backlight/brightness, result: 0
03-02 11:26:14.791  2363  2363 D NotificationHeaderExpandController: onExpansionChanged: progress =  0.002363014
03-02 11:26:14.791   857   857 D android.hardware.lights-service.mediatek: write 293 to /sys/class/mi_display/disp-DSI-0/brightness_clone, result: 0
03-02 11:26:14.792  2363  2363 D View    : View setForceSDFT: false
03-02 11:26:14.808  2363  2363 D NotificationHeaderExpandController: onExpansionChanged: progress =  0.0015497222
03-02 11:26:14.809  2363  2363 D View    : View setForceSDFT: false
03-02 11:26:14.824  2363  2363 D NotificationHeaderExpandController: onExpansionChanged: progress =  9.993063E-4
03-02 11:26:14.825  2363  2363 D View    : View setForceSDFT: false
03-02 11:26:14.841  2363  2363 D NotificationHeaderExpandController: onExpansionChanged: progress =  6.3123245E-4
03-02 11:26:14.842   921   921 I BufferQueueProducer: [StatusBar#109](this:0xb400007bcec4ab68,id:-1,api:0,p:-1,c:921) queueBuffer: fps=0.50 dur=2017.01 max=2017.01 min=2017.01
03-02 11:26:14.842  2363  2363 D View    : View setForceSDFT: false
03-02 11:26:14.844   857   857 D android.hardware.lights-service.mediatek: write 294 to /sys/class/leds/lcd-backlight/brightness, result: 0
03-02 11:26:14.848   857   857 D android.hardware.lights-service.mediatek: write 294 to /sys/class/mi_display/disp-DSI-0/brightness_clone, result: 0
03-02 11:26:14.858  2363  2363 D NotificationHeaderExpandController: onExpansionChanged: progress =  0.0
03-02 11:26:14.858  2363  2363 D NotificationPanelExpandController: panelVisible to false
03-02 11:26:14.861  2363  2363 D KeyguardViewMediator: readyForKeyguardDone
03-02 11:26:14.866  1621  1730 D AS.BtHelper: isBluetoothScoOn() mBluetoothHeadset is null: falsemBluetoothHeadsetDevice is null: true
03-02 11:26:14.866  1621  1730 V AS.AudioDeviceBroker: requestedCommunicationDevice: null mAudioModeOwner: AudioModeInfo: mMode=MODE_NORMAL, mPid=0, mUid=0
03-02 11:26:14.867  1621  1730 D AS.BtHelper: isBluetoothScoOn() mBluetoothHeadset is null: falsemBluetoothHeadsetDevice is null: true
03-02 11:26:14.867  2363  2363 D ShadeListBuilder: postBuildList: true->false
03-02 11:26:14.867  2363  2363 D NotificationPanelExpandController: hide false
03-02 11:26:14.867  2363  2363 D NotificationPanelExpandController: expand height changed to 0.0
03-02 11:26:14.867  1621  1730 V AS.AudioDeviceBroker: requestedCommunicationDevice: null mAudioModeOwner: AudioModeInfo: mMode=MODE_NORMAL, mPid=0, mUid=0
03-02 11:26:14.872  1999  1999 D TouchInteractionService: onSystemUiFlagsChanged, mSystemUiStateFlags=10020000
03-02 11:26:14.872  2363  2363 D GestureObserver: update disable state, disabled false, mNotificationPanelExpand false, mControlCenterExpand false, mInPinnedMode false, mKeyguardShowing false
03-02 11:26:14.875   857   857 D android.hardware.lights-service.mediatek: write 295 to /sys/class/leds/lcd-backlight/brightness, result: 0
03-02 11:26:14.876  1621  1730 W ActivityManagerServiceImpl: Sending non-protected broadcast com.android.systemui.fsgesture from system 2363:com.android.systemui/1000 pkg com.android.systemui. Callers=
03-02 11:26:14.876  2363  2363 D NotificationPanelView: vis=false shouleBe=false BarState=0
03-02 11:26:14.877   857   857 D android.hardware.lights-service.mediatek: write 295 to /sys/class/mi_display/disp-DSI-0/brightness_clone, result: 0
03-02 11:26:14.880  1621  1666 I SmartPower: com.miui.home/10166(1999): idle->background(3384ms) R(broadcast start Intent { act=com.android.systemui.fsgesture flg=0x14000010 (has extras) }) adj=100.
03-02 11:26:14.881  1999  1999 W RecentsImpl: mFsgReceiver  mFsgReceiverSender=com.android.systemui
03-02 11:26:14.882  1999 17839 W RecentsImpl: updateFsgWindowVisibilityStateInBgThread, isEnter=false, typeFrom=typefrom_status_bar_expansion, isOpen=false, isKeyguardLocked=false, mIsInAnotherPro=false, isStatusBarExpansion=false
03-02 11:26:14.897  2363  2363 D CollapsedStatusBarFragment: adjustDisableFlags: ShadeExpansionState = 0 mHideIconsForBouncer = false mWereIconsJustHidden = false, mWakeUpCoordinator.getNotificationsFullyHidden = false, mIsExpanded = false, mBypassController.getBypassEnabled = false, mStatusBarStateController.getState() = 0, mKeyguardStateController.isKeyguardGoingAway() = false, mHeadsUpManager.hasPinnedHeadsUp = false, mControlPanelExpand = false
03-02 11:26:14.898  2363  2363 D View    : View setForceSDFT: false
03-02 11:26:14.900  2363  2363 E StackScroller: updateSidePadding: viewWidth is zero
03-02 11:26:14.902  1621  4427 D MiuiRefreshRatePolicy: reset
03-02 11:26:14.904  2363  2363 D NotificationPanelNavigationBar: appearance = 0
03-02 11:26:14.905  1621  4427 W WindowManager: Changing focus from Window{b10aef8 u0 com.softnation.Ojam/com.softnation.Ojam.MainActivity} to Window{f0a2d0 u0 NotificationShade} displayId=0 Callers=com.android.server.wm.RootWindowContainer.updateFocusedWindowLocked:602 com.android.server.wm.WindowManagerService.updateFocusedWindowLocked:7168 com.android.server.wm.WindowManagerService.relayoutWindowInner:3076 com.android.server.wm.WindowManagerService.relayoutWindow:2724 
03-02 11:26:14.905  1621  4427 I whetstone.activity: Power Event callback listener is empty for resId=32
03-02 11:26:14.905  1621  4427 D BatteryStatsManagerStub: notifyEvent for resId=32 used 0ms
03-02 11:26:14.906   921  1166 I BufferQueueDebug: [Surface(name=5b2ee94 StatusBar#103)/@0xf6cf932 - animation-leash of insets_animation#134312](this:0xb400007bcecbf778,id:-1,api:0,p:-1,c:-1) BufferQueue core=(921:/system/bin/surfaceflinger)
03-02 11:26:14.908   857   857 D android.hardware.lights-service.mediatek: write 296 to /sys/class/leds/lcd-backlight/brightness, result: 0
03-02 11:26:14.910   921  1166 I BufferQueueDebug: [Surface(name=77d8129 NavigationBar0#101614)/@0x3faba4f - animation-leash of insets_animation#134313](this:0xb400007bcec561a8,id:-1,api:0,p:-1,c:-1) BufferQueue core=(921:/system/bin/surfaceflinger)
03-02 11:26:14.910  1621  1922 I SmartPower: com.whatsapp/10300(31638): background->idle(3000ms) R(broadcast start Intent { act=android.intent.action.BATTERY_CHANGED flg=0x60000010 (has extras) }) adj=900.
03-02 11:26:14.911   857   857 D android.hardware.lights-service.mediatek: write 296 to /sys/class/mi_display/disp-DSI-0/brightness_clone, result: 0
03-02 11:26:14.912  1621  4427 D WindowManager: wms.Input focus has changed to Window{f0a2d0 u0 NotificationShade} display=0 updateInputWindows = true
03-02 11:26:14.912  1621  4427 I MultiSenceManagerInternalStub: getInstance
03-02 11:26:14.912  1621  1928 I MultiSenceManagerInternalStubImpl: packageName = com.android.systemui
03-02 11:26:14.913  1621  1928 W ContextImpl: Calling a method in the system process without a qualified user: android.app.ContextImpl.sendBroadcast:1260 com.android.server.wm.MultiSenceManagerInternalStubImpl.sendFocusWindowsBroadcast:148 com.android.server.wm.MultiSenceManagerInternalStubImpl$UpdateScreenStatus.run:98 android.os.Handler.handleCallback:959 android.os.Handler.dispatchMessage:100 
03-02 11:26:14.913  2363  2363 D View    : View setForceSDFT: false
03-02 11:26:14.913  1621  1928 W ActivityManagerServiceImpl: Sending non-protected broadcast com.xiaomi.multisence.action.FOCUSED_CHANGE from system 1621:system/1000 pkg android. Callers=com.android.server.am.ActivityManagerService.checkBroadcastFromSystem:16365 com.android.server.am.ActivityManagerService.broadcastIntentLockedTraced:17236 com.android.server.am.ActivityManagerService.broadcastIntentLocked:16425 com.android.server.am.ActivityManagerService.broadcastIntentWithFeature:17459 android.app.ContextImpl.sendBroadcast:1264 
03-02 11:26:14.915  1621  1922 I SmartPower: com.instagram.barcelona/10075(25289): background->idle(3003ms) R(broadcast start Intent { act=android.intent.action.BATTERY_CHANGED flg=0x60000010 (has extras) }) adj=915.
03-02 11:26:14.921  2363  2363 I QS      : setListening false
03-02 11:26:14.921  1621  4427 D MiuiRefreshRatePolicy: reset
03-02 11:26:14.922  2363  2363 D View    : View setForceSDFT: false
03-02 11:26:14.922  2363  2363 D View    : View setForceSDFT: false
03-02 11:26:14.923  2363  2363 D View    : View setForceSDFT: false
03-02 11:26:14.923  1999  1999 D TouchInteractionService: onSystemUiFlagsChanged, mSystemUiStateFlags=10000000
03-02 11:26:14.927  1621  4427 W WindowManager: Changing focus from Window{f0a2d0 u0 NotificationShade} to Window{b10aef8 u0 com.softnation.Ojam/com.softnation.Ojam.MainActivity} displayId=0 Callers=com.android.server.wm.RootWindowContainer.updateFocusedWindowLocked:602 com.android.server.wm.WindowManagerService.updateFocusedWindowLocked:7168 com.android.server.wm.WindowManagerService.relayoutWindowInner:3076 com.android.server.wm.WindowManagerService.relayoutWindow:2724 
03-02 11:26:14.927  1621  4427 I whetstone.activity: Power Event callback listener is empty for resId=32
03-02 11:26:14.927  2363  2363 D QS      : setExpanded false
03-02 11:26:14.927  1621  4427 D BatteryStatsManagerStub: notifyEvent for resId=32 used 0ms
03-02 11:26:14.928  2363  2363 D MiuiShortcut-ShortcutPluginImpl: onSystemUIAction, action: onBottomAreaAlphaChange, newConfig=1.0
03-02 11:26:14.928   921  1166 I BufferQueueDebug: [Surface(name=5b2ee94 StatusBar#103)/@0xf6cf932 - animation-leash of insets_animation#134314](this:0xb400007bcecab888,id:-1,api:0,p:-1,c:-1) BufferQueue core=(921:/system/bin/surfaceflinger)
03-02 11:26:14.929  2363  2363 D NotificationPanelExpandController: hide false
03-02 11:26:14.929  2363  2363 D NotificationPanelExpandController: expand height changed to 0.0
03-02 11:26:14.930   921  1166 I BufferQueueDebug: [Surface(name=77d8129 NavigationBar0#101614)/@0x3faba4f - animation-leash of insets_animation#134315](this:0xb400007bcecdeca8,id:-1,api:0,p:-1,c:-1) BufferQueue core=(921:/system/bin/surfaceflinger)
03-02 11:26:14.933  2363  2363 W WindowOnBackDispatcher: sendCancelIfRunning: isInProgress=false callback=com.android.systemui.back.domain.interactor.BackActionInteractor$callback$2@2d67986
03-02 11:26:14.935  1621  4427 D WindowManager: wms.Input focus has changed to Window{b10aef8 u0 com.softnation.Ojam/com.softnation.Ojam.MainActivity} display=0 updateInputWindows = true
03-02 11:26:14.936  1621  4427 I MultiSenceManagerInternalStub: getInstance
03-02 11:26:14.936  1621  1928 I MultiSenceManagerInternalStubImpl: packageName = com.softnation.Ojam
03-02 11:26:14.937  1621  1928 W ContextImpl: Calling a method in the system process without a qualified user: android.app.ContextImpl.sendBroadcast:1260 com.android.server.wm.MultiSenceManagerInternalStubImpl.sendFocusWindowsBroadcast:148 com.android.server.wm.MultiSenceManagerInternalStubImpl$UpdateScreenStatus.run:98 android.os.Handler.handleCallback:959 android.os.Handler.dispatchMessage:100 
03-02 11:26:14.937  1621  1928 W ActivityManagerServiceImpl: Sending non-protected broadcast com.xiaomi.multisence.action.FOCUSED_CHANGE from system 1621:system/1000 pkg android. Callers=com.android.server.am.ActivityManagerService.checkBroadcastFromSystem:16365 com.android.server.am.ActivityManagerService.broadcastIntentLockedTraced:17236 com.android.server.am.ActivityManagerService.broadcastIntentLocked:16425 com.android.server.am.ActivityManagerService.broadcastIntentWithFeature:17459 android.app.ContextImpl.sendBroadcast:1264 
03-02 11:26:14.938  1621  4427 D CoreBackPreview: Window{f0a2d0 u0 NotificationShade}: Setting back callback null
03-02 11:26:14.939  2363  2363 D KeyguardViewMediator: readyForKeyguardDone
03-02 11:26:14.939  1621  1651 I ActivityTaskManager: visible for Task{6f3448d #37044 type=standard A=10337:com.softnation.Ojam} visible = true isAnimating = false TRANSITION = false PARENTS = false CHILDREN = false
03-02 11:26:14.939  2363  2363 D ControlCenterControllerImpl: disable1: 0 -> 0 (diff1: 0)
03-02 11:26:14.939  2363  2363 D ControlCenterControllerImpl: disable2: 0 -> 0 (diff1: 0)
03-02 11:26:14.939  2363  2363 D ControlCenterControllerImpl: panelEnabled changed from true to true
03-02 11:26:14.939  2363  2363 D CollapsedStatusBarFragment: adjustDisableFlags: ShadeExpansionState = 0 mHideIconsForBouncer = false mWereIconsJustHidden = false, mWakeUpCoordinator.getNotificationsFullyHidden = false, mIsExpanded = false, mBypassController.getBypassEnabled = false, mStatusBarStateController.getState() = 0, mKeyguardStateController.isKeyguardGoingAway() = false, mHeadsUpManager.hasPinnedHeadsUp = false, mControlPanelExpand = false
03-02 11:26:14.939  1621  1651 D SurfaceComposerClient: Transaction::apply InputWindowCommands.focusRequests timestamp=612368465728191, windowName=f0a2d0 NotificationShade
03-02 11:26:14.940  2363  2363 D View    : View setForceSDFT: false
03-02 11:26:14.941  2363  2363 D View    : View setForceSDFT: false
03-02 11:26:14.941  2363  2363 D View    : View setForceSDFT: false
03-02 11:26:14.942   857   857 D android.hardware.lights-service.mediatek: write 297 to /sys/class/leds/lcd-backlight/brightness, result: 0
03-02 11:26:14.942   857   857 D android.hardware.lights-service.mediatek: write 297 to /sys/class/mi_display/disp-DSI-0/brightness_clone, result: 0
03-02 11:26:14.959   921   921 D SurfaceFlinger: Focus addInputWindowCommands timestamp=612368465728191, windowName=f0a2d0 NotificationShade
03-02 11:26:14.960   921   921 I SurfaceFlinger: onHandleDestroyed: name=Surface(name=77d8129 NavigationBar0#101614)/@0x3faba4f - animation-leash of insets_animation#134313, layerId=134313, parentId=0
03-02 11:26:14.960   921   921 I SurfaceFlinger: onHandleDestroyed: name=Surface(name=77d8129 NavigationBar0#101614)/@0x3faba4f - animation-leash of insets_animation#134311, layerId=134311, parentId=0
03-02 11:26:14.960   921   921 I SurfaceFlinger: onHandleDestroyed: name=Surface(name=5b2ee94 StatusBar#103)/@0xf6cf932 - animation-leash of insets_animation#134312, layerId=134312, parentId=0
03-02 11:26:14.964  1621  2655 D MiuiRefreshRatePolicy: reset
03-02 11:26:14.971  2363  2363 D BLASTBufferQueue: [VRI[NotificationShade]#5847](f:0,a:3) destructor()
03-02 11:26:14.971  1621  1651 I ActivityTaskManager: visible for Task{6f3448d #37044 type=standard A=10337:com.softnation.Ojam} visible = true isAnimating = false TRANSITION = false PARENTS = false CHILDREN = false
03-02 11:26:14.971   921  2359 I BpBinder: onLastStrongRef automatically unlinking death recipients: 
03-02 11:26:14.971   921  1483 D SurfaceFlinger: updateWinowInfo=1, setFocusedWindow timestamp=612368465728191, windowName=f0a2d0 NotificationShade
03-02 11:26:14.971  2363  2363 D BufferQueueConsumer: [VRI[NotificationShade]#5847(BLAST Consumer)5847](id:93b00001aec,api:0,p:-1,c:2363) disconnect
03-02 11:26:14.971  1621  1651 D SurfaceComposerClient: Transaction::apply InputWindowCommands.focusRequests timestamp=612368509886960, windowName=b10aef8 com.softnation.Ojam/com.softnation.Ojam.MainActivity
03-02 11:26:14.976   921   921 D SurfaceFlinger: Focus addInputWindowCommands timestamp=612368509886960, windowName=b10aef8 com.softnation.Ojam/com.softnation.Ojam.MainActivity
03-02 11:26:14.976   921   921 I BufferQueueDebug: [Surface(name=77d8129 NavigationBar0#101614)/@0x3faba4f - animation-leash of insets_animation#134313](this:0xb400007bcec561a8,id:-1,api:0,p:-1,c:921) onDestructor()
03-02 11:26:14.976   921   921 I BufferQueueDebug: [Surface(name=5b2ee94 StatusBar#103)/@0xf6cf932 - animation-leash of insets_animation#134312](this:0xb400007bcecbf778,id:-1,api:0,p:-1,c:921) onDestructor()
03-02 11:26:14.976   921   921 I BufferQueueDebug: [Surface(name=77d8129 NavigationBar0#101614)/@0x3faba4f - animation-leash of insets_animation#134311](this:0xb400007bcecd3668,id:-1,api:0,p:-1,c:921) onDestructor()
03-02 11:26:14.977   921   921 I SurfaceFlinger: onHandleDestroyed: name=NotificationShade#134306, layerId=134306, parentId=0
03-02 11:26:14.977   857   857 D android.hardware.lights-service.mediatek: write 298 to /sys/class/leds/lcd-backlight/brightness, result: 0
03-02 11:26:14.977   857   857 D android.hardware.lights-service.mediatek: write 298 to /sys/class/mi_display/disp-DSI-0/brightness_clone, result: 0
03-02 11:26:14.977  1621  1651 I ActivityTaskManager: visible for Task{6f3448d #37044 type=standard A=10337:com.softnation.Ojam} visible = true isAnimating = false TRANSITION = false PARENTS = false CHILDREN = false
03-02 11:26:14.978   921  2359 I SurfaceFlinger: onHandleDestroyed: name=Surface(name=5b2ee94 StatusBar#103)/@0xf6cf932 - animation-leash of insets_animation#134310, layerId=134310, parentId=0
03-02 11:26:14.979  1999  1999 D TouchInteractionService: onSystemUiFlagsChanged, mSystemUiStateFlags=10020000
03-02 11:26:14.981   921   921 I MI-SF   : surfaceflinger setAffinity mode=0
03-02 11:26:14.981   921   921 E MI-SF   : surfaceflinger setAffinity success
03-02 11:26:14.984   921  1483 D SurfaceFlinger: updateWinowInfo=1, setFocusedWindow timestamp=612368509886960, windowName=b10aef8 com.softnation.Ojam/com.softnation.Ojam.MainActivity
03-02 11:26:14.988  2363  2363 D View    : View setForceSDFT: false
03-02 11:26:14.989  2363  2363 D View    : View setForceSDFT: false
03-02 11:26:14.994   861   947 I libPerfCtl: xgfGetFPS pid:921 fps:-1
03-02 11:26:14.994   861   947 I libPerfCtl: xgfGetFPS pid:2363 fps:-1
03-02 11:26:14.994   921   921 I BufferQueueDebug: [Surface(name=5b2ee94 StatusBar#103)/@0xf6cf932 - animation-leash of insets_animation#134310](this:0xb400007bcecc2508,id:-1,api:0,p:-1,c:921) onDestructor()
03-02 11:26:14.994   921   921 I BufferQueueDebug: [NotificationShade#134306](this:0xb400007bcecc8028,id:-1,api:0,p:-1,c:921) onDestructor()
03-02 11:26:15.012   857   857 D android.hardware.lights-service.mediatek: write 299 to /sys/class/leds/lcd-backlight/brightness, result: 0
03-02 11:26:15.012   857   857 D android.hardware.lights-service.mediatek: write 299 to /sys/class/mi_display/disp-DSI-0/brightness_clone, result: 0
03-02 11:26:15.022  2363  2363 D View    : View setForceSDFT: false
03-02 11:26:15.056  2363  2363 D View    : View setForceSDFT: false
03-02 11:26:15.058   857   857 D android.hardware.lights-service.mediatek: write 300 to /sys/class/leds/lcd-backlight/brightness, result: 0
03-02 11:26:15.058   857   857 D android.hardware.lights-service.mediatek: write 300 to /sys/class/mi_display/disp-DSI-0/brightness_clone, result: 0
03-02 11:26:15.061  1621  1729 D ActivityManager: getProcessesInErrorState callingUid=10126, CallingPid=26172
03-02 11:26:15.063  1159  1606 D ULogGuard: Monitoring: 18 threads, 0 requests, 0 time-bombs; 1 guards. ResetFlags = 0x7
03-02 11:26:15.089  2363  2363 D View    : View setForceSDFT: false
03-02 11:26:15.091   857   857 D android.hardware.lights-service.mediatek: write 301 to /sys/class/leds/lcd-backlight/brightness, result: 0
03-02 11:26:15.092   857   857 D android.hardware.lights-service.mediatek: write 301 to /sys/class/mi_display/disp-DSI-0/brightness_clone, result: 0
03-02 11:26:15.126   857   857 D android.hardware.lights-service.mediatek: write 302 to /sys/class/leds/lcd-backlight/brightness, result: 0
03-02 11:26:15.126   857   857 D android.hardware.lights-service.mediatek: write 302 to /sys/class/mi_display/disp-DSI-0/brightness_clone, result: 0
03-02 11:26:15.159   857   857 D android.hardware.lights-service.mediatek: write 303 to /sys/class/leds/lcd-backlight/brightness, result: 0
03-02 11:26:15.159   857   857 D android.hardware.lights-service.mediatek: write 303 to /sys/class/mi_display/disp-DSI-0/brightness_clone, result: 0
03-02 11:26:15.174 23315 30979 D ProfileInstaller: Installing profile for com.softnation.Ojam
03-02 11:26:15.191   857   857 D android.hardware.lights-service.mediatek: write 304 to /sys/class/leds/lcd-backlight/brightness, result: 0
03-02 11:26:15.192   857   857 D android.hardware.lights-service.mediatek: write 304 to /sys/class/mi_display/disp-DSI-0/brightness_clone, result: 0
03-02 11:26:15.224   857   857 D android.hardware.lights-service.mediatek: write 305 to /sys/class/leds/lcd-backlight/brightness, result: 0
03-02 11:26:15.225   857   857 D android.hardware.lights-service.mediatek: write 305 to /sys/class/mi_display/disp-DSI-0/brightness_clone, result: 0
03-02 11:26:15.258   857   857 D android.hardware.lights-service.mediatek: write 306 to /sys/class/leds/lcd-backlight/brightness, result: 0
03-02 11:26:15.258   857   857 D android.hardware.lights-service.mediatek: write 306 to /sys/class/mi_display/disp-DSI-0/brightness_clone, result: 0
03-02 11:26:15.293   857   857 D android.hardware.lights-service.mediatek: write 307 to /sys/class/leds/lcd-backlight/brightness, result: 0
03-02 11:26:15.294   857   857 D android.hardware.lights-service.mediatek: write 307 to /sys/class/mi_display/disp-DSI-0/brightness_clone, result: 0
03-02 11:26:15.313  1201  1298 D AALService: [CRTC_114] onALIChanged: 20 -> 17
03-02 11:26:15.325   857   857 D android.hardware.lights-service.mediatek: write 308 to /sys/class/leds/lcd-backlight/brightness, result: 0
03-02 11:26:15.325   857   857 D android.hardware.lights-service.mediatek: write 308 to /sys/class/mi_display/disp-DSI-0/brightness_clone, result: 0
03-02 11:26:15.375   857   857 D android.hardware.lights-service.mediatek: write 309 to /sys/class/leds/lcd-backlight/brightness, result: 0
03-02 11:26:15.376   857   857 D android.hardware.lights-service.mediatek: write 309 to /sys/class/mi_display/disp-DSI-0/brightness_clone, result: 0
03-02 11:26:15.409   857   857 D android.hardware.lights-service.mediatek: write 310 to /sys/class/leds/lcd-backlight/brightness, result: 0
03-02 11:26:15.409   857   857 D android.hardware.lights-service.mediatek: write 310 to /sys/class/mi_display/disp-DSI-0/brightness_clone, result: 0
03-02 11:26:15.431 25839 26071 W RealtimeClientManager: Channel state: MqttChannelState{mConnectionState=CONNECTING, mDisconnectionReason=null, mLastConnectionMs=1029952155, mLastDisconnectMs=1030133846}
03-02 11:26:15.442   857   857 D android.hardware.lights-service.mediatek: write 311 to /sys/class/leds/lcd-backlight/brightness, result: 0
