--------- beginning of system
03-02 11:26:06.703  1621  1666 I SmartPower: com.whatsapp/10300(31638): idle->background(2014ms) R(broadcast start Intent { act=android.intent.action.BATTERY_CHANGED flg=0x60000010 (has extras) }) adj=900.
03-02 11:26:06.706  1621  1666 I SmartPower: com.instagram.barcelona/10075(25289): idle->background(2017ms) R(broadcast start Intent { act=android.intent.action.BATTERY_CHANGED flg=0x60000010 (has extras) }) adj=925.
--------- beginning of main
03-02 11:26:06.759   921   921 I MI-SF   : surfaceflinger setAffinity mode=0
03-02 11:26:06.759   921   921 E MI-SF   : surfaceflinger setAffinity success
03-02 11:26:06.823  1621  4238 I ActivityManager: Force stopping com.softnation.Ojam appid=10337 user=0: from process:30790
03-02 11:26:06.828  1621  4238 I ATMSImpl: cacheTasksForDefaultDisplay size=5
03-02 11:26:06.829  1621  1907 E ProcessManager: error write exception log
03-02 11:26:06.830  1621  4763 D AS.BtHelper: isBluetoothScoOn() mBluetoothHeadset is null: falsemBluetoothHeadsetDevice is null: true
03-02 11:26:06.830  1621  4763 V AS.AudioDeviceBroker: requestedCommunicationDevice: null mAudioModeOwner: AudioModeInfo: mMode=MODE_NORMAL, mPid=0, mUid=0
03-02 11:26:06.831  1621  4763 D AS.BtHelper: isBluetoothScoOn() mBluetoothHeadset is null: falsemBluetoothHeadsetDevice is null: true
03-02 11:26:06.831  1621  4763 V AS.AudioDeviceBroker: requestedCommunicationDevice: null mAudioModeOwner: AudioModeInfo: mMode=MODE_NORMAL, mPid=0, mUid=0
03-02 11:26:06.833  1621  4238 I ActivityManager: Killing 21243:com.softnation.Ojam/u0a337 (adj 0): stop com.softnation.Ojam due to from process:30790
03-02 11:26:06.833  6515  6798 D UidObserver: onUidGone entry uid = 10337
03-02 11:26:06.833   853   853 I Accelerometer: batch: handle:0, flag:0,samplingPeriodNs:30000000 maxBatchReportLatencyNs:500000000

03-02 11:26:06.837  1621  1842 I MiuiNetworkPolicy: removeUidState uid = 10337
03-02 11:26:06.837  1621  1638 D DisplayManagerService: Drop pending events for gone uid 10337
03-02 11:26:06.837  1124 14457 I ResourceManagerMetrics: pushConcurrentUsageReport: No Video Codec Entry for Application[pid(21243): uid(10337)]
03-02 11:26:06.837  1124 14457 I ResourceManagerMetrics: pushConcurrentUsageReport: Concurrent Codec Usage Report for the Process[pid(21243): uid(10337)] is Peak { AudioDec[ SW: 1 ] } Peak Pixels: 0
03-02 11:26:06.837  1621  1648 D MediaProjectionManagerServiceStubImpl: handleForegroundServicesChanged
03-02 11:26:06.837  1621  4238 I ActivityManager: Cancel FGS notification userId: 0 definingUid: 10337 packageName: com.softnation.Ojam processName:com.softnation.Ojam ChannelId:default_channel_id foregroundNotiWhen:1772447160778 Notiflags:104
03-02 11:26:06.838  6027 30298 I MIUISafety-Monitor: onUid 10337 gone
03-02 11:26:06.838  1621  1856 D InetDiagMessage: Destroyed 0 sockets, proto=IPPROTO_TCP, family=AF_INET, states=14
03-02 11:26:06.841  1621  1856 D InetDiagMessage: Destroyed 1 sockets, proto=IPPROTO_TCP, family=AF_INET6, states=14
03-02 11:26:06.841  1621  1856 D InetDiagMessage: Destroyed live tcp sockets for uids={10337} in 7ms
03-02 11:26:06.843  1621  4238 I ScnModule: [GameDetection] packname: com.softnation.Ojam, apkSize: 113045479. 
03-02 11:26:06.843  1621  4238 I mtkpower_client: [PowerHal_Wrap_notifyAppState] com.softnation.Ojam/com.softnation.Ojam pid=21243 activityId:21243 state:3
03-02 11:26:06.844   861   861 I vendor.mediatek.hardware.mtkpower_applist-service.mediatek: packName: com.softnation.Ojam actName: com.softnation.Ojam pid: 21243 activityId: 21243 uid: 10337 state: 3
03-02 11:26:06.844  1621  1856 D InetDiagMessage: Destroyed 0 sockets, proto=IPPROTO_TCP, family=AF_INET, states=14
03-02 11:26:06.844   861   861 I MTK_APPList: [notifyAPPstate] com.softnation.Ojam/com.softnation.Ojam, pid=21243, activityId=21243, uid=10337, state:DEAD, fps:-1, win:1
03-02 11:26:06.844   861   861 I MTK_APPList: [notifyAPPstate] multi_resumed_app_count: 1
03-02 11:26:06.844   861   861 I MTK_APPList: [notifyAPPstate] multi_resumed_app_info[0] com.android.systemui/com.android.systemui._190038181, pid:2363, activityId:-1, fps:-1, isMultiWindow:0
03-02 11:26:06.844   861   861 I MTK_APPList: [getForegroundAPPCount] 1
03-02 11:26:06.844   861   861 I MTK_APPList: [notifyAPPstate] pack:com.softnation.Ojam, pid:21243, STATE_DEAD
03-02 11:26:06.844   861   861 I MTK_APPList: [notifyNetdUID] 10337
03-02 11:26:06.845  1621  4238 W ActivityTaskManager: Force removing ActivityRecord{320a260 u0 com.softnation.Ojam/.MainActivity t37039 f}}: app died, no saved state
03-02 11:26:06.846  1621  4238 D WindowManager: Collecting in transition 10178: Task{eac6fde #37039 type=standard A=10337:com.softnation.Ojam} init visibleRequested:true
03-02 11:26:06.846   861   861 I MTK_APPList: [notifyPID] 21243
03-02 11:26:06.846  1621  1856 D InetDiagMessage: Destroyed 0 sockets, proto=IPPROTO_TCP, family=AF_INET6, states=14
03-02 11:26:06.846  1621  1856 D InetDiagMessage: Destroyed live tcp sockets for uids={20337} in 5ms
03-02 11:26:06.847   863   958 I libPowerHal: [perfSetSysInfo] pid type:24, 21243
03-02 11:26:06.849  2363  2477 I SoScStageCoordinator: Transition requested:TransitionRequestInfo { type = CLOSE, triggerTask = TaskInfo{userId=0 taskId=37039 displayId=0 isRunning=false baseIntent=Intent { flg=0x10000000 cmp=com.softnation.Ojam/.MainActivity } baseActivity=null topActivity=null origActivity=null realActivity=ComponentInfo{com.softnation.Ojam/com.softnation.Ojam.MainActivity} numActivities=0 lastActiveTime=1030068137 supportsSplitScreenMultiWindow=true supportsMultiWindow=true resizeMode=1 isResizeable=true minWidth=-1 minHeight=-1 defaultMinSize=200 token=WCT{android.window.IWindowContainerToken$Stub$Proxy@5e66e67} topActivityType=1 pictureInPictureParams=null shouldDockBigOverlays=false launchIntoPipHostTaskId=-1 lastParentTaskIdBeforePip=-1 displayCutoutSafeInsets=null topActivityInfo=null launchCookies=[] positionInParent=Point(0, 0) parentTaskId=-1 isFocused=true isVisible=true isVisibleRequested=true isSleeping=false locusId=null displayAreaFeatureId=1 isTopActivityTransparent=false appCompatTaskInfo=AppCompatTaskInfo { topActivityInSizeCompat=false topActivityEligibleForLetterboxEducation= falseisLetterboxEducationEnabled= false isLetterboxDoubleTapEnabled= false topActivityEligibleForUserAspectRatioButton= false topActivityBoundsLetterboxed= false isFromLetterboxDoubleTap= false topActivityLetterboxVerticalPosition= -1 topActivityLetterboxHorizontalPosition= -1 topActivityLetterboxWidth=-1 topActivityLetterboxHeight=-1 isUserFullscreenOverrideEnabled=false isSystemFullscreenOverrideEnabled=false cameraCompatTaskInfo=CameraCompatTaskInfo { cameraCompatControlState=hidden freeformCameraCompatMode=inactive}} isImmersive=false mTopActivityRequestOrientation=-2 mBehindAppLockPkg=null mOriginatingUid=0 isEmbedded=false shouldBeVisible=false mIsCastMode=false mTopActivityMediaSize=null mTopActivityRecordName=null mTopActivityOrientation=-2}, pipTask = null, remoteTransition = null, displayChange = null, flags = 0, debugId = 10178 } isSoScActive:false triggerTask:TaskInfo{userId=0 taskId=37039 displayId=0 isRunning=false baseIntent=Intent { flg=0x10000000 cmp=com.softnation.Ojam/.MainActivity } baseActivity=null topActivity=null origActivity=null realActivity=ComponentInfo{com.softnation.Ojam/com.softnation.Ojam.MainActivity} numActivities=0 lastActiveTime=1030068137 supportsSplitScreenMultiWindow=true supportsMultiWindow=true resizeMode=1 isResizeable=true minWidth=-1 minHeight=-1 defaultMinSize=200 token=WCT{android.window.IWindowContainerToken$Stub$Proxy@5e66e67} topActivityType=1 pictureInPictureParams=null shouldDockBigOverlays=false launchIntoPipHostTaskId=-1 lastParentTaskIdBeforePip=-1 displayCutoutSafeInsets=null topActivityInfo=null launchCookies=[] positionInParent=Point(0, 0) parentTaskId=-1 isFocused=true isVisible=true isVisibleRequested=true isSleeping=false locusId=null displayAreaFeatureId=1 isTopActivityTransparent=false appCompatTaskInfo=AppCompatTaskInfo { topActivityInSizeCompat=false topActivityEligibleForLetterboxEducation= falseisLetterboxEducationEnabled= false isLetterboxDoubleTapEnabled= false topActivityEligibleForUserAspectRatioButton= false topActivityBoundsLetterboxed= false isFromLetterboxDoubleTap= false topActivityLetterboxVerticalPosition= -1 topActivityLetterboxHorizontalPosition= -1 topActivityLetterboxWidth=-1 topActivityLetterboxHeight=-1 isUserFullscreenOverrideEnabled=false isSystemFullscreenOverrideEnabled=false cameraCompatTaskInfo=CameraCompatTaskInfo { cameraCompatControlState=hidden freeformCameraCompatMode=inactive}} isImmersive=false mTopActivityRequestOrientation=-2 mBehindAppLockPkg=null mOriginatingUid=0 isEmbedded=false shouldBeVisible=false mIsCastMode=false mTopActivityMediaSize=null mTopActivityRecordName=null mTopActivityOrientation=-2}
03-02 11:26:06.854  1621  4238 D WindowManager: Collecting in transition 10178: ActivityRecord{320a260 u0 com.softnation.Ojam/.MainActivity t37039 f}} init visibleRequested:false
03-02 11:26:06.866  1621  4238 W WindowManager: Changing focus from Window{ff248a5 u0 com.softnation.Ojam/com.softnation.Ojam.MainActivity} to null displayId=0 Callers=com.android.server.wm.RootWindowContainer.updateFocusedWindowLocked:602 com.android.server.wm.WindowManagerService.updateFocusedWindowLocked:7168 com.android.server.wm.ActivityRecord.onRemovedFromDisplay:5446 com.android.server.wm.DisplayContent.removeAppToken:1789 
03-02 11:26:06.867  1621  4238 D WindowManager: wms.Input focus has changed to null display=0 updateInputWindows = true
03-02 11:26:06.867  1621  4238 I MultiSenceManagerInternalStub: getInstance
03-02 11:26:06.868  1621  4238 D PerfMTKStubImpl: perfLockAcquire
03-02 11:26:06.868  1621  4238 I mtkpower_client: perf_lock_acq, hdl:367783, dur:400, num:10, pid:1621, tid:4238
03-02 11:26:06.870  1621  4238 I mtkpower_client: ret_hdl:367937
03-02 11:26:06.870  1621  4238 I PowerHalWrapper: <amsBoostResume> last:null, next:com.google.android.googlequicksearchboxhasATProcess:true 
03-02 11:26:06.871   863   958 I libPowerHal: [perfLockAcq] idx:1 hdl:367937 hint:-1 pid:1621 tid:4238 duration:400 lock_user:system_server => ret_hdl:367937
03-02 11:26:06.871   863   958 I libPowerHal: [setGPUFreq] system_server user set gpu freq min:0, max:-1
03-02 11:26:06.871   863   958 I libPowerHal: system_server: set gpu opp level: 0
03-02 11:26:06.871  1621  4238 D WindowManager: Collecting in transition 10178: ActivityRecord{6d71709 u0 com.google.android.googlequicksearchbox/com.google.android.apps.search.assistant.surfaces.voice.robin.ui.floaty.activity.FloatyActivity t37027} init visibleRequested:false
03-02 11:26:06.871   863   958 I libPowerHal: system_server: set gpu opp level max: 0
03-02 11:26:06.872   863   958 I libPowerHal: [setGPUFreq] Soft min/max = (0, 0); Hard min/max = (31, 0)
03-02 11:26:06.872   863   958 I libPowerHal: [setGPUFreq] final min/max = (0, 0)
03-02 11:26:06.872   863   958 I libPowerHal: system_server: set gpu opp level: 0
03-02 11:26:06.872   863   958 I libPowerHal: system_server: set gpu opp level max: 0
03-02 11:26:06.872   863   958 I libPowerHal: [PE] system_server update cmd:400000 param:3000000 pr:3
03-02 11:26:06.873   863   958 I libPowerHal: [PE] system_server update cmd:400100 param:3000000 pr:3
03-02 11:26:06.873   863   958 I libPowerHal: [PE] system_server update cmd:400200 param:3000000 pr:3
03-02 11:26:06.873   863   958 I libPowerHal: [setDvfsrcDevFreqOpp] opp:0, freq:3600000000
03-02 11:26:06.873   863   958 I libPowerHal: [PE] system_server update cmd:1000000 param:0 pr:3
03-02 11:26:06.873  1621  4238 I PowerHalWrapper: amsBoostNotify pid:13966,activity:com.google.android.apps.search.assistant.surfaces.voice.robin.ui.floaty.activity.FloatyActivity, package:com.google.android.googlequicksearchbox, mProcessCreatePackcom.softnation.Ojam 
03-02 11:26:06.873   863   958 I libPowerHal: [recordCPUFreqInfo] set cluster[0] min(system_server): 1800000 max(-1): -1 cluster[1] min(system_server): 2000000 max(-1): -1
03-02 11:26:06.873  1621  4238 I PowerHalWrapper: state: 1 
03-02 11:26:06.873   863   958 I libPowerHal: [perfLockAcq] Done for hdl : 367937
03-02 11:26:06.875   863   958 I libPowerHal: [perfLockAcq] idx:2 hdl:367938 hint:22 pid:863 tid:863 duration:10000 lock_user:vendor.mediatek => ret_hdl:367938
03-02 11:26:06.875  1621  4238 I mtkpower_client: [PowerHal_Wrap_notifyAppState] com.google.android.googlequicksearchbox/com.google.android.apps.search.assistant.surfaces.voice.robin.ui.floaty.activity.FloatyActivity pid=13966 activityId:114759433 state:1
03-02 11:26:06.876   861   861 I vendor.mediatek.hardware.mtkpower_applist-service.mediatek: packName: com.google.android.googlequicksearchbox actName: com.google.android.apps.search.assistant.surfaces.voice.robin.ui.floaty.activity.FloatyActivity pid: 13966 activityId: 114759433 uid: 10165 state: 1
03-02 11:26:06.876   863   958 I libPowerHal: [PE] MTKPOWER_HINT_PACK_SWITCH update cmd:1408300, param:100, pr:3
03-02 11:26:06.876   861   861 I MTK_APPList: [notifyAPPstate] com.google.android.googlequicksearchbox/com.google.android.apps.search.assistant.surfaces.voice.robin.ui.floaty.activity.FloatyActivity, pid=13966, activityId=114759433, uid=10165, state:RESUMED, fps:-1, win:0
03-02 11:26:06.876   861   861 I MTK_APPList: [notifyAPPstate] multi_resumed_app_count: 2
03-02 11:26:06.876   861   861 I MTK_APPList: [notifyAPPstate] multi_resumed_app_info[0] com.android.systemui/com.android.systemui._190038181, pid:2363, activityId:-1, fps:-1, isMultiWindow:0
03-02 11:26:06.876   861   861 I MTK_APPList: [notifyAPPstate] multi_resumed_app_info[1] com.google.android.googlequicksearchbox/com.google.android.apps.search.assistant.surfaces.voice.robin.ui.floaty.activity.FloatyActivity, pid:13966, activityId:114759433, fps:-1, isMultiWindow:0
03-02 11:26:06.876   861   861 I MTK_APPList: [getForegroundAPPCount] 2
03-02 11:26:06.876   861   861 I MTK_APPList: [notifyAPPstate] foreground:com.google.android.googlequicksearchbox, pid:13966, activityId:114759433, uid:10165
03-02 11:26:06.876   861   861 I MTK_APPList: [notifyNetdUID] 10165
03-02 11:26:06.877   863   958 I libPowerHal: [set_kswapd_affinity] set affinity = 16129
03-02 11:26:06.877   863   958 I libPowerHal: [PE] MTKPOWER_HINT_PACK_SWITCH update ONESHOT(set) cmd:10000700 param:16129 pr:3
03-02 11:26:06.877   863   958 I libPowerHal: [perfLockAcq] Done for hdl : 367938
03-02 11:26:06.877  1621  4238 I PowerHalWrapper: amsBoostNotify AMS_BOOST_PROCESS_CREATE_BOOST:false 
03-02 11:26:06.877  1621  1621 D MBrainLocalService: isVendorFreezeConditionPass is false
03-02 11:26:06.877  1621  1621 E MBrainLocalService: notifyAppSwitch failed
03-02 11:26:06.877   863   958 I libPowerHal: [perfLockRel] hdl:367785, idx:-1
03-02 11:26:06.877  1621  4238 D WindowManager: Collecting in transition 10178: ActivityRecord{9880759 u0 com.miui.home/.launcher.Launcher t2} init visibleRequested:false
03-02 11:26:06.878   861   861 I MTK_APPList: [notifyPID] 13966
03-02 11:26:06.878   863   958 I libPowerHal: [perfSetSysInfo] pid type:24, 13966
03-02 11:26:06.878 27281 27281 D VRI[LauncherMinusOneScreen]: visibilityChanged oldVisibility=false newVisibility=true
03-02 11:26:06.879   861   861 I MTK_APPList: [notifyAPPstate] pc:0, com.softnation.Ojam => com.google.android.googlequicksearchbox
03-02 11:26:06.878 11917 11917 D VRI[globalminusscreen]: visibilityChanged oldVisibility=false newVisibility=true
03-02 11:26:06.880  1621  4238 I SmartPower: com.google.android.googlequicksearchbox:search/10165(13966): idle->invisible(120667ms) R(become foreground) adj=700.
03-02 11:26:06.880  1621  4238 I SmartPower: com.google.android.googlequicksearchbox:googleapp/10165(27281): idle->invisible(118665ms) R(become foreground) adj=800.
03-02 11:26:06.880  1621  4238 I SmartPower: com.google.android.googlequicksearchbox:interactor/10165(5969): background->invisible(123670ms) R(become foreground) adj=100.
03-02 11:26:06.892  1621  4238 D MiuiRefreshRatePolicy: reset
03-02 11:26:06.895  1621  4754 D WindowManager: Set transition=TransitionRecord{e451c6e id=10178 type=CLOSE flags=0x0}, ready=true, SyncId=10178 
03-02 11:26:06.895 13966  4111 D AppScoutStateMachine: 13966-ScoutStateMachinecreated
03-02 11:26:06.896  2363  2477 I MultiTaskingTaskRepository: no MULTI_WINDOW, but base activity is null
03-02 11:26:06.896  1621  1651 I ActivityTaskManager: visible for Task{eac6fde #37039 type=standard A=10337:com.softnation.Ojam} visible = true isAnimating = false TRANSITION = false PARENTS = false CHILDREN = false
03-02 11:26:06.896  2363  2477 D MiuiFreeformModeCornerTipHandler: task#37027 onTaskVanished
03-02 11:26:06.896  2363  2477 I MiuiBubbleController: removeBubble: 37027 reason=2
03-02 11:26:06.897  2363  2477 I MultiTaskingTaskInfo: before call clearMaskControl task id = 37027, CoverLayerController = null, callers=com.android.wm.shell.multitasking.taskmanager.MultiTaskingTaskListener.onTaskInfoChanged:268 com.android.wm.shell.ShellTaskOrganizer.onTaskInfoChanged:145 android.window.TaskOrganizer$1.lambda$onTaskInfoChanged$7:322 android.window.TaskOrganizer$1.$r8$lambda$WEHIPeFifg1My6LbK9dElRxchX4:0 android.window.TaskOrganizer$1$$ExternalSyntheticLambda7.run:0 
03-02 11:26:06.897  2363  2477 I MultiTaskingTaskRepository: onTaskInfoChanged multi list = [5, 4], full = [37039, 37027, 37019, 36980]
03-02 11:26:06.897  1621  1648 D Aurogon :  uid = 10166 switch to FG
03-02 11:26:06.898  2363  2477 D MiuiFreeformModeController: onFocusTaskChanged taskInfo: TaskInfo{userId=0 taskId=37027 displayId=0 isRunning=true baseIntent=Intent { flg=0x14850000 pkg=com.google.android.googlequicksearchbox cmp=com.google.android.googlequicksearchbox/com.google.android.apps.search.assistant.surfaces.voice.robin.ui.floaty.activity.FloatyActivity } baseActivity=ComponentInfo{com.google.android.googlequicksearchbox/com.google.android.apps.search.assistant.surfaces.voice.robin.ui.floaty.activity.FloatyActivity} topActivity=ComponentInfo{com.google.android.googlequicksearchbox/com.google.android.apps.search.assistant.surfaces.voice.robin.ui.floaty.activity.FloatyActivity} origActivity=null realActivity=ComponentInfo{com.google.android.googlequicksearchbox/com.google.android.apps.search.assistant.surfaces.voice.robin.ui.floaty.activity.FloatyActivity} numActivities=1 lastActiveTime=1030126292 supportsSplitScreenMultiWindow=true supportsMultiWindow=true resizeMode=2 isResizeable=true minWidth=-1 minHeight=-1 defaultMinSize=200 token=WCT{android.window.IWindowContainerToken$Stub$Proxy@36a9414} topActivityType=1 pictureInPictureParams=null shouldDockBigOverlays=false launchIntoPipHostTaskId=-1 lastParentTaskIdBeforePip=-1 displayCutoutSafeInsets=null topActivityInfo=ActivityInfo{8f754bd com.google.android.apps.search.assistant.surfaces.voice.robin.ui.floaty.activity.FloatyActivity} launchCookies=[] positionInParent=Point(0, 0) parentTaskId=-1 isFocused=true isVisible=false isVisibleRequested=true isSleeping=false locusId=null displayAreaFeatureId=1 isTopActivityTransparent=true appCompatTaskInfo=AppCompatTaskInfo { topActivityInSizeCompat=false topActivityEligibleForLetterboxEducation= falseisLetterboxEducationEnabled= false isLetterboxDoubleTapEnabled= false topActivityEligibleForUserAspectRatioButton= false topActivityBoundsLetterboxed= false isFromLetterboxDoubleTap= false topActivityLetterboxVerticalPosition= -1 topActivityLetterboxHorizontalPosition= -1 topActivityLetterboxWidth=1080 topActivityLetterboxHeight=2460 isUserFullscreenOverrideEnabled=false isSystemFullscreenOverrideEnabled=false cameraCompatTaskInfo=CameraCompatTaskInfo { cameraCompatControlState=hidden freeformCameraCompatMode=inactive}} isImmersive=false mTopActivityRequestOrientation=-2 mBehindAppLockPkg=null mOriginatingUid=0 isEmbedded=false shouldBeVisible=true mIsCastMode=false mTopActivityMediaSize=null mTopActivityRecordName=ActivityRecord{6d71709 u0 com.google.android.googlequicksearchbox/com.google.android.apps.search.assistant.surfaces.voice.robin.ui.floaty.activity.FloatyActivity t37027} mTopActivityOrientation=-1}
03-02 11:26:06.898  1621  1651 D MiuiRefreshRatePolicy: reset
03-02 11:26:06.899  1621  1651 I BLASTSyncEngine: SyncGroup 10178:  Unfinished container:ActivityRecord{9880759 u0 com.miui.home/.launcher.Launcher t2}
03-02 11:26:06.899  1621  1651 I BLASTSyncEngine: isActivitySyncFinished isSyncFinished false ActivityRecord{9880759 u0 com.miui.home/.launcher.Launcher t2}
03-02 11:26:06.900  1621  2655 I SmartPower: com.mi.globalminusscreen/10162(11917): idle->visible(43917ms) R(become visible) adj=100.
03-02 11:26:06.900  2363  2477 D OneHandedController: stopOneHanded state is 0
03-02 11:26:06.900  2363  2363 I FocusedNotifPromptContr: onTopActivityMayChanged: isSupportPip false, isFocus false
03-02 11:26:06.900  2363  2363 I FocusedNotifPromptContr: onTopActivityMayChanged: topActivity=com.google.android.googlequicksearchbox
03-02 11:26:06.900  2363  2363 I PromptViewAnimState: topActivityMayChanged: topActivity=com.softnation.Ojam --> com.google.android.googlequicksearchbox
03-02 11:26:06.900  2363  2363 D KeyguardEditorHelper: onTopActivityMayChanged, topActivity=ComponentInfo{com.google.android.googlequicksearchbox/com.google.android.apps.search.assistant.surfaces.voice.robin.ui.floaty.activity.FloatyActivity}; mState=IDEL
03-02 11:26:06.901  1621  1650 D ActivityManager: mediaResourceManagerBinder get success
03-02 11:26:06.901  1124 14457 D ResourceManagerServiceNew: update package name: com.google.android.googlequicksearchbox
03-02 11:26:06.901  1999 29002 D EventBus: No subscribers registered for event class com.miui.home.recents.messages.RecentTasksChangedEvent
03-02 11:26:06.901  1999 29002 D EventBus: No subscribers registered for event class org.greenrobot.eventbus.NoSubscriberEvent
03-02 11:26:06.901  1999  2684 D RecentsModel: onTaskStackChangedBackground    MSG_TASK_STACK_CHANGE
03-02 11:26:06.901   921  1170 I BufferQueueDebug: [LauncherOverlayWindow:com.mi.globalminusscreen#134281](this:0xb400007bcecb6ec8,id:-1,api:0,p:-1,c:-1) BufferQueue core=(921:/system/bin/surfaceflinger)
03-02 11:26:06.902  1999  2684 D RecentsModel: boostTaskStackChangedThread once, tid=2684, recentResourceLoaderTid=2525
03-02 11:26:06.902  1999  2684 W MiBridge: Permission not granted !!
03-02 11:26:06.902  1999  2684 D Launcher.Boost: setDynamicVIPTaskIfNeeded::tid = 2684 duration = 500
03-02 11:26:06.902  1124 14457 D ResourceManagerServiceNew: packageName: com.google.android.googlequicksearchbox, uid : 10165, hashCode : 23530812
03-02 11:26:06.902  1124 14457 D ResourceManagerServiceNew: ResourceManagerService::setCodecsVppModeWithLock
03-02 11:26:06.903  1124 14457 D ResourceManagerServiceNew: all codecs setVppMode return fail
03-02 11:26:06.905  1621  2655 D MiuiRefreshRatePolicy: reset
03-02 11:26:06.906  1621  2655 I BLASTSyncEngine: SyncGroup 10178:  Unfinished container:ActivityRecord{9880759 u0 com.miui.home/.launcher.Launcher t2}
03-02 11:26:06.906  1621  2655 I BLASTSyncEngine: isActivitySyncFinished isSyncFinished false ActivityRecord{9880759 u0 com.miui.home/.launcher.Launcher t2}
03-02 11:26:06.907  1621  2655 I WindowManager: Relayout Window{ff9cdea u0 LauncherOverlayWindow:com.mi.globalminusscreen}: oldVis=8 newVis=0 focusMayChange = true requestedWidth = 1080 requestedHeight = 2460 outFrames = ClientWindowFrames{frame=[0,0][1080,2460] display=[0,0][1080,2460] parentFrame=[0,0][0,0]} outSurfaceControl = Surface(name=LauncherOverlayWindow:com.mi.globalminusscreen#134281)/@0xaa917a
03-02 11:26:06.907  1999  1999 D Launcher.Lifecycle: onStart:UserHandle{0},c143874,false
03-02 11:26:06.909  1621  4754 I ATMSImpl: cacheTasksForDefaultDisplay size=4
03-02 11:26:06.909 11917 11917 D BufferQueueConsumer: [](id:2e8d0000002c,api:0,p:-1,c:11917) connect: controlledByApp=false
03-02 11:26:06.909   921   921 I BpBinder: onLastStrongRef automatically unlinking death recipients: 
03-02 11:26:06.910 11917 11917 D BLASTBufferQueue: [VRI[globalminusscreen]#44](f:0,a:0) constructor()
03-02 11:26:06.910 11917 11917 D BLASTBufferQueue: [VRI[globalminusscreen]#44](f:0,a:0) update width=1080 height=2460 format=-2 mTransformHint=0
03-02 11:26:06.910  1621  1648 D Aurogon :  uid = 10165 switch to FG
03-02 11:26:06.911  1621  1730 I SmartPower: com.google.android.googlequicksearchbox:googleapp/10165(27281): invisible->visible(30ms) R(become visible) adj=800.
03-02 11:26:06.912   921  1170 I BufferQueueDebug: [LauncherMinusOneScreen#134282](this:0xb400007bceca8af8,id:-1,api:0,p:-1,c:-1) BufferQueue core=(921:/system/bin/surfaceflinger)
03-02 11:26:06.914 11917 11917 D VRI[globalminusscreen]: vri.reportNextDraw android.view.ViewRootImpl.performTraversals:4984 android.view.ViewRootImpl.doTraversal:3564 android.view.ViewRootImpl$TraversalRunnable.run:11781 android.view.Choreographer$CallbackRecord.run:1804 android.view.Choreographer$CallbackRecord.run:1813 
03-02 11:26:06.914 11917 11917 D VRI[globalminusscreen]: Setup new sync=wmsSync-VRI[globalminusscreen]#88
03-02 11:26:06.918  1621  4238 W ProcessStats: Tracking association SourceState{ef0c327 com.mi.globalminusscreen/10162 BTop #1377620} whose proc state 2 is better than process ProcessState{32b3553 com.miui.analytics/10168 pkg=com.miui.analytics} proc state 3 (5 skipped)
03-02 11:26:06.919  1621  1730 D MiuiRefreshRatePolicy: reset
03-02 11:26:06.920  1621  1730 I BLASTSyncEngine: SyncGroup 10178:  Unfinished container:ActivityRecord{9880759 u0 com.miui.home/.launcher.Launcher t2}
03-02 11:26:06.920  1621  1730 I BLASTSyncEngine: isActivitySyncFinished isSyncFinished false ActivityRecord{9880759 u0 com.miui.home/.launcher.Launcher t2}
03-02 11:26:06.921  1621  1730 I WindowManager: Relayout Window{67c25e3 u0 LauncherMinusOneScreen}: oldVis=8 newVis=0 focusMayChange = true requestedWidth = 1080 requestedHeight = 2460 outFrames = ClientWindowFrames{frame=[0,0][1080,2460] display=[0,0][1080,2460] parentFrame=[0,0][0,0]} outSurfaceControl = Surface(name=LauncherMinusOneScreen#134282)/@0x4c04b46
03-02 11:26:06.923  1621  1842 I MiuiNetworkPolicy: updateUidState uid = 99351, uidState = 3
03-02 11:26:06.923  1621  1842 I MiuiNetworkPolicy: updateUidState uid = 10261, uidState = 3
03-02 11:26:06.923  1621  1842 I MiuiNetworkPolicy: updateUidState uid = 10215, uidState = 19
03-02 11:26:06.924  1621  1842 I MiuiNetworkPolicy: updateUidState uid = 10200, uidState = 3
03-02 11:26:06.924  1621  1842 I MiuiNetworkPolicy: updateUidState uid = 10181, uidState = 3
03-02 11:26:06.924  1621  1842 I MiuiNetworkPolicy: updateUidState uid = 10168, uidState = 3
03-02 11:26:06.927  1621  1842 I MiuiNetworkPolicy: updateUidState uid = 10166, uidState = 2
03-02 11:26:06.927  1621  1842 I MiuiNetworkPolicy: updateUidState uid = 10165, uidState = 2
03-02 11:26:06.927  1621  1842 I MiuiNetworkPolicy: updateUidState uid = 10162, uidState = 3
03-02 11:26:06.927  1621  1842 I MiuiNetworkPolicy: updateUidState uid = 10156, uidState = 19
03-02 11:26:06.928  1621  1842 I MiuiNetworkPolicy: updateUidState uid = 10147, uidState = 3
03-02 11:26:06.928  1621  1842 I MiuiNetworkPolicy: updateUidState uid = 10087, uidState = 19
03-02 11:26:06.929 27281 27281 D BufferQueueConsumer: [](id:6a9100000000,api:0,p:-1,c:27281) connect: controlledByApp=false
03-02 11:26:06.937 27281 27281 D BLASTBufferQueue: [VRI[LauncherMinusOneScreen]#0](f:0,a:0) constructor()
03-02 11:26:06.938 27281 27281 D BLASTBufferQueue: [VRI[LauncherMinusOneScreen]#0](f:0,a:0) update width=1080 height=2460 format=-2 mTransformHint=0
03-02 11:26:06.938 11917 22576 D BLASTBufferQueue: [VRI[globalminusscreen]#44](f:0,a:1) acquireNextBufferLocked size=1080x2460 mFrameNumber=1 applyTransaction=true mTimestamp=612360485422575(auto) mPendingTransactions.size=0 graphicBufferId=51183125266696 transform=0
03-02 11:26:06.940 11917 11917 D VRI[globalminusscreen]: vri.reportDrawFinished
03-02 11:26:06.943  2363 30766 I SafeBinderCall: onPositionChange binder cost:0
03-02 11:26:06.943  2363  2363 D MiPlayDetailViewModel: onPositionChangeSelf position = 6035
03-02 11:26:06.945  1999  1999 D LauncherAssistantCompatGoogle: onStart com.google.android.libraries.gsa.launcherclient.LauncherClient@b8351e8
03-02 11:26:06.946  1621  4238 E ClipboardServiceI: removeActivePermissionOwnerForPackage: mPrimaryClipPackage is null or get is null
03-02 11:26:06.959 13966 13966 I azdq    : #onStart (PageContainer)
03-02 11:26:06.963  1621  1907 D MiuiMultiWindowUtils: DeviceLevel.IS_MIUI_LITE_VERSION 2.0 not support miui multiWindowtides
03-02 11:26:06.963  6027 30298 I ProcessMonitor: onForegroundInfoChanged: ForegroundInfo{mForegroundPackageName='com.google.android.googlequicksearchbox', mForegroundUid=10165, mForegroundPid=13966, mLastForegroundPackageName='com.softnation.Ojam', mLastForegroundUid=10337, mLastForegroundPid=21243, mMultiWindowForegroundPackageName='com.google.android.googlequicksearchbox', mMultiWindowForegroundUid=10165, mFlags=0}
03-02 11:26:06.963  6027 30298 I VideoBoxUtils: isSupportVideoBox: false
03-02 11:26:06.963  6027 30298 I VideoToolBoxService: vtb is closed!!!
03-02 11:26:06.963 27281 27281 D VRI[LauncherMinusOneScreen]: vri.reportNextDraw android.view.ViewRootImpl.performTraversals:4984 android.view.ViewRootImpl.doTraversal:3564 android.view.ViewRootImpl$TraversalRunnable.run:11781 android.view.Choreographer$CallbackRecord.run:1804 android.view.Choreographer$CallbackRecord.run:1813 
03-02 11:26:06.963  6515  6799 D PerfEngineController: ForegroundInfo{mForegroundPackageName='com.google.android.googlequicksearchbox', mForegroundUid=10165, mForegroundPid=13966, mLastForegroundPackageName='com.softnation.Ojam', mLastForegroundUid=10337, mLastForegroundPid=21243, mMultiWindowForegroundPackageName='com.google.android.googlequicksearchbox', mMultiWindowForegroundUid=10165, mFlags=0}
03-02 11:26:06.963 27281 27281 D VRI[LauncherMinusOneScreen]: Setup new sync=wmsSync-VRI[LauncherMinusOneScreen]#0
03-02 11:26:06.964  6027  6068 D v1      : myUserId = 0	currentUserId0
03-02 11:26:06.965  1621  1907 D BluetoothAdapter: getActiveDevices(profile= A2DP)
03-02 11:26:06.965  1621  1651 I ActivityTaskManager: visible for Task{eac6fde #37039 type=standard A=10337:com.softnation.Ojam} visible = true isAnimating = false TRANSITION = false PARENTS = false CHILDREN = false
03-02 11:26:06.966 27281 27361 D vulkan  : searching for layers in '/data/app/~~zxyH2ZASsHfTq5CoJVJtmQ==/com.google.android.googlequicksearchbox-_0C7rvbNeoG2PtSH0JbZFA==/lib/arm64'
03-02 11:26:06.966  1621  1651 D SurfaceComposerClient: Transaction::apply InputWindowCommands.focusRequests timestamp=612360446989960, windowName=<null>
03-02 11:26:06.968 27281 27281 D UserSceneDetector: invoke error.
03-02 11:26:06.968  1621  4238 D WindowManager: Set transition=TransitionRecord{e451c6e id=10178 type=CLOSE flags=0x0}, ready=true, SyncId=10178 
03-02 11:26:06.968  1621  1907 D BluetoothAdapter: getActiveDevices(profile= HEADSET)
03-02 11:26:06.969  1621  4238 D WindowManager: Set transition=TransitionRecord{e451c6e id=10178 type=CLOSE flags=0x0}, ready=true, SyncId=10178 
03-02 11:26:06.970  1621  4238 I AppsFilter: interaction: PackageSetting{131896e com.android.microdroid.empty_payload/10255} -> PackageSetting{b6ec85d com.softnation.Ojam/10337} BLOCKED
03-02 11:26:06.970  1621  1907 D BluetoothAdapter: getActiveDevices(profile= LE_AUDIO)
03-02 11:26:06.972  1621  5054 I ATMSImpl: cacheTasksForDefaultDisplay size=4
03-02 11:26:06.972 18562 13630 E BluetoothAdapterService: getActiveDevices: LeAudioService is null
03-02 11:26:06.972  1621  2655 D WindowManager: wms.finishDrawingLocked: mDrawState=COMMIT_DRAW_PENDING Window{ff9cdea u0 LauncherOverlayWindow:com.mi.globalminusscreen} in Surface(name=LauncherOverlayWindow:com.mi.globalminusscreen#134281)/@0x7809a5
03-02 11:26:06.973  1621  1907 D AudioSystem: +setParameters(): foregroundUid=10165;bluetoothlowlatencystatus=false 
03-02 11:26:06.973  1621  1907 D AudioSystem: start get log level!
03-02 11:26:06.974  1621  1651 D MiuiRefreshRatePolicy: reset
03-02 11:26:06.974  1621  4238 W ActivityManager: Invalid packageName: com.softnation.Ojam
03-02 11:26:06.976  1999  2684 D RecentsModel: getRunningTask ignoreActivityType : 2 ,ignoreWindowMode:5
03-02 11:26:06.976  1999  2684 W RecentsModel: getRunningTask   taskInfo=TaskInfo{userId=0 taskId=37027 displayId=0 isRunning=true baseIntent=Intent { flg=0x14850000 pkg=com.google.android.googlequicksearchbox cmp=com.google.android.googlequicksearchbox/com.google.android.apps.search.assistant.surfaces.voice.robin.ui.floaty.activity.FloatyActivity } baseActivity=ComponentInfo{com.google.android.googlequicksearchbox/com.google.android.apps.search.assistant.surfaces.voice.robin.ui.floaty.activity.FloatyActivity} topActivity=ComponentInfo{com.google.android.googlequicksearchbox/com.google.android.apps.search.assistant.surfaces.voice.robin.ui.floaty.activity.FloatyActivity} origActivity=null realActivity=ComponentInfo{com.google.android.googlequicksearchbox/com.google.android.apps.search.assistant.surfaces.voice.robin.ui.floaty.activity.FloatyActivity} numActivities=1 lastActiveTime=1030126394 supportsSplitScreenMultiWindow=true supportsMultiWindow=true resizeMode=2 isResizeable=true minWidth=-1 minHeight=-1 defaultMinSize=200 token=WCT{android.window.IWindowContainerToken$Stub$Proxy@718e4b0} topActivityType=1 pictureInPictureParams=null shouldDockBigOverlays=false launchIntoPipHostTaskId=-1 lastParentTaskIdBeforePip=-1 displayCutoutSafeInsets=null topActivityInfo=ActivityInfo{b672f29 com.google.android.apps.search.assistant.surfaces.voice.robin.ui.floaty.activity.FloatyActivity} launchCookies=[] positionInParent=Point(0, 0) parentTaskId=-1 isFocused=true isVisible=false isVisibleRequested=true isSleeping=false locusId=null displayAreaFeatureId=1 isTopActivityTransparent=true appCompatTaskInfo=AppCompatTaskInfo { topActivityInSizeCompat=false topActivityEligibleForLetterboxEducation= falseisLetterboxEducationEnabled= false isLetterboxDoubleTapEnabled= false topActivityEligibleForUserAspectRatioButton= false topActivityBoundsLetterboxed= false isFromLetterboxDoubleTap= false topActivityLetterboxVerticalPosition= -1 topActivityLetterboxHorizontalPosition= -1 topActivityLetterboxWidth=1080 topActivityLetterboxHeight=2460 isUserFullscreenOverrideEnabled=false isSystemFullscreenOverrideEnabled=false cameraCompatTaskInfo=CameraCompatTaskInfo { cameraCompatControlState=hidden freeformCameraCompatMode=inactive}} isImmersive=false mTopActivityRequestOrientation=-2 mBehindAppLockPkg=null mOriginatingUid=0 isEmbedded=false shouldBeVisible=true mIsCastMode=false mTopActivityMediaSize=null mTopActivityRecordName=ActivityRecord{6d71709 u0 com.google.android.googlequicksearchbox/com.google.android.apps.search.assistant.surfaces.voice.robin.ui.floaty.activity.FloatyActivity t37027} mTopActivityOrientation=-1}
03-02 11:26:06.977  1621  1651 I BLASTSyncEngine: SyncGroup 10178:  Unfinished container:ActivityRecord{9880759 u0 com.miui.home/.launcher.Launcher t2}
03-02 11:26:06.977  1999  2684 D RecentsModel: preloadRecents runningTaskId:37027, mCurrentRunningTaskId:-1, mRecentsTaskLoadPlan=com.android.systemui.shared.recents.model.RecentsTaskLoadPlan@e03c2ae
03-02 11:26:06.977  1621  1651 I BLASTSyncEngine: isActivitySyncFinished isSyncFinished false ActivityRecord{9880759 u0 com.miui.home/.launcher.Launcher t2}
03-02 11:26:06.977   921   921 D SurfaceFlinger: Focus addInputWindowCommands timestamp=612360446989960, windowName=<null>
03-02 11:26:06.977   843   968 D AudioALSAHardware: +setParameters(): bluetoothlowlatencystatus=false;foregroundUid=10165
03-02 11:26:06.978   843   968 D AudioALSAHardware: -setParameters(): bluetoothlowlatencystatus=false;foregroundUid=10165
03-02 11:26:06.978   843   968 E AHAL_Module: setVendorParameters: default: unrecognized parameter "bluetoothlowlatencystatus=false;foregroundUid=10165"
03-02 11:26:06.978  1999  2684 E ActivityManagerWrapper: get all recent tasks force including 37027
03-02 11:26:06.979   894  4413 E ConversionHelperAidl: Function: parseAndSetVendorParameters Line: 97 Failed 
03-02 11:26:06.981   843   968 D AHAL_ModuleBluetooth: setVendorParameters: parameter count 1, async: 0
03-02 11:26:06.981   843   968 D AHAL_ModuleBluetooth: setVendorParameters: bluetoothlowlatencystatus=false;foregroundUid=10165
03-02 11:26:06.981   921  1483 D SurfaceFlinger: updateWinowInfo=1, setFocusedWindow timestamp=612360446989960, windowName=<null>
03-02 11:26:06.981  6515  8185 D ElementListener: on smart scenario changed to 99
03-02 11:26:06.982 18562 13630 D BluetoothLatencyMode: ForegroundInfo{mForegroundPackageName='com.google.android.googlequicksearchbox', mForegroundUid=10165, mForegroundPid=13966, mLastForegroundPackageName='com.softnation.Ojam', mLastForegroundUid=10337, mLastForegroundPid=21243, mMultiWindowForegroundPackageName='com.google.android.googlequicksearchbox', mMultiWindowForegroundUid=10165, mFlags=0}
03-02 11:26:06.982 18562 13630 W LeAudioService: getLeAudioService(): service is NULL
03-02 11:26:06.982 18562 13630 D BluetoothLatencyMode: isWiredAudioHeadset.type: 1
03-02 11:26:06.982 18562 13630 D BluetoothLatencyMode: isWiredAudioHeadset.type: 2
03-02 11:26:06.982 18562 13630 D BluetoothLatencyMode: isWiredAudioHeadset.type: 18
03-02 11:26:06.982 18562 13630 D BluetoothLatencyMode: isWiredAudioHeadset.type: 14
03-02 11:26:06.985  6515  6997 D MilletUtils: setUidState, uid = 10165 allow = true
03-02 11:26:06.985  1621  1651 I ActivityTaskManager: visible for Task{eac6fde #37039 type=standard A=10337:com.softnation.Ojam} visible = true isAnimating = false TRANSITION = false PARENTS = false CHILDREN = false
03-02 11:26:06.987  1621  5054 D MiSensorServiceImpl: PowerKeeperSensor resume iUid:10165 but app has not in Controlled
03-02 11:26:06.988 27281 27361 D vulkan  : searching for layers in '/data/app/~~zxyH2ZASsHfTq5CoJVJtmQ==/com.google.android.googlequicksearchbox-_0C7rvbNeoG2PtSH0JbZFA==/base.apk!/lib/arm64-v8a'
03-02 11:26:06.993  1621  1651 I ActivityTaskManager: visible for Task{eac6fde #37039 type=standard A=10337:com.softnation.Ojam} visible = true isAnimating = false TRANSITION = false PARENTS = false CHILDREN = false
03-02 11:26:06.993   861   947 I libPerfCtl: xgfGetFPS pid:921 fps:-1
03-02 11:26:06.993   861   947 I libPerfCtl: xgfGetFPS pid:2363 fps:-1
03-02 11:26:06.993   861   947 I libPerfCtl: xgfGetFPS pid:11917 fps:-1
03-02 11:26:06.995  1999  2684 D ActivityManagerWrapper: groupedRecentTaskInfoCompat.getMainTaskId :37027, isExcluded is True
03-02 11:26:06.995  1999  2684 E ActivityManagerWrapper: getRecentTasksForceIncludingTaskIdIfValid: getRecentTasks: size=4
03-02 11:26:06.995  1999  2684 E ActivityManagerWrapper:  mainTaskId=37027   userId=0   windowMode=1   baseIntent=Intent { act=null flag=344260608 cmp=ComponentInfo{com.google.android.googlequicksearchbox/com.google.android.apps.search.assistant.surfaces.voice.robin.ui.floaty.activity.FloatyActivity} }
03-02 11:26:06.995  1999  2684 E ActivityManagerWrapper:  mainTaskId=37039   userId=0   windowMode=1   baseIntent=Intent { act=null flag=268435456 cmp=ComponentInfo{com.softnation.Ojam/com.softnation.Ojam.MainActivity} }
03-02 11:26:06.995  1999  2684 E ActivityManagerWrapper:  mainTaskId=37019   userId=0   windowMode=1   baseIntent=Intent { act=null flag=268435456 cmp=ComponentInfo{com.whatsapp/com.whatsapp.home.ui.HomeActivity} }
03-02 11:26:06.995  1999  2684 E ActivityManagerWrapper:  mainTaskId=36980   userId=0   windowMode=1   baseIntent=Intent { act=android.intent.action.MAIN flag=270532608 cmp=ComponentInfo{com.twitter.android/com.twitter.android.StartActivity} }
03-02 11:26:06.997  1999  1999 D Launcher: Launcher.DeviceConfig onStart bounds = Rect(0, 0 - 1080, 2460)
03-02 11:26:06.997  1999  1999 W Activity: PerfMonitor: Slow Operation: Activity com.miui.home/.launcher.Launcher onStart took 103ms
03-02 11:26:06.997   921  2359 D MI-SF   : updateScene: module = 258 (TpIdle), value = 1, pkg = com.google.android.googlequicksearchbox
03-02 11:26:06.997   921  2359 D MI-SF   : updateScene mSetTpIdleFlag 1
03-02 11:26:06.998 11917 12311 D LauncherOverlay: setActivityState:1
03-02 11:26:06.999 13966 13966 W WindowOnBackDispatcher: OnBackInvokedCallback is not enabled for the application.
03-02 11:26:06.999 13966 13966 W WindowOnBackDispatcher: Set 'android:enableOnBackInvokedCallback="true"' in the application manifest.
03-02 11:26:07.000 13966 13966 I bgat    : [hasSecondaryDisplayAndMainDisplayIsDisabled] Main display is ON
03-02 11:26:07.003 11917 11917 D LauncherOverlay.Window: onStart
03-02 11:26:07.009  1621  4763 W system_server: Long monitor contention with owner binder:1621_13 (4238) at void com.android.server.am.ActivityManagerService.forceStopPackage(java.lang.String, int, int, java.lang.String)(ActivityManagerService.java:4406) waiters=3 in java.util.List com.android.server.am.ProcessManagerService.getRunningProcessInfo(int, int, java.lang.String, java.lang.String, int) for 148ms
03-02 11:26:07.012  1999 17839 D Launcher.Utilities: select screen is:personal_assistant_google
03-02 11:26:07.018  2350  2350 D CarrierSvcBindHelper: onHandleForceStop: [com.softnation.Ojam]
03-02 11:26:07.020  2350  2350 D CarrierSvcBindHelper: No carrier app for: 0
03-02 11:26:07.020  2350  2350 D CarrierSvcBindHelper: No carrier app for: 1
03-02 11:26:07.022  1999  2684 D TaskSnapshotCompatVV: getIsInvalidateFromTaskSnapshot, isInvalidate=false
03-02 11:26:07.025  1999  2684 D TaskSnapshotCompatVV: getIsInvalidateFromTaskSnapshot, return, mTaskSnapshot=null, mTaskSnapshotClazz=null
03-02 11:26:07.028  6515  6921 D PowerKeeper.Audio: pids 0
03-02 11:26:07.034  2363  2363 D NotificationMediaManager: Not dismissing 0|com.softnation.Ojam|1001|null|10337 because it was removed by the system
03-02 11:26:07.034 13966 13966 I bgat    : [hasSecondaryDisplayAndMainDisplayIsDisabled] Main display is ON
03-02 11:26:07.034  1621  1894 D GreezeManager:  report signal uid = 10337 pid = 21243is not frozen.
03-02 11:26:07.035  2363  2363 D MiuiMediaControlPanel: removeListener
03-02 11:26:07.044  1621  1621 I NotificationService: Cancel FGS notification CallingUid: 10337 CallingPid: 0 Pkg: com.softnation.Ojam Id:1001 Tag:null UserId:0 MustHaveFlags:0 MustNotHaveFlags:0 Reason:8 foregroundNotiWhen:1772447160778 foregroundNotiFlags:104 foregroundNotiChannelId:default_channel_id
03-02 11:26:07.045  1621  2662 D ActivityManager: getProcessesInErrorState callingUid=10126, CallingPid=26172
03-02 11:26:07.068   921  2359 I BufferQueueDebug: [com.miui.home/com.miui.home.launcher.Launcher#134283](this:0xb400007bcebbf2d8,id:-1,api:0,p:-1,c:-1) BufferQueue core=(921:/system/bin/surfaceflinger)
03-02 11:26:07.074 13966 13966 I bgat    : [hasSecondaryDisplayAndMainDisplayIsDisabled] Main display is ON
03-02 11:26:07.074  2363  2363 E StackScroller: updateSidePadding: viewWidth is zero
03-02 11:26:07.075  1621  4763 D MiuiRefreshRatePolicy: reset
03-02 11:26:07.076  1621  4763 I BLASTSyncEngine: SyncGroup 10178:  Unfinished container:ActivityRecord{9880759 u0 com.miui.home/.launcher.Launcher t2}
03-02 11:26:07.077  1621  4763 I BLASTSyncEngine: isActivitySyncFinished isSyncFinished false ActivityRecord{9880759 u0 com.miui.home/.launcher.Launcher t2}
03-02 11:26:07.078   921  1170 D SurfaceFlinger: [SF client] REMOVE (0xb400007caea4cb10) for (21243:com.softnation.Ojam)
03-02 11:26:07.078  1205  9857 E mediaswcodec: unlinkToDeath: removed reference to death recipient but unlink failed: DEAD_OBJECT
03-02 11:26:07.079   849   849 I hwcomposer: [HWCDisplay] (0 updateFps():3667), (type:1, mode:2) fps:7.397451,dur:1081.45,max:327.57,min:16.02  
03-02 11:26:07.083  1621  4763 I WindowManager: Relayout Window{d85ca12 u0 com.miui.home/com.miui.home.launcher.Launcher}: oldVis=8 newVis=0 focusMayChange = true requestedWidth = 1080 requestedHeight = 2460 outFrames = ClientWindowFrames{frame=[0,0][1080,2460] display=[0,0][1080,2460] parentFrame=[0,0][0,0]} outSurfaceControl = Surface(name=com.miui.home/com.miui.home.launcher.Launcher#134283)/@0x4ea0e93
03-02 11:26:07.085  1621  2834 I MediaSessionStack: removeSession | record: com.softnation.Ojam/androidx.media3.session.id./91 (userId=0)
03-02 11:26:07.085  1621  4289 I WindowManager: WIN DEATH: Window{ff248a5 u0 com.softnation.Ojam/com.softnation.Ojam.MainActivity}
03-02 11:26:07.085  1621  2834 D MediaSessionService: Media button session is changed to null
03-02 11:26:07.085  1621  4289 W InputManager-JNI: Input channel object 'ff248a5 com.softnation.Ojam/com.softnation.Ojam.MainActivity (client)' was disposed without first being removed with the input manager!
03-02 11:26:07.086  1621  4764 I MediaFocusControl: AudioFocus  removeFocusStackEntryOnDeath(): removing entry for android.os.BinderProxy@cb2ed0
03-02 11:26:07.086  1205  9857 D AidlBufferPool: Destruction - bufferpool2 0xb400007362c76e58 cached: 0/0M, 0/0% in use; allocs: 845, 100% recycled; transfers: 845, 99% unfetched
03-02 11:26:07.086  1205  9857 E mediaswcodec: unlinkToDeath: removed reference to death recipient but unlink failed: DEAD_OBJECT
03-02 11:26:07.086  1205  9857 E IPCThreadState: attemptIncStrongHandle(5): Not supported
03-02 11:26:07.087  1205 30666 D AidlBufferPool: bufferpool2 0xb400007362c7f6c8 : 0(0 size) total buffers - 0(0 size) used buffers - 0/0 (recycle/alloc) - 0/0 (fetch/transfer)
03-02 11:26:07.088  1621  1676 D SsruManagerImpl: MiSsru Sensor not init!!!!
03-02 11:26:07.088  1621  1640 D AudioSystem: +setParameters(): gamebooster=false 
03-02 11:26:07.088  1621  1640 D AudioSystem: start get log level!
03-02 11:26:07.088  1621  4289 D WindowManager: Collecting in transition 10178: WallpaperWindowToken{d3319dd token=android.os.Binder@113b9b4} init visibleRequested:false
03-02 11:26:07.089  1621  1856 D ConnectivityService: releasing NetworkRequest [ REQUEST id=242586, [ Capabilities: INTERNET&NOT_RESTRICTED&TRUSTED&NOT_VCN_MANAGED&NOT_BANDWIDTH_CONSTRAINED Uid: 10337 RequestorUid: 10337 RequestorPkg: com.softnation.Ojam UnderlyingNetworks: Null] ] (release request)
03-02 11:26:07.089  1621  4289 D WindowManager: Collecting in transition 10178: WallpaperWindowToken{d3319dd token=android.os.Binder@113b9b4} init visibleRequested:false
03-02 11:26:07.089  1205 30666 D AidlBufferPool: Destruction - bufferpool2 0xb400007362c7f6c8 cached: 0/0M, 0/0% in use; allocs: 0, 0% recycled; transfers: 0, 0% unfetched
03-02 11:26:07.090  1621  4289 D WindowManager: Collecting in transition 10178: WallpaperWindowToken{2d6d85a token=android.os.Binder@8dfa005} init visibleRequested:false
03-02 11:26:07.090  1621  4289 D WindowManager: Collecting in transition 10178: WallpaperWindowToken{2d6d85a token=android.os.Binder@8dfa005} init visibleRequested:false
03-02 11:26:07.090  1621  1856 D ConnectivityService: releasing NetworkRequest [ REQUEST id=242591, [ Capabilities: INTERNET&NOT_RESTRICTED&TRUSTED&NOT_VCN_MANAGED&NOT_BANDWIDTH_CONSTRAINED Uid: 10337 RequestorUid: 10337 RequestorPkg: com.softnation.Ojam UnderlyingNetworks: Null] ] (release request)
03-02 11:26:07.094  1999  1999 D BufferQueueConsumer: [](id:7cf0000057b,api:0,p:-1,c:1999) connect: controlledByApp=false
03-02 11:26:07.094  1621  4289 D MiuiRefreshRatePolicy: reset
03-02 11:26:07.095   843 14567 D AudioALSAHardware: +setParameters(): gamebooster=false
03-02 11:26:07.095   843 14567 D AudioALSAHardware: -setParameters(): gamebooster=false
03-02 11:26:07.095   843 14567 E AHAL_Module: setVendorParameters: default: unrecognized parameter "gamebooster=false"
03-02 11:26:07.095   894  2683 E ConversionHelperAidl: Function: parseAndSetVendorParameters Line: 97 Failed 
03-02 11:26:07.096  1999  1999 D BLASTBufferQueue: [VRI[Launcher]#1203](f:0,a:0) constructor()
03-02 11:26:07.096  1999  1999 D BLASTBufferQueue: [VRI[Launcher]#1203](f:0,a:0) update width=1080 height=2460 format=1 mTransformHint=0
03-02 11:26:07.097  1621  2834 D MediaSessionService: destroySessionLocked: record=com.softnation.Ojam/androidx.media3.session.id./91 (userId=0)
03-02 11:26:07.097   843 14567 D AHAL_ModuleBluetooth: setVendorParameters: parameter count 1, async: 0
03-02 11:26:07.097   843 14567 D AHAL_ModuleBluetooth: setVendorParameters: gamebooster=false
03-02 11:26:07.099  1621  4230 I ImeTracker: com.softnation.Ojam:74da3ebf: onRequestHide at ORIGIN_SERVER reason HIDE_REMOVE_CLIENT fromUser false
03-02 11:26:07.099 18562 18562 V MediaPlayerList: onActiveSessionsChanged: number of controllers: 0
03-02 11:26:07.100 18562 18562 I PlayerSettingsManager: getPlayerRepeatMode: no active player
03-02 11:26:07.100 18562 18562 I PlayerSettingsManager: getPlayerShuffleMode: no active player
03-02 11:26:07.100 18562 18562 I PlayerSettingsManager: updateRemoteDevice: STATE_REPEAT_OFF, STATE_SHUFFLE_OFF
03-02 11:26:07.100 18562 18562 I bluetooth: avrcp_service.cc:685 SendPlayerSettingsChanged: 
03-02 11:26:07.100  1621  4230 I ImeTracker: com.softnation.Ojam:74da3ebf: onCancelled at PHASE_SERVER_SHOULD_HIDE
03-02 11:26:07.100 13966 13966 W Activity: PerfMonitor: Slow Operation: Activity com.google.android.googlequicksearchbox/com.google.android.apps.search.assistant.surfaces.voice.robin.ui.floaty.activity.FloatyActivity onStart took 185ms
03-02 11:26:07.101 13966 14136 I ayzy    : (REDACTED) buildNewState: %s, %s
03-02 11:26:07.102  1621  4289 I BLASTSyncEngine: SyncGroup 10178:  Unfinished container:ActivityRecord{9880759 u0 com.miui.home/.launcher.Launcher t2}
03-02 11:26:07.102  1621  4289 I BLASTSyncEngine: isActivitySyncFinished isSyncFinished false ActivityRecord{9880759 u0 com.miui.home/.launcher.Launcher t2}
03-02 11:26:07.103  1124 14457 E mediaserver: unlinkToDeath: removed reference to death recipient but unlink failed: DEAD_OBJECT
03-02 11:26:07.103  1621  4289 D MiuiRefreshRatePolicy: reset
03-02 11:26:07.104  1621  4289 I BLASTSyncEngine: SyncGroup 10178:  Unfinished container:ActivityRecord{9880759 u0 com.miui.home/.launcher.Launcher t2}
