03-02 10:45:35.070  5203  5203 I MMKV    : <MemoryFile.cpp:97::open> open fd[0x8b], /data/user/0/com.community.oneroom/files/mmkv/kv_app_config.crc
03-02 10:45:35.075  5203  5203 I MMKV    : <MMKV_IO.cpp:81::loadFromFile> loading [kv_app_config] with 10808 actual size, file size 16384, InterProcess 0, meta info version:3
03-02 10:45:35.075  5203  5203 I MMKV    : <MMKV_IO.cpp:86::loadFromFile> loading [kv_app_config] with crc 3888968218 sequence 1056 version 3
03-02 10:45:35.076  5203  5203 I MMKV    : <MMKV_IO.cpp:130::loadFromFile> loaded [kv_app_config] with 71 key-values
03-02 10:45:35.076  1621  1856 D ConnectivityService: NetReassign [no changes] [c 1] [a 2] [i 7]
03-02 10:45:35.078  5203  5238 D nativeloader: Configuring clns-10 for other apk /data/app/~~PNgoFDHBmGdMmQt2moPCLQ==/com.google.android.gms-wSL8VlioUsna9-KnDrZN3A==/base.apk. target_sdk_version=36, uses_libraries=, library_path=/data/app/~~PNgoFDHBmGdMmQt2moPCLQ==/com.google.android.gms-wSL8VlioUsna9-KnDrZN3A==/lib/arm64:/data/app/~~PNgoFDHBmGdMmQt2moPCLQ==/com.google.android.gms-wSL8VlioUsna9-KnDrZN3A==/base.apk!/lib/arm64-v8a, permitted_path=/data:/mnt/expand:/data/user/0/com.google.android.gms
03-02 10:45:35.081  5203  5203 I MMKV    : <MemoryFile.cpp:97::open> open fd[0x8c], /data/user/0/com.community.oneroom/files/mmkv/kv_app
03-02 10:45:35.082  5203  5203 I MMKV    : <MemoryFile.cpp:97::open> open fd[0x8d], /data/user/0/com.community.oneroom/files/mmkv/kv_app.crc
03-02 10:45:35.096  5203  5203 I MMKV    : <MMKV_IO.cpp:81::loadFromFile> loading [kv_app] with 1217990 actual size, file size 2097152, InterProcess 0, meta info version:3
03-02 10:45:35.096  5203  5203 I MMKV    : <MMKV_IO.cpp:86::loadFromFile> loading [kv_app] with crc 3516010192 sequence 42 version 3
03-02 10:45:35.097  5203  5203 I MMKV    : <MMKV_IO.cpp:130::loadFromFile> loaded [kv_app] with 44 key-values
03-02 10:45:35.098  5203  5203 I MMKV    : <MemoryFile.cpp:97::open> open fd[0x90], /data/user/0/com.community.oneroom/files/mmkv/vshow
03-02 10:45:35.098  5203  5203 I MMKV    : <MemoryFile.cpp:97::open> open fd[0x91], /data/user/0/com.community.oneroom/files/mmkv/vshow.crc
03-02 10:45:35.106  5203  5203 I MMKV    : <MMKV_IO.cpp:81::loadFromFile> loading [vshow] with 281 actual size, file size 4096, InterProcess 1, meta info version:3
03-02 10:45:35.106  5203  5203 I MMKV    : <MMKV_IO.cpp:86::loadFromFile> loading [vshow] with crc 2715667607 sequence 40 version 3
03-02 10:45:35.106  5203  5203 I MMKV    : <MMKV_IO.cpp:130::loadFromFile> loaded [vshow] with 6 key-values
03-02 10:45:35.110  1621  4238 D CompatChangeReporter: Compat change id reported: 161145287; UID 10125; state: ENABLED
03-02 10:45:35.114  1621  4238 D ConnectivityService: requestNetwork for uid/pid:10337/30963 activeRequest: null callbackRequest: 242184 [NetworkRequest [ REQUEST id=242185, [ Capabilities: INTERNET&NOT_RESTRICTED&TRUSTED&NOT_VCN_MANAGED&NOT_BANDWIDTH_CONSTRAINED Uid: 10337 RequestorUid: 10337 RequestorPkg: com.softnation.Ojam UnderlyingNetworks: Null] ]] callback flags: 0 order: 2147483647 isUidTracked: false declaredMethods: AVAIL|LOST
03-02 10:45:35.121  5203  5249 I MMKV    : <MemoryFile.cpp:97::open> open fd[0x95], /data/user/0/com.community.oneroom/files/mmkv/kv_login
03-02 10:45:35.121  5203  5249 I MMKV    : <MemoryFile.cpp:97::open> open fd[0x96], /data/user/0/com.community.oneroom/files/mmkv/kv_login.crc
03-02 10:45:35.127  1621  1843 D WifiNetworkFactory: got request NetworkRequest [ REQUEST id=242185, [ Capabilities: INTERNET&NOT_RESTRICTED&TRUSTED&NOT_VCN_MANAGED&NOT_BANDWIDTH_CONSTRAINED Uid: 10337 RequestorUid: 10337 RequestorPkg: com.softnation.Ojam UnderlyingNetworks: Null] ]
03-02 10:45:35.127  1621  1843 D UntrustedWifiNetworkFactory: got request NetworkRequest [ REQUEST id=242185, [ Capabilities: INTERNET&NOT_RESTRICTED&TRUSTED&NOT_VCN_MANAGED&NOT_BANDWIDTH_CONSTRAINED Uid: 10337 RequestorUid: 10337 RequestorPkg: com.softnation.Ojam UnderlyingNetworks: Null] ]
03-02 10:45:35.127  1621  1843 D OemPaidWifiNetworkFactory: got request NetworkRequest [ REQUEST id=242185, [ Capabilities: INTERNET&NOT_RESTRICTED&TRUSTED&NOT_VCN_MANAGED&NOT_BANDWIDTH_CONSTRAINED Uid: 10337 RequestorUid: 10337 RequestorPkg: com.softnation.Ojam UnderlyingNetworks: Null] ]
03-02 10:45:35.127  1621  1843 D MultiInternetWifiNetworkFactory: got request NetworkRequest [ REQUEST id=242185, [ Capabilities: INTERNET&NOT_RESTRICTED&TRUSTED&NOT_VCN_MANAGED&NOT_BANDWIDTH_CONSTRAINED Uid: 10337 RequestorUid: 10337 RequestorPkg: com.softnation.Ojam UnderlyingNetworks: Null] ]
03-02 10:45:35.128  1621  1856 D ConnectivityService: NetReassign [242185 : null ΓåÆ 255] [c 1] [a 1] [i 9]
03-02 10:45:35.130  5203  5249 I MMKV    : <MMKV_IO.cpp:81::loadFromFile> loading [kv_login] with 4003 actual size, file size 4096, InterProcess 0, meta info version:3
03-02 10:45:35.130  5203  5249 I MMKV    : <MMKV_IO.cpp:86::loadFromFile> loading [kv_login] with crc 512665989 sequence 2 version 3
03-02 10:45:35.130  5203  5249 I MMKV    : <MMKV_IO.cpp:130::loadFromFile> loaded [kv_login] with 2 key-values
03-02 10:45:35.133  5203  5255 I Athena  : Athena-Worker, handleMessage(h.java:223)
03-02 10:45:35.133  5203  5255 I Athena  : Athena init, SDK Version is [3.0.0.5]
03-02 10:45:35.145  1621  1842 I MiuiNetworkPolicy: updateUidState uid = 10125, uidState = 8
03-02 10:45:35.145  5203  5248 I Athena  : DefaultDispatcher-worker-2, o(g.java:18)
03-02 10:45:35.145  5203  5248 I Athena  : setEnable isEnable = true
03-02 10:45:35.147  5203  5203 W libc    : Access denied finding property "ro.vendor.perf.scroll_opt"
03-02 10:45:35.154  5203  5255 D Athena  : Athena-Worker, h(u0.java:30)
03-02 10:45:35.154  5203  5255 D Athena  : baseTimeJs = {"serverTime":1771418102000,"elapsedRealtime":1062203,"bootId":"ded16801-4a54-47da-ac16-f0435b9fae51"}
03-02 10:45:35.157  1621  4238 D FileUtils: Rounded bytes from 8055762944 to 16000000000
03-02 10:45:35.168  5203  5203 D nativeloader: Load libpowerhalwrap_jni.so using system ns (caller=/system_ext/framework/mediatek-framework.jar): ok
03-02 10:45:35.169  5203  5203 I PowerHalWrapper: PowerHalWrapper.getInstance 
03-02 10:45:35.170  5203  5203 I M-ProMotion: M-ProMotion is disabled
03-02 10:45:35.179  1621  2665 I ClipboardServiceI: checkProviderWakePathForClipboard: primaryClip is null
03-02 10:45:35.182   589 29850 I keystore2: system/security/keystore2/src/security_level.rs:227 - entry create_operation
03-02 10:45:35.182   589 29850 I keystore2: system/security/keystore2/src/security_level.rs:232 - key: domain:r#KEY_ID, nspace:-5789728633851355842, alias:None, blob:None
03-02 10:45:35.184   589 29850 I keystore2: system/security/keystore2/src/security_level.rs:882 - entry upgrade_keyblob_if_required_with
03-02 10:45:35.184   589 29850 I keystore2: system/security/keystore2/src/security_level.rs:347 - In KeystoreSecurityLevel::create_operation: calling begin
03-02 10:45:35.185   590   590 I beanpodkeymaster: Enter BeanpodKeymaster BeginOperation
03-02 10:45:35.187   590   590 I beanpodkeymaster: cmd:4 Received 24 byte response
03-02 10:45:35.187   590   590 I beanpodkeymaster: Exit BeanpodKeymaster BeginOperation
03-02 10:45:35.188   589 29850 I keystore2: system/security/keystore2/src/security_level.rs:381 - upgraded_blob: None
03-02 10:45:35.193   589 12889 I keystore2: system/security/keystore2/src/security_level.rs:227 - entry create_operation
03-02 10:45:35.193   589 12889 I keystore2: system/security/keystore2/src/security_level.rs:232 - key: domain:r#KEY_ID, nspace:-5789728633851355842, alias:None, blob:None
03-02 10:45:35.194  5203  5203 D FramePredict: FramePredict init: true
03-02 10:45:35.194   589 12889 I keystore2: system/security/keystore2/src/security_level.rs:882 - entry upgrade_keyblob_if_required_with
03-02 10:45:35.196   589 12889 I keystore2: system/security/keystore2/src/security_level.rs:347 - In KeystoreSecurityLevel::create_operation: calling begin
03-02 10:45:35.197   590   590 I beanpodkeymaster: Enter BeanpodKeymaster BeginOperation
03-02 10:45:35.197   590   590 I beanpodkeymaster: cmd:4 Received 24 byte response
03-02 10:45:35.197   590   590 I beanpodkeymaster: Exit BeanpodKeymaster BeginOperation
03-02 10:45:35.198   589 12889 I keystore2: system/security/keystore2/src/security_level.rs:381 - upgraded_blob: None
03-02 10:45:35.200  5203  5203 I MMKV    : <MemoryFile.cpp:97::open> open fd[0xa5], /data/user/0/com.community.oneroom/files/mmkv/mmkv_net
03-02 10:45:35.200  5203  5203 I MMKV    : <MemoryFile.cpp:97::open> open fd[0xa6], /data/user/0/com.community.oneroom/files/mmkv/mmkv_net.crc
03-02 10:45:35.201   861   947 I libPerfCtl: xgfGetFPS pid:2363 fps:-1
03-02 10:45:35.201   861   947 I libPerfCtl: xgfGetFPS pid:30963 fps:-1
03-02 10:45:35.203   590   590 I beanpodkeymaster: Enter BeanpodKeymaster UpdateOperation
03-02 10:45:35.203   590   590 I beanpodkeymaster: cmd:8 Received 24 byte response
03-02 10:45:35.203   590   590 I beanpodkeymaster: Exit BeanpodKeymaster UpdateOperation
03-02 10:45:35.204   590   590 I beanpodkeymaster: Enter BeanpodKeymaster UpdateOperation
03-02 10:45:35.204   590   590 I beanpodkeymaster: cmd:8 Received 24 byte response
03-02 10:45:35.204   590   590 I beanpodkeymaster: Exit BeanpodKeymaster UpdateOperation
03-02 10:45:35.205   590   590 I beanpodkeymaster: Enter BeanpodKeymaster FinishOperation
03-02 10:45:35.207  5203  5203 I MMKV    : <MMKV_IO.cpp:81::loadFromFile> loading [mmkv_net] with 3407 actual size, file size 4096, InterProcess 0, meta info version:3
03-02 10:45:35.208  5203  5203 I MMKV    : <MMKV_IO.cpp:86::loadFromFile> loading [mmkv_net] with crc 3882011419 sequence 62 version 3
03-02 10:45:35.208  5203  5203 I MMKV    : <MMKV_IO.cpp:130::loadFromFile> loaded [mmkv_net] with 1 key-values
03-02 10:45:35.211  5203  5248 W mmunity.oneroom: ClassLoaderContext classpath size mismatch. expected=1, found=0 (DLC[];PCL[base.apk*1150104373]{PCL[/system/framework/org.apache.http.legacy.jar*4025584831]#PCL[/system/framework/com.android.location.provider.jar*3414091812]#PCL[/system/framework/com.android.media.remotedisplay.jar*2042759013]#PCL[/system_ext/framework/androidx.window.extensions.jar*3622430006]#PCL[/system_ext/framework/androidx.window.sidecar.jar*2958050178]} | DLC[];PCL[])
03-02 10:45:35.215  5203  5249 D nativeloader: Load /data/app/~~tikEfZu7R2c9n2ZmwcQqhg==/com.community.oneroom-_vq6VNgQCVbuOnZ5BU_J_Q==/lib/arm64/libcrashlytics.so using class loader ns clns-7 (caller=/data/app/~~tikEfZu7R2c9n2ZmwcQqhg==/com.community.oneroom-_vq6VNgQCVbuOnZ5BU_J_Q==/base.apk): ok
03-02 10:45:35.223  5203  5248 V DynamiteModule: Dynamite loader version >= 2, using loadModule2NoCrashUtils
03-02 10:45:35.226   590   590 I beanpodkeymaster: cmd:c Received 56 byte response
03-02 10:45:35.226   590   590 I beanpodkeymaster: Exit BeanpodKeymaster FinishOperation
03-02 10:45:35.226   590   590 I beanpodkeymaster: Enter BeanpodKeymaster FinishOperation
03-02 10:45:35.231  2350  2350 D TelephonyManager: requestModemActivityInfo: Sending result to app: ModemActivityInfo{ mTimestamp=1027694648 mSleepTimeMs=620000843 mIdleTimeMs=399695598 mActivityStatsTechSpecificInfo=[{mRat=UNKNOWN,mFrequencyRange=UNKNOWN,mTxTimeMs[]=[42509, 90739, 159201, 400160, 488405],mRxTimeMs=9904922}]}
03-02 10:45:35.231   849  1430 I hwcomposer: [HWC] (0)fire a callback of refresh to SF[4]  
03-02 10:45:35.233  5203  5270 V DynamiteModule: Dynamite loader version >= 2, using loadModule2NoCrashUtils
03-02 10:45:35.235  8942  8942 D BoundBrokerSvc: onBind: Intent { act=com.google.android.gms.appset.service.START dat=chimera-action:/... cmp=com.google.android.gms/.chimera.GmsApiService }
03-02 10:45:35.235  8942  8942 D BoundBrokerSvc: Loading bound service for intent: Intent { act=com.google.android.gms.appset.service.START dat=chimera-action:/... cmp=com.google.android.gms/.chimera.GmsApiService }
03-02 10:45:35.236   921   921 I BufferQueueProducer: [StatusBar#109](this:0xb400007bcec4ab68,id:-1,api:0,p:-1,c:921) queueBuffer: fps=0.98 dur=1021.33 max=1021.33 min=1021.33
03-02 10:45:35.246   921   921 I BufferQueueProducer: [FramebufferSurface](this:0xb400007d8e9dff50,id:-1,api:1,p:921,c:921) queueBuffer: fps=1.54 dur=1301.47 max=895.72 min=405.74
03-02 10:45:35.248   590   590 I beanpodkeymaster: cmd:c Received 52 byte response
03-02 10:45:35.248   590   590 I beanpodkeymaster: Exit BeanpodKeymaster FinishOperation
03-02 10:45:35.250   921   921 I MI-SF   : surfaceflinger setAffinity mode=1
03-02 10:45:35.250   921   921 E MI-SF   : surfaceflinger setAffinity success
03-02 10:45:35.250   921   921 I MI-SF   : surfaceflinger setreAffinity reTid=1207
03-02 10:45:35.250   921   921 E MI-SF   : surfaceflinger setAffinity success
03-02 10:45:35.252  5203  5270 W System  : ClassLoader referenced unknown path: 
03-02 10:45:35.254  5203  5270 D nativeloader: Configuring clns-11 for other apk . target_sdk_version=36, uses_libraries=, library_path=/data/app/~~PNgoFDHBmGdMmQt2moPCLQ==/com.google.android.gms-wSL8VlioUsna9-KnDrZN3A==/lib/arm64:/data/app/~~PNgoFDHBmGdMmQt2moPCLQ==/com.google.android.gms-wSL8VlioUsna9-KnDrZN3A==/base.apk!/lib/arm64-v8a, permitted_path=/data:/mnt/expand:/data/user/0/com.google.android.gms
03-02 10:45:35.264  1621  2665 I SmartPower: com.android.vending/10157(19536): idle->background(372645ms) R(service create com.android.vending/com.google.android.finsky.developergroupidinfo.DeveloperGroupIdInfoService) adj=200.
03-02 10:45:35.268   589 12889 I keystore2: system/security/keystore2/src/security_level.rs:227 - entry create_operation
03-02 10:45:35.269   589 12889 I keystore2: system/security/keystore2/src/security_level.rs:232 - key: domain:r#KEY_ID, nspace:-5789728633851355842, alias:None, blob:None
03-02 10:45:35.270   589 12889 I keystore2: system/security/keystore2/src/security_level.rs:882 - entry upgrade_keyblob_if_required_with
03-02 10:45:35.270   589 12889 I keystore2: system/security/keystore2/src/security_level.rs:347 - In KeystoreSecurityLevel::create_operation: calling begin
03-02 10:45:35.271   590   590 I beanpodkeymaster: Enter BeanpodKeymaster BeginOperation
03-02 10:45:35.272   590   590 I beanpodkeymaster: cmd:4 Received 24 byte response
03-02 10:45:35.272   590   590 I beanpodkeymaster: Exit BeanpodKeymaster BeginOperation
03-02 10:45:35.273   589 12889 I keystore2: system/security/keystore2/src/security_level.rs:381 - upgraded_blob: None
03-02 10:45:35.275   590   590 I beanpodkeymaster: Enter BeanpodKeymaster UpdateOperation
03-02 10:45:35.275   590   590 I beanpodkeymaster: cmd:8 Received 24 byte response
03-02 10:45:35.276   590   590 I beanpodkeymaster: Exit BeanpodKeymaster UpdateOperation
03-02 10:45:35.277   590   590 I beanpodkeymaster: Enter BeanpodKeymaster FinishOperation
03-02 10:45:35.278  5203  5248 W mmunity.oneroom: ClassLoaderContext classpath element checksum mismatch. expected=1150104373, found=1254137406 (DLC[];PCL[base.apk*1150104373]{PCL[/system/framework/org.apache.http.legacy.jar*4025584831]#PCL[/system/framework/com.android.location.provider.jar*3414091812]#PCL[/system/framework/com.android.media.remotedisplay.jar*2042759013]#PCL[/system_ext/framework/androidx.window.extensions.jar*3622430006]#PCL[/system_ext/framework/androidx.window.sidecar.jar*2958050178]} | DLC[];PCL[/data/app/~~tikEfZu7R2c9n2ZmwcQqhg==/com.community.oneroom-_vq6VNgQCVbuOnZ5BU_J_Q==/base.apk*1254137406]{PCL[/system/framework/org.apache.http.legacy.jar*4025584831]#PCL[/system_ext/framework/androidx.window.extensions.jar*3622430006]#PCL[/system_ext/framework/androidx.window.sidecar.jar*2958050178]})
03-02 10:45:35.297   590   590 I beanpodkeymaster: cmd:c Received 84 byte response
03-02 10:45:35.297   590   590 I beanpodkeymaster: Exit BeanpodKeymaster FinishOperation
03-02 10:45:35.300  5203  5279 D libcrashlytics: Initializing libcrashlytics version 3.2.0
03-02 10:45:35.307  1621  4238 V AccountManagerService: addAccountExplicitly: caller's uid=10125, pid=5203, packageName=com.community.oneroom, accountType=com.community.oneroom.accounttype
03-02 10:45:35.309 31107 31419 E msys    : E[N mns]_OnDiskCacheGetData(632)=>Start post callback cache refresh DNS resolution
03-02 10:45:35.309  1621  4238 W AccountManagerService: insertAccountIntoDatabase: Account {name=xxxxxxxx, type=com.community.oneroom.accounttype}, skipping since the account already exists
03-02 10:45:35.314  1201  1298 D AALService: [CRTC_114] onALIChanged: 25 -> 20
03-02 10:45:35.316 31107 31419 E msys    : E[N mns]_LogError(228)=>Failed to resolve using system DNS resolver, getaddrinfo(): No address associated with hostname
03-02 10:45:35.318  5203  5279 D libcrashlytics: Initializing native crash handling successful.
03-02 10:45:35.329  5203  5255 E Athena  : Athena-Worker, t(j0.java:44)
03-02 10:45:35.329  5203  5255 E Athena  : android.content.pm.PackageManager$NameNotFoundException: com.hoffnung
03-02 10:45:35.329  5203  5255 E Athena  : 	at android.app.ApplicationPackageManager.getPackageInfoAsUser(ApplicationPackageManager.java:276)
03-02 10:45:35.329  5203  5255 E Athena  : 	at android.app.ApplicationPackageManager.getPackageInfo(ApplicationPackageManager.java:236)
03-02 10:45:35.329  5203  5255 E Athena  : 	at android.app.ApplicationPackageManager.getPackageInfo(ApplicationPackageManager.java:230)
03-02 10:45:35.329  5203  5255 E Athena  : 	at athena.j0.t(source.java:10)
03-02 10:45:35.329  5203  5255 E Athena  : 	at athena.h.P(source.java:85)
03-02 10:45:35.329  5203  5255 E Athena  : 	at athena.h.handleMessage(source.java:226)
03-02 10:45:35.329  5203  5255 E Athena  : 	at android.os.Handler.dispatchMessage(Handler.java:103)
03-02 10:45:35.329  5203  5255 E Athena  : 	at android.os.Looper.loopOnce(Looper.java:249)
03-02 10:45:35.329  5203  5255 E Athena  : 	at android.os.Looper.loop(Looper.java:337)
03-02 10:45:35.329  5203  5255 E Athena  : 	at android.os.HandlerThread.run(HandlerThread.java:85)
03-02 10:45:35.329  5203  5255 I Athena  : Athena-Worker, P(h.java:113)
03-02 10:45:35.329  5203  5255 I Athena  : Current device doesn't support DCS
03-02 10:45:35.332  5203  5270 W mmunity.oneroom: ClassLoaderContext classpath element checksum mismatch. expected=1150104373, found=1254137406 (DLC[];PCL[base.apk*1150104373]{PCL[/system/framework/org.apache.http.legacy.jar*4025584831]#PCL[/system/framework/com.android.location.provider.jar*3414091812]#PCL[/system/framework/com.android.media.remotedisplay.jar*2042759013]#PCL[/system_ext/framework/androidx.window.extensions.jar*3622430006]#PCL[/system_ext/framework/androidx.window.sidecar.jar*2958050178]} | DLC[];PCL[/data/app/~~tikEfZu7R2c9n2ZmwcQqhg==/com.community.oneroom-_vq6VNgQCVbuOnZ5BU_J_Q==/base.apk*1254137406]{PCL[/system/framework/org.apache.http.legacy.jar*4025584831]#PCL[/system_ext/framework/androidx.window.extensions.jar*3622430006]#PCL[/system_ext/framework/androidx.window.sidecar.jar*2958050178]})
03-02 10:45:35.341  5203  5248 D nativeloader: Configuring clns-12 for other apk . target_sdk_version=34, uses_libraries=ALL, library_path=/data/app/~~PNgoFDHBmGdMmQt2moPCLQ==/com.google.android.gms-wSL8VlioUsna9-KnDrZN3A==/split_CronetDynamite_installtime.apk!/lib/arm64-v8a, permitted_path=/data:/mnt/expand
03-02 10:45:35.342  5203  5248 D nativeloader: Extending system_exposed_libraries: libapuwareapusys.mtk.so:libapuwareapusys_v2.mtk.so:libapuwarexrp.mtk.so:libapuwarexrp_v2.mtk.so:libapuwareutils.mtk.so:libapuwareutils_v2.mtk.so:libapuwarehmp.mtk.so:libneuron_graph_delegate.mtk.so:libneuronusdk_adapter.mtk.so:libtflite_mtk.mtk.so:libarmnn_ndk.mtk.so:libcmdl_ndk.mtk.so:libnir_neon_driver_ndk.mtk.so:libmvpu_runtime.mtk.so:libmvpu_runtime_pub.mtk.so:libmvpu_engine_pub.mtk.so:libmvpu_pattern_pub.mtk.so:libmvpuop_mtk_cv.mtk.so:libmvpuop_mtk_nn.mtk.so:libmvpu_runtime_25.mtk.so:libmvpu_runtime_25_pub.mtk.so:libmvpu_engine_25_pub.mtk.so:libmvpu_pattern_25_pub.mtk.so:libmvpuop25_mtk_cv.mtk.so:libmvpuop25_mtk_nn.mtk.so:libmvpu_config.mtk.so:libteeservice_client.trustonic.so:libmisys_jni.xiaomi.so:libpag.hyperos.so:libffavc.hyperos.so
03-02 10:45:35.355  5203  5248 D nativeloader: Load /data/app/~~PNgoFDHBmGdMmQt2moPCLQ==/com.google.android.gms-wSL8VlioUsna9-KnDrZN3A==/split_CronetDynamite_installtime.apk!/lib/arm64-v8a/libcronet.145.0.7582.0.so using isolated ns clns-12 (caller=/data/app/~~PNgoFDHBmGdMmQt2moPCLQ==/com.google.android.gms-wSL8VlioUsna9-KnDrZN3A==/split_CronetDynamite_installtime.apk!classes2.dex): ok
03-02 10:45:35.374  5203  5294 I HttpFlagsLoader: HTTP flags log line (Impl): Using live production flag values from Google
03-02 10:45:35.376  5203  5248 I cn_CronetLibraryLoader: Cronet version: 145.0.7582.0, arch: aarch64
03-02 10:45:35.387  1621  4238 D ConnectivityService: requestNetwork for uid/pid:10125/5203 activeRequest: null callbackRequest: 242186 [NetworkRequest [ REQUEST id=242187, [ Capabilities: INTERNET&NOT_RESTRICTED&TRUSTED&NOT_VCN_MANAGED&NOT_BANDWIDTH_CONSTRAINED Uid: 10125 RequestorUid: 10125 RequestorPkg: com.community.oneroom UnderlyingNetworks: Null] ]] callback flags: 0 order: 2147483647 isUidTracked: false declaredMethods: AVAIL|LOST|NC|LP
03-02 10:45:35.388 31107 31419 E msys    : E[N mns]_OnDiskCacheGetData(632)=>Start post callback cache refresh DNS resolution
03-02 10:45:35.395 31107 31419 E msys    : E[N mns]_LogError(228)=>Failed to resolve using system DNS resolver, getaddrinfo(): No address associated with hostname
03-02 10:45:35.401  1621  1856 D ConnectivityService: NetReassign [242187 : null ΓåÆ 255] [c 0] [a 2] [i 10]
03-02 10:45:35.403  1621  1843 D WifiNetworkFactory: got request NetworkRequest [ REQUEST id=242187, [ Capabilities: INTERNET&NOT_RESTRICTED&TRUSTED&NOT_VCN_MANAGED&NOT_BANDWIDTH_CONSTRAINED Uid: 10125 RequestorUid: 10125 RequestorPkg: com.community.oneroom UnderlyingNetworks: Null] ]
03-02 10:45:35.403  1621  1843 D UntrustedWifiNetworkFactory: got request NetworkRequest [ REQUEST id=242187, [ Capabilities: INTERNET&NOT_RESTRICTED&TRUSTED&NOT_VCN_MANAGED&NOT_BANDWIDTH_CONSTRAINED Uid: 10125 RequestorUid: 10125 RequestorPkg: com.community.oneroom UnderlyingNetworks: Null] ]
03-02 10:45:35.403  1621  1843 D OemPaidWifiNetworkFactory: got request NetworkRequest [ REQUEST id=242187, [ Capabilities: INTERNET&NOT_RESTRICTED&TRUSTED&NOT_VCN_MANAGED&NOT_BANDWIDTH_CONSTRAINED Uid: 10125 RequestorUid: 10125 RequestorPkg: com.community.oneroom UnderlyingNetworks: Null] ]
03-02 10:45:35.403  1621  1843 D MultiInternetWifiNetworkFactory: got request NetworkRequest [ REQUEST id=242187, [ Capabilities: INTERNET&NOT_RESTRICTED&TRUSTED&NOT_VCN_MANAGED&NOT_BANDWIDTH_CONSTRAINED Uid: 10125 RequestorUid: 10125 RequestorPkg: com.community.oneroom UnderlyingNetworks: Null] ]
03-02 10:45:35.411  1621  1731 D AS.BtHelper: isBluetoothScoOn() mBluetoothHeadset is null: falsemBluetoothHeadsetDevice is null: true
03-02 10:45:35.411  1621  1731 V AS.AudioDeviceBroker: requestedCommunicationDevice: null mAudioModeOwner: AudioModeInfo: mMode=MODE_NORMAL, mPid=0, mUid=0
03-02 10:45:35.412  1621  1856 D ConnectivityService: NetReassign [no changes] [c 0] [a 2] [i 6]
03-02 10:45:35.416  1621  2665 D AS.BtHelper: isBluetoothScoOn() mBluetoothHeadset is null: falsemBluetoothHeadsetDevice is null: true
03-02 10:45:35.416  1621  2665 V AS.AudioDeviceBroker: requestedCommunicationDevice: null mAudioModeOwner: AudioModeInfo: mMode=MODE_NORMAL, mPid=0, mUid=0
03-02 10:45:35.437  1621  1731 D ConnectivityService: requestNetwork for uid/pid:10125/5203 activeRequest: null callbackRequest: 242189 [NetworkRequest [ REQUEST id=242190, [ Capabilities: INTERNET&NOT_RESTRICTED&TRUSTED&NOT_VCN_MANAGED&NOT_BANDWIDTH_CONSTRAINED Uid: 10125 RequestorUid: 10125 RequestorPkg: com.community.oneroom UnderlyingNetworks: Null] ]] callback flags: 0 order: 2147483647 isUidTracked: false declaredMethods: AVAIL|LOST
03-02 10:45:35.451  5203  5287 W mmunity.oneroom: Long monitor contention with owner Firebase Background Thread #1 (5283) at java.lang.Void com.google.firebase.heartbeatinfo.a.k()(source.java:29) waiters=0 in java.lang.Void com.google.firebase.heartbeatinfo.a.k() for 154ms
03-02 10:45:35.452  1621  1843 D WifiNetworkFactory: got request NetworkRequest [ REQUEST id=242190, [ Capabilities: INTERNET&NOT_RESTRICTED&TRUSTED&NOT_VCN_MANAGED&NOT_BANDWIDTH_CONSTRAINED Uid: 10125 RequestorUid: 10125 RequestorPkg: com.community.oneroom UnderlyingNetworks: Null] ]
03-02 10:45:35.453  1621  1843 D UntrustedWifiNetworkFactory: got request NetworkRequest [ REQUEST id=242190, [ Capabilities: INTERNET&NOT_RESTRICTED&TRUSTED&NOT_VCN_MANAGED&NOT_BANDWIDTH_CONSTRAINED Uid: 10125 RequestorUid: 10125 RequestorPkg: com.community.oneroom UnderlyingNetworks: Null] ]
03-02 10:45:35.454  1621  1843 D OemPaidWifiNetworkFactory: got request NetworkRequest [ REQUEST id=242190, [ Capabilities: INTERNET&NOT_RESTRICTED&TRUSTED&NOT_VCN_MANAGED&NOT_BANDWIDTH_CONSTRAINED Uid: 10125 RequestorUid: 10125 RequestorPkg: com.community.oneroom UnderlyingNetworks: Null] ]
03-02 10:45:35.454  1621  1843 D MultiInternetWifiNetworkFactory: got request NetworkRequest [ REQUEST id=242190, [ Capabilities: INTERNET&NOT_RESTRICTED&TRUSTED&NOT_VCN_MANAGED&NOT_BANDWIDTH_CONSTRAINED Uid: 10125 RequestorUid: 10125 RequestorPkg: com.community.oneroom UnderlyingNetworks: Null] ]
03-02 10:45:35.455  1621  1856 D ConnectivityService: NetReassign [242190 : null ΓåÆ 255] [c 1] [a 4] [i 8]
03-02 10:45:35.460  5203  5248 I MMKV    : <MMKV.cpp:207::initializeMMKV> root dir: /data/user/0/com.community.oneroom/files/mmkv
03-02 10:45:35.461  5203  5248 I MMKV    : <MemoryFile.cpp:97::open> open fd[0xc5], /data/user/0/com.community.oneroom/files/mmkv/member_kv
03-02 10:45:35.461  5203  5248 I MMKV    : <MemoryFile.cpp:97::open> open fd[0xcc], /data/user/0/com.community.oneroom/files/mmkv/member_kv.crc
03-02 10:45:35.468  5203  5248 I MMKV    : <MMKV_IO.cpp:81::loadFromFile> loading [member_kv] with 30150 actual size, file size 32768, InterProcess 0, meta info version:3
03-02 10:45:35.468  5203  5248 I MMKV    : <MMKV_IO.cpp:86::loadFromFile> loading [member_kv] with crc 154740180 sequence 141 version 3
03-02 10:45:35.468  5203  5248 I MMKV    : <MMKV_IO.cpp:130::loadFromFile> loaded [member_kv] with 18 key-values
03-02 10:45:35.469  5203  5249 I MMKV    : <MemoryFile.cpp:97::open> open fd[0xce], /data/user/0/com.community.oneroom/files/mmkv/tran_v_show
03-02 10:45:35.469  5203  5249 I MMKV    : <MemoryFile.cpp:97::open> open fd[0xcf], /data/user/0/com.community.oneroom/files/mmkv/tran_v_show.crc
03-02 10:45:35.471  5203  5249 I MMKV    : <MMKV_IO.cpp:81::loadFromFile> loading [tran_v_show] with 133 actual size, file size 4096, InterProcess 0, meta info version:3
03-02 10:45:35.471  5203  5249 I MMKV    : <MMKV_IO.cpp:86::loadFromFile> loading [tran_v_show] with crc 3975294977 sequence 1 version 3
03-02 10:45:35.471  5203  5249 I MMKV    : <MMKV_IO.cpp:130::loadFromFile> loaded [tran_v_show] with 3 key-values
03-02 10:45:35.472  5203  5249 I System.out: gid has get gid 9623f62a-403d-4a64-88bf-8b95581cc550
03-02 10:45:35.480 27809 10606 I PhenotypeResourceReader: unable to find any Phenotype resource metadata for com.community.oneroom
03-02 10:45:35.482  5203  5248 I MMKV    : <MemoryFile.cpp:97::open> open fd[0xc2], /data/user/0/com.community.oneroom/files/mmkv/one_room_advertising
03-02 10:45:35.483  5203  5248 I MMKV    : <MemoryFile.cpp:97::open> open fd[0xd0], /data/user/0/com.community.oneroom/files/mmkv/one_room_advertising.crc
03-02 10:45:35.485   921  1471 D MI-SF   : isTpIdleScene mSetTpIdleFlag 0, mSetLtpoTpIdleFlag 0
03-02 10:45:35.488  5203  5248 I MMKV    : <MMKV_IO.cpp:81::loadFromFile> loading [one_room_advertising] with 34922 actual size, file size 65536, InterProcess 0, meta info version:3
03-02 10:45:35.488  5203  5248 I MMKV    : <MMKV_IO.cpp:86::loadFromFile> loading [one_room_advertising] with crc 3034844659 sequence 191 version 3
03-02 10:45:35.488  5203  5248 I MMKV    : <MMKV_IO.cpp:130::loadFromFile> loaded [one_room_advertising] with 13 key-values
03-02 10:45:35.513  1201  1298 D AALService: [CRTC_114] onALIChanged: 20 -> 23
03-02 10:45:35.526  5203  5311 E mmunity.oneroom: No package ID 6b found for resource ID 0x6b0b0013.
03-02 10:45:35.528  5203  5311 I FA      : App measurement initialized, version: 155007
03-02 10:45:35.529  5203  5311 I FA      : To enable debug logging run: adb shell setprop log.tag.FA VERBOSE
03-02 10:45:35.529  5203  5311 I FA      : To enable faster debug mode event logging run:
03-02 10:45:35.529  5203  5311 I FA      :   adb shell setprop debug.firebase.analytics.app com.community.oneroom
03-02 10:45:35.573  8942  8942 D BoundBrokerSvc: onBind: Intent { act=com.google.android.gms.measurement.START pkg=com.google.android.gms }
03-02 10:45:35.573  8942  8942 D BoundBrokerSvc: Loading bound service for intent: Intent { act=com.google.android.gms.measurement.START pkg=com.google.android.gms }
03-02 10:45:35.585  1621  4238 D PackageManager: set app component=ComponentInfo{com.community.oneroom/androidx.work.impl.background.systemjob.SystemJobService} enabled state: 1 from com.community.oneroom,uid=10125,pid=5203
03-02 10:45:35.606  1177  1177 I thermal_src: recvmsg_expect 5, but get 2 
03-02 10:45:35.607  1177  1177 V thermal_src: TA_DAEMON_CMD_GET_TPCB:ERROR ret=-1
03-02 10:45:35.607  1177  1177 E thermal_src: get_tpcb_from_kernel:error -1. retry...
03-02 10:45:35.607  1177  1177 I thermal_src: recvmsg_expect 5, but get 2 
03-02 10:45:35.607  1177  1177 V thermal_src: TA_DAEMON_CMD_GET_TPCB:ERROR ret=-1
03-02 10:45:35.607  1177  1177 E thermal_src: get_tpcb_from_kernel:error -1. retry...
03-02 10:45:35.607  1177  1177 I thermal_src: recvmsg_expect 5, but get 2 
03-02 10:45:35.607  1177  1177 V thermal_src: TA_DAEMON_CMD_GET_TPCB:ERROR ret=-1
03-02 10:45:35.607  1177  1177 E thermal_src: get_tpcb_from_kernel:error -1. retry...
03-02 10:45:35.607  1177  1177 I thermal_src: recvmsg_expect 4, but get 5 
03-02 10:45:35.607  1177  1177 V thermal_src: TA_DAEMON_CMD_SET_TTJ:ERROR ret=-1
03-02 10:45:35.607  1177  1177 E thermal_src: set_ttj_to_kernel 1:error -1
03-02 10:45:35.607  1177  1177 I thermal_src: recvmsg_expect 2, but get 5 
03-02 10:45:35.610  1177  1177 V thermal_src: waiting NOTIFY from kernel miss, -1
03-02 10:45:35.610  1177  1177 I thermal_src: recvmsg_expect 2, but get 5 
03-02 10:45:35.610  1177  1177 V thermal_src: waiting NOTIFY from kernel miss, -1
03-02 10:45:35.610  1177  1177 I thermal_src: recvmsg_expect 2, but get 4 
03-02 10:45:35.610  1177  1177 V thermal_src: waiting NOTIFY from kernel miss, -1
03-02 10:45:35.625  1621  2665 D FileUtils: Rounded bytes from 8055762944 to 16000000000
03-02 10:45:35.630  5203  5250 D ADSDK_M_TAdManager: DefaultDispatcher-worker-4, setMuteVideo(TAdManager.java:26)
03-02 10:45:35.632  5203  5250 D ADSDK_M_TAdManager: SDK init , muteAllAd = true
03-02 10:45:35.633  5203  5250 E ADSDK_M_sdk_init: DefaultDispatcher-worker-4, init(TAdManager.java:9)
03-02 10:45:35.633  5203  5250 E ADSDK_M_sdk_init: ******========================== HiSavana SDk init ========================== ******
03-02 10:45:35.634  5203  5250 I MMKV    : <MMKV.cpp:207::initializeMMKV> root dir: /data/user/0/com.community.oneroom/files/mmkv
03-02 10:45:35.634  5203  5250 I MMKV    : <MemoryFile.cpp:97::open> open fd[0xdc], /data/user/0/com.community.oneroom/files/mmkv/HisavanaMMKV
03-02 10:45:35.638  5203  5250 I MMKV    : <MemoryFile.cpp:97::open> open fd[0xd6], /data/user/0/com.community.oneroom/files/mmkv/HisavanaMMKV.crc
03-02 10:45:35.646  1621  4432 D FileUtils: Rounded bytes from 8055762944 to 16000000000
03-02 10:45:35.652  5203  5250 I MMKV    : <MMKV_IO.cpp:81::loadFromFile> loading [HisavanaMMKV] with 1069 actual size, file size 4096, InterProcess 0, meta info version:3
03-02 10:45:35.652  5203  5250 I MMKV    : <MMKV_IO.cpp:86::loadFromFile> loading [HisavanaMMKV] with crc 3241826961 sequence 50 version 3
03-02 10:45:35.653  5203  5250 I MMKV    : <MMKV_IO.cpp:130::loadFromFile> loaded [HisavanaMMKV] with 26 key-values
03-02 10:45:35.654  8942  5005 D AdvertisingIdClient: AdvertisingIdClient already created.
03-02 10:45:35.658  5203  5256 W PowerProfile: ambient.on is deprecated! Use ambient.on.display0 instead.
03-02 10:45:35.658  8942  5005 I AdvertisingIdClient: shouldSendLog 1027623929
03-02 10:45:35.658  5203  5256 W PowerProfile: screen.on is deprecated! Use screen.on.display0 instead.
03-02 10:45:35.659  5203  5256 W PowerProfile: screen.full is deprecated! Use screen.full.display0 instead.
03-02 10:45:35.659  8942  5005 I AdvertisingIdClient: GetInfoInternal elapse 4ms
03-02 10:45:35.662  5203  5256 W ModemPowerProfile: getAverageBatteryDrainMaH called with unexpected key: 0x0, drain:SLEEP,RAT:DEFAULT
03-02 10:45:35.663  5203  5256 W ModemPowerProfile: getAverageBatteryDrainMaH called with unexpected key: 0x10000000, drain:IDLE,RAT:DEFAULT
03-02 10:45:35.663  5203  5256 W ModemPowerProfile: getAverageBatteryDrainMaH called with unexpected key: 0x20000000, drain:RX,RAT:DEFAULT
03-02 10:45:35.663  5203  5256 W ModemPowerProfile: getAverageBatteryDrainMaH called with unexpected key: 0x30000000, drain:TX,level:0,RAT:DEFAULT
03-02 10:45:35.663  5203  5256 W ModemPowerProfile: getAverageBatteryDrainMaH called with unexpected key: 0x31000000, drain:TX,level:1,RAT:DEFAULT
03-02 10:45:35.663  5203  5256 W ModemPowerProfile: getAverageBatteryDrainMaH called with unexpected key: 0x32000000, drain:TX,level:2,RAT:DEFAULT
03-02 10:45:35.663  5203  5256 W ModemPowerProfile: getAverageBatteryDrainMaH called with unexpected key: 0x33000000, drain:TX,level:3,RAT:DEFAULT
03-02 10:45:35.664  5203  5256 W ModemPowerProfile: getAverageBatteryDrainMaH called with unexpected key: 0x34000000, drain:TX,level:4,RAT:DEFAULT
03-02 10:45:35.675   589 29850 I keystore2: system/security/keystore2/src/security_level.rs:227 - entry create_operation
03-02 10:45:35.675   589 29850 I keystore2: system/security/keystore2/src/security_level.rs:232 - key: domain:r#KEY_ID, nspace:-5789728633851355842, alias:None, blob:None
03-02 10:45:35.677   589 29850 I keystore2: system/security/keystore2/src/security_level.rs:882 - entry upgrade_keyblob_if_required_with
03-02 10:45:35.678   589 29850 I keystore2: system/security/keystore2/src/security_level.rs:347 - In KeystoreSecurityLevel::create_operation: calling begin
03-02 10:45:35.679  1621  1731 I ClipboardServiceI: checkProviderWakePathForClipboard: primaryClip is null
03-02 10:45:35.683   590   590 I beanpodkeymaster: Enter BeanpodKeymaster BeginOperation
03-02 10:45:35.683   590   590 I beanpodkeymaster: cmd:4 Received 24 byte response
03-02 10:45:35.684   590   590 I beanpodkeymaster: Exit BeanpodKeymaster BeginOperation
03-02 10:45:35.684   589 29850 I keystore2: system/security/keystore2/src/security_level.rs:381 - upgraded_blob: None
03-02 10:45:35.690   590   590 I beanpodkeymaster: Enter BeanpodKeymaster UpdateOperation
03-02 10:45:35.690   590   590 I beanpodkeymaster: cmd:8 Received 24 byte response
03-02 10:45:35.691   590   590 I beanpodkeymaster: Exit BeanpodKeymaster UpdateOperation
03-02 10:45:35.692 27809 28321 W GservicesPersistence: Package com.community.oneroom is not approved to access the device ID
03-02 10:45:35.694   590   590 I beanpodkeymaster: Enter BeanpodKeymaster FinishOperation
03-02 10:45:35.700  5203  5339 D CompatChangeReporter: Compat change id reported: 263076149; UID 10125; state: ENABLED
03-02 10:45:35.703  1621  4432 D ConnectivityService: requestNetwork for uid/pid:10125/5203 activeRequest: null callbackRequest: 242191 [NetworkRequest [ REQUEST id=242192, [ Capabilities: INTERNET&NOT_RESTRICTED&TRUSTED&NOT_VCN_MANAGED&NOT_BANDWIDTH_CONSTRAINED Uid: 10125 RequestorUid: 10125 RequestorPkg: com.community.oneroom UnderlyingNetworks: Null] ]] callback flags: 0 order: 2147483647 isUidTracked: false declaredMethods: AVAIL|LOSING|LOST|UNAVAIL|BLK
03-02 10:45:35.711  1621  1843 D WifiNetworkFactory: got request NetworkRequest [ REQUEST id=242192, [ Capabilities: INTERNET&NOT_RESTRICTED&TRUSTED&NOT_VCN_MANAGED&NOT_BANDWIDTH_CONSTRAINED Uid: 10125 RequestorUid: 10125 RequestorPkg: com.community.oneroom UnderlyingNetworks: Null] ]
03-02 10:45:35.712  1621  1856 D ConnectivityService: NetReassign [242192 : null ΓåÆ 255] [c 0] [a 1] [i 7]
03-02 10:45:35.714   590   590 I beanpodkeymaster: cmd:c Received 56 byte response
03-02 10:45:35.714   590   590 I beanpodkeymaster: Exit BeanpodKeymaster FinishOperation
03-02 10:45:35.715  1621  1843 D UntrustedWifiNetworkFactory: got request NetworkRequest [ REQUEST id=242192, [ Capabilities: INTERNET&NOT_RESTRICTED&TRUSTED&NOT_VCN_MANAGED&NOT_BANDWIDTH_CONSTRAINED Uid: 10125 RequestorUid: 10125 RequestorPkg: com.community.oneroom UnderlyingNetworks: Null] ]
03-02 10:45:35.715  1621  1843 D OemPaidWifiNetworkFactory: got request NetworkRequest [ REQUEST id=242192, [ Capabilities: INTERNET&NOT_RESTRICTED&TRUSTED&NOT_VCN_MANAGED&NOT_BANDWIDTH_CONSTRAINED Uid: 10125 RequestorUid: 10125 RequestorPkg: com.community.oneroom UnderlyingNetworks: Null] ]
03-02 10:45:35.715  1621  1843 D MultiInternetWifiNetworkFactory: got request NetworkRequest [ REQUEST id=242192, [ Capabilities: INTERNET&NOT_RESTRICTED&TRUSTED&NOT_VCN_MANAGED&NOT_BANDWIDTH_CONSTRAINED Uid: 10125 RequestorUid: 10125 RequestorPkg: com.community.oneroom UnderlyingNetworks: Null] ]
03-02 10:45:35.719  5203  5256 W libc    : Access denied finding property "ro.vendor.build.security_patch"
03-02 10:45:35.720 30963 30963 W Looper  : PerfMonitor doFrame : time=687ms vsyncFrame=19737803 latency=1ms procState=-1
03-02 10:45:35.723  1621  4238 W ContentProviderHelper: No provider info for content provider com.transsion.tpush.tpms.PushContentProvider when providerRunning is false, caller is ProcessRecord{342971b 5203:com.community.oneroom/u0a125}
03-02 10:45:35.723  1621  1856 D ConnectivityService: NetReassign [no changes] [c 1] [a 0] [i 10]
03-02 10:45:35.725  5203  5290 E ActivityThread: Failed to find provider info for com.transsion.tpush.tpms.PushContentProvider
03-02 10:45:35.736   921   921 I BufferQueueProducer: [com.softnation.Ojam/com.softnation.Ojam.MainActivity#133448](this:0xb400007bcec97998,id:-1,api:0,p:-1,c:921) queueBuffer: fps=15.60 dur=1602.22 max=681.89 min=16.02
03-02 10:45:35.739  1621  1998 I mtkpower_client: perf_lock_acq, hdl:363715, dur:3000, num:4, pid:1621, tid:1998
03-02 10:45:35.739   849   868 I hwcomposer: [HWCDisplay] (0 updateFps():3667), (type:1, mode:2) fps:23.795218,dur:1134.68,max:491.76,min:14.42  
03-02 10:45:35.741   921   921 I MI-SF   : surfaceflinger setAffinity mode=0
03-02 10:45:35.741   921   921 E MI-SF   : surfaceflinger setAffinity success
03-02 10:45:35.741  1621  1998 I mtkpower_client: ret_hdl:364196
03-02 10:45:35.743   863   958 I libPowerHal: [perfLockAcq] idx:1 hdl:364196 hint:-1 pid:1621 tid:1998 duration:3000 lock_user:system_server => ret_hdl:364196
03-02 10:45:35.743 30963  5073 I HWUI    : Davey! duration=704ms; Flags=0, FrameTimelineVsyncId=181774960, IntendedVsync=609928581471391, Vsync=609928581471391, InputEventId=0, HandleInputStart=609928583080045, AnimationStart=609928583087968, PerformTraversalsStart=609929265787969, DrawStart=609929267155661, FrameDeadline=609928634732143, FrameInterval=609928582967968, FrameStartTime=16653035, SyncQueued=609929267276353, SyncStart=609929267467661, IssueDrawCommandsStart=609929268503969, SwapBuffers=609929276501584, FrameCompleted=609929286445892, DequeueBufferDuration=111153, QueueBufferDuration=1190846, GpuCompleted=609929286445892, SwapBuffersCompleted=609929280376661, DisplayPresentTime=0, CommandSubmissionCompleted=609929276501584, 
03-02 10:45:35.743   863   958 I libPowerHal: end_default_hold_time HindID : 57
03-02 10:45:35.744   863   958 I libPowerHal: [disableScenarioByHintId] Disable HindID : 21
03-02 10:45:35.744   863   958 I libPowerHal: [disableScenarioByHintId] Disable HindID : 57
03-02 10:45:35.744   863   958 I libPowerHal: [PE] system_server update ONESHOT(set) cmd:3410300 param:57 pr:3
03-02 10:45:35.744   863   958 I libPowerHal: [perfLockAcq] Done for hdl : 364196
03-02 10:45:35.744  1621  1998 I mtkpower_client: perf_lock_rel, hdl:364196, tid:1998
03-02 10:45:35.746   863   958 I libPowerHal: [perfLockRel] hdl:364196, idx:1
03-02 10:45:35.747   863   958 I libPowerHal: end_default_hold_time HindID : 57
03-02 10:45:35.747   863   958 I libPowerHal: [disableScenarioByHintId] Disable HindID : 21
03-02 10:45:35.747   863   958 I libPowerHal: [disableScenarioByHintId] Disable HindID : 57
03-02 10:45:35.747   863   958 I libPowerHal: [PD] system_server update ONESHOT(unset) cmd:3410300 param:57 pr:3
03-02 10:45:35.748   863   958 I libPowerHal: [perfLockRel] Done for hdl : 364196
03-02 10:45:35.752  1621  2665 I whetstone.activity: Power Event callback listener is empty for resId=256
03-02 10:45:35.752  1621  2665 D BatteryStatsManagerStub: notifyEvent for resId=256 used 1ms
03-02 10:45:35.760  5203  5324 D CompatChangeReporter: Compat change id reported: 253665015; UID 10125; state: ENABLED
03-02 10:45:35.762  1621  4432 D CompatChangeReporter: Compat change id reported: 253665015; UID 10125; state: ENABLED
03-02 10:45:35.762  1159  1606 D ULogGuard: Monitoring: 18 threads, 0 requests, 0 time-bombs; 1 guards. ResetFlags = 0x7
03-02 10:45:35.764  5203  5290 W System.err: java.lang.SecurityException: getDataNetworkTypeForSubscriber
03-02 10:45:35.769  1621  1842 I MiuiNetworkPolicy: updateUidState uid = 10125, uidState = 10
03-02 10:45:35.771  1621  2665 W JobScheduler: Job didn't exist in JobStore: 
03-02 10:45:35.771  5203  5290 W System.err: 	at android.os.Parcel.createExceptionOrNull(Parcel.java:3256)
03-02 10:45:35.771  5203  5290 W System.err: 	at android.os.Parcel.createException(Parcel.java:3240)
03-02 10:45:35.771  5203  5290 W System.err: 	at android.os.Parcel.readException(Parcel.java:3223)
03-02 10:45:35.771  5203  5290 W System.err: 	at android.os.Parcel.readException(Parcel.java:3165)
03-02 10:45:35.771  5203  5290 W System.err: 	at com.android.internal.telephony.ITelephony$Stub$Proxy.getNetworkTypeForSubscriber(ITelephony.java:9986)
03-02 10:45:35.771  5203  5290 W System.err: 	at android.telephony.TelephonyManager.getNetworkType(TelephonyManager.java:3255)
03-02 10:45:35.772  5203  5290 W System.err: 	at android.telephony.TelephonyManager.getNetworkType(TelephonyManager.java:3219)
03-02 10:45:35.772  5203  5290 W System.err: 	at com.transsion.core.utils.d.c(source.java:91)
03-02 10:45:35.772  5203  5290 W System.err: 	at d.i.a(source.java:1)
03-02 10:45:35.772  5203  5290 W System.err: 	at d.i.c(source.java:1)
03-02 10:45:35.772  5203  5290 W System.err: 	at d.n.b(source.java:1)
03-02 10:45:35.772  5203  5290 W System.err: 	at d.y.u(source.java:18)
03-02 10:45:35.772  5203  5290 W System.err: 	at c.a.k(source.java:73)
03-02 10:45:35.772  5203  5290 W System.err: 	at c.a.i(source.java:4)
03-02 10:45:35.772  5203  5290 W System.err: 	at c.a.b(source.java:121)
03-02 10:45:35.772  5203  5290 W System.err: 	at com.transsion.push.utils.ServiceUtils.c(source.java:1)
03-02 10:45:35.772  5203  5290 W System.err: 	at com.transsion.push.utils.ServiceUtils.a(source.java:1)
03-02 10:45:35.772  5203  5290 W System.err: 	at com.transsion.push.utils.ServiceUtils$a.run(source.java:13)
03-02 10:45:35.772  5203  5290 W System.err: 	at java.util.concurrent.ThreadPoolExecutor.runWorker(ThreadPoolExecutor.java:1154)
03-02 10:45:35.772  5203  5290 W System.err: 	at java.util.concurrent.ThreadPoolExecutor$Worker.run(ThreadPoolExecutor.java:652)
03-02 10:45:35.773  5203  5290 W System.err: 	at java.lang.Thread.run(Thread.java:1563)
03-02 10:45:35.785  2350  2350 W Settings: Setting airplane_mode_on has moved from android.provider.Settings.System to android.provider.Settings.Global, returning read-only value.
03-02 10:45:35.790  2350  2350 W Settings: Setting airplane_mode_on has moved from android.provider.Settings.System to android.provider.Settings.Global, returning read-only value.
03-02 10:45:35.796  1621  1842 I MiuiNetworkPolicy: updateUidState uid = 10125, uidState = 19
03-02 10:45:35.803  2350 29580 D NetworkSpeedTracker: updateSignalInfo lteRsrp=-72lteSnr=18,phoneId=1
03-02 10:45:35.812  2350 29580 D NetworkSpeedTracker: updateSignalInfo lteRsrp=-72lteSnr=18,phoneId=1
03-02 10:45:35.874  1055  1186 D connsyslogger: SD_LOG_ROOT is /data/debuglogger/connsyslog/fw.
03-02 10:45:35.874  1055  1186 D connsyslogger: systemReady:1
03-02 10:45:35.912 13966 13999 I earchbox:search: Explicit concurrent mark compact GC freed 14MB AllocSpace bytes, 8(288KB) LOS objects, 56% free, 18MB/42MB, paused 1.981ms,13.382ms total 553.809ms
03-02 10:45:35.955  1621  2665 D ActivityManager: getProcessesInErrorState callingUid=10126, CallingPid=31485
03-02 10:45:35.968  5203  5329 I okhttp.OkHttpClient: --> GET https://api.paynicorn.com/trade/extend/transaction/currencyinfo?region=NG h2
03-02 10:45:35.968  5203  5329 I okhttp.OkHttpClient: Host: api.paynicorn.com
03-02 10:45:35.968  5203  5329 I okhttp.OkHttpClient: Connection: Keep-Alive
03-02 10:45:35.968  5203  5329 I okhttp.OkHttpClient: Accept-Encoding: gzip
03-02 10:45:35.968  5203  5329 I okhttp.OkHttpClient: User-Agent: okhttp/4.9.3
03-02 10:45:35.969  5203  5329 I okhttp.OkHttpClient: sdkVersion: 1.0.2.2
03-02 10:45:35.969  5203  5329 I okhttp.OkHttpClient: appVersion: 3.0.03.0529.03
03-02 10:45:35.969  5203  5329 I okhttp.OkHttpClient: deviceId: 9bd1d5fe36db3f3367717eb14a934373
03-02 10:45:35.969  5203  5329 I okhttp.OkHttpClient: platform: android
03-02 10:45:35.969  5203  5329 I okhttp.OkHttpClient: Content-Type: application/json;charset=UTF-8
03-02 10:45:35.969  5203  5329 I okhttp.OkHttpClient: --> END GET
03-02 10:45:35.987   849  1430 I hwcomposer: [HWC] (0)fire a callback of refresh to SF[4]  
03-02 10:45:36.012   921   921 I MI-SF   : surfaceflinger setAffinity mode=1
03-02 10:45:36.012   921   921 E MI-SF   : surfaceflinger setAffinity success
03-02 10:45:36.012   921   921 I MI-SF   : surfaceflinger setreAffinity reTid=1207
03-02 10:45:36.012   921   921 E MI-SF   : surfaceflinger setAffinity success
03-02 10:45:36.073 30963  5110 W unknown:ReactNative: StatusBarModule: Ignored status bar change, current activity is edge-to-edge.
03-02 10:45:36.073 30963  5110 W unknown:ReactNative: StatusBarModule: Ignored status bar change, current activity is edge-to-edge.
03-02 10:45:36.154 30963  5020 I softnation.Ojam: NativeAlloc concurrent mark compact GC freed 14MB AllocSpace bytes, 195(4892KB) LOS objects, 66% free, 14MB/43MB, paused 1.341ms,6.653ms total 172.220ms
03-02 10:45:36.158   921  1166 I SurfaceFlinger: onHandleDestroyed: name=Surface(name=b17cc34 Splash Screen com.softnation.Ojam#133440)/@0x25e1fd2 - animation-leash of starting_reveal#133453, layerId=133453, parentId=0
03-02 10:45:36.168   921   921 I BufferQueueDebug: [Surface(name=b17cc34 Splash Screen com.softnation.Ojam#133440)/@0x25e1fd2 - animation-leash of starting_reveal#133453](this:0xb400007bcecb13a8,id:-1,api:0,p:-1,c:921) onDestructor()
03-02 10:45:36.172   921   921 I MI-SF   : surfaceflinger setAffinity mode=0
03-02 10:45:36.172   921   921 E MI-SF   : surfaceflinger setAffinity success
03-02 10:45:36.201   861   947 I libPerfCtl: xgfGetFPS pid:921 fps:-1
03-02 10:45:36.201   861   947 I libPerfCtl: xgfGetFPS pid:2363 fps:-1
03-02 10:45:36.201   861   947 I libPerfCtl: xgfGetFPS pid:30963 fps:-1
03-02 10:45:36.228  5203  5329 I okhttp.OkHttpClient: <-- 200 https://api.paynicorn.com/trade/extend/transaction/currencyinfo?region=NG (258ms)
03-02 10:45:36.228  5203  5329 I okhttp.OkHttpClient: date: Mon, 02 Mar 2026 09:45:36 GMT
03-02 10:45:36.228  5203  5329 I okhttp.OkHttpClient: content-type: application/json
03-02 10:45:36.228  5203  5329 I okhttp.OkHttpClient: content-length: 97
03-02 10:45:36.228  5203  5329 I okhttp.OkHttpClient: via: 1.1 google
03-02 10:45:36.228  5203  5329 I okhttp.OkHttpClient: alt-svc: h3=":443"; ma=2592000,h3-29=":443"; ma=2592000
03-02 10:45:36.228  5203  5329 I okhttp.OkHttpClient: {"code":200,"message":"success","data":{"countryCode":"NG","currency":"NGN","mobileCode":"234"}}
03-02 10:45:36.229  5203  5329 I okhttp.OkHttpClient: <-- END HTTP (97-byte body)
03-02 10:45:36.313  1201  1298 D AALService: [CRTC_114] onALIChanged: 23 -> 33
03-02 10:45:36.364 13966 13999 I earchbox:search: Explicit concurrent mark compact GC freed 1156KB AllocSpace bytes, 0(0B) LOS objects, 56% free, 18MB/42MB, paused 1.523ms,10.402ms total 448.605ms
03-02 10:45:36.373 13966 13999 D nativeloader: Load /data/app/~~zxyH2ZASsHfTq5CoJVJtmQ==/com.google.android.googlequicksearchbox-_0C7rvbNeoG2PtSH0JbZFA==/base.apk!/lib/arm64-v8a/libnative_gc_jni.so using class loader ns clns-7 (caller=/data/app/~~zxyH2ZASsHfTq5CoJVJtmQ==/com.google.android.googlequicksearchbox-_0C7rvbNeoG2PtSH0JbZFA==/base.apk!classes2.dex): ok
03-02 10:45:36.374 13966 13999 I A       : Successfully loaded native gc jni library
03-02 10:45:36.376 13966 13999 I app_process: Native memory cannot be purged, Android API level < 28.
03-02 10:45:36.391   849  1430 I hwcomposer: [HWC] (0)fire a callback of refresh to SF[4]  
03-02 10:45:36.413   921   921 I BufferQueueProducer: [FramebufferSurface](this:0xb400007d8e9dff50,id:-1,api:1,p:921,c:921) queueBuffer: fps=1.71 dur=1167.40 max=763.02 min=404.38
03-02 10:45:36.416   921   921 I MI-SF   : surfaceflinger setAffinity mode=1
03-02 10:45:36.416   921   921 E MI-SF   : surfaceflinger setAffinity success
03-02 10:45:36.416   921   921 I MI-SF   : surfaceflinger setreAffinity reTid=1207
03-02 10:45:36.416   921   921 E MI-SF   : surfaceflinger setAffinity success
03-02 10:45:36.426  1621  2665 D AS.BtHelper: isBluetoothScoOn() mBluetoothHeadset is null: falsemBluetoothHeadsetDevice is null: true
03-02 10:45:36.426  1621  2665 V AS.AudioDeviceBroker: requestedCommunicationDevice: null mAudioModeOwner: AudioModeInfo: mMode=MODE_NORMAL, mPid=0, mUid=0
03-02 10:45:36.427  1621  2665 D AS.BtHelper: isBluetoothScoOn() mBluetoothHeadset is null: falsemBluetoothHeadsetDevice is null: true
