03-02 10:45:18.918   857   857 D android.hardware.lights-service.mediatek: write 379 to /sys/class/mi_display/disp-DSI-0/brightness_clone, result: 0
03-02 10:45:18.933   857   857 D android.hardware.lights-service.mediatek: write 380 to /sys/class/leds/lcd-backlight/brightness, result: 0
03-02 10:45:18.934   857   857 D android.hardware.lights-service.mediatek: write 380 to /sys/class/mi_display/disp-DSI-0/brightness_clone, result: 0
03-02 10:45:18.951   857   857 D android.hardware.lights-service.mediatek: write 381 to /sys/class/leds/lcd-backlight/brightness, result: 0
03-02 10:45:18.951   857   857 D android.hardware.lights-service.mediatek: write 381 to /sys/class/mi_display/disp-DSI-0/brightness_clone, result: 0
03-02 10:45:18.966   857   857 D android.hardware.lights-service.mediatek: write 382 to /sys/class/leds/lcd-backlight/brightness, result: 0
03-02 10:45:18.967   857   857 D android.hardware.lights-service.mediatek: write 382 to /sys/class/mi_display/disp-DSI-0/brightness_clone, result: 0
03-02 10:45:18.972   861   947 I libPerfCtl: xgfGetFPS pid:921 fps:-1
03-02 10:45:18.973   861   947 I libPerfCtl: xgfGetFPS pid:1999 fps:-1
03-02 10:45:18.973   861   947 I libPerfCtl: xgfGetFPS pid:2363 fps:-1
03-02 10:45:18.973   861   947 I libPerfCtl: xgfGetFPS pid:11917 fps:-1
03-02 10:45:18.973   861   947 I libPerfCtl: xgfGetFPS pid:13966 fps:-1
03-02 10:45:18.973   861   947 I libPerfCtl: xgfGetFPS pid:14013 fps:-1
03-02 10:45:18.983   857   857 D android.hardware.lights-service.mediatek: write 383 to /sys/class/leds/lcd-backlight/brightness, result: 0
03-02 10:45:18.984   857   857 D android.hardware.lights-service.mediatek: write 383 to /sys/class/mi_display/disp-DSI-0/brightness_clone, result: 0
03-02 10:45:19.017   857   857 D android.hardware.lights-service.mediatek: write 384 to /sys/class/leds/lcd-backlight/brightness, result: 0
03-02 10:45:19.017   857   857 D android.hardware.lights-service.mediatek: write 384 to /sys/class/mi_display/disp-DSI-0/brightness_clone, result: 0
03-02 10:45:19.050   857   857 D android.hardware.lights-service.mediatek: write 386 to /sys/class/leds/lcd-backlight/brightness, result: 0
03-02 10:45:19.051   857   857 D android.hardware.lights-service.mediatek: write 386 to /sys/class/mi_display/disp-DSI-0/brightness_clone, result: 0
03-02 10:45:19.093  1621  2188 D FileUtils: Rounded bytes from 8055762944 to 16000000000
03-02 10:45:19.098 13966 13985 V ClearcutMetricXmitter: Transmission is done.
03-02 10:45:19.100   857   857 D android.hardware.lights-service.mediatek: write 388 to /sys/class/leds/lcd-backlight/brightness, result: 0
03-02 10:45:19.100   857   857 D android.hardware.lights-service.mediatek: write 388 to /sys/class/mi_display/disp-DSI-0/brightness_clone, result: 0
03-02 10:45:19.104 13966 13985 V ClearcutMetricXmitter: Transmission is done.
03-02 10:45:19.117   857   857 D android.hardware.lights-service.mediatek: write 391 to /sys/class/leds/lcd-backlight/brightness, result: 0
03-02 10:45:19.118   857   857 D android.hardware.lights-service.mediatek: write 391 to /sys/class/mi_display/disp-DSI-0/brightness_clone, result: 0
03-02 10:45:19.131  2363  2540 E SurfaceComposerClient: SurfaceComposerClient::Transaction::setAlpha: invalid alpha 1.000010, clamping
03-02 10:45:19.136   857   857 D android.hardware.lights-service.mediatek: write 392 to /sys/class/leds/lcd-backlight/brightness, result: 0
03-02 10:45:19.136   857   857 D android.hardware.lights-service.mediatek: write 392 to /sys/class/mi_display/disp-DSI-0/brightness_clone, result: 0
03-02 10:45:19.139  1621  2834 I ClipboardServiceI: checkProviderWakePathForClipboard: primaryClip is null
03-02 10:45:19.148  2363  2540 E SurfaceComposerClient: SurfaceComposerClient::Transaction::setAlpha: invalid alpha 1.000046, clamping
03-02 10:45:19.150   857   857 D android.hardware.lights-service.mediatek: write 393 to /sys/class/leds/lcd-backlight/brightness, result: 0
03-02 10:45:19.151   857   857 D android.hardware.lights-service.mediatek: write 393 to /sys/class/mi_display/disp-DSI-0/brightness_clone, result: 0
03-02 10:45:19.164  2363  2540 E SurfaceComposerClient: SurfaceComposerClient::Transaction::setAlpha: invalid alpha 1.000064, clamping
03-02 10:45:19.166  2363  2540 E SurfaceComposerClient: SurfaceComposerClient::Transaction::setAlpha: invalid alpha 1.000064, clamping
03-02 10:45:19.167  2363  2477 D SoScUtils: monitorTransitionFinished transition:android.os.BinderProxy@1742d77 transaction: android.view.SurfaceControl$Transaction@fcdb64f mRequestCloseTransition:null mRequestOpenTransition:null mRequestOpenTransitionWithSameTask size:0 mPairsOpenTransition:null mPairsOpenTransitionNull:null mRequestOpenTriggerTask:-1 mRequestCloseTriggerTask:-1 mOrientationTransition: null mMainStartingTask:-1 mSideStartingTask:-1
03-02 10:45:19.167   857   857 D android.hardware.lights-service.mediatek: write 394 to /sys/class/leds/lcd-backlight/brightness, result: 0
03-02 10:45:19.167   857   857 D android.hardware.lights-service.mediatek: write 394 to /sys/class/mi_display/disp-DSI-0/brightness_clone, result: 0
03-02 10:45:19.169   921   921 I BufferQueueProducer: [StatusBar#109](this:0xb400007bcec4ab68,id:-1,api:0,p:-1,c:921) queueBuffer: fps=1.00 dur=1001.74 max=1001.74 min=1001.74
03-02 10:45:19.172  1621  1638 D WindowManager: Finish Transition (#10149): created at 03-02 10:45:18.348 collect-started=0.053ms request-sent=20.533ms started=28.347ms ready=171.485ms sent=188.33ms finished=823.303ms
03-02 10:45:19.173 13966 13966 D VRI[FloatyActivity]: visibilityChanged oldVisibility=true newVisibility=false
03-02 10:45:19.174  1999  1999 D VRI[Launcher]: visibilityChanged oldVisibility=true newVisibility=false
03-02 10:45:19.174 14013 14013 D VRI[LauncherMinusOneScreen]: visibilityChanged oldVisibility=true newVisibility=false
03-02 10:45:19.176  1621  2665 I Transition: finishTransition: updateLastSurfacePosition tf=Task{7fe659c #37028 type=standard A=10337:com.softnation.Ojam}
03-02 10:45:19.176 11917 11917 D VRI[globalminusscreen]: visibilityChanged oldVisibility=true newVisibility=false
03-02 10:45:19.176  2061  2061 I MiuiWallpaper-ImageWallpaper: onVisibilityChanged, visible = false, ret=true
03-02 10:45:19.178   921  1587 W VsyncModulator: setTransactionSchedule: Unexpected EarlyEnd
03-02 10:45:19.178  2363  2477 I RemoteTransitionHandlerStubImpl: invokeAndRemoveWctCB transition is null, curWctCB: null
03-02 10:45:19.178  2061  2061 I MiuiWallpaper-MiuiKeyguardPictorialWallpaper: onVisibilityChanged, visible = false, ret=true
03-02 10:45:19.180  1621  2665 W UserManagerService: Requested status bar icon for non-badged user 0
03-02 10:45:19.182  1621  2665 W UserManagerService: Requested status bar icon for non-badged user 0
03-02 10:45:19.184  1621  2834 W UserManagerService: Requested status bar icon for non-badged user 0
03-02 10:45:19.185   849   868 I hwcomposer: [HWCDisplay] (0 updateFps():3667), (type:1, mode:2) fps:45.407925,dur:1013.04,max:55.79,min:14.84  
03-02 10:45:19.185   857   857 D android.hardware.lights-service.mediatek: write 395 to /sys/class/leds/lcd-backlight/brightness, result: 0
03-02 10:45:19.185   857   857 D android.hardware.lights-service.mediatek: write 395 to /sys/class/mi_display/disp-DSI-0/brightness_clone, result: 0
03-02 10:45:19.187  1621  1651 I ActivityTaskManager: visible for Task{7fe659c #37028 type=standard A=10337:com.softnation.Ojam} visible = true isAnimating = false TRANSITION = false PARENTS = false CHILDREN = false
03-02 10:45:19.188   921   921 I SurfaceFlinger: onHandleDestroyed: name=Transition Root #10149: Task=37028#133442, layerId=133442, parentId=0
03-02 10:45:19.194   921   921 I MI-SF   : surfaceflinger setAffinity mode=0
03-02 10:45:19.194   921   921 E MI-SF   : surfaceflinger setAffinity success
03-02 10:45:19.198  2363  2477 D MiuiFreeformModeCornerTipHandler: task#37027 onTaskVanished
03-02 10:45:19.198  1621  2665 I SmartPower: com.google.android.googlequicksearchbox:search/10165(13966): visible->invisible(75210ms) R(become invisible) adj=0.
03-02 10:45:19.198  2363  2477 I MiuiBubbleController: removeBubble: 37027 reason=2
03-02 10:45:19.198  1621  2665 I SmartPower: com.google.android.googlequicksearchbox:googleapp/10165(14013): visible->invisible(1265ms) R(become invisible) adj=100.
03-02 10:45:19.199  1621  2665 I SmartPower: com.google.android.googlequicksearchbox:search/10165(13966): invisible->background(0ms) R(become background) adj=0.
03-02 10:45:19.199  1621  2665 I SmartPower: com.google.android.googlequicksearchbox:googleapp/10165(14013): invisible->background(1ms) R(become background) adj=100.
03-02 10:45:19.199  1621  2665 I SmartPower: com.google.android.googlequicksearchbox:interactor/10165(5969): invisible->background(75955ms) R(become background) adj=100.
03-02 10:45:19.199  1621  2665 I SmartPower: com.miui.home/10166(1999): visible->invisible(1086ms) R(become invisible) adj=100.
03-02 10:45:19.199  2363  2477 I MultiTaskingTaskInfo: before call clearMaskControl task id = 37027, CoverLayerController = null, callers=com.android.wm.shell.multitasking.taskmanager.MultiTaskingTaskListener.onTaskInfoChanged:268 com.android.wm.shell.ShellTaskOrganizer.onTaskInfoChanged:145 android.window.TaskOrganizer$1.lambda$onTaskInfoChanged$7:322 android.window.TaskOrganizer$1.$r8$lambda$WEHIPeFifg1My6LbK9dElRxchX4:0 android.window.TaskOrganizer$1$$ExternalSyntheticLambda7.run:0 
03-02 10:45:19.199  1621  2665 I SmartPower: com.miui.home/10166(1999): invisible->background(0ms) R(become background) adj=100.
03-02 10:45:19.199  2363  2477 I MultiTaskingTaskRepository: onTaskInfoChanged multi list = [5, 4], full = [37028, 37027, 37019, 36980]
03-02 10:45:19.200  2363  2477 D MiuiFreeformModeController: onFocusTaskChanged taskInfo: TaskInfo{userId=0 taskId=37027 displayId=0 isRunning=true baseIntent=Intent { flg=0x14850000 pkg=com.google.android.googlequicksearchbox cmp=com.google.android.googlequicksearchbox/com.google.android.apps.search.assistant.surfaces.voice.robin.ui.floaty.activity.FloatyActivity } baseActivity=ComponentInfo{com.google.android.googlequicksearchbox/com.google.android.apps.search.assistant.surfaces.voice.robin.ui.floaty.activity.FloatyActivity} topActivity=ComponentInfo{com.google.android.googlequicksearchbox/com.google.android.apps.search.assistant.surfaces.voice.robin.ui.floaty.activity.FloatyActivity} origActivity=null realActivity=ComponentInfo{com.google.android.googlequicksearchbox/com.google.android.apps.search.assistant.surfaces.voice.robin.ui.floaty.activity.FloatyActivity} numActivities=1 lastActiveTime=1027677782 supportsSplitScreenMultiWindow=true supportsMultiWindow=true resizeMode=2 isResizeable=true minWidth=-1 minHeight=-1 defaultMinSize=200 token=WCT{android.window.IWindowContainerToken$Stub$Proxy@83ce1dc} topActivityType=1 pictureInPictureParams=null shouldDockBigOverlays=false launchIntoPipHostTaskId=-1 lastParentTaskIdBeforePip=-1 displayCutoutSafeInsets=Rect(0, 104 - 0, 0) topActivityInfo=ActivityInfo{ae562e5 com.google.android.apps.search.assistant.surfaces.voice.robin.ui.floaty.activity.FloatyActivity} launchCookies=[] positionInParent=Point(0, 0) parentTaskId=-1 isFocused=true isVisible=false isVisibleRequested=false isSleeping=false locusId=null displayAreaFeatureId=1 isTopActivityTransparent=true appCompatTaskInfo=AppCompatTaskInfo { topActivityInSizeCompat=false topActivityEligibleForLetterboxEducation= falseisLetterboxEducationEnabled= false isLetterboxDoubleTapEnabled= false topActivityEligibleForUserAspectRatioButton= false topActivityBoundsLetterboxed= false isFromLetterboxDoubleTap= false topActivityLetterboxVerticalPosition= -1 topActivityLetterboxHorizontalPosition= -1 topActivityLetterboxWidth=1080 topActivityLetterboxHeight=2460 isUserFullscreenOverrideEnabled=false isSystemFullscreenOverrideEnabled=false cameraCompatTaskInfo=CameraCompatTaskInfo { cameraCompatControlState=hidden freeformCameraCompatMode=inactive}} isImmersive=false mTopActivityRequestOrientation=-2 mBehindAppLockPkg=null mOriginatingUid=0 isEmbedded=false shouldBeVisible=false mIsCastMode=false mTopActivityMediaSize=null mTopActivityRecordName=ActivityRecord{6d71709 u0 com.google.android.googlequicksearchbox/com.google.android.apps.search.assistant.surfaces.voice.robin.ui.floaty.activity.FloatyActivity t37027} mTopActivityOrientation=-2}
03-02 10:45:19.200   857   857 D android.hardware.lights-service.mediatek: write 396 to /sys/class/leds/lcd-backlight/brightness, result: 0
03-02 10:45:19.203   857   857 D android.hardware.lights-service.mediatek: write 396 to /sys/class/mi_display/disp-DSI-0/brightness_clone, result: 0
03-02 10:45:19.205  1621  2665 D MiuiRefreshRatePolicy: reset
03-02 10:45:19.209  1999  2756 D EventBus: No subscribers registered for event class com.miui.home.recents.messages.RecentTasksChangedEvent
03-02 10:45:19.209   921   921 I BufferQueueDebug: [Transition Root #10149: Task=37028#133442](this:0xb400007bcec8c358,id:-1,api:0,p:-1,c:921) onDestructor()
03-02 10:45:19.210  1999  2756 D EventBus: No subscribers registered for event class org.greenrobot.eventbus.NoSubscriberEvent
03-02 10:45:19.210   921   921 I SurfaceFlinger: onHandleDestroyed: name=b724b3 ActivityRecordInputSink com.miui.home/.launcher.Launcher#133437, layerId=133437, parentId=0
03-02 10:45:19.211  1999  2684 D RecentsModel: onTaskStackChangedBackground    MSG_TASK_STACK_CHANGE
03-02 10:45:19.211  1999  2684 D RecentsModel: boostTaskStackChangedThread once, tid=2684, recentResourceLoaderTid=2525
03-02 10:45:19.211  1999  2684 W MiBridge: Permission not granted !!
03-02 10:45:19.211  1999  2684 D Launcher.Boost: setDynamicVIPTaskIfNeeded::tid = 2684 duration = 500
03-02 10:45:19.211   921   921 I SurfaceFlinger: onHandleDestroyed: name=cb85cd3 ActivityRecordInputSink com.google.android.googlequicksearchbox/com.google.android.apps.search.assistant.surfaces.voice.robin.ui.floaty.activity.FloatyActivity#133414, layerId=133414, parentId=0
03-02 10:45:19.210  2363  2477 I MultiTaskingTaskRepository: needSkip: is home task
03-02 10:45:19.217  1621  2834 I SmartPower: com.mi.globalminusscreen/10162(11917): visible->invisible(1270ms) R(become invisible) adj=100.
03-02 10:45:19.218  1999  2756 D EventBus: No subscribers registered for event class com.miui.home.recents.messages.RecentTasksChangedEvent
03-02 10:45:19.218  1621  2834 I SmartPower: com.mi.globalminusscreen/10162(11917): invisible->background(1ms) R(become background) adj=100.
03-02 10:45:19.218  1999  2756 D EventBus: No subscribers registered for event class org.greenrobot.eventbus.NoSubscriberEvent
03-02 10:45:19.220  1621  2834 D MiuiRefreshRatePolicy: reset
03-02 10:45:19.223   921   921 I BufferQueueDebug: [b724b3 ActivityRecordInputSink com.miui.home/.launcher.Launcher#133437](this:0xb400007bcec97998,id:-1,api:0,p:-1,c:921) onDestructor()
03-02 10:45:19.224   921   921 I BufferQueueDebug: [cb85cd3 ActivityRecordInputSink com.google.android.googlequicksearchbox/com.google.android.apps.search.assistant.surfaces.voice.robin.ui.floaty.activity.FloatyActivity#133414](this:0xb400007bcecc8028,id:-1,api:0,p:-1,c:921) onDestructor()
03-02 10:45:19.225  1621  1922 I SmartPower: com.google.android.adservices.api/10261(5464): idle->background(395902ms) R(add to whitelist) adj=100.
03-02 10:45:19.229  1621  1922 I SmartPower: com.google.android.webview:sandboxed_process0:org.chromium.content.app.SandboxedPridle->background(395907ms) R(add to whitelist) adj=100.
03-02 10:45:19.232 14013 14013 D BLASTBufferQueue: [VRI[LauncherMinusOneScreen]#11](f:0,a:1) destructor()
03-02 10:45:19.234   921  2359 I BpBinder: onLastStrongRef automatically unlinking death recipients: 
03-02 10:45:19.234   857   857 D android.hardware.lights-service.mediatek: write 397 to /sys/class/leds/lcd-backlight/brightness, result: 0
03-02 10:45:19.234   857   857 D android.hardware.lights-service.mediatek: write 397 to /sys/class/mi_display/disp-DSI-0/brightness_clone, result: 0
03-02 10:45:19.235   849  1423 W hwcomposer: [DRMDEV] paramIsSame(), id 34717, w 1080/1080, h 2460/2460, pitch 1088/1088, format 0x1/0x2, secure 0/0  
03-02 10:45:19.238 14013 14013 D BufferQueueConsumer: [VRI[LauncherMinusOneScreen]#11(BLAST Consumer)11](id:36bd0000000b,api:0,p:-1,c:14013) disconnect
03-02 10:45:19.240 31107 31419 E msys    : E[N mns]_OnDiskCacheGetData(632)=>Start post callback cache refresh DNS resolution
03-02 10:45:19.245  1621  1651 D MiuiRefreshRatePolicy: reset
03-02 10:45:19.245 11917 11917 D BLASTBufferQueue: [VRI[globalminusscreen]#32](f:0,a:1) destructor()
03-02 10:45:19.246   921  2359 I BpBinder: onLastStrongRef automatically unlinking death recipients: 
03-02 10:45:19.246 11917 11917 D BufferQueueConsumer: [VRI[globalminusscreen]#32(BLAST Consumer)32](id:2e8d00000020,api:0,p:-1,c:11917) disconnect
03-02 10:45:19.247  1621  1651 I ActivityTaskManager: visible for Task{7fe659c #37028 type=standard A=10337:com.softnation.Ojam} visible = true isAnimating = false TRANSITION = false PARENTS = false CHILDREN = false
03-02 10:45:19.248 31107 31419 E msys    : E[N mns]_LogError(228)=>Failed to resolve using system DNS resolver, getaddrinfo(): No address associated with hostname
03-02 10:45:19.249  1621  2200 D MiuiRefreshRatePolicy: reset
03-02 10:45:19.249 31107 31419 E msys    : E[N mns]_OnDiskCacheGetData(632)=>Start post callback cache refresh DNS resolution
03-02 10:45:19.251  1621  2665 I ATMSImpl: cacheTasksForDefaultDisplay size=5
03-02 10:45:19.252 31107 31419 E msys    : E[N mns]_LogError(228)=>Failed to resolve using system DNS resolver, getaddrinfo(): No address associated with hostname
03-02 10:45:19.253   857   857 D android.hardware.lights-service.mediatek: write 399 to /sys/class/leds/lcd-backlight/brightness, result: 0
03-02 10:45:19.253   857   857 D android.hardware.lights-service.mediatek: write 399 to /sys/class/mi_display/disp-DSI-0/brightness_clone, result: 0
03-02 10:45:19.254 13966 13966 D BLASTBufferQueue: [VRI[FloatyActivity]#0](f:0,a:3) destructor()
03-02 10:45:19.254  1621  1731 D MiuiRefreshRatePolicy: reset
03-02 10:45:19.255   921  1166 I BpBinder: onLastStrongRef automatically unlinking death recipients: 
03-02 10:45:19.255 13966 13966 D BufferQueueConsumer: [VRI[FloatyActivity]#0(BLAST Consumer)0](id:368e00000000,api:0,p:-1,c:13966) disconnect
03-02 10:45:19.260  1621  2188 I ATMSImpl: cacheTasksForDefaultDisplay size=5
03-02 10:45:19.262  1999  1999 D BLASTBufferQueue: [VRI[Launcher]#1191](f:0,a:1) destructor()
03-02 10:45:19.262   921  1587 I BpBinder: onLastStrongRef automatically unlinking death recipients: 
03-02 10:45:19.263  1999  1999 D BufferQueueConsumer: [VRI[Launcher]#1191(BLAST Consumer)1191](id:7cf0000056f,api:0,p:-1,c:1999) disconnect
03-02 10:45:19.264  1999  2684 D RecentsModel: getRunningTask ignoreActivityType : 2 ,ignoreWindowMode:5
03-02 10:45:19.264  1999  2684 W RecentsModel: getRunningTask   taskInfo=TaskInfo{userId=0 taskId=37028 displayId=0 isRunning=true baseIntent=Intent { flg=0x10000000 cmp=com.softnation.Ojam/.MainActivity } baseActivity=ComponentInfo{com.softnation.Ojam/com.softnation.Ojam.MainActivity} topActivity=ComponentInfo{com.softnation.Ojam/com.softnation.Ojam.MainActivity} origActivity=null realActivity=ComponentInfo{com.softnation.Ojam/com.softnation.Ojam.MainActivity} numActivities=1 lastActiveTime=1027678683 supportsSplitScreenMultiWindow=true supportsMultiWindow=true resizeMode=1 isResizeable=true minWidth=-1 minHeight=-1 defaultMinSize=200 token=WCT{android.window.IWindowContainerToken$Stub$Proxy@d917ffc} topActivityType=1 pictureInPictureParams=null shouldDockBigOverlays=false launchIntoPipHostTaskId=-1 lastParentTaskIdBeforePip=-1 displayCutoutSafeInsets=null topActivityInfo=ActivityInfo{4da7685 com.softnation.Ojam.MainActivity} launchCookies=[] positionInParent=Point(0, 0) parentTaskId=-1 isFocused=false isVisible=true isVisibleRequested=true isSleeping=false locusId=null displayAreaFeatureId=1 isTopActivityTransparent=false appCompatTaskInfo=AppCompatTaskInfo { topActivityInSizeCompat=false topActivityEligibleForLetterboxEducation= falseisLetterboxEducationEnabled= false isLetterboxDoubleTapEnabled= false topActivityEligibleForUserAspectRatioButton= false topActivityBoundsLetterboxed= false isFromLetterboxDoubleTap= false topActivityLetterboxVerticalPosition= -1 topActivityLetterboxHorizontalPosition= -1 topActivityLetterboxWidth=1080 topActivityLetterboxHeight=2460 isUserFullscreenOverrideEnabled=false isSystemFullscreenOverrideEnabled=false cameraCompatTaskInfo=CameraCompatTaskInfo { cameraCompatControlState=hidden freeformCameraCompatMode=inactive}} isImmersive=false mTopActivityRequestOrientation=1 mBehindAppLockPkg=null mOriginatingUid=0 isEmbedded=false shouldBeVisible=true mIsCastMode=false mTopActivityMediaSize=null mTopActivityRecordName=ActivityRecord{1c9866e u0 com.softnation.Ojam/.MainActivity t37028} mTopActivityOrientation=1}
03-02 10:45:19.264  1999  2684 D RecentsModel: preloadRecents runningTaskId:37028, mCurrentRunningTaskId:-1, mRecentsTaskLoadPlan=com.android.systemui.shared.recents.model.RecentsTaskLoadPlan@ff2cda
03-02 10:45:19.265  1621  4763 I ATMSImpl: cacheTasksForDefaultDisplay size=5
03-02 10:45:19.268  1999  2684 E ActivityManagerWrapper: get all recent tasks force including 37028
03-02 10:45:19.269  1621  1651 I ActivityTaskManager: visible for Task{7fe659c #37028 type=standard A=10337:com.softnation.Ojam} visible = true isAnimating = false TRANSITION = false PARENTS = false CHILDREN = false
03-02 10:45:19.270  1621  1918 E HyperSentinel: -------------------------------------------------------
03-02 10:45:19.271  1621  1918 E HyperSentinel: Event_ResidentSize
03-02 10:45:19.271  1621  1918 E HyperSentinel: -> audit event by proc 30963 "usap64": RSS increasement, peak 109452kb -> 164180kb
03-02 10:45:19.273  1621  1651 D MiuiRefreshRatePolicy: reset
03-02 10:45:19.274  1999  2684 D ActivityManagerWrapper: groupedRecentTaskInfoCompat.getMainTaskId :37027, isExcluded is True
03-02 10:45:19.274  1999  2684 E ActivityManagerWrapper: getRecentTasksForceIncludingTaskIdIfValid: getRecentTasks: size=4
03-02 10:45:19.274  1999  2684 E ActivityManagerWrapper:  mainTaskId=37028   userId=0   windowMode=1   baseIntent=Intent { act=null flag=268435456 cmp=ComponentInfo{com.softnation.Ojam/com.softnation.Ojam.MainActivity} }
03-02 10:45:19.274  1999  2684 E ActivityManagerWrapper:  mainTaskId=37027   userId=0   windowMode=1   baseIntent=Intent { act=null flag=344260608 cmp=ComponentInfo{com.google.android.googlequicksearchbox/com.google.android.apps.search.assistant.surfaces.voice.robin.ui.floaty.activity.FloatyActivity} }
03-02 10:45:19.274  1999  2684 E ActivityManagerWrapper:  mainTaskId=37019   userId=0   windowMode=1   baseIntent=Intent { act=null flag=268435456 cmp=ComponentInfo{com.whatsapp/com.whatsapp.home.ui.HomeActivity} }
03-02 10:45:19.274  1999  2684 E ActivityManagerWrapper:  mainTaskId=36980   userId=0   windowMode=1   baseIntent=Intent { act=android.intent.action.MAIN flag=270532608 cmp=ComponentInfo{com.twitter.android/com.twitter.android.StartActivity} }
03-02 10:45:19.283  1999  2684 D TaskSnapshotCompatVV: getIsInvalidateFromTaskSnapshot, return, mTaskSnapshot=null, mTaskSnapshotClazz=null
03-02 10:45:19.283  1999  2684 D RecentsModel: onTaskStackChangedBackground    MSG_TASK_STACK_CHANGE
03-02 10:45:19.283  1999  2684 D RecentsModel: boostTaskStackChangedThread, don't boost
03-02 10:45:19.285  1621  1651 I ActivityTaskManager: visible for Task{7fe659c #37028 type=standard A=10337:com.softnation.Ojam} visible = true isAnimating = false TRANSITION = false PARENTS = false CHILDREN = false
03-02 10:45:19.288  1621  2188 D PerfShielderService: com.android.systemui|com.android.systemui-Nav-831445295|166|609911927862121|60|5|7
03-02 10:45:19.289  4243  5184 W MiuiPerfServiceClient: interceptAndQueuing:2363|com.android.systemui|166|60|609911927862121|Slow issue draw commands|7
03-02 10:45:19.289  1621  4763 I ATMSImpl: cacheTasksForDefaultDisplay size=5
03-02 10:45:19.292  1999  2684 D RecentsModel: getRunningTask ignoreActivityType : 2 ,ignoreWindowMode:5
03-02 10:45:19.293  1999  2684 W RecentsModel: getRunningTask   taskInfo=TaskInfo{userId=0 taskId=37028 displayId=0 isRunning=true baseIntent=Intent { flg=0x10000000 cmp=com.softnation.Ojam/.MainActivity } baseActivity=ComponentInfo{com.softnation.Ojam/com.softnation.Ojam.MainActivity} topActivity=ComponentInfo{com.softnation.Ojam/com.softnation.Ojam.MainActivity} origActivity=null realActivity=ComponentInfo{com.softnation.Ojam/com.softnation.Ojam.MainActivity} numActivities=1 lastActiveTime=1027678711 supportsSplitScreenMultiWindow=true supportsMultiWindow=true resizeMode=1 isResizeable=true minWidth=-1 minHeight=-1 defaultMinSize=200 token=WCT{android.window.IWindowContainerToken$Stub$Proxy@22f96e7} topActivityType=1 pictureInPictureParams=null shouldDockBigOverlays=false launchIntoPipHostTaskId=-1 lastParentTaskIdBeforePip=-1 displayCutoutSafeInsets=null topActivityInfo=ActivityInfo{be7d294 com.softnation.Ojam.MainActivity} launchCookies=[] positionInParent=Point(0, 0) parentTaskId=-1 isFocused=false isVisible=true isVisibleRequested=true isSleeping=false locusId=null displayAreaFeatureId=1 isTopActivityTransparent=false appCompatTaskInfo=AppCompatTaskInfo { topActivityInSizeCompat=false topActivityEligibleForLetterboxEducation= falseisLetterboxEducationEnabled= false isLetterboxDoubleTapEnabled= false topActivityEligibleForUserAspectRatioButton= false topActivityBoundsLetterboxed= false isFromLetterboxDoubleTap= false topActivityLetterboxVerticalPosition= -1 topActivityLetterboxHorizontalPosition= -1 topActivityLetterboxWidth=1080 topActivityLetterboxHeight=2460 isUserFullscreenOverrideEnabled=false isSystemFullscreenOverrideEnabled=false cameraCompatTaskInfo=CameraCompatTaskInfo { cameraCompatControlState=hidden freeformCameraCompatMode=inactive}} isImmersive=false mTopActivityRequestOrientation=1 mBehindAppLockPkg=null mOriginatingUid=0 isEmbedded=false shouldBeVisible=true mIsCastMode=false mTopActivityMediaSize=null mTopActivityRecordName=ActivityRecord{1c9866e u0 com.softnation.Ojam/.MainActivity t37028} mTopActivityOrientation=1}
03-02 10:45:19.293  1999  2684 D RecentsModel: preloadRecents runningTaskId:37028, mCurrentRunningTaskId:-1, mRecentsTaskLoadPlan=com.android.systemui.shared.recents.model.RecentsTaskLoadPlan@655f13d
03-02 10:45:19.294  1999  2684 E ActivityManagerWrapper: get all recent tasks force including 37028
03-02 10:45:19.298  1999  2684 D ActivityManagerWrapper: groupedRecentTaskInfoCompat.getMainTaskId :37027, isExcluded is True
03-02 10:45:19.298  1999  2684 E ActivityManagerWrapper: getRecentTasksForceIncludingTaskIdIfValid: getRecentTasks: size=4
03-02 10:45:19.298  1999  2684 E ActivityManagerWrapper:  mainTaskId=37028   userId=0   windowMode=1   baseIntent=Intent { act=null flag=268435456 cmp=ComponentInfo{com.softnation.Ojam/com.softnation.Ojam.MainActivity} }
03-02 10:45:19.298  1999  2684 E ActivityManagerWrapper:  mainTaskId=37027   userId=0   windowMode=1   baseIntent=Intent { act=null flag=344260608 cmp=ComponentInfo{com.google.android.googlequicksearchbox/com.google.android.apps.search.assistant.surfaces.voice.robin.ui.floaty.activity.FloatyActivity} }
03-02 10:45:19.298  1999  2684 E ActivityManagerWrapper:  mainTaskId=37019   userId=0   windowMode=1   baseIntent=Intent { act=null flag=268435456 cmp=ComponentInfo{com.whatsapp/com.whatsapp.home.ui.HomeActivity} }
03-02 10:45:19.298  1999  2684 E ActivityManagerWrapper:  mainTaskId=36980   userId=0   windowMode=1   baseIntent=Intent { act=android.intent.action.MAIN flag=270532608 cmp=ComponentInfo{com.twitter.android/com.twitter.android.StartActivity} }
03-02 10:45:19.300   857   857 D android.hardware.lights-service.mediatek: write 400 to /sys/class/leds/lcd-backlight/brightness, result: 0
03-02 10:45:19.300   857   857 D android.hardware.lights-service.mediatek: write 400 to /sys/class/mi_display/disp-DSI-0/brightness_clone, result: 0
03-02 10:45:19.301   921   921 I BufferQueueProducer: [NavigationBar0#101619](this:0xb400007bced454e8,id:-1,api:0,p:-1,c:921) queueBuffer: fps=11.82 dur=1184.90 max=897.68 min=12.73
03-02 10:45:19.308  1999  2684 D TaskSnapshotCompatVV: getIsInvalidateFromTaskSnapshot, return, mTaskSnapshot=null, mTaskSnapshotClazz=null
03-02 10:45:19.317   857   857 D android.hardware.lights-service.mediatek: write 403 to /sys/class/leds/lcd-backlight/brightness, result: 0
03-02 10:45:19.317   857   857 D android.hardware.lights-service.mediatek: write 403 to /sys/class/mi_display/disp-DSI-0/brightness_clone, result: 0
03-02 10:45:19.319  2363  2648 W RenderInspector: DequeueBuffer time out on NavigationBar0, count=6, avg=19 ms, max=51 ms.
03-02 10:45:19.329  1621  4763 D AS.BtHelper: isBluetoothScoOn() mBluetoothHeadset is null: falsemBluetoothHeadsetDevice is null: true
03-02 10:45:19.329  1621  4763 V AS.AudioDeviceBroker: requestedCommunicationDevice: null mAudioModeOwner: AudioModeInfo: mMode=MODE_NORMAL, mPid=0, mUid=0
03-02 10:45:19.329  1621  4763 D AS.BtHelper: isBluetoothScoOn() mBluetoothHeadset is null: falsemBluetoothHeadsetDevice is null: true
03-02 10:45:19.330  1621  4763 V AS.AudioDeviceBroker: requestedCommunicationDevice: null mAudioModeOwner: AudioModeInfo: mMode=MODE_NORMAL, mPid=0, mUid=0
03-02 10:45:19.333   857   857 D android.hardware.lights-service.mediatek: write 404 to /sys/class/leds/lcd-backlight/brightness, result: 0
03-02 10:45:19.334   857   857 D android.hardware.lights-service.mediatek: write 404 to /sys/class/mi_display/disp-DSI-0/brightness_clone, result: 0
03-02 10:45:19.350   857   857 D android.hardware.lights-service.mediatek: write 405 to /sys/class/leds/lcd-backlight/brightness, result: 0
03-02 10:45:19.350   857   857 D android.hardware.lights-service.mediatek: write 405 to /sys/class/mi_display/disp-DSI-0/brightness_clone, result: 0
03-02 10:45:19.584  1177  1177 I thermal_src: recvmsg_expect 5, but get 2 
03-02 10:45:19.584  1177  1177 V thermal_src: TA_DAEMON_CMD_GET_TPCB:ERROR ret=-1
03-02 10:45:19.584  1177  1177 E thermal_src: get_tpcb_from_kernel:error -1. retry...
03-02 10:45:19.584  1177  1177 I thermal_src: recvmsg_expect 5, but get 2 
03-02 10:45:19.584  1177  1177 V thermal_src: TA_DAEMON_CMD_GET_TPCB:ERROR ret=-1
03-02 10:45:19.584  1177  1177 E thermal_src: get_tpcb_from_kernel:error -1. retry...
03-02 10:45:19.584  1177  1177 I thermal_src: recvmsg_expect 4, but get 5 
03-02 10:45:19.584  1177  1177 V thermal_src: TA_DAEMON_CMD_SET_TTJ:ERROR ret=-1
03-02 10:45:19.584  1177  1177 E thermal_src: set_ttj_to_kernel 1:error -1
03-02 10:45:19.584  1177  1177 I thermal_src: recvmsg_expect 2, but get 5 
03-02 10:45:19.584  1177  1177 V thermal_src: waiting NOTIFY from kernel miss, -1
03-02 10:45:19.584  1177  1177 I thermal_src: recvmsg_expect 2, but get 4 
03-02 10:45:19.584  1177  1177 V thermal_src: waiting NOTIFY from kernel miss, -1
03-02 10:45:19.743 30963 30963 D nativeloader: Configuring clns-7 for other apk /data/app/~~Bh61wenJZi6JNVEuOkVQfQ==/com.softnation.Ojam-nnCVAdHxKfOmup5FCuBDYQ==/base.apk. target_sdk_version=36, uses_libraries=, library_path=/data/app/~~Bh61wenJZi6JNVEuOkVQfQ==/com.softnation.Ojam-nnCVAdHxKfOmup5FCuBDYQ==/lib/arm64:/data/app/~~Bh61wenJZi6JNVEuOkVQfQ==/com.softnation.Ojam-nnCVAdHxKfOmup5FCuBDYQ==/base.apk!/lib/arm64-v8a, permitted_path=/data:/mnt/expand:/data/user/0/com.softnation.Ojam
03-02 10:45:19.769 30963 30963 V GraphicsEnvironment: Currently set values for:
03-02 10:45:19.769 30963 30963 V GraphicsEnvironment:   angle_gl_driver_selection_pkgs=[]
03-02 10:45:19.769 30963 30963 V GraphicsEnvironment:   angle_gl_driver_selection_values=[]
03-02 10:45:19.769 30963 30963 V GraphicsEnvironment: Global.Settings values are invalid: number of packages: 0, number of values: 0
03-02 10:45:19.769 30963 30963 V GraphicsEnvironment: Neither updatable production driver nor prerelease driver is supported.
03-02 10:45:19.773 30963 30963 I ActivityThread: TrafficStats init done
03-02 10:45:19.778  1621  2665 D ForceDarkAppConfigProvider: cloudConfigVersion: -1   localConfigVersion:20250515
03-02 10:45:19.778  1621  2665 I UiModeManager: systemserver package:com.softnation.Ojam null
03-02 10:45:19.779 30963 30963 I ForceDarkHelperStubImpl: initialize for com.softnation.Ojam , ForceDarkAppConfig: null
03-02 10:45:19.785 30963 30963 D nativeloader: Load libforcedarkimpl.so using system ns (caller=/system_ext/framework/miui-framework.jar): ok
03-02 10:45:19.785 30963 30963 D HWUI    : JNI_OnLoad success
03-02 10:45:19.786 30963 30963 I MiuiForceDarkConfig: setConfig density:2.750000, mainRule:0, secondaryRule:0, tertiaryRule:0
03-02 10:45:19.791 30963 30963 I ActivityThread: Miui Feature Init done
03-02 10:45:19.869  1055  1186 D connsyslogger: SD_LOG_ROOT is /data/debuglogger/connsyslog/fw.
03-02 10:45:19.870  1055  1186 D connsyslogger: systemReady:1
03-02 10:45:19.940 30963 30963 W FirebaseApp: Default FirebaseApp failed to initialize because no default options were found. This usually means that com.google.gms:google-services was not applied to your gradle project.
03-02 10:45:19.940 30963 30963 I FirebaseInitProvider: FirebaseApp initialization unsuccessful
03-02 10:45:19.940  1621  2665 D ActivityManager: getProcessesInErrorState callingUid=10126, CallingPid=31485
03-02 10:45:19.973   861   947 I libPerfCtl: xgfGetFPS pid:921 fps:-1
03-02 10:45:19.973   861   947 I libPerfCtl: xgfGetFPS pid:2363 fps:-1
03-02 10:45:19.973   861   947 I libPerfCtl: xgfGetFPS pid:13966 fps:-1
03-02 10:45:19.983  1621  2665 I ClipboardServiceI: checkProviderWakePathForClipboard: primaryClip is null
03-02 10:45:19.985 32719  5039 W BpBinder: Slow Binder: BpBinder transact took 324 ms, interface=android.content.IContentProvider, code=1 oneway=false
03-02 10:45:19.996 30963 30963 W SoLoader: Initializing SoLoader: 0
03-02 10:45:19.998 30963 30963 W SoLoader: Recording new base apk path: /data/app/~~Bh61wenJZi6JNVEuOkVQfQ==/com.softnation.Ojam-nnCVAdHxKfOmup5FCuBDYQ==/base.apk
03-02 10:45:19.998 30963 30963 W SoLoader: Previously recorded 0 base apk paths.
03-02 10:45:20.001 30963 30963 I SoLoader: Preparing SO source: DirectorySoSource[root = /vendor/lib64 flags = 2]
03-02 10:45:20.001 30963 30963 I SoLoader: Preparing SO source: DirectorySoSource[root = /system/lib64 flags = 2]
03-02 10:45:20.001 30963 30963 I SoLoader: Preparing SO source: DirectApkSoSource[root = [/data/app/~~Bh61wenJZi6JNVEuOkVQfQ==/com.softnation.Ojam-nnCVAdHxKfOmup5FCuBDYQ==/base.apk!/lib/arm64-v8a]]
03-02 10:45:20.123 30963 30963 I SoLoader: Preparing SO source: ApplicationSoSource[DirectorySoSource[root = /data/app/~~Bh61wenJZi6JNVEuOkVQfQ==/com.softnation.Ojam-nnCVAdHxKfOmup5FCuBDYQ==/lib/arm64 flags = 0]]
03-02 10:45:20.123 30963 30963 I SoLoader: init finish: 4 SO sources prepared
03-02 10:45:20.123 30963 30963 W SoLoader: SoLoader initialized: 8
03-02 10:45:20.165 30963 30963 D nativeloader: Load /data/app/~~Bh61wenJZi6JNVEuOkVQfQ==/com.softnation.Ojam-nnCVAdHxKfOmup5FCuBDYQ==/base.apk!/lib/arm64-v8a/libc++_shared.so using class loader ns clns-7 (caller=/data/app/~~Bh61wenJZi6JNVEuOkVQfQ==/com.softnation.Ojam-nnCVAdHxKfOmup5FCuBDYQ==/base.apk!classes20.dex): ok
03-02 10:45:20.166  1621  1918 E HyperSentinel: -------------------------------------------------------
03-02 10:45:20.167  1621  1918 E HyperSentinel: Event_OpenFileFDSize
03-02 10:45:20.167  1621  1918 E HyperSentinel: -> audit event by proc 1621 "system_server": Fd increasement, peak, 1173 -> 1097
03-02 10:45:20.168  1621  1917 D MiuiSentinelService: begin judgment FdAmountLeakException
03-02 10:45:20.183 30963 30963 D nativeloader: Load /data/app/~~Bh61wenJZi6JNVEuOkVQfQ==/com.softnation.Ojam-nnCVAdHxKfOmup5FCuBDYQ==/base.apk!/lib/arm64-v8a/libjsi.so using class loader ns clns-7 (caller=/data/app/~~Bh61wenJZi6JNVEuOkVQfQ==/com.softnation.Ojam-nnCVAdHxKfOmup5FCuBDYQ==/base.apk!classes20.dex): ok
03-02 10:45:20.185   849   868 I hwcomposer: [HWCDisplay] (0 updateFps():3667), (type:1, mode:2) fps:56.977070,dur:1000.40,max:73.91,min:7.57  
03-02 10:45:20.200 30963 30963 D nativeloader: Load /data/app/~~Bh61wenJZi6JNVEuOkVQfQ==/com.softnation.Ojam-nnCVAdHxKfOmup5FCuBDYQ==/base.apk!/lib/arm64-v8a/libfbjni.so using class loader ns clns-7 (caller=/data/app/~~Bh61wenJZi6JNVEuOkVQfQ==/com.softnation.Ojam-nnCVAdHxKfOmup5FCuBDYQ==/base.apk!classes20.dex): ok
03-02 10:45:20.216 30963 30963 D nativeloader: Load /data/app/~~Bh61wenJZi6JNVEuOkVQfQ==/com.softnation.Ojam-nnCVAdHxKfOmup5FCuBDYQ==/base.apk!/lib/arm64-v8a/libreactnative.so using class loader ns clns-7 (caller=/data/app/~~Bh61wenJZi6JNVEuOkVQfQ==/com.softnation.Ojam-nnCVAdHxKfOmup5FCuBDYQ==/base.apk!classes20.dex): ok
03-02 10:45:20.216 30963 30963 D jni_lib_merge: Entering merged library JNI_OnLoad.
03-02 10:45:20.216 30963 30963 D jni_lib_merge: Preparing 12 pre-merged libs (including stub)
03-02 10:45:20.216 30963 30963 D jni_lib_merge: Preparing to register libfabricjni_so.  onload_func: 0x789407fce0
03-02 10:45:20.216 30963 30963 D jni_lib_merge: Preparing to register libreact_devsupportjni_so.  onload_func: 0x7894279fc8
03-02 10:45:20.216 30963 30963 D jni_lib_merge: Preparing to register libreact_featureflagsjni_so.  onload_func: 0x7894288518
03-02 10:45:20.216 30963 30963 D jni_lib_merge: Preparing to register libreact_newarchdefaults_so.  onload_func: 0x78942f06a8
03-02 10:45:20.216 30963 30963 D jni_lib_merge: Preparing to register libreactnativeblob_so.  onload_func: 0x78944e0cb4
03-02 10:45:20.216 30963 30963 D jni_lib_merge: Preparing to register libreactnativejni_so.  onload_func: 0x789452e6bc
03-02 10:45:20.216 30963 30963 D jni_lib_merge: Preparing to register libreactnativejni_common_so.  onload_func: 0x789453f044
03-02 10:45:20.216 30963 30963 D jni_lib_merge: Preparing to register librninstance_so.  onload_func: 0x7894586764
03-02 10:45:20.216 30963 30963 D jni_lib_merge: Preparing to register libturbomodulejsijni_so.  onload_func: 0x789469ef68
03-02 10:45:20.216 30963 30963 D jni_lib_merge: Preparing to register libuimanagerjni_so.  onload_func: 0x78946b7fb8
03-02 10:45:20.216 30963 30963 D jni_lib_merge: Preparing to register libyoga_so.  onload_func: 0x78946c7a3c
03-02 10:45:20.216 30963 30963 D jni_lib_merge: About to register 11 actual methods.
03-02 10:45:20.226 31107 31419 E msys    : E[N mns]_OnDiskCacheGetData(632)=>Start post callback cache refresh DNS resolution
03-02 10:45:20.230 31107 31419 E msys    : E[N mns]_LogError(228)=>Failed to resolve using system DNS resolver, getaddrinfo(): No address associated with hostname
03-02 10:45:20.254 30963 30963 D nativeloader: Load /data/app/~~Bh61wenJZi6JNVEuOkVQfQ==/com.softnation.Ojam-nnCVAdHxKfOmup5FCuBDYQ==/base.apk!/lib/arm64-v8a/libreact_codegen_rnscreens.so using class loader ns clns-7 (caller=/data/app/~~Bh61wenJZi6JNVEuOkVQfQ==/com.softnation.Ojam-nnCVAdHxKfOmup5FCuBDYQ==/base.apk!classes20.dex): ok
03-02 10:45:20.254 30963 30963 D jni_lib_merge: Entering merged library JNI_OnLoad.
03-02 10:45:20.254 30963 30963 D jni_lib_merge: Preparing 12 pre-merged libs (including stub)
03-02 10:45:20.254 30963 30963 D jni_lib_merge: Preparing to register libfabricjni_so.  onload_func: 0x789407fce0
03-02 10:45:20.254 30963 30963 D jni_lib_merge: Preparing to register libreact_devsupportjni_so.  onload_func: 0x7894279fc8
03-02 10:45:20.254 30963 30963 D jni_lib_merge: Preparing to register libreact_featureflagsjni_so.  onload_func: 0x7894288518
03-02 10:45:20.254 30963 30963 D jni_lib_merge: Preparing to register libreact_newarchdefaults_so.  onload_func: 0x78942f06a8
03-02 10:45:20.254 30963 30963 D jni_lib_merge: Preparing to register libreactnativeblob_so.  onload_func: 0x78944e0cb4
03-02 10:45:20.254 30963 30963 D jni_lib_merge: Preparing to register libreactnativejni_so.  onload_func: 0x789452e6bc
03-02 10:45:20.254 30963 30963 D jni_lib_merge: Preparing to register libreactnativejni_common_so.  onload_func: 0x789453f044
03-02 10:45:20.254 30963 30963 D jni_lib_merge: Preparing to register librninstance_so.  onload_func: 0x7894586764
03-02 10:45:20.254 30963 30963 D jni_lib_merge: Preparing to register libturbomodulejsijni_so.  onload_func: 0x789469ef68
03-02 10:45:20.254 30963 30963 D jni_lib_merge: Preparing to register libuimanagerjni_so.  onload_func: 0x78946b7fb8
03-02 10:45:20.254 30963 30963 D jni_lib_merge: Preparing to register libyoga_so.  onload_func: 0x78946c7a3c
03-02 10:45:20.254 30963 30963 D jni_lib_merge: About to register 11 actual methods.
03-02 10:45:20.270 30963 30963 D nativeloader: Load /data/app/~~Bh61wenJZi6JNVEuOkVQfQ==/com.softnation.Ojam-nnCVAdHxKfOmup5FCuBDYQ==/base.apk!/lib/arm64-v8a/libreact_codegen_RNCSlider.so using class loader ns clns-7 (caller=/data/app/~~Bh61wenJZi6JNVEuOkVQfQ==/com.softnation.Ojam-nnCVAdHxKfOmup5FCuBDYQ==/base.apk!classes20.dex): ok
03-02 10:45:20.288 30963 30963 D nativeloader: Load /data/app/~~Bh61wenJZi6JNVEuOkVQfQ==/com.softnation.Ojam-nnCVAdHxKfOmup5FCuBDYQ==/base.apk!/lib/arm64-v8a/libreact_codegen_rnsvg.so using class loader ns clns-7 (caller=/data/app/~~Bh61wenJZi6JNVEuOkVQfQ==/com.softnation.Ojam-nnCVAdHxKfOmup5FCuBDYQ==/base.apk!classes20.dex): ok
03-02 10:45:20.288 30963 30963 D jni_lib_merge: Entering merged library JNI_OnLoad.
03-02 10:45:20.288 30963 30963 D jni_lib_merge: Preparing 12 pre-merged libs (including stub)
03-02 10:45:20.288 30963 30963 D jni_lib_merge: Preparing to register libfabricjni_so.  onload_func: 0x789407fce0
03-02 10:45:20.289 30963 30963 D jni_lib_merge: Preparing to register libreact_devsupportjni_so.  onload_func: 0x7894279fc8
03-02 10:45:20.289 30963 30963 D jni_lib_merge: Preparing to register libreact_featureflagsjni_so.  onload_func: 0x7894288518
03-02 10:45:20.289 30963 30963 D jni_lib_merge: Preparing to register libreact_newarchdefaults_so.  onload_func: 0x78942f06a8
03-02 10:45:20.289 30963 30963 D jni_lib_merge: Preparing to register libreactnativeblob_so.  onload_func: 0x78944e0cb4
03-02 10:45:20.289 30963 30963 D jni_lib_merge: Preparing to register libreactnativejni_so.  onload_func: 0x789452e6bc
03-02 10:45:20.289 30963 30963 D jni_lib_merge: Preparing to register libreactnativejni_common_so.  onload_func: 0x789453f044
03-02 10:45:20.289 30963 30963 D jni_lib_merge: Preparing to register librninstance_so.  onload_func: 0x7894586764
03-02 10:45:20.289 30963 30963 D jni_lib_merge: Preparing to register libturbomodulejsijni_so.  onload_func: 0x789469ef68
03-02 10:45:20.289 30963 30963 D jni_lib_merge: Preparing to register libuimanagerjni_so.  onload_func: 0x78946b7fb8
03-02 10:45:20.289 30963 30963 D jni_lib_merge: Preparing to register libyoga_so.  onload_func: 0x78946c7a3c
03-02 10:45:20.289 30963 30963 D jni_lib_merge: About to register 11 actual methods.
03-02 10:45:20.305 30963 30963 D nativeloader: Load /data/app/~~Bh61wenJZi6JNVEuOkVQfQ==/com.softnation.Ojam-nnCVAdHxKfOmup5FCuBDYQ==/base.apk!/lib/arm64-v8a/libreact_codegen_safeareacontext.so using class loader ns clns-7 (caller=/data/app/~~Bh61wenJZi6JNVEuOkVQfQ==/com.softnation.Ojam-nnCVAdHxKfOmup5FCuBDYQ==/base.apk!classes20.dex): ok
03-02 10:45:20.313 30963 30963 D nativeloader: Load /data/app/~~Bh61wenJZi6JNVEuOkVQfQ==/com.softnation.Ojam-nnCVAdHxKfOmup5FCuBDYQ==/base.apk!/lib/arm64-v8a/libappmodules.so using class loader ns clns-7 (caller=/data/app/~~Bh61wenJZi6JNVEuOkVQfQ==/com.softnation.Ojam-nnCVAdHxKfOmup5FCuBDYQ==/base.apk!classes20.dex): ok
03-02 10:45:20.317   921   921 I BufferQueueProducer: [NavigationBar0#101619](this:0xb400007bced454e8,id:-1,api:0,p:-1,c:921) queueBuffer: fps=60.04 dur=1016.04 max=17.03 min=16.29
03-02 10:45:20.319  2363  2477 D MiuiFreeformModeCornerTipHandler: task#37028 onTaskVanished
03-02 10:45:20.319  2363  2477 I MiuiBubbleController: removeBubble: 37028 reason=2
03-02 10:45:20.319  2363  2477 I MultiTaskingTaskRepository: onTaskInfoChanged multi list = [5, 4], full = [37028, 37027, 37019, 36980]
03-02 10:45:20.322  1621  2665 I PowerHalWrapper: amsBoostNotify pid:30963,activity:com.softnation.Ojam.MainActivity, package:com.softnation.Ojam, mProcessCreatePackcom.softnation.Ojam 
03-02 10:45:20.322  1621  2665 I PowerHalWrapper: state: 1 
03-02 10:45:20.323  1621  2665 I ScnModule: [GameDetection] packname: com.softnation.Ojam, apkSize: 113045479. 
03-02 10:45:20.323  1621  2665 I mtkpower_client: [PowerHal_Wrap_notifyAppState] com.softnation.Ojam/com.softnation.Ojam.MainActivity pid=30963 activityId:29984366 state:1
03-02 10:45:20.324   861   861 I vendor.mediatek.hardware.mtkpower_applist-service.mediatek: packName: com.softnation.Ojam actName: com.softnation.Ojam.MainActivity pid: 30963 activityId: 29984366 uid: 10337 state: 1
03-02 10:45:20.324   861   861 I MTK_APPList: [notifyAPPstate] com.softnation.Ojam/com.softnation.Ojam.MainActivity, pid=30963, activityId=29984366, uid=10337, state:RESUMED, fps:-1, win:0
03-02 10:45:20.324   861   861 I MTK_APPList: [notifyAPPstate] multi_resumed_app_count: 2
03-02 10:45:20.324   861   861 I MTK_APPList: [notifyAPPstate] multi_resumed_app_info[0] com.android.systemui/com.android.systemui._190038181, pid:2363, activityId:-1, fps:-1, isMultiWindow:0
03-02 10:45:20.324   861   861 I MTK_APPList: [notifyAPPstate] multi_resumed_app_info[1] com.softnation.Ojam/com.softnation.Ojam.MainActivity, pid:30963, activityId:29984366, fps:-1, isMultiWindow:0
03-02 10:45:20.324   861   861 I MTK_APPList: [getForegroundAPPCount] 2
03-02 10:45:20.324   861   861 I MTK_APPList: [notifyAPPstate] foreground:com.softnation.Ojam, pid:30963, activityId:29984366, uid:10337
03-02 10:45:20.324   861   861 I MTK_APPList: [notifyNetdUID] 10337
03-02 10:45:20.325  1621  2665 I PowerHalWrapper: amsBoostNotify AMS_BOOST_PROCESS_CREATE_BOOST:true 
03-02 10:45:20.325  1621  1621 D MBrainLocalService: isVendorFreezeConditionPass is false
03-02 10:45:20.325  1621  1621 E MBrainLocalService: notifyAppSwitch failed
03-02 10:45:20.325   861   861 I MTK_APPList: [notifyPID] 30963
03-02 10:45:20.326  1124  2142 D ResourceManagerServiceNew: update package name: com.softnation.Ojam
03-02 10:45:20.326   863   958 I libPowerHal: [perfSetSysInfo] pid type:24, 30963
03-02 10:45:20.326  1621  1650 D ActivityManager: mediaResourceManagerBinder get success
03-02 10:45:20.326   861   861 I MTK_APPList: [notifyAPPstate] pc:0, com.google.android.googlequicksearchbox => com.softnation.Ojam
03-02 10:45:20.327  1124  2142 D ResourceManagerServiceNew: packageName: com.softnation.Ojam, uid : 10337, hashCode : 216988581
03-02 10:45:20.328  1124  2142 D ResourceManagerServiceNew: ResourceManagerService::setCodecsVppModeWithLock
03-02 10:45:20.328  1621  1745 W AlarmManager: Unrecognized alarm listener com.android.server.usage.AppTimeLimitController$SessionUsageGroup@b329b7c
03-02 10:45:20.328  1124  2142 D ResourceManagerServiceNew: all codecs setVppMode return fail
03-02 10:45:20.329  1621  1907 D MiuiMultiWindowUtils: DeviceLevel.IS_MIUI_LITE_VERSION 2.0 not support miui multiWindowtides
03-02 10:45:20.329  1621  1907 D BluetoothAdapter: getActiveDevices(profile= A2DP)
03-02 10:45:20.329  6515  7082 D PerfEngineController: ForegroundInfo{mForegroundPackageName='com.softnation.Ojam', mForegroundUid=10337, mForegroundPid=30963, mLastForegroundPackageName='com.google.android.googlequicksearchbox', mLastForegroundUid=10165, mLastForegroundPid=13966, mMultiWindowForegroundPackageName='com.softnation.Ojam', mMultiWindowForegroundUid=10337, mFlags=1}
03-02 10:45:20.329  6027  3111 I ProcessMonitor: onForegroundInfoChanged: ForegroundInfo{mForegroundPackageName='com.softnation.Ojam', mForegroundUid=10337, mForegroundPid=30963, mLastForegroundPackageName='com.google.android.googlequicksearchbox', mLastForegroundUid=10165, mLastForegroundPid=13966, mMultiWindowForegroundPackageName='com.softnation.Ojam', mMultiWindowForegroundUid=10337, mFlags=1}
03-02 10:45:20.330  6027 20777 D v1      : myUserId = 0	currentUserId0
03-02 10:45:20.330  6027  3111 I VideoBoxUtils: isSupportVideoBox: false
03-02 10:45:20.330  6027  3111 I VideoToolBoxService: vtb is closed!!!
03-02 10:45:20.332  1621  1907 D BluetoothAdapter: getActiveDevices(profile= HEADSET)
03-02 10:45:20.333  1621  2665 D AS.BtHelper: isBluetoothScoOn() mBluetoothHeadset is null: falsemBluetoothHeadsetDevice is null: true
03-02 10:45:20.333  1621  2665 V AS.AudioDeviceBroker: requestedCommunicationDevice: null mAudioModeOwner: AudioModeInfo: mMode=MODE_NORMAL, mPid=0, mUid=0
03-02 10:45:20.334  1621  2665 D AS.BtHelper: isBluetoothScoOn() mBluetoothHeadset is null: falsemBluetoothHeadsetDevice is null: true
03-02 10:45:20.334  1621  2665 V AS.AudioDeviceBroker: requestedCommunicationDevice: null mAudioModeOwner: AudioModeInfo: mMode=MODE_NORMAL, mPid=0, mUid=0
03-02 10:45:20.335  1621  1907 D BluetoothAdapter: getActiveDevices(profile= LE_AUDIO)
03-02 10:45:20.337 18562 13194 E BluetoothAdapterService: getActiveDevices: LeAudioService is null
03-02 10:45:20.337 30963 30963 W Looper  : PerfMonitor longMsg : seq=3 plan=10:45:18.645 late=7ms wall=1675ms h=android.app.ActivityThread$H w=110 procState=-1
03-02 10:45:20.338  1621  1907 D AudioSystem: +setParameters(): foregroundUid=10337;bluetoothlowlatencystatus=false 
03-02 10:45:20.338  1621  1907 D AudioSystem: start get log level!
03-02 10:45:20.338 30963 30963 W libc    : Access denied finding property "ro.vendor.perf.scroll_opt"
03-02 10:45:20.339   843   968 D AudioALSAHardware: +setParameters(): bluetoothlowlatencystatus=false;foregroundUid=10337
03-02 10:45:20.339   843   968 D AudioALSAHardware: -setParameters(): bluetoothlowlatencystatus=false;foregroundUid=10337
03-02 10:45:20.340   843   968 E AHAL_Module: setVendorParameters: default: unrecognized parameter "bluetoothlowlatencystatus=false;foregroundUid=10337"
03-02 10:45:20.340   894  2682 E ConversionHelperAidl: Function: parseAndSetVendorParameters Line: 97 Failed 
03-02 10:45:20.341   843   968 D AHAL_ModuleBluetooth: setVendorParameters: parameter count 1, async: 0
