03-02 10:45:33.651   894  1367 D AudioFlinger_Threads: updateWakeLockUids_l AudioOut_25 uids:
03-02 10:45:33.670 31107 31419 E msys    : E[N mns]_OnDiskCacheGetData(632)=>Start post callback cache refresh DNS resolution
03-02 10:45:33.678  1621  1856 D ConnectivityService: NetReassign [no changes] [c 0] [a 2] [i 5]
03-02 10:45:33.680 31107 31419 E msys    : E[N mns]_LogError(228)=>Failed to resolve using system DNS resolver, getaddrinfo(): No address associated with hostname
03-02 10:45:33.680 31107 31419 E msys    : E[N mns]_OnDiskCacheGetData(632)=>Start post callback cache refresh DNS resolution
03-02 10:45:33.684 31107 31419 E msys    : E[N mns]_LogError(228)=>Failed to resolve using system DNS resolver, getaddrinfo(): No address associated with hostname
03-02 10:45:33.703 30963 30963 I MediaSessionImpl: Init 787593a [AndroidXMedia3/1.8.0] [tides, 2404ARN45A, Xiaomi, 35]
03-02 10:45:33.731 30963 30963 I MediaSessionCompat: Couldn't find a unique registered media button receiver in the given context.
03-02 10:45:33.738  1621  4238 I MediaSessionStack: addSession to bottom of stack | record: com.softnation.Ojam/androidx.media3.session.id./80 (userId=0)
03-02 10:45:33.738  1621  4238 D MediaSessionService: Media button session is changed to com.softnation.Ojam/androidx.media3.session.id./80 (userId=0)
03-02 10:45:33.741 18562 18562 W MediaPlayerList: onMediaKeyEventSessionChanged(Token): android.media.session.MediaSession$Token@6c986da
03-02 10:45:33.741  2363  3215 I ActiveAudioSessionManager_export-api: controllerSize:0
03-02 10:45:33.743 18562 18562 I MediaPlayerList: Adding wrapped media player: com.softnation.Ojam at key: 1
03-02 10:45:33.743  2363  3215 I ActiveAudioSessionManager_export-api: stopPositionCallbackTask
03-02 10:45:33.743 18562 18562 I MediaPlayerList: onMediaKeyEventSessionChanged: token=com.softnation.Ojam
03-02 10:45:33.743  2363  3215 I ActiveAudioSessionManager_export-api: dispatchSessionsExistsChangeCallbackLocked :false
03-02 10:45:33.743  2363 19600 I ActiveAudioSessionManager_export-api: controllerSize:0
03-02 10:45:33.743  2363 19600 I ActiveAudioSessionManager_export-api: stopPositionCallbackTask
03-02 10:45:33.744  2363 19600 I ActiveAudioSessionManager_export-api: dispatchSessionsExistsChangeCallbackLocked :false
03-02 10:45:33.744  2363 19600 I MiPlayServiceAdapter: markSessionKilled
03-02 10:45:33.744  2363 19600 I ActiveAudioSessionManager_export-api: controllerSize:0
03-02 10:45:33.745  2363 19600 I ActiveAudioSessionManager_export-api: stopPositionCallbackTask
03-02 10:45:33.745  2363 19600 I ActiveAudioSessionManager_export-api: dispatchSessionsExistsChangeCallbackLocked :false
03-02 10:45:33.745  2363 19600 I MiPlayServiceAdapter: markSessionKilled
03-02 10:45:33.745  2363  3215 I ActiveAudioSessionManager_export-api: controllerSize:0
03-02 10:45:33.745  2363  3215 I ActiveAudioSessionManager_export-api: stopPositionCallbackTask
03-02 10:45:33.745  2363  3215 I ActiveAudioSessionManager_export-api: dispatchSessionsExistsChangeCallbackLocked :false
03-02 10:45:33.745 18562 18562 D MediaPlayerList: setActivePlayer(): setting player to com.softnation.Ojam
03-02 10:45:33.746  1621  4238 I MediaSessionService: tempAllowlistTargetPkgIfPossible callingPackage:com.android.bluetooth targetPackage:com.softnation.Ojam reason:MediaSessionRecord:android.support.v4.media.session.command.GET_EXTRA_BINDER [WIU] [FGS]
03-02 10:45:33.750  1621  1746 E JobScheduler.Background: Couldn't determine stopped state for unknown package: com.google.android.apps.turbo
03-02 10:45:33.751  1621  1746 E JobScheduler.Background: Couldn't determine stopped state for unknown package: com.google.android.apps.turbo
03-02 10:45:33.751  1621  1746 E JobScheduler.Background: Couldn't determine stopped state for unknown package: com.google.android.apps.turbo
03-02 10:45:33.751  1621  1746 E JobScheduler.Background: Couldn't determine stopped state for unknown package: com.google.android.apps.turbo
03-02 10:45:33.751  1621  1746 E JobScheduler.Background: Couldn't determine stopped state for unknown package: com.google.android.apps.turbo
03-02 10:45:33.753 18562 18562 D MediaPlayerList: sendMediaUpdate
03-02 10:45:33.753 18562 18562 I MediaPlayerList: sendMediaUpdate: Creating a one item queue for a player with no queue
03-02 10:45:33.753 18562 18562 D MediaPlayerList: sendMediaUpdate state=null
03-02 10:45:33.753 18562 18562 D AvrcpTargetService: onMediaUpdated: track_changed=true state=false queue=true
03-02 10:45:33.753 18562 18562 D AvrcpNativeInterface: sendMediaUpdate: metadata=true playStatus=false queue=true
03-02 10:45:33.753 18562 18562 I bluetooth: avrcp_service.cc:648 SendMediaUpdate: track_changed=true :  play_state=false :  queue=true
03-02 10:45:33.754 18562 18562 V MediaPlayerList: onActiveSessionsChanged: number of controllers: 0
03-02 10:45:33.755 18562 18562 I PlayerSettingsManager: getPlayerRepeatMode: no active player
03-02 10:45:33.755 18562 18562 I PlayerSettingsManager: getPlayerShuffleMode: no active player
03-02 10:45:33.755 18562 18562 I PlayerSettingsManager: updateRemoteDevice: STATE_REPEAT_OFF, STATE_SHUFFLE_OFF
03-02 10:45:33.755 18562 18562 I bluetooth: avrcp_service.cc:685 SendPlayerSettingsChanged: 
03-02 10:45:33.755 18562 18562 I bluetooth: avrcp_service.cc:699 SendPlayerSettingsChanged: attribute=PlayerAttribute::REPEAT : value=PlayerRepeatValue::OFF
03-02 10:45:33.755 18562 18562 I bluetooth: attribute=PlayerAttribute::SHUFFLE : value=PlayerShuffleValue::OFF
03-02 10:45:33.755 18562 18562 V MediaPlayerList: onActiveSessionsChanged: number of controllers: 0
03-02 10:45:33.755 18562 18562 I PlayerSettingsManager: getPlayerRepeatMode: no active player
03-02 10:45:33.755 18562 18562 I PlayerSettingsManager: getPlayerShuffleMode: no active player
03-02 10:45:33.755 18562 18562 I PlayerSettingsManager: updateRemoteDevice: STATE_REPEAT_OFF, STATE_SHUFFLE_OFF
03-02 10:45:33.755 18562 18562 I bluetooth: avrcp_service.cc:685 SendPlayerSettingsChanged: 
03-02 10:45:33.755 18562 18562 I bluetooth: avrcp_service.cc:699 SendPlayerSettingsChanged: attribute=PlayerAttribute::REPEAT : value=PlayerRepeatValue::OFF
03-02 10:45:33.755 18562 18562 I bluetooth: attribute=PlayerAttribute::SHUFFLE : value=PlayerShuffleValue::OFF
03-02 10:45:33.761 18562 18562 D AudioMediaPlayerWrapper: com.softnation.Ojam: isPlaybackStateReady(): PlaybackState is null
03-02 10:45:33.761 18562 18562 V AudioMediaPlayerWrapper: onQueueChanged(): com.softnation.Ojam tried to update with no queue
03-02 10:45:33.780  1621  2188 D MediaSessionService: onSessionPlaybackStateChanged: record=com.softnation.Ojam/androidx.media3.session.id./80 (userId=0) playbackState=PlaybackState {state=NONE(0), position=0, buffered position=0, speed=0.0, updated=1027693198, actions=7339653, custom actions=[], active item id=0, error=null}
03-02 10:45:33.782  1621  4238 D MediaSessionService: onSessionActiveStateChanged: record=com.softnation.Ojam/androidx.media3.session.id./80 (userId=0) playbackState=PlaybackState {state=NONE(0), position=0, buffered position=0, speed=0.0, updated=1027693198, actions=7339653, custom actions=[], active item id=0, error=null}
03-02 10:45:33.782 18562 18562 D AudioMediaPlayerWrapper: onPlaybackStateChanged(): com.softnation.Ojam : PlaybackState {state=NONE(0), position=0, buffered position=0, speed=0.0, updated=1027693198, actions=7339653, custom actions=[], active item id=0, error=null}
03-02 10:45:33.782 18562 18562 V AudioMediaPlayerWrapper: Waiting to send update as controller has no playback state
03-02 10:45:33.783 18562 18562 V MediaPlayerList: onActiveSessionsChanged: number of controllers: 1
03-02 10:45:33.783  2363  3215 I ActiveAudioSessionManager_export-api: controllerSize:1
03-02 10:45:33.784  2363  3215 I ActiveAudioSessionManager_export-api: packageName:com.softnation.Ojam
03-02 10:45:33.784  2363 19600 I ActiveAudioSessionManager_export-api: controllerSize:1
03-02 10:45:33.784  2363 19600 I ActiveAudioSessionManager_export-api: packageName:com.softnation.Ojam
03-02 10:45:33.785 18562 18562 D MediaPlayerList: onActiveSessionsChanged: controller: com.softnation.Ojam
03-02 10:45:33.785 18562 18562 D MediaPlayerList: Already have a controller for the player: com.softnation.Ojam, updating instead
03-02 10:45:33.786  2363  3215 I ActiveAudioSessionManager_export-api: stopPositionCallbackTask
03-02 10:45:33.786  2363  3215 I ActiveAudioSessionManager_export-api: dispatchSessionsExistsChangeCallbackLocked :true
03-02 10:45:33.786  2363 19600 I ActiveAudioSessionManager_export-api: stopPositionCallbackTask
03-02 10:45:33.786  1621  2188 D MediaSessionService: onSessionPlaybackStateChanged: record=com.softnation.Ojam/androidx.media3.session.id./80 (userId=0) playbackState=PlaybackState {state=NONE(0), position=0, buffered position=0, speed=0.0, updated=1027693205, actions=7339653, custom actions=[], active item id=0, error=null}
03-02 10:45:33.786  2363 19600 I ActiveAudioSessionManager_export-api: dispatchSessionsExistsChangeCallbackLocked :true
03-02 10:45:33.787  2363 19600 I MiPlayServiceAdapter: markSessionChange
03-02 10:45:33.787  2363 19600 I MiPlayServiceAdapter: intent to startService : 0
03-02 10:45:33.787  2363  3215 I ActiveSessionRecord_export-api: onPlaybackStateChanged: PlaybackState {state=NONE(0), position=0, buffered position=0, speed=0.0, updated=1027693205, actions=7339653, custom actions=[], active item id=0, error=null}
03-02 10:45:33.787  2363 19600 I ActiveSessionRecord_export-api: onPlaybackStateChanged: PlaybackState {state=NONE(0), position=0, buffered position=0, speed=0.0, updated=1027693205, actions=7339653, custom actions=[], active item id=0, error=null}
03-02 10:45:33.788 18562 18562 D AudioMediaPlayerWrapper: com.softnation.Ojam: Controller for com.softnation.Ojam was updated.
03-02 10:45:33.789 18562 18562 D MediaPlayerList: sendMediaUpdate
03-02 10:45:33.789 18562 18562 I MediaPlayerList: sendMediaUpdate: Creating a one item queue for a player with no queue
03-02 10:45:33.790 18562 18562 D MediaPlayerList: sendMediaUpdate state=PlaybackState {state=NONE(0), position=0, buffered position=0, speed=0.0, updated=1027693205, actions=7339653, custom actions=[], active item id=0, error=null}
03-02 10:45:33.790 18562 18562 D AvrcpTargetService: onMediaUpdated: track_changed=false state=true queue=false
03-02 10:45:33.790 18562 18562 D AvrcpNativeInterface: sendMediaUpdate: metadata=false playStatus=true queue=false
03-02 10:45:33.790 18562 18562 I bluetooth: avrcp_service.cc:648 SendMediaUpdate: track_changed=false :  play_state=true :  queue=false
03-02 10:45:33.798 30963 30963 D RNTP-com.doublesymmetry.trackplayer.service.MusicService:onBind: intentAction = null
03-02 10:45:33.801 30963 30963 D RNTP-com.doublesymmetry.trackplayer.service.MusicService:onBind: intentAction = androidx.media3.session.MediaSessionService
03-02 10:45:33.807 30963 30963 D UserSceneDetector: invoke error.
03-02 10:45:33.850 30963 30963 D ScrollerOptimizationManager: registerConfigChangedListener
03-02 10:45:33.873  1055  1186 D connsyslogger: SD_LOG_ROOT is /data/debuglogger/connsyslog/fw.
03-02 10:45:33.874  1055  1186 D connsyslogger: systemReady:1
03-02 10:45:33.913  1201  1298 D AALService: [CRTC_114] onALIChanged: 28 -> 25
03-02 10:45:33.927   849  1430 I hwcomposer: [HWC] (0)fire a callback of refresh to SF[4]  
03-02 10:45:33.944   921   921 I BufferQueueProducer: [FramebufferSurface](this:0xb400007d8e9dff50,id:-1,api:1,p:921,c:921) queueBuffer: fps=1.64 dur=1222.03 max=764.03 min=458.00
03-02 10:45:33.947 30963 30963 D VRI[MainActivity]: Setup new sync=wmsSync-VRI[MainActivity]#4
03-02 10:45:33.947   921   921 I MI-SF   : surfaceflinger setAffinity mode=1
03-02 10:45:33.947   921   921 E MI-SF   : surfaceflinger setAffinity success
03-02 10:45:33.947   921   921 I MI-SF   : surfaceflinger setreAffinity reTid=1207
03-02 10:45:33.947   921   921 E MI-SF   : surfaceflinger setAffinity success
03-02 10:45:33.951  1621  4432 D ActivityManager: getProcessesInErrorState callingUid=10126, CallingPid=31485
03-02 10:45:33.978  1167  1167 I thermal_repeater: [recvMdThermalInfo] ret=24, strLen=127,  3, 37, 3, 196, 32767, 0
03-02 10:45:34.002 30963  5110 W unknown:ReactNative: StatusBarModule: Ignored status bar change, current activity is edge-to-edge.
03-02 10:45:34.003 30963  5110 W unknown:ReactNative: StatusBarModule: Ignored status bar change, current activity is edge-to-edge.
03-02 10:45:34.041 30963  5051 D HWUI    : makeCurrent grContext:0xb4000079f1a11f90 reset mTextureAvailable
03-02 10:45:34.047 31638 31638 D WM-DelayedWorkTracker: Scheduling work 2053a745-b408-40d2-83ac-1641e63c3a44
03-02 10:45:34.051 31638 31638 D WM-GreedyScheduler: Starting tracking for 2053a745-b408-40d2-83ac-1641e63c3a44
03-02 10:45:34.065 31638 31697 D WM-GreedyScheduler: Constraints met: Scheduling work ID WorkGenerationalId(workSpecId=2053a745-b408-40d2-83ac-1641e63c3a44, generation=0)
03-02 10:45:34.077 31638 31697 D WM-Processor: Fr5: processing WorkGenerationalId(workSpecId=2053a745-b408-40d2-83ac-1641e63c3a44, generation=0)
03-02 10:45:34.090 31638 31638 D WM-WorkerWrapper: Starting work for com.whatsapp.bizintegrity.logger.receiver.scheduler.ReceiverLoggingWorker
03-02 10:45:34.099 31638 31692 I WM-WorkerWrapper: Worker result SUCCESS for Work [ id=2053a745-b408-40d2-83ac-1641e63c3a44, tags={ com.whatsapp.bizintegrity.logger.receiver.scheduler.ReceiverLoggingWorker } ]
03-02 10:45:34.107 30963  5051 E softnation.Ojam: DynamicFPS DF open fail: No such file or directory
03-02 10:45:34.107 30963  5051 E softnation.Ojam: FrameInsert open fail: No such file or directory
03-02 10:45:34.109 30963  5051 D BLASTBufferQueue: [VRI[MainActivity]#0](f:0,a:1) acquireNextBufferLocked size=1080x2460 mFrameNumber=1 applyTransaction=true mTimestamp=609927657068045(auto) mPendingTransactions.size=0 graphicBufferId=132985072386053 transform=0
03-02 10:45:34.111   921  1472 D DisplayModeController: setDesiredMode 4627039422300187648 {mode={fps=60.00 Hz, modePtr={id=0, vsyncRate=60.00 Hz, peakRefreshRate=60.00 Hz}}, emitEvent=true, force=false}
03-02 10:45:34.111   921  1472 D Scheduler: MtkOverrideDuration: update vsync 60
03-02 10:45:34.112   921  1472 E SurfaceFlinger: MtkDuration override mode is disabled
03-02 10:45:34.112   921  1472 D Scheduler: MtkOverrideDuration: reset override duration
03-02 10:45:34.112   921  1472 I PowerHalWrapper: updateFps(): 60
03-02 10:45:34.113 30963 30963 D VRI[MainActivity]: vri.reportDrawFinished
03-02 10:45:34.116  1621  4432 D WindowManager: wms.finishDrawingLocked: mDrawState=COMMIT_DRAW_PENDING Window{fff1bb3 u0 com.softnation.Ojam/com.softnation.Ojam.MainActivity} in Surface(name=com.softnation.Ojam/com.softnation.Ojam.MainActivity#133448)/@0x735dad2
03-02 10:45:34.116 30963 30963 W Looper  : PerfMonitor doFrame : time=309ms vsyncFrame=19737770 latency=416ms procState=-1 historyMsgCount=24 (msgIndex=11 wall=390ms seq=617 late=356ms h=android.app.ActivityThread$H w=114)
03-02 10:45:34.118  1621  1651 D MiuiRefreshRatePolicy: reset
03-02 10:45:34.119 31638 31638 D WM-Processor: Fr5 2053a745-b408-40d2-83ac-1641e63c3a44 executed; reschedule = false
03-02 10:45:34.120 31638 31638 D WM-GreedyScheduler: Stopping tracking for WorkGenerationalId(workSpecId=2053a745-b408-40d2-83ac-1641e63c3a44, generation=0)
03-02 10:45:34.120  1621  1651 I WindowManager: onFirstWindowDrawn, try to remove startingWindow. this = ActivityRecord{1c9866e u0 com.softnation.Ojam/.MainActivity t37028} associatedTask = null isMainWindow = true mStartingWindow = Window{b17cc34 u0 Splash Screen com.softnation.Ojam} mStartingData = SplashScreenStartingData{dac8f2b waitForSyncTransactionCommit=false removeAfterTransaction= 0}
03-02 10:45:34.124  1621  1651 I PowerManagerServiceImpl: Acquire wakelock: SCREEN_BRIGHT_WAKE_LOCK           'WindowManager/displayId:0' ON_AFTER_RELEASE (uid=1000 pid=1621 pkg=android ws=WorkSource{10337 com.softnation.Ojam})
03-02 10:45:34.128  1621  1651 D MiuiRefreshRatePolicy: reset
03-02 10:45:34.129  1621  1638 I ActivityTaskManager: Displayed com.softnation.Ojam/.MainActivity for user 0: +15s791ms
03-02 10:45:34.134   849   868 I hwcomposer: [HWCDisplay] (0 setActiveConfigWithConstraints():4114), config:0  
03-02 10:45:34.135   849   868 I hwcomposer: [HWCDisplay] (0 setActiveConfigWithConstraints():4164), now 609927684238507, diff 556385, estimated_applied_time 27777778 queued_size:0  
03-02 10:45:34.139   921   921 I MI-SF   : surfaceflinger setAffinity mode=0
03-02 10:45:34.139   921   921 E MI-SF   : surfaceflinger setAffinity success
03-02 10:45:34.141  1621  1651 I WindowManager: wms.showSurfaceRobustly mWin:Window{fff1bb3 u0 com.softnation.Ojam/com.softnation.Ojam.MainActivity}
03-02 10:45:34.143  1621  1651 I ActivityTaskManager: visible for Task{7fe659c #37028 type=standard A=10337:com.softnation.Ojam} visible = true isAnimating = false TRANSITION = false PARENTS = false CHILDREN = false
03-02 10:45:34.144 31638 31692 D WM-GreedyScheduler: Cancelling work ID 2053a745-b408-40d2-83ac-1641e63c3a44
03-02 10:45:34.146  1621  1746 D CompatChangeReporter: Compat change id reported: 271850009; UID 10125; state: ENABLED
03-02 10:45:34.148  1621  1746 E JobScheduler: ResourceBudgetManagerInternal is null
03-02 10:45:34.152  1621  1746 V GrammaticalInflectionUtils: AttributionSource: android.content.AttributionSource@afced93f does not have READ_SYSTEM_GRAMMATICAL_GENDER permission.
03-02 10:45:34.153   921  1587 I BufferQueueDebug: [Surface(name=b17cc34 Splash Screen com.softnation.Ojam#133440)/@0x25e1fd2 - animation-leash of starting_reveal#133453](this:0xb400007bcecb13a8,id:-1,api:0,p:-1,c:-1) BufferQueue core=(921:/system/bin/surfaceflinger)
03-02 10:45:34.155  1621  1676 E system_server: updateValue is called with a value {0, 0, 0, 0, 0, 0, 0, 0, 0, 0, 0, 0, 0, 0, 0, 0, 0, 0, 0, 0, 0, 0, 0, 0, 0, 0, 0, 0, 0, 0, 0, 0}, which is lower than the previous value {1, 0, 0, 1, 0, 0, 0, 0, 22, 0, 0, 0, 0, 23, 0, 11, 0, 0, 0, 0, 0, 0, 0, 31, 65, 0, 0, 0, 0, 0, 0, 15}
03-02 10:45:34.159 30963  5073 I HWUI    : Davey! duration=723ms; Flags=1, FrameTimelineVsyncId=181774627, IntendedVsync=609926940177000, Vsync=609927340650600, InputEventId=0, HandleInputStart=609927357916968, AnimationStart=609927357923353, PerformTraversalsStart=609927494931122, DrawStart=609927497071738, FrameDeadline=609926960177000, FrameInterval=609927356757199, FrameStartTime=16686400, SyncQueued=609927589956891, SyncStart=609927590422738, IssueDrawCommandsStart=609927605716045, SwapBuffers=609927655651738, FrameCompleted=609927664396968, DequeueBufferDuration=39461, QueueBufferDuration=2159000, GpuCompleted=609927664396968, SwapBuffersCompleted=609927659833507, DisplayPresentTime=35192962088355, CommandSubmissionCompleted=609927655651738, 
03-02 10:45:34.160   921   921 I PowerHalWrapper: updateFps(): 60
03-02 10:45:34.162   921   921 I PowerHalWrapper: updateFps(): 60
03-02 10:45:34.162   849  1481 I hwcomposer: [HWCDisplay] (0 updateAppliedConfigState():4360), applied config complete[idx:609927712016285, config:0]  
03-02 10:45:34.164 31638 31692 D WM-SystemJobScheduler: Scheduling work ID 2053a745-b408-40d2-83ac-1641e63c3a44Job ID 261492
03-02 10:45:34.165  1621  1746 I whetstone.activity: Power Event callback listener is empty for resId=256
03-02 10:45:34.165  1621  1746 D BatteryStatsManagerStub: notifyEvent for resId=256 used 0ms
03-02 10:45:34.167   849  1423 W hwcomposer: [DRMDEV] paramIsSame(), id 34717, w 1080/1080, h 2460/2460, pitch 1088/1088, format 0x2/0x1, secure 0/0  
03-02 10:45:34.169 30963  5109 D nativeloader: Load /data/app/~~Bh61wenJZi6JNVEuOkVQfQ==/com.softnation.Ojam-nnCVAdHxKfOmup5FCuBDYQ==/base.apk!/lib/arm64-v8a/libgesturehandler.so using class loader ns clns-7 (caller=/data/app/~~Bh61wenJZi6JNVEuOkVQfQ==/com.softnation.Ojam-nnCVAdHxKfOmup5FCuBDYQ==/base.apk!classes20.dex): ok
03-02 10:45:34.169 30963  5109 D jni_lib_merge: Entering merged library JNI_OnLoad.
03-02 10:45:34.169 30963  5109 D jni_lib_merge: Preparing 12 pre-merged libs (including stub)
03-02 10:45:34.169 30963  5109 D jni_lib_merge: Preparing to register libfabricjni_so.  onload_func: 0x789407fce0
03-02 10:45:34.169 30963  5109 D jni_lib_merge: Preparing to register libreact_devsupportjni_so.  onload_func: 0x7894279fc8
03-02 10:45:34.169 30963  5109 D jni_lib_merge: Preparing to register libreact_featureflagsjni_so.  onload_func: 0x7894288518
03-02 10:45:34.169 30963  5109 D jni_lib_merge: Preparing to register libreact_newarchdefaults_so.  onload_func: 0x78942f06a8
03-02 10:45:34.169 30963  5109 D jni_lib_merge: Preparing to register libreactnativeblob_so.  onload_func: 0x78944e0cb4
03-02 10:45:34.169 30963  5109 D jni_lib_merge: Preparing to register libreactnativejni_so.  onload_func: 0x789452e6bc
03-02 10:45:34.169 30963  5109 D jni_lib_merge: Preparing to register libreactnativejni_common_so.  onload_func: 0x789453f044
03-02 10:45:34.169 30963  5109 D jni_lib_merge: Preparing to register librninstance_so.  onload_func: 0x7894586764
03-02 10:45:34.169 30963  5109 D jni_lib_merge: Preparing to register libturbomodulejsijni_so.  onload_func: 0x789469ef68
03-02 10:45:34.169 30963  5109 D jni_lib_merge: Preparing to register libuimanagerjni_so.  onload_func: 0x78946b7fb8
03-02 10:45:34.169 30963  5109 D jni_lib_merge: Preparing to register libyoga_so.  onload_func: 0x78946c7a3c
03-02 10:45:34.169 30963  5109 D jni_lib_merge: About to register 11 actual methods.
03-02 10:45:34.173 31638 31692 D WM-GreedyScheduler: Starting tracking for 64e29e4d-a65e-42e4-8f5e-7e3ec5d0702f
03-02 10:45:34.188   835   835 D Zygote  : Forked child process 5203
03-02 10:45:34.193   861   947 I libPerfCtl: xgfGetFPS pid:921 fps:-1
03-02 10:45:34.193   861   947 I libPerfCtl: xgfGetFPS pid:2363 fps:-1
03-02 10:45:34.193   861   947 I libPerfCtl: xgfGetFPS pid:30963 fps:-1
03-02 10:45:34.193  1621  1667 I ActivityManager: Start proc 5203:com.community.oneroom/u0a125 for service {com.community.oneroom/androidx.work.impl.background.systemjob.SystemJobService} caller=android
03-02 10:45:34.215   921   921 I BufferQueueProducer: [StatusBar#109](this:0xb400007bcec4ab68,id:-1,api:0,p:-1,c:921) queueBuffer: fps=1.00 dur=1001.83 max=1001.83 min=1001.83
03-02 10:45:34.216  5203  5203 E Zygote  : process_name_ptr:5203 com.community.oneroom
03-02 10:45:34.216  5203  5203 E Zygote  : SetMemoryProtected process_name_ptr:5203 com.community.oneroom
03-02 10:45:34.233  5203  5203 I mmunity.oneroom: Using CollectorTypeCMC GC.
03-02 10:45:34.238 31638 31694 D WM-SystemJobScheduler: Scheduling work ID 9ed1654e-a417-4d40-aebc-a19309f9ed1eJob ID 261493
03-02 10:45:34.243  1621  1731 E JobScheduler: ResourceBudgetManagerInternal is null
03-02 10:45:34.250  5969  5982 I ebcv    : (REDACTED) appOpsListener %s %s
03-02 10:45:34.250  1621  1731 I SmartPower: com.whatsapp/10300(31638): idle->background(3084ms) R(service create com.whatsapp/androidx.work.impl.background.systemjob.SystemJobService) adj=0.
03-02 10:45:34.251  5969  5982 I ebcv    : (REDACTED) Ignoring irrelevant audio permission changes for package %s
03-02 10:45:34.252  1621  1842 I MiuiNetworkPolicy: updateUidState uid = 10300, uidState = 8
03-02 10:45:34.254  1621  1638 D GnssSsruImpl: onLocationPermissionsChanged provider:network packageName:com.whatsapp
03-02 10:45:34.254  1621  1638 D GnssSsruImpl: onLocationPermissionsChanged provider:passive packageName:com.whatsapp
03-02 10:45:34.255  1621  1731 I whetstone.activity: Power Event callback listener is empty for resId=256
03-02 10:45:34.255  1621  1731 D BatteryStatsManagerStub: notifyEvent for resId=256 used 1ms
03-02 10:45:34.261 31638 31694 D WM-GreedyScheduler: Starting tracking for 64e29e4d-a65e-42e4-8f5e-7e3ec5d0702f,9ed1654e-a417-4d40-aebc-a19309f9ed1e
03-02 10:45:34.262 31638 31638 D WM-SystemJobService: onStartJob for WorkGenerationalId(workSpecId=9ed1654e-a417-4d40-aebc-a19309f9ed1e, generation=0)
03-02 10:45:34.263  5203  5203 D nativeloader: Load libframework-connectivity-tiramisu-jni.so using APEX ns com_android_tethering for caller /apex/com.android.tethering/javalib/framework-connectivity-t.jar: ok
03-02 10:45:34.267 31638 31694 D WM-Processor: Fr5: processing WorkGenerationalId(workSpecId=9ed1654e-a417-4d40-aebc-a19309f9ed1e, generation=0)
03-02 10:45:34.278  5203  5203 I MessageMonitor: Load libmiui_runtime
03-02 10:45:34.280 31638 31638 D WM-WorkerWrapper: Starting work for com.whatsapp.xmpp.messaging.XmppLifecycleWorker
03-02 10:45:34.285  1621  1731 D SymlinkUtils: attachApplication file op go pass: 0 ms
03-02 10:45:34.286  1621  1731 I SmartPower: com.community.oneroom/10125(5203): died->background(726266ms) R(process start ) adj=-10000.
03-02 10:45:34.288 31638 31697 D WM-GreedyScheduler: Constraints met: Scheduling work ID WorkGenerationalId(workSpecId=9ed1654e-a417-4d40-aebc-a19309f9ed1e, generation=0)
03-02 10:45:34.290 31638 31695 D WM-Processor: Work WorkGenerationalId(workSpecId=9ed1654e-a417-4d40-aebc-a19309f9ed1e, generation=0) is already enqueued for processing
03-02 10:45:34.295  1621  1842 I MiuiNetworkPolicy: updateUidState uid = 10125, uidState = 19
03-02 10:45:34.298  5203  5219 D MiuiDownscaleImpl: set override inverted scale : 1.0
03-02 10:45:34.301  5203  5203 I JavaheapMonitor: Disabled. Process name: <pre-initialized>
03-02 10:45:34.303  5203  5203 D MiuiMonitorThread: Shared singleton Thread for stability monitor start
03-02 10:45:34.308  5203  5203 D CompatChangeReporter: Compat change id reported: 242716250; UID 10125; state: ENABLED
03-02 10:45:34.321  5203  5203 D ActivityThread: setEmbeddedParam packageName=com.community.oneroom processName=com.community.oneroom isEmbedded=false isIsolated=false
03-02 10:45:34.324  5203  5203 D ApplicationLoaders: Returning zygote-cached class loader: /system/framework/org.apache.http.legacy.jar
03-02 10:45:34.324  5203  5203 D ApplicationLoaders: Returning zygote-cached class loader: /system_ext/framework/androidx.window.extensions.jar
03-02 10:45:34.324  5203  5203 D ApplicationLoaders: Returning zygote-cached class loader: /system_ext/framework/androidx.window.sidecar.jar
03-02 10:45:34.335   849  1430 I hwcomposer: [HWC] (0)fire a callback of refresh to SF[4]  
03-02 10:45:34.354   921   921 I MI-SF   : surfaceflinger setAffinity mode=1
03-02 10:45:34.355   921   921 E MI-SF   : surfaceflinger setAffinity success
03-02 10:45:34.356   921   921 I MI-SF   : surfaceflinger setreAffinity reTid=1207
03-02 10:45:34.356   921   921 E MI-SF   : surfaceflinger setAffinity success
03-02 10:45:34.395  1621  1731 D AS.BtHelper: isBluetoothScoOn() mBluetoothHeadset is null: falsemBluetoothHeadsetDevice is null: true
03-02 10:45:34.395  1621  1731 V AS.AudioDeviceBroker: requestedCommunicationDevice: null mAudioModeOwner: AudioModeInfo: mMode=MODE_NORMAL, mPid=0, mUid=0
03-02 10:45:34.396  1621  1731 D AS.BtHelper: isBluetoothScoOn() mBluetoothHeadset is null: falsemBluetoothHeadsetDevice is null: true
03-02 10:45:34.396  1621  1731 V AS.AudioDeviceBroker: requestedCommunicationDevice: null mAudioModeOwner: AudioModeInfo: mMode=MODE_NORMAL, mPid=0, mUid=0
03-02 10:45:34.433 30963 30963 D RNTP-com.doublesymmetry.trackplayer.service.MusicService:setupPlayer: Setting up player
03-02 10:45:34.454 30963 30963 I ExoPlayerImpl: Init c27ae5a [AndroidXMedia3/1.8.0] [tides, 2404ARN45A, Xiaomi, 35]
03-02 10:45:34.462  5203  5203 D nativeloader: Configuring clns-7 for other apk /data/app/~~tikEfZu7R2c9n2ZmwcQqhg==/com.community.oneroom-_vq6VNgQCVbuOnZ5BU_J_Q==/base.apk. target_sdk_version=34, uses_libraries=, library_path=/data/app/~~tikEfZu7R2c9n2ZmwcQqhg==/com.community.oneroom-_vq6VNgQCVbuOnZ5BU_J_Q==/lib/arm64:/data/app/~~tikEfZu7R2c9n2ZmwcQqhg==/com.community.oneroom-_vq6VNgQCVbuOnZ5BU_J_Q==/base.apk!/lib/arm64-v8a, permitted_path=/data:/mnt/expand:/data/user/0/com.community.oneroom
03-02 10:45:34.464   921   921 I MI-SF   : surfaceflinger setAffinity mode=0
03-02 10:45:34.464   921   921 E MI-SF   : surfaceflinger setAffinity success
03-02 10:45:34.470 30963 30963 I ExoPlayerImpl: Release fdbf418 [AndroidXMedia3/1.8.0] [tides, 2404ARN45A, Xiaomi, 35] [media3.common, media3.session, media3.exoplayer, media3.decoder, media3.database]
03-02 10:45:34.476  1621  2665 D MediaSessionService: onSessionPlaybackStateChanged: record=com.softnation.Ojam/androidx.media3.session.id./80 (userId=0) playbackState=PlaybackState {state=NONE(0), position=0, buffered position=0, speed=0.0, updated=1027693894, actions=7339653, custom actions=[], active item id=0, error=null}
03-02 10:45:34.476  2363  3215 I ActiveSessionRecord_export-api: onPlaybackStateChanged: PlaybackState {state=NONE(0), position=0, buffered position=0, speed=0.0, updated=1027693894, actions=7339653, custom actions=[], active item id=0, error=null}
03-02 10:45:34.477  2363 19600 I ActiveSessionRecord_export-api: onPlaybackStateChanged: PlaybackState {state=NONE(0), position=0, buffered position=0, speed=0.0, updated=1027693894, actions=7339653, custom actions=[], active item id=0, error=null}
03-02 10:45:34.477 18562 18562 D AudioMediaPlayerWrapper: onPlaybackStateChanged(): com.softnation.Ojam : PlaybackState {state=NONE(0), position=0, buffered position=0, speed=0.0, updated=1027693894, actions=7339653, custom actions=[], active item id=0, error=null}
03-02 10:45:34.478 18562 18562 W AudioMediaPlayerWrapper: onPlaybackStateChanged(): com.softnation.Ojam tried to update with no new data
03-02 10:45:34.478  1621  1731 D MediaSessionService: onSessionPlaybackStateChanged: record=com.softnation.Ojam/androidx.media3.session.id./80 (userId=0) playbackState=PlaybackState {state=NONE(0), position=0, buffered position=0, speed=0.0, updated=1027693897, actions=7339653, custom actions=[], active item id=0, error=null}
03-02 10:45:34.479  2363 19600 I ActiveSessionRecord_export-api: onPlaybackStateChanged: PlaybackState {state=NONE(0), position=0, buffered position=0, speed=0.0, updated=1027693897, actions=7339653, custom actions=[], active item id=0, error=null}
03-02 10:45:34.480  2363  3215 I ActiveSessionRecord_export-api: onPlaybackStateChanged: PlaybackState {state=NONE(0), position=0, buffered position=0, speed=0.0, updated=1027693897, actions=7339653, custom actions=[], active item id=0, error=null}
03-02 10:45:34.480 18562 18562 D AudioMediaPlayerWrapper: onPlaybackStateChanged(): com.softnation.Ojam : PlaybackState {state=NONE(0), position=0, buffered position=0, speed=0.0, updated=1027693897, actions=7339653, custom actions=[], active item id=0, error=null}
03-02 10:45:34.480 18562 18562 W AudioMediaPlayerWrapper: onPlaybackStateChanged(): com.softnation.Ojam tried to update with no new data
03-02 10:45:34.484 30963 30963 D RNTP-com.doublesymmetry.trackplayer.service.MusicService:onGetSession: com.softnation.Ojam
03-02 10:45:34.486  4051 24036 W MediaProvider: isAppCloneUserPair for user 0: false
03-02 10:45:34.492 30963 30963 I MediaController: Init 4504814 [AndroidXMedia3/1.8.0] [tides, 2404ARN45A, Xiaomi, 35]
03-02 10:45:34.493 30963 30963 D RNTP-com.doublesymmetry.trackplayer.service.MusicService$InnerMediaSessionCallback:onConnect: com.softnation.Ojam
03-02 10:45:34.496  1621  4432 D MediaSessionService: onSessionPlaybackStateChanged: record=com.softnation.Ojam/androidx.media3.session.id./80 (userId=0) playbackState=PlaybackState {state=NONE(0), position=0, buffered position=0, speed=0.0, updated=1027693916, actions=7339653, custom actions=[], active item id=0, error=null}
03-02 10:45:34.497  2363  3215 I ActiveSessionRecord_export-api: onPlaybackStateChanged: PlaybackState {state=NONE(0), position=0, buffered position=0, speed=0.0, updated=1027693916, actions=7339653, custom actions=[], active item id=0, error=null}
03-02 10:45:34.498  2363 19600 I ActiveSessionRecord_export-api: onPlaybackStateChanged: PlaybackState {state=NONE(0), position=0, buffered position=0, speed=0.0, updated=1027693916, actions=7339653, custom actions=[], active item id=0, error=null}
03-02 10:45:34.498 18562 18562 D AudioMediaPlayerWrapper: onPlaybackStateChanged(): com.softnation.Ojam : PlaybackState {state=NONE(0), position=0, buffered position=0, speed=0.0, updated=1027693916, actions=7339653, custom actions=[], active item id=0, error=null}
03-02 10:45:34.499 18562 18562 W AudioMediaPlayerWrapper: onPlaybackStateChanged(): com.softnation.Ojam tried to update with no new data
03-02 10:45:34.504 30963 30963 D RNTP-com.doublesymmetry.trackplayer.service.MusicService$InnerMediaSessionCallback:onConnect: com.softnation.Ojam
03-02 10:45:34.513  5203  5203 V GraphicsEnvironment: Currently set values for:
03-02 10:45:34.513  5203  5203 V GraphicsEnvironment:   angle_gl_driver_selection_pkgs=[]
03-02 10:45:34.513  5203  5203 V GraphicsEnvironment:   angle_gl_driver_selection_values=[]
03-02 10:45:34.513  5203  5203 V GraphicsEnvironment: Global.Settings values are invalid: number of packages: 0, number of values: 0
03-02 10:45:34.513  5203  5203 V GraphicsEnvironment: Neither updatable production driver nor prerelease driver is supported.
03-02 10:45:34.513  1201  1298 D AALLightSensor: oldLux=25 [SA:-1 LA:-1] newLux=25 (oriLux: 27)
03-02 10:45:34.515 30963 30963 W Looper  : PerfMonitor looperActivity : package=com.softnation.Ojam/.MainActivity time=7ms latency=339ms  procState=-1  historyMsgCount=19 (msgIndex=1 wall=285ms seq=669 late=173ms h=android.view.Choreographer$FrameHandler c=android.view.Choreographer$FrameDisplayEventReceiver)
03-02 10:45:34.515  5203  5203 I ActivityThread: TrafficStats init done
03-02 10:45:34.517  1621  2665 I ClipboardServiceI: checkProviderWakePathForClipboard: primaryClip is null
03-02 10:45:34.522  5203  5203 D ActivityThread: useGrowthLimitOutExpendMethod invoke error.
03-02 10:45:34.526  1621  2665 D ForceDarkAppConfigProvider: cloudConfigVersion: -1   localConfigVersion:20250515
03-02 10:45:34.527  1621  2665 I UiModeManager: systemserver package:com.community.oneroom null
03-02 10:45:34.527  5203  5203 I ForceDarkHelperStubImpl: initialize for com.community.oneroom , ForceDarkAppConfig: null
03-02 10:45:34.535  5203  5203 D nativeloader: Load libforcedarkimpl.so using system ns (caller=/system_ext/framework/miui-framework.jar): ok
03-02 10:45:34.536  5203  5203 D HWUI    : JNI_OnLoad success
03-02 10:45:34.536  5203  5203 I MiuiForceDarkConfig: setConfig density:2.750000, mainRule:0, secondaryRule:0, tertiaryRule:0
03-02 10:45:34.548  5203  5203 I ActivityThread: Miui Feature Init done
03-02 10:45:34.557  4051 25664 W MediaProvider: isAppCloneUserPair for user 0: false
03-02 10:45:34.571 27809 28366 I UriTaskContentObserver: (REDACTED) Throttling content uri change event for %s
03-02 10:45:34.576 30963 30963 I HandWritingStubImpl: refreshLastKeyboardType: 1
03-02 10:45:34.578 30963 30963 I HandWritingStubImpl: getCurrentKeyboardType: 1
03-02 10:45:34.581 31638 31694 D WM-GreedyScheduler: Starting tracking for 64e29e4d-a65e-42e4-8f5e-7e3ec5d0702f
03-02 10:45:34.583  1621  1806 I ImeTracker: com.softnation.Ojam:e317b68a: onRequestHide at ORIGIN_SERVER reason HIDE_UNSPECIFIED_WINDOW fromUser false
03-02 10:45:34.583  6515  9989 D MirrorManager:  sendAcceptInput 0 0
03-02 10:45:34.583  1621  1806 I ImeTracker: com.softnation.Ojam:e317b68a: onCancelled at PHASE_SERVER_SHOULD_HIDE
03-02 10:45:34.587  4051 19548 I MediaProvider: Deleted 1 0 0 0 0 0 0 items on external_primary due to com.whatsapp
03-02 10:45:34.587  2526  2526 D InputEventReceiver: Input log is disabled in InputEventReceiver.
03-02 10:45:34.593 27809 28366 I UriTaskContentObserver: (REDACTED) Throttling content uri change event for %s
03-02 10:45:34.595  2526  2526 I GoogleInputMethodService: GoogleInputMethodService.onFinishInput():2113 
03-02 10:45:34.597  2526  2526 I Module  : DeviceLockedStatusModuleProvider$Module.updateDeviceLockedStatus():103 repeatCheckTimes = 0, locked = false
03-02 10:45:34.598  2526  2526 I GoogleInputMethodService: GoogleInputMethodService.onStartInput():1384 onStartInput(EditorInfo{EditorInfo{packageName=com.softnation.Ojam, inputType=0, inputTypeString=NULL, enableLearning=false, autoCorrection=false, autoComplete=false, imeOptions=0, privateImeOptions=null, actionName=UNSPECIFIED, actionLabel=null, initialSelStart=-1, initialSelEnd=-1, initialCapsMode=0, label=null, fieldId=0, fieldName=null, extras=Bundle[mParcelledData.dataSize=72], hintText=null, hintLocales=[]}}, false)
03-02 10:45:34.599   921  1587 I BufferQueueDebug: [Surface(name=751ea6d InputMethod#71915)/@0xaafc069 - animation-leash of insets_animation#133454](this:0xb400007bcec7df88,id:-1,api:0,p:-1,c:-1) BufferQueue core=(921:/system/bin/surfaceflinger)
03-02 10:45:34.600  2526  2526 I Module  : DeviceLockedStatusModuleProvider$Module.updateDeviceLockedStatus():103 repeatCheckTimes = 1, locked = false
03-02 10:45:34.602  1621  2665 W PackageConfigPersister: App-specific configuration not found for packageName: com.softnation.Ojam and userId: 0
03-02 10:45:34.603  1621  1651 D MiuiRefreshRatePolicy: reset
03-02 10:45:34.604   849   868 I hwcomposer: [HWCDisplay] (0 updateFps():3667), (type:1, mode:2) fps:8.945919,dur:1006.05,max:331.61,min:15.00  
03-02 10:45:34.616  1621  4432 D MediaSessionService: onSessionPlaybackStateChanged: record=com.softnation.Ojam/androidx.media3.session.id./80 (userId=0) playbackState=PlaybackState {state=NONE(0), position=0, buffered position=0, speed=0.0, updated=1027694035, actions=7339653, custom actions=[], active item id=0, error=null}
03-02 10:45:34.617  2363 19600 I ActiveSessionRecord_export-api: onPlaybackStateChanged: PlaybackState {state=NONE(0), position=0, buffered position=0, speed=0.0, updated=1027694035, actions=7339653, custom actions=[], active item id=0, error=null}
03-02 10:45:34.617  2363  3215 I ActiveSessionRecord_export-api: onPlaybackStateChanged: PlaybackState {state=NONE(0), position=0, buffered position=0, speed=0.0, updated=1027694035, actions=7339653, custom actions=[], active item id=0, error=null}
03-02 10:45:34.618 18562 18562 D AudioMediaPlayerWrapper: onPlaybackStateChanged(): com.softnation.Ojam : PlaybackState {state=NONE(0), position=0, buffered position=0, speed=0.0, updated=1027694035, actions=7339653, custom actions=[], active item id=0, error=null}
03-02 10:45:34.618 18562 18562 W AudioMediaPlayerWrapper: onPlaybackStateChanged(): com.softnation.Ojam tried to update with no new data
03-02 10:45:34.620  1621  1651 I ActivityTaskManager: visible for Task{7fe659c #37028 type=standard A=10337:com.softnation.Ojam} visible = true isAnimating = true TRANSITION = false PARENTS = false CHILDREN = true
03-02 10:45:34.626  1621  4432 D MediaSessionService: onSessionPlaybackStateChanged: record=com.softnation.Ojam/androidx.media3.session.id./80 (userId=0) playbackState=PlaybackState {state=NONE(0), position=0, buffered position=0, speed=0.0, updated=1027694044, actions=261765, custom actions=[Action:mName='Previous, mIcon=2131231060, mExtras=Bundle[EMPTY_PARCEL], Action:mName='Next, mIcon=2131231044, mExtras=Bundle[EMPTY_PARCEL]], active item id=0, error=null}
03-02 10:45:34.628  2363  3215 I ActiveSessionRecord_export-api: onPlaybackStateChanged: PlaybackState {state=NONE(0), position=0, buffered position=0, speed=0.0, updated=1027694044, actions=261765, custom actions=[Action:mName='Previous, mIcon=2131231060, mExtras=Bundle[EMPTY_PARCEL], Action:mName='Next, mIcon=2131231044, mExtras=Bundle[EMPTY_PARCEL]], active item id=0, error=null}
03-02 10:45:34.628  2363 19600 I ActiveSessionRecord_export-api: onPlaybackStateChanged: PlaybackState {state=NONE(0), position=0, buffered position=0, speed=0.0, updated=1027694044, actions=261765, custom actions=[Action:mName='Previous, mIcon=2131231060, mExtras=Bundle[EMPTY_PARCEL], Action:mName='Next, mIcon=2131231044, mExtras=Bundle[EMPTY_PARCEL]], active item id=0, error=null}
03-02 10:45:34.630 18562 18562 D AudioMediaPlayerWrapper: onPlaybackStateChanged(): com.softnation.Ojam : PlaybackState {state=NONE(0), position=0, buffered position=0, speed=0.0, updated=1027694044, actions=261765, custom actions=[Action:mName='Previous, mIcon=2131231060, mExtras=Bundle[EMPTY_PARCEL], Action:mName='Next, mIcon=2131231044, mExtras=Bundle[EMPTY_PARCEL]], active item id=0, error=null}
03-02 10:45:34.631 18562 18562 W AudioMediaPlayerWrapper: onPlaybackStateChanged(): com.softnation.Ojam tried to update with no new data
03-02 10:45:34.633 30963  5109 I ReactNativeJS: [DownloadsContext] Loaded downloads and reconciled local files
03-02 10:45:34.639   921   921 I SurfaceFlinger: onHandleDestroyed: name=Surface(name=751ea6d InputMethod#71915)/@0xaafc069 - animation-leash of insets_animation#133415, layerId=133415, parentId=0
03-02 10:45:34.639  1621  2665 D PreStartingManager: Not init when use PreStartingManager!
03-02 10:45:34.641  1621  1651 D MiuiRefreshRatePolicy: reset
03-02 10:45:34.644  2363  2577 D View    : [Warning] assignParent to null: this = android.widget.FrameLayout{2a6b102 G.E...... ......ID 0,0-1080,2460}
03-02 10:45:34.652 30963 30963 I HandWritingStubImpl: getCurrentKeyboardType: 1
03-02 10:45:34.653  1621  2665 D MiuiRefreshRatePolicy: reset
03-02 10:45:34.657   921   921 I BufferQueueDebug: [Surface(name=751ea6d InputMethod#71915)/@0xaafc069 - animation-leash of insets_animation#133415](this:0xb400007bcec6a098,id:-1,api:0,p:-1,c:921) onDestructor()
03-02 10:45:34.659  1621  1651 I ActivityTaskManager: visible for Task{7fe659c #37028 type=standard A=10337:com.softnation.Ojam} visible = true isAnimating = false TRANSITION = false PARENTS = false CHILDREN = false
03-02 10:45:34.659  2363  2577 D BLASTBufferQueue: [VRI[Ojam]#5816](f:0,a:1) destructor()
03-02 10:45:34.659   921  1587 I BpBinder: onLastStrongRef automatically unlinking death recipients: 
03-02 10:45:34.661  2363  2577 D BufferQueueConsumer: [VRI[Ojam]#5816(BLAST Consumer)5816](id:93b00001acd,api:0,p:-1,c:2363) disconnect
03-02 10:45:34.665  2363  2577 W WindowOnBackDispatcher: sendCancelIfRunning: isInProgress=false callback=android.view.ViewRootImpl$$ExternalSyntheticLambda12@96d546f
03-02 10:45:34.668  1621  4432 D WindowManager: Starting window removed Window{b17cc34 u0 Splash Screen com.softnation.Ojam}
03-02 10:45:34.668  1621  4432 W InputManager-JNI: Input channel object 'b17cc34 Splash Screen com.softnation.Ojam (client)' was disposed without first being removed with the input manager!
03-02 10:45:34.669  1621  4432 D WindowManager: setParent old=ActivityRecord{1c9866e u0 com.softnation.Ojam/.MainActivity t37028},new=null,this window=Window{b17cc34 u0 Splash Screen com.softnation.Ojam},callers=com.android.server.wm.WindowContainer.removeChild:897 com.android.server.wm.ActivityRecord.removeChild:5518 com.android.server.wm.ActivityRecord.removeChild:505 com.android.server.wm.WindowContainer.removeImmediately:967 com.android.server.wm.WindowState.removeImmediately:2526 com.android.server.wm.WindowState.removeIfPossible:2714 
03-02 10:45:34.670   921  1468 W EventThreadInspector: slow VSync-appSf on display(4627039422300187648) count=1, avg=37 ms, max=37 ms.
03-02 10:45:34.670  1621  4432 D WindowManager: postWindowRemoveCleanupLocked: Removing startingWindow Window{b17cc34 u0 Splash Screen com.softnation.Ojam} from ActivityRecord{1c9866e u0 com.softnation.Ojam/.MainActivity t37028} activity = ActivityRecord{1c9866e u0 com.softnation.Ojam/.MainActivity t37028}
03-02 10:45:34.672  1621  4432 D MiuiRefreshRatePolicy: reset
03-02 10:45:34.674  1621  4238 W WindowManager: Failed looking up window session=Session{c29f389 2363:1000} callers=com.android.server.wm.WindowManagerService.windowForClientLocked:7045 com.android.server.wm.Session.setOnBackInvokedCallbackInfo:1106 android.view.IWindowSession$Stub.onTransact:1282 
03-02 10:45:34.674  1621  4238 I WindowManager: setOnBackInvokedCallback(): No window state for package:com.android.systemui
03-02 10:45:34.675  1621  1651 D MiuiRefreshRatePolicy: reset
03-02 10:45:34.676  2363  2363 D Utilities:  oldHints : 0 backDisposition : 0 imeShown : false hints 0
03-02 10:45:34.677  1621  1651 I ActivityTaskManager: visible for Task{7fe659c #37028 type=standard A=10337:com.softnation.Ojam} visible = true isAnimating = false TRANSITION = false PARENTS = false CHILDREN = false
03-02 10:45:34.687  1621  1651 I ActivityTaskManager: visible for Task{7fe659c #37028 type=standard A=10337:com.softnation.Ojam} visible = true isAnimating = false TRANSITION = false PARENTS = false CHILDREN = false
03-02 10:45:34.689   921   921 I SurfaceFlinger: onHandleDestroyed: name=b17cc34 Splash Screen com.softnation.Ojam#133440, layerId=133440, parentId=0
03-02 10:45:34.689   921   921 I SurfaceFlinger: onHandleDestroyed: name=Splash Screen com.softnation.Ojam#133441, layerId=133441, parentId=0
03-02 10:45:34.699  5203  5203 D nativeloader: Load /data/app/~~tikEfZu7R2c9n2ZmwcQqhg==/com.community.oneroom-_vq6VNgQCVbuOnZ5BU_J_Q==/lib/arm64/libmmkv.so using class loader ns clns-7 (caller=/data/app/~~tikEfZu7R2c9n2ZmwcQqhg==/com.community.oneroom-_vq6VNgQCVbuOnZ5BU_J_Q==/base.apk): ok
03-02 10:45:34.699  5203  5203 I MMKV    : <native-bridge.cpp:104::JNI_OnLoad> current API level = 35, libc++_shared=0
03-02 10:45:34.706   921   921 I BufferQueueDebug: [Splash Screen com.softnation.Ojam#133441](this:0xb400007bcec58f38,id:-1,api:0,p:-1,c:921) onDestructor()
03-02 10:45:34.707   921   921 I BufferQueueDebug: [b17cc34 Splash Screen com.softnation.Ojam#133440](this:0xb400007bcecab888,id:-1,api:0,p:-1,c:921) onDestructor()
03-02 10:45:34.720 30963  5051 W libc    : Access denied finding property "ro.vendor.display.iris_x7.support"
03-02 10:45:34.731  1621  4432 I PowerHalWrapper: amsBoostStop AMS_BOOST_PACK_SWITCH:false, AMS_BOOST_ACT_SWITCH:false, AMS_BOOST_PROCESS_CREATE:true, AMS_BOOST_PROCESS_CREATE_FOR_GAME:false, AMS_BOOST_HOT_LAUNCH:false 
03-02 10:45:34.733   863   958 I libPowerHal: [perfLockRel] hdl:364195, idx:-1
03-02 10:45:34.736 30963  5110 W unknown:ReactNative: StatusBarModule: Ignored status bar change, current activity is edge-to-edge.
03-02 10:45:34.737 30963  5110 W unknown:ReactNative: StatusBarModule: Ignored status bar change, current activity is edge-to-edge.
03-02 10:45:34.739  5203  5203 I MMKV    : <MMKV.cpp:165::initialize> version v1.2.12, page size 4096, arch arm64-v8a
03-02 10:45:34.740  5203  5203 I MMKV    : <MMKV.cpp:176::initialize> armv8 AES instructions is supported
03-02 10:45:34.740  5203  5203 I MMKV    : <MMKV.cpp:184::initialize> armv8 CRC32 instructions is supported
03-02 10:45:34.744  5203  5203 I MMKV    : <MMKV.cpp:207::initializeMMKV> root dir: /data/user/0/com.community.oneroom/files/mmkv
03-02 10:45:34.893  1621  4238 D CompatChangeReporter: Compat change id reported: 261072174; UID 10125; state: ENABLED
03-02 10:45:34.924  5203  5238 D ApplicationLoaders: Returning zygote-cached class loader: /system/framework/org.apache.http.legacy.jar
03-02 10:45:34.933  5203  5238 D nativeloader: Configuring clns-8 for other apk /system/framework/com.android.location.provider.jar. target_sdk_version=36, uses_libraries=ALL, library_path=/data/app/~~PNgoFDHBmGdMmQt2moPCLQ==/com.google.android.gms-wSL8VlioUsna9-KnDrZN3A==/lib/arm64:/data/app/~~PNgoFDHBmGdMmQt2moPCLQ==/com.google.android.gms-wSL8VlioUsna9-KnDrZN3A==/base.apk!/lib/arm64-v8a, permitted_path=/data:/mnt/expand:/data/user/0/com.google.android.gms
03-02 10:45:34.933  5203  5238 D nativeloader: Extending system_exposed_libraries: libapuwareapusys.mtk.so:libapuwareapusys_v2.mtk.so:libapuwarexrp.mtk.so:libapuwarexrp_v2.mtk.so:libapuwareutils.mtk.so:libapuwareutils_v2.mtk.so:libapuwarehmp.mtk.so:libneuron_graph_delegate.mtk.so:libneuronusdk_adapter.mtk.so:libtflite_mtk.mtk.so:libarmnn_ndk.mtk.so:libcmdl_ndk.mtk.so:libnir_neon_driver_ndk.mtk.so:libmvpu_runtime.mtk.so:libmvpu_runtime_pub.mtk.so:libmvpu_engine_pub.mtk.so:libmvpu_pattern_pub.mtk.so:libmvpuop_mtk_cv.mtk.so:libmvpuop_mtk_nn.mtk.so:libmvpu_runtime_25.mtk.so:libmvpu_runtime_25_pub.mtk.so:libmvpu_engine_25_pub.mtk.so:libmvpu_pattern_25_pub.mtk.so:libmvpuop25_mtk_cv.mtk.so:libmvpuop25_mtk_nn.mtk.so:libmvpu_config.mtk.so:libteeservice_client.trustonic.so:libmisys_jni.xiaomi.so:libpag.hyperos.so:libffavc.hyperos.so
03-02 10:45:34.942  5203  5238 D nativeloader: Configuring clns-9 for other apk /system/framework/com.android.media.remotedisplay.jar. target_sdk_version=36, uses_libraries=ALL, library_path=/data/app/~~PNgoFDHBmGdMmQt2moPCLQ==/com.google.android.gms-wSL8VlioUsna9-KnDrZN3A==/lib/arm64:/data/app/~~PNgoFDHBmGdMmQt2moPCLQ==/com.google.android.gms-wSL8VlioUsna9-KnDrZN3A==/base.apk!/lib/arm64-v8a, permitted_path=/data:/mnt/expand:/data/user/0/com.google.android.gms
03-02 10:45:34.943  5203  5238 D nativeloader: Extending system_exposed_libraries: libapuwareapusys.mtk.so:libapuwareapusys_v2.mtk.so:libapuwarexrp.mtk.so:libapuwarexrp_v2.mtk.so:libapuwareutils.mtk.so:libapuwareutils_v2.mtk.so:libapuwarehmp.mtk.so:libneuron_graph_delegate.mtk.so:libneuronusdk_adapter.mtk.so:libtflite_mtk.mtk.so:libarmnn_ndk.mtk.so:libcmdl_ndk.mtk.so:libnir_neon_driver_ndk.mtk.so:libmvpu_runtime.mtk.so:libmvpu_runtime_pub.mtk.so:libmvpu_engine_pub.mtk.so:libmvpu_pattern_pub.mtk.so:libmvpuop_mtk_cv.mtk.so:libmvpuop_mtk_nn.mtk.so:libmvpu_runtime_25.mtk.so:libmvpu_runtime_25_pub.mtk.so:libmvpu_engine_25_pub.mtk.so:libmvpu_pattern_25_pub.mtk.so:libmvpuop25_mtk_cv.mtk.so:libmvpuop25_mtk_nn.mtk.so:libmvpu_config.mtk.so:libteeservice_client.trustonic.so:libmisys_jni.xiaomi.so:libpag.hyperos.so:libffavc.hyperos.so
03-02 10:45:34.945  5203  5238 D ApplicationLoaders: Returning zygote-cached class loader: /system_ext/framework/androidx.window.extensions.jar
03-02 10:45:34.945  5203  5238 D ApplicationLoaders: Returning zygote-cached class loader: /system_ext/framework/androidx.window.sidecar.jar
03-02 10:45:34.948  5203  5203 D ADSDK_S_HisavanaFileProvider: main, onCreate(HisavanaFileProvider.java:9)
03-02 10:45:34.948  5203  5203 D ADSDK_S_HisavanaFileProvider: onCreate
03-02 10:45:35.069  5203  5203 I MMKV    : <MemoryFile.cpp:97::open> open fd[0x8a], /data/user/0/com.community.oneroom/files/mmkv/kv_app_config
