03-02 10:45:18.438  1621  4238 W WindowManager: Changing focus from Window{6009493 u0 com.google.android.googlequicksearchbox/com.google.android.apps.search.assistant.surfaces.voice.robin.ui.floaty.activity.FloatyActivity} to null displayId=0 Callers=com.android.server.wm.RootWindowContainer.updateFocusedWindowLocked:602 com.android.server.wm.WindowManagerService.updateFocusedWindowLocked:7168 com.android.server.wm.WindowManagerService.relayoutWindowInner:3076 com.android.server.wm.WindowManagerService.relayoutWindow:2724 
03-02 10:45:18.439  1621  4238 D WindowManager: wms.Input focus has changed to null display=0 updateInputWindows = true
03-02 10:45:18.439  1621  4238 I MultiSenceManagerInternalStub: getInstance
03-02 10:45:18.442  2363  2577 D BufferQueueConsumer: [](id:93b00001acd,api:0,p:-1,c:2363) connect: controlledByApp=false
03-02 10:45:18.443  1621  2834 I ATMSImpl: cacheTasksForDefaultDisplay size=5
03-02 10:45:18.443  1621  1667 W ActivityManager: Slow operation: 55ms so far, now at startProcess: done updating pids map
03-02 10:45:18.444  2363  2577 D BLASTBufferQueue: [VRI[Ojam]#5816](f:0,a:0) constructor()
03-02 10:45:18.444  2363  2577 D BLASTBufferQueue: [VRI[Ojam]#5816](f:0,a:0) update width=1080 height=2460 format=-3 mTransformHint=0
03-02 10:45:18.445  1999  2684 D RecentsModel: getRunningTask ignoreActivityType : 2 ,ignoreWindowMode:5
03-02 10:45:18.445  1999  2684 W RecentsModel: getRunningTask   taskInfo=TaskInfo{userId=0 taskId=37027 displayId=0 isRunning=true baseIntent=Intent { flg=0x14850000 pkg=com.google.android.googlequicksearchbox cmp=com.google.android.googlequicksearchbox/com.google.android.apps.search.assistant.surfaces.voice.robin.ui.floaty.activity.FloatyActivity } baseActivity=ComponentInfo{com.google.android.googlequicksearchbox/com.google.android.apps.search.assistant.surfaces.voice.robin.ui.floaty.activity.FloatyActivity} topActivity=ComponentInfo{com.google.android.googlequicksearchbox/com.google.android.apps.search.assistant.surfaces.voice.robin.ui.floaty.activity.FloatyActivity} origActivity=null realActivity=ComponentInfo{com.google.android.googlequicksearchbox/com.google.android.apps.search.assistant.surfaces.voice.robin.ui.floaty.activity.FloatyActivity} numActivities=1 lastActiveTime=1027677865 supportsSplitScreenMultiWindow=true supportsMultiWindow=true resizeMode=2 isResizeable=true minWidth=-1 minHeight=-1 defaultMinSize=200 token=WCT{android.window.IWindowContainerToken$Stub$Proxy@de0a346} topActivityType=1 pictureInPictureParams=null shouldDockBigOverlays=false launchIntoPipHostTaskId=-1 lastParentTaskIdBeforePip=-1 displayCutoutSafeInsets=Rect(0, 104 - 0, 0) topActivityInfo=ActivityInfo{8890907 com.google.android.apps.search.assistant.surfaces.voice.robin.ui.floaty.activity.FloatyActivity} launchCookies=[] positionInParent=Point(0, 0) parentTaskId=-1 isFocused=true isVisible=true isVisibleRequested=false isSleeping=false locusId=null displayAreaFeatureId=1 isTopActivityTransparent=true appCompatTaskInfo=AppCompatTaskInfo { topActivityInSizeCompat=false topActivityEligibleForLetterboxEducation= falseisLetterboxEducationEnabled= false isLetterboxDoubleTapEnabled= false topActivityEligibleForUserAspectRatioButton= false topActivityBoundsLetterboxed= false isFromLetterboxDoubleTap= false topActivityLetterboxVerticalPosition= -1 topActivityLetterboxHorizontalPosition= -1 topActivityLetterboxWidth=1080 topActivityLetterboxHeight=2460 isUserFullscreenOverrideEnabled=false isSystemFullscreenOverrideEnabled=false cameraCompatTaskInfo=CameraCompatTaskInfo { cameraCompatControlState=hidden freeformCameraCompatMode=inactive}} isImmersive=false mTopActivityRequestOrientation=-2 mBehindAppLockPkg=null mOriginatingUid=0 isEmbedded=false shouldBeVisible=false mIsCastMode=false mTopActivityMediaSize=null mTopActivityRecordName=ActivityRecord{6d71709 u0 com.google.android.googlequicksearchbox/com.google.android.apps.search.assistant.surfaces.voice.robin.ui.floaty.activity.FloatyActivity t37027} mTopActivityOrientation=-2}
03-02 10:45:18.445  1999  2684 D RecentsModel: preloadRecents runningTaskId:37027, mCurrentRunningTaskId:-1, mRecentsTaskLoadPlan=com.android.systemui.shared.recents.model.RecentsTaskLoadPlan@5832a34
03-02 10:45:18.450  2363  2577 D VRI[Ojam]: vri.reportNextDraw android.view.ViewRootImpl.performTraversals:4984 android.view.ViewRootImpl.doTraversal:3564 android.view.ViewRootImpl$TraversalRunnable.run:11781 android.view.Choreographer$CallbackRecord.run:1804 android.view.Choreographer$CallbackRecord.run:1813 
03-02 10:45:18.450  2363  2577 D VRI[Ojam]: Setup new sync=wmsSync-VRI[Ojam]#72
03-02 10:45:18.450   849  1424 D MDP     : Buffer 720352: plane=1 bufVA={0xcc,0x0,0x0} bufMVA={0x0,0x0,0x0} bufSize={0xa35c00,0x0,0x0} proxy={0xb40000777ebe7e70,0x0,0x0}fence=200
03-02 10:45:18.450   849  1424 D MDP     : Buffer 720353: plane=1 bufVA={0xb7,0x0,0x0} bufMVA={0x0,0x0,0x0} bufSize={0xa35c00,0x0,0x0} proxy={0xb40000777ebe4b70,0x0,0x0}fence=181
03-02 10:45:18.450   849  1424 D MDP     : DpAsyncBlit: job:(1440707 181) in:(1088, 2460)[4352 0] C2s P4.1.1.1.4, alpha 0, sec0 flush:0 
03-02 10:45:18.450   849  1424 D MDP     : Buffer 720352: plane=1 bufVA={0xae,0x0,0x0} bufMVA={0x0,0x0,0x0} bufSize={0xa35c00,0x0,0x0} proxy={0xb40000777ebe53e0,0x0,0x0}fence=187
03-02 10:45:18.450   849  1424 D MDP     : Buffer 720353: plane=1 bufVA={0xca,0x0,0x0} bufMVA={0x0,0x0,0x0} bufSize={0xa35c00,0x0,0x0} proxy={0xb40000777ebe80b0,0x0,0x0}fence=208
03-02 10:45:18.450   849  1424 D MDP     : DpAsyncBlit: out 0:(864, 1968)[4352 0] C2s P1.1.1.0.4 R:0 F:0 S:0 A:0 HDR:0 COLOR:0 CCORR:0 sec0 flush:0 
03-02 10:45:18.450   849  1424 D MDP     : DpAsyncBlit: crop 0:(0.0, 0.0, 1080.0, 2460.0) compose:(108, 246, 864, 1968)
03-02 10:45:18.452  1999  2684 E ActivityManagerWrapper: get all recent tasks force including 37027
03-02 10:45:18.454   857   857 D android.hardware.lights-service.mediatek: write 353 to /sys/class/leds/lcd-backlight/brightness, result: 0
03-02 10:45:18.454  2363  2648 D HWUI    : makeCurrent grContext:0xb4000079f1a172d0 reset mTextureAvailable
03-02 10:45:18.455   857   857 D android.hardware.lights-service.mediatek: write 353 to /sys/class/mi_display/disp-DSI-0/brightness_clone, result: 0
03-02 10:45:18.457  1621  1648 D Aurogon :  uid = 10166 switch to BG
03-02 10:45:18.457  1621  1894 D Aurogon :  onForegroundActivitiesChanged packageName = com.miui.home
03-02 10:45:18.466   857   857 D android.hardware.lights-service.mediatek: write 354 to /sys/class/leds/lcd-backlight/brightness, result: 0
03-02 10:45:18.467   857   857 D android.hardware.lights-service.mediatek: write 354 to /sys/class/mi_display/disp-DSI-0/brightness_clone, result: 0
03-02 10:45:18.470  1621  1651 I ActivityTaskManager: visible for Task{27e6aff #2 type=home I=com.miui.home/.launcher.Launcher} visible = true isAnimating = false TRANSITION = false PARENTS = false CHILDREN = false
03-02 10:45:18.471  1621  1651 I ActivityTaskManager: visible for Task{ba1f32f #37027 type=standard I=com.google.android.googlequicksearchbox/com.google.android.apps.search.assistant.surfaces.voice.robin.ui.floaty.activity.FloatyActivity} visible = true isAnimating = false TRANSITION = false PARENTS = false CHILDREN = false
03-02 10:45:18.474   849   868 D libcomposer_ext: DeviceImplAidl::DeviceClientContextAidl::NotifyHwcComposition()
03-02 10:45:18.475   849   868 D libcomposer_ext: DeviceImplAidl::DeviceClientContextAidl::NotifyHwcComposition()
03-02 10:45:18.476   921  1587 D libcomposer_ext: ClientCallbackAidl::asyncPerform(12)
03-02 10:45:18.477   921  1587 D libcomposer_ext: ClientImplAidl::ParseNotifyHwcComposition()
03-02 10:45:18.477   921  1587 I SurfaceFlinger: NotifyHwcComposition(), id 0, mode 0
03-02 10:45:18.477  1201  1298 D libcomposer_ext: ClientCallbackAidl::asyncPerform(12)
03-02 10:45:18.477  1201  1298 D libcomposer_ext: ClientImplAidl::ParseNotifyHwcComposition()
03-02 10:45:18.477  1621  2665 I ClipboardServiceI: checkProviderWakePathForClipboard: primaryClip is null
03-02 10:45:18.481  2363  2648 D BLASTBufferQueue: [VRI[Ojam]#5816](f:0,a:1) acquireNextBufferLocked size=1080x2460 mFrameNumber=1 applyTransaction=true mTimestamp=609912028410429(auto) mPendingTransactions.size=0 graphicBufferId=10149007875459 transform=0
03-02 10:45:18.483  2363  2477 D SoScUtils: monitorTransitionFinished transition:android.os.BinderProxy@473c8c7 transaction: android.view.SurfaceControl$Transaction@24c88b mRequestCloseTransition:null mRequestOpenTransition:null mRequestOpenTransitionWithSameTask size:0 mPairsOpenTransition:null mPairsOpenTransitionNull:null mRequestOpenTriggerTask:-1 mRequestCloseTriggerTask:-1 mOrientationTransition: null mMainStartingTask:-1 mSideStartingTask:-1
03-02 10:45:18.484   857   857 D android.hardware.lights-service.mediatek: write 355 to /sys/class/leds/lcd-backlight/brightness, result: 0
03-02 10:45:18.484   857   857 D android.hardware.lights-service.mediatek: write 355 to /sys/class/mi_display/disp-DSI-0/brightness_clone, result: 0
03-02 10:45:18.489   849  1424 I hwcomposer: [DBQ] (q2:0xb40000787ebf27c0) Buffer queue is destroyed, m_id(34698)  
03-02 10:45:18.489   849  1424 I hwcomposer: [DBQ] (q2:0xb40000787ebf27c0) ~DisplayBufferQueue(), m_id(34698), release buf  
03-02 10:45:18.490   849  1424 I hwcomposer: [DBQ] (q2:0xb40000787ebf27c0) Free Slot(0), handle=0xb4000076aebeb1b0, 10627200 -> 0  
03-02 10:45:18.490   849  1424 I hwcomposer: [DBQ] (q2:0xb40000787ebf27c0) Free Slot(1), handle=0xb4000076aebed830, 10627200 -> 0  
03-02 10:45:18.490   849  1424 I hwcomposer: [DBQ] (q2:0xb40000787ebf27c0) Free Slot(2), handle=0xb4000076aebe9370, 10627200 -> 0  
03-02 10:45:18.491  2363  2577 D VRI[Ojam]: vri.reportDrawFinished
03-02 10:45:18.493  1621  1731 W JobScheduler: Job didn't exist in JobStore: 
03-02 10:45:18.497  2061  2061 I MiuiWallpaper-MiuiWallpaperManagerService: receive broadcast action = android.intent.action.PACKAGE_RESTARTED
03-02 10:45:18.500   857   857 D android.hardware.lights-service.mediatek: write 356 to /sys/class/leds/lcd-backlight/brightness, result: 0
03-02 10:45:18.500  1621  1666 I SmartPower: com.milink.service:audio/10190(19603): idle->background(371017ms) R(broadcast start Intent { act=android.intent.action.PACKAGE_RESTARTED dat=package: flg=0x4000010 (has extras) }) adj=100.
03-02 10:45:18.502  1621  1842 I MiuiNetworkPolicy: updateUidState uid = 99351, uidState = 5
03-02 10:45:18.502  1621  1842 I MiuiNetworkPolicy: updateUidState uid = 10337, uidState = 19
03-02 10:45:18.502  1621  1842 I MiuiNetworkPolicy: updateUidState uid = 10200, uidState = 5
03-02 10:45:18.502  1621  1842 I MiuiNetworkPolicy: updateUidState uid = 10181, uidState = 4
03-02 10:45:18.502  1621  1842 I MiuiNetworkPolicy: updateUidState uid = 10168, uidState = 4
03-02 10:45:18.502  1621  1842 I MiuiNetworkPolicy: updateUidState uid = 10166, uidState = 5
03-02 10:45:18.502  1621  1842 I MiuiNetworkPolicy: updateUidState uid = 10162, uidState = 5
03-02 10:45:18.502  1621  1842 I MiuiNetworkPolicy: updateUidState uid = 10204, uidState = 10
03-02 10:45:18.503   857   857 D android.hardware.lights-service.mediatek: write 356 to /sys/class/mi_display/disp-DSI-0/brightness_clone, result: 0
03-02 10:45:18.511  1999  2684 D ActivityManagerWrapper: groupedRecentTaskInfoCompat.getMainTaskId :37027, isExcluded is True
03-02 10:45:18.512  1999  2684 E ActivityManagerWrapper: getRecentTasksForceIncludingTaskIdIfValid: getRecentTasks: size=4
03-02 10:45:18.512  1999  2684 E ActivityManagerWrapper:  mainTaskId=37028   userId=0   windowMode=1   baseIntent=Intent { act=null flag=268435456 cmp=ComponentInfo{com.softnation.Ojam/com.softnation.Ojam.MainActivity} }
03-02 10:45:18.512  1999  2684 E ActivityManagerWrapper:  mainTaskId=37027   userId=0   windowMode=1   baseIntent=Intent { act=null flag=344260608 cmp=ComponentInfo{com.google.android.googlequicksearchbox/com.google.android.apps.search.assistant.surfaces.voice.robin.ui.floaty.activity.FloatyActivity} }
03-02 10:45:18.512  1999  2684 E ActivityManagerWrapper:  mainTaskId=37019   userId=0   windowMode=1   baseIntent=Intent { act=null flag=268435456 cmp=ComponentInfo{com.whatsapp/com.whatsapp.home.ui.HomeActivity} }
03-02 10:45:18.512  1999  2684 E ActivityManagerWrapper:  mainTaskId=36980   userId=0   windowMode=1   baseIntent=Intent { act=android.intent.action.MAIN flag=270532608 cmp=ComponentInfo{com.twitter.android/com.twitter.android.StartActivity} }
03-02 10:45:18.518  1621  1651 D MiuiRefreshRatePolicy: reset
03-02 10:45:18.519  1621  1651 D PreStartingManager: Not init when use PreStartingManager!
03-02 10:45:18.519  1621  1651 D WindowManager: Set transition=TransitionRecord{8dea9e9 id=10149 type=OPEN flags=0x0}, ready=true, SyncId=10149 
03-02 10:45:18.523  6027 20777 I SCTaskStackListener: onTaskStackChanged! inSplit = false
03-02 10:45:18.526  1621  1651 I SmartPower: com.softnation.Ojam/10337(0): died->visible(639ms) R(become visible) adj=-10000.
03-02 10:45:18.527  1621  1651 I WindowManager: wms.showSurfaceRobustly mWin:Window{b17cc34 u0 Splash Screen com.softnation.Ojam}
03-02 10:45:18.528  1621  1651 D WindowManager: Final targets: [Task{7fe659c #37028 type=standard A=10337:com.softnation.Ojam}, Task{ba1f32f #37027 type=standard I=com.google.android.googlequicksearchbox/com.google.android.apps.search.assistant.surfaces.voice.robin.ui.floaty.activity.FloatyActivity}, Task{d151cdd #1 type=home}]
03-02 10:45:18.529  1621  1842 I MiuiNetworkPolicy: updateUidState uid = 10204, uidState = 19
03-02 10:45:18.530   921  1587 I BufferQueueDebug: [Transition Root #10149: Task=37028#133442](this:0xb400007bcec8c358,id:-1,api:0,p:-1,c:-1) BufferQueue core=(921:/system/bin/surfaceflinger)
03-02 10:45:18.532   857   857 D android.hardware.lights-service.mediatek: write 357 to /sys/class/leds/lcd-backlight/brightness, result: 0
03-02 10:45:18.533   857   857 D android.hardware.lights-service.mediatek: write 357 to /sys/class/mi_display/disp-DSI-0/brightness_clone, result: 0
03-02 10:45:18.537  2246  2407 I Tethering: [BpfCoordinator] onAlertReached
03-02 10:45:18.549   857   857 D android.hardware.lights-service.mediatek: write 358 to /sys/class/leds/lcd-backlight/brightness, result: 0
03-02 10:45:18.550   857   857 D android.hardware.lights-service.mediatek: write 358 to /sys/class/mi_display/disp-DSI-0/brightness_clone, result: 0
03-02 10:45:18.550  1621  1651 D WindowManager: snapshot isNothing = false source = Task{ba1f32f #37027 type=standard I=com.google.android.googlequicksearchbox/com.google.android.apps.search.assistant.surfaces.voice.robin.ui.floaty.activity.FloatyActivity}
03-02 10:45:18.550   921   921 I BufferQueueProducer: [com.google.android.googlequicksearchbox/com.google.android.apps.search.assistant.surfaces.voice.robin.ui.floaty.activity.FloatyActivity#133410](this:0xb400007bcecdbf18,id:-1,api:0,p:-1,c:921) queueBuffer: fps=6.17 dur=5022.16 max=4506.14 min=16.27
03-02 10:45:18.555  1999  1999 D TaskSnapshotCompatVV: getIsInvalidateFromTaskSnapshot, isInvalidate=false
03-02 10:45:18.556   921  2359 I BufferQueueDebug: [Surface(name=5b2ee94 StatusBar#103)/@0xf6cf932 - animation-leash of insets_animation#133443](this:0xb400007bcec5ea58,id:-1,api:0,p:-1,c:-1) BufferQueue core=(921:/system/bin/surfaceflinger)
03-02 10:45:18.557  1999  1999 D EventBus: No subscribers registered for event class com.miui.home.recents.messages.TaskSnapshotChangedEvent
03-02 10:45:18.557  1999  1999 D EventBus: No subscribers registered for event class org.greenrobot.eventbus.NoSubscriberEvent
03-02 10:45:18.560   921  1166 I BufferQueueDebug: [Surface(name=77d8129 NavigationBar0#101614)/@0x3faba4f - animation-leash of insets_animation#133444](this:0xb400007bcecc2508,id:-1,api:0,p:-1,c:-1) BufferQueue core=(921:/system/bin/surfaceflinger)
03-02 10:45:18.561  1621  1651 D MiuiRefreshRatePolicy: reset
03-02 10:45:18.565  1621  1638 D WindowManager: Finish Transition (#10148): created at 03-02 10:45:17.909 collect-started=0.161ms request-sent=0.452ms started=14.033ms ready=13.997ms sent=213.613ms finished=655.802ms
03-02 10:45:18.567  1621  4238 W ActivityManager: pid 1621 system sent binder code 7 with flags 1 to frozen apps and got error -32
03-02 10:45:18.566  8942  5005 D AdvertisingIdClient: AdvertisingIdClient already created.
03-02 10:45:18.567  8942  5005 D AdvertisingIdClient: AdvertisingIdClient is not bounded. Starting to bind it...
03-02 10:45:18.567 30963 30963 I softnation.Ojam: Using CollectorTypeCMC GC.
03-02 10:45:18.570  1621  4238 W WindowManager: Exception thrown during dispatchAppVisibility Window{510b646 u0 com.softnation.Ojam/com.softnation.Ojam.MainActivity EXITING}
03-02 10:45:18.570  1621  4238 W WindowManager: android.os.DeadObjectException
03-02 10:45:18.570  1621  4238 W WindowManager: 	at android.os.BinderProxy.transactNative(Native Method)
03-02 10:45:18.570  1621  4238 W WindowManager: 	at android.os.BinderProxy.transact(BinderProxy.java:682)
03-02 10:45:18.570  1621  4238 W WindowManager: 	at android.view.IWindow$Stub$Proxy.dispatchAppVisibility(IWindow.java:655)
03-02 10:45:18.570  1621  4238 W WindowManager: 	at com.android.server.wm.WindowState.sendAppVisibilityToClients(WindowState.java:3529)
03-02 10:45:18.570  1621  4238 W WindowManager: 	at com.android.server.wm.WindowContainer.sendAppVisibilityToClients(WindowContainer.java:1387)
03-02 10:45:18.570  1621  4238 W WindowManager: 	at com.android.server.wm.WindowToken.setClientVisible(WindowToken.java:423)
03-02 10:45:18.570  1621  4238 W WindowManager: 	at com.android.server.wm.ActivityRecord.setClientVisible(ActivityRecord.java:8426)
03-02 10:45:18.570  1621  4238 W WindowManager: 	at com.android.server.wm.ActivityRecord.postApplyAnimation(ActivityRecord.java:6989)
03-02 10:45:18.570  1621  4238 W WindowManager: 	at com.android.server.wm.ActivityRecord.commitVisibility(ActivityRecord.java:6931)
03-02 10:45:18.570  1621  4238 W WindowManager: 	at com.android.server.wm.Transition.finishTransition(Transition.java:1589)
03-02 10:45:18.570  1621  4238 W WindowManager: 	at com.android.server.wm.TransitionController.finishTransition(TransitionController.java:1153)
03-02 10:45:18.570  1621  4238 W WindowManager: 	at com.android.server.wm.WindowOrganizerController.finishTransition(WindowOrganizerController.java:578)
03-02 10:45:18.570  1621  4238 W WindowManager: 	at android.window.IWindowOrganizerController$Stub.onTransact(IWindowOrganizerController.java:324)
03-02 10:45:18.570  1621  4238 W WindowManager: 	at com.android.server.wm.WindowOrganizerController.onTransact(WindowOrganizerController.java:234)
03-02 10:45:18.570  1621  4238 W WindowManager: 	at android.os.Binder.execTransactInternal(Binder.java:1507)
03-02 10:45:18.570  1621  4238 W WindowManager: 	at android.os.Binder.execTransact(Binder.java:1451)
03-02 10:45:18.570  1621  4238 W Process : Unable to open /proc/29259/status
03-02 10:45:18.571   921  2359 I SurfaceFlinger: onHandleDestroyed: name=Transition Root #10148: Task=37026#133436, layerId=133436, parentId=0
03-02 10:45:18.571  1621  4238 I Transition: finishTransition: updateLastSurfacePosition tf=Task{a5994e8 #37026 type=standard A=10337:com.softnation.Ojam}
03-02 10:45:18.572  1999  1999 E RotationHelper: setCurrentTransitionRequest: request=0
03-02 10:45:18.573  1621  4238 D MiuiRefreshRatePolicy: reset
03-02 10:45:18.575  1621  4238 I PowerManagerServiceImpl: Release wakelock: SCREEN_BRIGHT_WAKE_LOCK           'WindowManager/displayId:0' ON_AFTER_RELEASE DISABLED ACQ=-6m25s73ms (uid=1000 pid=1621 pkg=android ws=WorkSource{10337 com.softnation.Ojam})
03-02 10:45:18.578  1621  4238 D WindowManager: setParent old=ActivityRecord{7abd9da u0 com.softnation.Ojam/.MainActivity t37026 f} isExiting},new=null,this window=Window{510b646 u0 com.softnation.Ojam/com.softnation.Ojam.MainActivity EXITING},callers=com.android.server.wm.WindowContainer.removeChild:897 com.android.server.wm.ActivityRecord.removeChild:5518 com.android.server.wm.ActivityRecord.removeChild:505 com.android.server.wm.WindowContainer.removeImmediately:967 com.android.server.wm.WindowState.removeImmediately:2526 com.android.server.wm.WindowContainer.removeImmediately:931 
03-02 10:45:18.580  1621  4238 D MiuiRefreshRatePolicy: reset
03-02 10:45:18.582   857   857 D android.hardware.lights-service.mediatek: write 359 to /sys/class/leds/lcd-backlight/brightness, result: 0
03-02 10:45:18.582  1621  4238 D WindowManager: setParent old=Task{a5994e8 #37026 type=standard A=10337:com.softnation.Ojam},new=null,this window=ActivityRecord{7abd9da u0 com.softnation.Ojam/.MainActivity t37026 f} isExiting},callers=com.android.server.wm.WindowContainer.removeChild:897 com.android.server.wm.TaskFragment.removeChild:3337 com.android.server.wm.Task.removeChild:1929 com.android.server.wm.Task.removeChild:1908 com.android.server.wm.WindowContainer.removeImmediately:967 com.android.server.wm.WindowToken.removeImmediately:374 
03-02 10:45:18.584   921   921 I BufferQueueDebug: [Transition Root #10148: Task=37026#133436](this:0xb400007bceccdb48,id:-1,api:0,p:-1,c:921) onDestructor()
03-02 10:45:18.585   857   857 D android.hardware.lights-service.mediatek: write 359 to /sys/class/mi_display/disp-DSI-0/brightness_clone, result: 0
03-02 10:45:18.589  7123  7128 I adbd    : jdwp connection from 30963
03-02 10:45:18.590   921  1166 I BufferQueueDebug: [Task=37026#133445](this:0xb400007bcec561a8,id:-1,api:0,p:-1,c:-1) BufferQueue core=(921:/system/bin/surfaceflinger)
03-02 10:45:18.592  1621  4238 D WindowManager: setParent old=DefaultTaskDisplayArea@262819365,new=null,this window=Task{a5994e8 #37026 type=standard A=10337:com.softnation.Ojam},callers=com.android.server.wm.WindowContainer.removeChild:897 com.android.server.wm.TaskDisplayArea.removeChildTask:360 com.android.server.wm.TaskDisplayArea.removeChild:351 com.android.server.wm.WindowContainer.removeImmediately:967 com.android.server.wm.TaskFragment.removeImmediately:3417 com.android.server.wm.Task.removeImmediately:3408 
03-02 10:45:18.592  1621  4238 D MiuiMultiWindowUtils: DeviceLevel.IS_MIUI_LITE_VERSION 2.0 not support miui multiWindowtides
03-02 10:45:18.592  1621  4238 D MiuiMultiWindowUtils: DeviceLevel.IS_MIUI_LITE_VERSION 2.0 not support miui multiWindowtides
03-02 10:45:18.593  2363  2477 I RemoteTransitionHandlerStubImpl: invokeAndRemoveWctCB transition is null, curWctCB: null
03-02 10:45:18.594  1621  2834 I ClipboardServiceI: checkProviderWakePathForClipboard: primaryClip is null
03-02 10:45:18.594  1999  2756 D EventBus: No subscribers registered for event class com.miui.home.recents.messages.RecentTasksChangedEvent
03-02 10:45:18.594  1999  2756 D EventBus: No subscribers registered for event class org.greenrobot.eventbus.NoSubscriberEvent
03-02 10:45:18.594  1999  2684 D TaskSnapshotCompatVV: getIsInvalidateFromTaskSnapshot, return, mTaskSnapshot=null, mTaskSnapshotClazz=null
03-02 10:45:18.595  2363  2477 I MultiTaskingTaskRepository: needSkip: is home task
03-02 10:45:18.595  2363  2477 W MultiTaskingTaskRepository: onToBackTransitionReady putOrUpdateTaskInfo skip
03-02 10:45:18.595  1621  2834 W ContentProviderHelper: Slow operation: 64ms so far, now at getContentProviderImpl: done!
03-02 10:45:18.596  2363  2477 D MultiTaskingTaskRepository: addOrMoveFullscreenTaskToTop taskId=37028
03-02 10:45:18.596  2363  2477 D MultiTaskingTaskRepository: putOrUpdateTaskInfo: taskInfo.taskId: 37028 current mMultiTaskingTaskInfoList:  ,37027 ,37026 ,37019 ,36980 ,36770 ,36289 ,5 ,4
03-02 10:45:18.596  2363  2477 D MultiTaskingTaskRepository: java.lang.Throwable
03-02 10:45:18.596  2363  2477 D MultiTaskingTaskRepository: 	at com.android.wm.shell.multitasking.taskmanager.MultiTaskingTaskRepository.updateMultiTaskingTaskInfo(go/retraceme 5c05439c20823397c9aaa04c8ad244598257e2a7e5bd06f03af131ffaee2a4a9:82)
03-02 10:45:18.596  2363  2477 D MultiTaskingTaskRepository: 	at com.android.wm.shell.multitasking.taskmanager.MultiTaskingTaskRepository.putOrUpdateTaskInfo(go/retraceme 5c05439c20823397c9aaa04c8ad244598257e2a7e5bd06f03af131ffaee2a4a9:41)
03-02 10:45:18.596  2363  2477 D MultiTaskingTaskRepository: 	at com.android.wm.shell.multitasking.taskmanager.MultiTaskingTransitionObserver.onTransitionReady(go/retraceme 5c05439c20823397c9aaa04c8ad244598257e2a7e5bd06f03af131ffaee2a4a9:166)
03-02 10:45:18.596  2363  2477 D MultiTaskingTaskRepository: 	at com.android.wm.shell.transition.Transitions.dispatchReady(go/retraceme 5c05439c20823397c9aaa04c8ad244598257e2a7e5bd06f03af131ffaee2a4a9:169)
03-02 10:45:18.596  2363  2477 D MultiTaskingTaskRepository: 	at com.android.wm.shell.transition.Transitions.onTransitionReady(go/retraceme 5c05439c20823397c9aaa04c8ad244598257e2a7e5bd06f03af131ffaee2a4a9:248)
03-02 10:45:18.596  2363  2477 D MultiTaskingTaskRepository: 	at com.android.wm.shell.transition.Transitions$TransitionPlayerImpl$$ExternalSyntheticLambda1.run(go/retraceme 5c05439c20823397c9aaa04c8ad244598257e2a7e5bd06f03af131ffaee2a4a9:47)
03-02 10:45:18.596  2363  2477 D MultiTaskingTaskRepository: 	at android.os.Handler.handleCallback(Handler.java:959)
03-02 10:45:18.596  2363  2477 D MultiTaskingTaskRepository: 	at android.os.Handler.dispatchMessage(Handler.java:100)
03-02 10:45:18.596  2363  2477 D MultiTaskingTaskRepository: 	at android.os.Looper.loopOnce(Looper.java:249)
03-02 10:45:18.596  2363  2477 D MultiTaskingTaskRepository: 	at android.os.Looper.loop(Looper.java:337)
03-02 10:45:18.596  2363  2477 D MultiTaskingTaskRepository: 	at android.os.HandlerThread.run(HandlerThread.java:85)
03-02 10:45:18.596  2363  2477 D MultiTaskingTaskInfo: initFolmeControl::task id = 37028, mBounds = Rect(0, 0 - 1080, 2460)
03-02 10:45:18.597  1621  1651 I ActivityTaskManager: visible for Task{27e6aff #2 type=home I=com.miui.home/.launcher.Launcher} visible = true isAnimating = false TRANSITION = false PARENTS = false CHILDREN = false
03-02 10:45:18.597  2363  2477 I ShellTransitions: Is abandon offsetY: false
03-02 10:45:18.597  2363  2477 I ShellTransitions: Is abandon offsetY: false
03-02 10:45:18.597  2363  2477 I ShellTransitions: Is abandon offsetY: false
03-02 10:45:18.597  2363  2477 E TaskViewTransitions: Found a launching TaskView in the wrong transition. All TaskView launches should be initiated by shell and in their own transition: 37028
03-02 10:45:18.597   921  2359 I BufferQueueDebug: [9aa9270 ActivityRecordInputSink com.softnation.Ojam/.MainActivity#133446](this:0xb400007bcec9d4b8,id:-1,api:0,p:-1,c:-1) BufferQueue core=(921:/system/bin/surfaceflinger)
03-02 10:45:18.597  2363  2477 E KeyguardTransitionHandlerImpl: activityCount = 0
03-02 10:45:18.597  2363  2477 E KeyguardTransitionHandlerImpl: activityCount = 0
03-02 10:45:18.597  1621  1731 W UserManagerService: Requested status bar icon for non-badged user 0
03-02 10:45:18.598  2363  2477 D MiuiFreeformModeAnimation: startAnimation change: {WCT{android.window.IWindowContainerToken$Stub$Proxy@5b70180} m=OPEN f=NONE leash=Surface(name=Task=37028#133438)/@0x18bf581 sb=Rect(0, 0 - 1080, 2460) eb=Rect(0, 0 - 1080, 2460) d=0 taskParent=-1} info.getType(): 1
03-02 10:45:18.598  2363  2477 D MiuiFreeformModeAnimation: startAnimation change: {WCT{android.window.IWindowContainerToken$Stub$Proxy@a60d3b9} m=TO_BACK f=TRANSLUCENT leash=Surface(name=Task=37027#133407)/@0x2b0626 sb=Rect(0, 0 - 1080, 2460) eb=Rect(0, 0 - 1080, 2460) d=0 taskParent=-1} info.getType(): 1
03-02 10:45:18.598  2363  2477 D MiuiFreeformModeAnimation: startAnimation change: {WCT{android.window.IWindowContainerToken$Stub$Proxy@5d2b3fe} m=TO_BACK f=SHOW_WALLPAPER leash=Surface(name=Task=1#47)/@0x5956267 sb=Rect(0, 0 - 1080, 2460) eb=Rect(0, 0 - 1080, 2460) d=0 taskParent=-1} info.getType(): 1
03-02 10:45:18.598  2363  2477 D SoScStageCoordinator: inCloseTransition:false pairsStartedWithCloseTransition:false isRequestCloseTriggerTask:false inSingleSoScState:false inSoScUnactivie:true closeStage:null
03-02 10:45:18.600  2363  2477 D TransitionAnimationHelper:  load default animation  type = 1 enter = false animAttr = 19 isTask = true translucent = false
03-02 10:45:18.601   921  1587 D SurfaceFlinger: [SF client] REMOVE (0xb400007caea352c0) for (1621:system_server)
03-02 10:45:18.602 19959 20500 V CAM_ParallelProcessProvider: query uri: content://com.xiaomi.camera.parallelservice.provider.SpecialTypesProvider/processing
03-02 10:45:18.603 19959 20500 V CAM_ParallelProcessProvider: getDbItemSaveTask
03-02 10:45:18.603  2363  2477 D TransitionAnimationHelper:  load default animation  type = 1 enter = false animAttr = 19 isTask = true translucent = false
03-02 10:45:18.603 19959 20500 E SQLiteLog: (1) no such column: special_type_id in "SELECT media_store_id, progress_status, progress_percentage, special_type_id FROM tasks"
03-02 10:45:18.603  2363  2477 D TransitionAnimationHelper:  load default animation  type = 1 enter = true animAttr = 18 isTask = true translucent = false
03-02 10:45:18.605  1621  1651 W ActivityTaskManager: Can't find TaskDisplayArea to determine support for multi window. Task id=37026 attached=false
03-02 10:45:18.605 19959 20500 E DatabaseUtils: Writing exception to parcel
03-02 10:45:18.605 19959 20500 E DatabaseUtils: android.database.sqlite.SQLiteException: no such column: special_type_id (code 1 SQLITE_ERROR): , while compiling: SELECT media_store_id, progress_status, progress_percentage, special_type_id FROM tasks
03-02 10:45:18.605 19959 20500 E DatabaseUtils: 	at android.database.sqlite.SQLiteConnection.nativePrepareStatement(Native Method)
03-02 10:45:18.605 19959 20500 E DatabaseUtils: 	at android.database.sqlite.SQLiteConnection.-$$Nest$smnativePrepareStatement(Unknown Source:0)
03-02 10:45:18.605 19959 20500 E DatabaseUtils: 	at android.database.sqlite.SQLiteConnection$PreparedStatementCache.createStatement(SQLiteConnection.java:1562)
03-02 10:45:18.605 19959 20500 E DatabaseUtils: 	at android.database.sqlite.SQLiteConnection.acquirePreparedStatementLI(SQLiteConnection.java:1098)
03-02 10:45:18.605 19959 20500 E DatabaseUtils: 	at android.database.sqlite.SQLiteConnection.acquirePreparedStatement(SQLiteConnection.java:1126)
03-02 10:45:18.605 19959 20500 E DatabaseUtils: 	at android.database.sqlite.SQLiteConnection.prepare(SQLiteConnection.java:686)
03-02 10:45:18.605 19959 20500 E DatabaseUtils: 	at android.database.sqlite.SQLiteSession.prepare(SQLiteSession.java:614)
03-02 10:45:18.605 19959 20500 E DatabaseUtils: 	at android.database.sqlite.SQLiteProgram.<init>(SQLiteProgram.java:62)
03-02 10:45:18.605 19959 20500 E DatabaseUtils: 	at android.database.sqlite.SQLiteQuery.<init>(SQLiteQuery.java:37)
03-02 10:45:18.605 19959 20500 E DatabaseUtils: 	at android.database.sqlite.SQLiteDirectCursorDriver.query(SQLiteDirectCursorDriver.java:46)
03-02 10:45:18.605 19959 20500 E DatabaseUtils: 	at android.database.sqlite.SQLiteDatabase.rawQueryWithFactory(SQLiteDatabase.java:1823)
03-02 10:45:18.605 19959 20500 E DatabaseUtils: 	at android.database.sqlite.SQLiteDatabase.queryWithFactory(SQLiteDatabase.java:1655)
03-02 10:45:18.605 19959 20500 E DatabaseUtils: 	at android.database.sqlite.SQLiteDatabase.query(SQLiteDatabase.java:1512)
03-02 10:45:18.605 19959 20500 E DatabaseUtils: 	at android.database.sqlite.SQLiteDatabase.query(SQLiteDatabase.java:1738)
03-02 10:45:18.605 19959 20500 E DatabaseUtils: 	at com.xiaomi.camera.parallelservice.provider.ParallelProcessProvider.f(Unknown Source:187)
03-02 10:45:18.605 19959 20500 E DatabaseUtils: 	at com.xiaomi.camera.parallelservice.provider.ParallelProcessProvider.query(Unknown Source:86)
03-02 10:45:18.605 19959 20500 E DatabaseUtils: 	at android.content.ContentProvider.query(ContentProvider.java:1633)
03-02 10:45:18.605 19959 20500 E DatabaseUtils: 	at android.content.ContentProvider.query(ContentProvider.java:1729)
03-02 10:45:18.605 19959 20500 E DatabaseUtils: 	at android.content.ContentProvider$Transport.query(ContentProvider.java:301)
03-02 10:45:18.605 19959 20500 E DatabaseUtils: 	at android.content.ContentProviderNative.onTransact(ContentProviderNative.java:110)
03-02 10:45:18.605 19959 20500 E DatabaseUtils: 	at android.os.Binder.execTransactInternal(Binder.java:1507)
03-02 10:45:18.605 19959 20500 E DatabaseUtils: 	at android.os.Binder.execTransact(Binder.java:1451)
03-02 10:45:18.606  8942  5005 D AdvertisingIdClient: AdvertisingIdClient is bounded
03-02 10:45:18.606  2363  2540 D ShellTransitions: speed ui!!!!!!!!!!!
03-02 10:45:18.607  2363  2477 D MulWinSwitchDecorViewModel: handleEventReceiverIfMultiWinSwitchIsUnsupported: removeEventReceiver, callers=com.android.wm.shell.multitasking.miuimultiwinswitch.miuiwindowdecor.MulWinSwitchDecorViewModel.onTaskOpening:7 com.android.wm.shell.fullscreen.FullscreenTaskListener.onTaskAppeared:97 com.android.wm.shell.ShellTaskOrganizer.onTaskAppeared:9 com.android.wm.shell.ShellTaskOrganizer.onTaskAppeared:3 android.window.TaskOrganizer$1.lambda$onTaskAppeared$5:312 
03-02 10:45:18.608  2363  2477 D MultiTaskingTaskRepository: addOrMoveFullscreenTaskToTop taskId=37028
03-02 10:45:18.608  2363  2477 I MultiTaskingTaskRepository: no MULTI_WINDOW, but base activity is null
03-02 10:45:18.609  1999  2756 D EventBus: No subscribers registered for event class com.miui.home.recents.messages.RecentTasksChangedEvent
03-02 10:45:18.609  2363  2477 D MulWinSwitchDecorViewModel: destroyWindowDecoration: taskId=37026 windowingMode=1 mWindowDecorByTaskId.size()=0 callers=com.android.wm.shell.fullscreen.FullscreenTaskListener.onTaskVanished:104 com.android.wm.shell.ShellTaskOrganizer.onTaskVanished:128 android.window.TaskOrganizer$1.lambda$onTaskVanished$6:317 android.window.TaskOrganizer$1.$r8$lambda$8ODi_1s42Z5SmyxWXsgMLDG64pA:0 android.window.TaskOrganizer$1$$ExternalSyntheticLambda0.run:0 
03-02 10:45:18.609  1999  2756 D EventBus: No subscribers registered for event class org.greenrobot.eventbus.NoSubscriberEvent
03-02 10:45:18.610  2363  2477 D MulWinSwitchDecorViewModel: handleEventReceiverIfMultiWinSwitchIsUnsupported: removeEventReceiver, callers=com.android.wm.shell.multitasking.miuimultiwinswitch.miuiwindowdecor.MulWinSwitchDecorViewModel.destroyWindowDecoration:82 com.android.wm.shell.fullscreen.FullscreenTaskListener.onTaskVanished:104 com.android.wm.shell.ShellTaskOrganizer.onTaskVanished:128 android.window.TaskOrganizer$1.lambda$onTaskVanished$6:317 android.window.TaskOrganizer$1.$r8$lambda$8ODi_1s42Z5SmyxWXsgMLDG64pA:0 
03-02 10:45:18.610  2363  2477 D MultiTaskingTaskRepository: onTaskVanished: taskInfo.taskId: 37026 current mMultiTaskingTaskInfoList: { ,37028 ,37027 ,37026 ,37019 ,36980 ,36770 ,36289 ,5 ,4 }
03-02 10:45:18.610  8942  5005 I AdvertisingIdClient: shouldSendLog 1027623929
03-02 10:45:18.610  8942  5005 I AdvertisingIdClient: GetInfoInternal elapse 42ms
03-02 10:45:18.610  2363  2477 D MultiTaskingTaskRepository: removeFullscreenTask taskId=37026
03-02 10:45:18.610  2363  2477 D MiuiFreeformModeCornerTipHandler: task#37026 onTaskVanished
03-02 10:45:18.610  2363  2477 I MiuiBubbleController: removeBubble: 37026 reason=2
03-02 10:45:18.610  2363  2477 I MultiTaskingTaskInfo: before call clearMaskControl task id = 37026, CoverLayerController = null, callers=com.android.wm.shell.multitasking.taskmanager.MultiTaskingTaskListener.onTaskVanished:148 com.android.wm.shell.ShellTaskOrganizer.onTaskVanished:141 android.window.TaskOrganizer$1.lambda$onTaskVanished$6:317 android.window.TaskOrganizer$1.$r8$lambda$8ODi_1s42Z5SmyxWXsgMLDG64pA:0 android.window.TaskOrganizer$1$$ExternalSyntheticLambda0.run:0 
03-02 10:45:18.611  2363  2477 I MultiTaskingTaskRepository: onTaskVanish multi list = [5, 4], full = [37028, 37027, 37019, 36980]
03-02 10:45:18.611  1999  2756 D EventBus: No subscribers registered for event class com.miui.home.recents.messages.RecentTasksChangedEvent
03-02 10:45:18.611  1621  2834 W UriGrantsManagerService: No permission grants found for com.google.android.apps.photos
03-02 10:45:18.611  1999  2756 D EventBus: No subscribers registered for event class org.greenrobot.eventbus.NoSubscriberEvent
03-02 10:45:18.611 30963 30963 D nativeloader: Load libframework-connectivity-tiramisu-jni.so using APEX ns com_android_tethering for caller /apex/com.android.tethering/javalib/framework-connectivity-t.jar: ok
03-02 10:45:18.612  1621  1651 D MiuiRefreshRatePolicy: reset
03-02 10:45:18.612  1621  2834 W UriGrantsManagerService: No permission grants found for com.google.android.apps.photos
03-02 10:45:18.616  1621  2188 I ATMSImpl: cacheTasksForDefaultDisplay size=5
03-02 10:45:18.616   857   857 D android.hardware.lights-service.mediatek: write 361 to /sys/class/leds/lcd-backlight/brightness, result: 0
03-02 10:45:18.617  1621  1651 I ActivityTaskManager: visible for Task{27e6aff #2 type=home I=com.miui.home/.launcher.Launcher} visible = true isAnimating = false TRANSITION = false PARENTS = false CHILDREN = false
03-02 10:45:18.618  1999  2684 D TaskSnapshotCompatVV: getIsInvalidateFromTaskSnapshot, isInvalidate=false
03-02 10:45:18.618   857   857 D android.hardware.lights-service.mediatek: write 361 to /sys/class/mi_display/disp-DSI-0/brightness_clone, result: 0
03-02 10:45:18.619  1999  2684 D RecentsModel: onTaskStackChangedBackground    MSG_TASK_STACK_CHANGE
03-02 10:45:18.619  1999  2684 D RecentsModel: boostTaskStackChangedThread, don't boost
03-02 10:45:18.619  1621  2834 W UserManagerService: Requested status bar icon for non-badged user 0
03-02 10:45:18.620  2363  2363 I FocusedNotifPromptContr: onTopActivityMayChanged: isSupportPip false, isFocus true
03-02 10:45:18.620  2363  2363 I FocusedNotifPromptContr: onTopActivityMayChanged: topActivity=com.google.android.googlequicksearchbox
03-02 10:45:18.620  2363  2363 I PromptViewAnimState: topActivityMayChanged: topActivity=com.softnation.Ojam --> com.google.android.googlequicksearchbox
03-02 10:45:18.620  2363  2363 D KeyguardEditorHelper: onTopActivityMayChanged, topActivity=ComponentInfo{com.google.android.googlequicksearchbox/com.google.android.apps.search.assistant.surfaces.voice.robin.ui.floaty.activity.FloatyActivity}; mState=IDEL
03-02 10:45:18.621  1621  4432 I ATMSImpl: cacheTasksForDefaultDisplay size=5
03-02 10:45:18.623  1621  1731 I ATMSImpl: cacheTasksForDefaultDisplay size=5
03-02 10:45:18.623 30963 30963 I MessageMonitor: Load libmiui_runtime
03-02 10:45:18.624  1621  2834 W UserManagerService: Requested status bar icon for non-badged user 0
03-02 10:45:18.626  1999  2684 D RecentsModel: getRunningTask ignoreActivityType : 2 ,ignoreWindowMode:5
03-02 10:45:18.626  1999  2684 W RecentsModel: getRunningTask   taskInfo=TaskInfo{userId=0 taskId=37027 displayId=0 isRunning=true baseIntent=Intent { flg=0x14850000 pkg=com.google.android.googlequicksearchbox cmp=com.google.android.googlequicksearchbox/com.google.android.apps.search.assistant.surfaces.voice.robin.ui.floaty.activity.FloatyActivity } baseActivity=ComponentInfo{com.google.android.googlequicksearchbox/com.google.android.apps.search.assistant.surfaces.voice.robin.ui.floaty.activity.FloatyActivity} topActivity=ComponentInfo{com.google.android.googlequicksearchbox/com.google.android.apps.search.assistant.surfaces.voice.robin.ui.floaty.activity.FloatyActivity} origActivity=null realActivity=ComponentInfo{com.google.android.googlequicksearchbox/com.google.android.apps.search.assistant.surfaces.voice.robin.ui.floaty.activity.FloatyActivity} numActivities=1 lastActiveTime=1027678046 supportsSplitScreenMultiWindow=true supportsMultiWindow=true resizeMode=2 isResizeable=true minWidth=-1 minHeight=-1 defaultMinSize=200 token=WCT{android.window.IWindowContainerToken$Stub$Proxy@8a24691} topActivityType=1 pictureInPictureParams=null shouldDockBigOverlays=false launchIntoPipHostTaskId=-1 lastParentTaskIdBeforePip=-1 displayCutoutSafeInsets=Rect(0, 104 - 0, 0) topActivityInfo=ActivityInfo{3be69f6 com.google.android.apps.search.assistant.surfaces.voice.robin.ui.floaty.activity.FloatyActivity} launchCookies=[] positionInParent=Point(0, 0) parentTaskId=-1 isFocused=true isVisible=true isVisibleRequested=false isSleeping=false locusId=null displayAreaFeatureId=1 isTopActivityTransparent=true appCompatTaskInfo=AppCompatTaskInfo { topActivityInSizeCompat=false topActivityEligibleForLetterboxEducation= falseisLetterboxEducationEnabled= false isLetterboxDoubleTapEnabled= false topActivityEligibleForUserAspectRatioButton= false topActivityBoundsLetterboxed= false isFromLetterboxDoubleTap= false topActivityLetterboxVerticalPosition= -1 topActivityLetterboxHorizontalPosition= -1 topActivityLetterboxWidth=1080 topActivityLetterboxHeight=2460 isUserFullscreenOverrideEnabled=false isSystemFullscreenOverrideEnabled=false cameraCompatTaskInfo=CameraCompatTaskInfo { cameraCompatControlState=hidden freeformCameraCompatMode=inactive}} isImmersive=false mTopActivityRequestOrientation=-2 mBehindAppLockPkg=null mOriginatingUid=0 isEmbedded=false shouldBeVisible=false mIsCastMode=false mTopActivityMediaSize=null mTopActivityRecordName=ActivityRecord{6d71709 u0 com.google.android.googlequicksearchbox/com.google.android.apps.search.assistant.surfaces.voice.robin.ui.floaty.activity.FloatyActivity t37027} mTopActivityOrientation=-2}
03-02 10:45:18.626  1999  2684 D RecentsModel: preloadRecents runningTaskId:37027, mCurrentRunningTaskId:-1, mRecentsTaskLoadPlan=com.android.systemui.shared.recents.model.RecentsTaskLoadPlan@6a041f7
03-02 10:45:18.627  1621  1918 E HyperSentinel: -------------------------------------------------------
03-02 10:45:18.627  1621  1918 E HyperSentinel: Event_ThreadAmount
03-02 10:45:18.627  1621  1918 E HyperSentinel: -> audit event by proc 30963 "usap64": running threads amount, 0 -> 12
03-02 10:45:18.627  1621  1918 E HyperSentinel: -------------------------------------------------------
03-02 10:45:18.627  1621  1918 E HyperSentinel: Event_ResidentSize
03-02 10:45:18.627  1621  1918 E HyperSentinel: -> audit event by proc 30963 "usap64": RSS increasement, peak 72960kb -> 109452kb
03-02 10:45:18.628  1999  2684 E ActivityManagerWrapper: get all recent tasks force including 37027
03-02 10:45:18.629  1621  2834 D SymlinkUtils: attachApplication file op go pass: 1 ms
03-02 10:45:18.631   921   921 I SurfaceFlinger: onHandleDestroyed: name=Task=37026#133445, layerId=133445, parentId=0
03-02 10:45:18.631   921   921 I SurfaceFlinger: onHandleDestroyed: name=ActivityRecord{7abd9da u0 com.softnation.Ojam/.MainActivity t37026}#133354, layerId=133354, parentId=0
03-02 10:45:18.631   921   921 I SurfaceFlinger: onHandleDestroyed: name=510b646 com.softnation.Ojam/com.softnation.Ojam.MainActivity#133362, layerId=133362, parentId=0
03-02 10:45:18.631   921   921 I SurfaceFlinger: onHandleDestroyed: name=com.softnation.Ojam/com.softnation.Ojam.MainActivity#133363, layerId=133363, parentId=0
03-02 10:45:18.631   921   921 I SurfaceFlinger: onHandleDestroyed: name=2a124fc ActivityRecordInputSink com.softnation.Ojam/.MainActivity#133360, layerId=133360, parentId=0
03-02 10:45:18.631   921   921 I SurfaceFlinger: onHandleDestroyed: name=Surface(name=77d8129 NavigationBar0#101614)/@0x3faba4f - animation-leash of insets_animation#133420, layerId=133420, parentId=0
03-02 10:45:18.631   921   921 I SurfaceFlinger: onHandleDestroyed: name=Surface(name=5b2ee94 StatusBar#103)/@0xf6cf932 - animation-leash of insets_animation#133411, layerId=133411, parentId=0
03-02 10:45:18.634  1621  1651 I ActivityTaskManager: visible for Task{27e6aff #2 type=home I=com.miui.home/.launcher.Launcher} visible = true isAnimating = false TRANSITION = false PARENTS = false CHILDREN = false
03-02 10:45:18.637  1621  1648 D Aurogon :  uid = 10337 switch to FG
03-02 10:45:18.638  1621  2834 W MiuiBoosterUtils: enable_miuibooster_launch : false
03-02 10:45:18.638  1999  2684 D ActivityManagerWrapper: groupedRecentTaskInfoCompat.getMainTaskId :37027, isExcluded is True
03-02 10:45:18.638 27809  4235 I NetworkScheduler: (REDACTED) Error inserting %s
03-02 10:45:18.638  1999  2684 E ActivityManagerWrapper: getRecentTasksForceIncludingTaskIdIfValid: getRecentTasks: size=4
03-02 10:45:18.638  1999  2684 E ActivityManagerWrapper:  mainTaskId=37028   userId=0   windowMode=1   baseIntent=Intent { act=null flag=268435456 cmp=ComponentInfo{com.softnation.Ojam/com.softnation.Ojam.MainActivity} }
03-02 10:45:18.638  1999  2684 E ActivityManagerWrapper:  mainTaskId=37027   userId=0   windowMode=1   baseIntent=Intent { act=null flag=344260608 cmp=ComponentInfo{com.google.android.googlequicksearchbox/com.google.android.apps.search.assistant.surfaces.voice.robin.ui.floaty.activity.FloatyActivity} }
03-02 10:45:18.638  1999  2684 E ActivityManagerWrapper:  mainTaskId=37019   userId=0   windowMode=1   baseIntent=Intent { act=null flag=268435456 cmp=ComponentInfo{com.whatsapp/com.whatsapp.home.ui.HomeActivity} }
03-02 10:45:18.638  1999  2684 E ActivityManagerWrapper:  mainTaskId=36980   userId=0   windowMode=1   baseIntent=Intent { act=android.intent.action.MAIN flag=270532608 cmp=ComponentInfo{com.twitter.android/com.twitter.android.StartActivity} }
03-02 10:45:18.640  1621  1894 D isUidValid: uid = 10337
03-02 10:45:18.640  1621  1842 I MiuiNetworkPolicy: updateUidState uid = 10337, uidState = 2
03-02 10:45:18.644 30963  5029 D MiuiDownscaleImpl: set override inverted scale : 1.0
03-02 10:45:18.647 30963 30963 I JavaheapMonitor: Disabled. Process name: <pre-initialized>
03-02 10:45:18.648 30963  5028 D AppScoutStateMachine: 30963-ScoutStateMachinecreated
03-02 10:45:18.650   857   857 D android.hardware.lights-service.mediatek: write 363 to /sys/class/leds/lcd-backlight/brightness, result: 0
03-02 10:45:18.650   857   857 D android.hardware.lights-service.mediatek: write 363 to /sys/class/mi_display/disp-DSI-0/brightness_clone, result: 0
03-02 10:45:18.653 30963 30963 D MiuiMonitorThread: Shared singleton Thread for stability monitor start
03-02 10:45:18.657  1999  2684 D TaskSnapshotCompatVV: getIsInvalidateFromTaskSnapshot, return, mTaskSnapshot=null, mTaskSnapshotClazz=null
03-02 10:45:18.664   921   921 I BufferQueueDebug: [510b646 com.softnation.Ojam/com.softnation.Ojam.MainActivity#133362](this:0xb400007bcebbf2d8,id:-1,api:0,p:-1,c:921) onDestructor()
03-02 10:45:18.664   921   921 I BufferQueueDebug: [ActivityRecord{7abd9da u0 com.softnation.Ojam/.MainActivity t37026}#133354](this:0xb400007bcec45048,id:-1,api:0,p:-1,c:921) onDestructor()
03-02 10:45:18.664   921   921 I BufferQueueDebug: [Task=37026#133445](this:0xb400007bcec561a8,id:-1,api:0,p:-1,c:921) onDestructor()
03-02 10:45:18.664   921   921 I BufferQueueDebug: [2a124fc ActivityRecordInputSink com.softnation.Ojam/.MainActivity#133360](this:0xb400007bcec756d8,id:-1,api:0,p:-1,c:921) onDestructor()
03-02 10:45:18.664   921   921 I BufferQueueDebug: [Surface(name=5b2ee94 StatusBar#103)/@0xf6cf932 - animation-leash of insets_animation#133411](this:0xb400007bceca8af8,id:-1,api:0,p:-1,c:921) onDestructor()
03-02 10:45:18.664   921   921 I BufferQueueDebug: [com.softnation.Ojam/com.softnation.Ojam.MainActivity#133363](this:0xb400007bcecc5298,id:-1,api:0,p:-1,c:921) onDestructor()
03-02 10:45:18.664   921  1484 E BpTransactionCompletedListener: Failed to transact (-32)
03-02 10:45:18.665   921   921 I BufferQueueDebug: [Surface(name=77d8129 NavigationBar0#101614)/@0x3faba4f - animation-leash of insets_animation#133420](this:0xb400007bcecd08d8,id:-1,api:0,p:-1,c:921) onDestructor()
03-02 10:45:18.682   857   857 D android.hardware.lights-service.mediatek: write 365 to /sys/class/leds/lcd-backlight/brightness, result: 0
03-02 10:45:18.683   857   857 D android.hardware.lights-service.mediatek: write 365 to /sys/class/mi_display/disp-DSI-0/brightness_clone, result: 0
03-02 10:45:18.693 30963 30963 D ActivityThread: setEmbeddedParam packageName=com.softnation.Ojam processName=com.softnation.Ojam isEmbedded=false isIsolated=false
03-02 10:45:18.717   857   857 D android.hardware.lights-service.mediatek: write 367 to /sys/class/leds/lcd-backlight/brightness, result: 0
03-02 10:45:18.717   857   857 D android.hardware.lights-service.mediatek: write 367 to /sys/class/mi_display/disp-DSI-0/brightness_clone, result: 0
03-02 10:45:18.749   857   857 D android.hardware.lights-service.mediatek: write 369 to /sys/class/leds/lcd-backlight/brightness, result: 0
03-02 10:45:18.749   857   857 D android.hardware.lights-service.mediatek: write 369 to /sys/class/mi_display/disp-DSI-0/brightness_clone, result: 0
03-02 10:45:18.784   857   857 D android.hardware.lights-service.mediatek: write 370 to /sys/class/leds/lcd-backlight/brightness, result: 0
03-02 10:45:18.784   857   857 D android.hardware.lights-service.mediatek: write 370 to /sys/class/mi_display/disp-DSI-0/brightness_clone, result: 0
03-02 10:45:18.816   857   857 D android.hardware.lights-service.mediatek: write 372 to /sys/class/leds/lcd-backlight/brightness, result: 0
03-02 10:45:18.817   857   857 D android.hardware.lights-service.mediatek: write 372 to /sys/class/mi_display/disp-DSI-0/brightness_clone, result: 0
03-02 10:45:18.867   857   857 D android.hardware.lights-service.mediatek: write 374 to /sys/class/leds/lcd-backlight/brightness, result: 0
03-02 10:45:18.868   857   857 D android.hardware.lights-service.mediatek: write 374 to /sys/class/mi_display/disp-DSI-0/brightness_clone, result: 0
03-02 10:45:18.884   857   857 D android.hardware.lights-service.mediatek: write 377 to /sys/class/leds/lcd-backlight/brightness, result: 0
03-02 10:45:18.884   857   857 D android.hardware.lights-service.mediatek: write 377 to /sys/class/mi_display/disp-DSI-0/brightness_clone, result: 0
03-02 10:45:18.899   857   857 D android.hardware.lights-service.mediatek: write 378 to /sys/class/leds/lcd-backlight/brightness, result: 0
03-02 10:45:18.900   857   857 D android.hardware.lights-service.mediatek: write 378 to /sys/class/mi_display/disp-DSI-0/brightness_clone, result: 0
03-02 10:45:18.918   857   857 D android.hardware.lights-service.mediatek: write 379 to /sys/class/leds/lcd-backlight/brightness, result: 0
