03-02 11:15:41.473  1055  1186 D connsyslogger: systemReady:1
03-02 11:15:41.558  1159  1606 D ULogGuard: Monitoring: 18 threads, 0 requests, 0 time-bombs; 1 guards. ResetFlags = 0x7
03-02 11:15:41.614 17840 18081 E msys    : E[N mns]_OnDiskCacheGetData(632)=>Start post callback cache refresh DNS resolution
03-02 11:15:41.619 17840 18081 E msys    : E[N mns]_LogError(228)=>Failed to resolve using system DNS resolver, getaddrinfo(): No address associated with hostname
03-02 11:15:41.628 15743 15743 D nativeloader: Configuring clns-7 for other apk /data/app/~~Bh61wenJZi6JNVEuOkVQfQ==/com.softnation.Ojam-nnCVAdHxKfOmup5FCuBDYQ==/base.apk. target_sdk_version=36, uses_libraries=, library_path=/data/app/~~Bh61wenJZi6JNVEuOkVQfQ==/com.softnation.Ojam-nnCVAdHxKfOmup5FCuBDYQ==/lib/arm64:/data/app/~~Bh61wenJZi6JNVEuOkVQfQ==/com.softnation.Ojam-nnCVAdHxKfOmup5FCuBDYQ==/base.apk!/lib/arm64-v8a, permitted_path=/data:/mnt/expand:/data/user/0/com.softnation.Ojam
03-02 11:15:41.646 15743 15743 V GraphicsEnvironment: Currently set values for:
03-02 11:15:41.646 15743 15743 V GraphicsEnvironment:   angle_gl_driver_selection_pkgs=[]
03-02 11:15:41.646 15743 15743 V GraphicsEnvironment:   angle_gl_driver_selection_values=[]
03-02 11:15:41.646 15743 15743 V GraphicsEnvironment: Global.Settings values are invalid: number of packages: 0, number of values: 0
03-02 11:15:41.646 15743 15743 V GraphicsEnvironment: Neither updatable production driver nor prerelease driver is supported.
03-02 11:15:41.648 15743 15743 I ActivityThread: TrafficStats init done
03-02 11:15:41.652  1621  2197 D ForceDarkAppConfigProvider: cloudConfigVersion: -1   localConfigVersion:20250515
03-02 11:15:41.652  1621  2197 I UiModeManager: systemserver package:com.softnation.Ojam null
03-02 11:15:41.652 15743 15743 I ForceDarkHelperStubImpl: initialize for com.softnation.Ojam , ForceDarkAppConfig: null
03-02 11:15:41.655 15743 15743 D nativeloader: Load libforcedarkimpl.so using system ns (caller=/system_ext/framework/miui-framework.jar): ok
03-02 11:15:41.656 15743 15743 D HWUI    : JNI_OnLoad success
03-02 11:15:41.656 15743 15743 I MiuiForceDarkConfig: setConfig density:2.750000, mainRule:0, secondaryRule:0, tertiaryRule:0
03-02 11:15:41.659 15743 15743 I ActivityThread: Miui Feature Init done
03-02 11:15:41.782   849   849 I hwcomposer: [HWCDisplay] (0 updateFps():3667), (type:1, mode:2) fps:57.367943,dur:1011.02,max:57.76,min:12.28  
03-02 11:15:41.788 15743 15743 W FirebaseApp: Default FirebaseApp failed to initialize because no default options were found. This usually means that com.google.gms:google-services was not applied to your gradle project.
03-02 11:15:41.788 15743 15743 I FirebaseInitProvider: FirebaseApp initialization unsuccessful
03-02 11:15:41.800   861   947 I libPerfCtl: xgfGetFPS pid:921 fps:-1
03-02 11:15:41.800   861   947 I libPerfCtl: xgfGetFPS pid:2363 fps:-1
03-02 11:15:41.800   861   947 I libPerfCtl: xgfGetFPS pid:13966 fps:-1
03-02 11:15:41.817  1621  2197 I ClipboardServiceI: checkProviderWakePathForClipboard: primaryClip is null
03-02 11:15:41.830 15743 15743 W SoLoader: Initializing SoLoader: 0
03-02 11:15:41.834 15743 15743 W SoLoader: Recording new base apk path: /data/app/~~Bh61wenJZi6JNVEuOkVQfQ==/com.softnation.Ojam-nnCVAdHxKfOmup5FCuBDYQ==/base.apk
03-02 11:15:41.834 15743 15743 W SoLoader: Previously recorded 0 base apk paths.
03-02 11:15:41.838 15743 15743 I SoLoader: Preparing SO source: DirectorySoSource[root = /vendor/lib64 flags = 2]
03-02 11:15:41.839 15743 15743 I SoLoader: Preparing SO source: DirectorySoSource[root = /system/lib64 flags = 2]
03-02 11:15:41.839 15743 15743 I SoLoader: Preparing SO source: DirectApkSoSource[root = [/data/app/~~Bh61wenJZi6JNVEuOkVQfQ==/com.softnation.Ojam-nnCVAdHxKfOmup5FCuBDYQ==/base.apk!/lib/arm64-v8a]]
03-02 11:15:41.861  1621  1666 I SmartPower: com.whatsapp/10300(31638): idle->background(2432ms) R(broadcast start Intent { act=android.intent.action.BATTERY_CHANGED flg=0x60000010 (has extras) }) adj=900.
03-02 11:15:41.862  1621  1666 I SmartPower: com.instagram.android/10301(17840): idle->background(2432ms) R(broadcast start Intent { act=android.intent.action.BATTERY_CHANGED flg=0x60000010 (has extras) }) adj=905.
03-02 11:15:41.864  1621  1666 I SmartPower: com.facebook.stella/10126(18142): idle->background(2434ms) R(broadcast start Intent { act=android.intent.action.BATTERY_CHANGED flg=0x60000010 (has extras) }) adj=915.
03-02 11:15:41.895  2061 12253 W HWUI    : Surface doesn't have any previously queued frames, nothing to readback from
03-02 11:15:41.897   921   921 I BufferQueueProducer: [StatusBar#109](this:0xb400007bcec4ab68,id:-1,api:0,p:-1,c:921) queueBuffer: fps=0.51 dur=1963.20 max=1963.20 min=1963.20
03-02 11:15:41.904  2061 12253 W HWUI    : Surface doesn't have any previously queued frames, nothing to readback from
03-02 11:15:41.930 17840 18014 E msys    : E[N mns]_OnDiskCacheGetData(632)=>Start post callback cache refresh DNS resolution
03-02 11:15:41.935 17840 18014 E msys    : E[N mns]_LogError(228)=>Failed to resolve using system DNS resolver, getaddrinfo(): No address associated with hostname
03-02 11:15:41.935 17840 18014 E msys    : E[N mns]_OnDiskCacheGetData(632)=>Start post callback cache refresh DNS resolution
03-02 11:15:41.937 17840 18014 E msys    : E[N mns]_LogError(228)=>Failed to resolve using system DNS resolver, getaddrinfo(): No address associated with hostname
03-02 11:15:41.963 15743 15743 I SoLoader: Preparing SO source: ApplicationSoSource[DirectorySoSource[root = /data/app/~~Bh61wenJZi6JNVEuOkVQfQ==/com.softnation.Ojam-nnCVAdHxKfOmup5FCuBDYQ==/lib/arm64 flags = 0]]
03-02 11:15:41.964 15743 15743 I SoLoader: init finish: 4 SO sources prepared
03-02 11:15:41.964 15743 15743 W SoLoader: SoLoader initialized: 8
03-02 11:15:42.002 15743 15743 D nativeloader: Load /data/app/~~Bh61wenJZi6JNVEuOkVQfQ==/com.softnation.Ojam-nnCVAdHxKfOmup5FCuBDYQ==/base.apk!/lib/arm64-v8a/libc++_shared.so using class loader ns clns-7 (caller=/data/app/~~Bh61wenJZi6JNVEuOkVQfQ==/com.softnation.Ojam-nnCVAdHxKfOmup5FCuBDYQ==/base.apk!classes20.dex): ok
03-02 11:15:42.018 15743 15743 D nativeloader: Load /data/app/~~Bh61wenJZi6JNVEuOkVQfQ==/com.softnation.Ojam-nnCVAdHxKfOmup5FCuBDYQ==/base.apk!/lib/arm64-v8a/libjsi.so using class loader ns clns-7 (caller=/data/app/~~Bh61wenJZi6JNVEuOkVQfQ==/com.softnation.Ojam-nnCVAdHxKfOmup5FCuBDYQ==/base.apk!classes20.dex): ok
03-02 11:15:42.034 15743 15743 D nativeloader: Load /data/app/~~Bh61wenJZi6JNVEuOkVQfQ==/com.softnation.Ojam-nnCVAdHxKfOmup5FCuBDYQ==/base.apk!/lib/arm64-v8a/libfbjni.so using class loader ns clns-7 (caller=/data/app/~~Bh61wenJZi6JNVEuOkVQfQ==/com.softnation.Ojam-nnCVAdHxKfOmup5FCuBDYQ==/base.apk!classes20.dex): ok
03-02 11:15:42.047 15743 15743 D nativeloader: Load /data/app/~~Bh61wenJZi6JNVEuOkVQfQ==/com.softnation.Ojam-nnCVAdHxKfOmup5FCuBDYQ==/base.apk!/lib/arm64-v8a/libreactnative.so using class loader ns clns-7 (caller=/data/app/~~Bh61wenJZi6JNVEuOkVQfQ==/com.softnation.Ojam-nnCVAdHxKfOmup5FCuBDYQ==/base.apk!classes20.dex): ok
03-02 11:15:42.047 15743 15743 D jni_lib_merge: Entering merged library JNI_OnLoad.
03-02 11:15:42.047 15743 15743 D jni_lib_merge: Preparing 12 pre-merged libs (including stub)
03-02 11:15:42.047 15743 15743 D jni_lib_merge: Preparing to register libfabricjni_so.  onload_func: 0x788f63dce0
03-02 11:15:42.047 15743 15743 D jni_lib_merge: Preparing to register libreact_devsupportjni_so.  onload_func: 0x788f837fc8
03-02 11:15:42.047 15743 15743 D jni_lib_merge: Preparing to register libreact_featureflagsjni_so.  onload_func: 0x788f846518
03-02 11:15:42.047 15743 15743 D jni_lib_merge: Preparing to register libreact_newarchdefaults_so.  onload_func: 0x788f8ae6a8
03-02 11:15:42.047 15743 15743 D jni_lib_merge: Preparing to register libreactnativeblob_so.  onload_func: 0x788fa9ecb4
03-02 11:15:42.047 15743 15743 D jni_lib_merge: Preparing to register libreactnativejni_so.  onload_func: 0x788faec6bc
03-02 11:15:42.047 15743 15743 D jni_lib_merge: Preparing to register libreactnativejni_common_so.  onload_func: 0x788fafd044
03-02 11:15:42.047 15743 15743 D jni_lib_merge: Preparing to register librninstance_so.  onload_func: 0x788fb44764
03-02 11:15:42.047 15743 15743 D jni_lib_merge: Preparing to register libturbomodulejsijni_so.  onload_func: 0x788fc5cf68
03-02 11:15:42.047 15743 15743 D jni_lib_merge: Preparing to register libuimanagerjni_so.  onload_func: 0x788fc75fb8
03-02 11:15:42.047 15743 15743 D jni_lib_merge: Preparing to register libyoga_so.  onload_func: 0x788fc85a3c
03-02 11:15:42.047 15743 15743 D jni_lib_merge: About to register 11 actual methods.
03-02 11:15:42.083 15743 15743 D nativeloader: Load /data/app/~~Bh61wenJZi6JNVEuOkVQfQ==/com.softnation.Ojam-nnCVAdHxKfOmup5FCuBDYQ==/base.apk!/lib/arm64-v8a/libreact_codegen_rnscreens.so using class loader ns clns-7 (caller=/data/app/~~Bh61wenJZi6JNVEuOkVQfQ==/com.softnation.Ojam-nnCVAdHxKfOmup5FCuBDYQ==/base.apk!classes20.dex): ok
03-02 11:15:42.083 15743 15743 D jni_lib_merge: Entering merged library JNI_OnLoad.
03-02 11:15:42.083 15743 15743 D jni_lib_merge: Preparing 12 pre-merged libs (including stub)
03-02 11:15:42.083 15743 15743 D jni_lib_merge: Preparing to register libfabricjni_so.  onload_func: 0x788f63dce0
03-02 11:15:42.083 15743 15743 D jni_lib_merge: Preparing to register libreact_devsupportjni_so.  onload_func: 0x788f837fc8
03-02 11:15:42.083 15743 15743 D jni_lib_merge: Preparing to register libreact_featureflagsjni_so.  onload_func: 0x788f846518
03-02 11:15:42.083 15743 15743 D jni_lib_merge: Preparing to register libreact_newarchdefaults_so.  onload_func: 0x788f8ae6a8
03-02 11:15:42.083 15743 15743 D jni_lib_merge: Preparing to register libreactnativeblob_so.  onload_func: 0x788fa9ecb4
03-02 11:15:42.083 15743 15743 D jni_lib_merge: Preparing to register libreactnativejni_so.  onload_func: 0x788faec6bc
03-02 11:15:42.083 15743 15743 D jni_lib_merge: Preparing to register libreactnativejni_common_so.  onload_func: 0x788fafd044
03-02 11:15:42.083 15743 15743 D jni_lib_merge: Preparing to register librninstance_so.  onload_func: 0x788fb44764
03-02 11:15:42.083 15743 15743 D jni_lib_merge: Preparing to register libturbomodulejsijni_so.  onload_func: 0x788fc5cf68
03-02 11:15:42.083 15743 15743 D jni_lib_merge: Preparing to register libuimanagerjni_so.  onload_func: 0x788fc75fb8
03-02 11:15:42.083 15743 15743 D jni_lib_merge: Preparing to register libyoga_so.  onload_func: 0x788fc85a3c
03-02 11:15:42.083 15743 15743 D jni_lib_merge: About to register 11 actual methods.
03-02 11:15:42.100 15743 15743 D nativeloader: Load /data/app/~~Bh61wenJZi6JNVEuOkVQfQ==/com.softnation.Ojam-nnCVAdHxKfOmup5FCuBDYQ==/base.apk!/lib/arm64-v8a/libreact_codegen_RNCSlider.so using class loader ns clns-7 (caller=/data/app/~~Bh61wenJZi6JNVEuOkVQfQ==/com.softnation.Ojam-nnCVAdHxKfOmup5FCuBDYQ==/base.apk!classes20.dex): ok
03-02 11:15:42.116 15743 15743 D nativeloader: Load /data/app/~~Bh61wenJZi6JNVEuOkVQfQ==/com.softnation.Ojam-nnCVAdHxKfOmup5FCuBDYQ==/base.apk!/lib/arm64-v8a/libreact_codegen_rnsvg.so using class loader ns clns-7 (caller=/data/app/~~Bh61wenJZi6JNVEuOkVQfQ==/com.softnation.Ojam-nnCVAdHxKfOmup5FCuBDYQ==/base.apk!classes20.dex): ok
03-02 11:15:42.116 15743 15743 D jni_lib_merge: Entering merged library JNI_OnLoad.
03-02 11:15:42.116 15743 15743 D jni_lib_merge: Preparing 12 pre-merged libs (including stub)
03-02 11:15:42.116 15743 15743 D jni_lib_merge: Preparing to register libfabricjni_so.  onload_func: 0x788f63dce0
03-02 11:15:42.116 15743 15743 D jni_lib_merge: Preparing to register libreact_devsupportjni_so.  onload_func: 0x788f837fc8
03-02 11:15:42.116 15743 15743 D jni_lib_merge: Preparing to register libreact_featureflagsjni_so.  onload_func: 0x788f846518
03-02 11:15:42.116 15743 15743 D jni_lib_merge: Preparing to register libreact_newarchdefaults_so.  onload_func: 0x788f8ae6a8
03-02 11:15:42.116 15743 15743 D jni_lib_merge: Preparing to register libreactnativeblob_so.  onload_func: 0x788fa9ecb4
03-02 11:15:42.116 15743 15743 D jni_lib_merge: Preparing to register libreactnativejni_so.  onload_func: 0x788faec6bc
03-02 11:15:42.116 15743 15743 D jni_lib_merge: Preparing to register libreactnativejni_common_so.  onload_func: 0x788fafd044
03-02 11:15:42.116 15743 15743 D jni_lib_merge: Preparing to register librninstance_so.  onload_func: 0x788fb44764
03-02 11:15:42.116 15743 15743 D jni_lib_merge: Preparing to register libturbomodulejsijni_so.  onload_func: 0x788fc5cf68
03-02 11:15:42.116 15743 15743 D jni_lib_merge: Preparing to register libuimanagerjni_so.  onload_func: 0x788fc75fb8
03-02 11:15:42.116 15743 15743 D jni_lib_merge: Preparing to register libyoga_so.  onload_func: 0x788fc85a3c
03-02 11:15:42.116 15743 15743 D jni_lib_merge: About to register 11 actual methods.
03-02 11:15:42.132 15743 15743 D nativeloader: Load /data/app/~~Bh61wenJZi6JNVEuOkVQfQ==/com.softnation.Ojam-nnCVAdHxKfOmup5FCuBDYQ==/base.apk!/lib/arm64-v8a/libreact_codegen_safeareacontext.so using class loader ns clns-7 (caller=/data/app/~~Bh61wenJZi6JNVEuOkVQfQ==/com.softnation.Ojam-nnCVAdHxKfOmup5FCuBDYQ==/base.apk!classes20.dex): ok
03-02 11:15:42.139 15743 15743 D nativeloader: Load /data/app/~~Bh61wenJZi6JNVEuOkVQfQ==/com.softnation.Ojam-nnCVAdHxKfOmup5FCuBDYQ==/base.apk!/lib/arm64-v8a/libappmodules.so using class loader ns clns-7 (caller=/data/app/~~Bh61wenJZi6JNVEuOkVQfQ==/com.softnation.Ojam-nnCVAdHxKfOmup5FCuBDYQ==/base.apk!classes20.dex): ok
03-02 11:15:42.144  2363  2477 D MiuiFreeformModeCornerTipHandler: task#37036 onTaskVanished
03-02 11:15:42.144  2363  2477 I MiuiBubbleController: removeBubble: 37036 reason=2
03-02 11:15:42.144  2363  2477 I MultiTaskingTaskRepository: onTaskInfoChanged multi list = [5, 4], full = [37036, 37027, 37019, 36980]
03-02 11:15:42.146  1621  4764 I PowerHalWrapper: amsBoostNotify pid:15743,activity:com.softnation.Ojam.MainActivity, package:com.softnation.Ojam, mProcessCreatePackcom.softnation.Ojam 
03-02 11:15:42.146  1621  4764 I PowerHalWrapper: state: 1 
03-02 11:15:42.148  1621  4764 I ScnModule: [GameDetection] packname: com.softnation.Ojam, apkSize: 113045479. 
03-02 11:15:42.148  1621  4764 I mtkpower_client: [PowerHal_Wrap_notifyAppState] com.softnation.Ojam/com.softnation.Ojam.MainActivity pid=15743 activityId:48750491 state:1
03-02 11:15:42.148   861   861 I vendor.mediatek.hardware.mtkpower_applist-service.mediatek: packName: com.softnation.Ojam actName: com.softnation.Ojam.MainActivity pid: 15743 activityId: 48750491 uid: 10337 state: 1
03-02 11:15:42.149   861   861 I MTK_APPList: [notifyAPPstate] com.softnation.Ojam/com.softnation.Ojam.MainActivity, pid=15743, activityId=48750491, uid=10337, state:RESUMED, fps:-1, win:0
03-02 11:15:42.149   861   861 I MTK_APPList: [notifyAPPstate] multi_resumed_app_count: 2
03-02 11:15:42.149   861   861 I MTK_APPList: [notifyAPPstate] multi_resumed_app_info[0] com.android.systemui/com.android.systemui._190038181, pid:2363, activityId:-1, fps:-1, isMultiWindow:0
03-02 11:15:42.149   861   861 I MTK_APPList: [notifyAPPstate] multi_resumed_app_info[1] com.softnation.Ojam/com.softnation.Ojam.MainActivity, pid:15743, activityId:48750491, fps:-1, isMultiWindow:0
03-02 11:15:42.149   861   861 I MTK_APPList: [getForegroundAPPCount] 2
03-02 11:15:42.149   861   861 I MTK_APPList: [notifyAPPstate] foreground:com.softnation.Ojam, pid:15743, activityId:48750491, uid:10337
03-02 11:15:42.149   861   861 I MTK_APPList: [notifyNetdUID] 10337
03-02 11:15:42.149  1621  4764 I PowerHalWrapper: amsBoostNotify AMS_BOOST_PROCESS_CREATE_BOOST:true 
03-02 11:15:42.150  1621  1621 D MBrainLocalService: isVendorFreezeConditionPass is false
03-02 11:15:42.150  1621  1621 E MBrainLocalService: notifyAppSwitch failed
03-02 11:15:42.150   861   861 I MTK_APPList: [notifyPID] 15743
03-02 11:15:42.150  1621  1650 D ActivityManager: mediaResourceManagerBinder get success
03-02 11:15:42.150  1124 14471 D ResourceManagerServiceNew: update package name: com.softnation.Ojam
03-02 11:15:42.150   863   958 I libPowerHal: [perfSetSysInfo] pid type:24, 15743
03-02 11:15:42.151  1621  1745 W AlarmManager: Unrecognized alarm listener com.android.server.usage.AppTimeLimitController$SessionUsageGroup@f45889f
03-02 11:15:42.151   861   861 I MTK_APPList: [notifyAPPstate] pc:0, com.google.android.googlequicksearchbox => com.softnation.Ojam
03-02 11:15:42.151  1124 14471 D ResourceManagerServiceNew: packageName: com.softnation.Ojam, uid : 10337, hashCode : 198841462
03-02 11:15:42.152  1124 14471 D ResourceManagerServiceNew: ResourceManagerService::setCodecsVppModeWithLock
03-02 11:15:42.152  1124 14471 D ResourceManagerServiceNew: all codecs setVppMode return fail
03-02 11:15:42.152  6515 12042 D PerfEngineController: ForegroundInfo{mForegroundPackageName='com.softnation.Ojam', mForegroundUid=10337, mForegroundPid=15743, mLastForegroundPackageName='com.google.android.googlequicksearchbox', mLastForegroundUid=10165, mLastForegroundPid=13966, mMultiWindowForegroundPackageName='com.softnation.Ojam', mMultiWindowForegroundUid=10337, mFlags=1}
03-02 11:15:42.153  6027 28224 I ProcessMonitor: onForegroundInfoChanged: ForegroundInfo{mForegroundPackageName='com.softnation.Ojam', mForegroundUid=10337, mForegroundPid=15743, mLastForegroundPackageName='com.google.android.googlequicksearchbox', mLastForegroundUid=10165, mLastForegroundPid=13966, mMultiWindowForegroundPackageName='com.softnation.Ojam', mMultiWindowForegroundUid=10337, mFlags=1}
03-02 11:15:42.153  6027 28224 I VideoBoxUtils: isSupportVideoBox: false
03-02 11:15:42.153  6027 28224 I VideoToolBoxService: vtb is closed!!!
03-02 11:15:42.153  1621  1907 D MiuiMultiWindowUtils: DeviceLevel.IS_MIUI_LITE_VERSION 2.0 not support miui multiWindowtides
03-02 11:15:42.154  6027 20777 D v1      : myUserId = 0	currentUserId0
03-02 11:15:42.154  1621  1907 D BluetoothAdapter: getActiveDevices(profile= A2DP)
03-02 11:15:42.156  1621  1907 D BluetoothAdapter: getActiveDevices(profile= HEADSET)
03-02 11:15:42.158 15743 15743 W Looper  : PerfMonitor longMsg : seq=3 plan=11:15:40.560 late=2ms wall=1588ms h=android.app.ActivityThread$H w=110 procState=-1
03-02 11:15:42.158  1621  1907 D BluetoothAdapter: getActiveDevices(profile= LE_AUDIO)
03-02 11:15:42.158 15743 15743 W libc    : Access denied finding property "ro.vendor.perf.scroll_opt"
03-02 11:15:42.160 18562 29326 E BluetoothAdapterService: getActiveDevices: LeAudioService is null
03-02 11:15:42.160  1621  1907 D AudioSystem: +setParameters(): foregroundUid=10337;bluetoothlowlatencystatus=false 
03-02 11:15:42.160  1621  1907 D AudioSystem: start get log level!
03-02 11:15:42.161   843  1378 D AudioALSAHardware: +setParameters(): bluetoothlowlatencystatus=false;foregroundUid=10337
03-02 11:15:42.162   843  1378 D AudioALSAHardware: -setParameters(): bluetoothlowlatencystatus=false;foregroundUid=10337
03-02 11:15:42.162   843  1378 E AHAL_Module: setVendorParameters: default: unrecognized parameter "bluetoothlowlatencystatus=false;foregroundUid=10337"
03-02 11:15:42.162   894  1023 E ConversionHelperAidl: Function: parseAndSetVendorParameters Line: 97 Failed 
03-02 11:15:42.167   843  1378 D AHAL_ModuleBluetooth: setVendorParameters: parameter count 1, async: 0
03-02 11:15:42.167   843  1378 D AHAL_ModuleBluetooth: setVendorParameters: bluetoothlowlatencystatus=false;foregroundUid=10337
03-02 11:15:42.168 18562 29326 D BluetoothLatencyMode: ForegroundInfo{mForegroundPackageName='com.softnation.Ojam', mForegroundUid=10337, mForegroundPid=15743, mLastForegroundPackageName='com.google.android.googlequicksearchbox', mLastForegroundUid=10165, mLastForegroundPid=13966, mMultiWindowForegroundPackageName='com.softnation.Ojam', mMultiWindowForegroundUid=10337, mFlags=1}
03-02 11:15:42.168 18562 29326 W LeAudioService: getLeAudioService(): service is NULL
03-02 11:15:42.168 18562 29326 D BluetoothLatencyMode: isWiredAudioHeadset.type: 1
03-02 11:15:42.168 18562 29326 D BluetoothLatencyMode: isWiredAudioHeadset.type: 2
03-02 11:15:42.168 18562 29326 D BluetoothLatencyMode: isWiredAudioHeadset.type: 18
03-02 11:15:42.168 15743 15743 D nativeloader: Load libpowerhalwrap_jni.so using system ns (caller=/system_ext/framework/mediatek-framework.jar): ok
03-02 11:15:42.168 18562 29326 D BluetoothLatencyMode: isWiredAudioHeadset.type: 14
03-02 11:15:42.169  6515  6997 D MilletUtils: setUidState, uid = 10337 allow = true
03-02 11:15:42.169 15743 15743 I PowerHalWrapper: PowerHalWrapper.getInstance 
03-02 11:15:42.169  1621  3051 D MiSensorServiceImpl: PowerKeeperSensor resume iUid:10337 but app has not in Controlled
03-02 11:15:42.170 15743 15743 I M-ProMotion: M-ProMotion is disabled
03-02 11:15:42.177   921  1587 D MI-SF   : updateScene: module = 258 (TpIdle), value = 0, pkg = com.softnation.Ojam
03-02 11:15:42.177   921  1587 D MI-SF   : updateScene mSetTpIdleFlag 0
03-02 11:15:42.178 15743 15743 D FramePredict: FramePredict init: true
03-02 11:15:42.179 15743 15743 D UserSceneDetector: invoke error.
03-02 11:15:42.181   921   921 I BufferQueueProducer: [NavigationBar0#101619](this:0xb400007bced454e8,id:-1,api:0,p:-1,c:921) queueBuffer: fps=60.04 dur=1015.98 max=17.45 min=15.85
03-02 11:15:42.181 15743 15743 W Looper  : PerfMonitor doFrame : time=3ms vsyncFrame=19834895 latency=368ms procState=-1 historyMsgCount=3 (msgIndex=1 wall=1588ms seq=3 late=2ms h=android.app.ActivityThread$H w=110)
03-02 11:15:42.185 15743 15743 I ActivityThread: HardwareRenderer preload  done
03-02 11:15:42.187 15743 21201 D vulkan  : searching for layers in '/data/app/~~Bh61wenJZi6JNVEuOkVQfQ==/com.softnation.Ojam-nnCVAdHxKfOmup5FCuBDYQ==/lib/arm64'
03-02 11:15:42.188 15743 21201 D vulkan  : searching for layers in '/data/app/~~Bh61wenJZi6JNVEuOkVQfQ==/com.softnation.Ojam-nnCVAdHxKfOmup5FCuBDYQ==/base.apk!/lib/arm64-v8a'
03-02 11:15:42.192 15743 21201 D vulkan  : searching for layers in '/data/app/~~Bh61wenJZi6JNVEuOkVQfQ==/com.softnation.Ojam-nnCVAdHxKfOmup5FCuBDYQ==/lib/arm64'
03-02 11:15:42.193 15743 21201 D vulkan  : searching for layers in '/data/app/~~Bh61wenJZi6JNVEuOkVQfQ==/com.softnation.Ojam-nnCVAdHxKfOmup5FCuBDYQ==/base.apk!/lib/arm64-v8a'
03-02 11:15:42.201  1621  1918 E HyperSentinel: -------------------------------------------------------
03-02 11:15:42.201  1621  1918 E HyperSentinel: Event_ThreadAmount
03-02 11:15:42.201  1621  1918 E HyperSentinel: -> audit event by proc 15743 "usap64": running threads amount, 12 -> 23
03-02 11:15:42.202 15743 21201 D MMUD    : mtk_memory_debug_init com.softnation.Ojam 0xb400007c0895a5d0
03-02 11:15:42.246  1621  2197 I BroadcastQueue: BOOT_COMPLETED_BROADCAST_COMPLETION_LATENCY_REPORTED action:android.intent.action.BOOT_COMPLETED dispatchLatency:0 completeLatency:1700 dispatchRealLatency:0 completeRealLatency:1700 receiversSize:1 userId:0 userType:android.os.usertype.full.SYSTEM
03-02 11:15:42.251  1621  2197 D ActivityManager: getProcessesInErrorState callingUid=10383, CallingPid=13839
03-02 11:15:42.251 15743 15743 D AppCompatDelegate: Checking for metadata for AppLocalesMetadataHolderService : Service not found
03-02 11:15:42.262  1999 27254 D TaskStackChangeListeners: onTaskDescriptionChanged =  taskId = 37036
03-02 11:15:42.267  1621  1640 D AudioSystem: +setParameters(): gamebooster=false 
03-02 11:15:42.267  1621  1640 D AudioSystem: start get log level!
03-02 11:15:42.268   843  1378 D AudioALSAHardware: +setParameters(): gamebooster=false
03-02 11:15:42.268  1999 27254 D TaskStackChangeListeners: onTaskDescriptionChanged =  taskId = 37036
03-02 11:15:42.268   843  1378 D AudioALSAHardware: -setParameters(): gamebooster=false
03-02 11:15:42.268   843  1378 E AHAL_Module: setVendorParameters: default: unrecognized parameter "gamebooster=false"
03-02 11:15:42.268   894  1023 E ConversionHelperAidl: Function: parseAndSetVendorParameters Line: 97 Failed 
03-02 11:15:42.269   843  1378 D AHAL_ModuleBluetooth: setVendorParameters: parameter count 1, async: 0
03-02 11:15:42.270   843  1378 D AHAL_ModuleBluetooth: setVendorParameters: gamebooster=false
03-02 11:15:42.293 13966 21142 I FA      : Application backgrounded at: timestamp_millis: 1772446540290
03-02 11:15:42.306 15743 21205 D MMUD    : get_leak_baseline 3246391296
03-02 11:15:42.308 15743 15743 I softnation.Ojam: hiddenapi: Accessing hidden method Landroid/view/ViewGroup;->makeOptionalFitsSystemWindows()V (runtime_flags=0, domain=platform, api=unsupported) from Landroidx/appcompat/widget/ViewUtils; (domain=app, TargetSdkVersion=36) using reflection: allowed
03-02 11:15:42.460  1621  1676 D SsruManagerImpl: MiSsru Sensor not init!!!!
03-02 11:15:42.460   853   853 I Accelerometer: batch: handle:0, flag:0,samplingPeriodNs:30000000 maxBatchReportLatencyNs:66667000

03-02 11:15:42.462   853   853 I Accelerometer: flush, flushCnt:1
03-02 11:15:42.466   853   923 I Accelerometer: flush complete, flushCnt:0
03-02 11:15:42.467  1621  2197 D AS.BtHelper: isBluetoothScoOn() mBluetoothHeadset is null: falsemBluetoothHeadsetDevice is null: true
03-02 11:15:42.467  1621  2197 V AS.AudioDeviceBroker: requestedCommunicationDevice: null mAudioModeOwner: AudioModeInfo: mMode=MODE_NORMAL, mPid=0, mUid=0
03-02 11:15:42.468  1621  2197 D AS.BtHelper: isBluetoothScoOn() mBluetoothHeadset is null: falsemBluetoothHeadsetDevice is null: true
03-02 11:15:42.468  1621  2197 V AS.AudioDeviceBroker: requestedCommunicationDevice: null mAudioModeOwner: AudioModeInfo: mMode=MODE_NORMAL, mPid=0, mUid=0
03-02 11:15:42.486 15743 15743 W unknown:BridgelessReact: ReactHost{0}.startSurface(surfaceId = 0): Schedule
03-02 11:15:42.486 15743 15743 W unknown:BridgelessReact: ReactHost{0}.attachSurface(surfaceId = 0)
03-02 11:15:42.488 15743 21226 W unknown:BridgelessReact: ReactHost{0}.getOrCreateReactInstanceTask()
03-02 11:15:42.489 15743 21226 W unknown:BridgelessReact: ReactHost{0}.getOrCreateReactInstanceTask(): Start
03-02 11:15:42.489 15743 21226 W unknown:BridgelessReact: ReactHost{0}.getJSBundleLoader()
03-02 11:15:42.489 15743 21226 W unknown:BridgelessReact: ReactHost{0}.isMetroRunning()
03-02 11:15:42.510 15743 15743 W libc    : Access denied finding property "ro.vendor.df.effect.conflict"
03-02 11:15:42.512  1621  3051 D AppLock_AccessControlImpl: activityResume packageName: com.softnation.Ojam userId: 0 enabled: true
03-02 11:15:42.512  1621  3051 D AppLock_AccessControlImpl: activityResume lockMode: 1
03-02 11:15:42.513 15743 15743 D SecurityManager: checkAccessControl flag1
03-02 11:15:42.515 15743 15743 W unknown:BridgelessReact: ReactHost{0}.onHostResume(activity)
03-02 11:15:42.516 15743 15743 W unknown:ReactNative: Packager connection already open, nooping.
03-02 11:15:42.521 15743 21199 I PowerHalWrapper: PowerHalWrapper.getInstance 
03-02 11:15:42.526 15743 15743 I SurfaceFactory: [static] sSurfaceFactory = com.mediatek.view.impl.SurfaceFactoryImpl@587d40e
03-02 11:15:42.528   921  1587 D SurfaceFlinger: [SF client] NEW(0xb400007caea4ebb0) for (15743:com.softnation.Ojam)
03-02 11:15:42.535  1621  1918 E HyperSentinel: -------------------------------------------------------
03-02 11:15:42.535  1621  1918 E HyperSentinel: Event_ThreadAmount
03-02 11:15:42.535  1621  1918 E HyperSentinel: -> audit event by proc 15743 "usap64": running threads amount, 23 -> 45
03-02 11:15:42.536  1621  1918 E HyperSentinel: -------------------------------------------------------
03-02 11:15:42.536  1621  1918 E HyperSentinel: Event_ResidentSize
03-02 11:15:42.536  1621  1918 E HyperSentinel: -> audit event by proc 15743 "usap64": RSS increasement, peak 164688kb -> 247036kb
03-02 11:15:42.541 15743 15743 D MiuiCameraCoveredManager: java.lang.NullPointerException: Attempt to invoke virtual method 'java.lang.String android.provider.MiuiSettings$SettingsCloudData$CloudData.getString(java.lang.String, java.lang.String)' on a null object reference
03-02 11:15:42.541 15743 21227 W unknown:BridgelessReact: ReactHost{0}.isMetroRunning(): Async result = true
03-02 11:15:42.542 15743 21226 W unknown:BridgelessReact: ReactHost{0}.loadJSBundleFromMetro()
03-02 11:15:42.542 15743 15743 D FramePredict: init success
03-02 11:15:42.543  1621  2197 W ActivityManager: Permission Denial: getCurrentUser() from pid=15743, uid=10337 requires android.permission.INTERACT_ACROSS_USERS
03-02 11:15:42.544 15743 21235 E FramePredict: registerContentObserver fail
03-02 11:15:42.547  1621  2197 D ActivityManager: getProcessesInErrorState callingUid=10126, CallingPid=18142
03-02 11:15:42.549 15743 21201 W libc    : Access denied finding property "ro.vendor.display.iris_x7.support"
03-02 11:15:42.554 15743 15743 I ForceDarkHelperStubImpl: setViewRootImplForceDark: false for com.softnation.Ojam.MainActivity@db08fa, reason: AppDarkModeEnable
03-02 11:15:42.554 15743 15743 D VRI[MainActivity]: hardware acceleration = true, forceHwAccelerated = false
03-02 11:15:42.557   921  1587 D SurfaceFlinger: [SF client] NEW(0xb400007caea407e0) for (1621:system_server)
03-02 11:15:42.559   921  1587 I BufferQueueDebug: [4aa8822 com.softnation.Ojam/com.softnation.Ojam.MainActivity#134019](this:0xb400007bcecc2508,id:-1,api:0,p:-1,c:-1) BufferQueue core=(921:/system/bin/surfaceflinger)
03-02 11:15:42.564  1621  1651 I ActivityTaskManager: visible for Task{7900b11 #37036 type=standard A=10337:com.softnation.Ojam} visible = true isAnimating = false TRANSITION = false PARENTS = false CHILDREN = false
03-02 11:15:42.567  2363  2477 D MiuiFreeformModeCornerTipHandler: task#37027 onTaskVanished
03-02 11:15:42.567  2363  2477 I MiuiBubbleController: removeBubble: 37027 reason=2
03-02 11:15:42.568  2363  2477 I MultiTaskingTaskInfo: before call clearMaskControl task id = 37027, CoverLayerController = null, callers=com.android.wm.shell.multitasking.taskmanager.MultiTaskingTaskListener.onTaskInfoChanged:268 com.android.wm.shell.ShellTaskOrganizer.onTaskInfoChanged:145 android.window.TaskOrganizer$1.lambda$onTaskInfoChanged$7:322 android.window.TaskOrganizer$1.$r8$lambda$WEHIPeFifg1My6LbK9dElRxchX4:0 android.window.TaskOrganizer$1$$ExternalSyntheticLambda7.run:0 
03-02 11:15:42.568  2363  2477 I MultiTaskingTaskRepository: onTaskInfoChanged multi list = [5, 4], full = [37036, 37027, 37019, 36980]
03-02 11:15:42.568  2363  2477 D MultiTaskingTaskRepository: addOrMoveFullscreenTaskToTop taskId=37036
03-02 11:15:42.568  2363  2477 D MiuiFreeformModeCornerTipHandler: task#37036 onTaskVanished
03-02 11:15:42.568  2363  2477 I MiuiBubbleController: removeBubble: 37036 reason=2
03-02 11:15:42.568  2363  2477 I MultiTaskingTaskRepository: onTaskInfoChanged multi list = [5, 4], full = [37036, 37027, 37019, 36980]
03-02 11:15:42.568  2363  2477 D MiuiFreeformModeController: onFocusTaskChanged taskInfo: TaskInfo{userId=0 taskId=37036 displayId=0 isRunning=true baseIntent=Intent { flg=0x10000000 cmp=com.softnation.Ojam/.MainActivity } baseActivity=ComponentInfo{com.softnation.Ojam/com.softnation.Ojam.MainActivity} topActivity=ComponentInfo{com.softnation.Ojam/com.softnation.Ojam.MainActivity} origActivity=null realActivity=ComponentInfo{com.softnation.Ojam/com.softnation.Ojam.MainActivity} numActivities=1 lastActiveTime=1029501565 supportsSplitScreenMultiWindow=true supportsMultiWindow=true resizeMode=1 isResizeable=true minWidth=-1 minHeight=-1 defaultMinSize=200 token=WCT{android.window.IWindowContainerToken$Stub$Proxy@d0e4211} topActivityType=1 pictureInPictureParams=null shouldDockBigOverlays=false launchIntoPipHostTaskId=-1 lastParentTaskIdBeforePip=-1 displayCutoutSafeInsets=null topActivityInfo=ActivityInfo{1597f76 com.softnation.Ojam.MainActivity} launchCookies=[] positionInParent=Point(0, 0) parentTaskId=-1 isFocused=true isVisible=true isVisibleRequested=true isSleeping=false locusId=null displayAreaFeatureId=1 isTopActivityTransparent=false appCompatTaskInfo=AppCompatTaskInfo { topActivityInSizeCompat=false topActivityEligibleForLetterboxEducation= falseisLetterboxEducationEnabled= false isLetterboxDoubleTapEnabled= false topActivityEligibleForUserAspectRatioButton= false topActivityBoundsLetterboxed= false isFromLetterboxDoubleTap= false topActivityLetterboxVerticalPosition= -1 topActivityLetterboxHorizontalPosition= -1 topActivityLetterboxWidth=1080 topActivityLetterboxHeight=2460 isUserFullscreenOverrideEnabled=false isSystemFullscreenOverrideEnabled=false cameraCompatTaskInfo=CameraCompatTaskInfo { cameraCompatControlState=hidden freeformCameraCompatMode=inactive}} isImmersive=false mTopActivityRequestOrientation=1 mBehindAppLockPkg=null mOriginatingUid=0 isEmbedded=false shouldBeVisible=true mIsCastMode=false mTopActivityMediaSize=null mTopActivityRecordName=ActivityRecord{2e7df9b u0 com.softnation.Ojam/.MainActivity t37036} mTopActivityOrientation=1}
03-02 11:15:42.569  1621  3051 I ATMSImpl: cacheTasksForDefaultDisplay size=5
03-02 11:15:42.574 15743 15743 D InputEventReceiver: Input log is disabled in InputEventReceiver.
03-02 11:15:42.577  1999  1999 D RecentsImpl: mActivityStateObserver com.softnation.Ojam.MainActivity
03-02 11:15:42.577  1999  1999 W RecentsImpl: onResumed className=com.softnation.Ojam.MainActivity   forceUpdate=false   mIsInAnotherPro=false   isKeyguardLocked=false   mIsStatusBarExpansion=false   mSecuritySpaceGuideShown=false
03-02 11:15:42.577 15743 15743 W Looper  : PerfMonitor looperActivity : package=com.softnation.Ojam/.MainActivity time=0ms latency=430ms  procState=-1  historyMsgCount=5 (msgIndex=1 wall=1588ms seq=3 late=2ms h=android.app.ActivityThread$H w=110) (msgIndex=5 wall=395ms seq=7 late=35ms h=android.app.ActivityThread$H w=159)
03-02 11:15:42.608   921  1587 D SurfaceFlinger: [SF client] NEW(0xb400007caea24160) for (15743:com.softnation.Ojam)
03-02 11:15:42.611 15743 15743 D MiuiCameraCoveredManager: java.lang.NullPointerException: Attempt to invoke virtual method 'java.lang.String android.provider.MiuiSettings$SettingsCloudData$CloudData.getString(java.lang.String, java.lang.String)' on a null object reference
03-02 11:15:42.613 15743 21201 W libc    : Access denied finding property "ro.vendor.display.iris_x7.support"
03-02 11:15:42.614 15743 15743 I ForceDarkHelperStubImpl: setViewRootImplForceDark: false for com.softnation.Ojam.MainActivity@db08fa, reason: AppDarkModeEnable
03-02 11:15:42.614 15743 15743 D VRI[PopupWindow:da8911f]: hardware acceleration = true, forceHwAccelerated = false
03-02 11:15:42.618  1621  3051 W WindowManager: Failed looking up window session=null callers=com.android.server.wm.WindowManagerService.addWindow:1875 com.android.server.wm.Session.addToDisplayAsUser:280 android.view.IWindowSession$Stub.onTransact:697 
03-02 11:15:42.619  1621  3051 W WindowManager: Attempted to add window with token that is not a window: null.  Aborting.
03-02 11:15:42.622 15743 15743 E unknown:ReactNative: Unable to display loading message because react activity isn't active, message: Loading from localhost:8081ΓÇª
03-02 11:15:42.624 15743 15743 D DecorViewImmersiveImpl: onAttachedToWindow:com.softnation.Ojam/com.softnation.Ojam.MainActivity
03-02 11:15:42.633  1621  3051 D CoreBackPreview: Window{4aa8822 u0 com.softnation.Ojam/com.softnation.Ojam.MainActivity}: Setting back callback OnBackInvokedCallbackInfo{mCallback=android.window.IOnBackInvokedCallback$Stub$Proxy@931952b, mPriority=0, mIsAnimationCallback=false}
03-02 11:15:42.640   921  1587 I BufferQueueDebug: [com.softnation.Ojam/com.softnation.Ojam.MainActivity#134020](this:0xb400007bcec5ea58,id:-1,api:0,p:-1,c:-1) BufferQueue core=(921:/system/bin/surfaceflinger)
03-02 11:15:42.642  1621  3051 D MiuiRefreshRatePolicy: reset
03-02 11:15:42.644  1621  3051 W WindowManager: Changing focus from null to Window{4aa8822 u0 com.softnation.Ojam/com.softnation.Ojam.MainActivity} displayId=0 Callers=com.android.server.wm.RootWindowContainer.updateFocusedWindowLocked:602 com.android.server.wm.WindowManagerService.updateFocusedWindowLocked:7168 com.android.server.wm.WindowManagerService.relayoutWindowInner:3076 com.android.server.wm.WindowManagerService.relayoutWindow:2724 
03-02 11:15:42.644  1621  3051 I whetstone.activity: Power Event callback listener is empty for resId=32
03-02 11:15:42.645  1621  3051 D BatteryStatsManagerStub: notifyEvent for resId=32 used 0ms
03-02 11:15:42.645   921  1587 I BufferQueueDebug: [Surface(name=5b2ee94 StatusBar#103)/@0xf6cf932 - animation-leash of insets_animation#134021](this:0xb400007bcebbf2d8,id:-1,api:0,p:-1,c:-1) BufferQueue core=(921:/system/bin/surfaceflinger)
03-02 11:15:42.647   921  1170 I BufferQueueDebug: [Surface(name=77d8129 NavigationBar0#101614)/@0x3faba4f - animation-leash of insets_animation#134022](this:0xb400007bceca2fd8,id:-1,api:0,p:-1,c:-1) BufferQueue core=(921:/system/bin/surfaceflinger)
03-02 11:15:42.648  1621  3051 D WindowManager: wms.Input focus has changed to Window{4aa8822 u0 com.softnation.Ojam/com.softnation.Ojam.MainActivity} display=0 updateInputWindows = true
03-02 11:15:42.648  1621  3051 I MultiSenceManagerInternalStub: getInstance
03-02 11:15:42.648  1621  1928 I MultiSenceManagerInternalStubImpl: packageName = com.softnation.Ojam
03-02 11:15:42.649  1621  1928 W ContextImpl: Calling a method in the system process without a qualified user: android.app.ContextImpl.sendBroadcast:1260 com.android.server.wm.MultiSenceManagerInternalStubImpl.sendFocusWindowsBroadcast:148 com.android.server.wm.MultiSenceManagerInternalStubImpl$UpdateScreenStatus.run:98 android.os.Handler.handleCallback:959 android.os.Handler.dispatchMessage:100 
03-02 11:15:42.649  1621  3051 I WindowManager: Relayout Window{4aa8822 u0 com.softnation.Ojam/com.softnation.Ojam.MainActivity}: oldVis=4 newVis=0 focusMayChange = true requestedWidth = 1080 requestedHeight = 2460 outFrames = ClientWindowFrames{frame=[0,0][1080,2460] display=[0,0][1080,2460] parentFrame=[0,0][0,0]} outSurfaceControl = Surface(name=com.softnation.Ojam/com.softnation.Ojam.MainActivity#134020)/@0x4b25907
03-02 11:15:42.649  1621  1928 W ActivityManagerServiceImpl: Sending non-protected broadcast com.xiaomi.multisence.action.FOCUSED_CHANGE from system 1621:system/1000 pkg android. Callers=com.android.server.am.ActivityManagerService.checkBroadcastFromSystem:16365 com.android.server.am.ActivityManagerService.broadcastIntentLockedTraced:17236 com.android.server.am.ActivityManagerService.broadcastIntentLocked:16425 com.android.server.am.ActivityManagerService.broadcastIntentWithFeature:17459 android.app.ContextImpl.sendBroadcast:1264 
03-02 11:15:42.652 15743 15743 D BufferQueueConsumer: [](id:3d7f00000000,api:0,p:-1,c:15743) connect: controlledByApp=false
03-02 11:15:42.654 15743 15743 D BLASTBufferQueue: [VRI[MainActivity]#0](f:0,a:0) constructor()
03-02 11:15:42.654 15743 15743 D BLASTBufferQueue: [VRI[MainActivity]#0](f:0,a:0) update width=1080 height=2460 format=-1 mTransformHint=0
03-02 11:15:42.661 15743 15743 D VRI[MainActivity]: vri.reportNextDraw android.view.ViewRootImpl.performTraversals:4984 android.view.ViewRootImpl.doTraversal:3564 android.view.ViewRootImpl$TraversalRunnable.run:11781 android.view.Choreographer$CallbackRecord.run:1804 android.view.Choreographer$CallbackRecord.run:1813 
03-02 11:15:42.664  1621  1651 I ActivityTaskManager: visible for Task{7900b11 #37036 type=standard A=10337:com.softnation.Ojam} visible = true isAnimating = false TRANSITION = false PARENTS = false CHILDREN = false
03-02 11:15:42.664  1621  1651 D SurfaceComposerClient: Transaction::apply InputWindowCommands.focusRequests timestamp=611736198757922, windowName=4aa8822 com.softnation.Ojam/com.softnation.Ojam.MainActivity
03-02 11:15:42.681   921   921 D SurfaceFlinger: Focus addInputWindowCommands timestamp=611736198757922, windowName=4aa8822 com.softnation.Ojam/com.softnation.Ojam.MainActivity
03-02 11:15:42.682   921   921 I SurfaceFlinger: onHandleDestroyed: name=Surface(name=77d8129 NavigationBar0#101614)/@0x3faba4f - animation-leash of insets_animation#134017, layerId=134017, parentId=0
03-02 11:15:42.682   921   921 I SurfaceFlinger: onHandleDestroyed: name=Surface(name=5b2ee94 StatusBar#103)/@0xf6cf932 - animation-leash of insets_animation#134016, layerId=134016, parentId=0
03-02 11:15:42.685   921  1483 D SurfaceFlinger: updateWinowInfo=1, setFocusedWindow timestamp=611736198757922, windowName=4aa8822 com.softnation.Ojam/com.softnation.Ojam.MainActivity
03-02 11:15:42.698   921   921 I BufferQueueDebug: [Surface(name=77d8129 NavigationBar0#101614)/@0x3faba4f - animation-leash of insets_animation#134017](this:0xb400007bcec45048,id:-1,api:0,p:-1,c:921) onDestructor()
03-02 11:15:42.698   921   921 I BufferQueueDebug: [Surface(name=5b2ee94 StatusBar#103)/@0xf6cf932 - animation-leash of insets_animation#134016](this:0xb400007bcec58f38,id:-1,api:0,p:-1,c:921) onDestructor()
03-02 11:15:42.701  1141  7637 E IPCThreadState: Binder transaction failure. id: 355213661, BR_*: 29201, error: -1 (Operation not permitted)
03-02 11:15:42.701  1141  7637 W BpBinder: Large or Failed outgoing transaction of 108 bytes, interface descriptor , code 1
03-02 11:15:42.713  1201  1298 D AALLightSensor: oldLux=33 [SA:-1 LA:-1] newLux=33 (oriLux: 33)
03-02 11:15:42.789 18562 12259 D BluetoothDevice: getAddress: mAddress=XX:XX:XX:XX:E1:4F
03-02 11:15:42.790 18562 12259 D BluetoothDevice: getAddress: mAddress=XX:XX:XX:XX:94:A5
03-02 11:15:42.790 18562 12259 D BluetoothDevice: getAddress: mAddress=XX:XX:XX:XX:6E:27
03-02 11:15:42.790 18562 12259 D BluetoothDevice: getAddress: mAddress=XX:XX:XX:XX:9D:81
03-02 11:15:42.790 18562 12259 D BluetoothDevice: getAddress: mAddress=XX:XX:XX:XX:EE:F9
03-02 11:15:42.790 18562 12259 D BluetoothDevice: getAddress: mAddress=XX:XX:XX:XX:C8:A7
03-02 11:15:42.790 18562 12259 D BluetoothDevice: getAddress: mAddress=XX:XX:XX:XX:2F:74
03-02 11:15:42.790 18562 12259 D BluetoothDevice: getAddress: mAddress=XX:XX:XX:XX:69:70
03-02 11:15:42.790 18562 12259 D BluetoothDevice: getAddress: mAddress=XX:XX:XX:XX:C0:39
03-02 11:15:42.793 18562 12259 D BluetoothDevice: getAddress: mAddress=XX:XX:XX:XX:E1:4F
03-02 11:15:42.793 18562 12259 D BluetoothDevice: getAddress: mAddress=XX:XX:XX:XX:94:A5
03-02 11:15:42.793 18562 12259 D BluetoothDevice: getAddress: mAddress=XX:XX:XX:XX:6E:27
03-02 11:15:42.793 18562 12259 D BluetoothDevice: getAddress: mAddress=XX:XX:XX:XX:9D:81
03-02 11:15:42.793 18562 12259 D BluetoothDevice: getAddress: mAddress=XX:XX:XX:XX:EE:F9
03-02 11:15:42.793 18562 12259 D BluetoothDevice: getAddress: mAddress=XX:XX:XX:XX:C8:A7
03-02 11:15:42.793 18562 12259 D BluetoothDevice: getAddress: mAddress=XX:XX:XX:XX:2F:74
03-02 11:15:42.793 18562 12259 D BluetoothDevice: getAddress: mAddress=XX:XX:XX:XX:69:70
03-02 11:15:42.793 18562 12259 D BluetoothDevice: getAddress: mAddress=XX:XX:XX:XX:C0:39
03-02 11:15:42.795 18562 29326 D BluetoothDevice: getAddress: mAddress=XX:XX:XX:XX:E1:4F
03-02 11:15:42.796 18562 29326 D BluetoothDevice: getAddress: mAddress=XX:XX:XX:XX:94:A5
03-02 11:15:42.796 18562 29326 D BluetoothDevice: getAddress: mAddress=XX:XX:XX:XX:6E:27
03-02 11:15:42.796 18562 29326 D BluetoothDevice: getAddress: mAddress=XX:XX:XX:XX:9D:81
03-02 11:15:42.796 18562 29326 D BluetoothDevice: getAddress: mAddress=XX:XX:XX:XX:EE:F9
03-02 11:15:42.796 18562 29326 D BluetoothDevice: getAddress: mAddress=XX:XX:XX:XX:C8:A7
03-02 11:15:42.796 18562 29326 D BluetoothDevice: getAddress: mAddress=XX:XX:XX:XX:2F:74
03-02 11:15:42.796 18562 29326 D BluetoothDevice: getAddress: mAddress=XX:XX:XX:XX:69:70
03-02 11:15:42.796 18562 29326 D BluetoothDevice: getAddress: mAddress=XX:XX:XX:XX:C0:39
03-02 11:15:42.800   861   947 I libPerfCtl: xgfGetFPS pid:921 fps:-1
03-02 11:15:42.800   861   947 I libPerfCtl: xgfGetFPS pid:2363 fps:-1
03-02 11:15:42.819   849  1430 I hwcomposer: [HWC] (0)fire a callback of refresh to SF[4]  
03-02 11:15:42.835   921   921 I BufferQueueProducer: [FramebufferSurface](this:0xb400007d8e9dff50,id:-1,api:1,p:921,c:921) queueBuffer: fps=21.30 dur=2723.60 max=1780.50 min=11.92
03-02 11:15:42.836   849   849 I hwcomposer: [HWCDisplay] (0 updateFps():3667), (type:1, mode:2) fps:53.136101,dur:1053.90,max:136.74,min:15.03  
03-02 11:15:42.838   921   921 I MI-SF   : surfaceflinger setAffinity mode=1
03-02 11:15:42.839   921   921 E MI-SF   : surfaceflinger setAffinity success
03-02 11:15:42.839   921   921 I MI-SF   : surfaceflinger setreAffinity reTid=1207
03-02 11:15:42.839   921   921 E MI-SF   : surfaceflinger setAffinity success
03-02 11:15:42.888  1621  1918 E HyperSentinel: -------------------------------------------------------
03-02 11:15:42.888  1621  1918 E HyperSentinel: Event_OpenFileFDSize
03-02 11:15:42.888  1621  1918 E HyperSentinel: -> audit event by proc 1621 "system_server": Fd increasement, peak, 950 -> 1184
03-02 11:15:42.889  1621  1917 D MiuiSentinelService: begin judgment FdAmountLeakException
03-02 11:15:42.913   921   921 I BufferQueueProducer: [StatusBar#109](this:0xb400007bcec4ab68,id:-1,api:0,p:-1,c:921) queueBuffer: fps=0.98 dur=1015.75 max=1015.75 min=1015.75
03-02 11:15:42.916   921   921 I MI-SF   : surfaceflinger setAffinity mode=0
03-02 11:15:42.916   921   921 E MI-SF   : surfaceflinger setAffinity success
03-02 11:15:43.000 17840 18081 E msys    : E[N mns]_OnDiskCacheGetData(632)=>Start post callback cache refresh DNS resolution
03-02 11:15:43.004 17840 18081 E msys    : E[N mns]_LogError(228)=>Failed to resolve using system DNS resolver, getaddrinfo(): No address associated with hostname
03-02 11:15:43.031  1621  2197 I ClipboardServiceI: checkProviderWakePathForClipboard: primaryClip is null
03-02 11:15:43.034 27809 28318 I FontLog : (REDACTED) Received query %s, URI %s
03-02 11:15:43.034 27809 28318 I FontLog : (REDACTED) Query [%s] resolved to %s
03-02 11:15:43.036 27809 28318 I FontLog : (REDACTED) Fetch %s end status %s
03-02 11:15:43.043 27809 28318 I FontLog : (REDACTED) Pulling font file for id = %d, cache size = %d
03-02 11:15:43.052 27809 28318 I FontLog : (REDACTED) Pulling font file for id = %d, cache size = %d
03-02 11:15:43.183   849  1430 I hwcomposer: [HWC] (0)fire a callback of refresh to SF[4]  
03-02 11:15:43.199   921   921 I MI-SF   : surfaceflinger setAffinity mode=1
03-02 11:15:43.199   921   921 E MI-SF   : surfaceflinger setAffinity success
03-02 11:15:43.199   921   921 I MI-SF   : surfaceflinger setreAffinity reTid=1207
03-02 11:15:43.199   921   921 E MI-SF   : surfaceflinger setAffinity success
03-02 11:15:43.263   863   935 I ExtendedUtils: [timer_thread_start] epoll wait thread while start
03-02 11:15:43.263   863   935 I ExtendedPerfBoost: [restore_callback_expires] thermalbreak callback
03-02 11:15:43.263   863   935 I ExtendedPerfBoost: [triggerList_update] del one node to freelist
03-02 11:15:43.263   863   935 I ExtendedPerfBoost: [triggerList_update] now trigger boost:0  info
03-02 11:15:43.263   863   935 I ExtendedPerfBoost: [trig_thermalbreak] curr target time is same last target time
03-02 11:15:43.263   863   935 I ExtendedPerfBoost: [setThermalBreak] [setThermalBreak] : boost:0
03-02 11:15:43.299   835   835 I zygote  : Delayed USAP Pool refill. New USAPs: 1
03-02 11:15:43.321   835   835 D Zygote  : Forked child process 21243
03-02 11:15:43.350  1621  1922 I SmartPower: com.milink.service:audio/10190(19603): background->idle(3002ms) R(broadcast start Intent { act=android.intent.action.PACKAGE_RESTARTED dat=package: flg=0x4000010 (has extras) }) adj=250.
03-02 11:15:43.400   921  1471 D MI-SF   : isTpIdleScene mSetTpIdleFlag 0, mSetLtpoTpIdleFlag 0
03-02 11:15:43.439 15743 21173 I softnation.Ojam: Compiler allocated 6783KB to compile void android.view.ViewRootImpl.performTraversals()
03-02 11:15:43.447  2350  2350 W Settings: Setting airplane_mode_on has moved from android.provider.Settings.System to android.provider.Settings.Global, returning read-only value.
03-02 11:15:43.450  2350  2350 W Settings: Setting airplane_mode_on has moved from android.provider.Settings.System to android.provider.Settings.Global, returning read-only value.
03-02 11:15:43.451  2350 29580 D NetworkSpeedTracker: updateSignalInfo lteRsrp=-71lteSnr=21,phoneId=1
03-02 11:15:43.454  2350 29580 D NetworkSpeedTracker: updateSignalInfo lteRsrp=-71lteSnr=21,phoneId=1
03-02 11:15:43.471  1621  2197 D AS.BtHelper: isBluetoothScoOn() mBluetoothHeadset is null: falsemBluetoothHeadsetDevice is null: true
03-02 11:15:43.471  1621  2197 V AS.AudioDeviceBroker: requestedCommunicationDevice: null mAudioModeOwner: AudioModeInfo: mMode=MODE_NORMAL, mPid=0, mUid=0
03-02 11:15:43.472  1621  2197 D AS.BtHelper: isBluetoothScoOn() mBluetoothHeadset is null: falsemBluetoothHeadsetDevice is null: true
03-02 11:15:43.472  1621  2197 V AS.AudioDeviceBroker: requestedCommunicationDevice: null mAudioModeOwner: AudioModeInfo: mMode=MODE_NORMAL, mPid=0, mUid=0
03-02 11:15:43.473  1055  1186 D connsyslogger: SD_LOG_ROOT is /data/debuglogger/connsyslog/fw.
03-02 11:15:43.474  1055  1186 D connsyslogger: systemReady:1
03-02 11:15:43.782   921  1472 D DisplayModeController: setDesiredMode 4627039422300187648 {mode={fps=36.00 Hz, modePtr={id=3, vsyncRate=36.00 Hz, peakRefreshRate=36.00 Hz}}, emitEvent=false, force=false}
03-02 11:15:43.783   921  1472 D Scheduler: MtkOverrideDuration: update vsync 36
03-02 11:15:43.783   921  1472 E SurfaceFlinger: MtkDuration override mode is disabled
03-02 11:15:43.783   921  1472 D Scheduler: MtkOverrideDuration: reset override duration
03-02 11:15:43.783   921  1472 I PowerHalWrapper: updateFps(): 36
03-02 11:15:43.791   849   849 I hwcomposer: [HWCDisplay] (0 setActiveConfigWithConstraints():4114), config:3  
03-02 11:15:43.791   849   849 I hwcomposer: [HWCDisplay] (0 setActiveConfigWithConstraints():4164), now 611737340587230, diff 263461, estimated_applied_time 16666667 queued_size:0  
03-02 11:15:43.793   921   921 I MI-SF   : surfaceflinger setAffinity mode=0
03-02 11:15:43.794   921   921 E MI-SF   : surfaceflinger setAffinity success
03-02 11:15:43.800   861   947 I libPerfCtl: xgfGetFPS pid:921 fps:-1
03-02 11:15:43.800   861   947 I libPerfCtl: xgfGetFPS pid:2363 fps:-1
03-02 11:15:43.807   921   921 I PowerHalWrapper: updateFps(): 36
