03-02 11:15:55.917 15743 15743 D VRI[MainActivity]: vri.reportDrawFinished
03-02 11:15:55.918  1621  2197 D WindowManager: wms.finishDrawingLocked: mDrawState=COMMIT_DRAW_PENDING Window{4aa8822 u0 com.softnation.Ojam/com.softnation.Ojam.MainActivity} in Surface(name=com.softnation.Ojam/com.softnation.Ojam.MainActivity#134020)/@0x69d3346
03-02 11:15:55.919 15743 15743 W Looper  : PerfMonitor doFrame : time=428ms vsyncFrame=19835444 latency=436ms procState=-1 historyMsgCount=18 (msgIndex=2 wall=423ms seq=617 late=355ms h=android.app.ActivityThread$H w=114)
03-02 11:15:55.920  1621  1651 D MiuiRefreshRatePolicy: reset
03-02 11:15:55.923  1621  1651 I WindowManager: onFirstWindowDrawn, try to remove startingWindow. this = ActivityRecord{2e7df9b u0 com.softnation.Ojam/.MainActivity t37036} associatedTask = null isMainWindow = true mStartingWindow = Window{d000b49 u0 Splash Screen com.softnation.Ojam} mStartingData = SplashScreenStartingData{f4976e4 waitForSyncTransactionCommit=false removeAfterTransaction= 0}
03-02 11:15:55.926  1621  1651 I PowerManagerServiceImpl: Acquire wakelock: SCREEN_BRIGHT_WAKE_LOCK           'WindowManager/displayId:0' ON_AFTER_RELEASE (uid=1000 pid=1621 pkg=android ws=WorkSource{10337 com.softnation.Ojam})
03-02 11:15:55.934  1621  1651 D MiuiRefreshRatePolicy: reset
03-02 11:15:55.935   849   849 I hwcomposer: [HWCDisplay] (0 setActiveConfigWithConstraints():4114), config:0  
03-02 11:15:55.936   849   849 I hwcomposer: [HWCDisplay] (0 setActiveConfigWithConstraints():4164), now 611749485347769, diff 717154, estimated_applied_time 27777778 queued_size:0  
03-02 11:15:55.942   921   921 I MI-SF   : surfaceflinger setAffinity mode=0
03-02 11:15:55.942   921   921 E MI-SF   : surfaceflinger setAffinity success
03-02 11:15:55.949  1621  1638 I ActivityTaskManager: Displayed com.softnation.Ojam/.MainActivity for user 0: +15s679ms
03-02 11:15:55.954  1621  1651 I WindowManager: wms.showSurfaceRobustly mWin:Window{4aa8822 u0 com.softnation.Ojam/com.softnation.Ojam.MainActivity}
03-02 11:15:55.954  1621  1651 I ActivityTaskManager: visible for Task{7900b11 #37036 type=standard A=10337:com.softnation.Ojam} visible = true isAnimating = false TRANSITION = false PARENTS = false CHILDREN = false
03-02 11:15:55.960   849  1481 I hwcomposer: [HWCDisplay] (0 updateAppliedConfigState():4360), applied config complete[idx:611749513125547, config:0]  
03-02 11:15:55.960 15743 21185 I HWUI    : Davey! duration=858ms; Flags=1, FrameTimelineVsyncId=182668553, IntendedVsync=611748603993460, Vsync=611749019029075, InputEventId=0, HandleInputStart=611749040634308, AnimationStart=611749040641692, PerformTraversalsStart=611749173703846, DrawStart=611749179196462, FrameDeadline=611748623993460, FrameInterval=611749039409385, FrameStartTime=27669041, SyncQueued=611749346864077, SyncStart=611749348077308, IssueDrawCommandsStart=611749385844769, SwapBuffers=611749451051462, FrameCompleted=611749463889923, DequeueBufferDuration=27616, QueueBufferDuration=1414462, GpuCompleted=611749458746615, SwapBuffersCompleted=611749463889923, DisplayPresentTime=0, CommandSubmissionCompleted=611749451051462, 
03-02 11:15:55.962   921  1587 I BufferQueueDebug: [Surface(name=d000b49 Splash Screen com.softnation.Ojam#134012)/@0x5dca16f - animation-leash of starting_reveal#134023](this:0xb400007bcec58f38,id:-1,api:0,p:-1,c:-1) BufferQueue core=(921:/system/bin/surfaceflinger)
03-02 11:15:55.966   921   921 I PowerHalWrapper: updateFps(): 60
03-02 11:15:55.966  2350  2350 D TelephonyManager: requestModemActivityInfo: Sending result to app: ModemActivityInfo{ mTimestamp=1029515385 mSleepTimeMs=620452873 mIdleTimeMs=401061118 mActivityStatsTechSpecificInfo=[{mRat=UNKNOWN,mFrequencyRange=UNKNOWN,mTxTimeMs[]=[42509, 90739, 159201, 400160, 488416],mRxTimeMs=9907910}]}
03-02 11:15:55.970   921   921 I PowerHalWrapper: updateFps(): 60
03-02 11:15:55.973  1621  1922 I SmartPower: com.google.android.apps.messaging/10167(21285): background->idle(3693ms) R(service end com.google.android.apps.messaging/androidx.work.impl.background.systemjob.SystemJobService) adj=905.
03-02 11:15:55.974   849   849 I hwcomposer: [HWCDisplay] (0 updateFps():3667), (type:1, mode:2) fps:2.982528,dur:1005.86,max:826.89,min:34.23  
03-02 11:15:55.976   849  1423 W hwcomposer: [DRMDEV] paramIsSame(), id 34843, w 1080/1080, h 2460/2460, pitch 1088/1088, format 0x2/0x1, secure 0/0  
03-02 11:15:55.983   921   921 I BufferQueueProducer: [StatusBar#109](this:0xb400007bcec4ab68,id:-1,api:0,p:-1,c:921) queueBuffer: fps=0.98 dur=1018.44 max=1018.44 min=1018.44
03-02 11:15:55.998 21285 21324 I WM-WorkerWrapper: Setting status to enqueued for f57c919f-6696-481e-a8f5-a900be68b459
03-02 11:15:56.000 21285 21285 D WM-Processor: sci ccfceafa-31cc-4a70-87a3-17e1ee119758 executed; reschedule = false
03-02 11:15:56.003 21285 21324 D WM-GreedyScheduler: Cancelling work ID ccfceafa-31cc-4a70-87a3-17e1ee119758
03-02 11:15:56.035 21285 21324 D WM-GreedyScheduler: Ignoring {WorkSpec: 8717a412-f994-46ae-975b-cd003c8532bc}. Requires ContentUri triggers.
03-02 11:15:56.035 21285 21324 D WM-GreedyScheduler: Ignoring {WorkSpec: 98a04891-24d2-4081-bb45-ba7719e0735c}. Requires device idle.
03-02 11:15:56.035 21285 21324 D WM-GreedyScheduler: Ignoring {WorkSpec: 338fec05-6d8b-4992-a379-eebbda50a3a3}. Requires ContentUri triggers.
03-02 11:15:56.035 21285 21324 D WM-GreedyScheduler: Ignoring {WorkSpec: df1c704e-3534-4090-a02c-273d9415ebb0}. Requires device idle.
03-02 11:15:56.035 21285 21324 D WM-GreedyScheduler: Ignoring {WorkSpec: 27b5d8d1-9557-4345-89d9-c117e7b387a0}. Requires device idle.
03-02 11:15:56.036 21285 21324 D WM-GreedyScheduler: Starting tracking for 099d8756-8579-49df-9f40-836b2e21b1d5,ea5e131f-70da-47f5-8af6-c0a69fd42816
03-02 11:15:56.135   849  1430 I hwcomposer: [HWC] (0)fire a callback of refresh to SF[4]  
03-02 11:15:56.158   921   921 I BufferQueueProducer: [FramebufferSurface](this:0xb400007d8e9dff50,id:-1,api:1,p:921,c:921) queueBuffer: fps=0.96 dur=1046.53 max=1046.53 min=1046.53
03-02 11:15:56.162   921   921 I MI-SF   : surfaceflinger setAffinity mode=1
03-02 11:15:56.162   921   921 E MI-SF   : surfaceflinger setAffinity success
03-02 11:15:56.162   921   921 I MI-SF   : surfaceflinger setreAffinity reTid=1207
03-02 11:15:56.162   921   921 E MI-SF   : surfaceflinger setAffinity success
03-02 11:15:56.176 15743 15743 W Looper  : PerfMonitor doFrame : time=225ms vsyncFrame=19835446 latency=314ms procState=-1 historyMsgCount=37 (msgIndex=1 wall=428ms seq=634 late=436ms h=android.view.Choreographer$FrameHandler c=android.view.Choreographer$FrameDisplayEventReceiver)
03-02 11:15:56.184 15743 15743 D RNTP-com.doublesymmetry.trackplayer.service.MusicService:setupPlayer: Setting up player
03-02 11:15:56.200   921   921 I MI-SF   : surfaceflinger setAffinity mode=0
03-02 11:15:56.200   921   921 E MI-SF   : surfaceflinger setAffinity success
03-02 11:15:56.206 15743 15743 I ExoPlayerImpl: Init 1702b4e [AndroidXMedia3/1.8.0] [tides, 2404ARN45A, Xiaomi, 35]
03-02 11:15:56.213 15743 15743 I ExoPlayerImpl: Release f9280e8 [AndroidXMedia3/1.8.0] [tides, 2404ARN45A, Xiaomi, 35] [media3.common, media3.session, media3.exoplayer, media3.decoder, media3.database]
03-02 11:15:56.216  1621  2197 D MediaSessionService: onSessionPlaybackStateChanged: record=com.softnation.Ojam/androidx.media3.session.id./88 (userId=0) playbackState=PlaybackState {state=NONE(0), position=0, buffered position=0, speed=0.0, updated=1029515635, actions=7339653, custom actions=[], active item id=0, error=null}
03-02 11:15:56.217  2363 19600 I ActiveSessionRecord_export-api: onPlaybackStateChanged: PlaybackState {state=NONE(0), position=0, buffered position=0, speed=0.0, updated=1029515635, actions=7339653, custom actions=[], active item id=0, error=null}
03-02 11:15:56.218  2363  3215 I ActiveSessionRecord_export-api: onPlaybackStateChanged: PlaybackState {state=NONE(0), position=0, buffered position=0, speed=0.0, updated=1029515635, actions=7339653, custom actions=[], active item id=0, error=null}
03-02 11:15:56.218 18562 18562 D AudioMediaPlayerWrapper: onPlaybackStateChanged(): com.softnation.Ojam : PlaybackState {state=NONE(0), position=0, buffered position=0, speed=0.0, updated=1029515635, actions=7339653, custom actions=[], active item id=0, error=null}
03-02 11:15:56.219  1621  2188 D MediaSessionService: onSessionPlaybackStateChanged: record=com.softnation.Ojam/androidx.media3.session.id./88 (userId=0) playbackState=PlaybackState {state=NONE(0), position=0, buffered position=0, speed=0.0, updated=1029515638, actions=7339653, custom actions=[], active item id=0, error=null}
03-02 11:15:56.219 18562 18562 W AudioMediaPlayerWrapper: onPlaybackStateChanged(): com.softnation.Ojam tried to update with no new data
03-02 11:15:56.219  2363 19600 I ActiveSessionRecord_export-api: onPlaybackStateChanged: PlaybackState {state=NONE(0), position=0, buffered position=0, speed=0.0, updated=1029515638, actions=7339653, custom actions=[], active item id=0, error=null}
03-02 11:15:56.220  2363  3215 I ActiveSessionRecord_export-api: onPlaybackStateChanged: PlaybackState {state=NONE(0), position=0, buffered position=0, speed=0.0, updated=1029515638, actions=7339653, custom actions=[], active item id=0, error=null}
03-02 11:15:56.220 18562 18562 D AudioMediaPlayerWrapper: onPlaybackStateChanged(): com.softnation.Ojam : PlaybackState {state=NONE(0), position=0, buffered position=0, speed=0.0, updated=1029515638, actions=7339653, custom actions=[], active item id=0, error=null}
03-02 11:15:56.220 18562 18562 W AudioMediaPlayerWrapper: onPlaybackStateChanged(): com.softnation.Ojam tried to update with no new data
03-02 11:15:56.225 15743 15743 D RNTP-com.doublesymmetry.trackplayer.service.MusicService:onGetSession: com.softnation.Ojam
03-02 11:15:56.229 15743 15743 I MediaController: Init 7f8bd68 [AndroidXMedia3/1.8.0] [tides, 2404ARN45A, Xiaomi, 35]
03-02 11:15:56.231 15743 15743 D RNTP-com.doublesymmetry.trackplayer.service.MusicService$InnerMediaSessionCallback:onConnect: com.softnation.Ojam
03-02 11:15:56.233  1621  2188 D MediaSessionService: onSessionPlaybackStateChanged: record=com.softnation.Ojam/androidx.media3.session.id./88 (userId=0) playbackState=PlaybackState {state=NONE(0), position=0, buffered position=0, speed=0.0, updated=1029515652, actions=7339653, custom actions=[], active item id=0, error=null}
03-02 11:15:56.234  2363  3215 I ActiveSessionRecord_export-api: onPlaybackStateChanged: PlaybackState {state=NONE(0), position=0, buffered position=0, speed=0.0, updated=1029515652, actions=7339653, custom actions=[], active item id=0, error=null}
03-02 11:15:56.234  2363 19600 I ActiveSessionRecord_export-api: onPlaybackStateChanged: PlaybackState {state=NONE(0), position=0, buffered position=0, speed=0.0, updated=1029515652, actions=7339653, custom actions=[], active item id=0, error=null}
03-02 11:15:56.235 18562 18562 D AudioMediaPlayerWrapper: onPlaybackStateChanged(): com.softnation.Ojam : PlaybackState {state=NONE(0), position=0, buffered position=0, speed=0.0, updated=1029515652, actions=7339653, custom actions=[], active item id=0, error=null}
03-02 11:15:56.236 18562 18562 W AudioMediaPlayerWrapper: onPlaybackStateChanged(): com.softnation.Ojam tried to update with no new data
03-02 11:15:56.240 15743 15743 D RNTP-com.doublesymmetry.trackplayer.service.MusicService$InnerMediaSessionCallback:onConnect: com.softnation.Ojam
03-02 11:15:56.268  1621  3051 D ActivityManager: getProcessesInErrorState callingUid=10383, CallingPid=13839
03-02 11:15:56.296 15743 15743 I HandWritingStubImpl: refreshLastKeyboardType: 1
03-02 11:15:56.297 15743 15743 I HandWritingStubImpl: getCurrentKeyboardType: 1
03-02 11:15:56.301  1621  1806 I ImeTracker: com.softnation.Ojam:9425a828: onRequestHide at ORIGIN_SERVER reason HIDE_UNSPECIFIED_WINDOW fromUser false
03-02 11:15:56.301  6515 20776 D MirrorManager:  sendAcceptInput 0 0
03-02 11:15:56.301  1621  1806 I ImeTracker: com.softnation.Ojam:9425a828: onCancelled at PHASE_SERVER_SHOULD_HIDE
03-02 11:15:56.304  2526  2526 D InputEventReceiver: Input log is disabled in InputEventReceiver.
03-02 11:15:56.308  2526  2526 I GoogleInputMethodService: GoogleInputMethodService.onFinishInput():2113 
03-02 11:15:56.310   921  1587 I BufferQueueDebug: [Surface(name=751ea6d InputMethod#71915)/@0xaafc069 - animation-leash of insets_animation#134024](this:0xb400007bcecc5298,id:-1,api:0,p:-1,c:-1) BufferQueue core=(921:/system/bin/surfaceflinger)
03-02 11:15:56.310  2526  2526 I Module  : DeviceLockedStatusModuleProvider$Module.updateDeviceLockedStatus():103 repeatCheckTimes = 0, locked = false
03-02 11:15:56.313  2526  2526 I GoogleInputMethodService: GoogleInputMethodService.onStartInput():1384 onStartInput(EditorInfo{EditorInfo{packageName=com.softnation.Ojam, inputType=0, inputTypeString=NULL, enableLearning=false, autoCorrection=false, autoComplete=false, imeOptions=0, privateImeOptions=null, actionName=UNSPECIFIED, actionLabel=null, initialSelStart=-1, initialSelEnd=-1, initialCapsMode=0, label=null, fieldId=0, fieldName=null, extras=Bundle[mParcelledData.dataSize=72], hintText=null, hintLocales=[]}}, false)
03-02 11:15:56.314  1621  1651 D MiuiRefreshRatePolicy: reset
03-02 11:15:56.315  2526  2526 I Module  : DeviceLockedStatusModuleProvider$Module.updateDeviceLockedStatus():103 repeatCheckTimes = 1, locked = false
03-02 11:15:56.317  1621  5247 W PackageConfigPersister: App-specific configuration not found for packageName: com.softnation.Ojam and userId: 0
03-02 11:15:56.322  1621  1651 I ActivityTaskManager: visible for Task{7900b11 #37036 type=standard A=10337:com.softnation.Ojam} visible = true isAnimating = true TRANSITION = false PARENTS = false CHILDREN = true
03-02 11:15:56.323  1621  5247 D MediaSessionService: onSessionPlaybackStateChanged: record=com.softnation.Ojam/androidx.media3.session.id./88 (userId=0) playbackState=PlaybackState {state=NONE(0), position=0, buffered position=0, speed=0.0, updated=1029515742, actions=7339653, custom actions=[], active item id=0, error=null}
03-02 11:15:56.324  2363 19600 I ActiveSessionRecord_export-api: onPlaybackStateChanged: PlaybackState {state=NONE(0), position=0, buffered position=0, speed=0.0, updated=1029515742, actions=7339653, custom actions=[], active item id=0, error=null}
03-02 11:15:56.325 18562 18562 D AudioMediaPlayerWrapper: onPlaybackStateChanged(): com.softnation.Ojam : PlaybackState {state=NONE(0), position=0, buffered position=0, speed=0.0, updated=1029515742, actions=7339653, custom actions=[], active item id=0, error=null}
03-02 11:15:56.325  2363  3215 I ActiveSessionRecord_export-api: onPlaybackStateChanged: PlaybackState {state=NONE(0), position=0, buffered position=0, speed=0.0, updated=1029515742, actions=7339653, custom actions=[], active item id=0, error=null}
03-02 11:15:56.326 18562 18562 W AudioMediaPlayerWrapper: onPlaybackStateChanged(): com.softnation.Ojam tried to update with no new data
03-02 11:15:56.332  1621  3051 D MediaSessionService: onSessionPlaybackStateChanged: record=com.softnation.Ojam/androidx.media3.session.id./88 (userId=0) playbackState=PlaybackState {state=NONE(0), position=0, buffered position=0, speed=0.0, updated=1029515750, actions=261765, custom actions=[Action:mName='Previous, mIcon=2131231060, mExtras=Bundle[EMPTY_PARCEL], Action:mName='Next, mIcon=2131231044, mExtras=Bundle[EMPTY_PARCEL]], active item id=0, error=null}
03-02 11:15:56.333  2363  3215 I ActiveSessionRecord_export-api: onPlaybackStateChanged: PlaybackState {state=NONE(0), position=0, buffered position=0, speed=0.0, updated=1029515750, actions=261765, custom actions=[Action:mName='Previous, mIcon=2131231060, mExtras=Bundle[EMPTY_PARCEL], Action:mName='Next, mIcon=2131231044, mExtras=Bundle[EMPTY_PARCEL]], active item id=0, error=null}
03-02 11:15:56.333  2363 19600 I ActiveSessionRecord_export-api: onPlaybackStateChanged: PlaybackState {state=NONE(0), position=0, buffered position=0, speed=0.0, updated=1029515750, actions=261765, custom actions=[Action:mName='Previous, mIcon=2131231060, mExtras=Bundle[EMPTY_PARCEL], Action:mName='Next, mIcon=2131231044, mExtras=Bundle[EMPTY_PARCEL]], active item id=0, error=null}
03-02 11:15:56.334 18562 18562 D AudioMediaPlayerWrapper: onPlaybackStateChanged(): com.softnation.Ojam : PlaybackState {state=NONE(0), position=0, buffered position=0, speed=0.0, updated=1029515750, actions=261765, custom actions=[Action:mName='Previous, mIcon=2131231060, mExtras=Bundle[EMPTY_PARCEL], Action:mName='Next, mIcon=2131231044, mExtras=Bundle[EMPTY_PARCEL]], active item id=0, error=null}
03-02 11:15:56.335 18562 18562 W AudioMediaPlayerWrapper: onPlaybackStateChanged(): com.softnation.Ojam tried to update with no new data
03-02 11:15:56.341   921   921 I SurfaceFlinger: onHandleDestroyed: name=Surface(name=751ea6d InputMethod#71915)/@0xaafc069 - animation-leash of insets_animation#134009, layerId=134009, parentId=0
03-02 11:15:56.354  1621  2986 D PreStartingManager: Not init when use PreStartingManager!
03-02 11:15:56.355  1621  1651 D MiuiRefreshRatePolicy: reset
03-02 11:15:56.357   921   921 I BufferQueueDebug: [Surface(name=751ea6d InputMethod#71915)/@0xaafc069 - animation-leash of insets_animation#134009](this:0xb400007bcec6fbb8,id:-1,api:0,p:-1,c:921) onDestructor()
03-02 11:15:56.360  2363  2577 D View    : [Warning] assignParent to null: this = android.widget.FrameLayout{3e261f9 G.E...... ......ID 0,0-1080,2460}
03-02 11:15:56.360  1621  1651 I ActivityTaskManager: visible for Task{7900b11 #37036 type=standard A=10337:com.softnation.Ojam} visible = true isAnimating = false TRANSITION = false PARENTS = false CHILDREN = false
03-02 11:15:56.365  1621  1651 D MiuiRefreshRatePolicy: reset
03-02 11:15:56.368 15743 15743 I HandWritingStubImpl: getCurrentKeyboardType: 1
03-02 11:15:56.371   921  1468 W EventThreadInspector: slow VSync-appSf on display(4627039422300187648) count=1, avg=34 ms, max=34 ms.
03-02 11:15:56.373  1621  2986 D MiuiRefreshRatePolicy: reset
03-02 11:15:56.379 15743 21250 W unknown:ReactNative: StatusBarModule: Ignored status bar change, current activity is edge-to-edge.
03-02 11:15:56.380 15743 21250 W unknown:ReactNative: StatusBarModule: Ignored status bar change, current activity is edge-to-edge.
03-02 11:15:56.380  1621  1651 I ActivityTaskManager: visible for Task{7900b11 #37036 type=standard A=10337:com.softnation.Ojam} visible = true isAnimating = false TRANSITION = false PARENTS = false CHILDREN = false
03-02 11:15:56.380  2363  2577 D BLASTBufferQueue: [VRI[Ojam]#5839](f:0,a:1) destructor()
03-02 11:15:56.380   921  1587 I BpBinder: onLastStrongRef automatically unlinking death recipients: 
03-02 11:15:56.381  2363  2577 D BufferQueueConsumer: [VRI[Ojam]#5839(BLAST Consumer)5839](id:93b00001ae4,api:0,p:-1,c:2363) disconnect
03-02 11:15:56.382  2363  2577 W WindowOnBackDispatcher: sendCancelIfRunning: isInProgress=false callback=android.view.ViewRootImpl$$ExternalSyntheticLambda12@c9b48ec
03-02 11:15:56.383  1621  2986 D CoreBackPreview: Window{d000b49 u0 Splash Screen com.softnation.Ojam}: Setting back callback null
03-02 11:15:56.384  1621  2986 D WindowManager: Starting window removed Window{d000b49 u0 Splash Screen com.softnation.Ojam}
03-02 11:15:56.384  1621  2986 W InputManager-JNI: Input channel object 'd000b49 Splash Screen com.softnation.Ojam (client)' was disposed without first being removed with the input manager!
03-02 11:15:56.385  1621  2986 D WindowManager: setParent old=ActivityRecord{2e7df9b u0 com.softnation.Ojam/.MainActivity t37036},new=null,this window=Window{d000b49 u0 Splash Screen com.softnation.Ojam},callers=com.android.server.wm.WindowContainer.removeChild:897 com.android.server.wm.ActivityRecord.removeChild:5518 com.android.server.wm.ActivityRecord.removeChild:505 com.android.server.wm.WindowContainer.removeImmediately:967 com.android.server.wm.WindowState.removeImmediately:2526 com.android.server.wm.WindowState.removeIfPossible:2714 
03-02 11:15:56.385  1621  2986 D WindowManager: postWindowRemoveCleanupLocked: Removing startingWindow Window{d000b49 u0 Splash Screen com.softnation.Ojam} from ActivityRecord{2e7df9b u0 com.softnation.Ojam/.MainActivity t37036} activity = ActivityRecord{2e7df9b u0 com.softnation.Ojam/.MainActivity t37036}
03-02 11:15:56.386  1621  2986 D MiuiRefreshRatePolicy: reset
03-02 11:15:56.389  1621  1651 I ActivityTaskManager: visible for Task{7900b11 #37036 type=standard A=10337:com.softnation.Ojam} visible = true isAnimating = false TRANSITION = false PARENTS = false CHILDREN = false
03-02 11:15:56.393  2363  2363 D Utilities:  oldHints : 0 backDisposition : 0 imeShown : false hints 0
03-02 11:15:56.398  3510  3510 W libc    : Unable to set property "persist.vendor.accelerate.charge" to "false": PROP_ERROR_PERMISSION_DENIED (0x18)
03-02 11:15:56.402  6027  6027 I PowerSaveService: onReceive: android.intent.action.BATTERY_CHANGED
03-02 11:15:56.403  6027  6027 I PowerNoticeUI: handleBatteryChanged oldPlugType 2 mPlugType 2 oldBatteryLevel 43 mBatteryLevel 43 temperature 400
03-02 11:15:56.403  6027  6027 I ChargerBatteryIntelligenceReceiver: onBatteryChanged temperature∩╝Ü40,plugType:2
03-02 11:15:56.403  6515  8177 D PowerCheckerService: onBatteryChanged, mBatteryLevel = 43, status = 2, level = 43, plug = 2, scale = 100
03-02 11:15:56.403  6027  6027 D BaseChargeProtect_HighTemp: mCountByMinute:0,isScreenOn:true
03-02 11:15:56.403  6515  6997 I ProcAudioPowerManager: onBatteryChanged, onBattery is false
03-02 11:15:56.404  6515  6997 D PowerKeeper.FrozenApp: onBatteryChanged plug=true mBatteryPlugged=2
03-02 11:15:56.404  6515  8142 D PowerKeeper.Thermal: mBatteryTemperature: 40
03-02 11:15:56.406  6027  6027 I android_os_HwBinder: HwBinder: Starting thread pool for getting: vendor.xiaomi.hardware.micharge@1.0::IMiCharge/default
03-02 11:15:56.407  1621  1621 D UiModeManager: updateConfigurationLocked: mDockState=0; mCarMode=false; mCar=false; mPowerSave=false; mOverrideNightModeOn=false; mOverrideNightModeOff=false; mComputedNightMode=true; mNightModeValue=2; uiMode=42
03-02 11:15:56.407   921   921 I SurfaceFlinger: onHandleDestroyed: name=d000b49 Splash Screen com.softnation.Ojam#134012, layerId=134012, parentId=0
03-02 11:15:56.408   921   921 I SurfaceFlinger: onHandleDestroyed: name=Splash Screen com.softnation.Ojam#134013, layerId=134013, parentId=0
03-02 11:15:56.409   872 24120 I vendor.xiaomi.hardware.micharge@1.0-service: ReadFilePathValue path = /sys/class/power_supply/usb/real_type value = USB
03-02 11:15:56.410  6027  6027 I IMiChargeUtils: getIMiChargeStringValue method:getBatteryChargeType,value:USB
03-02 11:15:56.410  6027  6027 I IMiChargeUtils: getBatteryChargeType : USB
03-02 11:15:56.410  6027  6027 I ChargeTimeUtilsV2: chargeType:USB
03-02 11:15:56.410  6027  6027 I PowerFeatureUtils: getVendorName:mediatek
03-02 11:15:56.410  6027  6027 I PowerFeatureUtils: getVendorName:mediatek
03-02 11:15:56.425   921   921 I BufferQueueDebug: [d000b49 Splash Screen com.softnation.Ojam#134012](this:0xb400007bcecb4138,id:-1,api:0,p:-1,c:921) onDestructor()
03-02 11:15:56.425   921   921 I BufferQueueDebug: [Splash Screen com.softnation.Ojam#134013](this:0xb400007bcecdeca8,id:-1,api:0,p:-1,c:921) onDestructor()
03-02 11:15:56.426  6027  6027 I PowerSaveService: onReceive: android.intent.action.BATTERY_CHANGED
03-02 11:15:56.427  6027  6027 I PowerNoticeUI: handleBatteryChanged oldPlugType 2 mPlugType 2 oldBatteryLevel 43 mBatteryLevel 43 temperature 410
03-02 11:15:56.427  6027  6027 I ChargerBatteryIntelligenceReceiver: onBatteryChanged temperature∩╝Ü41,plugType:2
03-02 11:15:56.427  6027  6027 I ChargerBatteryIntelligenceReceiver: dissmissTempFastChargeReminder not support
03-02 11:15:56.427  6027  6027 D BaseChargeProtect_HighTemp: mCountByMinute:0,isScreenOn:true
03-02 11:15:56.428  1621  1621 D UiModeManager: updateConfigurationLocked: mDockState=0; mCarMode=false; mCar=false; mPowerSave=false; mOverrideNightModeOn=false; mOverrideNightModeOff=false; mComputedNightMode=true; mNightModeValue=2; uiMode=42
03-02 11:15:56.430  6027  6027 I android_os_HwBinder: HwBinder: Starting thread pool for getting: vendor.xiaomi.hardware.micharge@1.0::IMiCharge/default
03-02 11:15:56.433   872 24120 I vendor.xiaomi.hardware.micharge@1.0-service: ReadFilePathValue path = /sys/class/power_supply/usb/real_type value = USB
03-02 11:15:56.434  6027  6027 I IMiChargeUtils: getIMiChargeStringValue method:getBatteryChargeType,value:USB
03-02 11:15:56.435  6027  6027 I IMiChargeUtils: getBatteryChargeType : USB
03-02 11:15:56.435  6027  6027 I ChargeTimeUtilsV2: chargeType:USB
03-02 11:15:56.435  6027  6027 I PowerFeatureUtils: getVendorName:mediatek
03-02 11:15:56.435  6027  6027 I PowerFeatureUtils: getVendorName:mediatek
03-02 11:15:56.438 15743 21201 W libc    : Access denied finding property "ro.vendor.display.iris_x7.support"
03-02 11:15:56.439  1621  1621 D UiModeManager: updateConfigurationLocked: mDockState=0; mCarMode=false; mCar=false; mPowerSave=false; mOverrideNightModeOn=false; mOverrideNightModeOff=false; mComputedNightMode=true; mNightModeValue=2; uiMode=42
03-02 11:15:56.443  6027  6027 I PowerSaveService: onReceive: android.intent.action.BATTERY_CHANGED
03-02 11:15:56.445  6027  6027 I PowerNoticeUI: handleBatteryChanged oldPlugType 2 mPlugType 2 oldBatteryLevel 43 mBatteryLevel 43 temperature 400
03-02 11:15:56.446  6027  6027 I ChargerBatteryIntelligenceReceiver: onBatteryChanged temperature∩╝Ü40,plugType:2
03-02 11:15:56.447  6027  6027 I ChargerBatteryIntelligenceReceiver: dissmissTempFastChargeReminder not support
03-02 11:15:56.447  6515  8142 D PowerKeeper.Thermal: mBatteryTemperature: 40
03-02 11:15:56.447  6027  6027 D BaseChargeProtect_HighTemp: mCountByMinute:0,isScreenOn:true
03-02 11:15:56.448  6515  8177 D PowerCheckerService: onBatteryChanged, mBatteryLevel = 43, status = 2, level = 43, plug = 2, scale = 100
03-02 11:15:56.448  6515  6997 I ProcAudioPowerManager: onBatteryChanged, onBattery is false
03-02 11:15:56.448  6515  6997 D PowerKeeper.FrozenApp: onBatteryChanged plug=true mBatteryPlugged=2
03-02 11:15:56.449  6027  6027 I android_os_HwBinder: HwBinder: Starting thread pool for getting: vendor.xiaomi.hardware.micharge@1.0::IMiCharge/default
03-02 11:15:56.451   872 24120 I vendor.xiaomi.hardware.micharge@1.0-service: ReadFilePathValue path = /sys/class/power_supply/usb/real_type value = USB
03-02 11:15:56.452  6027  6027 I IMiChargeUtils: getIMiChargeStringValue method:getBatteryChargeType,value:USB
03-02 11:15:56.452  6027  6027 I IMiChargeUtils: getBatteryChargeType : USB
03-02 11:15:56.452  6027  6027 I ChargeTimeUtilsV2: chargeType:USB
03-02 11:15:56.452  6027  6027 I PowerFeatureUtils: getVendorName:mediatek
03-02 11:15:56.452  6027  6027 I PowerFeatureUtils: getVendorName:mediatek
03-02 11:15:56.459  1621  2986 I PowerHalWrapper: amsBoostStop AMS_BOOST_PACK_SWITCH:false, AMS_BOOST_ACT_SWITCH:false, AMS_BOOST_PROCESS_CREATE:true, AMS_BOOST_PROCESS_CREATE_FOR_GAME:false, AMS_BOOST_HOT_LAUNCH:false 
03-02 11:15:56.461   863   958 I libPowerHal: [perfLockRel] hdl:366869, idx:-1
03-02 11:15:56.526  1621  2986 D AS.BtHelper: isBluetoothScoOn() mBluetoothHeadset is null: falsemBluetoothHeadsetDevice is null: true
03-02 11:15:56.526  1621  2986 V AS.AudioDeviceBroker: requestedCommunicationDevice: null mAudioModeOwner: AudioModeInfo: mMode=MODE_NORMAL, mPid=0, mUid=0
03-02 11:15:56.526  1621  2986 D AS.BtHelper: isBluetoothScoOn() mBluetoothHeadset is null: falsemBluetoothHeadsetDevice is null: true
03-02 11:15:56.526  1621  2986 V AS.AudioDeviceBroker: requestedCommunicationDevice: null mAudioModeOwner: AudioModeInfo: mMode=MODE_NORMAL, mPid=0, mUid=0
03-02 11:15:56.559  1621  2986 D ActivityManager: getProcessesInErrorState callingUid=10126, CallingPid=18142
03-02 11:15:56.562  1159  1606 D ULogGuard: Monitoring: 18 threads, 0 requests, 0 time-bombs; 1 guards. ResetFlags = 0x7
03-02 11:15:56.616 17840 18081 E msys    : E[N mns]_OnDiskCacheGetData(632)=>Start post callback cache refresh DNS resolution
03-02 11:15:56.622 17840 18081 E msys    : E[N mns]_LogError(228)=>Failed to resolve using system DNS resolver, getaddrinfo(): No address associated with hostname
03-02 11:15:56.773  2350  2350 W Settings: Setting airplane_mode_on has moved from android.provider.Settings.System to android.provider.Settings.Global, returning read-only value.
03-02 11:15:56.776  2350  2350 W Settings: Setting airplane_mode_on has moved from android.provider.Settings.System to android.provider.Settings.Global, returning read-only value.
03-02 11:15:56.777  1621  3051 D ConnectivityService: requestNetwork for uid/pid:10337/15743 activeRequest: null callbackRequest: 242470 [NetworkRequest [ REQUEST id=242471, [ Capabilities: INTERNET&NOT_RESTRICTED&TRUSTED&NOT_VCN_MANAGED&NOT_BANDWIDTH_CONSTRAINED Uid: 10337 RequestorUid: 10337 RequestorPkg: com.softnation.Ojam UnderlyingNetworks: Null] ]] callback flags: 0 order: 2147483647 isUidTracked: false declaredMethods: AVAIL|LOST
03-02 11:15:56.780  2350 29580 D NetworkSpeedTracker: updateSignalInfo lteRsrp=-75lteSnr=18,phoneId=1
03-02 11:15:56.785  2350 29580 D NetworkSpeedTracker: updateSignalInfo lteRsrp=-75lteSnr=18,phoneId=1
03-02 11:15:56.786  1621  1843 D WifiNetworkFactory: got request NetworkRequest [ REQUEST id=242471, [ Capabilities: INTERNET&NOT_RESTRICTED&TRUSTED&NOT_VCN_MANAGED&NOT_BANDWIDTH_CONSTRAINED Uid: 10337 RequestorUid: 10337 RequestorPkg: com.softnation.Ojam UnderlyingNetworks: Null] ]
03-02 11:15:56.789  1621  1843 D UntrustedWifiNetworkFactory: got request NetworkRequest [ REQUEST id=242471, [ Capabilities: INTERNET&NOT_RESTRICTED&TRUSTED&NOT_VCN_MANAGED&NOT_BANDWIDTH_CONSTRAINED Uid: 10337 RequestorUid: 10337 RequestorPkg: com.softnation.Ojam UnderlyingNetworks: Null] ]
03-02 11:15:56.789  1621  1843 D OemPaidWifiNetworkFactory: got request NetworkRequest [ REQUEST id=242471, [ Capabilities: INTERNET&NOT_RESTRICTED&TRUSTED&NOT_VCN_MANAGED&NOT_BANDWIDTH_CONSTRAINED Uid: 10337 RequestorUid: 10337 RequestorPkg: com.softnation.Ojam UnderlyingNetworks: Null] ]
03-02 11:15:56.790  1621  1843 D MultiInternetWifiNetworkFactory: got request NetworkRequest [ REQUEST id=242471, [ Capabilities: INTERNET&NOT_RESTRICTED&TRUSTED&NOT_VCN_MANAGED&NOT_BANDWIDTH_CONSTRAINED Uid: 10337 RequestorUid: 10337 RequestorPkg: com.softnation.Ojam UnderlyingNetworks: Null] ]
03-02 11:15:56.790  1621  1856 D ConnectivityService: NetReassign [242471 : null ΓåÆ 255] [c 0] [a 2] [i 10]
03-02 11:15:56.796  1167  1167 I thermal_repeater: [recvMdThermalInfo] ret=25, strLen=127,  3, 37, -9, 196, 32767, 0
03-02 11:15:56.894  2350  2366 I m.android.phone: Background concurrent mark compact GC freed 24MB AllocSpace bytes, 2(104KB) LOS objects, 69% free, 10MB/34MB, paused 1.114ms,3.980ms total 124.013ms
03-02 11:15:56.914   861   947 I libPerfCtl: xgfGetFPS pid:921 fps:-1
03-02 11:15:56.915   861   947 I libPerfCtl: xgfGetFPS pid:2363 fps:-1
03-02 11:15:56.915   861   947 I libPerfCtl: xgfGetFPS pid:15743 fps:-1
03-02 11:15:56.929  1621  1666 I SmartPower: com.whatsapp/10300(31638): idle->background(2151ms) R(broadcast start Intent { act=android.intent.action.BATTERY_CHANGED flg=0x60000010 (has extras) }) adj=900.
03-02 11:15:56.931  1621  1666 I SmartPower: com.instagram.android/10301(17840): idle->background(2152ms) R(broadcast start Intent { act=android.intent.action.BATTERY_CHANGED flg=0x60000010 (has extras) }) adj=905.
03-02 11:15:56.933  1621  1666 I SmartPower: com.facebook.stella/10126(18142): idle->background(2154ms) R(broadcast start Intent { act=android.intent.action.BATTERY_CHANGED flg=0x60000010 (has extras) }) adj=905.
03-02 11:15:56.935   849  1430 I hwcomposer: [HWC] (0)fire a callback of refresh to SF[4]  
03-02 11:15:56.950   921   921 I MI-SF   : surfaceflinger setAffinity mode=1
03-02 11:15:56.951   921   921 E MI-SF   : surfaceflinger setAffinity success
03-02 11:15:56.951   921   921 I MI-SF   : surfaceflinger setreAffinity reTid=1207
03-02 11:15:56.951   921   921 E MI-SF   : surfaceflinger setAffinity success
03-02 11:15:56.964  1621  1918 E HyperSentinel: -------------------------------------------------------
03-02 11:15:56.964  1621  1918 E HyperSentinel: Event_OpenFileFDSize
03-02 11:15:56.964  1621  1918 E HyperSentinel: -> audit event by proc 1621 "system_server": Fd increasement, peak, 1184 -> 1064
03-02 11:15:56.965  1621  1917 D MiuiSentinelService: begin judgment FdAmountLeakException
03-02 11:15:57.133 17840 18081 E msys    : E[N mns]_OnDiskCacheGetData(632)=>Start post callback cache refresh DNS resolution
03-02 11:15:57.143 17840 18081 E msys    : E[N mns]_LogError(228)=>Failed to resolve using system DNS resolver, getaddrinfo(): No address associated with hostname
03-02 11:15:57.173 15743 15743 W Looper  : PerfMonitor doFrame : time=455ms vsyncFrame=19835476 latency=1ms procState=-1
03-02 11:15:57.188   921   921 I BufferQueueProducer: [com.softnation.Ojam/com.softnation.Ojam.MainActivity#134020](this:0xb400007bcec5ea58,id:-1,api:0,p:-1,c:921) queueBuffer: fps=18.35 dur=1253.42 max=448.69 min=16.28
03-02 11:15:57.191   849   849 I hwcomposer: [HWCDisplay] (0 updateFps():3667), (type:1, mode:2) fps:25.469517,dur:1217.14,max:243.59,min:11.31  
03-02 11:15:57.193   921   921 I MI-SF   : surfaceflinger setAffinity mode=0
03-02 11:15:57.193   921   921 E MI-SF   : surfaceflinger setAffinity success
03-02 11:15:57.407   849  1430 I hwcomposer: [HWC] (0)fire a callback of refresh to SF[4]  
03-02 11:15:57.418   921   921 I BufferQueueProducer: [FramebufferSurface](this:0xb400007d8e9dff50,id:-1,api:1,p:921,c:921) queueBuffer: fps=1.59 dur=1260.19 max=789.08 min=471.11
03-02 11:15:57.421   921   921 I MI-SF   : surfaceflinger setAffinity mode=1
03-02 11:15:57.422   921   921 E MI-SF   : surfaceflinger setAffinity success
03-02 11:15:57.422   921   921 I MI-SF   : surfaceflinger setreAffinity reTid=1207
03-02 11:15:57.422   921   921 E MI-SF   : surfaceflinger setAffinity success
03-02 11:15:57.457 15743 21250 W unknown:ReactNative: StatusBarModule: Ignored status bar change, current activity is edge-to-edge.
03-02 11:15:57.457 15743 21250 W unknown:ReactNative: StatusBarModule: Ignored status bar change, current activity is edge-to-edge.
03-02 11:15:57.462  1621  1998 I mtkpower_client: perf_lock_acq, hdl:366546, dur:3000, num:4, pid:1621, tid:1998
03-02 11:15:57.465  1621  1998 I mtkpower_client: ret_hdl:366870
03-02 11:15:57.465  1621  1998 I mtkpower_client: perf_lock_rel, hdl:366870, tid:1998
03-02 11:15:57.465   863   958 I libPowerHal: [perfLockAcq] idx:1 hdl:366870 hint:-1 pid:1621 tid:1998 duration:3000 lock_user:system_server => ret_hdl:366870
03-02 11:15:57.466   863   958 I libPowerHal: end_default_hold_time HindID : 57
03-02 11:15:57.466   863   958 I libPowerHal: [disableScenarioByHintId] Disable HindID : 21
03-02 11:15:57.466   863   958 I libPowerHal: [disableScenarioByHintId] Disable HindID : 57
03-02 11:15:57.466   863   958 I libPowerHal: [PE] system_server update ONESHOT(set) cmd:3410300 param:57 pr:3
03-02 11:15:57.466   863   958 I libPowerHal: [perfLockAcq] Done for hdl : 366870
03-02 11:15:57.467   863   958 I libPowerHal: [perfLockRel] hdl:366870, idx:1
03-02 11:15:57.468   863   958 I libPowerHal: end_default_hold_time HindID : 57
03-02 11:15:57.468   863   958 I libPowerHal: [disableScenarioByHintId] Disable HindID : 21
03-02 11:15:57.468   863   958 I libPowerHal: [disableScenarioByHintId] Disable HindID : 57
03-02 11:15:57.468   863   958 I libPowerHal: [PD] system_server update ONESHOT(unset) cmd:3410300 param:57 pr:3
03-02 11:15:57.468   863   958 I libPowerHal: [perfLockRel] Done for hdl : 366870
03-02 11:15:57.477  1055  1186 D connsyslogger: SD_LOG_ROOT is /data/debuglogger/connsyslog/fw.
03-02 11:15:57.477  1055  1186 D connsyslogger: systemReady:1
03-02 11:15:57.514  1201  1298 D AALLightSensor: oldLux=22 [SA:-1 LA:-1] newLux=22 (oriLux: 23)
03-02 11:15:57.529  1621  2986 D AS.BtHelper: isBluetoothScoOn() mBluetoothHeadset is null: falsemBluetoothHeadsetDevice is null: true
03-02 11:15:57.529  1621  2986 V AS.AudioDeviceBroker: requestedCommunicationDevice: null mAudioModeOwner: AudioModeInfo: mMode=MODE_NORMAL, mPid=0, mUid=0
03-02 11:15:57.530  1621  2986 D AS.BtHelper: isBluetoothScoOn() mBluetoothHeadset is null: falsemBluetoothHeadsetDevice is null: true
03-02 11:15:57.530  1621  2986 V AS.AudioDeviceBroker: requestedCommunicationDevice: null mAudioModeOwner: AudioModeInfo: mMode=MODE_NORMAL, mPid=0, mUid=0
03-02 11:15:57.572 13966 13999 I earchbox:search: Explicit concurrent mark compact GC freed 7328KB AllocSpace bytes, 12(560KB) LOS objects, 56% free, 18MB/42MB, paused 1.474ms,8.529ms total 393.363ms
03-02 11:15:57.602 13966 14104 V ClearcutMetricXmitter: Transmission is done.
03-02 11:15:57.605 13966 14104 V ClearcutMetricXmitter: Transmission is done.
03-02 11:15:57.914  1201  1298 D AALService: [CRTC_114] onALIChanged: 22 -> 35
03-02 11:15:57.914   861   947 I libPerfCtl: xgfGetFPS pid:921 fps:-1
03-02 11:15:57.915   861   947 I libPerfCtl: xgfGetFPS pid:2363 fps:-1
03-02 11:15:57.915   861   947 I libPerfCtl: xgfGetFPS pid:15743 fps:-1
03-02 11:15:57.960   921   921 I BufferQueueProducer: [StatusBar#109](this:0xb400007bcec4ab68,id:-1,api:0,p:-1,c:921) queueBuffer: fps=0.51 dur=1976.36 max=1976.36 min=1976.36
03-02 11:15:57.960 15743 21410 D nativeloader: Load /data/app/~~Bh61wenJZi6JNVEuOkVQfQ==/com.softnation.Ojam-nnCVAdHxKfOmup5FCuBDYQ==/base.apk!/lib/arm64-v8a/libavif_android.so using class loader ns clns-7 (caller=/data/app/~~Bh61wenJZi6JNVEuOkVQfQ==/com.softnation.Ojam-nnCVAdHxKfOmup5FCuBDYQ==/base.apk!classes22.dex): ok
03-02 11:15:57.964   921   921 I MI-SF   : surfaceflinger setAffinity mode=0
03-02 11:15:57.964   921   921 E MI-SF   : surfaceflinger setAffinity success
03-02 11:15:57.966 13966 13999 I earchbox:search: Explicit concurrent mark compact GC freed 2064KB AllocSpace bytes, 0(0B) LOS objects, 56% free, 18MB/42MB, paused 1.405ms,8.081ms total 386.821ms
03-02 11:15:57.966 13966 13999 I app_process: Native memory cannot be purged, Android API level < 28.
03-02 11:15:57.981 15743 21410 D skia    : SkJpegCodec::onGetPixels + (683, 1024)
03-02 11:15:57.981 15743 21410 I DMABUFHEAPS: Using DMA-BUF heap named: mtk_mm
03-02 11:15:57.982 15743 21410 D skia    : stream getLength() not supported, use temp buffer for loading stream, buffer addr 0x7bd3731000 length 143043
03-02 11:15:57.982 15743 21410 D skia    : LoadInputStreamToMem va 0x7bd3731000  size 145280
03-02 11:15:57.983 15743 21410 D libjpeg-alpha: Huffman Builder run in subthread
03-02 11:15:57.984 15743 21410 D libjpeg-alpha: Tile Decoder (#thread:4, size:512 256 256 341x512, alignment:256x16)
03-02 11:15:57.985 15743 21411 D libjpeg-alpha: Corrupt JPEG data: 41160 extraneous bytes before marker 0xda
03-02 11:15:58.031 15743 21413 D libjpeg-alpha: Corrupt JPEG data: premature end of data segment
03-02 11:15:58.034 15743 21410 D skia    : SkJpegCodec::onGetPixels -
03-02 11:15:58.072 15743 21410 D skia    : SkJpegCodec::onGetPixels + (682, 1024)
03-02 11:15:58.073 15743 21410 I DMABUFHEAPS: Using DMA-BUF heap named: mtk_mm
03-02 11:15:58.073 15743 21410 D skia    : stream getLength() not supported, use temp buffer for loading stream, buffer addr 0x793816a000 length 142613
03-02 11:15:58.074 15743 21410 D skia    : LoadInputStreamToMem va 0x793816a000  size 144896
03-02 11:15:58.075 15743 21410 D libjpeg-alpha: Huffman Builder run in subthread
03-02 11:15:58.078 15743 21416 D libjpeg-alpha: Corrupt JPEG data: 24090 extraneous bytes before marker 0xda
03-02 11:15:58.078 15743 21410 D libjpeg-alpha: Tile Decoder (#thread:4, size:512 256 256 340x512, alignment:256x16)
03-02 11:15:58.114 15743 21419 D libjpeg-alpha: Corrupt JPEG data: premature end of data segment
03-02 11:15:58.122 15743 21410 D skia    : SkJpegCodec::onGetPixels -
03-02 11:15:58.135 15743 15743 W Looper  : PerfMonitor doFrame : time=677ms vsyncFrame=19835493 latency=2ms procState=-1
03-02 11:15:58.153 15743 21410 D skia    : SkJpegCodec::onGetPixels + (683, 1024)
03-02 11:15:58.153 15743 21410 I DMABUFHEAPS: Using DMA-BUF heap named: mtk_mm
03-02 11:15:58.153 15743 21410 D skia    : stream getLength() not supported, use temp buffer for loading stream, buffer addr 0x7bed698000 length 86590
03-02 11:15:58.153 15743 21410 D skia    : LoadInputStreamToMem va 0x7bed698000  size 88832
03-02 11:15:58.154 15743 21410 D libjpeg-alpha: Huffman Builder run in subthread
03-02 11:15:58.155 15743 15743 D UserSceneDetector: invoke error.
03-02 11:15:58.157 15743 21174 I softnation.Ojam: NativeAlloc concurrent mark compact GC freed 15MB AllocSpace bytes, 111(3448KB) LOS objects, 66% free, 15MB/47MB, paused 1.493ms,6.561ms total 178.682ms
03-02 11:15:58.158 15743 15743 W Looper  : PerfMonitor doFrame : time=2ms vsyncFrame=19835495 latency=450ms procState=-1 historyMsgCount=51 (msgIndex=1 wall=677ms seq=808 late=2ms h=android.view.Choreographer$FrameHandler c=android.view.Choreographer$FrameDisplayEventReceiver)
03-02 11:15:58.158 15743 21422 D libjpeg-alpha: Corrupt JPEG data: 24740 extraneous bytes before marker 0xda
03-02 11:15:58.158 15743 21410 D libjpeg-alpha: Tile Decoder (#thread:4, size:512 256 256 341x512, alignment:256x16)
03-02 11:15:58.160 15743 15743 D Glide   : Finished loading BitmapDrawable from DATA_DISK_CACHE for https://sermon-sync.ojam.workers.dev/images/test-background-3.jpg with size [550x550] in 270.779154 ms
03-02 11:15:58.162   921  1166 I SurfaceFlinger: onHandleDestroyed: name=Surface(name=d000b49 Splash Screen com.softnation.Ojam#134012)/@0x5dca16f - animation-leash of starting_reveal#134023, layerId=134023, parentId=0
03-02 11:15:58.166 15743 15743 D Glide   : Finished loading BitmapDrawable from DATA_DISK_CACHE for https://sermon-sync.ojam.workers.dev/images/test-background-3.jpg with size [550x550] in 233.229231 ms
03-02 11:15:58.170 15743 15743 D Glide   : Finished loading BitmapDrawable from DATA_DISK_CACHE for https://sermon-sync.ojam.workers.dev/images/FB_IMG_1769020597451.jpg with size [550x550] in 267.404923 ms
03-02 11:15:58.171   921   921 I BufferQueueDebug: [Surface(name=d000b49 Splash Screen com.softnation.Ojam#134012)/@0x5dca16f - animation-leash of starting_reveal#134023](this:0xb400007bcec58f38,id:-1,api:0,p:-1,c:921) onDestructor()
03-02 11:15:58.176 15743 15743 D Glide   : Finished loading BitmapDrawable from DATA_DISK_CACHE for https://sermon-sync.ojam.workers.dev/images/FB_IMG_1769020597451.jpg with size [550x550] in 235.581539 ms
03-02 11:15:58.203 15743 21426 D libjpeg-alpha: Corrupt JPEG data: premature end of data segment
03-02 11:15:58.209 15743 21410 D skia    : SkJpegCodec::onGetPixels -
03-02 11:15:58.231 15743 21410 D skia    : SkJpegCodec::onGetPixels + (683, 1024)
03-02 11:15:58.231 15743 21410 I DMABUFHEAPS: Using DMA-BUF heap named: mtk_mm
03-02 11:15:58.231 15743 21410 D skia    : stream getLength() not supported, use temp buffer for loading stream, buffer addr 0x7be727e000 length 90317
03-02 11:15:58.231 15743 21410 D skia    : LoadInputStreamToMem va 0x7be727e000  size 92544
03-02 11:15:58.232 15743 21410 D libjpeg-alpha: Huffman Builder run in subthread
03-02 11:15:58.233 15743 21410 D libjpeg-alpha: Tile Decoder (#thread:4, size:512 256 256 341x512, alignment:256x16)
03-02 11:15:58.234 15743 21427 D libjpeg-alpha: Corrupt JPEG data: 22223 extraneous bytes before marker 0xda
03-02 11:15:58.268 15743 21431 D libjpeg-alpha: Corrupt JPEG data: premature end of data segment
03-02 11:15:58.270  1621  2986 D ActivityManager: getProcessesInErrorState callingUid=10383, CallingPid=13839
03-02 11:15:58.273 15743 21410 D skia    : SkJpegCodec::onGetPixels -
03-02 11:15:58.291 15743 15743 D Glide   : Finished loading BitmapDrawable from DATA_DISK_CACHE for https://sermon-sync.ojam.workers.dev/images/FB_IMG_1769020740814.jpg with size [550x550] in 380.936307 ms
03-02 11:15:58.291   849  1430 I hwcomposer: [HWC] (0)fire a callback of refresh to SF[4]  
03-02 11:15:58.293 15743 21410 I DMABUFHEAPS: Using DMA-BUF heap named: mtk_mm
03-02 11:15:58.294 15743 21410 D skia    : stream getLength() not supported, use temp buffer for loading stream, buffer addr 0x7937f16000 length 129018
03-02 11:15:58.294 15743 21410 D skia    : LoadInputStreamToMem va 0x7937f16000  size 131200
03-02 11:15:58.294 15743 15743 D Glide   : Finished loading BitmapDrawable from DATA_DISK_CACHE for https://sermon-sync.ojam.workers.dev/images/FB_IMG_1769020740814.jpg with size [550x550] in 345.55438499999997 ms
03-02 11:15:58.295 15743 21410 D libjpeg-alpha: Huffman Builder run in subthread
03-02 11:15:58.296 15743 21410 D libjpeg-alpha: Tile Decoder (#thread:4, size:256 256 256 312x368, alignment:256x16)
03-02 11:15:58.299 15743 15743 D Glide   : Finished loading BitmapDrawable from DATA_DISK_CACHE for https://sermon-sync.ojam.workers.dev/images/FB_IMG_1769020695132.jpg with size [550x550] in 380.497462 ms
03-02 11:15:58.301 15743 15743 D Glide   : Finished loading BitmapDrawable from DATA_DISK_CACHE for https://sermon-sync.ojam.workers.dev/images/FB_IMG_1769020695132.jpg with size [550x550] in 344.58853799999997 ms
03-02 11:15:58.311   849   849 I hwcomposer: [HWCDisplay] (0 updateFps():3667), (type:1, mode:2) fps:5.357203,dur:1119.99,max:543.00,min:18.19  
03-02 11:15:58.314   921   921 I MI-SF   : surfaceflinger setAffinity mode=1
03-02 11:15:58.315   921   921 E MI-SF   : surfaceflinger setAffinity success
03-02 11:15:58.315   921   921 I MI-SF   : surfaceflinger setreAffinity reTid=1207
03-02 11:15:58.315   921   921 E MI-SF   : surfaceflinger setAffinity success
03-02 11:15:58.319 15743 15743 D Glide   : Finished loading BitmapDrawable from DATA_DISK_CACHE for https://sermon-sync.ojam.workers.dev/images/second%20image.jpg with size [165x165] in 345.66738499999997 ms
03-02 11:15:58.322 15743 21410 I DMABUFHEAPS: Using DMA-BUF heap named: mtk_mm
03-02 11:15:58.322 15743 21410 D skia    : stream getLength() not supported, use temp buffer for loading stream, buffer addr 0x7be196c000 length 90617
03-02 11:15:58.322 15743 21410 D skia    : LoadInputStreamToMem va 0x7be196c000  size 92800
03-02 11:15:58.323 15743 21410 D libjpeg-alpha: Huffman Builder run in subthread
03-02 11:15:58.324 15743 21410 D libjpeg-alpha: Tile Decoder (#thread:4, size:512 256 256 342x512, alignment:256x16)
03-02 11:15:58.326 15743 15743 D Glide   : Finished loading BitmapDrawable from DATA_DISK_CACHE for http://localhost:8081/assets/?unstable_path=.%2Fassets%2Fimages/F.jpg?platform=android&hash=e8237b00aab882be9403cca3824a4900 with size [331x270] in 349.287077 ms
03-02 11:15:58.326 15743 21438 D libjpeg-alpha: Corrupt JPEG data: 20260 extraneous bytes before marker 0xda
03-02 11:15:58.330 15743 15743 D Glide   : Finished loading BitmapDrawable from DATA_DISK_CACHE for http://localhost:8081/assets/?unstable_path=.%2Fassets%2Fimages/F.jpg?platform=android&hash=e8237b00aab882be9403cca3824a4900 with size [331x270] in 315.837846 ms
03-02 11:15:58.334 15743 15743 D Glide   : Finished loading BitmapDrawable from DATA_DISK_CACHE for http://localhost:8081/assets/?unstable_path=.%2Fassets%2Fimages/F.jpg?platform=android&hash=e8237b00aab882be9403cca3824a4900 with size [331x270] in 291.70061599999997 ms
03-02 11:15:58.335   921   921 I BufferQueueProducer: [com.softnation.Ojam/com.softnation.Ojam.MainActivity#134020](this:0xb400007bcec5ea58,id:-1,api:0,p:-1,c:921) queueBuffer: fps=2.61 dur=1147.30 max=925.75 min=38.68
03-02 11:15:58.338 15743 15743 D Glide   : Finished loading BitmapDrawable from DATA_DISK_CACHE for http://localhost:8081/assets/?unstable_path=.%2Fassets%2Fimages/F.jpg?platform=android&hash=e8237b00aab882be9403cca3824a4900 with size [331x270] in 280.407308 ms
03-02 11:15:58.339   921   921 I MI-SF   : surfaceflinger setAffinity mode=0
03-02 11:15:58.339   921   921 E MI-SF   : surfaceflinger setAffinity success
03-02 11:15:58.375 15743 21442 D libjpeg-alpha: Corrupt JPEG data: premature end of data segment
03-02 11:15:58.381 15743 15743 D Glide   : Finished loading BitmapDrawable from DATA_DISK_CACHE for https://sermon-sync.ojam.workers.dev/images/default.jpg with size [165x165] in 390.599 ms
03-02 11:15:58.394 15743 21410 I DMABUFHEAPS: Using DMA-BUF heap named: mtk_mm
03-02 11:15:58.394 15743 21410 D skia    : stream getLength() not supported, use temp buffer for loading stream, buffer addr 0x7bde9fa000 length 113251
03-02 11:15:58.395 15743 21410 D skia    : LoadInputStreamToMem va 0x7bde9fa000  size 115456
03-02 11:15:58.395 15743 21410 D libjpeg-alpha: Huffman Builder run in subthread
03-02 11:15:58.396 15743 21410 D libjpeg-alpha: Tile Decoder (#thread:4, size:512 256 256 341x512, alignment:256x16)
03-02 11:15:58.397 15743 21445 D libjpeg-alpha: Corrupt JPEG data: 22830 extraneous bytes before marker 0xda
03-02 11:15:58.398 15743 15743 D Glide   : Finished loading BitmapDrawable from DATA_DISK_CACHE for http://localhost:8081/assets/?unstable_path=.%2Fassets%2Fimages/SS.jpg?platform=android&hash=2dfef26f4145b3236ef066a06ed696ba with size [323x283] in 400.377616 ms
