03-02 11:15:53.848 21285 21323 D WM-GreedyScheduler: Ignoring {WorkSpec: 27b5d8d1-9557-4345-89d9-c117e7b387a0}. Requires device idle.
03-02 11:15:53.849 21285 21323 D WM-GreedyScheduler: Starting work for a73b6d7c-9dca-4661-914e-870a9d94930a
03-02 11:15:53.849 21285 21323 D WM-GreedyScheduler: Starting tracking for ccfceafa-31cc-4a70-87a3-17e1ee119758,099d8756-8579-49df-9f40-836b2e21b1d5,ea5e131f-70da-47f5-8af6-c0a69fd42816
03-02 11:15:53.970  2350  2350 W Settings: Setting airplane_mode_on has moved from android.provider.Settings.System to android.provider.Settings.Global, returning read-only value.
03-02 11:15:53.973  2350  2350 W Settings: Setting airplane_mode_on has moved from android.provider.Settings.System to android.provider.Settings.Global, returning read-only value.
03-02 11:15:53.979  2350 29580 D NetworkSpeedTracker: updateSignalInfo lteRsrp=-75lteSnr=18,phoneId=1
03-02 11:15:53.984  2350 29580 D NetworkSpeedTracker: updateSignalInfo lteRsrp=-75lteSnr=18,phoneId=1
03-02 11:15:54.004  1621  1631 I system_server: Background young concurrent mark compact GC freed 9622KB AllocSpace bytes, 12(240KB) LOS objects, 19% free, 143MB/178MB, paused 2.979ms,16.703ms total 316.886ms
03-02 11:15:54.113  1201  1298 D AALService: [CRTC_114] onALIChanged: 25 -> 22
03-02 11:15:54.217 15743 15743 D ScrollerOptimizationManager: registerConfigChangedListener
03-02 11:15:54.219 15743 15743 W libc    : Access denied finding property "ro.vendor.mi_sf.new_dynamic_refresh_rate"
03-02 11:15:54.219 15743 15743 D SplineOverScroller: dynamic params is false
03-02 11:15:54.220 15743 15743 I softnation.Ojam: hiddenapi: Accessing hidden field Landroid/widget/HorizontalScrollView;->mScroller:Landroid/widget/OverScroller; (runtime_flags=0, domain=platform, api=unsupported) from Lcom/facebook/react/views/scroll/ReactHorizontalScrollView; (domain=app, TargetSdkVersion=36) using reflection: allowed
03-02 11:15:54.266  1621  4764 D ActivityManager: getProcessesInErrorState callingUid=10383, CallingPid=13839
03-02 11:15:54.395 15743 15743 D ScrollerOptimizationManager: registerConfigChangedListener
03-02 11:15:54.440  1621  1621 D UiModeManager: updateConfigurationLocked: mDockState=0; mCarMode=false; mCar=false; mPowerSave=false; mOverrideNightModeOn=false; mOverrideNightModeOff=false; mComputedNightMode=true; mNightModeValue=2; uiMode=42
03-02 11:15:54.444  6027  6027 I PowerSaveService: onReceive: android.intent.action.BATTERY_CHANGED
03-02 11:15:54.445  6515  8177 D PowerCheckerService: onBatteryChanged, mBatteryLevel = 43, status = 2, level = 43, plug = 2, scale = 100
03-02 11:15:54.446  6515  6997 I ProcAudioPowerManager: onBatteryChanged, onBattery is false
03-02 11:15:54.446  6515  6997 D PowerKeeper.FrozenApp: onBatteryChanged plug=true mBatteryPlugged=2
03-02 11:15:54.446  6515  8142 D PowerKeeper.Thermal: mBatteryTemperature: 40
03-02 11:15:54.446  6027  6027 I PowerNoticeUI: handleBatteryChanged oldPlugType 2 mPlugType 2 oldBatteryLevel 43 mBatteryLevel 43 temperature 400
03-02 11:15:54.446  6027  6027 I ChargerBatteryIntelligenceReceiver: onBatteryChanged temperature∩╝Ü40,plugType:2
03-02 11:15:54.447  6027  6027 D BaseChargeProtect_HighTemp: mCountByMinute:0,isScreenOn:true
03-02 11:15:54.449  6027  6027 I android_os_HwBinder: HwBinder: Starting thread pool for getting: vendor.xiaomi.hardware.micharge@1.0::IMiCharge/default
03-02 11:15:54.454   872 24120 I vendor.xiaomi.hardware.micharge@1.0-service: ReadFilePathValue path = /sys/class/power_supply/usb/real_type value = USB
03-02 11:15:54.455  6027  6027 I IMiChargeUtils: getIMiChargeStringValue method:getBatteryChargeType,value:USB
03-02 11:15:54.456  6027  6027 I IMiChargeUtils: getBatteryChargeType : USB
03-02 11:15:54.456  6027  6027 I ChargeTimeUtilsV2: chargeType:USB
03-02 11:15:54.456  6027  6027 I PowerFeatureUtils: getVendorName:mediatek
03-02 11:15:54.456  6027  6027 I PowerFeatureUtils: getVendorName:mediatek
03-02 11:15:54.484   861   947 I libPerfCtl: xgfGetFPS pid:2363 fps:-1
03-02 11:15:54.495 15743 21250 W unknown:ReactNative: StatusBarModule: Ignored status bar change, current activity is edge-to-edge.
03-02 11:15:54.496 15743 21250 W unknown:ReactNative: StatusBarModule: Ignored status bar change, current activity is edge-to-edge.
03-02 11:15:54.515  1621  4764 D AS.BtHelper: isBluetoothScoOn() mBluetoothHeadset is null: falsemBluetoothHeadsetDevice is null: true
03-02 11:15:54.515  1621  4764 V AS.AudioDeviceBroker: requestedCommunicationDevice: null mAudioModeOwner: AudioModeInfo: mMode=MODE_NORMAL, mPid=0, mUid=0
03-02 11:15:54.516  1621  4764 D AS.BtHelper: isBluetoothScoOn() mBluetoothHeadset is null: falsemBluetoothHeadsetDevice is null: true
03-02 11:15:54.516  1621  4764 V AS.AudioDeviceBroker: requestedCommunicationDevice: null mAudioModeOwner: AudioModeInfo: mMode=MODE_NORMAL, mPid=0, mUid=0
03-02 11:15:54.543 15743 15743 D ScrollerOptimizationManager: registerConfigChangedListener
03-02 11:15:54.555 15743 15743 D ScrollerOptimizationManager: registerConfigChangedListener
03-02 11:15:54.556 15743 15743 I softnation.Ojam: hiddenapi: Accessing hidden field Landroid/widget/ScrollView;->mScroller:Landroid/widget/OverScroller; (runtime_flags=0, domain=platform, api=unsupported) from Lcom/facebook/react/views/scroll/ReactScrollView; (domain=app, TargetSdkVersion=36) using reflection: allowed
03-02 11:15:54.557  1621  4764 D ActivityManager: getProcessesInErrorState callingUid=10126, CallingPid=18142
03-02 11:15:54.567   863   910 D power@timer: [mtkPowerTimer] visRead:0
03-02 11:15:54.663 15743 15743 W [RNScreens]: backTitleVisible prop is not available on Android
03-02 11:15:54.664 15743 15743 W [RNScreens]: backTitleFontFamily prop is not available on Android
03-02 11:15:54.664 15743 15743 W [RNScreens]: disableBackButtonMenu prop is not available on Android
03-02 11:15:54.664 15743 15743 W [RNScreens]: largeTitleFontFamily prop is not available on Android
03-02 11:15:54.664 15743 15743 W [RNScreens]: largeTitleFontWeight prop is not available on Android
03-02 11:15:54.664 15743 15743 W [RNScreens]: largeTitleHideShadow prop is not available on Android
03-02 11:15:54.698 15743 15743 I ReactNative: [GESTURE HANDLER] Initialize gesture handler for root view com.facebook.react.runtime.ReactSurfaceView{18def07 V.E...... ......ID 0,0-1080,2460 #1}
03-02 11:15:54.700 18142 18367 I BatteryEventDispatcherImpl: [_waitingForDispatchEvent] processing BatteryEventDispatcherImpl$DispatchEvent$OnPollTimeout
03-02 11:15:54.747 15743 21250 I MediaController: Init 25d0083 [AndroidXMedia3/1.8.0] [tides, 2404ARN45A, Xiaomi, 35]
03-02 11:15:54.778  1621  1922 I SmartPower: com.whatsapp/10300(31638): background->idle(3002ms) R(broadcast start Intent { act=android.intent.action.BATTERY_CHANGED flg=0x60000010 (has extras) }) adj=900.
03-02 11:15:54.779  1621  1922 I SmartPower: com.instagram.android/10301(17840): background->idle(3002ms) R(broadcast start Intent { act=android.intent.action.BATTERY_CHANGED flg=0x60000010 (has extras) }) adj=905.
03-02 11:15:54.779  1621  1922 I SmartPower: com.facebook.stella/10126(18142): background->idle(3001ms) R(broadcast start Intent { act=android.intent.action.BATTERY_CHANGED flg=0x60000010 (has extras) }) adj=915.
03-02 11:15:54.855 15743 21346 D nativeloader: Load /data/app/~~Bh61wenJZi6JNVEuOkVQfQ==/com.softnation.Ojam-nnCVAdHxKfOmup5FCuBDYQ==/base.apk!/lib/arm64-v8a/libimagepipeline.so using class loader ns clns-7 (caller=/data/app/~~Bh61wenJZi6JNVEuOkVQfQ==/com.softnation.Ojam-nnCVAdHxKfOmup5FCuBDYQ==/base.apk!classes20.dex): ok
03-02 11:15:54.937 21285 21316 D WM-Processor: WorkerWrapper interrupted for ccfceafa-31cc-4a70-87a3-17e1ee119758
03-02 11:15:54.937 21285 21316 D WM-StopWorkRunnable: StopWorkRunnable for ccfceafa-31cc-4a70-87a3-17e1ee119758; Processor.stopWork = true
03-02 11:15:54.939 21285 21320 D WM-Processor: sci: processing WorkGenerationalId(workSpecId=ccfceafa-31cc-4a70-87a3-17e1ee119758, generation=0)
03-02 11:15:54.942 21285 21316 D WM-WorkerWrapper: Status for ccfceafa-31cc-4a70-87a3-17e1ee119758 is ENQUEUED; not doing any work and rescheduling for later execution
03-02 11:15:54.944 21285 21285 D WM-Processor: sci ccfceafa-31cc-4a70-87a3-17e1ee119758 executed; reschedule = true
03-02 11:15:54.945 21285 21285 D WM-SystemJobService: ccfceafa-31cc-4a70-87a3-17e1ee119758 executed on JobScheduler
03-02 11:15:54.945 21285 21285 D WM-GreedyScheduler: Stopping tracking for WorkGenerationalId(workSpecId=ccfceafa-31cc-4a70-87a3-17e1ee119758, generation=0)
03-02 11:15:54.946  1621  2197 I whetstone.activity: Power Event callback listener is empty for resId=256
03-02 11:15:54.946  1621  2197 D BatteryStatsManagerStub: notifyEvent for resId=256 used 0ms
03-02 11:15:54.946 21285 21320 D WM-Processor: sci: processing WorkGenerationalId(workSpecId=a73b6d7c-9dca-4661-914e-870a9d94930a, generation=0)
03-02 11:15:54.951 21285 21320 D MddListenableWorkerFactory: createWorker for class: com.google.android.libraries.communications.mobileconfiguration.sync.SyncWorker
03-02 11:15:54.957 21285 21285 D WM-WorkerWrapper: Starting work for com.google.android.libraries.communications.mobileconfiguration.sync.SyncWorker
03-02 11:15:54.959 21285 21285 I SyncHelper: [4dfe163b-ff40-494c-87db-27ff3de54a8a] sync started, workRequestId:ccfceafa-31cc-4a70-87a3-17e1ee119758
03-02 11:15:54.965   921   921 I BufferQueueProducer: [StatusBar#109](this:0xb400007bcec4ab68,id:-1,api:0,p:-1,c:921) queueBuffer: fps=0.25 dur=4012.10 max=4012.10 min=4012.10
03-02 11:15:54.968   849   849 I hwcomposer: [HWCDisplay] (0 updateFps():3667), (type:1, mode:2) fps:2.554730,dur:2740.02,max:1932.61,min:24.32  
03-02 11:15:54.970   921   921 I MI-SF   : surfaceflinger setAffinity mode=0
03-02 11:15:54.971   921   921 E MI-SF   : surfaceflinger setAffinity success
03-02 11:15:54.974 21285 21324 D WM-GreedyScheduler: Cancelling work ID ccfceafa-31cc-4a70-87a3-17e1ee119758
03-02 11:15:54.976 21285 21338 I SyncHelper: [4dfe163b-ff40-494c-87db-27ff3de54a8a] configValidity: PT24H12S, durationSinceLastUpdate: PT4H5M50.815S, batchSyncConfigExpireInterval: PT24H, shouldSync: true
03-02 11:15:54.977 21285 21338 I SyncHelper: [4dfe163b-ff40-494c-87db-27ff3de54a8a] configValidity: PT4H9M17S, durationSinceLastUpdate: PT4H5M50.818S, batchSyncConfigExpireInterval: PT24H, shouldSync: true
03-02 11:15:54.978 21285 21338 I SyncHelper: [4dfe163b-ff40-494c-87db-27ff3de54a8a] configValidity: PT4H1M34S, durationSinceLastUpdate: PT4H5M50.819S, batchSyncConfigExpireInterval: PT24H, shouldSync: true
03-02 11:15:54.979 21285 21338 I SyncHelper: [4dfe163b-ff40-494c-87db-27ff3de54a8a] configValidity: PT120H40M11S, durationSinceLastUpdate: PT26H31M32.541S, batchSyncConfigExpireInterval: PT24H, shouldSync: false
03-02 11:15:54.980 21285 21338 I SyncHelper: [4dfe163b-ff40-494c-87db-27ff3de54a8a] configValidity: PT4H14M50S, durationSinceLastUpdate: PT4H5M50.821S, batchSyncConfigExpireInterval: PT24H, shouldSync: true
03-02 11:15:54.981 21285 21338 I SyncHelper: [4dfe163b-ff40-494c-87db-27ff3de54a8a] configValidity: PT25H16M6S, durationSinceLastUpdate: PT4H5M50.822S, batchSyncConfigExpireInterval: PT24H, shouldSync: true
03-02 11:15:54.982 21285 21338 I SyncHelper: [4dfe163b-ff40-494c-87db-27ff3de54a8a] configValidity: PT4H1M48S, durationSinceLastUpdate: PT4H5M50.823S, batchSyncConfigExpireInterval: PT24H, shouldSync: true
03-02 11:15:54.983 21285 21338 I SyncHelper: [4dfe163b-ff40-494c-87db-27ff3de54a8a] configValidity: PT4H6M5S, durationSinceLastUpdate: PT4H5M50.824S, batchSyncConfigExpireInterval: PT24H, shouldSync: true
03-02 11:15:54.984 21285 21338 I SyncHelper: [4dfe163b-ff40-494c-87db-27ff3de54a8a] configValidity: PT4H16M39S, durationSinceLastUpdate: PT4H5M50.826S, batchSyncConfigExpireInterval: PT24H, shouldSync: true
03-02 11:15:54.995 15743 21348 D nativeloader: Load /data/app/~~Bh61wenJZi6JNVEuOkVQfQ==/com.softnation.Ojam-nnCVAdHxKfOmup5FCuBDYQ==/base.apk!/lib/arm64-v8a/libnative-imagetranscoder.so using class loader ns clns-7 (caller=/data/app/~~Bh61wenJZi6JNVEuOkVQfQ==/com.softnation.Ojam-nnCVAdHxKfOmup5FCuBDYQ==/base.apk!classes20.dex): ok
03-02 11:15:55.002 15743 21350 D skia    : SkJpegCodec::onGetPixels + (1080, 1447)
03-02 11:15:55.003 15743 21350 I DMABUFHEAPS: Using DMA-BUF heap named: mtk_mm
03-02 11:15:55.003 15743 21349 D skia    : SkJpegCodec::onGetPixels + (1365, 2048)
03-02 11:15:55.004 15743 21350 D skia    : stream getLength() not supported, use temp buffer for loading stream, buffer addr 0x7bd4961000 length 129018
03-02 11:15:55.005 15743 21350 D skia    : LoadInputStreamToMem va 0x7bd4961000  size 131200
03-02 11:15:55.006 15743 21349 I DMABUFHEAPS: Using DMA-BUF heap named: mtk_mm
03-02 11:15:55.006 15743 21349 D skia    : stream getLength() not supported, use temp buffer for loading stream, buffer addr 0x7bed62a000 length 114202
03-02 11:15:55.007 15743 21350 D libjpeg-alpha: Huffman Builder run in subthread
03-02 11:15:55.008 15743 21349 D skia    : LoadInputStreamToMem va 0x7bed62a000  size 116480
03-02 11:15:55.010 15743 21349 D libjpeg-alpha: Huffman Builder run in subthread
03-02 11:15:55.012 15743 21350 D libjpeg-alpha: Tile Decoder (#thread:4, size:256 256 256 312x368, alignment:256x16)
03-02 11:15:55.013 15743 21349 D libjpeg-alpha: Tile Decoder (#thread:4, size:512 256 256 341x512, alignment:256x16)
03-02 11:15:55.017 15743 21352 D libjpeg-alpha: Corrupt JPEG data: 31326 extraneous bytes before marker 0xda
03-02 11:15:55.022 15743 15743 W Looper  : PerfMonitor doFrame : time=520ms vsyncFrame=19835438 latency=1ms procState=-1
03-02 11:15:55.029 15743 21355 D skia    : SkJpegCodec::onGetPixels + (1365, 2048)
03-02 11:15:55.029 15743 21355 I DMABUFHEAPS: Using DMA-BUF heap named: mtk_mm
03-02 11:15:55.032 21285 21338 I CronetEngineBuilderFact: Found Cronet providers: Google-Play-Services-Cronet-Provider, App-Packaged-Cronet-Provider, Fallback-Cronet-Provider
03-02 11:15:55.037 21285 21338 D HttpFlagsLoader: Found application exporting HTTP flags: com.google.android.gms
03-02 11:15:55.038 21285 21338 D HttpFlagsLoader: HTTP flags file path: /data/user_de/0/com.google.android.gms/app_httpflags/flags.binarypb
03-02 11:15:55.044 21285 21338 I HttpFlagsLoader: HTTP flags log line (Impl): Using live production flag values from Google
03-02 11:15:55.045  1621  1918 E HyperSentinel: -------------------------------------------------------
03-02 11:15:55.045 21285 21338 I CronetEngineBuilderFact: Selected Cronet provider is App-Packaged-Cronet-Provider, version 145.0.7582.0
03-02 11:15:55.045  1621  1918 E HyperSentinel: Event_ThreadAmount
03-02 11:15:55.046  1621  1918 E HyperSentinel: -> audit event by proc 15743 "usap64": running threads amount, 45 -> 78
03-02 11:15:55.046  1621  2197 D MiuiRefreshRatePolicy: reset
03-02 11:15:55.052 15743 15743 D VRI[MainActivity]: vri.reportNextDraw android.view.ViewRootImpl.performTraversals:4984 android.view.ViewRootImpl.doTraversal:3564 android.view.ViewRootImpl$TraversalRunnable.run:11781 android.view.Choreographer$CallbackRecord.run:1804 android.view.Choreographer$CallbackRecord.run:1813 
03-02 11:15:55.053  1621  1917 D MiuiSentinelService: begin judgment ThreadAmountLeakException
03-02 11:15:55.053  1621  1917 E MiuiSentinelMemoryManager: getThreadinfo: usap64#15743
03-02 11:15:55.053 15743 15743 W Looper  : PerfMonitor doFrame : time=26ms vsyncFrame=19835440 latency=332ms procState=-1 historyMsgCount=32 (msgIndex=1 wall=520ms seq=583 late=1ms h=android.view.Choreographer$FrameHandler c=android.view.Choreographer$FrameDisplayEventReceiver)
03-02 11:15:55.053  1999  1999 D TouchInteractionService: onSystemUiFlagsChanged, mSystemUiStateFlags=10000000
03-02 11:15:55.059  1621  1621 D UiModeManager: updateConfigurationLocked: mDockState=0; mCarMode=false; mCar=false; mPowerSave=false; mOverrideNightModeOn=false; mOverrideNightModeOff=false; mComputedNightMode=true; mNightModeValue=2; uiMode=42
03-02 11:15:55.067  6027  6027 I PowerSaveService: onReceive: android.intent.action.BATTERY_CHANGED
03-02 11:15:55.067 15743 21355 D skia    : stream getLength() not supported, use temp buffer for loading stream, buffer addr 0x7be14c0000 length 115924
03-02 11:15:55.068 15743 21355 D skia    : LoadInputStreamToMem va 0x7be14c0000  size 118144
03-02 11:15:55.069 15743 21355 D libjpeg-alpha: Huffman Builder run in subthread
03-02 11:15:55.070  6027  6027 I PowerNoticeUI: handleBatteryChanged oldPlugType 2 mPlugType 2 oldBatteryLevel 43 mBatteryLevel 43 temperature 400
03-02 11:15:55.070  6027  6027 I ChargerBatteryIntelligenceReceiver: onBatteryChanged temperature∩╝Ü40,plugType:2
03-02 11:15:55.070  6027  6027 D BaseChargeProtect_HighTemp: mCountByMinute:0,isScreenOn:true
03-02 11:15:55.070  1621  2197 D ConnectivityService: requestNetwork for uid/pid:10167/21285 activeRequest: null callbackRequest: 242462 [NetworkRequest [ TRACK_DEFAULT id=242463, [ Capabilities: INTERNET&NOT_RESTRICTED&TRUSTED&NOT_VCN_MANAGED&NOT_BANDWIDTH_CONSTRAINED Uid: 10167 RequestorUid: 10167 RequestorPkg: com.google.android.apps.messaging UnderlyingNetworks: Null] ], NetworkRequest [ REQUEST id=242464, [ Transports: SATELLITE Capabilities: INTERNET&TRUSTED&NOT_VCN_MANAGED Uid: 10167 RequestorUid: 10167 RequestorPkg: com.google.android.apps.messaging UnderlyingNetworks: Null] ]] callback flags: 0 order: 2147483647 isUidTracked: false declaredMethods: AVAIL|LOST|NC|LP
03-02 11:15:55.071  6515  6997 I ProcAudioPowerManager: onBatteryChanged, onBattery is false
03-02 11:15:55.072  6515  6997 D PowerKeeper.FrozenApp: onBatteryChanged plug=true mBatteryPlugged=2
03-02 11:15:55.072  6515  8177 D PowerCheckerService: onBatteryChanged, mBatteryLevel = 43, status = 2, level = 43, plug = 2, scale = 100
03-02 11:15:55.072  6515  8142 D PowerKeeper.Thermal: mBatteryTemperature: 40
03-02 11:15:55.074 15743 21355 D libjpeg-alpha: Tile Decoder (#thread:4, size:512 256 256 341x512, alignment:256x16)
03-02 11:15:55.074  1621  1856 D ConnectivityService: NetReassign [242463 : null ΓåÆ 255] [c 0] [a 1] [i 1]
03-02 11:15:55.076  1621  1651 I ActivityTaskManager: visible for Task{7900b11 #37036 type=standard A=10337:com.softnation.Ojam} visible = true isAnimating = false TRANSITION = false PARENTS = false CHILDREN = false
03-02 11:15:55.079  6027  6027 I android_os_HwBinder: HwBinder: Starting thread pool for getting: vendor.xiaomi.hardware.micharge@1.0::IMiCharge/default
03-02 11:15:55.081 21285 21324 D WM-SystemJobScheduler: Scheduling work ID 78372ab7-b011-43a3-89a3-457f47bc1baaJob ID 2621
03-02 11:15:55.081  1621  1856 D ConnectivityService: NetReassign [no changes] [c 1] [a 0] [i 2]
03-02 11:15:55.081   872 24120 I vendor.xiaomi.hardware.micharge@1.0-service: ReadFilePathValue path = /sys/class/power_supply/usb/real_type value = USB
03-02 11:15:55.087   849  1430 I hwcomposer: [HWC] (0)fire a callback of refresh to SF[4]  
03-02 11:15:55.087 21285 21324 D WM-GreedyScheduler: Ignoring {WorkSpec: 8717a412-f994-46ae-975b-cd003c8532bc}. Requires ContentUri triggers.
03-02 11:15:55.087  6027  6027 I IMiChargeUtils: getIMiChargeStringValue method:getBatteryChargeType,value:USB
03-02 11:15:55.087  6027  6027 I IMiChargeUtils: getBatteryChargeType : USB
03-02 11:15:55.087  6027  6027 I ChargeTimeUtilsV2: chargeType:USB
03-02 11:15:55.088  6027  6027 I PowerFeatureUtils: getVendorName:mediatek
03-02 11:15:55.088  6027  6027 I PowerFeatureUtils: getVendorName:mediatek
03-02 11:15:55.089 15743 21365 D libjpeg-alpha: Corrupt JPEG data: 33397 extraneous bytes before marker 0xda
03-02 11:15:55.091 21285 21324 D WM-GreedyScheduler: Ignoring {WorkSpec: 98a04891-24d2-4081-bb45-ba7719e0735c}. Requires device idle.
03-02 11:15:55.091 21285 21324 D WM-GreedyScheduler: Ignoring {WorkSpec: 338fec05-6d8b-4992-a379-eebbda50a3a3}. Requires ContentUri triggers.
03-02 11:15:55.091 21285 21324 D WM-GreedyScheduler: Ignoring {WorkSpec: df1c704e-3534-4090-a02c-273d9415ebb0}. Requires device idle.
03-02 11:15:55.091 21285 21324 D WM-GreedyScheduler: Ignoring {WorkSpec: 27b5d8d1-9557-4345-89d9-c117e7b387a0}. Requires device idle.
03-02 11:15:55.091 21285 21324 D WM-GreedyScheduler: Starting tracking for 099d8756-8579-49df-9f40-836b2e21b1d5,ea5e131f-70da-47f5-8af6-c0a69fd42816
03-02 11:15:55.096 15743 15743 I ExoPlayerImpl: Init f9280e8 [AndroidXMedia3/1.8.0] [tides, 2404ARN45A, Xiaomi, 35]
03-02 11:15:55.099 21285 21338 D nativeloader: Load /data/app/~~DxK2nGfhhcv-AcgcR0mPBg==/com.google.android.apps.messaging-KsCUQMGiYgM5NZ8617r_Dw==/split_config.arm64_v8a.apk!/lib/arm64-v8a/libcronet.145.0.7582.0.so using class loader ns clns-8 (caller=/data/app/~~DxK2nGfhhcv-AcgcR0mPBg==/com.google.android.apps.messaging-KsCUQMGiYgM5NZ8617r_Dw==/base.apk!classes6.dex): ok
03-02 11:15:55.100 21285 21324 D MddListenableWorkerFactory: createWorker for class: com.google.android.apps.messaging.shared.datamodel.workqueue.WorkQueueWorkerShim
03-02 11:15:55.111   921   921 I BufferQueueProducer: [FramebufferSurface](this:0xb400007d8e9dff50,id:-1,api:1,p:921,c:921) queueBuffer: fps=0.76 dur=2627.88 max=2076.34 min=551.54
03-02 11:15:55.114 21285 21338 I cn_CronetLibraryLoader: Cronet version: 145.0.7582.0, arch: aarch64
03-02 11:15:55.115   921   921 I MI-SF   : surfaceflinger setAffinity mode=1
03-02 11:15:55.115   921   921 E MI-SF   : surfaceflinger setAffinity success
03-02 11:15:55.115   921   921 I MI-SF   : surfaceflinger setreAffinity reTid=1207
03-02 11:15:55.115   921   921 E MI-SF   : surfaceflinger setAffinity success
03-02 11:15:55.125 21285 21338 I RpcModule: Number of headers in RPC request: 3
03-02 11:15:55.132 21285 21285 D WM-WorkerWrapper: Starting work for com.google.android.apps.messaging.shared.datamodel.workqueue.WorkQueueWorkerShim
03-02 11:15:55.139 21285 21338 I RpcManager: [4dfe163b-ff40-494c-87db-27ff3de54a8a] making getConfiguration request, workRequestId:ccfceafa-31cc-4a70-87a3-17e1ee119758, androidId:3565260620579829018
03-02 11:15:55.145 21285 21324 D WM-ConstraintTracker: sgo: initial state = true
03-02 11:15:55.146 21285 21324 D WM-BrdcstRcvrCnstrntTrc: sgo: registering receiver
03-02 11:15:55.154 21285 21332 D WM-ConstraintTracker: sgq: initial state = true
03-02 11:15:55.156 15743 21357 D libjpeg-alpha: Corrupt JPEG data: bad Huffman code
03-02 11:15:55.158 15743 21350 D skia    : SkJpegCodec::onGetPixels -
03-02 11:15:55.167 21285 21332 D WM-BrdcstRcvrCnstrntTrc: sgq: registering receiver
03-02 11:15:55.194 15743 15743 I softnation.Ojam: hiddenapi: Accessing hidden method Landroid/media/AudioTrack;->getLatency()I (runtime_flags=0, domain=platform, api=unsupported) from Landroidx/media3/exoplayer/audio/AudioTrackPositionTracker; (domain=app, TargetSdkVersion=36) using reflection: allowed
03-02 11:15:55.204 21285 21298 W .apps.messaging: userfaultfd: MOVE ioctl seems unsupported: Connection timed out
03-02 11:15:55.207 15743 21249 I ReactNativeJS: [DownloadsContext] Loaded downloads and reconciled local files
03-02 11:15:55.210  1177  1177 I thermal_src: recvmsg_expect 5, but get 2 
03-02 11:15:55.210  1177  1177 V thermal_src: TA_DAEMON_CMD_GET_TPCB:ERROR ret=-1
03-02 11:15:55.210  1177  1177 E thermal_src: get_tpcb_from_kernel:error -1. retry...
03-02 11:15:55.210  1177  1177 I thermal_src: recvmsg_expect 5, but get 2 
03-02 11:15:55.211  1177  1177 V thermal_src: TA_DAEMON_CMD_GET_TPCB:ERROR ret=-1
03-02 11:15:55.211  1177  1177 E thermal_src: get_tpcb_from_kernel:error -1. retry...
03-02 11:15:55.211  1177  1177 I thermal_src: recvmsg_expect 5, but get 2 
03-02 11:15:55.211  1177  1177 V thermal_src: TA_DAEMON_CMD_GET_TPCB:ERROR ret=-1
03-02 11:15:55.211  1177  1177 E thermal_src: get_tpcb_from_kernel:error -1. retry...
03-02 11:15:55.211  1177  1177 I thermal_src: recvmsg_expect 4, but get 5 
03-02 11:15:55.211  1177  1177 V thermal_src: TA_DAEMON_CMD_SET_TTJ:ERROR ret=-1
03-02 11:15:55.211  1177  1177 E thermal_src: set_ttj_to_kernel 1:error -1
03-02 11:15:55.211  1177  1177 I thermal_src: recvmsg_expect 2, but get 5 
03-02 11:15:55.211  1177  1177 V thermal_src: waiting NOTIFY from kernel miss, -1
03-02 11:15:55.211  1177  1177 I thermal_src: recvmsg_expect 2, but get 5 
03-02 11:15:55.211  1177  1177 V thermal_src: waiting NOTIFY from kernel miss, -1
03-02 11:15:55.211  1177  1177 I thermal_src: recvmsg_expect 2, but get 4 
03-02 11:15:55.211  1177  1177 V thermal_src: waiting NOTIFY from kernel miss, -1
03-02 11:15:55.221 21285 21324 D WM-ConstraintTracker: sgz: initial state = NetworkState(isConnected=true, isValidated=true, isMetered=true, isNotRoaming=true, isBlocked=false)
03-02 11:15:55.222 21285 21324 D WM-NetworkStateTracker: Registering network callback
03-02 11:15:55.230  1621  4764 D ConnectivityService: requestNetwork for uid/pid:10167/21285 activeRequest: null callbackRequest: 242466 [NetworkRequest [ TRACK_DEFAULT id=242467, [ Capabilities: INTERNET&NOT_RESTRICTED&TRUSTED&NOT_VCN_MANAGED&NOT_BANDWIDTH_CONSTRAINED Uid: 10167 RequestorUid: 10167 RequestorPkg: com.google.android.apps.messaging UnderlyingNetworks: Null] ], NetworkRequest [ REQUEST id=242468, [ Transports: SATELLITE Capabilities: INTERNET&TRUSTED&NOT_VCN_MANAGED Uid: 10167 RequestorUid: 10167 RequestorPkg: com.google.android.apps.messaging UnderlyingNetworks: Null] ]] callback flags: 0 order: 2147483647 isUidTracked: false declaredMethods: AVAIL|LOST|NC|BLK
03-02 11:15:55.231 17840 18081 E msys    : E[N mns]_OnDiskCacheGetData(632)=>Start post callback cache refresh DNS resolution
03-02 11:15:55.240  1621  1856 D ConnectivityService: NetReassign [242467 : null ΓåÆ 255] [c 0] [a 2] [i 6]
03-02 11:15:55.243 17840 18081 E msys    : E[N mns]_LogError(228)=>Failed to resolve using system DNS resolver, getaddrinfo(): No address associated with hostname
03-02 11:15:55.243 17840 18081 E msys    : E[N mns]_OnDiskCacheGetData(632)=>Start post callback cache refresh DNS resolution
03-02 11:15:55.248 17840 18081 E msys    : E[N mns]_LogError(228)=>Failed to resolve using system DNS resolver, getaddrinfo(): No address associated with hostname
03-02 11:15:55.249 21285 21385 D WM-NetworkStateTracker: Network capabilities changed: [ Transports: CELLULAR Capabilities: INTERNET&NOT_RESTRICTED&TRUSTED&NOT_VPN&VALIDATED&NOT_ROAMING&FOREGROUND&NOT_CONGESTED&NOT_SUSPENDED&NOT_VCN_MANAGED&NOT_BANDWIDTH_CONSTRAINED LinkUpBandwidth>=14Kbps LinkDnBandwidth>=14Kbps Specifier: <TelephonyNetworkSpecifier [mSubId = 2]> SubscriptionIds: {2} UnderlyingNetworks: Null]
03-02 11:15:55.253 21285 21385 D WM-NetworkStateTracker: Network blocked status changed: false
03-02 11:15:55.255  1621  1918 E HyperSentinel: -------------------------------------------------------
03-02 11:15:55.255  1621  1918 E HyperSentinel: Event_ThreadAmount
03-02 11:15:55.255  1621  1918 E HyperSentinel: -> audit event by proc 21285 "com.google.android.apps.messaging": running threads amount, 0 -> 53
03-02 11:15:55.260 15743 21356 D libjpeg-alpha: Corrupt JPEG data: premature end of data segment
03-02 11:15:55.270 15743 21349 D skia    : SkJpegCodec::onGetPixels -
03-02 11:15:55.279 21285 21332 I WM-WorkerWrapper: Worker result SUCCESS for Work [ id=a73b6d7c-9dca-4661-914e-870a9d94930a, tags={ com.google.android.apps.messaging.shared.datamodel.workqueue.WorkQueueWorkerShim,data_upgrade- } ]
03-02 11:15:55.280  1177  1177 I thermal_src: recvmsg_expect 5, but get 2 
03-02 11:15:55.280  1177  1177 V thermal_src: TA_DAEMON_CMD_GET_TPCB:ERROR ret=-1
03-02 11:15:55.280  1177  1177 E thermal_src: get_tpcb_from_kernel:error -1. retry...
03-02 11:15:55.280  1177  1177 I thermal_src: recvmsg_expect 5, but get 2 
03-02 11:15:55.281  1177  1177 V thermal_src: TA_DAEMON_CMD_GET_TPCB:ERROR ret=-1
03-02 11:15:55.281  1177  1177 E thermal_src: get_tpcb_from_kernel:error -1. retry...
03-02 11:15:55.281  1177  1177 I thermal_src: recvmsg_expect 5, but get 2 
03-02 11:15:55.281  1177  1177 V thermal_src: TA_DAEMON_CMD_GET_TPCB:ERROR ret=-1
03-02 11:15:55.281  1177  1177 E thermal_src: get_tpcb_from_kernel:error -1. retry...
03-02 11:15:55.281  1177  1177 I thermal_src: recvmsg_expect 5, but get 2 
03-02 11:15:55.281  1177  1177 V thermal_src: TA_DAEMON_CMD_GET_TPCB:ERROR ret=-1
03-02 11:15:55.281  1177  1177 E thermal_src: get_tpcb_from_kernel:error -1. retry...
03-02 11:15:55.281  1177  1177 I thermal_src: recvmsg_expect 5, but get 2 
03-02 11:15:55.281  1177  1177 V thermal_src: TA_DAEMON_CMD_GET_TPCB:ERROR ret=-1
03-02 11:15:55.281  1177  1177 E thermal_src: get_tpcb_from_kernel:error -1. retry...
03-02 11:15:55.281  1177  1177 I thermal_src: recvmsg_expect 4, but get 5 
03-02 11:15:55.281  1177  1177 V thermal_src: TA_DAEMON_CMD_SET_TTJ:ERROR ret=-1
03-02 11:15:55.281  1177  1177 E thermal_src: set_ttj_to_kernel 1:error -1
03-02 11:15:55.281  1177  1177 I thermal_src: recvmsg_expect 2, but get 5 
03-02 11:15:55.281  1177  1177 V thermal_src: waiting NOTIFY from kernel miss, -1
03-02 11:15:55.281  1177  1177 I thermal_src: recvmsg_expect 2, but get 5 
03-02 11:15:55.281  1177  1177 V thermal_src: waiting NOTIFY from kernel miss, -1
03-02 11:15:55.281  1177  1177 I thermal_src: recvmsg_expect 2, but get 5 
03-02 11:15:55.281  1177  1177 V thermal_src: waiting NOTIFY from kernel miss, -1
03-02 11:15:55.281  1177  1177 I thermal_src: recvmsg_expect 2, but get 5 
03-02 11:15:55.281  1177  1177 V thermal_src: waiting NOTIFY from kernel miss, -1
03-02 11:15:55.281  1177  1177 I thermal_src: recvmsg_expect 2, but get 4 
03-02 11:15:55.281  1177  1177 V thermal_src: waiting NOTIFY from kernel miss, -1
03-02 11:15:55.288 21285 21285 D WM-Processor: sci a73b6d7c-9dca-4661-914e-870a9d94930a executed; reschedule = false
03-02 11:15:55.293 21285 21324 D WM-PackageManagerHelper: Skipping component enablement for androidx.work.impl.background.systemalarm.RescheduleReceiver
03-02 11:15:55.294 15743 21367 D libjpeg-alpha: Corrupt JPEG data: premature end of data segment
03-02 11:15:55.307 15743 21355 D skia    : SkJpegCodec::onGetPixels -
03-02 11:15:55.328 21285 21324 D WM-GreedyScheduler: Constraints not met: Cancelling work ID WorkGenerationalId(workSpecId=099d8756-8579-49df-9f40-836b2e21b1d5, generation=11823)
03-02 11:15:55.331   894 12766 V audio_utils::mutex: mutex_impl: audio_mutex initialized: ret:0  order:20
03-02 11:15:55.331   894 12766 V audio_utils::mutex: mutex_impl: audio_mutex initialized: ret:0  order:20
03-02 11:15:55.332   894 12766 V audio_utils::mutex: mutex_impl: audio_mutex initialized: ret:0  order:20
03-02 11:15:55.332   894 12766 V audio_utils::mutex: mutex_impl: audio_mutex initialized: ret:0  order:20
03-02 11:15:55.332   894  1351 D AudioFlinger_Threads: updateWakeLockUids_l AudioOut_1D uids:
03-02 11:15:55.332   894  1349 D AudioFlinger_Threads: updateWakeLockUids_l AudioOut_15 uids:
03-02 11:15:55.332   894  1325 D AudioFlinger_Threads: updateWakeLockUids_l AudioOut_D uids:
03-02 11:15:55.332   894  1367 D AudioFlinger_Threads: updateWakeLockUids_l AudioOut_25 uids:
03-02 11:15:55.334 21285 21332 D WM-GreedyScheduler: Cancelling work ID a73b6d7c-9dca-4661-914e-870a9d94930a
03-02 11:15:55.361  1621  1856 D ConnectivityService: NetReassign [no changes] [c 1] [a 1] [i 4]
03-02 11:15:55.379 21285 21332 D WM-GreedyScheduler: Ignoring {WorkSpec: 8717a412-f994-46ae-975b-cd003c8532bc}. Requires ContentUri triggers.
03-02 11:15:55.380 21285 21332 D WM-GreedyScheduler: Ignoring {WorkSpec: 98a04891-24d2-4081-bb45-ba7719e0735c}. Requires device idle.
03-02 11:15:55.380 21285 21332 D WM-GreedyScheduler: Ignoring {WorkSpec: 338fec05-6d8b-4992-a379-eebbda50a3a3}. Requires ContentUri triggers.
03-02 11:15:55.380 21285 21332 D WM-GreedyScheduler: Ignoring {WorkSpec: df1c704e-3534-4090-a02c-273d9415ebb0}. Requires device idle.
03-02 11:15:55.380 21285 21332 D WM-GreedyScheduler: Ignoring {WorkSpec: 27b5d8d1-9557-4345-89d9-c117e7b387a0}. Requires device idle.
03-02 11:15:55.380 21285 21332 D WM-GreedyScheduler: Starting tracking for 099d8756-8579-49df-9f40-836b2e21b1d5,ea5e131f-70da-47f5-8af6-c0a69fd42816
03-02 11:15:55.380 21285 21324 D WM-GreedyScheduler: Constraints not met: Cancelling work ID WorkGenerationalId(workSpecId=ea5e131f-70da-47f5-8af6-c0a69fd42816, generation=3430)
03-02 11:15:55.388 15743 15743 I MediaSessionImpl: Init c09348 [AndroidXMedia3/1.8.0] [tides, 2404ARN45A, Xiaomi, 35]
03-02 11:15:55.414 15743 15743 I MediaSessionCompat: Couldn't find a unique registered media button receiver in the given context.
03-02 11:15:55.419  1621  2197 I MediaSessionStack: addSession to bottom of stack | record: com.softnation.Ojam/androidx.media3.session.id./88 (userId=0)
03-02 11:15:55.419  1621  2197 D MediaSessionService: Media button session is changed to com.softnation.Ojam/androidx.media3.session.id./88 (userId=0)
03-02 11:15:55.421 18562 18562 W MediaPlayerList: onMediaKeyEventSessionChanged(Token): android.media.session.MediaSession$Token@976323e
03-02 11:15:55.422  2363  3215 I ActiveAudioSessionManager_export-api: controllerSize:0
03-02 11:15:55.422  2363 19600 I ActiveAudioSessionManager_export-api: controllerSize:0
03-02 11:15:55.422  2363 19600 I ActiveAudioSessionManager_export-api: stopPositionCallbackTask
03-02 11:15:55.422  2363 19600 I ActiveAudioSessionManager_export-api: dispatchSessionsExistsChangeCallbackLocked :false
03-02 11:15:55.422  2363 19600 I MiPlayServiceAdapter: markSessionKilled
03-02 11:15:55.422  2363 19600 I ActiveAudioSessionManager_export-api: controllerSize:0
03-02 11:15:55.422  2363 19600 I ActiveAudioSessionManager_export-api: stopPositionCallbackTask
03-02 11:15:55.422  2363 19600 I ActiveAudioSessionManager_export-api: dispatchSessionsExistsChangeCallbackLocked :false
03-02 11:15:55.422  2363 19600 I MiPlayServiceAdapter: markSessionKilled
03-02 11:15:55.422  2363  3215 I ActiveAudioSessionManager_export-api: stopPositionCallbackTask
03-02 11:15:55.422  2363  3215 I ActiveAudioSessionManager_export-api: dispatchSessionsExistsChangeCallbackLocked :false
03-02 11:15:55.422  2363  3215 I ActiveAudioSessionManager_export-api: controllerSize:0
03-02 11:15:55.423  2363  3215 I ActiveAudioSessionManager_export-api: stopPositionCallbackTask
03-02 11:15:55.423  2363  3215 I ActiveAudioSessionManager_export-api: dispatchSessionsExistsChangeCallbackLocked :false
03-02 11:15:55.424 18562 18562 I MediaPlayerList: Adding wrapped media player: com.softnation.Ojam at key: 1
03-02 11:15:55.424 18562 18562 I MediaPlayerList: onMediaKeyEventSessionChanged: token=com.softnation.Ojam
03-02 11:15:55.427 18562 18562 D MediaPlayerList: setActivePlayer(): setting player to com.softnation.Ojam
03-02 11:15:55.428  1621  2986 I MediaSessionService: tempAllowlistTargetPkgIfPossible callingPackage:com.android.bluetooth targetPackage:com.softnation.Ojam reason:MediaSessionRecord:android.support.v4.media.session.command.GET_EXTRA_BINDER [WIU] [FGS]
03-02 11:15:55.433  1621  1746 E JobScheduler.Background: Couldn't determine stopped state for unknown package: com.google.android.apps.turbo
03-02 11:15:55.433  1621  1746 E JobScheduler.Background: Couldn't determine stopped state for unknown package: com.google.android.apps.turbo
03-02 11:15:55.433  1621  1746 E JobScheduler.Background: Couldn't determine stopped state for unknown package: com.google.android.apps.turbo
03-02 11:15:55.433  1621  1746 E JobScheduler.Background: Couldn't determine stopped state for unknown package: com.google.android.apps.turbo
03-02 11:15:55.433  1621  1746 E JobScheduler.Background: Couldn't determine stopped state for unknown package: com.google.android.apps.turbo
03-02 11:15:55.434 18562 18562 D MediaPlayerList: sendMediaUpdate
03-02 11:15:55.435 18562 18562 I MediaPlayerList: sendMediaUpdate: Creating a one item queue for a player with no queue
03-02 11:15:55.435 18562 18562 D MediaPlayerList: sendMediaUpdate state=null
03-02 11:15:55.435 18562 18562 D AvrcpTargetService: onMediaUpdated: track_changed=true state=false queue=true
03-02 11:15:55.435 18562 18562 D AvrcpNativeInterface: sendMediaUpdate: metadata=true playStatus=false queue=true
03-02 11:15:55.435 18562 18562 I bluetooth: avrcp_service.cc:648 SendMediaUpdate: track_changed=true :  play_state=false :  queue=true
03-02 11:15:55.435 18562 18562 V MediaPlayerList: onActiveSessionsChanged: number of controllers: 0
03-02 11:15:55.436 18562 18562 I PlayerSettingsManager: getPlayerRepeatMode: no active player
03-02 11:15:55.436 18562 18562 I PlayerSettingsManager: getPlayerShuffleMode: no active player
03-02 11:15:55.436 18562 18562 I PlayerSettingsManager: updateRemoteDevice: STATE_REPEAT_OFF, STATE_SHUFFLE_OFF
03-02 11:15:55.436 18562 18562 I bluetooth: avrcp_service.cc:685 SendPlayerSettingsChanged: 
03-02 11:15:55.437 18562 18562 I bluetooth: avrcp_service.cc:699 SendPlayerSettingsChanged: attribute=PlayerAttribute::REPEAT : value=PlayerRepeatValue::OFF
03-02 11:15:55.437 18562 18562 I bluetooth: attribute=PlayerAttribute::SHUFFLE : value=PlayerShuffleValue::OFF
03-02 11:15:55.437 18562 18562 V MediaPlayerList: onActiveSessionsChanged: number of controllers: 0
03-02 11:15:55.437 18562 18562 I PlayerSettingsManager: getPlayerRepeatMode: no active player
03-02 11:15:55.437 18562 18562 I PlayerSettingsManager: getPlayerShuffleMode: no active player
03-02 11:15:55.437 18562 18562 I PlayerSettingsManager: updateRemoteDevice: STATE_REPEAT_OFF, STATE_SHUFFLE_OFF
03-02 11:15:55.437 18562 18562 I bluetooth: avrcp_service.cc:685 SendPlayerSettingsChanged: 
03-02 11:15:55.437 18562 18562 I bluetooth: avrcp_service.cc:699 SendPlayerSettingsChanged: attribute=PlayerAttribute::REPEAT : value=PlayerRepeatValue::OFF
03-02 11:15:55.437 18562 18562 I bluetooth: attribute=PlayerAttribute::SHUFFLE : value=PlayerShuffleValue::OFF
03-02 11:15:55.443 18562 18562 D AudioMediaPlayerWrapper: com.softnation.Ojam: isPlaybackStateReady(): PlaybackState is null
03-02 11:15:55.443 18562 18562 V AudioMediaPlayerWrapper: onQueueChanged(): com.softnation.Ojam tried to update with no queue
03-02 11:15:55.462  1621  2197 D MediaSessionService: onSessionPlaybackStateChanged: record=com.softnation.Ojam/androidx.media3.session.id./88 (userId=0) playbackState=PlaybackState {state=NONE(0), position=0, buffered position=0, speed=0.0, updated=1029514879, actions=7339653, custom actions=[], active item id=0, error=null}
03-02 11:15:55.463  1621  2197 D MediaSessionService: onSessionActiveStateChanged: record=com.softnation.Ojam/androidx.media3.session.id./88 (userId=0) playbackState=PlaybackState {state=NONE(0), position=0, buffered position=0, speed=0.0, updated=1029514879, actions=7339653, custom actions=[], active item id=0, error=null}
03-02 11:15:55.463 18562 18562 D AudioMediaPlayerWrapper: onPlaybackStateChanged(): com.softnation.Ojam : PlaybackState {state=NONE(0), position=0, buffered position=0, speed=0.0, updated=1029514879, actions=7339653, custom actions=[], active item id=0, error=null}
03-02 11:15:55.464 18562 18562 V AudioMediaPlayerWrapper: Waiting to send update as controller has no playback state
03-02 11:15:55.464 18562 18562 V MediaPlayerList: onActiveSessionsChanged: number of controllers: 1
03-02 11:15:55.465  2363 19600 I ActiveAudioSessionManager_export-api: controllerSize:1
03-02 11:15:55.465  2363 19600 I ActiveAudioSessionManager_export-api: packageName:com.softnation.Ojam
03-02 11:15:55.466  2363  3215 I ActiveAudioSessionManager_export-api: controllerSize:1
03-02 11:15:55.466  2363  3215 I ActiveAudioSessionManager_export-api: packageName:com.softnation.Ojam
03-02 11:15:55.466 18562 18562 D MediaPlayerList: onActiveSessionsChanged: controller: com.softnation.Ojam
03-02 11:15:55.467 18562 18562 D MediaPlayerList: Already have a controller for the player: com.softnation.Ojam, updating instead
03-02 11:15:55.468  1621  5247 D MediaSessionService: onSessionPlaybackStateChanged: record=com.softnation.Ojam/androidx.media3.session.id./88 (userId=0) playbackState=PlaybackState {state=NONE(0), position=0, buffered position=0, speed=0.0, updated=1029514887, actions=7339653, custom actions=[], active item id=0, error=null}
03-02 11:15:55.469  2363  3215 I ActiveAudioSessionManager_export-api: stopPositionCallbackTask
03-02 11:15:55.469 18562 18562 D AudioMediaPlayerWrapper: com.softnation.Ojam: Controller for com.softnation.Ojam was updated.
03-02 11:15:55.469  2363  3215 I ActiveAudioSessionManager_export-api: dispatchSessionsExistsChangeCallbackLocked :true
03-02 11:15:55.469  2363 19600 I ActiveAudioSessionManager_export-api: stopPositionCallbackTask
03-02 11:15:55.469  2363 19600 I ActiveAudioSessionManager_export-api: dispatchSessionsExistsChangeCallbackLocked :true
03-02 11:15:55.469  2363 19600 I MiPlayServiceAdapter: markSessionChange
03-02 11:15:55.469  2363 19600 I MiPlayServiceAdapter: intent to startService : 0
03-02 11:15:55.469  2363  3215 I ActiveSessionRecord_export-api: onPlaybackStateChanged: PlaybackState {state=NONE(0), position=0, buffered position=0, speed=0.0, updated=1029514887, actions=7339653, custom actions=[], active item id=0, error=null}
03-02 11:15:55.470  2363 19600 I ActiveSessionRecord_export-api: onPlaybackStateChanged: PlaybackState {state=NONE(0), position=0, buffered position=0, speed=0.0, updated=1029514887, actions=7339653, custom actions=[], active item id=0, error=null}
03-02 11:15:55.470 18562 18562 D MediaPlayerList: sendMediaUpdate
03-02 11:15:55.470 18562 18562 I MediaPlayerList: sendMediaUpdate: Creating a one item queue for a player with no queue
03-02 11:15:55.470 18562 18562 D MediaPlayerList: sendMediaUpdate state=PlaybackState {state=NONE(0), position=0, buffered position=0, speed=0.0, updated=1029514887, actions=7339653, custom actions=[], active item id=0, error=null}
03-02 11:15:55.470 18562 18562 D AvrcpTargetService: onMediaUpdated: track_changed=false state=true queue=false
03-02 11:15:55.470 18562 18562 D AvrcpNativeInterface: sendMediaUpdate: metadata=false playStatus=true queue=false
03-02 11:15:55.470 18562 18562 I bluetooth: avrcp_service.cc:648 SendMediaUpdate: track_changed=false :  play_state=true :  queue=false
03-02 11:15:55.476  1055  1186 D connsyslogger: SD_LOG_ROOT is /data/debuglogger/connsyslog/fw.
03-02 11:15:55.476  1055  1186 D connsyslogger: systemReady:1
03-02 11:15:55.480 15743 15743 D RNTP-com.doublesymmetry.trackplayer.service.MusicService:onBind: intentAction = null
03-02 11:15:55.483 15743 15743 D RNTP-com.doublesymmetry.trackplayer.service.MusicService:onBind: intentAction = androidx.media3.session.MediaSessionService
03-02 11:15:55.484   861   947 I libPerfCtl: xgfGetFPS pid:921 fps:-1
03-02 11:15:55.484   861   947 I libPerfCtl: xgfGetFPS pid:2363 fps:-1
03-02 11:15:55.490 15743 15743 D UserSceneDetector: invoke error.
03-02 11:15:55.520 15743 15743 D ScrollerOptimizationManager: registerConfigChangedListener
03-02 11:15:55.521  1621  2986 D AS.BtHelper: isBluetoothScoOn() mBluetoothHeadset is null: falsemBluetoothHeadsetDevice is null: true
03-02 11:15:55.522  1621  2986 V AS.AudioDeviceBroker: requestedCommunicationDevice: null mAudioModeOwner: AudioModeInfo: mMode=MODE_NORMAL, mPid=0, mUid=0
03-02 11:15:55.522  1621  2986 D AS.BtHelper: isBluetoothScoOn() mBluetoothHeadset is null: falsemBluetoothHeadsetDevice is null: true
03-02 11:15:55.522  1621  2986 V AS.AudioDeviceBroker: requestedCommunicationDevice: null mAudioModeOwner: AudioModeInfo: mMode=MODE_NORMAL, mPid=0, mUid=0
03-02 11:15:55.563  2350  2350 W Settings: Setting airplane_mode_on has moved from android.provider.Settings.System to android.provider.Settings.Global, returning read-only value.
03-02 11:15:55.565  2350  2350 W Settings: Setting airplane_mode_on has moved from android.provider.Settings.System to android.provider.Settings.Global, returning read-only value.
03-02 11:15:55.569  2350 29580 D NetworkSpeedTracker: updateNwSignalInfo not allowed ,ignore
03-02 11:15:55.573  2350 29580 D NetworkSpeedTracker: updateNwSignalInfo not allowed ,ignore
03-02 11:15:55.625 15743 15743 D VRI[MainActivity]: Setup new sync=wmsSync-VRI[MainActivity]#0
03-02 11:15:55.629 15743 15743 D UserSceneDetector: invoke error.
03-02 11:15:55.671 15743 21250 W unknown:ReactNative: StatusBarModule: Ignored status bar change, current activity is edge-to-edge.
03-02 11:15:55.671 15743 21250 W unknown:ReactNative: StatusBarModule: Ignored status bar change, current activity is edge-to-edge.
03-02 11:15:55.736 15743 21249 D nativeloader: Load /data/app/~~Bh61wenJZi6JNVEuOkVQfQ==/com.softnation.Ojam-nnCVAdHxKfOmup5FCuBDYQ==/base.apk!/lib/arm64-v8a/libgesturehandler.so using class loader ns clns-7 (caller=/data/app/~~Bh61wenJZi6JNVEuOkVQfQ==/com.softnation.Ojam-nnCVAdHxKfOmup5FCuBDYQ==/base.apk!classes20.dex): ok
03-02 11:15:55.736 15743 21249 D jni_lib_merge: Entering merged library JNI_OnLoad.
03-02 11:15:55.736 15743 21249 D jni_lib_merge: Preparing 12 pre-merged libs (including stub)
03-02 11:15:55.736 15743 21249 D jni_lib_merge: Preparing to register libfabricjni_so.  onload_func: 0x788f63dce0
03-02 11:15:55.736 15743 21249 D jni_lib_merge: Preparing to register libreact_devsupportjni_so.  onload_func: 0x788f837fc8
03-02 11:15:55.736 15743 21249 D jni_lib_merge: Preparing to register libreact_featureflagsjni_so.  onload_func: 0x788f846518
03-02 11:15:55.736 15743 21249 D jni_lib_merge: Preparing to register libreact_newarchdefaults_so.  onload_func: 0x788f8ae6a8
03-02 11:15:55.736 15743 21249 D jni_lib_merge: Preparing to register libreactnativeblob_so.  onload_func: 0x788fa9ecb4
03-02 11:15:55.736 15743 21249 D jni_lib_merge: Preparing to register libreactnativejni_so.  onload_func: 0x788faec6bc
03-02 11:15:55.736 15743 21249 D jni_lib_merge: Preparing to register libreactnativejni_common_so.  onload_func: 0x788fafd044
03-02 11:15:55.736 15743 21249 D jni_lib_merge: Preparing to register librninstance_so.  onload_func: 0x788fb44764
03-02 11:15:55.736 15743 21249 D jni_lib_merge: Preparing to register libturbomodulejsijni_so.  onload_func: 0x788fc5cf68
03-02 11:15:55.736 15743 21249 D jni_lib_merge: Preparing to register libuimanagerjni_so.  onload_func: 0x788fc75fb8
03-02 11:15:55.736 15743 21249 D jni_lib_merge: Preparing to register libyoga_so.  onload_func: 0x788fc85a3c
03-02 11:15:55.736 15743 21249 D jni_lib_merge: About to register 11 actual methods.
03-02 11:15:55.794  1621  1842 I MiuiNetworkPolicy: updateUidState uid = 10383, uidState = 19
03-02 11:15:55.797 15743 15743 W libc    : Access denied finding property "ro.vendor.display.iris_x7.support"
03-02 11:15:55.798 15743 21201 D HWUI    : makeCurrent grContext:0xb4000079f1a13e50 reset mTextureAvailable
03-02 11:15:55.801  1621  1842 I MiuiNetworkPolicy: updateUidState uid = 10383, uidState = 11
03-02 11:15:55.817 21285 21373 I cn_CronetUrlRequestContext: destroyNativeStreamLocked org.chromium.net.impl.CronetBidirectionalStream@d3ca705
03-02 11:15:55.818 21285 21328 I RpcManager: [4dfe163b-ff40-494c-87db-27ff3de54a8a] processing getConfiguration response, workRequestId:ccfceafa-31cc-4a70-87a3-17e1ee119758
03-02 11:15:55.835 15743 21201 D softnation.Ojam: MiuiProcessManagerServiceStub setSchedFifo
03-02 11:15:55.835 15743 21201 I MiuiProcessManagerImpl: setSchedFifo pid:15743, mode:3
03-02 11:15:55.836  1621  2197 D ProcessManager: beginSchedThreads is not Enabled
03-02 11:15:55.837 15743 21201 D MAGT_SYNC_FRAME: MAGT Sync: MAGT is not supported. Disabling Sync.
03-02 11:15:55.837 15743 21201 D softnation.Ojam: Can't load libmbrainSDK
03-02 11:15:55.841 15743 21201 I GrallocExtra: gralloc_extra_query:is_SW3D 0
03-02 11:15:55.843 15743 21201 W libc    : Access denied finding property "ro.vendor.display.iris_x7.support"
03-02 11:15:55.848  1621  1918 E HyperSentinel: -------------------------------------------------------
03-02 11:15:55.849  1621  1918 E HyperSentinel: Event_ResidentSize
03-02 11:15:55.849  1621  1918 E HyperSentinel: -> audit event by proc 15743 "usap64": RSS increasement, peak 370560kb -> 555844kb
03-02 11:15:55.849  1621  1917 D MiuiSentinelService: begin judgmentRssLeakException
03-02 11:15:55.849  1621  1917 E MiuiSentinelMemoryManager: getRSSinfo: usap64#15743
03-02 11:15:55.849  1621  1917 D MiuiSentinelMemoryManager: cmdline: usap64, pid: 15743, RSSsize:555844
03-02 11:15:55.851  1621  1917 W MiuiSentinelMemoryManager: The current process type does not meet reporting requirements
03-02 11:15:55.893 21285 21324 I SyncScheduler: scheduling sync for 14553 seconds later, policy = APPEND
03-02 11:15:55.897 21285 21324 I SyncHelper: [4dfe163b-ff40-494c-87db-27ff3de54a8a] sync succeeded, workRequestId:ccfceafa-31cc-4a70-87a3-17e1ee119758
03-02 11:15:55.911 15743 21201 E LB      : fail to open file: No such file or directory
03-02 11:15:55.911 15743 21201 E LB      : fail to open node: No such file or directory
03-02 11:15:55.911 15743 21201 E LB      : fail to open node: No such file or directory
03-02 11:15:55.912 15743 21201 I GrallocExtra: gralloc_extra_query:is_SW3D 0
03-02 11:15:55.912 21285 21324 I WM-WorkerWrapper: Worker result SUCCESS for Work [ id=ccfceafa-31cc-4a70-87a3-17e1ee119758, tags={ com.google.android.libraries.communications.mobileconfiguration.sync.SyncWorker,SYNC } ]
03-02 11:15:55.912 15743 21201 W libc    : Access denied finding property "ro.vendor.display.iris_x7.support"
03-02 11:15:55.913 15743 21201 D BLASTBufferQueue: [VRI[MainActivity]#0](f:0,a:1) acquireNextBufferLocked size=1080x2460 mFrameNumber=1 applyTransaction=true mTimestamp=611749460905385(auto) mPendingTransactions.size=0 graphicBufferId=67615670140933 transform=0
03-02 11:15:55.914 15743 21201 D softnation.Ojam: Can't load libmbrainSDK
03-02 11:15:55.915   921  1472 D MI-SF   : isTpIdleScene mSetTpIdleFlag 0, mSetLtpoTpIdleFlag 0
03-02 11:15:55.915   921  1472 D DisplayModeController: setDesiredMode 4627039422300187648 {mode={fps=60.00 Hz, modePtr={id=0, vsyncRate=60.00 Hz, peakRefreshRate=60.00 Hz}}, emitEvent=true, force=false}
03-02 11:15:55.915   921  1472 D Scheduler: MtkOverrideDuration: update vsync 60
03-02 11:15:55.915   921  1472 E SurfaceFlinger: MtkDuration override mode is disabled
03-02 11:15:55.915   921  1472 D Scheduler: MtkOverrideDuration: reset override duration
03-02 11:15:55.916   921  1472 I PowerHalWrapper: updateFps(): 60
