03-02 11:15:40.430  1621  1651 D MiuiRefreshRatePolicy: reset
03-02 11:15:40.431  1621  1651 D PreStartingManager: Not init when use PreStartingManager!
03-02 11:15:40.431  1621  1651 D WindowManager: Set transition=TransitionRecord{d3927aa id=10165 type=OPEN flags=0x0}, ready=true, SyncId=10165 
03-02 11:15:40.433   921   921 I SurfaceFlinger: onHandleDestroyed: name=Task=37035#134014, layerId=134014, parentId=0
03-02 11:15:40.433   921   921 I SurfaceFlinger: onHandleDestroyed: name=8035bcd ActivityRecordInputSink com.softnation.Ojam/.MainActivity#133946, layerId=133946, parentId=0
03-02 11:15:40.435  1621  1651 I SmartPower: com.softnation.Ojam/10337(0): died->visible(719ms) R(become visible) adj=-10000.
03-02 11:15:40.436  1621  1651 I WindowManager: wms.showSurfaceRobustly mWin:Window{d000b49 u0 Splash Screen com.softnation.Ojam}
03-02 11:15:40.437  1621  1651 D WindowManager: Final targets: [Task{7900b11 #37036 type=standard A=10337:com.softnation.Ojam}, Task{ba1f32f #37027 type=standard I=com.google.android.googlequicksearchbox/com.google.android.apps.search.assistant.surfaces.voice.robin.ui.floaty.activity.FloatyActivity}, Task{d151cdd #1 type=home}]
03-02 11:15:40.438   921  1587 I BufferQueueDebug: [Transition Root #10165: Task=37036#134015](this:0xb400007bcec86838,id:-1,api:0,p:-1,c:-1) BufferQueue core=(921:/system/bin/surfaceflinger)
03-02 11:15:40.440 13966  4780 I cn_CronetUrlRequestContext: destroyNativeStreamLocked android.net.connectivity.org.chromium.net.impl.CronetBidirectionalStream@23b6be1
03-02 11:15:40.442 15743 15743 I softnation.Ojam: Using CollectorTypeCMC GC.
03-02 11:15:40.445 13966 14007 I amto    : (REDACTED) Network status %s
03-02 11:15:40.451  2363  2477 I MultiTaskingTaskRepository: needSkip: is home task
03-02 11:15:40.451  2363  2477 W MultiTaskingTaskRepository: onToBackTransitionReady putOrUpdateTaskInfo skip
03-02 11:15:40.451   921   921 I BufferQueueDebug: [Task=37035#134014](this:0xb400007bceca2fd8,id:-1,api:0,p:-1,c:921) onDestructor()
03-02 11:15:40.451   921   921 I BufferQueueDebug: [8035bcd ActivityRecordInputSink com.softnation.Ojam/.MainActivity#133946](this:0xb400007bceccdb48,id:-1,api:0,p:-1,c:921) onDestructor()
03-02 11:15:40.452  2363  2477 D MultiTaskingTaskRepository: addOrMoveFullscreenTaskToTop taskId=37036
03-02 11:15:40.452  2363  2477 D MultiTaskingTaskRepository: putOrUpdateTaskInfo: taskInfo.taskId: 37036 current mMultiTaskingTaskInfoList:  ,37027 ,37019 ,36980 ,36770 ,36289 ,5 ,4
03-02 11:15:40.452  2363  2477 D MultiTaskingTaskRepository: java.lang.Throwable
03-02 11:15:40.452  2363  2477 D MultiTaskingTaskRepository: 	at com.android.wm.shell.multitasking.taskmanager.MultiTaskingTaskRepository.updateMultiTaskingTaskInfo(go/retraceme 5c05439c20823397c9aaa04c8ad244598257e2a7e5bd06f03af131ffaee2a4a9:82)
03-02 11:15:40.452  2363  2477 D MultiTaskingTaskRepository: 	at com.android.wm.shell.multitasking.taskmanager.MultiTaskingTaskRepository.putOrUpdateTaskInfo(go/retraceme 5c05439c20823397c9aaa04c8ad244598257e2a7e5bd06f03af131ffaee2a4a9:41)
03-02 11:15:40.452  2363  2477 D MultiTaskingTaskRepository: 	at com.android.wm.shell.multitasking.taskmanager.MultiTaskingTransitionObserver.onTransitionReady(go/retraceme 5c05439c20823397c9aaa04c8ad244598257e2a7e5bd06f03af131ffaee2a4a9:166)
03-02 11:15:40.452  2363  2477 D MultiTaskingTaskRepository: 	at com.android.wm.shell.transition.Transitions.dispatchReady(go/retraceme 5c05439c20823397c9aaa04c8ad244598257e2a7e5bd06f03af131ffaee2a4a9:169)
03-02 11:15:40.452  2363  2477 D MultiTaskingTaskRepository: 	at com.android.wm.shell.transition.Transitions.onTransitionReady(go/retraceme 5c05439c20823397c9aaa04c8ad244598257e2a7e5bd06f03af131ffaee2a4a9:248)
03-02 11:15:40.452  2363  2477 D MultiTaskingTaskRepository: 	at com.android.wm.shell.transition.Transitions$TransitionPlayerImpl$$ExternalSyntheticLambda1.run(go/retraceme 5c05439c20823397c9aaa04c8ad244598257e2a7e5bd06f03af131ffaee2a4a9:47)
03-02 11:15:40.452  2363  2477 D MultiTaskingTaskRepository: 	at android.os.Handler.handleCallback(Handler.java:959)
03-02 11:15:40.452  2363  2477 D MultiTaskingTaskRepository: 	at android.os.Handler.dispatchMessage(Handler.java:100)
03-02 11:15:40.452  2363  2477 D MultiTaskingTaskRepository: 	at android.os.Looper.loopOnce(Looper.java:249)
03-02 11:15:40.452  2363  2477 D MultiTaskingTaskRepository: 	at android.os.Looper.loop(Looper.java:337)
03-02 11:15:40.452  2363  2477 D MultiTaskingTaskRepository: 	at android.os.HandlerThread.run(HandlerThread.java:85)
03-02 11:15:40.453  2363  2477 D MultiTaskingTaskInfo: initFolmeControl::task id = 37036, mBounds = Rect(0, 0 - 1080, 2460)
03-02 11:15:40.454  2363  2477 I ShellTransitions: Is abandon offsetY: false
03-02 11:15:40.454  2363  2477 I ShellTransitions: Is abandon offsetY: false
03-02 11:15:40.454  2363  2477 I ShellTransitions: Is abandon offsetY: false
03-02 11:15:40.454  2363  2477 E TaskViewTransitions: Found a launching TaskView in the wrong transition. All TaskView launches should be initiated by shell and in their own transition: 37036
03-02 11:15:40.454  2363  2477 E KeyguardTransitionHandlerImpl: activityCount = 0
03-02 11:15:40.454  2363  2477 E KeyguardTransitionHandlerImpl: activityCount = 0
03-02 11:15:40.455  2363  2477 D MiuiFreeformModeAnimation: startAnimation change: {WCT{android.window.IWindowContainerToken$Stub$Proxy@28b25a2} m=OPEN f=NONE leash=Surface(name=Task=37036#134010)/@0x9c13e16 sb=Rect(0, 0 - 1080, 2460) eb=Rect(0, 0 - 1080, 2460) d=0 taskParent=-1} info.getType(): 1
03-02 11:15:40.455  2363  2477 D MiuiFreeformModeAnimation: startAnimation change: {WCT{android.window.IWindowContainerToken$Stub$Proxy@8029233} m=TO_BACK f=TRANSLUCENT leash=Surface(name=Task=37027#133407)/@0x3365397 sb=Rect(0, 0 - 1080, 2460) eb=Rect(0, 0 - 1080, 2460) d=0 taskParent=-1} info.getType(): 1
03-02 11:15:40.455  2363  2477 D MiuiFreeformModeAnimation: startAnimation change: {WCT{android.window.IWindowContainerToken$Stub$Proxy@815f9f0} m=TO_BACK f=SHOW_WALLPAPER leash=Surface(name=Task=1#47)/@0x963c984 sb=Rect(0, 0 - 1080, 2460) eb=Rect(0, 0 - 1080, 2460) d=0 taskParent=-1} info.getType(): 1
03-02 11:15:40.455  2363  2477 D SoScStageCoordinator: inCloseTransition:false pairsStartedWithCloseTransition:false isRequestCloseTriggerTask:false inSingleSoScState:false inSoScUnactivie:true closeStage:null
03-02 11:15:40.457  1621  5247 D AS.BtHelper: isBluetoothScoOn() mBluetoothHeadset is null: falsemBluetoothHeadsetDevice is null: true
03-02 11:15:40.457  1621  5247 V AS.AudioDeviceBroker: requestedCommunicationDevice: null mAudioModeOwner: AudioModeInfo: mMode=MODE_NORMAL, mPid=0, mUid=0
03-02 11:15:40.458  2363  2477 D TransitionAnimationHelper:  load default animation  type = 1 enter = false animAttr = 19 isTask = true translucent = false
03-02 11:15:40.460  1621  2188 D AS.BtHelper: isBluetoothScoOn() mBluetoothHeadset is null: falsemBluetoothHeadsetDevice is null: true
03-02 11:15:40.460  1621  2188 V AS.AudioDeviceBroker: requestedCommunicationDevice: null mAudioModeOwner: AudioModeInfo: mMode=MODE_NORMAL, mPid=0, mUid=0
03-02 11:15:40.460  1621  1651 D WindowManager: snapshot isNothing = false source = Task{ba1f32f #37027 type=standard I=com.google.android.googlequicksearchbox/com.google.android.apps.search.assistant.surfaces.voice.robin.ui.floaty.activity.FloatyActivity}
03-02 11:15:40.463   921  1587 I BufferQueueDebug: [Surface(name=5b2ee94 StatusBar#103)/@0xf6cf932 - animation-leash of insets_animation#134016](this:0xb400007bcec58f38,id:-1,api:0,p:-1,c:-1) BufferQueue core=(921:/system/bin/surfaceflinger)
03-02 11:15:40.463  2363  2477 D TransitionAnimationHelper:  load default animation  type = 1 enter = false animAttr = 19 isTask = true translucent = false
03-02 11:15:40.464  2363  2477 D TransitionAnimationHelper:  load default animation  type = 1 enter = true animAttr = 18 isTask = true translucent = false
03-02 11:15:40.465  1999  1999 D TaskSnapshotCompatVV: getIsInvalidateFromTaskSnapshot, isInvalidate=false
03-02 11:15:40.465   921  1587 I BufferQueueDebug: [Surface(name=77d8129 NavigationBar0#101614)/@0x3faba4f - animation-leash of insets_animation#134017](this:0xb400007bcec45048,id:-1,api:0,p:-1,c:-1) BufferQueue core=(921:/system/bin/surfaceflinger)
03-02 11:15:40.465  1999  1999 D EventBus: No subscribers registered for event class com.miui.home.recents.messages.TaskSnapshotChangedEvent
03-02 11:15:40.465  1999  1999 D EventBus: No subscribers registered for event class org.greenrobot.eventbus.NoSubscriberEvent
03-02 11:15:40.468  1621  1651 D MiuiRefreshRatePolicy: reset
03-02 11:15:40.468  2363  2540 D ShellTransitions: speed ui!!!!!!!!!!!
03-02 11:15:40.468  7123  7128 I adbd    : jdwp connection from 15743
03-02 11:15:40.474  2363  2477 D MulWinSwitchDecorViewModel: handleEventReceiverIfMultiWinSwitchIsUnsupported: removeEventReceiver, callers=com.android.wm.shell.multitasking.miuimultiwinswitch.miuiwindowdecor.MulWinSwitchDecorViewModel.onTaskOpening:7 com.android.wm.shell.fullscreen.FullscreenTaskListener.onTaskAppeared:97 com.android.wm.shell.ShellTaskOrganizer.onTaskAppeared:9 com.android.wm.shell.ShellTaskOrganizer.onTaskAppeared:3 android.window.TaskOrganizer$1.lambda$onTaskAppeared$5:312 
03-02 11:15:40.475  2363  2477 D MultiTaskingTaskRepository: addOrMoveFullscreenTaskToTop taskId=37036
03-02 11:15:40.475  1621  1651 I ActivityTaskManager: visible for Task{27e6aff #2 type=home I=com.miui.home/.launcher.Launcher} visible = true isAnimating = false TRANSITION = false PARENTS = false CHILDREN = false
03-02 11:15:40.476   921  2359 I BufferQueueDebug: [1475a95 ActivityRecordInputSink com.softnation.Ojam/.MainActivity#134018](this:0xb400007bceccdb48,id:-1,api:0,p:-1,c:-1) BufferQueue core=(921:/system/bin/surfaceflinger)
03-02 11:15:40.480  1999  2411 I com.miui.home: NativeAlloc concurrent mark compact GC freed 14MB AllocSpace bytes, 0(0B) LOS objects, 66% free, 16MB/50MB, paused 3.357ms,5.328ms total 601.188ms
03-02 11:15:40.480  1999  2411 W com.miui.home: Reducing the number of considered missed Gc histogram windows from 118 to 100
03-02 11:15:40.485  1621  1651 I ActivityTaskManager: visible for Task{27e6aff #2 type=home I=com.miui.home/.launcher.Launcher} visible = true isAnimating = false TRANSITION = false PARENTS = false CHILDREN = false
03-02 11:15:40.487   921  1170 I SurfaceFlinger: onHandleDestroyed: name=Surface(name=5b2ee94 StatusBar#103)/@0xf6cf932 - animation-leash of insets_animation#134003, layerId=134003, parentId=0
03-02 11:15:40.488   921  1170 I SurfaceFlinger: onHandleDestroyed: name=Surface(name=77d8129 NavigationBar0#101614)/@0x3faba4f - animation-leash of insets_animation#134004, layerId=134004, parentId=0
03-02 11:15:40.488  1621  3051 W UserManagerService: Requested status bar icon for non-badged user 0
03-02 11:15:40.500   921   921 I BufferQueueDebug: [Surface(name=77d8129 NavigationBar0#101614)/@0x3faba4f - animation-leash of insets_animation#134004](this:0xb400007bcec7b1f8,id:-1,api:0,p:-1,c:921) onDestructor()
03-02 11:15:40.500   921   921 I BufferQueueDebug: [Surface(name=5b2ee94 StatusBar#103)/@0xf6cf932 - animation-leash of insets_animation#134003](this:0xb400007bcecb13a8,id:-1,api:0,p:-1,c:921) onDestructor()
03-02 11:15:40.508  1999  2684 D TaskSnapshotCompatVV: getIsInvalidateFromTaskSnapshot, return, mTaskSnapshot=null, mTaskSnapshotClazz=null
03-02 11:15:40.510  1999  2684 D TaskSnapshotCompatVV: getIsInvalidateFromTaskSnapshot, isInvalidate=false
03-02 11:15:40.510  1999  2684 D RecentsModel: onTaskStackChangedBackground    MSG_TASK_STACK_CHANGE
03-02 11:15:40.511  1999  2684 D RecentsModel: boostTaskStackChangedThread, don't boost
03-02 11:15:40.511 15743 15743 D nativeloader: Load libframework-connectivity-tiramisu-jni.so using APEX ns com_android_tethering for caller /apex/com.android.tethering/javalib/framework-connectivity-t.jar: ok
03-02 11:15:40.513  1621  2197 I ATMSImpl: cacheTasksForDefaultDisplay size=5
03-02 11:15:40.516  1999  2684 D RecentsModel: getRunningTask ignoreActivityType : 2 ,ignoreWindowMode:5
03-02 11:15:40.516  1999  2684 W RecentsModel: getRunningTask   taskInfo=TaskInfo{userId=0 taskId=37027 displayId=0 isRunning=true baseIntent=Intent { flg=0x14850000 pkg=com.google.android.googlequicksearchbox cmp=com.google.android.googlequicksearchbox/com.google.android.apps.search.assistant.surfaces.voice.robin.ui.floaty.activity.FloatyActivity } baseActivity=ComponentInfo{com.google.android.googlequicksearchbox/com.google.android.apps.search.assistant.surfaces.voice.robin.ui.floaty.activity.FloatyActivity} topActivity=ComponentInfo{com.google.android.googlequicksearchbox/com.google.android.apps.search.assistant.surfaces.voice.robin.ui.floaty.activity.FloatyActivity} origActivity=null realActivity=ComponentInfo{com.google.android.googlequicksearchbox/com.google.android.apps.search.assistant.surfaces.voice.robin.ui.floaty.activity.FloatyActivity} numActivities=1 lastActiveTime=1029499936 supportsSplitScreenMultiWindow=true supportsMultiWindow=true resizeMode=2 isResizeable=true minWidth=-1 minHeight=-1 defaultMinSize=200 token=WCT{android.window.IWindowContainerToken$Stub$Proxy@8e5fb68} topActivityType=1 pictureInPictureParams=null shouldDockBigOverlays=false launchIntoPipHostTaskId=-1 lastParentTaskIdBeforePip=-1 displayCutoutSafeInsets=Rect(0, 104 - 0, 0) topActivityInfo=ActivityInfo{6f5eb81 com.google.android.apps.search.assistant.surfaces.voice.robin.ui.floaty.activity.FloatyActivity} launchCookies=[] positionInParent=Point(0, 0) parentTaskId=-1 isFocused=true isVisible=true isVisibleRequested=false isSleeping=false locusId=null displayAreaFeatureId=1 isTopActivityTransparent=true appCompatTaskInfo=AppCompatTaskInfo { topActivityInSizeCompat=false topActivityEligibleForLetterboxEducation= falseisLetterboxEducationEnabled= false isLetterboxDoubleTapEnabled= false topActivityEligibleForUserAspectRatioButton= false topActivityBoundsLetterboxed= false isFromLetterboxDoubleTap= false topActivityLetterboxVerticalPosition= -1 topActivityLetterboxHorizontalPosition= -1 topActivityLetterboxWidth=1080 topActivityLetterboxHeight=2460 isUserFullscreenOverrideEnabled=false isSystemFullscreenOverrideEnabled=false cameraCompatTaskInfo=CameraCompatTaskInfo { cameraCompatControlState=hidden freeformCameraCompatMode=inactive}} isImmersive=false mTopActivityRequestOrientation=-2 mBehindAppLockPkg=null mOriginatingUid=0 isEmbedded=false shouldBeVisible=false mIsCastMode=false mTopActivityMediaSize=null mTopActivityRecordName=ActivityRecord{6d71709 u0 com.google.android.googlequicksearchbox/com.google.android.apps.search.assistant.surfaces.voice.robin.ui.floaty.activity.FloatyActivity t37027} mTopActivityOrientation=-2}
03-02 11:15:40.516  1999  2684 D RecentsModel: preloadRecents runningTaskId:37027, mCurrentRunningTaskId:-1, mRecentsTaskLoadPlan=com.android.systemui.shared.recents.model.RecentsTaskLoadPlan@b3cc426
03-02 11:15:40.518  1999  2684 E ActivityManagerWrapper: get all recent tasks force including 37027
03-02 11:15:40.525 15743 15743 I MessageMonitor: Load libmiui_runtime
03-02 11:15:40.530  1999  2684 D ActivityManagerWrapper: groupedRecentTaskInfoCompat.getMainTaskId :37027, isExcluded is True
03-02 11:15:40.530  1999  2684 E ActivityManagerWrapper: getRecentTasksForceIncludingTaskIdIfValid: getRecentTasks: size=4
03-02 11:15:40.530  1999  2684 E ActivityManagerWrapper:  mainTaskId=37036   userId=0   windowMode=1   baseIntent=Intent { act=null flag=268435456 cmp=ComponentInfo{com.softnation.Ojam/com.softnation.Ojam.MainActivity} }
03-02 11:15:40.530  1999  2684 E ActivityManagerWrapper:  mainTaskId=37027   userId=0   windowMode=1   baseIntent=Intent { act=null flag=344260608 cmp=ComponentInfo{com.google.android.googlequicksearchbox/com.google.android.apps.search.assistant.surfaces.voice.robin.ui.floaty.activity.FloatyActivity} }
03-02 11:15:40.530  1999  2684 E ActivityManagerWrapper:  mainTaskId=37019   userId=0   windowMode=1   baseIntent=Intent { act=null flag=268435456 cmp=ComponentInfo{com.whatsapp/com.whatsapp.home.ui.HomeActivity} }
03-02 11:15:40.530  1999  2684 E ActivityManagerWrapper:  mainTaskId=36980   userId=0   windowMode=1   baseIntent=Intent { act=android.intent.action.MAIN flag=270532608 cmp=ComponentInfo{com.twitter.android/com.twitter.android.StartActivity} }
03-02 11:15:40.532  1621  3051 D SymlinkUtils: attachApplication file op go pass: 0 ms
03-02 11:15:40.536  1621  1918 E HyperSentinel: -------------------------------------------------------
03-02 11:15:40.536  1621  1918 E HyperSentinel: Event_ThreadAmount
03-02 11:15:40.536  1621  1918 E HyperSentinel: -> audit event by proc 15743 "usap64": running threads amount, 0 -> 12
03-02 11:15:40.537  1621  1918 E HyperSentinel: -------------------------------------------------------
03-02 11:15:40.537  1621  1918 E HyperSentinel: Event_ResidentSize
03-02 11:15:40.537  1621  1918 E HyperSentinel: -> audit event by proc 15743 "usap64": RSS increasement, peak 73188kb -> 109788kb
03-02 11:15:40.544  1621  1648 D Aurogon :  uid = 10337 switch to FG
03-02 11:15:40.546  1621  3051 W MiuiBoosterUtils: enable_miuibooster_launch : false
03-02 11:15:40.546  1621  2197 D ActivityManager: getProcessesInErrorState callingUid=10126, CallingPid=18142
03-02 11:15:40.546  1999  2684 D TaskSnapshotCompatVV: getIsInvalidateFromTaskSnapshot, return, mTaskSnapshot=null, mTaskSnapshotClazz=null
03-02 11:15:40.546  1621  1894 D isUidValid: uid = 10337
03-02 11:15:40.546  1621  1842 I MiuiNetworkPolicy: updateUidState uid = 10337, uidState = 2
03-02 11:15:40.559 15743 15743 I JavaheapMonitor: Disabled. Process name: <pre-initialized>
03-02 11:15:40.561 15743 21181 D MiuiDownscaleImpl: set override inverted scale : 1.0
03-02 11:15:40.563 15743 15743 D MiuiMonitorThread: Shared singleton Thread for stability monitor start
03-02 11:15:40.565 15743 21181 D AppScoutStateMachine: 15743-ScoutStateMachinecreated
03-02 11:15:40.605  1999  2414 W com.miui.home: ApkAssets: Deleting an ApkAssets object '<empty> and /data/app/~~Bh61wenJZi6JNVEuOkVQfQ==/com.softnation.Ojam-nnCVAdHxKfOmup5FCuBDYQ==/base.apk' with 1 weak references
03-02 11:15:40.607 15743 15743 D ActivityThread: setEmbeddedParam packageName=com.softnation.Ojam processName=com.softnation.Ojam isEmbedded=false isIsolated=false
03-02 11:15:40.614  1999  2414 W com.miui.home: ApkAssets: Deleting an ApkAssets object '<empty> and /data/app/~~oIjnrBTtgvZY39sVcpiyyA==/com.twitter.android-bVGUa6Y_AsmsaPK_zNNUfw==/base.apk' with 1 weak references
03-02 11:15:40.615  1999  2414 W com.miui.home: ApkAssets: Deleting an ApkAssets object '<empty> and /data/app/~~oIjnrBTtgvZY39sVcpiyyA==/com.twitter.android-bVGUa6Y_AsmsaPK_zNNUfw==/split_config.arm64_v8a.apk' with 1 weak references
03-02 11:15:40.615  1999  2414 W com.miui.home: ApkAssets: Deleting an ApkAssets object '<empty> and /data/app/~~oIjnrBTtgvZY39sVcpiyyA==/com.twitter.android-bVGUa6Y_AsmsaPK_zNNUfw==/split_config.en.apk' with 1 weak references
03-02 11:15:40.616  1999  2414 W com.miui.home: ApkAssets: Deleting an ApkAssets object '<empty> and /data/app/~~oIjnrBTtgvZY39sVcpiyyA==/com.twitter.android-bVGUa6Y_AsmsaPK_zNNUfw==/split_config.xxhdpi.apk' with 1 weak references
03-02 11:15:40.623  1999  2414 W com.miui.home: ApkAssets: Deleting an ApkAssets object '<empty> and /data/app/~~FVqF6h2ldNmCnMl0N8H-cQ==/com.xiaomi.mipicks-d1so7Mq-1Mt8qtMhOz41VQ==/base.apk' with 1 weak references
03-02 11:15:40.710   863   958 I mtkpower@impl: [powerd_req] TIMER_MSG_PERF_LOCK_TIMEOUT hdl:366867
03-02 11:15:40.710   863   958 I libPowerHal: [perfLockRel] hdl:366867, idx:1
03-02 11:15:40.711   863   958 I libPowerHal: [PD] MTKPOWER_HINT_PACK_SWITCH update ONESHOT(unset) cmd:10000700 param:16129 pr:3
03-02 11:15:40.711   863   958 I libPowerHal: [perfLockRel] Done for hdl : 366867
03-02 11:15:40.727  1621  1842 I MiuiNetworkPolicy: updateUidState uid = 10383, uidState = 19
03-02 11:15:40.732  1621  1842 I MiuiNetworkPolicy: updateUidState uid = 10383, uidState = 11
03-02 11:15:40.766  1621  1907 D ProcessManager: real remove inactive uid : 10337 flag : 1
03-02 11:15:40.766  1621  1621 D BatteryStatsManagerStub: audio off uid=10337
03-02 11:15:40.771   849   849 I hwcomposer: [HWCDisplay] (0 updateFps():3667), (type:1, mode:2) fps:55.862137,dur:1002.47,max:32.05,min:10.94  
03-02 11:15:40.796 17840 18081 E msys    : E[N mns]_OnDiskCacheGetData(632)=>Start post callback cache refresh DNS resolution
03-02 11:15:40.800   861   947 I libPerfCtl: xgfGetFPS pid:921 fps:-1
03-02 11:15:40.800   861   947 I libPerfCtl: xgfGetFPS pid:1999 fps:-1
03-02 11:15:40.800   861   947 I libPerfCtl: xgfGetFPS pid:2363 fps:-1
03-02 11:15:40.800   861   947 I libPerfCtl: xgfGetFPS pid:11917 fps:-1
03-02 11:15:40.800   861   947 I libPerfCtl: xgfGetFPS pid:13966 fps:-1
03-02 11:15:40.800   861   947 I libPerfCtl: xgfGetFPS pid:14013 fps:-1
03-02 11:15:40.801 17840 18081 E msys    : E[N mns]_LogError(228)=>Failed to resolve using system DNS resolver, getaddrinfo(): No address associated with hostname
03-02 11:15:40.801 17840 18081 E msys    : E[N mns]_OnDiskCacheGetData(632)=>Start post callback cache refresh DNS resolution
03-02 11:15:40.804 17840 18081 E msys    : E[N mns]_LogError(228)=>Failed to resolve using system DNS resolver, getaddrinfo(): No address associated with hostname
03-02 11:15:40.902  1055  1191 D connsyslogger: data recycle:time out
03-02 11:15:40.902  1055  1191 D connsyslogger: idx=0 Bootup Log: 2 log files! filecount=3 
03-02 11:15:40.922  2350  2350 W Settings: Setting airplane_mode_on has moved from android.provider.Settings.System to android.provider.Settings.Global, returning read-only value.
03-02 11:15:40.925  2350  2350 W Settings: Setting airplane_mode_on has moved from android.provider.Settings.System to android.provider.Settings.Global, returning read-only value.
03-02 11:15:40.928  2350 29580 D NetworkSpeedTracker: updateSignalInfo lteRsrp=-70lteSnr=19,phoneId=1
03-02 11:15:40.932  2350 29580 D NetworkSpeedTracker: updateSignalInfo lteRsrp=-70lteSnr=19,phoneId=1
03-02 11:15:40.980  1621  3051 D FileUtils: Rounded bytes from 8055762944 to 16000000000
03-02 11:15:40.987 13966 14104 V ClearcutMetricXmitter: Transmission is done.
03-02 11:15:40.994 13966 14104 V ClearcutMetricXmitter: Transmission is done.
03-02 11:15:40.995  2363  2540 E SurfaceComposerClient: SurfaceComposerClient::Transaction::setAlpha: invalid alpha 1.000005, clamping
03-02 11:15:41.004  1621  1621 D UiModeManager: updateConfigurationLocked: mDockState=0; mCarMode=false; mCar=false; mPowerSave=false; mOverrideNightModeOn=false; mOverrideNightModeOff=false; mComputedNightMode=true; mNightModeValue=2; uiMode=42
03-02 11:15:41.009  6027  6027 I PowerSaveService: onReceive: android.intent.action.BATTERY_CHANGED
03-02 11:15:41.010  6515  8177 D PowerCheckerService: onBatteryChanged, mBatteryLevel = 43, status = 2, level = 43, plug = 2, scale = 100
03-02 11:15:41.010  6515  6997 I ProcAudioPowerManager: onBatteryChanged, onBattery is false
03-02 11:15:41.010  6515  6997 D PowerKeeper.FrozenApp: onBatteryChanged plug=true mBatteryPlugged=2
03-02 11:15:41.011  6515  8142 D PowerKeeper.Thermal: mBatteryTemperature: 40
03-02 11:15:41.011  2363  2540 E SurfaceComposerClient: SurfaceComposerClient::Transaction::setAlpha: invalid alpha 1.000044, clamping
03-02 11:15:41.012  6027  6027 I PowerNoticeUI: handleBatteryChanged oldPlugType 2 mPlugType 2 oldBatteryLevel 43 mBatteryLevel 43 temperature 400
03-02 11:15:41.012  6027  6027 I ChargerBatteryIntelligenceReceiver: onBatteryChanged temperature∩╝Ü40,plugType:2
03-02 11:15:41.012  6027  6027 I ChargerBatteryIntelligenceReceiver: dissmissTempFastChargeReminder not support
03-02 11:15:41.012  6027  6027 D BaseChargeProtect_HighTemp: mCountByMinute:0,isScreenOn:true
03-02 11:15:41.014  6027  6027 I android_os_HwBinder: HwBinder: Starting thread pool for getting: vendor.xiaomi.hardware.micharge@1.0::IMiCharge/default
03-02 11:15:41.016   872 24120 I vendor.xiaomi.hardware.micharge@1.0-service: ReadFilePathValue path = /sys/class/power_supply/usb/real_type value = USB
03-02 11:15:41.016  6027  6027 I IMiChargeUtils: getIMiChargeStringValue method:getBatteryChargeType,value:USB
03-02 11:15:41.016  6027  6027 I IMiChargeUtils: getBatteryChargeType : USB
03-02 11:15:41.016  6027  6027 I ChargeTimeUtilsV2: chargeType:USB
03-02 11:15:41.016  6027  6027 I PowerFeatureUtils: getVendorName:mediatek
03-02 11:15:41.017  6027  6027 I PowerFeatureUtils: getVendorName:mediatek
03-02 11:15:41.025  3510  3510 W libc    : Unable to set property "persist.vendor.accelerate.charge" to "false": PROP_ERROR_PERMISSION_DENIED (0x18)
03-02 11:15:41.028  2363  2540 E SurfaceComposerClient: SurfaceComposerClient::Transaction::setAlpha: invalid alpha 1.000063, clamping
03-02 11:15:41.045  2363  2540 E SurfaceComposerClient: SurfaceComposerClient::Transaction::setAlpha: invalid alpha 1.000064, clamping
03-02 11:15:41.045  2363  2540 E SurfaceComposerClient: SurfaceComposerClient::Transaction::setAlpha: invalid alpha 1.000064, clamping
03-02 11:15:41.046   894  1349 D StreamHalAidl: 0xb400007450ca2e50 StreamOutHalAidl::standby
03-02 11:15:41.046   894  1349 D StreamHalAidl: 0xb400007450ca2e50 StreamOutHalAidl::pause
03-02 11:15:41.046   843  1348 D AHAL_Stream: cycle: received command Command{pause: Void{}} in writer
03-02 11:15:41.046   843  1348 I AHAL_Stream: pause()
03-02 11:15:41.046   843  1348 D MTKAdapterStreamLayer: pause(), 
03-02 11:15:41.046  2363  2477 D SoScUtils: monitorTransitionFinished transition:android.os.BinderProxy@e27dbf2 transaction: android.view.SurfaceControl$Transaction@e85ad4c mRequestCloseTransition:null mRequestOpenTransition:null mRequestOpenTransitionWithSameTask size:0 mPairsOpenTransition:null mPairsOpenTransitionNull:null mRequestOpenTriggerTask:-1 mRequestCloseTriggerTask:-1 mOrientationTransition: null mMainStartingTask:-1 mSideStartingTask:-1
03-02 11:15:41.047   843  1348 D AudioALSAStreamOut: pause() 0xb40000786189d7a0
03-02 11:15:41.047   843  1348 D AHAL_Stream: cycle: writing reply Reply{status: 0, fmqByteCount: 0, observable: Position{frames: 4810633324, timeNs: 611734596131538}, hardware: Position{frames: -1, timeNs: -1}, latencyMs: 85, xrunFrames: 0, state: PAUSED}
03-02 11:15:41.047   894  1349 D StreamHalAidl: 0xb400007450ca2e50 StreamOutHalAidl::flush
03-02 11:15:41.047   843  1348 D AHAL_Stream: cycle: received command Command{flush: Void{}} in writer
03-02 11:15:41.047   843  1348 I AHAL_Stream: flush()
03-02 11:15:41.047   843  1348 D MTKAdapterStreamLayer: flush(), 
03-02 11:15:41.047   843  1348 D AudioALSAStreamOut: flush() 0xb40000786189d7a0
03-02 11:15:41.047   843  1348 D AHAL_Stream: cycle: writing reply Reply{status: 0, fmqByteCount: 0, observable: Position{frames: 4810633356, timeNs: 611734596807768}, hardware: Position{frames: -1, timeNs: -1}, latencyMs: 85, xrunFrames: 0, state: IDLE}
03-02 11:15:41.048   843  1348 D AHAL_Stream: cycle: received command Command{standby: Void{}} in writer
03-02 11:15:41.048   843  1348 D AudioALSAStreamOut: standby(), flag 8
03-02 11:15:41.048   843  1348 D AudioALSAStreamOut: standbyStreamOut(), halRequest 0, mDestroy 0, flag 8
03-02 11:15:41.048   843  1348 D AudioALSAStreamOut: close_l(), flags 8
03-02 11:15:41.048   843  1348 D AudioALSAHardware: [DEBUG] setDeviceStatusChanged: devices=[0x2], isOpen=[0], isFast=[0]
03-02 11:15:41.049   843  1348 D AudioALSAPlaybackHandlerMixer: close(+), source flag 8, mDevice = 0x2, buffer_size 16384
03-02 11:15:41.049   843  1348 D audio_sw_mixer: sw_mixer_source_detach(), MIXER_PLAYBACK  , name T_DEEP
03-02 11:15:41.049   843  1348 D audio_sw_mixer: sw_mixer_manager_destroy_path(), MIXER_PLAYBACK  , path T_DEEP=>T_PRIMARY
03-02 11:15:41.049   843  1348 D audio_sw_mixer: dump_path_list(), MIXER_PLAYBACK  , no path
03-02 11:15:41.049   843  1348 D audio_sw_mixer: sw_mixer_target_detach(), MIXER_PLAYBACK  , name T_PRIMARY
03-02 11:15:41.049   843  1058 D audio_sw_mixer: sw_mixer_wait_to_mix(), MIXER_PLAYBACK  , target T_PRIMARY    thread exit direct mode
03-02 11:15:41.049   843  1058 D audio_sw_mixer: sw_mixer_mix_thread(), thread mix1:0 idle
03-02 11:15:41.049   843  1348 D AudioALSAPlaybackHandlerNormal: +close(), flag = 8, mDevice = 0x2
03-02 11:15:41.049   843  1348 D AudioALSAHardwareResourceManager: +stopOutputDevice(), mOutputDevices = 0x2, mStartOutputDevicesCount = 69
03-02 11:15:41.050   921  1587 D SurfaceFlinger: [SF client] REMOVE (0xb400007caea26440) for (1621:system_server)
03-02 11:15:41.050  1621  1638 D WindowManager: Finish Transition (#10165): created at 03-02 11:15:40.250 collect-started=0.099ms request-sent=18.491ms started=26.966ms ready=180.49ms sent=193.278ms finished=798.652ms
03-02 11:15:41.050   921  1587 I SurfaceFlinger: onHandleDestroyed: name=ActivityRecord{4300f93 u0 com.softnation.Ojam/.MainActivity t37035}#133939, layerId=133939, parentId=0
03-02 11:15:41.050   921  1587 I SurfaceFlinger: onHandleDestroyed: name=abddc6b com.softnation.Ojam/com.softnation.Ojam.MainActivity#133947, layerId=133947, parentId=0
03-02 11:15:41.050   921  1587 I SurfaceFlinger: onHandleDestroyed: name=com.softnation.Ojam/com.softnation.Ojam.MainActivity#133948, layerId=133948, parentId=0
03-02 11:15:41.052   843  1348 D AudioALSAPlaybackHandlerBase: -closePcmDriver(), mPcm = 0x0
03-02 11:15:41.052   843  1348 D AudioALSADeviceConfigManager: ApplyDeviceTurnoffSequenceByName(), DeviceName = PLAYBACK2_TO_ADDA_DL descriptor->DeviceStatusCounter = 1, Ctlsize=4
03-02 11:15:41.052   843  1348 D AudioALSAPlaybackHandlerBase: DestroyAurisysLibManager()
03-02 11:15:41.052   843  1348 D aurisys_lib_handler: aurisys_arsi_destroy_handler(), lib_name aurisys_demo, 0xb40000788188f460, arsi_destroy_handler, arsi_handler = 0xb4000078818905a0, retval = 0
03-02 11:15:41.052   843  1348 D sixth_if_gift: sixth_arsi_destroy_handler : run !!!
03-02 11:15:41.052   843  1348 E sixth_if_gift: sixth_vdd_timer_stop, timer not start
03-02 11:15:41.052   843  1348 D sixth_if_gift: tuning_misc_dev_close : run !!!
03-02 11:15:41.052   843  1348 D sixth_core: size = 307168
03-02 11:15:41.052   843  1348 D sixth_core: [sixth_core_if_exit]  : done 
03-02 11:15:41.052   843  1348 D sixth_if_gift: sixth_arsi_destroy_handler : done !!!
03-02 11:15:41.052   843  1348 D aurisys_lib_handler: aurisys_arsi_destroy_handler(), lib_name sia81xx_sixth, 0xb40000788189d8f0, arsi_destroy_handler, arsi_handler = 0xb4000079bcf14eb0, retval = 0
03-02 11:15:41.053   843  1348 D aurisys_lib_manager: delete_aurisys_lib_manager(), manager 0xb4000077d18b1250
03-02 11:15:41.053   843  1348 D AudioALSAPlaybackHandlerNormal: -close()
03-02 11:15:41.053   843  1348 D AudioALSAPlaybackHandlerBase: DestroyAurisysLibManager()
03-02 11:15:41.053   843  1348 I android.hardware.audio.service-aidl.mediatek: misound4_arsi_destroy_handler misound_arsi_destroy_handler
03-02 11:15:41.053   843  1348 D aurisys_lib_handler: aurisys_arsi_destroy_handler(), lib_name misound, 0xb400007881896030, arsi_destroy_handler, arsi_handler = 0xb4000078f196a420, retval = 0
03-02 11:15:41.053   843  1348 D aurisys_lib_manager: delete_aurisys_lib_manager(), manager 0xb4000077d18b1bf0
03-02 11:15:41.053  1621  2197 I Transition: finishTransition: updateLastSurfacePosition tf=Task{7900b11 #37036 type=standard A=10337:com.softnation.Ojam}
03-02 11:15:41.053   843  1348 D AudioALSAPlaybackHandlerMixer: close(-)
03-02 11:15:41.053   843  1348 D AudioALSAStreamManager: routingOutputDeviceForIEMs()
03-02 11:15:41.053   843  1348 D AHAL_Stream: cycle: writing reply Reply{status: 0, fmqByteCount: 0, observable: Position{frames: 4810633372, timeNs: 611734597132691}, hardware: Position{frames: -1, timeNs: -1}, latencyMs: 85, xrunFrames: 0, state: STANDBY}
03-02 11:15:41.054  1621  1621 D UiModeManager: updateConfigurationLocked: mDockState=0; mCarMode=false; mCar=false; mPowerSave=false; mOverrideNightModeOn=false; mOverrideNightModeOff=false; mComputedNightMode=true; mNightModeValue=2; uiMode=42
03-02 11:15:41.055 13966 13966 D VRI[FloatyActivity]: visibilityChanged oldVisibility=true newVisibility=false
03-02 11:15:41.055   921  1587 W VsyncModulator: setTransactionSchedule: Unexpected EarlyEnd
03-02 11:15:41.056 14013 14013 D VRI[LauncherMinusOneScreen]: visibilityChanged oldVisibility=true newVisibility=false
03-02 11:15:41.058  2363  2477 I RemoteTransitionHandlerStubImpl: invokeAndRemoveWctCB transition is null, curWctCB: null
03-02 11:15:41.055 11917 11917 D VRI[globalminusscreen]: visibilityChanged oldVisibility=true newVisibility=false
03-02 11:15:41.053  1999  1999 D VRI[Launcher]: visibilityChanged oldVisibility=true newVisibility=false
03-02 11:15:41.059  6027  6027 I PowerSaveService: onReceive: android.intent.action.BATTERY_CHANGED
03-02 11:15:41.060  1621  2197 W UserManagerService: Requested status bar icon for non-badged user 0
03-02 11:15:41.060  6027  6027 I PowerNoticeUI: handleBatteryChanged oldPlugType 2 mPlugType 2 oldBatteryLevel 43 mBatteryLevel 43 temperature 400
03-02 11:15:41.060  2061  2061 I MiuiWallpaper-MiuiKeyguardPictorialWallpaper: onVisibilityChanged, visible = false, ret=true
03-02 11:15:41.060  6027  6027 I ChargerBatteryIntelligenceReceiver: onBatteryChanged temperature∩╝Ü40,plugType:2
03-02 11:15:41.060  6027  6027 D BaseChargeProtect_HighTemp: mCountByMinute:0,isScreenOn:true
03-02 11:15:41.061  6515  8177 D PowerCheckerService: onBatteryChanged, mBatteryLevel = 43, status = 2, level = 43, plug = 2, scale = 100
03-02 11:15:41.061  2061  2061 I MiuiWallpaper-ImageWallpaper: onVisibilityChanged, visible = false, ret=true
03-02 11:15:41.062  6515  8142 D PowerKeeper.Thermal: mBatteryTemperature: 40
03-02 11:15:41.063  6515  6997 I ProcAudioPowerManager: onBatteryChanged, onBattery is false
03-02 11:15:41.063  6515  6997 D PowerKeeper.FrozenApp: onBatteryChanged plug=true mBatteryPlugged=2
03-02 11:15:41.064  1621  2188 W UserManagerService: Requested status bar icon for non-badged user 0
03-02 11:15:41.064  6027  6027 I android_os_HwBinder: HwBinder: Starting thread pool for getting: vendor.xiaomi.hardware.micharge@1.0::IMiCharge/default
03-02 11:15:41.067   921   921 I BufferQueueDebug: [com.softnation.Ojam/com.softnation.Ojam.MainActivity#133948](this:0xb400007bcebbf2d8,id:-1,api:0,p:-1,c:921) onDestructor()
03-02 11:15:41.067   921  1484 E BpTransactionCompletedListener: Failed to transact (-32)
03-02 11:15:41.067   872 24120 I vendor.xiaomi.hardware.micharge@1.0-service: ReadFilePathValue path = /sys/class/power_supply/usb/real_type value = USB
03-02 11:15:41.068   921   921 I BufferQueueDebug: [abddc6b com.softnation.Ojam/com.softnation.Ojam.MainActivity#133947](this:0xb400007bcec80d18,id:-1,api:0,p:-1,c:921) onDestructor()
03-02 11:15:41.068   921   921 I BufferQueueDebug: [ActivityRecord{4300f93 u0 com.softnation.Ojam/.MainActivity t37035}#133939](this:0xb400007bceca8af8,id:-1,api:0,p:-1,c:921) onDestructor()
03-02 11:15:41.068   921   921 I SurfaceFlinger: onHandleDestroyed: name=Transition Root #10165: Task=37036#134015, layerId=134015, parentId=0
03-02 11:15:41.070  6027  6027 I IMiChargeUtils: getIMiChargeStringValue method:getBatteryChargeType,value:USB
03-02 11:15:41.070  6027  6027 I IMiChargeUtils: getBatteryChargeType : USB
03-02 11:15:41.070  6027  6027 I ChargeTimeUtilsV2: chargeType:USB
03-02 11:15:41.070  6027  6027 I PowerFeatureUtils: getVendorName:mediatek
03-02 11:15:41.070  6027  6027 I PowerFeatureUtils: getVendorName:mediatek
03-02 11:15:41.070  1621  1651 I ActivityTaskManager: visible for Task{7900b11 #37036 type=standard A=10337:com.softnation.Ojam} visible = true isAnimating = false TRANSITION = false PARENTS = false CHILDREN = false
03-02 11:15:41.073   921   921 I MI-SF   : surfaceflinger setAffinity mode=0
03-02 11:15:41.074   921   921 E MI-SF   : surfaceflinger setAffinity success
03-02 11:15:41.077  2363  2477 D MiuiFreeformModeCornerTipHandler: task#37027 onTaskVanished
03-02 11:15:41.077  2363  2477 I MiuiBubbleController: removeBubble: 37027 reason=2
03-02 11:15:41.077  2363  2477 I MultiTaskingTaskInfo: before call clearMaskControl task id = 37027, CoverLayerController = null, callers=com.android.wm.shell.multitasking.taskmanager.MultiTaskingTaskListener.onTaskInfoChanged:268 com.android.wm.shell.ShellTaskOrganizer.onTaskInfoChanged:145 android.window.TaskOrganizer$1.lambda$onTaskInfoChanged$7:322 android.window.TaskOrganizer$1.$r8$lambda$WEHIPeFifg1My6LbK9dElRxchX4:0 android.window.TaskOrganizer$1$$ExternalSyntheticLambda7.run:0 
03-02 11:15:41.078  2363  2477 I MultiTaskingTaskRepository: onTaskInfoChanged multi list = [5, 4], full = [37036, 37027, 37019, 36980]
03-02 11:15:41.080  1621  1651 D MiuiRefreshRatePolicy: reset
03-02 11:15:41.080  2363  2477 I MultiTaskingTaskRepository: needSkip: is home task
03-02 11:15:41.080  1999 27254 D EventBus: No subscribers registered for event class com.miui.home.recents.messages.RecentTasksChangedEvent
03-02 11:15:41.080  1999 27254 D EventBus: No subscribers registered for event class org.greenrobot.eventbus.NoSubscriberEvent
03-02 11:15:41.081  1999 27254 D EventBus: No subscribers registered for event class com.miui.home.recents.messages.RecentTasksChangedEvent
03-02 11:15:41.081  1999 27254 D EventBus: No subscribers registered for event class org.greenrobot.eventbus.NoSubscriberEvent
03-02 11:15:41.081  1999  2684 D RecentsModel: onTaskStackChangedBackground    MSG_TASK_STACK_CHANGE
03-02 11:15:41.081  1999  2684 D RecentsModel: boostTaskStackChangedThread once, tid=2684, recentResourceLoaderTid=2525
03-02 11:15:41.081  1999  2684 W MiBridge: Permission not granted !!
03-02 11:15:41.081  1999  2684 D Launcher.Boost: setDynamicVIPTaskIfNeeded::tid = 2684 duration = 500
03-02 11:15:41.088   921   921 I BufferQueueDebug: [Transition Root #10165: Task=37036#134015](this:0xb400007bcec86838,id:-1,api:0,p:-1,c:921) onDestructor()
03-02 11:15:41.088  1621  2740 D MiuiRefreshRatePolicy: reset
03-02 11:15:41.090   921   921 I SurfaceFlinger: onHandleDestroyed: name=b724b3 ActivityRecordInputSink com.miui.home/.launcher.Launcher#134007, layerId=134007, parentId=0
03-02 11:15:41.090   921   921 I SurfaceFlinger: onHandleDestroyed: name=cb85cd3 ActivityRecordInputSink com.google.android.googlequicksearchbox/com.google.android.apps.search.assistant.surfaces.voice.robin.ui.floaty.activity.FloatyActivity#134008, layerId=134008, parentId=0
03-02 11:15:41.097  1621  1731 I SmartPower: com.google.android.googlequicksearchbox:search/10165(13966): visible->invisible(1095ms) R(become invisible) adj=0.
03-02 11:15:41.099  1621  1731 I SmartPower: com.google.android.googlequicksearchbox:googleapp/10165(14013): visible->invisible(1333ms) R(become invisible) adj=100.
03-02 11:15:41.099   849  1423 W hwcomposer: [DRMDEV] paramIsSame(), id 34843, w 1080/1080, h 2460/2460, pitch 1088/1088, format 0x1/0x2, secure 0/0  
03-02 11:15:41.100  1621  1731 I SmartPower: com.google.android.googlequicksearchbox:search/10165(13966): invisible->background(3ms) R(become background) adj=0.
03-02 11:15:41.101  1621  1731 I SmartPower: com.google.android.googlequicksearchbox:googleapp/10165(14013): invisible->background(4ms) R(become background) adj=100.
03-02 11:15:41.101 13966 13966 D BLASTBufferQueue: [VRI[FloatyActivity]#8](f:0,a:3) destructor()
03-02 11:15:41.101  1621  1731 I SmartPower: com.google.android.googlequicksearchbox:interactor/10165(5969): invisible->background(1359ms) R(become background) adj=100.
03-02 11:15:41.102   921  1170 I BpBinder: onLastStrongRef automatically unlinking death recipients: 
03-02 11:15:41.102  1621  1731 I SmartPower: com.miui.home/10166(1999): visible->invisible(1104ms) R(become invisible) adj=100.
03-02 11:15:41.102  1621  1731 I SmartPower: com.miui.home/10166(1999): invisible->background(0ms) R(become background) adj=100.
03-02 11:15:41.102 13966 13966 D BufferQueueConsumer: [VRI[FloatyActivity]#8(BLAST Consumer)8](id:368e00000008,api:0,p:-1,c:13966) disconnect
03-02 11:15:41.104  1621  1731 D MiuiRefreshRatePolicy: reset
03-02 11:15:41.105   921   921 I BufferQueueDebug: [b724b3 ActivityRecordInputSink com.miui.home/.launcher.Launcher#134007](this:0xb400007bcec5ea58,id:-1,api:0,p:-1,c:921) onDestructor()
03-02 11:15:41.106   921   921 I BufferQueueDebug: [cb85cd3 ActivityRecordInputSink com.google.android.googlequicksearchbox/com.google.android.apps.search.assistant.surfaces.voice.robin.ui.floaty.activity.FloatyActivity#134008](this:0xb400007bcecc2508,id:-1,api:0,p:-1,c:921) onDestructor()
03-02 11:15:41.111  1621  5247 D MiuiRefreshRatePolicy: reset
03-02 11:15:41.113 14013 14013 D BLASTBufferQueue: [VRI[LauncherMinusOneScreen]#19](f:0,a:1) destructor()
03-02 11:15:41.114   921  1587 I BpBinder: onLastStrongRef automatically unlinking death recipients: 
03-02 11:15:41.115 14013 14013 D BufferQueueConsumer: [VRI[LauncherMinusOneScreen]#19(BLAST Consumer)19](id:36bd00000013,api:0,p:-1,c:14013) disconnect
03-02 11:15:41.116  1621  2197 I SmartPower: com.mi.globalminusscreen/10162(11917): visible->invisible(1360ms) R(become invisible) adj=100.
03-02 11:15:41.116  1621  2197 I SmartPower: com.mi.globalminusscreen/10162(11917): invisible->background(1ms) R(become background) adj=100.
03-02 11:15:41.116  1621  1922 I SmartPower: com.google.android.adservices.api/10261(5464): idle->background(256341ms) R(add to whitelist) adj=0.
03-02 11:15:41.116  1999  1999 D BLASTBufferQueue: [VRI[Launcher]#1199](f:0,a:1) destructor()
03-02 11:15:41.117  1621  1922 I SmartPower: com.google.android.webview:sandboxed_process0:org.chromium.content.app.SandboxedPridle->background(256342ms) R(add to whitelist) adj=100.
03-02 11:15:41.117   921  1170 I BpBinder: onLastStrongRef automatically unlinking death recipients: 
03-02 11:15:41.117  1999  1999 D BufferQueueConsumer: [VRI[Launcher]#1199(BLAST Consumer)1199](id:7cf00000577,api:0,p:-1,c:1999) disconnect
03-02 11:15:41.117  1621  2197 D MiuiRefreshRatePolicy: reset
03-02 11:15:41.120  1621  2197 W UserManagerService: Requested status bar icon for non-badged user 0
03-02 11:15:41.120 11917 11917 D BLASTBufferQueue: [VRI[globalminusscreen]#40](f:0,a:1) destructor()
03-02 11:15:41.121  1621  3051 I ATMSImpl: cacheTasksForDefaultDisplay size=5
03-02 11:15:41.121   921  1170 I BpBinder: onLastStrongRef automatically unlinking death recipients: 
03-02 11:15:41.121 11917 11917 D BufferQueueConsumer: [VRI[globalminusscreen]#40(BLAST Consumer)40](id:2e8d00000028,api:0,p:-1,c:11917) disconnect
03-02 11:15:41.122  1621  4764 I ATMSImpl: cacheTasksForDefaultDisplay size=5
03-02 11:15:41.125  1999  2684 D RecentsModel: getRunningTask ignoreActivityType : 2 ,ignoreWindowMode:5
03-02 11:15:41.125  1999  2684 W RecentsModel: getRunningTask   taskInfo=TaskInfo{userId=0 taskId=37036 displayId=0 isRunning=true baseIntent=Intent { flg=0x10000000 cmp=com.softnation.Ojam/.MainActivity } baseActivity=ComponentInfo{com.softnation.Ojam/com.softnation.Ojam.MainActivity} topActivity=ComponentInfo{com.softnation.Ojam/com.softnation.Ojam.MainActivity} origActivity=null realActivity=ComponentInfo{com.softnation.Ojam/com.softnation.Ojam.MainActivity} numActivities=1 lastActiveTime=1029500546 supportsSplitScreenMultiWindow=true supportsMultiWindow=true resizeMode=1 isResizeable=true minWidth=-1 minHeight=-1 defaultMinSize=200 token=WCT{android.window.IWindowContainerToken$Stub$Proxy@80add5f} topActivityType=1 pictureInPictureParams=null shouldDockBigOverlays=false launchIntoPipHostTaskId=-1 lastParentTaskIdBeforePip=-1 displayCutoutSafeInsets=null topActivityInfo=ActivityInfo{28d63ac com.softnation.Ojam.MainActivity} launchCookies=[] positionInParent=Point(0, 0) parentTaskId=-1 isFocused=false isVisible=true isVisibleRequested=true isSleeping=false locusId=null displayAreaFeatureId=1 isTopActivityTransparent=false appCompatTaskInfo=AppCompatTaskInfo { topActivityInSizeCompat=false topActivityEligibleForLetterboxEducation= falseisLetterboxEducationEnabled= false isLetterboxDoubleTapEnabled= false topActivityEligibleForUserAspectRatioButton= false topActivityBoundsLetterboxed= false isFromLetterboxDoubleTap= false topActivityLetterboxVerticalPosition= -1 topActivityLetterboxHorizontalPosition= -1 topActivityLetterboxWidth=1080 topActivityLetterboxHeight=2460 isUserFullscreenOverrideEnabled=false isSystemFullscreenOverrideEnabled=false cameraCompatTaskInfo=CameraCompatTaskInfo { cameraCompatControlState=hidden freeformCameraCompatMode=inactive}} isImmersive=false mTopActivityRequestOrientation=1 mBehindAppLockPkg=null mOriginatingUid=0 isEmbedded=false shouldBeVisible=true mIsCastMode=false mTopActivityMediaSize=null mTopActivityRecordName=ActivityRecord{2e7df9b u0 com.softnation.Ojam/.MainActivity t37036} mTopActivityOrientation=1}
03-02 11:15:41.125  1999  2684 D RecentsModel: preloadRecents runningTaskId:37036, mCurrentRunningTaskId:-1, mRecentsTaskLoadPlan=com.android.systemui.shared.recents.model.RecentsTaskLoadPlan@d9a0875
03-02 11:15:41.127  1621  1651 I ActivityTaskManager: visible for Task{7900b11 #37036 type=standard A=10337:com.softnation.Ojam} visible = true isAnimating = false TRANSITION = false PARENTS = false CHILDREN = false
03-02 11:15:41.127  1999  2684 E ActivityManagerWrapper: get all recent tasks force including 37036
03-02 11:15:41.131  1621  3051 I ATMSImpl: cacheTasksForDefaultDisplay size=5
03-02 11:15:41.133  1621  1651 I ActivityTaskManager: visible for Task{7900b11 #37036 type=standard A=10337:com.softnation.Ojam} visible = true isAnimating = false TRANSITION = false PARENTS = false CHILDREN = false
03-02 11:15:41.135  1621  2197 W UserManagerService: Requested status bar icon for non-badged user 0
03-02 11:15:41.137  1999  2684 D ActivityManagerWrapper: groupedRecentTaskInfoCompat.getMainTaskId :37027, isExcluded is True
03-02 11:15:41.137  1999  2684 E ActivityManagerWrapper: getRecentTasksForceIncludingTaskIdIfValid: getRecentTasks: size=4
03-02 11:15:41.137  1999  2684 E ActivityManagerWrapper:  mainTaskId=37036   userId=0   windowMode=1   baseIntent=Intent { act=null flag=268435456 cmp=ComponentInfo{com.softnation.Ojam/com.softnation.Ojam.MainActivity} }
03-02 11:15:41.137  1999  2684 E ActivityManagerWrapper:  mainTaskId=37027   userId=0   windowMode=1   baseIntent=Intent { act=null flag=344260608 cmp=ComponentInfo{com.google.android.googlequicksearchbox/com.google.android.apps.search.assistant.surfaces.voice.robin.ui.floaty.activity.FloatyActivity} }
03-02 11:15:41.137  1999  2684 E ActivityManagerWrapper:  mainTaskId=37019   userId=0   windowMode=1   baseIntent=Intent { act=null flag=268435456 cmp=ComponentInfo{com.whatsapp/com.whatsapp.home.ui.HomeActivity} }
03-02 11:15:41.137  1999  2684 E ActivityManagerWrapper:  mainTaskId=36980   userId=0   windowMode=1   baseIntent=Intent { act=android.intent.action.MAIN flag=270532608 cmp=ComponentInfo{com.twitter.android/com.twitter.android.StartActivity} }
03-02 11:15:41.144  1999  2684 D TaskSnapshotCompatVV: getIsInvalidateFromTaskSnapshot, return, mTaskSnapshot=null, mTaskSnapshotClazz=null
03-02 11:15:41.165   921   921 I BufferQueueProducer: [NavigationBar0#101619](this:0xb400007bced454e8,id:-1,api:0,p:-1,c:921) queueBuffer: fps=11.84 dur=1182.16 max=948.66 min=13.05
03-02 11:15:41.182  1621  1918 E HyperSentinel: -------------------------------------------------------
03-02 11:15:41.182  1621  1918 E HyperSentinel: Event_ResidentSize
03-02 11:15:41.182  1621  1918 E HyperSentinel: -> audit event by proc 15743 "usap64": RSS increasement, peak 109788kb -> 164688kb
03-02 11:15:41.364  1621  1621 D UiModeManager: updateConfigurationLocked: mDockState=0; mCarMode=false; mCar=false; mPowerSave=false; mOverrideNightModeOn=false; mOverrideNightModeOff=false; mComputedNightMode=true; mNightModeValue=2; uiMode=42
03-02 11:15:41.368  6027  6027 I PowerSaveService: onReceive: android.intent.action.BATTERY_CHANGED
03-02 11:15:41.368  6515  8177 D PowerCheckerService: onBatteryChanged, mBatteryLevel = 43, status = 2, level = 43, plug = 2, scale = 100
03-02 11:15:41.368  6515  6997 I ProcAudioPowerManager: onBatteryChanged, onBattery is false
03-02 11:15:41.368  6515  6997 D PowerKeeper.FrozenApp: onBatteryChanged plug=true mBatteryPlugged=2
03-02 11:15:41.369  6027  6027 I PowerNoticeUI: handleBatteryChanged oldPlugType 2 mPlugType 2 oldBatteryLevel 43 mBatteryLevel 43 temperature 400
03-02 11:15:41.369  6515  8142 D PowerKeeper.Thermal: mBatteryTemperature: 40
03-02 11:15:41.369  6027  6027 I ChargerBatteryIntelligenceReceiver: onBatteryChanged temperature∩╝Ü40,plugType:2
03-02 11:15:41.369  6027  6027 D BaseChargeProtect_HighTemp: mCountByMinute:0,isScreenOn:true
03-02 11:15:41.370  6027  6027 I android_os_HwBinder: HwBinder: Starting thread pool for getting: vendor.xiaomi.hardware.micharge@1.0::IMiCharge/default
03-02 11:15:41.373   872 24120 I vendor.xiaomi.hardware.micharge@1.0-service: ReadFilePathValue path = /sys/class/power_supply/usb/real_type value = USB
03-02 11:15:41.373  6027  6027 I IMiChargeUtils: getIMiChargeStringValue method:getBatteryChargeType,value:USB
03-02 11:15:41.373  6027  6027 I IMiChargeUtils: getBatteryChargeType : USB
03-02 11:15:41.373  6027  6027 I ChargeTimeUtilsV2: chargeType:USB
03-02 11:15:41.373  6027  6027 I PowerFeatureUtils: getVendorName:mediatek
03-02 11:15:41.373  6027  6027 I PowerFeatureUtils: getVendorName:mediatek
03-02 11:15:41.464  1621  2197 D AS.BtHelper: isBluetoothScoOn() mBluetoothHeadset is null: falsemBluetoothHeadsetDevice is null: true
03-02 11:15:41.464  1621  2197 V AS.AudioDeviceBroker: requestedCommunicationDevice: null mAudioModeOwner: AudioModeInfo: mMode=MODE_NORMAL, mPid=0, mUid=0
03-02 11:15:41.465  1621  2197 D AS.BtHelper: isBluetoothScoOn() mBluetoothHeadset is null: falsemBluetoothHeadsetDevice is null: true
03-02 11:15:41.465  1621  2197 V AS.AudioDeviceBroker: requestedCommunicationDevice: null mAudioModeOwner: AudioModeInfo: mMode=MODE_NORMAL, mPid=0, mUid=0
03-02 11:15:41.473  1055  1186 D connsyslogger: SD_LOG_ROOT is /data/debuglogger/connsyslog/fw.
