03-02 10:57:48.522  1621  1843 D UntrustedWifiNetworkFactory: got request NetworkRequest [ REQUEST id=242253, [ Capabilities: INTERNET&NOT_RESTRICTED&TRUSTED&NOT_VCN_MANAGED&NOT_BANDWIDTH_CONSTRAINED Uid: 10337 RequestorUid: 10337 RequestorPkg: com.softnation.Ojam UnderlyingNetworks: Null] ]
03-02 10:57:48.523  1621  1843 D OemPaidWifiNetworkFactory: got request NetworkRequest [ REQUEST id=242253, [ Capabilities: INTERNET&NOT_RESTRICTED&TRUSTED&NOT_VCN_MANAGED&NOT_BANDWIDTH_CONSTRAINED Uid: 10337 RequestorUid: 10337 RequestorPkg: com.softnation.Ojam UnderlyingNetworks: Null] ]
03-02 10:57:48.525  1621  1843 D MultiInternetWifiNetworkFactory: got request NetworkRequest [ REQUEST id=242253, [ Capabilities: INTERNET&NOT_RESTRICTED&TRUSTED&NOT_VCN_MANAGED&NOT_BANDWIDTH_CONSTRAINED Uid: 10337 RequestorUid: 10337 RequestorPkg: com.softnation.Ojam UnderlyingNetworks: Null] ]
03-02 10:57:48.526  1621  1856 D ConnectivityService: NetReassign [242253 : null ΓåÆ 255] [c 1] [a 2] [i 14]
03-02 10:57:48.534  4051 25664 I MediaProvider: Deleted 1 0 0 0 0 0 0 items on external_primary due to com.whatsapp
03-02 10:57:48.536 27809 28366 I UriTaskContentObserver: (REDACTED) Throttling content uri change event for %s
03-02 10:57:48.539 27809 10319 I NetworkScheduler.Stats: (REDACTED) Task %s/%s started execution. cause:%s exec_start_elapsed_seconds: %s
03-02 10:57:48.545  1621  2194 D Aurogon :  packageName = com.google.android.gms isAllowWakeUpList 
03-02 10:57:48.546 27809 10132 I NetworkScheduler.Stats: (REDACTED) Task %s/%s finished executing. cause:%s result: %s elapsed_millis: %s uptime_millis: %s exec_start_elapsed_seconds: %s
03-02 10:57:48.560  1621  4230 D Aurogon :  packageName = com.google.android.gms isAllowWakeUpList 
03-02 10:57:48.575   849  1430 I hwcomposer: [HWC] (0)fire a callback of refresh to SF[4]  
03-02 10:57:48.599   921   921 I MI-SF   : surfaceflinger setAffinity mode=1
03-02 10:57:48.600   921   921 E MI-SF   : surfaceflinger setAffinity success
03-02 10:57:48.600   921   921 I MI-SF   : surfaceflinger setreAffinity reTid=1207
03-02 10:57:48.600   921   921 E MI-SF   : surfaceflinger setAffinity success
03-02 10:57:48.714  1621  4230 D ActivityManager: getProcessesInErrorState callingUid=10126, CallingPid=31485
03-02 10:57:48.734  1621  4230 D AS.BtHelper: isBluetoothScoOn() mBluetoothHeadset is null: falsemBluetoothHeadsetDevice is null: true
03-02 10:57:48.734  1621  4230 V AS.AudioDeviceBroker: requestedCommunicationDevice: null mAudioModeOwner: AudioModeInfo: mMode=MODE_NORMAL, mPid=0, mUid=0
03-02 10:57:48.735  1621  4230 D AS.BtHelper: isBluetoothScoOn() mBluetoothHeadset is null: falsemBluetoothHeadsetDevice is null: true
03-02 10:57:48.735  1621  4230 V AS.AudioDeviceBroker: requestedCommunicationDevice: null mAudioModeOwner: AudioModeInfo: mMode=MODE_NORMAL, mPid=0, mUid=0
03-02 10:57:48.792 31485 31768 I BatteryEventDispatcherImpl: [_waitingForDispatchEvent] processing BatteryEventDispatcherImpl$DispatchEvent$OnPollTimeout
03-02 10:57:48.849  2350  2350 W Settings: Setting airplane_mode_on has moved from android.provider.Settings.System to android.provider.Settings.Global, returning read-only value.
03-02 10:57:48.954  5101 10491 I softnation.Ojam: NativeAlloc concurrent mark compact GC freed 8517KB AllocSpace bytes, 14(696KB) LOS objects, 69% free, 10MB/34MB, paused 955us,5.679ms total 156.465ms
03-02 10:57:49.083  1621  1922 I SmartPower: com.whatsapp/10300(31638): background->idle(3002ms) R(broadcast start Intent { act=android.intent.action.BATTERY_CHANGED flg=0x60000010 (has extras) }) adj=227.
03-02 10:57:49.083  1621  1922 I SmartPower: com.android.chrome/10174(23296): background->idle(3001ms) R(broadcast start Intent { act=android.intent.action.BATTERY_CHANGED flg=0x60000010 (has extras) }) adj=915.
03-02 10:57:49.084  1621  1922 I SmartPower: com.instagram.android/10301(31107): background->idle(3002ms) R(broadcast start Intent { act=android.intent.action.BATTERY_CHANGED flg=0x60000010 (has extras) }) adj=915.
03-02 10:57:49.084  1621  1922 I SmartPower: com.facebook.stella/10126(31485): background->idle(3001ms) R(broadcast start Intent { act=android.intent.action.BATTERY_CHANGED flg=0x60000010 (has extras) }) adj=925.
03-02 10:57:49.085  1621  1922 I SmartPower: com.facebook.katana/10287(31850): background->idle(3001ms) R(broadcast start Intent { act=android.intent.action.BATTERY_CHANGED flg=0x60000010 (has extras) }) adj=915.
03-02 10:57:49.085  1621  1922 I SmartPower: com.instagram.barcelona/10075(32592): background->idle(3000ms) R(broadcast start Intent { act=android.intent.action.BATTERY_CHANGED flg=0x60000010 (has extras) }) adj=905.
03-02 10:57:49.086  1621  1922 I SmartPower: com.whatsapp/99910300(29736): background->idle(3000ms) R(broadcast start Intent { act=android.intent.action.BATTERY_CHANGED flg=0x60000010 (has extras) }) adj=905.
03-02 10:57:49.158  1621  4230 D MiuiRefreshRatePolicy: reset
03-02 10:57:49.172  1621  1651 I ActivityTaskManager: visible for Task{69a0689 #37031 type=standard A=10337:com.softnation.Ojam} visible = true isAnimating = false TRANSITION = false PARENTS = false CHILDREN = false
03-02 10:57:49.173  5101  5101 D VRI[MainActivity]: vri.reportNextDraw android.view.ViewRootImpl.performTraversals:4984 android.view.ViewRootImpl.doTraversal:3564 android.view.ViewRootImpl$TraversalRunnable.run:11781 android.view.Choreographer$CallbackRecord.run:1804 android.view.Choreographer$CallbackRecord.run:1813 
03-02 10:57:49.202   849   868 I hwcomposer: [HWCDisplay] (0 updateFps():3667), (type:1, mode:2) fps:4.794987,dur:1459.86,max:605.27,min:30.45  
03-02 10:57:49.204   921   921 I MI-SF   : surfaceflinger setAffinity mode=0
03-02 10:57:49.205   921   921 E MI-SF   : surfaceflinger setAffinity success
03-02 10:57:49.323   849  1430 I hwcomposer: [HWC] (0)fire a callback of refresh to SF[4]  
03-02 10:57:49.345   921   921 I BufferQueueProducer: [FramebufferSurface](this:0xb400007d8e9dff50,id:-1,api:1,p:921,c:921) queueBuffer: fps=1.48 dur=1354.88 max=749.33 min=605.55
03-02 10:57:49.348   921   921 I MI-SF   : surfaceflinger setAffinity mode=1
03-02 10:57:49.348   921   921 E MI-SF   : surfaceflinger setAffinity success
03-02 10:57:49.348   921   921 I MI-SF   : surfaceflinger setreAffinity reTid=1207
03-02 10:57:49.348   921   921 E MI-SF   : surfaceflinger setAffinity success
03-02 10:57:49.399 18562 18904 I BtGatt.ScanManager: msg.what = MSG_CHECK_SCAN_STATUS, msg.arg1 = CHECK_BACKGROUND_TIMEOUT
03-02 10:57:49.439   861   947 I libPerfCtl: xgfGetFPS pid:921 fps:-1
03-02 10:57:49.440   861   947 I libPerfCtl: xgfGetFPS pid:2363 fps:-1
03-02 10:57:49.476   921   921 I BufferQueueProducer: [StatusBar#109](this:0xb400007bcec4ab68,id:-1,api:0,p:-1,c:921) queueBuffer: fps=0.98 dur=1023.96 max=1023.96 min=1023.96
03-02 10:57:49.482   921   921 I MI-SF   : surfaceflinger setAffinity mode=0
03-02 10:57:49.482   921   921 E MI-SF   : surfaceflinger setAffinity success
03-02 10:57:49.599   849  1430 I hwcomposer: [HWC] (0)fire a callback of refresh to SF[4]  
03-02 10:57:49.627   921   921 I MI-SF   : surfaceflinger setAffinity mode=1
03-02 10:57:49.627   921   921 E MI-SF   : surfaceflinger setAffinity success
03-02 10:57:49.627   921   921 I MI-SF   : surfaceflinger setreAffinity reTid=1207
03-02 10:57:49.627   921   921 E MI-SF   : surfaceflinger setAffinity success
03-02 10:57:49.741  1621  4230 D AS.BtHelper: isBluetoothScoOn() mBluetoothHeadset is null: falsemBluetoothHeadsetDevice is null: true
03-02 10:57:49.741  1621  4230 V AS.AudioDeviceBroker: requestedCommunicationDevice: null mAudioModeOwner: AudioModeInfo: mMode=MODE_NORMAL, mPid=0, mUid=0
03-02 10:57:49.742  1621  4230 D AS.BtHelper: isBluetoothScoOn() mBluetoothHeadset is null: falsemBluetoothHeadsetDevice is null: true
03-02 10:57:49.743  1621  4230 V AS.AudioDeviceBroker: requestedCommunicationDevice: null mAudioModeOwner: AudioModeInfo: mMode=MODE_NORMAL, mPid=0, mUid=0
03-02 10:57:49.842  1177  1177 I thermal_src: recvmsg_expect 5, but get 2 
03-02 10:57:49.842  1177  1177 V thermal_src: TA_DAEMON_CMD_GET_TPCB:ERROR ret=-1
03-02 10:57:49.842  1177  1177 E thermal_src: get_tpcb_from_kernel:error -1. retry...
03-02 10:57:49.843  1177  1177 I thermal_src: recvmsg_expect 5, but get 2 
03-02 10:57:49.843  1177  1177 V thermal_src: TA_DAEMON_CMD_GET_TPCB:ERROR ret=-1
03-02 10:57:49.843  1177  1177 E thermal_src: get_tpcb_from_kernel:error -1. retry...
03-02 10:57:49.843  1177  1177 I thermal_src: recvmsg_expect 5, but get 2 
03-02 10:57:49.843  1177  1177 V thermal_src: TA_DAEMON_CMD_GET_TPCB:ERROR ret=-1
03-02 10:57:49.843  1177  1177 E thermal_src: get_tpcb_from_kernel:error -1. retry...
03-02 10:57:49.843  1177  1177 I thermal_src: recvmsg_expect 5, but get 2 
03-02 10:57:49.843  1177  1177 V thermal_src: TA_DAEMON_CMD_GET_TPCB:ERROR ret=-1
03-02 10:57:49.843  1177  1177 E thermal_src: get_tpcb_from_kernel:error -1. retry...
03-02 10:57:49.844  1177  1177 I thermal_src: recvmsg_expect 4, but get 5 
03-02 10:57:49.844  1177  1177 V thermal_src: TA_DAEMON_CMD_SET_TTJ:ERROR ret=-1
03-02 10:57:49.844  1177  1177 E thermal_src: set_ttj_to_kernel 1:error -1
03-02 10:57:49.844  1177  1177 I thermal_src: recvmsg_expect 2, but get 5 
03-02 10:57:49.844  1177  1177 V thermal_src: waiting NOTIFY from kernel miss, -1
03-02 10:57:49.844  1177  1177 I thermal_src: recvmsg_expect 2, but get 5 
03-02 10:57:49.844  1177  1177 V thermal_src: waiting NOTIFY from kernel miss, -1
03-02 10:57:49.844  1177  1177 I thermal_src: recvmsg_expect 2, but get 5 
03-02 10:57:49.844  1177  1177 V thermal_src: waiting NOTIFY from kernel miss, -1
03-02 10:57:49.844  1177  1177 I thermal_src: recvmsg_expect 2, but get 4 
03-02 10:57:49.844  1177  1177 V thermal_src: waiting NOTIFY from kernel miss, -1
03-02 10:57:50.000 31107 31419 E msys    : E[N mns]_OnDiskCacheGetData(632)=>Start post callback cache refresh DNS resolution
03-02 10:57:50.008 31107 31419 E msys    : E[N mns]_LogError(228)=>Failed to resolve using system DNS resolver, getaddrinfo(): No address associated with hostname
03-02 10:57:50.008 31107 31419 E msys    : E[N mns]_OnDiskCacheGetData(632)=>Start post callback cache refresh DNS resolution
03-02 10:57:50.011 31107 31419 E msys    : E[N mns]_LogError(228)=>Failed to resolve using system DNS resolver, getaddrinfo(): No address associated with hostname
03-02 10:57:50.097 31107 31419 E msys    : E[N mns]_OnDiskCacheGetData(632)=>Start post callback cache refresh DNS resolution
03-02 10:57:50.103 31107 31419 E msys    : E[N mns]_LogError(228)=>Failed to resolve using system DNS resolver, getaddrinfo(): No address associated with hostname
03-02 10:57:50.119  1055  1186 D connsyslogger: SD_LOG_ROOT is /data/debuglogger/connsyslog/fw.
03-02 10:57:50.119  1055  1186 D connsyslogger: systemReady:1
03-02 10:57:50.439   861   947 I libPerfCtl: xgfGetFPS pid:2363 fps:-1
03-02 10:57:50.475   849   868 I hwcomposer: [HWCDisplay] (0 updateFps():3667), (type:1, mode:2) fps:3.142260,dur:1272.97,max:850.63,min:133.59  
03-02 10:57:50.477   921   921 I MI-SF   : surfaceflinger setAffinity mode=0
03-02 10:57:50.477   921   921 E MI-SF   : surfaceflinger setAffinity success
03-02 10:57:50.478  5101  5101 D ScrollerOptimizationManager: registerConfigChangedListener
03-02 10:57:50.481  5101  5101 W libc    : Access denied finding property "ro.vendor.mi_sf.new_dynamic_refresh_rate"
03-02 10:57:50.481  5101  5101 D SplineOverScroller: dynamic params is false
03-02 10:57:50.485  5101  5101 I softnation.Ojam: hiddenapi: Accessing hidden field Landroid/widget/HorizontalScrollView;->mScroller:Landroid/widget/OverScroller; (runtime_flags=0, domain=platform, api=unsupported) from Lcom/facebook/react/views/scroll/ReactHorizontalScrollView; (domain=app, TargetSdkVersion=36) using reflection: allowed
03-02 10:57:50.595   849  1430 I hwcomposer: [HWC] (0)fire a callback of refresh to SF[4]  
03-02 10:57:50.616   921   921 I BufferQueueProducer: [FramebufferSurface](this:0xb400007d8e9dff50,id:-1,api:1,p:921,c:921) queueBuffer: fps=1.57 dur=1270.99 max=992.94 min=278.05
03-02 10:57:50.619  5101 10583 W unknown:ReactNative: StatusBarModule: Ignored status bar change, current activity is edge-to-edge.
03-02 10:57:50.620   921   921 I MI-SF   : surfaceflinger setAffinity mode=1
03-02 10:57:50.620   921   921 E MI-SF   : surfaceflinger setAffinity success
03-02 10:57:50.620   921   921 I MI-SF   : surfaceflinger setreAffinity reTid=1207
03-02 10:57:50.620   921   921 E MI-SF   : surfaceflinger setAffinity success
03-02 10:57:50.620  5101 10583 W unknown:ReactNative: StatusBarModule: Ignored status bar change, current activity is edge-to-edge.
03-02 10:57:50.623  5101  5101 D ScrollerOptimizationManager: registerConfigChangedListener
03-02 10:57:50.672  1177  1177 I thermal_src: recvmsg_expect 5, but get 2 
03-02 10:57:50.672  1177  1177 V thermal_src: TA_DAEMON_CMD_GET_TPCB:ERROR ret=-1
03-02 10:57:50.672  1177  1177 E thermal_src: get_tpcb_from_kernel:error -1. retry...
03-02 10:57:50.672  1177  1177 I thermal_src: recvmsg_expect 4, but get 5 
03-02 10:57:50.672  1177  1177 V thermal_src: TA_DAEMON_CMD_SET_TTJ:ERROR ret=-1
03-02 10:57:50.672  1177  1177 E thermal_src: set_ttj_to_kernel 1:error -1
03-02 10:57:50.672  1177  1177 I thermal_src: recvmsg_expect 2, but get 4 
03-02 10:57:50.672  1177  1177 V thermal_src: waiting NOTIFY from kernel miss, -1
03-02 10:57:50.678  5101  5101 D ScrollerOptimizationManager: registerConfigChangedListener
03-02 10:57:50.682  1621  1621 D UiModeManager: updateConfigurationLocked: mDockState=0; mCarMode=false; mCar=false; mPowerSave=false; mOverrideNightModeOn=false; mOverrideNightModeOff=false; mComputedNightMode=true; mNightModeValue=2; uiMode=42
03-02 10:57:50.685  5101  5101 D ScrollerOptimizationManager: registerConfigChangedListener
03-02 10:57:50.686  5101  5101 I softnation.Ojam: hiddenapi: Accessing hidden field Landroid/widget/ScrollView;->mScroller:Landroid/widget/OverScroller; (runtime_flags=0, domain=platform, api=unsupported) from Lcom/facebook/react/views/scroll/ReactScrollView; (domain=app, TargetSdkVersion=36) using reflection: allowed
03-02 10:57:50.687  6027  6027 I PowerSaveService: onReceive: android.intent.action.BATTERY_CHANGED
03-02 10:57:50.688  6515  8177 D PowerCheckerService: onBatteryChanged, mBatteryLevel = 44, status = 2, level = 44, plug = 2, scale = 100
03-02 10:57:50.689  6515  6997 I ProcAudioPowerManager: onBatteryChanged, onBattery is false
03-02 10:57:50.689  6515  6997 D PowerKeeper.FrozenApp: onBatteryChanged plug=true mBatteryPlugged=2
03-02 10:57:50.690  6027  6027 I PowerNoticeUI: handleBatteryChanged oldPlugType 2 mPlugType 2 oldBatteryLevel 44 mBatteryLevel 44 temperature 400
03-02 10:57:50.690  6515  8142 D PowerKeeper.Thermal: mBatteryTemperature: 40
03-02 10:57:50.690  6027  6027 I ChargerBatteryIntelligenceReceiver: onBatteryChanged temperature∩╝Ü40,plugType:2
03-02 10:57:50.690  6027  6027 D BaseChargeProtect_HighTemp: mCountByMinute:0,isScreenOn:true
03-02 10:57:50.693  6027  6027 I android_os_HwBinder: HwBinder: Starting thread pool for getting: vendor.xiaomi.hardware.micharge@1.0::IMiCharge/default
03-02 10:57:50.694  3510  3510 W libc    : Unable to set property "persist.vendor.accelerate.charge" to "false": PROP_ERROR_PERMISSION_DENIED (0x18)
03-02 10:57:50.695   872   908 I vendor.xiaomi.hardware.micharge@1.0-service: ReadFilePathValue path = /sys/class/power_supply/usb/real_type value = USB
03-02 10:57:50.696  6027  6027 I IMiChargeUtils: getIMiChargeStringValue method:getBatteryChargeType,value:USB
03-02 10:57:50.696  6027  6027 I IMiChargeUtils: getBatteryChargeType : USB
03-02 10:57:50.696  6027  6027 I ChargeTimeUtilsV2: chargeType:USB
03-02 10:57:50.696  6027  6027 I PowerFeatureUtils: getVendorName:mediatek
03-02 10:57:50.696  6027  6027 I PowerFeatureUtils: getVendorName:mediatek
03-02 10:57:50.710  1621  1621 D UiModeManager: updateConfigurationLocked: mDockState=0; mCarMode=false; mCar=false; mPowerSave=false; mOverrideNightModeOn=false; mOverrideNightModeOff=false; mComputedNightMode=true; mNightModeValue=2; uiMode=42
03-02 10:57:50.714  6027  6027 I PowerSaveService: onReceive: android.intent.action.BATTERY_CHANGED
03-02 10:57:50.715  6027  6027 I PowerNoticeUI: handleBatteryChanged oldPlugType 2 mPlugType 2 oldBatteryLevel 44 mBatteryLevel 44 temperature 400
03-02 10:57:50.715  6515  8177 D PowerCheckerService: onBatteryChanged, mBatteryLevel = 44, status = 2, level = 44, plug = 2, scale = 100
03-02 10:57:50.715  6027  6027 I ChargerBatteryIntelligenceReceiver: onBatteryChanged temperature∩╝Ü40,plugType:2
03-02 10:57:50.715  6027  6027 D BaseChargeProtect_HighTemp: mCountByMinute:0,isScreenOn:true
03-02 10:57:50.715  6515  6997 I ProcAudioPowerManager: onBatteryChanged, onBattery is false
03-02 10:57:50.715  1621  4230 D ActivityManager: getProcessesInErrorState callingUid=10126, CallingPid=31485
03-02 10:57:50.716  6515  6997 D PowerKeeper.FrozenApp: onBatteryChanged plug=true mBatteryPlugged=2
03-02 10:57:50.716  6515  8142 D PowerKeeper.Thermal: mBatteryTemperature: 40
03-02 10:57:50.717  6027  6027 I android_os_HwBinder: HwBinder: Starting thread pool for getting: vendor.xiaomi.hardware.micharge@1.0::IMiCharge/default
03-02 10:57:50.720   872   908 I vendor.xiaomi.hardware.micharge@1.0-service: ReadFilePathValue path = /sys/class/power_supply/usb/real_type value = USB
03-02 10:57:50.720  6027  6027 I IMiChargeUtils: getIMiChargeStringValue method:getBatteryChargeType,value:USB
03-02 10:57:50.720  6027  6027 I IMiChargeUtils: getBatteryChargeType : USB
03-02 10:57:50.720  6027  6027 I ChargeTimeUtilsV2: chargeType:USB
03-02 10:57:50.720  6027  6027 I PowerFeatureUtils: getVendorName:mediatek
03-02 10:57:50.720  6027  6027 I PowerFeatureUtils: getVendorName:mediatek
03-02 10:57:50.749  1621  4230 D AS.BtHelper: isBluetoothScoOn() mBluetoothHeadset is null: falsemBluetoothHeadsetDevice is null: true
03-02 10:57:50.749  1621  4230 V AS.AudioDeviceBroker: requestedCommunicationDevice: null mAudioModeOwner: AudioModeInfo: mMode=MODE_NORMAL, mPid=0, mUid=0
03-02 10:57:50.750  1621  4230 D AS.BtHelper: isBluetoothScoOn() mBluetoothHeadset is null: falsemBluetoothHeadsetDevice is null: true
03-02 10:57:50.750  1621  4230 V AS.AudioDeviceBroker: requestedCommunicationDevice: null mAudioModeOwner: AudioModeInfo: mMode=MODE_NORMAL, mPid=0, mUid=0
03-02 10:57:50.796  5101  5101 W [RNScreens]: backTitleVisible prop is not available on Android
03-02 10:57:50.796  5101  5101 W [RNScreens]: backTitleFontFamily prop is not available on Android
03-02 10:57:50.796  5101  5101 W [RNScreens]: disableBackButtonMenu prop is not available on Android
03-02 10:57:50.797  5101  5101 W [RNScreens]: largeTitleFontFamily prop is not available on Android
03-02 10:57:50.797  5101  5101 W [RNScreens]: largeTitleFontWeight prop is not available on Android
03-02 10:57:50.797  5101  5101 W [RNScreens]: largeTitleHideShadow prop is not available on Android
03-02 10:57:50.829  2350  2350 W Settings: Setting airplane_mode_on has moved from android.provider.Settings.System to android.provider.Settings.Global, returning read-only value.
03-02 10:57:50.831  2350  2350 W Settings: Setting airplane_mode_on has moved from android.provider.Settings.System to android.provider.Settings.Global, returning read-only value.
03-02 10:57:50.837  2350 29580 D NetworkSpeedTracker: updateSignalInfo lteRsrp=-91lteSnr=13,phoneId=1
03-02 10:57:50.838  5101  5101 I ReactNative: [GESTURE HANDLER] Initialize gesture handler for root view com.facebook.react.runtime.ReactSurfaceView{90dd51b V.E...... ......ID 0,0-1080,2460 #1}
03-02 10:57:50.843  2350 29580 D NetworkSpeedTracker: updateSignalInfo lteRsrp=-91lteSnr=13,phoneId=1
03-02 10:57:50.846  1055  1191 D connsyslogger: data recycle:time out
03-02 10:57:50.846  1055  1191 D connsyslogger: idx=0 Bootup Log: 2 log files! filecount=3 
03-02 10:57:50.849  5101 10583 I MediaController: Init dd0bc91 [AndroidXMedia3/1.8.0] [tides, 2404ARN45A, Xiaomi, 35]
03-02 10:57:50.926 31107 31419 E msys    : E[N mns]_OnDiskCacheGetData(632)=>Start post callback cache refresh DNS resolution
03-02 10:57:50.932 31107 31419 E msys    : E[N mns]_LogError(228)=>Failed to resolve using system DNS resolver, getaddrinfo(): No address associated with hostname
03-02 10:57:50.974  5101 10623 D nativeloader: Load /data/app/~~Bh61wenJZi6JNVEuOkVQfQ==/com.softnation.Ojam-nnCVAdHxKfOmup5FCuBDYQ==/base.apk!/lib/arm64-v8a/libimagepipeline.so using class loader ns clns-7 (caller=/data/app/~~Bh61wenJZi6JNVEuOkVQfQ==/com.softnation.Ojam-nnCVAdHxKfOmup5FCuBDYQ==/base.apk!classes20.dex): ok
03-02 10:57:51.081  1159  1606 D ULogGuard: Monitoring: 18 threads, 0 requests, 0 time-bombs; 1 guards. ResetFlags = 0x7
03-02 10:57:51.155  5101 10626 D nativeloader: Load /data/app/~~Bh61wenJZi6JNVEuOkVQfQ==/com.softnation.Ojam-nnCVAdHxKfOmup5FCuBDYQ==/base.apk!/lib/arm64-v8a/libnative-imagetranscoder.so using class loader ns clns-7 (caller=/data/app/~~Bh61wenJZi6JNVEuOkVQfQ==/com.softnation.Ojam-nnCVAdHxKfOmup5FCuBDYQ==/base.apk!classes20.dex): ok
03-02 10:57:51.166  5101 10629 D skia    : SkJpegCodec::onGetPixels + (1365, 2048)
03-02 10:57:51.167  5101 10627 D skia    : SkJpegCodec::onGetPixels + (1080, 1447)
03-02 10:57:51.170  5101 10627 I DMABUFHEAPS: Using DMA-BUF heap named: mtk_mm
03-02 10:57:51.170  5101 10629 I DMABUFHEAPS: Using DMA-BUF heap named: mtk_mm
03-02 10:57:51.170  5101 10627 D skia    : stream getLength() not supported, use temp buffer for loading stream, buffer addr 0x7bd48f2000 length 129018
03-02 10:57:51.171  5101 10629 D skia    : stream getLength() not supported, use temp buffer for loading stream, buffer addr 0x7be14c0000 length 114202
03-02 10:57:51.171  5101 10627 D skia    : LoadInputStreamToMem va 0x7bd48f2000  size 131200
03-02 10:57:51.172  5101 10630 D skia    : SkJpegCodec::onGetPixels + (1365, 2048)
03-02 10:57:51.173  5101 10627 D libjpeg-alpha: Huffman Builder run in subthread
03-02 10:57:51.174  5101 10630 I DMABUFHEAPS: Using DMA-BUF heap named: mtk_mm
03-02 10:57:51.174  5101 10629 D skia    : LoadInputStreamToMem va 0x7be14c0000  size 116480
03-02 10:57:51.175  5101 10627 D libjpeg-alpha: Tile Decoder (#thread:4, size:256 256 256 312x368, alignment:256x16)
03-02 10:57:51.176  5101 10629 D libjpeg-alpha: Huffman Builder run in subthread
03-02 10:57:51.177  5101 10629 D libjpeg-alpha: Tile Decoder (#thread:4, size:512 256 256 341x512, alignment:256x16)
03-02 10:57:51.178  5101 10630 D skia    : stream getLength() not supported, use temp buffer for loading stream, buffer addr 0x7bde9fa000 length 115924
03-02 10:57:51.179  5101 10630 D skia    : LoadInputStreamToMem va 0x7bde9fa000  size 118144
03-02 10:57:51.181  5101 10630 D libjpeg-alpha: Huffman Builder run in subthread
03-02 10:57:51.186  5101 10636 D libjpeg-alpha: Corrupt JPEG data: 31326 extraneous bytes before marker 0xda
03-02 10:57:51.188  5101 10641 D libjpeg-alpha: Corrupt JPEG data: 33397 extraneous bytes before marker 0xda
03-02 10:57:51.194  5101  5101 W Looper  : PerfMonitor doFrame : time=576ms vsyncFrame=19778501 latency=1ms procState=-1
03-02 10:57:51.199  5101 10630 D libjpeg-alpha: Tile Decoder (#thread:4, size:512 256 256 341x512, alignment:256x16)
03-02 10:57:51.202  1621  1666 I SmartPower: com.whatsapp/10300(31638): idle->background(2119ms) R(broadcast start Intent { act=android.intent.action.BATTERY_CHANGED flg=0x60000010 (has extras) }) adj=227.
03-02 10:57:51.205  1621  1666 I SmartPower: com.android.chrome/10174(23296): idle->background(2122ms) R(broadcast start Intent { act=android.intent.action.BATTERY_CHANGED flg=0x60000010 (has extras) }) adj=915.
03-02 10:57:51.206  1621  1666 I SmartPower: com.instagram.android/10301(31107): idle->background(2122ms) R(broadcast start Intent { act=android.intent.action.BATTERY_CHANGED flg=0x60000010 (has extras) }) adj=915.
03-02 10:57:51.209  1621  1666 I SmartPower: com.facebook.stella/10126(31485): idle->background(2125ms) R(broadcast start Intent { act=android.intent.action.BATTERY_CHANGED flg=0x60000010 (has extras) }) adj=925.
03-02 10:57:51.210  1621  1666 I SmartPower: com.facebook.katana/10287(31850): idle->background(2125ms) R(broadcast start Intent { act=android.intent.action.BATTERY_CHANGED flg=0x60000010 (has extras) }) adj=915.
03-02 10:57:51.212  1621  1918 E HyperSentinel: -------------------------------------------------------
03-02 10:57:51.215  1621  1918 E HyperSentinel: Event_ThreadAmount
03-02 10:57:51.215  1621  1918 E HyperSentinel: -> audit event by proc 5101 "usap64": running threads amount, 45 -> 78
03-02 10:57:51.224  5101 10627 D skia    : SkJpegCodec::onGetPixels -
03-02 10:57:51.248  5101 10639 D libjpeg-alpha: Corrupt JPEG data: bad Huffman code
03-02 10:57:51.252  5101  5101 I ExoPlayerImpl: Init 787593a [AndroidXMedia3/1.8.0] [tides, 2404ARN45A, Xiaomi, 35]
03-02 10:57:51.264  1621  1918 E HyperSentinel: -------------------------------------------------------
03-02 10:57:51.266  1621  1918 E HyperSentinel: Event_ResidentSize
03-02 10:57:51.266  1621  1918 E HyperSentinel: -> audit event by proc 5101 "usap64": RSS increasement, peak 364888kb -> 547336kb
03-02 10:57:51.266  1621  1917 D MiuiSentinelService: begin judgmentRssLeakException
03-02 10:57:51.268  1621  1917 E MiuiSentinelMemoryManager: getRSSinfo: usap64#5101
03-02 10:57:51.268  1621  1917 D MiuiSentinelMemoryManager: cmdline: usap64, pid: 5101, RSSsize:547336
03-02 10:57:51.270  1621  1917 W MiuiSentinelMemoryManager: The current process type does not meet reporting requirements
03-02 10:57:51.310  5101 10642 D libjpeg-alpha: Corrupt JPEG data: premature end of data segment
03-02 10:57:51.321  5101 10630 D skia    : SkJpegCodec::onGetPixels -
03-02 10:57:51.325  5101  5101 I softnation.Ojam: hiddenapi: Accessing hidden method Landroid/media/AudioTrack;->getLatency()I (runtime_flags=0, domain=platform, api=unsupported) from Landroidx/media3/exoplayer/audio/AudioTrackPositionTracker; (domain=app, TargetSdkVersion=36) using reflection: allowed
03-02 10:57:51.327  5101 10638 D libjpeg-alpha: Corrupt JPEG data: premature end of data segment
03-02 10:57:51.330  5101 10582 I ReactNativeJS: [DownloadsContext] Loaded downloads and reconciled local files
03-02 10:57:51.337  5101 10629 D skia    : SkJpegCodec::onGetPixels -
03-02 10:57:51.349  2350  2350 W Settings: Setting airplane_mode_on has moved from android.provider.Settings.System to android.provider.Settings.Global, returning read-only value.
03-02 10:57:51.352  2350  2350 W Settings: Setting airplane_mode_on has moved from android.provider.Settings.System to android.provider.Settings.Global, returning read-only value.
03-02 10:57:51.355  2350 29580 D NetworkSpeedTracker: updateSignalInfo lteRsrp=-91lteSnr=12,phoneId=1
03-02 10:57:51.361  2350 29580 D NetworkSpeedTracker: updateSignalInfo lteRsrp=-91lteSnr=12,phoneId=1
03-02 10:57:51.410   894  7410 V audio_utils::mutex: mutex_impl: audio_mutex initialized: ret:0  order:20
03-02 10:57:51.411   894  7410 V audio_utils::mutex: mutex_impl: audio_mutex initialized: ret:0  order:20
03-02 10:57:51.411   894  7410 V audio_utils::mutex: mutex_impl: audio_mutex initialized: ret:0  order:20
03-02 10:57:51.411   894  7410 V audio_utils::mutex: mutex_impl: audio_mutex initialized: ret:0  order:20
03-02 10:57:51.411   894  1349 D AudioFlinger_Threads: updateWakeLockUids_l AudioOut_15 uids:
03-02 10:57:51.411   894  1351 D AudioFlinger_Threads: updateWakeLockUids_l AudioOut_1D uids:
03-02 10:57:51.411   894  1367 D AudioFlinger_Threads: updateWakeLockUids_l AudioOut_25 uids:
03-02 10:57:51.411   894  1325 D AudioFlinger_Threads: updateWakeLockUids_l AudioOut_D uids:
03-02 10:57:51.439  1621  1856 D ConnectivityService: NetReassign [no changes] [c 1] [a 1] [i 6]
03-02 10:57:51.440   861   947 I libPerfCtl: xgfGetFPS pid:921 fps:-1
03-02 10:57:51.440   861   947 I libPerfCtl: xgfGetFPS pid:2363 fps:-1
03-02 10:57:51.457  5101  5101 I MediaSessionImpl: Init e136019 [AndroidXMedia3/1.8.0] [tides, 2404ARN45A, Xiaomi, 35]
03-02 10:57:51.468   921   921 I BufferQueueProducer: [StatusBar#109](this:0xb400007bcec4ab68,id:-1,api:0,p:-1,c:921) queueBuffer: fps=1.00 dur=1991.78 max=995.95 min=995.82
03-02 10:57:51.472   921   921 I MI-SF   : surfaceflinger setAffinity mode=0
03-02 10:57:51.472   921   921 E MI-SF   : surfaceflinger setAffinity success
03-02 10:57:51.488  5101  5101 I MediaSessionCompat: Couldn't find a unique registered media button receiver in the given context.
03-02 10:57:51.493  1621  4427 I MediaSessionStack: addSession to bottom of stack | record: com.softnation.Ojam/androidx.media3.session.id./83 (userId=0)
03-02 10:57:51.494  1621  4427 D MediaSessionService: Media button session is changed to com.softnation.Ojam/androidx.media3.session.id./83 (userId=0)
03-02 10:57:51.496  2363 19600 I ActiveAudioSessionManager_export-api: controllerSize:0
03-02 10:57:51.496  2363 19600 I ActiveAudioSessionManager_export-api: stopPositionCallbackTask
03-02 10:57:51.496  2363 19600 I ActiveAudioSessionManager_export-api: dispatchSessionsExistsChangeCallbackLocked :false
03-02 10:57:51.496  2363 19600 I MiPlayServiceAdapter: markSessionKilled
03-02 10:57:51.496 18562 18562 W MediaPlayerList: onMediaKeyEventSessionChanged(Token): android.media.session.MediaSession$Token@a761e95
03-02 10:57:51.497  2363 19600 I ActiveAudioSessionManager_export-api: controllerSize:0
03-02 10:57:51.497  2363 19600 I ActiveAudioSessionManager_export-api: stopPositionCallbackTask
03-02 10:57:51.497  2363 19600 I ActiveAudioSessionManager_export-api: dispatchSessionsExistsChangeCallbackLocked :false
03-02 10:57:51.497  2363 19600 I MiPlayServiceAdapter: markSessionKilled
03-02 10:57:51.497  2363  3215 I ActiveAudioSessionManager_export-api: controllerSize:0
03-02 10:57:51.497  2363  3215 I ActiveAudioSessionManager_export-api: stopPositionCallbackTask
03-02 10:57:51.497  2363  3215 I ActiveAudioSessionManager_export-api: dispatchSessionsExistsChangeCallbackLocked :false
03-02 10:57:51.498  2363  3215 I ActiveAudioSessionManager_export-api: controllerSize:0
03-02 10:57:51.498  2363  3215 I ActiveAudioSessionManager_export-api: stopPositionCallbackTask
03-02 10:57:51.498  2363  3215 I ActiveAudioSessionManager_export-api: dispatchSessionsExistsChangeCallbackLocked :false
03-02 10:57:51.498 18562 18562 I MediaPlayerList: Adding wrapped media player: com.softnation.Ojam at key: 1
03-02 10:57:51.498 18562 18562 I MediaPlayerList: onMediaKeyEventSessionChanged: token=com.softnation.Ojam
03-02 10:57:51.500 18562 18562 D MediaPlayerList: setActivePlayer(): setting player to com.softnation.Ojam
03-02 10:57:51.501  1621  2194 I MediaSessionService: tempAllowlistTargetPkgIfPossible callingPackage:com.android.bluetooth targetPackage:com.softnation.Ojam reason:MediaSessionRecord:android.support.v4.media.session.command.GET_EXTRA_BINDER [WIU] [FGS]
03-02 10:57:51.506  1621  1746 E JobScheduler.Background: Couldn't determine stopped state for unknown package: com.google.android.apps.turbo
03-02 10:57:51.506  1621  1746 E JobScheduler.Background: Couldn't determine stopped state for unknown package: com.google.android.apps.turbo
03-02 10:57:51.506  1621  1746 E JobScheduler.Background: Couldn't determine stopped state for unknown package: com.google.android.apps.turbo
03-02 10:57:51.507  1621  1746 E JobScheduler.Background: Couldn't determine stopped state for unknown package: com.google.android.apps.turbo
03-02 10:57:51.507  1621  1746 E JobScheduler.Background: Couldn't determine stopped state for unknown package: com.google.android.apps.turbo
03-02 10:57:51.508 18562 18562 D MediaPlayerList: sendMediaUpdate
03-02 10:57:51.508 18562 18562 I MediaPlayerList: sendMediaUpdate: Creating a one item queue for a player with no queue
03-02 10:57:51.508 18562 18562 D MediaPlayerList: sendMediaUpdate state=null
03-02 10:57:51.508 18562 18562 D AvrcpTargetService: onMediaUpdated: track_changed=true state=false queue=true
03-02 10:57:51.508 18562 18562 D AvrcpNativeInterface: sendMediaUpdate: metadata=true playStatus=false queue=true
03-02 10:57:51.508 18562 18562 I bluetooth: avrcp_service.cc:648 SendMediaUpdate: track_changed=true :  play_state=false :  queue=true
03-02 10:57:51.508 18562 18562 V MediaPlayerList: onActiveSessionsChanged: number of controllers: 0
03-02 10:57:51.509 18562 18562 I PlayerSettingsManager: getPlayerRepeatMode: no active player
03-02 10:57:51.509 18562 18562 I PlayerSettingsManager: getPlayerShuffleMode: no active player
03-02 10:57:51.509 18562 18562 I PlayerSettingsManager: updateRemoteDevice: STATE_REPEAT_OFF, STATE_SHUFFLE_OFF
03-02 10:57:51.509 18562 18562 I bluetooth: avrcp_service.cc:685 SendPlayerSettingsChanged: 
03-02 10:57:51.510 18562 18562 I bluetooth: avrcp_service.cc:699 SendPlayerSettingsChanged: attribute=PlayerAttribute::REPEAT : value=PlayerRepeatValue::OFF
03-02 10:57:51.510 18562 18562 I bluetooth: attribute=PlayerAttribute::SHUFFLE : value=PlayerShuffleValue::OFF
03-02 10:57:51.510 18562 18562 V MediaPlayerList: onActiveSessionsChanged: number of controllers: 0
03-02 10:57:51.510 18562 18562 I PlayerSettingsManager: getPlayerRepeatMode: no active player
03-02 10:57:51.510 18562 18562 I PlayerSettingsManager: getPlayerShuffleMode: no active player
03-02 10:57:51.510 18562 18562 I PlayerSettingsManager: updateRemoteDevice: STATE_REPEAT_OFF, STATE_SHUFFLE_OFF
03-02 10:57:51.510 18562 18562 I bluetooth: avrcp_service.cc:685 SendPlayerSettingsChanged: 
03-02 10:57:51.510 18562 18562 I bluetooth: avrcp_service.cc:699 SendPlayerSettingsChanged: attribute=PlayerAttribute::REPEAT : value=PlayerRepeatValue::OFF
03-02 10:57:51.510 18562 18562 I bluetooth: attribute=PlayerAttribute::SHUFFLE : value=PlayerShuffleValue::OFF
03-02 10:57:51.517 18562 18562 D AudioMediaPlayerWrapper: com.softnation.Ojam: isPlaybackStateReady(): PlaybackState is null
03-02 10:57:51.518 18562 18562 V AudioMediaPlayerWrapper: onQueueChanged(): com.softnation.Ojam tried to update with no queue
03-02 10:57:51.536  1621  2194 D MediaSessionService: onSessionPlaybackStateChanged: record=com.softnation.Ojam/androidx.media3.session.id./83 (userId=0) playbackState=PlaybackState {state=NONE(0), position=0, buffered position=0, speed=0.0, updated=1028430953, actions=7339653, custom actions=[], active item id=0, error=null}
03-02 10:57:51.537  1621  2194 D MediaSessionService: onSessionActiveStateChanged: record=com.softnation.Ojam/androidx.media3.session.id./83 (userId=0) playbackState=PlaybackState {state=NONE(0), position=0, buffered position=0, speed=0.0, updated=1028430953, actions=7339653, custom actions=[], active item id=0, error=null}
03-02 10:57:51.537 18562 18562 D AudioMediaPlayerWrapper: onPlaybackStateChanged(): com.softnation.Ojam : PlaybackState {state=NONE(0), position=0, buffered position=0, speed=0.0, updated=1028430953, actions=7339653, custom actions=[], active item id=0, error=null}
03-02 10:57:51.538 18562 18562 V AudioMediaPlayerWrapper: Waiting to send update as controller has no playback state
03-02 10:57:51.539  2363  3215 I ActiveAudioSessionManager_export-api: controllerSize:1
03-02 10:57:51.539 18562 18562 V MediaPlayerList: onActiveSessionsChanged: number of controllers: 1
03-02 10:57:51.540  2363  3215 I ActiveAudioSessionManager_export-api: packageName:com.softnation.Ojam
03-02 10:57:51.540  2363 19600 I ActiveAudioSessionManager_export-api: controllerSize:1
03-02 10:57:51.540  2363 19600 I ActiveAudioSessionManager_export-api: packageName:com.softnation.Ojam
03-02 10:57:51.540 18562 18562 D MediaPlayerList: onActiveSessionsChanged: controller: com.softnation.Ojam
03-02 10:57:51.540 18562 18562 D MediaPlayerList: Already have a controller for the player: com.softnation.Ojam, updating instead
03-02 10:57:51.542  2363  3215 I ActiveAudioSessionManager_export-api: stopPositionCallbackTask
03-02 10:57:51.542  2363 19600 I ActiveAudioSessionManager_export-api: stopPositionCallbackTask
03-02 10:57:51.542  1621  4230 D MediaSessionService: onSessionPlaybackStateChanged: record=com.softnation.Ojam/androidx.media3.session.id./83 (userId=0) playbackState=PlaybackState {state=NONE(0), position=0, buffered position=0, speed=0.0, updated=1028430962, actions=7339653, custom actions=[], active item id=0, error=null}
03-02 10:57:51.543  2363 19600 I ActiveAudioSessionManager_export-api: dispatchSessionsExistsChangeCallbackLocked :true
03-02 10:57:51.543  2363 19600 I MiPlayServiceAdapter: markSessionChange
03-02 10:57:51.543  2363 19600 I MiPlayServiceAdapter: intent to startService : 0
03-02 10:57:51.543  2363  3215 I ActiveAudioSessionManager_export-api: dispatchSessionsExistsChangeCallbackLocked :true
03-02 10:57:51.543 18562 18562 D AudioMediaPlayerWrapper: com.softnation.Ojam: Controller for com.softnation.Ojam was updated.
03-02 10:57:51.543  2363  3215 I ActiveSessionRecord_export-api: onPlaybackStateChanged: PlaybackState {state=NONE(0), position=0, buffered position=0, speed=0.0, updated=1028430962, actions=7339653, custom actions=[], active item id=0, error=null}
03-02 10:57:51.543  2363 19600 I ActiveSessionRecord_export-api: onPlaybackStateChanged: PlaybackState {state=NONE(0), position=0, buffered position=0, speed=0.0, updated=1028430962, actions=7339653, custom actions=[], active item id=0, error=null}
03-02 10:57:51.544 18562 18562 D MediaPlayerList: sendMediaUpdate
03-02 10:57:51.544 18562 18562 I MediaPlayerList: sendMediaUpdate: Creating a one item queue for a player with no queue
03-02 10:57:51.545 18562 18562 D MediaPlayerList: sendMediaUpdate state=PlaybackState {state=NONE(0), position=0, buffered position=0, speed=0.0, updated=1028430962, actions=7339653, custom actions=[], active item id=0, error=null}
03-02 10:57:51.545 18562 18562 D AvrcpTargetService: onMediaUpdated: track_changed=false state=true queue=false
03-02 10:57:51.545 18562 18562 D AvrcpNativeInterface: sendMediaUpdate: metadata=false playStatus=true queue=false
03-02 10:57:51.545 18562 18562 I bluetooth: avrcp_service.cc:648 SendMediaUpdate: track_changed=false :  play_state=true :  queue=false
03-02 10:57:51.546 18562 18562 D AudioMediaPlayerWrapper: onPlaybackStateChanged(): com.softnation.Ojam : PlaybackState {state=NONE(0), position=0, buffered position=0, speed=0.0, updated=1028430962, actions=7339653, custom actions=[], active item id=0, error=null}
03-02 10:57:51.546 18562 18562 W AudioMediaPlayerWrapper: onPlaybackStateChanged(): com.softnation.Ojam tried to update with no new data
03-02 10:57:51.554  5101  5101 D RNTP-com.doublesymmetry.trackplayer.service.MusicService:onBind: intentAction = null
03-02 10:57:51.557  5101  5101 D UserSceneDetector: invoke error.
03-02 10:57:51.591   849  1430 I hwcomposer: [HWC] (0)fire a callback of refresh to SF[4]  
03-02 10:57:51.591  5101  5101 D ScrollerOptimizationManager: registerConfigChangedListener
03-02 10:57:51.616   849   868 I hwcomposer: [HWCDisplay] (0 updateFps():3667), (type:1, mode:2) fps:2.628297,dur:1141.42,max:853.01,min:142.82  
03-02 10:57:51.619   921   921 I MI-SF   : surfaceflinger setAffinity mode=1
03-02 10:57:51.619   921   921 E MI-SF   : surfaceflinger setAffinity success
03-02 10:57:51.619   921   921 I MI-SF   : surfaceflinger setreAffinity reTid=1207
03-02 10:57:51.619   921   921 E MI-SF   : surfaceflinger setAffinity success
03-02 10:57:51.719  1621  2194 D MiuiRefreshRatePolicy: reset
03-02 10:57:51.721  1999  1999 D TouchInteractionService: onSystemUiFlagsChanged, mSystemUiStateFlags=10000000
03-02 10:57:51.733  5101 10583 W unknown:ReactNative: StatusBarModule: Ignored status bar change, current activity is edge-to-edge.
03-02 10:57:51.734  5101 10583 W unknown:ReactNative: StatusBarModule: Ignored status bar change, current activity is edge-to-edge.
03-02 10:57:51.759  1621  4427 D AS.BtHelper: isBluetoothScoOn() mBluetoothHeadset is null: falsemBluetoothHeadsetDevice is null: true
03-02 10:57:51.759  1621  4427 V AS.AudioDeviceBroker: requestedCommunicationDevice: null mAudioModeOwner: AudioModeInfo: mMode=MODE_NORMAL, mPid=0, mUid=0
03-02 10:57:51.760  1621  4427 D AS.BtHelper: isBluetoothScoOn() mBluetoothHeadset is null: falsemBluetoothHeadsetDevice is null: true
03-02 10:57:51.762  1621  4427 V AS.AudioDeviceBroker: requestedCommunicationDevice: null mAudioModeOwner: AudioModeInfo: mMode=MODE_NORMAL, mPid=0, mUid=0
03-02 10:57:51.766  5101  5101 D VRI[MainActivity]: vri.reportNextDraw android.view.ViewRootImpl.performTraversals:4984 android.view.ViewRootImpl.doTraversal:3564 android.view.ViewRootImpl$TraversalRunnable.run:11781 android.view.Choreographer$CallbackRecord.run:1804 android.view.Choreographer$CallbackRecord.run:1813 
03-02 10:57:51.768  5101  5101 D VRI[MainActivity]: Setup new sync=wmsSync-VRI[MainActivity]#4
03-02 10:57:51.771   921  1468 W EventThreadInspector: slow VSync-appSf on display(4627039422300187648) count=1, avg=47 ms, max=47 ms.
03-02 10:57:51.773  1621  1651 I ActivityTaskManager: visible for Task{69a0689 #37031 type=standard A=10337:com.softnation.Ojam} visible = true isAnimating = false TRANSITION = false PARENTS = false CHILDREN = false
03-02 10:57:51.799  5101 10582 D nativeloader: Load /data/app/~~Bh61wenJZi6JNVEuOkVQfQ==/com.softnation.Ojam-nnCVAdHxKfOmup5FCuBDYQ==/base.apk!/lib/arm64-v8a/libgesturehandler.so using class loader ns clns-7 (caller=/data/app/~~Bh61wenJZi6JNVEuOkVQfQ==/com.softnation.Ojam-nnCVAdHxKfOmup5FCuBDYQ==/base.apk!classes20.dex): ok
03-02 10:57:51.799  5101 10582 D jni_lib_merge: Entering merged library JNI_OnLoad.
03-02 10:57:51.799  5101 10582 D jni_lib_merge: Preparing 12 pre-merged libs (including stub)
03-02 10:57:51.799  5101 10582 D jni_lib_merge: Preparing to register libfabricjni_so.  onload_func: 0x7895091ce0
03-02 10:57:51.799  5101 10582 D jni_lib_merge: Preparing to register libreact_devsupportjni_so.  onload_func: 0x789528bfc8
03-02 10:57:51.799  5101 10582 D jni_lib_merge: Preparing to register libreact_featureflagsjni_so.  onload_func: 0x789529a518
03-02 10:57:51.799  5101 10582 D jni_lib_merge: Preparing to register libreact_newarchdefaults_so.  onload_func: 0x78953026a8
03-02 10:57:51.799  5101 10582 D jni_lib_merge: Preparing to register libreactnativeblob_so.  onload_func: 0x78954f2cb4
03-02 10:57:51.799  5101 10582 D jni_lib_merge: Preparing to register libreactnativejni_so.  onload_func: 0x78955406bc
03-02 10:57:51.799  5101 10582 D jni_lib_merge: Preparing to register libreactnativejni_common_so.  onload_func: 0x7895551044
03-02 10:57:51.799  5101 10582 D jni_lib_merge: Preparing to register librninstance_so.  onload_func: 0x7895598764
03-02 10:57:51.800  5101 10582 D jni_lib_merge: Preparing to register libturbomodulejsijni_so.  onload_func: 0x78956b0f68
03-02 10:57:51.800  5101 10582 D jni_lib_merge: Preparing to register libuimanagerjni_so.  onload_func: 0x78956c9fb8
03-02 10:57:51.800  5101 10582 D jni_lib_merge: Preparing to register libyoga_so.  onload_func: 0x78956d9a3c
03-02 10:57:51.800  5101 10582 D jni_lib_merge: About to register 11 actual methods.
03-02 10:57:51.861  5101 10520 D HWUI    : makeCurrent grContext:0xb4000079f1a11f90 reset mTextureAvailable
03-02 10:57:51.913  5101 10520 E softnation.Ojam: DynamicFPS DF open fail: No such file or directory
03-02 10:57:51.913  5101 10520 E softnation.Ojam: FrameInsert open fail: No such file or directory
03-02 10:57:51.915  5101 10520 D BLASTBufferQueue: [VRI[MainActivity]#0](f:0,a:1) acquireNextBufferLocked size=1080x2460 mFrameNumber=1 applyTransaction=true mTimestamp=610665462593012(auto) mPendingTransactions.size=0 graphicBufferId=21908628176901 transform=0
03-02 10:57:51.916   921  1472 D MI-SF   : isTpIdleScene mSetTpIdleFlag 0, mSetLtpoTpIdleFlag 0
03-02 10:57:51.916   921  1472 D DisplayModeController: setDesiredMode 4627039422300187648 {mode={fps=60.00 Hz, modePtr={id=0, vsyncRate=60.00 Hz, peakRefreshRate=60.00 Hz}}, emitEvent=true, force=false}
03-02 10:57:51.916   921  1472 D Scheduler: MtkOverrideDuration: update vsync 60
03-02 10:57:51.916   921  1472 E SurfaceFlinger: MtkDuration override mode is disabled
03-02 10:57:51.916   921  1472 D Scheduler: MtkOverrideDuration: reset override duration
03-02 10:57:51.916   921  1472 I PowerHalWrapper: updateFps(): 60
03-02 10:57:51.917  5101  5101 D VRI[MainActivity]: vri.reportDrawFinished
03-02 10:57:51.919  5101  5101 W Looper  : PerfMonitor doFrame : time=362ms vsyncFrame=19778503 latency=719ms procState=-1 historyMsgCount=39 (msgIndex=1 wall=576ms seq=703 late=1ms h=android.view.Choreographer$FrameHandler c=android.view.Choreographer$FrameDisplayEventReceiver) (msgIndex=36 wall=340ms seq=738 late=403ms h=android.app.ActivityThread$H w=114)
03-02 10:57:51.920  1621  2194 D WindowManager: wms.finishDrawingLocked: mDrawState=COMMIT_DRAW_PENDING Window{db4d1e1 u0 com.softnation.Ojam/com.softnation.Ojam.MainActivity} in Surface(name=com.softnation.Ojam/com.softnation.Ojam.MainActivity#133653)/@0xaa6ca78
03-02 10:57:51.929  5101  5101 D RNTP-com.doublesymmetry.trackplayer.service.MusicService:onBind: intentAction = androidx.media3.session.MediaSessionService
03-02 10:57:51.935  1621  1651 D MiuiRefreshRatePolicy: reset
03-02 10:57:51.940   849   868 I hwcomposer: [HWCDisplay] (0 setActiveConfigWithConstraints():4114), config:0  
03-02 10:57:51.941   849   868 I hwcomposer: [HWCDisplay] (0 setActiveConfigWithConstraints():4164), now 610665490063474, diff 285308, estimated_applied_time 27777778 queued_size:0  
03-02 10:57:51.941  1621  1651 I WindowManager: onFirstWindowDrawn, try to remove startingWindow. this = ActivityRecord{85ae053 u0 com.softnation.Ojam/.MainActivity t37031} associatedTask = null isMainWindow = true mStartingWindow = Window{492eac0 u0 Splash Screen com.softnation.Ojam} mStartingData = SplashScreenStartingData{f9c62bc waitForSyncTransactionCommit=false removeAfterTransaction= 0}
03-02 10:57:51.945   921   921 I MI-SF   : surfaceflinger setAffinity mode=0
03-02 10:57:51.945   921   921 E MI-SF   : surfaceflinger setAffinity success
03-02 10:57:51.952  1621  1638 I ActivityTaskManager: Displayed com.softnation.Ojam/.MainActivity for user 0: +16s254ms
03-02 10:57:51.952  1621  1651 I PowerManagerServiceImpl: Acquire wakelock: SCREEN_BRIGHT_WAKE_LOCK           'WindowManager/displayId:0' ON_AFTER_RELEASE (uid=1000 pid=1621 pkg=android ws=WorkSource{10337 com.softnation.Ojam})
03-02 10:57:51.956  1621  1651 D MiuiRefreshRatePolicy: reset
03-02 10:57:51.965  1621  1651 I WindowManager: wms.showSurfaceRobustly mWin:Window{db4d1e1 u0 com.softnation.Ojam/com.softnation.Ojam.MainActivity}
03-02 10:57:51.965  1621  1651 I ActivityTaskManager: visible for Task{69a0689 #37031 type=standard A=10337:com.softnation.Ojam} visible = true isAnimating = false TRANSITION = false PARENTS = false CHILDREN = false
03-02 10:57:51.966   849  1481 I hwcomposer: [HWCDisplay] (0 updateAppliedConfigState():4360), applied config complete[idx:610665517841252, config:0]  
03-02 10:57:51.966  5101 10653 I HWUI    : Davey! duration=1078ms; Flags=1, FrameTimelineVsyncId=182145443, IntendedVsync=610664387597038, Vsync=610665079382738, InputEventId=0, HandleInputStart=610665107757935, AnimationStart=610665107764397, PerformTraversalsStart=610665265525243, DrawStart=610665319205859, FrameDeadline=610664407597038, FrameInterval=610665106343474, FrameStartTime=27671428, SyncQueued=610665410337859, SyncStart=610665410641012, IssueDrawCommandsStart=610665412385935, SwapBuffers=610665461359474, FrameCompleted=610665465971782, DequeueBufferDuration=116923, QueueBufferDuration=1730847, GpuCompleted=610665465971782, SwapBuffersCompleted=610665464892935, DisplayPresentTime=35192962088355, CommandSubmissionCompleted=610665461359474, 
03-02 10:57:51.967   921   921 I PowerHalWrapper: updateFps(): 60
03-02 10:57:51.968   921   921 I PowerHalWrapper: updateFps(): 60
03-02 10:57:51.970  1621  1651 I ActivityTaskManager: visible for Task{69a0689 #37031 type=standard A=10337:com.softnation.Ojam} visible = true isAnimating = false TRANSITION = false PARENTS = false CHILDREN = false
03-02 10:57:51.973   849  1423 W hwcomposer: [DRMDEV] paramIsSame(), id 34764, w 1080/1080, h 2460/2460, pitch 1088/1088, format 0x2/0x1, secure 0/0  
03-02 10:57:51.973   921  1166 I BufferQueueDebug: [Surface(name=492eac0 Splash Screen com.softnation.Ojam#133646)/@0x71bf2ec - animation-leash of starting_reveal#133658](this:0xb400007bcecc2508,id:-1,api:0,p:-1,c:-1) BufferQueue core=(921:/system/bin/surfaceflinger)
03-02 10:57:52.047  1621  1631 I system_server: Background young concurrent mark compact GC freed 27MB AllocSpace bytes, 48(1008KB) LOS objects, 17% free, 148MB/179MB, paused 38.285ms,23.428ms total 376.259ms
03-02 10:57:52.056  1621  1633 W System  : A resource failed to call HardwareBuffer.close. 
03-02 10:57:52.057  1621  1633 W System  : A resource failed to call HardwareBuffer.close. 
03-02 10:57:52.120  1055  1186 D connsyslogger: SD_LOG_ROOT is /data/debuglogger/connsyslog/fw.
03-02 10:57:52.120  1055  1186 D connsyslogger: systemReady:1
03-02 10:57:52.143   849  1430 I hwcomposer: [HWC] (0)fire a callback of refresh to SF[4]  
03-02 10:57:52.157   921   921 I BufferQueueProducer: [FramebufferSurface](this:0xb400007d8e9dff50,id:-1,api:1,p:921,c:921) queueBuffer: fps=1.30 dur=1540.53 max=998.98 min=541.55
03-02 10:57:52.160   921   921 I MI-SF   : surfaceflinger setAffinity mode=1
03-02 10:57:52.160   921   921 E MI-SF   : surfaceflinger setAffinity success
03-02 10:57:52.160   921   921 I MI-SF   : surfaceflinger setreAffinity reTid=1207
03-02 10:57:52.160   921   921 E MI-SF   : surfaceflinger setAffinity success
03-02 10:57:52.240  5101  5101 D RNTP-com.doublesymmetry.trackplayer.service.MusicService:setupPlayer: Setting up player
03-02 10:57:52.256   921   921 I MI-SF   : surfaceflinger setAffinity mode=0
03-02 10:57:52.256   921   921 E MI-SF   : surfaceflinger setAffinity success
03-02 10:57:52.260  5101  5101 I ExoPlayerImpl: Init a8b3299 [AndroidXMedia3/1.8.0] [tides, 2404ARN45A, Xiaomi, 35]
