03-02 10:57:44.718  1621  2192 V AS.AudioDeviceBroker: requestedCommunicationDevice: null mAudioModeOwner: AudioModeInfo: mMode=MODE_NORMAL, mPid=0, mUid=0
03-02 10:57:44.719  1621  2194 D AS.BtHelper: isBluetoothScoOn() mBluetoothHeadset is null: falsemBluetoothHeadsetDevice is null: true
03-02 10:57:44.719  1621  2194 V AS.AudioDeviceBroker: requestedCommunicationDevice: null mAudioModeOwner: AudioModeInfo: mMode=MODE_NORMAL, mPid=0, mUid=0
03-02 10:57:44.737   857   857 D android.hardware.lights-service.mediatek: write 331 to /sys/class/leds/lcd-backlight/brightness, result: 0
03-02 10:57:44.738   857   857 D android.hardware.lights-service.mediatek: write 331 to /sys/class/mi_display/disp-DSI-0/brightness_clone, result: 0
03-02 10:57:44.754   857   857 D android.hardware.lights-service.mediatek: write 332 to /sys/class/leds/lcd-backlight/brightness, result: 0
03-02 10:57:44.754   857   857 D android.hardware.lights-service.mediatek: write 332 to /sys/class/mi_display/disp-DSI-0/brightness_clone, result: 0
03-02 10:57:44.770   857   857 D android.hardware.lights-service.mediatek: write 333 to /sys/class/leds/lcd-backlight/brightness, result: 0
03-02 10:57:44.771   857   857 D android.hardware.lights-service.mediatek: write 333 to /sys/class/mi_display/disp-DSI-0/brightness_clone, result: 0
03-02 10:57:44.804   857   857 D android.hardware.lights-service.mediatek: write 334 to /sys/class/leds/lcd-backlight/brightness, result: 0
03-02 10:57:44.804   857   857 D android.hardware.lights-service.mediatek: write 334 to /sys/class/mi_display/disp-DSI-0/brightness_clone, result: 0
03-02 10:57:44.821   857   857 D android.hardware.lights-service.mediatek: write 335 to /sys/class/leds/lcd-backlight/brightness, result: 0
03-02 10:57:44.821   857   857 D android.hardware.lights-service.mediatek: write 335 to /sys/class/mi_display/disp-DSI-0/brightness_clone, result: 0
03-02 10:57:44.836  5101 10582 D nativeloader: Load /data/app/~~Bh61wenJZi6JNVEuOkVQfQ==/com.softnation.Ojam-nnCVAdHxKfOmup5FCuBDYQ==/base.apk!/lib/arm64-v8a/librnscreens.so using class loader ns clns-7 (caller=/data/app/~~Bh61wenJZi6JNVEuOkVQfQ==/com.softnation.Ojam-nnCVAdHxKfOmup5FCuBDYQ==/base.apk!classes16.dex): ok
03-02 10:57:44.837   857   857 D android.hardware.lights-service.mediatek: write 336 to /sys/class/leds/lcd-backlight/brightness, result: 0
03-02 10:57:44.838   857   857 D android.hardware.lights-service.mediatek: write 336 to /sys/class/mi_display/disp-DSI-0/brightness_clone, result: 0
03-02 10:57:44.871   857   857 D android.hardware.lights-service.mediatek: write 337 to /sys/class/leds/lcd-backlight/brightness, result: 0
03-02 10:57:44.871   857   857 D android.hardware.lights-service.mediatek: write 337 to /sys/class/mi_display/disp-DSI-0/brightness_clone, result: 0
03-02 10:57:44.887   857   857 D android.hardware.lights-service.mediatek: write 338 to /sys/class/leds/lcd-backlight/brightness, result: 0
03-02 10:57:44.888   857   857 D android.hardware.lights-service.mediatek: write 338 to /sys/class/mi_display/disp-DSI-0/brightness_clone, result: 0
03-02 10:57:44.904   857   857 D android.hardware.lights-service.mediatek: write 339 to /sys/class/leds/lcd-backlight/brightness, result: 0
03-02 10:57:44.905   857   857 D android.hardware.lights-service.mediatek: write 339 to /sys/class/mi_display/disp-DSI-0/brightness_clone, result: 0
03-02 10:57:44.937   857   857 D android.hardware.lights-service.mediatek: write 340 to /sys/class/leds/lcd-backlight/brightness, result: 0
03-02 10:57:44.937   857   857 D android.hardware.lights-service.mediatek: write 340 to /sys/class/mi_display/disp-DSI-0/brightness_clone, result: 0
03-02 10:57:44.954   857   857 D android.hardware.lights-service.mediatek: write 341 to /sys/class/leds/lcd-backlight/brightness, result: 0
03-02 10:57:44.954   857   857 D android.hardware.lights-service.mediatek: write 341 to /sys/class/mi_display/disp-DSI-0/brightness_clone, result: 0
03-02 10:57:44.971   857   857 D android.hardware.lights-service.mediatek: write 342 to /sys/class/leds/lcd-backlight/brightness, result: 0
03-02 10:57:44.971   857   857 D android.hardware.lights-service.mediatek: write 342 to /sys/class/mi_display/disp-DSI-0/brightness_clone, result: 0
03-02 10:57:44.987   857   857 D android.hardware.lights-service.mediatek: write 343 to /sys/class/leds/lcd-backlight/brightness, result: 0
03-02 10:57:44.988   857   857 D android.hardware.lights-service.mediatek: write 343 to /sys/class/mi_display/disp-DSI-0/brightness_clone, result: 0
03-02 10:57:45.021   857   857 D android.hardware.lights-service.mediatek: write 344 to /sys/class/leds/lcd-backlight/brightness, result: 0
03-02 10:57:45.021   857   857 D android.hardware.lights-service.mediatek: write 344 to /sys/class/mi_display/disp-DSI-0/brightness_clone, result: 0
03-02 10:57:45.031  5101 10582 I ReactNativeJS: Running "main" with {"rootTag":1,"initialProps":{},"fabric":true}
03-02 10:57:45.037   857   857 D android.hardware.lights-service.mediatek: write 345 to /sys/class/leds/lcd-backlight/brightness, result: 0
03-02 10:57:45.038   857   857 D android.hardware.lights-service.mediatek: write 345 to /sys/class/mi_display/disp-DSI-0/brightness_clone, result: 0
03-02 10:57:45.054   857   857 D android.hardware.lights-service.mediatek: write 346 to /sys/class/leds/lcd-backlight/brightness, result: 0
03-02 10:57:45.054   857   857 D android.hardware.lights-service.mediatek: write 346 to /sys/class/mi_display/disp-DSI-0/brightness_clone, result: 0
03-02 10:57:45.079  1159  1606 D ULogGuard: Monitoring: 18 threads, 0 requests, 0 time-bombs; 1 guards. ResetFlags = 0x7
03-02 10:57:45.087   857   857 D android.hardware.lights-service.mediatek: write 347 to /sys/class/leds/lcd-backlight/brightness, result: 0
03-02 10:57:45.088   857   857 D android.hardware.lights-service.mediatek: write 347 to /sys/class/mi_display/disp-DSI-0/brightness_clone, result: 0
03-02 10:57:45.104   857   857 D android.hardware.lights-service.mediatek: write 348 to /sys/class/leds/lcd-backlight/brightness, result: 0
03-02 10:57:45.105   857   857 D android.hardware.lights-service.mediatek: write 348 to /sys/class/mi_display/disp-DSI-0/brightness_clone, result: 0
03-02 10:57:45.121   857   857 D android.hardware.lights-service.mediatek: write 349 to /sys/class/leds/lcd-backlight/brightness, result: 0
03-02 10:57:45.121   857   857 D android.hardware.lights-service.mediatek: write 349 to /sys/class/mi_display/disp-DSI-0/brightness_clone, result: 0
03-02 10:57:45.138   857   857 D android.hardware.lights-service.mediatek: write 350 to /sys/class/leds/lcd-backlight/brightness, result: 0
03-02 10:57:45.138   857   857 D android.hardware.lights-service.mediatek: write 350 to /sys/class/mi_display/disp-DSI-0/brightness_clone, result: 0
03-02 10:57:45.171   857   857 D android.hardware.lights-service.mediatek: write 351 to /sys/class/leds/lcd-backlight/brightness, result: 0
03-02 10:57:45.171   857   857 D android.hardware.lights-service.mediatek: write 351 to /sys/class/mi_display/disp-DSI-0/brightness_clone, result: 0
03-02 10:57:45.175  1167  1167 I thermal_repeater: [recvMdThermalInfo] ret=26, strLen=127,  3, 37, -13, 196, 32767, 0
03-02 10:57:45.188   857   857 D android.hardware.lights-service.mediatek: write 352 to /sys/class/leds/lcd-backlight/brightness, result: 0
03-02 10:57:45.188   857   857 D android.hardware.lights-service.mediatek: write 352 to /sys/class/mi_display/disp-DSI-0/brightness_clone, result: 0
03-02 10:57:45.204   857   857 D android.hardware.lights-service.mediatek: write 353 to /sys/class/leds/lcd-backlight/brightness, result: 0
03-02 10:57:45.205   857   857 D android.hardware.lights-service.mediatek: write 353 to /sys/class/mi_display/disp-DSI-0/brightness_clone, result: 0
03-02 10:57:45.221   857   857 D android.hardware.lights-service.mediatek: write 354 to /sys/class/leds/lcd-backlight/brightness, result: 0
03-02 10:57:45.221   857   857 D android.hardware.lights-service.mediatek: write 354 to /sys/class/mi_display/disp-DSI-0/brightness_clone, result: 0
03-02 10:57:45.254   857   857 D android.hardware.lights-service.mediatek: write 355 to /sys/class/leds/lcd-backlight/brightness, result: 0
03-02 10:57:45.255   857   857 D android.hardware.lights-service.mediatek: write 355 to /sys/class/mi_display/disp-DSI-0/brightness_clone, result: 0
03-02 10:57:45.271   857   857 D android.hardware.lights-service.mediatek: write 356 to /sys/class/leds/lcd-backlight/brightness, result: 0
03-02 10:57:45.271   857   857 D android.hardware.lights-service.mediatek: write 356 to /sys/class/mi_display/disp-DSI-0/brightness_clone, result: 0
03-02 10:57:45.288   857   857 D android.hardware.lights-service.mediatek: write 357 to /sys/class/leds/lcd-backlight/brightness, result: 0
03-02 10:57:45.288   857   857 D android.hardware.lights-service.mediatek: write 357 to /sys/class/mi_display/disp-DSI-0/brightness_clone, result: 0
03-02 10:57:45.304   857   857 D android.hardware.lights-service.mediatek: write 358 to /sys/class/leds/lcd-backlight/brightness, result: 0
03-02 10:57:45.305   857   857 D android.hardware.lights-service.mediatek: write 358 to /sys/class/mi_display/disp-DSI-0/brightness_clone, result: 0
03-02 10:57:45.338   857   857 D android.hardware.lights-service.mediatek: write 359 to /sys/class/leds/lcd-backlight/brightness, result: 0
03-02 10:57:45.338   857   857 D android.hardware.lights-service.mediatek: write 359 to /sys/class/mi_display/disp-DSI-0/brightness_clone, result: 0
03-02 10:57:45.354   857   857 D android.hardware.lights-service.mediatek: write 360 to /sys/class/leds/lcd-backlight/brightness, result: 0
03-02 10:57:45.355   857   857 D android.hardware.lights-service.mediatek: write 360 to /sys/class/mi_display/disp-DSI-0/brightness_clone, result: 0
03-02 10:57:45.371   857   857 D android.hardware.lights-service.mediatek: write 361 to /sys/class/leds/lcd-backlight/brightness, result: 0
03-02 10:57:45.372   857   857 D android.hardware.lights-service.mediatek: write 361 to /sys/class/mi_display/disp-DSI-0/brightness_clone, result: 0
03-02 10:57:45.379  1621  1912 D HyperStabilitySdkService: checkDmabufStatus done, exceedLimitsList:[], totalDmabufSize:0
03-02 10:57:45.388   857   857 D android.hardware.lights-service.mediatek: write 362 to /sys/class/leds/lcd-backlight/brightness, result: 0
03-02 10:57:45.388   857   857 D android.hardware.lights-service.mediatek: write 362 to /sys/class/mi_display/disp-DSI-0/brightness_clone, result: 0
03-02 10:57:45.405   857   857 D android.hardware.lights-service.mediatek: write 363 to /sys/class/leds/lcd-backlight/brightness, result: 0
03-02 10:57:45.405   857   857 D android.hardware.lights-service.mediatek: write 363 to /sys/class/mi_display/disp-DSI-0/brightness_clone, result: 0
03-02 10:57:45.438   857   857 D android.hardware.lights-service.mediatek: write 364 to /sys/class/leds/lcd-backlight/brightness, result: 0
03-02 10:57:45.438   857   857 D android.hardware.lights-service.mediatek: write 364 to /sys/class/mi_display/disp-DSI-0/brightness_clone, result: 0
03-02 10:57:45.440   921   921 I BufferQueueProducer: [StatusBar#109](this:0xb400007bcec4ab68,id:-1,api:0,p:-1,c:921) queueBuffer: fps=0.25 dur=4012.06 max=4012.06 min=4012.06
03-02 10:57:45.442   849   868 I hwcomposer: [HWCDisplay] (0 updateFps():3667), (type:1, mode:2) fps:0.498494,dur:4012.08,max:3760.04,min:252.04  
03-02 10:57:45.443   921   921 I MI-SF   : surfaceflinger setAffinity mode=0
03-02 10:57:45.444   921   921 E MI-SF   : surfaceflinger setAffinity success
03-02 10:57:45.455   857   857 D android.hardware.lights-service.mediatek: write 365 to /sys/class/leds/lcd-backlight/brightness, result: 0
03-02 10:57:45.455   857   857 D android.hardware.lights-service.mediatek: write 365 to /sys/class/mi_display/disp-DSI-0/brightness_clone, result: 0
03-02 10:57:45.458  1621  1856 D InetDiagMessage: Destroyed 0 sockets, proto=IPPROTO_TCP, family=AF_INET, states=14
03-02 10:57:45.460  1621  1856 D InetDiagMessage: Destroyed 0 sockets, proto=IPPROTO_TCP, family=AF_INET6, states=14
03-02 10:57:45.460  1621  1856 D InetDiagMessage: Destroyed live tcp sockets for uids={10308} in 4ms
03-02 10:57:45.462  1621  1856 D InetDiagMessage: Destroyed 0 sockets, proto=IPPROTO_TCP, family=AF_INET, states=14
03-02 10:57:45.463  1621  1856 D InetDiagMessage: Destroyed 0 sockets, proto=IPPROTO_TCP, family=AF_INET6, states=14
03-02 10:57:45.464  1621  1856 D InetDiagMessage: Destroyed live tcp sockets for uids={20308} in 3ms
03-02 10:57:45.488   857   857 D android.hardware.lights-service.mediatek: write 367 to /sys/class/leds/lcd-backlight/brightness, result: 0
03-02 10:57:45.489   857   857 D android.hardware.lights-service.mediatek: write 367 to /sys/class/mi_display/disp-DSI-0/brightness_clone, result: 0
03-02 10:57:45.521   857   857 D android.hardware.lights-service.mediatek: write 368 to /sys/class/leds/lcd-backlight/brightness, result: 0
03-02 10:57:45.521   857   857 D android.hardware.lights-service.mediatek: write 368 to /sys/class/mi_display/disp-DSI-0/brightness_clone, result: 0
03-02 10:57:45.535   921  1467 W EventThreadInspector: slow VSync-app on display(4627039422300187648) count=1, avg=31 ms, max=31 ms.
03-02 10:57:45.538   857   857 D android.hardware.lights-service.mediatek: write 369 to /sys/class/leds/lcd-backlight/brightness, result: 0
03-02 10:57:45.539   857   857 D android.hardware.lights-service.mediatek: write 369 to /sys/class/mi_display/disp-DSI-0/brightness_clone, result: 0
03-02 10:57:45.555   857   857 D android.hardware.lights-service.mediatek: write 370 to /sys/class/leds/lcd-backlight/brightness, result: 0
03-02 10:57:45.555  1621  1621 D UiModeManager: updateConfigurationLocked: mDockState=0; mCarMode=false; mCar=false; mPowerSave=false; mOverrideNightModeOn=false; mOverrideNightModeOff=false; mComputedNightMode=true; mNightModeValue=2; uiMode=42
03-02 10:57:45.555   857   857 D android.hardware.lights-service.mediatek: write 370 to /sys/class/mi_display/disp-DSI-0/brightness_clone, result: 0
03-02 10:57:45.557  6027  6027 I PowerSaveService: onReceive: android.intent.action.BATTERY_CHANGED
03-02 10:57:45.557  6515  8177 D PowerCheckerService: onBatteryChanged, mBatteryLevel = 44, status = 2, level = 44, plug = 2, scale = 100
03-02 10:57:45.557  6515  6997 I ProcAudioPowerManager: onBatteryChanged, onBattery is false
03-02 10:57:45.557  6515  6997 D PowerKeeper.FrozenApp: onBatteryChanged plug=true mBatteryPlugged=2
03-02 10:57:45.558  6515  8142 D PowerKeeper.Thermal: mBatteryTemperature: 39
03-02 10:57:45.559  6027  6027 I PowerNoticeUI: handleBatteryChanged oldPlugType 2 mPlugType 2 oldBatteryLevel 44 mBatteryLevel 44 temperature 390
03-02 10:57:45.559  6027  6027 I ChargerBatteryIntelligenceReceiver: onBatteryChanged temperature∩╝Ü39,plugType:2
03-02 10:57:45.560  6027  6027 D BaseChargeProtect_HighTemp: mCountByMinute:0,isScreenOn:true
03-02 10:57:45.561  6027  6027 I android_os_HwBinder: HwBinder: Starting thread pool for getting: vendor.xiaomi.hardware.micharge@1.0::IMiCharge/default
03-02 10:57:45.563   872   908 I vendor.xiaomi.hardware.micharge@1.0-service: ReadFilePathValue path = /sys/class/power_supply/usb/real_type value = USB
03-02 10:57:45.563  6027  6027 I IMiChargeUtils: getIMiChargeStringValue method:getBatteryChargeType,value:USB
03-02 10:57:45.564  6027  6027 I IMiChargeUtils: getBatteryChargeType : USB
03-02 10:57:45.564  6027  6027 I ChargeTimeUtilsV2: chargeType:USB
03-02 10:57:45.564  6027  6027 I PowerFeatureUtils: getVendorName:mediatek
03-02 10:57:45.564  6027  6027 I PowerFeatureUtils: getVendorName:mediatek
03-02 10:57:45.570  3510  3510 W libc    : Unable to set property "persist.vendor.accelerate.charge" to "false": PROP_ERROR_PERMISSION_DENIED (0x18)
03-02 10:57:45.571   857   857 D android.hardware.lights-service.mediatek: write 371 to /sys/class/leds/lcd-backlight/brightness, result: 0
03-02 10:57:45.571   857   857 D android.hardware.lights-service.mediatek: write 371 to /sys/class/mi_display/disp-DSI-0/brightness_clone, result: 0
03-02 10:57:45.588  1621  1621 D UiModeManager: updateConfigurationLocked: mDockState=0; mCarMode=false; mCar=false; mPowerSave=false; mOverrideNightModeOn=false; mOverrideNightModeOff=false; mComputedNightMode=true; mNightModeValue=2; uiMode=42
03-02 10:57:45.588   857   857 D android.hardware.lights-service.mediatek: write 372 to /sys/class/leds/lcd-backlight/brightness, result: 0
03-02 10:57:45.588   857   857 D android.hardware.lights-service.mediatek: write 372 to /sys/class/mi_display/disp-DSI-0/brightness_clone, result: 0
03-02 10:57:45.591  6027  6027 I PowerSaveService: onReceive: android.intent.action.BATTERY_CHANGED
03-02 10:57:45.592  6515  6997 I ProcAudioPowerManager: onBatteryChanged, onBattery is false
03-02 10:57:45.592  6027  6027 I PowerNoticeUI: handleBatteryChanged oldPlugType 2 mPlugType 2 oldBatteryLevel 44 mBatteryLevel 44 temperature 400
03-02 10:57:45.592  6515  8177 D PowerCheckerService: onBatteryChanged, mBatteryLevel = 44, status = 2, level = 44, plug = 2, scale = 100
03-02 10:57:45.592  6515  6997 D PowerKeeper.FrozenApp: onBatteryChanged plug=true mBatteryPlugged=2
03-02 10:57:45.592  6027  6027 I ChargerBatteryIntelligenceReceiver: onBatteryChanged temperature∩╝Ü40,plugType:2
03-02 10:57:45.592  6027  6027 I ChargerBatteryIntelligenceReceiver: dissmissTempFastChargeReminder not support
03-02 10:57:45.592  6027  6027 D BaseChargeProtect_HighTemp: mCountByMinute:0,isScreenOn:true
03-02 10:57:45.592  6515  8142 D PowerKeeper.Thermal: mBatteryTemperature: 40
03-02 10:57:45.593  6027  6027 I android_os_HwBinder: HwBinder: Starting thread pool for getting: vendor.xiaomi.hardware.micharge@1.0::IMiCharge/default
03-02 10:57:45.595   872   908 I vendor.xiaomi.hardware.micharge@1.0-service: ReadFilePathValue path = /sys/class/power_supply/usb/real_type value = USB
03-02 10:57:45.596  6027  6027 I IMiChargeUtils: getIMiChargeStringValue method:getBatteryChargeType,value:USB
03-02 10:57:45.596  6027  6027 I IMiChargeUtils: getBatteryChargeType : USB
03-02 10:57:45.596  6027  6027 I ChargeTimeUtilsV2: chargeType:USB
03-02 10:57:45.596  6027  6027 I PowerFeatureUtils: getVendorName:mediatek
03-02 10:57:45.596  6027  6027 I PowerFeatureUtils: getVendorName:mediatek
03-02 10:57:45.622   857   857 D android.hardware.lights-service.mediatek: write 373 to /sys/class/leds/lcd-backlight/brightness, result: 0
03-02 10:57:45.622   857   857 D android.hardware.lights-service.mediatek: write 373 to /sys/class/mi_display/disp-DSI-0/brightness_clone, result: 0
03-02 10:57:45.638   857   857 D android.hardware.lights-service.mediatek: write 374 to /sys/class/leds/lcd-backlight/brightness, result: 0
03-02 10:57:45.639   857   857 D android.hardware.lights-service.mediatek: write 374 to /sys/class/mi_display/disp-DSI-0/brightness_clone, result: 0
03-02 10:57:45.655   857   857 D android.hardware.lights-service.mediatek: write 375 to /sys/class/leds/lcd-backlight/brightness, result: 0
03-02 10:57:45.655   857   857 D android.hardware.lights-service.mediatek: write 375 to /sys/class/mi_display/disp-DSI-0/brightness_clone, result: 0
03-02 10:57:45.672   857   857 D android.hardware.lights-service.mediatek: write 376 to /sys/class/leds/lcd-backlight/brightness, result: 0
03-02 10:57:45.672   857   857 D android.hardware.lights-service.mediatek: write 376 to /sys/class/mi_display/disp-DSI-0/brightness_clone, result: 0
03-02 10:57:45.679  7123  7123 W adbd    : timeout expired while flushing socket, closing
03-02 10:57:45.688   857   857 D android.hardware.lights-service.mediatek: write 377 to /sys/class/leds/lcd-backlight/brightness, result: 0
03-02 10:57:45.689   857   857 D android.hardware.lights-service.mediatek: write 377 to /sys/class/mi_display/disp-DSI-0/brightness_clone, result: 0
03-02 10:57:45.705   857   857 D android.hardware.lights-service.mediatek: write 378 to /sys/class/leds/lcd-backlight/brightness, result: 0
03-02 10:57:45.705   857   857 D android.hardware.lights-service.mediatek: write 378 to /sys/class/mi_display/disp-DSI-0/brightness_clone, result: 0
03-02 10:57:45.711  1621  1650 W ActivityTaskManager: Launch timeout has expired, giving up wake lock!
03-02 10:57:45.722  1621  2194 D AS.BtHelper: isBluetoothScoOn() mBluetoothHeadset is null: falsemBluetoothHeadsetDevice is null: true
03-02 10:57:45.722  1621  2194 V AS.AudioDeviceBroker: requestedCommunicationDevice: null mAudioModeOwner: AudioModeInfo: mMode=MODE_NORMAL, mPid=0, mUid=0
03-02 10:57:45.723  1621  2194 D AS.BtHelper: isBluetoothScoOn() mBluetoothHeadset is null: falsemBluetoothHeadsetDevice is null: true
03-02 10:57:45.723  1621  2194 V AS.AudioDeviceBroker: requestedCommunicationDevice: null mAudioModeOwner: AudioModeInfo: mMode=MODE_NORMAL, mPid=0, mUid=0
03-02 10:57:45.727   863   958 I mtkpower@impl: [powerd_req] TIMER_MSG_PERF_LOCK_TIMEOUT hdl:365237
03-02 10:57:45.727   863   958 I libPowerHal: [perfLockRel] hdl:365237, idx:2
03-02 10:57:45.727   863   958 I libPowerHal: [PD] MTKPOWER_HINT_PROCESS_CREATE update cmd:2024000 param:5, pr:6
03-02 10:57:45.728   863   958 I libPowerHal: [PD] MTKPOWER_HINT_PROCESS_CREATE update ONESHOT(unset) cmd:10000700 param:16129 pr:3
03-02 10:57:45.729   863   958 I libPowerHal: [perfLockRel] Done for hdl : 365237
03-02 10:57:45.737  2350  2350 W Settings: Setting airplane_mode_on has moved from android.provider.Settings.System to android.provider.Settings.Global, returning read-only value.
03-02 10:57:45.739   857   857 D android.hardware.lights-service.mediatek: write 379 to /sys/class/leds/lcd-backlight/brightness, result: 0
03-02 10:57:45.739   857   857 D android.hardware.lights-service.mediatek: write 379 to /sys/class/mi_display/disp-DSI-0/brightness_clone, result: 0
03-02 10:57:45.739  2350  2350 W Settings: Setting airplane_mode_on has moved from android.provider.Settings.System to android.provider.Settings.Global, returning read-only value.
03-02 10:57:45.741  2350 29580 D NetworkSpeedTracker: updateSignalInfo lteRsrp=-91lteSnr=13,phoneId=1
03-02 10:57:45.744  1177  1177 I thermal_src: recvmsg_expect 5, but get 2 
03-02 10:57:45.744  1177  1177 V thermal_src: TA_DAEMON_CMD_GET_TPCB:ERROR ret=-1
03-02 10:57:45.744  1177  1177 E thermal_src: get_tpcb_from_kernel:error -1. retry...
03-02 10:57:45.744  1177  1177 I thermal_src: recvmsg_expect 4, but get 5 
03-02 10:57:45.744  1177  1177 V thermal_src: TA_DAEMON_CMD_SET_TTJ:ERROR ret=-1
03-02 10:57:45.744  1177  1177 E thermal_src: set_ttj_to_kernel 1:error -1
03-02 10:57:45.744  1177  1177 I thermal_src: recvmsg_expect 2, but get 4 
03-02 10:57:45.744  1177  1177 V thermal_src: waiting NOTIFY from kernel miss, -1
03-02 10:57:45.745  2350 29580 D NetworkSpeedTracker: updateSignalInfo lteRsrp=-91lteSnr=13,phoneId=1
03-02 10:57:45.755   857   857 D android.hardware.lights-service.mediatek: write 380 to /sys/class/leds/lcd-backlight/brightness, result: 0
03-02 10:57:45.755   857   857 D android.hardware.lights-service.mediatek: write 380 to /sys/class/mi_display/disp-DSI-0/brightness_clone, result: 0
03-02 10:57:45.772   857   857 D android.hardware.lights-service.mediatek: write 381 to /sys/class/leds/lcd-backlight/brightness, result: 0
03-02 10:57:45.772   857   857 D android.hardware.lights-service.mediatek: write 381 to /sys/class/mi_display/disp-DSI-0/brightness_clone, result: 0
03-02 10:57:45.788   921  1472 D DisplayModeController: setDesiredMode 4627039422300187648 {mode={fps=36.00 Hz, modePtr={id=3, vsyncRate=36.00 Hz, peakRefreshRate=36.00 Hz}}, emitEvent=false, force=false}
03-02 10:57:45.788   857   857 D android.hardware.lights-service.mediatek: write 382 to /sys/class/leds/lcd-backlight/brightness, result: 0
03-02 10:57:45.788   921  1472 D Scheduler: MtkOverrideDuration: update vsync 36
03-02 10:57:45.789   921  1472 E SurfaceFlinger: MtkDuration override mode is disabled
03-02 10:57:45.789   921  1472 D Scheduler: MtkOverrideDuration: reset override duration
03-02 10:57:45.789   921  1472 I PowerHalWrapper: updateFps(): 36
03-02 10:57:45.789   857   857 D android.hardware.lights-service.mediatek: write 382 to /sys/class/mi_display/disp-DSI-0/brightness_clone, result: 0
03-02 10:57:45.805   857   857 D android.hardware.lights-service.mediatek: write 383 to /sys/class/leds/lcd-backlight/brightness, result: 0
03-02 10:57:45.806   857   857 D android.hardware.lights-service.mediatek: write 383 to /sys/class/mi_display/disp-DSI-0/brightness_clone, result: 0
03-02 10:57:45.806   849   868 I hwcomposer: [HWCDisplay] (0 setActiveConfigWithConstraints():4114), config:3  
03-02 10:57:45.806   849   868 I hwcomposer: [HWCDisplay] (0 setActiveConfigWithConstraints():4164), now 610659355199704, diff 300230, estimated_applied_time 16666667 queued_size:0  
03-02 10:57:45.822   857   857 D android.hardware.lights-service.mediatek: write 384 to /sys/class/leds/lcd-backlight/brightness, result: 0
03-02 10:57:45.822   857   857 D android.hardware.lights-service.mediatek: write 384 to /sys/class/mi_display/disp-DSI-0/brightness_clone, result: 0
03-02 10:57:45.833   849  1481 I hwcomposer: [HWCDisplay] (0 updateAppliedConfigState():4360), applied config complete[idx:610659371866371, config:3]  
03-02 10:57:45.872   921   921 I PowerHalWrapper: updateFps(): 36
03-02 10:57:45.873   921   921 I PowerHalWrapper: updateFps(): 36
03-02 10:57:45.894   857   857 D android.hardware.lights-service.mediatek: write 386 to /sys/class/leds/lcd-backlight/brightness, result: 0
03-02 10:57:45.894   857   857 D android.hardware.lights-service.mediatek: write 386 to /sys/class/mi_display/disp-DSI-0/brightness_clone, result: 0
03-02 10:57:45.922   857   857 D android.hardware.lights-service.mediatek: write 388 to /sys/class/leds/lcd-backlight/brightness, result: 0
03-02 10:57:45.922   857   857 D android.hardware.lights-service.mediatek: write 388 to /sys/class/mi_display/disp-DSI-0/brightness_clone, result: 0
03-02 10:57:45.949   857   857 D android.hardware.lights-service.mediatek: write 389 to /sys/class/leds/lcd-backlight/brightness, result: 0
03-02 10:57:45.950   857   857 D android.hardware.lights-service.mediatek: write 389 to /sys/class/mi_display/disp-DSI-0/brightness_clone, result: 0
03-02 10:57:45.977   857   857 D android.hardware.lights-service.mediatek: write 391 to /sys/class/leds/lcd-backlight/brightness, result: 0
03-02 10:57:45.977   857   857 D android.hardware.lights-service.mediatek: write 391 to /sys/class/mi_display/disp-DSI-0/brightness_clone, result: 0
03-02 10:57:45.996   921  1467 W EventThreadInspector: slow VSync-app on display(4627039422300187648) count=2, avg=33 ms, max=33 ms.
03-02 10:57:46.005   857   857 D android.hardware.lights-service.mediatek: write 392 to /sys/class/leds/lcd-backlight/brightness, result: 0
03-02 10:57:46.005   857   857 D android.hardware.lights-service.mediatek: write 392 to /sys/class/mi_display/disp-DSI-0/brightness_clone, result: 0
03-02 10:57:46.032   857   857 D android.hardware.lights-service.mediatek: write 394 to /sys/class/leds/lcd-backlight/brightness, result: 0
03-02 10:57:46.033   857   857 D android.hardware.lights-service.mediatek: write 394 to /sys/class/mi_display/disp-DSI-0/brightness_clone, result: 0
03-02 10:57:46.060   857   857 D android.hardware.lights-service.mediatek: write 395 to /sys/class/leds/lcd-backlight/brightness, result: 0
03-02 10:57:46.060   857   857 D android.hardware.lights-service.mediatek: write 395 to /sys/class/mi_display/disp-DSI-0/brightness_clone, result: 0
03-02 10:57:46.081  1621  1666 I SmartPower: com.whatsapp/10300(31638): idle->background(2060ms) R(broadcast start Intent { act=android.intent.action.BATTERY_CHANGED flg=0x60000010 (has extras) }) adj=905.
03-02 10:57:46.082  1621  1666 I SmartPower: com.android.chrome/10174(23296): idle->background(7153ms) R(broadcast start Intent { act=android.intent.action.BATTERY_CHANGED flg=0x60000010 (has extras) }) adj=915.
03-02 10:57:46.083  1621  1666 I SmartPower: com.instagram.android/10301(31107): idle->background(7150ms) R(broadcast start Intent { act=android.intent.action.BATTERY_CHANGED flg=0x60000010 (has extras) }) adj=915.
03-02 10:57:46.084  1621  1666 I SmartPower: com.facebook.stella/10126(31485): idle->background(7147ms) R(broadcast start Intent { act=android.intent.action.BATTERY_CHANGED flg=0x60000010 (has extras) }) adj=925.
03-02 10:57:46.084  1621  1666 I SmartPower: com.facebook.katana/10287(31850): idle->background(7049ms) R(broadcast start Intent { act=android.intent.action.BATTERY_CHANGED flg=0x60000010 (has extras) }) adj=915.
03-02 10:57:46.085  1621  1666 I SmartPower: com.instagram.barcelona/10075(32592): idle->background(7044ms) R(broadcast start Intent { act=android.intent.action.BATTERY_CHANGED flg=0x60000010 (has extras) }) adj=905.
03-02 10:57:46.086  1621  1666 I SmartPower: com.whatsapp/99910300(29736): idle->background(7044ms) R(broadcast start Intent { act=android.intent.action.BATTERY_CHANGED flg=0x60000010 (has extras) }) adj=905.
03-02 10:57:46.088   857   857 D android.hardware.lights-service.mediatek: write 397 to /sys/class/leds/lcd-backlight/brightness, result: 0
03-02 10:57:46.088   857   857 D android.hardware.lights-service.mediatek: write 397 to /sys/class/mi_display/disp-DSI-0/brightness_clone, result: 0
03-02 10:57:46.116   857   857 D android.hardware.lights-service.mediatek: write 398 to /sys/class/leds/lcd-backlight/brightness, result: 0
03-02 10:57:46.116   857   857 D android.hardware.lights-service.mediatek: write 398 to /sys/class/mi_display/disp-DSI-0/brightness_clone, result: 0
03-02 10:57:46.118  1055  1186 D connsyslogger: SD_LOG_ROOT is /data/debuglogger/connsyslog/fw.
03-02 10:57:46.118  1055  1186 D connsyslogger: systemReady:1
03-02 10:57:46.143   857   857 D android.hardware.lights-service.mediatek: write 400 to /sys/class/leds/lcd-backlight/brightness, result: 0
03-02 10:57:46.144   857   857 D android.hardware.lights-service.mediatek: write 400 to /sys/class/mi_display/disp-DSI-0/brightness_clone, result: 0
03-02 10:57:46.171   857   857 D android.hardware.lights-service.mediatek: write 401 to /sys/class/leds/lcd-backlight/brightness, result: 0
03-02 10:57:46.171   857   857 D android.hardware.lights-service.mediatek: write 401 to /sys/class/mi_display/disp-DSI-0/brightness_clone, result: 0
03-02 10:57:46.331   849  1430 I hwcomposer: [HWC] (0)fire a callback of refresh to SF[4]  
03-02 10:57:46.356   921   921 I BufferQueueProducer: [FramebufferSurface](this:0xb400007d8e9dff50,id:-1,api:1,p:921,c:921) queueBuffer: fps=0.35 dur=5672.64 max=4674.90 min=997.74
03-02 10:57:46.360   921   921 I MI-SF   : surfaceflinger setAffinity mode=1
03-02 10:57:46.360   921   921 E MI-SF   : surfaceflinger setAffinity success
03-02 10:57:46.360   921   921 I MI-SF   : surfaceflinger setreAffinity reTid=1207
03-02 10:57:46.360   921   921 E MI-SF   : surfaceflinger setAffinity success
03-02 10:57:46.418  1621  4230 D FileUtils: Rounded bytes from 8055762944 to 16000000000
03-02 10:57:46.426 13966  4809 V ClearcutMetricXmitter: Transmission is done.
03-02 10:57:46.427   861   947 I libPerfCtl: xgfGetFPS pid:921 fps:-1
03-02 10:57:46.427   861   947 I libPerfCtl: xgfGetFPS pid:2363 fps:-1
03-02 10:57:46.436   921   921 I MI-SF   : surfaceflinger setAffinity mode=0
03-02 10:57:46.437   921   921 E MI-SF   : surfaceflinger setAffinity success
03-02 10:57:46.579   849  1430 I hwcomposer: [HWC] (0)fire a callback of refresh to SF[4]  
03-02 10:57:46.606   849   868 I hwcomposer: [HWCDisplay] (0 updateFps():3667), (type:1, mode:2) fps:4.294691,dur:1164.23,max:483.31,min:66.10  
03-02 10:57:46.609   921   921 I MI-SF   : surfaceflinger setAffinity mode=1
03-02 10:57:46.609   921   921 E MI-SF   : surfaceflinger setAffinity success
03-02 10:57:46.609   921   921 I MI-SF   : surfaceflinger setreAffinity reTid=1207
03-02 10:57:46.609   921   921 E MI-SF   : surfaceflinger setAffinity success
03-02 10:57:46.660  1177  1177 I thermal_src: recvmsg_expect 4, but get 2 
03-02 10:57:46.660  1177  1177 V thermal_src: TA_DAEMON_CMD_SET_TTJ:ERROR ret=-1
03-02 10:57:46.660  1177  1177 E thermal_src: set_ttj_to_kernel 1:error -1
03-02 10:57:46.660  1177  1177 I thermal_src: recvmsg_expect 2, but get 4 
03-02 10:57:46.660  1177  1177 V thermal_src: waiting NOTIFY from kernel miss, -1
03-02 10:57:46.712  1621  4230 D ActivityManager: getProcessesInErrorState callingUid=10126, CallingPid=31485
03-02 10:57:46.726  1621  4230 D AS.BtHelper: isBluetoothScoOn() mBluetoothHeadset is null: falsemBluetoothHeadsetDevice is null: true
03-02 10:57:46.726  1621  4230 V AS.AudioDeviceBroker: requestedCommunicationDevice: null mAudioModeOwner: AudioModeInfo: mMode=MODE_NORMAL, mPid=0, mUid=0
03-02 10:57:46.727  1621  4230 D AS.BtHelper: isBluetoothScoOn() mBluetoothHeadset is null: falsemBluetoothHeadsetDevice is null: true
03-02 10:57:46.727  1621  4230 V AS.AudioDeviceBroker: requestedCommunicationDevice: null mAudioModeOwner: AudioModeInfo: mMode=MODE_NORMAL, mPid=0, mUid=0
03-02 10:57:46.766  5101 10582 D nativeloader: Load /data/app/~~Bh61wenJZi6JNVEuOkVQfQ==/com.softnation.Ojam-nnCVAdHxKfOmup5FCuBDYQ==/base.apk!/lib/arm64-v8a/libworklets.so using class loader ns clns-7 (caller=/data/app/~~Bh61wenJZi6JNVEuOkVQfQ==/com.softnation.Ojam-nnCVAdHxKfOmup5FCuBDYQ==/base.apk!classes20.dex): ok
03-02 10:57:46.967  5101 10582 D nativeloader: Load /data/app/~~Bh61wenJZi6JNVEuOkVQfQ==/com.softnation.Ojam-nnCVAdHxKfOmup5FCuBDYQ==/base.apk!/lib/arm64-v8a/libreanimated.so using class loader ns clns-7 (caller=/data/app/~~Bh61wenJZi6JNVEuOkVQfQ==/com.softnation.Ojam-nnCVAdHxKfOmup5FCuBDYQ==/base.apk!classes20.dex): ok
03-02 10:57:47.427   861   947 I libPerfCtl: xgfGetFPS pid:2363 fps:-1
03-02 10:57:47.513  1201  1298 D AALService: [CRTC_114] onALIChanged: 36 -> 40
03-02 10:57:47.694   863   909 I mtkpower@impl: [setMode] type:5, enabled:0
03-02 10:57:47.694  1621  1650 I PowerHalWrapper: amsBoostNotify pid:13966,activity:com.google.android.apps.search.assistant.surfaces.voice.robin.ui.floaty.activity.FloatyActivity, package:com.google.android.googlequicksearchbox, mProcessCreatePackcom.softnation.Ojam 
03-02 10:57:47.694  1621  1650 I PowerHalWrapper: state: 0 
03-02 10:57:47.695   863   958 I libPowerHal: [perfLockRel] hdl:365236, idx:1
03-02 10:57:47.695   863   958 I libPowerHal: [PD] LAUNCH update cmd:1408300 param:0, pr:6
03-02 10:57:47.695  1621  1650 I mtkpower_client: [PowerHal_Wrap_notifyAppState] com.google.android.googlequicksearchbox/com.google.android.apps.search.assistant.surfaces.voice.robin.ui.floaty.activity.FloatyActivity pid=13966 activityId:114759433 state:0
03-02 10:57:47.696   861   861 I vendor.mediatek.hardware.mtkpower_applist-service.mediatek: packName: com.google.android.googlequicksearchbox actName: com.google.android.apps.search.assistant.surfaces.voice.robin.ui.floaty.activity.FloatyActivity pid: 13966 activityId: 114759433 uid: 10165 state: 0
03-02 10:57:47.696   861   861 I MTK_APPList: [notifyAPPstate] com.google.android.googlequicksearchbox/com.google.android.apps.search.assistant.surfaces.voice.robin.ui.floaty.activity.FloatyActivity, pid=13966, activityId=114759433, uid=10165, state:PAUSED, fps:-1, win:1
03-02 10:57:47.696   861   861 I MTK_APPList: [notifyAPPstate] multi_resumed_app_count: 2
03-02 10:57:47.696   861   861 I MTK_APPList: [notifyAPPstate] multi_resumed_app_info[0] com.android.systemui/com.android.systemui._190038181, pid:2363, activityId:-1, fps:-1, isMultiWindow:0
03-02 10:57:47.696   861   861 I MTK_APPList: [notifyAPPstate] multi_resumed_app_info[1] com.softnation.Ojam/com.softnation.Ojam.MainActivity, pid:5101, activityId:140173395, fps:-1, isMultiWindow:0
03-02 10:57:47.696   861   861 I MTK_APPList: [getForegroundAPPCount] 2
03-02 10:57:47.696   861   861 I MTK_APPList: [notifyNetdUID] 10337
03-02 10:57:47.696  1621  1650 I PowerHalWrapper: amsBoostNotify AMS_BOOST_PROCESS_CREATE_BOOST:true 
03-02 10:57:47.697   863   958 I libPowerHal: [PD] LAUNCH update cmd:400000 param:-1 pr:6
03-02 10:57:47.697   863   958 I libPowerHal: [PD] LAUNCH update cmd:400100 param:-1 pr:6
03-02 10:57:47.698   863   958 I libPowerHal: [PD] LAUNCH update cmd:1000000 param:-1 pr:6
03-02 10:57:47.698   863   958 I libPowerHal: [recordCPUFreqInfo] set cluster[0] min(-1): -1 max(-1): -1 cluster[1] min(-1): -1 max(-1): -1
03-02 10:57:47.699   863   958 I libPowerHal: [perfLockRel] Done for hdl : 365236
03-02 10:57:47.698  1999  1999 D OnLongClickAgent: reset:   removeMessages MSG_LONG_CLICK
03-02 10:57:47.699  1999  1999 D OnLongClickAgent: reset:   removeMessages MSG_LONG_CLICK
03-02 10:57:47.699  1999  1999 D OnLongClickAgent: reset:   removeMessages MSG_LONG_CLICK
03-02 10:57:47.699  1999  1999 D OnLongClickAgent: reset:   removeMessages MSG_LONG_CLICK
03-02 10:57:47.699   861   861 I MTK_APPList: [notifyPID] 5101
03-02 10:57:47.699  1999  1999 D OnLongClickAgent: reset:   removeMessages MSG_LONG_CLICK
03-02 10:57:47.699  1999  1999 D OnLongClickAgent: reset:   removeMessages MSG_LONG_CLICK
03-02 10:57:47.700  1999  1999 D OnLongClickAgent: reset:   removeMessages MSG_LONG_CLICK
03-02 10:57:47.700  1999  1999 D OnLongClickAgent: reset:   removeMessages MSG_LONG_CLICK
03-02 10:57:47.700  1999  1999 D OnLongClickAgent: reset:   removeMessages MSG_LONG_CLICK
03-02 10:57:47.700  1999  1999 D OnLongClickAgent: reset:   removeMessages MSG_LONG_CLICK
03-02 10:57:47.700  1999  1999 D OnLongClickAgent: reset:   removeMessages MSG_LONG_CLICK
03-02 10:57:47.700  1999  1999 D OnLongClickAgent: reset:   removeMessages MSG_LONG_CLICK
03-02 10:57:47.700   863   958 I libPowerHal: [perfSetSysInfo] pid type:24, 5101
03-02 10:57:47.700  1999  1999 D OnLongClickAgent: reset:   removeMessages MSG_LONG_CLICK
03-02 10:57:47.700  1999  1999 D OnLongClickAgent: reset:   removeMessages MSG_LONG_CLICK
03-02 10:57:47.700  1999  1999 D OnLongClickAgent: reset:   removeMessages MSG_LONG_CLICK
03-02 10:57:47.700  1999  1999 D OnLongClickAgent: reset:   removeMessages MSG_LONG_CLICK
03-02 10:57:47.700  1999  1999 D OnLongClickAgent: reset:   removeMessages MSG_LONG_CLICK
03-02 10:57:47.700  1999  1999 D OnLongClickAgent: reset:   removeMessages MSG_LONG_CLICK
03-02 10:57:47.700 10483 10483 W BpBinder: Slow Binder: BpBinder transact took 12011 ms, interface=android.app.IActivityManager, code=1598246212 oneway=false
03-02 10:57:47.702  1621  1648 D Aurogon :  uid = 10166 switch to FG
03-02 10:57:47.704  1999  1999 D Launcher.Lifecycle: onStop:UserHandle{0},c143874,false
03-02 10:57:47.704  1999  1999 D UninstallDialogWrapper: mUninstallDialogShowing != isShowfalse, mUninstallDialogShowingfalse,isShowfalse
03-02 10:57:47.705  1999  1999 D SoscSplitStateController: updateDividerFixedState: isFixed = false
03-02 10:57:47.705  1999  1999 D Launcher_UnlockAnimationStateMachine: onStop = IDLE
03-02 10:57:47.706  2363  2477 D SoScSplitScreenController: updateDividerFixedState isFixed:false
03-02 10:57:47.706  1621  1918 E HyperSentinel: -------------------------------------------------------
03-02 10:57:47.706  1621  1918 E HyperSentinel: Event_ResidentSize
03-02 10:57:47.706  1621  1918 E HyperSentinel: -> audit event by proc 10483 "": RSS increasement, peak 848kb -> 4532kb
03-02 10:57:47.707  1999  1999 D LauncherAssistantCompatGoogle: onStop com.google.android.libraries.gsa.launcherclient.LauncherClient@b8351e8
03-02 10:57:47.710  1621  1842 I MiuiNetworkPolicy: updateUidState uid = 10261, uidState = 4
03-02 10:57:47.712  1999  1999 E Launcher.application: setClickAppWaitForCallback = false
03-02 10:57:47.712 11917 12034 D LauncherOverlay: setActivityState:0
03-02 10:57:47.713 11917 11917 D LauncherOverlay.Window: onStop
03-02 10:57:47.714 14013 14013 I brdz    : onStop
03-02 10:57:47.715  1999  1999 D ActivityThread: Fail to check app heapsize due to java.lang.NoSuchMethodException: dalvik.system.VMRuntime.getBlockingGcCountForAlloc []
03-02 10:57:47.717  1621  1842 I MiuiNetworkPolicy: updateUidState uid = 10165, uidState = 4
03-02 10:57:47.717  1621  1842 I MiuiNetworkPolicy: updateUidState uid = 10147, uidState = 4
03-02 10:57:47.723  1621  1745 W UsageStatsService: Unexpected activity event reported! (com.miui.home/com.miui.home.launcher.Launcher event : 23 instanceId : 86304474)
03-02 10:57:47.728 13966 13966 I ayus    : #onStop - FloatyInputFragmentPeer
03-02 10:57:47.729 13966 13966 I aqld    : #notifyUserExitedFloatyResponseScreen
03-02 10:57:47.729  1621  1648 D Aurogon :  uid = 10166 switch to BG
03-02 10:57:47.730  1621  4230 D AS.BtHelper: isBluetoothScoOn() mBluetoothHeadset is null: falsemBluetoothHeadsetDevice is null: true
03-02 10:57:47.730  1621  4230 V AS.AudioDeviceBroker: requestedCommunicationDevice: null mAudioModeOwner: AudioModeInfo: mMode=MODE_NORMAL, mPid=0, mUid=0
03-02 10:57:47.730  1621  1894 D Aurogon :  onForegroundActivitiesChanged packageName = com.miui.home
03-02 10:57:47.730  1621  4230 D AS.BtHelper: isBluetoothScoOn() mBluetoothHeadset is null: falsemBluetoothHeadsetDevice is null: true
03-02 10:57:47.730  1621  4230 V AS.AudioDeviceBroker: requestedCommunicationDevice: null mAudioModeOwner: AudioModeInfo: mMode=MODE_NORMAL, mPid=0, mUid=0
03-02 10:57:47.730 13966 13966 I azdq    : #onStop (PageContainer)
03-02 10:57:47.730 13966 13966 I azdq    : Activity stopping, saving floaty's state
03-02 10:57:47.731 13966 13966 I anoi    : Not stopping. No query to stop
03-02 10:57:47.732 13966  4699 I aycx    : #createPersistedState
03-02 10:57:47.732 13966 13966 I anoi    : Not stopping. Activity fully started.
03-02 10:57:47.733 13966  4699 I aycx    : #savePersistedState
03-02 10:57:47.733 13966  4112 I ayzy    : (REDACTED) buildNewState: %s, %s
03-02 10:57:47.740  1621  1651 I ActivityTaskManager: visible for Task{69a0689 #37031 type=standard A=10337:com.softnation.Ojam} visible = true isAnimating = false TRANSITION = false PARENTS = false CHILDREN = false
03-02 10:57:47.740   921   921 I SurfaceFlinger: onHandleDestroyed: name=com.miui.home/com.miui.home.launcher.Launcher#133638, layerId=133638, parentId=0
03-02 10:57:47.740   921   921 I SurfaceFlinger: onHandleDestroyed: name=LauncherOverlayWindow:com.mi.globalminusscreen#133634, layerId=133634, parentId=0
03-02 10:57:47.740   921   921 I SurfaceFlinger: onHandleDestroyed: name=LauncherMinusOneScreen#133633, layerId=133633, parentId=0
03-02 10:57:47.742   849   868 I hwcomposer: [HWCDisplay] (0 updateFps():3667), (type:1, mode:2) fps:0.880638,dur:1135.54,max:1135.54,min:1135.54  
03-02 10:57:47.743   921   921 I MI-SF   : surfaceflinger setAffinity mode=0
03-02 10:57:47.744   921   921 E MI-SF   : surfaceflinger setAffinity success
03-02 10:57:47.769   921   921 I BufferQueueDebug: [com.miui.home/com.miui.home.launcher.Launcher#133638](this:0xb400007bcec72948,id:-1,api:0,p:-1,c:921) onDestructor()
03-02 10:57:47.769   921   921 I BufferQueueDebug: [LauncherOverlayWindow:com.mi.globalminusscreen#133634](this:0xb400007bcecb4138,id:-1,api:0,p:-1,c:921) onDestructor()
03-02 10:57:47.770   921   921 I BufferQueueDebug: [LauncherMinusOneScreen#133633](this:0xb400007bcecdeca8,id:-1,api:0,p:-1,c:921) onDestructor()
03-02 10:57:47.802  8942  8942 D BoundBrokerSvc: onUnbind: Intent { act=com.google.android.gms.measurement.START pkg=com.google.android.gms }
03-02 10:57:47.805 13966 13966 D ActivityThread: Fail to check app heapsize due to java.lang.NoSuchMethodException: dalvik.system.VMRuntime.getBlockingGcCountForAlloc []
03-02 10:57:47.809 13966 13966 I aolx    : (REDACTED) #onStop, ttsExtender?.shouldExtendTts: %s
03-02 10:57:47.809 13966 13966 I aolx    : Pausing TTS from SpeechViewModel
03-02 10:57:47.809 13966 13966 I aotp    : TTS Pause requested
03-02 10:57:47.809 13966 13966 I aotp    : TTS Pause completed
03-02 10:57:47.814  1621  1648 D Aurogon :  uid = 10165 switch to BG
03-02 10:57:47.815  1621  1894 D Aurogon :  onForegroundActivitiesChanged packageName = com.google.android.googlequicksearchbox
03-02 10:57:47.823  1621  1651 I ActivityTaskManager: visible for Task{69a0689 #37031 type=standard A=10337:com.softnation.Ojam} visible = true isAnimating = false TRANSITION = false PARENTS = false CHILDREN = false
03-02 10:57:47.824   921   921 I SurfaceFlinger: onHandleDestroyed: name=com.google.android.googlequicksearchbox/com.google.android.apps.search.assistant.surfaces.voice.robin.ui.floaty.activity.FloatyActivity#133635, layerId=133635, parentId=0
03-02 10:57:47.853   921   921 I BufferQueueDebug: [com.google.android.googlequicksearchbox/com.google.android.apps.search.assistant.surfaces.voice.robin.ui.floaty.activity.FloatyActivity#133635](this:0xb400007bcecc2508,id:-1,api:0,p:-1,c:921) onDestructor()
03-02 10:57:47.963   849  1430 I hwcomposer: [HWC] (0)fire a callback of refresh to SF[4]  
03-02 10:57:47.989   921  1467 W EventThreadInspector: slow VSync-app on display(4627039422300187648) count=1, avg=48 ms, max=48 ms.
03-02 10:57:47.990   921   921 I BufferQueueProducer: [FramebufferSurface](this:0xb400007d8e9dff50,id:-1,api:1,p:921,c:921) queueBuffer: fps=1.22 dur=1633.96 max=1384.52 min=249.44
03-02 10:57:47.994   921   921 I MI-SF   : surfaceflinger setAffinity mode=1
03-02 10:57:47.994   921   921 E MI-SF   : surfaceflinger setAffinity success
03-02 10:57:47.994   921   921 I MI-SF   : surfaceflinger setreAffinity reTid=1207
03-02 10:57:47.994   921   921 E MI-SF   : surfaceflinger setAffinity success
03-02 10:57:48.057 31638 31692 D WM-SystemJobScheduler: Scheduling work ID 3a952340-01b8-48ca-a509-b20e9fd31192Job ID 261504
03-02 10:57:48.067  1621  4427 E JobScheduler: ResourceBudgetManagerInternal is null
03-02 10:57:48.073  1621  1842 I MiuiNetworkPolicy: updateUidState uid = 10300, uidState = 8
03-02 10:57:48.073  5969  6034 I ebcv    : (REDACTED) appOpsListener %s %s
03-02 10:57:48.073  1621  1638 D GnssSsruImpl: onLocationPermissionsChanged provider:network packageName:com.whatsapp
03-02 10:57:48.073  1621  1638 D GnssSsruImpl: onLocationPermissionsChanged provider:passive packageName:com.whatsapp
03-02 10:57:48.073  5969  6034 I ebcv    : (REDACTED) Ignoring irrelevant audio permission changes for package %s
03-02 10:57:48.074  1621  4427 I whetstone.activity: Power Event callback listener is empty for resId=256
03-02 10:57:48.074  1621  4427 D BatteryStatsManagerStub: notifyEvent for resId=256 used 0ms
03-02 10:57:48.080  1159  1606 D ULogGuard: Monitoring: 18 threads, 0 requests, 0 time-bombs; 1 guards. ResetFlags = 0x7
03-02 10:57:48.083 31638 31692 D WM-GreedyScheduler: Starting tracking for 3a952340-01b8-48ca-a509-b20e9fd31192,64e29e4d-a65e-42e4-8f5e-7e3ec5d0702f
03-02 10:57:48.084 31638 31638 D WM-SystemJobService: onStartJob for WorkGenerationalId(workSpecId=3a952340-01b8-48ca-a509-b20e9fd31192, generation=0)
03-02 10:57:48.089 31638 31692 D WM-Processor: Fr5: processing WorkGenerationalId(workSpecId=3a952340-01b8-48ca-a509-b20e9fd31192, generation=0)
03-02 10:57:48.118 31638 31638 D WM-WorkerWrapper: Starting work for com.whatsapp.xmpp.messaging.XmppLifecycleWorker
03-02 10:57:48.118  1055  1186 D connsyslogger: SD_LOG_ROOT is /data/debuglogger/connsyslog/fw.
03-02 10:57:48.118  1055  1186 D connsyslogger: systemReady:1
03-02 10:57:48.122 31638 31695 D WM-GreedyScheduler: Constraints met: Scheduling work ID WorkGenerationalId(workSpecId=3a952340-01b8-48ca-a509-b20e9fd31192, generation=0)
03-02 10:57:48.124 31638 31697 D WM-Processor: Work WorkGenerationalId(workSpecId=3a952340-01b8-48ca-a509-b20e9fd31192, generation=0) is already enqueued for processing
03-02 10:57:48.269  2350  2350 W Settings: Setting airplane_mode_on has moved from android.provider.Settings.System to android.provider.Settings.Global, returning read-only value.
03-02 10:57:48.273  2350  2350 W Settings: Setting airplane_mode_on has moved from android.provider.Settings.System to android.provider.Settings.Global, returning read-only value.
03-02 10:57:48.278  2350 29580 D NetworkSpeedTracker: updateSignalInfo lteRsrp=-91lteSnr=14,phoneId=1
03-02 10:57:48.283  2350 29580 D NetworkSpeedTracker: updateSignalInfo lteRsrp=-91lteSnr=14,phoneId=1
03-02 10:57:48.385  4051 16573 W MediaProvider: isAppCloneUserPair for user 0: false
03-02 10:57:48.420  1621  4427 D Aurogon :  packageName = com.google.android.gms isAllowWakeUpList 
03-02 10:57:48.427   861   947 I libPerfCtl: xgfGetFPS pid:921 fps:-1
03-02 10:57:48.427   861   947 I libPerfCtl: xgfGetFPS pid:2363 fps:-1
03-02 10:57:48.452   921   921 I BufferQueueProducer: [StatusBar#109](this:0xb400007bcec4ab68,id:-1,api:0,p:-1,c:921) queueBuffer: fps=0.66 dur=3011.95 max=2018.54 min=993.41
03-02 10:57:48.457   921   921 I MI-SF   : surfaceflinger setAffinity mode=0
03-02 10:57:48.458   921   921 E MI-SF   : surfaceflinger setAffinity success
03-02 10:57:48.474  1621  4427 D Aurogon :  packageName = com.google.android.gms isAllowWakeUpList 
03-02 10:57:48.485  4051 18837 W MediaProvider: isAppCloneUserPair for user 0: false
03-02 10:57:48.507  1621  4230 D ConnectivityService: requestNetwork for uid/pid:10337/5101 activeRequest: null callbackRequest: 242252 [NetworkRequest [ REQUEST id=242253, [ Capabilities: INTERNET&NOT_RESTRICTED&TRUSTED&NOT_VCN_MANAGED&NOT_BANDWIDTH_CONSTRAINED Uid: 10337 RequestorUid: 10337 RequestorPkg: com.softnation.Ojam UnderlyingNetworks: Null] ]] callback flags: 0 order: 2147483647 isUidTracked: false declaredMethods: AVAIL|LOSING|LOST|UNAVAIL|NC|LP
03-02 10:57:48.514 31638 31695 D WM-GreedyScheduler: Starting tracking for 64e29e4d-a65e-42e4-8f5e-7e3ec5d0702f
03-02 10:57:48.515  1201  1298 D AALLightSensor: oldLux=40 [SA:-1 LA:-1] newLux=40 (oriLux: 40)
03-02 10:57:48.522  1621  1843 D WifiNetworkFactory: got request NetworkRequest [ REQUEST id=242253, [ Capabilities: INTERNET&NOT_RESTRICTED&TRUSTED&NOT_VCN_MANAGED&NOT_BANDWIDTH_CONSTRAINED Uid: 10337 RequestorUid: 10337 RequestorPkg: com.softnation.Ojam UnderlyingNetworks: Null] ]
