03-02 10:57:42.335   857   857 D android.hardware.lights-service.mediatek: write 239 to /sys/class/mi_display/disp-DSI-0/brightness_clone, result: 0
03-02 10:57:42.351   857   857 D android.hardware.lights-service.mediatek: write 240 to /sys/class/leds/lcd-backlight/brightness, result: 0
03-02 10:57:42.352   857   857 D android.hardware.lights-service.mediatek: write 240 to /sys/class/mi_display/disp-DSI-0/brightness_clone, result: 0
03-02 10:57:42.385   857   857 D android.hardware.lights-service.mediatek: write 241 to /sys/class/leds/lcd-backlight/brightness, result: 0
03-02 10:57:42.385   857   857 D android.hardware.lights-service.mediatek: write 241 to /sys/class/mi_display/disp-DSI-0/brightness_clone, result: 0
03-02 10:57:42.419   857   857 D android.hardware.lights-service.mediatek: write 242 to /sys/class/leds/lcd-backlight/brightness, result: 0
03-02 10:57:42.419   857   857 D android.hardware.lights-service.mediatek: write 242 to /sys/class/mi_display/disp-DSI-0/brightness_clone, result: 0
03-02 10:57:42.452   857   857 D android.hardware.lights-service.mediatek: write 243 to /sys/class/leds/lcd-backlight/brightness, result: 0
03-02 10:57:42.452   857   857 D android.hardware.lights-service.mediatek: write 243 to /sys/class/mi_display/disp-DSI-0/brightness_clone, result: 0
03-02 10:57:42.485   857   857 D android.hardware.lights-service.mediatek: write 244 to /sys/class/leds/lcd-backlight/brightness, result: 0
03-02 10:57:42.485   857   857 D android.hardware.lights-service.mediatek: write 244 to /sys/class/mi_display/disp-DSI-0/brightness_clone, result: 0
03-02 10:57:42.490  1621  1922 I SmartPower: com.google.android.googlequicksearchbox:googleapp/10165(14013): background->idle(6005ms) R(become background) adj=100.
03-02 10:57:42.498  1621  1922 I SmartPower: com.google.android.adservices.api/10261(5464): background->idle(6001ms) R(remove from whitelist) adj=0.
03-02 10:57:42.498  1621  1922 I SmartPower: com.google.android.webview:sandboxed_process0:org.chromium.content.app.SandboxedPrbackground->idle(6001ms) R(remove from whitelist) adj=100.
03-02 10:57:42.519   857   857 D android.hardware.lights-service.mediatek: write 245 to /sys/class/leds/lcd-backlight/brightness, result: 0
03-02 10:57:42.519   857   857 D android.hardware.lights-service.mediatek: write 245 to /sys/class/mi_display/disp-DSI-0/brightness_clone, result: 0
03-02 10:57:42.535  2350  2350 W Settings: Setting airplane_mode_on has moved from android.provider.Settings.System to android.provider.Settings.Global, returning read-only value.
03-02 10:57:42.535   857   857 D android.hardware.lights-service.mediatek: write 246 to /sys/class/leds/lcd-backlight/brightness, result: 0
03-02 10:57:42.535   857   857 D android.hardware.lights-service.mediatek: write 246 to /sys/class/mi_display/disp-DSI-0/brightness_clone, result: 0
03-02 10:57:42.537  2350  2350 W Settings: Setting airplane_mode_on has moved from android.provider.Settings.System to android.provider.Settings.Global, returning read-only value.
03-02 10:57:42.539  2350 29580 D NetworkSpeedTracker: updateSignalInfo lteRsrp=-92lteSnr=14,phoneId=1
03-02 10:57:42.543  2350 29580 D NetworkSpeedTracker: updateSignalInfo lteRsrp=-92lteSnr=14,phoneId=1
03-02 10:57:42.568   857   857 D android.hardware.lights-service.mediatek: write 247 to /sys/class/leds/lcd-backlight/brightness, result: 0
03-02 10:57:42.569   857   857 D android.hardware.lights-service.mediatek: write 247 to /sys/class/mi_display/disp-DSI-0/brightness_clone, result: 0
03-02 10:57:42.605   857   857 D android.hardware.lights-service.mediatek: write 248 to /sys/class/leds/lcd-backlight/brightness, result: 0
03-02 10:57:42.605   857   857 D android.hardware.lights-service.mediatek: write 248 to /sys/class/mi_display/disp-DSI-0/brightness_clone, result: 0
03-02 10:57:42.611  5101 10583 I WebViewFactory: Loading com.google.android.webview version 145.0.7632.79 (code 763207903)
03-02 10:57:42.620  5101 10583 D ApplicationLoaders: Returning zygote-cached class loader: /system/framework/android.test.base.jar
03-02 10:57:42.620  5101 10583 D ApplicationLoaders: Returning zygote-cached class loader: /system_ext/framework/androidx.window.extensions.jar
03-02 10:57:42.628  5101 10583 W softnation.Ojam: Loading /data/app/~~6WQvy1g3uHyDFuZpDlez4A==/com.google.android.webview-LhKVE1I3zKkU3w5MlwC1TA==/oat/arm64/base.odex non-executable as it requires an image which we failed to load
03-02 10:57:42.635   857   857 D android.hardware.lights-service.mediatek: write 249 to /sys/class/leds/lcd-backlight/brightness, result: 0
03-02 10:57:42.635   857   857 D android.hardware.lights-service.mediatek: write 249 to /sys/class/mi_display/disp-DSI-0/brightness_clone, result: 0
03-02 10:57:42.636  5101 10583 D nativeloader: Configuring clns-8 for other apk /data/app/~~6WQvy1g3uHyDFuZpDlez4A==/com.google.android.webview-LhKVE1I3zKkU3w5MlwC1TA==/base.apk. target_sdk_version=36, uses_libraries=, library_path=/data/app/~~6WQvy1g3uHyDFuZpDlez4A==/com.google.android.webview-LhKVE1I3zKkU3w5MlwC1TA==/lib/arm64:/data/app/~~6WQvy1g3uHyDFuZpDlez4A==/com.google.android.webview-LhKVE1I3zKkU3w5MlwC1TA==/base.apk!/lib/arm64-v8a, permitted_path=/data:/mnt/expand
03-02 10:57:42.652   857   857 D android.hardware.lights-service.mediatek: write 250 to /sys/class/leds/lcd-backlight/brightness, result: 0
03-02 10:57:42.652   857   857 D android.hardware.lights-service.mediatek: write 250 to /sys/class/mi_display/disp-DSI-0/brightness_clone, result: 0
03-02 10:57:42.665  5101 10583 I softnation.Ojam: Waiting for a blocking GC ClassLinker
03-02 10:57:42.666  5101 10491 W softnation.Ojam: userfaultfd: MOVE ioctl seems unsupported: Connection timed out
03-02 10:57:42.682   861   947 I libPerfCtl: xgfGetFPS pid:921 fps:-1
03-02 10:57:42.682   861   947 I libPerfCtl: xgfGetFPS pid:2363 fps:-1
03-02 10:57:42.685   857   857 D android.hardware.lights-service.mediatek: write 251 to /sys/class/leds/lcd-backlight/brightness, result: 0
03-02 10:57:42.685   857   857 D android.hardware.lights-service.mediatek: write 251 to /sys/class/mi_display/disp-DSI-0/brightness_clone, result: 0
03-02 10:57:42.709  5101 10583 I softnation.Ojam: WaitForGcToComplete blocked ClassLinker on Background for 43.364ms
03-02 10:57:42.709  1621  2192 D ActivityManager: getProcessesInErrorState callingUid=10126, CallingPid=31485
03-02 10:57:42.713  1621  2194 D AS.BtHelper: isBluetoothScoOn() mBluetoothHeadset is null: falsemBluetoothHeadsetDevice is null: true
03-02 10:57:42.713  1621  2194 V AS.AudioDeviceBroker: requestedCommunicationDevice: null mAudioModeOwner: AudioModeInfo: mMode=MODE_NORMAL, mPid=0, mUid=0
03-02 10:57:42.713   921  2359 D SurfaceFlinger: [SF client] REMOVE (0xb400007caea5a790) for (5101:com.softnation.Ojam)
03-02 10:57:42.714  1621  2194 D AS.BtHelper: isBluetoothScoOn() mBluetoothHeadset is null: falsemBluetoothHeadsetDevice is null: true
03-02 10:57:42.714  1621  2194 V AS.AudioDeviceBroker: requestedCommunicationDevice: null mAudioModeOwner: AudioModeInfo: mMode=MODE_NORMAL, mPid=0, mUid=0
03-02 10:57:42.718   857   857 D android.hardware.lights-service.mediatek: write 252 to /sys/class/leds/lcd-backlight/brightness, result: 0
03-02 10:57:42.719   857   857 D android.hardware.lights-service.mediatek: write 252 to /sys/class/mi_display/disp-DSI-0/brightness_clone, result: 0
03-02 10:57:42.730  5101 10583 I cr_WVCFactoryProvider: version=145.0.7632.79 (763207903) minSdkVersion=29 multiprocess=true packageId=127 splits=<none>
03-02 10:57:42.743  5101 10583 D nativeloader: Load /data/app/~~6WQvy1g3uHyDFuZpDlez4A==/com.google.android.webview-LhKVE1I3zKkU3w5MlwC1TA==/base.apk!/lib/arm64-v8a/libwebviewchromium.so using class loader ns clns-8 (caller=/data/app/~~6WQvy1g3uHyDFuZpDlez4A==/com.google.android.webview-LhKVE1I3zKkU3w5MlwC1TA==/base.apk): ok
03-02 10:57:42.747  5101 10583 D nativeloader: Load /system/lib64/libwebviewchromium_plat_support.so using class loader ns clns-8 (caller=/data/app/~~6WQvy1g3uHyDFuZpDlez4A==/com.google.android.webview-LhKVE1I3zKkU3w5MlwC1TA==/base.apk): ok
03-02 10:57:42.752   857   857 D android.hardware.lights-service.mediatek: write 253 to /sys/class/leds/lcd-backlight/brightness, result: 0
03-02 10:57:42.752   857   857 D android.hardware.lights-service.mediatek: write 253 to /sys/class/mi_display/disp-DSI-0/brightness_clone, result: 0
03-02 10:57:42.753  5101 10595 I chromium: [0302/105742.752957:INFO:android_webview/browser/variations/variations_seed_loader.cc:67] Failed to open file for reading.: No such file or directory (2)
03-02 10:57:42.763  5101 10583 I cr_LibraryLoader: Successfully loaded native library
03-02 10:57:42.765  5101 10583 I cr_CachingUmaRecorder: Flushed 18 samples from 18 histograms, 0 samples were dropped.
03-02 10:57:42.783 31107 31419 E msys    : E[N mns]_OnDiskCacheGetData(632)=>Start post callback cache refresh DNS resolution
03-02 10:57:42.785   857   857 D android.hardware.lights-service.mediatek: write 254 to /sys/class/leds/lcd-backlight/brightness, result: 0
03-02 10:57:42.785   857   857 D android.hardware.lights-service.mediatek: write 254 to /sys/class/mi_display/disp-DSI-0/brightness_clone, result: 0
03-02 10:57:42.788 31107 31419 E msys    : E[N mns]_LogError(228)=>Failed to resolve using system DNS resolver, getaddrinfo(): No address associated with hostname
03-02 10:57:42.789 31107 31419 E msys    : E[N mns]_OnDiskCacheGetData(632)=>Start post callback cache refresh DNS resolution
03-02 10:57:42.791 31107 31419 E msys    : E[N mns]_LogError(228)=>Failed to resolve using system DNS resolver, getaddrinfo(): No address associated with hostname
03-02 10:57:42.793  5101 10582 D nativeloader: Load /data/app/~~Bh61wenJZi6JNVEuOkVQfQ==/com.softnation.Ojam-nnCVAdHxKfOmup5FCuBDYQ==/base.apk!/lib/arm64-v8a/libexpo-modules-core.so using class loader ns clns-7 (caller=/data/app/~~Bh61wenJZi6JNVEuOkVQfQ==/com.softnation.Ojam-nnCVAdHxKfOmup5FCuBDYQ==/base.apk!classes20.dex): ok
03-02 10:57:42.802   857   857 D android.hardware.lights-service.mediatek: write 255 to /sys/class/leds/lcd-backlight/brightness, result: 0
03-02 10:57:42.802   857   857 D android.hardware.lights-service.mediatek: write 255 to /sys/class/mi_display/disp-DSI-0/brightness_clone, result: 0
03-02 10:57:42.835   857   857 D android.hardware.lights-service.mediatek: write 256 to /sys/class/leds/lcd-backlight/brightness, result: 0
03-02 10:57:42.836   857   857 D android.hardware.lights-service.mediatek: write 256 to /sys/class/mi_display/disp-DSI-0/brightness_clone, result: 0
03-02 10:57:42.868   857   857 D android.hardware.lights-service.mediatek: write 257 to /sys/class/leds/lcd-backlight/brightness, result: 0
03-02 10:57:42.869   857   857 D android.hardware.lights-service.mediatek: write 257 to /sys/class/mi_display/disp-DSI-0/brightness_clone, result: 0
03-02 10:57:42.869  5101 10582 W unknown:ViewManagerPropertyUpdater: Could not find generated setter for class com.th3rdwave.safeareacontext.SafeAreaProviderManager
03-02 10:57:42.877  5101 10582 W unknown:ViewManagerPropertyUpdater: Could not find generated setter for class com.facebook.react.uimanager.LayoutShadowNode
03-02 10:57:42.881  5101 10582 W unknown:ViewManagerPropertyUpdater: Could not find generated setter for class com.swmansion.rnscreens.SearchBarManager
03-02 10:57:42.883  5101 10582 W unknown:ViewManagerPropertyUpdater: Could not find generated setter for class com.swmansion.rnscreens.ScreenFooterManager
03-02 10:57:42.885  5101 10582 W unknown:ViewManagerPropertyUpdater: Could not find generated setter for class com.swmansion.rnscreens.gamma.tabs.TabScreenViewManager
03-02 10:57:42.885   857   857 D android.hardware.lights-service.mediatek: write 258 to /sys/class/leds/lcd-backlight/brightness, result: 0
03-02 10:57:42.885   857   857 D android.hardware.lights-service.mediatek: write 258 to /sys/class/mi_display/disp-DSI-0/brightness_clone, result: 0
03-02 10:57:42.888  5101 10582 W unknown:ViewManagerPropertyUpdater: Could not find generated setter for class expo.modules.kotlin.views.GroupViewManagerWrapper
03-02 10:57:42.894  5101 10582 W unknown:ViewManagerPropertyUpdater: Could not find generated setter for class com.swmansion.rnscreens.ScreenContainerViewManager
03-02 10:57:42.896  5101 10582 W unknown:ViewManagerPropertyUpdater: Could not find generated setter for class com.reactnativecommunity.slider.ReactSliderManager
03-02 10:57:42.902  5101 10582 W unknown:ViewManagerPropertyUpdater: Could not find generated setter for class com.swmansion.rnscreens.gamma.tabs.TabsHostViewManager
03-02 10:57:42.905  5101 10582 W unknown:ViewManagerPropertyUpdater: Could not find generated setter for class com.swmansion.rnscreens.ModalScreenViewManager
03-02 10:57:42.911  5101 10582 W unknown:ViewManagerPropertyUpdater: Could not find generated setter for class com.swmansion.rnscreens.ScreenStackHeaderConfigViewManager
03-02 10:57:42.916  5101 10582 W unknown:ViewManagerPropertyUpdater: Could not find generated setter for class com.swmansion.rnscreens.ScreenContentWrapperManager
03-02 10:57:42.916  5101 10602 D ProfileInstaller: Installing profile for com.softnation.Ojam
03-02 10:57:42.917  5101 10582 W unknown:ViewManagerPropertyUpdater: Could not find generated setter for class com.th3rdwave.safeareacontext.SafeAreaViewManager
03-02 10:57:42.919   857   857 D android.hardware.lights-service.mediatek: write 259 to /sys/class/leds/lcd-backlight/brightness, result: 0
03-02 10:57:42.919   857   857 D android.hardware.lights-service.mediatek: write 259 to /sys/class/mi_display/disp-DSI-0/brightness_clone, result: 0
03-02 10:57:42.921  5101 10582 W unknown:ViewManagerPropertyUpdater: Could not find generated setter for class com.th3rdwave.safeareacontext.SafeAreaViewShadowNode
03-02 10:57:42.923  5101 10582 W unknown:ViewManagerPropertyUpdater: Could not find generated setter for class com.swmansion.rnscreens.ScreenViewManager
03-02 10:57:42.927  5101 10582 W unknown:ViewManagerPropertyUpdater: Could not find generated setter for class expo.modules.kotlin.views.SimpleViewManagerWrapper
03-02 10:57:42.930  5101 10582 W unknown:ViewManagerPropertyUpdater: Could not find generated setter for class com.swmansion.rnscreens.ScreenStackHeaderSubviewManager
03-02 10:57:42.933  5101 10582 W unknown:ViewManagerPropertyUpdater: Could not find generated setter for class com.swmansion.rnscreens.ScreenStackViewManager
03-02 10:57:42.952   857   857 D android.hardware.lights-service.mediatek: write 260 to /sys/class/leds/lcd-backlight/brightness, result: 0
03-02 10:57:42.952   857   857 D android.hardware.lights-service.mediatek: write 260 to /sys/class/mi_display/disp-DSI-0/brightness_clone, result: 0
03-02 10:57:42.985   857   857 D android.hardware.lights-service.mediatek: write 261 to /sys/class/leds/lcd-backlight/brightness, result: 0
03-02 10:57:42.986   857   857 D android.hardware.lights-service.mediatek: write 261 to /sys/class/mi_display/disp-DSI-0/brightness_clone, result: 0
03-02 10:57:43.002   857   857 D android.hardware.lights-service.mediatek: write 262 to /sys/class/leds/lcd-backlight/brightness, result: 0
03-02 10:57:43.002   857   857 D android.hardware.lights-service.mediatek: write 262 to /sys/class/mi_display/disp-DSI-0/brightness_clone, result: 0
03-02 10:57:43.035   857   857 D android.hardware.lights-service.mediatek: write 263 to /sys/class/leds/lcd-backlight/brightness, result: 0
03-02 10:57:43.036   857   857 D android.hardware.lights-service.mediatek: write 263 to /sys/class/mi_display/disp-DSI-0/brightness_clone, result: 0
03-02 10:57:43.069   857   857 D android.hardware.lights-service.mediatek: write 264 to /sys/class/leds/lcd-backlight/brightness, result: 0
03-02 10:57:43.069   857   857 D android.hardware.lights-service.mediatek: write 264 to /sys/class/mi_display/disp-DSI-0/brightness_clone, result: 0
03-02 10:57:43.085   857   857 D android.hardware.lights-service.mediatek: write 265 to /sys/class/leds/lcd-backlight/brightness, result: 0
03-02 10:57:43.086   857   857 D android.hardware.lights-service.mediatek: write 265 to /sys/class/mi_display/disp-DSI-0/brightness_clone, result: 0
03-02 10:57:43.119   857   857 D android.hardware.lights-service.mediatek: write 266 to /sys/class/leds/lcd-backlight/brightness, result: 0
03-02 10:57:43.119   857   857 D android.hardware.lights-service.mediatek: write 266 to /sys/class/mi_display/disp-DSI-0/brightness_clone, result: 0
03-02 10:57:43.152   857   857 D android.hardware.lights-service.mediatek: write 267 to /sys/class/leds/lcd-backlight/brightness, result: 0
03-02 10:57:43.153   857   857 D android.hardware.lights-service.mediatek: write 267 to /sys/class/mi_display/disp-DSI-0/brightness_clone, result: 0
03-02 10:57:43.169   857   857 D android.hardware.lights-service.mediatek: write 268 to /sys/class/leds/lcd-backlight/brightness, result: 0
03-02 10:57:43.169   857   857 D android.hardware.lights-service.mediatek: write 268 to /sys/class/mi_display/disp-DSI-0/brightness_clone, result: 0
03-02 10:57:43.181  2350  2350 W Settings: Setting airplane_mode_on has moved from android.provider.Settings.System to android.provider.Settings.Global, returning read-only value.
03-02 10:57:43.182  2350  2350 W Settings: Setting airplane_mode_on has moved from android.provider.Settings.System to android.provider.Settings.Global, returning read-only value.
03-02 10:57:43.184  2350 29580 D NetworkSpeedTracker: updateSignalInfo lteRsrp=-92lteSnr=14,phoneId=1
03-02 10:57:43.187  2350 29580 D NetworkSpeedTracker: updateSignalInfo lteRsrp=-92lteSnr=14,phoneId=1
03-02 10:57:43.202   857   857 D android.hardware.lights-service.mediatek: write 269 to /sys/class/leds/lcd-backlight/brightness, result: 0
03-02 10:57:43.203   857   857 D android.hardware.lights-service.mediatek: write 269 to /sys/class/mi_display/disp-DSI-0/brightness_clone, result: 0
03-02 10:57:43.203  5101 10582 W unknown:ViewManagerPropertyUpdater: Could not find generated setter for class com.horcrux.svg.RenderableViewManager$FeMergeManager
03-02 10:57:43.206  5101 10582 W unknown:ViewManagerPropertyUpdater: Could not find generated setter for class com.horcrux.svg.VirtualViewManager$RenderableShadowNode
03-02 10:57:43.219  5101 10582 W unknown:ViewManagerPropertyUpdater: Could not find generated setter for class com.facebook.react.views.safeareaview.ReactSafeAreaViewManager
03-02 10:57:43.220  5101 10582 W unknown:ViewManagerPropertyUpdater: Could not find generated setter for class com.facebook.react.views.safeareaview.ReactSafeAreaViewShadowNode
03-02 10:57:43.232  5101 10582 W unknown:ViewManagerPropertyUpdater: Could not find generated setter for class com.horcrux.svg.RenderableViewManager$LinearGradientManager
03-02 10:57:43.236   857   857 D android.hardware.lights-service.mediatek: write 270 to /sys/class/leds/lcd-backlight/brightness, result: 0
03-02 10:57:43.236   857   857 D android.hardware.lights-service.mediatek: write 270 to /sys/class/mi_display/disp-DSI-0/brightness_clone, result: 0
03-02 10:57:43.247  5101 10582 W unknown:ViewManagerPropertyUpdater: Could not find generated setter for class com.facebook.react.views.progressbar.ReactProgressBarViewManager
03-02 10:57:43.248  5101 10582 W unknown:ViewManagerPropertyUpdater: Could not find generated setter for class com.facebook.react.views.progressbar.ProgressBarShadowNode
03-02 10:57:43.252   857   857 D android.hardware.lights-service.mediatek: write 271 to /sys/class/leds/lcd-backlight/brightness, result: 0
03-02 10:57:43.253   857   857 D android.hardware.lights-service.mediatek: write 271 to /sys/class/mi_display/disp-DSI-0/brightness_clone, result: 0
03-02 10:57:43.260  5101 10582 W unknown:ViewManagerPropertyUpdater: Could not find generated setter for class com.horcrux.svg.RenderableViewManager$FeColorMatrixManager
03-02 10:57:43.273  5101 10582 W unknown:ViewManagerPropertyUpdater: Could not find generated setter for class com.horcrux.svg.RenderableViewManager$SymbolManager
03-02 10:57:43.285   857   857 D android.hardware.lights-service.mediatek: write 272 to /sys/class/leds/lcd-backlight/brightness, result: 0
03-02 10:57:43.286   857   857 D android.hardware.lights-service.mediatek: write 272 to /sys/class/mi_display/disp-DSI-0/brightness_clone, result: 0
03-02 10:57:43.289  5101 10582 W unknown:ViewManagerPropertyUpdater: Could not find generated setter for class com.horcrux.svg.RenderableViewManager$PatternManager
03-02 10:57:43.302   857   857 D android.hardware.lights-service.mediatek: write 273 to /sys/class/leds/lcd-backlight/brightness, result: 0
03-02 10:57:43.302   857   857 D android.hardware.lights-service.mediatek: write 273 to /sys/class/mi_display/disp-DSI-0/brightness_clone, result: 0
03-02 10:57:43.305  5101 10582 W unknown:ViewManagerPropertyUpdater: Could not find generated setter for class com.horcrux.svg.SvgViewManager
03-02 10:57:43.322  5101 10582 W unknown:ViewManagerPropertyUpdater: Could not find generated setter for class com.facebook.react.views.switchview.ReactSwitchManager
03-02 10:57:43.324  5101 10582 W unknown:ViewManagerPropertyUpdater: Could not find generated setter for class com.facebook.react.views.switchview.ReactSwitchShadowNode
03-02 10:57:43.336   857   857 D android.hardware.lights-service.mediatek: write 274 to /sys/class/leds/lcd-backlight/brightness, result: 0
03-02 10:57:43.336  5101 10582 W unknown:ViewManagerPropertyUpdater: Could not find generated setter for class com.horcrux.svg.RenderableViewManager$UseViewManager
03-02 10:57:43.336   857   857 D android.hardware.lights-service.mediatek: write 274 to /sys/class/mi_display/disp-DSI-0/brightness_clone, result: 0
03-02 10:57:43.350  5101 10582 W unknown:ViewManagerPropertyUpdater: Could not find generated setter for class com.horcrux.svg.RenderableViewManager$TSpanViewManager
03-02 10:57:43.366  5101 10582 W unknown:ViewManagerPropertyUpdater: Could not find generated setter for class com.horcrux.svg.RenderableViewManager$FilterManager
03-02 10:57:43.369   857   857 D android.hardware.lights-service.mediatek: write 275 to /sys/class/leds/lcd-backlight/brightness, result: 0
03-02 10:57:43.369   857   857 D android.hardware.lights-service.mediatek: write 275 to /sys/class/mi_display/disp-DSI-0/brightness_clone, result: 0
03-02 10:57:43.380  5101 10582 W unknown:ViewManagerPropertyUpdater: Could not find generated setter for class com.horcrux.svg.RenderableViewManager$MarkerManager
03-02 10:57:43.386   857   857 D android.hardware.lights-service.mediatek: write 276 to /sys/class/leds/lcd-backlight/brightness, result: 0
03-02 10:57:43.386   857   857 D android.hardware.lights-service.mediatek: write 276 to /sys/class/mi_display/disp-DSI-0/brightness_clone, result: 0
03-02 10:57:43.396  5101 10582 W unknown:ViewManagerPropertyUpdater: Could not find generated setter for class com.swmansion.gesturehandler.react.RNGestureHandlerButtonViewManager
03-02 10:57:43.410  5101 10582 W unknown:ViewManagerPropertyUpdater: Could not find generated setter for class com.horcrux.svg.RenderableViewManager$ForeignObjectManager
03-02 10:57:43.419   857   857 D android.hardware.lights-service.mediatek: write 277 to /sys/class/leds/lcd-backlight/brightness, result: 0
03-02 10:57:43.419   857   857 D android.hardware.lights-service.mediatek: write 277 to /sys/class/mi_display/disp-DSI-0/brightness_clone, result: 0
03-02 10:57:43.424  5101 10582 W unknown:ViewManagerPropertyUpdater: Could not find generated setter for class com.horcrux.svg.RenderableViewManager$GroupViewManager
03-02 10:57:43.436   857   857 D android.hardware.lights-service.mediatek: write 278 to /sys/class/leds/lcd-backlight/brightness, result: 0
03-02 10:57:43.436   857   857 D android.hardware.lights-service.mediatek: write 278 to /sys/class/mi_display/disp-DSI-0/brightness_clone, result: 0
03-02 10:57:43.439  5101 10582 W unknown:ViewManagerPropertyUpdater: Could not find generated setter for class com.horcrux.svg.RenderableViewManager$TextViewManager
03-02 10:57:43.443  1621  1922 I SmartPower: com.google.android.apps.nbu.files/10308(32719): background->idle(3002ms) R(service unbind com.google.android.apps.nbu.files/androidx.work.impl.background.systemjob.SystemJobService) adj=905.
03-02 10:57:43.454  5101 10582 W unknown:ViewManagerPropertyUpdater: Could not find generated setter for class com.horcrux.svg.RenderableViewManager$ImageViewManager
03-02 10:57:43.469  5101 10582 W unknown:ViewManagerPropertyUpdater: Could not find generated setter for class com.horcrux.svg.RenderableViewManager$FeCompositeManager
03-02 10:57:43.469   857   857 D android.hardware.lights-service.mediatek: write 279 to /sys/class/leds/lcd-backlight/brightness, result: 0
03-02 10:57:43.469   857   857 D android.hardware.lights-service.mediatek: write 279 to /sys/class/mi_display/disp-DSI-0/brightness_clone, result: 0
03-02 10:57:43.482  5101 10582 W unknown:ViewManagerPropertyUpdater: Could not find generated setter for class com.horcrux.svg.RenderableViewManager$RadialGradientManager
03-02 10:57:43.497  5101 10582 W unknown:ViewManagerPropertyUpdater: Could not find generated setter for class com.facebook.react.views.unimplementedview.ReactUnimplementedViewManager
03-02 10:57:43.502   857   857 D android.hardware.lights-service.mediatek: write 280 to /sys/class/leds/lcd-backlight/brightness, result: 0
03-02 10:57:43.503   857   857 D android.hardware.lights-service.mediatek: write 280 to /sys/class/mi_display/disp-DSI-0/brightness_clone, result: 0
03-02 10:57:43.508  5101 10582 W unknown:ViewManagerPropertyUpdater: Could not find generated setter for class com.horcrux.svg.RenderableViewManager$FeOffsetManager
03-02 10:57:43.519   857   857 D android.hardware.lights-service.mediatek: write 281 to /sys/class/leds/lcd-backlight/brightness, result: 0
03-02 10:57:43.519   857   857 D android.hardware.lights-service.mediatek: write 281 to /sys/class/mi_display/disp-DSI-0/brightness_clone, result: 0
03-02 10:57:43.521  5101 10582 W unknown:ViewManagerPropertyUpdater: Could not find generated setter for class com.horcrux.svg.RenderableViewManager$PathViewManager
03-02 10:57:43.537  5101 10582 W unknown:ViewManagerPropertyUpdater: Could not find generated setter for class com.facebook.react.views.drawer.ReactDrawerLayoutManager
03-02 10:57:43.553   857   857 D android.hardware.lights-service.mediatek: write 282 to /sys/class/leds/lcd-backlight/brightness, result: 0
03-02 10:57:43.553   857   857 D android.hardware.lights-service.mediatek: write 282 to /sys/class/mi_display/disp-DSI-0/brightness_clone, result: 0
03-02 10:57:43.556  5101 10582 W unknown:ViewManagerPropertyUpdater: Could not find generated setter for class com.facebook.react.views.textinput.ReactTextInputManager
03-02 10:57:43.561  5101 10582 W unknown:ViewManagerPropertyUpdater: Could not find generated setter for class com.facebook.react.views.textinput.ReactTextInputShadowNode
03-02 10:57:43.569   857   857 D android.hardware.lights-service.mediatek: write 283 to /sys/class/leds/lcd-backlight/brightness, result: 0
03-02 10:57:43.570   857   857 D android.hardware.lights-service.mediatek: write 283 to /sys/class/mi_display/disp-DSI-0/brightness_clone, result: 0
03-02 10:57:43.579  5101 10582 W unknown:ViewManagerPropertyUpdater: Could not find generated setter for class com.horcrux.svg.RenderableViewManager$DefsViewManager
03-02 10:57:43.592  5101 10582 W unknown:ViewManagerPropertyUpdater: Could not find generated setter for class com.facebook.react.views.debuggingoverlay.DebuggingOverlayManager
03-02 10:57:43.603   857   857 D android.hardware.lights-service.mediatek: write 284 to /sys/class/leds/lcd-backlight/brightness, result: 0
03-02 10:57:43.603   857   857 D android.hardware.lights-service.mediatek: write 284 to /sys/class/mi_display/disp-DSI-0/brightness_clone, result: 0
03-02 10:57:43.604  5101 10582 W unknown:ViewManagerPropertyUpdater: Could not find generated setter for class com.horcrux.svg.RenderableViewManager$FeGaussianBlurManager
03-02 10:57:43.619  5101 10582 W unknown:ViewManagerPropertyUpdater: Could not find generated setter for class com.facebook.react.views.scroll.ReactHorizontalScrollViewManager
03-02 10:57:43.619   857   857 D android.hardware.lights-service.mediatek: write 285 to /sys/class/leds/lcd-backlight/brightness, result: 0
03-02 10:57:43.620   857   857 D android.hardware.lights-service.mediatek: write 285 to /sys/class/mi_display/disp-DSI-0/brightness_clone, result: 0
03-02 10:57:43.636  5101 10582 W unknown:ViewManagerPropertyUpdater: Could not find generated setter for class com.facebook.react.views.text.ReactTextViewManager
03-02 10:57:43.638  5101 10582 W unknown:ViewManagerPropertyUpdater: Could not find generated setter for class com.facebook.react.views.text.ReactTextShadowNode
03-02 10:57:43.652  5101 10582 W unknown:ViewManagerPropertyUpdater: Could not find generated setter for class com.facebook.react.views.scroll.ReactHorizontalScrollContainerViewManager
03-02 10:57:43.653   857   857 D android.hardware.lights-service.mediatek: write 286 to /sys/class/leds/lcd-backlight/brightness, result: 0
03-02 10:57:43.653   857   857 D android.hardware.lights-service.mediatek: write 286 to /sys/class/mi_display/disp-DSI-0/brightness_clone, result: 0
03-02 10:57:43.666  5101 10582 W unknown:ViewManagerPropertyUpdater: Could not find generated setter for class com.horcrux.svg.RenderableViewManager$ClipPathViewManager
03-02 10:57:43.680  5101 10582 W unknown:ViewManagerPropertyUpdater: Could not find generated setter for class com.horcrux.svg.RenderableViewManager$FeBlendManager
03-02 10:57:43.682   861   947 I libPerfCtl: xgfGetFPS pid:2363 fps:-1
03-02 10:57:43.686   857   857 D android.hardware.lights-service.mediatek: write 287 to /sys/class/leds/lcd-backlight/brightness, result: 0
03-02 10:57:43.686   857   857 D android.hardware.lights-service.mediatek: write 287 to /sys/class/mi_display/disp-DSI-0/brightness_clone, result: 0
03-02 10:57:43.692  5101 10582 W unknown:ViewManagerPropertyUpdater: Could not find generated setter for class com.facebook.react.views.view.ReactViewManager
03-02 10:57:43.703   857   857 D android.hardware.lights-service.mediatek: write 288 to /sys/class/leds/lcd-backlight/brightness, result: 0
03-02 10:57:43.703   857   857 D android.hardware.lights-service.mediatek: write 288 to /sys/class/mi_display/disp-DSI-0/brightness_clone, result: 0
03-02 10:57:43.706  5101 10582 W unknown:ViewManagerPropertyUpdater: Could not find generated setter for class com.horcrux.svg.RenderableViewManager$CircleViewManager
03-02 10:57:43.715  1621  2192 D AS.BtHelper: isBluetoothScoOn() mBluetoothHeadset is null: falsemBluetoothHeadsetDevice is null: true
03-02 10:57:43.715  1621  2192 V AS.AudioDeviceBroker: requestedCommunicationDevice: null mAudioModeOwner: AudioModeInfo: mMode=MODE_NORMAL, mPid=0, mUid=0
03-02 10:57:43.716  2350  2350 W Settings: Setting airplane_mode_on has moved from android.provider.Settings.System to android.provider.Settings.Global, returning read-only value.
03-02 10:57:43.716  1621  2192 D AS.BtHelper: isBluetoothScoOn() mBluetoothHeadset is null: falsemBluetoothHeadsetDevice is null: true
03-02 10:57:43.716  1621  2192 V AS.AudioDeviceBroker: requestedCommunicationDevice: null mAudioModeOwner: AudioModeInfo: mMode=MODE_NORMAL, mPid=0, mUid=0
03-02 10:57:43.718  2350  2350 W Settings: Setting airplane_mode_on has moved from android.provider.Settings.System to android.provider.Settings.Global, returning read-only value.
03-02 10:57:43.720  2350 29580 D NetworkSpeedTracker: updateNwSignalInfo not allowed ,ignore
03-02 10:57:43.723  5101 10582 W unknown:ViewManagerPropertyUpdater: Could not find generated setter for class com.facebook.react.views.modal.ReactModalHostManager
03-02 10:57:43.724  2350 29580 D NetworkSpeedTracker: updateNwSignalInfo not allowed ,ignore
03-02 10:57:43.736   857   857 D android.hardware.lights-service.mediatek: write 289 to /sys/class/leds/lcd-backlight/brightness, result: 0
03-02 10:57:43.736  5101 10582 W unknown:ViewManagerPropertyUpdater: Could not find generated setter for class com.horcrux.svg.RenderableViewManager$EllipseViewManager
03-02 10:57:43.736   857   857 D android.hardware.lights-service.mediatek: write 289 to /sys/class/mi_display/disp-DSI-0/brightness_clone, result: 0
03-02 10:57:43.750  5101 10582 W unknown:ViewManagerPropertyUpdater: Could not find generated setter for class com.horcrux.svg.RenderableViewManager$LineViewManager
03-02 10:57:43.753   857   857 D android.hardware.lights-service.mediatek: write 290 to /sys/class/leds/lcd-backlight/brightness, result: 0
03-02 10:57:43.753   857   857 D android.hardware.lights-service.mediatek: write 290 to /sys/class/mi_display/disp-DSI-0/brightness_clone, result: 0
03-02 10:57:43.764  5101 10582 W unknown:ViewManagerPropertyUpdater: Could not find generated setter for class com.facebook.react.views.text.frescosupport.FrescoBasedReactTextInlineImageViewManager
03-02 10:57:43.765  5101 10582 W unknown:ViewManagerPropertyUpdater: Could not find generated setter for class com.facebook.react.views.text.frescosupport.FrescoBasedReactTextInlineImageShadowNode
03-02 10:57:43.777  5101 10582 W unknown:ViewManagerPropertyUpdater: Could not find generated setter for class com.horcrux.svg.RenderableViewManager$FeFloodManager
03-02 10:57:43.786   857   857 D android.hardware.lights-service.mediatek: write 291 to /sys/class/leds/lcd-backlight/brightness, result: 0
03-02 10:57:43.786   857   857 D android.hardware.lights-service.mediatek: write 291 to /sys/class/mi_display/disp-DSI-0/brightness_clone, result: 0
03-02 10:57:43.790  5101 10582 W unknown:ViewManagerPropertyUpdater: Could not find generated setter for class com.facebook.react.views.image.ReactImageManager
03-02 10:57:43.803   857   857 D android.hardware.lights-service.mediatek: write 292 to /sys/class/leds/lcd-backlight/brightness, result: 0
03-02 10:57:43.803   857   857 D android.hardware.lights-service.mediatek: write 292 to /sys/class/mi_display/disp-DSI-0/brightness_clone, result: 0
03-02 10:57:43.804  5101 10582 W unknown:ViewManagerPropertyUpdater: Could not find generated setter for class com.horcrux.svg.RenderableViewManager$MaskManager
03-02 10:57:43.819  5101 10582 W unknown:ViewManagerPropertyUpdater: Could not find generated setter for class com.horcrux.svg.RenderableViewManager$RectViewManager
03-02 10:57:43.833  5101 10582 W unknown:ViewManagerPropertyUpdater: Could not find generated setter for class com.horcrux.svg.RenderableViewManager$TextPathViewManager
03-02 10:57:43.836   857   857 D android.hardware.lights-service.mediatek: write 293 to /sys/class/leds/lcd-backlight/brightness, result: 0
03-02 10:57:43.836   857   857 D android.hardware.lights-service.mediatek: write 293 to /sys/class/mi_display/disp-DSI-0/brightness_clone, result: 0
03-02 10:57:43.850  5101 10582 W unknown:ViewManagerPropertyUpdater: Could not find generated setter for class com.facebook.react.views.scroll.ReactScrollViewManager
03-02 10:57:43.853   857   857 D android.hardware.lights-service.mediatek: write 294 to /sys/class/leds/lcd-backlight/brightness, result: 0
03-02 10:57:43.853   857   857 D android.hardware.lights-service.mediatek: write 294 to /sys/class/mi_display/disp-DSI-0/brightness_clone, result: 0
03-02 10:57:43.866  5101 10582 W unknown:ViewManagerPropertyUpdater: Could not find generated setter for class com.facebook.react.views.text.ReactVirtualTextViewManager
03-02 10:57:43.866  5101 10582 W unknown:ViewManagerPropertyUpdater: Could not find generated setter for class com.facebook.react.views.text.ReactVirtualTextShadowNode
03-02 10:57:43.868 31107 31419 E msys    : E[N mns]_OnDiskCacheGetData(632)=>Start post callback cache refresh DNS resolution
03-02 10:57:43.874 31107 31419 E msys    : E[N mns]_LogError(228)=>Failed to resolve using system DNS resolver, getaddrinfo(): No address associated with hostname
03-02 10:57:43.880  5101 10582 W unknown:ViewManagerPropertyUpdater: Could not find generated setter for class com.facebook.react.views.swiperefresh.SwipeRefreshLayoutManager
03-02 10:57:43.886   857   857 D android.hardware.lights-service.mediatek: write 295 to /sys/class/leds/lcd-backlight/brightness, result: 0
03-02 10:57:43.886   857   857 D android.hardware.lights-service.mediatek: write 295 to /sys/class/mi_display/disp-DSI-0/brightness_clone, result: 0
03-02 10:57:43.892  5101 10582 W unknown:ViewManagerPropertyUpdater: Could not find generated setter for class com.facebook.react.views.text.ReactRawTextManager
03-02 10:57:43.893  5101 10582 W unknown:ViewManagerPropertyUpdater: Could not find generated setter for class com.facebook.react.views.text.ReactRawTextShadowNode
03-02 10:57:43.895  5101 10582 W unknown:ViewManagerPropertyUpdater: Could not find generated setter for class com.swmansion.gesturehandler.react.RNGestureHandlerRootViewManager
03-02 10:57:43.903   857   857 D android.hardware.lights-service.mediatek: write 296 to /sys/class/leds/lcd-backlight/brightness, result: 0
03-02 10:57:43.903   857   857 D android.hardware.lights-service.mediatek: write 296 to /sys/class/mi_display/disp-DSI-0/brightness_clone, result: 0
03-02 10:57:43.936   857   857 D android.hardware.lights-service.mediatek: write 297 to /sys/class/leds/lcd-backlight/brightness, result: 0
03-02 10:57:43.937   857   857 D android.hardware.lights-service.mediatek: write 297 to /sys/class/mi_display/disp-DSI-0/brightness_clone, result: 0
03-02 10:57:43.953   857   857 D android.hardware.lights-service.mediatek: write 298 to /sys/class/leds/lcd-backlight/brightness, result: 0
03-02 10:57:43.953   857   857 D android.hardware.lights-service.mediatek: write 298 to /sys/class/mi_display/disp-DSI-0/brightness_clone, result: 0
03-02 10:57:43.986   857   857 D android.hardware.lights-service.mediatek: write 299 to /sys/class/leds/lcd-backlight/brightness, result: 0
03-02 10:57:43.987   857   857 D android.hardware.lights-service.mediatek: write 299 to /sys/class/mi_display/disp-DSI-0/brightness_clone, result: 0
03-02 10:57:44.003   857   857 D android.hardware.lights-service.mediatek: write 300 to /sys/class/leds/lcd-backlight/brightness, result: 0
03-02 10:57:44.003   857   857 D android.hardware.lights-service.mediatek: write 300 to /sys/class/mi_display/disp-DSI-0/brightness_clone, result: 0
03-02 10:57:44.022  1621  1922 I SmartPower: com.whatsapp/10300(31638): background->idle(3059ms) R(broadcast start Intent { act=android.intent.action.BATTERY_CHANGED flg=0x60000010 (has extras) }) adj=905.
03-02 10:57:44.036   857   857 D android.hardware.lights-service.mediatek: write 301 to /sys/class/leds/lcd-backlight/brightness, result: 0
03-02 10:57:44.037   857   857 D android.hardware.lights-service.mediatek: write 301 to /sys/class/mi_display/disp-DSI-0/brightness_clone, result: 0
03-02 10:57:44.053   857   857 D android.hardware.lights-service.mediatek: write 302 to /sys/class/leds/lcd-backlight/brightness, result: 0
03-02 10:57:44.054   857   857 D android.hardware.lights-service.mediatek: write 302 to /sys/class/mi_display/disp-DSI-0/brightness_clone, result: 0
03-02 10:57:44.067  5101 10582 E AVManager: Cannot install JSI bindings for AV module because JS context is not available
03-02 10:57:44.068  5101 10582 W BridgelessReactContext: [WARNING] Bridgeless doesn't support CatalystInstance. Accessing an API that's not part of the new architecture is not encouraged usage.
03-02 10:57:44.082  5101 10582 I ExpoModulesCore: Γ£à JSI interop was installed
03-02 10:57:44.086   857   857 D android.hardware.lights-service.mediatek: write 303 to /sys/class/leds/lcd-backlight/brightness, result: 0
03-02 10:57:44.087   857   857 D android.hardware.lights-service.mediatek: write 303 to /sys/class/mi_display/disp-DSI-0/brightness_clone, result: 0
03-02 10:57:44.093  5101 10582 I ExpoModulesCore: Γ£à Constants were exported
03-02 10:57:44.103   857   857 D android.hardware.lights-service.mediatek: write 304 to /sys/class/leds/lcd-backlight/brightness, result: 0
03-02 10:57:44.103   857   857 D android.hardware.lights-service.mediatek: write 304 to /sys/class/mi_display/disp-DSI-0/brightness_clone, result: 0
03-02 10:57:44.117  1055  1186 D connsyslogger: SD_LOG_ROOT is /data/debuglogger/connsyslog/fw.
03-02 10:57:44.118  1055  1186 D connsyslogger: systemReady:1
03-02 10:57:44.120   857   857 D android.hardware.lights-service.mediatek: write 305 to /sys/class/leds/lcd-backlight/brightness, result: 0
03-02 10:57:44.120   857   857 D android.hardware.lights-service.mediatek: write 305 to /sys/class/mi_display/disp-DSI-0/brightness_clone, result: 0
03-02 10:57:44.134  5101 10582 I dev.expo.updates: {"timestamp":1772445464132,"message":"UpdatesModule: getConstants called","code":"None","level":"info"}
03-02 10:57:44.153   857   857 D android.hardware.lights-service.mediatek: write 306 to /sys/class/leds/lcd-backlight/brightness, result: 0
03-02 10:57:44.153   857   857 D android.hardware.lights-service.mediatek: write 306 to /sys/class/mi_display/disp-DSI-0/brightness_clone, result: 0
03-02 10:57:44.170   857   857 D android.hardware.lights-service.mediatek: write 307 to /sys/class/leds/lcd-backlight/brightness, result: 0
03-02 10:57:44.170   857   857 D android.hardware.lights-service.mediatek: write 307 to /sys/class/mi_display/disp-DSI-0/brightness_clone, result: 0
03-02 10:57:44.203   857   857 D android.hardware.lights-service.mediatek: write 308 to /sys/class/leds/lcd-backlight/brightness, result: 0
03-02 10:57:44.203   857   857 D android.hardware.lights-service.mediatek: write 308 to /sys/class/mi_display/disp-DSI-0/brightness_clone, result: 0
03-02 10:57:44.220   857   857 D android.hardware.lights-service.mediatek: write 309 to /sys/class/leds/lcd-backlight/brightness, result: 0
03-02 10:57:44.220   857   857 D android.hardware.lights-service.mediatek: write 309 to /sys/class/mi_display/disp-DSI-0/brightness_clone, result: 0
03-02 10:57:44.253   857   857 D android.hardware.lights-service.mediatek: write 310 to /sys/class/leds/lcd-backlight/brightness, result: 0
03-02 10:57:44.253   857   857 D android.hardware.lights-service.mediatek: write 310 to /sys/class/mi_display/disp-DSI-0/brightness_clone, result: 0
03-02 10:57:44.270   857   857 D android.hardware.lights-service.mediatek: write 311 to /sys/class/leds/lcd-backlight/brightness, result: 0
03-02 10:57:44.270   857   857 D android.hardware.lights-service.mediatek: write 311 to /sys/class/mi_display/disp-DSI-0/brightness_clone, result: 0
03-02 10:57:44.303   857   857 D android.hardware.lights-service.mediatek: write 312 to /sys/class/leds/lcd-backlight/brightness, result: 0
03-02 10:57:44.303   857   857 D android.hardware.lights-service.mediatek: write 312 to /sys/class/mi_display/disp-DSI-0/brightness_clone, result: 0
03-02 10:57:44.320   857   857 D android.hardware.lights-service.mediatek: write 313 to /sys/class/leds/lcd-backlight/brightness, result: 0
03-02 10:57:44.320   857   857 D android.hardware.lights-service.mediatek: write 313 to /sys/class/mi_display/disp-DSI-0/brightness_clone, result: 0
03-02 10:57:44.336   857   857 D android.hardware.lights-service.mediatek: write 314 to /sys/class/leds/lcd-backlight/brightness, result: 0
03-02 10:57:44.337   857   857 D android.hardware.lights-service.mediatek: write 314 to /sys/class/mi_display/disp-DSI-0/brightness_clone, result: 0
03-02 10:57:44.370   857   857 D android.hardware.lights-service.mediatek: write 315 to /sys/class/leds/lcd-backlight/brightness, result: 0
03-02 10:57:44.370   857   857 D android.hardware.lights-service.mediatek: write 315 to /sys/class/mi_display/disp-DSI-0/brightness_clone, result: 0
03-02 10:57:44.387   857   857 D android.hardware.lights-service.mediatek: write 316 to /sys/class/leds/lcd-backlight/brightness, result: 0
03-02 10:57:44.387   857   857 D android.hardware.lights-service.mediatek: write 316 to /sys/class/mi_display/disp-DSI-0/brightness_clone, result: 0
03-02 10:57:44.420   857   857 D android.hardware.lights-service.mediatek: write 317 to /sys/class/leds/lcd-backlight/brightness, result: 0
03-02 10:57:44.420   857   857 D android.hardware.lights-service.mediatek: write 317 to /sys/class/mi_display/disp-DSI-0/brightness_clone, result: 0
03-02 10:57:44.437   857   857 D android.hardware.lights-service.mediatek: write 318 to /sys/class/leds/lcd-backlight/brightness, result: 0
03-02 10:57:44.437   857   857 D android.hardware.lights-service.mediatek: write 318 to /sys/class/mi_display/disp-DSI-0/brightness_clone, result: 0
03-02 10:57:44.453   857   857 D android.hardware.lights-service.mediatek: write 319 to /sys/class/leds/lcd-backlight/brightness, result: 0
03-02 10:57:44.454   857   857 D android.hardware.lights-service.mediatek: write 319 to /sys/class/mi_display/disp-DSI-0/brightness_clone, result: 0
03-02 10:57:44.487   857   857 D android.hardware.lights-service.mediatek: write 320 to /sys/class/leds/lcd-backlight/brightness, result: 0
03-02 10:57:44.487   857   857 D android.hardware.lights-service.mediatek: write 320 to /sys/class/mi_display/disp-DSI-0/brightness_clone, result: 0
03-02 10:57:44.503   857   857 D android.hardware.lights-service.mediatek: write 321 to /sys/class/leds/lcd-backlight/brightness, result: 0
03-02 10:57:44.504   857   857 D android.hardware.lights-service.mediatek: write 321 to /sys/class/mi_display/disp-DSI-0/brightness_clone, result: 0
03-02 10:57:44.513  1201  1298 D AALLightSensor: oldLux=36 [SA:-1 LA:-1] newLux=36 (oriLux: 37)
03-02 10:57:44.520   857   857 D android.hardware.lights-service.mediatek: write 322 to /sys/class/leds/lcd-backlight/brightness, result: 0
03-02 10:57:44.520   857   857 D android.hardware.lights-service.mediatek: write 322 to /sys/class/mi_display/disp-DSI-0/brightness_clone, result: 0
03-02 10:57:44.553   857   857 D android.hardware.lights-service.mediatek: write 323 to /sys/class/leds/lcd-backlight/brightness, result: 0
03-02 10:57:44.554   857   857 D android.hardware.lights-service.mediatek: write 323 to /sys/class/mi_display/disp-DSI-0/brightness_clone, result: 0
03-02 10:57:44.570   857   857 D android.hardware.lights-service.mediatek: write 324 to /sys/class/leds/lcd-backlight/brightness, result: 0
03-02 10:57:44.571   857   857 D android.hardware.lights-service.mediatek: write 324 to /sys/class/mi_display/disp-DSI-0/brightness_clone, result: 0
03-02 10:57:44.604   857   857 D android.hardware.lights-service.mediatek: write 325 to /sys/class/leds/lcd-backlight/brightness, result: 0
03-02 10:57:44.604   857   857 D android.hardware.lights-service.mediatek: write 325 to /sys/class/mi_display/disp-DSI-0/brightness_clone, result: 0
03-02 10:57:44.620   857   857 D android.hardware.lights-service.mediatek: write 326 to /sys/class/leds/lcd-backlight/brightness, result: 0
03-02 10:57:44.621   857   857 D android.hardware.lights-service.mediatek: write 326 to /sys/class/mi_display/disp-DSI-0/brightness_clone, result: 0
03-02 10:57:44.637   857   857 D android.hardware.lights-service.mediatek: write 327 to /sys/class/leds/lcd-backlight/brightness, result: 0
03-02 10:57:44.638   857   857 D android.hardware.lights-service.mediatek: write 327 to /sys/class/mi_display/disp-DSI-0/brightness_clone, result: 0
03-02 10:57:44.658  1177  1177 I thermal_src: recvmsg_expect 5, but get 2 
03-02 10:57:44.658  1177  1177 V thermal_src: TA_DAEMON_CMD_GET_TPCB:ERROR ret=-1
03-02 10:57:44.659  1177  1177 E thermal_src: get_tpcb_from_kernel:error -1. retry...
03-02 10:57:44.659  1177  1177 I thermal_src: recvmsg_expect 5, but get 2 
03-02 10:57:44.659  1177  1177 V thermal_src: TA_DAEMON_CMD_GET_TPCB:ERROR ret=-1
03-02 10:57:44.659  1177  1177 E thermal_src: get_tpcb_from_kernel:error -1. retry...
03-02 10:57:44.659  1177  1177 I thermal_src: recvmsg_expect 5, but get 2 
03-02 10:57:44.659  1177  1177 V thermal_src: TA_DAEMON_CMD_GET_TPCB:ERROR ret=-1
03-02 10:57:44.659  1177  1177 E thermal_src: get_tpcb_from_kernel:error -1. retry...
03-02 10:57:44.659  1177  1177 I thermal_src: recvmsg_expect 4, but get 5 
03-02 10:57:44.659  1177  1177 V thermal_src: TA_DAEMON_CMD_SET_TTJ:ERROR ret=-1
03-02 10:57:44.659  1177  1177 E thermal_src: set_ttj_to_kernel 1:error -1
03-02 10:57:44.659  1177  1177 I thermal_src: recvmsg_expect 2, but get 5 
03-02 10:57:44.659  1177  1177 V thermal_src: waiting NOTIFY from kernel miss, -1
03-02 10:57:44.659  1177  1177 I thermal_src: recvmsg_expect 2, but get 5 
03-02 10:57:44.659  1177  1177 V thermal_src: waiting NOTIFY from kernel miss, -1
03-02 10:57:44.659  1177  1177 I thermal_src: recvmsg_expect 2, but get 4 
03-02 10:57:44.659  1177  1177 V thermal_src: waiting NOTIFY from kernel miss, -1
03-02 10:57:44.670   857   857 D android.hardware.lights-service.mediatek: write 328 to /sys/class/leds/lcd-backlight/brightness, result: 0
03-02 10:57:44.671   857   857 D android.hardware.lights-service.mediatek: write 328 to /sys/class/mi_display/disp-DSI-0/brightness_clone, result: 0
03-02 10:57:44.682   861   947 I libPerfCtl: xgfGetFPS pid:2363 fps:-1
03-02 10:57:44.687   857   857 D android.hardware.lights-service.mediatek: write 329 to /sys/class/leds/lcd-backlight/brightness, result: 0
03-02 10:57:44.687   857   857 D android.hardware.lights-service.mediatek: write 329 to /sys/class/mi_display/disp-DSI-0/brightness_clone, result: 0
03-02 10:57:44.687   921  1476 D MI-SF   : threadLoop: Force skip idle timer[false]
03-02 10:57:44.687   921  1476 D MI-SF   : isIdleTimerSkip is 0
03-02 10:57:44.704   857   857 D android.hardware.lights-service.mediatek: write 330 to /sys/class/leds/lcd-backlight/brightness, result: 0
03-02 10:57:44.704   857   857 D android.hardware.lights-service.mediatek: write 330 to /sys/class/mi_display/disp-DSI-0/brightness_clone, result: 0
03-02 10:57:44.710  1621  2192 D ActivityManager: getProcessesInErrorState callingUid=10126, CallingPid=31485
03-02 10:57:44.718  1621  2192 D AS.BtHelper: isBluetoothScoOn() mBluetoothHeadset is null: falsemBluetoothHeadsetDevice is null: true
