03-02 10:57:38.228  1621  1651 I ActivityTaskManager: visible for Task{69a0689 #37031 type=standard A=10337:com.softnation.Ojam} visible = true isAnimating = false TRANSITION = false PARENTS = false CHILDREN = false
03-02 10:57:38.229  1621  1651 D SurfaceComposerClient: Transaction::apply InputWindowCommands.focusRequests timestamp=610651767414473, windowName=db4d1e1 com.softnation.Ojam/com.softnation.Ojam.MainActivity
03-02 10:57:38.231   926   951 D ccci_mdinit: (1):monitor_time_update_thread round:37824 ########
03-02 10:57:38.236  5101  5101 D VRI[MainActivity]: vri.reportNextDraw android.view.ViewRootImpl.performTraversals:4984 android.view.ViewRootImpl.doTraversal:3564 android.view.ViewRootImpl$TraversalRunnable.run:11781 android.view.Choreographer$CallbackRecord.run:1804 android.view.Choreographer$CallbackRecord.run:1813 
03-02 10:57:38.246   921   921 D SurfaceFlinger: Focus addInputWindowCommands timestamp=610651767414473, windowName=db4d1e1 com.softnation.Ojam/com.softnation.Ojam.MainActivity
03-02 10:57:38.247   921   921 I SurfaceFlinger: onHandleDestroyed: name=Surface(name=77d8129 NavigationBar0#101614)/@0x3faba4f - animation-leash of insets_animation#133650, layerId=133650, parentId=0
03-02 10:57:38.247   921   921 I SurfaceFlinger: onHandleDestroyed: name=Surface(name=5b2ee94 StatusBar#103)/@0xf6cf932 - animation-leash of insets_animation#133649, layerId=133649, parentId=0
03-02 10:57:38.250   921  1483 D SurfaceFlinger: updateWinowInfo=1, setFocusedWindow timestamp=610651767414473, windowName=db4d1e1 com.softnation.Ojam/com.softnation.Ojam.MainActivity
03-02 10:57:38.263   921   921 I BufferQueueDebug: [Surface(name=5b2ee94 StatusBar#103)/@0xf6cf932 - animation-leash of insets_animation#133649](this:0xb400007bcecb13a8,id:-1,api:0,p:-1,c:921) onDestructor()
03-02 10:57:38.263   921   921 I BufferQueueDebug: [Surface(name=77d8129 NavigationBar0#101614)/@0x3faba4f - animation-leash of insets_animation#133650](this:0xb400007bcecbf778,id:-1,api:0,p:-1,c:921) onDestructor()
03-02 10:57:38.269   921  1166 D SurfaceFlinger: [SF client] NEW(0xb400007caea5a790) for (5101:com.softnation.Ojam)
03-02 10:57:38.269  1141  7637 E IPCThreadState: Binder transaction failure. id: 354566497, BR_*: 29201, error: -1 (Operation not permitted)
03-02 10:57:38.269  1141  7637 W BpBinder: Large or Failed outgoing transaction of 108 bytes, interface descriptor , code 1
03-02 10:57:38.273  5101  5101 D MiuiCameraCoveredManager: java.lang.NullPointerException: Attempt to invoke virtual method 'java.lang.String android.provider.MiuiSettings$SettingsCloudData$CloudData.getString(java.lang.String, java.lang.String)' on a null object reference
03-02 10:57:38.274  5101 10520 W libc    : Access denied finding property "ro.vendor.display.iris_x7.support"
03-02 10:57:38.276  5101  5101 I ForceDarkHelperStubImpl: setViewRootImplForceDark: false for com.softnation.Ojam.MainActivity@db08fa, reason: AppDarkModeEnable
03-02 10:57:38.276  5101  5101 D VRI[PopupWindow:74f203b]: hardware acceleration = true, forceHwAccelerated = false
03-02 10:57:38.278   921  1166 I BufferQueueDebug: [fe15054 PopupWindow:74f203b#133656](this:0xb400007bcec6a098,id:-1,api:0,p:-1,c:-1) BufferQueue core=(921:/system/bin/surfaceflinger)
03-02 10:57:38.281  5101  5101 D InputEventReceiver: Input log is disabled in InputEventReceiver.
03-02 10:57:38.288  1621  2194 D CoreBackPreview: Window{fe15054 u0 PopupWindow:74f203b}: Setting back callback OnBackInvokedCallbackInfo{mCallback=android.window.IOnBackInvokedCallback$Stub$Proxy@153a343, mPriority=0, mIsAnimationCallback=false}
03-02 10:57:38.294   921  1166 I BufferQueueDebug: [PopupWindow:74f203b#133657](this:0xb400007bcec67308,id:-1,api:0,p:-1,c:-1) BufferQueue core=(921:/system/bin/surfaceflinger)
03-02 10:57:38.297  1621  2194 D MiuiRefreshRatePolicy: reset
03-02 10:57:38.301  1621  1651 I ActivityTaskManager: visible for Task{69a0689 #37031 type=standard A=10337:com.softnation.Ojam} visible = true isAnimating = false TRANSITION = false PARENTS = false CHILDREN = false
03-02 10:57:38.303  5101  5101 D BufferQueueConsumer: [](id:13ed00000001,api:0,p:-1,c:5101) connect: controlledByApp=false
03-02 10:57:38.303  5101  5101 D BLASTBufferQueue: [VRI[PopupWindow:74f203b]#1](f:0,a:0) constructor()
03-02 10:57:38.303  5101  5101 D BLASTBufferQueue: [VRI[PopupWindow:74f203b]#1](f:0,a:0) update width=1080 height=65 format=-3 mTransformHint=0
03-02 10:57:38.305  5101  5101 I ForceDarkHelperStubImpl: setViewRootImplForceDark: false for com.softnation.Ojam.MainActivity@db08fa, reason: AppDarkModeEnable
03-02 10:57:38.308  5101  5101 D VRI[PopupWindow:74f203b]: vri.reportNextDraw android.view.ViewRootImpl.performTraversals:4984 android.view.ViewRootImpl.doTraversal:3564 android.view.ViewRootImpl$TraversalRunnable.run:11781 android.view.Choreographer$CallbackRecord.run:1804 android.view.Choreographer$CallbackRecord.run:1813 
03-02 10:57:38.308  5101  5101 D VRI[PopupWindow:74f203b]: Setup new sync=wmsSync-VRI[PopupWindow:74f203b]#0
03-02 10:57:38.310  5101  5101 D UserSceneDetector: invoke error.
03-02 10:57:38.312  1621  1651 I ActivityTaskManager: visible for Task{69a0689 #37031 type=standard A=10337:com.softnation.Ojam} visible = true isAnimating = false TRANSITION = false PARENTS = false CHILDREN = false
03-02 10:57:38.316  5101 10520 D HWUI    : makeCurrent grContext:0xb4000079f1a11f90 reset mTextureAvailable
03-02 10:57:38.318  5101 10520 D softnation.Ojam: MiuiProcessManagerServiceStub setSchedFifo
03-02 10:57:38.318  5101 10520 I MiuiProcessManagerImpl: setSchedFifo pid:5101, mode:3
03-02 10:57:38.319  1621  2194 D ProcessManager: beginSchedThreads is not Enabled
03-02 10:57:38.319  5101 10520 D MAGT_SYNC_FRAME: MAGT Sync: MAGT is not supported. Disabling Sync.
03-02 10:57:38.320  5101 10520 D softnation.Ojam: Can't load libmbrainSDK
03-02 10:57:38.322  5101 10520 I GrallocExtra: gralloc_extra_query:is_SW3D 0
03-02 10:57:38.323  5101 10520 W libc    : Access denied finding property "ro.vendor.display.iris_x7.support"
03-02 10:57:38.360  5101 10520 E LB      : fail to open file: No such file or directory
03-02 10:57:38.361  5101 10520 E LB      : fail to open node: No such file or directory
03-02 10:57:38.361  5101 10520 E LB      : fail to open node: No such file or directory
03-02 10:57:38.361  5101 10520 I GrallocExtra: gralloc_extra_query:is_SW3D 0
03-02 10:57:38.361  5101 10520 W libc    : Access denied finding property "ro.vendor.display.iris_x7.support"
03-02 10:57:38.362  5101 10520 D BLASTBufferQueue: [VRI[PopupWindow:74f203b]#1](f:0,a:1) acquireNextBufferLocked size=1080x65 mFrameNumber=1 applyTransaction=true mTimestamp=610651910118165(auto) mPendingTransactions.size=0 graphicBufferId=21908628176907 transform=0
03-02 10:57:38.362  5101 10520 D softnation.Ojam: Can't load libmbrainSDK
03-02 10:57:38.364  5101  5101 D VRI[PopupWindow:74f203b]: vri.reportDrawFinished
03-02 10:57:38.365  1621  2192 D WindowManager: wms.finishDrawingLocked: mDrawState=COMMIT_DRAW_PENDING Window{fe15054 u0 PopupWindow:74f203b} in Surface(name=PopupWindow:74f203b#133657)/@0x883309f
03-02 10:57:38.367  1621  1651 D MiuiRefreshRatePolicy: reset
03-02 10:57:38.367  1621  1651 I WindowManager: onFirstWindowDrawn, try to remove startingWindow. this = ActivityRecord{85ae053 u0 com.softnation.Ojam/.MainActivity t37031} associatedTask = null isMainWindow = false mStartingWindow = Window{492eac0 u0 Splash Screen com.softnation.Ojam} mStartingData = SplashScreenStartingData{f9c62bc waitForSyncTransactionCommit=false removeAfterTransaction= 0}
03-02 10:57:38.371  5101  5101 D VRI[PopupWindow:74f203b]: vri.reportNextDraw android.view.ViewRootImpl.handleResized:2771 android.view.ViewRootImpl.-$$Nest$mhandleResized:0 android.view.ViewRootImpl$W.resized:12932 android.app.servertransaction.WindowStateResizeItem.execute:64 android.app.servertransaction.WindowStateTransactionItem.execute:59 
03-02 10:57:38.375  5101  5101 D VRI[PopupWindow:74f203b]: Setup new sync=wmsSync-VRI[PopupWindow:74f203b]#2
03-02 10:57:38.377  5101  5101 D VRI[PopupWindow:74f203b]: vri.reportDrawFinished
03-02 10:57:38.378  1621  1651 I WindowManager: onFirstWindowDrawn, try to remove startingWindow. this = ActivityRecord{85ae053 u0 com.softnation.Ojam/.MainActivity t37031} associatedTask = null isMainWindow = false mStartingWindow = Window{492eac0 u0 Splash Screen com.softnation.Ojam} mStartingData = SplashScreenStartingData{f9c62bc waitForSyncTransactionCommit=false removeAfterTransaction= 0}
03-02 10:57:38.378  1621  1651 I ActivityTaskManager: visible for Task{69a0689 #37031 type=standard A=10337:com.softnation.Ojam} visible = true isAnimating = false TRANSITION = false PARENTS = false CHILDREN = false
03-02 10:57:38.380  1621  1651 D MiuiRefreshRatePolicy: reset
03-02 10:57:38.380  1621  1651 I WindowManager: onFirstWindowDrawn, try to remove startingWindow. this = ActivityRecord{85ae053 u0 com.softnation.Ojam/.MainActivity t37031} associatedTask = null isMainWindow = false mStartingWindow = Window{492eac0 u0 Splash Screen com.softnation.Ojam} mStartingData = SplashScreenStartingData{f9c62bc waitForSyncTransactionCommit=false removeAfterTransaction= 0}
03-02 10:57:38.394  1621  1651 I WindowManager: onFirstWindowDrawn, try to remove startingWindow. this = ActivityRecord{85ae053 u0 com.softnation.Ojam/.MainActivity t37031} associatedTask = null isMainWindow = false mStartingWindow = Window{492eac0 u0 Splash Screen com.softnation.Ojam} mStartingData = SplashScreenStartingData{f9c62bc waitForSyncTransactionCommit=false removeAfterTransaction= 0}
03-02 10:57:38.395  1621  1651 I ActivityTaskManager: visible for Task{69a0689 #37031 type=standard A=10337:com.softnation.Ojam} visible = true isAnimating = false TRANSITION = false PARENTS = false CHILDREN = false
03-02 10:57:38.492  1621  1922 I SmartPower: com.milink.service:audio/10190(19603): background->idle(3002ms) R(broadcast start Intent { act=android.intent.action.PACKAGE_RESTARTED dat=package: flg=0x4000010 (has extras) }) adj=250.
03-02 10:57:38.513  1201  1298 D AALService: [CRTC_114] onALIChanged: 32 -> 36
03-02 10:57:38.519   849  1430 I hwcomposer: [HWC] (0)fire a callback of refresh to SF[4]  
03-02 10:57:38.533   921   921 I BufferQueueProducer: [FramebufferSurface](this:0xb400007d8e9dff50,id:-1,api:1,p:921,c:921) queueBuffer: fps=4.48 dur=2232.53 max=2081.48 min=14.86
03-02 10:57:38.536   921   921 I MI-SF   : surfaceflinger setAffinity mode=1
03-02 10:57:38.536   921   921 E MI-SF   : surfaceflinger setAffinity success
03-02 10:57:38.536   921   921 I MI-SF   : surfaceflinger setreAffinity reTid=1207
03-02 10:57:38.536   921   921 E MI-SF   : surfaceflinger setAffinity success
03-02 10:57:38.597  2350  2350 W Settings: Setting airplane_mode_on has moved from android.provider.Settings.System to android.provider.Settings.Global, returning read-only value.
03-02 10:57:38.640  1621  2194 I ClipboardServiceI: checkProviderWakePathForClipboard: primaryClip is null
03-02 10:57:38.644 27809 29102 I FontLog : (REDACTED) Received query %s, URI %s
03-02 10:57:38.644 27809 29102 I FontLog : (REDACTED) Query [%s] resolved to %s
03-02 10:57:38.646 27809 29102 I FontLog : (REDACTED) Fetch %s end status %s
03-02 10:57:38.652 27809 29102 I FontLog : (REDACTED) Pulling font file for id = %d, cache size = %d
03-02 10:57:38.659 27809 29102 I FontLog : (REDACTED) Pulling font file for id = %d, cache size = %d
03-02 10:57:38.663   861   947 I libPerfCtl: xgfGetFPS pid:921 fps:-1
03-02 10:57:38.663   861   947 I libPerfCtl: xgfGetFPS pid:2363 fps:-1
03-02 10:57:38.663   861   947 I libPerfCtl: xgfGetFPS pid:5101 fps:-1
03-02 10:57:38.700  1621  4230 D AS.BtHelper: isBluetoothScoOn() mBluetoothHeadset is null: falsemBluetoothHeadsetDevice is null: true
03-02 10:57:38.700  1621  4230 V AS.AudioDeviceBroker: requestedCommunicationDevice: null mAudioModeOwner: AudioModeInfo: mMode=MODE_NORMAL, mPid=0, mUid=0
03-02 10:57:38.700  1621  4230 D AS.BtHelper: isBluetoothScoOn() mBluetoothHeadset is null: falsemBluetoothHeadsetDevice is null: true
03-02 10:57:38.700  1621  4230 V AS.AudioDeviceBroker: requestedCommunicationDevice: null mAudioModeOwner: AudioModeInfo: mMode=MODE_NORMAL, mPid=0, mUid=0
03-02 10:57:38.703   863   935 I ExtendedUtils: [timer_thread_start] epoll wait thread while start
03-02 10:57:38.704   863   935 I ExtendedPerfBoost: [restore_callback_expires] thermalbreak callback
03-02 10:57:38.704   863   935 I ExtendedPerfBoost: [triggerList_update] del one node to freelist
03-02 10:57:38.704   863   935 I ExtendedPerfBoost: [triggerList_update] now trigger boost:0  info
03-02 10:57:38.704   863   935 I ExtendedPerfBoost: [trig_thermalbreak] curr target time is same last target time
03-02 10:57:38.704   863   935 I ExtendedPerfBoost: [setThermalBreak] [setThermalBreak] : boost:0
03-02 10:57:38.707  1621  2194 D ActivityManager: getProcessesInErrorState callingUid=10126, CallingPid=31485
03-02 10:57:38.736   835   835 I zygote  : Delayed USAP Pool refill. New USAPs: 1
03-02 10:57:38.757   835   835 D Zygote  : Forked child process 10571
03-02 10:57:38.778 31485 31768 I BatteryEventDispatcherImpl: [_waitingForDispatchEvent] processing BatteryEventDispatcherImpl$DispatchEvent$OnPollTimeout
03-02 10:57:38.926  1621  1922 I SmartPower: com.whatsapp/10300(31638): background->idle(3004ms) R(broadcast start Intent { act=android.intent.action.BATTERY_CHANGED flg=0x60000010 (has extras) }) adj=905.
03-02 10:57:38.929  1621  1922 I SmartPower: com.android.chrome/10174(23296): background->idle(3002ms) R(broadcast start Intent { act=android.intent.action.BATTERY_CHANGED flg=0x60000010 (has extras) }) adj=915.
03-02 10:57:38.932  1621  1922 I SmartPower: com.instagram.android/10301(31107): background->idle(3002ms) R(broadcast start Intent { act=android.intent.action.BATTERY_CHANGED flg=0x60000010 (has extras) }) adj=915.
03-02 10:57:38.936  1621  1922 I SmartPower: com.facebook.stella/10126(31485): background->idle(3002ms) R(broadcast start Intent { act=android.intent.action.BATTERY_CHANGED flg=0x60000010 (has extras) }) adj=925.
03-02 10:57:39.036  1621  1922 I SmartPower: com.facebook.katana/10287(31850): background->idle(3002ms) R(broadcast start Intent { act=android.intent.action.BATTERY_CHANGED flg=0x60000010 (has extras) }) adj=915.
03-02 10:57:39.041  1621  1922 I SmartPower: com.instagram.barcelona/10075(32592): background->idle(3004ms) R(broadcast start Intent { act=android.intent.action.BATTERY_CHANGED flg=0x60000010 (has extras) }) adj=905.
03-02 10:57:39.042  1621  1922 I SmartPower: com.whatsapp/99910300(29736): background->idle(3002ms) R(broadcast start Intent { act=android.intent.action.BATTERY_CHANGED flg=0x60000010 (has extras) }) adj=905.
03-02 10:57:39.065  5101 10490 I softnation.Ojam: Compiler allocated 6783KB to compile void android.view.ViewRootImpl.performTraversals()
03-02 10:57:39.077  1159  1606 D ULogGuard: Monitoring: 18 threads, 0 requests, 0 time-bombs; 1 guards. ResetFlags = 0x7
03-02 10:57:39.095  1621  1746 E JobScheduler.Background: Couldn't determine stopped state for unknown package: com.google.android.apps.turbo
03-02 10:57:39.095  1621  1746 E JobScheduler.Background: Couldn't determine stopped state for unknown package: com.google.android.apps.turbo
03-02 10:57:39.095  1621  1746 E JobScheduler.Background: Couldn't determine stopped state for unknown package: com.google.android.apps.turbo
03-02 10:57:39.095  1621  1746 E JobScheduler.Background: Couldn't determine stopped state for unknown package: com.google.android.apps.turbo
03-02 10:57:39.096  1621  1746 E JobScheduler.Background: Couldn't determine stopped state for unknown package: com.google.android.apps.turbo
03-02 10:57:39.197 32592   642 W LibevQuicAsyncUDPSocket.h: setTosOrTrafficClass not implemented in LibevQuicAsyncUDPSocket
03-02 10:57:39.204 32592   642 E MvfstCallbacks.cpp: onConnectionSetupError: error=TransportError: Internal Error, Error on socket write Operation not permitted, 
03-02 10:57:39.375  2350  2350 W Settings: Setting airplane_mode_on has moved from android.provider.Settings.System to android.provider.Settings.Global, returning read-only value.
03-02 10:57:39.377  2350  2350 W Settings: Setting airplane_mode_on has moved from android.provider.Settings.System to android.provider.Settings.Global, returning read-only value.
03-02 10:57:39.380  2350 29580 D NetworkSpeedTracker: updateSignalInfo lteRsrp=-91lteSnr=14,phoneId=1
03-02 10:57:39.383  2350 29580 D NetworkSpeedTracker: updateSignalInfo lteRsrp=-91lteSnr=14,phoneId=1
03-02 10:57:39.406  1621  1918 E HyperSentinel: -------------------------------------------------------
03-02 10:57:39.406  1621  1918 E HyperSentinel: Event_OpenFileFDSize
03-02 10:57:39.406  1621  1918 E HyperSentinel: -> audit event by proc 1621 "system_server": Fd increasement, peak, 1183 -> 1116
03-02 10:57:39.406  1621  1917 D MiuiSentinelService: begin judgment FdAmountLeakException
03-02 10:57:39.411   921   921 I BufferQueueProducer: [StatusBar#109](this:0xb400007bcec4ab68,id:-1,api:0,p:-1,c:921) queueBuffer: fps=0.25 dur=4015.47 max=4015.47 min=4015.47
03-02 10:57:39.413   849   868 I hwcomposer: [HWCDisplay] (0 updateFps():3667), (type:1, mode:2) fps:16.798552,dur:1666.81,max:879.39,min:15.69  
03-02 10:57:39.414   921   921 I MI-SF   : surfaceflinger setAffinity mode=0
03-02 10:57:39.415   921   921 E MI-SF   : surfaceflinger setAffinity success
03-02 10:57:39.489  1621  1922 I SmartPower: com.google.android.googlequicksearchbox:search/10165(13966): background->idle(3005ms) R(become background) adj=0.
03-02 10:57:39.489  1621  1922 I SmartPower: com.miui.home/10166(1999): background->idle(3003ms) R(become background) adj=100.
03-02 10:57:39.497  1621  1922 I SmartPower: com.mi.globalminusscreen/10162(11917): background->idle(3001ms) R(become invisible) adj=100.
03-02 10:57:39.631   849  1430 I hwcomposer: [HWC] (0)fire a callback of refresh to SF[4]  
03-02 10:57:39.642   921   921 I BufferQueueProducer: [FramebufferSurface](this:0xb400007d8e9dff50,id:-1,api:1,p:921,c:921) queueBuffer: fps=0.90 dur=1108.96 max=1108.96 min=1108.96
03-02 10:57:39.645   921   921 I MI-SF   : surfaceflinger setAffinity mode=1
03-02 10:57:39.645   921   921 E MI-SF   : surfaceflinger setAffinity success
03-02 10:57:39.645   921   921 I MI-SF   : surfaceflinger setreAffinity reTid=1207
03-02 10:57:39.645   921   921 E MI-SF   : surfaceflinger setAffinity success
03-02 10:57:39.663   861   947 I libPerfCtl: xgfGetFPS pid:921 fps:-1
03-02 10:57:39.663   861   947 I libPerfCtl: xgfGetFPS pid:2363 fps:-1
03-02 10:57:39.703  1621  2194 D AS.BtHelper: isBluetoothScoOn() mBluetoothHeadset is null: falsemBluetoothHeadsetDevice is null: true
03-02 10:57:39.703  1621  2194 V AS.AudioDeviceBroker: requestedCommunicationDevice: null mAudioModeOwner: AudioModeInfo: mMode=MODE_NORMAL, mPid=0, mUid=0
03-02 10:57:39.703  1621  2194 D AS.BtHelper: isBluetoothScoOn() mBluetoothHeadset is null: falsemBluetoothHeadsetDevice is null: true
03-02 10:57:39.703  1621  2194 V AS.AudioDeviceBroker: requestedCommunicationDevice: null mAudioModeOwner: AudioModeInfo: mMode=MODE_NORMAL, mPid=0, mUid=0
03-02 10:57:39.782  1621  2194 W UriGrantsManagerService: No permission grants found for com.google.android.apps.photos
03-02 10:57:39.783  1621  2194 W UriGrantsManagerService: No permission grants found for com.google.android.apps.photos
03-02 10:57:39.785  1621  2194 I ClipboardServiceI: checkProviderWakePathForClipboard: primaryClip is null
03-02 10:57:39.793 32719 10505 W BpBinder: Slow Binder: BpBinder transact took 2943 ms, interface=android.content.IContentProvider, code=1 oneway=false
03-02 10:57:39.910  1621  4230 W UriGrantsManagerService: No permission grants found for com.google.android.apps.photos
03-02 10:57:39.911  1621  4230 W UriGrantsManagerService: No permission grants found for com.google.android.apps.photos
03-02 10:57:39.995  5101 10552 W unknown:BridgelessReact: ReactHost{0}.loadJSBundleFromMetro(): Creating BundleLoader
03-02 10:57:39.997  5101 10551 W unknown:BridgelessReact: ReactHost{0}.getOrCreateReactContext(): Creating BridgelessReactContext
03-02 10:57:40.000  5101 10551 W unknown:BridgelessReact: ReactHost{0}.getOrCreateReactInstanceTask(): Creating ReactInstance
03-02 10:57:40.002  5101  5101 W WindowOnBackDispatcher: sendCancelIfRunning: isInProgress=false callback=android.view.ViewRootImpl$$ExternalSyntheticLambda12@ab0dd04
03-02 10:57:40.003  1621  4230 D CoreBackPreview: Window{fe15054 u0 PopupWindow:74f203b}: Setting back callback null
03-02 10:57:40.005  5101 10520 W libc    : Access denied finding property "ro.vendor.display.iris_x7.support"
03-02 10:57:40.008  5101  5101 D View    : [Warning] assignParent to null: this = android.widget.PopupWindow$PopupDecorView{124e358 V.E...... R......D 0,0-1080,65}
03-02 10:57:40.009  5101  5101 D BLASTBufferQueue: [VRI[PopupWindow:74f203b]#1](f:0,a:1) destructor()
03-02 10:57:40.009   921  1166 I BpBinder: onLastStrongRef automatically unlinking death recipients: 
03-02 10:57:40.009  5101  5101 D BufferQueueConsumer: [VRI[PopupWindow:74f203b]#1(BLAST Consumer)1](id:13ed00000001,api:0,p:-1,c:5101) disconnect
03-02 10:57:40.010  1621  4230 W InputManager-JNI: Input channel object 'fe15054 PopupWindow:74f203b (client)' was disposed without first being removed with the input manager!
03-02 10:57:40.011  1621  4230 D WindowManager: setParent old=Window{db4d1e1 u0 com.softnation.Ojam/com.softnation.Ojam.MainActivity},new=null,this window=Window{fe15054 u0 PopupWindow:74f203b},callers=com.android.server.wm.WindowContainer.removeChild:897 com.android.server.wm.WindowContainer.removeImmediately:967 com.android.server.wm.WindowState.removeImmediately:2526 com.android.server.wm.WindowState.removeIfPossible:2714 com.android.server.wm.WindowManagerService.removeClientToken:2462 com.android.server.wm.Session.remove:297 
03-02 10:57:40.012  1621  4230 D MiuiRefreshRatePolicy: reset
03-02 10:57:40.019  1621  1651 I ActivityTaskManager: visible for Task{69a0689 #37031 type=standard A=10337:com.softnation.Ojam} visible = true isAnimating = false TRANSITION = false PARENTS = false CHILDREN = false
03-02 10:57:40.036   921   921 I SurfaceFlinger: onHandleDestroyed: name=fe15054 PopupWindow:74f203b#133656, layerId=133656, parentId=0
03-02 10:57:40.036   921   921 I SurfaceFlinger: onHandleDestroyed: name=PopupWindow:74f203b#133657, layerId=133657, parentId=0
03-02 10:57:40.039   921   921 I MI-SF   : surfaceflinger setAffinity mode=0
03-02 10:57:40.039   921   921 E MI-SF   : surfaceflinger setAffinity success
03-02 10:57:40.052  1621  4230 W UriGrantsManagerService: No permission grants found for com.google.android.apps.photos
03-02 10:57:40.053  1621  4230 W UriGrantsManagerService: No permission grants found for com.google.android.apps.photos
03-02 10:57:40.061  5101 10551 D nativeloader: Load /data/app/~~Bh61wenJZi6JNVEuOkVQfQ==/com.softnation.Ojam-nnCVAdHxKfOmup5FCuBDYQ==/base.apk!/lib/arm64-v8a/libhermes.so using class loader ns clns-7 (caller=/data/app/~~Bh61wenJZi6JNVEuOkVQfQ==/com.softnation.Ojam-nnCVAdHxKfOmup5FCuBDYQ==/base.apk!classes20.dex): ok
03-02 10:57:40.064  5101 10551 D nativeloader: Load /data/app/~~Bh61wenJZi6JNVEuOkVQfQ==/com.softnation.Ojam-nnCVAdHxKfOmup5FCuBDYQ==/base.apk!/lib/arm64-v8a/libhermestooling.so using class loader ns clns-7 (caller=/data/app/~~Bh61wenJZi6JNVEuOkVQfQ==/com.softnation.Ojam-nnCVAdHxKfOmup5FCuBDYQ==/base.apk!classes20.dex): ok
03-02 10:57:40.064  5101 10551 D jni_lib_merge: Entering merged library JNI_OnLoad.
03-02 10:57:40.064  5101 10551 D jni_lib_merge: Preparing 4 pre-merged libs (including stub)
03-02 10:57:40.064  5101 10551 D jni_lib_merge: Preparing to register libhermes_executor_so.  onload_func: 0x77e75767e0
03-02 10:57:40.064  5101 10551 D jni_lib_merge: Preparing to register libhermesinstancejni_so.  onload_func: 0x77e75ac26c
03-02 10:57:40.064  5101 10551 D jni_lib_merge: Preparing to register libjsijniprofiler_so.  onload_func: 0x77e75ae2bc
03-02 10:57:40.064  5101 10551 D jni_lib_merge: About to register 3 actual methods.
03-02 10:57:40.065   921   921 I BufferQueueDebug: [PopupWindow:74f203b#133657](this:0xb400007bcec67308,id:-1,api:0,p:-1,c:921) onDestructor()
03-02 10:57:40.065   921   921 I BufferQueueDebug: [fe15054 PopupWindow:74f203b#133656](this:0xb400007bcec6a098,id:-1,api:0,p:-1,c:921) onDestructor()
03-02 10:57:40.116  1055  1186 D connsyslogger: SD_LOG_ROOT is /data/debuglogger/connsyslog/fw.
03-02 10:57:40.117  1055  1186 D connsyslogger: systemReady:1
03-02 10:57:40.130  5101 10551 D nativeloader: Load /data/app/~~Bh61wenJZi6JNVEuOkVQfQ==/com.softnation.Ojam-nnCVAdHxKfOmup5FCuBDYQ==/base.apk!/lib/arm64-v8a/libexpo-av.so using class loader ns clns-7 (caller=/data/app/~~Bh61wenJZi6JNVEuOkVQfQ==/com.softnation.Ojam-nnCVAdHxKfOmup5FCuBDYQ==/base.apk!classes21.dex): ok
03-02 10:57:40.146 31107 31419 E msys    : E[N mns]_OnDiskCacheGetData(632)=>Start post callback cache refresh DNS resolution
03-02 10:57:40.154 31107 31419 E msys    : E[N mns]_LogError(228)=>Failed to resolve using system DNS resolver, getaddrinfo(): No address associated with hostname
03-02 10:57:40.245 32719 32731 I .apps.nbu.files: Background concurrent mark compact GC freed 22MB AllocSpace bytes, 0(0B) LOS objects, 72% free, 9519KB/33MB, paused 2.406ms,3.320ms total 137.827ms
03-02 10:57:40.271   849  1430 I hwcomposer: [HWC] (0)fire a callback of refresh to SF[4]  
03-02 10:57:40.274  1621  1621 D UiModeManager: updateConfigurationLocked: mDockState=0; mCarMode=false; mCar=false; mPowerSave=false; mOverrideNightModeOn=false; mOverrideNightModeOff=false; mComputedNightMode=true; mNightModeValue=2; uiMode=42
03-02 10:57:40.276  6027  6027 I PowerSaveService: onReceive: android.intent.action.BATTERY_CHANGED
03-02 10:57:40.277  6515  8177 D PowerCheckerService: onBatteryChanged, mBatteryLevel = 44, status = 2, level = 44, plug = 2, scale = 100
03-02 10:57:40.279  6027  6027 I PowerNoticeUI: handleBatteryChanged oldPlugType 2 mPlugType 2 oldBatteryLevel 44 mBatteryLevel 44 temperature 400
03-02 10:57:40.279  6027  6027 I ChargerBatteryIntelligenceReceiver: onBatteryChanged temperature∩╝Ü40,plugType:2
03-02 10:57:40.280  6027  6027 D BaseChargeProtect_HighTemp: mCountByMinute:0,isScreenOn:true
03-02 10:57:40.280  6515  8142 D PowerKeeper.Thermal: mBatteryTemperature: 40
03-02 10:57:40.281  6515  6997 I ProcAudioPowerManager: onBatteryChanged, onBattery is false
03-02 10:57:40.281  6515  6997 D PowerKeeper.FrozenApp: onBatteryChanged plug=true mBatteryPlugged=2
03-02 10:57:40.282   921   921 I MI-SF   : surfaceflinger setAffinity mode=1
03-02 10:57:40.283   921   921 E MI-SF   : surfaceflinger setAffinity success
03-02 10:57:40.283   921   921 I MI-SF   : surfaceflinger setreAffinity reTid=1207
03-02 10:57:40.283   921   921 E MI-SF   : surfaceflinger setAffinity success
03-02 10:57:40.283  6027  6027 I android_os_HwBinder: HwBinder: Starting thread pool for getting: vendor.xiaomi.hardware.micharge@1.0::IMiCharge/default
03-02 10:57:40.286   872   908 I vendor.xiaomi.hardware.micharge@1.0-service: ReadFilePathValue path = /sys/class/power_supply/usb/real_type value = USB
03-02 10:57:40.287  6027  6027 I IMiChargeUtils: getIMiChargeStringValue method:getBatteryChargeType,value:USB
03-02 10:57:40.287  6027  6027 I IMiChargeUtils: getBatteryChargeType : USB
03-02 10:57:40.287  6027  6027 I ChargeTimeUtilsV2: chargeType:USB
03-02 10:57:40.287  6027  6027 I PowerFeatureUtils: getVendorName:mediatek
03-02 10:57:40.287  6027  6027 I PowerFeatureUtils: getVendorName:mediatek
03-02 10:57:40.423   921   921 I BufferQueueProducer: [StatusBar#109](this:0xb400007bcec4ab68,id:-1,api:0,p:-1,c:921) queueBuffer: fps=0.99 dur=1011.82 max=1011.82 min=1011.82
03-02 10:57:40.425   849   868 I hwcomposer: [HWCDisplay] (0 updateFps():3667), (type:1, mode:2) fps:4.940289,dur:1012.09,max:395.05,min:29.16  
03-02 10:57:40.427   921   921 I MI-SF   : surfaceflinger setAffinity mode=0
03-02 10:57:40.427   921   921 E MI-SF   : surfaceflinger setAffinity success
03-02 10:57:40.428  1621  1621 D UiModeManager: updateConfigurationLocked: mDockState=0; mCarMode=false; mCar=false; mPowerSave=false; mOverrideNightModeOn=false; mOverrideNightModeOff=false; mComputedNightMode=true; mNightModeValue=2; uiMode=42
03-02 10:57:40.430  6027  6027 I PowerSaveService: onReceive: android.intent.action.BATTERY_CHANGED
03-02 10:57:40.431  6515  8177 D PowerCheckerService: onBatteryChanged, mBatteryLevel = 44, status = 2, level = 44, plug = 2, scale = 100
03-02 10:57:40.431  6027  6027 I PowerNoticeUI: handleBatteryChanged oldPlugType 2 mPlugType 2 oldBatteryLevel 44 mBatteryLevel 44 temperature 400
03-02 10:57:40.431  6027  6027 I ChargerBatteryIntelligenceReceiver: onBatteryChanged temperature∩╝Ü40,plugType:2
03-02 10:57:40.432  6027  6027 D BaseChargeProtect_HighTemp: mCountByMinute:0,isScreenOn:true
03-02 10:57:40.432  6515  8142 D PowerKeeper.Thermal: mBatteryTemperature: 40
03-02 10:57:40.433  6515  6997 I ProcAudioPowerManager: onBatteryChanged, onBattery is false
03-02 10:57:40.433  6515  6997 D PowerKeeper.FrozenApp: onBatteryChanged plug=true mBatteryPlugged=2
03-02 10:57:40.433  6027  6027 I android_os_HwBinder: HwBinder: Starting thread pool for getting: vendor.xiaomi.hardware.micharge@1.0::IMiCharge/default
03-02 10:57:40.436   872   908 I vendor.xiaomi.hardware.micharge@1.0-service: ReadFilePathValue path = /sys/class/power_supply/usb/real_type value = USB
03-02 10:57:40.436  6027  6027 I IMiChargeUtils: getIMiChargeStringValue method:getBatteryChargeType,value:USB
03-02 10:57:40.436  6027  6027 I IMiChargeUtils: getBatteryChargeType : USB
03-02 10:57:40.436  6027  6027 I ChargeTimeUtilsV2: chargeType:USB
03-02 10:57:40.436  6027  6027 I PowerFeatureUtils: getVendorName:mediatek
03-02 10:57:40.436  6027  6027 I PowerFeatureUtils: getVendorName:mediatek
03-02 10:57:40.439  1621  2192 I whetstone.activity: Power Event callback listener is empty for resId=256
03-02 10:57:40.440  1621  2192 D BatteryStatsManagerStub: notifyEvent for resId=256 used 1ms
03-02 10:57:40.440  3510  3510 W libc    : Unable to set property "persist.vendor.accelerate.charge" to "false": PROP_ERROR_PERMISSION_DENIED (0x18)
03-02 10:57:40.442  1621  2192 I SmartPower: com.google.android.apps.nbu.files/10308(32719): idle->background(2335ms) R(service unbind com.google.android.apps.nbu.files/androidx.work.impl.background.systemjob.SystemJobService) adj=250.
03-02 10:57:40.445  1621  1842 I MiuiNetworkPolicy: updateUidState uid = 10308, uidState = 10
03-02 10:57:40.446  1621  2192 W JobScheduler: Job didn't exist in JobStore: 
03-02 10:57:40.450  1621  1842 I MiuiNetworkPolicy: updateUidState uid = 10308, uidState = 19
03-02 10:57:40.468  1621  1621 D UiModeManager: updateConfigurationLocked: mDockState=0; mCarMode=false; mCar=false; mPowerSave=false; mOverrideNightModeOn=false; mOverrideNightModeOff=false; mComputedNightMode=true; mNightModeValue=2; uiMode=42
03-02 10:57:40.471  6027  6027 I PowerSaveService: onReceive: android.intent.action.BATTERY_CHANGED
03-02 10:57:40.471  6515  6997 I ProcAudioPowerManager: onBatteryChanged, onBattery is false
03-02 10:57:40.471  6515  8142 D PowerKeeper.Thermal: mBatteryTemperature: 39
03-02 10:57:40.472  6515  8177 D PowerCheckerService: onBatteryChanged, mBatteryLevel = 44, status = 2, level = 44, plug = 2, scale = 100
03-02 10:57:40.472  6027  6027 I PowerNoticeUI: handleBatteryChanged oldPlugType 2 mPlugType 2 oldBatteryLevel 44 mBatteryLevel 44 temperature 390
03-02 10:57:40.472  6027  6027 I ChargerBatteryIntelligenceReceiver: onBatteryChanged temperature∩╝Ü39,plugType:2
03-02 10:57:40.472  6515  6997 D PowerKeeper.FrozenApp: onBatteryChanged plug=true mBatteryPlugged=2
03-02 10:57:40.472  6027  6027 I ChargerBatteryIntelligenceReceiver: dissmissTempFastChargeReminder not support
03-02 10:57:40.472  6027  6027 D BaseChargeProtect_HighTemp: mCountByMinute:0,isScreenOn:true
03-02 10:57:40.474  6027  6027 I android_os_HwBinder: HwBinder: Starting thread pool for getting: vendor.xiaomi.hardware.micharge@1.0::IMiCharge/default
03-02 10:57:40.477   872   908 I vendor.xiaomi.hardware.micharge@1.0-service: ReadFilePathValue path = /sys/class/power_supply/usb/real_type value = USB
03-02 10:57:40.478  6027  6027 I IMiChargeUtils: getIMiChargeStringValue method:getBatteryChargeType,value:USB
03-02 10:57:40.478  6027  6027 I IMiChargeUtils: getBatteryChargeType : USB
03-02 10:57:40.478  6027  6027 I ChargeTimeUtilsV2: chargeType:USB
03-02 10:57:40.478  6027  6027 I PowerFeatureUtils: getVendorName:mediatek
03-02 10:57:40.478  6027  6027 I PowerFeatureUtils: getVendorName:mediatek
03-02 10:57:40.513  1201  1298 D AALLightSensor: oldLux=36 [SA:-1 LA:-1] newLux=36 (oriLux: 36)
03-02 10:57:40.653  1177  1177 I thermal_src: recvmsg_expect 5, but get 2 
03-02 10:57:40.653  1177  1177 V thermal_src: TA_DAEMON_CMD_GET_TPCB:ERROR ret=-1
03-02 10:57:40.653  1177  1177 E thermal_src: get_tpcb_from_kernel:error -1. retry...
03-02 10:57:40.653  1177  1177 I thermal_src: recvmsg_expect 4, but get 2 
03-02 10:57:40.653  1177  1177 V thermal_src: TA_DAEMON_CMD_SET_TTJ:ERROR ret=-1
03-02 10:57:40.654  1177  1177 E thermal_src: set_ttj_to_kernel 1:error -1
03-02 10:57:40.654  1177  1177 I thermal_src: recvmsg_expect 2, but get 5 
03-02 10:57:40.654  1177  1177 V thermal_src: waiting NOTIFY from kernel miss, -1
03-02 10:57:40.654  1177  1177 I thermal_src: recvmsg_expect 2, but get 4 
03-02 10:57:40.654  1177  1177 V thermal_src: waiting NOTIFY from kernel miss, -1
03-02 10:57:40.663   861   947 I libPerfCtl: xgfGetFPS pid:921 fps:-1
03-02 10:57:40.663   861   947 I libPerfCtl: xgfGetFPS pid:2363 fps:-1
03-02 10:57:40.667   849  1430 I hwcomposer: [HWC] (0)fire a callback of refresh to SF[4]  
03-02 10:57:40.684   921   921 I BufferQueueProducer: [FramebufferSurface](this:0xb400007d8e9dff50,id:-1,api:1,p:921,c:921) queueBuffer: fps=1.92 dur=1042.00 max=637.68 min=404.32
03-02 10:57:40.687   921   921 I MI-SF   : surfaceflinger setAffinity mode=1
03-02 10:57:40.687   921   921 E MI-SF   : surfaceflinger setAffinity success
03-02 10:57:40.687   921   921 I MI-SF   : surfaceflinger setreAffinity reTid=1207
03-02 10:57:40.687   921   921 E MI-SF   : surfaceflinger setAffinity success
03-02 10:57:40.706  1621  2194 D AS.BtHelper: isBluetoothScoOn() mBluetoothHeadset is null: falsemBluetoothHeadsetDevice is null: true
03-02 10:57:40.706  1621  2194 V AS.AudioDeviceBroker: requestedCommunicationDevice: null mAudioModeOwner: AudioModeInfo: mMode=MODE_NORMAL, mPid=0, mUid=0
03-02 10:57:40.706  1621  2194 D AS.BtHelper: isBluetoothScoOn() mBluetoothHeadset is null: falsemBluetoothHeadsetDevice is null: true
03-02 10:57:40.706  1621  2194 V AS.AudioDeviceBroker: requestedCommunicationDevice: null mAudioModeOwner: AudioModeInfo: mMode=MODE_NORMAL, mPid=0, mUid=0
03-02 10:57:40.708  1621  2194 D ActivityManager: getProcessesInErrorState callingUid=10126, CallingPid=31485
03-02 10:57:40.717 18562 12259 D BluetoothDevice: getAddress: mAddress=XX:XX:XX:XX:E1:4F
03-02 10:57:40.717 18562 12259 D BluetoothDevice: getAddress: mAddress=XX:XX:XX:XX:94:A5
03-02 10:57:40.717 18562 12259 D BluetoothDevice: getAddress: mAddress=XX:XX:XX:XX:6E:27
03-02 10:57:40.717 18562 12259 D BluetoothDevice: getAddress: mAddress=XX:XX:XX:XX:9D:81
03-02 10:57:40.717 18562 12259 D BluetoothDevice: getAddress: mAddress=XX:XX:XX:XX:EE:F9
03-02 10:57:40.717 18562 12259 D BluetoothDevice: getAddress: mAddress=XX:XX:XX:XX:C8:A7
03-02 10:57:40.717 18562 12259 D BluetoothDevice: getAddress: mAddress=XX:XX:XX:XX:2F:74
03-02 10:57:40.717 18562 12259 D BluetoothDevice: getAddress: mAddress=XX:XX:XX:XX:69:70
03-02 10:57:40.717 18562 12259 D BluetoothDevice: getAddress: mAddress=XX:XX:XX:XX:C0:39
03-02 10:57:40.720 18562 18581 D BluetoothDevice: getAddress: mAddress=XX:XX:XX:XX:E1:4F
03-02 10:57:40.720 18562 18581 D BluetoothDevice: getAddress: mAddress=XX:XX:XX:XX:94:A5
03-02 10:57:40.720 18562 18581 D BluetoothDevice: getAddress: mAddress=XX:XX:XX:XX:6E:27
03-02 10:57:40.720 18562 18581 D BluetoothDevice: getAddress: mAddress=XX:XX:XX:XX:9D:81
03-02 10:57:40.720 18562 18581 D BluetoothDevice: getAddress: mAddress=XX:XX:XX:XX:EE:F9
03-02 10:57:40.720 18562 18581 D BluetoothDevice: getAddress: mAddress=XX:XX:XX:XX:C8:A7
03-02 10:57:40.720 18562 18581 D BluetoothDevice: getAddress: mAddress=XX:XX:XX:XX:2F:74
03-02 10:57:40.720 18562 18581 D BluetoothDevice: getAddress: mAddress=XX:XX:XX:XX:69:70
03-02 10:57:40.720 18562 18581 D BluetoothDevice: getAddress: mAddress=XX:XX:XX:XX:C0:39
03-02 10:57:40.722 18562 18581 D BluetoothDevice: getAddress: mAddress=XX:XX:XX:XX:E1:4F
03-02 10:57:40.722 18562 18581 D BluetoothDevice: getAddress: mAddress=XX:XX:XX:XX:94:A5
03-02 10:57:40.722 18562 18581 D BluetoothDevice: getAddress: mAddress=XX:XX:XX:XX:6E:27
03-02 10:57:40.722 18562 18581 D BluetoothDevice: getAddress: mAddress=XX:XX:XX:XX:9D:81
03-02 10:57:40.722 18562 18581 D BluetoothDevice: getAddress: mAddress=XX:XX:XX:XX:EE:F9
03-02 10:57:40.722 18562 18581 D BluetoothDevice: getAddress: mAddress=XX:XX:XX:XX:C8:A7
03-02 10:57:40.723 18562 18581 D BluetoothDevice: getAddress: mAddress=XX:XX:XX:XX:2F:74
03-02 10:57:40.723 18562 18581 D BluetoothDevice: getAddress: mAddress=XX:XX:XX:XX:69:70
03-02 10:57:40.723 18562 18581 D BluetoothDevice: getAddress: mAddress=XX:XX:XX:XX:C0:39
03-02 10:57:40.846  1055  1191 D connsyslogger: data recycle:time out
03-02 10:57:40.846  1055  1191 D connsyslogger: idx=0 Bootup Log: 2 log files! filecount=3 
03-02 10:57:40.962  1621  1666 I SmartPower: com.whatsapp/10300(31638): idle->background(2036ms) R(broadcast start Intent { act=android.intent.action.BATTERY_CHANGED flg=0x60000010 (has extras) }) adj=905.
03-02 10:57:41.078  1621  1856 D InetDiagMessage: Destroyed 0 sockets, proto=IPPROTO_TCP, family=AF_INET, states=14
03-02 10:57:41.080  1621  1856 D InetDiagMessage: Destroyed 0 sockets, proto=IPPROTO_TCP, family=AF_INET6, states=14
03-02 10:57:41.080  1621  1856 D InetDiagMessage: Destroyed live tcp sockets for uids={10204} in 4ms
03-02 10:57:41.082  1621  1856 D InetDiagMessage: Destroyed 0 sockets, proto=IPPROTO_TCP, family=AF_INET, states=14
03-02 10:57:41.084  1621  1856 D InetDiagMessage: Destroyed 0 sockets, proto=IPPROTO_TCP, family=AF_INET6, states=14
03-02 10:57:41.084  1621  1856 D InetDiagMessage: Destroyed live tcp sockets for uids={20204} in 4ms
03-02 10:57:41.086  1621  1922 I SmartPower: com.google.android.gms/10147(8942): background->idle(5970ms) R(adj below visible) adj=250.
03-02 10:57:41.086  1621  1856 D InetDiagMessage: Destroyed 0 sockets, proto=IPPROTO_TCP, family=AF_INET, states=14
03-02 10:57:41.088  1621  1856 D InetDiagMessage: Destroyed 0 sockets, proto=IPPROTO_TCP, family=AF_INET6, states=14
03-02 10:57:41.088  1621  1856 D InetDiagMessage: Destroyed live tcp sockets for uids={10152} in 3ms
03-02 10:57:41.089  1621  1856 D InetDiagMessage: Destroyed 0 sockets, proto=IPPROTO_TCP, family=AF_INET, states=14
03-02 10:57:41.090  1621  1856 D InetDiagMessage: Destroyed 0 sockets, proto=IPPROTO_TCP, family=AF_INET6, states=14
03-02 10:57:41.090  1621  1856 D InetDiagMessage: Destroyed live tcp sockets for uids={20152} in 2ms
03-02 10:57:41.358  5101 10551 I ExpoModulesCore: Γ£à AppContext was initialized
03-02 10:57:41.360  1205  2027 D AidlBufferPoolAcc: evictor expired: 2, evicted: 0
03-02 10:57:41.428   921   921 I BufferQueueProducer: [StatusBar#109](this:0xb400007bcec4ab68,id:-1,api:0,p:-1,c:921) queueBuffer: fps=0.99 dur=1005.05 max=1005.05 min=1005.05
03-02 10:57:41.430   849   868 I hwcomposer: [HWCDisplay] (0 updateFps():3667), (type:1, mode:2) fps:1.990492,dur:1004.78,max:745.35,min:259.42  
03-02 10:57:41.431   921   921 I MI-SF   : surfaceflinger setAffinity mode=0
03-02 10:57:41.431   921   921 E MI-SF   : surfaceflinger setAffinity success
03-02 10:57:41.488  5101 10551 W unknown:BridgelessReact: ReactHost{0}.getOrCreateReactInstanceTask(): Loading JS Bundle
03-02 10:57:41.489  5101 10551 W unknown:BridgelessReact: ReactHost{0}.getOrCreateReactInstanceTask(): Calling DevSupportManagerBase.onNewReactContextCreated(reactContext)
03-02 10:57:41.500  5101 10551 W unknown:BridgelessReact: ReactHost{0}.startSurface(surfaceId = 0): Execute
03-02 10:57:41.508  5101  5101 W unknown:ReactNative: Packager connection already open, nooping.
03-02 10:57:41.509  5101  5101 W unknown:BridgelessReact: ReactContext.onHostResume()
03-02 10:57:41.516  5101  5101 W unknown:BridgelessReact: ReactHost{0}.getOrCreateReactInstanceTask(): Executing ReactInstanceEventListeners
03-02 10:57:41.619  2350  2350 W Settings: Setting airplane_mode_on has moved from android.provider.Settings.System to android.provider.Settings.Global, returning read-only value.
03-02 10:57:41.622  2350  2350 W Settings: Setting airplane_mode_on has moved from android.provider.Settings.System to android.provider.Settings.Global, returning read-only value.
03-02 10:57:41.624  2350 29580 D NetworkSpeedTracker: updateSignalInfo lteRsrp=-91lteSnr=14,phoneId=1
03-02 10:57:41.627  2350 29580 D NetworkSpeedTracker: updateSignalInfo lteRsrp=-91lteSnr=14,phoneId=1
03-02 10:57:41.648  1177  1177 I thermal_src: recvmsg_expect 5, but get 2 
03-02 10:57:41.648  1177  1177 V thermal_src: TA_DAEMON_CMD_GET_TPCB:ERROR ret=-1
03-02 10:57:41.648  1177  1177 E thermal_src: get_tpcb_from_kernel:error -1. retry...
03-02 10:57:41.648  1177  1177 I thermal_src: recvmsg_expect 5, but get 2 
03-02 10:57:41.648  1177  1177 V thermal_src: TA_DAEMON_CMD_GET_TPCB:ERROR ret=-1
03-02 10:57:41.648  1177  1177 E thermal_src: get_tpcb_from_kernel:error -1. retry...
03-02 10:57:41.648  1177  1177 I thermal_src: recvmsg_expect 5, but get 2 
03-02 10:57:41.648  1177  1177 V thermal_src: TA_DAEMON_CMD_GET_TPCB:ERROR ret=-1
03-02 10:57:41.648  1177  1177 E thermal_src: get_tpcb_from_kernel:error -1. retry...
03-02 10:57:41.648  1177  1177 I thermal_src: recvmsg_expect 5, but get 2 
03-02 10:57:41.648  1177  1177 V thermal_src: TA_DAEMON_CMD_GET_TPCB:ERROR ret=-1
03-02 10:57:41.648  1177  1177 E thermal_src: get_tpcb_from_kernel:error -1. retry...
03-02 10:57:41.649  1177  1177 I thermal_src: recvmsg_expect 4, but get 5 
03-02 10:57:41.649  1177  1177 V thermal_src: TA_DAEMON_CMD_SET_TTJ:ERROR ret=-1
03-02 10:57:41.649  1177  1177 E thermal_src: set_ttj_to_kernel 1:error -1
03-02 10:57:41.649  1177  1177 I thermal_src: recvmsg_expect 2, but get 5 
03-02 10:57:41.649  1177  1177 V thermal_src: waiting NOTIFY from kernel miss, -1
03-02 10:57:41.649  1177  1177 I thermal_src: recvmsg_expect 2, but get 5 
03-02 10:57:41.649  1177  1177 V thermal_src: waiting NOTIFY from kernel miss, -1
03-02 10:57:41.649  1177  1177 I thermal_src: recvmsg_expect 2, but get 5 
03-02 10:57:41.649  1177  1177 V thermal_src: waiting NOTIFY from kernel miss, -1
03-02 10:57:41.649  1177  1177 I thermal_src: recvmsg_expect 2, but get 4 
03-02 10:57:41.649  1177  1177 V thermal_src: waiting NOTIFY from kernel miss, -1
03-02 10:57:41.663   861   947 I libPerfCtl: xgfGetFPS pid:2363 fps:-1
03-02 10:57:41.671   849  1430 I hwcomposer: [HWC] (0)fire a callback of refresh to SF[4]  
03-02 10:57:41.684   921   921 I MI-SF   : surfaceflinger setAffinity mode=1
03-02 10:57:41.685   921   921 E MI-SF   : surfaceflinger setAffinity success
03-02 10:57:41.685   921   921 I MI-SF   : surfaceflinger setreAffinity reTid=1207
03-02 10:57:41.685   921   921 E MI-SF   : surfaceflinger setAffinity success
03-02 10:57:41.709  1621  2192 D AS.BtHelper: isBluetoothScoOn() mBluetoothHeadset is null: falsemBluetoothHeadsetDevice is null: true
03-02 10:57:41.709  1621  2192 V AS.AudioDeviceBroker: requestedCommunicationDevice: null mAudioModeOwner: AudioModeInfo: mMode=MODE_NORMAL, mPid=0, mUid=0
03-02 10:57:41.710  1621  2192 D AS.BtHelper: isBluetoothScoOn() mBluetoothHeadset is null: falsemBluetoothHeadsetDevice is null: true
03-02 10:57:41.710  1621  2192 V AS.AudioDeviceBroker: requestedCommunicationDevice: null mAudioModeOwner: AudioModeInfo: mMode=MODE_NORMAL, mPid=0, mUid=0
03-02 10:57:41.815  1621  1918 E HyperSentinel: -------------------------------------------------------
03-02 10:57:41.815  1621  1918 E HyperSentinel: Event_ResidentSize
03-02 10:57:41.815  1621  1918 E HyperSentinel: -> audit event by proc 5101 "usap64": RSS increasement, peak 243248kb -> 364888kb
03-02 10:57:41.815  1621  1917 D MiuiSentinelService: begin judgmentRssLeakException
03-02 10:57:41.816  1621  1917 E MiuiSentinelMemoryManager: getRSSinfo: usap64#5101
03-02 10:57:41.816  1621  1917 D MiuiSentinelMemoryManager: cmdline: usap64, pid: 5101, RSSsize:364888
03-02 10:57:41.817  1621  1917 W MiuiSentinelMemoryManager: The current process type does not meet reporting requirements
03-02 10:57:42.078  1159  1606 D ULogGuard: Monitoring: 18 threads, 0 requests, 0 time-bombs; 1 guards. ResetFlags = 0x7
03-02 10:57:42.113  1621  1692 I AutomaticBrightnessController: AmbientLux=36.34632, mAmbientDarkeningThreshold=16.523964, mAmbientBrighteningThreshold=169.26987, mAmbientBrighteningSmallThreshold=116.10045
03-02 10:57:42.113  1621  1692 I AutomaticBrightnessController: updateAutoBrightness: mScreenAutoBrightness=0.06279902, newScreenAutoBrightness=0.10843395 (checkedAutoBrightness=445), mAmbientLux=36.34632, mUseDaemonSensorInProgress=false
03-02 10:57:42.114  1621  1692 D DisplayPowerControllerImpl: updateBrightnessChangeStatus: animating: true, displayState: 2, slowChange: true, appliedDimming: false, currentBrightness: 0.056519117, currentSdrBrightness: 0.056519117, targetBrightness: 0.09759055, targetSdrBrightness: 0.09759055, previousDisplayPolicy: 3, currentDisplayPolicy: 3
03-02 10:57:42.117  1621  1692 I DisplayPowerController2[0]: BrightnessEvent: disp=0, physDisp=local:4627039422300187648, displayState=ON, displayPolicy=BRIGHT, brt=0.09759055, initBrt=0.056519117, rcmdBrt=0.10843395, preBrt=0.06279902, lux=36.34632, preLux=16.345627, hbmMax=0.49975574, hbmMode=off, rbcStrength=50, thrmMax=1.0, powerFactor=0.9, wasShortTermModelActive=false, flags=low_power_mode , reason=automatic [ low_pwr ], autoBrightness=true, strategy=InvalidBrightnessStrategy, autoBrightnessMode=default
03-02 10:57:42.117  1055  1186 D connsyslogger: SD_LOG_ROOT is /data/debuglogger/connsyslog/fw.
03-02 10:57:42.117  1055  1186 D connsyslogger: systemReady:1
03-02 10:57:42.118  1621  1650 D DisplayManagerService: Ignore redundant display event 0/4 to 10310/2184
03-02 10:57:42.118  1621  1650 D DisplayManagerService: Ignore redundant display event 0/4 to 10122/2201
03-02 10:57:42.118  1621  1650 D DisplayManagerService: Ignore redundant display event 0/4 to 10289/2251
03-02 10:57:42.118  1621  1650 D DisplayManagerService: Ignore redundant display event 0/4 to 10217/7084
03-02 10:57:42.118  1621  1650 D DisplayManagerService: Ignore redundant display event 0/4 to 10304/7169
03-02 10:57:42.118  1621  1650 D DisplayManagerService: Ignore redundant display event 0/4 to 10329/9177
03-02 10:57:42.118  1621  1650 D DisplayManagerService: Ignore redundant display event 0/4 to 10302/9426
03-02 10:57:42.118  1621  1650 D DisplayManagerService: Ignore redundant display event 0/4 to 10174/23296
03-02 10:57:42.118  1621  1650 D DisplayManagerService: Ignore redundant display event 0/4 to 10301/31107
03-02 10:57:42.118  1621  1650 D DisplayManagerService: Ignore redundant display event 0/4 to 10126/31485
03-02 10:57:42.118  1621  1650 D DisplayManagerService: Ignore redundant display event 0/4 to 10156/32093
03-02 10:57:42.119  1621  1650 D DisplayManagerService: Ignore redundant display event 0/4 to 10075/32592
03-02 10:57:42.119  1621  1621 I BrightnessSynchronizer: [15407] New Update 0.10843395(f) set brightness values:  56(i)
03-02 10:57:42.121  1621  1621 I BrightnessSynchronizer: Swallowing update of 56(i) by update: {[15407] 0.10843395(f), mUpdatedTypes=1, mConfirmedTypes=1, mTimeUpdated=610655668}
03-02 10:57:42.121  1621  1621 I BrightnessSynchronizer: Completed Update: {[15407] 0.10843395(f), mUpdatedTypes=1, mConfirmedTypes=1, mTimeUpdated=610655668}
03-02 10:57:42.168   857   857 D android.hardware.lights-service.mediatek: write 233 to /sys/class/leds/lcd-backlight/brightness, result: 0
03-02 10:57:42.169   857   857 D android.hardware.lights-service.mediatek: write 233 to /sys/class/mi_display/disp-DSI-0/brightness_clone, result: 0
03-02 10:57:42.185   857   857 D android.hardware.lights-service.mediatek: write 234 to /sys/class/leds/lcd-backlight/brightness, result: 0
03-02 10:57:42.185   857   857 D android.hardware.lights-service.mediatek: write 234 to /sys/class/mi_display/disp-DSI-0/brightness_clone, result: 0
03-02 10:57:42.202   857   857 D android.hardware.lights-service.mediatek: write 235 to /sys/class/leds/lcd-backlight/brightness, result: 0
03-02 10:57:42.202   857   857 D android.hardware.lights-service.mediatek: write 235 to /sys/class/mi_display/disp-DSI-0/brightness_clone, result: 0
03-02 10:57:42.235   857   857 D android.hardware.lights-service.mediatek: write 236 to /sys/class/leds/lcd-backlight/brightness, result: 0
03-02 10:57:42.235   857   857 D android.hardware.lights-service.mediatek: write 236 to /sys/class/mi_display/disp-DSI-0/brightness_clone, result: 0
03-02 10:57:42.268   857   857 D android.hardware.lights-service.mediatek: write 237 to /sys/class/leds/lcd-backlight/brightness, result: 0
03-02 10:57:42.269   857   857 D android.hardware.lights-service.mediatek: write 237 to /sys/class/mi_display/disp-DSI-0/brightness_clone, result: 0
03-02 10:57:42.301   857   857 D android.hardware.lights-service.mediatek: write 238 to /sys/class/leds/lcd-backlight/brightness, result: 0
03-02 10:57:42.302   857   857 D android.hardware.lights-service.mediatek: write 238 to /sys/class/mi_display/disp-DSI-0/brightness_clone, result: 0
03-02 10:57:42.335   857   857 D android.hardware.lights-service.mediatek: write 239 to /sys/class/leds/lcd-backlight/brightness, result: 0
