03-02 10:50:48.745  1621  1842 I MiuiNetworkPolicy: updateUidState uid = 10217, uidState = 19
03-02 10:50:48.745  1621  1842 I MiuiNetworkPolicy: updateUidState uid = 10187, uidState = 8
03-02 10:50:48.746  1621  1842 I MiuiNetworkPolicy: updateUidState uid = 10093, uidState = 19
03-02 10:50:48.791   849  1430 I hwcomposer: [HWC] (0)fire a callback of refresh to SF[4]  
03-02 10:50:48.814   921   921 I BufferQueueProducer: [FramebufferSurface](this:0xb400007d8e9dff50,id:-1,api:1,p:921,c:921) queueBuffer: fps=0.50 dur=2010.07 max=2010.07 min=2010.07
03-02 10:50:48.816   921   921 I MI-SF   : surfaceflinger setAffinity mode=1
03-02 10:50:48.817   921   921 E MI-SF   : surfaceflinger setAffinity success
03-02 10:50:48.817   921   921 I MI-SF   : surfaceflinger setreAffinity reTid=1207
03-02 10:50:48.817   921   921 E MI-SF   : surfaceflinger setAffinity success
03-02 10:50:48.902  1177  1177 I thermal_src: recvmsg_expect 5, but get 2 
03-02 10:50:48.902  1177  1177 V thermal_src: TA_DAEMON_CMD_GET_TPCB:ERROR ret=-1
03-02 10:50:48.902  1177  1177 E thermal_src: get_tpcb_from_kernel:error -1. retry...
03-02 10:50:48.902  1177  1177 I thermal_src: recvmsg_expect 5, but get 2 
03-02 10:50:48.903  1177  1177 V thermal_src: TA_DAEMON_CMD_GET_TPCB:ERROR ret=-1
03-02 10:50:48.903  1177  1177 E thermal_src: get_tpcb_from_kernel:error -1. retry...
03-02 10:50:48.903  1177  1177 I thermal_src: recvmsg_expect 5, but get 2 
03-02 10:50:48.903  1177  1177 V thermal_src: TA_DAEMON_CMD_GET_TPCB:ERROR ret=-1
03-02 10:50:48.903  1177  1177 E thermal_src: get_tpcb_from_kernel:error -1. retry...
03-02 10:50:48.903  1177  1177 I thermal_src: recvmsg_expect 4, but get 5 
03-02 10:50:48.903  1177  1177 V thermal_src: TA_DAEMON_CMD_SET_TTJ:ERROR ret=-1
03-02 10:50:48.903  1177  1177 E thermal_src: set_ttj_to_kernel 1:error -1
03-02 10:50:48.903  1177  1177 I thermal_src: recvmsg_expect 2, but get 5 
03-02 10:50:48.903  1177  1177 V thermal_src: waiting NOTIFY from kernel miss, -1
03-02 10:50:48.903  1177  1177 I thermal_src: recvmsg_expect 2, but get 5 
03-02 10:50:48.903  1177  1177 V thermal_src: waiting NOTIFY from kernel miss, -1
03-02 10:50:48.903  1177  1177 I thermal_src: recvmsg_expect 2, but get 4 
03-02 10:50:48.903  1177  1177 V thermal_src: waiting NOTIFY from kernel miss, -1
03-02 10:50:48.973  1043  7653 W unknown:ViewManagerPropertyUpdater: Could not find generated setter for class com.horcrux.svg.RenderableViewManager$FeMergeManager
03-02 10:50:48.976  1043  7653 W unknown:ViewManagerPropertyUpdater: Could not find generated setter for class com.horcrux.svg.VirtualViewManager$RenderableShadowNode
03-02 10:50:48.990  1043  7653 W unknown:ViewManagerPropertyUpdater: Could not find generated setter for class com.facebook.react.views.safeareaview.ReactSafeAreaViewManager
03-02 10:50:48.990  1043  7653 W unknown:ViewManagerPropertyUpdater: Could not find generated setter for class com.facebook.react.views.safeareaview.ReactSafeAreaViewShadowNode
03-02 10:50:49.002  1043  7653 W unknown:ViewManagerPropertyUpdater: Could not find generated setter for class com.horcrux.svg.RenderableViewManager$LinearGradientManager
03-02 10:50:49.017  1043  7653 W unknown:ViewManagerPropertyUpdater: Could not find generated setter for class com.facebook.react.views.progressbar.ReactProgressBarViewManager
03-02 10:50:49.018  1043  7653 W unknown:ViewManagerPropertyUpdater: Could not find generated setter for class com.facebook.react.views.progressbar.ProgressBarShadowNode
03-02 10:50:49.030  1043  7653 W unknown:ViewManagerPropertyUpdater: Could not find generated setter for class com.horcrux.svg.RenderableViewManager$FeColorMatrixManager
03-02 10:50:49.043  1043  7653 W unknown:ViewManagerPropertyUpdater: Could not find generated setter for class com.horcrux.svg.RenderableViewManager$SymbolManager
03-02 10:50:49.047 18562 18904 I BtGatt.ScanManager: msg.what = MSG_CHECK_SCAN_STATUS, msg.arg1 = CHECK_BACKGROUND_TIMEOUT
03-02 10:50:49.059  1043  7653 W unknown:ViewManagerPropertyUpdater: Could not find generated setter for class com.horcrux.svg.RenderableViewManager$PatternManager
03-02 10:50:49.076  1043  7653 W unknown:ViewManagerPropertyUpdater: Could not find generated setter for class com.horcrux.svg.SvgViewManager
03-02 10:50:49.093  1043  7653 W unknown:ViewManagerPropertyUpdater: Could not find generated setter for class com.facebook.react.views.switchview.ReactSwitchManager
03-02 10:50:49.094  1043  7653 W unknown:ViewManagerPropertyUpdater: Could not find generated setter for class com.facebook.react.views.switchview.ReactSwitchShadowNode
03-02 10:50:49.106  1043  7653 W unknown:ViewManagerPropertyUpdater: Could not find generated setter for class com.horcrux.svg.RenderableViewManager$UseViewManager
03-02 10:50:49.113  1201  1298 D AALLightSensor: oldLux=30 [SA:-1 LA:-1] newLux=30 (oriLux: 30)
03-02 10:50:49.121  1043  7653 W unknown:ViewManagerPropertyUpdater: Could not find generated setter for class com.horcrux.svg.RenderableViewManager$TSpanViewManager
03-02 10:50:49.137  1043  7653 W unknown:ViewManagerPropertyUpdater: Could not find generated setter for class com.horcrux.svg.RenderableViewManager$FilterManager
03-02 10:50:49.150  1043  7653 W unknown:ViewManagerPropertyUpdater: Could not find generated setter for class com.horcrux.svg.RenderableViewManager$MarkerManager
03-02 10:50:49.166  1043  7653 W unknown:ViewManagerPropertyUpdater: Could not find generated setter for class com.swmansion.gesturehandler.react.RNGestureHandlerButtonViewManager
03-02 10:50:49.180  1043  7653 W unknown:ViewManagerPropertyUpdater: Could not find generated setter for class com.horcrux.svg.RenderableViewManager$ForeignObjectManager
03-02 10:50:49.194  1043  7653 W unknown:ViewManagerPropertyUpdater: Could not find generated setter for class com.horcrux.svg.RenderableViewManager$GroupViewManager
03-02 10:50:49.209  1043  7653 W unknown:ViewManagerPropertyUpdater: Could not find generated setter for class com.horcrux.svg.RenderableViewManager$TextViewManager
03-02 10:50:49.224  1043  7653 W unknown:ViewManagerPropertyUpdater: Could not find generated setter for class com.horcrux.svg.RenderableViewManager$ImageViewManager
03-02 10:50:49.238  1043  7653 W unknown:ViewManagerPropertyUpdater: Could not find generated setter for class com.horcrux.svg.RenderableViewManager$FeCompositeManager
03-02 10:50:49.252  1043  7653 W unknown:ViewManagerPropertyUpdater: Could not find generated setter for class com.horcrux.svg.RenderableViewManager$RadialGradientManager
03-02 10:50:49.266  1043  7653 W unknown:ViewManagerPropertyUpdater: Could not find generated setter for class com.facebook.react.views.unimplementedview.ReactUnimplementedViewManager
03-02 10:50:49.277  1043  7653 W unknown:ViewManagerPropertyUpdater: Could not find generated setter for class com.horcrux.svg.RenderableViewManager$FeOffsetManager
03-02 10:50:49.290  1043  7653 W unknown:ViewManagerPropertyUpdater: Could not find generated setter for class com.horcrux.svg.RenderableViewManager$PathViewManager
03-02 10:50:49.293  1621  2188 D AS.BtHelper: isBluetoothScoOn() mBluetoothHeadset is null: falsemBluetoothHeadsetDevice is null: true
03-02 10:50:49.293  1621  2188 V AS.AudioDeviceBroker: requestedCommunicationDevice: null mAudioModeOwner: AudioModeInfo: mMode=MODE_NORMAL, mPid=0, mUid=0
03-02 10:50:49.294  1621  2188 D AS.BtHelper: isBluetoothScoOn() mBluetoothHeadset is null: falsemBluetoothHeadsetDevice is null: true
03-02 10:50:49.294  1621  2188 V AS.AudioDeviceBroker: requestedCommunicationDevice: null mAudioModeOwner: AudioModeInfo: mMode=MODE_NORMAL, mPid=0, mUid=0
03-02 10:50:49.306  1043  7653 W unknown:ViewManagerPropertyUpdater: Could not find generated setter for class com.facebook.react.views.drawer.ReactDrawerLayoutManager
03-02 10:50:49.325  1043  7653 W unknown:ViewManagerPropertyUpdater: Could not find generated setter for class com.facebook.react.views.textinput.ReactTextInputManager
03-02 10:50:49.330  1043  7653 W unknown:ViewManagerPropertyUpdater: Could not find generated setter for class com.facebook.react.views.textinput.ReactTextInputShadowNode
03-02 10:50:49.348  1043  7653 W unknown:ViewManagerPropertyUpdater: Could not find generated setter for class com.horcrux.svg.RenderableViewManager$DefsViewManager
03-02 10:50:49.362  1043  7653 W unknown:ViewManagerPropertyUpdater: Could not find generated setter for class com.facebook.react.views.debuggingoverlay.DebuggingOverlayManager
03-02 10:50:49.373  1043  7653 W unknown:ViewManagerPropertyUpdater: Could not find generated setter for class com.horcrux.svg.RenderableViewManager$FeGaussianBlurManager
03-02 10:50:49.389  1043  7653 W unknown:ViewManagerPropertyUpdater: Could not find generated setter for class com.facebook.react.views.scroll.ReactHorizontalScrollViewManager
03-02 10:50:49.395  1621  1922 I SmartPower: com.google.android.apps.nbu.files/10308(32719): background->idle(3001ms) R(service unbind com.google.android.apps.nbu.files/androidx.work.impl.background.systemjob.SystemJobService) adj=905.
03-02 10:50:49.406  1043  7653 W unknown:ViewManagerPropertyUpdater: Could not find generated setter for class com.facebook.react.views.text.ReactTextViewManager
03-02 10:50:49.408  1043  7653 W unknown:ViewManagerPropertyUpdater: Could not find generated setter for class com.facebook.react.views.text.ReactTextShadowNode
03-02 10:50:49.423  1043  7653 W unknown:ViewManagerPropertyUpdater: Could not find generated setter for class com.facebook.react.views.scroll.ReactHorizontalScrollContainerViewManager
03-02 10:50:49.437  1043  7653 W unknown:ViewManagerPropertyUpdater: Could not find generated setter for class com.horcrux.svg.RenderableViewManager$ClipPathViewManager
03-02 10:50:49.451  1043  7653 W unknown:ViewManagerPropertyUpdater: Could not find generated setter for class com.horcrux.svg.RenderableViewManager$FeBlendManager
03-02 10:50:49.457  1621  1922 I SmartPower: com.xiaomi.mipicks/10217(7084): background->idle(3005ms) R(service unbind com.xiaomi.mipicks/androidx.work.multiprocess.RemoteWorkManagerService) adj=905.
03-02 10:50:49.463  1043  7653 W unknown:ViewManagerPropertyUpdater: Could not find generated setter for class com.facebook.react.views.view.ReactViewManager
03-02 10:50:49.477  1043  7653 W unknown:ViewManagerPropertyUpdater: Could not find generated setter for class com.horcrux.svg.RenderableViewManager$CircleViewManager
03-02 10:50:49.493  1043  7653 W unknown:ViewManagerPropertyUpdater: Could not find generated setter for class com.facebook.react.views.modal.ReactModalHostManager
03-02 10:50:49.506  1043  7653 W unknown:ViewManagerPropertyUpdater: Could not find generated setter for class com.horcrux.svg.RenderableViewManager$EllipseViewManager
03-02 10:50:49.521  1043  7653 W unknown:ViewManagerPropertyUpdater: Could not find generated setter for class com.horcrux.svg.RenderableViewManager$LineViewManager
03-02 10:50:49.536  1043  7653 W unknown:ViewManagerPropertyUpdater: Could not find generated setter for class com.facebook.react.views.text.frescosupport.FrescoBasedReactTextInlineImageViewManager
03-02 10:50:49.536  1043  7653 W unknown:ViewManagerPropertyUpdater: Could not find generated setter for class com.facebook.react.views.text.frescosupport.FrescoBasedReactTextInlineImageShadowNode
03-02 10:50:49.548  1043  7653 W unknown:ViewManagerPropertyUpdater: Could not find generated setter for class com.horcrux.svg.RenderableViewManager$FeFloodManager
03-02 10:50:49.549   861   947 I libPerfCtl: xgfGetFPS pid:921 fps:-1
03-02 10:50:49.550   861   947 I libPerfCtl: xgfGetFPS pid:2363 fps:-1
03-02 10:50:49.562  1043  7653 W unknown:ViewManagerPropertyUpdater: Could not find generated setter for class com.facebook.react.views.image.ReactImageManager
03-02 10:50:49.576  1043  7653 W unknown:ViewManagerPropertyUpdater: Could not find generated setter for class com.horcrux.svg.RenderableViewManager$MaskManager
03-02 10:50:49.590  1043  7653 W unknown:ViewManagerPropertyUpdater: Could not find generated setter for class com.horcrux.svg.RenderableViewManager$RectViewManager
03-02 10:50:49.605  1043  7653 W unknown:ViewManagerPropertyUpdater: Could not find generated setter for class com.horcrux.svg.RenderableViewManager$TextPathViewManager
03-02 10:50:49.622  1043  7653 W unknown:ViewManagerPropertyUpdater: Could not find generated setter for class com.facebook.react.views.scroll.ReactScrollViewManager
03-02 10:50:49.638  1043  7653 W unknown:ViewManagerPropertyUpdater: Could not find generated setter for class com.facebook.react.views.text.ReactVirtualTextViewManager
03-02 10:50:49.638  1043  7653 W unknown:ViewManagerPropertyUpdater: Could not find generated setter for class com.facebook.react.views.text.ReactVirtualTextShadowNode
03-02 10:50:49.652  1043  7653 W unknown:ViewManagerPropertyUpdater: Could not find generated setter for class com.facebook.react.views.swiperefresh.SwipeRefreshLayoutManager
03-02 10:50:49.664  1043  7653 W unknown:ViewManagerPropertyUpdater: Could not find generated setter for class com.facebook.react.views.text.ReactRawTextManager
03-02 10:50:49.665  1043  7653 W unknown:ViewManagerPropertyUpdater: Could not find generated setter for class com.facebook.react.views.text.ReactRawTextShadowNode
03-02 10:50:49.667  1043  7653 W unknown:ViewManagerPropertyUpdater: Could not find generated setter for class com.swmansion.gesturehandler.react.RNGestureHandlerRootViewManager
03-02 10:50:49.701  1043  7675 D ProfileInstaller: Installing profile for com.softnation.Ojam
03-02 10:50:49.841  1043  7653 E AVManager: Cannot install JSI bindings for AV module because JS context is not available
03-02 10:50:49.842  1043  7653 W BridgelessReactContext: [WARNING] Bridgeless doesn't support CatalystInstance. Accessing an API that's not part of the new architecture is not encouraged usage.
03-02 10:50:49.855  1043  7653 I ExpoModulesCore: Γ£à JSI interop was installed
03-02 10:50:49.865  1043  7653 I ExpoModulesCore: Γ£à Constants were exported
03-02 10:50:49.905  1043  7653 I dev.expo.updates: {"timestamp":1772445049904,"message":"UpdatesModule: getConstants called","code":"None","level":"info"}
03-02 10:50:49.982  1055  1186 D connsyslogger: SD_LOG_ROOT is /data/debuglogger/connsyslog/fw.
03-02 10:50:49.982  1055  1186 D connsyslogger: systemReady:1
03-02 10:50:50.062  1621  1621 D UiModeManager: updateConfigurationLocked: mDockState=0; mCarMode=false; mCar=false; mPowerSave=false; mOverrideNightModeOn=false; mOverrideNightModeOff=false; mComputedNightMode=true; mNightModeValue=2; uiMode=42
03-02 10:50:50.065  6027  6027 I PowerSaveService: onReceive: android.intent.action.BATTERY_CHANGED
03-02 10:50:50.066  6027  6027 I PowerNoticeUI: handleBatteryChanged oldPlugType 2 mPlugType 2 oldBatteryLevel 44 mBatteryLevel 44 temperature 400
03-02 10:50:50.066  6027  6027 I ChargerBatteryIntelligenceReceiver: onBatteryChanged temperature∩╝Ü40,plugType:2
03-02 10:50:50.066  6027  6027 D BaseChargeProtect_HighTemp: mCountByMinute:0,isScreenOn:true
03-02 10:50:50.066  6515  6997 I ProcAudioPowerManager: onBatteryChanged, onBattery is false
03-02 10:50:50.066  6515  6997 D PowerKeeper.FrozenApp: onBatteryChanged plug=true mBatteryPlugged=2
03-02 10:50:50.067  6515  8177 D PowerCheckerService: onBatteryChanged, mBatteryLevel = 44, status = 2, level = 44, plug = 2, scale = 100
03-02 10:50:50.067  6515  8142 D PowerKeeper.Thermal: mBatteryTemperature: 40
03-02 10:50:50.068  6027  6027 I android_os_HwBinder: HwBinder: Starting thread pool for getting: vendor.xiaomi.hardware.micharge@1.0::IMiCharge/default
03-02 10:50:50.070   872   908 I vendor.xiaomi.hardware.micharge@1.0-service: ReadFilePathValue path = /sys/class/power_supply/usb/real_type value = USB
03-02 10:50:50.071  6027  6027 I IMiChargeUtils: getIMiChargeStringValue method:getBatteryChargeType,value:USB
03-02 10:50:50.071  6027  6027 I IMiChargeUtils: getBatteryChargeType : USB
03-02 10:50:50.071  6027  6027 I ChargeTimeUtilsV2: chargeType:USB
03-02 10:50:50.071  6027  6027 I PowerFeatureUtils: getVendorName:mediatek
03-02 10:50:50.071  6027  6027 I PowerFeatureUtils: getVendorName:mediatek
03-02 10:50:50.078  3510  3510 W libc    : Unable to set property "persist.vendor.accelerate.charge" to "false": PROP_ERROR_PERMISSION_DENIED (0x18)
03-02 10:50:50.094  1621  1621 D UiModeManager: updateConfigurationLocked: mDockState=0; mCarMode=false; mCar=false; mPowerSave=false; mOverrideNightModeOn=false; mOverrideNightModeOff=false; mComputedNightMode=true; mNightModeValue=2; uiMode=42
03-02 10:50:50.096  6027  6027 I PowerSaveService: onReceive: android.intent.action.BATTERY_CHANGED
03-02 10:50:50.097  6515  8177 D PowerCheckerService: onBatteryChanged, mBatteryLevel = 44, status = 2, level = 44, plug = 2, scale = 100
03-02 10:50:50.097  6515  6997 I ProcAudioPowerManager: onBatteryChanged, onBattery is false
03-02 10:50:50.097  6515  6997 D PowerKeeper.FrozenApp: onBatteryChanged plug=true mBatteryPlugged=2
03-02 10:50:50.097  6027  6027 I PowerNoticeUI: handleBatteryChanged oldPlugType 2 mPlugType 2 oldBatteryLevel 44 mBatteryLevel 44 temperature 400
03-02 10:50:50.097  6027  6027 I ChargerBatteryIntelligenceReceiver: onBatteryChanged temperature∩╝Ü40,plugType:2
03-02 10:50:50.097  6027  6027 D BaseChargeProtect_HighTemp: mCountByMinute:0,isScreenOn:true
03-02 10:50:50.097  6515  8142 D PowerKeeper.Thermal: mBatteryTemperature: 40
03-02 10:50:50.098  6027  6027 I android_os_HwBinder: HwBinder: Starting thread pool for getting: vendor.xiaomi.hardware.micharge@1.0::IMiCharge/default
03-02 10:50:50.100   872   908 I vendor.xiaomi.hardware.micharge@1.0-service: ReadFilePathValue path = /sys/class/power_supply/usb/real_type value = USB
03-02 10:50:50.101  6027  6027 I IMiChargeUtils: getIMiChargeStringValue method:getBatteryChargeType,value:USB
03-02 10:50:50.101  6027  6027 I IMiChargeUtils: getBatteryChargeType : USB
03-02 10:50:50.101  6027  6027 I ChargeTimeUtilsV2: chargeType:USB
03-02 10:50:50.101  6027  6027 I PowerFeatureUtils: getVendorName:mediatek
03-02 10:50:50.101  6027  6027 I PowerFeatureUtils: getVendorName:mediatek
03-02 10:50:50.278  2350  2350 W Settings: Setting airplane_mode_on has moved from android.provider.Settings.System to android.provider.Settings.Global, returning read-only value.
03-02 10:50:50.281  2350  2350 W Settings: Setting airplane_mode_on has moved from android.provider.Settings.System to android.provider.Settings.Global, returning read-only value.
03-02 10:50:50.282  2350 29580 D NetworkSpeedTracker: updateNwSignalInfo not allowed ,ignore
03-02 10:50:50.284  2350 29580 D NetworkSpeedTracker: updateNwSignalInfo not allowed ,ignore
03-02 10:50:50.297  1621  4238 D AS.BtHelper: isBluetoothScoOn() mBluetoothHeadset is null: falsemBluetoothHeadsetDevice is null: true
03-02 10:50:50.297  1621  4238 V AS.AudioDeviceBroker: requestedCommunicationDevice: null mAudioModeOwner: AudioModeInfo: mMode=MODE_NORMAL, mPid=0, mUid=0
03-02 10:50:50.297  1621  4238 D AS.BtHelper: isBluetoothScoOn() mBluetoothHeadset is null: falsemBluetoothHeadsetDevice is null: true
03-02 10:50:50.297  1621  4238 V AS.AudioDeviceBroker: requestedCommunicationDevice: null mAudioModeOwner: AudioModeInfo: mMode=MODE_NORMAL, mPid=0, mUid=0
03-02 10:50:50.301  1621  4238 D ActivityManager: getProcessesInErrorState callingUid=10126, CallingPid=31485
03-02 10:50:50.550   861   947 I libPerfCtl: xgfGetFPS pid:2363 fps:-1
03-02 10:50:50.591  1621  1666 I SmartPower: com.whatsapp/99910300(29736): idle->background(7182ms) R(broadcast start Intent { act=android.intent.action.BATTERY_CHANGED flg=0x60000010 (has extras) }) adj=905.
03-02 10:50:50.614  1043  7653 D nativeloader: Load /data/app/~~Bh61wenJZi6JNVEuOkVQfQ==/com.softnation.Ojam-nnCVAdHxKfOmup5FCuBDYQ==/base.apk!/lib/arm64-v8a/librnscreens.so using class loader ns clns-7 (caller=/data/app/~~Bh61wenJZi6JNVEuOkVQfQ==/com.softnation.Ojam-nnCVAdHxKfOmup5FCuBDYQ==/base.apk!classes16.dex): ok
03-02 10:50:50.658  1621  1621 D UiModeManager: updateConfigurationLocked: mDockState=0; mCarMode=false; mCar=false; mPowerSave=false; mOverrideNightModeOn=false; mOverrideNightModeOff=false; mComputedNightMode=true; mNightModeValue=2; uiMode=42
03-02 10:50:50.661  6027  6027 I PowerSaveService: onReceive: android.intent.action.BATTERY_CHANGED
03-02 10:50:50.662  6027  6027 I PowerNoticeUI: handleBatteryChanged oldPlugType 2 mPlugType 2 oldBatteryLevel 44 mBatteryLevel 44 temperature 400
03-02 10:50:50.662  6515  8177 D PowerCheckerService: onBatteryChanged, mBatteryLevel = 44, status = 2, level = 44, plug = 2, scale = 100
03-02 10:50:50.662  6515  6997 I ProcAudioPowerManager: onBatteryChanged, onBattery is false
03-02 10:50:50.662  6027  6027 I ChargerBatteryIntelligenceReceiver: onBatteryChanged temperature∩╝Ü40,plugType:2
03-02 10:50:50.662  6515  6997 D PowerKeeper.FrozenApp: onBatteryChanged plug=true mBatteryPlugged=2
03-02 10:50:50.662  6027  6027 D BaseChargeProtect_HighTemp: mCountByMinute:0,isScreenOn:true
03-02 10:50:50.663  6515  8142 D PowerKeeper.Thermal: mBatteryTemperature: 40
03-02 10:50:50.664  6027  6027 I android_os_HwBinder: HwBinder: Starting thread pool for getting: vendor.xiaomi.hardware.micharge@1.0::IMiCharge/default
03-02 10:50:50.667   872   908 I vendor.xiaomi.hardware.micharge@1.0-service: ReadFilePathValue path = /sys/class/power_supply/usb/real_type value = USB
03-02 10:50:50.667  6027  6027 I IMiChargeUtils: getIMiChargeStringValue method:getBatteryChargeType,value:USB
03-02 10:50:50.667  6027  6027 I IMiChargeUtils: getBatteryChargeType : USB
03-02 10:50:50.667  6027  6027 I ChargeTimeUtilsV2: chargeType:USB
03-02 10:50:50.667  6027  6027 I PowerFeatureUtils: getVendorName:mediatek
03-02 10:50:50.667  6027  6027 I PowerFeatureUtils: getVendorName:mediatek
03-02 10:50:50.710  2350  2350 W Settings: Setting airplane_mode_on has moved from android.provider.Settings.System to android.provider.Settings.Global, returning read-only value.
03-02 10:50:50.713  2350  2350 W Settings: Setting airplane_mode_on has moved from android.provider.Settings.System to android.provider.Settings.Global, returning read-only value.
03-02 10:50:50.715  2350 29580 D NetworkSpeedTracker: updateSignalInfo lteRsrp=-74lteSnr=15,phoneId=1
03-02 10:50:50.720  2350 29580 D NetworkSpeedTracker: updateSignalInfo lteRsrp=-74lteSnr=15,phoneId=1
03-02 10:50:50.827  1055  1191 D connsyslogger: data recycle:time out
03-02 10:50:50.827  1055  1191 D connsyslogger: idx=0 Bootup Log: 2 log files! filecount=3 
03-02 10:50:50.829  1043  7653 I ReactNativeJS: Running "main" with {"rootTag":1,"initialProps":{},"fabric":true}
03-02 10:50:50.904  1177  1177 I thermal_src: recvmsg_expect 5, but get 2 
03-02 10:50:50.904  1177  1177 V thermal_src: TA_DAEMON_CMD_GET_TPCB:ERROR ret=-1
03-02 10:50:50.904  1177  1177 E thermal_src: get_tpcb_from_kernel:error -1. retry...
03-02 10:50:50.904  1177  1177 I thermal_src: recvmsg_expect 4, but get 2 
03-02 10:50:50.904  1177  1177 V thermal_src: TA_DAEMON_CMD_SET_TTJ:ERROR ret=-1
03-02 10:50:50.904  1177  1177 E thermal_src: set_ttj_to_kernel 1:error -1
03-02 10:50:50.904  1177  1177 I thermal_src: recvmsg_expect 2, but get 5 
03-02 10:50:50.904  1177  1177 V thermal_src: waiting NOTIFY from kernel miss, -1
03-02 10:50:50.904  1177  1177 I thermal_src: recvmsg_expect 2, but get 4 
03-02 10:50:50.904  1177  1177 V thermal_src: waiting NOTIFY from kernel miss, -1
03-02 10:50:50.905  1159  1606 D ULogGuard: Monitoring: 18 threads, 0 requests, 0 time-bombs; 1 guards. ResetFlags = 0x7
03-02 10:50:51.150  1621  1666 I SmartPower: com.whatsapp/10300(31638): idle->background(2539ms) R(broadcast start Intent { act=android.intent.action.BATTERY_CHANGED flg=0x60000010 (has extras) }) adj=905.
03-02 10:50:51.150  1621  1666 I SmartPower: com.android.chrome/10174(23296): idle->background(2539ms) R(broadcast start Intent { act=android.intent.action.BATTERY_CHANGED flg=0x60000010 (has extras) }) adj=925.
03-02 10:50:51.151  1621  1666 I SmartPower: com.instagram.android/10301(31107): idle->background(2540ms) R(broadcast start Intent { act=android.intent.action.BATTERY_CHANGED flg=0x60000010 (has extras) }) adj=915.
03-02 10:50:51.152  1621  1666 I SmartPower: com.facebook.stella/10126(31485): idle->background(2541ms) R(broadcast start Intent { act=android.intent.action.BATTERY_CHANGED flg=0x60000010 (has extras) }) adj=925.
03-02 10:50:51.153  1621  1666 I SmartPower: com.facebook.katana/10287(31850): idle->background(2541ms) R(broadcast start Intent { act=android.intent.action.BATTERY_CHANGED flg=0x60000010 (has extras) }) adj=915.
03-02 10:50:51.154  1621  1666 I SmartPower: com.instagram.barcelona/10075(32592): idle->background(2542ms) R(broadcast start Intent { act=android.intent.action.BATTERY_CHANGED flg=0x60000010 (has extras) }) adj=915.
03-02 10:50:51.292 31107 31419 E msys    : E[N mns]_OnDiskCacheGetData(632)=>Start post callback cache refresh DNS resolution
03-02 10:50:51.299 31107 31419 E msys    : E[N mns]_LogError(228)=>Failed to resolve using system DNS resolver, getaddrinfo(): No address associated with hostname
03-02 10:50:51.299 31107 31419 E msys    : E[N mns]_OnDiskCacheGetData(632)=>Start post callback cache refresh DNS resolution
03-02 10:50:51.300  1621  4238 D AS.BtHelper: isBluetoothScoOn() mBluetoothHeadset is null: falsemBluetoothHeadsetDevice is null: true
03-02 10:50:51.301  1621  4238 V AS.AudioDeviceBroker: requestedCommunicationDevice: null mAudioModeOwner: AudioModeInfo: mMode=MODE_NORMAL, mPid=0, mUid=0
03-02 10:50:51.301 31107 31419 E msys    : E[N mns]_LogError(228)=>Failed to resolve using system DNS resolver, getaddrinfo(): No address associated with hostname
03-02 10:50:51.301  1621  4238 D AS.BtHelper: isBluetoothScoOn() mBluetoothHeadset is null: falsemBluetoothHeadsetDevice is null: true
03-02 10:50:51.301  1621  4238 V AS.AudioDeviceBroker: requestedCommunicationDevice: null mAudioModeOwner: AudioModeInfo: mMode=MODE_NORMAL, mPid=0, mUid=0
03-02 10:50:51.404  1621  1856 D InetDiagMessage: Destroyed 0 sockets, proto=IPPROTO_TCP, family=AF_INET, states=14
03-02 10:50:51.406  1621  1856 D InetDiagMessage: Destroyed 0 sockets, proto=IPPROTO_TCP, family=AF_INET6, states=14
03-02 10:50:51.406  1621  1856 D InetDiagMessage: Destroyed live tcp sockets for uids={10308} in 4ms
03-02 10:50:51.408  1621  1856 D InetDiagMessage: Destroyed 0 sockets, proto=IPPROTO_TCP, family=AF_INET, states=14
03-02 10:50:51.410  1621  1856 D InetDiagMessage: Destroyed 0 sockets, proto=IPPROTO_TCP, family=AF_INET6, states=14
03-02 10:50:51.410  1621  1856 D InetDiagMessage: Destroyed live tcp sockets for uids={20308} in 4ms
03-02 10:50:51.442  7123  7123 W adbd    : timeout expired while flushing socket, closing
03-02 10:50:51.550   861   947 I libPerfCtl: xgfGetFPS pid:2363 fps:-1
03-02 10:50:51.579  1621  1918 E HyperSentinel: -------------------------------------------------------
03-02 10:50:51.579  1621  1918 E HyperSentinel: Event_OpenFileFDSize
03-02 10:50:51.579  1621  1918 E HyperSentinel: -> audit event by proc 1621 "system_server": Fd increasement, peak, 1246 -> 1092
03-02 10:50:51.580  1621  1917 D MiuiSentinelService: begin judgment FdAmountLeakException
03-02 10:50:51.859  1621  1650 W ActivityTaskManager: Launch timeout has expired, giving up wake lock!
03-02 10:50:51.879   863   958 I mtkpower@impl: [powerd_req] TIMER_MSG_PERF_LOCK_TIMEOUT hdl:364600
03-02 10:50:51.879   863   958 I libPowerHal: [perfLockRel] hdl:364600, idx:2
03-02 10:50:51.879   863   958 I libPowerHal: [PD] MTKPOWER_HINT_PROCESS_CREATE update cmd:2024000 param:5, pr:6
03-02 10:50:51.881   863   958 I libPowerHal: [PD] MTKPOWER_HINT_PROCESS_CREATE update ONESHOT(unset) cmd:10000700 param:16129 pr:3
03-02 10:50:51.881   863   958 I libPowerHal: [perfLockRel] Done for hdl : 364600
03-02 10:50:51.983  1055  1186 D connsyslogger: SD_LOG_ROOT is /data/debuglogger/connsyslog/fw.
03-02 10:50:51.983  1055  1186 D connsyslogger: systemReady:1
03-02 10:50:52.048  1177  1177 I thermal_src: recvmsg_expect 5, but get 2 
03-02 10:50:52.048  1177  1177 V thermal_src: TA_DAEMON_CMD_GET_TPCB:ERROR ret=-1
03-02 10:50:52.048  1177  1177 E thermal_src: get_tpcb_from_kernel:error -1. retry...
03-02 10:50:52.048  1177  1177 I thermal_src: recvmsg_expect 5, but get 2 
03-02 10:50:52.048  1177  1177 V thermal_src: TA_DAEMON_CMD_GET_TPCB:ERROR ret=-1
03-02 10:50:52.048  1177  1177 E thermal_src: get_tpcb_from_kernel:error -1. retry...
03-02 10:50:52.048  1177  1177 I thermal_src: recvmsg_expect 5, but get 2 
03-02 10:50:52.048  1177  1177 V thermal_src: TA_DAEMON_CMD_GET_TPCB:ERROR ret=-1
03-02 10:50:52.048  1177  1177 E thermal_src: get_tpcb_from_kernel:error -1. retry...
03-02 10:50:52.049  1177  1177 I thermal_src: recvmsg_expect 5, but get 2 
03-02 10:50:52.049  1177  1177 V thermal_src: TA_DAEMON_CMD_GET_TPCB:ERROR ret=-1
03-02 10:50:52.049  1177  1177 E thermal_src: get_tpcb_from_kernel:error -1. retry...
03-02 10:50:52.049  1177  1177 I thermal_src: recvmsg_expect 4, but get 5 
03-02 10:50:52.049  1177  1177 V thermal_src: TA_DAEMON_CMD_SET_TTJ:ERROR ret=-1
03-02 10:50:52.049  1177  1177 E thermal_src: set_ttj_to_kernel 1:error -1
03-02 10:50:52.049  1177  1177 I thermal_src: recvmsg_expect 2, but get 5 
03-02 10:50:52.049  1177  1177 V thermal_src: waiting NOTIFY from kernel miss, -1
03-02 10:50:52.049  1177  1177 I thermal_src: recvmsg_expect 2, but get 5 
03-02 10:50:52.049  1177  1177 V thermal_src: waiting NOTIFY from kernel miss, -1
03-02 10:50:52.049  1177  1177 I thermal_src: recvmsg_expect 2, but get 5 
03-02 10:50:52.049  1177  1177 V thermal_src: waiting NOTIFY from kernel miss, -1
03-02 10:50:52.049  1177  1177 I thermal_src: recvmsg_expect 2, but get 4 
03-02 10:50:52.049  1177  1177 V thermal_src: waiting NOTIFY from kernel miss, -1
03-02 10:50:52.302  1621  4238 D ActivityManager: getProcessesInErrorState callingUid=10126, CallingPid=31485
03-02 10:50:52.304  1621  4238 D AS.BtHelper: isBluetoothScoOn() mBluetoothHeadset is null: falsemBluetoothHeadsetDevice is null: true
03-02 10:50:52.304  1621  4238 V AS.AudioDeviceBroker: requestedCommunicationDevice: null mAudioModeOwner: AudioModeInfo: mMode=MODE_NORMAL, mPid=0, mUid=0
03-02 10:50:52.305  1621  4238 D AS.BtHelper: isBluetoothScoOn() mBluetoothHeadset is null: falsemBluetoothHeadsetDevice is null: true
03-02 10:50:52.305  1621  4238 V AS.AudioDeviceBroker: requestedCommunicationDevice: null mAudioModeOwner: AudioModeInfo: mMode=MODE_NORMAL, mPid=0, mUid=0
03-02 10:50:52.522  1043  7653 D nativeloader: Load /data/app/~~Bh61wenJZi6JNVEuOkVQfQ==/com.softnation.Ojam-nnCVAdHxKfOmup5FCuBDYQ==/base.apk!/lib/arm64-v8a/libworklets.so using class loader ns clns-7 (caller=/data/app/~~Bh61wenJZi6JNVEuOkVQfQ==/com.softnation.Ojam-nnCVAdHxKfOmup5FCuBDYQ==/base.apk!classes20.dex): ok
03-02 10:50:52.523  1621  2315 D SystemPressureControl: thermal temperature 40
03-02 10:50:52.577  1621  4238 D FileUtils: Rounded bytes from 8055762944 to 16000000000
03-02 10:50:52.585   921   921 I BufferQueueProducer: [StatusBar#109](this:0xb400007bcec4ab68,id:-1,api:0,p:-1,c:921) queueBuffer: fps=0.25 dur=4022.36 max=4022.36 min=4022.36
03-02 10:50:52.586 13966 13985 V ClearcutMetricXmitter: Transmission is done.
03-02 10:50:52.588   849   868 I hwcomposer: [HWCDisplay] (0 updateFps():3667), (type:1, mode:2) fps:0.497168,dur:4022.79,max:3773.81,min:248.98  
03-02 10:50:52.590   921   921 I MI-SF   : surfaceflinger setAffinity mode=0
03-02 10:50:52.590   921   921 E MI-SF   : surfaceflinger setAffinity success
03-02 10:50:52.734  1043  7653 D nativeloader: Load /data/app/~~Bh61wenJZi6JNVEuOkVQfQ==/com.softnation.Ojam-nnCVAdHxKfOmup5FCuBDYQ==/base.apk!/lib/arm64-v8a/libreanimated.so using class loader ns clns-7 (caller=/data/app/~~Bh61wenJZi6JNVEuOkVQfQ==/com.softnation.Ojam-nnCVAdHxKfOmup5FCuBDYQ==/base.apk!classes20.dex): ok
03-02 10:50:52.831   849  1430 I hwcomposer: [HWC] (0)fire a callback of refresh to SF[4]  
03-02 10:50:52.839   921   921 I BufferQueueProducer: [FramebufferSurface](this:0xb400007d8e9dff50,id:-1,api:1,p:921,c:921) queueBuffer: fps=0.25 dur=4025.10 max=4025.10 min=4025.10
03-02 10:50:52.842   921   921 I MI-SF   : surfaceflinger setAffinity mode=1
03-02 10:50:52.842   921   921 E MI-SF   : surfaceflinger setAffinity success
03-02 10:50:52.842   921   921 I MI-SF   : surfaceflinger setreAffinity reTid=1207
03-02 10:50:52.842   921   921 E MI-SF   : surfaceflinger setAffinity success
03-02 10:50:52.907  1177  1177 I thermal_src: recvmsg_expect 5, but get 2 
03-02 10:50:52.907  1177  1177 V thermal_src: TA_DAEMON_CMD_GET_TPCB:ERROR ret=-1
03-02 10:50:52.907  1177  1177 E thermal_src: get_tpcb_from_kernel:error -1. retry...
03-02 10:50:52.907  1177  1177 I thermal_src: recvmsg_expect 5, but get 2 
03-02 10:50:52.907  1177  1177 V thermal_src: TA_DAEMON_CMD_GET_TPCB:ERROR ret=-1
03-02 10:50:52.907  1177  1177 E thermal_src: get_tpcb_from_kernel:error -1. retry...
03-02 10:50:52.907  1177  1177 I thermal_src: recvmsg_expect 4, but get 2 
03-02 10:50:52.907  1177  1177 V thermal_src: TA_DAEMON_CMD_SET_TTJ:ERROR ret=-1
03-02 10:50:52.907  1177  1177 E thermal_src: set_ttj_to_kernel 1:error -1
03-02 10:50:52.907  1177  1177 I thermal_src: recvmsg_expect 2, but get 5 
03-02 10:50:52.907  1177  1177 V thermal_src: waiting NOTIFY from kernel miss, -1
03-02 10:50:52.907  1177  1177 I thermal_src: recvmsg_expect 2, but get 5 
03-02 10:50:52.907  1177  1177 V thermal_src: waiting NOTIFY from kernel miss, -1
03-02 10:50:52.907  1177  1177 I thermal_src: recvmsg_expect 2, but get 4 
03-02 10:50:52.907  1177  1177 V thermal_src: waiting NOTIFY from kernel miss, -1
03-02 10:50:53.030 28118 28313 I gle.android.gms: Explicit concurrent mark compact GC freed 404KB AllocSpace bytes, 0(0B) LOS objects, 38% free, 18MB/30MB, paused 1.448ms,9.046ms total 347.514ms
03-02 10:50:53.113  1201  1298 D AALLightSensor: oldLux=30 [SA:-1 LA:-1] newLux=30 (oriLux: 29)
03-02 10:50:53.183   863   910 D power@timer: [mtkPowerTimer] visRead:0
03-02 10:50:53.285  2350  2350 W Settings: Setting airplane_mode_on has moved from android.provider.Settings.System to android.provider.Settings.Global, returning read-only value.
03-02 10:50:53.286 31107 31419 E msys    : E[N mns]_OnDiskCacheGetData(632)=>Start post callback cache refresh DNS resolution
03-02 10:50:53.287  2350  2350 W Settings: Setting airplane_mode_on has moved from android.provider.Settings.System to android.provider.Settings.Global, returning read-only value.
03-02 10:50:53.289  2350 29580 D NetworkSpeedTracker: updateSignalInfo lteRsrp=-74lteSnr=15,phoneId=1
03-02 10:50:53.292 31107 31419 E msys    : E[N mns]_LogError(228)=>Failed to resolve using system DNS resolver, getaddrinfo(): No address associated with hostname
03-02 10:50:53.293  2350 29580 D NetworkSpeedTracker: updateSignalInfo lteRsrp=-74lteSnr=15,phoneId=1
03-02 10:50:53.308  1621  2665 D AS.BtHelper: isBluetoothScoOn() mBluetoothHeadset is null: falsemBluetoothHeadsetDevice is null: true
03-02 10:50:53.308  1621  2665 V AS.AudioDeviceBroker: requestedCommunicationDevice: null mAudioModeOwner: AudioModeInfo: mMode=MODE_NORMAL, mPid=0, mUid=0
03-02 10:50:53.308  1621  2665 D AS.BtHelper: isBluetoothScoOn() mBluetoothHeadset is null: falsemBluetoothHeadsetDevice is null: true
03-02 10:50:53.308  1621  2665 V AS.AudioDeviceBroker: requestedCommunicationDevice: null mAudioModeOwner: AudioModeInfo: mMode=MODE_NORMAL, mPid=0, mUid=0
03-02 10:50:53.573   861   947 I libPerfCtl: xgfGetFPS pid:921 fps:-1
03-02 10:50:53.573   861   947 I libPerfCtl: xgfGetFPS pid:2363 fps:-1
03-02 10:50:53.591  1621  1922 I SmartPower: com.whatsapp/99910300(29736): background->idle(3000ms) R(broadcast start Intent { act=android.intent.action.BATTERY_CHANGED flg=0x60000010 (has extras) }) adj=905.
03-02 10:50:53.682   863   909 I mtkpower@impl: [setMode] type:5, enabled:0
03-02 10:50:53.682  1621  1650 I PowerHalWrapper: amsBoostNotify pid:13966,activity:com.google.android.apps.search.assistant.surfaces.voice.robin.ui.floaty.activity.FloatyActivity, package:com.google.android.googlequicksearchbox, mProcessCreatePackcom.softnation.Ojam 
03-02 10:50:53.682  1621  1650 I PowerHalWrapper: state: 0 
03-02 10:50:53.683   863   958 I libPowerHal: [perfLockRel] hdl:364599, idx:1
03-02 10:50:53.683   863   958 I libPowerHal: [PD] LAUNCH update cmd:1408300 param:0, pr:6
03-02 10:50:53.683  1621  1650 I mtkpower_client: [PowerHal_Wrap_notifyAppState] com.google.android.googlequicksearchbox/com.google.android.apps.search.assistant.surfaces.voice.robin.ui.floaty.activity.FloatyActivity pid=13966 activityId:114759433 state:0
03-02 10:50:53.684   861   861 I vendor.mediatek.hardware.mtkpower_applist-service.mediatek: packName: com.google.android.googlequicksearchbox actName: com.google.android.apps.search.assistant.surfaces.voice.robin.ui.floaty.activity.FloatyActivity pid: 13966 activityId: 114759433 uid: 10165 state: 0
03-02 10:50:53.684   861   861 I MTK_APPList: [notifyAPPstate] com.google.android.googlequicksearchbox/com.google.android.apps.search.assistant.surfaces.voice.robin.ui.floaty.activity.FloatyActivity, pid=13966, activityId=114759433, uid=10165, state:PAUSED, fps:-1, win:1
03-02 10:50:53.684   861   861 I MTK_APPList: [notifyAPPstate] multi_resumed_app_count: 2
03-02 10:50:53.684   861   861 I MTK_APPList: [notifyAPPstate] multi_resumed_app_info[0] com.android.systemui/com.android.systemui._190038181, pid:2363, activityId:-1, fps:-1, isMultiWindow:0
03-02 10:50:53.684   861   861 I MTK_APPList: [notifyAPPstate] multi_resumed_app_info[1] com.softnation.Ojam/com.softnation.Ojam.MainActivity, pid:1043, activityId:158118109, fps:-1, isMultiWindow:0
03-02 10:50:53.684   861   861 I MTK_APPList: [getForegroundAPPCount] 2
03-02 10:50:53.684   861   861 I MTK_APPList: [notifyNetdUID] 10337
03-02 10:50:53.684  1621  1650 I PowerHalWrapper: amsBoostNotify AMS_BOOST_PROCESS_CREATE_BOOST:true 
03-02 10:50:53.685   863   958 I libPowerHal: [PD] LAUNCH update cmd:400000 param:-1 pr:6
03-02 10:50:53.685   863   958 I libPowerHal: [PD] LAUNCH update cmd:400100 param:-1 pr:6
03-02 10:50:53.686   863   958 I libPowerHal: [PD] LAUNCH update cmd:1000000 param:-1 pr:6
03-02 10:50:53.686   863   958 I libPowerHal: [recordCPUFreqInfo] set cluster[0] min(-1): -1 max(-1): -1 cluster[1] min(-1): -1 max(-1): -1
03-02 10:50:53.687   863   958 I libPowerHal: [perfLockRel] Done for hdl : 364599
03-02 10:50:53.686  1999  1999 D OnLongClickAgent: reset:   removeMessages MSG_LONG_CLICK
03-02 10:50:53.687  1999  1999 D OnLongClickAgent: reset:   removeMessages MSG_LONG_CLICK
03-02 10:50:53.687  1999  1999 D OnLongClickAgent: reset:   removeMessages MSG_LONG_CLICK
03-02 10:50:53.687  1999  1999 D OnLongClickAgent: reset:   removeMessages MSG_LONG_CLICK
03-02 10:50:53.687   861   861 I MTK_APPList: [notifyPID] 1043
03-02 10:50:53.687  1999  1999 D OnLongClickAgent: reset:   removeMessages MSG_LONG_CLICK
03-02 10:50:53.687  1999  1999 D OnLongClickAgent: reset:   removeMessages MSG_LONG_CLICK
03-02 10:50:53.688  1999  1999 D OnLongClickAgent: reset:   removeMessages MSG_LONG_CLICK
03-02 10:50:53.688  1999  1999 D OnLongClickAgent: reset:   removeMessages MSG_LONG_CLICK
03-02 10:50:53.688  1999  1999 D OnLongClickAgent: reset:   removeMessages MSG_LONG_CLICK
03-02 10:50:53.688  1999  1999 D OnLongClickAgent: reset:   removeMessages MSG_LONG_CLICK
03-02 10:50:53.688   863   958 I libPowerHal: [perfSetSysInfo] pid type:24, 1043
03-02 10:50:53.688  1999  1999 D OnLongClickAgent: reset:   removeMessages MSG_LONG_CLICK
03-02 10:50:53.688  1999  1999 D OnLongClickAgent: reset:   removeMessages MSG_LONG_CLICK
03-02 10:50:53.688  1999  1999 D OnLongClickAgent: reset:   removeMessages MSG_LONG_CLICK
03-02 10:50:53.688  1999  1999 D OnLongClickAgent: reset:   removeMessages MSG_LONG_CLICK
03-02 10:50:53.688  1999  1999 D OnLongClickAgent: reset:   removeMessages MSG_LONG_CLICK
03-02 10:50:53.688  1999  1999 D OnLongClickAgent: reset:   removeMessages MSG_LONG_CLICK
03-02 10:50:53.689  1999  1999 D OnLongClickAgent: reset:   removeMessages MSG_LONG_CLICK
03-02 10:50:53.689  1999  1999 D OnLongClickAgent: reset:   removeMessages MSG_LONG_CLICK
03-02 10:50:53.688  7565  7565 W BpBinder: Slow Binder: BpBinder transact took 11866 ms, interface=android.app.IActivityManager, code=1598246212 oneway=false
03-02 10:50:53.690  1621  1648 D Aurogon :  uid = 10166 switch to FG
03-02 10:50:53.697  1621  1842 I MiuiNetworkPolicy: updateUidState uid = 10261, uidState = 4
03-02 10:50:53.697  1621  1842 I MiuiNetworkPolicy: updateUidState uid = 10165, uidState = 4
03-02 10:50:53.697  1621  1842 I MiuiNetworkPolicy: updateUidState uid = 10147, uidState = 4
03-02 10:50:53.700  1999  1999 D Launcher.Lifecycle: onStop:UserHandle{0},c143874,false
03-02 10:50:53.702  1999  1999 D UninstallDialogWrapper: mUninstallDialogShowing != isShowfalse, mUninstallDialogShowingfalse,isShowfalse
03-02 10:50:53.704  1999  1999 D SoscSplitStateController: updateDividerFixedState: isFixed = false
03-02 10:50:53.704  1999  1999 D Launcher_UnlockAnimationStateMachine: onStop = IDLE
03-02 10:50:53.704  2363  2477 D SoScSplitScreenController: updateDividerFixedState isFixed:false
03-02 10:50:53.706  1999  1999 D LauncherAssistantCompatGoogle: onStop com.google.android.libraries.gsa.launcherclient.LauncherClient@b8351e8
03-02 10:50:53.706 32592   642 W LibevQuicAsyncUDPSocket.h: setTosOrTrafficClass not implemented in LibevQuicAsyncUDPSocket
03-02 10:50:53.711 14013 14013 I brdz    : onStop
03-02 10:50:53.714 11917 11940 D LauncherOverlay: setActivityState:0
03-02 10:50:53.714  1999  1999 E Launcher.application: setClickAppWaitForCallback = false
03-02 10:50:53.715 11917 11917 D LauncherOverlay.Window: onStop
03-02 10:50:53.715 13966 13966 I ayus    : #onStop - FloatyInputFragmentPeer
03-02 10:50:53.715 13966 13966 I aqld    : #notifyUserExitedFloatyResponseScreen
03-02 10:50:53.716 13966 13966 I azdq    : #onStop (PageContainer)
03-02 10:50:53.716 13966 13966 I azdq    : Activity stopping, saving floaty's state
03-02 10:50:53.717 13966 13966 I anoi    : Not stopping. No query to stop
03-02 10:50:53.717  1999  1999 D ActivityThread: Fail to check app heapsize due to java.lang.NoSuchMethodException: dalvik.system.VMRuntime.getBlockingGcCountForAlloc []
03-02 10:50:53.717 13966  4112 I aycx    : #createPersistedState
03-02 10:50:53.718 13966 13966 I anoi    : Not stopping. Activity fully started.
03-02 10:50:53.718 13966 14009 I ayzy    : (REDACTED) buildNewState: %s, %s
03-02 10:50:53.719 13966  4112 I aycx    : #savePersistedState
03-02 10:50:53.720 32592   642 E MvfstCallbacks.cpp: onConnectionSetupError: error=TransportError: Internal Error, Error on socket write Operation not permitted, 
03-02 10:50:53.732  1621  1745 W UsageStatsService: Unexpected activity event reported! (com.miui.home/com.miui.home.launcher.Launcher event : 23 instanceId : 86304474)
03-02 10:50:53.738  1621  1648 D Aurogon :  uid = 10166 switch to BG
03-02 10:50:53.739  1621  1894 D Aurogon :  onForegroundActivitiesChanged packageName = com.miui.home
03-02 10:50:53.749   921   921 I SurfaceFlinger: onHandleDestroyed: name=com.miui.home/com.miui.home.launcher.Launcher#133516, layerId=133516, parentId=0
03-02 10:50:53.749  1621  1651 I ActivityTaskManager: visible for Task{9af9323 #37029 type=standard A=10337:com.softnation.Ojam} visible = true isAnimating = false TRANSITION = false PARENTS = false CHILDREN = false
03-02 10:50:53.749   921   921 I SurfaceFlinger: onHandleDestroyed: name=LauncherOverlayWindow:com.mi.globalminusscreen#133511, layerId=133511, parentId=0
03-02 10:50:53.749   921   921 I SurfaceFlinger: onHandleDestroyed: name=LauncherMinusOneScreen#133512, layerId=133512, parentId=0
03-02 10:50:53.751   849   868 I hwcomposer: [HWCDisplay] (0 updateFps():3667), (type:1, mode:2) fps:1.719735,dur:1162.97,max:911.18,min:251.79  
03-02 10:50:53.753   921   921 I MI-SF   : surfaceflinger setAffinity mode=0
03-02 10:50:53.753   921   921 E MI-SF   : surfaceflinger setAffinity success
03-02 10:50:53.779   921   921 I BufferQueueDebug: [LauncherMinusOneScreen#133512](this:0xb400007bcebbf2d8,id:-1,api:0,p:-1,c:921) onDestructor()
03-02 10:50:53.779   921   921 I BufferQueueDebug: [com.miui.home/com.miui.home.launcher.Launcher#133516](this:0xb400007bcec58f38,id:-1,api:0,p:-1,c:921) onDestructor()
03-02 10:50:53.780   921   921 I BufferQueueDebug: [LauncherOverlayWindow:com.mi.globalminusscreen#133511](this:0xb400007bcecab888,id:-1,api:0,p:-1,c:921) onDestructor()
03-02 10:50:53.788 13966 13966 D ActivityThread: Fail to check app heapsize due to java.lang.NoSuchMethodException: dalvik.system.VMRuntime.getBlockingGcCountForAlloc []
03-02 10:50:53.792 13966 13966 I aolx    : (REDACTED) #onStop, ttsExtender?.shouldExtendTts: %s
03-02 10:50:53.793 13966 13966 I aolx    : Pausing TTS from SpeechViewModel
03-02 10:50:53.793 13966 13966 I aotp    : TTS Pause requested
03-02 10:50:53.793 13966 13966 I aotp    : TTS Pause completed
03-02 10:50:53.796  1621  1648 D Aurogon :  uid = 10165 switch to BG
03-02 10:50:53.797  1621  1651 I ActivityTaskManager: visible for Task{9af9323 #37029 type=standard A=10337:com.softnation.Ojam} visible = true isAnimating = false TRANSITION = false PARENTS = false CHILDREN = false
03-02 10:50:53.798   921   921 I SurfaceFlinger: onHandleDestroyed: name=com.google.android.googlequicksearchbox/com.google.android.apps.search.assistant.surfaces.voice.robin.ui.floaty.activity.FloatyActivity#133513, layerId=133513, parentId=0
03-02 10:50:53.802  1621  1894 D Aurogon :  onForegroundActivitiesChanged packageName = com.google.android.googlequicksearchbox
03-02 10:50:53.814   921   921 I BufferQueueDebug: [com.google.android.googlequicksearchbox/com.google.android.apps.search.assistant.surfaces.voice.robin.ui.floaty.activity.FloatyActivity#133513](this:0xb400007bcec8c358,id:-1,api:0,p:-1,c:921) onDestructor()
03-02 10:50:53.884  8942  8942 D BoundBrokerSvc: onUnbind: Intent { act=com.google.android.gms.measurement.START pkg=com.google.android.gms }
03-02 10:50:53.906  1159  1606 D ULogGuard: Monitoring: 18 threads, 0 requests, 0 time-bombs; 1 guards. ResetFlags = 0x7
03-02 10:50:53.983  1055  1186 D connsyslogger: SD_LOG_ROOT is /data/debuglogger/connsyslog/fw.
03-02 10:50:53.984  1055  1186 D connsyslogger: systemReady:1
03-02 10:50:53.995   849  1430 I hwcomposer: [HWC] (0)fire a callback of refresh to SF[4]  
03-02 10:50:54.022   921   921 I BufferQueueProducer: [FramebufferSurface](this:0xb400007d8e9dff50,id:-1,api:1,p:921,c:921) queueBuffer: fps=0.84 dur=1183.45 max=1183.45 min=1183.45
03-02 10:50:54.026   921   921 I MI-SF   : surfaceflinger setAffinity mode=1
03-02 10:50:54.026   921   921 E MI-SF   : surfaceflinger setAffinity success
03-02 10:50:54.026   921   921 I MI-SF   : surfaceflinger setreAffinity reTid=1207
03-02 10:50:54.026   921   921 E MI-SF   : surfaceflinger setAffinity success
03-02 10:50:54.151  1621  1922 I SmartPower: com.whatsapp/10300(31638): background->idle(3001ms) R(broadcast start Intent { act=android.intent.action.BATTERY_CHANGED flg=0x60000010 (has extras) }) adj=905.
03-02 10:50:54.152  1621  1922 I SmartPower: com.android.chrome/10174(23296): background->idle(3002ms) R(broadcast start Intent { act=android.intent.action.BATTERY_CHANGED flg=0x60000010 (has extras) }) adj=915.
03-02 10:50:54.152  1621  1922 I SmartPower: com.instagram.android/10301(31107): background->idle(3001ms) R(broadcast start Intent { act=android.intent.action.BATTERY_CHANGED flg=0x60000010 (has extras) }) adj=915.
03-02 10:50:54.152  1621  1922 I SmartPower: com.facebook.stella/10126(31485): background->idle(3000ms) R(broadcast start Intent { act=android.intent.action.BATTERY_CHANGED flg=0x60000010 (has extras) }) adj=915.
03-02 10:50:54.155  1621  1922 I SmartPower: com.facebook.katana/10287(31850): background->idle(3002ms) R(broadcast start Intent { act=android.intent.action.BATTERY_CHANGED flg=0x60000010 (has extras) }) adj=905.
03-02 10:50:54.155  1621  1922 I SmartPower: com.instagram.barcelona/10075(32592): background->idle(3001ms) R(broadcast start Intent { act=android.intent.action.BATTERY_CHANGED flg=0x60000010 (has extras) }) adj=905.
03-02 10:50:54.171  1621  4238 D ConnectivityService: requestNetwork for uid/pid:10337/1043 activeRequest: null callbackRequest: 242210 [NetworkRequest [ REQUEST id=242211, [ Capabilities: INTERNET&NOT_RESTRICTED&TRUSTED&NOT_VCN_MANAGED&NOT_BANDWIDTH_CONSTRAINED Uid: 10337 RequestorUid: 10337 RequestorPkg: com.softnation.Ojam UnderlyingNetworks: Null] ]] callback flags: 0 order: 2147483647 isUidTracked: false declaredMethods: AVAIL|LOSING|LOST|UNAVAIL|NC|LP
03-02 10:50:54.180  1621  1843 D WifiNetworkFactory: got request NetworkRequest [ REQUEST id=242211, [ Capabilities: INTERNET&NOT_RESTRICTED&TRUSTED&NOT_VCN_MANAGED&NOT_BANDWIDTH_CONSTRAINED Uid: 10337 RequestorUid: 10337 RequestorPkg: com.softnation.Ojam UnderlyingNetworks: Null] ]
03-02 10:50:54.181  1621  1843 D UntrustedWifiNetworkFactory: got request NetworkRequest [ REQUEST id=242211, [ Capabilities: INTERNET&NOT_RESTRICTED&TRUSTED&NOT_VCN_MANAGED&NOT_BANDWIDTH_CONSTRAINED Uid: 10337 RequestorUid: 10337 RequestorPkg: com.softnation.Ojam UnderlyingNetworks: Null] ]
03-02 10:50:54.182  1621  1843 D OemPaidWifiNetworkFactory: got request NetworkRequest [ REQUEST id=242211, [ Capabilities: INTERNET&NOT_RESTRICTED&TRUSTED&NOT_VCN_MANAGED&NOT_BANDWIDTH_CONSTRAINED Uid: 10337 RequestorUid: 10337 RequestorPkg: com.softnation.Ojam UnderlyingNetworks: Null] ]
03-02 10:50:54.182  1621  1843 D MultiInternetWifiNetworkFactory: got request NetworkRequest [ REQUEST id=242211, [ Capabilities: INTERNET&NOT_RESTRICTED&TRUSTED&NOT_VCN_MANAGED&NOT_BANDWIDTH_CONSTRAINED Uid: 10337 RequestorUid: 10337 RequestorPkg: com.softnation.Ojam UnderlyingNetworks: Null] ]
03-02 10:50:54.182  1621  1856 D ConnectivityService: NetReassign [242211 : null ΓåÆ 255] [c 1] [a 2] [i 8]
