03-02 10:50:40.947  1621  4763 W WindowManager: Changing focus from null to Window{6009493 u0 com.google.android.googlequicksearchbox/com.google.android.apps.search.assistant.surfaces.voice.robin.ui.floaty.activity.FloatyActivity} displayId=0 Callers=com.android.server.wm.RootWindowContainer.updateFocusedWindowLocked:602 com.android.server.wm.WindowManagerService.updateFocusedWindowLocked:7168 com.android.server.wm.WindowManagerService.relayoutWindowInner:3076 com.android.server.wm.WindowManagerService.relayoutWindow:2724 
03-02 10:50:40.947  1621  4763 I whetstone.activity: Power Event callback listener is empty for resId=32
03-02 10:50:40.947  1621  4763 D BatteryStatsManagerStub: notifyEvent for resId=32 used 0ms
03-02 10:50:40.948   921  1500 I BufferQueueDebug: [Surface(name=5b2ee94 StatusBar#103)/@0xf6cf932 - animation-leash of insets_animation#133514](this:0xb400007bcecbf778,id:-1,api:0,p:-1,c:-1) BufferQueue core=(921:/system/bin/surfaceflinger)
03-02 10:50:40.950  1999 17839 D Launcher.Utilities: select screen is:personal_assistant_google
03-02 10:50:40.953 14013 14013 I brdz    : onStart
03-02 10:50:40.953   921  1166 I BufferQueueDebug: [Surface(name=77d8129 NavigationBar0#101614)/@0x3faba4f - animation-leash of insets_animation#133515](this:0xb400007bcec7df88,id:-1,api:0,p:-1,c:-1) BufferQueue core=(921:/system/bin/surfaceflinger)
03-02 10:50:40.955  1621  4763 D WindowManager: wms.Input focus has changed to Window{6009493 u0 com.google.android.googlequicksearchbox/com.google.android.apps.search.assistant.surfaces.voice.robin.ui.floaty.activity.FloatyActivity} display=0 updateInputWindows = true
03-02 10:50:40.956  1621  4763 I MultiSenceManagerInternalStub: getInstance
03-02 10:50:40.956  2350  2350 D CarrierSvcBindHelper: onHandleForceStop: [com.softnation.Ojam]
03-02 10:50:40.957  1621  4763 I WindowManager: Relayout Window{6009493 u0 com.google.android.googlequicksearchbox/com.google.android.apps.search.assistant.surfaces.voice.robin.ui.floaty.activity.FloatyActivity}: oldVis=8 newVis=0 focusMayChange = true requestedWidth = 1080 requestedHeight = 2460 outFrames = ClientWindowFrames{frame=[0,0][1080,2460] display=[0,0][1080,2460] parentFrame=[0,0][0,0]} outSurfaceControl = Surface(name=com.google.android.googlequicksearchbox/com.google.android.apps.search.assistant.surfaces.voice.robin.ui.floaty.activity.FloatyActivity#133513)/@0x85b29b8
03-02 10:50:40.959  1621  1746 E JobScheduler: ResourceBudgetManagerInternal is null
03-02 10:50:40.959  1621  5056 D WindowManager: wms.finishDrawingLocked: mDrawState=COMMIT_DRAW_PENDING Window{c20b10a u0 LauncherMinusOneScreen} in Surface(name=LauncherMinusOneScreen#133512)/@0x7830e88
03-02 10:50:40.961 13966 13966 D BufferQueueConsumer: [](id:368e00000001,api:0,p:-1,c:13966) connect: controlledByApp=false
03-02 10:50:40.963  2350  2350 D CarrierSvcBindHelper: No carrier app for: 0
03-02 10:50:40.963  2350  2350 D CarrierSvcBindHelper: No carrier app for: 1
03-02 10:50:40.961 13966 14007 I afwc    : (REDACTED) FCF System FeatureName to check: %s
03-02 10:50:40.964 13966 14007 I afwc    : (REDACTED) FCF: Device model check status : %s
03-02 10:50:40.965 13966 13966 D BLASTBufferQueue: [VRI[FloatyActivity]#1](f:0,a:0) constructor()
03-02 10:50:40.965 13966 13966 D BLASTBufferQueue: [VRI[FloatyActivity]#1](f:0,a:0) update width=1080 height=2460 format=-2 mTransformHint=0
03-02 10:50:40.966  1621  1651 D MiuiRefreshRatePolicy: reset
03-02 10:50:40.968 13966 13966 D VRI[FloatyActivity]: vri.reportNextDraw android.view.ViewRootImpl.performTraversals:4984 android.view.ViewRootImpl.doTraversal:3564 android.view.ViewRootImpl$TraversalRunnable.run:11781 android.view.Choreographer$CallbackRecord.run:1804 android.view.Choreographer$CallbackRecord.run:1813 
03-02 10:50:40.970 13966 14007 I alwd    : (REDACTED) getRequiredCapabilities: Providing screen context, uiSource=%s
03-02 10:50:40.971 13966 13966 D VRI[FloatyActivity]: Setup new sync=wmsSync-VRI[FloatyActivity]#2
03-02 10:50:40.974  2363  2363 D NotificationMediaManager: Not dismissing 0|com.softnation.Ojam|1001|null|10337 because it was removed by the system
03-02 10:50:40.970  1621  1651 I BLASTSyncEngine: SyncGroup 10150:  Unfinished container:ActivityRecord{9880759 u0 com.miui.home/.launcher.Launcher t2}
03-02 10:50:40.975  1621  1928 I MultiSenceManagerInternalStubImpl: packageName = com.google.android.googlequicksearchbox
03-02 10:50:40.976  1621  1928 W ContextImpl: Calling a method in the system process without a qualified user: android.app.ContextImpl.sendBroadcast:1260 com.android.server.wm.MultiSenceManagerInternalStubImpl.sendFocusWindowsBroadcast:148 com.android.server.wm.MultiSenceManagerInternalStubImpl$UpdateScreenStatus.run:98 android.os.Handler.handleCallback:959 android.os.Handler.dispatchMessage:100 
03-02 10:50:40.980  1621  1651 I BLASTSyncEngine: isActivitySyncFinished isSyncFinished false ActivityRecord{9880759 u0 com.miui.home/.launcher.Launcher t2}
03-02 10:50:40.981  1621  1640 D AudioSystem: +setParameters(): gamebooster=false 
03-02 10:50:40.981  1621  1640 D AudioSystem: start get log level!
03-02 10:50:40.983  1621  1651 I ActivityTaskManager: visible for Task{7fe659c #37028 type=standard A=10337:com.softnation.Ojam} visible = true isAnimating = false TRANSITION = false PARENTS = false CHILDREN = false
03-02 10:50:40.985  1621  1651 D SurfaceComposerClient: Transaction::apply InputWindowCommands.focusRequests timestamp=610234509952371, windowName=6009493 com.google.android.googlequicksearchbox/com.google.android.apps.search.assistant.surfaces.voice.robin.ui.floaty.activity.FloatyActivity
03-02 10:50:40.987 14013 14013 I bpbq    : (REDACTED) [%s] onStart()
03-02 10:50:40.988 14013 14013 I bpdz    : Reloading theme data
03-02 10:50:40.988 13966 14007 I djzh    : (REDACTED) isAppDefaultAssistant setting: %s
03-02 10:50:40.988 13966 14007 I djzh    : (REDACTED) isAppDefaultAssistant defaultComponentName: %s
03-02 10:50:40.990  2363  2363 D MiuiMediaControlPanel: removeListener
03-02 10:50:40.991   843   968 D AudioALSAHardware: +setParameters(): gamebooster=false
03-02 10:50:40.991   843   968 D AudioALSAHardware: -setParameters(): gamebooster=false
03-02 10:50:40.991   843   968 E AHAL_Module: setVendorParameters: default: unrecognized parameter "gamebooster=false"
03-02 10:50:40.992   894  7410 E ConversionHelperAidl: Function: parseAndSetVendorParameters Line: 97 Failed 
03-02 10:50:40.993  6515  6921 D PowerKeeper.Audio: pids 0
03-02 10:50:40.995   843   968 D AHAL_ModuleBluetooth: setVendorParameters: parameter count 1, async: 0
03-02 10:50:40.995   921   921 D SurfaceFlinger: Focus addInputWindowCommands timestamp=610234509952371, windowName=6009493 com.google.android.googlequicksearchbox/com.google.android.apps.search.assistant.surfaces.voice.robin.ui.floaty.activity.FloatyActivity
03-02 10:50:40.995   843   968 D AHAL_ModuleBluetooth: setVendorParameters: gamebooster=false
03-02 10:50:40.995  1621  1928 W ActivityManagerServiceImpl: Sending non-protected broadcast com.xiaomi.multisence.action.FOCUSED_CHANGE from system 1621:system/1000 pkg android. Callers=com.android.server.am.ActivityManagerService.checkBroadcastFromSystem:16365 com.android.server.am.ActivityManagerService.broadcastIntentLockedTraced:17236 com.android.server.am.ActivityManagerService.broadcastIntentLocked:16425 com.android.server.am.ActivityManagerService.broadcastIntentWithFeature:17459 android.app.ContextImpl.sendBroadcast:1264 
03-02 10:50:41.000   921  1483 D SurfaceFlinger: updateWinowInfo=1, setFocusedWindow timestamp=610234509952371, windowName=6009493 com.google.android.googlequicksearchbox/com.google.android.apps.search.assistant.surfaces.voice.robin.ui.floaty.activity.FloatyActivity
03-02 10:50:41.002  1621  4763 I ClipboardServiceI: checkProviderWakePathForClipboard: primaryClip is null
03-02 10:50:41.004 13966 14007 I djzh    : (REDACTED) isAppDefaultAssistant setting: %s
03-02 10:50:41.004  1621  1651 I ActivityTaskManager: visible for Task{7fe659c #37028 type=standard A=10337:com.softnation.Ojam} visible = true isAnimating = false TRANSITION = false PARENTS = false CHILDREN = false
03-02 10:50:41.005 13966 14007 I djzh    : (REDACTED) isAppDefaultAssistant defaultComponentName: %s
03-02 10:50:41.008 13966 14007 I djzh    : (REDACTED) isAppDefaultAssistant setting: %s
03-02 10:50:41.008 13966 14007 I djzh    : (REDACTED) isAppDefaultAssistant defaultComponentName: %s
03-02 10:50:41.010   921  1587 I BufferQueueDebug: [com.miui.home/com.miui.home.launcher.Launcher#133516](this:0xb400007bcec58f38,id:-1,api:0,p:-1,c:-1) BufferQueue core=(921:/system/bin/surfaceflinger)
03-02 10:50:41.012 13966 14007 I alhs    : CreateCalendarEventExecutor is not enabled.
03-02 10:50:41.013 13966 14007 I alil    : DeleteNoteExecutor is not enabled.
03-02 10:50:41.013  1621  2665 D MiuiRefreshRatePolicy: reset
03-02 10:50:41.015  1621  1894 D GreezeManager:  report signal uid = 10337 pid = 30963is not frozen.
03-02 10:50:41.015 13966 14007 I aljv    : UpdateNoteExecutor is not enabled.
03-02 10:50:41.015 13966 14007 I aljv    : UpdateNoteExecutor is not enabled.
03-02 10:50:41.016  1621  2665 I BLASTSyncEngine: SyncGroup 10150:  Unfinished container:ActivityRecord{9880759 u0 com.miui.home/.launcher.Launcher t2}
03-02 10:50:41.016  1621  2665 I BLASTSyncEngine: isActivitySyncFinished isSyncFinished false ActivityRecord{9880759 u0 com.miui.home/.launcher.Launcher t2}
03-02 10:50:41.017  2363  2363 E StackScroller: updateSidePadding: viewWidth is zero
03-02 10:50:41.017  1621  2665 I WindowManager: Relayout Window{d85ca12 u0 com.miui.home/com.miui.home.launcher.Launcher}: oldVis=8 newVis=0 focusMayChange = true requestedWidth = 1080 requestedHeight = 2460 outFrames = ClientWindowFrames{frame=[0,0][1080,2460] display=[0,0][1080,2460] parentFrame=[0,0][0,0]} outSurfaceControl = Surface(name=com.miui.home/com.miui.home.launcher.Launcher#133516)/@0xf967500
03-02 10:50:41.018 14013 14470 I dwtj    : #onAvailable
03-02 10:50:41.018 13966 14007 I djzh    : (REDACTED) isAppDefaultAssistant setting: %s
03-02 10:50:41.018 13966 14007 I djzh    : (REDACTED) isAppDefaultAssistant defaultComponentName: %s
03-02 10:50:41.019  1999  1999 D BufferQueueConsumer: [](id:7cf00000570,api:0,p:-1,c:1999) connect: controlledByApp=false
03-02 10:50:41.021 13966 14007 I aodf    : #getOobeStatus: OptedIn [CONTEXT ratelimit_period="10 SECONDS" skipped=1 ]
03-02 10:50:41.021 13966 14007 I afze    : (REDACTED) #FCF: Managed profile check status : %s
03-02 10:50:41.022  2363  2363 D HideDeletedFocusController: onNotificationRemoved 8 0|com.softnation.Ojam|1001|null|10337
03-02 10:50:41.023  1999  1999 D BLASTBufferQueue: [VRI[Launcher]#1192](f:0,a:0) constructor()
03-02 10:50:41.023  1999  1999 D BLASTBufferQueue: [VRI[Launcher]#1192](f:0,a:0) update width=1080 height=2460 format=1 mTransformHint=0
03-02 10:50:41.026  1621  1746 I SmartPower: mydiary.journal.diary.diarywithlock.diaryjournal.secretdiary/10374(32531): idle->background(721121ms) R(service create mydiary.journal.diary.diarywithlock.diaryjournal.secretdiary/com.google.android.datatransport.runtime.scheduling.jobscheduling.JobInfoSchedulerService) adj=0.
03-02 10:50:41.027  1621  1856 D ConnectivityService: NetReassign [no changes] [c 0] [a 4] [i 16]
03-02 10:50:41.028  1621  1746 I whetstone.activity: Power Event callback listener is empty for resId=256
03-02 10:50:41.028  1621  1746 D BatteryStatsManagerStub: notifyEvent for resId=256 used 0ms
03-02 10:50:41.029  1621  1651 I ActivityTaskManager: visible for Task{7fe659c #37028 type=standard A=10337:com.softnation.Ojam} visible = true isAnimating = false TRANSITION = false PARENTS = false CHILDREN = false
03-02 10:50:41.032  1621  1651 D WindowManager: Collecting in transition 10150: WallpaperWindowToken{d3319dd token=android.os.Binder@113b9b4} init visibleRequested:false
03-02 10:50:41.032  2363  2363 D MiuiBubbleManager: onEntryRemoved: com.android.systemui.statusbar.notification.collection.NotificationEntry@8c3e3f4
03-02 10:50:41.032  1621  1746 E JobScheduler: ResourceBudgetManagerInternal is null
03-02 10:50:41.034  1621  1651 D WindowManager: Collecting in transition 10150: WallpaperWindowToken{d3319dd token=android.os.Binder@113b9b4} init visibleRequested:false
03-02 10:50:41.035  1621  1651 D WindowManager: Collecting in transition 10150: WallpaperWindowToken{2d6d85a token=android.os.Binder@8dfa005} init visibleRequested:false
03-02 10:50:41.035  1621  1651 D WindowManager: Collecting in transition 10150: WallpaperWindowToken{2d6d85a token=android.os.Binder@8dfa005} init visibleRequested:false
03-02 10:50:41.036  1621  1651 D MiuiRefreshRatePolicy: reset
03-02 10:50:41.038  1621  1842 I MiuiNetworkPolicy: updateUidState uid = 10374, uidState = 8
03-02 10:50:41.039  1621  1651 I BLASTSyncEngine: SyncGroup 10150:  Unfinished container:ActivityRecord{9880759 u0 com.miui.home/.launcher.Launcher t2}
03-02 10:50:41.039  1621  1651 I BLASTSyncEngine: isActivitySyncFinished isSyncFinished false ActivityRecord{9880759 u0 com.miui.home/.launcher.Launcher t2}
03-02 10:50:41.043  1621  1651 D MiuiRefreshRatePolicy: reset
03-02 10:50:41.044  1621  1651 I BLASTSyncEngine: SyncGroup 10150:  Unfinished container:ActivityRecord{9880759 u0 com.miui.home/.launcher.Launcher t2}
03-02 10:50:41.045  1621  1651 I BLASTSyncEngine: isActivitySyncFinished isSyncFinished false ActivityRecord{9880759 u0 com.miui.home/.launcher.Launcher t2}
03-02 10:50:41.052  1621  1651 I WindowManager: wms.showSurfaceRobustly mWin:Window{92602d4 u0 com.miui.miwallpaper.wallpaperservice.ImageWallpaper}
03-02 10:50:41.054  1621  1651 I WindowManager: wms.showSurfaceRobustly mWin:Window{7986e4c u0 com.miui.miwallpaper.wallpaperservice.MiuiKeyguardPictorialWallpaper}
03-02 10:50:41.054  1621  1651 I ActivityTaskManager: visible for Task{7fe659c #37028 type=standard A=10337:com.softnation.Ojam} visible = true isAnimating = false TRANSITION = false PARENTS = false CHILDREN = false
03-02 10:50:41.059  2061  2061 I MiuiWallpaper-MiuiKeyguardPictorialWallpaper: onVisibilityChanged, visible = true, ret=true
03-02 10:50:41.061  2363  2363 E StackScroller: updateSidePadding: viewWidth is zero
03-02 10:50:41.070  1621  1922 I SmartPower: com.google.android.gms/10147(8942): idle->background(233799ms) R(add to whitelist) adj=0.
03-02 10:50:41.071  1141  7637 E IPCThreadState: Binder transaction failure. id: 354371295, BR_*: 29201, error: -1 (Operation not permitted)
03-02 10:50:41.071  1141  7637 W BpBinder: Large or Failed outgoing transaction of 108 bytes, interface descriptor , code 1
03-02 10:50:41.074 13966  4712 D BLASTBufferQueue: [VRI[FloatyActivity]#1](f:0,a:1) acquireNextBufferLocked size=1080x2460 mFrameNumber=1 applyTransaction=true mTimestamp=610234622993294(auto) mPendingTransactions.size=0 graphicBufferId=59983513255948 transform=0
03-02 10:50:41.077 13966 13966 D VRI[FloatyActivity]: vri.reportDrawFinished
03-02 10:50:41.078  1621  1731 D WindowManager: wms.finishDrawingLocked: mDrawState=COMMIT_DRAW_PENDING Window{6009493 u0 com.google.android.googlequicksearchbox/com.google.android.apps.search.assistant.surfaces.voice.robin.ui.floaty.activity.FloatyActivity} in Surface(name=com.google.android.googlequicksearchbox/com.google.android.apps.search.assistant.surfaces.voice.robin.ui.floaty.activity.FloatyActivity#133513)/@0xdb3041b
03-02 10:50:41.079  2061  2061 I MiuiWallpaper-ImageWallpaper: onVisibilityChanged, visible = true, ret=true
03-02 10:50:41.083  1621  2665 W ActivityManagerServiceImpl: Sending non-protected broadcast android.intent.action.APPLICATION_MESSAGE_UPDATE from system 2363:com.android.systemui/1000 pkg com.android.systemui. Callers=
03-02 10:50:41.083  1621  1666 I SmartPower: com.miui.home/10166(1999): idle->background(51926ms) R(broadcast start Intent { act=android.intent.action.APPLICATION_MESSAGE_UPDATE flg=0x10 pkg=com.miui.home (has extras) }) adj=100.
03-02 10:50:41.084  1621  1651 D MiuiRefreshRatePolicy: reset
03-02 10:50:41.088  1621  1651 I BLASTSyncEngine: SyncGroup 10150:  Unfinished container:ActivityRecord{9880759 u0 com.miui.home/.launcher.Launcher t2}
03-02 10:50:41.088  2061 12253 W HWUI    : Surface doesn't have any previously queued frames, nothing to readback from
03-02 10:50:41.088  1621  1651 I BLASTSyncEngine: isActivitySyncFinished isSyncFinished false ActivityRecord{9880759 u0 com.miui.home/.launcher.Launcher t2}
03-02 10:50:41.088  2061 12253 W HWUI    : Surface doesn't have any previously queued frames, nothing to readback from
03-02 10:50:41.094  8942  8942 D BoundBrokerSvc: onBind: Intent { act=com.google.android.gms.inappreach.service.START dat=chimera-action:/... cmp=com.google.android.gms/.chimera.GmsApiService }
03-02 10:50:41.094  1621  1651 D MiuiRefreshRatePolicy: reset
03-02 10:50:41.094   921   921 I BufferQueueProducer: [NavigationBar0#101619](this:0xb400007bced454e8,id:-1,api:0,p:-1,c:921) queueBuffer: fps=0.12 dur=225237.23 max=224803.63 min=16.05
03-02 10:50:41.096  1621  1651 I BLASTSyncEngine: SyncGroup 10150:  Unfinished container:ActivityRecord{9880759 u0 com.miui.home/.launcher.Launcher t2}
03-02 10:50:41.096  1621  1651 I BLASTSyncEngine: isActivitySyncFinished isSyncFinished false ActivityRecord{9880759 u0 com.miui.home/.launcher.Launcher t2}
03-02 10:50:41.097  8942  8942 D BoundBrokerSvc: Loading bound service for intent: Intent { act=com.google.android.gms.inappreach.service.START dat=chimera-action:/... cmp=com.google.android.gms/.chimera.GmsApiService }
03-02 10:50:41.101  1621  1651 I ActivityTaskManager: visible for Task{7fe659c #37028 type=standard A=10337:com.softnation.Ojam} visible = true isAnimating = false TRANSITION = false PARENTS = false CHILDREN = false
03-02 10:50:41.102  1621  1746 I SmartPower: com.google.android.apps.photos/10204(32627): idle->background(320076ms) R(service create com.google.android.apps.photos/com.google.android.libraries.social.mediamonitor.MediaMonitorJobSchedulerService) adj=0.
03-02 10:50:41.104  1621  1842 I MiuiNetworkPolicy: updateUidState uid = 10204, uidState = 8
03-02 10:50:41.108  1621  1746 I whetstone.activity: Power Event callback listener is empty for resId=256
03-02 10:50:41.109  1621  1746 D BatteryStatsManagerStub: notifyEvent for resId=256 used 0ms
03-02 10:50:41.109 13966 13966 I aoik    : Refreshing settings on activity start
03-02 10:50:41.113  1621  1746 E JobScheduler: ResourceBudgetManagerInternal is null
03-02 10:50:41.116 13966 14142 I apaf    : (REDACTED) #TRIGGER_TYPE type is: %s
03-02 10:50:41.116 13966 14142 I apaf    : (REDACTED) #TRIGGER_TYPE islockscreen is: %s
03-02 10:50:41.118  8942  8942 D BoundBrokerSvc: onBind: Intent { act=com.google.android.gms.measurement.START pkg=com.google.android.gms }
03-02 10:50:41.118  8942  8942 D BoundBrokerSvc: Loading bound service for intent: Intent { act=com.google.android.gms.measurement.START pkg=com.google.android.gms }
03-02 10:50:41.119 13966 14009 W aign    : #bnb# Bonobo client flag is not enabled
03-02 10:50:41.119 13966 14009 W aign    : #bnb# Permission status: Not eligible for Bonobo
03-02 10:50:41.120 13966 14009 I allc    : ClockLookupExecutor is not enabled.
03-02 10:50:41.122 13966 14009 I afwc    : (REDACTED) FCF System FeatureName to check: %s
03-02 10:50:41.122 13966 14009 I afwc    : (REDACTED) FCF: Device model check status : %s
03-02 10:50:41.123 13966 14009 I alwd    : (REDACTED) getRequiredCapabilities: Providing screen context, uiSource=%s
03-02 10:50:41.129 13966 13966 I aznq    : (REDACTED) responseState: %s
03-02 10:50:41.129 13966 13966 I alzl    : (REDACTED) User SuwTosStatus: %s
03-02 10:50:41.129 13966 13966 I alzl    : (REDACTED) shouldSkipBannerForRowSuw: %s
03-02 10:50:41.129 13966 13966 I amaf    : Samsung fast track experience disabled (not Samsung device).
03-02 10:50:41.129 13966 13966 I alzl    : Fast track banner was already dismissed.
03-02 10:50:41.130 13966 13966 I asio    : (REDACTED) updateIsFastTrackBannerVisible - isFastTrackBannerVisible : %s
03-02 10:50:41.130 13966 13966 I Ma-Robin-ScreenContextViewModel: (REDACTED) screenContextAttachmentState: %s
03-02 10:50:41.130 13966 13966 I Ma-Robin-ScreenContextViewModel: (REDACTED) buttonVisibilityStatus: %s
03-02 10:50:41.134 13966 14009 I djzh    : (REDACTED) isAppDefaultAssistant setting: %s
03-02 10:50:41.138 13966 14009 I djzh    : (REDACTED) isAppDefaultAssistant defaultComponentName: %s
03-02 10:50:41.139  1621  1746 I SmartPower: com.google.android.apps.nbu.files/10308(32719): idle->background(320099ms) R(service create com.google.android.apps.nbu.files/androidx.work.impl.background.systemjob.SystemJobService) adj=0.
03-02 10:50:41.139 13966 13966 I aydv    : (REDACTED) setDisclaimerVisibility: %s
03-02 10:50:41.144  1621  1746 I whetstone.activity: Power Event callback listener is empty for resId=256
03-02 10:50:41.145  1621  1746 D BatteryStatsManagerStub: notifyEvent for resId=256 used 0ms
03-02 10:50:41.145  1621  1842 I MiuiNetworkPolicy: updateUidState uid = 10308, uidState = 8
03-02 10:50:41.146  1621  1746 W JobServiceContext: Sending onNetworkChanged for a job that isn't started. JobStatus{1bd7c69 #u0a374/452277648 mydiary.journal.diary.diarywithlock.diaryjournal.secretdiary/com.google.android.datatransport.runtime.scheduling.jobscheduling.JobInfoSchedulerService u=0 s=10374 TIME=-2m31s889ms:none NET READY}
03-02 10:50:41.152  1999  1999 D ColorFilter: button width = 110 , button height = 110
03-02 10:50:41.153 13966 13966 I arvn    : Keyboard hidden. Hiding extension suggestions.
03-02 10:50:41.154  1999  1999 D ColorFilter: button width = 135 , button height = 110
03-02 10:50:41.155 13966 13966 I alzl    : (REDACTED) User SuwTosStatus: %s
03-02 10:50:41.155 13966 13966 I alzl    : (REDACTED) shouldSkipBannerForRowSuw: %s
03-02 10:50:41.155 13966 13966 I amaf    : Samsung fast track experience disabled (not Samsung device).
03-02 10:50:41.155  1999  1999 D ColorFilter: button width = 135 , button height = 110
03-02 10:50:41.155 13966 13966 I alzl    : Fast track banner was already dismissed.
03-02 10:50:41.155 13966 13966 I alzl    : (REDACTED) User SuwTosStatus: %s
03-02 10:50:41.155 13966 14009 I djzh    : (REDACTED) isAppDefaultAssistant setting: %s
03-02 10:50:41.156 13966 14009 I djzh    : (REDACTED) isAppDefaultAssistant defaultComponentName: %s
03-02 10:50:41.156  1999  1999 D ColorFilter: button width = 135 , button height = 110
03-02 10:50:41.156 13966 13966 I alzl    : (REDACTED) shouldSkipBannerForRowSuw: %s
03-02 10:50:41.156  1999  1999 D ColorFilter: button width = 135 , button height = 110
03-02 10:50:41.157 13966 13966 I amaf    : Samsung fast track experience disabled (not Samsung device).
03-02 10:50:41.157 13966 13966 I alzl    : Fast track banner was already dismissed.
03-02 10:50:41.157  1999  1999 D ColorFilter: button width = 135 , button height = 110
03-02 10:50:41.157  1999  1999 D ColorFilter: button width = 135 , button height = 110
03-02 10:50:41.159 13966 14009 I djzh    : (REDACTED) isAppDefaultAssistant setting: %s
03-02 10:50:41.159 13966 14009 I djzh    : (REDACTED) isAppDefaultAssistant defaultComponentName: %s
03-02 10:50:41.159  1999  1999 D VRI[Launcher]: vri.reportNextDraw android.view.ViewRootImpl.performTraversals:4984 android.view.ViewRootImpl.doTraversal:3564 android.view.ViewRootImpl$TraversalRunnable.run:11781 android.view.Choreographer$CallbackRecord.run:1804 android.view.Choreographer$CallbackRecord.run:1813 
03-02 10:50:41.160  1999  1999 D VRI[Launcher]: Setup new sync=wmsSync-VRI[Launcher]#10
03-02 10:50:41.165 13966 14009 I alhs    : CreateCalendarEventExecutor is not enabled.
03-02 10:50:41.166 13966 14009 I alil    : DeleteNoteExecutor is not enabled.
03-02 10:50:41.166 13966 14009 I aljv    : UpdateNoteExecutor is not enabled.
03-02 10:50:41.166 13966 14009 I aljv    : UpdateNoteExecutor is not enabled.
03-02 10:50:41.167 13966 14009 I djzh    : (REDACTED) isAppDefaultAssistant setting: %s
03-02 10:50:41.167  1621  1684 W ProcessCpuTracker: Failed to stat(/proc/7524): android.system.ErrnoException: stat failed: ENOENT (No such file or directory)
03-02 10:50:41.168 13966 14009 I djzh    : (REDACTED) isAppDefaultAssistant defaultComponentName: %s
03-02 10:50:41.168  1621  1684 W ProcessCpuTracker: Skipping unknown process pid 7524
03-02 10:50:41.168  1621  1684 W ProcessCpuTracker: Failed to stat(/proc/7526): android.system.ErrnoException: stat failed: ENOENT (No such file or directory)
03-02 10:50:41.168  1621  1684 W ProcessCpuTracker: Skipping unknown process pid 7526
03-02 10:50:41.172  1621  5056 I PowerHalWrapper: amsBoostStop AMS_BOOST_PACK_SWITCH:true, AMS_BOOST_ACT_SWITCH:false, AMS_BOOST_PROCESS_CREATE:false, AMS_BOOST_PROCESS_CREATE_FOR_GAME:false, AMS_BOOST_HOT_LAUNCH:false 
03-02 10:50:41.172 13966 14009 I afze    : (REDACTED) #FCF: Managed profile check status : %s
03-02 10:50:41.173  1999  1999 D DragContainerLayout: dispatch draw with clip rect: null
03-02 10:50:41.173   863   909 I libPowerHal: [mtkPowerHint] hint:22, hold:500, ext:0, ext_hold:0
03-02 10:50:41.177   863   958 I libPowerHal: [perfLockAcq] idx:3 hdl:364598 hint:22 pid:863 tid:863 duration:500 lock_user:vendor.mediatek => ret_hdl:364598
03-02 10:50:41.177   863   958 I libPowerHal: [set_kswapd_affinity] set affinity = 16129
03-02 10:50:41.177   863   958 I libPowerHal: [PE] MTKPOWER_HINT_PACK_SWITCH update ONESHOT(set) cmd:10000700 param:16129 pr:3
03-02 10:50:41.177   863   958 I libPowerHal: [perfLockAcq] Done for hdl : 364598
03-02 10:50:41.180   863   958 I libPowerHal: [perfLockRel] hdl:364597, idx:2
03-02 10:50:41.182   863   958 I libPowerHal: [PD] MTKPOWER_HINT_PACK_SWITCH update ONESHOT(unset) cmd:10000700 param:16129 pr:3
03-02 10:50:41.182   863   958 I libPowerHal: [perfLockRel] Done for hdl : 364597
03-02 10:50:41.183 13966  4809 V ClearcutMetricXmitter: Transmission is done.
03-02 10:50:41.188   894 23088 V AudioPolicyInterfaceImpl: releaseOutput()
03-02 10:50:41.188   894 23088 V audio_utils::mutex: mutex_impl: audio_mutex initialized: ret:0  order:6
03-02 10:50:41.188  1621  2197 I MediaSessionStack: removeSession | record: com.softnation.Ojam/androidx.media3.session.id./80 (userId=0)
03-02 10:50:41.188  1621  2197 D MediaSessionService: Media button session is changed to null
03-02 10:50:41.189  1621  1731 I MediaFocusControl: AudioFocus  removeFocusStackEntryOnDeath(): removing entry for android.os.BinderProxy@1832951
03-02 10:50:41.189  1621  2197 D MediaSessionService: destroySessionLocked: record=com.softnation.Ojam/androidx.media3.session.id./80 (userId=0)
03-02 10:50:41.189  1621  2986 I ImeTracker: com.softnation.Ojam:3bf1087b: onRequestHide at ORIGIN_SERVER reason HIDE_REMOVE_CLIENT fromUser false
03-02 10:50:41.190  1205  1488 E mediaswcodec: unlinkToDeath: removed reference to death recipient but unlink failed: DEAD_OBJECT
03-02 10:50:41.190  6515  8973 D MirrorManager:  sendAcceptInput 0 0
03-02 10:50:41.190  1205  1488 D AidlBufferPool: bufferpool2 0xb400007362c80008 : 3(13824 size) total buffers - 0(0 size) used buffers - 839/843 (recycle/alloc) - 5/843 (fetch/transfer)
03-02 10:50:41.190  1621  1676 D SsruManagerImpl: MiSsru Sensor not init!!!!
03-02 10:50:41.191  1205  2193 D AidlBufferPool: Destruction - bufferpool2 0xb400007362c80008 cached: 0/0M, 0/0% in use; allocs: 843, 100% recycled; transfers: 843, 99% unfetched
03-02 10:50:41.191  1205  2193 E mediaswcodec: unlinkToDeath: removed reference to death recipient but unlink failed: DEAD_OBJECT
03-02 10:50:41.191   894  1284 V AudioPolicyInterfaceImpl: doReleaseOutput from tid 1284
03-02 10:50:41.191   894  1284 D APM_AudioPolicyManager: releaseOutput() output 21, stream 3, session 57425 [uid=10337]
03-02 10:50:41.192  1621  2662 I WindowManager: WIN DEATH: Window{fff1bb3 u0 com.softnation.Ojam/com.softnation.Ojam.MainActivity}
03-02 10:50:41.192   921  1170 D SurfaceFlinger: [SF client] REMOVE (0xb400007caea3cdf0) for (30963:com.softnation.Ojam)
03-02 10:50:41.192  1621  1856 D ConnectivityService: releasing NetworkRequest [ REQUEST id=242181, [ Capabilities: INTERNET&NOT_RESTRICTED&TRUSTED&NOT_VCN_MANAGED&NOT_BANDWIDTH_CONSTRAINED Uid: 10337 RequestorUid: 10337 RequestorPkg: com.softnation.Ojam UnderlyingNetworks: Null] ] (release request)
03-02 10:50:41.192   921  1170 I SurfaceFlinger: onHandleDestroyed: name=Surface(name=5b2ee94 StatusBar#103)/@0xf6cf932 - animation-leash of insets_animation#133478, layerId=133478, parentId=0
03-02 10:50:41.192  1621  2662 W InputManager-JNI: Input channel object 'fff1bb3 com.softnation.Ojam/com.softnation.Ojam.MainActivity (client)' was disposed without first being removed with the input manager!
03-02 10:50:41.192   921  1170 I SurfaceFlinger: onHandleDestroyed: name=Surface(name=77d8129 NavigationBar0#101614)/@0x3faba4f - animation-leash of insets_animation#133490, layerId=133490, parentId=0
03-02 10:50:41.194  1621  2986 I ImeTracker: com.softnation.Ojam:3bf1087b: onCancelled at PHASE_SERVER_SHOULD_HIDE
03-02 10:50:41.194  1124 14471 E mediaserver: unlinkToDeath: removed reference to death recipient but unlink failed: DEAD_OBJECT
03-02 10:50:41.194   894 23088 D audioserver: logFgsApiEnd: FGS Logger Transaction failed, -129
03-02 10:50:41.194  7123  7123 I adbd    : Remote process closed the socket (on MSG_PEEK)
03-02 10:50:41.194  1124 14471 E IPCThreadState: attemptIncStrongHandle(14): Not supported
03-02 10:50:41.195  1205  2193 D AidlBufferPool: bufferpool2 0xb400007362c8b908 : 0(0 size) total buffers - 0(0 size) used buffers - 0/0 (recycle/alloc) - 0/0 (fetch/transfer)
03-02 10:50:41.195  1621  2662 D MiuiRefreshRatePolicy: reset
03-02 10:50:41.195  1205  2193 D AidlBufferPool: Destruction - bufferpool2 0xb400007362c8b908 cached: 0/0M, 0/0% in use; allocs: 0, 0% recycled; transfers: 0, 0% unfetched
03-02 10:50:41.196   921   921 I BufferQueueDebug: [Surface(name=5b2ee94 StatusBar#103)/@0xf6cf932 - animation-leash of insets_animation#133478](this:0xb400007bcec5ea58,id:-1,api:0,p:-1,c:921) onDestructor()
03-02 10:50:41.196  1621  1621 W Looper  : Slow dispatch took 236ms main h=android.app.ActivityThread$H c=android.app.LoadedApk$ReceiverDispatcher$Args$$ExternalSyntheticLambda0@c4c2b7 m=0
03-02 10:50:41.196  1205  2193 E IPCThreadState: attemptIncStrongHandle(5): Not supported
03-02 10:50:41.196   921   921 I BufferQueueDebug: [Surface(name=77d8129 NavigationBar0#101614)/@0x3faba4f - animation-leash of insets_animation#133490](this:0xb400007bcecb13a8,id:-1,api:0,p:-1,c:921) onDestructor()
03-02 10:50:41.196  1621  1621 W Looper  : Slow delivery took 249ms main h=android.app.ActivityThread$H c=android.app.LoadedApk$ReceiverDispatcher$Args$$ExternalSyntheticLambda0@7a4da24 m=0
03-02 10:50:41.197  1621  2662 I BLASTSyncEngine: SyncGroup 10150:  Unfinished container:ActivityRecord{9880759 u0 com.miui.home/.launcher.Launcher t2}
03-02 10:50:41.197  1621  2662 I BLASTSyncEngine: isActivitySyncFinished isSyncFinished false ActivityRecord{9880759 u0 com.miui.home/.launcher.Launcher t2}
03-02 10:50:41.198  1621  1621 W Looper  : Drained
03-02 10:50:41.206 18562 18562 V MediaPlayerList: onActiveSessionsChanged: number of controllers: 0
03-02 10:50:41.206 18562 18562 I PlayerSettingsManager: getPlayerRepeatMode: no active player
03-02 10:50:41.206 18562 18562 I PlayerSettingsManager: getPlayerShuffleMode: no active player
03-02 10:50:41.206 18562 18562 I PlayerSettingsManager: updateRemoteDevice: STATE_REPEAT_OFF, STATE_SHUFFLE_OFF
03-02 10:50:41.206  1999  2551 D BLASTBufferQueue: [VRI[Launcher]#1192](f:0,a:1) acquireNextBufferLocked size=1080x2460 mFrameNumber=1 applyTransaction=true mTimestamp=610234754115371(auto) mPendingTransactions.size=0 graphicBufferId=8585639639022 transform=0
03-02 10:50:41.208  1999  1999 D VRI[Launcher]: vri.reportDrawFinished
03-02 10:50:41.209  1621  4426 W MediaSessionRecord: error unlinking to binder death
03-02 10:50:41.209  1621  4426 W MediaSessionRecord: java.util.NoSuchElementException: Death link does not exist (NAME_NOT_FOUND)
03-02 10:50:41.209  1621  4426 W MediaSessionRecord: 	at android.os.BinderProxy.unlinkToDeathNative(Native Method)
03-02 10:50:41.209  1621  4426 W MediaSessionRecord: 	at android.os.BinderProxy.unlinkToDeath(BinderProxy.java:739)
03-02 10:50:41.209  1621  4426 W MediaSessionRecord: 	at com.android.server.media.MediaSessionRecord$ControllerStub.unregisterCallback(MediaSessionRecord.java:1892)
03-02 10:50:41.209  1621  4426 W MediaSessionRecord: 	at android.media.session.ISessionController$Stub.onTransact(ISessionController.java:392)
03-02 10:50:41.209  1621  4426 W MediaSessionRecord: 	at android.os.Binder.execTransactInternal(Binder.java:1507)
03-02 10:50:41.209  1621  4426 W MediaSessionRecord: 	at android.os.Binder.execTransact(Binder.java:1451)
03-02 10:50:41.210  1621  1856 D ConnectivityService: releasing NetworkRequest [ REQUEST id=242185, [ Capabilities: INTERNET&NOT_RESTRICTED&TRUSTED&NOT_VCN_MANAGED&NOT_BANDWIDTH_CONSTRAINED Uid: 10337 RequestorUid: 10337 RequestorPkg: com.softnation.Ojam UnderlyingNetworks: Null] ] (release request)
03-02 10:50:41.210  1621  1651 I ActivityTaskManager: visible for Task{7fe659c #37028 type=standard A=10337:com.softnation.Ojam} visible = true isAnimating = false TRANSITION = false PARENTS = false CHILDREN = false
03-02 10:50:41.211  1999  1999 D RecentsImpl: mActivityStateObserver com.google.android.apps.search.assistant.surfaces.voice.robin.ui.floaty.activity.FloatyActivity
03-02 10:50:41.211  1999  1999 W RecentsImpl: onResumed className=com.google.android.apps.search.assistant.surfaces.voice.robin.ui.floaty.activity.FloatyActivity   forceUpdate=false   mIsInAnotherPro=false   isKeyguardLocked=false   mIsStatusBarExpansion=false   mSecuritySpaceGuideShown=false
03-02 10:50:41.212  1621  1650 W ActivityManager: setHasOverlayUi called on unknown pid: 30963
03-02 10:50:41.212  1621  2194 D WindowManager: wms.finishDrawingLocked: mDrawState=COMMIT_DRAW_PENDING Window{d85ca12 u0 com.miui.home/com.miui.home.launcher.Launcher} in Surface(name=com.miui.home/com.miui.home.launcher.Launcher#133516)/@0xd3acf83
03-02 10:50:41.213 18562 18562 I bluetooth: avrcp_service.cc:685 SendPlayerSettingsChanged: 
03-02 10:50:41.213 18562 18562 I bluetooth: avrcp_service.cc:699 SendPlayerSettingsChanged: attribute=PlayerAttribute::REPEAT : value=PlayerRepeatValue::OFF
03-02 10:50:41.213 18562 18562 I bluetooth: attribute=PlayerAttribute::SHUFFLE : value=PlayerShuffleValue::OFF
03-02 10:50:41.213 18562 18562 W AudioMediaPlayerWrapper: The session was destroyed com.softnation.Ojam
03-02 10:50:41.214 18562 18562 D MediaPlayerList: sessionUpdatedCallback(): packageName: com.softnation.Ojam
03-02 10:50:41.214  1621  1651 D MiuiRefreshRatePolicy: reset
03-02 10:50:41.215 18562 18562 D MediaPlayerList: sendMediaUpdate
03-02 10:50:41.215 18562 18562 D MediaPlayerList: sendMediaUpdate state=null
03-02 10:50:41.216 18562 18562 D AvrcpTargetService: onMediaUpdated: track_changed=true state=true queue=true
03-02 10:50:41.216 18562 18562 D AvrcpNativeInterface: sendMediaUpdate: metadata=true playStatus=true queue=true
03-02 10:50:41.216 18562 18562 I bluetooth: avrcp_service.cc:648 SendMediaUpdate: track_changed=true :  play_state=true :  queue=true
03-02 10:50:41.216  1621  1668 I libprocessgroup: Removed cgroup /sys/fs/cgroup/uid_10337/pid_30963
03-02 10:50:41.216 18562 18562 I MediaPlayerList: Removing media player com.softnation.Ojam
03-02 10:50:41.216 18562 18562 I AudioMediaPlayerWrapper: clean up
03-02 10:50:41.216 18562 18562 I MediaPlayerList: Recycle player ID.
03-02 10:50:41.217  1999  1999 D UserSceneDetector: invoke error.
03-02 10:50:41.218   835   835 I Zygote  : Process 30963 exited due to signal 9 (Killed)
03-02 10:50:41.218  1999  1999 D TouchInteractionService: onSystemUiFlagsChanged, mSystemUiStateFlags=10020000
03-02 10:50:41.218  1621  1651 I SmartPower: com.miui.home/10166(1999): background->visible(135ms) R(become visible) adj=100.
03-02 10:50:41.219  1621  1651 I WindowManager: wms.showSurfaceRobustly mWin:Window{c20b10a u0 LauncherMinusOneScreen}
03-02 10:50:41.219  1621  1651 I WindowManager: wms.showSurfaceRobustly mWin:Window{ff9cdea u0 LauncherOverlayWindow:com.mi.globalminusscreen}
03-02 10:50:41.219  1621  1651 I WindowManager: wms.showSurfaceRobustly mWin:Window{d85ca12 u0 com.miui.home/com.miui.home.launcher.Launcher}
03-02 10:50:41.220  1621  1651 I SmartPower: com.google.android.googlequicksearchbox:search/10165(13966): invisible->visible(377ms) R(become visible) adj=0.
03-02 10:50:41.220  1621  1651 I WindowManager: wms.showSurfaceRobustly mWin:Window{6009493 u0 com.google.android.googlequicksearchbox/com.google.android.apps.search.assistant.surfaces.voice.robin.ui.floaty.activity.FloatyActivity}
03-02 10:50:41.221  1621  1651 D WindowManager: Final targets: [Task{ba1f32f #37027 type=standard I=com.google.android.googlequicksearchbox/com.google.android.apps.search.assistant.surfaces.voice.robin.ui.floaty.activity.FloatyActivity}, Task{7fe659c #37028 type=standard A=10337:com.softnation.Ojam}, Task{d151cdd #1 type=home}, WallpaperWindowToken{2d6d85a token=android.os.Binder@8dfa005}, WallpaperWindowToken{d3319dd token=android.os.Binder@113b9b4}]
03-02 10:50:41.222   921  2359 I BufferQueueDebug: [Transition Root #10150: Task=37027#133517](this:0xb400007bcec6a098,id:-1,api:0,p:-1,c:-1) BufferQueue core=(921:/system/bin/surfaceflinger)
03-02 10:50:41.225  2363  3215 I ActiveSessionRecord_export-api: onSessionDestroyed
03-02 10:50:41.225  2363  3215 I ActiveAudioSessionManager_export-api: controllerSize:0
03-02 10:50:41.226  8942  7556 D AdvertisingIdClient: AdvertisingIdClient already created.
03-02 10:50:41.226  8942  7556 D AdvertisingIdClient: AdvertisingIdClient is not bounded. Starting to bind it...
03-02 10:50:41.227  2363 19600 I ActiveSessionRecord_export-api: onSessionDestroyed
03-02 10:50:41.227  2363 19600 I ActiveAudioSessionManager_export-api: controllerSize:0
03-02 10:50:41.229  1999 17839 I Launcher.ApplicationsMessage: onReceive true
03-02 10:50:41.229  1999 17839 I Launcher.ApplicationsMessage: update com.softnation.Ojam/ to null
03-02 10:50:41.229  1999  1999 D LauncherClient.Service: service already connected:com.mi.globalminusscreen
03-02 10:50:41.230  1999  1999 D ShortcutIcon: setMessage textnull
03-02 10:50:41.240  2363  2477 I MultiTaskingTaskRepository: needSkip: is home task
03-02 10:50:41.240  2363  2477 W MultiTaskingTaskRepository: putOrUpdateTaskInfo skip
03-02 10:50:41.240  2363  2477 I MultiTaskingTaskRepository: needSkip: is home task
03-02 10:50:41.240  2363  2477 W MultiTaskingTaskRepository: onToBackTransitionReady putOrUpdateTaskInfo skip
03-02 10:50:41.240   863   958 I mtkpower@impl: [powerd_req] TIMER_MSG_PERF_LOCK_TIMEOUT hdl:364596
03-02 10:50:41.240   863   958 I libPowerHal: [perfLockRel] hdl:364596, idx:1
03-02 10:50:41.240   863   958 I libPowerHal: [unsetGPUFreq] current min:0, max:0; scn_gpu_min:0, scn_gpu_max:-1; scn_gpu_min(HL):-1, scn_gpu_max(HL):-1
03-02 10:50:41.240   863   958 I libPowerHal: system_server: set gpu opp level: 31
03-02 10:50:41.241   863   958 I libPowerHal: system_server: set gpu opp level max: 0
03-02 10:50:41.242   863   958 I libPowerHal: [setGPUFreq] Soft min/max = (31, 0); Hard min/max = (31, 0)
03-02 10:50:41.242  2363  2477 D MultiTaskingTaskRepository: addOrMoveFullscreenTaskToTop taskId=37027
03-02 10:50:41.242   863   958 I libPowerHal: [setGPUFreq] final min/max = (31, 0)
03-02 10:50:41.242   863   958 I libPowerHal: system_server: set gpu opp level: 31
03-02 10:50:41.242   863   958 I libPowerHal: system_server: set gpu opp level max: 0
03-02 10:50:41.242  2363  3215 I ActiveAudioSessionManager_export-api: dispatchTopActiveSessionChangeCallbackLocked, size:1
03-02 10:50:41.242  2363  3215 I ActiveAudioSessionManager_export-api: stopPositionCallbackTask
03-02 10:50:41.242  2363  2477 I ShellTransitions: Is abandon offsetY: false
03-02 10:50:41.242   863   958 I libPowerHal: [PD] system_server update cmd:400200 param:-1 pr:6
03-02 10:50:41.242  2363  3215 I ActiveAudioSessionManager_export-api: dispatchSessionsExistsChangeCallbackLocked :false
03-02 10:50:41.242  2363  2477 I ShellTransitions: Is abandon offsetY: false
03-02 10:50:41.242  2363  2477 I ShellTransitions: Is abandon offsetY: false
03-02 10:50:41.243  2363  2477 I ShellTransitions: Is abandon offsetY: false
03-02 10:50:41.243  2363  2477 I ShellTransitions: Is abandon offsetY: false
03-02 10:50:41.243  2363  2477 E KeyguardTransitionHandlerImpl: activityCount = 0
03-02 10:50:41.243  2363  2477 E KeyguardTransitionHandlerImpl: activityCount = 0
03-02 10:50:41.243   863   958 I libPowerHal: [recordCPUFreqInfo] set cluster[0] min(system_server): 1800000 max(-1): -1 cluster[1] min(system_server): 2000000 max(-1): -1
03-02 10:50:41.243   863   958 I libPowerHal: [perfLockRel] Done for hdl : 364596
03-02 10:50:41.244  2363  2477 D MiuiFreeformModeAnimation: startAnimation change: {WCT{android.window.IWindowContainerToken$Stub$Proxy@839195d} m=TO_FRONT f=TRANSLUCENT|MOVE_TO_TOP leash=Surface(name=Task=37027#133407)/@0x3da662b sb=Rect(0, 0 - 1080, 2460) eb=Rect(0, 0 - 1080, 2460) d=0 taskParent=-1} info.getType(): 2
03-02 10:50:41.244  2363  2477 D MiuiFreeformModeAnimation: startAnimation change: {WCT{android.window.IWindowContainerToken$Stub$Proxy@f852d2} m=CLOSE f=NONE leash=Surface(name=Task=37028#133438)/@0xf60ca88 sb=Rect(0, 0 - 1080, 2460) eb=Rect(0, 0 - 1080, 2460) d=0 taskParent=-1} info.getType(): 2
03-02 10:50:41.244  2363  2477 D MiuiFreeformModeAnimation: startAnimation change: {WCT{android.window.IWindowContainerToken$Stub$Proxy@3636fa3} m=TO_FRONT f=SHOW_WALLPAPER leash=Surface(name=Task=1#47)/@0x71bdc21 sb=Rect(0, 0 - 1080, 2460) eb=Rect(0, 0 - 1080, 2460) d=0 taskParent=-1} info.getType(): 2
03-02 10:50:41.244  2363  2477 D MiuiFreeformModeAnimation: startAnimation change: {null m=TO_FRONT f=IS_WALLPAPER leash=Surface(name=WallpaperWindowToken{2d6d85a token=android.os.Binder@8dfa005}#66)/@0x674f846 sb=Rect(0, 0 - 1080, 2460) eb=Rect(0, 0 - 1080, 2460) d=0} info.getType(): 2
03-02 10:50:41.244  2363  2477 D MiuiFreeformModeAnimation: startAnimation change: {null m=TO_FRONT f=IS_WALLPAPER|IS_OCCLUDED leash=Surface(name=WallpaperWindowToken{d3319dd token=android.os.Binder@113b9b4}#64)/@0xf973a07 sb=Rect(0, 0 - 1080, 2460) eb=Rect(0, 0 - 1080, 2460) d=0} info.getType(): 2
03-02 10:50:41.244  2363  2477 D SoScStageCoordinator: inCloseTransition:false pairsStartedWithCloseTransition:false isRequestCloseTriggerTask:false inSingleSoScState:false inSoScUnactivie:true closeStage:null
03-02 10:50:41.246  2363  2477 D TransitionAnimationHelper:  load default animation  type = 2 enter = true animAttr = 16 isTask = true translucent = false
03-02 10:50:41.250  2363  2477 D TransitionAnimationHelper:  load default animation  type = 2 enter = false animAttr = 17 isTask = true translucent = false
03-02 10:50:41.250  2363 19600 I ActiveAudioSessionManager_export-api: dispatchTopActiveSessionChangeCallbackLocked, size:1
03-02 10:50:41.250  2363 19600 I GlobalMiPlayAudioManager: onActiveAudioSessionChange activeSession is null
03-02 10:50:41.250  2363 19600 D MiCastSDKImpl: setPlaybackState state -999
03-02 10:50:41.250  2363 19600 I GlobalMiPlayAudioManager: dispatchCallback, what, 1
03-02 10:50:41.250  2363 19600 I ActiveAudioSessionManager_export-api: stopPositionCallbackTask
03-02 10:50:41.250  2363 19600 I ActiveAudioSessionManager_export-api: dispatchSessionsExistsChangeCallbackLocked :false
03-02 10:50:41.250  2363 19600 I MiPlayServiceAdapter: markSessionKilled
03-02 10:50:41.252 19603 19603 W MultiDeviceManager: setPlaybackState state -999
03-02 10:50:41.252 19603 19603 I CastDeviceManager: setPlaybackState: state -999
03-02 10:50:41.252  2363  2477 D TransitionAnimationHelper:  load default animation  type = 2 enter = true animAttr = 16 isTask = true translucent = false
03-02 10:50:41.252 19603 19603 W CastDeviceManager: setPlaybackState: castSession is null return
03-02 10:50:41.252  1621  1651 D WindowManager: snapshot isNothing = false source = Task{7fe659c #37028 type=standard A=10337:com.softnation.Ojam}
03-02 10:50:41.252  2363  2363 D MiPlayDetailViewModel: onActiveAudioSessionChange(): audioSessionList?.size =0
03-02 10:50:41.252  2363  2363 D MiPlayController: miplay service state invalid = 0
03-02 10:50:41.253  2363  2363 D MiPlayDetailViewModel: isMiuiMusic:false null,releaseVersion:1
03-02 10:50:41.253  2363  2363 D MiPlayDetailViewModel: updateAudioSession true
03-02 10:50:41.255  1621  1651 D MiuiRefreshRatePolicy: reset
03-02 10:50:41.257  2363  2540 D ShellTransitions: speed ui!!!!!!!!!!!
03-02 10:50:41.258  2363  2477 I MultiTaskingTaskRepository: needSkip: is home task
03-02 10:50:41.259  2363  2477 D MiuiFreeformModeController: onFocusTaskChanged taskInfo: TaskInfo{userId=0 taskId=1 displayId=0 isRunning=true baseIntent=Intent { act=android.intent.action.MAIN cat=[android.intent.category.HOME] flg=0x10000100 cmp=com.miui.home/.launcher.Launcher } baseActivity=ComponentInfo{com.miui.home/com.miui.home.launcher.Launcher} topActivity=ComponentInfo{com.miui.home/com.miui.home.launcher.Launcher} origActivity=null realActivity=null numActivities=1 lastActiveTime=42083 supportsSplitScreenMultiWindow=true supportsMultiWindow=true resizeMode=2 isResizeable=true minWidth=-1 minHeight=-1 defaultMinSize=200 token=WCT{android.window.IWindowContainerToken$Stub$Proxy@f823cfc} topActivityType=2 pictureInPictureParams=null shouldDockBigOverlays=false launchIntoPipHostTaskId=-1 lastParentTaskIdBeforePip=-1 displayCutoutSafeInsets=null topActivityInfo=ActivityInfo{ff0ef85 com.miui.home.launcher.Launcher} launchCookies=[] positionInParent=Point(0, 0) parentTaskId=-1 isFocused=false isVisible=true isVisibleRequested=true isSleeping=false locusId=null displayAreaFeatureId=1 isTopActivityTransparent=false appCompatTaskInfo=AppCompatTaskInfo { topActivityInSizeCompat=false topActivityEligibleForLetterboxEducation= falseisLetterboxEducationEnabled= false isLetterboxDoubleTapEnabled= false topActivityEligibleForUserAspectRatioButton= false topActivityBoundsLetterboxed= false isFromLetterboxDoubleTap= false topActivityLetterboxVerticalPosition= -1 topActivityLetterboxHorizontalPosition= -1 topActivityLetterboxWidth=1080 topActivityLetterboxHeight=2460 isUserFullscreenOverrideEnabled=false isSystemFullscreenOverrideEnabled=false cameraCompatTaskInfo=CameraCompatTaskInfo { cameraCompatControlState=hidden freeformCameraCompatMode=inactive}} isImmersive=false mTopActivityRequestOrientation=-2 mBehindAppLockPkg=null mOriginatingUid=0 isEmbedded=false shouldBeVisible=true mIsCastMode=false mTopActivityMediaSize=null mTopActivityRecordName=ActivityRecord{9880759 u0 com.miui.home/.launcher.Launcher t2} mTopActivityOrientation=1}
03-02 10:50:41.259   921  1166 I BufferQueueDebug: [b724b3 ActivityRecordInputSink com.miui.home/.launcher.Launcher#133518](this:0xb400007bcecb13a8,id:-1,api:0,p:-1,c:-1) BufferQueue core=(921:/system/bin/surfaceflinger)
03-02 10:50:41.259  2363  2477 D MultiTaskingTaskRepository: addOrMoveFullscreenTaskToTop taskId=37027
03-02 10:50:41.259  2363  2477 D MiuiFreeformModeCornerTipHandler: task#37027 onTaskVanished
03-02 10:50:41.259  2363  2477 I MiuiBubbleController: removeBubble: 37027 reason=2
03-02 10:50:41.259  2363  2477 I MultiTaskingTaskRepository: onTaskInfoChanged multi list = [5, 4], full = [37027, 37028, 37019, 36980]
03-02 10:50:41.260  1621  1651 I ActivityTaskManager: visible for Task{27e6aff #2 type=home I=com.miui.home/.launcher.Launcher} visible = true isAnimating = false TRANSITION = false PARENTS = false CHILDREN = false
03-02 10:50:41.260  1999 29002 D EventBus: No subscribers registered for event class com.miui.home.recents.messages.RecentTasksChangedEvent
03-02 10:50:41.260  1999 29002 D EventBus: No subscribers registered for event class org.greenrobot.eventbus.NoSubscriberEvent
