03-02 10:50:44.119  1043  7596 W libc    : Access denied finding property "ro.vendor.display.iris_x7.support"
03-02 10:50:44.125  1043  1043 I ForceDarkHelperStubImpl: setViewRootImplForceDark: false for com.softnation.Ojam.MainActivity@db08fa, reason: AppDarkModeEnable
03-02 10:50:44.125  1043  1043 D VRI[MainActivity]: hardware acceleration = true, forceHwAccelerated = false
03-02 10:50:44.128   921  1166 D SurfaceFlinger: [SF client] NEW(0xb400007caea59860) for (1621:system_server)
03-02 10:50:44.130   921  1166 I BufferQueueDebug: [34c6cc6 com.softnation.Ojam/com.softnation.Ojam.MainActivity#133530](this:0xb400007bcec756d8,id:-1,api:0,p:-1,c:-1) BufferQueue core=(921:/system/bin/surfaceflinger)
03-02 10:50:44.135  1621  1651 I ActivityTaskManager: visible for Task{9af9323 #37029 type=standard A=10337:com.softnation.Ojam} visible = true isAnimating = false TRANSITION = false PARENTS = false CHILDREN = false
03-02 10:50:44.138  2363  2477 D MiuiFreeformModeCornerTipHandler: task#37027 onTaskVanished
03-02 10:50:44.138  2363  2477 I MiuiBubbleController: removeBubble: 37027 reason=2
03-02 10:50:44.138  2363  2477 I MultiTaskingTaskInfo: before call clearMaskControl task id = 37027, CoverLayerController = null, callers=com.android.wm.shell.multitasking.taskmanager.MultiTaskingTaskListener.onTaskInfoChanged:268 com.android.wm.shell.ShellTaskOrganizer.onTaskInfoChanged:145 android.window.TaskOrganizer$1.lambda$onTaskInfoChanged$7:322 android.window.TaskOrganizer$1.$r8$lambda$WEHIPeFifg1My6LbK9dElRxchX4:0 android.window.TaskOrganizer$1$$ExternalSyntheticLambda7.run:0 
03-02 10:50:44.138  2363  2477 I MultiTaskingTaskRepository: onTaskInfoChanged multi list = [5, 4], full = [37029, 37027, 37019, 36980]
03-02 10:50:44.138  2363  2477 D MultiTaskingTaskRepository: addOrMoveFullscreenTaskToTop taskId=37029
03-02 10:50:44.139  2363  2477 D MiuiFreeformModeCornerTipHandler: task#37029 onTaskVanished
03-02 10:50:44.139  2363  2477 I MiuiBubbleController: removeBubble: 37029 reason=2
03-02 10:50:44.139  2363  2477 I MultiTaskingTaskRepository: onTaskInfoChanged multi list = [5, 4], full = [37029, 37027, 37019, 36980]
03-02 10:50:44.139  2363  2477 D MiuiFreeformModeController: onFocusTaskChanged taskInfo: TaskInfo{userId=0 taskId=37029 displayId=0 isRunning=true baseIntent=Intent { flg=0x10000000 cmp=com.softnation.Ojam/.MainActivity } baseActivity=ComponentInfo{com.softnation.Ojam/com.softnation.Ojam.MainActivity} topActivity=ComponentInfo{com.softnation.Ojam/com.softnation.Ojam.MainActivity} origActivity=null realActivity=ComponentInfo{com.softnation.Ojam/com.softnation.Ojam.MainActivity} numActivities=1 lastActiveTime=1028003095 supportsSplitScreenMultiWindow=true supportsMultiWindow=true resizeMode=1 isResizeable=true minWidth=-1 minHeight=-1 defaultMinSize=200 token=WCT{android.window.IWindowContainerToken$Stub$Proxy@2b9aeb7} topActivityType=1 pictureInPictureParams=null shouldDockBigOverlays=false launchIntoPipHostTaskId=-1 lastParentTaskIdBeforePip=-1 displayCutoutSafeInsets=null topActivityInfo=ActivityInfo{4d55624 com.softnation.Ojam.MainActivity} launchCookies=[] positionInParent=Point(0, 0) parentTaskId=-1 isFocused=true isVisible=true isVisibleRequested=true isSleeping=false locusId=null displayAreaFeatureId=1 isTopActivityTransparent=false appCompatTaskInfo=AppCompatTaskInfo { topActivityInSizeCompat=false topActivityEligibleForLetterboxEducation= falseisLetterboxEducationEnabled= false isLetterboxDoubleTapEnabled= false topActivityEligibleForUserAspectRatioButton= false topActivityBoundsLetterboxed= false isFromLetterboxDoubleTap= false topActivityLetterboxVerticalPosition= -1 topActivityLetterboxHorizontalPosition= -1 topActivityLetterboxWidth=1080 topActivityLetterboxHeight=2460 isUserFullscreenOverrideEnabled=false isSystemFullscreenOverrideEnabled=false cameraCompatTaskInfo=CameraCompatTaskInfo { cameraCompatControlState=hidden freeformCameraCompatMode=inactive}} isImmersive=false mTopActivityRequestOrientation=1 mBehindAppLockPkg=null mOriginatingUid=0 isEmbedded=false shouldBeVisible=true mIsCastMode=false mTopActivityMediaSize=null mTopActivityRecordName=ActivityRecord{96cb0dd u0 com.softnation.Ojam/.MainActivity t37029} mTopActivityOrientation=1}
03-02 10:50:44.139  1621  1922 I SmartPower: com.google.android.apps.nbu.files/10308(32719): background->idle(3000ms) R(service create com.google.android.apps.nbu.files/androidx.work.impl.background.systemjob.SystemJobService) adj=250.
03-02 10:50:44.140  1621  2665 I ATMSImpl: cacheTasksForDefaultDisplay size=5
03-02 10:50:44.144  1043  1043 D InputEventReceiver: Input log is disabled in InputEventReceiver.
03-02 10:50:44.146  1999  1999 D RecentsImpl: mActivityStateObserver com.softnation.Ojam.MainActivity
03-02 10:50:44.146  1999  1999 W RecentsImpl: onResumed className=com.softnation.Ojam.MainActivity   forceUpdate=false   mIsInAnotherPro=false   isKeyguardLocked=false   mIsStatusBarExpansion=false   mSecuritySpaceGuideShown=false
03-02 10:50:44.147  1043  1043 W Looper  : PerfMonitor looperActivity : package=com.softnation.Ojam/.MainActivity time=0ms latency=470ms  procState=-1  historyMsgCount=5 (msgIndex=1 wall=1605ms seq=3 late=11ms h=android.app.ActivityThread$H w=110) (msgIndex=5 wall=433ms seq=7 late=35ms h=android.app.ActivityThread$H w=159)
03-02 10:50:44.180   921  1166 D SurfaceFlinger: [SF client] NEW(0xb400007caea06b20) for (1043:com.softnation.Ojam)
03-02 10:50:44.183  1043  1043 D MiuiCameraCoveredManager: java.lang.NullPointerException: Attempt to invoke virtual method 'java.lang.String android.provider.MiuiSettings$SettingsCloudData$CloudData.getString(java.lang.String, java.lang.String)' on a null object reference
03-02 10:50:44.185  1043  7596 W libc    : Access denied finding property "ro.vendor.display.iris_x7.support"
03-02 10:50:44.186  1043  1043 I ForceDarkHelperStubImpl: setViewRootImplForceDark: false for com.softnation.Ojam.MainActivity@db08fa, reason: AppDarkModeEnable
03-02 10:50:44.186  1043  1043 D VRI[PopupWindow:f058517]: hardware acceleration = true, forceHwAccelerated = false
03-02 10:50:44.187  1621  4238 W WindowManager: Failed looking up window session=null callers=com.android.server.wm.WindowManagerService.addWindow:1875 com.android.server.wm.Session.addToDisplayAsUser:280 android.view.IWindowSession$Stub.onTransact:697 
03-02 10:50:44.188  1621  4238 W WindowManager: Attempted to add window with token that is not a window: null.  Aborting.
03-02 10:50:44.191  1043  1043 E unknown:ReactNative: Unable to display loading message because react activity isn't active, message: Loading from localhost:8081ΓÇª
03-02 10:50:44.193  1043  1043 D DecorViewImmersiveImpl: onAttachedToWindow:com.softnation.Ojam/com.softnation.Ojam.MainActivity
03-02 10:50:44.203  1621  4238 D CoreBackPreview: Window{34c6cc6 u0 com.softnation.Ojam/com.softnation.Ojam.MainActivity}: Setting back callback OnBackInvokedCallbackInfo{mCallback=android.window.IOnBackInvokedCallback$Stub$Proxy@b008de4, mPriority=0, mIsAnimationCallback=false}
03-02 10:50:44.209   921  1166 I BufferQueueDebug: [com.softnation.Ojam/com.softnation.Ojam.MainActivity#133531](this:0xb400007bcec561a8,id:-1,api:0,p:-1,c:-1) BufferQueue core=(921:/system/bin/surfaceflinger)
03-02 10:50:44.212  1621  4238 D MiuiRefreshRatePolicy: reset
03-02 10:50:44.214  1621  4238 W WindowManager: Changing focus from null to Window{34c6cc6 u0 com.softnation.Ojam/com.softnation.Ojam.MainActivity} displayId=0 Callers=com.android.server.wm.RootWindowContainer.updateFocusedWindowLocked:602 com.android.server.wm.WindowManagerService.updateFocusedWindowLocked:7168 com.android.server.wm.WindowManagerService.relayoutWindowInner:3076 com.android.server.wm.WindowManagerService.relayoutWindow:2724 
03-02 10:50:44.214  1621  4238 I whetstone.activity: Power Event callback listener is empty for resId=32
03-02 10:50:44.214  1621  4238 D BatteryStatsManagerStub: notifyEvent for resId=32 used 0ms
03-02 10:50:44.215   921  1166 I BufferQueueDebug: [Surface(name=5b2ee94 StatusBar#103)/@0xf6cf932 - animation-leash of insets_animation#133532](this:0xb400007bceca8af8,id:-1,api:0,p:-1,c:-1) BufferQueue core=(921:/system/bin/surfaceflinger)
03-02 10:50:44.216   921  1170 I BufferQueueDebug: [Surface(name=77d8129 NavigationBar0#101614)/@0x3faba4f - animation-leash of insets_animation#133533](this:0xb400007bcecbf778,id:-1,api:0,p:-1,c:-1) BufferQueue core=(921:/system/bin/surfaceflinger)
03-02 10:50:44.218  1621  4238 D WindowManager: wms.Input focus has changed to Window{34c6cc6 u0 com.softnation.Ojam/com.softnation.Ojam.MainActivity} display=0 updateInputWindows = true
03-02 10:50:44.218  1621  4238 I MultiSenceManagerInternalStub: getInstance
03-02 10:50:44.218  1621  1928 I MultiSenceManagerInternalStubImpl: packageName = com.softnation.Ojam
03-02 10:50:44.219  1621  4238 I WindowManager: Relayout Window{34c6cc6 u0 com.softnation.Ojam/com.softnation.Ojam.MainActivity}: oldVis=4 newVis=0 focusMayChange = true requestedWidth = 1080 requestedHeight = 2460 outFrames = ClientWindowFrames{frame=[0,0][1080,2460] display=[0,0][1080,2460] parentFrame=[0,0][0,0]} outSurfaceControl = Surface(name=com.softnation.Ojam/com.softnation.Ojam.MainActivity#133531)/@0x32aa450
03-02 10:50:44.219  1621  1928 W ContextImpl: Calling a method in the system process without a qualified user: android.app.ContextImpl.sendBroadcast:1260 com.android.server.wm.MultiSenceManagerInternalStubImpl.sendFocusWindowsBroadcast:148 com.android.server.wm.MultiSenceManagerInternalStubImpl$UpdateScreenStatus.run:98 android.os.Handler.handleCallback:959 android.os.Handler.dispatchMessage:100 
03-02 10:50:44.219  1621  1928 W ActivityManagerServiceImpl: Sending non-protected broadcast com.xiaomi.multisence.action.FOCUSED_CHANGE from system 1621:system/1000 pkg android. Callers=com.android.server.am.ActivityManagerService.checkBroadcastFromSystem:16365 com.android.server.am.ActivityManagerService.broadcastIntentLockedTraced:17236 com.android.server.am.ActivityManagerService.broadcastIntentLocked:16425 com.android.server.am.ActivityManagerService.broadcastIntentWithFeature:17459 android.app.ContextImpl.sendBroadcast:1264 
03-02 10:50:44.222  1043  1043 D BufferQueueConsumer: [](id:41300000000,api:0,p:-1,c:1043) connect: controlledByApp=false
03-02 10:50:44.224  1043  1043 D BLASTBufferQueue: [VRI[MainActivity]#0](f:0,a:0) constructor()
03-02 10:50:44.224  1043  1043 D BLASTBufferQueue: [VRI[MainActivity]#0](f:0,a:0) update width=1080 height=2460 format=-1 mTransformHint=0
03-02 10:50:44.233  1043  1043 D VRI[MainActivity]: vri.reportNextDraw android.view.ViewRootImpl.performTraversals:4984 android.view.ViewRootImpl.doTraversal:3564 android.view.ViewRootImpl$TraversalRunnable.run:11781 android.view.Choreographer$CallbackRecord.run:1804 android.view.Choreographer$CallbackRecord.run:1813 
03-02 10:50:44.235  1621  1651 I ActivityTaskManager: visible for Task{9af9323 #37029 type=standard A=10337:com.softnation.Ojam} visible = true isAnimating = false TRANSITION = false PARENTS = false CHILDREN = false
03-02 10:50:44.236  1621  1651 D SurfaceComposerClient: Transaction::apply InputWindowCommands.focusRequests timestamp=610237768661218, windowName=34c6cc6 com.softnation.Ojam/com.softnation.Ojam.MainActivity
03-02 10:50:44.253   921   921 D SurfaceFlinger: Focus addInputWindowCommands timestamp=610237768661218, windowName=34c6cc6 com.softnation.Ojam/com.softnation.Ojam.MainActivity
03-02 10:50:44.254   921   921 I SurfaceFlinger: onHandleDestroyed: name=Surface(name=77d8129 NavigationBar0#101614)/@0x3faba4f - animation-leash of insets_animation#133528, layerId=133528, parentId=0
03-02 10:50:44.254   921   921 I SurfaceFlinger: onHandleDestroyed: name=Surface(name=5b2ee94 StatusBar#103)/@0xf6cf932 - animation-leash of insets_animation#133527, layerId=133527, parentId=0
03-02 10:50:44.257   921  1483 D SurfaceFlinger: updateWinowInfo=1, setFocusedWindow timestamp=610237768661218, windowName=34c6cc6 com.softnation.Ojam/com.softnation.Ojam.MainActivity
03-02 10:50:44.270   921   921 I BufferQueueDebug: [Surface(name=5b2ee94 StatusBar#103)/@0xf6cf932 - animation-leash of insets_animation#133527](this:0xb400007bcec64578,id:-1,api:0,p:-1,c:921) onDestructor()
03-02 10:50:44.270   921   921 I BufferQueueDebug: [Surface(name=77d8129 NavigationBar0#101614)/@0x3faba4f - animation-leash of insets_animation#133528](this:0xb400007bcecc5298,id:-1,api:0,p:-1,c:921) onDestructor()
03-02 10:50:44.272  1141  7637 E IPCThreadState: Binder transaction failure. id: 354378847, BR_*: 29201, error: -1 (Operation not permitted)
03-02 10:50:44.272  1141  7637 W BpBinder: Large or Failed outgoing transaction of 108 bytes, interface descriptor , code 1
03-02 10:50:44.277  1621  5056 D AS.BtHelper: isBluetoothScoOn() mBluetoothHeadset is null: falsemBluetoothHeadsetDevice is null: true
03-02 10:50:44.277  1621  5056 V AS.AudioDeviceBroker: requestedCommunicationDevice: null mAudioModeOwner: AudioModeInfo: mMode=MODE_NORMAL, mPid=0, mUid=0
03-02 10:50:44.277  1621  5056 D AS.BtHelper: isBluetoothScoOn() mBluetoothHeadset is null: falsemBluetoothHeadsetDevice is null: true
03-02 10:50:44.277  1621  5056 V AS.AudioDeviceBroker: requestedCommunicationDevice: null mAudioModeOwner: AudioModeInfo: mMode=MODE_NORMAL, mPid=0, mUid=0
03-02 10:50:44.297  1621  4238 D ActivityManager: getProcessesInErrorState callingUid=10126, CallingPid=31485
03-02 10:50:44.403   849  1430 I hwcomposer: [HWC] (0)fire a callback of refresh to SF[4]  
03-02 10:50:44.424   921   921 I BufferQueueProducer: [FramebufferSurface](this:0xb400007d8e9dff50,id:-1,api:1,p:921,c:921) queueBuffer: fps=7.15 dur=2098.55 max=1864.53 min=14.76
03-02 10:50:44.427   921   921 I MI-SF   : surfaceflinger setAffinity mode=1
03-02 10:50:44.427   921   921 E MI-SF   : surfaceflinger setAffinity success
03-02 10:50:44.427   921   921 I MI-SF   : surfaceflinger setreAffinity reTid=1207
03-02 10:50:44.427   921   921 E MI-SF   : surfaceflinger setAffinity success
03-02 10:50:44.439  1621  1922 I SmartPower: com.milink.service:audio/10190(19603): background->idle(3000ms) R(broadcast start Intent { act=android.intent.action.PACKAGE_RESTARTED dat=package: flg=0x4000010 (has extras) }) adj=250.
03-02 10:50:44.478  1167  1167 I thermal_repeater: [recvMdThermalInfo] ret=25, strLen=127,  3, 36, -7, 196, 32767, 0
03-02 10:50:44.600  1621  5056 I ClipboardServiceI: checkProviderWakePathForClipboard: primaryClip is null
03-02 10:50:44.604 27809 28201 I FontLog : (REDACTED) Received query %s, URI %s
03-02 10:50:44.604 27809 28201 I FontLog : (REDACTED) Query [%s] resolved to %s
03-02 10:50:44.607 27809 28201 I FontLog : (REDACTED) Fetch %s end status %s
03-02 10:50:44.613 27809  1501 I FontLog : (REDACTED) Pulling font file for id = %d, cache size = %d
03-02 10:50:44.619 27809  1501 I FontLog : (REDACTED) Pulling font file for id = %d, cache size = %d
03-02 10:50:44.853   863   935 I ExtendedUtils: [timer_thread_start] epoll wait thread while start
03-02 10:50:44.854   863   935 I ExtendedPerfBoost: [restore_callback_expires] thermalbreak callback
03-02 10:50:44.854   863   935 I ExtendedPerfBoost: [triggerList_update] del one node to freelist
03-02 10:50:44.854   863   935 I ExtendedPerfBoost: [triggerList_update] now trigger boost:0  info
03-02 10:50:44.854   863   935 I ExtendedPerfBoost: [trig_thermalbreak] curr target time is same last target time
03-02 10:50:44.854   863   935 I ExtendedPerfBoost: [setThermalBreak] [setThermalBreak] : boost:0
03-02 10:50:44.883   835   835 I zygote  : Delayed USAP Pool refill. New USAPs: 1
03-02 10:50:44.895  1177  1177 I thermal_src: recvmsg_expect 4, but get 2 
03-02 10:50:44.896  1177  1177 V thermal_src: TA_DAEMON_CMD_SET_TTJ:ERROR ret=-1
03-02 10:50:44.896  1177  1177 E thermal_src: set_ttj_to_kernel 1:error -1
03-02 10:50:44.896  1177  1177 I thermal_src: recvmsg_expect 2, but get 4 
03-02 10:50:44.896  1177  1177 V thermal_src: waiting NOTIFY from kernel miss, -1
03-02 10:50:44.900   861   947 I libPerfCtl: xgfGetFPS pid:2363 fps:-1
03-02 10:50:44.902  1159  1606 D ULogGuard: Monitoring: 18 threads, 0 requests, 0 time-bombs; 1 guards. ResetFlags = 0x7
03-02 10:50:44.908   835   835 D Zygote  : Forked child process 7645
03-02 10:50:44.913  1201  1298 D AALLightSensor: oldLux=30 [SA:-1 LA:-1] newLux=30 (oriLux: 30)
03-02 10:50:44.957  1621  1621 D UiModeManager: updateConfigurationLocked: mDockState=0; mCarMode=false; mCar=false; mPowerSave=false; mOverrideNightModeOn=false; mOverrideNightModeOff=false; mComputedNightMode=true; mNightModeValue=2; uiMode=42
03-02 10:50:44.960  3510  3510 W libc    : Unable to set property "persist.vendor.accelerate.charge" to "false": PROP_ERROR_PERMISSION_DENIED (0x18)
03-02 10:50:44.962  6027  6027 I PowerSaveService: onReceive: android.intent.action.BATTERY_CHANGED
03-02 10:50:44.963  6515  8177 D PowerCheckerService: onBatteryChanged, mBatteryLevel = 44, status = 2, level = 44, plug = 2, scale = 100
03-02 10:50:44.963  6515  6997 I ProcAudioPowerManager: onBatteryChanged, onBattery is false
03-02 10:50:44.963  6515  6997 D PowerKeeper.FrozenApp: onBatteryChanged plug=true mBatteryPlugged=2
03-02 10:50:44.964  6515  8142 D PowerKeeper.Thermal: mBatteryTemperature: 40
03-02 10:50:44.966  6027  6027 I PowerNoticeUI: handleBatteryChanged oldPlugType 2 mPlugType 2 oldBatteryLevel 44 mBatteryLevel 44 temperature 400
03-02 10:50:44.966  6027  6027 I ChargerBatteryIntelligenceReceiver: onBatteryChanged temperature∩╝Ü40,plugType:2
03-02 10:50:44.967  6027  6027 D BaseChargeProtect_HighTemp: mCountByMinute:0,isScreenOn:true
03-02 10:50:44.969  6027  6027 I android_os_HwBinder: HwBinder: Starting thread pool for getting: vendor.xiaomi.hardware.micharge@1.0::IMiCharge/default
03-02 10:50:44.971   872   908 I vendor.xiaomi.hardware.micharge@1.0-service: ReadFilePathValue path = /sys/class/power_supply/usb/real_type value = USB
03-02 10:50:44.972  6027  6027 I IMiChargeUtils: getIMiChargeStringValue method:getBatteryChargeType,value:USB
03-02 10:50:44.972  6027  6027 I IMiChargeUtils: getBatteryChargeType : USB
03-02 10:50:44.972  6027  6027 I ChargeTimeUtilsV2: chargeType:USB
03-02 10:50:44.972  6027  6027 I PowerFeatureUtils: getVendorName:mediatek
03-02 10:50:44.972  6027  6027 I PowerFeatureUtils: getVendorName:mediatek
03-02 10:50:45.153  1043  7573 I softnation.Ojam: Compiler allocated 6783KB to compile void android.view.ViewRootImpl.performTraversals()
03-02 10:50:45.156  2350  2350 W Settings: Setting airplane_mode_on has moved from android.provider.Settings.System to android.provider.Settings.Global, returning read-only value.
03-02 10:50:45.159  2350  2350 W Settings: Setting airplane_mode_on has moved from android.provider.Settings.System to android.provider.Settings.Global, returning read-only value.
03-02 10:50:45.161  2350 29580 D NetworkSpeedTracker: updateNwSignalInfo not allowed ,ignore
03-02 10:50:45.164  2350 29580 D NetworkSpeedTracker: updateNwSignalInfo not allowed ,ignore
03-02 10:50:45.224  1621  1842 I MiuiNetworkPolicy: updateUidState uid = 10304, uidState = 19
03-02 10:50:45.224  6515  6997 D UidObserver: onUidIdle uid=10304 uidstate=100
03-02 10:50:45.240  1621  1912 D HyperStabilitySdkService: checkDmabufStatus done, exceedLimitsList:[], totalDmabufSize:0
03-02 10:50:45.272  6515  6997 D UidObserver: onUidIdle uid=10217 uidstate=100
03-02 10:50:45.280  1621  5056 D AS.BtHelper: isBluetoothScoOn() mBluetoothHeadset is null: falsemBluetoothHeadsetDevice is null: true
03-02 10:50:45.280  1621  5056 V AS.AudioDeviceBroker: requestedCommunicationDevice: null mAudioModeOwner: AudioModeInfo: mMode=MODE_NORMAL, mPid=0, mUid=0
03-02 10:50:45.280  1621  5056 D AS.BtHelper: isBluetoothScoOn() mBluetoothHeadset is null: falsemBluetoothHeadsetDevice is null: true
03-02 10:50:45.281  1621  5056 V AS.AudioDeviceBroker: requestedCommunicationDevice: null mAudioModeOwner: AudioModeInfo: mMode=MODE_NORMAL, mPid=0, mUid=0
03-02 10:50:45.307  1621  5056 W UriGrantsManagerService: No permission grants found for com.google.android.apps.photos
03-02 10:50:45.308  1621  5056 W UriGrantsManagerService: No permission grants found for com.google.android.apps.photos
03-02 10:50:45.345 31107 31419 E msys    : E[N mns]_OnDiskCacheGetData(632)=>Start post callback cache refresh DNS resolution
03-02 10:50:45.351 31107 31419 E msys    : E[N mns]_LogError(228)=>Failed to resolve using system DNS resolver, getaddrinfo(): No address associated with hostname
03-02 10:50:45.443  1621  4238 W UriGrantsManagerService: No permission grants found for com.google.android.apps.photos
03-02 10:50:45.444  1621  4238 W UriGrantsManagerService: No permission grants found for com.google.android.apps.photos
03-02 10:50:45.448  1621  1666 I SmartPower: com.whatsapp/10300(31638): idle->background(2040ms) R(broadcast start Intent { act=android.intent.action.BATTERY_CHANGED flg=0x60000010 (has extras) }) adj=905.
03-02 10:50:45.449  1621  1666 I SmartPower: com.android.chrome/10174(23296): idle->background(2040ms) R(broadcast start Intent { act=android.intent.action.BATTERY_CHANGED flg=0x60000010 (has extras) }) adj=925.
03-02 10:50:45.451  1621  1666 I SmartPower: com.instagram.android/10301(31107): idle->background(2041ms) R(broadcast start Intent { act=android.intent.action.BATTERY_CHANGED flg=0x60000010 (has extras) }) adj=915.
03-02 10:50:45.453  1621  1666 I SmartPower: com.facebook.stella/10126(31485): idle->background(2044ms) R(broadcast start Intent { act=android.intent.action.BATTERY_CHANGED flg=0x60000010 (has extras) }) adj=925.
03-02 10:50:45.455  1621  1666 I SmartPower: com.facebook.katana/10287(31850): idle->background(2045ms) R(broadcast start Intent { act=android.intent.action.BATTERY_CHANGED flg=0x60000010 (has extras) }) adj=915.
03-02 10:50:45.457  1621  1666 I SmartPower: com.instagram.barcelona/10075(32592): idle->background(2048ms) R(broadcast start Intent { act=android.intent.action.BATTERY_CHANGED flg=0x60000010 (has extras) }) adj=915.
03-02 10:50:45.475  6027  3111 D TrafficManageService: onThresholdReached: activeSlotNum= 1
03-02 10:50:45.477  6027  3111 D TrafficManageService-TrafficSimManager: notifyByNetChange:1, gooooo
03-02 10:50:45.553  6027  3111 D TrafficManageService-TrafficSimManager: getMonthDataUsageUsed: new_get = 3600830700
03-02 10:50:45.553  6027  3111 D TrafficManageService-TrafficSimManager: checkNormalTrafficStatus: -1,used:3600830700
03-02 10:50:45.556  6027  3111 D TrafficManageService: updateDateUsageUpdate: smartDualSimSettings = 0
03-02 10:50:45.572  2350  2350 W Settings: Setting airplane_mode_on has moved from android.provider.Settings.System to android.provider.Settings.Global, returning read-only value.
03-02 10:50:45.574  2350  2350 W Settings: Setting airplane_mode_on has moved from android.provider.Settings.System to android.provider.Settings.Global, returning read-only value.
03-02 10:50:45.577  2350 29580 D NetworkSpeedTracker: updateSignalInfo lteRsrp=-74lteSnr=15,phoneId=1
03-02 10:50:45.582  2350 29580 D NetworkSpeedTracker: updateSignalInfo lteRsrp=-74lteSnr=15,phoneId=1
03-02 10:50:45.608  1621  1922 I SmartPower: com.google.android.googlequicksearchbox:search/10165(13966): background->idle(3027ms) R(become invisible) adj=0.
03-02 10:50:45.609  1621  1922 I SmartPower: com.miui.home/10166(1999): background->idle(3025ms) R(become background) adj=100.
03-02 10:50:45.622  1621  1922 I SmartPower: com.mi.globalminusscreen/10162(11917): background->idle(3002ms) R(become invisible) adj=100.
03-02 10:50:45.643  1621  2665 W UriGrantsManagerService: No permission grants found for com.google.android.apps.photos
03-02 10:50:45.644  1621  2665 W UriGrantsManagerService: No permission grants found for com.google.android.apps.photos
03-02 10:50:45.741 32719  7585 W BpBinder: Slow Binder: BpBinder transact took 2854 ms, interface=android.content.IContentProvider, code=1 oneway=false
03-02 10:50:45.782  1621  1631 I system_server: Background young concurrent mark compact GC freed 31MB AllocSpace bytes, 89(2252KB) LOS objects, 17% free, 148MB/180MB, paused 6.027ms,14.951ms total 271.481ms
03-02 10:50:45.790  1621  1633 W System  : A resource failed to call HardwareBuffer.close. 
03-02 10:50:45.790  1621  1633 W System  : A resource failed to call HardwareBuffer.close. 
03-02 10:50:45.793  1043  7625 W unknown:BridgelessReact: ReactHost{0}.loadJSBundleFromMetro(): Creating BundleLoader
03-02 10:50:45.795  1043  7624 W unknown:BridgelessReact: ReactHost{0}.getOrCreateReactContext(): Creating BridgelessReactContext
03-02 10:50:45.797  1043  7624 W unknown:BridgelessReact: ReactHost{0}.getOrCreateReactInstanceTask(): Creating ReactInstance
03-02 10:50:45.850  1043  7624 D nativeloader: Load /data/app/~~Bh61wenJZi6JNVEuOkVQfQ==/com.softnation.Ojam-nnCVAdHxKfOmup5FCuBDYQ==/base.apk!/lib/arm64-v8a/libhermes.so using class loader ns clns-7 (caller=/data/app/~~Bh61wenJZi6JNVEuOkVQfQ==/com.softnation.Ojam-nnCVAdHxKfOmup5FCuBDYQ==/base.apk!classes20.dex): ok
03-02 10:50:45.854  1043  7624 D nativeloader: Load /data/app/~~Bh61wenJZi6JNVEuOkVQfQ==/com.softnation.Ojam-nnCVAdHxKfOmup5FCuBDYQ==/base.apk!/lib/arm64-v8a/libhermestooling.so using class loader ns clns-7 (caller=/data/app/~~Bh61wenJZi6JNVEuOkVQfQ==/com.softnation.Ojam-nnCVAdHxKfOmup5FCuBDYQ==/base.apk!classes20.dex): ok
03-02 10:50:45.854  1043  7624 D jni_lib_merge: Entering merged library JNI_OnLoad.
03-02 10:50:45.854  1043  7624 D jni_lib_merge: Preparing 4 pre-merged libs (including stub)
03-02 10:50:45.854  1043  7624 D jni_lib_merge: Preparing to register libhermes_executor_so.  onload_func: 0x77eaf687e0
03-02 10:50:45.854  1043  7624 D jni_lib_merge: Preparing to register libhermesinstancejni_so.  onload_func: 0x77eaf9e26c
03-02 10:50:45.854  1043  7624 D jni_lib_merge: Preparing to register libjsijniprofiler_so.  onload_func: 0x77eafa02bc
03-02 10:50:45.854  1043  7624 D jni_lib_merge: About to register 3 actual methods.
03-02 10:50:45.900   861   947 I libPerfCtl: xgfGetFPS pid:2363 fps:-1
03-02 10:50:45.911  1043  7624 D nativeloader: Load /data/app/~~Bh61wenJZi6JNVEuOkVQfQ==/com.softnation.Ojam-nnCVAdHxKfOmup5FCuBDYQ==/base.apk!/lib/arm64-v8a/libexpo-av.so using class loader ns clns-7 (caller=/data/app/~~Bh61wenJZi6JNVEuOkVQfQ==/com.softnation.Ojam-nnCVAdHxKfOmup5FCuBDYQ==/base.apk!classes21.dex): ok
03-02 10:50:45.981  1055  1186 D connsyslogger: SD_LOG_ROOT is /data/debuglogger/connsyslog/fw.
03-02 10:50:45.982  1055  1186 D connsyslogger: systemReady:1
03-02 10:50:46.196  1205  2027 D AidlBufferPoolAcc: evictor expired: 2, evicted: 0
03-02 10:50:46.203 32719 32731 I .apps.nbu.files: Background concurrent mark compact GC freed 22MB AllocSpace bytes, 0(0B) LOS objects, 72% free, 9419KB/33MB, paused 2.779ms,5.432ms total 138.430ms
03-02 10:50:46.283  1621  4238 D AS.BtHelper: isBluetoothScoOn() mBluetoothHeadset is null: falsemBluetoothHeadsetDevice is null: true
03-02 10:50:46.283  1621  4238 V AS.AudioDeviceBroker: requestedCommunicationDevice: null mAudioModeOwner: AudioModeInfo: mMode=MODE_NORMAL, mPid=0, mUid=0
03-02 10:50:46.284  1621  2188 D AS.BtHelper: isBluetoothScoOn() mBluetoothHeadset is null: falsemBluetoothHeadsetDevice is null: true
03-02 10:50:46.284  1621  2188 V AS.AudioDeviceBroker: requestedCommunicationDevice: null mAudioModeOwner: AudioModeInfo: mMode=MODE_NORMAL, mPid=0, mUid=0
03-02 10:50:46.298  1621  4238 D ActivityManager: getProcessesInErrorState callingUid=10126, CallingPid=31485
03-02 10:50:46.393  1621  2188 I whetstone.activity: Power Event callback listener is empty for resId=256
03-02 10:50:46.393  1621  2188 D BatteryStatsManagerStub: notifyEvent for resId=256 used 0ms
03-02 10:50:46.394  1621  2188 I SmartPower: com.google.android.apps.nbu.files/10308(32719): idle->background(2255ms) R(service unbind com.google.android.apps.nbu.files/androidx.work.impl.background.systemjob.SystemJobService) adj=250.
03-02 10:50:46.398  1621  1842 I MiuiNetworkPolicy: updateUidState uid = 10308, uidState = 10
03-02 10:50:46.398  1621  2188 W JobScheduler: Job didn't exist in JobStore: 
03-02 10:50:46.400  1621  1842 I MiuiNetworkPolicy: updateUidState uid = 10308, uidState = 19
03-02 10:50:46.452  1621  2188 I SmartPower: com.xiaomi.mipicks/10217(7084): idle->background(57167ms) R(service unbind com.xiaomi.mipicks/androidx.work.multiprocess.RemoteWorkManagerService) adj=935.
03-02 10:50:46.456  1621  1842 I MiuiNetworkPolicy: updateUidState uid = 10217, uidState = 10
03-02 10:50:46.459  1621  1842 I MiuiNetworkPolicy: updateUidState uid = 10217, uidState = 19
03-02 10:50:46.488 31107 31419 E msys    : E[N mns]_OnDiskCacheGetData(632)=>Start post callback cache refresh DNS resolution
03-02 10:50:46.494 31107 31419 E msys    : E[N mns]_LogError(228)=>Failed to resolve using system DNS resolver, getaddrinfo(): No address associated with hostname
03-02 10:50:46.506  1621  1922 I SmartPower: com.google.android.gms/10147(8942): background->idle(5436ms) R(service end com.google.android.gms/.wearable.service.WearableService) adj=600.
03-02 10:50:46.566   921   921 I BufferQueueProducer: [StatusBar#109](this:0xb400007bcec4ab68,id:-1,api:0,p:-1,c:921) queueBuffer: fps=0.12 dur=8028.44 max=8028.44 min=8028.44
03-02 10:50:46.569   849   868 I hwcomposer: [HWCDisplay] (0 updateFps():3667), (type:1, mode:2) fps:7.554548,dur:2647.41,max:2143.98,min:15.71  
03-02 10:50:46.570   921   921 I MI-SF   : surfaceflinger setAffinity mode=0
03-02 10:50:46.570   921   921 E MI-SF   : surfaceflinger setAffinity success
03-02 10:50:46.705 18562 13630 D BluetoothDevice: getAddress: mAddress=XX:XX:XX:XX:E1:4F
03-02 10:50:46.705 18562 13630 D BluetoothDevice: getAddress: mAddress=XX:XX:XX:XX:94:A5
03-02 10:50:46.705 18562 13630 D BluetoothDevice: getAddress: mAddress=XX:XX:XX:XX:6E:27
03-02 10:50:46.705 18562 13630 D BluetoothDevice: getAddress: mAddress=XX:XX:XX:XX:9D:81
03-02 10:50:46.705 18562 13630 D BluetoothDevice: getAddress: mAddress=XX:XX:XX:XX:EE:F9
03-02 10:50:46.705 18562 13630 D BluetoothDevice: getAddress: mAddress=XX:XX:XX:XX:C8:A7
03-02 10:50:46.706 18562 13630 D BluetoothDevice: getAddress: mAddress=XX:XX:XX:XX:2F:74
03-02 10:50:46.706 18562 13630 D BluetoothDevice: getAddress: mAddress=XX:XX:XX:XX:69:70
03-02 10:50:46.706 18562 13630 D BluetoothDevice: getAddress: mAddress=XX:XX:XX:XX:C0:39
03-02 10:50:46.708 18562 13630 D BluetoothDevice: getAddress: mAddress=XX:XX:XX:XX:E1:4F
03-02 10:50:46.708 18562 13630 D BluetoothDevice: getAddress: mAddress=XX:XX:XX:XX:94:A5
03-02 10:50:46.708 18562 13630 D BluetoothDevice: getAddress: mAddress=XX:XX:XX:XX:6E:27
03-02 10:50:46.708 18562 13630 D BluetoothDevice: getAddress: mAddress=XX:XX:XX:XX:9D:81
03-02 10:50:46.708 18562 13630 D BluetoothDevice: getAddress: mAddress=XX:XX:XX:XX:EE:F9
03-02 10:50:46.708 18562 13630 D BluetoothDevice: getAddress: mAddress=XX:XX:XX:XX:C8:A7
03-02 10:50:46.708 18562 13630 D BluetoothDevice: getAddress: mAddress=XX:XX:XX:XX:2F:74
03-02 10:50:46.708 18562 13630 D BluetoothDevice: getAddress: mAddress=XX:XX:XX:XX:69:70
03-02 10:50:46.708 18562 13630 D BluetoothDevice: getAddress: mAddress=XX:XX:XX:XX:C0:39
03-02 10:50:46.710 18562 13630 D BluetoothDevice: getAddress: mAddress=XX:XX:XX:XX:E1:4F
03-02 10:50:46.710 18562 13630 D BluetoothDevice: getAddress: mAddress=XX:XX:XX:XX:94:A5
03-02 10:50:46.710 18562 13630 D BluetoothDevice: getAddress: mAddress=XX:XX:XX:XX:6E:27
03-02 10:50:46.710 18562 13630 D BluetoothDevice: getAddress: mAddress=XX:XX:XX:XX:9D:81
03-02 10:50:46.710 18562 13630 D BluetoothDevice: getAddress: mAddress=XX:XX:XX:XX:EE:F9
03-02 10:50:46.710 18562 13630 D BluetoothDevice: getAddress: mAddress=XX:XX:XX:XX:C8:A7
03-02 10:50:46.710 18562 13630 D BluetoothDevice: getAddress: mAddress=XX:XX:XX:XX:2F:74
03-02 10:50:46.710 18562 13630 D BluetoothDevice: getAddress: mAddress=XX:XX:XX:XX:69:70
03-02 10:50:46.711 18562 13630 D BluetoothDevice: getAddress: mAddress=XX:XX:XX:XX:C0:39
03-02 10:50:46.779  1621  1856 D InetDiagMessage: Destroyed 0 sockets, proto=IPPROTO_TCP, family=AF_INET, states=14
03-02 10:50:46.781  1621  1856 D InetDiagMessage: Destroyed 0 sockets, proto=IPPROTO_TCP, family=AF_INET6, states=14
03-02 10:50:46.781  1621  1856 D InetDiagMessage: Destroyed live tcp sockets for uids={10204} in 4ms
03-02 10:50:46.783  1621  1856 D InetDiagMessage: Destroyed 0 sockets, proto=IPPROTO_TCP, family=AF_INET, states=14
03-02 10:50:46.784  1621  1856 D InetDiagMessage: Destroyed 0 sockets, proto=IPPROTO_TCP, family=AF_INET6, states=14
03-02 10:50:46.785  1621  1856 D InetDiagMessage: Destroyed live tcp sockets for uids={20204} in 3ms
03-02 10:50:46.787  1621  1856 D InetDiagMessage: Destroyed 0 sockets, proto=IPPROTO_TCP, family=AF_INET, states=14
03-02 10:50:46.789  1621  1856 D InetDiagMessage: Destroyed 0 sockets, proto=IPPROTO_TCP, family=AF_INET6, states=14
03-02 10:50:46.789  1621  1856 D InetDiagMessage: Destroyed live tcp sockets for uids={10152} in 4ms
03-02 10:50:46.791  1621  1856 D InetDiagMessage: Destroyed 0 sockets, proto=IPPROTO_TCP, family=AF_INET, states=14
03-02 10:50:46.792  1621  1856 D InetDiagMessage: Destroyed 0 sockets, proto=IPPROTO_TCP, family=AF_INET6, states=14
03-02 10:50:46.792  1621  1856 D InetDiagMessage: Destroyed live tcp sockets for uids={20152} in 3ms
03-02 10:50:46.795   849  1430 I hwcomposer: [HWC] (0)fire a callback of refresh to SF[4]  
03-02 10:50:46.804   921   921 I BufferQueueProducer: [FramebufferSurface](this:0xb400007d8e9dff50,id:-1,api:1,p:921,c:921) queueBuffer: fps=0.42 dur=2379.96 max=2379.96 min=2379.96
03-02 10:50:46.806   921   921 I MI-SF   : surfaceflinger setAffinity mode=1
03-02 10:50:46.807   921   921 E MI-SF   : surfaceflinger setAffinity success
03-02 10:50:46.807   921   921 I MI-SF   : surfaceflinger setreAffinity reTid=1207
03-02 10:50:46.807   921   921 E MI-SF   : surfaceflinger setAffinity success
03-02 10:50:46.900   861   947 I libPerfCtl: xgfGetFPS pid:921 fps:-1
03-02 10:50:46.900  1177  1177 I thermal_src: recvmsg_expect 5, but get 2 
03-02 10:50:46.900  1177  1177 V thermal_src: TA_DAEMON_CMD_GET_TPCB:ERROR ret=-1
03-02 10:50:46.900  1177  1177 E thermal_src: get_tpcb_from_kernel:error -1. retry...
03-02 10:50:46.900  1177  1177 I thermal_src: recvmsg_expect 5, but get 2 
03-02 10:50:46.900  1177  1177 V thermal_src: TA_DAEMON_CMD_GET_TPCB:ERROR ret=-1
03-02 10:50:46.900   861   947 I libPerfCtl: xgfGetFPS pid:2363 fps:-1
03-02 10:50:46.900  1177  1177 E thermal_src: get_tpcb_from_kernel:error -1. retry...
03-02 10:50:46.900  1177  1177 I thermal_src: recvmsg_expect 5, but get 2 
03-02 10:50:46.900  1177  1177 V thermal_src: TA_DAEMON_CMD_GET_TPCB:ERROR ret=-1
03-02 10:50:46.900  1177  1177 E thermal_src: get_tpcb_from_kernel:error -1. retry...
03-02 10:50:46.900  1177  1177 I thermal_src: recvmsg_expect 4, but get 5 
03-02 10:50:46.900  1177  1177 V thermal_src: TA_DAEMON_CMD_SET_TTJ:ERROR ret=-1
03-02 10:50:46.900  1177  1177 E thermal_src: set_ttj_to_kernel 1:error -1
03-02 10:50:46.900  1177  1177 I thermal_src: recvmsg_expect 2, but get 5 
03-02 10:50:46.900  1177  1177 V thermal_src: waiting NOTIFY from kernel miss, -1
03-02 10:50:46.900  1177  1177 I thermal_src: recvmsg_expect 2, but get 5 
03-02 10:50:46.900  1177  1177 V thermal_src: waiting NOTIFY from kernel miss, -1
03-02 10:50:46.900  1177  1177 I thermal_src: recvmsg_expect 2, but get 4 
03-02 10:50:46.900  1177  1177 V thermal_src: waiting NOTIFY from kernel miss, -1
03-02 10:50:46.918  8942  7666 I GmscoreIpa: Starting mediastore instant index [CONTEXT service_id=255 ]
03-02 10:50:46.922  1621  4238 I ClipboardServiceI: checkProviderWakePathForClipboard: primaryClip is null
03-02 10:50:47.114  1043  7624 I ExpoModulesCore: Γ£à AppContext was initialized
03-02 10:50:47.243  1043  7624 W unknown:BridgelessReact: ReactHost{0}.getOrCreateReactInstanceTask(): Loading JS Bundle
03-02 10:50:47.244  1043  7624 W unknown:BridgelessReact: ReactHost{0}.getOrCreateReactInstanceTask(): Calling DevSupportManagerBase.onNewReactContextCreated(reactContext)
03-02 10:50:47.250  1043  7624 W unknown:BridgelessReact: ReactHost{0}.startSurface(surfaceId = 0): Execute
03-02 10:50:47.263  1043  1043 W unknown:ReactNative: Packager connection already open, nooping.
03-02 10:50:47.264  1043  1043 W unknown:BridgelessReact: ReactContext.onHostResume()
03-02 10:50:47.271  1043  1043 W unknown:BridgelessReact: ReactHost{0}.getOrCreateReactInstanceTask(): Executing ReactInstanceEventListeners
03-02 10:50:47.286  1621  4238 D AS.BtHelper: isBluetoothScoOn() mBluetoothHeadset is null: falsemBluetoothHeadsetDevice is null: true
03-02 10:50:47.286  1621  4238 V AS.AudioDeviceBroker: requestedCommunicationDevice: null mAudioModeOwner: AudioModeInfo: mMode=MODE_NORMAL, mPid=0, mUid=0
03-02 10:50:47.287  1621  4238 D AS.BtHelper: isBluetoothScoOn() mBluetoothHeadset is null: falsemBluetoothHeadsetDevice is null: true
03-02 10:50:47.287  1621  4238 V AS.AudioDeviceBroker: requestedCommunicationDevice: null mAudioModeOwner: AudioModeInfo: mMode=MODE_NORMAL, mPid=0, mUid=0
03-02 10:50:47.401  1621  1856 D InetDiagMessage: Destroyed 0 sockets, proto=IPPROTO_TCP, family=AF_INET, states=14
03-02 10:50:47.402  1621  1856 D InetDiagMessage: Destroyed 1 sockets, proto=IPPROTO_TCP, family=AF_INET6, states=14
03-02 10:50:47.403  1621  1856 D InetDiagMessage: Destroyed live tcp sockets for uids={10374} in 3ms
03-02 10:50:47.404  1621  1856 D InetDiagMessage: Destroyed 0 sockets, proto=IPPROTO_TCP, family=AF_INET, states=14
03-02 10:50:47.405  1621  1856 D InetDiagMessage: Destroyed 0 sockets, proto=IPPROTO_TCP, family=AF_INET6, states=14
03-02 10:50:47.405  1621  1856 D InetDiagMessage: Destroyed live tcp sockets for uids={20374} in 3ms
03-02 10:50:47.900   861   947 I libPerfCtl: xgfGetFPS pid:2363 fps:-1
03-02 10:50:47.902  1621  1918 E HyperSentinel: -------------------------------------------------------
03-02 10:50:47.902  1621  1918 E HyperSentinel: Event_ResidentSize
03-02 10:50:47.902  1621  1918 E HyperSentinel: -> audit event by proc 1043 "usap64": RSS increasement, peak 242704kb -> 364072kb
03-02 10:50:47.903  1621  1917 D MiuiSentinelService: begin judgmentRssLeakException
03-02 10:50:47.903  1621  1917 E MiuiSentinelMemoryManager: getRSSinfo: usap64#1043
03-02 10:50:47.903  1621  1917 D MiuiSentinelMemoryManager: cmdline: usap64, pid: 1043, RSSsize:364072
03-02 10:50:47.904  1621  1917 W MiuiSentinelMemoryManager: The current process type does not meet reporting requirements
03-02 10:50:47.904  1159  1606 D ULogGuard: Monitoring: 18 threads, 0 requests, 0 time-bombs; 1 guards. ResetFlags = 0x7
03-02 10:50:47.951  1177  1177 I thermal_src: recvmsg_expect 5, but get 2 
03-02 10:50:47.951  1177  1177 V thermal_src: TA_DAEMON_CMD_GET_TPCB:ERROR ret=-1
03-02 10:50:47.951  1177  1177 E thermal_src: get_tpcb_from_kernel:error -1. retry...
03-02 10:50:47.951  1177  1177 I thermal_src: recvmsg_expect 4, but get 5 
03-02 10:50:47.951  1177  1177 V thermal_src: TA_DAEMON_CMD_SET_TTJ:ERROR ret=-1
03-02 10:50:47.951  1177  1177 E thermal_src: set_ttj_to_kernel 1:error -1
03-02 10:50:47.951  1177  1177 I thermal_src: recvmsg_expect 5, but get 4 
03-02 10:50:47.951  1177  1177 V thermal_src: TA_DAEMON_CMD_GET_TPCB:ERROR ret=-1
03-02 10:50:47.951  1177  1177 E thermal_src: get_tpcb_from_kernel:error -1. retry...
03-02 10:50:47.952  1177  1177 I thermal_src: recvmsg_expect 4, but get 2 
03-02 10:50:47.952  1177  1177 V thermal_src: TA_DAEMON_CMD_SET_TTJ:ERROR ret=-1
03-02 10:50:47.952  1177  1177 E thermal_src: set_ttj_to_kernel 1:error -1
03-02 10:50:47.952  1177  1177 I thermal_src: recvmsg_expect 2, but get 5 
03-02 10:50:47.952  1177  1177 V thermal_src: waiting NOTIFY from kernel miss, -1
03-02 10:50:47.952  1177  1177 I thermal_src: recvmsg_expect 2, but get 4 
03-02 10:50:47.952  1177  1177 V thermal_src: waiting NOTIFY from kernel miss, -1
03-02 10:50:47.982  1055  1186 D connsyslogger: SD_LOG_ROOT is /data/debuglogger/connsyslog/fw.
03-02 10:50:47.982  1055  1186 D connsyslogger: systemReady:1
03-02 10:50:48.123  2350  2350 W Settings: Setting airplane_mode_on has moved from android.provider.Settings.System to android.provider.Settings.Global, returning read-only value.
03-02 10:50:48.125  2350  2350 W Settings: Setting airplane_mode_on has moved from android.provider.Settings.System to android.provider.Settings.Global, returning read-only value.
03-02 10:50:48.128  2350 29580 D NetworkSpeedTracker: updateSignalInfo lteRsrp=-73lteSnr=15,phoneId=1
03-02 10:50:48.131  2350 29580 D NetworkSpeedTracker: updateSignalInfo lteRsrp=-73lteSnr=15,phoneId=1
03-02 10:50:48.289  1621  4238 D AS.BtHelper: isBluetoothScoOn() mBluetoothHeadset is null: falsemBluetoothHeadsetDevice is null: true
03-02 10:50:48.289  1621  4238 V AS.AudioDeviceBroker: requestedCommunicationDevice: null mAudioModeOwner: AudioModeInfo: mMode=MODE_NORMAL, mPid=0, mUid=0
03-02 10:50:48.290  1621  4238 D AS.BtHelper: isBluetoothScoOn() mBluetoothHeadset is null: falsemBluetoothHeadsetDevice is null: true
03-02 10:50:48.290  1621  4238 V AS.AudioDeviceBroker: requestedCommunicationDevice: null mAudioModeOwner: AudioModeInfo: mMode=MODE_NORMAL, mPid=0, mUid=0
03-02 10:50:48.300  1621  4238 D ActivityManager: getProcessesInErrorState callingUid=10126, CallingPid=31485
03-02 10:50:48.363  1043  7654 I WebViewFactory: Loading com.google.android.webview version 145.0.7632.79 (code 763207903)
03-02 10:50:48.371  1043  7654 D ApplicationLoaders: Returning zygote-cached class loader: /system/framework/android.test.base.jar
03-02 10:50:48.371  1043  7654 D ApplicationLoaders: Returning zygote-cached class loader: /system_ext/framework/androidx.window.extensions.jar
03-02 10:50:48.377  1043  7654 W softnation.Ojam: Loading /data/app/~~6WQvy1g3uHyDFuZpDlez4A==/com.google.android.webview-LhKVE1I3zKkU3w5MlwC1TA==/oat/arm64/base.odex non-executable as it requires an image which we failed to load
03-02 10:50:48.384  1043  7654 D nativeloader: Configuring clns-8 for other apk /data/app/~~6WQvy1g3uHyDFuZpDlez4A==/com.google.android.webview-LhKVE1I3zKkU3w5MlwC1TA==/base.apk. target_sdk_version=36, uses_libraries=, library_path=/data/app/~~6WQvy1g3uHyDFuZpDlez4A==/com.google.android.webview-LhKVE1I3zKkU3w5MlwC1TA==/lib/arm64:/data/app/~~6WQvy1g3uHyDFuZpDlez4A==/com.google.android.webview-LhKVE1I3zKkU3w5MlwC1TA==/base.apk!/lib/arm64-v8a, permitted_path=/data:/mnt/expand
03-02 10:50:48.430  1043  7654 I cr_WVCFactoryProvider: version=145.0.7632.79 (763207903) minSdkVersion=29 multiprocess=true packageId=127 splits=<none>
03-02 10:50:48.442  1043  7654 D nativeloader: Load /data/app/~~6WQvy1g3uHyDFuZpDlez4A==/com.google.android.webview-LhKVE1I3zKkU3w5MlwC1TA==/base.apk!/lib/arm64-v8a/libwebviewchromium.so using class loader ns clns-8 (caller=/data/app/~~6WQvy1g3uHyDFuZpDlez4A==/com.google.android.webview-LhKVE1I3zKkU3w5MlwC1TA==/base.apk): ok
03-02 10:50:48.446  1043  7654 D nativeloader: Load /system/lib64/libwebviewchromium_plat_support.so using class loader ns clns-8 (caller=/data/app/~~6WQvy1g3uHyDFuZpDlez4A==/com.google.android.webview-LhKVE1I3zKkU3w5MlwC1TA==/base.apk): ok
03-02 10:50:48.449 31485 31768 I BatteryEventDispatcherImpl: [_waitingForDispatchEvent] processing BatteryEventDispatcherImpl$DispatchEvent$OnPollTimeout
03-02 10:50:48.453  1043  7670 I chromium: [0302/105048.453338:INFO:android_webview/browser/variations/variations_seed_loader.cc:67] Failed to open file for reading.: No such file or directory (2)
03-02 10:50:48.464  1043  7654 I cr_LibraryLoader: Successfully loaded native library
03-02 10:50:48.466  1043  7654 I cr_CachingUmaRecorder: Flushed 18 samples from 18 histograms, 0 samples were dropped.
03-02 10:50:48.519  1043  7653 D nativeloader: Load /data/app/~~Bh61wenJZi6JNVEuOkVQfQ==/com.softnation.Ojam-nnCVAdHxKfOmup5FCuBDYQ==/base.apk!/lib/arm64-v8a/libexpo-modules-core.so using class loader ns clns-7 (caller=/data/app/~~Bh61wenJZi6JNVEuOkVQfQ==/com.softnation.Ojam-nnCVAdHxKfOmup5FCuBDYQ==/base.apk!classes20.dex): ok
03-02 10:50:48.563   921   921 I BufferQueueProducer: [StatusBar#109](this:0xb400007bcec4ab68,id:-1,api:0,p:-1,c:921) queueBuffer: fps=0.50 dur=1996.89 max=1996.89 min=1996.89
03-02 10:50:48.565   849   868 I hwcomposer: [HWCDisplay] (0 updateFps():3667), (type:1, mode:2) fps:1.001602,dur:1996.80,max:1761.13,min:235.67  
03-02 10:50:48.567   921   921 I MI-SF   : surfaceflinger setAffinity mode=0
03-02 10:50:48.567   921   921 E MI-SF   : surfaceflinger setAffinity success
03-02 10:50:48.573  1621  1918 E HyperSentinel: -------------------------------------------------------
03-02 10:50:48.573  1621  1918 E HyperSentinel: Event_OpenFileFDSize
03-02 10:50:48.573  1621  1918 E HyperSentinel: -> audit event by proc 2363 "com.android.systemui": Fd increasement, peak, 1373 -> 1281
03-02 10:50:48.573  1621  1917 D MiuiSentinelService: begin judgment FdAmountLeakException
03-02 10:50:48.603  1043  7653 W unknown:ViewManagerPropertyUpdater: Could not find generated setter for class com.th3rdwave.safeareacontext.SafeAreaProviderManager
03-02 10:50:48.611  1621  1922 I SmartPower: com.whatsapp/10300(31638): background->idle(3163ms) R(broadcast start Intent { act=android.intent.action.BATTERY_CHANGED flg=0x60000010 (has extras) }) adj=905.
03-02 10:50:48.611  1621  1922 I SmartPower: com.android.chrome/10174(23296): background->idle(3162ms) R(broadcast start Intent { act=android.intent.action.BATTERY_CHANGED flg=0x60000010 (has extras) }) adj=925.
03-02 10:50:48.611  1621  1922 I SmartPower: com.instagram.android/10301(31107): background->idle(3161ms) R(broadcast start Intent { act=android.intent.action.BATTERY_CHANGED flg=0x60000010 (has extras) }) adj=915.
03-02 10:50:48.611  1621  1922 I SmartPower: com.facebook.stella/10126(31485): background->idle(3158ms) R(broadcast start Intent { act=android.intent.action.BATTERY_CHANGED flg=0x60000010 (has extras) }) adj=925.
03-02 10:50:48.612  1621  1922 I SmartPower: com.facebook.katana/10287(31850): background->idle(3158ms) R(broadcast start Intent { act=android.intent.action.BATTERY_CHANGED flg=0x60000010 (has extras) }) adj=915.
03-02 10:50:48.612  1621  1922 I SmartPower: com.instagram.barcelona/10075(32592): background->idle(3155ms) R(broadcast start Intent { act=android.intent.action.BATTERY_CHANGED flg=0x60000010 (has extras) }) adj=915.
03-02 10:50:48.612  1621  1922 I SmartPower: com.google.android.googlequicksearchbox:googleapp/10165(14013): background->idle(6029ms) R(become invisible) adj=100.
03-02 10:50:48.613  1043  7653 W unknown:ViewManagerPropertyUpdater: Could not find generated setter for class com.facebook.react.uimanager.LayoutShadowNode
03-02 10:50:48.625  1621  1922 I SmartPower: com.google.android.adservices.api/10261(5464): background->idle(6002ms) R(remove from whitelist) adj=0.
03-02 10:50:48.625  1621  1922 I SmartPower: com.google.android.webview:sandboxed_process0:org.chromium.content.app.SandboxedPrbackground->idle(6001ms) R(remove from whitelist) adj=100.
03-02 10:50:48.625  1043  7574 W softnation.Ojam: userfaultfd: MOVE ioctl seems unsupported: Try again
03-02 10:50:48.631  1043  7653 W unknown:ViewManagerPropertyUpdater: Could not find generated setter for class com.swmansion.rnscreens.SearchBarManager
03-02 10:50:48.638  1043  7653 W unknown:ViewManagerPropertyUpdater: Could not find generated setter for class com.swmansion.rnscreens.ScreenFooterManager
03-02 10:50:48.643  1043  7653 W unknown:ViewManagerPropertyUpdater: Could not find generated setter for class com.swmansion.rnscreens.gamma.tabs.TabScreenViewManager
03-02 10:50:48.648  1043  7653 W unknown:ViewManagerPropertyUpdater: Could not find generated setter for class expo.modules.kotlin.views.GroupViewManagerWrapper
03-02 10:50:48.657  1043  7653 W unknown:ViewManagerPropertyUpdater: Could not find generated setter for class com.swmansion.rnscreens.ScreenContainerViewManager
03-02 10:50:48.659  1043  7653 W unknown:ViewManagerPropertyUpdater: Could not find generated setter for class com.reactnativecommunity.slider.ReactSliderManager
03-02 10:50:48.666  1043  7653 W unknown:ViewManagerPropertyUpdater: Could not find generated setter for class com.swmansion.rnscreens.gamma.tabs.TabsHostViewManager
03-02 10:50:48.670  1043  7653 W unknown:ViewManagerPropertyUpdater: Could not find generated setter for class com.swmansion.rnscreens.ModalScreenViewManager
03-02 10:50:48.672  1043  7574 I softnation.Ojam: NativeAlloc concurrent mark compact GC freed 37MB AllocSpace bytes, 41(2640KB) LOS objects, 73% free, 8644KB/32MB, paused 1.178ms,4.193ms total 101.016ms
03-02 10:50:48.677   921  1170 D SurfaceFlinger: [SF client] REMOVE (0xb400007caea06b20) for (1043:com.softnation.Ojam)
03-02 10:50:48.677  1043  7653 W unknown:ViewManagerPropertyUpdater: Could not find generated setter for class com.swmansion.rnscreens.ScreenStackHeaderConfigViewManager
03-02 10:50:48.682  1043  7653 W unknown:ViewManagerPropertyUpdater: Could not find generated setter for class com.swmansion.rnscreens.ScreenContentWrapperManager
03-02 10:50:48.684  1043  7653 W unknown:ViewManagerPropertyUpdater: Could not find generated setter for class com.th3rdwave.safeareacontext.SafeAreaViewManager
03-02 10:50:48.687  1043  7653 W unknown:ViewManagerPropertyUpdater: Could not find generated setter for class com.th3rdwave.safeareacontext.SafeAreaViewShadowNode
03-02 10:50:48.689  1043  7653 W unknown:ViewManagerPropertyUpdater: Could not find generated setter for class com.swmansion.rnscreens.ScreenViewManager
03-02 10:50:48.693  1043  7653 W unknown:ViewManagerPropertyUpdater: Could not find generated setter for class expo.modules.kotlin.views.SimpleViewManagerWrapper
03-02 10:50:48.696  1043  7653 W unknown:ViewManagerPropertyUpdater: Could not find generated setter for class com.swmansion.rnscreens.ScreenStackHeaderSubviewManager
03-02 10:50:48.699  1043  7653 W unknown:ViewManagerPropertyUpdater: Could not find generated setter for class com.swmansion.rnscreens.ScreenStackViewManager
