03-02 10:50:41.780 19959 20028 E DatabaseUtils: 	at android.database.sqlite.SQLiteSession.prepare(SQLiteSession.java:614)
03-02 10:50:41.780 19959 20028 E DatabaseUtils: 	at android.database.sqlite.SQLiteProgram.<init>(SQLiteProgram.java:62)
03-02 10:50:41.780 19959 20028 E DatabaseUtils: 	at android.database.sqlite.SQLiteQuery.<init>(SQLiteQuery.java:37)
03-02 10:50:41.780 19959 20028 E DatabaseUtils: 	at android.database.sqlite.SQLiteDirectCursorDriver.query(SQLiteDirectCursorDriver.java:46)
03-02 10:50:41.780 19959 20028 E DatabaseUtils: 	at android.database.sqlite.SQLiteDatabase.rawQueryWithFactory(SQLiteDatabase.java:1823)
03-02 10:50:41.780 19959 20028 E DatabaseUtils: 	at android.database.sqlite.SQLiteDatabase.queryWithFactory(SQLiteDatabase.java:1655)
03-02 10:50:41.780 19959 20028 E DatabaseUtils: 	at android.database.sqlite.SQLiteDatabase.query(SQLiteDatabase.java:1512)
03-02 10:50:41.780 19959 20028 E DatabaseUtils: 	at android.database.sqlite.SQLiteDatabase.query(SQLiteDatabase.java:1738)
03-02 10:50:41.780 19959 20028 E DatabaseUtils: 	at com.xiaomi.camera.parallelservice.provider.ParallelProcessProvider.f(Unknown Source:187)
03-02 10:50:41.780 19959 20028 E DatabaseUtils: 	at com.xiaomi.camera.parallelservice.provider.ParallelProcessProvider.query(Unknown Source:86)
03-02 10:50:41.780 19959 20028 E DatabaseUtils: 	at android.content.ContentProvider.query(ContentProvider.java:1633)
03-02 10:50:41.780 19959 20028 E DatabaseUtils: 	at android.content.ContentProvider.query(ContentProvider.java:1729)
03-02 10:50:41.780 19959 20028 E DatabaseUtils: 	at android.content.ContentProvider$Transport.query(ContentProvider.java:301)
03-02 10:50:41.780 19959 20028 E DatabaseUtils: 	at android.content.ContentProviderNative.onTransact(ContentProviderNative.java:110)
03-02 10:50:41.780 19959 20028 E DatabaseUtils: 	at android.os.Binder.execTransactInternal(Binder.java:1507)
03-02 10:50:41.780 19959 20028 E DatabaseUtils: 	at android.os.Binder.execTransact(Binder.java:1451)
03-02 10:50:41.786  1621  4426 W UriGrantsManagerService: No permission grants found for com.google.android.apps.photos
03-02 10:50:41.786  1621  4426 W UriGrantsManagerService: No permission grants found for com.google.android.apps.photos
03-02 10:50:41.826  1621  4426 W XSpaceManagerServiceImpl: checkXSpaceControl, from:com.android.shell, to:com.softnation.Ojam, with act:null, callingUserId:0, toUserId:0
03-02 10:50:41.827  1621  4426 W ActivityTaskManager: callingPackage for (uid=2000, pid=7565) has no WPC
03-02 10:50:41.832  1621  4426 D PreStartingManager: Not init when use PreStartingManager!
03-02 10:50:41.832  1621  4426 W OptProp : Cannot read opt property android.window.PROPERTY_COMPAT_ALLOW_ORIENTATION_OVERRIDE
03-02 10:50:41.834  1621  4426 V GrammaticalInflectionUtils: AttributionSource: android.content.AttributionSource@19923ceb does not have READ_SYSTEM_GRAMMATICAL_GENDER permission.
03-02 10:50:41.835  1621  4426 W OptProp : Cannot read opt property android.window.PROPERTY_COMPAT_ALLOW_RESIZEABLE_ACTIVITY_OVERRIDES
03-02 10:50:41.836  1621  4426 W OptProp : Cannot read opt property android.window.PROPERTY_COMPAT_ALLOW_MIN_ASPECT_RATIO_OVERRIDE
03-02 10:50:41.838  1621  4426 I ActivityTaskManager: isKeyguardEditor: false, newTransition: TransitionRecord{694cb4 id=10151 type=OPEN flags=0x0}
03-02 10:50:41.838  1621  4426 D WindowManager: Collecting in transition 10151: ActivityRecord{96cb0dd u0 com.softnation.Ojam/.MainActivity init visibleRequested:false
03-02 10:50:41.839  1621  4426 D MiuiFreeformServiceImpl: addLaunchFreeformActivityOptionIfNeed skip due to not find sourceTask: null sourceFfas: null sourceFreeFormActivity: null
03-02 10:50:41.840  1621  4426 I PowerHalWrapper: PowerHalWrapper.getInstance 
03-02 10:50:41.840  1621  4426 D PerfMTKStubImpl: initBoostParamByDevice
03-02 10:50:41.841  2363  2477 D OneHandedController: stopOneHanded state is 0
03-02 10:50:41.842   921  1170 I BufferQueueDebug: [Task=37029#133522](this:0xb400007bcec6a098,id:-1,api:0,p:-1,c:-1) BufferQueue core=(921:/system/bin/surfaceflinger)
03-02 10:50:41.844  1621  4426 D WindowManager: setLockTaskAuth: task=Task{9af9323 #37029 type=standard A=10337:com.softnation.Ojam} mLockTaskAuth=LOCK_TASK_AUTH_PINNABLE
03-02 10:50:41.844  1621  4426 D WindowManager: Collecting in transition 10151: Task{9af9323 #37029 type=standard A=10337:com.softnation.Ojam} init visibleRequested:false
03-02 10:50:41.846   921  1170 I BufferQueueDebug: [ActivityRecord{96cb0dd u0 com.softnation.Ojam/.MainActivity t37029}#133523](this:0xb400007bcec25b18,id:-1,api:0,p:-1,c:-1) BufferQueue core=(921:/system/bin/surfaceflinger)
03-02 10:50:41.848  1621  4426 D WindowManager: setLockTaskAuth: task=Task{9af9323 #37029 type=standard A=10337:com.softnation.Ojam} mLockTaskAuth=LOCK_TASK_AUTH_PINNABLE
03-02 10:50:41.849  1621  4426 D MiuiFreeFormManagerService: onStartActivityInner as = Task{9af9323 #37029 type=standard A=10337:com.softnation.Ojam} op = null
03-02 10:50:41.850  1621  4426 D ActivityTaskManager: Task#startActivityLocked isOrhasTask=true newTask=true
03-02 10:50:41.850   863   909 I mtkpower@impl: [setMode] type:5, enabled:1
03-02 10:50:41.852  1621  4426 I WindowManager: Try to add startingWindow type = STARTING_WINDOW_TYPE_SPLASH_SCREEN this = ActivityRecord{96cb0dd u0 com.softnation.Ojam/.MainActivity t37029} preAllowTaskSnapshot = true afterAllowTaskSnapshot = true newTask = true taskSwitch = true processRunning = false activityCreated = false activityAllDrawn = false isSnapshotCompatible = false resolvedTheme = 2131952195 theme = 2131952195
03-02 10:50:41.852   863   958 I libPowerHal: [perfLockAcq] idx:1 hdl:364599 hint:77 pid:863 tid:863 duration:30000 lock_user:vendor.mediatek => ret_hdl:364599
03-02 10:50:41.853   863   958 I ThermalBreakConfigReader: [getTargetfreqinfo] [getTargetfreqinfo] hint get target result freq:boost:1 cpu0:1800000 cpu6:2000000 cpumask:ff
03-02 10:50:41.853   863   958 I ExtendedPerfBoost: [thermalbreak_verification] needbreak curr breakmode 1, scence id 0, set: boost:1 cpu0:1800000 cpu6:2000000 cpumask:ff
03-02 10:50:41.853   863   958 I ExtendedPerfBoost: [triggerList_add] [triggerList_add] come into triggerList_add
03-02 10:50:41.853   863   958 I ExtendedPerfBoost: [triggerList_add] get item from freelist 0x6fcc5ba018
03-02 10:50:41.853   863   958 I ExtendedPerfBoost: [triggerList_add] init new item prio:2, duration:3000, param:boost:1 cpu0:1800000 cpu6:2000000 cpumask:ff
03-02 10:50:41.853   863   958 I ExtendedPerfBoost: [triggerList_add] add item prio in empty list
03-02 10:50:41.853   863   958 I ExtendedPerfBoost: [trig_thermalbreak] trigger one node
03-02 10:50:41.853   863   958 I ExtendedUtils: [timer_sampling_set] come in timer_sampling_set, duration :3000
03-02 10:50:41.853   863   958 I ExtendedUtils: [settimer] come in settimer, time_now :610235402, time_end: 610238402
03-02 10:50:41.853   863   958 I ExtendedPerfBoost: [setThermalBreak] [setThermalBreak] : boost:1 cpu0:1800000 cpu6:2000000 cpumask:ff
03-02 10:50:41.854  1621  4426 D PreStartingManager: Not init when use PreStartingManager!
03-02 10:50:41.855  1621  4426 I PowerHalWrapper: amsBoostNotify pid:13966,activity:com.google.android.apps.search.assistant.surfaces.voice.robin.ui.floaty.activity.FloatyActivity, package:com.google.android.googlequicksearchbox, mProcessCreatePackcom.softnation.Ojam 
03-02 10:50:41.855  1621  4426 I PowerHalWrapper: state: 0 
03-02 10:50:41.855   863   958 I libPowerHal: [PE] LAUNCH update cmd:1408300, param:100, pr:3
03-02 10:50:41.856   863   958 I libPowerHal: [PE] LAUNCH update cmd:400000 param:3000000 pr:3
03-02 10:50:41.856   863   958 I libPowerHal: [PE] LAUNCH update cmd:400100 param:3000000 pr:3
03-02 10:50:41.856  1621  4426 I mtkpower_client: [PowerHal_Wrap_notifyAppState] com.google.android.googlequicksearchbox/com.google.android.apps.search.assistant.surfaces.voice.robin.ui.floaty.activity.FloatyActivity pid=13966 activityId:114759433 state:0
03-02 10:50:41.856   863   958 I libPowerHal: [setDvfsrcDevFreqOpp] opp:0, freq:3600000000
03-02 10:50:41.857   863   958 I libPowerHal: [PE] LAUNCH update cmd:1000000 param:0 pr:3
03-02 10:50:41.857   863   958 I libPowerHal: [recordCPUFreqInfo] set cluster[0] min(LAUNCH): 1800000 max(-1): -1 cluster[1] min(LAUNCH): 2000000 max(-1): -1
03-02 10:50:41.857   863   958 I libPowerHal: [perfLockAcq] Done for hdl : 364599
03-02 10:50:41.857   861   861 I vendor.mediatek.hardware.mtkpower_applist-service.mediatek: packName: com.google.android.googlequicksearchbox actName: com.google.android.apps.search.assistant.surfaces.voice.robin.ui.floaty.activity.FloatyActivity pid: 13966 activityId: 114759433 uid: 10165 state: 0
03-02 10:50:41.857   861   861 I MTK_APPList: [notifyAPPstate] com.google.android.googlequicksearchbox/com.google.android.apps.search.assistant.surfaces.voice.robin.ui.floaty.activity.FloatyActivity, pid=13966, activityId=114759433, uid=10165, state:PAUSED, fps:-1, win:1
03-02 10:50:41.857   861   861 I MTK_APPList: [notifyAPPstate] multi_resumed_app_count: 1
03-02 10:50:41.857   861   861 I MTK_APPList: [notifyAPPstate] multi_resumed_app_info[0] com.android.systemui/com.android.systemui._190038181, pid:2363, activityId:-1, fps:-1, isMultiWindow:0
03-02 10:50:41.857   861   861 I MTK_APPList: [getForegroundAPPCount] 1
03-02 10:50:41.857   861   861 I MTK_APPList: [notifyNetdUID] 10165
03-02 10:50:41.857  1621  4426 I PowerHalWrapper: amsBoostNotify AMS_BOOST_PROCESS_CREATE_BOOST:false 
03-02 10:50:41.858   861   861 I MTK_APPList: [notifyPID] 13966
03-02 10:50:41.858   863   958 I libPowerHal: [perfSetSysInfo] pid type:24, 13966
03-02 10:50:41.859  1621  4426 D WindowManager: Collecting in transition 10151: ActivityRecord{96cb0dd u0 com.softnation.Ojam/.MainActivity t37029} init visibleRequested:false
03-02 10:50:41.860  1621  4426 I ActivityTaskManager: START u0 {flg=0x10000000 cmp=com.softnation.Ojam/.MainActivity} with LAUNCH_SINGLE_TASK from uid 2000 from pid 7565 callingPackage com.android.shell (BAL_ALLOW_PERMISSION) result code=0
03-02 10:50:41.860  1621  1651 I ActivityTaskManager: visible for Task{27e6aff #2 type=home I=com.miui.home/.launcher.Launcher} visible = true isAnimating = false TRANSITION = false PARENTS = false CHILDREN = false
03-02 10:50:41.860  1621  1651 I ActivityTaskManager: visible for Task{d151cdd #1 type=home} visible = true isAnimating = false TRANSITION = false PARENTS = false CHILDREN = false
03-02 10:50:41.860  1621  1651 I ActivityTaskManager: visible for Task{ba1f32f #37027 type=standard I=com.google.android.googlequicksearchbox/com.google.android.apps.search.assistant.surfaces.voice.robin.ui.floaty.activity.FloatyActivity} visible = true isAnimating = false TRANSITION = false PARENTS = false CHILDREN = false
03-02 10:50:41.861 13966 13966 I aybl    : #onUserLeaveHint (FloatyActivityPeer)
03-02 10:50:41.861 13966 13966 I azce    : #onUserLeaveHint
03-02 10:50:41.861  2363  2477 I SoScStageCoordinator: Transition requested:TransitionRequestInfo { type = OPEN, triggerTask = TaskInfo{userId=0 taskId=37029 displayId=0 isRunning=true baseIntent=Intent { flg=0x10000000 cmp=com.softnation.Ojam/.MainActivity } baseActivity=ComponentInfo{com.softnation.Ojam/com.softnation.Ojam.MainActivity} topActivity=ComponentInfo{com.softnation.Ojam/com.softnation.Ojam.MainActivity} origActivity=null realActivity=ComponentInfo{com.softnation.Ojam/com.softnation.Ojam.MainActivity} numActivities=1 lastActiveTime=1028001278 supportsSplitScreenMultiWindow=true supportsMultiWindow=true resizeMode=1 isResizeable=true minWidth=-1 minHeight=-1 defaultMinSize=200 token=WCT{android.window.IWindowContainerToken$Stub$Proxy@c9e4cdf} topActivityType=1 pictureInPictureParams=null shouldDockBigOverlays=false launchIntoPipHostTaskId=-1 lastParentTaskIdBeforePip=-1 displayCutoutSafeInsets=Rect(0, 104 - 0, 0) topActivityInfo=ActivityInfo{e4cdd2c com.softnation.Ojam.MainActivity} launchCookies=[] positionInParent=Point(0, 0) parentTaskId=-1 isFocused=false isVisible=false isVisibleRequested=false isSleeping=false locusId=null displayAreaFeatureId=1 isTopActivityTransparent=false appCompatTaskInfo=AppCompatTaskInfo { topActivityInSizeCompat=false topActivityEligibleForLetterboxEducation= falseisLetterboxEducationEnabled= false isLetterboxDoubleTapEnabled= false topActivityEligibleForUserAspectRatioButton= false topActivityBoundsLetterboxed= false isFromLetterboxDoubleTap= false topActivityLetterboxVerticalPosition= -1 topActivityLetterboxHorizontalPosition= -1 topActivityLetterboxWidth=1080 topActivityLetterboxHeight=2460 isUserFullscreenOverrideEnabled=false isSystemFullscreenOverrideEnabled=false cameraCompatTaskInfo=CameraCompatTaskInfo { cameraCompatControlState=hidden freeformCameraCompatMode=inactive}} isImmersive=false mTopActivityRequestOrientation=-2 mBehindAppLockPkg=null mOriginatingUid=0 isEmbedded=false shouldBeVisible=true mIsCastMode=false mTopActivityMediaSize=null mTopActivityRecordName=ActivityRecord{96cb0dd u0 com.softnation.Ojam/.MainActivity t37029} mTopActivityOrientation=-2}, pipTask = null, remoteTransition = null, displayChange = null, flags = 0, debugId = 10151 } isSoScActive:false triggerTask:TaskInfo{userId=0 taskId=37029 displayId=0 isRunning=true baseIntent=Intent { flg=0x10000000 cmp=com.softnation.Ojam/.MainActivity } baseActivity=ComponentInfo{com.softnation.Ojam/com.softnation.Ojam.MainActivity} topActivity=ComponentInfo{com.softnation.Ojam/com.softnation.Ojam.MainActivity} origActivity=null realActivity=ComponentInfo{com.softnation.Ojam/com.softnation.Ojam.MainActivity} numActivities=1 lastActiveTime=1028001278 supportsSplitScreenMultiWindow=true supportsMultiWindow=true resizeMode=1 isResizeable=true minWidth=-1 minHeight=-1 defaultMinSize=200 token=WCT{android.window.IWindowContainerToken$Stub$Proxy@c9e4cdf} topActivityType=1 pictureInPictureParams=null shouldDockBigOverlays=false launchIntoPipHostTaskId=-1 lastParentTaskIdBeforePip=-1 displayCutoutSafeInsets=Rect(0, 104 - 0, 0) topActivityInfo=ActivityInfo{e4cdd2c com.softnation.Ojam.MainActivity} launchCookies=[] positionInParent=Point(0, 0) parentTaskId=-1 isFocused=false isVisible=false isVisibleRequested=false isSleeping=false locusId=null displayAreaFeatureId=1 isTopActivityTransparent=false appCompatTaskInfo=AppCompatTaskInfo { topActivityInSizeCompat=false topActivityEligibleForLetterboxEducation= falseisLetterboxEducationEnabled= false isLetterboxDoubleTapEnabled= false topActivityEligibleForUserAspectRatioButton= false topActivityBoundsLetterboxed= false isFromLetterboxDoubleTap= false topActivityLetterboxVerticalPosition= -1 topActivityLetterboxHorizontalPosition= -1 topActivityLetterboxWidth=1080 topActivityLetterboxHeight=2460 isUserFullscreenOverrideEnabled=false isSystemFullscreenOverrideEnabled=false cameraCompatTaskInfo=CameraCompatTaskInfo { cameraCompatControlState=hidden freeformCameraCompatMode=inactive}} isImmersive=false mTopActivityRequestOrientation=-2 mBehindAppLockPkg=null mOriginatingUid=0 isEmbed
03-02 10:50:41.862  2363  2477 I SoScUtils: monitorTransitionRequest mRequestOpenTransition:null mRequestOpenTriggerTask:-1 mRequestCloseTransition:null mRequestCloseTriggerTask:-1 mRequestCloseStageType:-1
03-02 10:50:41.862  1621  2194 D WindowManager: Set transition=TransitionRecord{694cb4 id=10151 type=OPEN flags=0x0}, ready=false, SyncId=10151 used=true, override=false, defer=0, states=Display{#0 state=ON size=1080x2460 ROTATION_0}:false
03-02 10:50:41.863   921  1170 D SurfaceFlinger: [SF client] NEW(0xb400007caea525a0) for (2363:com.android.systemui)
03-02 10:50:41.864  2363  2477 D OneHandedController: stopOneHanded state is 0
03-02 10:50:41.865  1999 29002 D TaskStackChangeListeners: onTaskDescriptionChanged =  taskId = 37029
03-02 10:50:41.867  2363  2577 D MiuiCameraCoveredManager: java.lang.NullPointerException: Attempt to invoke virtual method 'java.lang.String android.provider.MiuiSettings$SettingsCloudData$CloudData.getString(java.lang.String, java.lang.String)' on a null object reference
03-02 10:50:41.867  2363  2477 D OneHandedController: stopOneHanded state is 0
03-02 10:50:41.868  1621  1650 V GrammaticalInflectionUtils: AttributionSource: android.content.AttributionSource@19923ceb does not have READ_SYSTEM_GRAMMATICAL_GENDER permission.
03-02 10:50:41.868 13966 13966 I ajvw    : (REDACTED) #onPause %s
03-02 10:50:41.869  2363  2648 W libc    : Access denied finding property "ro.vendor.display.iris_x7.support"
03-02 10:50:41.869  1621  1650 I PowerHalWrapper: amsBoostProcessCreate package:com.softnation.Ojam 
03-02 10:50:41.870  2363  2363 I FocusedNotifPromptContr: onTopActivityMayChanged: isSupportPip false, isFocus false
03-02 10:50:41.870  2363  2363 I FocusedNotifPromptContr: onTopActivityMayChanged: topActivity=com.softnation.Ojam
03-02 10:50:41.870  2363  2363 I PromptViewAnimState: topActivityMayChanged: topActivity=com.google.android.googlequicksearchbox --> com.softnation.Ojam
03-02 10:50:41.870  2363  2363 D KeyguardEditorHelper: onTopActivityMayChanged, topActivity=ComponentInfo{com.softnation.Ojam/com.softnation.Ojam.MainActivity}; mState=IDEL
03-02 10:50:41.870   863   958 I libPowerHal: [perfLockAcq] idx:2 hdl:364600 hint:21 pid:863 tid:863 duration:10000 lock_user:vendor.mediatek => ret_hdl:364600
03-02 10:50:41.871  2363  2577 D VRI[Ojam]: hardware acceleration = true, forceHwAccelerated = false
03-02 10:50:41.871   863   958 I libPowerHal: [PE] MTKPOWER_HINT_PROCESS_CREATE update cmd:2024000, param:100, pr:3
03-02 10:50:41.872   863   958 I libPowerHal: [set_kswapd_affinity] set affinity = 16129
03-02 10:50:41.872   863   958 I libPowerHal: [PE] MTKPOWER_HINT_PROCESS_CREATE update ONESHOT(set) cmd:10000700 param:16129 pr:3
03-02 10:50:41.872   863   958 I libPowerHal: [perfLockAcq] Done for hdl : 364600
03-02 10:50:41.873  1999 29002 D EventBus: No subscribers registered for event class com.miui.home.recents.messages.RecentTasksChangedEvent
03-02 10:50:41.873  1999 29002 D EventBus: No subscribers registered for event class org.greenrobot.eventbus.NoSubscriberEvent
03-02 10:50:41.873  1999  2684 D RecentsModel: onTaskStackChangedBackground    MSG_TASK_STACK_CHANGE
03-02 10:50:41.873  1999  2684 D RecentsModel: boostTaskStackChangedThread, don't boost
03-02 10:50:41.874  1621  4246 I AppsFilter: interaction: PackageSetting{131896e com.android.microdroid.empty_payload/10255} -> PackageSetting{30e9baa com.softnation.Ojam/10337} BLOCKED
03-02 10:50:41.874  1999 29002 D EventBus: No subscribers registered for event class com.miui.home.recents.messages.RecentTasksChangedEvent
03-02 10:50:41.874  1999 29002 D EventBus: No subscribers registered for event class org.greenrobot.eventbus.NoSubscriberEvent
03-02 10:50:41.875  1621  4246 D WindowManager: Collecting in transition 10151: ActivityRecord{96cb0dd u0 com.softnation.Ojam/.MainActivity t37029} init visibleRequested:false
03-02 10:50:41.875  1621  4246 D WindowManager: Collecting in transition 10151: ActivityRecord{6d71709 u0 com.google.android.googlequicksearchbox/com.google.android.apps.search.assistant.surfaces.voice.robin.ui.floaty.activity.FloatyActivity t37027} init visibleRequested:true
03-02 10:50:41.876  1621  4246 D WindowManager: Collecting in transition 10151: ActivityRecord{9880759 u0 com.miui.home/.launcher.Launcher t2} init visibleRequested:true
03-02 10:50:41.876  1621  4246 D WindowManager: Collecting in transition 10151: Window{7986e4c u0 com.miui.miwallpaper.wallpaperservice.MiuiKeyguardPictorialWallpaper} init visibleRequested:true
03-02 10:50:41.876  1621  4246 D WindowManager: Collecting in transition 10151: Window{92602d4 u0 com.miui.miwallpaper.wallpaperservice.ImageWallpaper} init visibleRequested:true
03-02 10:50:41.878  1621  4246 D MiuiRefreshRatePolicy: reset
03-02 10:50:41.881   921  1170 I BufferQueueDebug: [4123338 Splash Screen com.softnation.Ojam#133524](this:0xb400007bcec9d4b8,id:-1,api:0,p:-1,c:-1) BufferQueue core=(921:/system/bin/surfaceflinger)
03-02 10:50:41.882  1621  5247 D PreStartingManager: Not init when use PreStartingManager!
03-02 10:50:41.882  1621  5247 I WindowManager: Add startingWindow, surfaceControl = Surface(name=4123338 Splash Screen com.softnation.Ojam#133524)/@0xb92c876 layerId = 133524
03-02 10:50:41.885  1621  4238 I ATMSImpl: cacheTasksForDefaultDisplay size=5
03-02 10:50:41.885  1043  1043 E Zygote  : process_name_ptr:1043 com.softnation.Ojam
03-02 10:50:41.885  1043  1043 E Zygote  : SetMemoryProtected process_name_ptr:1043 com.softnation.Ojam
03-02 10:50:41.885  2363  2577 D InputEventReceiver: Input log is disabled in InputEventReceiver.
03-02 10:50:41.885  1621  5056 I ClipboardServiceI: checkProviderWakePathForClipboard: primaryClip is null
03-02 10:50:41.886  1621  1651 D WindowManager: wms.Focus not requested for window=Window{6009493 u0 com.google.android.googlequicksearchbox/com.google.android.apps.search.assistant.surfaces.voice.robin.ui.floaty.activity.FloatyActivity} because it has no surface or is not focusable.
03-02 10:50:41.888   921   921 I BpBinder: onLastStrongRef automatically unlinking death recipients: 
03-02 10:50:41.888  1999  2684 D RecentsModel: getRunningTask ignoreActivityType : 2 ,ignoreWindowMode:5
03-02 10:50:41.888  1999  2684 W RecentsModel: getRunningTask   taskInfo=TaskInfo{userId=0 taskId=37027 displayId=0 isRunning=true baseIntent=Intent { flg=0x14850000 pkg=com.google.android.googlequicksearchbox cmp=com.google.android.googlequicksearchbox/com.google.android.apps.search.assistant.surfaces.voice.robin.ui.floaty.activity.FloatyActivity } baseActivity=ComponentInfo{com.google.android.googlequicksearchbox/com.google.android.apps.search.assistant.surfaces.voice.robin.ui.floaty.activity.FloatyActivity} topActivity=ComponentInfo{com.google.android.googlequicksearchbox/com.google.android.apps.search.assistant.surfaces.voice.robin.ui.floaty.activity.FloatyActivity} origActivity=null realActivity=ComponentInfo{com.google.android.googlequicksearchbox/com.google.android.apps.search.assistant.surfaces.voice.robin.ui.floaty.activity.FloatyActivity} numActivities=1 lastActiveTime=1028001308 supportsSplitScreenMultiWindow=true supportsMultiWindow=true resizeMode=2 isResizeable=true minWidth=-1 minHeight=-1 defaultMinSize=200 token=WCT{android.window.IWindowContainerToken$Stub$Proxy@18fcda3} topActivityType=1 pictureInPictureParams=null shouldDockBigOverlays=false launchIntoPipHostTaskId=-1 lastParentTaskIdBeforePip=-1 displayCutoutSafeInsets=Rect(0, 104 - 0, 0) topActivityInfo=ActivityInfo{9f468a0 com.google.android.apps.search.assistant.surfaces.voice.robin.ui.floaty.activity.FloatyActivity} launchCookies=[] positionInParent=Point(0, 0) parentTaskId=-1 isFocused=true isVisible=true isVisibleRequested=false isSleeping=false locusId=null displayAreaFeatureId=1 isTopActivityTransparent=true appCompatTaskInfo=AppCompatTaskInfo { topActivityInSizeCompat=false topActivityEligibleForLetterboxEducation= falseisLetterboxEducationEnabled= false isLetterboxDoubleTapEnabled= false topActivityEligibleForUserAspectRatioButton= false topActivityBoundsLetterboxed= false isFromLetterboxDoubleTap= false topActivityLetterboxVerticalPosition= -1 topActivityLetterboxHorizontalPosition= -1 topActivityLetterboxWidth=1080 topActivityLetterboxHeight=2460 isUserFullscreenOverrideEnabled=false isSystemFullscreenOverrideEnabled=false cameraCompatTaskInfo=CameraCompatTaskInfo { cameraCompatControlState=hidden freeformCameraCompatMode=inactive}} isImmersive=false mTopActivityRequestOrientation=-2 mBehindAppLockPkg=null mOriginatingUid=0 isEmbedded=false shouldBeVisible=false mIsCastMode=false mTopActivityMediaSize=null mTopActivityRecordName=ActivityRecord{6d71709 u0 com.google.android.googlequicksearchbox/com.google.android.apps.search.assistant.surfaces.voice.robin.ui.floaty.activity.FloatyActivity t37027} mTopActivityOrientation=-2}
03-02 10:50:41.888  1999  2684 D RecentsModel: preloadRecents runningTaskId:37027, mCurrentRunningTaskId:-1, mRecentsTaskLoadPlan=com.android.systemui.shared.recents.model.RecentsTaskLoadPlan@b17c59
03-02 10:50:41.889  1621  1651 I ActivityTaskManager: visible for Task{27e6aff #2 type=home I=com.miui.home/.launcher.Launcher} visible = true isAnimating = false TRANSITION = false PARENTS = false CHILDREN = false
03-02 10:50:41.889  1621  1651 I ActivityTaskManager: visible for Task{d151cdd #1 type=home} visible = true isAnimating = false TRANSITION = false PARENTS = false CHILDREN = false
03-02 10:50:41.889  1621  1651 I ActivityTaskManager: visible for Task{ba1f32f #37027 type=standard I=com.google.android.googlequicksearchbox/com.google.android.apps.search.assistant.surfaces.voice.robin.ui.floaty.activity.FloatyActivity} visible = true isAnimating = false TRANSITION = false PARENTS = false CHILDREN = false
03-02 10:50:41.889  1999  2684 E ActivityManagerWrapper: get all recent tasks force including 37027
03-02 10:50:41.891   849   868 I hwcomposer: [HWCDisplay] (0 updateFps():3667), (type:1, mode:2) fps:42.831348,dur:1027.28,max:134.33,min:9.49  
03-02 10:50:41.893  1621  4238 D CoreBackPreview: Window{4123338 u0 Splash Screen com.softnation.Ojam}: Setting back callback OnBackInvokedCallbackInfo{mCallback=android.window.IOnBackInvokedCallback$Stub$Proxy@c3b8b13, mPriority=0, mIsAnimationCallback=false}
03-02 10:50:41.894  1621  1667 I ActivityManager: Start proc 1043:com.softnation.Ojam/u0a337 for next-top-activity {com.softnation.Ojam/com.softnation.Ojam.MainActivity} caller=com.android.shell
03-02 10:50:41.895   921  1500 I BufferQueueDebug: [Splash Screen com.softnation.Ojam#133525](this:0xb400007bcec97998,id:-1,api:0,p:-1,c:-1) BufferQueue core=(921:/system/bin/surfaceflinger)
03-02 10:50:41.899  1621  5247 D MiuiRefreshRatePolicy: reset
03-02 10:50:41.899   861   947 I libPerfCtl: xgfGetFPS pid:921 fps:-1
03-02 10:50:41.899   861   947 I libPerfCtl: xgfGetFPS pid:1999 fps:-1
03-02 10:50:41.900   861   947 I libPerfCtl: xgfGetFPS pid:2363 fps:-1
03-02 10:50:41.900   861   947 I libPerfCtl: xgfGetFPS pid:11917 fps:-1
03-02 10:50:41.900   861   947 I libPerfCtl: xgfGetFPS pid:13966 fps:-1
03-02 10:50:41.900   861   947 I libPerfCtl: xgfGetFPS pid:14013 fps:-1
03-02 10:50:41.902  1043  1043 I softnation.Ojam: Late-enabling -Xcheck:jni
03-02 10:50:41.902  1159  1606 D ULogGuard: Monitoring: 18 threads, 0 requests, 0 time-bombs; 1 guards. ResetFlags = 0x7
03-02 10:50:41.901  1621  5247 W WindowManager: Changing focus from Window{6009493 u0 com.google.android.googlequicksearchbox/com.google.android.apps.search.assistant.surfaces.voice.robin.ui.floaty.activity.FloatyActivity} to null displayId=0 Callers=com.android.server.wm.RootWindowContainer.updateFocusedWindowLocked:602 com.android.server.wm.WindowManagerService.updateFocusedWindowLocked:7168 com.android.server.wm.WindowManagerService.relayoutWindowInner:3076 com.android.server.wm.WindowManagerService.relayoutWindow:2724 
03-02 10:50:41.902  1621  5247 D WindowManager: wms.Input focus has changed to null display=0 updateInputWindows = true
03-02 10:50:41.902  1621  5247 I MultiSenceManagerInternalStub: getInstance
03-02 10:50:41.905  2363  2577 D BufferQueueConsumer: [](id:93b00001ad6,api:0,p:-1,c:2363) connect: controlledByApp=false
03-02 10:50:41.908  2363  2577 D BLASTBufferQueue: [VRI[Ojam]#5825](f:0,a:0) constructor()
03-02 10:50:41.908  2363  2577 D BLASTBufferQueue: [VRI[Ojam]#5825](f:0,a:0) update width=1080 height=2460 format=-3 mTransformHint=0
03-02 10:50:41.909  1621  1648 D Aurogon :  uid = 10166 switch to BG
03-02 10:50:41.909  1621  1894 D Aurogon :  onForegroundActivitiesChanged packageName = com.miui.home
03-02 10:50:41.910  1621  1651 I ActivityTaskManager: visible for Task{27e6aff #2 type=home I=com.miui.home/.launcher.Launcher} visible = true isAnimating = false TRANSITION = false PARENTS = false CHILDREN = false
03-02 10:50:41.911  1621  1651 I ActivityTaskManager: visible for Task{d151cdd #1 type=home} visible = true isAnimating = false TRANSITION = false PARENTS = false CHILDREN = false
03-02 10:50:41.911  1621  1651 I ActivityTaskManager: visible for Task{ba1f32f #37027 type=standard I=com.google.android.googlequicksearchbox/com.google.android.apps.search.assistant.surfaces.voice.robin.ui.floaty.activity.FloatyActivity} visible = true isAnimating = false TRANSITION = false PARENTS = false CHILDREN = false
03-02 10:50:41.912  2363  2577 D VRI[Ojam]: vri.reportNextDraw android.view.ViewRootImpl.performTraversals:4984 android.view.ViewRootImpl.doTraversal:3564 android.view.ViewRootImpl$TraversalRunnable.run:11781 android.view.Choreographer$CallbackRecord.run:1804 android.view.Choreographer$CallbackRecord.run:1813 
03-02 10:50:41.912  2363  2577 D VRI[Ojam]: Setup new sync=wmsSync-VRI[Ojam]#90
03-02 10:50:41.917  2363  2648 D HWUI    : makeCurrent grContext:0xb4000079f1a172d0 reset mTextureAvailable
03-02 10:50:41.918  1999  2684 D ActivityManagerWrapper: groupedRecentTaskInfoCompat.getMainTaskId :37027, isExcluded is True
03-02 10:50:41.919  1999  2684 E ActivityManagerWrapper: getRecentTasksForceIncludingTaskIdIfValid: getRecentTasks: size=4
03-02 10:50:41.919  1999  2684 E ActivityManagerWrapper:  mainTaskId=37029   userId=0   windowMode=1   baseIntent=Intent { act=null flag=268435456 cmp=ComponentInfo{com.softnation.Ojam/com.softnation.Ojam.MainActivity} }
03-02 10:50:41.919  1999  2684 E ActivityManagerWrapper:  mainTaskId=37027   userId=0   windowMode=1   baseIntent=Intent { act=null flag=344260608 cmp=ComponentInfo{com.google.android.googlequicksearchbox/com.google.android.apps.search.assistant.surfaces.voice.robin.ui.floaty.activity.FloatyActivity} }
03-02 10:50:41.919  1999  2684 E ActivityManagerWrapper:  mainTaskId=37019   userId=0   windowMode=1   baseIntent=Intent { act=null flag=268435456 cmp=ComponentInfo{com.whatsapp/com.whatsapp.home.ui.HomeActivity} }
03-02 10:50:41.919  1999  2684 E ActivityManagerWrapper:  mainTaskId=36980   userId=0   windowMode=1   baseIntent=Intent { act=android.intent.action.MAIN flag=270532608 cmp=ComponentInfo{com.twitter.android/com.twitter.android.StartActivity} }
03-02 10:50:41.921  1621  1842 I MiuiNetworkPolicy: updateUidState uid = 99351, uidState = 5
03-02 10:50:41.921  1621  1842 I MiuiNetworkPolicy: updateUidState uid = 10337, uidState = 19
03-02 10:50:41.921  1621  1842 I MiuiNetworkPolicy: updateUidState uid = 10200, uidState = 5
03-02 10:50:41.928  1621  1842 I MiuiNetworkPolicy: updateUidState uid = 10181, uidState = 4
03-02 10:50:41.928  1621  1842 I MiuiNetworkPolicy: updateUidState uid = 10168, uidState = 4
03-02 10:50:41.928  1621  1842 I MiuiNetworkPolicy: updateUidState uid = 10166, uidState = 5
03-02 10:50:41.928  1621  1842 I MiuiNetworkPolicy: updateUidState uid = 10162, uidState = 5
03-02 10:50:41.932  2363  2648 D BLASTBufferQueue: [VRI[Ojam]#5825](f:0,a:1) acquireNextBufferLocked size=1080x2460 mFrameNumber=1 applyTransaction=true mTimestamp=610235479585218(auto) mPendingTransactions.size=0 graphicBufferId=10149007875573 transform=0
03-02 10:50:41.934  2363  2577 D VRI[Ojam]: vri.reportDrawFinished
03-02 10:50:41.934 27809 27809 D BoundBrokerSvc: onRebind: Intent { act=com.google.android.gms.clearcut.sampler.service.START dat=chimera-action:/... cmp=com.google.android.gms/.chimera.PersistentDirectBootAwareApiService }
03-02 10:50:41.937  1621  1651 D MiuiRefreshRatePolicy: reset
03-02 10:50:41.938  1621  1651 D PreStartingManager: Not init when use PreStartingManager!
03-02 10:50:41.938  1621  1651 D WindowManager: Set transition=TransitionRecord{694cb4 id=10151 type=OPEN flags=0x0}, ready=true, SyncId=10151 
03-02 10:50:41.941  1621  1651 I SmartPower: com.softnation.Ojam/10337(0): died->visible(1130ms) R(become visible) adj=-10000.
03-02 10:50:41.941  1621  1651 I WindowManager: wms.showSurfaceRobustly mWin:Window{4123338 u0 Splash Screen com.softnation.Ojam}
03-02 10:50:41.942  1621  1651 D WindowManager: Final targets: [Task{9af9323 #37029 type=standard A=10337:com.softnation.Ojam}, Task{ba1f32f #37027 type=standard I=com.google.android.googlequicksearchbox/com.google.android.apps.search.assistant.surfaces.voice.robin.ui.floaty.activity.FloatyActivity}, Task{d151cdd #1 type=home}]
03-02 10:50:41.943 13966 13981 V ClearcutMetricXmitter: Transmission is done.
03-02 10:50:41.943   921  1500 I BufferQueueDebug: [Transition Root #10151: Task=37029#133526](this:0xb400007bceca8af8,id:-1,api:0,p:-1,c:-1) BufferQueue core=(921:/system/bin/surfaceflinger)
03-02 10:50:41.955  2363  2477 I MultiTaskingTaskRepository: needSkip: is home task
03-02 10:50:41.955  2363  2477 W MultiTaskingTaskRepository: onToBackTransitionReady putOrUpdateTaskInfo skip
03-02 10:50:41.956  2363  2477 D MultiTaskingTaskRepository: addOrMoveFullscreenTaskToTop taskId=37029
03-02 10:50:41.957  2363  2477 D MultiTaskingTaskRepository: putOrUpdateTaskInfo: taskInfo.taskId: 37029 current mMultiTaskingTaskInfoList:  ,37027 ,37019 ,36980 ,36770 ,36289 ,5 ,4
03-02 10:50:41.957  2363  2477 D MultiTaskingTaskRepository: java.lang.Throwable
03-02 10:50:41.957  2363  2477 D MultiTaskingTaskRepository: 	at com.android.wm.shell.multitasking.taskmanager.MultiTaskingTaskRepository.updateMultiTaskingTaskInfo(go/retraceme 5c05439c20823397c9aaa04c8ad244598257e2a7e5bd06f03af131ffaee2a4a9:82)
03-02 10:50:41.957  2363  2477 D MultiTaskingTaskRepository: 	at com.android.wm.shell.multitasking.taskmanager.MultiTaskingTaskRepository.putOrUpdateTaskInfo(go/retraceme 5c05439c20823397c9aaa04c8ad244598257e2a7e5bd06f03af131ffaee2a4a9:41)
03-02 10:50:41.957  2363  2477 D MultiTaskingTaskRepository: 	at com.android.wm.shell.multitasking.taskmanager.MultiTaskingTransitionObserver.onTransitionReady(go/retraceme 5c05439c20823397c9aaa04c8ad244598257e2a7e5bd06f03af131ffaee2a4a9:166)
03-02 10:50:41.957  2363  2477 D MultiTaskingTaskRepository: 	at com.android.wm.shell.transition.Transitions.dispatchReady(go/retraceme 5c05439c20823397c9aaa04c8ad244598257e2a7e5bd06f03af131ffaee2a4a9:169)
03-02 10:50:41.957  2363  2477 D MultiTaskingTaskRepository: 	at com.android.wm.shell.transition.Transitions.onTransitionReady(go/retraceme 5c05439c20823397c9aaa04c8ad244598257e2a7e5bd06f03af131ffaee2a4a9:248)
03-02 10:50:41.957  2363  2477 D MultiTaskingTaskRepository: 	at com.android.wm.shell.transition.Transitions$TransitionPlayerImpl$$ExternalSyntheticLambda1.run(go/retraceme 5c05439c20823397c9aaa04c8ad244598257e2a7e5bd06f03af131ffaee2a4a9:47)
03-02 10:50:41.957  2363  2477 D MultiTaskingTaskRepository: 	at android.os.Handler.handleCallback(Handler.java:959)
03-02 10:50:41.957  2363  2477 D MultiTaskingTaskRepository: 	at android.os.Handler.dispatchMessage(Handler.java:100)
03-02 10:50:41.957  2363  2477 D MultiTaskingTaskRepository: 	at android.os.Looper.loopOnce(Looper.java:249)
03-02 10:50:41.957  2363  2477 D MultiTaskingTaskRepository: 	at android.os.Looper.loop(Looper.java:337)
03-02 10:50:41.957  2363  2477 D MultiTaskingTaskRepository: 	at android.os.HandlerThread.run(HandlerThread.java:85)
03-02 10:50:41.957  2363  2477 D MultiTaskingTaskInfo: initFolmeControl::task id = 37029, mBounds = Rect(0, 0 - 1080, 2460)
03-02 10:50:41.958  2363  2477 I ShellTransitions: Is abandon offsetY: false
03-02 10:50:41.958  2363  2477 I ShellTransitions: Is abandon offsetY: false
03-02 10:50:41.958  2363  2477 I ShellTransitions: Is abandon offsetY: false
03-02 10:50:41.958  2363  2477 E TaskViewTransitions: Found a launching TaskView in the wrong transition. All TaskView launches should be initiated by shell and in their own transition: 37029
03-02 10:50:41.958  2363  2477 E KeyguardTransitionHandlerImpl: activityCount = 0
03-02 10:50:41.958  2363  2477 E KeyguardTransitionHandlerImpl: activityCount = 0
03-02 10:50:41.959  2363  2477 D MiuiFreeformModeAnimation: startAnimation change: {WCT{android.window.IWindowContainerToken$Stub$Proxy@25a2bcf} m=OPEN f=NONE leash=Surface(name=Task=37029#133522)/@0xad04b73 sb=Rect(0, 0 - 1080, 2460) eb=Rect(0, 0 - 1080, 2460) d=0 taskParent=-1} info.getType(): 1
03-02 10:50:41.959  2363  2477 D MiuiFreeformModeAnimation: startAnimation change: {WCT{android.window.IWindowContainerToken$Stub$Proxy@ad7e95c} m=TO_BACK f=TRANSLUCENT leash=Surface(name=Task=37027#133407)/@0xf9f5a30 sb=Rect(0, 0 - 1080, 2460) eb=Rect(0, 0 - 1080, 2460) d=0 taskParent=-1} info.getType(): 1
03-02 10:50:41.959  2363  2477 D MiuiFreeformModeAnimation: startAnimation change: {WCT{android.window.IWindowContainerToken$Stub$Proxy@309465} m=TO_BACK f=SHOW_WALLPAPER leash=Surface(name=Task=1#47)/@0x57436a9 sb=Rect(0, 0 - 1080, 2460) eb=Rect(0, 0 - 1080, 2460) d=0 taskParent=-1} info.getType(): 1
03-02 10:50:41.959  2363  2477 D SoScStageCoordinator: inCloseTransition:false pairsStartedWithCloseTransition:false isRequestCloseTriggerTask:false inSingleSoScState:false inSoScUnactivie:true closeStage:null
03-02 10:50:41.962  2363  2477 D TransitionAnimationHelper:  load default animation  type = 1 enter = false animAttr = 19 isTask = true translucent = false
03-02 10:50:41.964  1621  1651 D WindowManager: snapshot isNothing = false source = Task{ba1f32f #37027 type=standard I=com.google.android.googlequicksearchbox/com.google.android.apps.search.assistant.surfaces.voice.robin.ui.floaty.activity.FloatyActivity}
03-02 10:50:41.966   921  1170 I BufferQueueDebug: [Surface(name=5b2ee94 StatusBar#103)/@0xf6cf932 - animation-leash of insets_animation#133527](this:0xb400007bcec64578,id:-1,api:0,p:-1,c:-1) BufferQueue core=(921:/system/bin/surfaceflinger)
03-02 10:50:41.967  2363  2477 D TransitionAnimationHelper:  load default animation  type = 1 enter = false animAttr = 19 isTask = true translucent = false
03-02 10:50:41.968  2363  2477 D TransitionAnimationHelper:  load default animation  type = 1 enter = true animAttr = 18 isTask = true translucent = false
03-02 10:50:41.968   921  1500 I BufferQueueDebug: [Surface(name=77d8129 NavigationBar0#101614)/@0x3faba4f - animation-leash of insets_animation#133528](this:0xb400007bcecc5298,id:-1,api:0,p:-1,c:-1) BufferQueue core=(921:/system/bin/surfaceflinger)
03-02 10:50:41.969  1999  1999 D TaskSnapshotCompatVV: getIsInvalidateFromTaskSnapshot, isInvalidate=false
03-02 10:50:41.969  1999  1999 D EventBus: No subscribers registered for event class com.miui.home.recents.messages.TaskSnapshotChangedEvent
03-02 10:50:41.970  1999  1999 D EventBus: No subscribers registered for event class org.greenrobot.eventbus.NoSubscriberEvent
03-02 10:50:41.970  2363  2540 D ShellTransitions: speed ui!!!!!!!!!!!
03-02 10:50:41.970  1621  1651 D MiuiRefreshRatePolicy: reset
03-02 10:50:41.975  2363  2477 D MulWinSwitchDecorViewModel: handleEventReceiverIfMultiWinSwitchIsUnsupported: removeEventReceiver, callers=com.android.wm.shell.multitasking.miuimultiwinswitch.miuiwindowdecor.MulWinSwitchDecorViewModel.onTaskOpening:7 com.android.wm.shell.fullscreen.FullscreenTaskListener.onTaskAppeared:97 com.android.wm.shell.ShellTaskOrganizer.onTaskAppeared:9 com.android.wm.shell.ShellTaskOrganizer.onTaskAppeared:3 android.window.TaskOrganizer$1.lambda$onTaskAppeared$5:312 
03-02 10:50:41.976  2363  2477 D MultiTaskingTaskRepository: addOrMoveFullscreenTaskToTop taskId=37029
03-02 10:50:41.978  1999  2756 D EventBus: No subscribers registered for event class com.miui.home.recents.messages.RecentTasksChangedEvent
03-02 10:50:41.978  1999  2756 D EventBus: No subscribers registered for event class org.greenrobot.eventbus.NoSubscriberEvent
03-02 10:50:41.978  1999  2684 D TaskSnapshotCompatVV: getIsInvalidateFromTaskSnapshot, return, mTaskSnapshot=null, mTaskSnapshotClazz=null
03-02 10:50:41.979  1043  1043 I softnation.Ojam: Using CollectorTypeCMC GC.
03-02 10:50:41.979  1621  1651 I ActivityTaskManager: visible for Task{27e6aff #2 type=home I=com.miui.home/.launcher.Launcher} visible = true isAnimating = false TRANSITION = false PARENTS = false CHILDREN = false
03-02 10:50:41.979   921  1500 I BufferQueueDebug: [5802587 ActivityRecordInputSink com.softnation.Ojam/.MainActivity#133529](this:0xb400007bcecdbf18,id:-1,api:0,p:-1,c:-1) BufferQueue core=(921:/system/bin/surfaceflinger)
03-02 10:50:41.980  6027  3111 I SCTaskStackListener: onTaskStackChanged! inSplit = false
03-02 10:50:41.981  1055  1186 D connsyslogger: SD_LOG_ROOT is /data/debuglogger/connsyslog/fw.
03-02 10:50:41.981  1055  1186 D connsyslogger: systemReady:1
03-02 10:50:41.984  1621  5247 W UserManagerService: Requested status bar icon for non-badged user 0
03-02 10:50:41.985  1999  2684 D TaskSnapshotCompatVV: getIsInvalidateFromTaskSnapshot, isInvalidate=false
03-02 10:50:41.985  1999  2684 D RecentsModel: onTaskStackChangedBackground    MSG_TASK_STACK_CHANGE
03-02 10:50:41.985  1999  2684 D RecentsModel: boostTaskStackChangedThread, don't boost
03-02 10:50:41.986  1621  4238 I ATMSImpl: cacheTasksForDefaultDisplay size=5
03-02 10:50:41.988   921   921 I SurfaceFlinger: onHandleDestroyed: name=Surface(name=77d8129 NavigationBar0#101614)/@0x3faba4f - animation-leash of insets_animation#133515, layerId=133515, parentId=0
03-02 10:50:41.988   921   921 I SurfaceFlinger: onHandleDestroyed: name=Surface(name=5b2ee94 StatusBar#103)/@0xf6cf932 - animation-leash of insets_animation#133514, layerId=133514, parentId=0
03-02 10:50:41.989  1999  2684 D RecentsModel: getRunningTask ignoreActivityType : 2 ,ignoreWindowMode:5
03-02 10:50:41.989  1999  2684 W RecentsModel: getRunningTask   taskInfo=TaskInfo{userId=0 taskId=37027 displayId=0 isRunning=true baseIntent=Intent { flg=0x14850000 pkg=com.google.android.googlequicksearchbox cmp=com.google.android.googlequicksearchbox/com.google.android.apps.search.assistant.surfaces.voice.robin.ui.floaty.activity.FloatyActivity } baseActivity=ComponentInfo{com.google.android.googlequicksearchbox/com.google.android.apps.search.assistant.surfaces.voice.robin.ui.floaty.activity.FloatyActivity} topActivity=ComponentInfo{com.google.android.googlequicksearchbox/com.google.android.apps.search.assistant.surfaces.voice.robin.ui.floaty.activity.FloatyActivity} origActivity=null realActivity=ComponentInfo{com.google.android.googlequicksearchbox/com.google.android.apps.search.assistant.surfaces.voice.robin.ui.floaty.activity.FloatyActivity} numActivities=1 lastActiveTime=1028001410 supportsSplitScreenMultiWindow=true supportsMultiWindow=true resizeMode=2 isResizeable=true minWidth=-1 minHeight=-1 defaultMinSize=200 token=WCT{android.window.IWindowContainerToken$Stub$Proxy@f13aa82} topActivityType=1 pictureInPictureParams=null shouldDockBigOverlays=false launchIntoPipHostTaskId=-1 lastParentTaskIdBeforePip=-1 displayCutoutSafeInsets=Rect(0, 104 - 0, 0) topActivityInfo=ActivityInfo{bdf6593 com.google.android.apps.search.assistant.surfaces.voice.robin.ui.floaty.activity.FloatyActivity} launchCookies=[] positionInParent=Point(0, 0) parentTaskId=-1 isFocused=true isVisible=true isVisibleRequested=false isSleeping=false locusId=null displayAreaFeatureId=1 isTopActivityTransparent=true appCompatTaskInfo=AppCompatTaskInfo { topActivityInSizeCompat=false topActivityEligibleForLetterboxEducation= falseisLetterboxEducationEnabled= false isLetterboxDoubleTapEnabled= false topActivityEligibleForUserAspectRatioButton= false topActivityBoundsLetterboxed= false isFromLetterboxDoubleTap= false topActivityLetterboxVerticalPosition= -1 topActivityLetterboxHorizontalPosition= -1 topActivityLetterboxWidth=1080 topActivityLetterboxHeight=2460 isUserFullscreenOverrideEnabled=false isSystemFullscreenOverrideEnabled=false cameraCompatTaskInfo=CameraCompatTaskInfo { cameraCompatControlState=hidden freeformCameraCompatMode=inactive}} isImmersive=false mTopActivityRequestOrientation=-2 mBehindAppLockPkg=null mOriginatingUid=0 isEmbedded=false shouldBeVisible=false mIsCastMode=false mTopActivityMediaSize=null mTopActivityRecordName=ActivityRecord{6d71709 u0 com.google.android.googlequicksearchbox/com.google.android.apps.search.assistant.surfaces.voice.robin.ui.floaty.activity.FloatyActivity t37027} mTopActivityOrientation=-2}
03-02 10:50:41.989  1999  2684 D RecentsModel: preloadRecents runningTaskId:37027, mCurrentRunningTaskId:-1, mRecentsTaskLoadPlan=com.android.systemui.shared.recents.model.RecentsTaskLoadPlan@1c339d0
03-02 10:50:41.990  1999  2684 E ActivityManagerWrapper: get all recent tasks force including 37027
03-02 10:50:41.991  7123  7128 I adbd    : jdwp connection from 1043
03-02 10:50:42.002  1999  2684 D ActivityManagerWrapper: groupedRecentTaskInfoCompat.getMainTaskId :37027, isExcluded is True
03-02 10:50:42.002  1999  2684 E ActivityManagerWrapper: getRecentTasksForceIncludingTaskIdIfValid: getRecentTasks: size=4
03-02 10:50:42.002  1999  2684 E ActivityManagerWrapper:  mainTaskId=37029   userId=0   windowMode=1   baseIntent=Intent { act=null flag=268435456 cmp=ComponentInfo{com.softnation.Ojam/com.softnation.Ojam.MainActivity} }
03-02 10:50:42.002  1999  2684 E ActivityManagerWrapper:  mainTaskId=37027   userId=0   windowMode=1   baseIntent=Intent { act=null flag=344260608 cmp=ComponentInfo{com.google.android.googlequicksearchbox/com.google.android.apps.search.assistant.surfaces.voice.robin.ui.floaty.activity.FloatyActivity} }
03-02 10:50:42.002  1999  2684 E ActivityManagerWrapper:  mainTaskId=37019   userId=0   windowMode=1   baseIntent=Intent { act=null flag=268435456 cmp=ComponentInfo{com.whatsapp/com.whatsapp.home.ui.HomeActivity} }
03-02 10:50:42.002  1999  2684 E ActivityManagerWrapper:  mainTaskId=36980   userId=0   windowMode=1   baseIntent=Intent { act=android.intent.action.MAIN flag=270532608 cmp=ComponentInfo{com.twitter.android/com.twitter.android.StartActivity} }
03-02 10:50:42.005   921   921 I BufferQueueDebug: [Surface(name=77d8129 NavigationBar0#101614)/@0x3faba4f - animation-leash of insets_animation#133515](this:0xb400007bcec7df88,id:-1,api:0,p:-1,c:921) onDestructor()
03-02 10:50:42.005   921   921 I BufferQueueDebug: [Surface(name=5b2ee94 StatusBar#103)/@0xf6cf932 - animation-leash of insets_animation#133514](this:0xb400007bcecbf778,id:-1,api:0,p:-1,c:921) onDestructor()
03-02 10:50:42.019  1043  1043 D nativeloader: Load libframework-connectivity-tiramisu-jni.so using APEX ns com_android_tethering for caller /apex/com.android.tethering/javalib/framework-connectivity-t.jar: ok
03-02 10:50:42.019  1999  2684 D TaskSnapshotCompatVV: getIsInvalidateFromTaskSnapshot, return, mTaskSnapshot=null, mTaskSnapshotClazz=null
03-02 10:50:42.036  1043  1043 I MessageMonitor: Load libmiui_runtime
03-02 10:50:42.046  1621  4238 D SymlinkUtils: attachApplication file op go pass: 1 ms
03-02 10:50:42.054  1621  1648 D Aurogon :  uid = 10337 switch to FG
03-02 10:50:42.055  1621  4238 W MiuiBoosterUtils: enable_miuibooster_launch : false
03-02 10:50:42.057  1621  1842 I MiuiNetworkPolicy: updateUidState uid = 10337, uidState = 2
03-02 10:50:42.060  1621  1894 D isUidValid: uid = 10337
03-02 10:50:42.062  1621  1918 E HyperSentinel: -------------------------------------------------------
03-02 10:50:42.062  1621  1918 E HyperSentinel: Event_ThreadAmount
03-02 10:50:42.062  1621  1918 E HyperSentinel: -> audit event by proc 1043 "usap64": running threads amount, 0 -> 12
03-02 10:50:42.064  1043  7581 D MiuiDownscaleImpl: set override inverted scale : 1.0
03-02 10:50:42.065  1621  1918 E HyperSentinel: -------------------------------------------------------
03-02 10:50:42.065  1621  1918 E HyperSentinel: Event_ResidentSize
03-02 10:50:42.065  1621  1918 E HyperSentinel: -> audit event by proc 1043 "usap64": RSS increasement, peak 71904kb -> 107860kb
03-02 10:50:42.067  1043  1043 I JavaheapMonitor: Disabled. Process name: <pre-initialized>
03-02 10:50:42.068  1043  7581 D AppScoutStateMachine: 1043-ScoutStateMachinecreated
03-02 10:50:42.077  1043  1043 D MiuiMonitorThread: Shared singleton Thread for stability monitor start
03-02 10:50:42.114  1043  1043 D ActivityThread: setEmbeddedParam packageName=com.softnation.Ojam processName=com.softnation.Ojam isEmbedded=false isIsolated=false
03-02 10:50:42.266  1621  4238 I ClipboardServiceI: checkProviderWakePathForClipboard: primaryClip is null
03-02 10:50:42.270  1621  4238 D AS.BtHelper: isBluetoothScoOn() mBluetoothHeadset is null: falsemBluetoothHeadsetDevice is null: true
03-02 10:50:42.270  1621  4238 V AS.AudioDeviceBroker: requestedCommunicationDevice: null mAudioModeOwner: AudioModeInfo: mMode=MODE_NORMAL, mPid=0, mUid=0
03-02 10:50:42.270  1621  2188 D AS.BtHelper: isBluetoothScoOn() mBluetoothHeadset is null: falsemBluetoothHeadsetDevice is null: true
03-02 10:50:42.271  1621  2188 V AS.AudioDeviceBroker: requestedCommunicationDevice: null mAudioModeOwner: AudioModeInfo: mMode=MODE_NORMAL, mPid=0, mUid=0
03-02 10:50:42.296  1621  2188 D ActivityManager: getProcessesInErrorState callingUid=10126, CallingPid=31485
03-02 10:50:42.325   921   921 I BufferQueueProducer: [FramebufferSurface](this:0xb400007d8e9dff50,id:-1,api:1,p:921,c:921) queueBuffer: fps=47.89 dur=1002.20 max=134.06 min=9.40
03-02 10:50:42.386  1621  2188 I whetstone.activity: Power Event callback listener is empty for resId=256
03-02 10:50:42.386  1621  2188 D BatteryStatsManagerStub: notifyEvent for resId=256 used 0ms
03-02 10:50:42.392  1621  1842 I MiuiNetworkPolicy: updateUidState uid = 10374, uidState = 10
03-02 10:50:42.399  1621  1842 I MiuiNetworkPolicy: updateUidState uid = 10374, uidState = 19
03-02 10:50:42.500  2363  2540 E SurfaceComposerClient: SurfaceComposerClient::Transaction::setAlpha: invalid alpha 1.000005, clamping
03-02 10:50:42.516  2363  2540 E SurfaceComposerClient: SurfaceComposerClient::Transaction::setAlpha: invalid alpha 1.000042, clamping
03-02 10:50:42.533  2363  2540 E SurfaceComposerClient: SurfaceComposerClient::Transaction::setAlpha: invalid alpha 1.000063, clamping
03-02 10:50:42.550  2363  2540 E SurfaceComposerClient: SurfaceComposerClient::Transaction::setAlpha: invalid alpha 1.000064, clamping
03-02 10:50:42.551  2363  2540 E SurfaceComposerClient: SurfaceComposerClient::Transaction::setAlpha: invalid alpha 1.000064, clamping
