03-02 11:49:06.696  1999 17839 E MarketCustomizeReflectHelper: 	at java.lang.Class.classForName(Native Method)
03-02 11:49:06.696  1999 17839 E MarketCustomizeReflectHelper: 	at java.lang.Class.forName(Class.java:591)
03-02 11:49:06.696  1999 17839 E MarketCustomizeReflectHelper: 	at java.lang.Class.forName(Class.java:496)
03-02 11:49:06.696  1999 17839 E MarketCustomizeReflectHelper: 	at com.miui.home.launcher.operationicon.MarketCustomizeReflectHelper.getCurrentValidCustomizeIconIDs(MarketCustomizeReflectHelper.kt:23)
03-02 11:49:06.696  1999 17839 E MarketCustomizeReflectHelper: 	at com.miui.home.launcher.operationicon.MarketCustomizeIconManager.refreshCustomizeIcon(MarketCustomizeIconManager.kt:82)
03-02 11:49:06.696  1999 17839 E MarketCustomizeReflectHelper: 	at com.miui.home.launcher.operationicon.MarketCustomizeIconManager.onLauncherResume$lambda-2(MarketCustomizeIconManager.kt:50)
03-02 11:49:06.696  1999 17839 E MarketCustomizeReflectHelper: 	at com.miui.home.launcher.operationicon.MarketCustomizeIconManager.$r8$lambda$okGGNcpWViq7KK594p5NCFKNLA4(Unknown Source:0)
03-02 11:49:06.696  1999 17839 E MarketCustomizeReflectHelper: 	at com.miui.home.launcher.operationicon.MarketCustomizeIconManager$$ExternalSyntheticLambda0.run(Unknown Source:0)
03-02 11:49:06.696  1999 17839 E MarketCustomizeReflectHelper: 	at java.util.concurrent.Executors$RunnableAdapter.call(Executors.java:520)
03-02 11:49:06.696  1999 17839 E MarketCustomizeReflectHelper: 	at java.util.concurrent.FutureTask.run(FutureTask.java:317)
03-02 11:49:06.696  1999 17839 E MarketCustomizeReflectHelper: 	at java.util.concurrent.ThreadPoolExecutor.runWorker(ThreadPoolExecutor.java:1154)
03-02 11:49:06.696  1999 17839 E MarketCustomizeReflectHelper: 	at java.util.concurrent.ThreadPoolExecutor$Worker.run(ThreadPoolExecutor.java:652)
03-02 11:49:06.696  1999 17839 E MarketCustomizeReflectHelper: 	at java.lang.Thread.run(Thread.java:1563)
03-02 11:49:06.696  1999 17839 E MarketCustomizeReflectHelper: Caused by: java.lang.ClassNotFoundException: miui.content.res.MarketIconCustomizer
03-02 11:49:06.696  1999 17839 E MarketCustomizeReflectHelper: 	... 13 more
03-02 11:49:06.703  1621  1651 I ActivityTaskManager: visible for Task{b64798c #37046 type=standard A=10337:com.softnation.Ojam} visible = true isAnimating = false TRANSITION = false PARENTS = false CHILDREN = false
03-02 11:49:06.721  2061  2061 I MiuiWallpaper-ImageWallpaper: onVisibilityChanged, visible = true, ret=true
03-02 11:49:06.727  2061  2061 I MiuiWallpaper-MiuiKeyguardPictorialWallpaper: onVisibilityChanged, visible = true, ret=true
03-02 11:49:06.730  2061 12253 W HWUI    : Surface doesn't have any previously queued frames, nothing to readback from
03-02 11:49:06.731  1621  1842 I MiuiNetworkPolicy: updateUidState uid = 99406, uidState = 3
03-02 11:49:06.731  2061 12253 W HWUI    : Surface doesn't have any previously queued frames, nothing to readback from
03-02 11:49:06.735   921   921 I BufferQueueProducer: [NavigationBar0#101619](this:0xb400007bced454e8,id:-1,api:0,p:-1,c:921) queueBuffer: fps=0.40 dur=69382.02 max=68932.22 min=15.98
03-02 11:49:06.736  8942  8942 D BoundBrokerSvc: onBind: Intent { act=com.google.android.gms.measurement.START pkg=com.google.android.gms }
03-02 11:49:06.736  8942  8942 D BoundBrokerSvc: Loading bound service for intent: Intent { act=com.google.android.gms.measurement.START pkg=com.google.android.gms }
03-02 11:49:06.740  1999  4905 D EventGDTLogger: Session Event: {"eventType":1,"sessionData":{"sessionId":"5f946d4bb3e14f86a5bad05b2deb5bdd","firstSessionId":"76992cb7a32941a5952733e9816a06e7","sessionIndex":86,"eventTimestampUs":1772448546678000,"dataCollectionStatus":{"performance":1,"crashlytics":2,"sessionSamplingRate":1.0},"firebaseInstallationId":"de7RSrBQRC-OPgQvRufQyq","firebaseAuthenticationToken":"eyJhbGciOiJFUzI1NiIsInR5cCI6IkpXVCJ9.eyJhcHBJZCI6IjE6NTgzNjE3MDM1MDY3OmFuZHJvaWQ6ZjYyZTBjYzg1MDRlOThjOTM0MTUxZSIsImV4cCI6MTc3MjYwODA5MiwiZmlkIjoiZGU3UlNyQlFSQy1PUGdRdlJ1ZlF5cSIsInByb2plY3ROdW1iZXIiOjU4MzYxNzAzNTA2N30.AB2LPV8wRQIhAMURnY901TbWyIZRRXj9e9wLw8hEs922Vo8uy0b_l7rrAiAzGSVlBmJUxDQ1u7UhCjnyizZJHjzfpzZra02mOoRDDg"},"applicationInfo":{"appId":"1:583617035067:android:f62e0cc8504e98c934151e","deviceModel":"2404ARN45A","sessionSdkVersion":"1.2.4","osVersion":"15","logEnvironment":3,"androidAppInfo":{"packageName":"com.miui.home","versionName":"RELEASE-5.39.40.11283-06202038","appBuildVersion":"539411283","deviceManufacturer":"Xiaomi","currentProcessDetails":{"processName":"com.miui.home","pid":1999,"importance":100,"defaultProcess":true},"appProcessDetails":[{"processName":"com.miui.home","pid":1999,"importance":100,"defaultProcess":true}]}}}
03-02 11:49:06.741  1999  4905 D SessionFirelogPublisher: Successfully logged Session Start event: 5f946d4bb3e14f86a5bad05b2deb5bdd
03-02 11:49:06.755  1141  7637 E IPCThreadState: Binder transaction failure. id: 356201318, BR_*: 29201, error: -1 (Operation not permitted)
03-02 11:49:06.755  1141  7637 W BpBinder: Large or Failed outgoing transaction of 108 bytes, interface descriptor , code 1
03-02 11:49:06.771  1205 24079 E mediaswcodec: unlinkToDeath: removed reference to death recipient but unlink failed: DEAD_OBJECT
03-02 11:49:06.771   921  1587 I SurfaceFlinger: onHandleDestroyed: name=Surface(name=5b2ee94 StatusBar#103)/@0xf6cf932 - animation-leash of insets_animation#134529, layerId=134529, parentId=0
03-02 11:49:06.771   921  1587 I SurfaceFlinger: onHandleDestroyed: name=Surface(name=77d8129 NavigationBar0#101614)/@0x3faba4f - animation-leash of insets_animation#134530, layerId=134530, parentId=0
03-02 11:49:06.771   921  1587 D SurfaceFlinger: [SF client] REMOVE (0xb400007caea48d30) for (30938:com.softnation.Ojam)
03-02 11:49:06.771  1205 19259 E mediaswcodec: unlinkToDeath: removed reference to death recipient but unlink failed: DEAD_OBJECT
03-02 11:49:06.771   921  1587 D SurfaceFlinger: [SF client] REMOVE (0xb400007cae9f7f70) for (30938:com.softnation.Ojam)
03-02 11:49:06.772   921  1587 D SurfaceFlinger: [SF client] REMOVE (0xb400007caea45fa0) for (30938:com.softnation.Ojam)
03-02 11:49:06.772   921  1587 D SurfaceFlinger: [SF client] REMOVE (0xb400007caea53560) for (30938:com.softnation.Ojam)
03-02 11:49:06.772  1621  2655 I ImeTracker: com.softnation.Ojam:1d351399: onRequestHide at ORIGIN_SERVER reason HIDE_REMOVE_CLIENT fromUser false
03-02 11:49:06.772  1205 19259 D AidlBufferPool: bufferpool2 0xb400007362c76e58 : 0(0 size) total buffers - 0(0 size) used buffers - 110/114 (recycle/alloc) - 4/114 (fetch/transfer)
03-02 11:49:06.772  1205 19259 D AidlBufferPool: bufferpool2 0xb400007362c8afc8 : 0(0 size) total buffers - 0(0 size) used buffers - 327/330 (recycle/alloc) - 3/330 (fetch/transfer)
03-02 11:49:06.772  1205 19259 D AidlBufferPool: Destruction - bufferpool2 0xb400007362c8afc8 cached: 0/0M, 0/0% in use; allocs: 330, 99% recycled; transfers: 330, 99% unfetched
03-02 11:49:06.772  1205  2026 E IPCThreadState: Binder transaction failure. id: 356201337, BR_*: 29189, error: -22 (Invalid argument)
03-02 11:49:06.772  1205  2026 D AidlBufferPoolAcc: During invalidation found 1 dead clients
03-02 11:49:06.772  1621  2662 I WindowManager: WIN DEATH: Window{2d9f44 u0 com.softnation.Ojam/com.softnation.Ojam.MainActivity}
03-02 11:49:06.772  1205 19259 D AidlBufferPool: Destruction - bufferpool2 0xb400007362c76e58 cached: 0/0M, 0/0% in use; allocs: 114, 96% recycled; transfers: 114, 96% unfetched
03-02 11:49:06.770   921  1170 D SurfaceFlinger: [SF client] REMOVE (0xb400007caea2ee10) for (30938:com.softnation.Ojam)
03-02 11:49:06.773  1621  2662 W InputManager-JNI: Input channel object '2d9f44 com.softnation.Ojam/com.softnation.Ojam.MainActivity (client)' was disposed without first being removed with the input manager!
03-02 11:49:06.773  1205  6316 D AidlBufferPool: bufferpool2 0xb400007362c82068 : 0(0 size) total buffers - 0(0 size) used buffers - 0/0 (recycle/alloc) - 0/0 (fetch/transfer)
03-02 11:49:06.773  1205  6316 D AidlBufferPool: Destruction - bufferpool2 0xb400007362c82068 cached: 0/0M, 0/0% in use; allocs: 0, 0% recycled; transfers: 0, 0% unfetched
03-02 11:49:06.774  7123  7123 I adbd    : Remote process closed the socket (on MSG_PEEK)
03-02 11:49:06.774  1621  2834 I MediaSessionStack: removeSession | record: com.softnation.Ojam/androidx.media3.session.id./94 (userId=0)
03-02 11:49:06.775  1621  2834 D MediaSessionService: destroySessionLocked: record=com.softnation.Ojam/androidx.media3.session.id./94 (userId=0)
03-02 11:49:06.776  1621  2655 I ImeTracker: com.softnation.Ojam:1d351399: onCancelled at PHASE_SERVER_SHOULD_HIDE
03-02 11:49:06.777   894  7410 V AudioPolicyInterfaceImpl: releaseOutput()
03-02 11:49:06.778   894  7410 V audio_utils::mutex: mutex_impl: audio_mutex initialized: ret:0  order:6
03-02 11:49:06.778  6515  7082 D MirrorManager:  sendAcceptInput 0 0
03-02 11:49:06.778  1621  1856 D ConnectivityService: releasing NetworkRequest [ REQUEST id=242728, [ Capabilities: INTERNET&NOT_RESTRICTED&TRUSTED&NOT_VCN_MANAGED&NOT_BANDWIDTH_CONSTRAINED Uid: 10337 RequestorUid: 10337 RequestorPkg: com.softnation.Ojam UnderlyingNetworks: Null] ] (release request)
03-02 11:49:06.779  1621  1856 D ConnectivityService: releasing NetworkRequest [ REQUEST id=242731, [ Capabilities: INTERNET&NOT_RESTRICTED&TRUSTED&NOT_VCN_MANAGED&NOT_BANDWIDTH_CONSTRAINED Uid: 10337 RequestorUid: 10337 RequestorPkg: com.softnation.Ojam UnderlyingNetworks: Null] ] (release request)
03-02 11:49:06.780  1124  2136 E mediaserver: unlinkToDeath: removed reference to death recipient but unlink failed: DEAD_OBJECT
03-02 11:49:06.781  2363  3215 I ActiveSessionRecord_export-api: onSessionDestroyed
03-02 11:49:06.781  1621  4763 I MediaFocusControl: AudioFocus  removeFocusStackEntryOnDeath(): removing entry for android.os.BinderProxy@a97b3a6
03-02 11:49:06.781  2363  3215 I ActiveAudioSessionManager_export-api: controllerSize:0
03-02 11:49:06.782  2363 19600 I ActiveSessionRecord_export-api: onSessionDestroyed
03-02 11:49:06.782  1621  1676 D SsruManagerImpl: MiSsru Sensor not init!!!!
03-02 11:49:06.782  2363 19600 I ActiveAudioSessionManager_export-api: controllerSize:0
03-02 11:49:06.785  1621  2662 D MiuiRefreshRatePolicy: reset
03-02 11:49:06.786   835   835 I Zygote  : Process 30938 exited due to signal 9 (Killed)
03-02 11:49:06.786   894  1284 V AudioPolicyInterfaceImpl: doReleaseOutput from tid 1284
03-02 11:49:06.787   894  1284 D APM_AudioPolicyManager: releaseOutput() output 21, stream 3, session 57793 [uid=10337]
03-02 11:49:06.787  1621  1668 I libprocessgroup: Removed cgroup /sys/fs/cgroup/uid_10337/pid_30938
03-02 11:49:06.787   921   921 I BufferQueueDebug: [Surface(name=5b2ee94 StatusBar#103)/@0xf6cf932 - animation-leash of insets_animation#134529](this:0xb400007bcecb13a8,id:-1,api:0,p:-1,c:921) onDestructor()
03-02 11:49:06.788   921   921 I BufferQueueDebug: [Surface(name=77d8129 NavigationBar0#101614)/@0x3faba4f - animation-leash of insets_animation#134530](this:0xb400007bceccadb8,id:-1,api:0,p:-1,c:921) onDestructor()
03-02 11:49:06.788   894  7410 D audioserver: logFgsApiEnd: FGS Logger Transaction failed, -129
03-02 11:49:06.790  1124  2136 E IPCThreadState: attemptIncStrongHandle(11): Not supported
03-02 11:49:06.791 18562 18562 V MediaPlayerList: onActiveSessionsChanged: number of controllers: 0
03-02 11:49:06.791  1621  2662 I BLASTSyncEngine: SyncGroup 10186:  Unfinished container:ActivityRecord{9880759 u0 com.miui.home/.launcher.Launcher t2}
03-02 11:49:06.791  1621  2662 I BLASTSyncEngine: isActivitySyncFinished isSyncFinished false ActivityRecord{9880759 u0 com.miui.home/.launcher.Launcher t2}
03-02 11:49:06.794  1621  1650 W ActivityManager: setHasOverlayUi called on unknown pid: 30938
03-02 11:49:06.802  2363 19600 I ActiveAudioSessionManager_export-api: dispatchTopActiveSessionChangeCallbackLocked, size:1
03-02 11:49:06.802  2363 19600 I GlobalMiPlayAudioManager: onActiveAudioSessionChange activeSession is null
03-02 11:49:06.802  2363 19600 D MiCastSDKImpl: setPlaybackState state -999
03-02 11:49:06.802  1621  1651 I ActivityTaskManager: visible for Task{b64798c #37046 type=standard A=10337:com.softnation.Ojam} visible = true isAnimating = false TRANSITION = false PARENTS = false CHILDREN = false
03-02 11:49:06.802  2363  3215 I ActiveAudioSessionManager_export-api: dispatchTopActiveSessionChangeCallbackLocked, size:1
03-02 11:49:06.802  2363  3215 I ActiveAudioSessionManager_export-api: stopPositionCallbackTask
03-02 11:49:06.803  2363 19600 I GlobalMiPlayAudioManager: dispatchCallback, what, 1
03-02 11:49:06.803  2363 19600 I ActiveAudioSessionManager_export-api: stopPositionCallbackTask
03-02 11:49:06.803  2363 19600 I ActiveAudioSessionManager_export-api: dispatchSessionsExistsChangeCallbackLocked :false
03-02 11:49:06.803  2363 19600 I MiPlayServiceAdapter: markSessionKilled
03-02 11:49:06.804  2363  3215 I ActiveAudioSessionManager_export-api: dispatchSessionsExistsChangeCallbackLocked :false
03-02 11:49:06.804  2363  2363 D MiPlayDetailViewModel: onActiveAudioSessionChange(): audioSessionList?.size =0
03-02 11:49:06.805 19603 19603 W MultiDeviceManager: setPlaybackState state -999
03-02 11:49:06.805  2363  2363 D MiPlayController: miplay service state invalid = 0
03-02 11:49:06.805 19603 19603 I CastDeviceManager: setPlaybackState: state -999
03-02 11:49:06.805 19603 19603 W CastDeviceManager: setPlaybackState: castSession is null return
03-02 11:49:06.805  2363  2363 D MiPlayDetailViewModel: isMiuiMusic:false null,releaseVersion:1
03-02 11:49:06.805  2363  2363 D MiPlayDetailViewModel: updateAudioSession true
03-02 11:49:06.812 18562 18562 I PlayerSettingsManager: getPlayerRepeatMode: no active player
03-02 11:49:06.812 18562 18562 I PlayerSettingsManager: getPlayerShuffleMode: no active player
03-02 11:49:06.812 18562 18562 I PlayerSettingsManager: updateRemoteDevice: STATE_REPEAT_OFF, STATE_SHUFFLE_OFF
03-02 11:49:06.812 18562 18562 I bluetooth: avrcp_service.cc:685 SendPlayerSettingsChanged: 
03-02 11:49:06.812 18562 18562 I bluetooth: avrcp_service.cc:699 SendPlayerSettingsChanged: attribute=PlayerAttribute::REPEAT : value=PlayerRepeatValue::OFF
03-02 11:49:06.812 18562 18562 I bluetooth: attribute=PlayerAttribute::SHUFFLE : value=PlayerShuffleValue::OFF
03-02 11:49:06.814  1999  1999 D DragContainerLayout: dispatch draw with clip rect: null
03-02 11:49:06.870 27281 27281 I ectn    : Constructor was called
03-02 11:49:06.883   861   947 I libPerfCtl: xgfGetFPS pid:2363 fps:-1
03-02 11:49:06.883   861   947 I libPerfCtl: xgfGetFPS pid:11917 fps:-1
03-02 11:49:06.883   861   947 I libPerfCtl: xgfGetFPS pid:27281 fps:-1
03-02 11:49:06.890  1621  1856 D ConnectivityService: NetReassign [no changes] [c 0] [a 2] [i 4]
03-02 11:49:06.899  1621  2834 W XSpaceManagerServiceImpl: checkXSpaceControl, from:com.android.shell, to:com.softnation.Ojam, with act:null, callingUserId:0, toUserId:0
03-02 11:49:06.900  1621  2740 D ActivityManager: getProcessesInErrorState callingUid=10126, CallingPid=7064
03-02 11:49:06.900  1621  2834 W ActivityTaskManager: callingPackage for (uid=2000, pid=8656) has no WPC
03-02 11:49:06.902   863   958 I mtkpower@impl: [powerd_req] TIMER_MSG_PERF_LOCK_TIMEOUT hdl:368862
03-02 11:49:06.902   863   958 I libPowerHal: [perfLockRel] hdl:368862, idx:1
03-02 11:49:06.902   863   958 I libPowerHal: [unsetGPUFreq] current min:0, max:0; scn_gpu_min:0, scn_gpu_max:-1; scn_gpu_min(HL):-1, scn_gpu_max(HL):-1
03-02 11:49:06.902   863   958 I libPowerHal: system_server: set gpu opp level: 31
03-02 11:49:06.902   863   958 I libPowerHal: system_server: set gpu opp level max: 0
03-02 11:49:06.902   863   958 I libPowerHal: [setGPUFreq] Soft min/max = (31, 0); Hard min/max = (31, 0)
03-02 11:49:06.902   863   958 I libPowerHal: [setGPUFreq] final min/max = (31, 0)
03-02 11:49:06.902   863   958 I libPowerHal: system_server: set gpu opp level: 31
03-02 11:49:06.903   863   958 I libPowerHal: system_server: set gpu opp level max: 0
03-02 11:49:06.903   863   958 I libPowerHal: [PD] system_server update cmd:400200 param:-1 pr:6
03-02 11:49:06.903  1621  2834 D PreStartingManager: Not init when use PreStartingManager!
03-02 11:49:06.903   863   958 I libPowerHal: [recordCPUFreqInfo] set cluster[0] min(system_server): 1800000 max(-1): -1 cluster[1] min(system_server): 2000000 max(-1): -1
03-02 11:49:06.903   863   958 I libPowerHal: [perfLockRel] Done for hdl : 368862
03-02 11:49:06.903  1621  2834 W OptProp : Cannot read opt property android.window.PROPERTY_COMPAT_ALLOW_ORIENTATION_OVERRIDE
03-02 11:49:06.904  1621  2834 V GrammaticalInflectionUtils: AttributionSource: android.content.AttributionSource@19923ceb does not have READ_SYSTEM_GRAMMATICAL_GENDER permission.
03-02 11:49:06.905  1621  2834 W OptProp : Cannot read opt property android.window.PROPERTY_COMPAT_ALLOW_RESIZEABLE_ACTIVITY_OVERRIDES
03-02 11:49:06.906  1621  2834 W OptProp : Cannot read opt property android.window.PROPERTY_COMPAT_ALLOW_MIN_ASPECT_RATIO_OVERRIDE
03-02 11:49:06.908  1621  2834 I ActivityTaskManager: isKeyguardEditor: false, newTransition: null
03-02 11:49:06.908  1621  2834 D WindowManager: Collecting in transition 10186: ActivityRecord{640b739 u0 com.softnation.Ojam/.MainActivity init visibleRequested:false
03-02 11:49:06.908  1621  2834 D MiuiFreeformServiceImpl: addLaunchFreeformActivityOptionIfNeed skip due to not find sourceTask: null sourceFfas: null sourceFreeFormActivity: null
03-02 11:49:06.909  1621  2834 I PowerHalWrapper: PowerHalWrapper.getInstance 
03-02 11:49:06.910  1621  2834 D PerfMTKStubImpl: initBoostParamByDevice
03-02 11:49:06.910  2363  2477 D OneHandedController: stopOneHanded state is 0
03-02 11:49:06.911   921  1166 I BufferQueueDebug: [Task=37048#134546](this:0xb400007bceca5d68,id:-1,api:0,p:-1,c:-1) BufferQueue core=(921:/system/bin/surfaceflinger)
03-02 11:49:06.913  1621  2834 D WindowManager: setLockTaskAuth: task=Task{6b186df #37048 type=standard A=10337:com.softnation.Ojam} mLockTaskAuth=LOCK_TASK_AUTH_PINNABLE
03-02 11:49:06.913  1621  2834 D WindowManager: Collecting in transition 10186: Task{6b186df #37048 type=standard A=10337:com.softnation.Ojam} init visibleRequested:false
03-02 11:49:06.914   921  1166 I BufferQueueDebug: [ActivityRecord{640b739 u0 com.softnation.Ojam/.MainActivity t37048}#134547](this:0xb400007bcecd3668,id:-1,api:0,p:-1,c:-1) BufferQueue core=(921:/system/bin/surfaceflinger)
03-02 11:49:06.915  1621  2834 D WindowManager: setLockTaskAuth: task=Task{6b186df #37048 type=standard A=10337:com.softnation.Ojam} mLockTaskAuth=LOCK_TASK_AUTH_PINNABLE
03-02 11:49:06.915  1621  2834 D MiuiFreeFormManagerService: onStartActivityInner as = Task{6b186df #37048 type=standard A=10337:com.softnation.Ojam} op = null
03-02 11:49:06.917  1621  2834 D ActivityTaskManager: Task#startActivityLocked isOrhasTask=true newTask=true
03-02 11:49:06.917   863   909 I mtkpower@impl: [setMode] type:5, enabled:1
03-02 11:49:06.918   863   958 I libPowerHal: [perfLockAcq] idx:1 hdl:368864 hint:77 pid:863 tid:863 duration:30000 lock_user:vendor.mediatek => ret_hdl:368864
03-02 11:49:06.918   863   958 I ThermalBreakConfigReader: [getTargetfreqinfo] [getTargetfreqinfo] hint get target result freq:boost:1 cpu0:1800000 cpu6:2000000 cpumask:ff
03-02 11:49:06.918   863   958 I ExtendedPerfBoost: [thermalbreak_verification] needbreak curr breakmode 1, scence id 0, set: boost:1 cpu0:1800000 cpu6:2000000 cpumask:ff
03-02 11:49:06.918   863   958 I ExtendedPerfBoost: [triggerList_add] [triggerList_add] come into triggerList_add
03-02 11:49:06.918   863   958 I ExtendedPerfBoost: [triggerList_add] get item from freelist 0x6fcc5ba018
03-02 11:49:06.918   863   958 I ExtendedPerfBoost: [triggerList_add] init new item prio:2, duration:3000, param:boost:1 cpu0:1800000 cpu6:2000000 cpumask:ff
03-02 11:49:06.918   863   958 I ExtendedPerfBoost: [triggerList_add] add item prio in empty list
03-02 11:49:06.918   863   958 I ExtendedPerfBoost: [trig_thermalbreak] trigger one node
03-02 11:49:06.918   863   958 I ExtendedUtils: [timer_sampling_set] come in timer_sampling_set, duration :3000
03-02 11:49:06.918   863   958 I ExtendedUtils: [settimer] come in settimer, time_now :613740467, time_end: 613743467
03-02 11:49:06.918   863   958 I ExtendedPerfBoost: [setThermalBreak] [setThermalBreak] : boost:1 cpu0:1800000 cpu6:2000000 cpumask:ff
03-02 11:49:06.918  1621  2834 I WindowManager: Try to add startingWindow type = STARTING_WINDOW_TYPE_SPLASH_SCREEN this = ActivityRecord{640b739 u0 com.softnation.Ojam/.MainActivity t37048} preAllowTaskSnapshot = true afterAllowTaskSnapshot = true newTask = true taskSwitch = true processRunning = false activityCreated = false activityAllDrawn = false isSnapshotCompatible = false resolvedTheme = 2131952195 theme = 2131952195
03-02 11:49:06.918   863   958 I libPowerHal: [perfLockAcq] Done for hdl : 368864
03-02 11:49:06.920  1621  2834 D PreStartingManager: Not init when use PreStartingManager!
03-02 11:49:06.920  1621  2834 I PowerHalWrapper: amsBoostNotify pid:1999,activity:com.miui.home.launcher.Launcher, package:com.miui.home, mProcessCreatePackcom.softnation.Ojam 
03-02 11:49:06.920  1621  2834 I PowerHalWrapper: state: 0 
03-02 11:49:06.921  1621  2834 I mtkpower_client: [PowerHal_Wrap_notifyAppState] com.miui.home/com.miui.home.launcher.Launcher pid=1999 activityId:159909721 state:0
03-02 11:49:06.922   849   849 I hwcomposer: [HWCDisplay] (0 updateFps():3667), (type:1, mode:2) fps:19.844978,dur:1007.81,max:461.90,min:14.19  
03-02 11:49:06.922   861   861 I vendor.mediatek.hardware.mtkpower_applist-service.mediatek: packName: com.miui.home actName: com.miui.home.launcher.Launcher pid: 1999 activityId: 159909721 uid: 10166 state: 0
03-02 11:49:06.922   861   861 I MTK_APPList: [notifyAPPstate] com.miui.home/com.miui.home.launcher.Launcher, pid=1999, activityId=159909721, uid=10166, state:PAUSED, fps:-1, win:1
03-02 11:49:06.922   861   861 I MTK_APPList: [notifyAPPstate] multi_resumed_app_count: 1
03-02 11:49:06.922   861   861 I MTK_APPList: [notifyAPPstate] multi_resumed_app_info[0] com.android.systemui/com.android.systemui._190038181, pid:2363, activityId:-1, fps:-1, isMultiWindow:0
03-02 11:49:06.922   861   861 I MTK_APPList: [getForegroundAPPCount] 1
03-02 11:49:06.922   861   861 I MTK_APPList: [notifyNetdUID] 10166
03-02 11:49:06.922  1621  2834 I PowerHalWrapper: amsBoostNotify AMS_BOOST_PROCESS_CREATE_BOOST:false 
03-02 11:49:06.923  1621  1621 D MBrainLocalService: isVendorFreezeConditionPass is false
03-02 11:49:06.923  1621  1621 E MBrainLocalService: notifyAppSwitch failed
03-02 11:49:06.923   861   861 I MTK_APPList: [notifyPID] 1999
03-02 11:49:06.923  1621  2834 D WindowManager: Set transition=TransitionRecord{1826dc3 id=10186 type=CLOSE flags=0x0}, ready=false, SyncId=10186 used=true, override=false, defer=0, states=Display{#0 state=ON size=1080x2460 ROTATION_0}:false
03-02 11:49:06.923   863   958 I libPowerHal: [perfSetSysInfo] pid type:24, 1999
03-02 11:49:06.924  1621  2834 I ActivityTaskManager: Add Task{b64798c #37046 type=standard A=10337:com.softnation.Ojam} to hidden list because adding Task{6b186df #37048 type=standard A=10337:com.softnation.Ojam}
03-02 11:49:06.924  1621  2834 D WindowManager: Collecting in transition 10186: ActivityRecord{640b739 u0 com.softnation.Ojam/.MainActivity t37048} init visibleRequested:false
03-02 11:49:06.924  1621  2834 D WindowManager: Set transition=TransitionRecord{1826dc3 id=10186 type=CLOSE flags=0x0}, ready=false, SyncId=10186 used=true, override=false, defer=0, states=Display{#0 state=ON size=1080x2460 ROTATION_0}:false
03-02 11:49:06.925  1621  2834 D MiuiRefreshRatePolicy: reset
03-02 11:49:06.926  1621  2834 I ActivityTaskManager: START u0 {flg=0x10000000 cmp=com.softnation.Ojam/.MainActivity} with LAUNCH_SINGLE_TASK from uid 2000 from pid 8656 callingPackage com.android.shell (BAL_ALLOW_PERMISSION) result code=0
03-02 11:49:06.928   921  1166 D SurfaceFlinger: [SF client] NEW(0xb400007cae9f7f70) for (2363:com.android.systemui)
03-02 11:49:06.930  2363  2577 D MiuiCameraCoveredManager: java.lang.NullPointerException: Attempt to invoke virtual method 'java.lang.String android.provider.MiuiSettings$SettingsCloudData$CloudData.getString(java.lang.String, java.lang.String)' on a null object reference
03-02 11:49:06.931  1621  1651 I ActivityTaskManager: visible for Task{b64798c #37046 type=standard A=10337:com.softnation.Ojam} visible = true isAnimating = false TRANSITION = false PARENTS = false CHILDREN = false
03-02 11:49:06.933  1999  1817 D TaskStackChangeListeners: onTaskDescriptionChanged =  taskId = 37048
03-02 11:49:06.933  2363  2477 D OneHandedController: stopOneHanded state is 0
03-02 11:49:06.934  2363  2477 D OneHandedController: stopOneHanded state is 0
03-02 11:49:06.935  1621  1651 I ActivityTaskManager: visible for Task{b64798c #37046 type=standard A=10337:com.softnation.Ojam} visible = true isAnimating = false TRANSITION = false PARENTS = false CHILDREN = false
03-02 11:49:06.936  2363  2363 I FocusedNotifPromptContr: onTopActivityMayChanged: isSupportPip false, isFocus false
03-02 11:49:06.936  2363  2363 I FocusedNotifPromptContr: onTopActivityMayChanged: topActivity=com.softnation.Ojam
03-02 11:49:06.936  2363  2363 I PromptViewAnimState: topActivityMayChanged: topActivity=com.miui.home --> com.softnation.Ojam
03-02 11:49:06.936  2363  2363 D KeyguardEditorHelper: onTopActivityMayChanged, topActivity=ComponentInfo{com.softnation.Ojam/com.softnation.Ojam.MainActivity}; mState=IDEL
03-02 11:49:06.939  1621  1650 V GrammaticalInflectionUtils: AttributionSource: android.content.AttributionSource@19923ceb does not have READ_SYSTEM_GRAMMATICAL_GENDER permission.
03-02 11:49:06.939  2363  2648 W libc    : Access denied finding property "ro.vendor.display.iris_x7.support"
03-02 11:49:06.940  2363  2577 D VRI[Ojam]: hardware acceleration = true, forceHwAccelerated = false
03-02 11:49:06.943   921  2359 I BufferQueueDebug: [15e6573 Splash Screen com.softnation.Ojam#134548](this:0xb400007bceccadb8,id:-1,api:0,p:-1,c:-1) BufferQueue core=(921:/system/bin/surfaceflinger)
03-02 11:49:06.944  1621  2740 D PreStartingManager: Not init when use PreStartingManager!
03-02 11:49:06.944  1621  2740 I WindowManager: Add startingWindow, surfaceControl = Surface(name=15e6573 Splash Screen com.softnation.Ojam#134548)/@0xa69562e layerId = 134548
03-02 11:49:06.945  1621  1650 I PowerHalWrapper: amsBoostProcessCreate package:com.softnation.Ojam 
03-02 11:49:06.946   863   958 I libPowerHal: [perfLockAcq] idx:3 hdl:368865 hint:21 pid:863 tid:863 duration:10000 lock_user:vendor.mediatek => ret_hdl:368865
03-02 11:49:06.947  2363  2577 D InputEventReceiver: Input log is disabled in InputEventReceiver.
03-02 11:49:06.947   863   958 I libPowerHal: [PE] MTKPOWER_HINT_PROCESS_CREATE update cmd:2024000, param:100, pr:3
03-02 11:49:06.947   863   958 I libPowerHal: [set_kswapd_affinity] set affinity = 16129
03-02 11:49:06.947   863   958 I libPowerHal: [PE] MTKPOWER_HINT_PROCESS_CREATE update ONESHOT(set) cmd:10000700 param:16129 pr:3
03-02 11:49:06.947   863   958 I libPowerHal: [perfLockAcq] Done for hdl : 368865
03-02 11:49:06.949  1621  2740 D CoreBackPreview: Window{15e6573 u0 Splash Screen com.softnation.Ojam}: Setting back callback OnBackInvokedCallbackInfo{mCallback=android.window.IOnBackInvokedCallback$Stub$Proxy@cafe5cf, mPriority=0, mIsAnimationCallback=false}
03-02 11:49:06.950   921  2359 I BufferQueueDebug: [Splash Screen com.softnation.Ojam#134549](this:0xb400007bcecb13a8,id:-1,api:0,p:-1,c:-1) BufferQueue core=(921:/system/bin/surfaceflinger)
03-02 11:49:06.953  1621  2662 D MiuiRefreshRatePolicy: reset
03-02 11:49:06.954  1999  1817 D EventBus: No subscribers registered for event class com.miui.home.recents.messages.RecentTasksChangedEvent
03-02 11:49:06.954  1999  2684 D RecentsModel: onTaskStackChangedBackground    MSG_TASK_STACK_CHANGE
03-02 11:49:06.954  1999  1817 D EventBus: No subscribers registered for event class org.greenrobot.eventbus.NoSubscriberEvent
03-02 11:49:06.954  1999  2684 D RecentsModel: boostTaskStackChangedThread, don't boost
03-02 11:49:06.955  1999  1817 D EventBus: No subscribers registered for event class com.miui.home.recents.messages.RecentTasksChangedEvent
03-02 11:49:06.955  1999  1817 D EventBus: No subscribers registered for event class org.greenrobot.eventbus.NoSubscriberEvent
03-02 11:49:06.956  1621  1651 I ActivityTaskManager: visible for Task{b64798c #37046 type=standard A=10337:com.softnation.Ojam} visible = true isAnimating = false TRANSITION = false PARENTS = false CHILDREN = false
03-02 11:49:06.957  2363  2577 D BufferQueueConsumer: [](id:93b00001af2,api:0,p:-1,c:2363) connect: controlledByApp=false
03-02 11:49:06.958  2363  2577 D BLASTBufferQueue: [VRI[Ojam]#5853](f:0,a:0) constructor()
03-02 11:49:06.958  2363  2577 D BLASTBufferQueue: [VRI[Ojam]#5853](f:0,a:0) update width=1080 height=2460 format=-3 mTransformHint=0
03-02 11:49:06.959  1621  1667 I ActivityManager: Start proc 4007:com.softnation.Ojam/u0a337 for next-top-activity {com.softnation.Ojam/com.softnation.Ojam.MainActivity} caller=com.android.shell
03-02 11:49:06.960 27281 27281 I ecqm    : (REDACTED) init, initialized: %s
03-02 11:49:06.960  1621  4427 I ATMSImpl: cacheTasksForDefaultDisplay size=4
03-02 11:49:06.961  2363  2577 D VRI[Ojam]: vri.reportNextDraw android.view.ViewRootImpl.performTraversals:4984 android.view.ViewRootImpl.doTraversal:3564 android.view.ViewRootImpl$TraversalRunnable.run:11781 android.view.Choreographer$CallbackRecord.run:1804 android.view.Choreographer$CallbackRecord.run:1813 
03-02 11:49:06.962  2363  2577 D VRI[Ojam]: Setup new sync=wmsSync-VRI[Ojam]#46
03-02 11:49:06.963  4007  4007 E Zygote  : process_name_ptr:4007 com.softnation.Ojam
03-02 11:49:06.963  4007  4007 E Zygote  : SetMemoryProtected process_name_ptr:4007 com.softnation.Ojam
03-02 11:49:06.963  1621  2662 I ClipboardServiceI: checkProviderWakePathForClipboard: primaryClip is null
03-02 11:49:06.964  2363  2648 D HWUI    : makeCurrent grContext:0xb4000079f1a172d0 reset mTextureAvailable
03-02 11:49:06.964  1999  2684 D RecentsModel: getRunningTask ignoreActivityType : 2 ,ignoreWindowMode:5
03-02 11:49:06.964  1999  2684 W RecentsModel: getRunningTask   taskInfo=TaskInfo{userId=0 taskId=37048 displayId=0 isRunning=true baseIntent=Intent { flg=0x10000000 cmp=com.softnation.Ojam/.MainActivity } baseActivity=ComponentInfo{com.softnation.Ojam/com.softnation.Ojam.MainActivity} topActivity=ComponentInfo{com.softnation.Ojam/com.softnation.Ojam.MainActivity} origActivity=null realActivity=ComponentInfo{com.softnation.Ojam/com.softnation.Ojam.MainActivity} numActivities=1 lastActiveTime=1031506344 supportsSplitScreenMultiWindow=true supportsMultiWindow=true resizeMode=1 isResizeable=true minWidth=-1 minHeight=-1 defaultMinSize=200 token=WCT{android.window.IWindowContainerToken$Stub$Proxy@5be603f} topActivityType=1 pictureInPictureParams=null shouldDockBigOverlays=false launchIntoPipHostTaskId=-1 lastParentTaskIdBeforePip=-1 displayCutoutSafeInsets=Rect(0, 104 - 0, 0) topActivityInfo=ActivityInfo{31c5d0c com.softnation.Ojam.MainActivity} launchCookies=[] positionInParent=Point(0, 0) parentTaskId=-1 isFocused=false isVisible=false isVisibleRequested=false isSleeping=false locusId=null displayAreaFeatureId=1 isTopActivityTransparent=false appCompatTaskInfo=AppCompatTaskInfo { topActivityInSizeCompat=false topActivityEligibleForLetterboxEducation= falseisLetterboxEducationEnabled= false isLetterboxDoubleTapEnabled= false topActivityEligibleForUserAspectRatioButton= false topActivityBoundsLetterboxed= false isFromLetterboxDoubleTap= false topActivityLetterboxVerticalPosition= -1 topActivityLetterboxHorizontalPosition= -1 topActivityLetterboxWidth=1080 topActivityLetterboxHeight=2460 isUserFullscreenOverrideEnabled=false isSystemFullscreenOverrideEnabled=false cameraCompatTaskInfo=CameraCompatTaskInfo { cameraCompatControlState=hidden freeformCameraCompatMode=inactive}} isImmersive=false mTopActivityRequestOrientation=-2 mBehindAppLockPkg=null mOriginatingUid=0 isEmbedded=false shouldBeVisible=true mIsCastMode=false mTopActivityMediaSize=null mTopActivityRecordName=ActivityRecord{640b739 u0 com.softnation.Ojam/.MainActivity t37048} mTopActivityOrientation=-2}
03-02 11:49:06.964  1999  2684 D RecentsModel: preloadRecents runningTaskId:37048, mCurrentRunningTaskId:-1, mRecentsTaskLoadPlan=com.android.systemui.shared.recents.model.RecentsTaskLoadPlan@ab57655
03-02 11:49:06.966  1999  2684 E ActivityManagerWrapper: get all recent tasks force including 37048
03-02 11:49:06.968  1621  1651 I ActivityTaskManager: visible for Task{b64798c #37046 type=standard A=10337:com.softnation.Ojam} visible = true isAnimating = false TRANSITION = false PARENTS = false CHILDREN = false
03-02 11:49:06.977  2363  2648 D BLASTBufferQueue: [VRI[Ojam]#5853](f:0,a:1) acquireNextBufferLocked size=1080x2460 mFrameNumber=1 applyTransaction=true mTimestamp=613740524080888(auto) mPendingTransactions.size=0 graphicBufferId=10149007875964 transform=0
03-02 11:49:06.978 27281 27281 I bpbq    : No savedInstanceState.
03-02 11:49:06.979  1621  1922 I SmartPower: com.facebook.katana/10287(4176): background->idle(3002ms) R(broadcast start Intent { act=android.intent.action.BATTERY_CHANGED flg=0x60000010 (has extras) }) adj=915.
03-02 11:49:06.979  2363  2577 D VRI[Ojam]: vri.reportDrawFinished
03-02 11:49:06.979 27281 27281 I bpbq    : makeRequest: subscribing to new source
03-02 11:49:06.979  1621  1922 I SmartPower: com.instagram.barcelona/10075(6655): background->idle(3001ms) R(broadcast start Intent { act=android.intent.action.BATTERY_CHANGED flg=0x60000010 (has extras) }) adj=905.
03-02 11:49:06.980  1621  1922 I SmartPower: com.instagram.android/10301(6778): background->idle(3001ms) R(broadcast start Intent { act=android.intent.action.BATTERY_CHANGED flg=0x60000010 (has extras) }) adj=905.
03-02 11:49:06.980  1999  2684 E ActivityManagerWrapper: getRecentTasksForceIncludingTaskIdIfValid: getRecentTasks: size=3
03-02 11:49:06.980  1999  2684 E ActivityManagerWrapper:  mainTaskId=37048   userId=0   windowMode=1   baseIntent=Intent { act=null flag=268435456 cmp=ComponentInfo{com.softnation.Ojam/com.softnation.Ojam.MainActivity} }
03-02 11:49:06.980  1999  2684 E ActivityManagerWrapper:  mainTaskId=37019   userId=0   windowMode=1   baseIntent=Intent { act=null flag=268435456 cmp=ComponentInfo{com.whatsapp/com.whatsapp.home.ui.HomeActivity} }
03-02 11:49:06.980  1999  2684 E ActivityManagerWrapper:  mainTaskId=36980   userId=0   windowMode=1   baseIntent=Intent { act=android.intent.action.MAIN flag=270532608 cmp=ComponentInfo{com.twitter.android/com.twitter.android.StartActivity} }
03-02 11:49:06.981  1621  1922 I SmartPower: com.facebook.stella/10126(7064): background->idle(3001ms) R(broadcast start Intent { act=android.intent.action.BATTERY_CHANGED flg=0x60000010 (has extras) }) adj=905.
03-02 11:49:06.983  4007  4007 I softnation.Ojam: Late-enabling -Xcheck:jni
03-02 11:49:06.985  1621  1651 D MiuiRefreshRatePolicy: reset
03-02 11:49:06.985  1621  1651 D PreStartingManager: Not init when use PreStartingManager!
03-02 11:49:06.991  1621  1651 I ActivityTaskManager: visible for Task{b64798c #37046 type=standard A=10337:com.softnation.Ojam} visible = true isAnimating = false TRANSITION = false PARENTS = false CHILDREN = false
03-02 11:49:06.997 27281 27281 I ectn    : OnCreate Was Called
03-02 11:49:07.000  1999  2684 D TaskSnapshotCompatVV: getIsInvalidateFromTaskSnapshot, return, mTaskSnapshot=null, mTaskSnapshotClazz=null
03-02 11:49:07.001  1999  2684 D RecentsModel: onTaskStackChangedBackground    MSG_TASK_STACK_CHANGE
03-02 11:49:07.001  1999  2684 D RecentsModel: boostTaskStackChangedThread, don't boost
03-02 11:49:07.002  1621  1651 I ActivityTaskManager: visible for Task{b64798c #37046 type=standard A=10337:com.softnation.Ojam} visible = true isAnimating = false TRANSITION = false PARENTS = false CHILDREN = false
03-02 11:49:07.006  1999  2551 D BLASTBufferQueue: [VRI[Launcher]#1206](f:0,a:1) acquireNextBufferLocked size=1080x2460 mFrameNumber=1 applyTransaction=true mTimestamp=613740553345426(auto) mPendingTransactions.size=0 graphicBufferId=8585639639186 transform=0
03-02 11:49:07.006  1621  4427 I ATMSImpl: cacheTasksForDefaultDisplay size=4
03-02 11:49:07.008  1999  1999 D VRI[Launcher]: vri.reportDrawFinished
03-02 11:49:07.009  1999  2684 D RecentsModel: getRunningTask ignoreActivityType : 2 ,ignoreWindowMode:5
03-02 11:49:07.009  1999  1999 W Looper  : PerfMonitor doFrame : time=363ms vsyncFrame=19929864 latency=121ms procState=-1 historyMsgCount=1 (msgIndex=1 wall=139ms seq=648556 h=android.app.ActivityThread$H w=159)
03-02 11:49:07.009  1621  4427 D WindowManager: wms.finishDrawingLocked: mDrawState=COMMIT_DRAW_PENDING Window{d85ca12 u0 com.miui.home/com.miui.home.launcher.Launcher} in Surface(name=com.miui.home/com.miui.home.launcher.Launcher#134543)/@0x7cba35d
03-02 11:49:07.009  1999  2684 W RecentsModel: getRunningTask   taskInfo=TaskInfo{userId=0 taskId=37048 displayId=0 isRunning=true baseIntent=Intent { flg=0x10000000 cmp=com.softnation.Ojam/.MainActivity } baseActivity=ComponentInfo{com.softnation.Ojam/com.softnation.Ojam.MainActivity} topActivity=ComponentInfo{com.softnation.Ojam/com.softnation.Ojam.MainActivity} origActivity=null realActivity=ComponentInfo{com.softnation.Ojam/com.softnation.Ojam.MainActivity} numActivities=1 lastActiveTime=1031506344 supportsSplitScreenMultiWindow=true supportsMultiWindow=true resizeMode=1 isResizeable=true minWidth=-1 minHeight=-1 defaultMinSize=200 token=WCT{android.window.IWindowContainerToken$Stub$Proxy@2f41a4} topActivityType=1 pictureInPictureParams=null shouldDockBigOverlays=false launchIntoPipHostTaskId=-1 lastParentTaskIdBeforePip=-1 displayCutoutSafeInsets=Rect(0, 104 - 0, 0) topActivityInfo=ActivityInfo{2f71b0d com.softnation.Ojam.MainActivity} launchCookies=[] positionInParent=Point(0, 0) parentTaskId=-1 isFocused=false isVisible=false isVisibleRequested=false isSleeping=false locusId=null displayAreaFeatureId=1 isTopActivityTransparent=false appCompatTaskInfo=AppCompatTaskInfo { topActivityInSizeCompat=false topActivityEligibleForLetterboxEducation= falseisLetterboxEducationEnabled= false isLetterboxDoubleTapEnabled= false topActivityEligibleForUserAspectRatioButton= false topActivityBoundsLetterboxed= false isFromLetterboxDoubleTap= false topActivityLetterboxVerticalPosition= -1 topActivityLetterboxHorizontalPosition= -1 topActivityLetterboxWidth=1080 topActivityLetterboxHeight=2460 isUserFullscreenOverrideEnabled=false isSystemFullscreenOverrideEnabled=false cameraCompatTaskInfo=CameraCompatTaskInfo { cameraCompatControlState=hidden freeformCameraCompatMode=inactive}} isImmersive=false mTopActivityRequestOrientation=-2 mBehindAppLockPkg=null mOriginatingUid=0 isEmbedded=false shouldBeVisible=true mIsCastMode=false mTopActivityMediaSize=null mTopActivityRecordName=ActivityRecord{640b739 u0 com.softnation.Ojam/.MainActivity t37048} mTopActivityOrientation=-2}
03-02 11:49:07.009  1999  2684 D RecentsModel: preloadRecents runningTaskId:37048, mCurrentRunningTaskId:-1, mRecentsTaskLoadPlan=com.android.systemui.shared.recents.model.RecentsTaskLoadPlan@682aac2
03-02 11:49:07.010  1999 17839 I Launcher.ApplicationsMessage: onReceive true
03-02 11:49:07.010  1999 17839 I Launcher.ApplicationsMessage: update com.softnation.Ojam/ to null
03-02 11:49:07.011  1999  1999 I Launcher.widget: onInvisible com.google.android.apps.wellbeing.widget.screentime.ScreenTimeWidgetProviderReceiver_Receiver
03-02 11:49:07.011  1999  2684 E ActivityManagerWrapper: get all recent tasks force including 37048
03-02 11:49:07.011  1621  1651 D MiuiRefreshRatePolicy: reset
03-02 11:49:07.011  1999  1999 I Launcher.widget: onInvisible com.google.android.apps.bard.widget.RobinToolBarAppWidgetReceiver
03-02 11:49:07.011  1999  1999 I Launcher.widget: onInvisible com.google.android.googlequicksearchbox.SearchWidgetProvider
03-02 11:49:07.013 27281 27281 I PromoManagerDataService: PromoManagerDataServiceImpl.getTabTypePromotion[MINUS_ONE]
03-02 11:49:07.015  1621  1651 D MiuiRefreshRatePolicy: reset
03-02 11:49:07.017  1999  1999 D RecentsImpl: mActivityStateObserver com.miui.home.launcher.Launcher
03-02 11:49:07.017  1999  1999 W RecentsImpl: onResumed className=com.miui.home.launcher.Launcher   forceUpdate=false   mIsInAnotherPro=false   isKeyguardLocked=false   mIsStatusBarExpansion=false   mSecuritySpaceGuideShown=false
03-02 11:49:07.018  1999  1999 D UserSceneDetector: invoke error.
03-02 11:49:07.019  1621  1651 I ActivityTaskManager: visible for Task{b64798c #37046 type=standard A=10337:com.softnation.Ojam} visible = true isAnimating = false TRANSITION = false PARENTS = false CHILDREN = false
03-02 11:49:07.021  1999  1999 W Looper  : PerfMonitor doFrame : time=4ms vsyncFrame=19929870 latency=364ms procState=-1 historyMsgCount=7 (msgIndex=1 wall=363ms seq=648557 late=121ms h=android.view.Choreographer$FrameHandler c=android.view.Choreographer$FrameDisplayEventReceiver)
03-02 11:49:07.021  1999  1999 D TouchInteractionService: onSystemUiFlagsChanged, mSystemUiStateFlags=10020000
03-02 11:49:07.021  1999  1999 D SessionLifecycleClient: Session update received: 5f946d4bb3e14f86a5bad05b2deb5bdd
03-02 11:49:07.022  1999  2684 E ActivityManagerWrapper: getRecentTasksForceIncludingTaskIdIfValid: getRecentTasks: size=3
03-02 11:49:07.022  1999  2684 E ActivityManagerWrapper:  mainTaskId=37048   userId=0   windowMode=1   baseIntent=Intent { act=null flag=268435456 cmp=ComponentInfo{com.softnation.Ojam/com.softnation.Ojam.MainActivity} }
03-02 11:49:07.022  1999  2684 E ActivityManagerWrapper:  mainTaskId=37019   userId=0   windowMode=1   baseIntent=Intent { act=null flag=268435456 cmp=ComponentInfo{com.whatsapp/com.whatsapp.home.ui.HomeActivity} }
03-02 11:49:07.022  1999  2684 E ActivityManagerWrapper:  mainTaskId=36980   userId=0   windowMode=1   baseIntent=Intent { act=android.intent.action.MAIN flag=270532608 cmp=ComponentInfo{com.twitter.android/com.twitter.android.StartActivity} }
03-02 11:49:07.023 27281 27358 D nativeloader: Load /data/app/~~zxyH2ZASsHfTq5CoJVJtmQ==/com.google.android.googlequicksearchbox-_0C7rvbNeoG2PtSH0JbZFA==/base.apk!/lib/arm64-v8a/libelements.so using class loader ns clns-7 (caller=/data/app/~~zxyH2ZASsHfTq5CoJVJtmQ==/com.google.android.googlequicksearchbox-_0C7rvbNeoG2PtSH0JbZFA==/base.apk!classes2.dex): ok
03-02 11:49:07.027  1999  2508 D SessionLifecycleClient: Sending lifecycle 2 to service
03-02 11:49:07.027  1999  4922 D SessionLifecycleService: Activity backgrounding at 613740576
03-02 11:49:07.028  1999  1999 D Launcher.Lifecycle: onPause:UserHandle{0},c143874,false
03-02 11:49:07.028  1999  1999 D Launcher_UnlockAnimationStateMachine: onPause = IDLE
03-02 11:49:07.028  1999  1999 D Launcher_UnlockAnimationStateMachine: setState:PAUSE_WAIT
03-02 11:49:07.028  1999  1999 D LauncherAssistantCompatGoogle: onPause com.google.android.libraries.gsa.launcherclient.LauncherClient@b8351e8
03-02 11:49:07.029  1999  4904 D SessionLifecycleClient: Notified CRASHLYTICS of new session 5f946d4bb3e14f86a5bad05b2deb5bdd
03-02 11:49:07.029  1999  1999 D ServiceDeliveryReplaceHelper: onPause: widget to serviceDeliver isReplace false
03-02 11:49:07.030  1999  2684 D TaskSnapshotCompatVV: getIsInvalidateFromTaskSnapshot, return, mTaskSnapshot=null, mTaskSnapshotClazz=null
03-02 11:49:07.032  1621  4427 I AppsFilter: interaction: PackageSetting{131896e com.android.microdroid.empty_payload/10255} -> PackageSetting{e79fd06 com.softnation.Ojam/10337} BLOCKED
03-02 11:49:07.033  1621  4427 D WindowManager: Collecting in transition 10186: ActivityRecord{640b739 u0 com.softnation.Ojam/.MainActivity t37048} init visibleRequested:false
03-02 11:49:07.034  1621  4427 D WindowManager: Collecting in transition 10186: ActivityRecord{9880759 u0 com.miui.home/.launcher.Launcher t2} init visibleRequested:true
03-02 11:49:07.036  1621  4427 D MiuiRefreshRatePolicy: reset
03-02 11:49:07.038  1621  1651 D WindowManager: wms.Focus not requested for window=Window{d85ca12 u0 com.miui.home/com.miui.home.launcher.Launcher} because it has no surface or is not focusable.
03-02 11:49:07.038  1999  1999 D ShortcutIcon: setMessage textnull
03-02 11:49:07.039  1621  1651 I ActivityTaskManager: visible for Task{b64798c #37046 type=standard A=10337:com.softnation.Ojam} visible = true isAnimating = false TRANSITION = false PARENTS = false CHILDREN = false
03-02 11:49:07.047  1621  1842 I MiuiNetworkPolicy: updateUidState uid = 10337, uidState = 19
03-02 11:49:07.054 27281 27281 I bqxd    : (REDACTED) setupSearchBox for class %s
03-02 11:49:07.056  4007  4007 I softnation.Ojam: Using CollectorTypeCMC GC.
03-02 11:49:07.065  1621  1666 I SmartPower: com.milink.service:audio/10190(19603): idle->background(372962ms) R(broadcast start Intent { act=android.intent.action.PACKAGE_RESTARTED dat=package: flg=0x4000010 (has extras) }) adj=100.
03-02 11:49:07.066  2061  2061 I MiuiWallpaper-MiuiWallpaperManagerService: receive broadcast action = android.intent.action.PACKAGE_RESTARTED
03-02 11:49:07.066  7123  7128 I adbd    : jdwp connection from 4007
03-02 11:49:07.069  1999  1999 D LauncherClient.Service: service already connected:com.mi.globalminusscreen
03-02 11:49:07.069  1621  4427 I ClipboardServiceI: checkProviderWakePathForClipboard: primaryClip is null
03-02 11:49:07.070  1621  2662 I PowerHalWrapper: amsBoostStop AMS_BOOST_PACK_SWITCH:true, AMS_BOOST_ACT_SWITCH:false, AMS_BOOST_PROCESS_CREATE:true, AMS_BOOST_PROCESS_CREATE_FOR_GAME:false, AMS_BOOST_HOT_LAUNCH:false 
03-02 11:49:07.071   863   909 I libPowerHal: [mtkPowerHint] hint:22, hold:500, ext:0, ext_hold:0
03-02 11:49:07.072   863   909 I libPowerHal: [mtkPowerHint] hint:21, hold:6000, ext:30, ext_hold:35000
03-02 11:49:07.072   863   958 I libPowerHal: [perfLockAcq] idx:4 hdl:368866 hint:22 pid:863 tid:863 duration:500 lock_user:vendor.mediatek => ret_hdl:368866
03-02 11:49:07.073   863   958 I libPowerHal: [set_kswapd_affinity] set affinity = 16129
03-02 11:49:07.073   863   958 I libPowerHal: [PE] MTKPOWER_HINT_PACK_SWITCH update ONESHOT(set) cmd:10000700 param:16129 pr:3
03-02 11:49:07.073   863   958 I libPowerHal: [perfLockAcq] Done for hdl : 368866
03-02 11:49:07.073   863   958 I libPowerHal: [perfLockRel] hdl:368863, idx:2
03-02 11:49:07.074   863   958 I libPowerHal: [PD] MTKPOWER_HINT_PACK_SWITCH update ONESHOT(unset) cmd:10000700 param:16129 pr:3
03-02 11:49:07.074   863   958 I libPowerHal: [perfLockRel] Done for hdl : 368863
03-02 11:49:07.075   863   958 I libPowerHal: [perfLockAcq] idx:5 hdl:368867 hint:21 pid:863 tid:863 duration:6000 lock_user:vendor.mediatek => ret_hdl:368867
03-02 11:49:07.075   863   958 I libPowerHal: [set_kswapd_affinity] set affinity = 16129
03-02 11:49:07.076   863   958 I libPowerHal: [PE] MTKPOWER_HINT_PROCESS_CREATE update ONESHOT(set) cmd:10000700 param:16129 pr:3
03-02 11:49:07.076   863   958 I libPowerHal: [perfLockAcq] Done for hdl : 368867
03-02 11:49:07.076   863   958 I libPowerHal: [perfLockRel] hdl:368865, idx:3
03-02 11:49:07.077   863   958 I libPowerHal: [PD] MTKPOWER_HINT_PROCESS_CREATE update ONESHOT(unset) cmd:10000700 param:16129 pr:3
03-02 11:49:07.077   863   958 I libPowerHal: [perfLockRel] Done for hdl : 368865
03-02 11:49:07.078   863   958 I libPowerHal: [perfLockAcq] idx:6 hdl:368868 hint:30 pid:863 tid:863 duration:35000 lock_user:vendor.mediatek => ret_hdl:368868
03-02 11:49:07.079   863   958 I libPowerHal: [perfLockAcq] Done for hdl : 368868
03-02 11:49:07.079   863   958 I libPowerHal: [perfLockRel] hdl:368867, idx:5
03-02 11:49:07.080  8942  8942 D BoundBrokerSvc: onBind: Intent { act=com.google.android.gms.inappreach.service.START dat=chimera-action:/... cmp=com.google.android.gms/.chimera.GmsApiService }
03-02 11:49:07.080  8942  8942 D BoundBrokerSvc: Loading bound service for intent: Intent { act=com.google.android.gms.inappreach.service.START dat=chimera-action:/... cmp=com.google.android.gms/.chimera.GmsApiService }
03-02 11:49:07.080   863   958 I libPowerHal: [PD] MTKPOWER_HINT_PROCESS_CREATE update ONESHOT(unset) cmd:10000700 param:16129 pr:3
03-02 11:49:07.080   863   958 I libPowerHal: [perfLockRel] Done for hdl : 368867
03-02 11:49:07.098  4007  4007 D nativeloader: Load libframework-connectivity-tiramisu-jni.so using APEX ns com_android_tethering for caller /apex/com.android.tethering/javalib/framework-connectivity-t.jar: ok
03-02 11:49:07.105  4007  4007 I MessageMonitor: Load libmiui_runtime
03-02 11:49:07.109  1621  1918 E HyperSentinel: -------------------------------------------------------
03-02 11:49:07.110  1621  1918 E HyperSentinel: Event_ThreadAmount
03-02 11:49:07.110  1621  1918 E HyperSentinel: -> audit event by proc 4007 "usap64": running threads amount, 0 -> 12
03-02 11:49:07.110  1621  1918 E HyperSentinel: -------------------------------------------------------
03-02 11:49:07.110  1621  1918 E HyperSentinel: Event_ResidentSize
03-02 11:49:07.110  1621  1918 E HyperSentinel: -> audit event by proc 4007 "usap64": RSS increasement, peak 74740kb -> 112116kb
03-02 11:49:07.110  1621  2662 D SymlinkUtils: attachApplication file op go pass: 0 ms
03-02 11:49:07.111  1621  2662 I SmartPower: com.softnation.Ojam/10337(4007): died->invisible(633ms) R(process start ) adj=-10000.
03-02 11:49:07.115 27281 27281 I bkww    : Account disc initialised
03-02 11:49:07.115 27281 27281 I PromoManagerDataService: PromoManagerDataServiceImpl.getAccountMenuPromotion
03-02 11:49:07.117  1621  1648 D Aurogon :  uid = 10337 switch to FG
03-02 11:49:07.118  1621  2662 W MiuiBoosterUtils: enable_miuibooster_launch : false
03-02 11:49:07.119  1621  1894 D isUidValid: uid = 10337
03-02 11:49:07.119  1621  1842 I MiuiNetworkPolicy: updateUidState uid = 10337, uidState = 2
03-02 11:49:07.125  4007  4007 I JavaheapMonitor: Disabled. Process name: <pre-initialized>
