03-02 11:49:12.412   921  1472 D DisplayModeController: setDesiredMode 4627039422300187648 {mode={fps=36.00 Hz, modePtr={id=3, vsyncRate=36.00 Hz, peakRefreshRate=36.00 Hz}}, emitEvent=false, force=false}
03-02 11:49:12.413   921  1472 D Scheduler: MtkOverrideDuration: update vsync 36
03-02 11:49:12.413   921  1472 E SurfaceFlinger: MtkDuration override mode is disabled
03-02 11:49:12.413   921  1472 D Scheduler: MtkOverrideDuration: reset override duration
03-02 11:49:12.413   921  1472 I PowerHalWrapper: updateFps(): 36
03-02 11:49:12.419   849   849 I hwcomposer: [HWCDisplay] (0 setActiveConfigWithConstraints():4114), config:3  
03-02 11:49:12.420   849   849 I hwcomposer: [HWCDisplay] (0 setActiveConfigWithConstraints():4164), now 613745969113811, diff 275769, estimated_applied_time 16666667 queued_size:0  
03-02 11:49:12.422   921   921 I MI-SF   : surfaceflinger setAffinity mode=0
03-02 11:49:12.422   921   921 E MI-SF   : surfaceflinger setAffinity success
03-02 11:49:12.436   921   921 I PowerHalWrapper: updateFps(): 36
03-02 11:49:12.437   921   921 I PowerHalWrapper: updateFps(): 36
03-02 11:49:12.446   849  1481 I hwcomposer: [HWCDisplay] (0 updateAppliedConfigState():4360), applied config complete[idx:613745985780478, config:3]  
03-02 11:49:12.637   921  1467 W EventThreadInspector: slow VSync-app on display(4627039422300187648) count=2, avg=38 ms, max=44 ms.
03-02 11:49:12.657  4007  8722 I ExpoModulesCore: Γ£à AppContext was initialized
03-02 11:49:12.759   849  1430 I hwcomposer: [HWC] (0)fire a callback of refresh to SF[4]  
03-02 11:49:12.772   921   921 I BufferQueueProducer: [FramebufferSurface](this:0xb400007d8e9dff50,id:-1,api:1,p:921,c:921) queueBuffer: fps=1.53 dur=1306.43 max=693.32 min=613.11
03-02 11:49:12.775   921   921 I MI-SF   : surfaceflinger setAffinity mode=1
03-02 11:49:12.775   921   921 E MI-SF   : surfaceflinger setAffinity success
03-02 11:49:12.775   921   921 I MI-SF   : surfaceflinger setreAffinity reTid=1207
03-02 11:49:12.775   921   921 E MI-SF   : surfaceflinger setAffinity success
03-02 11:49:12.799  4007  8722 W unknown:BridgelessReact: ReactHost{0}.getOrCreateReactInstanceTask(): Loading JS Bundle
03-02 11:49:12.800  4007  8722 W unknown:BridgelessReact: ReactHost{0}.getOrCreateReactInstanceTask(): Calling DevSupportManagerBase.onNewReactContextCreated(reactContext)
03-02 11:49:12.807  4007  8722 W unknown:BridgelessReact: ReactHost{0}.startSurface(surfaceId = 0): Execute
03-02 11:49:12.832  4007  4007 W unknown:ReactNative: Packager connection already open, nooping.
03-02 11:49:12.833  4007  4007 W unknown:BridgelessReact: ReactContext.onHostResume()
03-02 11:49:12.841  4007  4007 W unknown:BridgelessReact: ReactHost{0}.getOrCreateReactInstanceTask(): Executing ReactInstanceEventListeners
03-02 11:49:12.884   861   947 I libPerfCtl: xgfGetFPS pid:921 fps:-1
03-02 11:49:12.884   861   947 I libPerfCtl: xgfGetFPS pid:2363 fps:-1
03-02 11:49:12.904  1621  2662 D ActivityManager: getProcessesInErrorState callingUid=10126, CallingPid=7064
03-02 11:49:12.907  2350  2350 W Settings: Setting airplane_mode_on has moved from android.provider.Settings.System to android.provider.Settings.Global, returning read-only value.
03-02 11:49:12.910  2350  2350 W Settings: Setting airplane_mode_on has moved from android.provider.Settings.System to android.provider.Settings.Global, returning read-only value.
03-02 11:49:12.912  2350 29580 D NetworkSpeedTracker: updateSignalInfo lteRsrp=-91lteSnr=12,phoneId=1
03-02 11:49:12.915  2350 29580 D NetworkSpeedTracker: updateSignalInfo lteRsrp=-91lteSnr=12,phoneId=1
03-02 11:49:13.208  1055  1186 D connsyslogger: SD_LOG_ROOT is /data/debuglogger/connsyslog/fw.
03-02 11:49:13.208  1055  1186 D connsyslogger: systemReady:1
03-02 11:49:13.233  1621  4754 D AS.BtHelper: isBluetoothScoOn() mBluetoothHeadset is null: falsemBluetoothHeadsetDevice is null: true
03-02 11:49:13.233  1621  4754 V AS.AudioDeviceBroker: requestedCommunicationDevice: null mAudioModeOwner: AudioModeInfo: mMode=MODE_NORMAL, mPid=0, mUid=0
03-02 11:49:13.234  1621  4754 D AS.BtHelper: isBluetoothScoOn() mBluetoothHeadset is null: falsemBluetoothHeadsetDevice is null: true
03-02 11:49:13.234  1621  4754 V AS.AudioDeviceBroker: requestedCommunicationDevice: null mAudioModeOwner: AudioModeInfo: mMode=MODE_NORMAL, mPid=0, mUid=0
03-02 11:49:13.391  1621  1918 E HyperSentinel: -------------------------------------------------------
03-02 11:49:13.391  1621  1918 E HyperSentinel: Event_ResidentSize
03-02 11:49:13.391  1621  1918 E HyperSentinel: -> audit event by proc 4007 "usap64": RSS increasement, peak 252268kb -> 378408kb
03-02 11:49:13.391  1621  1917 D MiuiSentinelService: begin judgmentRssLeakException
03-02 11:49:13.391  1621  1917 E MiuiSentinelMemoryManager: getRSSinfo: usap64#4007
03-02 11:49:13.391  1621  1917 D MiuiSentinelMemoryManager: cmdline: usap64, pid: 4007, RSSsize:378408
03-02 11:49:13.392  1621  1917 W MiuiSentinelMemoryManager: The current process type does not meet reporting requirements
03-02 11:49:13.532  1177  1177 I thermal_src: recvmsg_expect 5, but get 2 
03-02 11:49:13.532  1177  1177 V thermal_src: TA_DAEMON_CMD_GET_TPCB:ERROR ret=-1
03-02 11:49:13.532  1177  1177 E thermal_src: get_tpcb_from_kernel:error -1. retry...
03-02 11:49:13.532  1177  1177 I thermal_src: recvmsg_expect 5, but get 2 
03-02 11:49:13.532  1177  1177 V thermal_src: TA_DAEMON_CMD_GET_TPCB:ERROR ret=-1
03-02 11:49:13.532  1177  1177 E thermal_src: get_tpcb_from_kernel:error -1. retry...
03-02 11:49:13.533  1177  1177 I thermal_src: recvmsg_expect 5, but get 2 
03-02 11:49:13.533  1177  1177 V thermal_src: TA_DAEMON_CMD_GET_TPCB:ERROR ret=-1
03-02 11:49:13.533  1177  1177 E thermal_src: get_tpcb_from_kernel:error -1. retry...
03-02 11:49:13.533  1177  1177 I thermal_src: recvmsg_expect 4, but get 5 
03-02 11:49:13.533  1177  1177 V thermal_src: TA_DAEMON_CMD_SET_TTJ:ERROR ret=-1
03-02 11:49:13.533  1177  1177 E thermal_src: set_ttj_to_kernel 1:error -1
03-02 11:49:13.533  1177  1177 I thermal_src: recvmsg_expect 2, but get 5 
03-02 11:49:13.533  1177  1177 V thermal_src: waiting NOTIFY from kernel miss, -1
03-02 11:49:13.533  1177  1177 I thermal_src: recvmsg_expect 2, but get 5 
03-02 11:49:13.533  1177  1177 V thermal_src: waiting NOTIFY from kernel miss, -1
03-02 11:49:13.533  1177  1177 I thermal_src: recvmsg_expect 2, but get 4 
03-02 11:49:13.533  1177  1177 V thermal_src: waiting NOTIFY from kernel miss, -1
03-02 11:49:13.691  1621  1621 D UiModeManager: updateConfigurationLocked: mDockState=0; mCarMode=false; mCar=false; mPowerSave=false; mOverrideNightModeOn=false; mOverrideNightModeOff=false; mComputedNightMode=true; mNightModeValue=2; uiMode=42
03-02 11:49:13.693  6027  6027 I PowerSaveService: onReceive: android.intent.action.BATTERY_CHANGED
03-02 11:49:13.694  6515  6997 I ProcAudioPowerManager: onBatteryChanged, onBattery is false
03-02 11:49:13.694  6515  6997 D PowerKeeper.FrozenApp: onBatteryChanged plug=true mBatteryPlugged=2
03-02 11:49:13.695  6515  8177 D PowerCheckerService: onBatteryChanged, mBatteryLevel = 44, status = 2, level = 44, plug = 2, scale = 100
03-02 11:49:13.695  6027  6027 I PowerNoticeUI: handleBatteryChanged oldPlugType 2 mPlugType 2 oldBatteryLevel 44 mBatteryLevel 44 temperature 400
03-02 11:49:13.696  6027  6027 I ChargerBatteryIntelligenceReceiver: onBatteryChanged temperature∩╝Ü40,plugType:2
03-02 11:49:13.696  6027  6027 D BaseChargeProtect_HighTemp: mCountByMinute:0,isScreenOn:true
03-02 11:49:13.696  6515  8142 D PowerKeeper.Thermal: mBatteryTemperature: 40
03-02 11:49:13.696  3510  3510 W libc    : Unable to set property "persist.vendor.accelerate.charge" to "false": PROP_ERROR_PERMISSION_DENIED (0x18)
03-02 11:49:13.698  6027  6027 I android_os_HwBinder: HwBinder: Starting thread pool for getting: vendor.xiaomi.hardware.micharge@1.0::IMiCharge/default
03-02 11:49:13.700   872 24120 I vendor.xiaomi.hardware.micharge@1.0-service: ReadFilePathValue path = /sys/class/power_supply/usb/real_type value = USB
03-02 11:49:13.701  6027  6027 I IMiChargeUtils: getIMiChargeStringValue method:getBatteryChargeType,value:USB
03-02 11:49:13.701  6027  6027 I IMiChargeUtils: getBatteryChargeType : USB
03-02 11:49:13.701  6027  6027 I ChargeTimeUtilsV2: chargeType:USB
03-02 11:49:13.701  6027  6027 I PowerFeatureUtils: getVendorName:mediatek
03-02 11:49:13.701  6027  6027 I PowerFeatureUtils: getVendorName:mediatek
03-02 11:49:13.711  2350  2350 W Settings: Setting airplane_mode_on has moved from android.provider.Settings.System to android.provider.Settings.Global, returning read-only value.
03-02 11:49:13.715  2350  2350 W Settings: Setting airplane_mode_on has moved from android.provider.Settings.System to android.provider.Settings.Global, returning read-only value.
03-02 11:49:13.719  6027  6027 I PowerSaveService: onReceive: android.intent.action.BATTERY_CHANGED
03-02 11:49:13.720  6027  6027 I PowerNoticeUI: handleBatteryChanged oldPlugType 2 mPlugType 2 oldBatteryLevel 44 mBatteryLevel 44 temperature 410
03-02 11:49:13.720  6027  6027 I ChargerBatteryIntelligenceReceiver: onBatteryChanged temperature∩╝Ü41,plugType:2
03-02 11:49:13.720  6027  6027 I ChargerBatteryIntelligenceReceiver: dissmissTempFastChargeReminder not support
03-02 11:49:13.720  6515  8142 D PowerKeeper.Thermal: mBatteryTemperature: 41
03-02 11:49:13.720  6027  6027 D BaseChargeProtect_HighTemp: mCountByMinute:0,isScreenOn:true
03-02 11:49:13.721  6515  8177 D PowerCheckerService: onBatteryChanged, mBatteryLevel = 44, status = 2, level = 44, plug = 2, scale = 100
03-02 11:49:13.721  2350 29580 D NetworkSpeedTracker: updateSignalInfo lteRsrp=-91lteSnr=13,phoneId=1
03-02 11:49:13.721  6515  6997 I ProcAudioPowerManager: onBatteryChanged, onBattery is false
03-02 11:49:13.721  6515  6997 D PowerKeeper.FrozenApp: onBatteryChanged plug=true mBatteryPlugged=2
03-02 11:49:13.722  6027  6027 I android_os_HwBinder: HwBinder: Starting thread pool for getting: vendor.xiaomi.hardware.micharge@1.0::IMiCharge/default
03-02 11:49:13.723  1621  1621 D UiModeManager: updateConfigurationLocked: mDockState=0; mCarMode=false; mCar=false; mPowerSave=false; mOverrideNightModeOn=false; mOverrideNightModeOff=false; mComputedNightMode=true; mNightModeValue=2; uiMode=42
03-02 11:49:13.725   872 24120 I vendor.xiaomi.hardware.micharge@1.0-service: ReadFilePathValue path = /sys/class/power_supply/usb/real_type value = USB
03-02 11:49:13.726  6027  6027 I IMiChargeUtils: getIMiChargeStringValue method:getBatteryChargeType,value:USB
03-02 11:49:13.726  6027  6027 I IMiChargeUtils: getBatteryChargeType : USB
03-02 11:49:13.726  6027  6027 I ChargeTimeUtilsV2: chargeType:USB
03-02 11:49:13.726  6027  6027 I PowerFeatureUtils: getVendorName:mediatek
03-02 11:49:13.726  6027  6027 I PowerFeatureUtils: getVendorName:mediatek
03-02 11:49:13.728  2350 29580 D NetworkSpeedTracker: updateSignalInfo lteRsrp=-91lteSnr=13,phoneId=1
03-02 11:49:13.730  1621  1621 D UiModeManager: updateConfigurationLocked: mDockState=0; mCarMode=false; mCar=false; mPowerSave=false; mOverrideNightModeOn=false; mOverrideNightModeOff=false; mComputedNightMode=true; mNightModeValue=2; uiMode=42
03-02 11:49:13.732  6027  6027 I PowerSaveService: onReceive: android.intent.action.BATTERY_CHANGED
03-02 11:49:13.733  6027  6027 I PowerNoticeUI: handleBatteryChanged oldPlugType 2 mPlugType 2 oldBatteryLevel 44 mBatteryLevel 44 temperature 400
03-02 11:49:13.733  6515  8177 D PowerCheckerService: onBatteryChanged, mBatteryLevel = 44, status = 2, level = 44, plug = 2, scale = 100
03-02 11:49:13.733  6027  6027 I ChargerBatteryIntelligenceReceiver: onBatteryChanged temperature∩╝Ü40,plugType:2
03-02 11:49:13.733  6027  6027 I ChargerBatteryIntelligenceReceiver: dissmissTempFastChargeReminder not support
03-02 11:49:13.733  6027  6027 D BaseChargeProtect_HighTemp: mCountByMinute:0,isScreenOn:true
03-02 11:49:13.733  6515  6997 I ProcAudioPowerManager: onBatteryChanged, onBattery is false
03-02 11:49:13.733  6515  6997 D PowerKeeper.FrozenApp: onBatteryChanged plug=true mBatteryPlugged=2
03-02 11:49:13.734  6515  8142 D PowerKeeper.Thermal: mBatteryTemperature: 40
03-02 11:49:13.735  6027  6027 I android_os_HwBinder: HwBinder: Starting thread pool for getting: vendor.xiaomi.hardware.micharge@1.0::IMiCharge/default
03-02 11:49:13.737   872 24120 I vendor.xiaomi.hardware.micharge@1.0-service: ReadFilePathValue path = /sys/class/power_supply/usb/real_type value = USB
03-02 11:49:13.737  6027  6027 I IMiChargeUtils: getIMiChargeStringValue method:getBatteryChargeType,value:USB
03-02 11:49:13.737  6027  6027 I IMiChargeUtils: getBatteryChargeType : USB
03-02 11:49:13.737  6027  6027 I ChargeTimeUtilsV2: chargeType:USB
03-02 11:49:13.737  6027  6027 I PowerFeatureUtils: getVendorName:mediatek
03-02 11:49:13.737  6027  6027 I PowerFeatureUtils: getVendorName:mediatek
03-02 11:49:13.773  4007  8779 D ProfileInstaller: Installing profile for com.softnation.Ojam
03-02 11:49:13.884   861   947 I libPerfCtl: xgfGetFPS pid:921 fps:-1
03-02 11:49:13.884   861   947 I libPerfCtl: xgfGetFPS pid:2363 fps:-1
03-02 11:49:13.943  4007  8765 I WebViewFactory: Loading com.google.android.webview version 145.0.7632.79 (code 763207903)
03-02 11:49:13.950  4007  8765 D ApplicationLoaders: Returning zygote-cached class loader: /system/framework/android.test.base.jar
03-02 11:49:13.950  4007  8765 D ApplicationLoaders: Returning zygote-cached class loader: /system_ext/framework/androidx.window.extensions.jar
03-02 11:49:13.953  4007  8765 W softnation.Ojam: Loading /data/app/~~6WQvy1g3uHyDFuZpDlez4A==/com.google.android.webview-LhKVE1I3zKkU3w5MlwC1TA==/oat/arm64/base.odex non-executable as it requires an image which we failed to load
03-02 11:49:13.957  4007  8765 D nativeloader: Configuring clns-8 for other apk /data/app/~~6WQvy1g3uHyDFuZpDlez4A==/com.google.android.webview-LhKVE1I3zKkU3w5MlwC1TA==/base.apk. target_sdk_version=36, uses_libraries=, library_path=/data/app/~~6WQvy1g3uHyDFuZpDlez4A==/com.google.android.webview-LhKVE1I3zKkU3w5MlwC1TA==/lib/arm64:/data/app/~~6WQvy1g3uHyDFuZpDlez4A==/com.google.android.webview-LhKVE1I3zKkU3w5MlwC1TA==/base.apk!/lib/arm64-v8a, permitted_path=/data:/mnt/expand
03-02 11:49:14.013  4007  8765 I cr_WVCFactoryProvider: version=145.0.7632.79 (763207903) minSdkVersion=29 multiprocess=true packageId=127 splits=<none>
03-02 11:49:14.023  4007  8765 D nativeloader: Load /data/app/~~6WQvy1g3uHyDFuZpDlez4A==/com.google.android.webview-LhKVE1I3zKkU3w5MlwC1TA==/base.apk!/lib/arm64-v8a/libwebviewchromium.so using class loader ns clns-8 (caller=/data/app/~~6WQvy1g3uHyDFuZpDlez4A==/com.google.android.webview-LhKVE1I3zKkU3w5MlwC1TA==/base.apk): ok
03-02 11:49:14.027  4007  8765 D nativeloader: Load /system/lib64/libwebviewchromium_plat_support.so using class loader ns clns-8 (caller=/data/app/~~6WQvy1g3uHyDFuZpDlez4A==/com.google.android.webview-LhKVE1I3zKkU3w5MlwC1TA==/base.apk): ok
03-02 11:49:14.034  4007  8786 I chromium: [0302/114914.033455:INFO:android_webview/browser/variations/variations_seed_loader.cc:67] Failed to open file for reading.: No such file or directory (2)
03-02 11:49:14.044  4007  8765 I cr_LibraryLoader: Successfully loaded native library
03-02 11:49:14.046  4007  8765 I cr_CachingUmaRecorder: Flushed 18 samples from 18 histograms, 0 samples were dropped.
03-02 11:49:14.113  4007  8763 D nativeloader: Load /data/app/~~Bh61wenJZi6JNVEuOkVQfQ==/com.softnation.Ojam-nnCVAdHxKfOmup5FCuBDYQ==/base.apk!/lib/arm64-v8a/libexpo-modules-core.so using class loader ns clns-7 (caller=/data/app/~~Bh61wenJZi6JNVEuOkVQfQ==/com.softnation.Ojam-nnCVAdHxKfOmup5FCuBDYQ==/base.apk!classes20.dex): ok
03-02 11:49:14.197  4007  8763 W unknown:ViewManagerPropertyUpdater: Could not find generated setter for class com.th3rdwave.safeareacontext.SafeAreaProviderManager
03-02 11:49:14.205  4007  8763 W unknown:ViewManagerPropertyUpdater: Could not find generated setter for class com.facebook.react.uimanager.LayoutShadowNode
03-02 11:49:14.209  4007  8763 W unknown:ViewManagerPropertyUpdater: Could not find generated setter for class com.swmansion.rnscreens.SearchBarManager
03-02 11:49:14.212  4007  8763 W unknown:ViewManagerPropertyUpdater: Could not find generated setter for class com.swmansion.rnscreens.ScreenFooterManager
03-02 11:49:14.214  4007  8763 W unknown:ViewManagerPropertyUpdater: Could not find generated setter for class com.swmansion.rnscreens.gamma.tabs.TabScreenViewManager
03-02 11:49:14.217  4007  8763 W unknown:ViewManagerPropertyUpdater: Could not find generated setter for class expo.modules.kotlin.views.GroupViewManagerWrapper
03-02 11:49:14.224  4007  8763 W unknown:ViewManagerPropertyUpdater: Could not find generated setter for class com.swmansion.rnscreens.ScreenContainerViewManager
03-02 11:49:14.224  1621  1666 I SmartPower: com.whatsapp/10300(31638): idle->background(2115ms) R(broadcast start Intent { act=android.intent.action.BATTERY_CHANGED flg=0x60000010 (has extras) }) adj=955.
03-02 11:49:14.226  4007  8763 W unknown:ViewManagerPropertyUpdater: Could not find generated setter for class com.reactnativecommunity.slider.ReactSliderManager
03-02 11:49:14.227  1621  1666 I SmartPower: com.android.chrome/10174(31865): idle->background(2117ms) R(broadcast start Intent { act=android.intent.action.BATTERY_CHANGED flg=0x60000010 (has extras) }) adj=915.
03-02 11:49:14.229  1621  1666 I SmartPower: com.whatsapp/99910300(3370): idle->background(2119ms) R(broadcast start Intent { act=android.intent.action.BATTERY_CHANGED flg=0x60000010 (has extras) }) adj=915.
03-02 11:49:14.231  1621  1666 I SmartPower: com.facebook.katana/10287(4176): idle->background(2120ms) R(broadcast start Intent { act=android.intent.action.BATTERY_CHANGED flg=0x60000010 (has extras) }) adj=915.
03-02 11:49:14.232  1621  1666 I SmartPower: com.instagram.barcelona/10075(6655): idle->background(2122ms) R(broadcast start Intent { act=android.intent.action.BATTERY_CHANGED flg=0x60000010 (has extras) }) adj=905.
03-02 11:49:14.233  4007  8763 W unknown:ViewManagerPropertyUpdater: Could not find generated setter for class com.swmansion.rnscreens.gamma.tabs.TabsHostViewManager
03-02 11:49:14.234  1621  1666 I SmartPower: com.instagram.android/10301(6778): idle->background(2123ms) R(broadcast start Intent { act=android.intent.action.BATTERY_CHANGED flg=0x60000010 (has extras) }) adj=905.
03-02 11:49:14.235  1621  1666 I SmartPower: com.facebook.stella/10126(7064): idle->background(2125ms) R(broadcast start Intent { act=android.intent.action.BATTERY_CHANGED flg=0x60000010 (has extras) }) adj=905.
03-02 11:49:14.236  4007  8763 W unknown:ViewManagerPropertyUpdater: Could not find generated setter for class com.swmansion.rnscreens.ModalScreenViewManager
03-02 11:49:14.238  1621  5054 D AS.BtHelper: isBluetoothScoOn() mBluetoothHeadset is null: falsemBluetoothHeadsetDevice is null: true
03-02 11:49:14.238  1621  5054 V AS.AudioDeviceBroker: requestedCommunicationDevice: null mAudioModeOwner: AudioModeInfo: mMode=MODE_NORMAL, mPid=0, mUid=0
03-02 11:49:14.238  1621  5054 D AS.BtHelper: isBluetoothScoOn() mBluetoothHeadset is null: falsemBluetoothHeadsetDevice is null: true
03-02 11:49:14.238  1621  5054 V AS.AudioDeviceBroker: requestedCommunicationDevice: null mAudioModeOwner: AudioModeInfo: mMode=MODE_NORMAL, mPid=0, mUid=0
03-02 11:49:14.242  4007  8763 W unknown:ViewManagerPropertyUpdater: Could not find generated setter for class com.swmansion.rnscreens.ScreenStackHeaderConfigViewManager
03-02 11:49:14.247  4007  8763 W unknown:ViewManagerPropertyUpdater: Could not find generated setter for class com.swmansion.rnscreens.ScreenContentWrapperManager
03-02 11:49:14.249  4007  8763 W unknown:ViewManagerPropertyUpdater: Could not find generated setter for class com.th3rdwave.safeareacontext.SafeAreaViewManager
03-02 11:49:14.252  4007  8763 W unknown:ViewManagerPropertyUpdater: Could not find generated setter for class com.th3rdwave.safeareacontext.SafeAreaViewShadowNode
03-02 11:49:14.254  4007  8763 W unknown:ViewManagerPropertyUpdater: Could not find generated setter for class com.swmansion.rnscreens.ScreenViewManager
03-02 11:49:14.258  4007  8763 W unknown:ViewManagerPropertyUpdater: Could not find generated setter for class expo.modules.kotlin.views.SimpleViewManagerWrapper
03-02 11:49:14.261  4007  8763 W unknown:ViewManagerPropertyUpdater: Could not find generated setter for class com.swmansion.rnscreens.ScreenStackHeaderSubviewManager
03-02 11:49:14.264  4007  8763 W unknown:ViewManagerPropertyUpdater: Could not find generated setter for class com.swmansion.rnscreens.ScreenStackViewManager
03-02 11:49:14.513  1201  1298 D AALLightSensor: oldLux=27 [SA:-1 LA:-1] newLux=27 (oriLux: 27)
03-02 11:49:14.533  4007  8763 W unknown:ViewManagerPropertyUpdater: Could not find generated setter for class com.horcrux.svg.RenderableViewManager$FeMergeManager
03-02 11:49:14.536  4007  8763 W unknown:ViewManagerPropertyUpdater: Could not find generated setter for class com.horcrux.svg.VirtualViewManager$RenderableShadowNode
03-02 11:49:14.550  4007  8763 W unknown:ViewManagerPropertyUpdater: Could not find generated setter for class com.facebook.react.views.safeareaview.ReactSafeAreaViewManager
03-02 11:49:14.551  4007  8763 W unknown:ViewManagerPropertyUpdater: Could not find generated setter for class com.facebook.react.views.safeareaview.ReactSafeAreaViewShadowNode
03-02 11:49:14.563  4007  8763 W unknown:ViewManagerPropertyUpdater: Could not find generated setter for class com.horcrux.svg.RenderableViewManager$LinearGradientManager
03-02 11:49:14.578  4007  8763 W unknown:ViewManagerPropertyUpdater: Could not find generated setter for class com.facebook.react.views.progressbar.ReactProgressBarViewManager
03-02 11:49:14.579  4007  8763 W unknown:ViewManagerPropertyUpdater: Could not find generated setter for class com.facebook.react.views.progressbar.ProgressBarShadowNode
03-02 11:49:14.591  4007  8763 W unknown:ViewManagerPropertyUpdater: Could not find generated setter for class com.horcrux.svg.RenderableViewManager$FeColorMatrixManager
03-02 11:49:14.604  4007  8763 W unknown:ViewManagerPropertyUpdater: Could not find generated setter for class com.horcrux.svg.RenderableViewManager$SymbolManager
03-02 11:49:14.621  4007  8763 W unknown:ViewManagerPropertyUpdater: Could not find generated setter for class com.horcrux.svg.RenderableViewManager$PatternManager
03-02 11:49:14.638  4007  8763 W unknown:ViewManagerPropertyUpdater: Could not find generated setter for class com.horcrux.svg.SvgViewManager
03-02 11:49:14.656  4007  8763 W unknown:ViewManagerPropertyUpdater: Could not find generated setter for class com.facebook.react.views.switchview.ReactSwitchManager
03-02 11:49:14.657  4007  8763 W unknown:ViewManagerPropertyUpdater: Could not find generated setter for class com.facebook.react.views.switchview.ReactSwitchShadowNode
03-02 11:49:14.670  4007  8763 W unknown:ViewManagerPropertyUpdater: Could not find generated setter for class com.horcrux.svg.RenderableViewManager$UseViewManager
03-02 11:49:14.685  4007  8763 W unknown:ViewManagerPropertyUpdater: Could not find generated setter for class com.horcrux.svg.RenderableViewManager$TSpanViewManager
03-02 11:49:14.701  4007  8763 W unknown:ViewManagerPropertyUpdater: Could not find generated setter for class com.horcrux.svg.RenderableViewManager$FilterManager
03-02 11:49:14.704  1159  1606 D ULogGuard: Monitoring: 18 threads, 0 requests, 0 time-bombs; 1 guards. ResetFlags = 0x7
03-02 11:49:14.714  4007  8763 W unknown:ViewManagerPropertyUpdater: Could not find generated setter for class com.horcrux.svg.RenderableViewManager$MarkerManager
03-02 11:49:14.731  4007  8763 W unknown:ViewManagerPropertyUpdater: Could not find generated setter for class com.swmansion.gesturehandler.react.RNGestureHandlerButtonViewManager
03-02 11:49:14.745  4007  8763 W unknown:ViewManagerPropertyUpdater: Could not find generated setter for class com.horcrux.svg.RenderableViewManager$ForeignObjectManager
03-02 11:49:14.760  4007  8763 W unknown:ViewManagerPropertyUpdater: Could not find generated setter for class com.horcrux.svg.RenderableViewManager$GroupViewManager
03-02 11:49:14.775  4007  8763 W unknown:ViewManagerPropertyUpdater: Could not find generated setter for class com.horcrux.svg.RenderableViewManager$TextViewManager
03-02 11:49:14.791  4007  8763 W unknown:ViewManagerPropertyUpdater: Could not find generated setter for class com.horcrux.svg.RenderableViewManager$ImageViewManager
03-02 11:49:14.806  4007  8763 W unknown:ViewManagerPropertyUpdater: Could not find generated setter for class com.horcrux.svg.RenderableViewManager$FeCompositeManager
03-02 11:49:14.820  4007  8763 W unknown:ViewManagerPropertyUpdater: Could not find generated setter for class com.horcrux.svg.RenderableViewManager$RadialGradientManager
03-02 11:49:14.835  4007  8763 W unknown:ViewManagerPropertyUpdater: Could not find generated setter for class com.facebook.react.views.unimplementedview.ReactUnimplementedViewManager
03-02 11:49:14.847  4007  8763 W unknown:ViewManagerPropertyUpdater: Could not find generated setter for class com.horcrux.svg.RenderableViewManager$FeOffsetManager
03-02 11:49:14.860 31638 31650 I com.whatsapp: Background concurrent mark compact GC freed 28MB AllocSpace bytes, 17(776KB) LOS objects, 45% free, 42MB/78MB, paused 2.320ms,7.158ms total 750.180ms
03-02 11:49:14.860  4007  8763 W unknown:ViewManagerPropertyUpdater: Could not find generated setter for class com.horcrux.svg.RenderableViewManager$PathViewManager
03-02 11:49:14.876  4007  8763 W unknown:ViewManagerPropertyUpdater: Could not find generated setter for class com.facebook.react.views.drawer.ReactDrawerLayoutManager
03-02 11:49:14.884   861   947 I libPerfCtl: xgfGetFPS pid:2363 fps:-1
03-02 11:49:14.895  4007  8763 W unknown:ViewManagerPropertyUpdater: Could not find generated setter for class com.facebook.react.views.textinput.ReactTextInputManager
03-02 11:49:14.899  4007  8763 W unknown:ViewManagerPropertyUpdater: Could not find generated setter for class com.facebook.react.views.textinput.ReactTextInputShadowNode
03-02 11:49:14.905  1621  2662 D ActivityManager: getProcessesInErrorState callingUid=10126, CallingPid=7064
03-02 11:49:14.918  4007  8763 W unknown:ViewManagerPropertyUpdater: Could not find generated setter for class com.horcrux.svg.RenderableViewManager$DefsViewManager
03-02 11:49:14.925   921   921 I BufferQueueProducer: [StatusBar#109](this:0xb400007bcec4ab68,id:-1,api:0,p:-1,c:921) queueBuffer: fps=0.33 dur=2998.60 max=2998.60 min=2998.60
03-02 11:49:14.927   849   849 I hwcomposer: [HWCDisplay] (0 updateFps():3667), (type:1, mode:2) fps:1.445701,dur:2766.82,max:2153.55,min:16.20  
03-02 11:49:14.928   921   921 I MI-SF   : surfaceflinger setAffinity mode=0
03-02 11:49:14.928   921   921 E MI-SF   : surfaceflinger setAffinity success
03-02 11:49:14.932  4007  8763 W unknown:ViewManagerPropertyUpdater: Could not find generated setter for class com.facebook.react.views.debuggingoverlay.DebuggingOverlayManager
03-02 11:49:14.944  4007  8763 W unknown:ViewManagerPropertyUpdater: Could not find generated setter for class com.horcrux.svg.RenderableViewManager$FeGaussianBlurManager
03-02 11:49:14.960  4007  8763 W unknown:ViewManagerPropertyUpdater: Could not find generated setter for class com.facebook.react.views.scroll.ReactHorizontalScrollViewManager
03-02 11:49:14.977  4007  8763 W unknown:ViewManagerPropertyUpdater: Could not find generated setter for class com.facebook.react.views.text.ReactTextViewManager
03-02 11:49:14.979  4007  8763 W unknown:ViewManagerPropertyUpdater: Could not find generated setter for class com.facebook.react.views.text.ReactTextShadowNode
03-02 11:49:14.983 31638 31697 D WM-SystemJobScheduler: Scheduling work ID 781a9748-86ee-4f62-b00c-ea13180af139Job ID 261560
03-02 11:49:14.987  1621  2662 E JobScheduler: ResourceBudgetManagerInternal is null
03-02 11:49:14.990  1621  1842 I MiuiNetworkPolicy: updateUidState uid = 10300, uidState = 8
03-02 11:49:14.991  1621  1638 D GnssSsruImpl: onLocationPermissionsChanged provider:network packageName:com.whatsapp
03-02 11:49:14.992  1621  1638 D GnssSsruImpl: onLocationPermissionsChanged provider:passive packageName:com.whatsapp
03-02 11:49:14.992  5969 14366 I ebcv    : (REDACTED) appOpsListener %s %s
03-02 11:49:14.992  5969 14366 I ebcv    : (REDACTED) Ignoring irrelevant audio permission changes for package %s
03-02 11:49:14.992  1621  2662 I whetstone.activity: Power Event callback listener is empty for resId=256
03-02 11:49:14.992  1621  2662 D BatteryStatsManagerStub: notifyEvent for resId=256 used 0ms
03-02 11:49:14.994  4007  8763 W unknown:ViewManagerPropertyUpdater: Could not find generated setter for class com.facebook.react.views.scroll.ReactHorizontalScrollContainerViewManager
03-02 11:49:14.996 31638 31697 D WM-GreedyScheduler: Starting tracking for 64e29e4d-a65e-42e4-8f5e-7e3ec5d0702f,781a9748-86ee-4f62-b00c-ea13180af139
03-02 11:49:14.997 31638 31638 D WM-SystemJobService: onStartJob for WorkGenerationalId(workSpecId=781a9748-86ee-4f62-b00c-ea13180af139, generation=0)
03-02 11:49:15.002 31638 31697 D WM-Processor: Fr5: processing WorkGenerationalId(workSpecId=781a9748-86ee-4f62-b00c-ea13180af139, generation=0)
03-02 11:49:15.008  4007  8763 W unknown:ViewManagerPropertyUpdater: Could not find generated setter for class com.horcrux.svg.RenderableViewManager$ClipPathViewManager
03-02 11:49:15.011 31638 31638 D WM-WorkerWrapper: Starting work for com.whatsapp.xmpp.messaging.XmppLifecycleWorker
03-02 11:49:15.013 31638 31697 D WM-GreedyScheduler: Constraints met: Scheduling work ID WorkGenerationalId(workSpecId=781a9748-86ee-4f62-b00c-ea13180af139, generation=0)
03-02 11:49:15.015 31638 31697 D WM-Processor: Work WorkGenerationalId(workSpecId=781a9748-86ee-4f62-b00c-ea13180af139, generation=0) is already enqueued for processing
03-02 11:49:15.022  4007  8763 W unknown:ViewManagerPropertyUpdater: Could not find generated setter for class com.horcrux.svg.RenderableViewManager$FeBlendManager
03-02 11:49:15.025  2350  2350 W Settings: Setting airplane_mode_on has moved from android.provider.Settings.System to android.provider.Settings.Global, returning read-only value.
03-02 11:49:15.028  2350  2350 W Settings: Setting airplane_mode_on has moved from android.provider.Settings.System to android.provider.Settings.Global, returning read-only value.
03-02 11:49:15.029  2350 29580 D NetworkSpeedTracker: updateSignalInfo lteRsrp=-91lteSnr=14,phoneId=1
03-02 11:49:15.032  2350 29580 D NetworkSpeedTracker: updateSignalInfo lteRsrp=-91lteSnr=14,phoneId=1
03-02 11:49:15.034  4007  8763 W unknown:ViewManagerPropertyUpdater: Could not find generated setter for class com.facebook.react.views.view.ReactViewManager
03-02 11:49:15.047  4007  8763 W unknown:ViewManagerPropertyUpdater: Could not find generated setter for class com.horcrux.svg.RenderableViewManager$CircleViewManager
03-02 11:49:15.051   849  1430 I hwcomposer: [HWC] (0)fire a callback of refresh to SF[4]  
03-02 11:49:15.063  4007  8763 W unknown:ViewManagerPropertyUpdater: Could not find generated setter for class com.facebook.react.views.modal.ReactModalHostManager
03-02 11:49:15.068   921   921 I BufferQueueProducer: [FramebufferSurface](this:0xb400007d8e9dff50,id:-1,api:1,p:921,c:921) queueBuffer: fps=0.44 dur=2295.96 max=2295.96 min=2295.96
03-02 11:49:15.071   921   921 I MI-SF   : surfaceflinger setAffinity mode=1
03-02 11:49:15.071   921   921 E MI-SF   : surfaceflinger setAffinity success
03-02 11:49:15.072   921   921 I MI-SF   : surfaceflinger setreAffinity reTid=1207
03-02 11:49:15.072   921   921 E MI-SF   : surfaceflinger setAffinity success
03-02 11:49:15.078  4007  8763 W unknown:ViewManagerPropertyUpdater: Could not find generated setter for class com.horcrux.svg.RenderableViewManager$EllipseViewManager
03-02 11:49:15.093  4007  8763 W unknown:ViewManagerPropertyUpdater: Could not find generated setter for class com.horcrux.svg.RenderableViewManager$LineViewManager
03-02 11:49:15.106  4007  8763 W unknown:ViewManagerPropertyUpdater: Could not find generated setter for class com.facebook.react.views.text.frescosupport.FrescoBasedReactTextInlineImageViewManager
03-02 11:49:15.107  4007  8763 W unknown:ViewManagerPropertyUpdater: Could not find generated setter for class com.facebook.react.views.text.frescosupport.FrescoBasedReactTextInlineImageShadowNode
03-02 11:49:15.118  4007  8763 W unknown:ViewManagerPropertyUpdater: Could not find generated setter for class com.horcrux.svg.RenderableViewManager$FeFloodManager
03-02 11:49:15.132  4007  8763 W unknown:ViewManagerPropertyUpdater: Could not find generated setter for class com.facebook.react.views.image.ReactImageManager
03-02 11:49:15.145  4007  8763 W unknown:ViewManagerPropertyUpdater: Could not find generated setter for class com.horcrux.svg.RenderableViewManager$MaskManager
03-02 11:49:15.160  4007  8763 W unknown:ViewManagerPropertyUpdater: Could not find generated setter for class com.horcrux.svg.RenderableViewManager$RectViewManager
03-02 11:49:15.174  4007  8763 W unknown:ViewManagerPropertyUpdater: Could not find generated setter for class com.horcrux.svg.RenderableViewManager$TextPathViewManager
03-02 11:49:15.191  4007  8763 W unknown:ViewManagerPropertyUpdater: Could not find generated setter for class com.facebook.react.views.scroll.ReactScrollViewManager
03-02 11:49:15.206  4007  8763 W unknown:ViewManagerPropertyUpdater: Could not find generated setter for class com.facebook.react.views.text.ReactVirtualTextViewManager
03-02 11:49:15.207  4007  8763 W unknown:ViewManagerPropertyUpdater: Could not find generated setter for class com.facebook.react.views.text.ReactVirtualTextShadowNode
03-02 11:49:15.209  1055  1186 D connsyslogger: SD_LOG_ROOT is /data/debuglogger/connsyslog/fw.
03-02 11:49:15.209  1055  1186 D connsyslogger: systemReady:1
03-02 11:49:15.221  4007  8763 W unknown:ViewManagerPropertyUpdater: Could not find generated setter for class com.facebook.react.views.swiperefresh.SwipeRefreshLayoutManager
03-02 11:49:15.233  4007  8763 W unknown:ViewManagerPropertyUpdater: Could not find generated setter for class com.facebook.react.views.text.ReactRawTextManager
03-02 11:49:15.233  4007  8763 W unknown:ViewManagerPropertyUpdater: Could not find generated setter for class com.facebook.react.views.text.ReactRawTextShadowNode
03-02 11:49:15.236  4007  8763 W unknown:ViewManagerPropertyUpdater: Could not find generated setter for class com.swmansion.gesturehandler.react.RNGestureHandlerRootViewManager
03-02 11:49:15.242  1621  4754 D AS.BtHelper: isBluetoothScoOn() mBluetoothHeadset is null: falsemBluetoothHeadsetDevice is null: true
03-02 11:49:15.243  1621  4754 V AS.AudioDeviceBroker: requestedCommunicationDevice: null mAudioModeOwner: AudioModeInfo: mMode=MODE_NORMAL, mPid=0, mUid=0
03-02 11:49:15.243  1621  4754 D AS.BtHelper: isBluetoothScoOn() mBluetoothHeadset is null: falsemBluetoothHeadsetDevice is null: true
03-02 11:49:15.243  1621  4754 V AS.AudioDeviceBroker: requestedCommunicationDevice: null mAudioModeOwner: AudioModeInfo: mMode=MODE_NORMAL, mPid=0, mUid=0
03-02 11:49:15.408  4007  8763 E AVManager: Cannot install JSI bindings for AV module because JS context is not available
03-02 11:49:15.409  4007  8763 W BridgelessReactContext: [WARNING] Bridgeless doesn't support CatalystInstance. Accessing an API that's not part of the new architecture is not encouraged usage.
03-02 11:49:15.423  4007  8763 I ExpoModulesCore: Γ£à JSI interop was installed
03-02 11:49:15.432  4007  8763 I ExpoModulesCore: Γ£à Constants were exported
03-02 11:49:15.471  4007  8763 I dev.expo.updates: {"timestamp":1772448555470,"message":"UpdatesModule: getConstants called","code":"None","level":"info"}
03-02 11:49:15.535  1177  1177 I thermal_src: recvmsg_expect 5, but get 2 
03-02 11:49:15.535  1177  1177 V thermal_src: TA_DAEMON_CMD_GET_TPCB:ERROR ret=-1
03-02 11:49:15.535  1177  1177 E thermal_src: get_tpcb_from_kernel:error -1. retry...
03-02 11:49:15.535  1177  1177 I thermal_src: recvmsg_expect 5, but get 2 
03-02 11:49:15.535  1177  1177 V thermal_src: TA_DAEMON_CMD_GET_TPCB:ERROR ret=-1
03-02 11:49:15.535  1177  1177 E thermal_src: get_tpcb_from_kernel:error -1. retry...
03-02 11:49:15.535  1177  1177 I thermal_src: recvmsg_expect 4, but get 5 
03-02 11:49:15.535  1177  1177 V thermal_src: TA_DAEMON_CMD_SET_TTJ:ERROR ret=-1
03-02 11:49:15.535  1177  1177 E thermal_src: set_ttj_to_kernel 1:error -1
03-02 11:49:15.535  1177  1177 I thermal_src: recvmsg_expect 2, but get 5 
03-02 11:49:15.535  1177  1177 V thermal_src: waiting NOTIFY from kernel miss, -1
03-02 11:49:15.535  1177  1177 I thermal_src: recvmsg_expect 2, but get 4 
03-02 11:49:15.535  1177  1177 V thermal_src: waiting NOTIFY from kernel miss, -1
03-02 11:49:15.884   861   947 I libPerfCtl: xgfGetFPS pid:921 fps:-1
03-02 11:49:15.884   861   947 I libPerfCtl: xgfGetFPS pid:2363 fps:-1
03-02 11:49:16.153  4007  8763 D nativeloader: Load /data/app/~~Bh61wenJZi6JNVEuOkVQfQ==/com.softnation.Ojam-nnCVAdHxKfOmup5FCuBDYQ==/base.apk!/lib/arm64-v8a/librnscreens.so using class loader ns clns-7 (caller=/data/app/~~Bh61wenJZi6JNVEuOkVQfQ==/com.softnation.Ojam-nnCVAdHxKfOmup5FCuBDYQ==/base.apk!classes16.dex): ok
03-02 11:49:16.246  1621  4754 D AS.BtHelper: isBluetoothScoOn() mBluetoothHeadset is null: falsemBluetoothHeadsetDevice is null: true
03-02 11:49:16.246  1621  4754 V AS.AudioDeviceBroker: requestedCommunicationDevice: null mAudioModeOwner: AudioModeInfo: mMode=MODE_NORMAL, mPid=0, mUid=0
03-02 11:49:16.247  1621  4754 D AS.BtHelper: isBluetoothScoOn() mBluetoothHeadset is null: falsemBluetoothHeadsetDevice is null: true
03-02 11:49:16.247  1621  4754 V AS.AudioDeviceBroker: requestedCommunicationDevice: null mAudioModeOwner: AudioModeInfo: mMode=MODE_NORMAL, mPid=0, mUid=0
03-02 11:49:16.346  4007  8763 I ReactNativeJS: Running "main" with {"rootTag":1,"initialProps":{},"fabric":true}
03-02 11:49:16.681  7123  7123 W adbd    : timeout expired while flushing socket, closing
03-02 11:49:16.689   921  2359 D SurfaceFlinger: [SF client] REMOVE (0xb400007caea27520) for (4007:com.softnation.Ojam)
03-02 11:49:16.798  8942  8942 D BoundBrokerSvc: onUnbind: Intent { act=com.google.android.gms.measurement.START pkg=com.google.android.gms }
03-02 11:49:16.906  1621  2662 D ActivityManager: getProcessesInErrorState callingUid=10126, CallingPid=7064
03-02 11:49:16.910  2350  2350 W Settings: Setting airplane_mode_on has moved from android.provider.Settings.System to android.provider.Settings.Global, returning read-only value.
03-02 11:49:16.912  2350  2350 W Settings: Setting airplane_mode_on has moved from android.provider.Settings.System to android.provider.Settings.Global, returning read-only value.
03-02 11:49:16.914  2350 29580 D NetworkSpeedTracker: updateSignalInfo lteRsrp=-91lteSnr=14,phoneId=1
03-02 11:49:16.918  2350 29580 D NetworkSpeedTracker: updateSignalInfo lteRsrp=-91lteSnr=14,phoneId=1
03-02 11:49:16.926  1621  1650 W ActivityTaskManager: Launch timeout has expired, giving up wake lock!
03-02 11:49:16.933  6655  6729 W LibevQuicAsyncUDPSocket.h: setTosOrTrafficClass not implemented in LibevQuicAsyncUDPSocket
03-02 11:49:16.940  6655  6729 E MvfstCallbacks.cpp: onConnectionSetupError: error=TransportError: Internal Error, Error on socket write Operation not permitted, 
03-02 11:49:16.946   921   921 I BufferQueueProducer: [StatusBar#109](this:0xb400007bcec4ab68,id:-1,api:0,p:-1,c:921) queueBuffer: fps=0.49 dur=2020.94 max=2020.94 min=2020.94
03-02 11:49:16.948   849   849 I hwcomposer: [HWCDisplay] (0 updateFps():3667), (type:1, mode:2) fps:0.989595,dur:2021.03,max:1878.45,min:142.58  
03-02 11:49:16.949   921   921 I MI-SF   : surfaceflinger setAffinity mode=0
03-02 11:49:16.949   921   921 E MI-SF   : surfaceflinger setAffinity success
03-02 11:49:17.095   849  1430 I hwcomposer: [HWC] (0)fire a callback of refresh to SF[4]  
03-02 11:49:17.117   921   921 I BufferQueueProducer: [FramebufferSurface](this:0xb400007d8e9dff50,id:-1,api:1,p:921,c:921) queueBuffer: fps=0.49 dur=2049.04 max=2049.04 min=2049.04
03-02 11:49:17.120   921   921 I MI-SF   : surfaceflinger setAffinity mode=1
03-02 11:49:17.121   921   921 E MI-SF   : surfaceflinger setAffinity success
03-02 11:49:17.121   921   921 I MI-SF   : surfaceflinger setreAffinity reTid=1207
03-02 11:49:17.121   921   921 E MI-SF   : surfaceflinger setAffinity success
03-02 11:49:17.209  1055  1186 D connsyslogger: SD_LOG_ROOT is /data/debuglogger/connsyslog/fw.
03-02 11:49:17.209  1055  1186 D connsyslogger: systemReady:1
03-02 11:49:17.250  1621  2662 D AS.BtHelper: isBluetoothScoOn() mBluetoothHeadset is null: falsemBluetoothHeadsetDevice is null: true
03-02 11:49:17.250  1621  2662 V AS.AudioDeviceBroker: requestedCommunicationDevice: null mAudioModeOwner: AudioModeInfo: mMode=MODE_NORMAL, mPid=0, mUid=0
03-02 11:49:17.251  1621  2662 D AS.BtHelper: isBluetoothScoOn() mBluetoothHeadset is null: falsemBluetoothHeadsetDevice is null: true
03-02 11:49:17.251  1621  2662 V AS.AudioDeviceBroker: requestedCommunicationDevice: null mAudioModeOwner: AudioModeInfo: mMode=MODE_NORMAL, mPid=0, mUid=0
03-02 11:49:17.258  1621  1922 I SmartPower: com.whatsapp/10300(31638): background->idle(3034ms) R(broadcast start Intent { act=android.intent.action.BATTERY_CHANGED flg=0x60000010 (has extras) }) adj=227.
03-02 11:49:17.258  1621  1922 I SmartPower: com.android.chrome/10174(31865): background->idle(3031ms) R(broadcast start Intent { act=android.intent.action.BATTERY_CHANGED flg=0x60000010 (has extras) }) adj=915.
03-02 11:49:17.259  1621  1922 I SmartPower: com.whatsapp/99910300(3370): background->idle(3029ms) R(broadcast start Intent { act=android.intent.action.BATTERY_CHANGED flg=0x60000010 (has extras) }) adj=915.
03-02 11:49:17.259  7064  7302 I BatteryEventDispatcherImpl: [_waitingForDispatchEvent] processing BatteryEventDispatcherImpl$DispatchEvent$OnPollTimeout
03-02 11:49:17.259  1621  1922 I SmartPower: com.facebook.katana/10287(4176): background->idle(3029ms) R(broadcast start Intent { act=android.intent.action.BATTERY_CHANGED flg=0x60000010 (has extras) }) adj=915.
03-02 11:49:17.259  1621  1922 I SmartPower: com.instagram.barcelona/10075(6655): background->idle(3027ms) R(broadcast start Intent { act=android.intent.action.BATTERY_CHANGED flg=0x60000010 (has extras) }) adj=905.
03-02 11:49:17.259  1621  1922 I SmartPower: com.instagram.android/10301(6778): background->idle(3026ms) R(broadcast start Intent { act=android.intent.action.BATTERY_CHANGED flg=0x60000010 (has extras) }) adj=905.
03-02 11:49:17.259  1621  1922 I SmartPower: com.facebook.stella/10126(7064): background->idle(3024ms) R(broadcast start Intent { act=android.intent.action.BATTERY_CHANGED flg=0x60000010 (has extras) }) adj=905.
03-02 11:49:17.478  2350  2350 W Settings: Setting airplane_mode_on has moved from android.provider.Settings.System to android.provider.Settings.Global, returning read-only value.
03-02 11:49:17.481  2350  2350 W Settings: Setting airplane_mode_on has moved from android.provider.Settings.System to android.provider.Settings.Global, returning read-only value.
03-02 11:49:17.484  2350 29580 D NetworkSpeedTracker: updateNwSignalInfo not allowed ,ignore
03-02 11:49:17.487  2350 29580 D NetworkSpeedTracker: updateNwSignalInfo not allowed ,ignore
03-02 11:49:17.537  1177  1177 I thermal_src: recvmsg_expect 5, but get 2 
03-02 11:49:17.537  1177  1177 V thermal_src: TA_DAEMON_CMD_GET_TPCB:ERROR ret=-1
03-02 11:49:17.537  1177  1177 E thermal_src: get_tpcb_from_kernel:error -1. retry...
03-02 11:49:17.537  1177  1177 I thermal_src: recvmsg_expect 5, but get 2 
03-02 11:49:17.537  1177  1177 V thermal_src: TA_DAEMON_CMD_GET_TPCB:ERROR ret=-1
03-02 11:49:17.537  1177  1177 E thermal_src: get_tpcb_from_kernel:error -1. retry...
03-02 11:49:17.537  1177  1177 I thermal_src: recvmsg_expect 5, but get 2 
03-02 11:49:17.537  1177  1177 V thermal_src: TA_DAEMON_CMD_GET_TPCB:ERROR ret=-1
03-02 11:49:17.537  1177  1177 E thermal_src: get_tpcb_from_kernel:error -1. retry...
03-02 11:49:17.537  1177  1177 I thermal_src: recvmsg_expect 4, but get 5 
03-02 11:49:17.537  1177  1177 V thermal_src: TA_DAEMON_CMD_SET_TTJ:ERROR ret=-1
03-02 11:49:17.537  1177  1177 E thermal_src: set_ttj_to_kernel 1:error -1
03-02 11:49:17.537  1177  1177 I thermal_src: recvmsg_expect 2, but get 5 
03-02 11:49:17.537  1177  1177 V thermal_src: waiting NOTIFY from kernel miss, -1
03-02 11:49:17.537  1177  1177 I thermal_src: recvmsg_expect 2, but get 5 
03-02 11:49:17.537  1177  1177 V thermal_src: waiting NOTIFY from kernel miss, -1
03-02 11:49:17.537  1177  1177 I thermal_src: recvmsg_expect 2, but get 4 
03-02 11:49:17.537  1177  1177 V thermal_src: waiting NOTIFY from kernel miss, -1
03-02 11:49:17.705  1159  1606 D ULogGuard: Monitoring: 18 threads, 0 requests, 0 time-bombs; 1 guards. ResetFlags = 0x7
03-02 11:49:17.796  6778  7008 E msys    : E[N mns]_OnDiskCacheGetData(632)=>Start post callback cache refresh DNS resolution
03-02 11:49:17.802  6778  7008 E msys    : E[N mns]_LogError(228)=>Failed to resolve using system DNS resolver, getaddrinfo(): No address associated with hostname
03-02 11:49:17.803  6778  7008 E msys    : E[N mns]_OnDiskCacheGetData(632)=>Start post callback cache refresh DNS resolution
03-02 11:49:17.805  6778  7008 E msys    : E[N mns]_LogError(228)=>Failed to resolve using system DNS resolver, getaddrinfo(): No address associated with hostname
03-02 11:49:17.932   861   947 I libPerfCtl: xgfGetFPS pid:921 fps:-1
03-02 11:49:17.932   861   947 I libPerfCtl: xgfGetFPS pid:2363 fps:-1
03-02 11:49:17.945   921   921 I MI-SF   : surfaceflinger setAffinity mode=0
03-02 11:49:17.945   921   921 E MI-SF   : surfaceflinger setAffinity success
03-02 11:49:18.054  4007  8763 D nativeloader: Load /data/app/~~Bh61wenJZi6JNVEuOkVQfQ==/com.softnation.Ojam-nnCVAdHxKfOmup5FCuBDYQ==/base.apk!/lib/arm64-v8a/libworklets.so using class loader ns clns-7 (caller=/data/app/~~Bh61wenJZi6JNVEuOkVQfQ==/com.softnation.Ojam-nnCVAdHxKfOmup5FCuBDYQ==/base.apk!classes20.dex): ok
03-02 11:49:18.063   849  1430 I hwcomposer: [HWC] (0)fire a callback of refresh to SF[4]  
03-02 11:49:18.086   849   849 I hwcomposer: [HWCDisplay] (0 updateFps():3667), (type:1, mode:2) fps:2.635427,dur:1138.34,max:825.57,min:142.32  
03-02 11:49:18.088   921   921 I MI-SF   : surfaceflinger setAffinity mode=1
03-02 11:49:18.089   921   921 E MI-SF   : surfaceflinger setAffinity success
03-02 11:49:18.089   921   921 I MI-SF   : surfaceflinger setreAffinity reTid=1207
03-02 11:49:18.089   921   921 E MI-SF   : surfaceflinger setAffinity success
03-02 11:49:18.223  1177  1177 I thermal_src: recvmsg_expect 5, but get 2 
03-02 11:49:18.224  1177  1177 V thermal_src: TA_DAEMON_CMD_GET_TPCB:ERROR ret=-1
03-02 11:49:18.224  1177  1177 E thermal_src: get_tpcb_from_kernel:error -1. retry...
03-02 11:49:18.224  1177  1177 I thermal_src: recvmsg_expect 4, but get 2 
03-02 11:49:18.224  1177  1177 V thermal_src: TA_DAEMON_CMD_SET_TTJ:ERROR ret=-1
03-02 11:49:18.224  1177  1177 E thermal_src: set_ttj_to_kernel 1:error -1
03-02 11:49:18.224  1177  1177 I thermal_src: recvmsg_expect 2, but get 5 
03-02 11:49:18.224  1177  1177 V thermal_src: waiting NOTIFY from kernel miss, -1
03-02 11:49:18.224  1177  1177 I thermal_src: recvmsg_expect 5, but get 4 
03-02 11:49:18.224  1177  1177 V thermal_src: TA_DAEMON_CMD_GET_TPCB:ERROR ret=-1
03-02 11:49:18.224  1177  1177 E thermal_src: get_tpcb_from_kernel:error -1. retry...
03-02 11:49:18.224  1177  1177 I thermal_src: recvmsg_expect 4, but get 5 
03-02 11:49:18.224  1177  1177 V thermal_src: TA_DAEMON_CMD_SET_TTJ:ERROR ret=-1
03-02 11:49:18.224  1177  1177 E thermal_src: set_ttj_to_kernel 1:error -1
03-02 11:49:18.224  1177  1177 I thermal_src: recvmsg_expect 5, but get 4 
03-02 11:49:18.224  1177  1177 V thermal_src: TA_DAEMON_CMD_GET_TPCB:ERROR ret=-1
03-02 11:49:18.224  1177  1177 E thermal_src: get_tpcb_from_kernel:error -1. retry...
03-02 11:49:18.224  1177  1177 I thermal_src: recvmsg_expect 4, but get 5 
03-02 11:49:18.224  1177  1177 V thermal_src: TA_DAEMON_CMD_SET_TTJ:ERROR ret=-1
03-02 11:49:18.224  1177  1177 E thermal_src: set_ttj_to_kernel 1:error -1
03-02 11:49:18.224  1177  1177 I thermal_src: recvmsg_expect 2, but get 4 
03-02 11:49:18.224  1177  1177 V thermal_src: waiting NOTIFY from kernel miss, -1
03-02 11:49:18.254  1621  4754 D AS.BtHelper: isBluetoothScoOn() mBluetoothHeadset is null: falsemBluetoothHeadsetDevice is null: true
03-02 11:49:18.254  1621  4754 V AS.AudioDeviceBroker: requestedCommunicationDevice: null mAudioModeOwner: AudioModeInfo: mMode=MODE_NORMAL, mPid=0, mUid=0
03-02 11:49:18.255  1621  4754 D AS.BtHelper: isBluetoothScoOn() mBluetoothHeadset is null: falsemBluetoothHeadsetDevice is null: true
03-02 11:49:18.255  1621  4754 V AS.AudioDeviceBroker: requestedCommunicationDevice: null mAudioModeOwner: AudioModeInfo: mMode=MODE_NORMAL, mPid=0, mUid=0
03-02 11:49:18.260  4007  8763 D nativeloader: Load /data/app/~~Bh61wenJZi6JNVEuOkVQfQ==/com.softnation.Ojam-nnCVAdHxKfOmup5FCuBDYQ==/base.apk!/lib/arm64-v8a/libreanimated.so using class loader ns clns-7 (caller=/data/app/~~Bh61wenJZi6JNVEuOkVQfQ==/com.softnation.Ojam-nnCVAdHxKfOmup5FCuBDYQ==/base.apk!classes20.dex): ok
03-02 11:49:18.509  2350  2350 W Settings: Setting airplane_mode_on has moved from android.provider.Settings.System to android.provider.Settings.Global, returning read-only value.
03-02 11:49:18.511  2350  2350 W Settings: Setting airplane_mode_on has moved from android.provider.Settings.System to android.provider.Settings.Global, returning read-only value.
03-02 11:49:18.513  1201  1298 D AALLightSensor: oldLux=27 [SA:-1 LA:-1] newLux=27 (oriLux: 29)
03-02 11:49:18.513  2350 29580 D NetworkSpeedTracker: updateSignalInfo lteRsrp=-91lteSnr=14,phoneId=1
