03-02 11:49:18.517  2350 29580 D NetworkSpeedTracker: updateSignalInfo lteRsrp=-91lteSnr=14,phoneId=1
03-02 11:49:18.530  6778  7008 E msys    : E[N mns]_OnDiskCacheGetData(632)=>Start post callback cache refresh DNS resolution
03-02 11:49:18.536  6778  7008 E msys    : E[N mns]_LogError(228)=>Failed to resolve using system DNS resolver, getaddrinfo(): No address associated with hostname
03-02 11:49:18.718  1621  1650 I PowerHalWrapper: amsBoostNotify pid:1999,activity:com.miui.home.launcher.Launcher, package:com.miui.home, mProcessCreatePackcom.softnation.Ojam 
03-02 11:49:18.718   863   909 I mtkpower@impl: [setMode] type:5, enabled:0
03-02 11:49:18.718  1621  1650 I PowerHalWrapper: state: 0 
03-02 11:49:18.719   863   958 I libPowerHal: [perfLockRel] hdl:368864, idx:1
03-02 11:49:18.719   863   958 I libPowerHal: [PD] LAUNCH update cmd:1408300 param:40, pr:3
03-02 11:49:18.719  1621  1650 I mtkpower_client: [PowerHal_Wrap_notifyAppState] com.miui.home/com.miui.home.launcher.Launcher pid=1999 activityId:159909721 state:0
03-02 11:49:18.720   861   861 I vendor.mediatek.hardware.mtkpower_applist-service.mediatek: packName: com.miui.home actName: com.miui.home.launcher.Launcher pid: 1999 activityId: 159909721 uid: 10166 state: 0
03-02 11:49:18.720   861   861 I MTK_APPList: [notifyAPPstate] com.miui.home/com.miui.home.launcher.Launcher, pid=1999, activityId=159909721, uid=10166, state:PAUSED, fps:-1, win:1
03-02 11:49:18.720   861   861 I MTK_APPList: [notifyAPPstate] multi_resumed_app_count: 2
03-02 11:49:18.720   861   861 I MTK_APPList: [notifyAPPstate] multi_resumed_app_info[0] com.android.systemui/com.android.systemui._190038181, pid:2363, activityId:-1, fps:-1, isMultiWindow:0
03-02 11:49:18.720   861   861 I MTK_APPList: [notifyAPPstate] multi_resumed_app_info[1] com.softnation.Ojam/com.softnation.Ojam.MainActivity, pid:4007, activityId:104904505, fps:-1, isMultiWindow:0
03-02 11:49:18.720   861   861 I MTK_APPList: [getForegroundAPPCount] 2
03-02 11:49:18.720   861   861 I MTK_APPList: [notifyNetdUID] 10337
03-02 11:49:18.720  1621  1650 I PowerHalWrapper: amsBoostNotify AMS_BOOST_PROCESS_CREATE_BOOST:true 
03-02 11:49:18.721   863   958 I libPowerHal: [PD] LAUNCH update cmd:400000 param:-1 pr:6
03-02 11:49:18.721   863   958 I libPowerHal: [PD] LAUNCH update cmd:400100 param:-1 pr:6
03-02 11:49:18.722   863   958 I libPowerHal: [setDvfsrcDevFreqOpp] opp:1, freq:2400000000
03-02 11:49:18.722   863   958 I libPowerHal: [PD] LAUNCH update cmd:1000000 param:1 pr:3
03-02 11:49:18.722  1999  1999 D OnLongClickAgent: reset:   removeMessages MSG_LONG_CLICK
03-02 11:49:18.723  1999  1999 D OnLongClickAgent: reset:   removeMessages MSG_LONG_CLICK
03-02 11:49:18.723   863   958 I libPowerHal: [recordCPUFreqInfo] set cluster[0] min(-1): -1 max(-1): -1 cluster[1] min(-1): -1 max(-1): -1
03-02 11:49:18.723  1999  1999 D OnLongClickAgent: reset:   removeMessages MSG_LONG_CLICK
03-02 11:49:18.723   863   958 I libPowerHal: [perfLockRel] Done for hdl : 368864
03-02 11:49:18.723  1999  1999 D OnLongClickAgent: reset:   removeMessages MSG_LONG_CLICK
03-02 11:49:18.723  1999  1999 D OnLongClickAgent: reset:   removeMessages MSG_LONG_CLICK
03-02 11:49:18.723  1999  1999 D OnLongClickAgent: reset:   removeMessages MSG_LONG_CLICK
03-02 11:49:18.723  1999  1999 D OnLongClickAgent: reset:   removeMessages MSG_LONG_CLICK
03-02 11:49:18.723   861   861 I MTK_APPList: [notifyPID] 4007
03-02 11:49:18.724  1999  1999 D OnLongClickAgent: reset:   removeMessages MSG_LONG_CLICK
03-02 11:49:18.724  1999  1999 D OnLongClickAgent: reset:   removeMessages MSG_LONG_CLICK
03-02 11:49:18.724  1999  1999 D OnLongClickAgent: reset:   removeMessages MSG_LONG_CLICK
03-02 11:49:18.724  1999  1999 D OnLongClickAgent: reset:   removeMessages MSG_LONG_CLICK
03-02 11:49:18.724  1999  1999 D OnLongClickAgent: reset:   removeMessages MSG_LONG_CLICK
03-02 11:49:18.724  1999  1999 D OnLongClickAgent: reset:   removeMessages MSG_LONG_CLICK
03-02 11:49:18.724  1999  1999 D OnLongClickAgent: reset:   removeMessages MSG_LONG_CLICK
03-02 11:49:18.724   863   958 I libPowerHal: [perfSetSysInfo] pid type:24, 4007
03-02 11:49:18.724  1999  1999 D OnLongClickAgent: reset:   removeMessages MSG_LONG_CLICK
03-02 11:49:18.724  1999  1999 D OnLongClickAgent: reset:   removeMessages MSG_LONG_CLICK
03-02 11:49:18.724  1999  1999 D OnLongClickAgent: reset:   removeMessages MSG_LONG_CLICK
03-02 11:49:18.724  1999  1999 D OnLongClickAgent: reset:   removeMessages MSG_LONG_CLICK
03-02 11:49:18.724  8656  8656 W BpBinder: Slow Binder: BpBinder transact took 11826 ms, interface=android.app.IActivityManager, code=1598246212 oneway=false
03-02 11:49:18.737  1621  1842 I MiuiNetworkPolicy: updateUidState uid = 99406, uidState = 4
03-02 11:49:18.737  1621  1842 I MiuiNetworkPolicy: updateUidState uid = 99351, uidState = 5
03-02 11:49:18.737  1621  1842 I MiuiNetworkPolicy: updateUidState uid = 10261, uidState = 4
03-02 11:49:18.737  1621  1842 I MiuiNetworkPolicy: updateUidState uid = 10200, uidState = 5
03-02 11:49:18.737  1621  1842 I MiuiNetworkPolicy: updateUidState uid = 10181, uidState = 4
03-02 11:49:18.737  1621  1842 I MiuiNetworkPolicy: updateUidState uid = 10168, uidState = 4
03-02 11:49:18.739  1621  1842 I MiuiNetworkPolicy: updateUidState uid = 10166, uidState = 5
03-02 11:49:18.739  1621  1842 I MiuiNetworkPolicy: updateUidState uid = 10165, uidState = 4
03-02 11:49:18.739  1621  1842 I MiuiNetworkPolicy: updateUidState uid = 10162, uidState = 5
03-02 11:49:18.739  1621  1842 I MiuiNetworkPolicy: updateUidState uid = 10147, uidState = 4
03-02 11:49:18.739  1999  1999 D Launcher.Lifecycle: onStop:UserHandle{0},c143874,false
03-02 11:49:18.741  1999  1999 D UninstallDialogWrapper: mUninstallDialogShowing != isShowfalse, mUninstallDialogShowingfalse,isShowfalse
03-02 11:49:18.742  1999  1999 D SoscSplitStateController: updateDividerFixedState: isFixed = false
03-02 11:49:18.742  1999  1999 D Launcher_UnlockAnimationStateMachine: onStop = IDLE
03-02 11:49:18.744  1999  1999 D LauncherAssistantCompatGoogle: onStop com.google.android.libraries.gsa.launcherclient.LauncherClient@b8351e8
03-02 11:49:18.743  2363  2477 D SoScSplitScreenController: updateDividerFixedState isFixed:false
03-02 11:49:18.748  1999  1999 E Launcher.application: setClickAppWaitForCallback = false
03-02 11:49:18.749 27281 27281 I brdz    : onStop
03-02 11:49:18.751 11917 12311 D LauncherOverlay: setActivityState:0
03-02 11:49:18.752 11917 11917 D LauncherOverlay.Window: onStop
03-02 11:49:18.754  1999  1999 D ActivityThread: Fail to check app heapsize due to java.lang.NoSuchMethodException: dalvik.system.VMRuntime.getBlockingGcCountForAlloc []
03-02 11:49:18.784  1999  2551 D BLASTBufferQueue: [VRI[Launcher]#1206](f:0,a:1) destructor()
03-02 11:49:18.785   921  2359 I BpBinder: onLastStrongRef automatically unlinking death recipients: 
03-02 11:49:18.785  1999  2551 D BufferQueueConsumer: [VRI[Launcher]#1206(BLAST Consumer)1206](id:7cf0000057e,api:0,p:-1,c:1999) disconnect
03-02 11:49:18.792  1621  4754 D MiuiRefreshRatePolicy: reset
03-02 11:49:18.801  1621  1651 I ActivityTaskManager: visible for Task{6b186df #37048 type=standard A=10337:com.softnation.Ojam} visible = true isAnimating = false TRANSITION = false PARENTS = false CHILDREN = false
03-02 11:49:18.802  1621  1621 D UiModeManager: updateConfigurationLocked: mDockState=0; mCarMode=false; mCar=false; mPowerSave=false; mOverrideNightModeOn=false; mOverrideNightModeOff=false; mComputedNightMode=true; mNightModeValue=2; uiMode=42
03-02 11:49:18.804  1621  1651 D MiuiRefreshRatePolicy: reset
03-02 11:49:18.805  6027  6027 I PowerSaveService: onReceive: android.intent.action.BATTERY_CHANGED
03-02 11:49:18.806  6515  8177 D PowerCheckerService: onBatteryChanged, mBatteryLevel = 44, status = 2, level = 44, plug = 2, scale = 100
03-02 11:49:18.806 27281 27281 D VRI[LauncherMinusOneScreen]: visibilityChanged oldVisibility=true newVisibility=false
03-02 11:49:18.807  6027  6027 I PowerNoticeUI: handleBatteryChanged oldPlugType 2 mPlugType 2 oldBatteryLevel 44 mBatteryLevel 44 temperature 410
03-02 11:49:18.807  6027  6027 I ChargerBatteryIntelligenceReceiver: onBatteryChanged temperature∩╝Ü41,plugType:2
03-02 11:49:18.807  6027  6027 I ChargerBatteryIntelligenceReceiver: dissmissTempFastChargeReminder not support
03-02 11:49:18.808  6027  6027 D BaseChargeProtect_HighTemp: mCountByMinute:0,isScreenOn:true
03-02 11:49:18.808 11917 11917 D VRI[globalminusscreen]: visibilityChanged oldVisibility=true newVisibility=false
03-02 11:49:18.809  6027  6027 I android_os_HwBinder: HwBinder: Starting thread pool for getting: vendor.xiaomi.hardware.micharge@1.0::IMiCharge/default
03-02 11:49:18.810  6515  6997 I ProcAudioPowerManager: onBatteryChanged, onBattery is false
03-02 11:49:18.811  6515  8142 D PowerKeeper.Thermal: mBatteryTemperature: 41
03-02 11:49:18.812   872 24120 I vendor.xiaomi.hardware.micharge@1.0-service: ReadFilePathValue path = /sys/class/power_supply/usb/real_type value = USB
03-02 11:49:18.812  6515  6997 D PowerKeeper.FrozenApp: onBatteryChanged plug=true mBatteryPlugged=2
03-02 11:49:18.812  6027  6027 I IMiChargeUtils: getIMiChargeStringValue method:getBatteryChargeType,value:USB
03-02 11:49:18.813  6027  6027 I IMiChargeUtils: getBatteryChargeType : USB
03-02 11:49:18.813  6027  6027 I ChargeTimeUtilsV2: chargeType:USB
03-02 11:49:18.813  6027  6027 I PowerFeatureUtils: getVendorName:mediatek
03-02 11:49:18.814  6027  6027 I PowerFeatureUtils: getVendorName:mediatek
03-02 11:49:18.817  3510  3510 W libc    : Unable to set property "persist.vendor.accelerate.charge" to "false": PROP_ERROR_PERMISSION_DENIED (0x18)
03-02 11:49:18.817  1621  1621 D UiModeManager: updateConfigurationLocked: mDockState=0; mCarMode=false; mCar=false; mPowerSave=false; mOverrideNightModeOn=false; mOverrideNightModeOff=false; mComputedNightMode=true; mNightModeValue=2; uiMode=42
03-02 11:49:18.818  6027  6027 I PowerSaveService: onReceive: android.intent.action.BATTERY_CHANGED
03-02 11:49:18.820  6515  8177 D PowerCheckerService: onBatteryChanged, mBatteryLevel = 44, status = 2, level = 44, plug = 2, scale = 100
03-02 11:49:18.820  6515  6997 I ProcAudioPowerManager: onBatteryChanged, onBattery is false
03-02 11:49:18.820  6515  6997 D PowerKeeper.FrozenApp: onBatteryChanged plug=true mBatteryPlugged=2
03-02 11:49:18.820  6515  8142 D PowerKeeper.Thermal: mBatteryTemperature: 40
03-02 11:49:18.821  6027  6027 I PowerNoticeUI: handleBatteryChanged oldPlugType 2 mPlugType 2 oldBatteryLevel 44 mBatteryLevel 44 temperature 400
03-02 11:49:18.821  1621  1648 D Aurogon :  uid = 10166 switch to BG
03-02 11:49:18.821  6027  6027 I ChargerBatteryIntelligenceReceiver: onBatteryChanged temperature∩╝Ü40,plugType:2
03-02 11:49:18.821  6027  6027 I ChargerBatteryIntelligenceReceiver: dissmissTempFastChargeReminder not support
03-02 11:49:18.821  6027  6027 D BaseChargeProtect_HighTemp: mCountByMinute:0,isScreenOn:true
03-02 11:49:18.821  1621  1894 D Aurogon :  onForegroundActivitiesChanged packageName = com.miui.home
03-02 11:49:18.823  6027  6027 I android_os_HwBinder: HwBinder: Starting thread pool for getting: vendor.xiaomi.hardware.micharge@1.0::IMiCharge/default
03-02 11:49:18.825   872 24120 I vendor.xiaomi.hardware.micharge@1.0-service: ReadFilePathValue path = /sys/class/power_supply/usb/real_type value = USB
03-02 11:49:18.826  6027  6027 I IMiChargeUtils: getIMiChargeStringValue method:getBatteryChargeType,value:USB
03-02 11:49:18.826  6027  6027 I IMiChargeUtils: getBatteryChargeType : USB
03-02 11:49:18.826  6027  6027 I ChargeTimeUtilsV2: chargeType:USB
03-02 11:49:18.826  6027  6027 I PowerFeatureUtils: getVendorName:mediatek
03-02 11:49:18.826  6027  6027 I PowerFeatureUtils: getVendorName:mediatek
03-02 11:49:18.828   921   921 I SurfaceFlinger: onHandleDestroyed: name=com.miui.home/com.miui.home.launcher.Launcher#134543, layerId=134543, parentId=0
03-02 11:49:18.828  1621  1651 I ActivityTaskManager: visible for Task{6b186df #37048 type=standard A=10337:com.softnation.Ojam} visible = true isAnimating = false TRANSITION = false PARENTS = false CHILDREN = false
03-02 11:49:18.831   921   921 I MI-SF   : surfaceflinger setAffinity mode=0
03-02 11:49:18.832   921   921 E MI-SF   : surfaceflinger setAffinity success
03-02 11:49:18.843  1621  4754 I SmartPower: com.mi.globalminusscreen/10162(11917): visible->invisible(12301ms) R(become invisible) adj=100.
03-02 11:49:18.844  1621  4754 I SmartPower: com.mi.globalminusscreen/10162(11917): invisible->background(1ms) R(become background) adj=100.
03-02 11:49:18.845  1621  1922 I SmartPower: com.google.android.adservices.api/10261(5464): idle->background(717655ms) R(add to whitelist) adj=100.
03-02 11:49:18.845  1621  1922 I SmartPower: com.google.android.webview:sandboxed_process0:org.chromium.content.app.SandboxedPridle->background(717656ms) R(add to whitelist) adj=100.
03-02 11:49:18.847  1621  4754 D MiuiRefreshRatePolicy: reset
03-02 11:49:18.849  1621  2834 I SmartPower: com.google.android.googlequicksearchbox:googleapp/10165(27281): visible->invisible(12317ms) R(become invisible) adj=800.
03-02 11:49:18.849  1621  2834 I SmartPower: com.google.android.googlequicksearchbox:search/10165(13966): invisible->background(12317ms) R(become background) adj=800.
03-02 11:49:18.849  1621  2834 I SmartPower: com.google.android.googlequicksearchbox:googleapp/10165(27281): invisible->background(0ms) R(become background) adj=800.
03-02 11:49:18.850  1621  2834 I SmartPower: com.google.android.googlequicksearchbox:interactor/10165(5969): invisible->background(12317ms) R(become background) adj=100.
03-02 11:49:18.850  1621  1922 I SmartPower: com.google.android.gms/10147(8942): idle->background(79307ms) R(add to whitelist) adj=600.
03-02 11:49:18.850 11917 11917 D BLASTBufferQueue: [VRI[globalminusscreen]#47](f:0,a:1) destructor()
03-02 11:49:18.850   921  2359 I BpBinder: onLastStrongRef automatically unlinking death recipients: 
03-02 11:49:18.851 11917 11917 D BufferQueueConsumer: [VRI[globalminusscreen]#47(BLAST Consumer)47](id:2e8d0000002f,api:0,p:-1,c:11917) disconnect
03-02 11:49:18.852  1621  2834 D MiuiRefreshRatePolicy: reset
03-02 11:49:18.855 27281 27281 D BLASTBufferQueue: [VRI[LauncherMinusOneScreen]#3](f:0,a:3) destructor()
03-02 11:49:18.855  1621  1651 I ActivityTaskManager: visible for Task{6b186df #37048 type=standard A=10337:com.softnation.Ojam} visible = true isAnimating = false TRANSITION = false PARENTS = false CHILDREN = false
03-02 11:49:18.857   921   921 I BufferQueueDebug: [com.miui.home/com.miui.home.launcher.Launcher#134543](this:0xb400007bcecc5298,id:-1,api:0,p:-1,c:921) onDestructor()
03-02 11:49:18.858   921   921 I SurfaceFlinger: onHandleDestroyed: name=LauncherOverlayWindow:com.mi.globalminusscreen#134542, layerId=134542, parentId=0
03-02 11:49:18.858   921  2359 I BpBinder: onLastStrongRef automatically unlinking death recipients: 
03-02 11:49:18.859 27281 27281 D BufferQueueConsumer: [VRI[LauncherMinusOneScreen]#3(BLAST Consumer)3](id:6a9100000003,api:0,p:-1,c:27281) disconnect
03-02 11:49:18.860   921  2359 I SurfaceFlinger: onHandleDestroyed: name=LauncherMinusOneScreen#134541, layerId=134541, parentId=0
03-02 11:49:18.885   921   921 I BufferQueueDebug: [LauncherMinusOneScreen#134541](this:0xb400007bcebbf2d8,id:-1,api:0,p:-1,c:921) onDestructor()
03-02 11:49:18.885   921   921 I BufferQueueDebug: [LauncherOverlayWindow:com.mi.globalminusscreen#134542](this:0xb400007bcec47dd8,id:-1,api:0,p:-1,c:921) onDestructor()
03-02 11:49:18.908  1621  2834 D ActivityManager: getProcessesInErrorState callingUid=10126, CallingPid=7064
03-02 11:49:18.932   861   947 I libPerfCtl: xgfGetFPS pid:2363 fps:-1
03-02 11:49:19.059   849  1430 I hwcomposer: [HWC] (0)fire a callback of refresh to SF[4]  
03-02 11:49:19.077 27281 27298 W chbox:googleapp: Reducing the number of considered missed Gc histogram windows from 151 to 100
03-02 11:49:19.084   921   921 I BufferQueueProducer: [FramebufferSurface](this:0xb400007d8e9dff50,id:-1,api:1,p:921,c:921) queueBuffer: fps=1.02 dur=1966.39 max=998.30 min=968.08
03-02 11:49:19.087   921   921 I MI-SF   : surfaceflinger setAffinity mode=1
03-02 11:49:19.087   921   921 E MI-SF   : surfaceflinger setAffinity success
03-02 11:49:19.087   921   921 I MI-SF   : surfaceflinger setreAffinity reTid=1207
03-02 11:49:19.087   921   921 E MI-SF   : surfaceflinger setAffinity success
03-02 11:49:19.210  1055  1186 D connsyslogger: SD_LOG_ROOT is /data/debuglogger/connsyslog/fw.
03-02 11:49:19.210  1055  1186 D connsyslogger: systemReady:1
03-02 11:49:19.258  1621  2834 D AS.BtHelper: isBluetoothScoOn() mBluetoothHeadset is null: falsemBluetoothHeadsetDevice is null: true
03-02 11:49:19.258  1621  2834 V AS.AudioDeviceBroker: requestedCommunicationDevice: null mAudioModeOwner: AudioModeInfo: mMode=MODE_NORMAL, mPid=0, mUid=0
03-02 11:49:19.260  1621  2834 D AS.BtHelper: isBluetoothScoOn() mBluetoothHeadset is null: falsemBluetoothHeadsetDevice is null: true
03-02 11:49:19.261  1621  2834 V AS.AudioDeviceBroker: requestedCommunicationDevice: null mAudioModeOwner: AudioModeInfo: mMode=MODE_NORMAL, mPid=0, mUid=0
03-02 11:49:19.311  1621  1666 I SmartPower: com.whatsapp/10300(31638): idle->background(2052ms) R(broadcast start Intent { act=android.intent.action.BATTERY_CHANGED flg=0x60000010 (has extras) }) adj=227.
03-02 11:49:19.312  1621  1666 I SmartPower: com.android.chrome/10174(31865): idle->background(2054ms) R(broadcast start Intent { act=android.intent.action.BATTERY_CHANGED flg=0x60000010 (has extras) }) adj=915.
03-02 11:49:19.313  1621  1666 I SmartPower: com.whatsapp/99910300(3370): idle->background(2055ms) R(broadcast start Intent { act=android.intent.action.BATTERY_CHANGED flg=0x60000010 (has extras) }) adj=915.
03-02 11:49:19.314  1621  1666 I SmartPower: com.facebook.katana/10287(4176): idle->background(2055ms) R(broadcast start Intent { act=android.intent.action.BATTERY_CHANGED flg=0x60000010 (has extras) }) adj=915.
03-02 11:49:19.315  1621  1666 I SmartPower: com.instagram.barcelona/10075(6655): idle->background(2056ms) R(broadcast start Intent { act=android.intent.action.BATTERY_CHANGED flg=0x60000010 (has extras) }) adj=905.
03-02 11:49:19.316  1621  1666 I SmartPower: com.instagram.android/10301(6778): idle->background(2057ms) R(broadcast start Intent { act=android.intent.action.BATTERY_CHANGED flg=0x60000010 (has extras) }) adj=905.
03-02 11:49:19.541  1177  1177 I thermal_src: recvmsg_expect 5, but get 2 
03-02 11:49:19.542  1177  1177 V thermal_src: TA_DAEMON_CMD_GET_TPCB:ERROR ret=-1
03-02 11:49:19.542  1177  1177 E thermal_src: get_tpcb_from_kernel:error -1. retry...
03-02 11:49:19.542  1177  1177 I thermal_src: recvmsg_expect 5, but get 2 
03-02 11:49:19.542  1177  1177 V thermal_src: TA_DAEMON_CMD_GET_TPCB:ERROR ret=-1
03-02 11:49:19.542  1177  1177 E thermal_src: get_tpcb_from_kernel:error -1. retry...
03-02 11:49:19.542  1177  1177 I thermal_src: recvmsg_expect 5, but get 2 
03-02 11:49:19.542  1177  1177 V thermal_src: TA_DAEMON_CMD_GET_TPCB:ERROR ret=-1
03-02 11:49:19.542  1177  1177 E thermal_src: get_tpcb_from_kernel:error -1. retry...
03-02 11:49:19.543  1177  1177 I thermal_src: recvmsg_expect 4, but get 5 
03-02 11:49:19.543  1177  1177 V thermal_src: TA_DAEMON_CMD_SET_TTJ:ERROR ret=-1
03-02 11:49:19.543  1177  1177 E thermal_src: set_ttj_to_kernel 1:error -1
03-02 11:49:19.543  1177  1177 I thermal_src: recvmsg_expect 2, but get 5 
03-02 11:49:19.543  1177  1177 V thermal_src: waiting NOTIFY from kernel miss, -1
03-02 11:49:19.543  1177  1177 I thermal_src: recvmsg_expect 2, but get 5 
03-02 11:49:19.543  1177  1177 V thermal_src: waiting NOTIFY from kernel miss, -1
03-02 11:49:19.543  1177  1177 I thermal_src: recvmsg_expect 2, but get 4 
03-02 11:49:19.543  1177  1177 V thermal_src: waiting NOTIFY from kernel miss, -1
03-02 11:49:19.767  1621  4754 D ConnectivityService: requestNetwork for uid/pid:10337/4007 activeRequest: null callbackRequest: 242829 [NetworkRequest [ REQUEST id=242830, [ Capabilities: INTERNET&NOT_RESTRICTED&TRUSTED&NOT_VCN_MANAGED&NOT_BANDWIDTH_CONSTRAINED Uid: 10337 RequestorUid: 10337 RequestorPkg: com.softnation.Ojam UnderlyingNetworks: Null] ]] callback flags: 0 order: 2147483647 isUidTracked: false declaredMethods: AVAIL|LOSING|LOST|UNAVAIL|NC|LP
03-02 11:49:19.776  1621  1843 D WifiNetworkFactory: got request NetworkRequest [ REQUEST id=242830, [ Capabilities: INTERNET&NOT_RESTRICTED&TRUSTED&NOT_VCN_MANAGED&NOT_BANDWIDTH_CONSTRAINED Uid: 10337 RequestorUid: 10337 RequestorPkg: com.softnation.Ojam UnderlyingNetworks: Null] ]
03-02 11:49:19.777  1621  1843 D UntrustedWifiNetworkFactory: got request NetworkRequest [ REQUEST id=242830, [ Capabilities: INTERNET&NOT_RESTRICTED&TRUSTED&NOT_VCN_MANAGED&NOT_BANDWIDTH_CONSTRAINED Uid: 10337 RequestorUid: 10337 RequestorPkg: com.softnation.Ojam UnderlyingNetworks: Null] ]
03-02 11:49:19.778  1621  1843 D OemPaidWifiNetworkFactory: got request NetworkRequest [ REQUEST id=242830, [ Capabilities: INTERNET&NOT_RESTRICTED&TRUSTED&NOT_VCN_MANAGED&NOT_BANDWIDTH_CONSTRAINED Uid: 10337 RequestorUid: 10337 RequestorPkg: com.softnation.Ojam UnderlyingNetworks: Null] ]
03-02 11:49:19.778  1621  1843 D MultiInternetWifiNetworkFactory: got request NetworkRequest [ REQUEST id=242830, [ Capabilities: INTERNET&NOT_RESTRICTED&TRUSTED&NOT_VCN_MANAGED&NOT_BANDWIDTH_CONSTRAINED Uid: 10337 RequestorUid: 10337 RequestorPkg: com.softnation.Ojam UnderlyingNetworks: Null] ]
03-02 11:49:19.779  1621  1856 D ConnectivityService: NetReassign [242830 : null ΓåÆ 255] [c 1] [a 3] [i 6]
03-02 11:49:19.933   861   947 I libPerfCtl: xgfGetFPS pid:921 fps:-1
03-02 11:49:19.933   861   947 I libPerfCtl: xgfGetFPS pid:2363 fps:-1
03-02 11:49:19.971  6778  7008 E msys    : E[N mns]_OnDiskCacheGetData(632)=>Start post callback cache refresh DNS resolution
03-02 11:49:19.975  1167  1167 I thermal_repeater: [recvMdThermalInfo] ret=26, strLen=127,  3, 37, -13, 196, 32767, 0
03-02 11:49:19.980  6778  7008 E msys    : E[N mns]_LogError(228)=>Failed to resolve using system DNS resolver, getaddrinfo(): No address associated with hostname
03-02 11:49:20.196  1621  4754 D MiuiRefreshRatePolicy: reset
03-02 11:49:20.206  4007  4007 D VRI[MainActivity]: vri.reportNextDraw android.view.ViewRootImpl.performTraversals:4984 android.view.ViewRootImpl.doTraversal:3564 android.view.ViewRootImpl$TraversalRunnable.run:11781 android.view.Choreographer$CallbackRecord.run:1804 android.view.Choreographer$CallbackRecord.run:1813 
03-02 11:49:20.211  1621  1651 I ActivityTaskManager: visible for Task{6b186df #37048 type=standard A=10337:com.softnation.Ojam} visible = true isAnimating = false TRANSITION = false PARENTS = false CHILDREN = false
03-02 11:49:20.241   849   849 I hwcomposer: [HWCDisplay] (0 updateFps():3667), (type:1, mode:2) fps:2.319897,dur:2155.27,max:1156.72,min:27.53  
03-02 11:49:20.243   921   921 I MI-SF   : surfaceflinger setAffinity mode=0
03-02 11:49:20.244   921   921 E MI-SF   : surfaceflinger setAffinity success
03-02 11:49:20.267  1621  4754 D AS.BtHelper: isBluetoothScoOn() mBluetoothHeadset is null: falsemBluetoothHeadsetDevice is null: true
03-02 11:49:20.267  1621  4754 V AS.AudioDeviceBroker: requestedCommunicationDevice: null mAudioModeOwner: AudioModeInfo: mMode=MODE_NORMAL, mPid=0, mUid=0
03-02 11:49:20.268  1621  4754 D AS.BtHelper: isBluetoothScoOn() mBluetoothHeadset is null: falsemBluetoothHeadsetDevice is null: true
03-02 11:49:20.268  1621  4754 V AS.AudioDeviceBroker: requestedCommunicationDevice: null mAudioModeOwner: AudioModeInfo: mMode=MODE_NORMAL, mPid=0, mUid=0
03-02 11:49:20.359   849  1430 I hwcomposer: [HWC] (0)fire a callback of refresh to SF[4]  
03-02 11:49:20.385   921   921 I BufferQueueProducer: [FramebufferSurface](this:0xb400007d8e9dff50,id:-1,api:1,p:921,c:921) queueBuffer: fps=0.77 dur=1301.17 max=1301.17 min=1301.17
03-02 11:49:20.389   921   921 I MI-SF   : surfaceflinger setAffinity mode=1
03-02 11:49:20.389   921   921 E MI-SF   : surfaceflinger setAffinity success
03-02 11:49:20.389   921   921 I MI-SF   : surfaceflinger setreAffinity reTid=1207
03-02 11:49:20.389   921   921 E MI-SF   : surfaceflinger setAffinity success
03-02 11:49:20.681  2350  2350 W Settings: Setting airplane_mode_on has moved from android.provider.Settings.System to android.provider.Settings.Global, returning read-only value.
03-02 11:49:20.685  2350  2350 W Settings: Setting airplane_mode_on has moved from android.provider.Settings.System to android.provider.Settings.Global, returning read-only value.
03-02 11:49:20.688  2350 29580 D NetworkSpeedTracker: updateSignalInfo lteRsrp=-90lteSnr=15,phoneId=1
03-02 11:49:20.695  2350 29580 D NetworkSpeedTracker: updateSignalInfo lteRsrp=-90lteSnr=15,phoneId=1
03-02 11:49:20.705  1159  1606 D ULogGuard: Monitoring: 18 threads, 0 requests, 0 time-bombs; 1 guards. ResetFlags = 0x7
03-02 11:49:20.909  1621  2834 D ActivityManager: getProcessesInErrorState callingUid=10126, CallingPid=7064
03-02 11:49:21.021  1055  1191 D connsyslogger: data recycle:time out
03-02 11:49:21.021  1055  1191 D connsyslogger: idx=0 Bootup Log: 2 log files! filecount=3 
03-02 11:49:21.210  1055  1186 D connsyslogger: SD_LOG_ROOT is /data/debuglogger/connsyslog/fw.
03-02 11:49:21.211  1055  1186 D connsyslogger: systemReady:1
03-02 11:49:21.239  2350  2350 W Settings: Setting airplane_mode_on has moved from android.provider.Settings.System to android.provider.Settings.Global, returning read-only value.
03-02 11:49:21.242  2350  2350 W Settings: Setting airplane_mode_on has moved from android.provider.Settings.System to android.provider.Settings.Global, returning read-only value.
03-02 11:49:21.245  2350 29580 D NetworkSpeedTracker: updateSignalInfo lteRsrp=-91lteSnr=16,phoneId=1
03-02 11:49:21.249  2350 29580 D NetworkSpeedTracker: updateSignalInfo lteRsrp=-91lteSnr=16,phoneId=1
03-02 11:49:21.274  1621  4754 D AS.BtHelper: isBluetoothScoOn() mBluetoothHeadset is null: falsemBluetoothHeadsetDevice is null: true
03-02 11:49:21.274  1621  4754 V AS.AudioDeviceBroker: requestedCommunicationDevice: null mAudioModeOwner: AudioModeInfo: mMode=MODE_NORMAL, mPid=0, mUid=0
03-02 11:49:21.276  1621  4754 D AS.BtHelper: isBluetoothScoOn() mBluetoothHeadset is null: falsemBluetoothHeadsetDevice is null: true
03-02 11:49:21.276  1621  4754 V AS.AudioDeviceBroker: requestedCommunicationDevice: null mAudioModeOwner: AudioModeInfo: mMode=MODE_NORMAL, mPid=0, mUid=0
03-02 11:49:21.377  4007  4007 D ScrollerOptimizationManager: registerConfigChangedListener
03-02 11:49:21.379  4007  4007 W libc    : Access denied finding property "ro.vendor.mi_sf.new_dynamic_refresh_rate"
03-02 11:49:21.380  4007  4007 D SplineOverScroller: dynamic params is false
03-02 11:49:21.382  4007  4007 I softnation.Ojam: hiddenapi: Accessing hidden field Landroid/widget/HorizontalScrollView;->mScroller:Landroid/widget/OverScroller; (runtime_flags=0, domain=platform, api=unsupported) from Lcom/facebook/react/views/scroll/ReactHorizontalScrollView; (domain=app, TargetSdkVersion=36) using reflection: allowed
03-02 11:49:21.385   861   947 I libPerfCtl: xgfGetFPS pid:2363 fps:-1
03-02 11:49:21.524  4007  4007 D ScrollerOptimizationManager: registerConfigChangedListener
03-02 11:49:21.537  4007  8765 W unknown:ReactNative: StatusBarModule: Ignored status bar change, current activity is edge-to-edge.
03-02 11:49:21.538  4007  8765 W unknown:ReactNative: StatusBarModule: Ignored status bar change, current activity is edge-to-edge.
03-02 11:49:21.597  4007  4007 D ScrollerOptimizationManager: registerConfigChangedListener
03-02 11:49:21.603  4007  4007 D ScrollerOptimizationManager: registerConfigChangedListener
03-02 11:49:21.604  4007  4007 I softnation.Ojam: hiddenapi: Accessing hidden field Landroid/widget/ScrollView;->mScroller:Landroid/widget/OverScroller; (runtime_flags=0, domain=platform, api=unsupported) from Lcom/facebook/react/views/scroll/ReactScrollView; (domain=app, TargetSdkVersion=36) using reflection: allowed
03-02 11:49:21.645  1621  1776 I SmartPower: com.facebook.services/10106(25764): idle->background(269173ms) R(alarm start) adj=800.
03-02 11:49:21.647  1621  1776 I whetstone.activity: Power Event callback listener is empty for resId=128
03-02 11:49:21.647  1621  1776 D BatteryStatsManagerStub: notifyEvent for resId=128 used 0ms
03-02 11:49:21.707  4007  4007 W [RNScreens]: backTitleVisible prop is not available on Android
03-02 11:49:21.707  4007  4007 W [RNScreens]: backTitleFontFamily prop is not available on Android
03-02 11:49:21.707  4007  4007 W [RNScreens]: disableBackButtonMenu prop is not available on Android
03-02 11:49:21.707  4007  4007 W [RNScreens]: largeTitleFontFamily prop is not available on Android
03-02 11:49:21.707  4007  4007 W [RNScreens]: largeTitleFontWeight prop is not available on Android
03-02 11:49:21.707  4007  4007 W [RNScreens]: largeTitleHideShadow prop is not available on Android
03-02 11:49:21.718  4007  8765 I MediaController: Init dd0bc91 [AndroidXMedia3/1.8.0] [tides, 2404ARN45A, Xiaomi, 35]
03-02 11:49:21.742  4007  4007 I ReactNative: [GESTURE HANDLER] Initialize gesture handler for root view com.facebook.react.runtime.ReactSurfaceView{47aa7f6 V.E...... ......ID 0,0-1080,2460 #1}
03-02 11:49:21.845  1621  1922 I SmartPower: com.mi.globalminusscreen/10162(11917): background->idle(3000ms) R(become invisible) adj=100.
03-02 11:49:21.850  1621  1922 I SmartPower: com.google.android.googlequicksearchbox:search/10165(13966): background->idle(3001ms) R(become invisible) adj=800.
03-02 11:49:21.850  1621  1922 I SmartPower: com.google.android.googlequicksearchbox:googleapp/10165(27281): background->idle(3001ms) R(become invisible) adj=800.
03-02 11:49:21.857  4007  8808 D nativeloader: Load /data/app/~~Bh61wenJZi6JNVEuOkVQfQ==/com.softnation.Ojam-nnCVAdHxKfOmup5FCuBDYQ==/base.apk!/lib/arm64-v8a/libimagepipeline.so using class loader ns clns-7 (caller=/data/app/~~Bh61wenJZi6JNVEuOkVQfQ==/com.softnation.Ojam-nnCVAdHxKfOmup5FCuBDYQ==/base.apk!classes20.dex): ok
03-02 11:49:21.999  4007  8810 D nativeloader: Load /data/app/~~Bh61wenJZi6JNVEuOkVQfQ==/com.softnation.Ojam-nnCVAdHxKfOmup5FCuBDYQ==/base.apk!/lib/arm64-v8a/libnative-imagetranscoder.so using class loader ns clns-7 (caller=/data/app/~~Bh61wenJZi6JNVEuOkVQfQ==/com.softnation.Ojam-nnCVAdHxKfOmup5FCuBDYQ==/base.apk!classes20.dex): ok
03-02 11:49:22.007  4007  8812 D skia    : SkJpegCodec::onGetPixels + (1365, 2048)
03-02 11:49:22.007  4007  8813 D skia    : SkJpegCodec::onGetPixels + (1080, 1447)
03-02 11:49:22.010  4007  8812 I DMABUFHEAPS: Using DMA-BUF heap named: mtk_mm
03-02 11:49:22.010  4007  8813 I DMABUFHEAPS: Using DMA-BUF heap named: mtk_mm
03-02 11:49:22.010  4007  8812 D skia    : stream getLength() not supported, use temp buffer for loading stream, buffer addr 0x7be14c0000 length 114202
03-02 11:49:22.011  4007  8813 D skia    : stream getLength() not supported, use temp buffer for loading stream, buffer addr 0x7bd48f2000 length 129018
03-02 11:49:22.011  4007  8812 D skia    : LoadInputStreamToMem va 0x7be14c0000  size 116480
03-02 11:49:22.011  4007  8813 D skia    : LoadInputStreamToMem va 0x7bd48f2000  size 131200
03-02 11:49:22.012  4007  8812 D libjpeg-alpha: Huffman Builder run in subthread
03-02 11:49:22.012  4007  8813 D libjpeg-alpha: Huffman Builder run in subthread
03-02 11:49:22.016  4007  8812 D libjpeg-alpha: Tile Decoder (#thread:4, size:512 256 256 341x512, alignment:256x16)
03-02 11:49:22.017  4007  8814 D libjpeg-alpha: Corrupt JPEG data: 31326 extraneous bytes before marker 0xda
03-02 11:49:22.020  4007  4007 W Looper  : PerfMonitor doFrame : time=473ms vsyncFrame=19930447 latency=1ms procState=-1
03-02 11:49:22.023  4007  8813 D libjpeg-alpha: Tile Decoder (#thread:4, size:256 256 256 312x368, alignment:256x16)
03-02 11:49:22.024  1621  1918 E HyperSentinel: -------------------------------------------------------
03-02 11:49:22.024  1621  1918 E HyperSentinel: Event_ThreadAmount
03-02 11:49:22.024  1621  1918 E HyperSentinel: -> audit event by proc 4007 "usap64": running threads amount, 45 -> 78
03-02 11:49:22.024  1621  1917 D MiuiSentinelService: begin judgment ThreadAmountLeakException
03-02 11:49:22.024  1621  1917 E MiuiSentinelMemoryManager: getThreadinfo: usap64#4007
03-02 11:49:22.038  4007  8823 D skia    : SkJpegCodec::onGetPixels + (1365, 2048)
03-02 11:49:22.040  4007  8823 I DMABUFHEAPS: Using DMA-BUF heap named: mtk_mm
03-02 11:49:22.041  4007  8823 D skia    : stream getLength() not supported, use temp buffer for loading stream, buffer addr 0x7bde6bb000 length 115924
03-02 11:49:22.042  4007  8823 D skia    : LoadInputStreamToMem va 0x7bde6bb000  size 118144
03-02 11:49:22.044  4007  8823 D libjpeg-alpha: Huffman Builder run in subthread
03-02 11:49:22.048  4007  8827 D libjpeg-alpha: Corrupt JPEG data: 33397 extraneous bytes before marker 0xda
03-02 11:49:22.049  4007  8823 D libjpeg-alpha: Tile Decoder (#thread:4, size:512 256 256 341x512, alignment:256x16)
03-02 11:49:22.064  4007  8820 D libjpeg-alpha: Corrupt JPEG data: bad Huffman code
03-02 11:49:22.101  4007  8813 D skia    : SkJpegCodec::onGetPixels -
03-02 11:49:22.108  4007  4007 I ExoPlayerImpl: Init 7966e71 [AndroidXMedia3/1.8.0] [tides, 2404ARN45A, Xiaomi, 35]
03-02 11:49:22.151  1621  1621 D UiModeManager: updateConfigurationLocked: mDockState=0; mCarMode=false; mCar=false; mPowerSave=false; mOverrideNightModeOn=false; mOverrideNightModeOff=false; mComputedNightMode=true; mNightModeValue=2; uiMode=42
03-02 11:49:22.154  6027  6027 I PowerSaveService: onReceive: android.intent.action.BATTERY_CHANGED
03-02 11:49:22.157  6027  6027 I PowerNoticeUI: handleBatteryChanged oldPlugType 2 mPlugType 2 oldBatteryLevel 44 mBatteryLevel 44 temperature 400
03-02 11:49:22.157  6515  8177 D PowerCheckerService: onBatteryChanged, mBatteryLevel = 44, status = 2, level = 44, plug = 2, scale = 100
03-02 11:49:22.157  6027  6027 I ChargerBatteryIntelligenceReceiver: onBatteryChanged temperature∩╝Ü40,plugType:2
03-02 11:49:22.157  6027  6027 D BaseChargeProtect_HighTemp: mCountByMinute:0,isScreenOn:true
03-02 11:49:22.157  6515  6997 I ProcAudioPowerManager: onBatteryChanged, onBattery is false
03-02 11:49:22.157  6515  6997 D PowerKeeper.FrozenApp: onBatteryChanged plug=true mBatteryPlugged=2
03-02 11:49:22.158  6515  8142 D PowerKeeper.Thermal: mBatteryTemperature: 40
03-02 11:49:22.161  6027  6027 I android_os_HwBinder: HwBinder: Starting thread pool for getting: vendor.xiaomi.hardware.micharge@1.0::IMiCharge/default
03-02 11:49:22.161  4007  8820 D libjpeg-alpha: Corrupt JPEG data: premature end of data segment
03-02 11:49:22.167   872 24120 I vendor.xiaomi.hardware.micharge@1.0-service: ReadFilePathValue path = /sys/class/power_supply/usb/real_type value = USB
03-02 11:49:22.168  6027  6027 I IMiChargeUtils: getIMiChargeStringValue method:getBatteryChargeType,value:USB
03-02 11:49:22.168  6027  6027 I IMiChargeUtils: getBatteryChargeType : USB
03-02 11:49:22.168  6027  6027 I ChargeTimeUtilsV2: chargeType:USB
03-02 11:49:22.168  6027  6027 I PowerFeatureUtils: getVendorName:mediatek
03-02 11:49:22.168  6027  6027 I PowerFeatureUtils: getVendorName:mediatek
03-02 11:49:22.169  4007  8830 D libjpeg-alpha: Corrupt JPEG data: premature end of data segment
03-02 11:49:22.172  4007  8812 D skia    : SkJpegCodec::onGetPixels -
03-02 11:49:22.175  4007  8823 D skia    : SkJpegCodec::onGetPixels -
03-02 11:49:22.219  4007  4007 I softnation.Ojam: hiddenapi: Accessing hidden method Landroid/media/AudioTrack;->getLatency()I (runtime_flags=0, domain=platform, api=unsupported) from Landroidx/media3/exoplayer/audio/AudioTrackPositionTracker; (domain=app, TargetSdkVersion=36) using reflection: allowed
03-02 11:49:22.232  4007  8667 I softnation.Ojam: NativeAlloc concurrent mark compact GC freed 7095KB AllocSpace bytes, 13(772KB) LOS objects, 66% free, 12MB/37MB, paused 5.403ms,11.526ms total 226.277ms
03-02 11:49:22.236  4007  8763 I ReactNativeJS: [DownloadsContext] Loaded downloads and reconciled local files
03-02 11:49:22.238 27809 27809 D BoundBrokerSvc: onUnbind: Intent { act=com.google.android.gms.auth.aang.events.services.START dat=chimera-action:/... cmp=com.google.android.gms/.chimera.PersistentApiService }
03-02 11:49:22.280  1621  4754 D AS.BtHelper: isBluetoothScoOn() mBluetoothHeadset is null: falsemBluetoothHeadsetDevice is null: true
03-02 11:49:22.280  1621  4754 V AS.AudioDeviceBroker: requestedCommunicationDevice: null mAudioModeOwner: AudioModeInfo: mMode=MODE_NORMAL, mPid=0, mUid=0
03-02 11:49:22.281  1621  2834 D AS.BtHelper: isBluetoothScoOn() mBluetoothHeadset is null: falsemBluetoothHeadsetDevice is null: true
03-02 11:49:22.281  1621  2834 V AS.AudioDeviceBroker: requestedCommunicationDevice: null mAudioModeOwner: AudioModeInfo: mMode=MODE_NORMAL, mPid=0, mUid=0
03-02 11:49:22.289   894  1024 V audio_utils::mutex: mutex_impl: audio_mutex initialized: ret:0  order:20
03-02 11:49:22.289   894  1024 V audio_utils::mutex: mutex_impl: audio_mutex initialized: ret:0  order:20
03-02 11:49:22.289   894  1024 V audio_utils::mutex: mutex_impl: audio_mutex initialized: ret:0  order:20
03-02 11:49:22.289   894  1024 V audio_utils::mutex: mutex_impl: audio_mutex initialized: ret:0  order:20
03-02 11:49:22.290   894  1351 D AudioFlinger_Threads: updateWakeLockUids_l AudioOut_1D uids:
03-02 11:49:22.290   894  1325 D AudioFlinger_Threads: updateWakeLockUids_l AudioOut_D uids:
03-02 11:49:22.290   894  1349 D AudioFlinger_Threads: updateWakeLockUids_l AudioOut_15 uids:
03-02 11:49:22.290   894  1367 D AudioFlinger_Threads: updateWakeLockUids_l AudioOut_25 uids:
03-02 11:49:22.311  1621  1856 D ConnectivityService: NetReassign [no changes] [c 1] [a 1] [i 5]
03-02 11:49:22.325  4007  4007 I MediaSessionImpl: Init 86205b6 [AndroidXMedia3/1.8.0] [tides, 2404ARN45A, Xiaomi, 35]
03-02 11:49:22.351  4007  4007 I MediaSessionCompat: Couldn't find a unique registered media button receiver in the given context.
03-02 11:49:22.355  1621  4754 I MediaSessionStack: addSession to bottom of stack | record: com.softnation.Ojam/androidx.media3.session.id./96 (userId=0)
03-02 11:49:22.357  2363 19600 I ActiveAudioSessionManager_export-api: controllerSize:0
03-02 11:49:22.357  2363 19600 I ActiveAudioSessionManager_export-api: stopPositionCallbackTask
03-02 11:49:22.357  2363 19600 I ActiveAudioSessionManager_export-api: dispatchSessionsExistsChangeCallbackLocked :false
03-02 11:49:22.357  2363 19600 I MiPlayServiceAdapter: markSessionKilled
03-02 11:49:22.357 18562 18562 V MediaPlayerList: onActiveSessionsChanged: number of controllers: 0
03-02 11:49:22.358  2363  3215 I ActiveAudioSessionManager_export-api: controllerSize:0
03-02 11:49:22.358 18562 18562 I PlayerSettingsManager: getPlayerRepeatMode: no active player
03-02 11:49:22.358  2363  3215 I ActiveAudioSessionManager_export-api: stopPositionCallbackTask
03-02 11:49:22.358 18562 18562 I PlayerSettingsManager: getPlayerShuffleMode: no active player
03-02 11:49:22.358  2363  3215 I ActiveAudioSessionManager_export-api: dispatchSessionsExistsChangeCallbackLocked :false
03-02 11:49:22.358 18562 18562 I PlayerSettingsManager: updateRemoteDevice: STATE_REPEAT_OFF, STATE_SHUFFLE_OFF
03-02 11:49:22.358 18562 18562 I bluetooth: avrcp_service.cc:685 SendPlayerSettingsChanged: 
03-02 11:49:22.358 18562 18562 I bluetooth: avrcp_service.cc:699 SendPlayerSettingsChanged: attribute=PlayerAttribute::REPEAT : value=PlayerRepeatValue::OFF
03-02 11:49:22.358 18562 18562 I bluetooth: attribute=PlayerAttribute::SHUFFLE : value=PlayerShuffleValue::OFF
03-02 11:49:22.361  8942  8942 D BoundBrokerSvc: onUnbind: Intent { act=com.google.android.gms.mdisync.service.START dat=chimera-action:/... cmp=com.google.android.gms/.chimera.GmsApiService }
03-02 11:49:22.385   861   947 I libPerfCtl: xgfGetFPS pid:2363 fps:-1
03-02 11:49:22.398  1621  2834 D MediaSessionService: onSessionPlaybackStateChanged: record=com.softnation.Ojam/androidx.media3.session.id./96 (userId=0) playbackState=PlaybackState {state=NONE(0), position=0, buffered position=0, speed=0.0, updated=1031521815, actions=7339653, custom actions=[], active item id=0, error=null}
03-02 11:49:22.399  1621  2834 D MediaSessionService: onSessionActiveStateChanged: record=com.softnation.Ojam/androidx.media3.session.id./96 (userId=0) playbackState=PlaybackState {state=NONE(0), position=0, buffered position=0, speed=0.0, updated=1031521815, actions=7339653, custom actions=[], active item id=0, error=null}
03-02 11:49:22.402  2363 19600 I ActiveAudioSessionManager_export-api: controllerSize:1
03-02 11:49:22.402 18562 18562 V MediaPlayerList: onActiveSessionsChanged: number of controllers: 1
03-02 11:49:22.402  2363 19600 I ActiveAudioSessionManager_export-api: packageName:com.softnation.Ojam
03-02 11:49:22.403  2363  3215 I ActiveAudioSessionManager_export-api: controllerSize:1
03-02 11:49:22.403  2363  3215 I ActiveAudioSessionManager_export-api: packageName:com.softnation.Ojam
03-02 11:49:22.404 18562 18562 D MediaPlayerList: onActiveSessionsChanged: controller: com.softnation.Ojam
03-02 11:49:22.404 18562 18562 D MediaPlayerList: Already have a controller for the player: com.softnation.Ojam, updating instead
03-02 11:49:22.404 18562 18562 D AudioMediaPlayerWrapper: com.softnation.Ojam: Controller for com.softnation.Ojam maybe is not activated.
03-02 11:49:22.405  1621  4754 D MediaSessionService: onSessionPlaybackStateChanged: record=com.softnation.Ojam/androidx.media3.session.id./96 (userId=0) playbackState=PlaybackState {state=NONE(0), position=0, buffered position=0, speed=0.0, updated=1031521824, actions=7339653, custom actions=[], active item id=0, error=null}
03-02 11:49:22.405  2363 19600 I ActiveAudioSessionManager_export-api: stopPositionCallbackTask
03-02 11:49:22.405  2363 19600 I ActiveAudioSessionManager_export-api: dispatchSessionsExistsChangeCallbackLocked :true
03-02 11:49:22.406  2363 19600 I MiPlayServiceAdapter: markSessionChange
03-02 11:49:22.406  2363 19600 I MiPlayServiceAdapter: intent to startService : 0
03-02 11:49:22.406  2363 19600 I ActiveSessionRecord_export-api: onPlaybackStateChanged: PlaybackState {state=NONE(0), position=0, buffered position=0, speed=0.0, updated=1031521824, actions=7339653, custom actions=[], active item id=0, error=null}
03-02 11:49:22.407  2363  3215 I ActiveAudioSessionManager_export-api: stopPositionCallbackTask
03-02 11:49:22.407  2363  3215 I ActiveAudioSessionManager_export-api: dispatchSessionsExistsChangeCallbackLocked :true
03-02 11:49:22.407  2363  3215 I ActiveSessionRecord_export-api: onPlaybackStateChanged: PlaybackState {state=NONE(0), position=0, buffered position=0, speed=0.0, updated=1031521824, actions=7339653, custom actions=[], active item id=0, error=null}
03-02 11:49:22.408  1621  1842 I MiuiNetworkPolicy: updateUidState uid = 99406, uidState = 5
03-02 11:49:22.408  8942  8942 D BoundBrokerSvc: onUnbind: Intent { act=com.google.android.gms.facs.internal.service.START dat=chimera-action:/... cmp=com.google.android.gms/.chimera.GmsInternalApiService }
03-02 11:49:22.420  4007  4007 D RNTP-com.doublesymmetry.trackplayer.service.MusicService:onBind: intentAction = null
03-02 11:49:22.422  4007  4007 D UserSceneDetector: invoke error.
03-02 11:49:22.430  1621  1922 I SmartPower: com.whatsapp/10300(31638): background->idle(3120ms) R(broadcast start Intent { act=android.intent.action.BATTERY_CHANGED flg=0x60000010 (has extras) }) adj=227.
03-02 11:49:22.431  1621  1922 I SmartPower: com.android.chrome/10174(31865): background->idle(3118ms) R(broadcast start Intent { act=android.intent.action.BATTERY_CHANGED flg=0x60000010 (has extras) }) adj=915.
03-02 11:49:22.431  1621  1922 I SmartPower: com.whatsapp/99910300(3370): background->idle(3118ms) R(broadcast start Intent { act=android.intent.action.BATTERY_CHANGED flg=0x60000010 (has extras) }) adj=915.
03-02 11:49:22.431  1621  1922 I SmartPower: com.facebook.katana/10287(4176): background->idle(3117ms) R(broadcast start Intent { act=android.intent.action.BATTERY_CHANGED flg=0x60000010 (has extras) }) adj=915.
03-02 11:49:22.431  1621  1922 I SmartPower: com.instagram.barcelona/10075(6655): background->idle(3116ms) R(broadcast start Intent { act=android.intent.action.BATTERY_CHANGED flg=0x60000010 (has extras) }) adj=905.
03-02 11:49:22.432  1621  1922 I SmartPower: com.instagram.android/10301(6778): background->idle(3116ms) R(broadcast start Intent { act=android.intent.action.BATTERY_CHANGED flg=0x60000010 (has extras) }) adj=905.
03-02 11:49:22.433  8942  8942 D BoundBrokerSvc: onUnbind: Intent { act=com.google.android.gms.audit.service.START pkg=com.google.android.gms }
03-02 11:49:22.437 27809 27809 D BoundBrokerSvc: onUnbind: Intent { act=com.google.android.gms.clearcut.sampler.service.START dat=chimera-action:/... cmp=com.google.android.gms/.chimera.PersistentDirectBootAwareApiService }
03-02 11:49:22.441 27809 27809 D BoundBrokerSvc: onUnbind: Intent { act=com.google.android.gms.gmscompliance.service.START dat=chimera-action:/... cmp=com.google.android.gms/.chimera.PersistentBoundBrokerService }
03-02 11:49:22.486  4007  4007 D ScrollerOptimizationManager: registerConfigChangedListener
03-02 11:49:22.504  4007  8765 W unknown:ReactNative: StatusBarModule: Ignored status bar change, current activity is edge-to-edge.
03-02 11:49:22.504  4007  8765 W unknown:ReactNative: StatusBarModule: Ignored status bar change, current activity is edge-to-edge.
03-02 11:49:22.514  1201  1298 D AALLightSensor: oldLux=27 [SA:-1 LA:-1] newLux=27 (oriLux: 27)
03-02 11:49:22.545  4007  8763 D nativeloader: Load /data/app/~~Bh61wenJZi6JNVEuOkVQfQ==/com.softnation.Ojam-nnCVAdHxKfOmup5FCuBDYQ==/base.apk!/lib/arm64-v8a/libgesturehandler.so using class loader ns clns-7 (caller=/data/app/~~Bh61wenJZi6JNVEuOkVQfQ==/com.softnation.Ojam-nnCVAdHxKfOmup5FCuBDYQ==/base.apk!classes20.dex): ok
03-02 11:49:22.545  4007  8763 D jni_lib_merge: Entering merged library JNI_OnLoad.
03-02 11:49:22.545  4007  8763 D jni_lib_merge: Preparing 12 pre-merged libs (including stub)
03-02 11:49:22.545  4007  8763 D jni_lib_merge: Preparing to register libfabricjni_so.  onload_func: 0x7894c49ce0
03-02 11:49:22.545  4007  8763 D jni_lib_merge: Preparing to register libreact_devsupportjni_so.  onload_func: 0x7894e43fc8
03-02 11:49:22.545  4007  8763 D jni_lib_merge: Preparing to register libreact_featureflagsjni_so.  onload_func: 0x7894e52518
03-02 11:49:22.545  4007  8763 D jni_lib_merge: Preparing to register libreact_newarchdefaults_so.  onload_func: 0x7894eba6a8
03-02 11:49:22.545  4007  8763 D jni_lib_merge: Preparing to register libreactnativeblob_so.  onload_func: 0x78950aacb4
03-02 11:49:22.545  4007  8763 D jni_lib_merge: Preparing to register libreactnativejni_so.  onload_func: 0x78950f86bc
03-02 11:49:22.545  4007  8763 D jni_lib_merge: Preparing to register libreactnativejni_common_so.  onload_func: 0x7895109044
03-02 11:49:22.545  4007  8763 D jni_lib_merge: Preparing to register librninstance_so.  onload_func: 0x7895150764
03-02 11:49:22.545  4007  8763 D jni_lib_merge: Preparing to register libturbomodulejsijni_so.  onload_func: 0x7895268f68
03-02 11:49:22.545  4007  8763 D jni_lib_merge: Preparing to register libuimanagerjni_so.  onload_func: 0x7895281fb8
03-02 11:49:22.545  4007  8763 D jni_lib_merge: Preparing to register libyoga_so.  onload_func: 0x7895291a3c
03-02 11:49:22.545  4007  8763 D jni_lib_merge: About to register 11 actual methods.
03-02 11:49:22.584  1621  2740 D MiuiRefreshRatePolicy: reset
03-02 11:49:22.587  1999  1999 D TouchInteractionService: onSystemUiFlagsChanged, mSystemUiStateFlags=10000000
03-02 11:49:22.591  4007  4007 D VRI[MainActivity]: vri.reportNextDraw android.view.ViewRootImpl.performTraversals:4984 android.view.ViewRootImpl.doTraversal:3564 android.view.ViewRootImpl$TraversalRunnable.run:11781 android.view.Choreographer$CallbackRecord.run:1804 android.view.Choreographer$CallbackRecord.run:1813 
03-02 11:49:22.591  1621  1651 I ActivityTaskManager: visible for Task{6b186df #37048 type=standard A=10337:com.softnation.Ojam} visible = true isAnimating = false TRANSITION = false PARENTS = false CHILDREN = false
03-02 11:49:22.593  4007  4007 W Looper  : PerfMonitor doFrame : time=170ms vsyncFrame=19930449 latency=683ms procState=-1 historyMsgCount=37 (msgIndex=1 wall=473ms seq=592 late=1ms h=android.view.Choreographer$FrameHandler c=android.view.Choreographer$FrameDisplayEventReceiver) (msgIndex=34 wall=383ms seq=625 late=355ms h=android.app.ActivityThread$H w=114)
03-02 11:49:22.599  4007  4007 D RNTP-com.doublesymmetry.trackplayer.service.MusicService:onBind: intentAction = androidx.media3.session.MediaSessionService
03-02 11:49:22.604  2350  2350 W Settings: Setting airplane_mode_on has moved from android.provider.Settings.System to android.provider.Settings.Global, returning read-only value.
03-02 11:49:22.608  2350  2350 W Settings: Setting airplane_mode_on has moved from android.provider.Settings.System to android.provider.Settings.Global, returning read-only value.
03-02 11:49:22.611  2350 29580 D NetworkSpeedTracker: updateNwSignalInfo not allowed ,ignore
03-02 11:49:22.614  2350 29580 D NetworkSpeedTracker: updateNwSignalInfo not allowed ,ignore
03-02 11:49:22.647  1621  1666 I SmartPower: com.facebook.stella/10126(7064): idle->background(5388ms) R(broadcast start Intent { act=android.intent.action.BATTERY_CHANGED flg=0x60000010 (has extras) }) adj=905.
03-02 11:49:22.769  4007  4007 D VRI[MainActivity]: Setup new sync=wmsSync-VRI[MainActivity]#4
03-02 11:49:22.775  1621  1918 E HyperSentinel: -------------------------------------------------------
03-02 11:49:22.775  1621  1918 E HyperSentinel: Event_ResidentSize
03-02 11:49:22.775  1621  1918 E HyperSentinel: -> audit event by proc 4007 "usap64": RSS increasement, peak 378408kb -> 567616kb
03-02 11:49:22.776  1621  1917 D MiuiSentinelService: begin judgmentRssLeakException
