03-02 11:49:08.702  1621  4763 D WindowManager: Collecting in transition 10186: ActivityRecord{640b739 u0 com.softnation.Ojam/.MainActivity t37048} init visibleRequested:true
03-02 11:49:08.705  1621  4763 W WindowManager: Changing focus from Window{d85ca12 u0 com.miui.home/com.miui.home.launcher.Launcher} to null displayId=0 Callers=com.android.server.wm.RootWindowContainer.updateFocusedWindowLocked:602 com.android.server.wm.WindowManagerService.updateFocusedWindowLocked:7168 com.android.server.wm.ActivityTaskManagerService.setLastResumedActivityUncheckLocked:5842 com.android.server.wm.ActivityTaskSupervisor.updateTopResumedActivityIfNeeded:2452 
03-02 11:49:08.707   921  1166 I BufferQueueDebug: [Surface(name=5b2ee94 StatusBar#103)/@0xf6cf932 - animation-leash of insets_animation#134550](this:0xb400007bcecc8028,id:-1,api:0,p:-1,c:-1) BufferQueue core=(921:/system/bin/surfaceflinger)
03-02 11:49:08.710   921  1166 I BufferQueueDebug: [Surface(name=77d8129 NavigationBar0#101614)/@0x3faba4f - animation-leash of insets_animation#134551](this:0xb400007bcec6fbb8,id:-1,api:0,p:-1,c:-1) BufferQueue core=(921:/system/bin/surfaceflinger)
03-02 11:49:08.711  1621  4763 D WindowManager: wms.Input focus has changed to null display=0 updateInputWindows = true
03-02 11:49:08.711  1621  4763 I MultiSenceManagerInternalStub: getInstance
03-02 11:49:08.712  1621  4763 I PowerHalWrapper: amsBoostNotify pid:4007,activity:com.softnation.Ojam.MainActivity, package:com.softnation.Ojam, mProcessCreatePackcom.softnation.Ojam 
03-02 11:49:08.712  1621  4763 I PowerHalWrapper: state: 1 
03-02 11:49:08.712   921   921 I MI-SF   : surfaceflinger setAffinity mode=0
03-02 11:49:08.713   921   921 E MI-SF   : surfaceflinger setAffinity success
03-02 11:49:08.713  1999  1999 D TouchInteractionService: onSystemUiFlagsChanged, mSystemUiStateFlags=10000000
03-02 11:49:08.713  1621  4763 I ScnModule: [GameDetection] packname: com.softnation.Ojam, apkSize: 113045479. 
03-02 11:49:08.713  1621  4763 I mtkpower_client: [PowerHal_Wrap_notifyAppState] com.softnation.Ojam/com.softnation.Ojam.MainActivity pid=4007 activityId:104904505 state:1
03-02 11:49:08.714   861   861 I vendor.mediatek.hardware.mtkpower_applist-service.mediatek: packName: com.softnation.Ojam actName: com.softnation.Ojam.MainActivity pid: 4007 activityId: 104904505 uid: 10337 state: 1
03-02 11:49:08.714   861   861 I MTK_APPList: [notifyAPPstate] com.softnation.Ojam/com.softnation.Ojam.MainActivity, pid=4007, activityId=104904505, uid=10337, state:RESUMED, fps:-1, win:0
03-02 11:49:08.714   861   861 I MTK_APPList: [notifyAPPstate] multi_resumed_app_count: 2
03-02 11:49:08.714   861   861 I MTK_APPList: [notifyAPPstate] multi_resumed_app_info[0] com.android.systemui/com.android.systemui._190038181, pid:2363, activityId:-1, fps:-1, isMultiWindow:0
03-02 11:49:08.714   861   861 I MTK_APPList: [notifyAPPstate] multi_resumed_app_info[1] com.softnation.Ojam/com.softnation.Ojam.MainActivity, pid:4007, activityId:104904505, fps:-1, isMultiWindow:0
03-02 11:49:08.714   861   861 I MTK_APPList: [getForegroundAPPCount] 2
03-02 11:49:08.714   861   861 I MTK_APPList: [notifyAPPstate] foreground:com.softnation.Ojam, pid:4007, activityId:104904505, uid:10337
03-02 11:49:08.714   861   861 I MTK_APPList: [notifyNetdUID] 10337
03-02 11:49:08.715  1621  4763 I PowerHalWrapper: amsBoostNotify AMS_BOOST_PROCESS_CREATE_BOOST:true 
03-02 11:49:08.715   861   861 I MTK_APPList: [notifyPID] 4007
03-02 11:49:08.715  1621  1621 D MBrainLocalService: isVendorFreezeConditionPass is false
03-02 11:49:08.715  1621  1621 E MBrainLocalService: notifyAppSwitch failed
03-02 11:49:08.715   863   958 I libPowerHal: [perfSetSysInfo] pid type:24, 4007
03-02 11:49:08.715   861   861 I MTK_APPList: [notifyAPPstate] pc:0, com.miui.home => com.softnation.Ojam
03-02 11:49:08.716  1621  1650 D ActivityManager: mediaResourceManagerBinder get success
03-02 11:49:08.716  1621  4763 D WindowManager: Set transition=TransitionRecord{1826dc3 id=10186 type=CLOSE flags=0x0}, ready=true, SyncId=10186 
03-02 11:49:08.716  1124  2136 D ResourceManagerServiceNew: update package name: com.softnation.Ojam
03-02 11:49:08.716  1621  1745 W AlarmManager: Unrecognized alarm listener com.android.server.usage.AppTimeLimitController$SessionUsageGroup@6b056c0
03-02 11:49:08.717  1621  1651 I ActivityTaskManager: visible for Task{b64798c #37046 type=standard A=10337:com.softnation.Ojam} visible = true isAnimating = false TRANSITION = false PARENTS = false CHILDREN = false
03-02 11:49:08.718  1124  2136 D ResourceManagerServiceNew: packageName: com.softnation.Ojam, uid : 10337, hashCode : 2658092
03-02 11:49:08.718  1124  2136 D ResourceManagerServiceNew: ResourceManagerService::setCodecsVppModeWithLock
03-02 11:49:08.718  1621  1907 D MiuiMultiWindowUtils: DeviceLevel.IS_MIUI_LITE_VERSION 2.0 not support miui multiWindowtides
03-02 11:49:08.718  6027  3111 I ProcessMonitor: onForegroundInfoChanged: ForegroundInfo{mForegroundPackageName='com.softnation.Ojam', mForegroundUid=10337, mForegroundPid=4007, mLastForegroundPackageName='com.miui.home', mLastForegroundUid=10166, mLastForegroundPid=1999, mMultiWindowForegroundPackageName='com.softnation.Ojam', mMultiWindowForegroundUid=10337, mFlags=1}
03-02 11:49:08.719  1124  2136 D ResourceManagerServiceNew: all codecs setVppMode return fail
03-02 11:49:08.719  6027  3111 I VideoBoxUtils: isSupportVideoBox: false
03-02 11:49:08.719  6027  3111 I VideoToolBoxService: vtb is closed!!!
03-02 11:49:08.719  6515  8973 D PerfEngineController: ForegroundInfo{mForegroundPackageName='com.softnation.Ojam', mForegroundUid=10337, mForegroundPid=4007, mLastForegroundPackageName='com.miui.home', mLastForegroundUid=10166, mLastForegroundPid=1999, mMultiWindowForegroundPackageName='com.softnation.Ojam', mMultiWindowForegroundUid=10337, mFlags=1}
03-02 11:49:08.719  6027 26949 D v1      : myUserId = 0	currentUserId0
03-02 11:49:08.720  1621  1907 D BluetoothAdapter: getActiveDevices(profile= A2DP)
03-02 11:49:08.721  2363  2477 I MultiTaskingTaskRepository: needSkip: is home task
03-02 11:49:08.722  2246  2407 E NetlinkUtils: receiveNetlinkAck, errmsg=NetlinkErrorMessage{ nlmsghdr{StructNlMsgHdr{ nlmsg_len{100}, nlmsg_type{2()}, nlmsg_flags{0()}, nlmsg_seq{1}, nlmsg_pid{-1788931544} }}, nlmsgerr{StructNlMsgErr{ error{-2}, msg{StructNlMsgHdr{ nlmsg_len{80}, nlmsg_type{256()}, nlmsg_flags{261(NLM_F_REQUEST|NLM_F_ACK|NLM_F_ROOT)}, nlmsg_seq{1}, nlmsg_pid{0} }} }} }
03-02 11:49:08.722  1621  1651 D MiuiRefreshRatePolicy: reset
03-02 11:49:08.722  2246  2407 W Tethering: [BpfCoordinator] WARN Failed to update conntrack entry (proto: 6, src4: /10.45.118.132, srcPort: 49382, dst4: /140.82.113.21, dstPort: 443), msg: 50000000000105010100000000000000020000003400018014000180080001000A2D7684080002008C5271151C000280050001000600000006000200C0E600000600030001BB00000800070000069780, e: android.system.ErrnoException: NetlinkErrorMessage{ nlmsghdr{StructNlMsgHdr{ nlmsg_len{100}, nlmsg_type{2()}, nlmsg_flags{0()}, nlmsg_seq{1}, nlmsg_pid{-1788931544} }}, nlmsgerr{StructNlMsgErr{ error{-2}, msg{StructNlMsgHdr{ nlmsg_len{80}, nlmsg_type{256()}, nlmsg_flags{261(NLM_F_REQUEST|NLM_F_ACK|NLM_F_ROOT)}, nlmsg_seq{1}, nlmsg_pid{0} }} }} } failed: ENOENT (No such file or directory)
03-02 11:49:08.722  1621  1907 D BluetoothAdapter: getActiveDevices(profile= HEADSET)
03-02 11:49:08.724  1621  1907 D BluetoothAdapter: getActiveDevices(profile= LE_AUDIO)
03-02 11:49:08.724  1621  1651 I SmartPower: com.softnation.Ojam/10337(4007): invisible->visible(1613ms) R(become visible) adj=0.
03-02 11:49:08.725  1621  1651 I WindowManager: wms.showSurfaceRobustly mWin:Window{15e6573 u0 Splash Screen com.softnation.Ojam}
03-02 11:49:08.725  1621  1651 D ActivityRecordImpl: There is no wc that show wallpaper , so remove wallpaper WallpaperWindowToken{d3319dd token=android.os.Binder@113b9b4}
03-02 11:49:08.725  1621  1651 D ActivityRecordImpl: There is no wc that show wallpaper , so remove wallpaper WallpaperWindowToken{2d6d85a token=android.os.Binder@8dfa005}
03-02 11:49:08.725  1621  1651 D WindowManager: Final targets: [Task{6b186df #37048 type=standard A=10337:com.softnation.Ojam}, Task{b64798c #37046 type=standard A=10337:com.softnation.Ojam}]
03-02 11:49:08.726 18562 20351 E BluetoothAdapterService: getActiveDevices: LeAudioService is null
03-02 11:49:08.726  4007  4007 W Looper  : PerfMonitor longMsg : seq=3 plan=11:49:07.126 late=5ms wall=1586ms h=android.app.ActivityThread$H w=110 procState=-1
03-02 11:49:08.726   921  1166 I BufferQueueDebug: [Transition Root #10186: Task=37048#134552](this:0xb400007bcec561a8,id:-1,api:0,p:-1,c:-1) BufferQueue core=(921:/system/bin/surfaceflinger)
03-02 11:49:08.726  1621  1907 D AudioSystem: +setParameters(): foregroundUid=10337;bluetoothlowlatencystatus=false 
03-02 11:49:08.726  1621  1907 D AudioSystem: start get log level!
03-02 11:49:08.727  4007  4007 W libc    : Access denied finding property "ro.vendor.perf.scroll_opt"
03-02 11:49:08.728   843 14567 D AudioALSAHardware: +setParameters(): bluetoothlowlatencystatus=false;foregroundUid=10337
03-02 11:49:08.728   843 14567 D AudioALSAHardware: -setParameters(): bluetoothlowlatencystatus=false;foregroundUid=10337
03-02 11:49:08.728   843 14567 E AHAL_Module: setVendorParameters: default: unrecognized parameter "bluetoothlowlatencystatus=false;foregroundUid=10337"
03-02 11:49:08.728   894 23086 E ConversionHelperAidl: Function: parseAndSetVendorParameters Line: 97 Failed 
03-02 11:49:08.729   843 14567 D AHAL_ModuleBluetooth: setVendorParameters: parameter count 1, async: 0
03-02 11:49:08.730   843 14567 D AHAL_ModuleBluetooth: setVendorParameters: bluetoothlowlatencystatus=false;foregroundUid=10337
03-02 11:49:08.732 18562 20351 D BluetoothLatencyMode: ForegroundInfo{mForegroundPackageName='com.softnation.Ojam', mForegroundUid=10337, mForegroundPid=4007, mLastForegroundPackageName='com.miui.home', mLastForegroundUid=10166, mLastForegroundPid=1999, mMultiWindowForegroundPackageName='com.softnation.Ojam', mMultiWindowForegroundUid=10337, mFlags=1}
03-02 11:49:08.732 18562 20351 W LeAudioService: getLeAudioService(): service is NULL
03-02 11:49:08.732 18562 20351 D BluetoothLatencyMode: isWiredAudioHeadset.type: 1
03-02 11:49:08.732 18562 20351 D BluetoothLatencyMode: isWiredAudioHeadset.type: 2
03-02 11:49:08.732 18562 20351 D BluetoothLatencyMode: isWiredAudioHeadset.type: 18
03-02 11:49:08.732 18562 20351 D BluetoothLatencyMode: isWiredAudioHeadset.type: 14
03-02 11:49:08.732  6515  6997 D MilletUtils: setUidState, uid = 10337 allow = true
03-02 11:49:08.734  1621  5054 D MiSensorServiceImpl: PowerKeeperSensor resume iUid:10337 but app has not in Controlled
03-02 11:49:08.735  4007  4007 D nativeloader: Load libpowerhalwrap_jni.so using system ns (caller=/system_ext/framework/mediatek-framework.jar): ok
03-02 11:49:08.735  4007  4007 I PowerHalWrapper: PowerHalWrapper.getInstance 
03-02 11:49:08.736  2363  2477 D MultiTaskingTaskRepository: addOrMoveFullscreenTaskToTop taskId=37048
03-02 11:49:08.736  4007  4007 I M-ProMotion: M-ProMotion is disabled
03-02 11:49:08.736  2363  2477 D MultiTaskingTaskRepository: putOrUpdateTaskInfo: taskInfo.taskId: 37048 current mMultiTaskingTaskInfoList:  ,37046 ,37019 ,36980 ,36770 ,36289 ,5 ,4
03-02 11:49:08.736  2363  2477 D MultiTaskingTaskRepository: java.lang.Throwable
03-02 11:49:08.736  2363  2477 D MultiTaskingTaskRepository: 	at com.android.wm.shell.multitasking.taskmanager.MultiTaskingTaskRepository.updateMultiTaskingTaskInfo(go/retraceme 5c05439c20823397c9aaa04c8ad244598257e2a7e5bd06f03af131ffaee2a4a9:82)
03-02 11:49:08.736  2363  2477 D MultiTaskingTaskRepository: 	at com.android.wm.shell.multitasking.taskmanager.MultiTaskingTaskRepository.putOrUpdateTaskInfo(go/retraceme 5c05439c20823397c9aaa04c8ad244598257e2a7e5bd06f03af131ffaee2a4a9:41)
03-02 11:49:08.736  2363  2477 D MultiTaskingTaskRepository: 	at com.android.wm.shell.multitasking.taskmanager.MultiTaskingTransitionObserver.onTransitionReady(go/retraceme 5c05439c20823397c9aaa04c8ad244598257e2a7e5bd06f03af131ffaee2a4a9:166)
03-02 11:49:08.736  2363  2477 D MultiTaskingTaskRepository: 	at com.android.wm.shell.transition.Transitions.dispatchReady(go/retraceme 5c05439c20823397c9aaa04c8ad244598257e2a7e5bd06f03af131ffaee2a4a9:169)
03-02 11:49:08.736  2363  2477 D MultiTaskingTaskRepository: 	at com.android.wm.shell.transition.Transitions.onTransitionReady(go/retraceme 5c05439c20823397c9aaa04c8ad244598257e2a7e5bd06f03af131ffaee2a4a9:248)
03-02 11:49:08.736  2363  2477 D MultiTaskingTaskRepository: 	at com.android.wm.shell.transition.Transitions$TransitionPlayerImpl$$ExternalSyntheticLambda1.run(go/retraceme 5c05439c20823397c9aaa04c8ad244598257e2a7e5bd06f03af131ffaee2a4a9:47)
03-02 11:49:08.736  2363  2477 D MultiTaskingTaskRepository: 	at android.os.Handler.handleCallback(Handler.java:959)
03-02 11:49:08.736  2363  2477 D MultiTaskingTaskRepository: 	at android.os.Handler.dispatchMessage(Handler.java:100)
03-02 11:49:08.736  2363  2477 D MultiTaskingTaskRepository: 	at android.os.Looper.loopOnce(Looper.java:249)
03-02 11:49:08.736  2363  2477 D MultiTaskingTaskRepository: 	at android.os.Looper.loop(Looper.java:337)
03-02 11:49:08.736  2363  2477 D MultiTaskingTaskRepository: 	at android.os.HandlerThread.run(HandlerThread.java:85)
03-02 11:49:08.737  2363  2477 D MultiTaskingTaskInfo: initFolmeControl::task id = 37048, mBounds = Rect(0, 0 - 1080, 2460)
03-02 11:49:08.737  2363  2477 I ShellTransitions: Is abandon offsetY: false
03-02 11:49:08.737  2363  2477 I ShellTransitions: Is abandon offsetY: false
03-02 11:49:08.737  2363  2477 E TaskViewTransitions: Found a launching TaskView in the wrong transition. All TaskView launches should be initiated by shell and in their own transition: 37048
03-02 11:49:08.737  2363  2477 E KeyguardTransitionHandlerImpl: activityCount = 0
03-02 11:49:08.737  2363  2477 E KeyguardTransitionHandlerImpl: activityCount = 0
03-02 11:49:08.738  2363  2477 D MiuiFreeformModeAnimation: startAnimation change: {WCT{android.window.IWindowContainerToken$Stub$Proxy@ec1d577} m=OPEN f=MOVE_TO_TOP leash=Surface(name=Task=37048#134546)/@0x1508e38 sb=Rect(0, 0 - 1080, 2460) eb=Rect(0, 0 - 1080, 2460) d=0 taskParent=-1} info.getType(): 2
03-02 11:49:08.738  2363  2477 D MiuiFreeformModeAnimation: startAnimation change: {WCT{android.window.IWindowContainerToken$Stub$Proxy@89c55e4} m=CLOSE f=NONE leash=Surface(name=Task=37046#134447)/@0x1f1ce11 sb=Rect(0, 0 - 1080, 2460) eb=Rect(0, 0 - 1080, 2460) d=0 taskParent=-1} info.getType(): 2
03-02 11:49:08.738  2363  2477 D SoScStageCoordinator: inCloseTransition:false pairsStartedWithCloseTransition:false isRequestCloseTriggerTask:false inSingleSoScState:false inSoScUnactivie:true closeStage:null
03-02 11:49:08.740  2363  2477 D TransitionAnimationHelper:  load default animation  type = 2 enter = false animAttr = 11 isTask = true translucent = false
03-02 11:49:08.741   921   921 I SurfaceFlinger: onHandleDestroyed: name=Surface(name=77d8129 NavigationBar0#101614)/@0x3faba4f - animation-leash of insets_animation#134545, layerId=134545, parentId=0
03-02 11:49:08.741   921   921 I SurfaceFlinger: onHandleDestroyed: name=Surface(name=5b2ee94 StatusBar#103)/@0xf6cf932 - animation-leash of insets_animation#134544, layerId=134544, parentId=0
03-02 11:49:08.749  1621  1651 D WindowManager: snapshot isNothing = false source = Task{b64798c #37046 type=standard A=10337:com.softnation.Ojam}
03-02 11:49:08.750  4007  4007 D FramePredict: FramePredict init: true
03-02 11:49:08.751  1621  4763 I ATMSImpl: cacheTasksForDefaultDisplay size=4
03-02 11:49:08.751  4007  4007 D UserSceneDetector: invoke error.
03-02 11:49:08.752  1999  1999 D TaskSnapshotCompatVV: getIsInvalidateFromTaskSnapshot, isInvalidate=false
03-02 11:49:08.752  1999  1999 D EventBus: No subscribers registered for event class com.miui.home.recents.messages.TaskSnapshotChangedEvent
03-02 11:49:08.752  1999  1999 D EventBus: No subscribers registered for event class org.greenrobot.eventbus.NoSubscriberEvent
03-02 11:49:08.754  2246  2407 I Tethering: [BpfCoordinator] onAlertReached
03-02 11:49:08.755  4007  4007 W Looper  : PerfMonitor doFrame : time=5ms vsyncFrame=19929915 latency=410ms procState=-1 historyMsgCount=3 (msgIndex=1 wall=1586ms seq=3 late=5ms h=android.app.ActivityThread$H w=110)
03-02 11:49:08.757  1621  4427 W UserManagerService: Requested status bar icon for non-badged user 0
03-02 11:49:08.758  4007  4007 I ActivityThread: HardwareRenderer preload  done
03-02 11:49:08.758   921  1166 I BufferQueueDebug: [2624300 ActivityRecordInputSink com.softnation.Ojam/.MainActivity#134553](this:0xb400007bcecdeca8,id:-1,api:0,p:-1,c:-1) BufferQueue core=(921:/system/bin/surfaceflinger)
03-02 11:49:08.761  4007  8700 D vulkan  : searching for layers in '/data/app/~~Bh61wenJZi6JNVEuOkVQfQ==/com.softnation.Ojam-nnCVAdHxKfOmup5FCuBDYQ==/lib/arm64'
03-02 11:49:08.763  4007  8700 D vulkan  : searching for layers in '/data/app/~~Bh61wenJZi6JNVEuOkVQfQ==/com.softnation.Ojam-nnCVAdHxKfOmup5FCuBDYQ==/base.apk!/lib/arm64-v8a'
03-02 11:49:08.766   921   921 I BufferQueueDebug: [Surface(name=77d8129 NavigationBar0#101614)/@0x3faba4f - animation-leash of insets_animation#134545](this:0xb400007bcec64578,id:-1,api:0,p:-1,c:921) onDestructor()
03-02 11:49:08.766   921   921 I BufferQueueDebug: [Surface(name=5b2ee94 StatusBar#103)/@0xf6cf932 - animation-leash of insets_animation#134544](this:0xb400007bceca2fd8,id:-1,api:0,p:-1,c:921) onDestructor()
03-02 11:49:08.776  4007  8700 D vulkan  : searching for layers in '/data/app/~~Bh61wenJZi6JNVEuOkVQfQ==/com.softnation.Ojam-nnCVAdHxKfOmup5FCuBDYQ==/lib/arm64'
03-02 11:49:08.777  4007  8700 D vulkan  : searching for layers in '/data/app/~~Bh61wenJZi6JNVEuOkVQfQ==/com.softnation.Ojam-nnCVAdHxKfOmup5FCuBDYQ==/base.apk!/lib/arm64-v8a'
03-02 11:49:08.780  2363  2477 D TransitionAnimationHelper:  load default animation  type = 2 enter = true animAttr = 10 isTask = true translucent = false
03-02 11:49:08.783  2363  2540 D ShellTransitions: speed ui!!!!!!!!!!!
03-02 11:49:08.784  2363  2477 D MulWinSwitchDecorViewModel: handleEventReceiverIfMultiWinSwitchIsUnsupported: removeEventReceiver, callers=com.android.wm.shell.multitasking.miuimultiwinswitch.miuiwindowdecor.MulWinSwitchDecorViewModel.onTaskOpening:7 com.android.wm.shell.fullscreen.FullscreenTaskListener.onTaskAppeared:97 com.android.wm.shell.ShellTaskOrganizer.onTaskAppeared:9 com.android.wm.shell.ShellTaskOrganizer.onTaskAppeared:3 android.window.TaskOrganizer$1.lambda$onTaskAppeared$5:312 
03-02 11:49:08.785  2363  2477 D MultiTaskingTaskRepository: addOrMoveFullscreenTaskToTop taskId=37048
03-02 11:49:08.790  4007  8700 D MMUD    : mtk_memory_debug_init com.softnation.Ojam 0xb400007c0895a5d0
03-02 11:49:08.805   921  1472 D DisplayModeController: setDesiredMode 4627039422300187648 {mode={fps=36.00 Hz, modePtr={id=3, vsyncRate=36.00 Hz, peakRefreshRate=36.00 Hz}}, emitEvent=false, force=false}
03-02 11:49:08.805   921  1472 D Scheduler: MtkOverrideDuration: update vsync 36
03-02 11:49:08.805   921  1472 E SurfaceFlinger: MtkDuration override mode is disabled
03-02 11:49:08.805   921  1472 D Scheduler: MtkOverrideDuration: reset override duration
03-02 11:49:08.805   921  1472 I PowerHalWrapper: updateFps(): 36
03-02 11:49:08.824  1621  1918 E HyperSentinel: -------------------------------------------------------
03-02 11:49:08.825  1621  1918 E HyperSentinel: Event_ThreadAmount
03-02 11:49:08.825  1621  1918 E HyperSentinel: -> audit event by proc 4007 "usap64": running threads amount, 12 -> 23
03-02 11:49:08.828  1621  4427 I BroadcastQueue: BOOT_COMPLETED_BROADCAST_COMPLETION_LATENCY_REPORTED action:android.intent.action.BOOT_COMPLETED dispatchLatency:3 completeLatency:1708 dispatchRealLatency:3 completeRealLatency:1709 receiversSize:1 userId:0 userType:android.os.usertype.full.SYSTEM
03-02 11:49:08.830  1621  1640 D AudioSystem: +setParameters(): gamebooster=false 
03-02 11:49:08.831  1621  1640 D AudioSystem: start get log level!
03-02 11:49:08.832   843 14567 D AudioALSAHardware: +setParameters(): gamebooster=false
03-02 11:49:08.832   843 14567 D AudioALSAHardware: -setParameters(): gamebooster=false
03-02 11:49:08.832   843 14567 E AHAL_Module: setVendorParameters: default: unrecognized parameter "gamebooster=false"
03-02 11:49:08.833   894 23086 E ConversionHelperAidl: Function: parseAndSetVendorParameters Line: 97 Failed 
03-02 11:49:08.834   921   921 I BufferQueueProducer: [FramebufferSurface](this:0xb400007d8e9dff50,id:-1,api:1,p:921,c:921) queueBuffer: fps=1.85 dur=1625.77 max=767.91 min=242.57
03-02 11:49:08.835   843 14567 D AHAL_ModuleBluetooth: setVendorParameters: parameter count 1, async: 0
03-02 11:49:08.835   843 14567 D AHAL_ModuleBluetooth: setVendorParameters: gamebooster=false
03-02 11:49:08.837   921   921 I MI-SF   : surfaceflinger setAffinity mode=1
03-02 11:49:08.837   921   921 E MI-SF   : surfaceflinger setAffinity success
03-02 11:49:08.837   921   921 I MI-SF   : surfaceflinger setreAffinity reTid=1207
03-02 11:49:08.837   921   921 E MI-SF   : surfaceflinger setAffinity success
03-02 11:49:08.838   849   849 I hwcomposer: [HWCDisplay] (0 setActiveConfigWithConstraints():4114), config:3  
03-02 11:49:08.839   849   849 I hwcomposer: [HWCDisplay] (0 setActiveConfigWithConstraints():4164), now 613742388048580, diff 290846, estimated_applied_time 16666667 queued_size:0  
03-02 11:49:08.847   921   921 I PowerHalWrapper: updateFps(): 36
03-02 11:49:08.848   921   921 I PowerHalWrapper: updateFps(): 36
03-02 11:49:08.850  4007  4007 D AppCompatDelegate: Checking for metadata for AppLocalesMetadataHolderService : Service not found
03-02 11:49:08.859   849  1481 I hwcomposer: [HWCDisplay] (0 updateAppliedConfigState():4360), applied config complete[idx:613742404715247, config:3]  
03-02 11:49:08.872  1999 29002 D TaskStackChangeListeners: onTaskDescriptionChanged =  taskId = 37048
03-02 11:49:08.876  1621  1918 E HyperSentinel: -------------------------------------------------------
03-02 11:49:08.876  1621  1918 E HyperSentinel: Event_OpenFileFDSize
03-02 11:49:08.876  1621  1918 E HyperSentinel: -> audit event by proc 1621 "system_server": Fd increasement, peak, 888 -> 1082
03-02 11:49:08.876  1621  1917 D MiuiSentinelService: begin judgment FdAmountLeakException
03-02 11:49:08.883  1999 29002 D TaskStackChangeListeners: onTaskDescriptionChanged =  taskId = 37048
03-02 11:49:08.883   861   947 I libPerfCtl: xgfGetFPS pid:921 fps:-1
03-02 11:49:08.884   861   947 I libPerfCtl: xgfGetFPS pid:2363 fps:-1
03-02 11:49:08.892  4007  8704 D MMUD    : get_leak_baseline 3246391296
03-02 11:49:08.901  1621  4427 D ActivityManager: getProcessesInErrorState callingUid=10126, CallingPid=7064
03-02 11:49:08.927  1621  1918 E HyperSentinel: -------------------------------------------------------
03-02 11:49:08.927  1621  1918 E HyperSentinel: Event_OpenFileFDSize
03-02 11:49:08.927  1621  1918 E HyperSentinel: -> audit event by proc 2363 "com.android.systemui": Fd increasement, peak, 734 -> 901
03-02 11:49:08.927  1621  1917 D MiuiSentinelService: begin judgment FdAmountLeakException
03-02 11:49:08.931   921   921 I BufferQueueProducer: [StatusBar#109](this:0xb400007bcec4ab68,id:-1,api:0,p:-1,c:921) queueBuffer: fps=0.96 dur=1036.78 max=1036.78 min=1036.78
03-02 11:49:08.945  4007  4007 I softnation.Ojam: hiddenapi: Accessing hidden method Landroid/view/ViewGroup;->makeOptionalFitsSystemWindows()V (runtime_flags=0, domain=platform, api=unsupported) from Landroidx/appcompat/widget/ViewUtils; (domain=app, TargetSdkVersion=36) using reflection: allowed
03-02 11:49:09.022   921  1467 W EventThreadInspector: slow VSync-app on display(4627039422300187648) count=1, avg=34 ms, max=34 ms.
03-02 11:49:09.075   849   849 I hwcomposer: [HWCDisplay] (0 updateFps():3667), (type:1, mode:2) fps:13.884011,dur:1008.35,max:645.06,min:7.76  
03-02 11:49:09.089  1621  1666 I SmartPower: com.whatsapp/10300(31638): idle->background(7052ms) R(broadcast start Intent { act=android.intent.action.BATTERY_CHANGED flg=0x60000010 (has extras) }) adj=955.
03-02 11:49:09.092  1621  1666 I SmartPower: com.android.chrome/10174(31865): idle->background(7054ms) R(broadcast start Intent { act=android.intent.action.BATTERY_CHANGED flg=0x60000010 (has extras) }) adj=915.
03-02 11:49:09.094  1621  1666 I SmartPower: com.whatsapp/99910300(3370): idle->background(7056ms) R(broadcast start Intent { act=android.intent.action.BATTERY_CHANGED flg=0x60000010 (has extras) }) adj=915.
03-02 11:49:09.096  1621  1666 I SmartPower: com.facebook.katana/10287(4176): idle->background(2117ms) R(broadcast start Intent { act=android.intent.action.BATTERY_CHANGED flg=0x60000010 (has extras) }) adj=915.
03-02 11:49:09.098  1621  1666 I SmartPower: com.instagram.barcelona/10075(6655): idle->background(2119ms) R(broadcast start Intent { act=android.intent.action.BATTERY_CHANGED flg=0x60000010 (has extras) }) adj=905.
03-02 11:49:09.099  1621  1666 I SmartPower: com.instagram.android/10301(6778): idle->background(2119ms) R(broadcast start Intent { act=android.intent.action.BATTERY_CHANGED flg=0x60000010 (has extras) }) adj=905.
03-02 11:49:09.102  1621  1666 I SmartPower: com.facebook.stella/10126(7064): idle->background(2121ms) R(broadcast start Intent { act=android.intent.action.BATTERY_CHANGED flg=0x60000010 (has extras) }) adj=905.
03-02 11:49:09.172   853   853 I Accelerometer: flush, flushCnt:1
03-02 11:49:09.171  1621  1676 D SsruManagerImpl: MiSsru Sensor not init!!!!
03-02 11:49:09.175   853   923 I Accelerometer: flush complete, flushCnt:0
03-02 11:49:09.198  4007  4007 W unknown:BridgelessReact: ReactHost{0}.startSurface(surfaceId = 0): Schedule
03-02 11:49:09.198  4007  4007 W unknown:BridgelessReact: ReactHost{0}.attachSurface(surfaceId = 0)
03-02 11:49:09.199  4007  8722 W unknown:BridgelessReact: ReactHost{0}.getOrCreateReactInstanceTask()
03-02 11:49:09.200  4007  8722 W unknown:BridgelessReact: ReactHost{0}.getOrCreateReactInstanceTask(): Start
03-02 11:49:09.200  4007  8722 W unknown:BridgelessReact: ReactHost{0}.getJSBundleLoader()
03-02 11:49:09.200  4007  8722 W unknown:BridgelessReact: ReactHost{0}.isMetroRunning()
03-02 11:49:09.207  1055  1186 D connsyslogger: SD_LOG_ROOT is /data/debuglogger/connsyslog/fw.
03-02 11:49:09.208  1055  1186 D connsyslogger: systemReady:1
03-02 11:49:09.219  1621  5054 D AS.BtHelper: isBluetoothScoOn() mBluetoothHeadset is null: falsemBluetoothHeadsetDevice is null: true
03-02 11:49:09.219  1621  5054 V AS.AudioDeviceBroker: requestedCommunicationDevice: null mAudioModeOwner: AudioModeInfo: mMode=MODE_NORMAL, mPid=0, mUid=0
03-02 11:49:09.219  1621  5054 D AS.BtHelper: isBluetoothScoOn() mBluetoothHeadset is null: falsemBluetoothHeadsetDevice is null: true
03-02 11:49:09.219  1621  5054 V AS.AudioDeviceBroker: requestedCommunicationDevice: null mAudioModeOwner: AudioModeInfo: mMode=MODE_NORMAL, mPid=0, mUid=0
03-02 11:49:09.228  4007  4007 W libc    : Access denied finding property "ro.vendor.df.effect.conflict"
03-02 11:49:09.232  1621  5054 D AppLock_AccessControlImpl: activityResume packageName: com.softnation.Ojam userId: 0 enabled: true
03-02 11:49:09.232  1621  5054 D AppLock_AccessControlImpl: activityResume lockMode: 1
03-02 11:49:09.233  4007  4007 D SecurityManager: checkAccessControl flag1
03-02 11:49:09.235  4007  4007 W unknown:BridgelessReact: ReactHost{0}.onHostResume(activity)
03-02 11:49:09.244  4007  8698 I PowerHalWrapper: PowerHalWrapper.getInstance 
03-02 11:49:09.251  4007  4007 I SurfaceFactory: [static] sSurfaceFactory = com.mediatek.view.impl.SurfaceFactoryImpl@3781f37
03-02 11:49:09.253   921  2359 D SurfaceFlinger: [SF client] NEW(0xb400007cae9fe420) for (4007:com.softnation.Ojam)
03-02 11:49:09.257  2363  2393 I ndroid.systemui: NativeAlloc concurrent mark compact GC freed 15MB AllocSpace bytes, 281(6940KB) LOS objects, 37% free, 59MB/95MB, paused 1.332ms,5.341ms total 505.176ms
03-02 11:49:09.271  4007  4007 D MiuiCameraCoveredManager: java.lang.NullPointerException: Attempt to invoke virtual method 'java.lang.String android.provider.MiuiSettings$SettingsCloudData$CloudData.getString(java.lang.String, java.lang.String)' on a null object reference
03-02 11:49:09.273  4007  4007 D FramePredict: init success
03-02 11:49:09.274  1621  4427 W ActivityManager: Permission Denial: getCurrentUser() from pid=4007, uid=10337 requires android.permission.INTERACT_ACROSS_USERS
03-02 11:49:09.276  4007  8731 E FramePredict: registerContentObserver fail
03-02 11:49:09.281  4007  8700 W libc    : Access denied finding property "ro.vendor.display.iris_x7.support"
03-02 11:49:09.285   921  1166 I SurfaceFlinger: onHandleDestroyed: name=Task=37047#134506, layerId=134506, parentId=0
03-02 11:49:09.287  4007  4007 I ForceDarkHelperStubImpl: setViewRootImplForceDark: false for com.softnation.Ojam.MainActivity@db08fa, reason: AppDarkModeEnable
03-02 11:49:09.287  4007  4007 D VRI[MainActivity]: hardware acceleration = true, forceHwAccelerated = false
03-02 11:49:09.290   921  1166 D SurfaceFlinger: [SF client] NEW(0xb400007caea46300) for (1621:system_server)
03-02 11:49:09.291   921   921 I BufferQueueDebug: [Task=37047#134506](this:0xb400007bcecb4138,id:-1,api:0,p:-1,c:921) onDestructor()
03-02 11:49:09.291   921  2359 I BufferQueueDebug: [fc592c2 com.softnation.Ojam/com.softnation.Ojam.MainActivity#134554](this:0xb400007bceca2fd8,id:-1,api:0,p:-1,c:-1) BufferQueue core=(921:/system/bin/surfaceflinger)
03-02 11:49:09.302  4007  8724 W unknown:BridgelessReact: ReactHost{0}.isMetroRunning(): Async result = true
03-02 11:49:09.302  4007  8722 W unknown:BridgelessReact: ReactHost{0}.loadJSBundleFromMetro()
03-02 11:49:09.307   921  1166 D SurfaceFlinger: [SF client] REMOVE (0xb400007cae9fc650) for (2363:com.android.systemui)
03-02 11:49:09.310  4007  4007 D InputEventReceiver: Input log is disabled in InputEventReceiver.
03-02 11:49:09.313  1999  1999 D RecentsImpl: mActivityStateObserver com.softnation.Ojam.MainActivity
03-02 11:49:09.313  1999  1999 W RecentsImpl: onResumed className=com.softnation.Ojam.MainActivity   forceUpdate=false   mIsInAnotherPro=false   isKeyguardLocked=false   mIsStatusBarExpansion=false   mSecuritySpaceGuideShown=false
03-02 11:49:09.314  4007  4007 W Looper  : PerfMonitor looperActivity : package=com.softnation.Ojam/.MainActivity time=0ms latency=601ms  procState=-1  historyMsgCount=5 (msgIndex=1 wall=1586ms seq=3 late=5ms h=android.app.ActivityThread$H w=110) (msgIndex=5 wall=557ms seq=7 late=50ms h=android.app.ActivityThread$H w=159)
03-02 11:49:09.316  4007  4007 D DecorViewImmersiveImpl: onAttachedToWindow:com.softnation.Ojam/com.softnation.Ojam.MainActivity
03-02 11:49:09.321  2363  2477 D MultiTaskingTaskRepository: addOrMoveFullscreenTaskToTop taskId=37048
03-02 11:49:09.321  2363  2477 D MiuiFreeformModeCornerTipHandler: task#37048 onTaskVanished
03-02 11:49:09.321  2363  2477 I MiuiBubbleController: removeBubble: 37048 reason=2
03-02 11:49:09.321  2363  2477 I MultiTaskingTaskRepository: onTaskInfoChanged multi list = [5, 4], full = [37048, 37046, 37019, 36980]
03-02 11:49:09.322  2363  2477 D MiuiFreeformModeController: onFocusTaskChanged taskInfo: TaskInfo{userId=0 taskId=37048 displayId=0 isRunning=true baseIntent=Intent { flg=0x10000000 cmp=com.softnation.Ojam/.MainActivity } baseActivity=ComponentInfo{com.softnation.Ojam/com.softnation.Ojam.MainActivity} topActivity=ComponentInfo{com.softnation.Ojam/com.softnation.Ojam.MainActivity} origActivity=null realActivity=ComponentInfo{com.softnation.Ojam/com.softnation.Ojam.MainActivity} numActivities=1 lastActiveTime=1031508124 supportsSplitScreenMultiWindow=true supportsMultiWindow=true resizeMode=1 isResizeable=true minWidth=-1 minHeight=-1 defaultMinSize=200 token=WCT{android.window.IWindowContainerToken$Stub$Proxy@fb30014} topActivityType=1 pictureInPictureParams=null shouldDockBigOverlays=false launchIntoPipHostTaskId=-1 lastParentTaskIdBeforePip=-1 displayCutoutSafeInsets=null topActivityInfo=ActivityInfo{cb550bd com.softnation.Ojam.MainActivity} launchCookies=[] positionInParent=Point(0, 0) parentTaskId=-1 isFocused=true isVisible=true isVisibleRequested=true isSleeping=false locusId=null displayAreaFeatureId=1 isTopActivityTransparent=false appCompatTaskInfo=AppCompatTaskInfo { topActivityInSizeCompat=false topActivityEligibleForLetterboxEducation= falseisLetterboxEducationEnabled= false isLetterboxDoubleTapEnabled= false topActivityEligibleForUserAspectRatioButton= false topActivityBoundsLetterboxed= false isFromLetterboxDoubleTap= false topActivityLetterboxVerticalPosition= -1 topActivityLetterboxHorizontalPosition= -1 topActivityLetterboxWidth=1080 topActivityLetterboxHeight=2460 isUserFullscreenOverrideEnabled=false isSystemFullscreenOverrideEnabled=false cameraCompatTaskInfo=CameraCompatTaskInfo { cameraCompatControlState=hidden freeformCameraCompatMode=inactive}} isImmersive=false mTopActivityRequestOrientation=1 mBehindAppLockPkg=null mOriginatingUid=0 isEmbedded=false shouldBeVisible=true mIsCastMode=false mTopActivityMediaSize=null mTopActivityRecordName=ActivityRecord{640b739 u0 com.softnation.Ojam/.MainActivity t37048} mTopActivityOrientation=1}
03-02 11:49:09.327  1621  1918 E HyperSentinel: -------------------------------------------------------
03-02 11:49:09.327  1621  1918 E HyperSentinel: Event_ThreadAmount
03-02 11:49:09.327  1621  1918 E HyperSentinel: -> audit event by proc 4007 "usap64": running threads amount, 23 -> 45
03-02 11:49:09.330  1621  4763 D CoreBackPreview: Window{fc592c2 u0 com.softnation.Ojam/com.softnation.Ojam.MainActivity}: Setting back callback OnBackInvokedCallbackInfo{mCallback=android.window.IOnBackInvokedCallback$Stub$Proxy@2e2c93c, mPriority=0, mIsAnimationCallback=false}
03-02 11:49:09.338   921  1166 I BufferQueueDebug: [com.softnation.Ojam/com.softnation.Ojam.MainActivity#134555](this:0xb400007bcec64578,id:-1,api:0,p:-1,c:-1) BufferQueue core=(921:/system/bin/surfaceflinger)
03-02 11:49:09.341   921  1166 I BufferQueueDebug: [Surface(name=5b2ee94 StatusBar#103)/@0xf6cf932 - animation-leash of insets_animation#134556](this:0xb400007bceccdb48,id:-1,api:0,p:-1,c:-1) BufferQueue core=(921:/system/bin/surfaceflinger)
03-02 11:49:09.342   921  1166 I BufferQueueDebug: [Surface(name=77d8129 NavigationBar0#101614)/@0x3faba4f - animation-leash of insets_animation#134557](this:0xb400007bcec7b1f8,id:-1,api:0,p:-1,c:-1) BufferQueue core=(921:/system/bin/surfaceflinger)
03-02 11:49:09.343  1621  4763 D MiuiRefreshRatePolicy: reset
03-02 11:49:09.344  1999  1999 D TouchInteractionService: onSystemUiFlagsChanged, mSystemUiStateFlags=10020000
03-02 11:49:09.346  1621  4763 W WindowManager: Changing focus from null to Window{fc592c2 u0 com.softnation.Ojam/com.softnation.Ojam.MainActivity} displayId=0 Callers=com.android.server.wm.RootWindowContainer.updateFocusedWindowLocked:602 com.android.server.wm.WindowManagerService.updateFocusedWindowLocked:7168 com.android.server.wm.WindowManagerService.relayoutWindowInner:3076 com.android.server.wm.WindowManagerService.relayoutWindow:2724 
03-02 11:49:09.346  1621  4763 I whetstone.activity: Power Event callback listener is empty for resId=32
03-02 11:49:09.346  1621  4763 D BatteryStatsManagerStub: notifyEvent for resId=32 used 0ms
03-02 11:49:09.347   921  1166 I BufferQueueDebug: [Surface(name=5b2ee94 StatusBar#103)/@0xf6cf932 - animation-leash of insets_animation#134558](this:0xb400007bcecc2508,id:-1,api:0,p:-1,c:-1) BufferQueue core=(921:/system/bin/surfaceflinger)
03-02 11:49:09.349   921  1166 I BufferQueueDebug: [Surface(name=77d8129 NavigationBar0#101614)/@0x3faba4f - animation-leash of insets_animation#134559](this:0xb400007bcec58f38,id:-1,api:0,p:-1,c:-1) BufferQueue core=(921:/system/bin/surfaceflinger)
03-02 11:49:09.351  1621  4763 D WindowManager: wms.Input focus has changed to Window{fc592c2 u0 com.softnation.Ojam/com.softnation.Ojam.MainActivity} display=0 updateInputWindows = true
03-02 11:49:09.351  1621  4763 I MultiSenceManagerInternalStub: getInstance
03-02 11:49:09.352  1621  1928 I MultiSenceManagerInternalStubImpl: packageName = com.softnation.Ojam
03-02 11:49:09.352  1621  1928 W ContextImpl: Calling a method in the system process without a qualified user: android.app.ContextImpl.sendBroadcast:1260 com.android.server.wm.MultiSenceManagerInternalStubImpl.sendFocusWindowsBroadcast:148 com.android.server.wm.MultiSenceManagerInternalStubImpl$UpdateScreenStatus.run:98 android.os.Handler.handleCallback:959 android.os.Handler.dispatchMessage:100 
03-02 11:49:09.352  1621  4763 I WindowManager: Relayout Window{fc592c2 u0 com.softnation.Ojam/com.softnation.Ojam.MainActivity}: oldVis=4 newVis=0 focusMayChange = true requestedWidth = 1080 requestedHeight = 2460 outFrames = ClientWindowFrames{frame=[0,0][1080,2460] display=[0,0][1080,2460] parentFrame=[0,0][0,0]} outSurfaceControl = Surface(name=com.softnation.Ojam/com.softnation.Ojam.MainActivity#134555)/@0x8b13d28
03-02 11:49:09.353  1621  1928 W ActivityManagerServiceImpl: Sending non-protected broadcast com.xiaomi.multisence.action.FOCUSED_CHANGE from system 1621:system/1000 pkg android. Callers=com.android.server.am.ActivityManagerService.checkBroadcastFromSystem:16365 com.android.server.am.ActivityManagerService.broadcastIntentLockedTraced:17236 com.android.server.am.ActivityManagerService.broadcastIntentLocked:16425 com.android.server.am.ActivityManagerService.broadcastIntentWithFeature:17459 android.app.ContextImpl.sendBroadcast:1264 
03-02 11:49:09.355  1621  1651 D SurfaceComposerClient: Transaction::apply InputWindowCommands.focusRequests timestamp=613742902875580, windowName=fc592c2 com.softnation.Ojam/com.softnation.Ojam.MainActivity
03-02 11:49:09.356  4007  4007 D BufferQueueConsumer: [](id:fa700000000,api:0,p:-1,c:4007) connect: controlledByApp=false
03-02 11:49:09.360  4007  4007 D BLASTBufferQueue: [VRI[MainActivity]#0](f:0,a:0) constructor()
03-02 11:49:09.360  4007  4007 D BLASTBufferQueue: [VRI[MainActivity]#0](f:0,a:0) update width=1080 height=2460 format=-1 mTransformHint=0
03-02 11:49:09.370  4007  4007 D VRI[MainActivity]: vri.reportNextDraw android.view.ViewRootImpl.performTraversals:4984 android.view.ViewRootImpl.doTraversal:3564 android.view.ViewRootImpl$TraversalRunnable.run:11781 android.view.Choreographer$CallbackRecord.run:1804 android.view.Choreographer$CallbackRecord.run:1813 
03-02 11:49:09.374   921   921 D SurfaceFlinger: Focus addInputWindowCommands timestamp=613742902875580, windowName=fc592c2 com.softnation.Ojam/com.softnation.Ojam.MainActivity
03-02 11:49:09.374   921   921 I SurfaceFlinger: onHandleDestroyed: name=Surface(name=77d8129 NavigationBar0#101614)/@0x3faba4f - animation-leash of insets_animation#134557, layerId=134557, parentId=0
03-02 11:49:09.374   921   921 I SurfaceFlinger: onHandleDestroyed: name=Surface(name=5b2ee94 StatusBar#103)/@0xf6cf932 - animation-leash of insets_animation#134556, layerId=134556, parentId=0
03-02 11:49:09.378  1621  1918 E HyperSentinel: -------------------------------------------------------
03-02 11:49:09.378  1621  1918 E HyperSentinel: Event_ResidentSize
03-02 11:49:09.378  1621  1918 E HyperSentinel: -> audit event by proc 4007 "usap64": RSS increasement, peak 168176kb -> 252268kb
03-02 11:49:09.382   921  1483 D SurfaceFlinger: updateWinowInfo=1, setFocusedWindow timestamp=613742902875580, windowName=fc592c2 com.softnation.Ojam/com.softnation.Ojam.MainActivity
03-02 11:49:09.401   921   921 I BufferQueueDebug: [Surface(name=77d8129 NavigationBar0#101614)/@0x3faba4f - animation-leash of insets_animation#134557](this:0xb400007bcec7b1f8,id:-1,api:0,p:-1,c:921) onDestructor()
03-02 11:49:09.401   921   921 I BufferQueueDebug: [Surface(name=5b2ee94 StatusBar#103)/@0xf6cf932 - animation-leash of insets_animation#134556](this:0xb400007bceccdb48,id:-1,api:0,p:-1,c:921) onDestructor()
03-02 11:49:09.402   921  2359 D SurfaceFlinger: [SF client] NEW(0xb400007caea27520) for (4007:com.softnation.Ojam)
03-02 11:49:09.406  1141  7637 E IPCThreadState: Binder transaction failure. id: 356204486, BR_*: 29201, error: -1 (Operation not permitted)
03-02 11:49:09.407  1141  7637 W BpBinder: Large or Failed outgoing transaction of 108 bytes, interface descriptor , code 1
03-02 11:49:09.410  4007  4007 D MiuiCameraCoveredManager: java.lang.NullPointerException: Attempt to invoke virtual method 'java.lang.String android.provider.MiuiSettings$SettingsCloudData$CloudData.getString(java.lang.String, java.lang.String)' on a null object reference
03-02 11:49:09.412  4007  8700 W libc    : Access denied finding property "ro.vendor.display.iris_x7.support"
03-02 11:49:09.413  4007  4007 I ForceDarkHelperStubImpl: setViewRootImplForceDark: false for com.softnation.Ojam.MainActivity@db08fa, reason: AppDarkModeEnable
03-02 11:49:09.413  4007  4007 D VRI[PopupWindow:fe0c570]: hardware acceleration = true, forceHwAccelerated = false
03-02 11:49:09.415   921  2359 I BufferQueueDebug: [9ed5bca PopupWindow:fe0c570#134560](this:0xb400007bcecb4138,id:-1,api:0,p:-1,c:-1) BufferQueue core=(921:/system/bin/surfaceflinger)
03-02 11:49:09.419  4007  4007 D InputEventReceiver: Input log is disabled in InputEventReceiver.
03-02 11:49:09.425  1621  4427 D CoreBackPreview: Window{9ed5bca u0 PopupWindow:fe0c570}: Setting back callback OnBackInvokedCallbackInfo{mCallback=android.window.IOnBackInvokedCallback$Stub$Proxy@ce065b1, mPriority=0, mIsAnimationCallback=false}
03-02 11:49:09.431   921  2359 I BufferQueueDebug: [PopupWindow:fe0c570#134561](this:0xb400007bceca8af8,id:-1,api:0,p:-1,c:-1) BufferQueue core=(921:/system/bin/surfaceflinger)
03-02 11:49:09.435  1621  4427 D MiuiRefreshRatePolicy: reset
03-02 11:49:09.441  4007  4007 D BufferQueueConsumer: [](id:fa700000001,api:0,p:-1,c:4007) connect: controlledByApp=false
03-02 11:49:09.441  4007  4007 D BLASTBufferQueue: [VRI[PopupWindow:fe0c570]#1](f:0,a:0) constructor()
03-02 11:49:09.441  4007  4007 D BLASTBufferQueue: [VRI[PopupWindow:fe0c570]#1](f:0,a:0) update width=1080 height=65 format=-3 mTransformHint=0
03-02 11:49:09.443  4007  4007 I ForceDarkHelperStubImpl: setViewRootImplForceDark: false for com.softnation.Ojam.MainActivity@db08fa, reason: AppDarkModeEnable
03-02 11:49:09.445  4007  4007 D VRI[PopupWindow:fe0c570]: vri.reportNextDraw android.view.ViewRootImpl.performTraversals:4984 android.view.ViewRootImpl.doTraversal:3564 android.view.ViewRootImpl$TraversalRunnable.run:11781 android.view.Choreographer$CallbackRecord.run:1804 android.view.Choreographer$CallbackRecord.run:1813 
03-02 11:49:09.445  4007  4007 D VRI[PopupWindow:fe0c570]: Setup new sync=wmsSync-VRI[PopupWindow:fe0c570]#0
03-02 11:49:09.447  4007  4007 D UserSceneDetector: invoke error.
03-02 11:49:09.454  4007  8700 D HWUI    : makeCurrent grContext:0xb4000079f1a12350 reset mTextureAvailable
03-02 11:49:09.461  4007  8700 D softnation.Ojam: MiuiProcessManagerServiceStub setSchedFifo
03-02 11:49:09.462  4007  8700 I MiuiProcessManagerImpl: setSchedFifo pid:4007, mode:3
03-02 11:49:09.463  1621  4427 D ProcessManager: beginSchedThreads is not Enabled
03-02 11:49:09.463  4007  8700 D MAGT_SYNC_FRAME: MAGT Sync: MAGT is not supported. Disabling Sync.
03-02 11:49:09.463  4007  8700 D softnation.Ojam: Can't load libmbrainSDK
03-02 11:49:09.467  4007  8700 I GrallocExtra: gralloc_extra_query:is_SW3D 0
03-02 11:49:09.468  4007  8700 W libc    : Access denied finding property "ro.vendor.display.iris_x7.support"
03-02 11:49:09.549 18562 20351 D BluetoothDevice: getAddress: mAddress=XX:XX:XX:XX:E1:4F
03-02 11:49:09.550 18562 20351 D BluetoothDevice: getAddress: mAddress=XX:XX:XX:XX:94:A5
03-02 11:49:09.550 18562 20351 D BluetoothDevice: getAddress: mAddress=XX:XX:XX:XX:6E:27
03-02 11:49:09.550 18562 20351 D BluetoothDevice: getAddress: mAddress=XX:XX:XX:XX:9D:81
03-02 11:49:09.550 18562 20351 D BluetoothDevice: getAddress: mAddress=XX:XX:XX:XX:EE:F9
03-02 11:49:09.550 18562 20351 D BluetoothDevice: getAddress: mAddress=XX:XX:XX:XX:C8:A7
03-02 11:49:09.550 18562 20351 D BluetoothDevice: getAddress: mAddress=XX:XX:XX:XX:2F:74
03-02 11:49:09.550 18562 20351 D BluetoothDevice: getAddress: mAddress=XX:XX:XX:XX:69:70
03-02 11:49:09.550 18562 20351 D BluetoothDevice: getAddress: mAddress=XX:XX:XX:XX:C0:39
03-02 11:49:09.552 18562 20351 D BluetoothDevice: getAddress: mAddress=XX:XX:XX:XX:E1:4F
03-02 11:49:09.552 18562 20351 D BluetoothDevice: getAddress: mAddress=XX:XX:XX:XX:94:A5
03-02 11:49:09.552 18562 20351 D BluetoothDevice: getAddress: mAddress=XX:XX:XX:XX:6E:27
03-02 11:49:09.552 18562 20351 D BluetoothDevice: getAddress: mAddress=XX:XX:XX:XX:9D:81
03-02 11:49:09.552 18562 20351 D BluetoothDevice: getAddress: mAddress=XX:XX:XX:XX:EE:F9
03-02 11:49:09.552 18562 20351 D BluetoothDevice: getAddress: mAddress=XX:XX:XX:XX:C8:A7
03-02 11:49:09.552 18562 20351 D BluetoothDevice: getAddress: mAddress=XX:XX:XX:XX:2F:74
03-02 11:49:09.552 18562 20351 D BluetoothDevice: getAddress: mAddress=XX:XX:XX:XX:69:70
03-02 11:49:09.553 18562 20351 D BluetoothDevice: getAddress: mAddress=XX:XX:XX:XX:C0:39
03-02 11:49:09.554 18562 20351 D BluetoothDevice: getAddress: mAddress=XX:XX:XX:XX:E1:4F
03-02 11:49:09.554 18562 20351 D BluetoothDevice: getAddress: mAddress=XX:XX:XX:XX:94:A5
03-02 11:49:09.555 18562 20351 D BluetoothDevice: getAddress: mAddress=XX:XX:XX:XX:6E:27
03-02 11:49:09.555 18562 20351 D BluetoothDevice: getAddress: mAddress=XX:XX:XX:XX:9D:81
03-02 11:49:09.555 18562 20351 D BluetoothDevice: getAddress: mAddress=XX:XX:XX:XX:EE:F9
03-02 11:49:09.555 18562 20351 D BluetoothDevice: getAddress: mAddress=XX:XX:XX:XX:C8:A7
03-02 11:49:09.555 18562 20351 D BluetoothDevice: getAddress: mAddress=XX:XX:XX:XX:2F:74
03-02 11:49:09.555 18562 20351 D BluetoothDevice: getAddress: mAddress=XX:XX:XX:XX:69:70
03-02 11:49:09.555 18562 20351 D BluetoothDevice: getAddress: mAddress=XX:XX:XX:XX:C0:39
03-02 11:49:09.560  4007  8700 E LB      : fail to open file: No such file or directory
03-02 11:49:09.560  4007  8700 E LB      : fail to open node: No such file or directory
03-02 11:49:09.560  4007  8700 E LB      : fail to open node: No such file or directory
03-02 11:49:09.561  4007  8700 I GrallocExtra: gralloc_extra_query:is_SW3D 0
03-02 11:49:09.561  4007  8700 W libc    : Access denied finding property "ro.vendor.display.iris_x7.support"
03-02 11:49:09.562  4007  8700 D BLASTBufferQueue: [VRI[PopupWindow:fe0c570]#1](f:0,a:1) acquireNextBufferLocked size=1080x65 mFrameNumber=1 applyTransaction=true mTimestamp=613743109851580(auto) mPendingTransactions.size=0 graphicBufferId=17209933955083 transform=0
03-02 11:49:09.562  4007  8700 D softnation.Ojam: Can't load libmbrainSDK
03-02 11:49:09.562   921  1472 D MI-SF   : isTpIdleScene mSetTpIdleFlag 0, mSetLtpoTpIdleFlag 0
03-02 11:49:09.562   921  1472 D DisplayModeController: setDesiredMode 4627039422300187648 {mode={fps=60.00 Hz, modePtr={id=0, vsyncRate=60.00 Hz, peakRefreshRate=60.00 Hz}}, emitEvent=true, force=false}
03-02 11:49:09.563   921  1472 D Scheduler: MtkOverrideDuration: update vsync 60
03-02 11:49:09.563   921  1472 E SurfaceFlinger: MtkDuration override mode is disabled
03-02 11:49:09.563   921  1472 D Scheduler: MtkOverrideDuration: reset override duration
03-02 11:49:09.563   921  1472 I PowerHalWrapper: updateFps(): 60
03-02 11:49:09.564  4007  4007 D VRI[PopupWindow:fe0c570]: vri.reportDrawFinished
03-02 11:49:09.565  1621  4763 D WindowManager: wms.finishDrawingLocked: mDrawState=COMMIT_DRAW_PENDING Window{9ed5bca u0 PopupWindow:fe0c570} in Surface(name=PopupWindow:fe0c570#134561)/@0x5144617
03-02 11:49:09.566  1621  1651 D MiuiRefreshRatePolicy: reset
03-02 11:49:09.568  1621  1651 I WindowManager: onFirstWindowDrawn, try to remove startingWindow. this = ActivityRecord{640b739 u0 com.softnation.Ojam/.MainActivity t37048} associatedTask = null isMainWindow = false mStartingWindow = Window{15e6573 u0 Splash Screen com.softnation.Ojam} mStartingData = SplashScreenStartingData{c77478a waitForSyncTransactionCommit=false removeAfterTransaction= 0}
03-02 11:49:09.568   849   849 I hwcomposer: [HWCDisplay] (0 setActiveConfigWithConstraints():4114), config:0  
03-02 11:49:09.568   849   849 I hwcomposer: [HWCDisplay] (0 setActiveConfigWithConstraints():4164), now 613743117338965, diff 262692, estimated_applied_time 27777778 queued_size:0  
03-02 11:49:09.571  4007  4007 D VRI[PopupWindow:fe0c570]: vri.reportNextDraw android.view.ViewRootImpl.handleResized:2771 android.view.ViewRootImpl.-$$Nest$mhandleResized:0 android.view.ViewRootImpl$W.resized:12932 android.app.servertransaction.WindowStateResizeItem.execute:64 android.app.servertransaction.WindowStateTransactionItem.execute:59 
03-02 11:49:09.576  1621  1651 I WindowManager: onFirstWindowDrawn, try to remove startingWindow. this = ActivityRecord{640b739 u0 com.softnation.Ojam/.MainActivity t37048} associatedTask = null isMainWindow = false mStartingWindow = Window{15e6573 u0 Splash Screen com.softnation.Ojam} mStartingData = SplashScreenStartingData{c77478a waitForSyncTransactionCommit=false removeAfterTransaction= 0}
03-02 11:49:09.577  4007  4007 D VRI[PopupWindow:fe0c570]: Setup new sync=wmsSync-VRI[PopupWindow:fe0c570]#2
03-02 11:49:09.579  4007  4007 D VRI[PopupWindow:fe0c570]: vri.reportDrawFinished
03-02 11:49:09.581  1621  1651 D MiuiRefreshRatePolicy: reset
03-02 11:49:09.581  1621  1651 I WindowManager: onFirstWindowDrawn, try to remove startingWindow. this = ActivityRecord{640b739 u0 com.softnation.Ojam/.MainActivity t37048} associatedTask = null isMainWindow = false mStartingWindow = Window{15e6573 u0 Splash Screen com.softnation.Ojam} mStartingData = SplashScreenStartingData{c77478a waitForSyncTransactionCommit=false removeAfterTransaction= 0}
03-02 11:49:09.594   849  1481 I hwcomposer: [HWCDisplay] (0 updateAppliedConfigState():4360), applied config complete[idx:613743145116743, config:0]  
03-02 11:49:09.595   921   921 I PowerHalWrapper: updateFps(): 60
