03-02 11:24:02.459  1621  4238 D MiuiRefreshRatePolicy: reset
03-02 11:24:02.462  1621  4238 W WindowManager: Changing focus from Window{6009493 u0 com.google.android.googlequicksearchbox/com.google.android.apps.search.assistant.surfaces.voice.robin.ui.floaty.activity.FloatyActivity} to null displayId=0 Callers=com.android.server.wm.RootWindowContainer.updateFocusedWindowLocked:602 com.android.server.wm.WindowManagerService.updateFocusedWindowLocked:7168 com.android.server.wm.WindowManagerService.relayoutWindowInner:3076 com.android.server.wm.WindowManagerService.relayoutWindow:2724 
03-02 11:24:02.463  1621  4238 D WindowManager: wms.Input focus has changed to null display=0 updateInputWindows = true
03-02 11:24:02.463  1621  4238 I MultiSenceManagerInternalStub: getInstance
03-02 11:24:02.474  1621  1648 D Aurogon :  uid = 10166 switch to BG
03-02 11:24:02.476  1621  1894 D Aurogon :  onForegroundActivitiesChanged packageName = com.miui.home
03-02 11:24:02.481  1621  1651 I ActivityTaskManager: visible for Task{27e6aff #2 type=home I=com.miui.home/.launcher.Launcher} visible = true isAnimating = false TRANSITION = false PARENTS = false CHILDREN = false
03-02 11:24:02.497  2363  2477 D SoScUtils: monitorTransitionFinished transition:android.os.BinderProxy@983df9b transaction: android.view.SurfaceControl$Transaction@dc3a8b8 mRequestCloseTransition:null mRequestOpenTransition:null mRequestOpenTransitionWithSameTask size:0 mPairsOpenTransition:null mPairsOpenTransitionNull:null mRequestOpenTriggerTask:-1 mRequestCloseTriggerTask:-1 mOrientationTransition: null mMainStartingTask:-1 mSideStartingTask:-1
03-02 11:24:02.505  1621  4432 W ActivityManager: pid 1621 system sent binder code 7 with flags 1 to frozen apps and got error -32
03-02 11:24:02.507  1621  4432 W WindowManager: Exception thrown during dispatchAppVisibility Window{cdb06e5 u0 com.softnation.Ojam/com.softnation.Ojam.MainActivity EXITING}
03-02 11:24:02.507  1621  4432 W WindowManager: android.os.DeadObjectException
03-02 11:24:02.507  1621  4432 W WindowManager: 	at android.os.BinderProxy.transactNative(Native Method)
03-02 11:24:02.507  1621  4432 W WindowManager: 	at android.os.BinderProxy.transact(BinderProxy.java:682)
03-02 11:24:02.507  1621  4432 W WindowManager: 	at android.view.IWindow$Stub$Proxy.dispatchAppVisibility(IWindow.java:655)
03-02 11:24:02.507  1621  4432 W WindowManager: 	at com.android.server.wm.WindowState.sendAppVisibilityToClients(WindowState.java:3529)
03-02 11:24:02.507  1621  4432 W WindowManager: 	at com.android.server.wm.WindowContainer.sendAppVisibilityToClients(WindowContainer.java:1387)
03-02 11:24:02.507  1621  4432 W WindowManager: 	at com.android.server.wm.WindowToken.setClientVisible(WindowToken.java:423)
03-02 11:24:02.507  1621  4432 W WindowManager: 	at com.android.server.wm.ActivityRecord.setClientVisible(ActivityRecord.java:8426)
03-02 11:24:02.507  1621  4432 W WindowManager: 	at com.android.server.wm.ActivityRecord.postApplyAnimation(ActivityRecord.java:6989)
03-02 11:24:02.507  1621  4432 W WindowManager: 	at com.android.server.wm.ActivityRecord.commitVisibility(ActivityRecord.java:6931)
03-02 11:24:02.507  1621  4432 W WindowManager: 	at com.android.server.wm.Transition.finishTransition(Transition.java:1589)
03-02 11:24:02.507  1621  4432 W WindowManager: 	at com.android.server.wm.TransitionController.finishTransition(TransitionController.java:1153)
03-02 11:24:02.507  1621  4432 W WindowManager: 	at com.android.server.wm.WindowOrganizerController.finishTransition(WindowOrganizerController.java:578)
03-02 11:24:02.507  1621  4432 W WindowManager: 	at android.window.IWindowOrganizerController$Stub.onTransact(IWindowOrganizerController.java:324)
03-02 11:24:02.507  1621  4432 W WindowManager: 	at com.android.server.wm.WindowOrganizerController.onTransact(WindowOrganizerController.java:234)
03-02 11:24:02.507  1621  4432 W WindowManager: 	at android.os.Binder.execTransactInternal(Binder.java:1507)
03-02 11:24:02.507  1621  4432 W WindowManager: 	at android.os.Binder.execTransact(Binder.java:1451)
03-02 11:24:02.512  1621  4432 I Transition: finishTransition: updateLastSurfacePosition tf=Task{b80c5a9 #37038 type=standard A=10337:com.softnation.Ojam}
03-02 11:24:02.512  1621  4432 I Transition: finishTransition: updateLastSurfacePosition tf=Task{ba1f32f #37027 type=standard I=com.google.android.googlequicksearchbox/com.google.android.apps.search.assistant.surfaces.voice.robin.ui.floaty.activity.FloatyActivity}
03-02 11:24:02.515  1621  1638 D WindowManager: Finish Transition (#10170): created at 03-02 11:24:01.688 collect-started=0.353ms request-sent=0.62ms started=18.252ms ready=18.218ms sent=426.982ms finished=813.395ms
03-02 11:24:02.518  1621  4432 D MiuiRefreshRatePolicy: reset
03-02 11:24:02.524  1621  4432 I PowerManagerServiceImpl: Release wakelock: SCREEN_BRIGHT_WAKE_LOCK           'WindowManager/displayId:0' ON_AFTER_RELEASE DISABLED ACQ=-1m14s781ms (uid=1000 pid=1621 pkg=android ws=WorkSource{10337 com.softnation.Ojam})
03-02 11:24:02.529  1621  4432 D WindowManager: Collecting in transition 10171: ActivityRecord{eb08273 u0 com.softnation.Ojam/.MainActivity t37038 f}} init visibleRequested:false
03-02 11:24:02.530  1621  4432 D WindowManager: setParent old=ActivityRecord{eb08273 u0 com.softnation.Ojam/.MainActivity t37038 f} isExiting},new=null,this window=Window{cdb06e5 u0 com.softnation.Ojam/com.softnation.Ojam.MainActivity EXITING},callers=com.android.server.wm.WindowContainer.removeChild:897 com.android.server.wm.ActivityRecord.removeChild:5518 com.android.server.wm.ActivityRecord.removeChild:505 com.android.server.wm.WindowContainer.removeImmediately:967 com.android.server.wm.WindowState.removeImmediately:2526 com.android.server.wm.WindowContainer.removeImmediately:931 
03-02 11:24:02.533  1621  4432 D MiuiRefreshRatePolicy: reset
03-02 11:24:02.538  1621  4432 D WindowManager: setParent old=Task{b80c5a9 #37038 type=standard A=10337:com.softnation.Ojam},new=null,this window=ActivityRecord{eb08273 u0 com.softnation.Ojam/.MainActivity t37038 f} isExiting},callers=com.android.server.wm.WindowContainer.removeChild:897 com.android.server.wm.TaskFragment.removeChild:3337 com.android.server.wm.Task.removeChild:1929 com.android.server.wm.Task.removeChild:1908 com.android.server.wm.WindowContainer.removeImmediately:967 com.android.server.wm.WindowToken.removeImmediately:374 
03-02 11:24:02.542  1621  4432 D WindowManager: setParent old=DefaultTaskDisplayArea@262819365,new=null,this window=Task{b80c5a9 #37038 type=standard A=10337:com.softnation.Ojam},callers=com.android.server.wm.WindowContainer.removeChild:897 com.android.server.wm.TaskDisplayArea.removeChildTask:360 com.android.server.wm.TaskDisplayArea.removeChild:351 com.android.server.wm.WindowContainer.removeImmediately:967 com.android.server.wm.TaskFragment.removeImmediately:3417 com.android.server.wm.Task.removeImmediately:3408 
03-02 11:24:02.542  1621  4432 D MiuiMultiWindowUtils: DeviceLevel.IS_MIUI_LITE_VERSION 2.0 not support miui multiWindowtides
03-02 11:24:02.543  1621  4432 D MiuiMultiWindowUtils: DeviceLevel.IS_MIUI_LITE_VERSION 2.0 not support miui multiWindowtides
03-02 11:24:02.543  2363  2477 I RemoteTransitionHandlerStubImpl: invokeAndRemoveWctCB transition is null, curWctCB: null
03-02 11:24:02.544  2363  2477 I MultiTaskingTaskRepository: no MULTI_WINDOW, but base activity is null
03-02 11:24:02.547  1621  4238 W UserManagerService: Requested status bar icon for non-badged user 0
03-02 11:24:02.552  1621  4246 I ATMSImpl: cacheTasksForDefaultDisplay size=5
03-02 11:24:02.554  1621  4432 I ATMSImpl: cacheTasksForDefaultDisplay size=5
03-02 11:24:02.556  1621  1651 I ActivityTaskManager: visible for Task{27e6aff #2 type=home I=com.miui.home/.launcher.Launcher} visible = true isAnimating = false TRANSITION = false PARENTS = false CHILDREN = false
03-02 11:24:02.556  1621  1651 I ActivityTaskManager: visible for Task{d151cdd #1 type=home} visible = true isAnimating = false TRANSITION = false PARENTS = false CHILDREN = false
03-02 11:24:02.556  1621  1651 I ActivityTaskManager: visible for Task{ba1f32f #37027 type=standard I=com.google.android.googlequicksearchbox/com.google.android.apps.search.assistant.surfaces.voice.robin.ui.floaty.activity.FloatyActivity} visible = true isAnimating = false TRANSITION = false PARENTS = false CHILDREN = false
03-02 11:24:02.558  1621  1651 W ActivityTaskManager: Can't find TaskDisplayArea to determine support for multi window. Task id=37038 attached=false
03-02 11:24:02.560  1621  1651 D MiuiRefreshRatePolicy: reset
03-02 11:24:02.560  1621  1651 D PreStartingManager: Not init when use PreStartingManager!
03-02 11:24:02.560  1621  1651 D WindowManager: Set transition=TransitionRecord{4c5d663 id=10171 type=OPEN flags=0x0}, ready=true, SyncId=10171 
03-02 11:24:02.561  1621  1651 I SmartPower: com.softnation.Ojam/10337(0): died->visible(884ms) R(become visible) adj=-10000.
03-02 11:24:02.561  1621  1651 I WindowManager: wms.showSurfaceRobustly mWin:Window{fdee39a u0 Splash Screen com.softnation.Ojam}
03-02 11:24:02.562  1621  1651 D WindowManager: Final targets: [Task{eac6fde #37039 type=standard A=10337:com.softnation.Ojam}, Task{ba1f32f #37027 type=standard I=com.google.android.googlequicksearchbox/com.google.android.apps.search.assistant.surfaces.voice.robin.ui.floaty.activity.FloatyActivity}, Task{d151cdd #1 type=home}]
03-02 11:24:02.587  1621  1651 D WindowManager: snapshot isNothing = false source = Task{ba1f32f #37027 type=standard I=com.google.android.googlequicksearchbox/com.google.android.apps.search.assistant.surfaces.voice.robin.ui.floaty.activity.FloatyActivity}
03-02 11:24:02.593  1621  1651 D MiuiRefreshRatePolicy: reset
03-02 11:24:02.598  1621  4238 W UserManagerService: Requested status bar icon for non-badged user 0
03-02 11:24:02.600  1621  1651 I ActivityTaskManager: visible for Task{27e6aff #2 type=home I=com.miui.home/.launcher.Launcher} visible = true isAnimating = false TRANSITION = false PARENTS = false CHILDREN = false
03-02 11:24:02.603  2363  2477 D MulWinSwitchDecorViewModel: destroyWindowDecoration: taskId=37038 windowingMode=1 mWindowDecorByTaskId.size()=0 callers=com.android.wm.shell.fullscreen.FullscreenTaskListener.onTaskVanished:104 com.android.wm.shell.ShellTaskOrganizer.onTaskVanished:128 android.window.TaskOrganizer$1.lambda$onTaskVanished$6:317 android.window.TaskOrganizer$1.$r8$lambda$8ODi_1s42Z5SmyxWXsgMLDG64pA:0 android.window.TaskOrganizer$1$$ExternalSyntheticLambda0.run:0 
03-02 11:24:02.604  2363  2477 D MulWinSwitchDecorViewModel: handleEventReceiverIfMultiWinSwitchIsUnsupported: removeEventReceiver, callers=com.android.wm.shell.multitasking.miuimultiwinswitch.miuiwindowdecor.MulWinSwitchDecorViewModel.destroyWindowDecoration:82 com.android.wm.shell.fullscreen.FullscreenTaskListener.onTaskVanished:104 com.android.wm.shell.ShellTaskOrganizer.onTaskVanished:128 android.window.TaskOrganizer$1.lambda$onTaskVanished$6:317 android.window.TaskOrganizer$1.$r8$lambda$8ODi_1s42Z5SmyxWXsgMLDG64pA:0 
03-02 11:24:02.604  2363  2477 D MultiTaskingTaskRepository: onTaskVanished: taskInfo.taskId: 37038 current mMultiTaskingTaskInfoList: { ,37038 ,37027 ,37019 ,36980 ,36770 ,36289 ,5 ,4 }
03-02 11:24:02.604  2363  2477 D MultiTaskingTaskRepository: removeFullscreenTask taskId=37038
03-02 11:24:02.604  2363  2477 D MiuiFreeformModeCornerTipHandler: task#37038 onTaskVanished
03-02 11:24:02.604  2363  2477 I MiuiBubbleController: removeBubble: 37038 reason=2
03-02 11:24:02.605  2363  2477 I MultiTaskingTaskInfo: before call clearMaskControl task id = 37038, CoverLayerController = null, callers=com.android.wm.shell.multitasking.taskmanager.MultiTaskingTaskListener.onTaskVanished:148 com.android.wm.shell.ShellTaskOrganizer.onTaskVanished:141 android.window.TaskOrganizer$1.lambda$onTaskVanished$6:317 android.window.TaskOrganizer$1.$r8$lambda$8ODi_1s42Z5SmyxWXsgMLDG64pA:0 android.window.TaskOrganizer$1$$ExternalSyntheticLambda0.run:0 
03-02 11:24:02.605  2363  2477 I MultiTaskingTaskRepository: onTaskVanish multi list = [5, 4], full = [37027, 37019, 36980]
03-02 11:24:02.607  1621  5056 W UserManagerService: Requested status bar icon for non-badged user 0
03-02 11:24:02.607  2363  2477 I MultiTaskingTaskRepository: needSkip: is home task
03-02 11:24:02.607  2363  2477 W MultiTaskingTaskRepository: onToBackTransitionReady putOrUpdateTaskInfo skip
03-02 11:24:02.608  2363  2477 D MultiTaskingTaskRepository: addOrMoveFullscreenTaskToTop taskId=37039
03-02 11:24:02.608  2363  2477 D MultiTaskingTaskRepository: putOrUpdateTaskInfo: taskInfo.taskId: 37039 current mMultiTaskingTaskInfoList:  ,37027 ,37019 ,36980 ,36770 ,36289 ,5 ,4
03-02 11:24:02.608  2363  2477 D MultiTaskingTaskRepository: java.lang.Throwable
03-02 11:24:02.608  2363  2477 D MultiTaskingTaskRepository: 	at com.android.wm.shell.multitasking.taskmanager.MultiTaskingTaskRepository.updateMultiTaskingTaskInfo(go/retraceme 5c05439c20823397c9aaa04c8ad244598257e2a7e5bd06f03af131ffaee2a4a9:82)
03-02 11:24:02.608  2363  2477 D MultiTaskingTaskRepository: 	at com.android.wm.shell.multitasking.taskmanager.MultiTaskingTaskRepository.putOrUpdateTaskInfo(go/retraceme 5c05439c20823397c9aaa04c8ad244598257e2a7e5bd06f03af131ffaee2a4a9:41)
03-02 11:24:02.608  2363  2477 D MultiTaskingTaskRepository: 	at com.android.wm.shell.multitasking.taskmanager.MultiTaskingTransitionObserver.onTransitionReady(go/retraceme 5c05439c20823397c9aaa04c8ad244598257e2a7e5bd06f03af131ffaee2a4a9:166)
03-02 11:24:02.608  2363  2477 D MultiTaskingTaskRepository: 	at com.android.wm.shell.transition.Transitions.dispatchReady(go/retraceme 5c05439c20823397c9aaa04c8ad244598257e2a7e5bd06f03af131ffaee2a4a9:169)
03-02 11:24:02.608  2363  2477 D MultiTaskingTaskRepository: 	at com.android.wm.shell.transition.Transitions.onTransitionReady(go/retraceme 5c05439c20823397c9aaa04c8ad244598257e2a7e5bd06f03af131ffaee2a4a9:248)
03-02 11:24:02.608  2363  2477 D MultiTaskingTaskRepository: 	at com.android.wm.shell.transition.Transitions$TransitionPlayerImpl$$ExternalSyntheticLambda1.run(go/retraceme 5c05439c20823397c9aaa04c8ad244598257e2a7e5bd06f03af131ffaee2a4a9:47)
03-02 11:24:02.608  2363  2477 D MultiTaskingTaskRepository: 	at android.os.Handler.handleCallback(Handler.java:959)
03-02 11:24:02.608  2363  2477 D MultiTaskingTaskRepository: 	at android.os.Handler.dispatchMessage(Handler.java:100)
03-02 11:24:02.608  2363  2477 D MultiTaskingTaskRepository: 	at android.os.Looper.loopOnce(Looper.java:249)
03-02 11:24:02.608  2363  2477 D MultiTaskingTaskRepository: 	at android.os.Looper.loop(Looper.java:337)
03-02 11:24:02.608  2363  2477 D MultiTaskingTaskRepository: 	at android.os.HandlerThread.run(HandlerThread.java:85)
03-02 11:24:02.609  2363  2477 D MultiTaskingTaskInfo: initFolmeControl::task id = 37039, mBounds = Rect(0, 0 - 1080, 2460)
03-02 11:24:02.609  1621  4432 W UserManagerService: Requested status bar icon for non-badged user 0
03-02 11:24:02.610  2363  2477 E TaskViewTransitions: Found a launching TaskView in the wrong transition. All TaskView launches should be initiated by shell and in their own transition: 37039
03-02 11:24:02.610  2363  2477 E KeyguardTransitionHandlerImpl: activityCount = 0
03-02 11:24:02.610  2363  2477 E KeyguardTransitionHandlerImpl: activityCount = 0
03-02 11:24:02.610  2363  2477 D MiuiFreeformModeAnimation: startAnimation change: {WCT{android.window.IWindowContainerToken$Stub$Proxy@a25050b} m=OPEN f=NONE leash=Surface(name=Task=37039#134179)/@0x41991f7 sb=Rect(0, 0 - 1080, 2460) eb=Rect(0, 0 - 1080, 2460) d=0 taskParent=-1} info.getType(): 1
03-02 11:24:02.610  2363  2477 D MiuiFreeformModeAnimation: startAnimation change: {WCT{android.window.IWindowContainerToken$Stub$Proxy@aceafe8} m=TO_BACK f=TRANSLUCENT leash=Surface(name=Task=37027#133407)/@0x5669864 sb=Rect(0, 0 - 1080, 2460) eb=Rect(0, 0 - 1080, 2460) d=0 taskParent=-1} info.getType(): 1
03-02 11:24:02.611  2363  2477 D MiuiFreeformModeAnimation: startAnimation change: {WCT{android.window.IWindowContainerToken$Stub$Proxy@909c601} m=TO_BACK f=SHOW_WALLPAPER leash=Surface(name=Task=1#47)/@0x758acd sb=Rect(0, 0 - 1080, 2460) eb=Rect(0, 0 - 1080, 2460) d=0 taskParent=-1} info.getType(): 1
03-02 11:24:02.611  2363  2477 D SoScStageCoordinator: inCloseTransition:false pairsStartedWithCloseTransition:false isRequestCloseTriggerTask:false inSingleSoScState:false inSoScUnactivie:true closeStage:null
03-02 11:24:02.612  2363  2477 D TransitionAnimationHelper:  load default animation  type = 1 enter = false animAttr = 19 isTask = true translucent = false
03-02 11:24:02.616  2363  2477 D TransitionAnimationHelper:  load default animation  type = 1 enter = false animAttr = 19 isTask = true translucent = false
03-02 11:24:02.617  2363  2477 D TransitionAnimationHelper:  load default animation  type = 1 enter = true animAttr = 18 isTask = true translucent = false
03-02 11:24:02.621  2363  2540 D ShellTransitions: speed ui!!!!!!!!!!!
03-02 11:24:02.622  2363  2477 D MulWinSwitchDecorViewModel: handleEventReceiverIfMultiWinSwitchIsUnsupported: removeEventReceiver, callers=com.android.wm.shell.multitasking.miuimultiwinswitch.miuiwindowdecor.MulWinSwitchDecorViewModel.onTaskOpening:7 com.android.wm.shell.fullscreen.FullscreenTaskListener.onTaskAppeared:97 com.android.wm.shell.ShellTaskOrganizer.onTaskAppeared:9 com.android.wm.shell.ShellTaskOrganizer.onTaskAppeared:3 android.window.TaskOrganizer$1.lambda$onTaskAppeared$5:312 
03-02 11:24:02.622  2363  2477 D MultiTaskingTaskRepository: addOrMoveFullscreenTaskToTop taskId=37039
03-02 11:24:02.628  1621  5056 I ATMSImpl: cacheTasksForDefaultDisplay size=5
03-02 11:24:02.638  1621  1648 D Aurogon :  uid = 10337 switch to FG
03-02 11:24:02.639  1621  4238 W MiuiBoosterUtils: enable_miuibooster_launch : false
03-02 11:24:02.641  1621  1894 D isUidValid: uid = 10337
03-02 11:24:02.649 27281 27281 I ActivityThread: TrafficStats init done
03-02 11:24:02.653 21243 27333 D MiuiDownscaleImpl: set override inverted scale : 1.0
03-02 11:24:02.656 27281 27281 D ActivityThread: useGrowthLimitOutExpendMethod invoke error.
03-02 11:24:02.675 27281 27281 I ActivityThread: Miui Feature Init done
03-02 11:24:02.757  1621  1907 D ProcessManager: real remove inactive uid : 10337 flag : 1
03-02 11:24:02.824  1621  4238 D ActivityManager: getProcessesInErrorState callingUid=10126, CallingPid=26172
03-02 11:24:03.107  1621  1917 D MiuiSentinelService: begin judgment FdAmountLeakException
03-02 11:24:03.179  2363  2477 D SoScUtils: monitorTransitionFinished transition:android.os.BinderProxy@1bad05d transaction: android.view.SurfaceControl$Transaction@3dedaf5 mRequestCloseTransition:null mRequestOpenTransition:null mRequestOpenTransitionWithSameTask size:0 mPairsOpenTransition:null mPairsOpenTransitionNull:null mRequestOpenTriggerTask:-1 mRequestCloseTriggerTask:-1 mOrientationTransition: null mMainStartingTask:-1 mSideStartingTask:-1
03-02 11:24:03.182  1621  1638 D WindowManager: Finish Transition (#10171): created at 03-02 11:24:02.376 collect-started=0.063ms request-sent=21.583ms started=27.197ms ready=183.813ms sent=191.663ms finished=805.587ms
03-02 11:24:03.185  1621  4238 I Transition: finishTransition: updateLastSurfacePosition tf=Task{eac6fde #37039 type=standard A=10337:com.softnation.Ojam}
03-02 11:24:03.190  2363  2477 I RemoteTransitionHandlerStubImpl: invokeAndRemoveWctCB transition is null, curWctCB: null
03-02 11:24:03.192  1621  4432 W UserManagerService: Requested status bar icon for non-badged user 0
03-02 11:24:03.194  1621  4238 W UserManagerService: Requested status bar icon for non-badged user 0
03-02 11:24:03.195  1621  4432 W UserManagerService: Requested status bar icon for non-badged user 0
03-02 11:24:03.199  1621  4432 W UserManagerService: Requested status bar icon for non-badged user 0
03-02 11:24:03.199  1621  1651 I ActivityTaskManager: visible for Task{eac6fde #37039 type=standard A=10337:com.softnation.Ojam} visible = true isAnimating = false TRANSITION = false PARENTS = false CHILDREN = false
03-02 11:24:03.209  1621  4238 I SmartPower: com.mi.globalminusscreen/10162(11917): visible->invisible(1472ms) R(become invisible) adj=100.
03-02 11:24:03.210  1621  4238 I SmartPower: com.mi.globalminusscreen/10162(11917): invisible->background(1ms) R(become background) adj=100.
03-02 11:24:03.210  1621  4238 I SmartPower: com.google.android.googlequicksearchbox:search/10165(13966): visible->invisible(1113ms) R(become invisible) adj=0.
03-02 11:24:03.210  1621  4238 I SmartPower: com.google.android.googlequicksearchbox:search/10165(13966): invisible->background(0ms) R(become background) adj=0.
03-02 11:24:03.209  2363  2477 D MiuiFreeformModeCornerTipHandler: task#37027 onTaskVanished
03-02 11:24:03.210  1621  4238 I SmartPower: com.google.android.googlequicksearchbox:googleapp/10165(27281): invisible->background(1146ms) R(become background) adj=0.
03-02 11:24:03.210  1621  4238 I SmartPower: com.google.android.googlequicksearchbox:interactor/10165(5969): invisible->background(1508ms) R(become background) adj=100.
03-02 11:24:03.211  1621  4238 I SmartPower: com.miui.home/10166(1999): visible->invisible(1121ms) R(become invisible) adj=100.
03-02 11:24:03.211  2363  2477 I MiuiBubbleController: removeBubble: 37027 reason=2
03-02 11:24:03.211  1621  4238 I SmartPower: com.miui.home/10166(1999): invisible->background(1ms) R(become background) adj=100.
03-02 11:24:03.211  2363  2477 I MultiTaskingTaskInfo: before call clearMaskControl task id = 37027, CoverLayerController = null, callers=com.android.wm.shell.multitasking.taskmanager.MultiTaskingTaskListener.onTaskInfoChanged:268 com.android.wm.shell.ShellTaskOrganizer.onTaskInfoChanged:145 android.window.TaskOrganizer$1.lambda$onTaskInfoChanged$7:322 android.window.TaskOrganizer$1.$r8$lambda$WEHIPeFifg1My6LbK9dElRxchX4:0 android.window.TaskOrganizer$1$$ExternalSyntheticLambda7.run:0 
03-02 11:24:03.211  2363  2477 I MultiTaskingTaskRepository: onTaskInfoChanged multi list = [5, 4], full = [37039, 37027, 37019, 36980]
03-02 11:24:03.212  2363  2477 I MultiTaskingTaskRepository: needSkip: is home task
03-02 11:24:03.212  1621  1922 I SmartPower: com.google.android.adservices.api/10261(5464): idle->background(88495ms) R(add to whitelist) adj=0.
03-02 11:24:03.213  1621  1922 I SmartPower: com.google.android.webview:sandboxed_process0:org.chromium.content.app.SandboxedPridle->background(88495ms) R(add to whitelist) adj=100.
03-02 11:24:03.214  1621  4238 D MiuiRefreshRatePolicy: reset
03-02 11:24:03.224  1621  5056 D MiuiRefreshRatePolicy: reset
03-02 11:24:03.231  1621  4246 D MiuiRefreshRatePolicy: reset
03-02 11:24:03.234  1621  1651 D MiuiRefreshRatePolicy: reset
03-02 11:24:03.236  1621  1651 I ActivityTaskManager: visible for Task{eac6fde #37039 type=standard A=10337:com.softnation.Ojam} visible = true isAnimating = false TRANSITION = false PARENTS = false CHILDREN = false
03-02 11:24:03.243  1621  4432 I ATMSImpl: cacheTasksForDefaultDisplay size=5
03-02 11:24:03.244  1621  2192 I ATMSImpl: cacheTasksForDefaultDisplay size=5
03-02 11:24:03.248  1621  1651 I ActivityTaskManager: visible for Task{eac6fde #37039 type=standard A=10337:com.softnation.Ojam} visible = true isAnimating = false TRANSITION = false PARENTS = false CHILDREN = false
03-02 11:24:03.251  1621  2192 I ATMSImpl: cacheTasksForDefaultDisplay size=5
03-02 11:24:03.270  1621  4246 I ATMSImpl: cacheTasksForDefaultDisplay size=5
03-02 11:24:03.313  1621  1621 D UiModeManager: updateConfigurationLocked: mDockState=0; mCarMode=false; mCar=false; mPowerSave=false; mOverrideNightModeOn=false; mOverrideNightModeOff=false; mComputedNightMode=true; mNightModeValue=2; uiMode=42
03-02 11:24:03.396 27281 27281 D MiuiCameraCoveredManager: java.lang.NullPointerException: Attempt to invoke virtual method 'java.lang.String android.provider.MiuiSettings$SettingsCloudData$CloudData.getString(java.lang.String, java.lang.String)' on a null object reference
03-02 11:24:03.396 27281 27281 D FramePredict: FramePredict init: true
03-02 11:24:03.401 27281 27281 D FramePredict: init success
03-02 11:24:03.402  1621  4246 W ActivityManager: Permission Denial: getCurrentUser() from pid=27281, uid=10165 requires android.permission.INTERACT_ACROSS_USERS
03-02 11:24:03.403 27281 27360 E FramePredict: registerContentObserver fail
03-02 11:24:03.448  1621  1651 I ActivityTaskManager: visible for Task{eac6fde #37039 type=standard A=10337:com.softnation.Ojam} visible = true isAnimating = false TRANSITION = false PARENTS = false CHILDREN = false
03-02 11:24:03.607 27281 27281 D DecorViewImmersiveImpl: onAttachedToWindow:LauncherMinusOneScreen
03-02 11:24:03.615  1621  4246 D CoreBackPreview: Window{67c25e3 u0 LauncherMinusOneScreen}: Setting back callback OnBackInvokedCallbackInfo{mCallback=android.window.IOnBackInvokedCallback$Stub$Proxy@13511a, mPriority=0, mIsAnimationCallback=false}
03-02 11:24:03.619  1621  4432 D MiuiRefreshRatePolicy: reset
03-02 11:24:03.625  1621  4432 D MiuiRefreshRatePolicy: reset
03-02 11:24:03.631  1621  1651 I ActivityTaskManager: visible for Task{eac6fde #37039 type=standard A=10337:com.softnation.Ojam} visible = true isAnimating = false TRANSITION = false PARENTS = false CHILDREN = false
03-02 11:24:03.799  1621  1666 I SmartPower: com.whatsapp/10300(31638): idle->background(2098ms) R(broadcast start Intent { act=android.intent.action.BATTERY_CHANGED flg=0x60000010 (has extras) }) adj=905.
03-02 11:24:03.800  1621  1666 I SmartPower: com.facebook.stella/10126(26172): idle->background(2096ms) R(broadcast start Intent { act=android.intent.action.BATTERY_CHANGED flg=0x60000010 (has extras) }) adj=915.
03-02 11:24:03.801  1621  1666 I SmartPower: com.facebook.katana/10287(26488): idle->background(2096ms) R(broadcast start Intent { act=android.intent.action.BATTERY_CHANGED flg=0x60000010 (has extras) }) adj=925.
03-02 11:24:03.807 21243 21243 I ActivityThread: TrafficStats init done
03-02 11:24:03.810  1621  4432 D ForceDarkAppConfigProvider: cloudConfigVersion: -1   localConfigVersion:20250515
03-02 11:24:03.811  1621  4432 I UiModeManager: systemserver package:com.softnation.Ojam null
03-02 11:24:03.818 21243 21243 I ActivityThread: Miui Feature Init done
03-02 11:24:04.085  1621  1917 D MiuiSentinelService: begin judgment FdAmountLeakException
03-02 11:24:04.320  2363  2477 D MiuiFreeformModeCornerTipHandler: task#37039 onTaskVanished
03-02 11:24:04.320  2363  2477 I MiuiBubbleController: removeBubble: 37039 reason=2
03-02 11:24:04.320  2363  2477 I MultiTaskingTaskRepository: onTaskInfoChanged multi list = [5, 4], full = [37039, 37027, 37019, 36980]
03-02 11:24:04.326  1621  1621 D MBrainLocalService: isVendorFreezeConditionPass is false
03-02 11:24:04.326  1621  1621 E MBrainLocalService: notifyAppSwitch failed
03-02 11:24:04.328  1621  1907 D MiuiMultiWindowUtils: DeviceLevel.IS_MIUI_LITE_VERSION 2.0 not support miui multiWindowtides
03-02 11:24:04.335 21243 21243 W Looper  : PerfMonitor longMsg : seq=3 plan=11:24:02.653 late=2ms wall=1673ms h=android.app.ActivityThread$H w=110 procState=-1
03-02 11:24:04.343  6515  6997 D MilletUtils: setUidState, uid = 10337 allow = true
03-02 11:24:04.355 21243 21243 D FramePredict: FramePredict init: true
03-02 11:24:04.355 21243 21243 D UserSceneDetector: invoke error.
03-02 11:24:04.358 21243 21243 W Looper  : PerfMonitor doFrame : time=2ms vsyncFrame=19861082 latency=378ms procState=-1 historyMsgCount=3 (msgIndex=1 wall=1673ms seq=3 late=2ms h=android.app.ActivityThread$H w=110)
03-02 11:24:04.361 21243 21243 I ActivityThread: HardwareRenderer preload  done
03-02 11:24:04.421  1621  2192 I BroadcastQueue: BOOT_COMPLETED_BROADCAST_COMPLETION_LATENCY_REPORTED action:android.intent.action.BOOT_COMPLETED dispatchLatency:1 completeLatency:1781 dispatchRealLatency:1 completeRealLatency:1780 receiversSize:1 userId:0 userType:android.os.usertype.full.SYSTEM
03-02 11:24:04.781 21243 21243 D MiuiCameraCoveredManager: java.lang.NullPointerException: Attempt to invoke virtual method 'java.lang.String android.provider.MiuiSettings$SettingsCloudData$CloudData.getString(java.lang.String, java.lang.String)' on a null object reference
03-02 11:24:04.782 21243 21243 D FramePredict: init success
03-02 11:24:04.784  1621  2192 W ActivityManager: Permission Denial: getCurrentUser() from pid=21243, uid=10337 requires android.permission.INTERACT_ACROSS_USERS
03-02 11:24:04.784 21243 27416 E FramePredict: registerContentObserver fail
03-02 11:24:04.793 21243 21243 I ForceDarkHelperStubImpl: setViewRootImplForceDark: false for com.softnation.Ojam.MainActivity@db08fa, reason: AppDarkModeEnable
03-02 11:24:04.798  1621  1651 I ActivityTaskManager: visible for Task{eac6fde #37039 type=standard A=10337:com.softnation.Ojam} visible = true isAnimating = false TRANSITION = false PARENTS = false CHILDREN = false
03-02 11:24:04.801  2363  2477 D MiuiFreeformModeCornerTipHandler: task#37027 onTaskVanished
03-02 11:24:04.801  2363  2477 I MiuiBubbleController: removeBubble: 37027 reason=2
03-02 11:24:04.801  2363  2477 I MultiTaskingTaskInfo: before call clearMaskControl task id = 37027, CoverLayerController = null, callers=com.android.wm.shell.multitasking.taskmanager.MultiTaskingTaskListener.onTaskInfoChanged:268 com.android.wm.shell.ShellTaskOrganizer.onTaskInfoChanged:145 android.window.TaskOrganizer$1.lambda$onTaskInfoChanged$7:322 android.window.TaskOrganizer$1.$r8$lambda$WEHIPeFifg1My6LbK9dElRxchX4:0 android.window.TaskOrganizer$1$$ExternalSyntheticLambda7.run:0 
03-02 11:24:04.802  2363  2477 I MultiTaskingTaskRepository: onTaskInfoChanged multi list = [5, 4], full = [37039, 37027, 37019, 36980]
03-02 11:24:04.802  2363  2477 D MultiTaskingTaskRepository: addOrMoveFullscreenTaskToTop taskId=37039
03-02 11:24:04.802  2363  2477 D MiuiFreeformModeCornerTipHandler: task#37039 onTaskVanished
03-02 11:24:04.802  2363  2477 I MiuiBubbleController: removeBubble: 37039 reason=2
03-02 11:24:04.802  2363  2477 I MultiTaskingTaskRepository: onTaskInfoChanged multi list = [5, 4], full = [37039, 37027, 37019, 36980]
03-02 11:24:04.802  2363  2477 D MiuiFreeformModeController: onFocusTaskChanged taskInfo: TaskInfo{userId=0 taskId=37039 displayId=0 isRunning=true baseIntent=Intent { flg=0x10000000 cmp=com.softnation.Ojam/.MainActivity } baseActivity=ComponentInfo{com.softnation.Ojam/com.softnation.Ojam.MainActivity} topActivity=ComponentInfo{com.softnation.Ojam/com.softnation.Ojam.MainActivity} origActivity=null realActivity=ComponentInfo{com.softnation.Ojam/com.softnation.Ojam.MainActivity} numActivities=1 lastActiveTime=1030003741 supportsSplitScreenMultiWindow=true supportsMultiWindow=true resizeMode=1 isResizeable=true minWidth=-1 minHeight=-1 defaultMinSize=200 token=WCT{android.window.IWindowContainerToken$Stub$Proxy@30546fb} topActivityType=1 pictureInPictureParams=null shouldDockBigOverlays=false launchIntoPipHostTaskId=-1 lastParentTaskIdBeforePip=-1 displayCutoutSafeInsets=null topActivityInfo=ActivityInfo{601e318 com.softnation.Ojam.MainActivity} launchCookies=[] positionInParent=Point(0, 0) parentTaskId=-1 isFocused=true isVisible=true isVisibleRequested=true isSleeping=false locusId=null displayAreaFeatureId=1 isTopActivityTransparent=false appCompatTaskInfo=AppCompatTaskInfo { topActivityInSizeCompat=false topActivityEligibleForLetterboxEducation= falseisLetterboxEducationEnabled= false isLetterboxDoubleTapEnabled= false topActivityEligibleForUserAspectRatioButton= false topActivityBoundsLetterboxed= false isFromLetterboxDoubleTap= false topActivityLetterboxVerticalPosition= -1 topActivityLetterboxHorizontalPosition= -1 topActivityLetterboxWidth=1080 topActivityLetterboxHeight=2460 isUserFullscreenOverrideEnabled=false isSystemFullscreenOverrideEnabled=false cameraCompatTaskInfo=CameraCompatTaskInfo { cameraCompatControlState=hidden freeformCameraCompatMode=inactive}} isImmersive=false mTopActivityRequestOrientation=1 mBehindAppLockPkg=null mOriginatingUid=0 isEmbedded=false shouldBeVisible=true mIsCastMode=false mTopActivityMediaSize=null mTopActivityRecordName=ActivityRecord{320a260 u0 com.softnation.Ojam/.MainActivity t37039} mTopActivityOrientation=1}
03-02 11:24:04.803  1621  2192 I ATMSImpl: cacheTasksForDefaultDisplay size=5
03-02 11:24:04.815 21243 21243 W Looper  : PerfMonitor looperActivity : package=com.softnation.Ojam/.MainActivity time=0ms latency=491ms  procState=-1  historyMsgCount=5 (msgIndex=1 wall=1673ms seq=3 late=2ms h=android.app.ActivityThread$H w=110) (msgIndex=5 wall=455ms seq=7 late=35ms h=android.app.ActivityThread$H w=159)
03-02 11:24:04.815  1621  1651 I ActivityTaskManager: visible for Task{eac6fde #37039 type=standard A=10337:com.softnation.Ojam} visible = true isAnimating = false TRANSITION = false PARENTS = false CHILDREN = false
03-02 11:24:04.825  1621  2192 D ActivityManager: getProcessesInErrorState callingUid=10126, CallingPid=26172
03-02 11:24:04.849 21243 21243 D MiuiCameraCoveredManager: java.lang.NullPointerException: Attempt to invoke virtual method 'java.lang.String android.provider.MiuiSettings$SettingsCloudData$CloudData.getString(java.lang.String, java.lang.String)' on a null object reference
03-02 11:24:04.852 21243 21243 I ForceDarkHelperStubImpl: setViewRootImplForceDark: false for com.softnation.Ojam.MainActivity@db08fa, reason: AppDarkModeEnable
03-02 11:24:04.853  1621  2192 W WindowManager: Failed looking up window session=null callers=com.android.server.wm.WindowManagerService.addWindow:1875 com.android.server.wm.Session.addToDisplayAsUser:280 android.view.IWindowSession$Stub.onTransact:697 
03-02 11:24:04.853  1621  2192 W WindowManager: Attempted to add window with token that is not a window: null.  Aborting.
03-02 11:24:04.858 21243 21243 D DecorViewImmersiveImpl: onAttachedToWindow:com.softnation.Ojam/com.softnation.Ojam.MainActivity
03-02 11:24:04.869  1621  2192 D CoreBackPreview: Window{ff248a5 u0 com.softnation.Ojam/com.softnation.Ojam.MainActivity}: Setting back callback OnBackInvokedCallbackInfo{mCallback=android.window.IOnBackInvokedCallback$Stub$Proxy@d0c08d2, mPriority=0, mIsAnimationCallback=false}
03-02 11:24:04.878  1621  4246 D MiuiRefreshRatePolicy: reset
03-02 11:24:04.880  1621  4246 W WindowManager: Changing focus from null to Window{ff248a5 u0 com.softnation.Ojam/com.softnation.Ojam.MainActivity} displayId=0 Callers=com.android.server.wm.RootWindowContainer.updateFocusedWindowLocked:602 com.android.server.wm.WindowManagerService.updateFocusedWindowLocked:7168 com.android.server.wm.WindowManagerService.relayoutWindowInner:3076 com.android.server.wm.WindowManagerService.relayoutWindow:2724 
03-02 11:24:04.884  1621  4246 D WindowManager: wms.Input focus has changed to Window{ff248a5 u0 com.softnation.Ojam/com.softnation.Ojam.MainActivity} display=0 updateInputWindows = true
03-02 11:24:04.884  1621  4246 I MultiSenceManagerInternalStub: getInstance
03-02 11:24:04.884  1621  1928 I MultiSenceManagerInternalStubImpl: packageName = com.softnation.Ojam
03-02 11:24:04.885  1621  1928 W ContextImpl: Calling a method in the system process without a qualified user: android.app.ContextImpl.sendBroadcast:1260 com.android.server.wm.MultiSenceManagerInternalStubImpl.sendFocusWindowsBroadcast:148 com.android.server.wm.MultiSenceManagerInternalStubImpl$UpdateScreenStatus.run:98 android.os.Handler.handleCallback:959 android.os.Handler.dispatchMessage:100 
03-02 11:24:04.885  1621  4246 I WindowManager: Relayout Window{ff248a5 u0 com.softnation.Ojam/com.softnation.Ojam.MainActivity}: oldVis=4 newVis=0 focusMayChange = true requestedWidth = 1080 requestedHeight = 2460 outFrames = ClientWindowFrames{frame=[0,0][1080,2460] display=[0,0][1080,2460] parentFrame=[0,0][0,0]} outSurfaceControl = Surface(name=com.softnation.Ojam/com.softnation.Ojam.MainActivity#134190)/@0xd7de01e
03-02 11:24:04.898  1621  1651 I ActivityTaskManager: visible for Task{eac6fde #37039 type=standard A=10337:com.softnation.Ojam} visible = true isAnimating = false TRANSITION = false PARENTS = false CHILDREN = false
03-02 11:24:05.279  1621  1922 I SmartPower: com.milink.service:audio/10190(19603): background->idle(3002ms) R(broadcast start Intent { act=android.intent.action.PACKAGE_RESTARTED dat=package: flg=0x4000010 (has extras) }) adj=250.
03-02 11:24:06.214  1621  1922 I SmartPower: com.google.android.googlequicksearchbox:search/10165(13966): background->idle(3003ms) R(become background) adj=0.
03-02 11:24:06.214  1621  1922 I SmartPower: com.miui.home/10166(1999): background->idle(3003ms) R(become background) adj=100.
03-02 11:24:06.214  1621  1922 I SmartPower: com.google.android.adservices.api/10261(5464): background->idle(3002ms) R(add to whitelist) adj=0.
03-02 11:24:06.214  1621  1922 I SmartPower: com.google.android.webview:sandboxed_process0:org.chromium.content.app.SandboxedPrbackground->idle(3001ms) R(add to whitelist) adj=100.
03-02 11:24:06.255  1621  1922 I SmartPower: com.google.android.gms/10147(8942): background->idle(4155ms) R(adj below visible) adj=600.
03-02 11:24:06.551  1621  1621 D UiModeManager: updateConfigurationLocked: mDockState=0; mCarMode=false; mCar=false; mPowerSave=false; mOverrideNightModeOn=false; mOverrideNightModeOff=false; mComputedNightMode=true; mNightModeValue=2; uiMode=42
03-02 11:24:06.800  1621  1922 I SmartPower: com.whatsapp/10300(31638): background->idle(3001ms) R(broadcast start Intent { act=android.intent.action.BATTERY_CHANGED flg=0x60000010 (has extras) }) adj=905.
03-02 11:24:06.801  1621  1922 I SmartPower: com.facebook.stella/10126(26172): background->idle(3001ms) R(broadcast start Intent { act=android.intent.action.BATTERY_CHANGED flg=0x60000010 (has extras) }) adj=905.
03-02 11:24:06.801  1621  1922 I SmartPower: com.facebook.katana/10287(26488): background->idle(3000ms) R(broadcast start Intent { act=android.intent.action.BATTERY_CHANGED flg=0x60000010 (has extras) }) adj=925.
03-02 11:24:06.827  1621  4246 D ActivityManager: getProcessesInErrorState callingUid=10126, CallingPid=26172
03-02 11:24:07.902  1621  2192 W ContextImpl: Calling a method in the system process without a qualified user: android.app.ContextImpl.sendBroadcastMultiplePermissions:1310 android.content.Context.sendBroadcastMultiplePermissions:2536 com.android.server.TelephonyRegistry.broadcastServiceStateChanged:3826 com.android.server.TelephonyRegistry.notifyServiceStateForPhoneId:1837 com.android.internal.telephony.ITelephonyRegistry$Stub.onTransact:546 
03-02 11:24:07.904  1621  2192 W ContextImpl: Calling a method in the system process without a qualified user: android.app.ContextImpl.sendBroadcastMultiplePermissions:1343 com.android.server.TelephonyRegistry.broadcastServiceStateChanged:3830 com.android.server.TelephonyRegistry.notifyServiceStateForPhoneId:1837 com.android.internal.telephony.ITelephonyRegistry$Stub.onTransact:546 android.os.Binder.execTransactInternal:1512 
03-02 11:24:07.908  1621  2192 W ContextImpl: Calling a method in the system process without a qualified user: android.app.ContextImpl.sendBroadcastMultiplePermissions:1343 com.android.server.TelephonyRegistry.broadcastServiceStateChanged:3839 com.android.server.TelephonyRegistry.notifyServiceStateForPhoneId:1837 com.android.internal.telephony.ITelephonyRegistry$Stub.onTransact:546 android.os.Binder.execTransactInternal:1512 
03-02 11:24:07.911  1621  2192 W ContextImpl: Calling a method in the system process without a qualified user: android.app.ContextImpl.sendBroadcastMultiplePermissions:1343 com.android.server.TelephonyRegistry.broadcastServiceStateChanged:3845 com.android.server.TelephonyRegistry.notifyServiceStateForPhoneId:1837 com.android.internal.telephony.ITelephonyRegistry$Stub.onTransact:546 android.os.Binder.execTransactInternal:1512 
03-02 11:24:07.947  1621  1667 I ActivityManager: Start proc 27442:com.google.android.cellbroadcastreceiver/u0a248 for broadcast {com.google.android.cellbroadcastreceiver/com.android.cellbroadcastreceiver.CellBroadcastReceiver} caller=android
03-02 11:24:07.962  1621  4238 W ContextImpl: Calling a method in the system process without a qualified user: android.app.ContextImpl.sendBroadcastMultiplePermissions:1343 android.content.Context.sendBroadcastMultiplePermissions:2482 android.content.Context.sendBroadcastMultiplePermissions:2470 com.android.server.TelephonyRegistry.broadcastDataConnectionStateChanged:4018 com.android.server.TelephonyRegistry.notifyDataConnectionForSubscriber:2325 
03-02 11:24:07.987  1621  2192 D Aurogon :  packageName = com.google.android.gms isAllowWakeUpList 
03-02 11:24:08.073  1621  1856 W ContextImpl: Calling a method in the system process without a qualified user: android.app.ContextImpl.sendStickyBroadcast:1689 android.net.connectivity.com.android.server.ConnectivityService.sendStickyBroadcast:4373 android.net.connectivity.com.android.server.ConnectivityService.sendGeneralBroadcast:4343 android.net.connectivity.com.android.server.ConnectivityService.sendConnectedBroadcast:4316 android.net.connectivity.com.android.server.ConnectivityService.sendLegacyNetworkBroadcast:13209 
03-02 11:24:08.135  1621  2192 I SmartPower: com.google.android.cellbroadcastreceiver/10248(27442): died->background(69701ms) R(process start ) adj=-10000.
03-02 11:24:08.156  1621  1621 D MBrainLocalService: isVendorFreezeConditionPass is false
03-02 11:24:08.156  1621  1621 D MBrainLocalService: notifyNetworkChange failed
03-02 11:24:08.157 27442 27456 D MiuiDownscaleImpl: set override inverted scale : 1.0
03-02 11:24:08.172 27442 27459 D ActivityThread: the event that target app starts is : AppLaunchEvent{mType='441', mProcessName='com.google.android.cellbroadcastreceiver', mPackageName='com.google.android.cellbroadcastreceiver', mIsMainProcess='true', mVersionCode='300000000', mLaunchTime='2026-03-02'}
03-02 11:24:08.215  1621  1922 I SmartPower: com.google.android.googlequicksearchbox:googleapp/10165(27281): background->idle(5005ms) R(become background) adj=100.
03-02 11:24:08.258  1621  1667 I ActivityManager: Start proc 27461:com.google.android.apps.messaging/u0a167 for content provider {com.google.android.apps.messaging/com.google.android.apps.messaging.shared.datamodel.provider.sharedstorage.SharedStorageProvider} caller=com.google.android.apps.messaging
03-02 11:24:08.265 27442 27442 I ActivityThread: TrafficStats init done
03-02 11:24:08.284 27442 27442 I ActivityThread: Miui Feature Init done
03-02 11:24:08.316  1621  5056 I SmartPower: com.google.android.apps.messaging/10167(27461): died->background(127849ms) R(process start ) adj=-10000.
03-02 11:24:08.327 27461 27479 D MiuiDownscaleImpl: set override inverted scale : 1.0
03-02 11:24:08.334 27461 27482 D ActivityThread: the event that target app starts is : AppLaunchEvent{mType='441', mProcessName='com.google.android.apps.messaging', mPackageName='com.google.android.apps.messaging', mIsMainProcess='true', mVersionCode='298197063', mLaunchTime='2026-03-02'}
03-02 11:24:08.362  1621  2662 D PackageManager: set app component=ComponentInfo{com.instagram.android/com.instagram.push.FbnsInitBroadcastReceiver} enabled state: 1 from com.instagram.android,uid=10301,pid=25839
03-02 11:24:08.373  1621  4432 I SmartPower: com.facebook.services/10106(25764): idle->background(44018ms) R(service start com.facebook.services/com.facebook.oxygen.services.fbns.PreloadedFbnsService) adj=0.
03-02 11:24:08.412  1621  1621 D UiModeManager: updateConfigurationLocked: mDockState=0; mCarMode=false; mCar=false; mPowerSave=false; mOverrideNightModeOn=false; mOverrideNightModeOff=false; mComputedNightMode=true; mNightModeValue=2; uiMode=42
03-02 11:24:08.422  1621  1621 D UiModeManager: updateConfigurationLocked: mDockState=0; mCarMode=false; mCar=false; mPowerSave=false; mOverrideNightModeOn=false; mOverrideNightModeOff=false; mComputedNightMode=true; mNightModeValue=2; uiMode=42
03-02 11:24:08.570 27461 27461 I ActivityThread: TrafficStats init done
03-02 11:24:08.581  1621  1666 I SmartPower: com.google.android.inputmethod.latin/10179(2526): idle->background(32134ms) R(broadcast start Intent { act=android.net.conn.CONNECTIVITY_CHANGE flg=0x4200010 (has extras) }) adj=100.
03-02 11:24:08.582  1621  1666 I SmartPower: com.miui.home/10166(1999): idle->background(2368ms) R(broadcast start Intent { act=android.net.conn.CONNECTIVITY_CHANGE flg=0x4200010 (has extras) }) adj=100.
03-02 11:24:08.587  1621  1666 I SmartPower: com.android.vending/10157(19536): idle->background(66086ms) R(broadcast start Intent { act=android.net.conn.CONNECTIVITY_CHANGE flg=0x4200010 (has extras) }) adj=200.
03-02 11:24:08.590 27461 27461 I ActivityThread: Miui Feature Init done
03-02 11:24:08.594  1621  1666 I SmartPower: com.miui.analytics/99910168(25758): idle->background(59387ms) R(broadcast start Intent { act=android.net.conn.CONNECTIVITY_CHANGE flg=0x4200010 (has extras) }) adj=800.
03-02 11:24:08.621  1621  2662 E JobScheduler: ResourceBudgetManagerInternal is null
03-02 11:24:08.829  1621  5056 D ActivityManager: getProcessesInErrorState callingUid=10126, CallingPid=26172
03-02 11:24:08.882  1621  4246 I Telecom-TelecomServiceImpl$1: Adding new incoming call with phoneAccountHandle ComponentInfo{com.android.phone/com.android.services.telephony.TelephonyConnectionService}, 2, UserHandle{0}: TSI.aNIC(cap)@StQ
03-02 11:24:08.893  1621  4246 I Telecom-PhoneAccountRegistrar: getSimCallManager: SimCallManager for subId 2 queried, returning: null: TSI.aNIC(cap)@StQ
03-02 11:24:08.910  1621  1666 I SmartPower: com.facebook.stella/10126(26172): idle->background(2109ms) R(broadcast start Intent { act=android.intent.action.BATTERY_CHANGED flg=0x60000010 (has extras) }) adj=905.
03-02 11:24:08.934  1621  1621 I Telecom-TelecomSystem: CallerInfoAsyncQuery.startQuery number=*** cookie=TSI.aNIC->CILH.sL->CILH.sL(cap)@StQ subId=-1: TSI.aNIC->CILH.sL(cap)@StQ
03-02 11:24:08.938  1621  4246 I Telecom-Call: Setting associated user for call: UserHandle{0}: TSI.aNIC(cap)@StQ
03-02 11:24:08.944  1621  4246 I Telecom : MiuiCallsManager: Incomng call is gwsdcall (false): TSI.aNIC(cap)@StQ
03-02 11:24:08.947  1621  4246 I Telecom-InCallController: getComponents, pkgname: com.google.android.dialer comp: null userid: 0 requestedType: 2: TSI.aNIC(cap)@StQ
03-02 11:24:08.948  1621  4246 I Telecom-InCallController: packageName:com.google.android.dialer INTERACT_ACROSS_USERS:true INTERACT_ACROSS_PROFILES:false INTERACT_ACROSS_PROFILES_APPOP:false: TSI.aNIC(cap)@StQ
03-02 11:24:08.949  1621  4246 I Telecom-InCallController: found:ComponentInfo{com.google.android.dialer/com.android.incallui.InCallServiceImpl} isRequestedtype:true isEnabled:true ignoreDisabled:true hasCrossProfilePerm:true: TSI.aNIC(cap)@StQ
03-02 11:24:08.955  1621  1879 I ActivityManager: com.android.providers.contacts is exempt from freezer
03-02 11:24:08.955  1621  4246 I Telecom : TelecomAnalytics: Starting analytics for call TC@147: TSI.aNIC(cap)@StQ
03-02 11:24:08.956  1621  4246 I Telecom : Event: RecordEntry TC@147: CREATED, null;null: TSI.aNIC(cap)@StQ
03-02 11:24:08.961  1621  4238 D PackageManager: set app component=ComponentInfo{com.instagram.barcelona/com.instagram.push.FbnsInitBroadcastReceiver} enabled state: 1 from com.instagram.barcelona,uid=10075,pid=25289
03-02 11:24:08.963  1621  4246 I Telecom : CallAnomalyWatchdog: maybePostCleanupTask; callId=TC@147, state=NEW, createConnComplete=false: TSI.aNIC(cap)@StQ
03-02 11:24:08.967  1621  4238 D PackageManager: set app component=ComponentInfo{com.instagram.barcelona/com.facebook.rti.pushv2.inapp.InappFbnsService} enabled state: 1 from com.instagram.barcelona,uid=10075,pid=25289
03-02 11:24:08.971  1621  4246 I Telecom-PhoneAccountRegistrar: getSimCallManager: SimCallManager for subId 2 queried, returning: null: TSI.aNIC(cap)@StQ
03-02 11:24:08.972  1621  4238 W ActivityManager: Background start not allowed: service Intent { act=Orca.START cmp=com.instagram.barcelona/com.facebook.rti.pushv2.inapp.InappFbnsService (has extras) } to com.instagram.barcelona/com.facebook.rti.pushv2.inapp.InappFbnsService from pid=25289 uid=10075 pkg=com.instagram.barcelona startFg?=false
03-02 11:24:08.972  1621  4246 I Telecom-CreateConnectionProcessor: Trying attempt CallAttemptRecord(ComponentInfo{com.android.phone/com.android.services.telephony.TelephonyConnectionService}, 2, UserHandle{0},ComponentInfo{com.android.phone/com.android.services.telephony.TelephonyConnectionService}, 2, UserHandle{0}): TSI.aNIC(cap)@StQ
03-02 11:24:08.973  1621  4246 I Telecom-Call: setConnectionService: service=[[ConnectionServiceWrapper componentName=ComponentInfo{com.android.phone/com.android.services.telephony.TelephonyConnectionService}]]: TSI.aNIC(cap)@StQ
03-02 11:24:08.973  1621  4246 I Telecom-ConnectionServiceWrapper: createConnection([Call id=TC@147, state=NEW, tpac=ComponentInfo{com.android.phone/com.android.services.telephony.TelephonyConnectionService}, 2, UserHandle{0}, cmgr=ComponentInfo{com.android.phone/com.android.services.telephony.TelephonyConnectionService}, 2, UserHandle{0}, handle=tel:**************, vidst=A, childs(0), has_parent(false), mtkcap=[], mtkprop=[], cap=[], prop=[]], voip=false) via ComponentInfo{com.android.phone/com.android.services.telephony.TelephonyConnectionService}.: TSI.aNIC(cap)@StQ
03-02 11:24:08.974  1621  4246 I Telecom : Event: RecordEntry TC@147: BIND_CS, ComponentInfo{com.android.phone/com.android.services.telephony.TelephonyConnectionService}: TSI.aNIC(cap)@StQ
03-02 11:24:08.991  1621  1667 D MiuiProcessPolicyManager: promote android.process.acore maxAdj to svcb  , maxProcState to + PER 
03-02 11:24:08.993  1621  1667 I ActivityManager: Start proc 27517:android.process.acore/u0a87 for content provider {com.android.providers.contacts/com.android.providers.contacts.ContactsProvider2} caller=android
03-02 11:24:09.008  1621  4432 D Aurogon :  packageName = com.google.android.gms isAllowWakeUpList 
