03-02 11:24:12.339 27461 27553 D WM-GreedyScheduler: Ignoring {WorkSpec: 98a04891-24d2-4081-bb45-ba7719e0735c}. Requires device idle.
03-02 11:24:12.339 27461 27553 D WM-GreedyScheduler: Ignoring {WorkSpec: 338fec05-6d8b-4992-a379-eebbda50a3a3}. Requires ContentUri triggers.
03-02 11:24:12.339 27461 27553 D WM-GreedyScheduler: Ignoring {WorkSpec: df1c704e-3534-4090-a02c-273d9415ebb0}. Requires device idle.
03-02 11:24:12.339 27461 27553 D WM-GreedyScheduler: Ignoring {WorkSpec: 27b5d8d1-9557-4345-89d9-c117e7b387a0}. Requires device idle.
03-02 11:24:12.339 27461 27553 D WM-GreedyScheduler: Starting tracking for 099d8756-8579-49df-9f40-836b2e21b1d5
03-02 11:24:12.341  1197  1209 D agps    : [agps][n][CP] [MD_1] read  md_pmtk  pmtk=[$PMTK293,0.000000,0,0,0,0,0,0,0,0*08

03-02 11:24:12.341  1197  1209 D agps    : ]
03-02 11:24:12.341  1197  1209 D agps    : [agps][n][AGPS] [MNL] write  pmtk  [$PMTK293,0.000000,0,0,0,0,0,0,0,0*08

03-02 11:24:12.341  1197  1209 D agps    : ]
03-02 11:24:12.341  1197  1209 D agps    : [agps][n][AGPS] [MNL] mnl2agps [150]
03-02 11:24:12.341  1197  1209 D agps    : [agps][n][AGPS] [MNL] read  pmtk=[$PMTK001,293,3*38

03-02 11:24:12.341  1197  1209 D agps    : ]
03-02 11:24:12.341  1197  1209 D agps    : [agps][n][CP] [MD_1] write  pmtk [$PMTK001,293,3*38

03-02 11:24:12.341  1197  1209 D agps    : ]
03-02 11:24:12.347   857   857 D android.hardware.lights-service.mediatek: write 262 to /sys/class/leds/lcd-backlight/brightness, result: 0
03-02 11:24:12.347   857   857 D android.hardware.lights-service.mediatek: write 262 to /sys/class/mi_display/disp-DSI-0/brightness_clone, result: 0
03-02 11:24:12.355 21243 27431 I ExpoModulesCore: Γ£à JSI interop was installed
03-02 11:24:12.371 21243 27431 I ExpoModulesCore: Γ£à Constants were exported
03-02 11:24:12.373 27699 27774 E com.truecaller: No package ID 6b found for resource ID 0x6b0b0013.
03-02 11:24:12.376 27699 27774 I FA      : App measurement initialized, version: 155007
03-02 11:24:12.376 27699 27774 I FA      : To enable debug logging run: adb shell setprop log.tag.FA VERBOSE
03-02 11:24:12.377 27699 27774 I FA      : To enable faster debug mode event logging run:
03-02 11:24:12.377 27699 27774 I FA      :   adb shell setprop debug.firebase.analytics.app com.truecaller
03-02 11:24:12.381   857   857 D android.hardware.lights-service.mediatek: write 263 to /sys/class/leds/lcd-backlight/brightness, result: 0
03-02 11:24:12.382   857   857 D android.hardware.lights-service.mediatek: write 263 to /sys/class/mi_display/disp-DSI-0/brightness_clone, result: 0
03-02 11:24:12.384  1621  1842 I MiuiNetworkPolicy: updateUidState uid = 10122, uidState = 19
03-02 11:24:12.391  1621  1729 D AS.BtHelper: isBluetoothScoOn() mBluetoothHeadset is null: falsemBluetoothHeadsetDevice is null: true
03-02 11:24:12.391  1621  1729 V AS.AudioDeviceBroker: requestedCommunicationDevice: null mAudioModeOwner: AudioModeInfo: mMode=MODE_NORMAL, mPid=0, mUid=0
03-02 11:24:12.392  1621  1729 D AS.BtHelper: isBluetoothScoOn() mBluetoothHeadset is null: falsemBluetoothHeadsetDevice is null: true
03-02 11:24:12.392  1621  1729 V AS.AudioDeviceBroker: requestedCommunicationDevice: null mAudioModeOwner: AudioModeInfo: mMode=MODE_NORMAL, mPid=0, mUid=0
03-02 11:24:12.395  6515  6997 D UidObserver: onUidIdle uid=10122 uidstate=100
03-02 11:24:12.399  1621  1650 W ActivityTaskManager: Launch timeout has expired, giving up wake lock!
03-02 11:24:12.419   863   958 I mtkpower@impl: [powerd_req] TIMER_MSG_PERF_LOCK_TIMEOUT hdl:367575
03-02 11:24:12.419   863   958 I libPowerHal: [perfLockRel] hdl:367575, idx:2
03-02 11:24:12.419   863   958 I libPowerHal: [PD] MTKPOWER_HINT_PROCESS_CREATE update cmd:2024000 param:5, pr:6
03-02 11:24:12.421   863   958 I libPowerHal: [PD] MTKPOWER_HINT_PROCESS_CREATE update ONESHOT(unset) cmd:10000700 param:16129 pr:3
03-02 11:24:12.421   863   958 I libPowerHal: [perfLockRel] Done for hdl : 367575
03-02 11:24:12.430 21243 27431 I dev.expo.updates: {"timestamp":1772447052428,"message":"UpdatesModule: getConstants called","code":"None","level":"info"}
03-02 11:24:12.431   857   857 D android.hardware.lights-service.mediatek: write 264 to /sys/class/leds/lcd-backlight/brightness, result: 0
03-02 11:24:12.431   857   857 D android.hardware.lights-service.mediatek: write 264 to /sys/class/mi_display/disp-DSI-0/brightness_clone, result: 0
03-02 11:24:12.447   857   857 D android.hardware.lights-service.mediatek: write 265 to /sys/class/leds/lcd-backlight/brightness, result: 0
03-02 11:24:12.448   857   857 D android.hardware.lights-service.mediatek: write 265 to /sys/class/mi_display/disp-DSI-0/brightness_clone, result: 0
03-02 11:24:12.457  1097 27738 D mpe     : mtk_gps_mnl_trigger_mpe: mpemsg len=24
03-02 11:24:12.458  1097  1134 D MPE_MA  : mnl2mpe_hdlr: mpe recv, type = 0, len = 16, drop = 0
03-02 11:24:12.458  1097  1134 D MPE_MA  : mnl2mpe_hdlr: MPE_VER_24070101_8.00_00, gps_sec =1456482269, leap_sec=18
03-02 11:24:12.458  1097  1134 D MPE_SE  : mpe_sensor_check_time_diff: SE sensor run source, mnl_inject_gps_time: 1772447069, mnl_inject_sys_time: 1772447070.458488, global_gps_diff =1.458488
03-02 11:24:12.458  1097  1134 D mpe     : mpe2mnl_hdlr: type=32 length=1
03-02 11:24:12.458  1097  1134 D pseudo  : mtk_gps_sys_nmea_output_to_app: len:15, MPE get start

03-02 11:24:12.458  1097  1134 D MPE_SE  : mpe_sensor_run: SE sensor run source, mnl_inject_gps_time: 1772447069, mnl_inject_sys_time: 1772447070.458488, global_gps_diff =1.458488
03-02 11:24:12.459  1097  1134 D MPE_SE  : mpe_sensor_run: Get sensor name with acc(bma510_acc), gyro(virtual_gyro), mag(qmc6308)
03-02 11:24:12.459  1097 27783 D MPE_MA  : mpe_sensor_thread: MPE_sensor_thread, create
03-02 11:24:12.459  1097 27783 D MPE_SE  : mpe_sensor_set_listen_mode: Set listen mode from 0 to 1
03-02 11:24:12.459  1097 27783 D MPE_MA  : mpe_sensor_thread: MPE sensor batching on
03-02 11:24:12.459  1097 27784 D MPE_MA  : mpe_algo_thread: mpe_algo_thread, create
03-02 11:24:12.460  1097 27783 D MPE_LOG : mpe_dbg_log_session_start: mpe_dbg_log_session_start, 0
03-02 11:24:12.460  1097 27783 D MPE_SE  : mpe_sensor_start: mpe_sensor_start id=1 type=1 periodMs=20
03-02 11:24:12.460  1097 27783 D MPE_SE  : mpe_sensor_start: Using sensor AIDL interface
03-02 11:24:12.460  1097 27785 D MPE_LOG : mpe_logging_thread: mpe_logging_thread, create
03-02 11:24:12.461  1197  1209 D agps    : [agps][n][AGPS] [MNL] mnl2agps [150]
03-02 11:24:12.464  1097  1134 D MPE_DR  : mpe_dr_re_initialize: Start to init MPE4.0
03-02 11:24:12.471  1097  1134 W MTK_SF_LIB: [sf_warn] get_user_archive: Open turn-on info file from /data/vendor/gps/mtkmpe.dat failed
03-02 11:24:12.471  1097  1134 I MTK_SF_LIB: [sf_info] ConfigParams: [turn_on_config] turn_on_path(/data/vendor/gps/mtkmpe.dat)
03-02 11:24:12.471  1097  1134 I MTK_SF_LIB: [sf_info] ConfigParams: [sensor params] acc_dr(50), acc_id(0), gyro_dr(50), gyro_id(1), mag_dr(5), mag_id(2), acc_vendor(0), gyro_vendor(0), mag_vendor(0)
03-02 11:24:12.471  1097  1134 I MTK_SF_LIB: [sf_info] ConfigParams: [algo params] udr_enable(1), pdr_enable(1), bdr_enable(1)
03-02 11:24:12.473  1621  1730 D FileUtils: Rounded bytes from 8055762944 to 16000000000
03-02 11:24:12.474  1097  1134 I MTK_SF_LIB: [pdr_info] Pdr: PDR version: PDR_v10.0.16_2024_08_14, enable: 1
03-02 11:24:12.479  1097  1134 I MTK_SF_LIB: [udr_info] Udr: UDR version: UDR_v10.0.16_2024_08_14, enable: 1
03-02 11:24:12.479  1097  1134 I MTK_SF_LIB: [bdr_info] Bdr: BDR version: BDR_Test, enable: 1
03-02 11:24:12.479  1097  1134 D MPE_DR  : mpe_dr_re_initialize: End to init MPE4.0
03-02 11:24:12.480  1097  1134 D MPE_SE  : mpe_sensor_run: SE_sensor_run success
03-02 11:24:12.480  1097  1134 D MPE_MA  : mnl2mpe_hdlr: SE run = 1
03-02 11:24:12.480  1097  1134 D mpe     : mpe_main_thread: wait 0
03-02 11:24:12.481   857   857 D android.hardware.lights-service.mediatek: write 266 to /sys/class/leds/lcd-backlight/brightness, result: 0
03-02 11:24:12.481   857   857 D android.hardware.lights-service.mediatek: write 266 to /sys/class/mi_display/disp-DSI-0/brightness_clone, result: 0
03-02 11:24:12.488  1621  1676 D SsruManagerImpl: MiSsru Sensor not init!!!!
03-02 11:24:12.489   853   853 I Accelerometer: flush, flushCnt:1
03-02 11:24:12.492   853   923 I Accelerometer: flush complete, flushCnt:0
03-02 11:24:12.493  1621  1729 E SensorService: android.frameworks.sensorservice.ISensorManager@1 Tried enabling a sensor (UNCALI_ACC) without holding 
03-02 11:24:12.493  1097 27783 D MPE_SE  : mpe_sensor_start: enableSensor FAIL!
03-02 11:24:12.493  1097 27783 I BpBinder: onLastStrongRef automatically unlinking death recipients: android.frameworks.sensorservice.ISensorManager
03-02 11:24:12.494  1097 27783 D MPE_SE  : mpe_sensor_start: mpe_sensor_start id=1 type=0 periodMs=20
03-02 11:24:12.494  1097 27783 D MPE_SE  : mpe_sensor_start: Using sensor AIDL interface
03-02 11:24:12.496  1621  1676 D SsruManagerImpl: MiSsru Sensor not init!!!!
03-02 11:24:12.497   853   853 I VGyroscope: batch: handle:3, flag:0,samplingPeriodNs:66000000 maxBatchReportLatencyNs:0
03-02 11:24:12.497  1621  1730 I SensorService: 	>>> actuating h/w activate handle=0x4 enabled=1
03-02 11:24:12.497   853   853 I VGyroscope: enable, handle:3, en:1
03-02 11:24:12.497   853   853 I Accelerometer: batch: handle:0, flag:0,samplingPeriodNs:30000000 maxBatchReportLatencyNs:0

03-02 11:24:12.497  1621  1729 E SensorService: android.frameworks.sensorservice.ISensorManager@1 Tried enabling a sensor (BMA510 ACCELEROMETER) without holding 
03-02 11:24:12.498  1097 27783 D MPE_SE  : mpe_sensor_start: enableSensor FAIL!
03-02 11:24:12.498  1097 27783 I BpBinder: onLastStrongRef automatically unlinking death recipients: android.frameworks.sensorservice.ISensorManager
03-02 11:24:12.498  1097 27783 D MPE_SE  : mpe_sensor_start: mpe_sensor_start id=1 type=3 periodMs=20
03-02 11:24:12.498  1097 27783 D MPE_SE  : mpe_sensor_start: Using sensor AIDL interface
03-02 11:24:12.499   853   853 I Magnetic: batch: handle:1, flag:0, samplingPeriodNs:66000000,maxBatchReportLatencyNs:0

03-02 11:24:12.500  1097 27783 D MPE_SE  : mpe_sensor_start: getDefaultSensor FAIL!
03-02 11:24:12.500  1097 27783 I BpBinder: onLastStrongRef automatically unlinking death recipients: android.frameworks.sensorservice.ISensorManager
03-02 11:24:12.500  1097 27783 D MPE_SE  : mpe_sensor_start: mpe_sensor_start id=1 type=2 periodMs=20
03-02 11:24:12.500  1097 27783 D MPE_SE  : mpe_sensor_start: Using sensor AIDL interface
03-02 11:24:12.501   853   853 I Magnetic: enable: handle:1, en:1 

03-02 11:24:12.503   853   853 D Qst     : Qst_enableLib 0 0x80
03-02 11:24:12.503   853   853 D Qst     : QstAlgolib vision:QST-V2.7-20241225
03-02 11:24:12.503  1621  2740 E SensorService: android.frameworks.sensorservice.ISensorManager@1 Tried enabling a sensor (VIRTUAL GYROSCOPE) without holding 
03-02 11:24:12.504  1097 27783 D MPE_SE  : mpe_sensor_start: enableSensor FAIL!
03-02 11:24:12.504  1097 27783 I BpBinder: onLastStrongRef automatically unlinking death recipients: android.frameworks.sensorservice.ISensorManager
03-02 11:24:12.504  1097 27783 D MPE_SE  : mpe_sensor_start: mpe_sensor_start id=1 type=5 periodMs=200
03-02 11:24:12.504  1097 27783 D MPE_SE  : mpe_sensor_start: Using sensor AIDL interface
03-02 11:24:12.506   853   853 I ApFusion: batch: handle:13, flag:0,samplingPeriodNs:200000000 maxBatchReportLatencyNs:1000000000
03-02 11:24:12.506  1621  2740 I SensorService: 	>>> actuating h/w activate handle=0xe enabled=1
03-02 11:24:12.510   853   853 I ApFusion: enable, handle:13, en:1
03-02 11:24:12.511  1097 27783 D MPE_SE  : mpe_sensor_start: enableSensor Batching Normal!
03-02 11:24:12.511  1097 27783 I BpBinder: onLastStrongRef automatically unlinking death recipients: android.frameworks.sensorservice.ISensorManager
03-02 11:24:12.511  1097 27783 D MPE_SE  : mpe_sensor_start: mpe_sensor_start id=1 type=4 periodMs=1000
03-02 11:24:12.511  1097 27783 D MPE_SE  : mpe_sensor_start: Using sensor AIDL interface
03-02 11:24:12.512  1621  1730 D ConnectivityService: Returning BLOCKED NetworkInfo to uid=10291
03-02 11:24:12.514  1621  2740 I SensorService: 	>>> actuating h/w activate handle=0x2 enabled=1
03-02 11:24:12.515   857   857 D android.hardware.lights-service.mediatek: write 267 to /sys/class/leds/lcd-backlight/brightness, result: 0
03-02 11:24:12.515   857   857 D android.hardware.lights-service.mediatek: write 267 to /sys/class/mi_display/disp-DSI-0/brightness_clone, result: 0
03-02 11:24:12.515  1097 27783 D MPE_SE  : mpe_sensor_start: enableSensor Batching Normal!
03-02 11:24:12.515  1097 27783 I BpBinder: onLastStrongRef automatically unlinking death recipients: android.frameworks.sensorservice.ISensorManager
03-02 11:24:12.516  1097 27783 D MPE_SE  : mpe_sensor_start: mpe_sensor_start id=1 type=6 periodMs=200
03-02 11:24:12.516  1097 27783 D MPE_SE  : mpe_sensor_start: Using sensor AIDL interface
03-02 11:24:12.518  1097 27783 D MPE_SE  : mpe_sensor_start: getDefaultSensor FAIL!
03-02 11:24:12.518  1097 27783 I BpBinder: onLastStrongRef automatically unlinking death recipients: android.frameworks.sensorservice.ISensorManager
03-02 11:24:12.518  1097 27783 D MPE_SE  : mpe_sensor_start: mpe_sensor_start id=1 type=7 periodMs=20
03-02 11:24:12.518  1097 27783 D MPE_SE  : mpe_sensor_start: Using sensor AIDL interface
03-02 11:24:12.521  1097 27783 D MPE_SE  : mpe_sensor_start: getDefaultSensor FAIL!
03-02 11:24:12.521  1097 27783 I BpBinder: onLastStrongRef automatically unlinking death recipients: android.frameworks.sensorservice.ISensorManager
03-02 11:24:12.521  1097 27783 D MPE_MA  : mpe_sensor_thread: mpe_sensor_flag: 48
03-02 11:24:12.521  1097 27783 D MPE_SE  : mpe_sensor_check_mnl_response: mpe_sensor_check_mnl_response 0.062843, 1772447070.521331 1772447070.458488 0 1
03-02 11:24:12.532  1097 27738 D mpe     : mtk_gps_mnl_trigger_mpe: mpemsg len=25704
03-02 11:24:12.532  1097 27738 D mpe     : mtk_gps_mnl_trigger_mpe: mpemsg len=272
03-02 11:24:12.532  1097  1134 D MPE_MA  : mnl2mpe_hdlr: mpe recv, type = 10, len = 25696, drop = 0
03-02 11:24:12.533  1097  1134 D mpe     : mpe_main_thread: wait 0
03-02 11:24:12.533  1097 27738 D pseudo  : mtk_gps_sys_nmea_output_to_app: len:46, [vAGPS_Auto_Req]:g_FirstDbtt:0,u2BitMap:0x108
03-02 11:24:12.533  1097  1134 D MPE_MA  : mnl2mpe_hdlr: mpe recv, type = 7, len = 264, drop = 0
03-02 11:24:12.533  1097  1134 D MPE_MA  : mnl2mpe_hdlr: mnl_in, 1456482269.500, 18, 1030011876656216, 0, 1030011953276524
03-02 11:24:12.533  1097  1134 D MPE_SE  : mpe_sensor_check_time_diff: SE sensor run source, mnl_inject_gps_time: 1772447069, mnl_inject_sys_time: 1772447070.533673, global_gps_diff =1.533673
03-02 11:24:12.533  1097  1134 D mpe     : mpe2mnl_hdlr: type=37 length=1
03-02 11:24:12.533  1097  1134 D mpe     : mpe_main_thread: wait 0
03-02 11:24:12.533  1097 27738 D pseudo  : mtk_gps_sys_nmea_output_to_mnld: received 1872 bytes:
03-02 11:24:12.534  1097 27738 D nmea_parser: nmea_reader_update_time: nmea_reader_update_time: timestamp = 1772447051500, second = 1772447051000, msec = 500
03-02 11:24:12.534   847  2229 E GnssAidl: [15.07] nmeaCb: GNSS Callback Interface configured incorrectly
03-02 11:24:12.534   847  2229 E GnssAidl: [15.07] nmeaCb: GNSS Callback Interface configured incorrectly
03-02 11:24:12.534   847  2229 E GnssAidl: [15.07] nmeaCb: GNSS Callback Interface configured incorrectly
03-02 11:24:12.534   847  2229 E GnssAidl: [15.07] nmeaCb: GNSS Callback Interface configured incorrectly
03-02 11:24:12.534  1097 27738 D nmea_parser: nmea_reader_parse: receive PMTKAGC command, agc: 6
03-02 11:24:12.535   847  2229 E GnssAidl: [15.07] nmeaCb: GNSS Callback Interface configured incorrectly
03-02 11:24:12.535  1097 27738 D nmea_parser: nmea_reader_parse: et_mnl_report_mnld = 1030011953, tick_in_dsp = 513, et_mnl_receive_tick = 1030011876, et_at_dsp =1030011876656216
03-02 11:24:12.535   847  2229 E GnssAidl: [15.07] nmeaCb: GNSS Callback Interface configured incorrectly
03-02 11:24:12.535   847  2229 E GnssAidl: [15.07] nmeaCb: GNSS Callback Interface configured incorrectly
03-02 11:24:12.535   847  2229 E GnssAidl: [15.07] nmeaCb: GNSS Callback Interface configured incorrectly
03-02 11:24:12.535   847  2229 E GnssAidl: [15.07] nmeaCb: GNSS Callback Interface configured incorrectly
03-02 11:24:12.535   847  2229 E GnssAidl: [15.07] nmeaCb: GNSS Callback Interface configured incorrectly
03-02 11:24:12.535   847  2229 E GnssAidl: [15.07] nmeaCb: GNSS Callback Interface configured incorrectly
03-02 11:24:12.535   847  2229 E GnssAidl: [15.07] nmeaCb: GNSS Callback Interface configured incorrectly
03-02 11:24:12.535   847  2229 E GnssAidl: [15.07] nmeaCb: GNSS Callback Interface configured incorrectly
03-02 11:24:12.535   847  2229 E GnssAidl: [15.07] nmeaCb: GNSS Callback Interface configured incorrectly
03-02 11:24:12.535  1097 27738 D pseudo  : mtk_gps_sys_nmea_output_to_app: len:1872, [NMEA]$GPGGA,102411.50...
03-02 11:24:12.536   847  2229 E GnssAidl: [15.07] nmeaCb: GNSS Callback Interface configured incorrectly
03-02 11:24:12.536  1097 27738 D pseudo  : mtk_gps_sys_nmea_output_to_mnld: received 147 bytes:
03-02 11:24:12.536   847  2229 E GnssAidl: [15.07] nmeaCb: GNSS Callback Interface configured incorrectly
03-02 11:24:12.536   847  2229 E GnssAidl: [15.07] nmeaCb: GNSS Callback Interface configured incorrectly
03-02 11:24:12.536  1097 27738 D pseudo  : mtk_gps_sys_nmea_output_to_app: len:147, $PMTKRTK1,0,-522,-259200,0,0,0.000,0000,0.0000000,0.0000000,0.000,0.000,0.000,0.000,0.000,0.000,0.000,0.000,0.000,0.000,0,0,0,0,99,0,0,0,0,4,0*5D

03-02 11:24:12.536   847  2229 E GnssAidl: [15.07] nmeaCb: GNSS Callback Interface configured incorrectly
03-02 11:24:12.536   847  2229 E GnssAidl: [15.07] nmeaCb: GNSS Callback Interface configured incorrectly
03-02 11:24:12.536   847  2229 E GnssAidl: [15.07] nmeaCb: GNSS Callback Interface configured incorrectly
03-02 11:24:12.536  1097 27738 D gps_controlller: mtk_gps_sys_gps_mnl_callback: MTK_GPS_MSG_FIX_READY, GET_RTC_OK, -0.102, 80416.509, Age = 2, RTCDiff = 30, Time_interval = 10
03-02 11:24:12.536  1097 27738 D gps_controlller: mtk_gps_sys_gps_mnl_callback: get debug data
03-02 11:24:12.536   847  2229 E GnssAidl: [15.07] nmeaCb: GNSS Callback Interface configured incorrectly
03-02 11:24:12.536  1097  1127 D MNLD    : mnld_gps_controller_mnl_nmea_timeout: g_mnld_ctx.gps_status.timer_nmea_monitor start_timer
03-02 11:24:12.536  1097  1127 D gps_controlller: gps_control_thread: gps_control_thread wait
03-02 11:24:12.536  1097 27738 D gps_controlller: update_gnss_debug_data: update_gnss_debug_data begin
03-02 11:24:12.536  1097 27738 D mnl2hal : mnl2hal_report_debug_data: mnl2hal_report_debug_data
03-02 11:24:12.536   847  2229 D android.hardware.gnss-service.mediatek: update_gnss_debug_data: update_gnss_debug_data
03-02 11:24:12.537  1097 27737 D gps_controlller: mtk_gps_sys_agps_disaptcher_callback: MNL NTP/NLP request:2
03-02 11:24:12.537  1097 27737 D gps_controlller: mtk_gps_sys_agps_disaptcher_callback: Call nlp_server request
03-02 11:24:12.537  1097 27737 D MNLD    : mnld_gps_request_nlp: mnld_gps_request_nlp src: 1
03-02 11:24:12.537  1097 27737 D mnl2hal : mnl2hal_request_nlp: mnl2hal_request_nlp, type=1, flag=1
03-02 11:24:12.537   847  2229 D android.hardware.gnss-service.mediatek: request_nlp: request nlp, indpendent[1], emergent=1 swtich_mode=0
03-02 11:24:12.537   847  2229 E GnssAidl: [15.07] requestLocationCb: GNSS Callback Interface configured incorrectly
03-02 11:24:12.542 27699 27771 W System.err: SLF4J(W): No SLF4J providers were found.
03-02 11:24:12.542 27699 27771 W System.err: SLF4J(W): Defaulting to no-operation (NOP) logger implementation
03-02 11:24:12.542 27699 27771 W System.err: SLF4J(W): See https://www.slf4j.org/codes.html#noProviders for further details.
03-02 11:24:12.544  1621  1842 I MiuiNetworkPolicy: updateUidState uid = 10301, uidState = 19
03-02 11:24:12.545 27809 28321 W ProviderHelper: Unknown dynamite feature providerinstaller.dynamite
03-02 11:24:12.547   857   857 D android.hardware.lights-service.mediatek: write 268 to /sys/class/leds/lcd-backlight/brightness, result: 0
03-02 11:24:12.548   857   857 D android.hardware.lights-service.mediatek: write 268 to /sys/class/mi_display/disp-DSI-0/brightness_clone, result: 0
03-02 11:24:12.548  1621  1842 I MiuiNetworkPolicy: updateUidState uid = 10126, uidState = 19
03-02 11:24:12.550  1621  1842 I MiuiNetworkPolicy: updateUidState uid = 10301, uidState = 11
03-02 11:24:12.550  1621  1842 I MiuiNetworkPolicy: updateUidState uid = 10126, uidState = 11
03-02 11:24:12.559 27699 27792 D ApplicationLoaders: Returning zygote-cached class loader: /system/framework/org.apache.http.legacy.jar
03-02 11:24:12.564   857   857 D android.hardware.lights-service.mediatek: write 269 to /sys/class/leds/lcd-backlight/brightness, result: 0
03-02 11:24:12.565   857   857 D android.hardware.lights-service.mediatek: write 269 to /sys/class/mi_display/disp-DSI-0/brightness_clone, result: 0
03-02 11:24:12.568  1621  2740 W system_server: Large reply transaction of 321668 bytes, interface descriptor android.content.pm.IPackageManager, code 3
03-02 11:24:12.571 27699 27792 D nativeloader: Configuring clns-9 for other apk /system/framework/com.android.location.provider.jar. target_sdk_version=36, uses_libraries=ALL, library_path=/data/app/~~PNgoFDHBmGdMmQt2moPCLQ==/com.google.android.gms-wSL8VlioUsna9-KnDrZN3A==/lib/arm64:/data/app/~~PNgoFDHBmGdMmQt2moPCLQ==/com.google.android.gms-wSL8VlioUsna9-KnDrZN3A==/base.apk!/lib/arm64-v8a, permitted_path=/data:/mnt/expand:/data/user/0/com.google.android.gms
03-02 11:24:12.572 27699 27792 D nativeloader: Extending system_exposed_libraries: libapuwareapusys.mtk.so:libapuwareapusys_v2.mtk.so:libapuwarexrp.mtk.so:libapuwarexrp_v2.mtk.so:libapuwareutils.mtk.so:libapuwareutils_v2.mtk.so:libapuwarehmp.mtk.so:libneuron_graph_delegate.mtk.so:libneuronusdk_adapter.mtk.so:libtflite_mtk.mtk.so:libarmnn_ndk.mtk.so:libcmdl_ndk.mtk.so:libnir_neon_driver_ndk.mtk.so:libmvpu_runtime.mtk.so:libmvpu_runtime_pub.mtk.so:libmvpu_engine_pub.mtk.so:libmvpu_pattern_pub.mtk.so:libmvpuop_mtk_cv.mtk.so:libmvpuop_mtk_nn.mtk.so:libmvpu_runtime_25.mtk.so:libmvpu_runtime_25_pub.mtk.so:libmvpu_engine_25_pub.mtk.so:libmvpu_pattern_25_pub.mtk.so:libmvpuop25_mtk_cv.mtk.so:libmvpuop25_mtk_nn.mtk.so:libmvpu_config.mtk.so:libteeservice_client.trustonic.so:libmisys_jni.xiaomi.so:libpag.hyperos.so:libffavc.hyperos.so
03-02 11:24:12.583 27699 27792 D nativeloader: Configuring clns-10 for other apk /system/framework/com.android.media.remotedisplay.jar. target_sdk_version=36, uses_libraries=ALL, library_path=/data/app/~~PNgoFDHBmGdMmQt2moPCLQ==/com.google.android.gms-wSL8VlioUsna9-KnDrZN3A==/lib/arm64:/data/app/~~PNgoFDHBmGdMmQt2moPCLQ==/com.google.android.gms-wSL8VlioUsna9-KnDrZN3A==/base.apk!/lib/arm64-v8a, permitted_path=/data:/mnt/expand:/data/user/0/com.google.android.gms
03-02 11:24:12.583 27699 27792 D nativeloader: Extending system_exposed_libraries: libapuwareapusys.mtk.so:libapuwareapusys_v2.mtk.so:libapuwarexrp.mtk.so:libapuwarexrp_v2.mtk.so:libapuwareutils.mtk.so:libapuwareutils_v2.mtk.so:libapuwarehmp.mtk.so:libneuron_graph_delegate.mtk.so:libneuronusdk_adapter.mtk.so:libtflite_mtk.mtk.so:libarmnn_ndk.mtk.so:libcmdl_ndk.mtk.so:libnir_neon_driver_ndk.mtk.so:libmvpu_runtime.mtk.so:libmvpu_runtime_pub.mtk.so:libmvpu_engine_pub.mtk.so:libmvpu_pattern_pub.mtk.so:libmvpuop_mtk_cv.mtk.so:libmvpuop_mtk_nn.mtk.so:libmvpu_runtime_25.mtk.so:libmvpu_runtime_25_pub.mtk.so:libmvpu_engine_25_pub.mtk.so:libmvpu_pattern_25_pub.mtk.so:libmvpuop25_mtk_cv.mtk.so:libmvpuop25_mtk_nn.mtk.so:libmvpu_config.mtk.so:libteeservice_client.trustonic.so:libmisys_jni.xiaomi.so:libpag.hyperos.so:libffavc.hyperos.so
03-02 11:24:12.597   857   857 D android.hardware.lights-service.mediatek: write 270 to /sys/class/leds/lcd-backlight/brightness, result: 0
03-02 11:24:12.598   857   857 D android.hardware.lights-service.mediatek: write 270 to /sys/class/mi_display/disp-DSI-0/brightness_clone, result: 0
03-02 11:24:12.605 27699 27792 D ApplicationLoaders: Returning zygote-cached class loader: /system_ext/framework/androidx.window.extensions.jar
03-02 11:24:12.605  1621  1922 I SmartPower: com.whatsapp/10300(31638): background->idle(3003ms) R(broadcast start Intent { act=android.net.conn.CONNECTIVITY_CHANGE flg=0x4200010 (has extras) }) adj=905.
03-02 11:24:12.605 27699 27792 D ApplicationLoaders: Returning zygote-cached class loader: /system_ext/framework/androidx.window.sidecar.jar
03-02 11:24:12.608  1621  1894 D isUidValid: uid = 10291
03-02 11:24:12.608  1621  1842 I MiuiNetworkPolicy: updateUidState uid = 10291, uidState = 5
03-02 11:24:12.616 27699 27699 W Looper  : PerfMonitor longMsg : seq=2 plan=11:24:11.247 late=2ms wall=1366ms h=android.app.ActivityThread$H w=110 procState=-1
03-02 11:24:12.619 27699 27699 W libc    : Access denied finding property "ro.vendor.perf.scroll_opt"
03-02 11:24:12.631   857   857 D android.hardware.lights-service.mediatek: write 271 to /sys/class/leds/lcd-backlight/brightness, result: 0
03-02 11:24:12.631   857   857 D android.hardware.lights-service.mediatek: write 271 to /sys/class/mi_display/disp-DSI-0/brightness_clone, result: 0
03-02 11:24:12.642 27699 27699 D nativeloader: Load libpowerhalwrap_jni.so using system ns (caller=/system_ext/framework/mediatek-framework.jar): ok
03-02 11:24:12.643 27699 27699 I PowerHalWrapper: PowerHalWrapper.getInstance 
03-02 11:24:12.644 27699 27699 I M-ProMotion: M-ProMotion is disabled
03-02 11:24:12.649  1621  1922 I SmartPower: com.facebook.katana/10287(26488): background->idle(3005ms) R(broadcast start Intent { act=android.net.conn.CONNECTIVITY_CHANGE flg=0x4200010 (has extras) }) adj=905.
03-02 11:24:12.664   857   857 D android.hardware.lights-service.mediatek: write 272 to /sys/class/leds/lcd-backlight/brightness, result: 0
03-02 11:24:12.664   857   857 D android.hardware.lights-service.mediatek: write 272 to /sys/class/mi_display/disp-DSI-0/brightness_clone, result: 0
03-02 11:24:12.668  1621  1676 D SsruManagerImpl: MiSsru Sensor not init!!!!
03-02 11:24:12.672  1621  1729 I SensorService: 	>>> actuating h/w activate handle=0x4 enabled=0
03-02 11:24:12.672   853   853 I VGyroscope: enable, handle:3, en:0
03-02 11:24:12.672   853   853 I Accelerometer: batch: handle:0, flag:0,samplingPeriodNs:30000000 maxBatchReportLatencyNs:66667000

03-02 11:24:12.674   853   853 I Magnetic: batch: handle:1, flag:0, samplingPeriodNs:200000000,maxBatchReportLatencyNs:1000000000

03-02 11:24:12.674  1621  1676 D SsruManagerImpl: MiSsru Sensor not init!!!!
03-02 11:24:12.680 27699 27699 D FramePredict: FramePredict init: true
03-02 11:24:12.681 27699 27699 D UserSceneDetector: invoke error.
03-02 11:24:12.700   857   857 D android.hardware.lights-service.mediatek: write 273 to /sys/class/leds/lcd-backlight/brightness, result: 0
03-02 11:24:12.701   857   857 D android.hardware.lights-service.mediatek: write 273 to /sys/class/mi_display/disp-DSI-0/brightness_clone, result: 0
03-02 11:24:12.723  1621  1621 I Telecom : Event: RecordEntry TC@147: SCREENING_BOUND, ComponentInfo{com.truecaller/com.truecaller.callerid.callstate.TruecallerCallScreeningService}
03-02 11:24:12.723  1621  1621 I Telecom : CallScreeningServiceFilter$CallScreeningServiceConnection: Binding completed.
03-02 11:24:12.731   857   857 D android.hardware.lights-service.mediatek: write 274 to /sys/class/leds/lcd-backlight/brightness, result: 0
03-02 11:24:12.731   857   857 D android.hardware.lights-service.mediatek: write 274 to /sys/class/mi_display/disp-DSI-0/brightness_clone, result: 0
03-02 11:24:12.748   857   857 D android.hardware.lights-service.mediatek: write 275 to /sys/class/leds/lcd-backlight/brightness, result: 0
03-02 11:24:12.750   857   857 D android.hardware.lights-service.mediatek: write 275 to /sys/class/mi_display/disp-DSI-0/brightness_clone, result: 0
03-02 11:24:12.759  8942 27308 D AdvertisingIdClient: AdvertisingIdClient already created.
03-02 11:24:12.759  8942 27308 D AdvertisingIdClient: AdvertisingIdClient is not bounded. Starting to bind it...
03-02 11:24:12.762 27699 27792 D nativeloader: Configuring clns-11 for other apk /data/app/~~PNgoFDHBmGdMmQt2moPCLQ==/com.google.android.gms-wSL8VlioUsna9-KnDrZN3A==/base.apk. target_sdk_version=36, uses_libraries=, library_path=/data/app/~~PNgoFDHBmGdMmQt2moPCLQ==/com.google.android.gms-wSL8VlioUsna9-KnDrZN3A==/lib/arm64:/data/app/~~PNgoFDHBmGdMmQt2moPCLQ==/com.google.android.gms-wSL8VlioUsna9-KnDrZN3A==/base.apk!/lib/arm64-v8a, permitted_path=/data:/mnt/expand:/data/user/0/com.google.android.gms
03-02 11:24:12.771 27699 27810 W vs.bar  : File /com/google/i18n/phonenumbers/data/ShortNumberMetadataProto_NG not found
03-02 11:24:12.781   857   857 D android.hardware.lights-service.mediatek: write 276 to /sys/class/leds/lcd-backlight/brightness, result: 0
03-02 11:24:12.781  8942 27308 D AdvertisingIdClient: AdvertisingIdClient is bounded
03-02 11:24:12.781   857   857 D android.hardware.lights-service.mediatek: write 276 to /sys/class/mi_display/disp-DSI-0/brightness_clone, result: 0
03-02 11:24:12.786  8942 27308 I AdvertisingIdClient: shouldSendLog 1029549993
03-02 11:24:12.786  8942 27308 I AdvertisingIdClient: GetInfoInternal elapse 27ms
03-02 11:24:12.814 27699 27792 D nativeloader: Load /data/app/~~PNgoFDHBmGdMmQt2moPCLQ==/com.google.android.gms-wSL8VlioUsna9-KnDrZN3A==/base.apk!/lib/arm64-v8a/libconscrypt_gmscore_jni.so using class loader ns clns-11 (caller=/data/app/~~PNgoFDHBmGdMmQt2moPCLQ==/com.google.android.gms-wSL8VlioUsna9-KnDrZN3A==/base.apk): ok
03-02 11:24:12.814   857   857 D android.hardware.lights-service.mediatek: write 277 to /sys/class/leds/lcd-backlight/brightness, result: 0
03-02 11:24:12.814   857   857 D android.hardware.lights-service.mediatek: write 277 to /sys/class/mi_display/disp-DSI-0/brightness_clone, result: 0
03-02 11:24:12.817 27699 27792 V NativeCrypto: Registering com/google/android/gms/org/conscrypt/NativeCrypto's 334 native methods...
03-02 11:24:12.832  1621  2655 D ActivityManager: getProcessesInErrorState callingUid=10126, CallingPid=26172
03-02 11:24:12.833 27699 27841 E GoogleApiManager: Failed to get service from broker. 
03-02 11:24:12.833 27699 27841 E GoogleApiManager: java.lang.SecurityException: Unknown calling package name 'com.google.android.gms'.
03-02 11:24:12.833 27699 27841 E GoogleApiManager: 	at android.os.Parcel.createExceptionOrNull(Parcel.java:3256)
03-02 11:24:12.833 27699 27841 E GoogleApiManager: 	at android.os.Parcel.createException(Parcel.java:3240)
03-02 11:24:12.833 27699 27841 E GoogleApiManager: 	at android.os.Parcel.readException(Parcel.java:3223)
03-02 11:24:12.833 27699 27841 E GoogleApiManager: 	at android.os.Parcel.readException(Parcel.java:3165)
03-02 11:24:12.833 27699 27841 E GoogleApiManager: 	at bgfk.a(:com.google.android.gms@260834035@26.08.34 (260400-876566425):36)
03-02 11:24:12.833 27699 27841 E GoogleApiManager: 	at bgdl.z(:com.google.android.gms@260834035@26.08.34 (260400-876566425):143)
03-02 11:24:12.833 27699 27841 E GoogleApiManager: 	at bfjr.run(:com.google.android.gms@260834035@26.08.34 (260400-876566425):42)
03-02 11:24:12.833 27699 27841 E GoogleApiManager: 	at android.os.Handler.handleCallback(Handler.java:959)
03-02 11:24:12.833 27699 27841 E GoogleApiManager: 	at android.os.Handler.dispatchMessage(Handler.java:100)
03-02 11:24:12.833 27699 27841 E GoogleApiManager: 	at cuza.mv(:com.google.android.gms@260834035@26.08.34 (260400-876566425):1)
03-02 11:24:12.833 27699 27841 E GoogleApiManager: 	at cuza.dispatchMessage(:com.google.android.gms@260834035@26.08.34 (260400-876566425):5)
03-02 11:24:12.833 27699 27841 E GoogleApiManager: 	at android.os.Looper.loopOnce(Looper.java:249)
03-02 11:24:12.833 27699 27841 E GoogleApiManager: 	at android.os.Looper.loop(Looper.java:337)
03-02 11:24:12.833 27699 27841 E GoogleApiManager: 	at android.os.HandlerThread.run(HandlerThread.java:85)
03-02 11:24:12.834 27699 27841 W GoogleApiManager: Not showing notification since connectionResult is not user-facing: ConnectionResult{statusCode=DEVELOPER_ERROR, resolution=null, message=null, clientMethodKey=null}
03-02 11:24:12.836 27699 27839 W FlagRegistrar: Failed to register com.google.android.gms.providerinstaller#com.truecaller
03-02 11:24:12.836 27699 27839 W FlagRegistrar: gcvp: 17: 17: API: Phenotype.API is not available on this device. Connection failed with: ConnectionResult{statusCode=DEVELOPER_ERROR, resolution=null, message=null, clientMethodKey=null}
03-02 11:24:12.836 27699 27839 W FlagRegistrar: 	at gcvr.a(:com.google.android.gms@260834035@26.08.34 (260400-876566425):13)
03-02 11:24:12.836 27699 27839 W FlagRegistrar: 	at hbgh.d(:com.google.android.gms@260834035@26.08.34 (260400-876566425):3)
03-02 11:24:12.836 27699 27839 W FlagRegistrar: 	at hbgj.run(:com.google.android.gms@260834035@26.08.34 (260400-876566425):130)
03-02 11:24:12.836 27699 27839 W FlagRegistrar: 	at hbiq.execute(:com.google.android.gms@260834035@26.08.34 (260400-876566425):1)
03-02 11:24:12.836 27699 27839 W FlagRegistrar: 	at hbgr.f(:com.google.android.gms@260834035@26.08.34 (260400-876566425):1)
03-02 11:24:12.836 27699 27839 W FlagRegistrar: 	at hbgr.m(:com.google.android.gms@260834035@26.08.34 (260400-876566425):99)
03-02 11:24:12.836 27699 27839 W FlagRegistrar: 	at hbgr.r(:com.google.android.gms@260834035@26.08.34 (260400-876566425):17)
03-02 11:24:12.836 27699 27839 W FlagRegistrar: 	at fvjo.hA(:com.google.android.gms@260834035@26.08.34 (260400-876566425):35)
03-02 11:24:12.836 27699 27839 W FlagRegistrar: 	at fibx.run(:com.google.android.gms@260834035@26.08.34 (260400-876566425):12)
03-02 11:24:12.836 27699 27839 W FlagRegistrar: 	at hbiq.execute(:com.google.android.gms@260834035@26.08.34 (260400-876566425):1)
03-02 11:24:12.836 27699 27839 W FlagRegistrar: 	at fiby.b(:com.google.android.gms@260834035@26.08.34 (260400-876566425):18)
03-02 11:24:12.836 27699 27839 W FlagRegistrar: 	at ficn.b(:com.google.android.gms@260834035@26.08.34 (260400-876566425):34)
03-02 11:24:12.836 27699 27839 W FlagRegistrar: 	at ficp.d(:com.google.android.gms@260834035@26.08.34 (260400-876566425):25)
03-02 11:24:12.836 27699 27839 W FlagRegistrar: 	at bfha.c(:com.google.android.gms@260834035@26.08.34 (260400-876566425):9)
03-02 11:24:12.836 27699 27839 W FlagRegistrar: 	at bfjp.q(:com.google.android.gms@260834035@26.08.34 (260400-876566425):48)
03-02 11:24:12.836 27699 27839 W FlagRegistrar: 	at bfjp.d(:com.google.android.gms@260834035@26.08.34 (260400-876566425):10)
03-02 11:24:12.836 27699 27839 W FlagRegistrar: 	at bfjp.g(:com.google.android.gms@260834035@26.08.34 (260400-876566425):191)
03-02 11:24:12.836 27699 27839 W FlagRegistrar: 	at bfjp.onConnectionFailed(:com.google.android.gms@260834035@26.08.34 (260400-876566425):2)
03-02 11:24:12.836 27699 27839 W FlagRegistrar: 	at bfjr.run(:com.google.android.gms@260834035@26.08.34 (260400-876566425):70)
03-02 11:24:12.836 27699 27839 W FlagRegistrar: 	at android.os.Handler.handleCallback(Handler.java:959)
03-02 11:24:12.836 27699 27839 W FlagRegistrar: 	at android.os.Handler.dispatchMessage(Handler.java:100)
03-02 11:24:12.836 27699 27839 W FlagRegistrar: 	at cuza.mv(:com.google.android.gms@260834035@26.08.34 (260400-876566425):1)
03-02 11:24:12.836 27699 27839 W FlagRegistrar: 	at cuza.dispatchMessage(:com.google.android.gms@260834035@26.08.34 (260400-876566425):5)
03-02 11:24:12.836 27699 27839 W FlagRegistrar: 	at android.os.Looper.loopOnce(Looper.java:249)
03-02 11:24:12.836 27699 27839 W FlagRegistrar: 	at android.os.Looper.loop(Looper.java:337)
03-02 11:24:12.836 27699 27839 W FlagRegistrar: 	at android.os.HandlerThread.run(HandlerThread.java:85)
03-02 11:24:12.836 27699 27839 W FlagRegistrar: Caused by: bffh: 17: API: Phenotype.API is not available on this device. Connection failed with: ConnectionResult{statusCode=DEVELOPER_ERROR, resolution=null, message=null, clientMethodKey=null}
03-02 11:24:12.836 27699 27839 W FlagRegistrar: 	at bgcx.a(:com.google.android.gms@260834035@26.08.34 (260400-876566425):15)
03-02 11:24:12.836 27699 27839 W FlagRegistrar: 	at bfhd.a(:com.google.android.gms@260834035@26.08.34 (260400-876566425):1)
03-02 11:24:12.836 27699 27839 W FlagRegistrar: 	at bfha.c(:com.google.android.gms@260834035@26.08.34 (260400-876566425):5)
03-02 11:24:12.836 27699 27839 W FlagRegistrar: 	... 12 more
03-02 11:24:12.845  1621  2197 W BpBinder: Slow Binder: BpBinder transact took 1457 ms, interface=android.os.IInstalld, code=13 oneway=false
03-02 11:24:12.846  1621  2662 W BpBinder: Slow Binder: BpBinder transact took 1913 ms, interface=android.os.IInstalld, code=13 oneway=false
03-02 11:24:12.847   857   857 D android.hardware.lights-service.mediatek: write 278 to /sys/class/leds/lcd-backlight/brightness, result: 0
03-02 11:24:12.848   857   857 D android.hardware.lights-service.mediatek: write 278 to /sys/class/mi_display/disp-DSI-0/brightness_clone, result: 0
03-02 11:24:12.856  1621  2986 I ClipboardServiceI: checkProviderWakePathForClipboard: primaryClip is null
03-02 11:24:12.857 27699 27810 I ActivityThread: installProviderAuthoritiesLocked allowBlocking com.android.contacts
03-02 11:24:12.859 27517 27534 I ContactsProvider: Contacts query: CPID=27699, CallingPackage = com.truecaller User=0
03-02 11:24:12.860 27517 27534 I ContactsProvider: Contacts query: access CPID=27699, CallingPackage = com.truecaller User=0
03-02 11:24:12.861 27517 27534 I ContactsProvider: querylocal match: 4000
03-02 11:24:12.869 27699 27792 I ProviderInstaller: Installed default security provider GmsCore_OpenSSL
03-02 11:24:12.877  1621  2655 D ConnectivityService: requestNetwork for uid/pid:10291/27699 activeRequest: null callbackRequest: 242566 [NetworkRequest [ REQUEST id=242567, [ Capabilities: INTERNET&NOT_RESTRICTED&TRUSTED&NOT_VCN_MANAGED&NOT_BANDWIDTH_CONSTRAINED Uid: 10291 RequestorUid: 10291 RequestorPkg: com.truecaller UnderlyingNetworks: Null] ]] callback flags: 0 order: 2147483647 isUidTracked: false declaredMethods: AVAIL|LOST
03-02 11:24:12.881   857   857 D android.hardware.lights-service.mediatek: write 279 to /sys/class/leds/lcd-backlight/brightness, result: 0
03-02 11:24:12.882   857   857 D android.hardware.lights-service.mediatek: write 279 to /sys/class/mi_display/disp-DSI-0/brightness_clone, result: 0
03-02 11:24:12.884 27517 27534 I ContactQueryLog: reason:com.truecaller first search,number = +2**********21:name:no**********me,company:no*************ny
03-02 11:24:12.884 27517 27534 I ContactQueryLog: reason:com.truecaller first search,number = +2**********21:name:no**********me,company:no*************ny
03-02 11:24:12.884 27517 27534 I ContactsProvider: return querylocal
03-02 11:24:12.884 27517 27534 I ContactsProvider: query return 4 queryDirectoryIfNecessary 
03-02 11:24:12.884 27517 27534 I ContactsProvider: query return 5 finally 
03-02 11:24:12.885  1621  2655 E JobScheduler: ResourceBudgetManagerInternal is null
03-02 11:24:12.889  1621  2655 I whetstone.activity: Power Event callback listener is empty for resId=256
03-02 11:24:12.889  1621  2655 D BatteryStatsManagerStub: notifyEvent for resId=256 used 0ms
03-02 11:24:12.890  1621  1843 D WifiNetworkFactory: got request NetworkRequest [ REQUEST id=242567, [ Capabilities: INTERNET&NOT_RESTRICTED&TRUSTED&NOT_VCN_MANAGED&NOT_BANDWIDTH_CONSTRAINED Uid: 10291 RequestorUid: 10291 RequestorPkg: com.truecaller UnderlyingNetworks: Null] ]
03-02 11:24:12.890  1621  1843 D UntrustedWifiNetworkFactory: got request NetworkRequest [ REQUEST id=242567, [ Capabilities: INTERNET&NOT_RESTRICTED&TRUSTED&NOT_VCN_MANAGED&NOT_BANDWIDTH_CONSTRAINED Uid: 10291 RequestorUid: 10291 RequestorPkg: com.truecaller UnderlyingNetworks: Null] ]
03-02 11:24:12.891  1621  1843 D OemPaidWifiNetworkFactory: got request NetworkRequest [ REQUEST id=242567, [ Capabilities: INTERNET&NOT_RESTRICTED&TRUSTED&NOT_VCN_MANAGED&NOT_BANDWIDTH_CONSTRAINED Uid: 10291 RequestorUid: 10291 RequestorPkg: com.truecaller UnderlyingNetworks: Null] ]
03-02 11:24:12.891  1621  1856 D ConnectivityService: NetReassign [242567 : null ΓåÆ 255] [c 0] [a 4] [i 7]
03-02 11:24:12.892  1621  1843 D MultiInternetWifiNetworkFactory: got request NetworkRequest [ REQUEST id=242567, [ Capabilities: INTERNET&NOT_RESTRICTED&TRUSTED&NOT_VCN_MANAGED&NOT_BANDWIDTH_CONSTRAINED Uid: 10291 RequestorUid: 10291 RequestorPkg: com.truecaller UnderlyingNetworks: Null] ]
03-02 11:24:12.898   857   857 D android.hardware.lights-service.mediatek: write 280 to /sys/class/leds/lcd-backlight/brightness, result: 0
03-02 11:24:12.898   857   857 D android.hardware.lights-service.mediatek: write 280 to /sys/class/mi_display/disp-DSI-0/brightness_clone, result: 0
03-02 11:24:12.900  1621  1842 I MiuiNetworkPolicy: updateUidState uid = 10105, uidState = 19
03-02 11:24:12.900  6515  6997 D UidObserver: onUidIdle uid=10105 uidstate=100
03-02 11:24:12.906  2350  3261 W TelephonyPermissions: reportAccessDeniedToReadIdentifiers:com.truecaller:getActiveSubscriptionInfo:1
03-02 11:24:12.909  1621  2188 I ClipboardServiceI: checkProviderWakePathForClipboard: primaryClip is null
03-02 11:24:12.910 27699 27801 I ActivityThread: installProviderAuthoritiesLocked allowBlocking call_log
03-02 11:24:12.913 27517 27534 I CallLogProvider: Contacts query: CPID=27699, CallingPackage = com.truecaller User=0
03-02 11:24:12.913  1201  1298 D AALService: [CRTC_114] onALIChanged: 17 -> 21
03-02 11:24:12.914 27517 27534 D CallLogProvider: query: uri=content://call_log/calls?limit=1] CPID=27699, CallingPackage = com.truecaller User=0
03-02 11:24:12.914  2350  3261 W TelephonyPermissions: reportAccessDeniedToReadIdentifiers:com.truecaller:getActiveSubscriptionInfo:1
03-02 11:24:12.915 27517 27534 D CallLogProvider: query: access ! uri=content://call_log/calls?limit=1] CPID=27699, CallingPackage = com.truecaller User=0
03-02 11:24:12.917  1621  2655 E JobScheduler: ResourceBudgetManagerInternal is null
03-02 11:24:12.920 27517 27534 D CallLogProvider: queryInternal return count :1
03-02 11:24:12.920  1621  2655 I whetstone.activity: Power Event callback listener is empty for resId=256
03-02 11:24:12.920  1621  2655 D BatteryStatsManagerStub: notifyEvent for resId=256 used 0ms
03-02 11:24:12.927 27517 27534 I CallLogProvider: Contacts query: CPID=27699, CallingPackage = com.truecaller User=0
03-02 11:24:12.928 27517 27534 D CallLogProvider: query: uri=content://call_log/calls?limit=20] CPID=27699, CallingPackage = com.truecaller User=0
03-02 11:24:12.929 27517 27534 D CallLogProvider: query: access ! uri=content://call_log/calls?limit=20] CPID=27699, CallingPackage = com.truecaller User=0
03-02 11:24:12.931   857   857 D android.hardware.lights-service.mediatek: write 281 to /sys/class/leds/lcd-backlight/brightness, result: 0
03-02 11:24:12.931   857   857 D android.hardware.lights-service.mediatek: write 281 to /sys/class/mi_display/disp-DSI-0/brightness_clone, result: 0
03-02 11:24:12.956  1097 27738 D mpe     : mtk_gps_mnl_trigger_mpe: mpemsg len=8
03-02 11:24:12.958  1097  1134 D MPE_MA  : mnl2mpe_hdlr: mpe recv, type = 8, len = 0, drop = 0
03-02 11:24:12.958  1097  1134 D MPE_MA  : mnl2mpe_hdlr: mpe_flag, 0, 0, 0, 0, 0, 0, 0, 0
03-02 11:24:12.958  1097  1134 D MPE_MA  : mnl2mpe_hdlr: MPE_DBG: No sensor raw data report. Init MPE kernel
03-02 11:24:12.959  1097  1134 D MPE_DR  : mpe_dr_re_initialize: Start to init MPE4.0
03-02 11:24:12.959  1097  1134 D MPE_DR  : mpe_dr_re_initialize: End to init MPE4.0
03-02 11:24:12.959  1097  1134 D mpe     : mpe_main_thread: wait 0
03-02 11:24:12.960 27517 27534 D CallLogProvider: queryInternal return count :20
03-02 11:24:12.964   857   857 D android.hardware.lights-service.mediatek: write 282 to /sys/class/leds/lcd-backlight/brightness, result: 0
03-02 11:24:12.965   857   857 D android.hardware.lights-service.mediatek: write 282 to /sys/class/mi_display/disp-DSI-0/brightness_clone, result: 0
03-02 11:24:12.969  1197  1209 D agps    : [agps][n][AGPS] [MNL] mnl2agps [150]
03-02 11:24:12.971  1197  1209 D agps    : [agps][n][AGPS] [MNL] write  pmtk  [$PMTK680,1,FFFFEE8E*70

03-02 11:24:12.971  1197  1209 D agps    :  ]
03-02 11:24:12.988 27517 27534 I ContactsProvider: Contacts query: CPID=27699, CallingPackage = com.truecaller User=0
03-02 11:24:12.991 27517 27534 I ContactsProvider: Contacts query: access CPID=27699, CallingPackage = com.truecaller User=0
03-02 11:24:12.992 27517 27534 I ContactsProvider: querylocal match: 3000
03-02 11:24:12.997 27517 27534 I ContactsProvider: return querylocal
03-02 11:24:12.997 27517 27534 I ContactsProvider: query return 4 queryDirectoryIfNecessary 
03-02 11:24:12.997 27517 27534 I ContactsProvider: query return 5 finally 
03-02 11:24:12.998   857   857 D android.hardware.lights-service.mediatek: write 283 to /sys/class/leds/lcd-backlight/brightness, result: 0
03-02 11:24:12.999   857   857 D android.hardware.lights-service.mediatek: write 283 to /sys/class/mi_display/disp-DSI-0/brightness_clone, result: 0
03-02 11:24:13.014   857   857 D android.hardware.lights-service.mediatek: write 284 to /sys/class/leds/lcd-backlight/brightness, result: 0
03-02 11:24:13.015   857   857 D android.hardware.lights-service.mediatek: write 284 to /sys/class/mi_display/disp-DSI-0/brightness_clone, result: 0
03-02 11:24:13.018  1621  2986 I whetstone.activity: Power Event callback listener is empty for resId=256
03-02 11:24:13.019  1621  2986 D BatteryStatsManagerStub: notifyEvent for resId=256 used 0ms
03-02 11:24:13.023 27517 27535 I CallLogProvider: Contacts query: CPID=27699, CallingPackage = com.truecaller User=0
03-02 11:24:13.024 27517 27535 D CallLogProvider: query: uri=content://call_log/calls] CPID=27699, CallingPackage = com.truecaller User=0
03-02 11:24:13.025 27517 27535 D CallLogProvider: query: access ! uri=content://call_log/calls] CPID=27699, CallingPackage = com.truecaller User=0
03-02 11:24:13.031 27517 27544 I ContactsProvider: Contacts query: CPID=27699, CallingPackage = com.truecaller User=0
03-02 11:24:13.033 27517 27544 I ContactsProvider: Contacts query: access CPID=27699, CallingPackage = com.truecaller User=0
03-02 11:24:13.035 27517 27544 I ContactsProvider: querylocal match: 4000
03-02 11:24:13.041 27517 27544 I ContactQueryLog: reason:com.truecaller first search,number = +2**********21:name:no**********me,company:no*************ny
03-02 11:24:13.041 27517 27544 I ContactQueryLog: reason:com.truecaller first search,number = +2**********21:name:no**********me,company:no*************ny
03-02 11:24:13.041 27517 27544 I ContactsProvider: return querylocal
03-02 11:24:13.041 27517 27544 I ContactsProvider: query return 4 queryDirectoryIfNecessary 
03-02 11:24:13.041 27517 27544 I ContactsProvider: query return 5 finally 
03-02 11:24:13.043  1097 27738 D mpe     : mtk_gps_mnl_trigger_mpe: mpemsg len=25704
03-02 11:24:13.043  1097 27738 D mpe     : mtk_gps_mnl_trigger_mpe: mpemsg len=272
03-02 11:24:13.046  1097  1134 D MPE_MA  : mnl2mpe_hdlr: mpe recv, type = 10, len = 25696, drop = 0
03-02 11:24:13.046  1097 27738 D pseudo  : mtk_gps_sys_nmea_output_to_app: len:46, [vAGPS_Auto_Req]:g_FirstDbtt:0,u2BitMap:0x108
03-02 11:24:13.047  1097 27738 D pseudo  : mtk_gps_sys_nmea_output_to_mnld: received 1873 bytes:
03-02 11:24:13.047  1097 27738 D nmea_parser: nmea_reader_update_time: nmea_reader_update_time: timestamp = 1772447052000, second = 1772447052000, msec = 0
03-02 11:24:13.048   847  2229 E GnssAidl: [15.07] nmeaCb: GNSS Callback Interface configured incorrectly
03-02 11:24:13.048   857   857 D android.hardware.lights-service.mediatek: write 285 to /sys/class/leds/lcd-backlight/brightness, result: 0
03-02 11:24:13.048  1097  1134 D mpe     : mpe_main_thread: wait 0
03-02 11:24:13.048   857   857 D android.hardware.lights-service.mediatek: write 285 to /sys/class/mi_display/disp-DSI-0/brightness_clone, result: 0
03-02 11:24:13.048  1097  1134 D MPE_MA  : mnl2mpe_hdlr: mpe recv, type = 7, len = 264, drop = 0
03-02 11:24:13.048  1097  1134 D MPE_MA  : mnl2mpe_hdlr: mnl_in, 1456482270.000, 18, 1030012376072216, 0, 1030012468321755
03-02 11:24:13.048  1097  1134 D MPE_SE  : mpe_sensor_check_time_diff: SE sensor run source, mnl_inject_gps_time: 1772447070, mnl_inject_sys_time: 1772447071.048654, global_gps_diff =1.048654
03-02 11:24:13.048  1097  1134 D mpe     : mpe2mnl_hdlr: type=37 length=1
03-02 11:24:13.048  1097  1134 D mpe     : mpe_main_thread: wait 0
03-02 11:24:13.050  1097 27738 D nmea_parser: nmea_reader_parse: receive PMTKAGC command, agc: 6
03-02 11:24:13.050   847  2229 E GnssAidl: [15.07] nmeaCb: GNSS Callback Interface configured incorrectly
03-02 11:24:13.050   847  2229 E GnssAidl: [15.07] nmeaCb: GNSS Callback Interface configured incorrectly
03-02 11:24:13.050   847  2229 E GnssAidl: [15.07] nmeaCb: GNSS Callback Interface configured incorrectly
03-02 11:24:13.050   847  2229 E GnssAidl: [15.07] nmeaCb: GNSS Callback Interface configured incorrectly
03-02 11:24:13.050   847  2229 E GnssAidl: [15.07] nmeaCb: GNSS Callback Interface configured incorrectly
03-02 11:24:13.050   847  2229 E GnssAidl: [15.07] nmeaCb: GNSS Callback Interface configured incorrectly
03-02 11:24:13.050   847  2229 E GnssAidl: [15.07] nmeaCb: GNSS Callback Interface configured incorrectly
03-02 11:24:13.051   847  2229 E GnssAidl: [15.07] nmeaCb: GNSS Callback Interface configured incorrectly
03-02 11:24:13.051  1097 27738 D nmea_parser: nmea_reader_parse: et_mnl_report_mnld = 1030012467, tick_in_dsp = 1013, et_mnl_receive_tick = 1030012376, et_at_dsp =1030012376072216
03-02 11:24:13.052  1097 27738 D pseudo  : mtk_gps_sys_nmea_output_to_app: len:1873, [NMEA]$GPGGA,102412.00...
03-02 11:24:13.052  1097 27738 D pseudo  : mtk_gps_sys_nmea_output_to_mnld: received 147 bytes:
