03-02 11:24:14.132  1621 30706 W Binder  : 	at android.os.AsyncTask$3.call(AsyncTask.java:394)
03-02 11:24:14.132  1621 30706 W Binder  : 	at java.util.concurrent.FutureTask.run(FutureTask.java:317)
03-02 11:24:14.132  1621 30706 W Binder  : 	at java.util.concurrent.ThreadPoolExecutor.runWorker(ThreadPoolExecutor.java:1154)
03-02 11:24:14.132  1621 30706 W Binder  : 	at java.util.concurrent.ThreadPoolExecutor$Worker.run(ThreadPoolExecutor.java:652)
03-02 11:24:14.132  1621 30706 W Binder  : 	at java.lang.Thread.run(Thread.java:1563)
03-02 11:24:14.132   857   857 D android.hardware.lights-service.mediatek: write 325 to /sys/class/leds/lcd-backlight/brightness, result: 0
03-02 11:24:14.132 27699 27699 I cr_PolicyProvider: #setManagerAndSource() 0
03-02 11:24:14.132   857   857 D android.hardware.lights-service.mediatek: write 325 to /sys/class/mi_display/disp-DSI-0/brightness_clone, result: 0
03-02 11:24:14.140  1621  1843 D UntrustedWifiNetworkFactory: got request NetworkRequest [ REQUEST id=242573, [ Capabilities: INTERNET&NOT_RESTRICTED&TRUSTED&NOT_VCN_MANAGED&NOT_BANDWIDTH_CONSTRAINED Uid: 10291 RequestorUid: 10291 RequestorPkg: com.truecaller UnderlyingNetworks: Null] ]
03-02 11:24:14.140  1621  1843 D OemPaidWifiNetworkFactory: got request NetworkRequest [ REQUEST id=242573, [ Capabilities: INTERNET&NOT_RESTRICTED&TRUSTED&NOT_VCN_MANAGED&NOT_BANDWIDTH_CONSTRAINED Uid: 10291 RequestorUid: 10291 RequestorPkg: com.truecaller UnderlyingNetworks: Null] ]
03-02 11:24:14.140  1621  1843 D MultiInternetWifiNetworkFactory: got request NetworkRequest [ REQUEST id=242573, [ Capabilities: INTERNET&NOT_RESTRICTED&TRUSTED&NOT_VCN_MANAGED&NOT_BANDWIDTH_CONSTRAINED Uid: 10291 RequestorUid: 10291 RequestorPkg: com.truecaller UnderlyingNetworks: Null] ]
03-02 11:24:14.141  1621  1856 D ConnectivityService: NetReassign [242573 : null ΓåÆ 255] [c 1] [a 0] [i 26]
03-02 11:24:14.141  1621  1621 I Telecom-InCallController: 1 calls sent to InCallService.: ICSBC.oSC(cgag)@SuY
03-02 11:24:14.142  1621  2675 I Telecom-CallAudioRouteStateMachine: setSystemAudioState: changing from [AudioState isMuted: false, route: EARPIECE, supportedRouteMask: EARPIECE, SPEAKER, activeBluetoothDevice: [], supportedBluetoothDevices: []] to [AudioState isMuted: false, route: EARPIECE, supportedRouteMask: EARPIECE, SPEAKER, activeBluetoothDevice: [], supportedBluetoothDevices: []]: NCSSF.aC->ICFG.sF->ICFG.sF->ICFG.sF->CAMSM.pM_2002->CARSM.pM_SWITCH_FOCUS@Sts
03-02 11:24:14.143  1621  2675 I Telecom : CallEndpointController: onCallAudioStateChanged, audioState: [AudioState isMuted: false, route: EARPIECE, supportedRouteMask: EARPIECE, SPEAKER, activeBluetoothDevice: [], supportedBluetoothDevices: []] -> [AudioState isMuted: false, route: EARPIECE, supportedRouteMask: EARPIECE, SPEAKER, activeBluetoothDevice: [], supportedBluetoothDevices: []]: NCSSF.aC->ICFG.sF->ICFG.sF->ICFG.sF->CAMSM.pM_2002->CARSM.pM_SWITCH_FOCUS@Sts
03-02 11:24:14.146  1621  2675 I Telecom-InCallController: Calling onAvailableCallEndpointsChanged: NCSSF.aC->ICFG.sF->ICFG.sF->ICFG.sF->CAMSM.pM_2002->CARSM.pM_SWITCH_FOCUS@Sts
03-02 11:24:14.146  1621  1730 V GrammaticalInflectionUtils: AttributionSource: android.content.AttributionSource@cde9747f does not have READ_SYSTEM_GRAMMATICAL_GENDER permission.
03-02 11:24:14.147  1621  1730 I SmartPower: com.google.android.webview:sandboxed_process0:org.chromium.content.app.SandboxedPr-1->background(0ms) R(become background) adj=-10000.
03-02 11:24:14.147   894 23088 D APM::AudioPolicyEngine: getDevices ForStrategy() strategy 1, device 0x1 avadevice 0x1, 0x2, 0x10000, 0x100000 sfu [0]:0, [1]:0, [4]:11
03-02 11:24:14.149  1621  1876 V AS.AudioService: onUpdateAudioMode: streamType=0, streamAlias=0, device=earpiece, index=110
03-02 11:24:14.151  1621  2675 I Telecom-InCallController: Calling onCallEndpointChanged: NCSSF.aC->ICFG.sF->ICFG.sF->ICFG.sF->CAMSM.pM_2002->CARSM.pM_SWITCH_FOCUS@Sts
03-02 11:24:14.153 27699 27699 I cr_DisplayManager: Is Display Topology available: false
03-02 11:24:14.153  1124 27935 D GenericSource: FileSource remote
03-02 11:24:14.159  1621  1621 W Looper  : Slow dispatch took 111ms main h=android.app.ActivityThread$H c=android.app.LoadedApk$ServiceDispatcher$RunConnection@abe921f m=0
03-02 11:24:14.160  1621  2662 I ClipboardServiceI: checkProviderWakePathForClipboard: primaryClip is null
03-02 11:24:14.161  2350  2350 I TelecomFramework: TelephonyConnectionService: onAvailableCallEndpointsChanged TC@147_1: (NCSSF.aC->ICFG.sF->ICFG.sF->ICFG.sF->CAMSM.pM_2002->CARSM.pM_SWITCH_FOCUS)->CS.oACEC->H.CS.cASC(cast)@E-Sts
03-02 11:24:14.165   857   857 D android.hardware.lights-service.mediatek: write 326 to /sys/class/leds/lcd-backlight/brightness, result: 0
03-02 11:24:14.166   857   857 D android.hardware.lights-service.mediatek: write 326 to /sys/class/mi_display/disp-DSI-0/brightness_clone, result: 0
03-02 11:24:14.173  1621  2675 I Telecom-InCallController: Calling onMuteStateChanged: NCSSF.aC->ICFG.sF->ICFG.sF->ICFG.sF->CAMSM.pM_2002->CARSM.pM_SWITCH_FOCUS@Sts
03-02 11:24:14.175  1621  2675 D BluetoothAdapter: getActiveDevices(profile= HEADSET)
03-02 11:24:14.177 30946 30946 D Zygote  : Forked child process 27941
03-02 11:24:14.177 27877 27877 E miui.yellowpage: hiddenapi: Accessing hidden method Landroid/content/pm/ApplicationInfo;->isAllowedToUseHiddenApis()Z (runtime_flags=0, domain=platform, api=max-target-o) from Lh4/a; (domain=app, TargetSdkVersion=34) using reflection: denied
03-02 11:24:14.178 27877 27877 D AutoDensity: autodensity debugEnable = 
03-02 11:24:14.179  2350  2350 I TelecomFramework: TelephonyConnectionService: onCallEndpointChanged TC@147_1 [CallEndpoint Name: Earpiece, Type: EARPIECE, Identifier: 98557e8a-5829-4ee4-ae18-aab14c80b576]: (NCSSF.aC->ICFG.sF->ICFG.sF->ICFG.sF->CAMSM.pM_2002->CARSM.pM_SWITCH_FOCUS)->CS.oCEC->H.CS.cASC(cast)@E-Sts
03-02 11:24:14.180  2350  2350 I TelecomFramework: TelephonyConnectionService: onMuteStateChanged TC@147_1 false: (NCSSF.aC->ICFG.sF->ICFG.sF->ICFG.sF->CAMSM.pM_2002->CARSM.pM_SWITCH_FOCUS)->CS.oMSC->H.CS.cASC(cast)@E-Sts
03-02 11:24:14.180  2350  2350 I TelecomFramework: TelephonyConnectionService: onAudioStateChanged TC@147_1 [AudioState isMuted: false, route: EARPIECE, supportedRouteMask: EARPIECE, SPEAKER, activeBluetoothDevice: [null], supportedBluetoothDevices: []]: (NCSSF.aC->ICFG.sF->ICFG.sF->ICFG.sF->CAMSM.pM_2002->CARSM.pM_SWITCH_FOCUS)->CS.cASC->H.CS.cASC(cast)@E-Sts
03-02 11:24:14.182   857   857 D android.hardware.lights-service.mediatek: write 327 to /sys/class/leds/lcd-backlight/brightness, result: 0
03-02 11:24:14.182   857   857 D android.hardware.lights-service.mediatek: write 327 to /sys/class/mi_display/disp-DSI-0/brightness_clone, result: 0
03-02 11:24:14.186  1621  1667 I ActivityManager: Start proc 27941:com.google.android.webview:sandboxed_process0:org.chromium.content.app.SandboxedProcessService0:0/u0i405 for  {com.truecaller/org.chromium.content.app.SandboxedProcessService0:0} caller=com.truecaller
03-02 11:24:14.189 27877 27877 E miui.yellowpage: hiddenapi: Accessing hidden field Landroid/app/ResourcesManager;->mLock:Ljava/lang/Object; (runtime_flags=0, domain=platform, api=blocked) from Lh4/a; (domain=app, TargetSdkVersion=34) using reflection: denied
03-02 11:24:14.189 27877 27877 W AutoDensity: ResourcesManager reflection failed, this app do not have permission to disable AutoDensity for activity/application
03-02 11:24:14.190  1621  2675 D BluetoothAdapter: getActiveDevices(profile= HEARING_AID)
03-02 11:24:14.194 27877 27877 D AutoDensity: 	getAccessibilityDpi Exception: android.provider.Settings$SettingNotFoundException: display_density_forced
03-02 11:24:14.197  1621  1918 E HyperSentinel: -------------------------------------------------------
03-02 11:24:14.197  1621  1918 E HyperSentinel: Event_ThreadAmount
03-02 11:24:14.197  1621  1918 E HyperSentinel: -> audit event by proc 27699 "com.truecaller": running threads amount, 0 -> 102
03-02 11:24:14.200 27877 27942 D YellowPage.YellowPageApp: onCreate: processName = com.miui.yellowpage
03-02 11:24:14.202 27941 27941 E libc    : SetHeapTaggingLevel: re-enabling tagging after it was disabled is not supported
03-02 11:24:14.203  1621  5054 D CompatChangeReporter: Compat change id reported: 161145287; UID 10161; state: ENABLED
03-02 11:24:14.204 27877 27903 I YellowPage.YellowPageProvider: query(): URI_PHONE_LOOKUP_ITEM from calling package com.android.server.telecom
03-02 11:24:14.205  1621  1621 D UiModeManager: updateConfigurationLocked: mDockState=0; mCarMode=false; mCar=false; mPowerSave=false; mOverrideNightModeOn=false; mOverrideNightModeOff=false; mComputedNightMode=true; mNightModeValue=2; uiMode=42
03-02 11:24:14.206  1621  1621 W Looper  : Drained
03-02 11:24:14.219 27877 27942 D YellowPage.JobDispatcher: canScheduleJob(): unsupport jobId:2
03-02 11:24:14.219  1621  1801 I MIUIInput: [MotionEvent] notifyMotion - eventTime=612247768324000, deviceId=3, source=0x1002, policyFlags=0x0, action=0x0, flags=0x0, downTime=612247768324000
03-02 11:24:14.220 27877 27939 D YellowPage.YellowPageProvider: initialize() use 101 ms
03-02 11:24:14.220  1621  1800 I MIUIInput: [MotionEvent] publisher action=0x0, deviceId=3, 612247768, channel '5b2ee94 StatusBar (server)'
03-02 11:24:14.221  1621  1800 I MIUIInput: [MotionEvent] publisher action=0x0, deviceId=3, 612247768, channel '[Gesture Monitor] onehanded-touch (server)'
03-02 11:24:14.221  1621  1800 I MIUIInput: [MotionEvent] publisher action=0x0, deviceId=3, 612247768, channel '[Gesture Monitor] miui-gesture (server)'
03-02 11:24:14.222  2363  2363 I MIUIInput: [MotionEvent] ViewRootImpl windowName 'StatusBar', { action=ACTION_DOWN, id[0]=0, pointerCount=1, eventTime=612247768, downTime=612247768, phoneEventTime=11:24:14.219 } moveCount:0
03-02 11:24:14.224   863   958 I libPowerHal: [perfLockAcq] idx:2 hdl:367576 hint:25 pid:863 tid:863 duration:120 lock_user:vendor.mediatek => ret_hdl:367576
03-02 11:24:14.224   863   958 I libPowerHal: [setGPUFreq] MTKPOWER_HINT_APP_TOUCH user set gpu freq min:0, max:-1
03-02 11:24:14.225   863   958 I libPowerHal: MTKPOWER_HINT_APP_TOUCH: set gpu opp level: 0
03-02 11:24:14.225   863   958 I libPowerHal: MTKPOWER_HINT_APP_TOUCH: set gpu opp level max: 0
03-02 11:24:14.225   863   958 I libPowerHal: [setGPUFreq] Soft min/max = (0, 0); Hard min/max = (31, 0)
03-02 11:24:14.225   863   958 I libPowerHal: [setGPUFreq] final min/max = (0, 0)
03-02 11:24:14.225   863   958 I libPowerHal: MTKPOWER_HINT_APP_TOUCH: set gpu opp level: 0
03-02 11:24:14.225   863   958 I libPowerHal: MTKPOWER_HINT_APP_TOUCH: set gpu opp level max: 0
03-02 11:24:14.228  2363  2363 W NotificationPanelView: resetInterceptInvisible: to false
03-02 11:24:14.229  2363  2363 D NotificationPanelView: handleMiuiTouch fullyCollapsed=true fullExp=false hidePanelPending=true 
03-02 11:24:14.229  2363  2363 D NotificationPanelView: mHidePanelPending=false
03-02 11:24:14.229  2363  2363 D PanelViewController: cancelFlingSpring mHidePanelPending=false
03-02 11:24:14.230 27877 27942 D YellowPage.JobDispatcher: canScheduleJob(): unsupport jobId:6
03-02 11:24:14.231   863   958 I libPowerHal: [PE] MTKPOWER_HINT_APP_TOUCH update cmd:1408100, param:47, pr:3
03-02 11:24:14.232   863   958 I libPowerHal: [PE] MTKPOWER_HINT_APP_TOUCH update cmd:410000, param:1, pr:3
03-02 11:24:14.232   863   958 I libPowerHal: value: 1
03-02 11:24:14.232   863   958 I libPowerHal: [PE] MTKPOWER_HINT_APP_TOUCH update cmd:410000 param:1 pr:3
03-02 11:24:14.232   863   958 I libPowerHal: [perfLockAcq] Done for hdl : 367576
03-02 11:24:14.233 27941 27941 I ocessService0:0: Using CollectorTypeCMC GC.
03-02 11:24:14.233   863   958 I libPowerHal: [perfLockRel] hdl:367570, idx:-1
03-02 11:24:14.235 27699 27943 I Ads     : Use RequestConfiguration.Builder().setTestDeviceIds(Arrays.asList("2A7A31239E10C16FEF96E5D60CE86804")) to get test ads on this device.
03-02 11:24:14.240  1621  1894 D isUidValid: uid = 10161
03-02 11:24:14.242  1621  1842 I MiuiNetworkPolicy: updateUidState uid = 10161, uidState = 5
03-02 11:24:14.247 27877 27942 D KeyStoreManager: getOriginalKey: the key is not obtained from the SP, obtain it from the server
03-02 11:24:14.247 27877 27942 I KeyStoreManager: getOriginalKey: Network connection failure!
03-02 11:24:14.265  1621  1876 D AS.AudioService: updateVolumeGroupIndex for stream 8, muted=false, device=1, index=150, group AUDIO_STREAM_DTMF Muted=false, Index=15, forceMuteState=false
03-02 11:24:14.266  1621  1876 D AS.AudioService: updateVolumeGroupIndex for stream 8, muted=false, device=2, index=150, group AUDIO_STREAM_DTMF Muted=false, Index=15, forceMuteState=false
03-02 11:24:14.267 27877 27877 D YellowPage.Network: onSignalStrengthsChanged()
03-02 11:24:14.272 27877 27903 D PhoneNumberUtils: countryCode = 234 mIsChinaEnvironment = true mDefaultCountryCode = null
03-02 11:24:14.273 27868 27868 V GraphicsEnvironment: Currently set values for:
03-02 11:24:14.273 27868 27868 V GraphicsEnvironment:   angle_gl_driver_selection_pkgs=[]
03-02 11:24:14.273 27868 27868 V GraphicsEnvironment:   angle_gl_driver_selection_values=[]
03-02 11:24:14.273 27868 27868 V GraphicsEnvironment: Global.Settings values are invalid: number of packages: 0, number of values: 0
03-02 11:24:14.273 27868 27868 V GraphicsEnvironment: Neither updatable production driver nor prerelease driver is supported.
03-02 11:24:14.280  1621  1876 D AS.AudioService: updateVolumeGroupIndex for stream 8, muted=false, device=128, index=90, group AUDIO_STREAM_DTMF Muted=false, Index=9, forceMuteState=false
03-02 11:24:14.281  1621  1876 D AS.AudioService: setAllIndexes: don't update STREAM_DTMF volume in call when device is DEVICE_OUT_BLE_HEADSET
03-02 11:24:14.282   857   857 D android.hardware.lights-service.mediatek: write 331 to /sys/class/leds/lcd-backlight/brightness, result: 0
03-02 11:24:14.282   921  1476 D MI-SF   : threadLoop: Force skip idle timer[false]
03-02 11:24:14.283   921  1476 D MI-SF   : isIdleTimerSkip is 0
03-02 11:24:14.283  1621  1876 D AS.AudioService: updateVolumeGroupIndex for stream 10, muted=false, device=1, index=122, group AUDIO_STREAM_ACCESSIBILITY Muted=false, Index=12, forceMuteState=false
03-02 11:24:14.283   857   857 D android.hardware.lights-service.mediatek: write 331 to /sys/class/mi_display/disp-DSI-0/brightness_clone, result: 0
03-02 11:24:14.284  1621  1876 D AS.AudioService: updateVolumeGroupIndex for stream 10, muted=false, device=2, index=150, group AUDIO_STREAM_ACCESSIBILITY Muted=false, Index=15, forceMuteState=false
03-02 11:24:14.284 18562 18562 D A2dpService: enter MESSAGE_VOLUME_CHANGED
03-02 11:24:14.285 18562 18562 D A2dpService: oldLevel = 11
03-02 11:24:14.290  1621  1621 I Telecom : MiBandNotifier: notifyIncomingCallToMiband
03-02 11:24:14.290 27868 27868 I ActivityThread: TrafficStats init done
03-02 11:24:14.292 27868 27868 I ForceDarkHelperStubImpl: initialize for com.google.android.dialer , ForceDarkOrigin
03-02 11:24:14.295  2363  2363 I VolumeShowHideAnimator: isRunning: false, mExpanded: false
03-02 11:24:14.295  2363  2363 I VolumeExpandCollapsedAnimator: isRunning: false, mExpanded: false
03-02 11:24:14.295  2363  2363 I VolumePanelViewController_true: onStateChangedH: activeStream: -1, mActiveStream: -1, animating: false, mNeedShowDialog: true, mVolumeView.isShown: false
03-02 11:24:14.297  1621  1876 D AS.AudioService: updateVolumeGroupIndex for stream 10, muted=false, device=4, index=103, group AUDIO_STREAM_ACCESSIBILITY Muted=false, Index=10, forceMuteState=false
03-02 11:24:14.297  1621  1876 D AS.AudioService: updateVolumeGroupIndex for stream 10, muted=false, device=8, index=103, group AUDIO_STREAM_ACCESSIBILITY Muted=false, Index=10, forceMuteState=false
03-02 11:24:14.297  1621  1876 D AS.AudioService: updateVolumeGroupIndex for stream 10, muted=false, device=32, index=94, group AUDIO_STREAM_ACCESSIBILITY Muted=false, Index=9, forceMuteState=false
03-02 11:24:14.297  1621  1876 D AS.AudioService: updateVolumeGroupIndex for stream 10, muted=false, device=128, index=150, group AUDIO_STREAM_ACCESSIBILITY Muted=false, Index=15, forceMuteState=false
03-02 11:24:14.301 27699 27699 I cr_CombinedPProvider: #linkNativeInternal() 1
03-02 11:24:14.305   894 23088 D APM::AudioPolicyEngine: getDevices ForStrategy() strategy 0, device 0x2 avadevice 0x1, 0x2, 0x10000, 0x100000 sfu [0]:0, [1]:0, [4]:11
03-02 11:24:14.308  1621  1876 W AS.AudioService: setLeAudioVolumeOnModeUpdate ignoring invalid device=1, mode=1, index=110 maxIndex=110 streamType=0
03-02 11:24:14.308  1621  1876 D AudioServiceStubImpl: updateVolumeBoostState audiomode 0
03-02 11:24:14.308  2363  2363 D MiPlayDetailViewModel: mSystemVolumeReceiver.onReceive(): time cost = 0
03-02 11:24:14.310 18562 18562 D A2dpService: enter MESSAGE_VOLUME_CHANGED
03-02 11:24:14.310 18562 18562 D A2dpService: oldLevel = 6
03-02 11:24:14.310   894 23088 D APM::AudioPolicyEngine: getDevices ForStrategy() strategy 0, device 0x2 avadevice 0x1, 0x2, 0x10000, 0x100000 sfu [0]:0, [1]:0, [4]:11
03-02 11:24:14.311  2363  2363 D NotificationPanelView: MNPVC touch: stretching=false collapsing=false mPanelStretching=false mPanelCollapsing=false mPanelOpening=false mStretchLength=0.0 fullCollapsedOnDown=true fullExpOnDown=false mHidePanelPending=false
03-02 11:24:14.312 21243 27431 I ReactNativeJS: Running "main" with {"rootTag":1,"initialProps":{},"fabric":true}
03-02 11:24:14.315  1621  5054 I AS.AudioService: getMode, get current owner's mode
03-02 11:24:14.315   857   857 D android.hardware.lights-service.mediatek: write 332 to /sys/class/leds/lcd-backlight/brightness, result: 0
03-02 11:24:14.315   857   857 D android.hardware.lights-service.mediatek: write 332 to /sys/class/mi_display/disp-DSI-0/brightness_clone, result: 0
03-02 11:24:14.316  1621  1648 D PerfMTKStubImpl: perfLockAcquire
03-02 11:24:14.316  1621  1648 I mtkpower_client: perf_lock_acq, hdl:367522, dur:2000, num:8, pid:1621, tid:1648
03-02 11:24:14.318   863   958 I libPowerHal: [perfLockAcq] idx:3 hdl:367577 hint:-1 pid:1621 tid:1648 duration:2000 lock_user:system_server => ret_hdl:367577
03-02 11:24:14.318   863   958 I libPowerHal: [setGPUFreq] system_server user set gpu freq min:0, max:-1
03-02 11:24:14.318   863   958 I libPowerHal: system_server: set gpu opp level max: 0
03-02 11:24:14.318  1104  1311 D Utils   : convertMessageToMetaData, Mime = audio/ogg
03-02 11:24:14.319   863   958 I libPowerHal: [setGPUFreq] Soft min/max = (0, 0); Hard min/max = (31, 0)
03-02 11:24:14.319   863   958 I libPowerHal: [setGPUFreq] final min/max = (0, 0)
03-02 11:24:14.319   863   958 I libPowerHal: system_server: set gpu opp level: 0
03-02 11:24:14.319   863   958 I libPowerHal: system_server: set gpu opp level max: 0
03-02 11:24:14.319   863   958 I libPowerHal: [perfLockAcq] Done for hdl : 367577
03-02 11:24:14.320  1621  1648 I mtkpower_client: ret_hdl:367577
03-02 11:24:14.320 27699 27699 I cr_AppResProvider: #getApplicationRestrictionsFromUserManager() Bundle[EMPTY_PARCEL]
03-02 11:24:14.320 27699 27699 I cr_PolicyProvider: #notifySettingsAvailable() 0
03-02 11:24:14.320 27699 27699 I cr_CombinedPProvider: #onSettingsAvailable() 0
03-02 11:24:14.320 27699 27699 I cr_CombinedPProvider: #flushPolicies()
03-02 11:24:14.321 19280 19280 D MiuiBleAppService: get action: miui.phone.ACTION_ALARM
03-02 11:24:14.323  1104  1311 D Utils   : convertMessageToMetaData, Mime = audio/ogg
03-02 11:24:14.327  1104  1311 D Utils   : convertMessageToMetaData, Mime = audio/vorbis
03-02 11:24:14.328  1621  1650 I PowerHalWrapper: amsBoostNotify pid:13966,activity:com.google.android.apps.search.assistant.surfaces.voice.robin.ui.floaty.activity.FloatyActivity, package:com.google.android.googlequicksearchbox, mProcessCreatePackcom.softnation.Ojam 
03-02 11:24:14.328  1621  1650 I PowerHalWrapper: state: 0 
03-02 11:24:14.328  1621  1873 W system_server: Long monitor contention with owner AudioService (1876) at void com.android.server.audio.AudioService$AudioHandler.handleMessage(android.os.Message)(AudioService.java:11332) waiters=0 in void com.android.server.audio.AudioDeviceBroker$BrokerHandler.handleMessage(android.os.Message) for 423ms
03-02 11:24:14.329  1621  1650 I mtkpower_client: [PowerHal_Wrap_notifyAppState] com.google.android.googlequicksearchbox/com.google.android.apps.search.assistant.surfaces.voice.robin.ui.floaty.activity.FloatyActivity pid=13966 activityId:114759433 state:0
03-02 11:24:14.330  1621  1873 V AS.AudioDeviceBroker: onSetCommunicationDeviceForClient: CommunicationDeviceInfo mCb=android.os.Binder@3c9e7ec mUid=1000 mDevice=[AudioDeviceAttributes: role:output type:earpiece addr: name:2404ARN45A profiles:[{ENCODING_PCM_16BIT, sampling rates=[44100, 48000], channel masks=0x04, encapsulation type=0}, {ENCODING_PCM_32BIT, sampling rates=[44100, 48000], channel masks=0x04, encapsulation type=0}, {ENCODING_PCM_FLOAT, sampling rates=[44100, 48000], channel masks=0x04, encapsulation type=0}] descriptors:[]] mOn=true mScoAudioMode=-1 mIsPrivileged=true mEventSource=setCommunicationDevice() from u/pid:1000/1621
03-02 11:24:14.330  1621  1873 V AS.AudioDeviceBroker: setCommunicationRouteForClient: device: AudioDeviceAttributes: role:output type:earpiece addr: name:2404ARN45A profiles:[{ENCODING_PCM_16BIT, sampling rates=[44100, 48000], channel masks=0x04, encapsulation type=0}, {ENCODING_PCM_32BIT, sampling rates=[44100, 48000], channel masks=0x04, encapsulation type=0}, {ENCODING_PCM_FLOAT, sampling rates=[44100, 48000], channel masks=0x04, encapsulation type=0}] descriptors:[], eventSource: setCommunicationDevice() from u/pid:1000/1621
03-02 11:24:14.330  1621  1873 I AS.AudioDeviceBroker: setCommunicationRouteForClient for uid: 1000 device: AudioDeviceAttributes: role:output type:earpiece addr: name:2404ARN45A profiles:[{ENCODING_PCM_16BIT, sampling rates=[44100, 48000], channel masks=0x04, encapsulation type=0}, {ENCODING_PCM_32BIT, sampling rates=[44100, 48000], channel masks=0x04, encapsulation type=0}, {ENCODING_PCM_FLOAT, sampling rates=[44100, 48000], channel masks=0x04, encapsulation type=0}] descriptors:[] isPrivileged: true from API: setCommunicationDevice() from u/pid:1000/1621
03-02 11:24:14.330  1621  1873 V AS.AudioDeviceBroker: requestedCommunicationDevice: null mAudioModeOwner: AudioModeInfo: mMode=MODE_NORMAL, mPid=0, mUid=0
03-02 11:24:14.330  1621  1873 V AS.AudioDeviceBroker: requestedCommunicationDevice: null mAudioModeOwner: AudioModeInfo: mMode=MODE_NORMAL, mPid=0, mUid=0
03-02 11:24:14.330  1621  1873 V AS.AudioDeviceBroker: requestedCommunicationDevice: AudioDeviceAttributes: role:output type:earpiece addr: name:2404ARN45A profiles:[{ENCODING_PCM_16BIT, sampling rates=[44100, 48000], channel masks=0x04, encapsulation type=0}, {ENCODING_PCM_32BIT, sampling rates=[44100, 48000], channel masks=0x04, encapsulation type=0}, {ENCODING_PCM_FLOAT, sampling rates=[44100, 48000], channel masks=0x04, encapsulation type=0}] descriptors:[] mAudioModeOwner: AudioModeInfo: mMode=MODE_NORMAL, mPid=0, mUid=0
03-02 11:24:14.330  1621  1873 V AS.AudioDeviceBroker: requestedCommunicationDevice: AudioDeviceAttributes: role:output type:earpiece addr: name:2404ARN45A profiles:[{ENCODING_PCM_16BIT, sampling rates=[44100, 48000], channel masks=0x04, encapsulation type=0}, {ENCODING_PCM_32BIT, sampling rates=[44100, 48000], channel masks=0x04, encapsulation type=0}, {ENCODING_PCM_FLOAT, sampling rates=[44100, 48000], channel masks=0x04, encapsulation type=0}] descriptors:[] mAudioModeOwner: AudioModeInfo: mMode=MODE_NORMAL, mPid=0, mUid=0
03-02 11:24:14.331  1621  1873 D AudioDeviceBrokerStubImpl: setCommunicationRouteForClient for LEA false false
03-02 11:24:14.331   863   909 I mtkpower@impl: [setMode] type:5, enabled:0
03-02 11:24:14.331  1621  1873 V AS.AudioDeviceBroker: requestedCommunicationDevice: AudioDeviceAttributes: role:output type:earpiece addr: name:2404ARN45A profiles:[{ENCODING_PCM_16BIT, sampling rates=[44100, 48000], channel masks=0x04, encapsulation type=0}, {ENCODING_PCM_32BIT, sampling rates=[44100, 48000], channel masks=0x04, encapsulation type=0}, {ENCODING_PCM_FLOAT, sampling rates=[44100, 48000], channel masks=0x04, encapsulation type=0}] descriptors:[] mAudioModeOwner: AudioModeInfo: mMode=MODE_NORMAL, mPid=0, mUid=0
03-02 11:24:14.331  1621  1873 V AS.AudioDeviceBroker: requestedCommunicationDevice: AudioDeviceAttributes: role:output type:earpiece addr: name:2404ARN45A profiles:[{ENCODING_PCM_16BIT, sampling rates=[44100, 48000], channel masks=0x04, encapsulation type=0}, {ENCODING_PCM_32BIT, sampling rates=[44100, 48000], channel masks=0x04, encapsulation type=0}, {ENCODING_PCM_FLOAT, sampling rates=[44100, 48000], channel masks=0x04, encapsulation type=0}] descriptors:[] mAudioModeOwner: AudioModeInfo: mMode=MODE_NORMAL, mPid=0, mUid=0
03-02 11:24:14.331  1621  1873 D AS.BtHelper: isBluetoothScoOn() mBluetoothHeadset is null: falsemBluetoothHeadsetDevice is null: true
03-02 11:24:14.331  1621  1873 V AS.AudioDeviceBroker: requestedCommunicationDevice: AudioDeviceAttributes: role:output type:earpiece addr: name:2404ARN45A profiles:[{ENCODING_PCM_16BIT, sampling rates=[44100, 48000], channel masks=0x04, encapsulation type=0}, {ENCODING_PCM_32BIT, sampling rates=[44100, 48000], channel masks=0x04, encapsulation type=0}, {ENCODING_PCM_FLOAT, sampling rates=[44100, 48000], channel masks=0x04, encapsulation type=0}] descriptors:[] mAudioModeOwner: AudioModeInfo: mMode=MODE_NORMAL, mPid=0, mUid=0
03-02 11:24:14.331  1621  1873 V AS.AudioDeviceBroker: updateCommunicationRoute, preferredCommunicationDevice: null eventSource: setCommunicationDevice() from u/pid:1000/1621
03-02 11:24:14.331   861   861 I vendor.mediatek.hardware.mtkpower_applist-service.mediatek: packName: com.google.android.googlequicksearchbox actName: com.google.android.apps.search.assistant.surfaces.voice.robin.ui.floaty.activity.FloatyActivity pid: 13966 activityId: 114759433 uid: 10165 state: 0
03-02 11:24:14.331  1621  1873 V AS.AudioDeviceBroker: isSupportFakeHfp, uid = 0
03-02 11:24:14.331  2363  2363 W NotificationPanelView: handleStretchState mBgBlurRadius=0 hidePanelPending=false
03-02 11:24:14.331  1621  1873 V AS.AudioDeviceBroker: updateCommunicationRoute, mPreCommunicationDevice: null mCurCommunicationDevice: null
03-02 11:24:14.331   861   861 I MTK_APPList: [notifyAPPstate] com.google.android.googlequicksearchbox/com.google.android.apps.search.assistant.surfaces.voice.robin.ui.floaty.activity.FloatyActivity, pid=13966, activityId=114759433, uid=10165, state:PAUSED, fps:-1, win:1
03-02 11:24:14.331  1621  1873 I AS.AudioDeviceInventory: removePreferredDevicesForStrategyInt, strategy: 14
03-02 11:24:14.331   861   861 I MTK_APPList: [notifyAPPstate] multi_resumed_app_count: 2
03-02 11:24:14.331   861   861 I MTK_APPList: [notifyAPPstate] multi_resumed_app_info[0] com.android.systemui/com.android.systemui._190038181, pid:2363, activityId:-1, fps:-1, isMultiWindow:0
03-02 11:24:14.331  1621  1873 I AS.AudioDeviceInventory: removePreferredDevicesForStrategyInt APM fail to removed, strategy: 14, 0ms
03-02 11:24:14.331   861   861 I MTK_APPList: [notifyAPPstate] multi_resumed_app_info[1] com.softnation.Ojam/com.softnation.Ojam.MainActivity, pid:21243, activityId:52470368, fps:-1, isMultiWindow:0
03-02 11:24:14.331  1621  1873 I AS.AudioDeviceInventory: removePreferredDevicesForStrategyInt, strategy: 17
03-02 11:24:14.331   861   861 I MTK_APPList: [getForegroundAPPCount] 2
03-02 11:24:14.331   861   861 I MTK_APPList: [notifyNetdUID] 10337
03-02 11:24:14.331  1621  1873 I AS.AudioDeviceInventory: removePreferredDevicesForStrategyInt APM fail to removed, strategy: 17, 0ms
03-02 11:24:14.331  1621  1873 D AS.BtHelper: isBluetoothScoOn() mBluetoothHeadset is null: falsemBluetoothHeadsetDevice is null: true
03-02 11:24:14.332   857   857 D android.hardware.lights-service.mediatek: write 333 to /sys/class/leds/lcd-backlight/brightness, result: 0
03-02 11:24:14.332   857   857 D android.hardware.lights-service.mediatek: write 333 to /sys/class/mi_display/disp-DSI-0/brightness_clone, result: 0
03-02 11:24:14.333  1621  1876 D AS.AudioService: setStreamVolumeIndexAS(0, 11, 1)
03-02 11:24:14.334   894 12821 D APM::AudioPolicyEngine: getDevices ForStrategy() strategy 1, device 0x1 avadevice 0x1, 0x2, 0x10000, 0x100000 sfu [0]:0, [1]:0, [4]:11
03-02 11:24:14.334   894 12821 V audio_utils::mutex: mutex_impl: audio_mutex initialized: ret:0  order:6
03-02 11:24:14.335   863   958 I libPowerHal: [perfLockRel] hdl:367574, idx:1
03-02 11:24:14.336  1104  1311 D Utils   : convertMessageToMetaData, Mime = audio/vorbis
03-02 11:24:14.336  1621  1876 D AS.AudioService: setStreamVolumeIndexAS(8, 15, 2)
03-02 11:24:14.336   863   958 I libPowerHal: [perfLockRel] Done for hdl : 367574
03-02 11:24:14.336  2363  2363 D NotificationPanelExpandController: panelVisible to true
03-02 11:24:14.337   894 12821 V audio_utils::mutex: mutex_impl: audio_mutex initialized: ret:0  order:6
03-02 11:24:14.338  1621  2188 D FileUtils: Rounded bytes from 8055762944 to 16000000000
03-02 11:24:14.340   861   861 I MTK_APPList: [notifyPID] 21243
03-02 11:24:14.341   863   958 I libPowerHal: [perfSetSysInfo] pid type:24, 21243
03-02 11:24:14.341 19280 19280 E MiuiBleAppService: No available profile is null
03-02 11:24:14.341   894 12821 V AudioPolicyInterfaceImpl: setForceUse()
03-02 11:24:14.341   894 12821 D APM_AudioPolicyManager: [MTK_APM_Route]setForceUse() usage 7, config 0, mPhoneState 1
03-02 11:24:14.343  1621  1666 I SmartPower: com.instagram.barcelona/10075(25289): idle->background(4455ms) R(broadcast start Intent { act=android.intent.action.BATTERY_CHANGED flg=0x60000010 (has extras) }) adj=905.
03-02 11:24:14.343 27868 27868 D nativeloader: Load libforcedarkimpl.so using system ns (caller=/system_ext/framework/miui-framework.jar): ok
03-02 11:24:14.344 27868 27868 D HWUI    : JNI_OnLoad success
03-02 11:24:14.344 27868 27868 I MiuiForceDarkConfig: setConfig density:2.750000, mainRule:0, secondaryRule:0, tertiaryRule:0
03-02 11:24:14.344  1621  1876 D AS.AudioService: setStreamVolumeIndexAS(8, 15, 1)
03-02 11:24:14.345   894 12821 V audio_utils::mutex: mutex_impl: audio_mutex initialized: ret:0  order:6
03-02 11:24:14.346  1621  1876 D AS.AudioService: setStreamVolumeIndexAS(8, 15, 2)
03-02 11:24:14.346  1104  1311 D Utils   : convertMessageToMetaData, Mime = audio/vorbis
03-02 11:24:14.347   894 12821 V audio_utils::mutex: mutex_impl: audio_mutex initialized: ret:0  order:6
03-02 11:24:14.347  1621  1650 I PowerHalWrapper: amsBoostNotify AMS_BOOST_PROCESS_CREATE_BOOST:true 
03-02 11:24:14.348  1621  1876 D AS.AudioService: setStreamVolumeIndexAS(8, 11, 4)
03-02 11:24:14.349   894 12821 V audio_utils::mutex: mutex_impl: audio_mutex initialized: ret:0  order:6
03-02 11:24:14.350  1621  1876 D AS.AudioService: setStreamVolumeIndexAS(8, 11, 32)
03-02 11:24:14.351   894 12821 V audio_utils::mutex: mutex_impl: audio_mutex initialized: ret:0  order:6
03-02 11:24:14.353  1621  1666 I SmartPower: com.facebook.stella/10126(26172): idle->background(2432ms) R(broadcast start Intent { act=android.intent.action.BATTERY_CHANGED flg=0x60000010 (has extras) }) adj=905.
03-02 11:24:14.353  1621  1876 D AS.AudioService: setStreamVolumeIndexAS(8, 9, 128)
03-02 11:24:14.354   894 12821 V audio_utils::mutex: mutex_impl: audio_mutex initialized: ret:0  order:6
03-02 11:24:14.355   863   958 I mtkpower@impl: [powerd_req] TIMER_MSG_PERF_LOCK_TIMEOUT hdl:367576
03-02 11:24:14.355   863   958 I libPowerHal: [perfLockRel] hdl:367576, idx:2
03-02 11:24:14.355   863   958 I libPowerHal: [unsetGPUFreq] current min:0, max:0; scn_gpu_min:0, scn_gpu_max:-1; scn_gpu_min(HL):-1, scn_gpu_max(HL):-1
03-02 11:24:14.355   863   958 I libPowerHal: [setGPUFreq] Soft min/max = (0, 0); Hard min/max = (31, 0)
03-02 11:24:14.355   863   958 I libPowerHal: [setGPUFreq] final min/max = (0, 0)
03-02 11:24:14.355   863   958 I libPowerHal: MTKPOWER_HINT_APP_TOUCH: set gpu opp level: 0
03-02 11:24:14.355   863   958 I libPowerHal: MTKPOWER_HINT_APP_TOUCH: set gpu opp level max: 0
03-02 11:24:14.356   863   958 I libPowerHal: [PD] MTKPOWER_HINT_APP_TOUCH update cmd:1408100 param:0, pr:6
03-02 11:24:14.359  1621  1922 I SmartPower: com.twitter.android/10302(27538): background->idle(5117ms) R(service end com.twitter.android/androidx.work.impl.background.systemjob.SystemJobService) adj=905.
03-02 11:24:14.361   863   958 I libPowerHal: [PD] MTKPOWER_HINT_APP_TOUCH update cmd:1408300 param:0, pr:6
03-02 11:24:14.362  1621  1876 D AS.AudioService: setStreamVolumeIndexAS(8, 11, 1073741824)
03-02 11:24:14.362   894 12821 V audio_utils::mutex: mutex_impl: audio_mutex initialized: ret:0  order:6
03-02 11:24:14.363   863   958 I libPowerHal: [PD] MTKPOWER_HINT_APP_TOUCH update cmd:410000 param:0, pr:6
03-02 11:24:14.363  1621  1876 D AS.AudioService: setStreamVolumeIndexAS(10, 12, 1)
03-02 11:24:14.364   894 23088 V audio_utils::mutex: mutex_impl: audio_mutex initialized: ret:0  order:6
03-02 11:24:14.370   863   958 I libPowerHal: [PD] MTKPOWER_HINT_APP_TOUCH update cmd:400000 param:1800000 pr:3
03-02 11:24:14.371   863   958 I libPowerHal: [PD] MTKPOWER_HINT_APP_TOUCH update cmd:400100 param:2000000 pr:3
03-02 11:24:14.371   863   958 I libPowerHal: value: 0
03-02 11:24:14.371   863   958 I libPowerHal: [PD] MTKPOWER_HINT_APP_TOUCH update cmd:410000 param:0 pr:6
03-02 11:24:14.372   863   958 I libPowerHal: [recordCPUFreqInfo] set cluster[0] min(system_server): 1800000 max(-1): -1 cluster[1] min(system_server): 2000000 max(-1): -1
03-02 11:24:14.372   863   958 I libPowerHal: [perfLockRel] Done for hdl : 367576
03-02 11:24:14.373  1621  1873 V AS.AudioDeviceBroker: requestedCommunicationDevice: AudioDeviceAttributes: role:output type:earpiece addr: name:2404ARN45A profiles:[{ENCODING_PCM_16BIT, sampling rates=[44100, 48000], channel masks=0x04, encapsulation type=0}, {ENCODING_PCM_32BIT, sampling rates=[44100, 48000], channel masks=0x04, encapsulation type=0}, {ENCODING_PCM_FLOAT, sampling rates=[44100, 48000], channel masks=0x04, encapsulation type=0}] descriptors:[] mAudioModeOwner: AudioModeInfo: mMode=MODE_NORMAL, mPid=0, mUid=0
03-02 11:24:14.381 27941 27941 D nativeloader: Load libframework-connectivity-tiramisu-jni.so using APEX ns com_android_tethering for caller /apex/com.android.tethering/javalib/framework-connectivity-t.jar: ok
03-02 11:24:14.382   857   857 D android.hardware.lights-service.mediatek: write 334 to /sys/class/leds/lcd-backlight/brightness, result: 0
03-02 11:24:14.382   857   857 D android.hardware.lights-service.mediatek: write 334 to /sys/class/mi_display/disp-DSI-0/brightness_clone, result: 0
03-02 11:24:14.383   894 12821 D APM::AudioPolicyEngine: getDevices ForStrategy() strategy 1, device 0x1 avadevice 0x1, 0x2, 0x10000, 0x100000 sfu [0]:0, [1]:0, [4]:11
03-02 11:24:14.383  1621  1876 D AS.AudioService: setStreamVolumeIndexAS(10, 15, 2)
03-02 11:24:14.384   894 12821 V audio_utils::mutex: mutex_impl: audio_mutex initialized: ret:0  order:6
03-02 11:24:14.385  1621  1873 D AS.BtHelper: isBluetoothScoOn() mBluetoothHeadset is null: falsemBluetoothHeadsetDevice is null: true
03-02 11:24:14.384  1999  1999 D TouchInteractionService: onSystemUiFlagsChanged, mSystemUiStateFlags=50020004
03-02 11:24:14.385  1621  1873 V AS.AudioDeviceBroker: requestedCommunicationDevice: AudioDeviceAttributes: role:output type:earpiece addr: name:2404ARN45A profiles:[{ENCODING_PCM_16BIT, sampling rates=[44100, 48000], channel masks=0x04, encapsulation type=0}, {ENCODING_PCM_32BIT, sampling rates=[44100, 48000], channel masks=0x04, encapsulation type=0}, {ENCODING_PCM_FLOAT, sampling rates=[44100, 48000], channel masks=0x04, encapsulation type=0}] descriptors:[] mAudioModeOwner: AudioModeInfo: mMode=MODE_NORMAL, mPid=0, mUid=0
03-02 11:24:14.386  1621  1873 V AS.AudioDeviceBroker: requestedCommunicationDevice: AudioDeviceAttributes: role:output type:earpiece addr: name:2404ARN45A profiles:[{ENCODING_PCM_16BIT, sampling rates=[44100, 48000], channel masks=0x04, encapsulation type=0}, {ENCODING_PCM_32BIT, sampling rates=[44100, 48000], channel masks=0x04, encapsulation type=0}, {ENCODING_PCM_FLOAT, sampling rates=[44100, 48000], channel masks=0x04, encapsulation type=0}] descriptors:[] mAudioModeOwner: AudioModeInfo: mMode=MODE_NORMAL, mPid=0, mUid=0
03-02 11:24:14.386  1621  1876 D AS.AudioService: setStreamVolumeIndexAS(10, 10, 4)
03-02 11:24:14.387   894 12821 V audio_utils::mutex: mutex_impl: audio_mutex initialized: ret:0  order:6
03-02 11:24:14.388  1621  1876 D AS.AudioService: setStreamVolumeIndexAS(10, 10, 8)
03-02 11:24:14.388   894 23088 V audio_utils::mutex: mutex_impl: audio_mutex initialized: ret:0  order:6
03-02 11:24:14.394  1621  1876 D AS.AudioService: setStreamVolumeIndexAS(10, 9, 32)
03-02 11:24:14.395   894 23088 V audio_utils::mutex: mutex_impl: audio_mutex initialized: ret:0  order:6
03-02 11:24:14.396  1621  1876 D AS.AudioService: setStreamVolumeIndexAS(10, 15, 128)
03-02 11:24:14.397   894 23088 V audio_utils::mutex: mutex_impl: audio_mutex initialized: ret:0  order:6
03-02 11:24:14.398  1621  1876 D AS.AudioService: setStreamVolumeIndexAS(10, 15, 536870912)
03-02 11:24:14.403   894  7410 V audio_utils::mutex: mutex_impl: audio_mutex initialized: ret:0  order:6
03-02 11:24:14.404  1621  1876 D AS.AudioService: setStreamVolumeIndexAS(10, 6, 1073741824)
03-02 11:24:14.405   894 12821 V audio_utils::mutex: mutex_impl: audio_mutex initialized: ret:0  order:6
03-02 11:24:14.406 27316 27316 W BpBinder: Slow Binder: BpBinder transact took 12031 ms, interface=android.app.IActivityManager, code=1598246212 oneway=false
03-02 11:24:14.410  1621  5054 I AS.AudioService: getMode, mode = 1
03-02 11:24:14.411   894 23088 D APM::AudioPolicyEngine: getDevices ForStrategy() strategy 0, device 0x2 avadevice 0x1, 0x2, 0x10000, 0x100000 sfu [0]:0, [1]:0, [4]:11
03-02 11:24:14.414  1621  2655 D AS.BtHelper: isBluetoothScoOn() mBluetoothHeadset is null: falsemBluetoothHeadsetDevice is null: true
03-02 11:24:14.415  1621  2655 V AS.AudioDeviceBroker: requestedCommunicationDevice: AudioDeviceAttributes: role:output type:earpiece addr: name:2404ARN45A profiles:[{ENCODING_PCM_16BIT, sampling rates=[44100, 48000], channel masks=0x04, encapsulation type=0}, {ENCODING_PCM_32BIT, sampling rates=[44100, 48000], channel masks=0x04, encapsulation type=0}, {ENCODING_PCM_FLOAT, sampling rates=[44100, 48000], channel masks=0x04, encapsulation type=0}] descriptors:[] mAudioModeOwner: AudioModeInfo: mMode=MODE_RINGTONE, mPid=1621, mUid=1000
03-02 11:24:14.415   894 23088 V AudioPolicyInterfaceImpl: setForceUse()
03-02 11:24:14.416   894 23088 D APM_AudioPolicyManager: [MTK_APM_Route]setForceUse() usage 7, config 0, mPhoneState 1
03-02 11:24:14.416   857   857 D android.hardware.lights-service.mediatek: write 335 to /sys/class/leds/lcd-backlight/brightness, result: 0
03-02 11:24:14.416   857   857 D android.hardware.lights-service.mediatek: write 335 to /sys/class/mi_display/disp-DSI-0/brightness_clone, result: 0
03-02 11:24:14.417  1621  2655 D AS.BtHelper: isBluetoothScoOn() mBluetoothHeadset is null: falsemBluetoothHeadsetDevice is null: true
03-02 11:24:14.419   894 23088 D APM::AudioPolicyEngine: getDevices ForStrategy() strategy 0, device 0x2 avadevice 0x1, 0x2, 0x10000, 0x100000 sfu [0]:0, [1]:0, [4]:11
03-02 11:24:14.420  1621  2655 V AS.AudioDeviceBroker: requestedCommunicationDevice: AudioDeviceAttributes: role:output type:earpiece addr: name:2404ARN45A profiles:[{ENCODING_PCM_16BIT, sampling rates=[44100, 48000], channel masks=0x04, encapsulation type=0}, {ENCODING_PCM_32BIT, sampling rates=[44100, 48000], channel masks=0x04, encapsulation type=0}, {ENCODING_PCM_FLOAT, sampling rates=[44100, 48000], channel masks=0x04, encapsulation type=0}] descriptors:[] mAudioModeOwner: AudioModeInfo: mMode=MODE_RINGTONE, mPid=1621, mUid=1000
03-02 11:24:14.425 27941 27941 I MessageMonitor: Load libmiui_runtime
03-02 11:24:14.425  1621  5054 D AS.BtHelper: isBluetoothScoOn() mBluetoothHeadset is null: falsemBluetoothHeadsetDevice is null: true
03-02 11:24:14.426  1621  5054 V AS.AudioDeviceBroker: requestedCommunicationDevice: AudioDeviceAttributes: role:output type:earpiece addr: name:2404ARN45A profiles:[{ENCODING_PCM_16BIT, sampling rates=[44100, 48000], channel masks=0x04, encapsulation type=0}, {ENCODING_PCM_32BIT, sampling rates=[44100, 48000], channel masks=0x04, encapsulation type=0}, {ENCODING_PCM_FLOAT, sampling rates=[44100, 48000], channel masks=0x04, encapsulation type=0}] descriptors:[] mAudioModeOwner: AudioModeInfo: mMode=MODE_RINGTONE, mPid=1621, mUid=1000
03-02 11:24:14.426 13966 13966 I ayus    : #onStop - FloatyInputFragmentPeer
03-02 11:24:14.427  1621  2188 D AS.BtHelper: isBluetoothScoOn() mBluetoothHeadset is null: falsemBluetoothHeadsetDevice is null: true
03-02 11:24:14.428  1621  2188 V AS.AudioDeviceBroker: requestedCommunicationDevice: AudioDeviceAttributes: role:output type:earpiece addr: name:2404ARN45A profiles:[{ENCODING_PCM_16BIT, sampling rates=[44100, 48000], channel masks=0x04, encapsulation type=0}, {ENCODING_PCM_32BIT, sampling rates=[44100, 48000], channel masks=0x04, encapsulation type=0}, {ENCODING_PCM_FLOAT, sampling rates=[44100, 48000], channel masks=0x04, encapsulation type=0}] descriptors:[] mAudioModeOwner: AudioModeInfo: mMode=MODE_RINGTONE, mPid=1621, mUid=1000
03-02 11:24:14.431  1621  1801 I MIUIInput: [MotionEvent] notifyMotion - eventTime=612247979958000, deviceId=3, source=0x1002, policyFlags=0x0, action=0x1, flags=0x0, downTime=612247768324000
03-02 11:24:14.431 13966 13966 I aqld    : #notifyUserExitedFloatyResponseScreen
03-02 11:24:14.432  1621  1800 I MIUIInput: [MotionEvent] publisher action=0x1, deviceId=3, 612247979, channel '5b2ee94 StatusBar (server)'
03-02 11:24:14.432  1621  1800 I MIUIInput: [MotionEvent] publisher action=0x1, deviceId=3, 612247979, channel '[Gesture Monitor] onehanded-touch (server)'
03-02 11:24:14.432   857   857 D android.hardware.lights-service.mediatek: write 337 to /sys/class/leds/lcd-backlight/brightness, result: 0
03-02 11:24:14.432 13966 13966 I azdq    : #onStop (PageContainer)
03-02 11:24:14.432  1621  1800 I MIUIInput: [MotionEvent] publisher action=0x1, deviceId=3, 612247979, channel '[Gesture Monitor] miui-gesture (server)'
03-02 11:24:14.432   857   857 D android.hardware.lights-service.mediatek: write 337 to /sys/class/mi_display/disp-DSI-0/brightness_clone, result: 0
03-02 11:24:14.432 13966 13966 I azdq    : Activity stopping, saving floaty's state
03-02 11:24:14.432   863   958 I libPowerHal: [perfLockRel] hdl:367576, idx:-1
03-02 11:24:14.433 13966 13966 I anoi    : Not stopping. No query to stop
03-02 11:24:14.433  2363  2581 D BluetoothDevice: getMetadata()
03-02 11:24:14.433 13966 13966 I anoi    : Not stopping. Activity fully started.
03-02 11:24:14.434  1621  1648 D PerfMTKStubImpl: perfLockRelease
03-02 11:24:14.434 13966  4112 I aycx    : #createPersistedState
03-02 11:24:14.434  1621  1648 I mtkpower_client: perf_lock_rel, hdl:367526, tid:1648
03-02 11:24:14.435   863   958 I libPowerHal: [perfLockRel] hdl:367526, idx:-1
03-02 11:24:14.435 13966  4112 I aycx    : #savePersistedState
03-02 11:24:14.436 13966  4112 I ayzy    : (REDACTED) buildNewState: %s, %s
03-02 11:24:14.438  1621  1648 D PerfMTKStubImpl: perfLockAcquire
03-02 11:24:14.438  1621  1648 I mtkpower_client: perf_lock_acq, hdl:367526, dur:966, num:8, pid:1621, tid:1648
03-02 11:24:14.439  2363  2363 D GestureObserver: update disable state, disabled true, mNotificationPanelExpand true, mControlCenterExpand false, mInPinnedMode false, mKeyguardShowing false
03-02 11:24:14.440  1999  1999 D OnLongClickAgent: reset:   removeMessages MSG_LONG_CLICK
03-02 11:24:14.440   863   958 I libPowerHal: [perfLockAcq] idx:1 hdl:367578 hint:-1 pid:1621 tid:1648 duration:966 lock_user:system_server => ret_hdl:367578
03-02 11:24:14.440  1999  1999 D OnLongClickAgent: reset:   removeMessages MSG_LONG_CLICK
03-02 11:24:14.440  1999  1999 D OnLongClickAgent: reset:   removeMessages MSG_LONG_CLICK
03-02 11:24:14.440   863   958 I libPowerHal: [setGPUFreq] system_server user set gpu freq min:0, max:-1
03-02 11:24:14.440   863   958 I libPowerHal: system_server: set gpu opp level max: 0
03-02 11:24:14.440  1999  1999 D OnLongClickAgent: reset:   removeMessages MSG_LONG_CLICK
03-02 11:24:14.440  1999  1999 D OnLongClickAgent: reset:   removeMessages MSG_LONG_CLICK
03-02 11:24:14.440  1999  1999 D OnLongClickAgent: reset:   removeMessages MSG_LONG_CLICK
03-02 11:24:14.440   863   958 I libPowerHal: [setGPUFreq] Soft min/max = (0, 0); Hard min/max = (31, 0)
03-02 11:24:14.440  1999  1999 D OnLongClickAgent: reset:   removeMessages MSG_LONG_CLICK
03-02 11:24:14.440   863   958 I libPowerHal: [setGPUFreq] final min/max = (0, 0)
03-02 11:24:14.440   863   958 I libPowerHal: system_server: set gpu opp level: 0
03-02 11:24:14.440  1999  1999 D OnLongClickAgent: reset:   removeMessages MSG_LONG_CLICK
03-02 11:24:14.441   863   958 I libPowerHal: system_server: set gpu opp level max: 0
03-02 11:24:14.441   863   958 I libPowerHal: [perfLockAcq] Done for hdl : 367578
03-02 11:24:14.442  1621  1648 I mtkpower_client: ret_hdl:367578
03-02 11:24:14.442  1621  1648 D PerfMTKStubImpl: mtkPowerHint
03-02 11:24:14.444  1621  1922 I SmartPower: com.milink.service:audio/10190(19603): background->idle(3004ms) R(broadcast start Intent { act=android.intent.action.PACKAGE_CHANGED dat=package: flg=0x45000010 (has extras) }) adj=100.
03-02 11:24:14.444  1621  1922 I SmartPower: com.google.android.apps.messaging/10167(27461): background->idle(6128ms) R(broadcast start Intent { act=android.intent.action.PACKAGE_CHANGED dat=package: flg=0x45000010 (has extras) }) adj=200.
03-02 11:24:14.444  1621  1922 I SmartPower: com.google.android.apps.messaging:rcs/10167(19877): background->idle(3006ms) R(broadcast start Intent { act=android.intent.action.PACKAGE_CHANGED dat=package: flg=0x45000010 (has extras) }) adj=200.
03-02 11:24:14.444   863   958 I libPowerHal: [perfLockAcq] idx:2 hdl:367579 hint:900 pid:863 tid:863 duration:1116 lock_user:vendor.mediatek => ret_hdl:367579
03-02 11:24:14.444   863   958 I ThermalBreakConfigReader: [getTargetfreqinfo] [getTargetfreqinfo] scroll get target result freq:boost:1 cpu0:1800000 cpu6:2000000 cpumask:ff
03-02 11:24:14.444   863   958 I ExtendedPerfBoost: [thermalbreak_verification] needbreak curr breakmode 1, scence id 0, set: boost:1 cpu0:1800000 cpu6:2000000 cpumask:ff
03-02 11:24:14.444   863   958 I ExtendedPerfBoost: [triggerList_add] [triggerList_add] come into triggerList_add
03-02 11:24:14.444   863   958 I ExtendedPerfBoost: [triggerList_add] get item from freelist 0x6fcc5ba018
03-02 11:24:14.444   863   958 I ExtendedPerfBoost: [triggerList_add] init new item prio:0, duration:1116, param:boost:1 cpu0:1800000 cpu6:2000000 cpumask:ff
03-02 11:24:14.445   863   958 I ExtendedPerfBoost: [triggerList_add] add item prio in empty list
03-02 11:24:14.445   863   958 I ExtendedPerfBoost: [trig_thermalbreak] trigger one node
03-02 11:24:14.445   863   958 I ExtendedUtils: [timer_sampling_set] come in timer_sampling_set, duration :1115
03-02 11:24:14.445   863   958 I ExtendedUtils: [settimer] come in settimer, time_now :612247994, time_end: 612249109
03-02 11:24:14.445   863   958 I ExtendedPerfBoost: [setThermalBreak] [setThermalBreak] : boost:1 cpu0:1800000 cpu6:2000000 cpumask:ff
03-02 11:24:14.445   863   958 I libPowerHal: [perfLockAcq] Done for hdl : 367579
03-02 11:24:14.446  1621  5054 D SymlinkUtils: attachApplication file op go pass: 0 ms
03-02 11:24:14.447   863   958 I libPowerHal: [perfLockRel] hdl:367527, idx:-1
03-02 11:24:14.447 27868 27868 I ActivityThread: Miui Feature Init done
03-02 11:24:14.449  1621  1648 E MTKBoostFramework: mtkPowerHint java.lang.NullPointerException: Attempt to invoke virtual method 'int java.lang.Integer.intValue()' on a null object reference
03-02 11:24:14.449  1621  1648 D PerfMTKStubImpl: perfLockRelease
03-02 11:24:14.449  1621  1648 I mtkpower_client: perf_lock_rel, hdl:367577, tid:1648
03-02 11:24:14.450  1104  2196 D Utils   : convertMessageToMetaData, Mime = audio/vorbis
03-02 11:24:14.451   863   958 I libPowerHal: [perfLockRel] hdl:367577, idx:3
03-02 11:24:14.451   863   958 I libPowerHal: [unsetGPUFreq] current min:0, max:0; scn_gpu_min:0, scn_gpu_max:-1; scn_gpu_min(HL):-1, scn_gpu_max(HL):-1
03-02 11:24:14.451   863   958 I libPowerHal: [setGPUFreq] Soft min/max = (0, 0); Hard min/max = (31, 0)
03-02 11:24:14.451   863   958 I libPowerHal: [setGPUFreq] final min/max = (0, 0)
03-02 11:24:14.451   863   958 I libPowerHal: system_server: set gpu opp level: 0
03-02 11:24:14.451  1621 27911 D Ringtone: Successfully created local player
03-02 11:24:14.451   863   958 I libPowerHal: system_server: set gpu opp level max: 0
03-02 11:24:14.452  1621  1648 D Aurogon :  uid = 10166 switch to FG
03-02 11:24:14.452   863   958 I libPowerHal: [perfLockRel] Done for hdl : 367577
03-02 11:24:14.441  1999  1999 D OnLongClickAgent: reset:   removeMessages MSG_LONG_CLICK
03-02 11:24:14.455  1999  1999 D OnLongClickAgent: reset:   removeMessages MSG_LONG_CLICK
03-02 11:24:14.455  1999  1999 D OnLongClickAgent: reset:   removeMessages MSG_LONG_CLICK
03-02 11:24:14.455  1999  1999 D OnLongClickAgent: reset:   removeMessages MSG_LONG_CLICK
03-02 11:24:14.455  1999  1999 D OnLongClickAgent: reset:   removeMessages MSG_LONG_CLICK
03-02 11:24:14.455  1999  1999 D OnLongClickAgent: reset:   removeMessages MSG_LONG_CLICK
03-02 11:24:14.455  1999  1999 D OnLongClickAgent: reset:   removeMessages MSG_LONG_CLICK
03-02 11:24:14.455  1999  1999 D OnLongClickAgent: reset:   removeMessages MSG_LONG_CLICK
03-02 11:24:14.455  1999  1999 D OnLongClickAgent: reset:   removeMessages MSG_LONG_CLICK
03-02 11:24:14.455  1999  1999 D OnLongClickAgent: reset:   removeMessages MSG_LONG_CLICK
