03-02 11:24:11.559  1097  1127 D gps_controlller: mnld_get_sys_loadtype: MNLD sys loadtype:0
03-02 11:24:11.560  1097  1127 W libc    : Access denied finding property "ro.logsystem.usertype"
03-02 11:24:11.560  1097  1127 D gps_dbg_log: gps_dbg_log_property_load: Get debuglog_limit_size(get from vendor.gpsdbglog.size) fail, use default value = 3000 MB
03-02 11:24:11.560  1097  1127 D gps_controlller: mnld_gps_start_impl: go to default/meta log mode
03-02 11:24:11.560  1097  1127 D mnl2hal : mnl2hal_update_gnss_name: mnl2hal_update_gnss_name, str=MediaTek,MT,MTK_MNLD_14_1.00,MNL_VER_24090501ALPS05_8.00_00, len=59
03-02 11:24:11.561   847  2229 D android.hardware.gnss-service.mediatek: update_gnss_name: length=59, name=MediaTek,MT,MTK_MNLD_14_1.00,MNL_VER_24090501ALPS05_8.00_00
03-02 11:24:11.561  1097  1127 D pseudo  : mtk_gps_sys_init: nvram_init_val Ready
03-02 11:24:11.563 21243 27431 W unknown:ViewManagerPropertyUpdater: Could not find generated setter for class com.horcrux.svg.RenderableViewManager$RadialGradientManager
03-02 11:24:11.563   857   857 D android.hardware.lights-service.mediatek: write 238 to /sys/class/leds/lcd-backlight/brightness, result: 0
03-02 11:24:11.564   857   857 D android.hardware.lights-service.mediatek: write 238 to /sys/class/mi_display/disp-DSI-0/brightness_clone, result: 0
03-02 11:24:11.567 26473 27584 D DownloadManager_Job: meteredAllowed=false
03-02 11:24:11.569  1097  1127 D NVRAM   : NVM_Init
03-02 11:24:11.570 26473 27584 D DownloadManager_Job: activeNetworkMetered=true
03-02 11:24:11.580 26473 27584 D DownloadManager_Job: meteredAllowed=false
03-02 11:24:11.581 21243 27431 W unknown:ViewManagerPropertyUpdater: Could not find generated setter for class com.facebook.react.views.unimplementedview.ReactUnimplementedViewManager
03-02 11:24:11.582  1621  1922 I SmartPower: com.google.android.inputmethod.latin/10179(2526): background->idle(3001ms) R(broadcast start Intent { act=android.net.conn.CONNECTIVITY_CHANGE flg=0x4200010 (has extras) }) adj=100.
03-02 11:24:11.582 26473 27584 D DownloadManager_Job: activeNetworkMetered=true
03-02 11:24:11.584  1621  1922 I SmartPower: com.miui.home/10166(1999): background->idle(3002ms) R(broadcast start Intent { act=android.net.conn.CONNECTIVITY_CHANGE flg=0x4200010 (has extras) }) adj=100.
03-02 11:24:11.589  1621  1922 I SmartPower: com.android.vending/10157(19536): background->idle(3002ms) R(broadcast start Intent { act=android.net.conn.CONNECTIVITY_CHANGE flg=0x4200010 (has extras) }) adj=200.
03-02 11:24:11.594  1621  1922 I SmartPower: com.miui.analytics/99910168(25758): background->idle(3001ms) R(broadcast start Intent { act=android.net.conn.CONNECTIVITY_CHANGE flg=0x4200010 (has extras) }) adj=800.
03-02 11:24:11.595 26473 27584 D DownloadManager_Job: meteredAllowed=false
03-02 11:24:11.597 21243 27431 W unknown:ViewManagerPropertyUpdater: Could not find generated setter for class com.horcrux.svg.RenderableViewManager$FeOffsetManager
03-02 11:24:11.598 26473 27584 D DownloadManager_Job: activeNetworkMetered=true
03-02 11:24:11.599   857   857 D android.hardware.lights-service.mediatek: write 239 to /sys/class/leds/lcd-backlight/brightness, result: 0
03-02 11:24:11.599   857   857 D android.hardware.lights-service.mediatek: write 239 to /sys/class/mi_display/disp-DSI-0/brightness_clone, result: 0
03-02 11:24:11.600  1097  1127 W mnld    : [libfstab] Warning: unknown flag: resize
03-02 11:24:11.603 27699 27699 V GraphicsEnvironment: Currently set values for:
03-02 11:24:11.603 27699 27699 V GraphicsEnvironment:   angle_gl_driver_selection_pkgs=[]
03-02 11:24:11.603 27699 27699 V GraphicsEnvironment:   angle_gl_driver_selection_values=[]
03-02 11:24:11.603 27699 27699 V GraphicsEnvironment: Global.Settings values are invalid: number of packages: 0, number of values: 0
03-02 11:24:11.603 27699 27699 V GraphicsEnvironment: Neither updatable production driver nor prerelease driver is supported.
03-02 11:24:11.605 27699 27699 I ActivityThread: TrafficStats init done
03-02 11:24:11.606 26473 27584 D DownloadManager_Job: meteredAllowed=false
03-02 11:24:11.607 27517 27588 V ContactsProvider: 0 Dangling Contacts have been cleaned up.
03-02 11:24:11.607 27517 27588 V ContactsTaskScheduler: [ContactsProvider2] Thread[Worker-1,5,main] dispatching end 13
03-02 11:24:11.607 27517 27588 V ContactsTaskScheduler: [ContactsProvider2] Thread[Worker-1,5,main] dispatching 101
03-02 11:24:11.607 27517 27588 V ContactsTaskScheduler: [ContactsProvider2] Thread[Worker-1,5,main] dispatching end 101
03-02 11:24:11.609 26473 27584 D DownloadManager_Job: activeNetworkMetered=true
03-02 11:24:11.609 27517 27721 V ContactsTaskScheduler: [ContactsPackageMonitor] Thread[Worker-1,5,main] dispatching end 0
03-02 11:24:11.610  1621  1730 D ForceDarkAppConfigProvider: cloudConfigVersion: -1   localConfigVersion:20250515
03-02 11:24:11.611  1621  1730 I UiModeManager: systemserver package:com.truecaller null
03-02 11:24:11.612  1097  1127 E mnld    : [libfstab] ReadFstabFromFile(): failed to access() DSU booted indicator: Permission denied
03-02 11:24:11.612 21243 27431 W unknown:ViewManagerPropertyUpdater: Could not find generated setter for class com.horcrux.svg.RenderableViewManager$PathViewManager
03-02 11:24:11.612  1097  1127 I mnld    : [libfstab] ReadDefaultFstab(): failed to find device default fstab
03-02 11:24:11.612  1097  1127 D NVRAM   : failed to read fstab 
03-02 11:24:11.612  1097  1127 D NVRAM   : failed to get partition path
03-02 11:24:11.612  1097  1127 D NVRAM   : NVM_GetFileDesc--NVM_Init fail !!!
03-02 11:24:11.612  1097  1127 D pseudo  : mtk_gps_sys_init: GPS NVRam gps_nvram_fd == NULL 
03-02 11:24:11.612  1097  1127 D mnld_uti: adie_chip_detector: adie_chip_id can't get,set default value!
03-02 11:24:11.612  1097  1127 D mnld_uti: adie_chip_detector: adie_chip_id can't get,set default value!
03-02 11:24:11.612  1097  1127 D gps_controlller: is_mnld_l1_only: L1 ONLY set be true adie(0:default 1:6631 2:6635 3:6637): 0
03-02 11:24:11.613 27699 27699 I ForceDarkHelperStubImpl: initialize for com.truecaller , ForceDarkAppConfig: null
03-02 11:24:11.617 27699 27699 D nativeloader: Load libforcedarkimpl.so using system ns (caller=/system_ext/framework/miui-framework.jar): ok
03-02 11:24:11.617 27699 27699 D HWUI    : JNI_OnLoad success
03-02 11:24:11.618 27699 27699 I MiuiForceDarkConfig: setConfig density:2.750000, mainRule:0, secondaryRule:0, tertiaryRule:0
03-02 11:24:11.620 26473 27584 D DownloadManager_Job: meteredAllowed=false
03-02 11:24:11.622 26473 27584 D DownloadManager_Job: activeNetworkMetered=true
03-02 11:24:11.630 26473 27584 D DownloadManager_Job: meteredAllowed=false
03-02 11:24:11.630   857   857 D android.hardware.lights-service.mediatek: write 240 to /sys/class/leds/lcd-backlight/brightness, result: 0
03-02 11:24:11.630   857   857 D android.hardware.lights-service.mediatek: write 240 to /sys/class/mi_display/disp-DSI-0/brightness_clone, result: 0
03-02 11:24:11.630 21243 27431 W unknown:ViewManagerPropertyUpdater: Could not find generated setter for class com.facebook.react.views.drawer.ReactDrawerLayoutManager
03-02 11:24:11.632 26473 27584 D DownloadManager_Job: activeNetworkMetered=true
03-02 11:24:11.633  1097  1127 D gps_controlller: is_mnld_l1_only: L1 ONLY set be true mnl_config_xml.xml_feature_config = 1, mnl_config_xml.xml_feature_setting[0][0] = 1
03-02 11:24:11.633  1097  1127 D gps_controlller: linux_gps_init: dsp port2: none
03-02 11:24:11.633  1097  1127 D gps_controlller: linux_gps_init: CLKEXT_NIOnly: 0
03-02 11:24:11.633 27699 27699 I ActivityThread: Miui Feature Init done
03-02 11:24:11.641 26473 27584 D DownloadManager_Job: meteredAllowed=false
03-02 11:24:11.643 26473 27584 D DownloadManager_Job: activeNetworkMetered=true
03-02 11:24:11.646  1055  1186 D connsyslogger: SD_LOG_ROOT is /data/debuglogger/connsyslog/fw.
03-02 11:24:11.646  1055  1186 D connsyslogger: systemReady:1
03-02 11:24:11.650 26473 27584 D DownloadManager_Job: meteredAllowed=false
03-02 11:24:11.653 26473 27584 D DownloadManager_Job: activeNetworkMetered=true
03-02 11:24:11.653 21243 27431 W unknown:ViewManagerPropertyUpdater: Could not find generated setter for class com.facebook.react.views.textinput.ReactTextInputManager
03-02 11:24:11.657 21243 27431 W unknown:ViewManagerPropertyUpdater: Could not find generated setter for class com.facebook.react.views.textinput.ReactTextInputShadowNode
03-02 11:24:11.660 26473 27584 D DownloadManager_Job: meteredAllowed=false
03-02 11:24:11.661  1097  1127 D gps_controlller: linux_gps_init: open dsp successfully(fd:31)
03-02 11:24:11.662 26473 27584 D DownloadManager_Job: activeNetworkMetered=true
03-02 11:24:11.663  1097  1127 D gps_controlller: mnld_get_clock_type_from_ioctl: GPS coclock, buffer 2, coTMS
03-02 11:24:11.663   857   857 D android.hardware.lights-service.mediatek: write 241 to /sys/class/leds/lcd-backlight/brightness, result: 0
03-02 11:24:11.664  1097  1127 D gps_controlller: linux_gps_init: Get chip version type (ffff6768) 
03-02 11:24:11.664  1097  1127 D gps_controlller: mnld_get_sys_loadtype: MNLD sys loadtype:0
03-02 11:24:11.664  1097  1127 D gps_controlller: linux_gps_init: [hal version] = 1.4, [mnld version] = MTK_MNLD_14_1.00
03-02 11:24:11.664  1097  1127 D gps_controlller: linux_gps_init: linux_gps_init:ADC emi address:0x00000000
03-02 11:24:11.664  1097  1127 D gps_controlller: linux_gps_init: driver_cfg.basic.ext offset=206, size=6, magic=0xaa55, ver=0x0102
03-02 11:24:11.665  1097  1127 D gps_controlller: linux_gps_init: u4Bitmap= 0, init_cfg.C0 = 0.969102,init_cfg.C1 = -0.285377,init_cfg.initU = -1168190839,init_cfg.lastU = 953267991,GNSSOPMode: 0x6,eLNA_pin:56, raw meas enable:0, fast_HTTFF_enabled:0, report_control:0x0, fast_agps_TTFF_enabled:1
03-02 11:24:11.665  1097  1127 W gps_controlller: linux_gps_init: session_id = 118l, suspend_en = 1, need_resume = 0
03-02 11:24:11.665   857   857 D android.hardware.lights-service.mediatek: write 241 to /sys/class/mi_display/disp-DSI-0/brightness_clone, result: 0
03-02 11:24:11.666  1097  1127 E gps_controlller: mtk_gps_md_status_get: can't get md_status, it set to -1
03-02 11:24:11.666  1097 27734 D gps_dbg_log: gps_dbg_log_thread: create: 73EB7C30, arg = 0x0

03-02 11:24:11.666  1097  1127 D gps_controlller: linux_gps_init: mtk_gps_md_status_get failed
03-02 11:24:11.666  1097  1127 D gps_controlller: linux_gps_init: NLP_enable = 1
03-02 11:24:11.666  1097 27734 D gps_dbg_log: gps_log_dir_check: open dir sucess

03-02 11:24:11.667  1097 27734 D gps_dbg_log: gps_log_dir_check: DirLogSize_temp:0, the latest OldGpsFile:!

03-02 11:24:11.667  1097 27734 D gps_dbg_log: gps_log_dir_check: After remove file gpsdebug log dir size:0!

03-02 11:24:11.667  1097 27734 D gps_dbg_log: gps_log_dir_check: dir size:0

03-02 11:24:11.670 26473 27584 D DownloadManager_Job: meteredAllowed=false
03-02 11:24:11.681 21243 27431 W unknown:ViewManagerPropertyUpdater: Could not find generated setter for class com.horcrux.svg.RenderableViewManager$DefsViewManager
03-02 11:24:11.682  1097  1127 D pseudo  : mtk_gps_sys_nmea_output_to_app: len:98, mnl_sys_driver_cfg_ext_validate: m = 1, o = 206/206, s = 6/6, m = 0xaa55/0xaa55, v = 0x0102/0x0102
03-02 11:24:11.682  1097  1127 D pseudo  : mtk_gps_sys_nmea_output_to_app: len:76, hw suspend validate = 1(0), enabled = 1(1), resume = 0(0), cb = 0x64e0959520
03-02 11:24:11.682  1097  1127 D pseudo  : mtk_gps_sys_nmea_output_to_app: len:87, ChipID,x,800001D0,y,FFFF6768,hw_ver,8A00,fw_ver,8A00,gnss_mode_flag,0,PM,0,mutex_init,1
03-02 11:24:11.686  1097  1127 D pseudo  : mtk_gps_sys_nmea_output_to_app: len:43, write gps debug log in MNLD,DebugType(0x10)
03-02 11:24:11.687  1097 27735 D pseudo  : mtk_gps_sys_nmea_output_to_app: len:37, thread_dsp_input_func: 0x7373db3c30

03-02 11:24:11.689  1097  1127 D pseudo  : mtk_gps_sys_nmea_output_to_app: len:21,  Agent epo init OK 

03-02 11:24:11.690  1097  1127 D gps_controlller: linux_gps_init: mtk_gps_mnl_run Status (18) 
03-02 11:24:11.690  1097 27737 D pseudo  : mtk_gps_sys_nmea_output_to_app: len:37,  Agent thread created: 0x7373babc30

03-02 11:24:11.690  1097  1127 D mpe     : mnl_mpe_thread_init: mpe enabled
03-02 11:24:11.690  1097 27738 D pseudo  : mtk_gps_sys_nmea_output_to_app: len:34, thread mnl create : 0x7373aa7c30

03-02 11:24:11.690  1097  1127 D mpe     : mnl_mpe_thread_init: register mpe cb 0,gMpeCallBackFunc= 0x64e0976930,mtk_gps_mnl_trigger_mpe=0x64e0976930
03-02 11:24:11.690  1097  1127 D pseudo  : mtk_gps_sys_nmea_output_to_app: len:49, [MTK_Sys_File_Read] fail u4_readed:0, u4Length:72
03-02 11:24:11.691  1097  1127 D gps_controlller: linux_gps_init: dsp port (/dev/stpgps),nmea port (UseCallback),nmea dbg port (/dev/ttygserial),dbg_file_name (/data/vendor/gps/gpsdebug.log),DebugType (16),nv_file_name (/data/vendor/gps/mtkgps.dat), mtk_gps_log_hide:0, socket_port:1048575, bitmap_nfw_ctrl:0x3,  RfPathLossDb_Ap:0.00, log_mode_bitmap:0x1, 3dma_enabled=0, basement_tunnel_enabled=0
03-02 11:24:11.691  1097  1127 D MNLD    : mtk_gps_dump_nfw_visibility: nfw_user_visibility[0]:0
03-02 11:24:11.691  1097  1127 W gps_controlller: mnld_gps_lp_mode_sync: mnld_gps_lp_mode_sync success, lp_mode:3
03-02 11:24:11.691  1097  1127 D pseudo  : mtk_gps_sys_nmea_output_to_app: len:32, MTK_PARAM_CMD_AIDING_CONFIG,1062
03-02 11:24:11.691  1097  1127 W gps_controlller: mnld_gps_lp_mode_sync: set ap aiding config 
03-02 11:24:11.691  1097  1127 W gps_controlller: mnld_gps_lp_mode_sync: set aiding config success, scp_aiding_config:7, ap_tracking_aiding_config:15
03-02 11:24:11.691  1097  1127 D pseudo  : mtk_gps_sys_nmea_output_to_app: len:27, MTK_PARAM_CMD_TMS_FREQ,1080
03-02 11:24:11.692  1097  1127 D gps_controlller: linux_gps_init: sib8_16_enable = 1,enable_debug2app = 0,lppe_enable = 1,enable_full_tracking = 0,        enable_corrvec_output = 0,capid_temp = 0,g_agps_version_sync=0,mnld_audio_info = 0,gnss_clock_rate=-1
03-02 11:24:11.692  1097  1127 D gps_controlller: linux_gps_init: no stored_accuracy
03-02 11:24:11.692  1097  1127 D gps_controlller: mnld_gps_start: mnld_gps_start() success
03-02 11:24:11.692  1097  1127 D gps_controlller: gps_control_thread: gps_control_thread wait
03-02 11:24:11.696 21243 27431 W unknown:ViewManagerPropertyUpdater: Could not find generated setter for class com.facebook.react.views.debuggingoverlay.DebuggingOverlayManager
03-02 11:24:11.699   857   857 D android.hardware.lights-service.mediatek: write 242 to /sys/class/leds/lcd-backlight/brightness, result: 0
03-02 11:24:11.699   857   857 D android.hardware.lights-service.mediatek: write 242 to /sys/class/mi_display/disp-DSI-0/brightness_clone, result: 0
03-02 11:24:11.709 21243 27431 W unknown:ViewManagerPropertyUpdater: Could not find generated setter for class com.horcrux.svg.RenderableViewManager$FeGaussianBlurManager
03-02 11:24:11.726 21243 27431 W unknown:ViewManagerPropertyUpdater: Could not find generated setter for class com.facebook.react.views.scroll.ReactHorizontalScrollViewManager
03-02 11:24:11.730   857   857 D android.hardware.lights-service.mediatek: write 243 to /sys/class/leds/lcd-backlight/brightness, result: 0
03-02 11:24:11.730   857   857 D android.hardware.lights-service.mediatek: write 243 to /sys/class/mi_display/disp-DSI-0/brightness_clone, result: 0
03-02 11:24:11.746 21243 27431 W unknown:ViewManagerPropertyUpdater: Could not find generated setter for class com.facebook.react.views.text.ReactTextViewManager
03-02 11:24:11.748 21243 27431 W unknown:ViewManagerPropertyUpdater: Could not find generated setter for class com.facebook.react.views.text.ReactTextShadowNode
03-02 11:24:11.760 26172 26289 I FWAEndpointSelector: Not Using E2E test http proxy or custom endpoint override: graph.facebook.com
03-02 11:24:11.761 26172 26289 I FWAEndToEndUtil: Not In E2E test
03-02 11:24:11.764 26172 26289 E FWAExceptionInterceptor: Exception while executing http request
03-02 11:24:11.764 21243 27431 W unknown:ViewManagerPropertyUpdater: Could not find generated setter for class com.facebook.react.views.scroll.ReactHorizontalScrollContainerViewManager
03-02 11:24:11.766   857   857 D android.hardware.lights-service.mediatek: write 244 to /sys/class/leds/lcd-backlight/brightness, result: 0
03-02 11:24:11.766   857   857 D android.hardware.lights-service.mediatek: write 244 to /sys/class/mi_display/disp-DSI-0/brightness_clone, result: 0
03-02 11:24:11.784 21243 27431 W unknown:ViewManagerPropertyUpdater: Could not find generated setter for class com.horcrux.svg.RenderableViewManager$ClipPathViewManager
03-02 11:24:11.790 27538 27549 W twitter.android: userfaultfd: MOVE ioctl seems unsupported: Connection timed out
03-02 11:24:11.797   857   857 D android.hardware.lights-service.mediatek: write 245 to /sys/class/leds/lcd-backlight/brightness, result: 0
03-02 11:24:11.798   857   857 D android.hardware.lights-service.mediatek: write 245 to /sys/class/mi_display/disp-DSI-0/brightness_clone, result: 0
03-02 11:24:11.800 21243 27431 W unknown:ViewManagerPropertyUpdater: Could not find generated setter for class com.horcrux.svg.RenderableViewManager$FeBlendManager
03-02 11:24:11.818 21243 27431 W unknown:ViewManagerPropertyUpdater: Could not find generated setter for class com.facebook.react.views.view.ReactViewManager
03-02 11:24:11.830   857   857 D android.hardware.lights-service.mediatek: write 246 to /sys/class/leds/lcd-backlight/brightness, result: 0
03-02 11:24:11.831   857   857 D android.hardware.lights-service.mediatek: write 246 to /sys/class/mi_display/disp-DSI-0/brightness_clone, result: 0
03-02 11:24:11.846 21243 27431 W unknown:ViewManagerPropertyUpdater: Could not find generated setter for class com.horcrux.svg.RenderableViewManager$CircleViewManager
03-02 11:24:11.863   857   857 D android.hardware.lights-service.mediatek: write 247 to /sys/class/leds/lcd-backlight/brightness, result: 0
03-02 11:24:11.864   857   857 D android.hardware.lights-service.mediatek: write 247 to /sys/class/mi_display/disp-DSI-0/brightness_clone, result: 0
03-02 11:24:11.864 21243 27431 W unknown:ViewManagerPropertyUpdater: Could not find generated setter for class com.facebook.react.views.modal.ReactModalHostManager
03-02 11:24:11.874  1159  1606 D ULogGuard: Monitoring: 18 threads, 0 requests, 0 time-bombs; 1 guards. ResetFlags = 0x7
03-02 11:24:11.880 21243 27431 W unknown:ViewManagerPropertyUpdater: Could not find generated setter for class com.horcrux.svg.RenderableViewManager$EllipseViewManager
03-02 11:24:11.888  1999 17839 I Launcher.ApplicationsMessage: onReceive true
03-02 11:24:11.888  1999 17839 I Launcher.ApplicationsMessage: return:com.twitter.android|false
03-02 11:24:11.889  1999 17839 I Launcher.ApplicationsMessage: onReceive true
03-02 11:24:11.890  1999 17839 I Launcher.ApplicationsMessage: return:com.twitter.android|false
03-02 11:24:11.897  1621  1918 E HyperSentinel: -------------------------------------------------------
03-02 11:24:11.897  1621  1918 E HyperSentinel: Event_ResidentSize
03-02 11:24:11.897  1621  1918 E HyperSentinel: -> audit event by proc 21243 "usap64": RSS increasement, peak 252384kb -> 378592kb
03-02 11:24:11.897   857   857 D android.hardware.lights-service.mediatek: write 248 to /sys/class/leds/lcd-backlight/brightness, result: 0
03-02 11:24:11.898   857   857 D android.hardware.lights-service.mediatek: write 248 to /sys/class/mi_display/disp-DSI-0/brightness_clone, result: 0
03-02 11:24:11.899 21243 27431 W unknown:ViewManagerPropertyUpdater: Could not find generated setter for class com.horcrux.svg.RenderableViewManager$LineViewManager
03-02 11:24:11.916 21243 27431 W unknown:ViewManagerPropertyUpdater: Could not find generated setter for class com.facebook.react.views.text.frescosupport.FrescoBasedReactTextInlineImageViewManager
03-02 11:24:11.917 21243 27431 W unknown:ViewManagerPropertyUpdater: Could not find generated setter for class com.facebook.react.views.text.frescosupport.FrescoBasedReactTextInlineImageShadowNode
03-02 11:24:11.921  1621  1922 I SmartPower: com.facebook.stella/10126(26172): background->idle(3011ms) R(broadcast start Intent { act=android.intent.action.BATTERY_CHANGED flg=0x60000010 (has extras) }) adj=905.
03-02 11:24:11.930   857   857 D android.hardware.lights-service.mediatek: write 249 to /sys/class/leds/lcd-backlight/brightness, result: 0
03-02 11:24:11.930 21243 27431 W unknown:ViewManagerPropertyUpdater: Could not find generated setter for class com.horcrux.svg.RenderableViewManager$FeFloodManager
03-02 11:24:11.930   857   857 D android.hardware.lights-service.mediatek: write 249 to /sys/class/mi_display/disp-DSI-0/brightness_clone, result: 0
03-02 11:24:11.946 21243 27431 W unknown:ViewManagerPropertyUpdater: Could not find generated setter for class com.facebook.react.views.image.ReactImageManager
03-02 11:24:11.947  1097 27738 D pseudo  : mtk_gps_sys_nmea_output_to_app: len:34, MTK_GPS_EVENT_PARAM_TMS_FREQ,-1,-1
03-02 11:24:11.956  1197  1209 D agps    : [agps][n][AGPS] [MNL] mnl2agps [150]
03-02 11:24:11.956  1097 27738 D pseudo  : mtk_gps_sys_nmea_output_to_app: len:17, $PMTK010,001*2E

03-02 11:24:11.956  1197  1209 D agps    : [agps][n][AGPS] [MNL] read  pmtk=[$PMTK764,0,0,0,4,0,128,4,128,3,8388741,5,128,1*2E

03-02 11:24:11.956  1197  1209 D agps    : ]
03-02 11:24:11.957  1197  1209 D agps    : [agps][n][AGPS] gnss_num=4
03-02 11:24:11.957  1197  1209 D agps    : [agps][n][AGPS] [MNL] mnl2agps [150]
03-02 11:24:11.958  1197  1209 D agps    : [agps][n][AGPS] [MNL] write  pmtk  [$PMTK680,1,FFFFEE8E*70

03-02 11:24:11.958  1197  1209 D agps    :  ]
03-02 11:24:11.962 21243 27431 W unknown:ViewManagerPropertyUpdater: Could not find generated setter for class com.horcrux.svg.RenderableViewManager$MaskManager
03-02 11:24:11.967   857   857 D android.hardware.lights-service.mediatek: write 250 to /sys/class/leds/lcd-backlight/brightness, result: 0
03-02 11:24:11.967   857   857 D android.hardware.lights-service.mediatek: write 250 to /sys/class/mi_display/disp-DSI-0/brightness_clone, result: 0
03-02 11:24:11.968  1097 27738 D gps_controlller: mtk_gps_sys_suspend_extention_set: Clock extention set from mnl:enable->0, timeout->0
03-02 11:24:11.981 21243 27431 W unknown:ViewManagerPropertyUpdater: Could not find generated setter for class com.horcrux.svg.RenderableViewManager$RectViewManager
03-02 11:24:11.982  1097 27737 D gps_controlller: mtk_gps_sys_agps_disaptcher_callback: wn, tow, sys_time, gps_time = 2408, 123869, 1772447051, 0, bitmap:0xf
03-02 11:24:11.982  1097  1129 D qepo    : qepo_file_update_impl: Request time interval with first invalid: 48267
03-02 11:24:11.983  1097  1132 D mtknav  : getMtkNavUrl: url = vgepodownloa
03-02 11:24:11.983  1097  1129 E qepo    : is_quarter_epo_valid: Read QEPO file failed
03-02 11:24:11.985  1097 27738 D pseudo  : mtk_gps_sys_nmea_output_to_app: len:12,  NLPTTFF,0

03-02 11:24:11.987  1197  1209 D agps    : [agps][n][AGPS] [MNL] mnl2agps [150]
03-02 11:24:11.997   857   857 D android.hardware.lights-service.mediatek: write 251 to /sys/class/leds/lcd-backlight/brightness, result: 0
03-02 11:24:11.997   857   857 D android.hardware.lights-service.mediatek: write 251 to /sys/class/mi_display/disp-DSI-0/brightness_clone, result: 0
03-02 11:24:11.998 21243 27431 W unknown:ViewManagerPropertyUpdater: Could not find generated setter for class com.horcrux.svg.RenderableViewManager$TextPathViewManager
03-02 11:24:12.017 21243 27431 W unknown:ViewManagerPropertyUpdater: Could not find generated setter for class com.facebook.react.views.scroll.ReactScrollViewManager
03-02 11:24:12.030   857   857 D android.hardware.lights-service.mediatek: write 252 to /sys/class/leds/lcd-backlight/brightness, result: 0
03-02 11:24:12.031   857   857 D android.hardware.lights-service.mediatek: write 252 to /sys/class/mi_display/disp-DSI-0/brightness_clone, result: 0
03-02 11:24:12.034 27699 27699 W HMSSDK_PushPreferences: get new sharedPreferences failed,start to get from context. 
03-02 11:24:12.035 21243 27431 W unknown:ViewManagerPropertyUpdater: Could not find generated setter for class com.facebook.react.views.text.ReactVirtualTextViewManager
03-02 11:24:12.036 21243 27431 W unknown:ViewManagerPropertyUpdater: Could not find generated setter for class com.facebook.react.views.text.ReactVirtualTextShadowNode
03-02 11:24:12.044  7123  7123 W adbd    : timeout expired while flushing socket, closing
03-02 11:24:12.051 21243 27431 W unknown:ViewManagerPropertyUpdater: Could not find generated setter for class com.facebook.react.views.swiperefresh.SwipeRefreshLayoutManager
03-02 11:24:12.058  1097 27738 D pseudo  : mtk_gps_sys_nmea_output_to_app: len:46, [vAGPS_Auto_Req]:g_FirstDbtt:1,u2BitMap:0x128
03-02 11:24:12.058  1097 27738 D gps_controlller: mtk_gps_sys_agps_disaptcher_callback: MNL ready and assist req:1
03-02 11:24:12.059  1097 27738 D pseudo  : mtk_gps_sys_nmea_output_to_app: len:23, pair->featureOption = 0
03-02 11:24:12.059  1097  1142 W MNLD    : main_event_hdlr: GPS2MAIN_EVENT_START_DONE  is_assist_req=1
03-02 11:24:12.059  1097 27737 D gps_controlller: mtk_gps_sys_agps_disaptcher_callback: MNL NTP/NLP request:0
03-02 11:24:12.059  1097  1142 W MNLD    : mnld_fsm: mnld_fsm() state=[STARTING] event=[START_DONE], user=0x00000002
03-02 11:24:12.059  1097 27737 D gps_controlller: mtk_gps_sys_agps_disaptcher_callback: MNL NTP/NLP request:2
03-02 11:24:12.059  1097  1142 D MNLD    : fsm_gps_state_starting: g_mnld_ctx.gps_status.timer_start stop_timer
03-02 11:24:12.059  1097 27737 D gps_controlller: mtk_gps_sys_agps_disaptcher_callback: Call nlp_server request
03-02 11:24:12.059  1097 27737 D MNLD    : mnld_gps_request_nlp: mnld_gps_request_nlp src: 1
03-02 11:24:12.059  1097  1142 D MNLD    : fsm_gps_state_starting: g_mnld_ctx.gps_status.timer_fix start_timer
03-02 11:24:12.059  1097 27737 D mnl2hal : mnl2hal_request_nlp: mnl2hal_request_nlp, type=1, flag=1
03-02 11:24:12.059  1097  1142 D MNL2AGPS: mnl2agps_open_gps_done: mnl2agps_open_gps_done
03-02 11:24:12.059  1097  1142 D MNLD    : fsm_gps_state_starting: @@,0,0,612245608,612245097,612245211,612245239,612245608
03-02 11:24:12.059  1197  1209 D agps    : [agps][n][AGPS] [MNL] mnl2agps [110]
03-02 11:24:12.059  1197  1209 D agps    : [agps][n][AGPS] [MNL] read  open_gps_done
03-02 11:24:12.059   847  2229 D android.hardware.gnss-service.mediatek: request_nlp: request nlp, indpendent[1], emergent=1 swtich_mode=0
03-02 11:24:12.059  1097 27738 D pseudo  : mtk_gps_sys_nmea_output_to_mnld: received 2186 bytes:
03-02 11:24:12.059   847  2229 E GnssAidl: [15.07] requestLocationCb: GNSS Callback Interface configured incorrectly
03-02 11:24:12.060  1097 27738 D nmea_parser: nmea_reader_update_time: nmea_reader_update_time: timestamp = 1772447051000, second = 1772447051000, msec = 0
03-02 11:24:12.060   847  2229 E GnssAidl: [15.07] nmeaCb: GNSS Callback Interface configured incorrectly
03-02 11:24:12.060   847  2229 E GnssAidl: [15.07] nmeaCb: GNSS Callback Interface configured incorrectly
03-02 11:24:12.060   847  2229 E GnssAidl: [15.07] nmeaCb: GNSS Callback Interface configured incorrectly
03-02 11:24:12.060   847  2229 E GnssAidl: [15.07] nmeaCb: GNSS Callback Interface configured incorrectly
03-02 11:24:12.060   847  2229 E GnssAidl: [15.07] nmeaCb: GNSS Callback Interface configured incorrectly
03-02 11:24:12.060   847  2229 E GnssAidl: [15.07] nmeaCb: GNSS Callback Interface configured incorrectly
03-02 11:24:12.061   847  2229 E GnssAidl: [15.07] nmeaCb: GNSS Callback Interface configured incorrectly
03-02 11:24:12.061   847  2229 E GnssAidl: [15.07] nmeaCb: GNSS Callback Interface configured incorrectly
03-02 11:24:12.061   847  2229 E GnssAidl: [15.07] nmeaCb: GNSS Callback Interface configured incorrectly
03-02 11:24:12.061   847  2229 E GnssAidl: [15.07] nmeaCb: GNSS Callback Interface configured incorrectly
03-02 11:24:12.061  1097 27738 D nmea_parser: nmea_reader_parse: receive PMTKAGC command, agc: 6
03-02 11:24:12.061   847  2229 E GnssAidl: [15.07] nmeaCb: GNSS Callback Interface configured incorrectly
03-02 11:24:12.061   847  2229 E GnssAidl: [15.07] nmeaCb: GNSS Callback Interface configured incorrectly
03-02 11:24:12.061  1097 27738 D nmea_parser: nmea_reader_parse: et_mnl_report_mnld = 1030011479, tick_in_dsp = 13, et_mnl_receive_tick = 982897735, et_at_dsp =1030011374935524
03-02 11:24:12.061   847  2229 E GnssAidl: [15.07] nmeaCb: GNSS Callback Interface configured incorrectly
03-02 11:24:12.061   847  2229 E GnssAidl: [15.07] nmeaCb: GNSS Callback Interface configured incorrectly
03-02 11:24:12.061   847  2229 E GnssAidl: [15.07] nmeaCb: GNSS Callback Interface configured incorrectly
03-02 11:24:12.061   847  2229 E GnssAidl: [15.07] nmeaCb: GNSS Callback Interface configured incorrectly
03-02 11:24:12.061   847  2229 E GnssAidl: [15.07] nmeaCb: GNSS Callback Interface configured incorrectly
03-02 11:24:12.061   847  2229 E GnssAidl: [15.07] nmeaCb: GNSS Callback Interface configured incorrectly
03-02 11:24:12.062   847  2229 E GnssAidl: [15.07] nmeaCb: GNSS Callback Interface configured incorrectly
03-02 11:24:12.062   847  2229 E GnssAidl: [15.07] nmeaCb: GNSS Callback Interface configured incorrectly
03-02 11:24:12.062   847  2229 E GnssAidl: [15.07] nmeaCb: GNSS Callback Interface configured incorrectly
03-02 11:24:12.062  1097 27738 D pseudo  : mtk_gps_sys_nmea_output_to_app: len:2186, [NMEA]$GNGGA,102411.00...
03-02 11:24:12.062   847  2229 E GnssAidl: [15.07] nmeaCb: GNSS Callback Interface configured incorrectly
03-02 11:24:12.062   847  2229 E GnssAidl: [15.07] nmeaCb: GNSS Callback Interface configured incorrectly
03-02 11:24:12.062  1097 27738 D pseudo  : mtk_gps_sys_nmea_output_to_mnld: received 147 bytes:
03-02 11:24:12.062   847  2229 E GnssAidl: [15.07] nmeaCb: GNSS Callback Interface configured incorrectly
03-02 11:24:12.062   847  2229 E GnssAidl: [15.07] nmeaCb: GNSS Callback Interface configured incorrectly
03-02 11:24:12.062  1097 27738 D pseudo  : mtk_gps_sys_nmea_output_to_app: len:147, $PMTKRTK1,0,-522,-259200,0,0,0.000,0000,0.0000000,0.0000000,0.000,0.000,0.000,0.000,0.000,0.000,0.000,0.000,0.000,0.000,0,0,0,0,99,0,0,0,0,4,0*5D

03-02 11:24:12.062   847  2229 E GnssAidl: [15.07] nmeaCb: GNSS Callback Interface configured incorrectly
03-02 11:24:12.062  1197  1209 D agps    : [agps][n][RPC] c2k_proxy_get_rpc_version GPS_ONE_OVER_LTE
03-02 11:24:12.062   847  2229 E GnssAidl: [15.07] nmeaCb: GNSS Callback Interface configured incorrectly
03-02 11:24:12.063   847  2229 E GnssAidl: [15.07] nmeaCb: GNSS Callback Interface configured incorrectly
03-02 11:24:12.063  1197  1209 D agps    : [agps][n][CP] [MD_1] write  gps_open_rsp  result=1 (0=deny, 1=accept) cp_auto_reset=0 (0=disable, 1=enable)
03-02 11:24:12.063  1097 27738 D gps_controlller: mtk_gps_sys_gps_mnl_callback: MTK_GPS_MSG_FIX_READY, GET_RTC_OK, -0.102, 80416.009, Age = 2, RTCDiff = 30, Time_interval = 10
03-02 11:24:12.063  1097 27738 D gps_controlller: mtk_gps_sys_gps_mnl_callback: get debug data
03-02 11:24:12.063  1097  1127 D MNLD    : mnld_gps_controller_mnl_nmea_timeout: g_mnld_ctx.gps_status.timer_nmea_monitor start_timer
03-02 11:24:12.063  1097  1127 D gps_controlller: gps_control_thread: gps_control_thread wait
03-02 11:24:12.063  1097 27738 D gps_controlller: update_gnss_debug_data: update_gnss_debug_data begin
03-02 11:24:12.063  1097 27738 D mnl2hal : mnl2hal_report_debug_data: mnl2hal_report_debug_data
03-02 11:24:12.064   857   857 D android.hardware.lights-service.mediatek: write 253 to /sys/class/leds/lcd-backlight/brightness, result: 0
03-02 11:24:12.064   847  2229 D android.hardware.gnss-service.mediatek: update_gnss_debug_data: update_gnss_debug_data
03-02 11:24:12.064   857   857 D android.hardware.lights-service.mediatek: write 253 to /sys/class/mi_display/disp-DSI-0/brightness_clone, result: 0
03-02 11:24:12.065  1197  1209 D agps    : [agps][n][CP] [MD_1] read  md_pmtk  pmtk=[$PMTK290,1,1,1*24

03-02 11:24:12.065  1197  1209 D agps    : ]
03-02 11:24:12.065 21243 27431 W unknown:ViewManagerPropertyUpdater: Could not find generated setter for class com.facebook.react.views.text.ReactRawTextManager
03-02 11:24:12.065  1197  1209 D agps    : [agps][n][AGPS] [MNL] write  pmtk  [$PMTK290,1,1,1*24

03-02 11:24:12.065  1197  1209 D agps    : ]
03-02 11:24:12.065  1197  1209 D agps    : [agps][n][CP] [MD_1] read  md_pmtk  pmtk=[$PMTK293,3.431000,15,28,0,0,0,0,0,0*03

03-02 11:24:12.065  1197  1209 D agps    : ]
03-02 11:24:12.065  1197  1209 D agps    : [agps][n][AGPS] [MNL] write  pmtk  [$PMTK293,3.431000,15,28,0,0,0,0,0,0*03

03-02 11:24:12.065  1197  1209 D agps    : ]
03-02 11:24:12.065  1197  1209 D agps    : [agps][n][CP] [MD_1] read  md_pmtk  pmtk=[$PMTK353,1,0,0,0*36

03-02 11:24:12.065  1197  1209 D agps    : ]
03-02 11:24:12.065  1197  1209 D agps    : [agps][n][AGPS] [MNL] write  pmtk  [$PMTK353,1,0,0,0*36

03-02 11:24:12.065  1197  1209 D agps    : ]
03-02 11:24:12.065  1097 27738 D pseudo  : mtk_gps_sys_nmea_output_to_mnld: received 64 bytes:
03-02 11:24:12.065  1197  1209 D agps    : [agps][n][CP] [MD_1] read  md_pmtk  pmtk=[$PMTK713,6.41582,7.50613,0.00000,9545.9,9545.9,0,0.0,0*3D

03-02 11:24:12.065  1197  1209 D agps    : ]
03-02 11:24:12.065  1197  1209 D agps    : [agps][n][AGPS] [MNL] write  pmtk  [$PMTK713,...]
03-02 11:24:12.065 21243 27431 W unknown:ViewManagerPropertyUpdater: Could not find generated setter for class com.facebook.react.views.text.ReactRawTextShadowNode
03-02 11:24:12.065  1097 27738 D pseudo  : mtk_gps_sys_nmea_output_to_app: len:64, $PMTKVER,AXN_5.0,1312,MNL_VER_24090501ALPS05_8.00_00,15,148*6C

03-02 11:24:12.066   847  2229 E GnssAidl: [15.07] nmeaCb: GNSS Callback Interface configured incorrectly
03-02 11:24:12.066  1197  1209 D agps    : [agps][n][AGPS] [MNL] mnl2agps [150]
03-02 11:24:12.066  1197  1209 D agps    : [agps][n][CP] [MD_1] write  pmtk [$PMTK001,680,3*3E

03-02 11:24:12.066  1197  1209 D agps    : ]
03-02 11:24:12.066  1097 27738 D gps_controlller: mtk_gps_sys_agps_disaptcher_callback: request lppe data
03-02 11:24:12.066  1197  1209 D agps    : [agps][n][AGPS] [MNL] mnl2agps [160]
03-02 11:24:12.066  1197  1209 D agps    : [agps] WARNING: [AGPS] [MNL] read  lppe_assist_data_req  len=[668]
03-02 11:24:12.066  1197  1209 D agps    : [agps] WARNING: [CP] cp2_mgr_send_huge_data  msg_id=[AGNSS_REQUEST_ASSIST_DATA]600 size=[668]
03-02 11:24:12.066   861   947 I libPerfCtl: xgfGetFPS pid:2363 fps:-1
03-02 11:24:12.067  1197  1209 D agps    : [agps][n][AGPS] [MNL] mnl2agps [150]
03-02 11:24:12.067  1197  1209 D agps    : [agps][n][AGPS] [MNL] read  pmtk=[$PMTK760,0,1,0,1,000F,0000,000F,000F,0002,0000,0004,000E,000E,1*72

03-02 11:24:12.067  1197  1209 D agps    : ]
03-02 11:24:12.067  1197  1209 D agps    : [agps][n][CP] [MD_1] write  pmtk [$PMTK760,0,1,0,1,000F,0000,000F,000F,0002,0000,0004,000E,000E,1*72

03-02 11:24:12.067  1197  1209 D agps    : ]
03-02 11:24:12.067  1197  1209 D agps    : [agps][n][AGPS] [MNL] mnl2agps [150]
03-02 11:24:12.067  1197  1209 D agps    : [agps][n][AGPS] [MNL] read  pmtk=[$PMTK767,1,1000,5*1D

03-02 11:24:12.067  1197  1209 D agps    : ]
03-02 11:24:12.067  1197  1209 D agps    : [agps][n][CP] [MD_1] write  pmtk [$PMTK767,1,1000,5*1D

03-02 11:24:12.067  1197  1209 D agps    : ]
03-02 11:24:12.067  1197  1209 D agps    : [agps][n][AGPS] [MNL] mnl2agps [150]
03-02 11:24:12.067  1197  1209 D agps    : [agps][n][AGPS] [MNL] read  pmtk=[$PMTK001,290,3*3B

03-02 11:24:12.067  1197  1209 D agps    : ]
03-02 11:24:12.067  1197  1209 D agps    : [agps][n][CP] [MD_1] write  pmtk [$PMTK001,290,3*3B

03-02 11:24:12.067  1197  1209 D agps    : ]
03-02 11:24:12.067  1197  1209 D agps    : [agps][n][AGPS] [MNL] mnl2agps [150]
03-02 11:24:12.067  1197  1209 D agps    : [agps][n][AGPS] [MNL] read  pmtk=[$PMTK001,293,3*38

03-02 11:24:12.067  1197  1209 D agps    : ]
03-02 11:24:12.067  1197  1209 D agps    : [agps][n][CP] [MD_1] write  pmtk [$PMTK001,293,3*38

03-02 11:24:12.067  1197  1209 D agps    : ]
03-02 11:24:12.067  1197  1209 D agps    : [agps][n][AGPS] [MNL] mnl2agps [150]
03-02 11:24:12.068  1197  1209 D agps    : [agps][n][AGPS] [MNL] read  pmtk=[$PMTK001,713,3*35

03-02 11:24:12.068  1197  1209 D agps    : ]
03-02 11:24:12.068  1197  1209 D agps    : [agps][n][CP] [MD_1] write  pmtk [$PMTK001,713,3*35

03-02 11:24:12.068  1197  1209 D agps    : ]
03-02 11:24:12.069 21243 27431 W unknown:ViewManagerPropertyUpdater: Could not find generated setter for class com.swmansion.gesturehandler.react.RNGestureHandlerRootViewManager
03-02 11:24:12.071  1197  1209 D agps    : [agps][n][CP] [MD_1] read  md_pmtk  pmtk=[$PMTK485,1,0,0,0,32768*2E

03-02 11:24:12.071  1197  1209 D agps    : ]
03-02 11:24:12.071  1197  1209 D agps    : [agps][n][AGPS] [MNL] write  pmtk  [$PMTK485,1,0,0,0,32768*2E

03-02 11:24:12.071  1197  1209 D agps    : ]
03-02 11:24:12.071  1197  1209 D agps    : [agps][n][CP] [MD_1] read  md_pmtk  pmtk=[$PMTK768,1,0,0.000000,0.000000,0,0,2*24

03-02 11:24:12.071  1197  1209 D agps    : ]
03-02 11:24:12.071  1197  1209 D agps    : [agps][n][AGPS] [MNL] write  pmtk  [$PMTK768,1,0,0.000000,0.000000,0,0,2*24

03-02 11:24:12.071  1197  1209 D agps    : ]
03-02 11:24:12.072  1197  1209 D agps    : [agps][n][AGPS] [MNL] mnl2agps [150]
03-02 11:24:12.072  1197  1209 D agps    : [agps][n][AGPS] [MNL] read  pmtk=[$PMTK733,5*2C

03-02 11:24:12.072  1197  1209 D agps    : ]
03-02 11:24:12.072  1197  1209 D agps    : [agps][n][CP] [MD_1] write  pmtk [$PMTK733,5*2C

03-02 11:24:12.072  1197  1209 D agps    : ]
03-02 11:24:12.072  1197  1209 D agps    : [agps][n][AGPS] [MNL] mnl2agps [150]
03-02 11:24:12.072  1197  1209 D agps    : [agps][n][AGPS] [MNL] read  pmtk=[$PMTK001,768,2*38

03-02 11:24:12.072  1197  1209 D agps    : ]
03-02 11:24:12.072  1197  1209 D agps    : [agps][n][CP] [MD_1] write  pmtk [$PMTK001,768,2*38

03-02 11:24:12.072  1197  1209 D agps    : ]
03-02 11:24:12.075  1197  1209 D agps    : [agps][n][CP] [MD_1] read  md_pmtk  pmtk=[$PMTK293,0.000000,0,0,0,0,0,0,0,0*08

03-02 11:24:12.075  1197  1209 D agps    : ]
03-02 11:24:12.075  1197  1209 D agps    : [agps][n][AGPS] [MNL] write  pmtk  [$PMTK293,0.000000,0,0,0,0,0,0,0,0*08

03-02 11:24:12.075  1197  1209 D agps    : ]
03-02 11:24:12.075  1197  1209 D agps    : [agps][n][AGPS] [MNL] mnl2agps [150]
03-02 11:24:12.075  1197  1209 D agps    : [agps][n][AGPS] [MNL] read  pmtk=[$PMTK001,293,3*38

03-02 11:24:12.075  1197  1209 D agps    : ]
03-02 11:24:12.076  1197  1209 D agps    : [agps][n][CP] [MD_1] write  pmtk [$PMTK001,293,3*38

03-02 11:24:12.076  1197  1209 D agps    : ]
03-02 11:24:12.097   857   857 D android.hardware.lights-service.mediatek: write 254 to /sys/class/leds/lcd-backlight/brightness, result: 0
03-02 11:24:12.097   857   857 D android.hardware.lights-service.mediatek: write 254 to /sys/class/mi_display/disp-DSI-0/brightness_clone, result: 0
03-02 11:24:12.113  1201  1298 D AALService: [CRTC_114] onALIChanged: 20 -> 17
03-02 11:24:12.131   857   857 D android.hardware.lights-service.mediatek: write 255 to /sys/class/leds/lcd-backlight/brightness, result: 0
03-02 11:24:12.131   857   857 D android.hardware.lights-service.mediatek: write 255 to /sys/class/mi_display/disp-DSI-0/brightness_clone, result: 0
03-02 11:24:12.164   857   857 D android.hardware.lights-service.mediatek: write 256 to /sys/class/leds/lcd-backlight/brightness, result: 0
03-02 11:24:12.164   857   857 D android.hardware.lights-service.mediatek: write 256 to /sys/class/mi_display/disp-DSI-0/brightness_clone, result: 0
03-02 11:24:12.176 27461 27473 W .apps.messaging: userfaultfd: MOVE ioctl seems unsupported: Connection timed out
03-02 11:24:12.184 27699 27751 D AppOpsManager: Noted app header size: 36
03-02 11:24:12.198   857   857 D android.hardware.lights-service.mediatek: write 257 to /sys/class/leds/lcd-backlight/brightness, result: 0
03-02 11:24:12.198   857   857 D android.hardware.lights-service.mediatek: write 257 to /sys/class/mi_display/disp-DSI-0/brightness_clone, result: 0
03-02 11:24:12.205  1621  1730 I ClipboardServiceI: checkProviderWakePathForClipboard: primaryClip is null
03-02 11:24:12.217 27699 27757 W com.truecaller: ClassLoaderContext classpath size mismatch. expected=1, found=0 (DLC[];PCL[base.apk*1150104373]{PCL[/system/framework/org.apache.http.legacy.jar*4025584831]#PCL[/system/framework/com.android.location.provider.jar*3414091812]#PCL[/system/framework/com.android.media.remotedisplay.jar*2042759013]#PCL[/system_ext/framework/androidx.window.extensions.jar*3622430006]#PCL[/system_ext/framework/androidx.window.sidecar.jar*2958050178]} | DLC[];PCL[])
03-02 11:24:12.228 27461 27473 I .apps.messaging: Background concurrent mark compact GC freed 39MB AllocSpace bytes, 42(1832KB) LOS objects, 72% free, 9379KB/33MB, paused 1.003ms,7.893ms total 189.002ms
03-02 11:24:12.230  1621  1729 I ClipboardServiceI: checkProviderWakePathForClipboard: primaryClip is null
03-02 11:24:12.230   857   857 D android.hardware.lights-service.mediatek: write 258 to /sys/class/leds/lcd-backlight/brightness, result: 0
03-02 11:24:12.231   857   857 D android.hardware.lights-service.mediatek: write 258 to /sys/class/mi_display/disp-DSI-0/brightness_clone, result: 0
03-02 11:24:12.240 27461 27608 D WM-Processor: sci: processing WorkGenerationalId(workSpecId=0b1cf7b7-ecef-4e2f-8798-7013524dcc1d, generation=0)
03-02 11:24:12.240 27699 27757 W System  : ClassLoader referenced unknown path: 
03-02 11:24:12.241 27699 27757 D nativeloader: Configuring clns-8 for other apk . target_sdk_version=36, uses_libraries=, library_path=/data/app/~~PNgoFDHBmGdMmQt2moPCLQ==/com.google.android.gms-wSL8VlioUsna9-KnDrZN3A==/lib/arm64:/data/app/~~PNgoFDHBmGdMmQt2moPCLQ==/com.google.android.gms-wSL8VlioUsna9-KnDrZN3A==/base.apk!/lib/arm64-v8a, permitted_path=/data:/mnt/expand:/data/user/0/com.google.android.gms
03-02 11:24:12.248  1621  1730 D FileUtils: Rounded bytes from 8055762944 to 16000000000
03-02 11:24:12.250 27461 27608 D MddListenableWorkerFactory: createWorker for class: com.google.android.apps.messaging.shared.datamodel.workqueue.WorkQueueWorkerShim
03-02 11:24:12.252  1621  1918 E HyperSentinel: -------------------------------------------------------
03-02 11:24:12.252  1621  1918 E HyperSentinel: Event_ThreadAmount
03-02 11:24:12.252  1621  1918 E HyperSentinel: -> audit event by proc 27461 "com.google.android.apps.messaging": running threads amount, 0 -> 43
03-02 11:24:12.254  1621  1730 D FileUtils: Rounded bytes from 8055762944 to 16000000000
03-02 11:24:12.256 27461 27461 D WM-WorkerWrapper: Starting work for com.google.android.apps.messaging.shared.datamodel.workqueue.WorkQueueWorkerShim
03-02 11:24:12.257 27461 27603 D WM-ConstraintTracker: sgo: initial state = true
03-02 11:24:12.257 27699 27757 W com.truecaller: ClassLoaderContext classpath size mismatch. expected=1, found=2 (DLC[];PCL[base.apk*1150104373]{PCL[/system/framework/org.apache.http.legacy.jar*4025584831]#PCL[/system/framework/com.android.location.provider.jar*3414091812]#PCL[/system/framework/com.android.media.remotedisplay.jar*2042759013]#PCL[/system_ext/framework/androidx.window.extensions.jar*3622430006]#PCL[/system_ext/framework/androidx.window.sidecar.jar*2958050178]} | DLC[];PCL[/data/app/~~g46GNjNnkm9CBfK9EiJJxA==/com.truecaller-PGGCGv0_mUqE9N0ZGhRbtw==/base.apk*3512215711:/data/app/~~g46GNjNnkm9CBfK9EiJJxA==/com.truecaller-PGGCGv0_mUqE9N0ZGhRbtw==/split_insights_category_model.apk*699107270]{PCL[/system/framework/org.apache.http.legacy.jar*4025584831]#PCL[/system_ext/framework/androidx.window.extensions.jar*3622430006]#PCL[/system_ext/framework/androidx.window.sidecar.jar*2958050178]})
03-02 11:24:12.257 27461 27603 D WM-BrdcstRcvrCnstrntTrc: sgo: registering receiver
03-02 11:24:12.260 27461 27608 D WM-ConstraintTracker: sgq: initial state = true
03-02 11:24:12.261 27461 27608 D WM-BrdcstRcvrCnstrntTrc: sgq: registering receiver
03-02 11:24:12.264   857   857 D android.hardware.lights-service.mediatek: write 259 to /sys/class/leds/lcd-backlight/brightness, result: 0
03-02 11:24:12.264   857   857 D android.hardware.lights-service.mediatek: write 259 to /sys/class/mi_display/disp-DSI-0/brightness_clone, result: 0
03-02 11:24:12.265 27461 27553 D WM-ConstraintTracker: sgz: initial state = NetworkState(isConnected=true, isValidated=true, isMetered=true, isNotRoaming=true, isBlocked=false)
03-02 11:24:12.265 27461 27553 D WM-NetworkStateTracker: Registering network callback
03-02 11:24:12.268  1621  1730 D ConnectivityService: requestNetwork for uid/pid:10167/27461 activeRequest: null callbackRequest: 242563 [NetworkRequest [ TRACK_DEFAULT id=242564, [ Capabilities: INTERNET&NOT_RESTRICTED&TRUSTED&NOT_VCN_MANAGED&NOT_BANDWIDTH_CONSTRAINED Uid: 10167 RequestorUid: 10167 RequestorPkg: com.google.android.apps.messaging UnderlyingNetworks: Null] ], NetworkRequest [ REQUEST id=242565, [ Transports: SATELLITE Capabilities: INTERNET&TRUSTED&NOT_VCN_MANAGED Uid: 10167 RequestorUid: 10167 RequestorPkg: com.google.android.apps.messaging UnderlyingNetworks: Null] ]] callback flags: 0 order: 2147483647 isUidTracked: false declaredMethods: AVAIL|LOST|NC|BLK
03-02 11:24:12.275 27461 27768 D WM-NetworkStateTracker: Network capabilities changed: [ Transports: CELLULAR Capabilities: INTERNET&NOT_RESTRICTED&TRUSTED&NOT_VPN&VALIDATED&NOT_ROAMING&FOREGROUND&NOT_CONGESTED&NOT_SUSPENDED&NOT_VCN_MANAGED&NOT_BANDWIDTH_CONSTRAINED LinkUpBandwidth>=14Kbps LinkDnBandwidth>=14Kbps Specifier: <TelephonyNetworkSpecifier [mSubId = 2]> SubscriptionIds: {2} UnderlyingNetworks: Null]
03-02 11:24:12.276 27461 27768 D WM-NetworkStateTracker: Network blocked status changed: false
03-02 11:24:12.279  1621  1856 D ConnectivityService: NetReassign [242564 : null ΓåÆ 255] [c 0] [a 3] [i 6]
03-02 11:24:12.293 27461 27553 I WM-WorkerWrapper: Worker result SUCCESS for Work [ id=0b1cf7b7-ecef-4e2f-8798-7013524dcc1d, tags={ com.google.android.apps.messaging.shared.datamodel.workqueue.WorkQueueWorkerShim,data_upgrade- } ]
03-02 11:24:12.296 27461 27461 D WM-Processor: sci 0b1cf7b7-ecef-4e2f-8798-7013524dcc1d executed; reschedule = false
03-02 11:24:12.297   857   857 D android.hardware.lights-service.mediatek: write 260 to /sys/class/leds/lcd-backlight/brightness, result: 0
03-02 11:24:12.297 27461 27608 D WM-PackageManagerHelper: Skipping component enablement for androidx.work.impl.background.systemalarm.RescheduleReceiver
03-02 11:24:12.298   857   857 D android.hardware.lights-service.mediatek: write 260 to /sys/class/mi_display/disp-DSI-0/brightness_clone, result: 0
03-02 11:24:12.298 27461 27608 D WM-GreedyScheduler: Constraints not met: Cancelling work ID WorkGenerationalId(workSpecId=099d8756-8579-49df-9f40-836b2e21b1d5, generation=11824)
03-02 11:24:12.304 27461 27553 D WM-GreedyScheduler: Cancelling work ID 0b1cf7b7-ecef-4e2f-8798-7013524dcc1d
03-02 11:24:12.315   857   857 D android.hardware.lights-service.mediatek: write 261 to /sys/class/leds/lcd-backlight/brightness, result: 0
03-02 11:24:12.315   857   857 D android.hardware.lights-service.mediatek: write 261 to /sys/class/mi_display/disp-DSI-0/brightness_clone, result: 0
03-02 11:24:12.330 27809 10606 I PhenotypeResourceReader: unable to find any Phenotype resource metadata for com.truecaller
03-02 11:24:12.330 21243 27431 E AVManager: Cannot install JSI bindings for AV module because JS context is not available
03-02 11:24:12.332 21243 27431 W BridgelessReactContext: [WARNING] Bridgeless doesn't support CatalystInstance. Accessing an API that's not part of the new architecture is not encouraged usage.
03-02 11:24:12.334  1197  1209 D agps    : [agps][n][CP] [MD_1] read  md_pmtk  pmtk=[$PMTK713,6.41582,7.50613,0.00000,9545.9,9545.9,0,0.0,0*3D

03-02 11:24:12.334  1197  1209 D agps    : ]
03-02 11:24:12.335  1197  1209 D agps    : [agps][n][AGPS] [MNL] write  pmtk  [$PMTK713,...]
03-02 11:24:12.335  1197  1209 D agps    : [agps][n][CP] [MD_1] read  md_pmtk  pmtk=[$PMTK293,4.000000,15,28,0,0,0,0,0,0*02

03-02 11:24:12.335  1197  1209 D agps    : ]
03-02 11:24:12.335  1197  1209 D agps    : [agps][n][AGPS] [MNL] write  pmtk  [$PMTK293,4.000000,15,28,0,0,0,0,0,0*02

03-02 11:24:12.335  1197  1209 D agps    : ]
03-02 11:24:12.335  1197  1209 D agps    : [agps][n][CP] [MD_1] read  md_pmtk  pmtk=[$PMTK353,1,0,0,0*36

03-02 11:24:12.335  1197  1209 D agps    : ]
03-02 11:24:12.335  1197  1209 D agps    : [agps][n][AGPS] [MNL] write  pmtk  [$PMTK353,1,0,0,0*36

03-02 11:24:12.335  1197  1209 D agps    : ]
03-02 11:24:12.336  1197  1209 D agps    : [agps][n][AGPS] [MNL] mnl2agps [150]
03-02 11:24:12.336  1197  1209 D agps    : [agps][n][AGPS] [MNL] read  pmtk=[$PMTK001,713,3*35

03-02 11:24:12.336  1197  1209 D agps    : ]
03-02 11:24:12.336  1197  1209 D agps    : [agps][n][CP] [MD_1] write  pmtk [$PMTK001,713,3*35

03-02 11:24:12.336  1197  1209 D agps    : ]
03-02 11:24:12.336  1197  1209 D agps    : [agps][n][AGPS] [MNL] mnl2agps [150]
03-02 11:24:12.336  1197  1209 D agps    : [agps][n][AGPS] [MNL] read  pmtk=[$PMTK001,293,3*38

03-02 11:24:12.336  1197  1209 D agps    : ]
03-02 11:24:12.336  1197  1209 D agps    : [agps][n][CP] [MD_1] write  pmtk [$PMTK001,293,3*38

03-02 11:24:12.336  1197  1209 D agps    : ]
03-02 11:24:12.337  1197  1209 D agps    : [agps][n][CP] [MD_1] read  md_pmtk  pmtk=[$PMTK485,1,0,0,0,32768*2E

03-02 11:24:12.337  1197  1209 D agps    : ]
03-02 11:24:12.338  1197  1209 D agps    : [agps][n][AGPS] [MNL] write  pmtk  [$PMTK485,1,0,0,0,32768*2E

03-02 11:24:12.338  1197  1209 D agps    : ]
03-02 11:24:12.338  1197  1209 D agps    : [agps][n][AGPS] [MNL] mnl2agps [150]
03-02 11:24:12.339  1197  1209 D agps    : [agps][n][AGPS] [MNL] read  pmtk=[$PMTK733,5*2C

03-02 11:24:12.339  1197  1209 D agps    : ]
03-02 11:24:12.338 27461 27553 D WM-GreedyScheduler: Ignoring {WorkSpec: 8717a412-f994-46ae-975b-cd003c8532bc}. Requires ContentUri triggers.
03-02 11:24:12.339  1197  1209 D agps    : [agps][n][CP] [MD_1] write  pmtk [$PMTK733,5*2C

03-02 11:24:12.339  1197  1209 D agps    : ]
