03-02 10:33:58.143   921   921 I SurfaceFlinger: onHandleDestroyed: name=TL_Surface(name=Task=37024#133252)/@0xb8e08f6_transition-leash#133278, layerId=133278, parentId=0
03-02 10:33:58.159   921   921 I BufferQueueDebug: [TL_Surface(name=Task=1#47)/@0xb810191_transition-leash#133277](this:0xb400007bcec47dd8,id:-1,api:0,p:-1,c:921) onDestructor()
03-02 10:33:58.160   921   921 I BufferQueueDebug: [TL_Surface(name=Task=37024#133252)/@0xb8e08f6_transition-leash#133278](this:0xb400007bcec8c358,id:-1,api:0,p:-1,c:921) onDestructor()
03-02 10:33:58.160   921   921 I BufferQueueDebug: [TL_Surface(name=WallpaperWindowToken{d3319dd token=android.os.Binder@113b9b4}#64)/@0xa2dbf64_transition-leash#133280](this:0xb400007bceca5d68,id:-1,api:0,p:-1,c:921) onDestructor()
03-02 10:33:58.160   921   921 I BufferQueueDebug: [TL_Surface(name=WallpaperWindowToken{2d6d85a token=android.os.Binder@8dfa005}#66)/@0x678f4f7_transition-leash#133279](this:0xb400007bcecbf778,id:-1,api:0,p:-1,c:921) onDestructor()
03-02 10:33:58.176 29508 29623 I FirebaseCrashlytics: Saved version control info
03-02 10:33:58.229   861   947 I libPerfCtl: xgfGetFPS pid:921 fps:-1
03-02 10:33:58.229   861   947 I libPerfCtl: xgfGetFPS pid:1999 fps:-1
03-02 10:33:58.230   861   947 I libPerfCtl: xgfGetFPS pid:2363 fps:-1
03-02 10:33:58.248  1621  1918 E HyperSentinel: -------------------------------------------------------
03-02 10:33:58.250  1621  1918 E HyperSentinel: Event_ResidentSize
03-02 10:33:58.251  1621  1918 E HyperSentinel: -> audit event by proc 23522 "usap64": RSS increasement, peak 105328kb -> 158004kb
03-02 10:33:58.251  1621  2986 D AS.BtHelper: isBluetoothScoOn() mBluetoothHeadset is null: falsemBluetoothHeadsetDevice is null: true
03-02 10:33:58.251  1621  2986 V AS.AudioDeviceBroker: requestedCommunicationDevice: null mAudioModeOwner: AudioModeInfo: mMode=MODE_NORMAL, mPid=0, mUid=0
03-02 10:33:58.252  1621  2986 D AS.BtHelper: isBluetoothScoOn() mBluetoothHeadset is null: falsemBluetoothHeadsetDevice is null: true
03-02 10:33:58.252  1621  2986 V AS.AudioDeviceBroker: requestedCommunicationDevice: null mAudioModeOwner: AudioModeInfo: mMode=MODE_NORMAL, mPid=0, mUid=0
03-02 10:33:58.313  1201  1298 D AALService: [CRTC_114] onALIChanged: 64 -> 51
03-02 10:33:58.343 29508 29639 I FA      : Tag Manager is not found and thus will not be used
03-02 10:33:58.359  1621  1658 D HeapUsage Monitor: HeapAllocSize : 177MB; monitorSize : 500MB
03-02 10:33:58.359  1621  1658 D AES     : AEEIOCTL_GET/SET_SF_STATE IOCTL,cmd= 1074294797, lParam=0. 
03-02 10:33:58.359  1621  1658 D AES     : AEEIOCTL_RT_MON_Kick IOCTL,cmd= 2147774474, lParam=300. 
03-02 10:33:58.509   849   868 I hwcomposer: [HWCDisplay] (0 updateFps():3667), (type:1, mode:2) fps:59.265335,dur:1012.40,max:29.22,min:13.70  
03-02 10:33:58.520 28753 28772 I .apps.nbu.files: Background young concurrent mark compact GC freed 23MB AllocSpace bytes, 0(0B) LOS objects, 80% free, 5727KB/28MB, paused 1.414ms,2.928ms total 105.589ms
03-02 10:33:58.592  2061 12253 W HWUI    : Surface doesn't have any previously queued frames, nothing to readback from
03-02 10:33:58.598  2061 12253 W HWUI    : Surface doesn't have any previously queued frames, nothing to readback from
03-02 10:33:58.604  1621  1776 W ActivityManagerServiceImpl: Sending non-protected broadcast miui.intent.action.CYCLE_CHECK from system uid 1000 pkg android. Callers=com.android.server.am.ActivityManagerService.checkBroadcastFromSystem:16365 com.android.server.am.ActivityManagerService.broadcastIntentLockedTraced:17236 com.android.server.am.ActivityManagerService.broadcastIntentLocked:16425 com.android.server.am.ActivityManagerService.broadcastIntentInPackage:17497 com.android.server.am.ActivityManagerService$LocalService.broadcastIntentInPackage:20342 
03-02 10:33:58.609  1621  1746 E JobScheduler.Background: Couldn't determine stopped state for unknown package: com.google.android.apps.turbo
03-02 10:33:58.609  1621  1746 E JobScheduler.Background: Couldn't determine stopped state for unknown package: com.google.android.apps.turbo
03-02 10:33:58.609  1621  1746 E JobScheduler.Background: Couldn't determine stopped state for unknown package: com.google.android.apps.turbo
03-02 10:33:58.609  1621  1746 E JobScheduler.Background: Couldn't determine stopped state for unknown package: com.google.android.apps.turbo
03-02 10:33:58.609  1621  1746 E JobScheduler.Background: Couldn't determine stopped state for unknown package: com.google.android.apps.turbo
03-02 10:33:58.612  1621  1639 I android_os_HwBinder: HwBinder: Starting thread pool for getting: vendor.xiaomi.hardware.micharge@1.0::IMiCharge/default
03-02 10:33:58.614   872 24120 I vendor.xiaomi.hardware.micharge@1.0-service: ReadFilePathValue path = /sys/class/power_supply/battery/temp value = 400
03-02 10:33:58.616  1621  1639 I android_os_HwBinder: HwBinder: Starting thread pool for getting: vendor.xiaomi.hardware.micharge@1.0::IMiCharge/default
03-02 10:33:58.617   872 24120 I vendor.xiaomi.hardware.micharge@1.0-service: ReadFilePathValue path = /sys/class/power_supply/battery/charge_control_limit value = 10
03-02 10:33:58.640  1055  1186 D connsyslogger: SD_LOG_ROOT is /data/debuglogger/connsyslog/fw.
03-02 10:33:58.641  1055  1186 D connsyslogger: systemReady:1
03-02 10:33:58.660  1177  1177 I thermal_src: recvmsg_expect 5, but get 2 
03-02 10:33:58.660  1177  1177 V thermal_src: TA_DAEMON_CMD_GET_TPCB:ERROR ret=-1
03-02 10:33:58.660  1177  1177 E thermal_src: get_tpcb_from_kernel:error -1. retry...
03-02 10:33:58.661  1177  1177 I thermal_src: recvmsg_expect 5, but get 2 
03-02 10:33:58.661  1177  1177 V thermal_src: TA_DAEMON_CMD_GET_TPCB:ERROR ret=-1
03-02 10:33:58.661  1177  1177 E thermal_src: get_tpcb_from_kernel:error -1. retry...
03-02 10:33:58.661  1177  1177 I thermal_src: recvmsg_expect 5, but get 2 
03-02 10:33:58.661  1177  1177 V thermal_src: TA_DAEMON_CMD_GET_TPCB:ERROR ret=-1
03-02 10:33:58.661  1177  1177 E thermal_src: get_tpcb_from_kernel:error -1. retry...
03-02 10:33:58.661  1177  1177 I thermal_src: recvmsg_expect 4, but get 5 
03-02 10:33:58.661  1177  1177 V thermal_src: TA_DAEMON_CMD_SET_TTJ:ERROR ret=-1
03-02 10:33:58.661  1177  1177 E thermal_src: set_ttj_to_kernel 1:error -1
03-02 10:33:58.661  1177  1177 I thermal_src: recvmsg_expect 2, but get 5 
03-02 10:33:58.661  1177  1177 V thermal_src: waiting NOTIFY from kernel miss, -1
03-02 10:33:58.661  1177  1177 I thermal_src: recvmsg_expect 2, but get 5 
03-02 10:33:58.661  1177  1177 V thermal_src: waiting NOTIFY from kernel miss, -1
03-02 10:33:58.661  1177  1177 I thermal_src: recvmsg_expect 2, but get 4 
03-02 10:33:58.661  1177  1177 V thermal_src: waiting NOTIFY from kernel miss, -1
03-02 10:33:58.736 23522 23522 D nativeloader: Configuring clns-7 for other apk /data/app/~~Bh61wenJZi6JNVEuOkVQfQ==/com.softnation.Ojam-nnCVAdHxKfOmup5FCuBDYQ==/base.apk. target_sdk_version=36, uses_libraries=, library_path=/data/app/~~Bh61wenJZi6JNVEuOkVQfQ==/com.softnation.Ojam-nnCVAdHxKfOmup5FCuBDYQ==/lib/arm64:/data/app/~~Bh61wenJZi6JNVEuOkVQfQ==/com.softnation.Ojam-nnCVAdHxKfOmup5FCuBDYQ==/base.apk!/lib/arm64-v8a, permitted_path=/data:/mnt/expand:/data/user/0/com.softnation.Ojam
03-02 10:33:58.753 23522 23522 V GraphicsEnvironment: Currently set values for:
03-02 10:33:58.753 23522 23522 V GraphicsEnvironment:   angle_gl_driver_selection_pkgs=[]
03-02 10:33:58.753 23522 23522 V GraphicsEnvironment:   angle_gl_driver_selection_values=[]
03-02 10:33:58.753 23522 23522 V GraphicsEnvironment: Global.Settings values are invalid: number of packages: 0, number of values: 0
03-02 10:33:58.753 23522 23522 V GraphicsEnvironment: Neither updatable production driver nor prerelease driver is supported.
03-02 10:33:58.756 23522 23522 I ActivityThread: TrafficStats init done
03-02 10:33:58.759 29508 29547 I MiPicks-LocalAppManager: load local apps from system : finish
03-02 10:33:58.760 29508 29550 W .xiaomi.mipicks: Long monitor contention with owner DownloadInstallManager (29547) at void com.xiaomi.market.data.LocalAppManager$InstalledApps.ensureInited()(SourceFile:38) waiters=0 in void com.xiaomi.market.data.LocalAppManager$InstalledApps.ensureInited() for 1.252s
03-02 10:33:58.761  1621  4431 D ForceDarkAppConfigProvider: cloudConfigVersion: -1   localConfigVersion:20250515
03-02 10:33:58.761  1621  4431 I UiModeManager: systemserver package:com.softnation.Ojam null
03-02 10:33:58.761 29508 29558 W .xiaomi.mipicks: Long monitor contention with owner DownloadInstallManager (29547) at void com.xiaomi.market.data.LocalAppManager$InstalledApps.ensureInited()(SourceFile:38) waiters=1 in void com.xiaomi.market.data.LocalAppManager$InstalledApps.ensureInited() for 1.184s
03-02 10:33:58.761 23522 23522 I ForceDarkHelperStubImpl: initialize for com.softnation.Ojam , ForceDarkAppConfig: null
03-02 10:33:58.762 29508 29558 W FirebaseRemoteConfig: No value of type 'FirebaseRemoteConfigValue' exists for parameter key 'maxCacheSizeForAppInfo'.
03-02 10:33:58.765 23522 23522 D nativeloader: Load libforcedarkimpl.so using system ns (caller=/system_ext/framework/miui-framework.jar): ok
03-02 10:33:58.765 23522 23522 D HWUI    : JNI_OnLoad success
03-02 10:33:58.766 23522 23522 I MiuiForceDarkConfig: setConfig density:2.750000, mainRule:0, secondaryRule:0, tertiaryRule:0
03-02 10:33:58.769 23522 23522 I ActivityThread: Miui Feature Init done
03-02 10:33:58.808 28753 28962 W BpBinder: Slow Binder: BpBinder transact took 342 ms, interface=android.content.IContentProvider, code=1 oneway=false
03-02 10:33:58.808  1621  4431 W ParceledListSlice: Element #104 is 16516 bytes.
03-02 10:33:58.828 29508 29521 W .xiaomi.mipicks: userfaultfd: MOVE ioctl seems unsupported: Connection timed out
03-02 10:33:58.893 29508 29558 E MiPicks-ModuleInterceptor: isOperatorSdkInited operator:default  status:null
03-02 10:33:58.900 29508 29547 E MiPicks-ReflectUtilsForMiui: invoke android.app.DownloadManager.setAccessFilename java.lang.NullPointerException: null receiver
03-02 10:33:58.902  1621  4431 I ClipboardServiceI: checkProviderWakePathForClipboard: primaryClip is null
03-02 10:33:58.903 29508 29547 I ActivityThread: installProviderAuthoritiesLocked allowBlocking downloads
03-02 10:33:58.904 29508 29558 I MiPicks-SystemSettingsManager: extraSettingsSecureGetInt key: com.xiaomi.market.need_update_game_count, value: 0
03-02 10:33:58.905 29508 29558 E MiPicks-PrefUtils: Unknown sharedpreferences file name app_update
03-02 10:33:58.905 29508 29558 I MMKV    : <MemoryFile.cpp:97::open> open fd[0xdd], /data/user/0/com.xiaomi.mipicks/files/mmkv/app_update
03-02 10:33:58.905 29508 29558 I MMKV    : <MemoryFile.cpp:97::open> open fd[0xde], /data/user/0/com.xiaomi.mipicks/files/mmkv/app_update.crc
03-02 10:33:58.913 29508 29558 I MMKV    : <MMKV_IO.cpp:81::loadFromFile> loading [app_update] with 59641 actual size, file size 65536, InterProcess 1, meta info version:3
03-02 10:33:58.913 29508 29558 I MMKV    : <MMKV_IO.cpp:86::loadFromFile> loading [app_update] with crc 2508323569 sequence 3 version 3
03-02 10:33:58.913 29508 29558 I MMKV    : <MMKV_IO.cpp:130::loadFromFile> loaded [app_update] with 5 key-values
03-02 10:33:58.914 29508 29558 I MiPicks-PkgUtils: getSignature: using flags,134217728
03-02 10:33:58.916 23522 23522 W FirebaseApp: Default FirebaseApp failed to initialize because no default options were found. This usually means that com.google.gms:google-services was not applied to your gradle project.
03-02 10:33:58.916 23522 23522 I FirebaseInitProvider: FirebaseApp initialization unsuccessful
03-02 10:33:58.919 29508 29558 I MiPicks-PkgUtils: getSignature: using flags,134217728
03-02 10:33:58.921 29508 29558 I MiPicks-PkgUtils: getSignature: using flags,134217728
03-02 10:33:58.927 29508 29558 I MiPicks-PkgUtils: getSignature: using flags,134217728
03-02 10:33:58.930 29508 29558 I MiPicks-PkgUtils: getSignature: using flags,134217728
03-02 10:33:58.932 29508 29558 I MiPicks-PkgUtils: getSignature: using flags,134217728
03-02 10:33:58.935 29508 29547 I MiPicks-IManager: MCC+MNC: 62120
03-02 10:33:58.935 29508 29558 I MiPicks-PkgUtils: getSignature: using flags,134217728
03-02 10:33:58.936 29508 29547 W FirebaseRemoteConfig: No value of type 'FirebaseRemoteConfigValue' exists for parameter key 'maxDownTaskNum'.
03-02 10:33:58.937 29508 29558 I MiPicks-PkgUtils: getSignature: using flags,134217728
03-02 10:33:58.937 29508 29547 W FirebaseRemoteConfig: No value of type 'FirebaseRemoteConfigValue' exists for parameter key 'parallelDownNum'.
03-02 10:33:58.938 29508 29547 W FirebaseRemoteConfig: No value of type 'FirebaseRemoteConfigValue' exists for parameter key 'taskThreadNum'.
03-02 10:33:58.939 29508 29558 I MiPicks-PkgUtils: getSignature: using flags,134217728
03-02 10:33:58.940 29508 29508 I MiPicks-PrivacyUtils: Privacy upload success!
03-02 10:33:58.942 29508 29558 I MiPicks-PkgUtils: getSignature: using flags,134217728
03-02 10:33:58.944 29508 29558 I MiPicks-PkgUtils: getSignature: using flags,134217728
03-02 10:33:58.946 29508 29558 I MiPicks-PkgUtils: getSignature: using flags,134217728
03-02 10:33:58.948 29508 29558 I MiPicks-PkgUtils: getSignature: using flags,134217728
03-02 10:33:58.949  1621  4431 I ClipboardServiceI: checkProviderWakePathForClipboard: primaryClip is null
03-02 10:33:58.950 29508 29558 I MiPicks-PkgUtils: getSignature: using flags,134217728
03-02 10:33:58.952 29508 29558 I MiPicks-PkgUtils: getSignature: using flags,134217728
03-02 10:33:58.954 29508 29558 I MiPicks-PkgUtils: getSignature: using flags,134217728
03-02 10:33:58.956 29508 29558 I MiPicks-PkgUtils: getSignature: using flags,134217728
03-02 10:33:58.958 29508 29558 I MiPicks-PkgUtils: getSignature: using flags,134217728
03-02 10:33:58.960 29508 29558 I MiPicks-PkgUtils: getSignature: using flags,134217728
03-02 10:33:58.961 23522 23522 W SoLoader: Initializing SoLoader: 0
03-02 10:33:58.962 29508 29547 W FirebaseRemoteConfig: No value of type 'FirebaseRemoteConfigValue' exists for parameter key 'minRefragmentSize'.
03-02 10:33:58.963 29508 29558 I MiPicks-PkgUtils: getSignature: using flags,134217728
03-02 10:33:58.964 23522 23522 W SoLoader: Recording new base apk path: /data/app/~~Bh61wenJZi6JNVEuOkVQfQ==/com.softnation.Ojam-nnCVAdHxKfOmup5FCuBDYQ==/base.apk
03-02 10:33:58.964 23522 23522 W SoLoader: Previously recorded 0 base apk paths.
03-02 10:33:58.966 29508 29558 I MiPicks-PkgUtils: getSignature: using flags,134217728
03-02 10:33:58.966 29508 29547 W FirebaseRemoteConfig: No value of type 'FirebaseRemoteConfigValue' exists for parameter key 'taskFragmentNum'.
03-02 10:33:58.967 23522 23522 I SoLoader: Preparing SO source: DirectorySoSource[root = /vendor/lib64 flags = 2]
03-02 10:33:58.967 29508 29547 I MiPicks-ProgressManager: [Download/Install] init progress of com.qycrazypuzzledom.game,main,standalone with superTask=SuperTask(uri=https://h3.market.xiaomi.com/appstorev/0d6bc5486ea0d42b19f78a501e3af80804a39f534, localFileUri=/storage/emulated/0/Android/data/com.xiaomi.mipicks/files/apk/com.qycrazypuzzledom.game/NoWiFi - Relaxing Arcade Games_1.0.4.MI_5_com.qycrazypuzzledom.game_main_standalone.apk.zstd, allowedOverMetered=true, mimeType=application/vnd.android.package-archive, totalBytes=77340830, currentBytes=718478, notificationVisibility=true, fileIconUri=null, title=NoWiFi - Relaxing Arcade Games, description=null, packageName=com.qycrazypuzzledom.game, status=paused, reason=1006, reasonMsg=null, pausedByUser=true, deletedByUser=false, validFile=true, validSpace=true, invalidFileRefreshed=false, invalidSpaceRefreshed=false, visibleInDownloadsUi=true, lastModifyTimeStamp=1737320848715, multiSourceHosts=[], priority=100, originRangeSupport=SUPPORT, threadCount=3, fragmentCount=3, cachedFragmentList=[], lastNetworkType=-1, networkChange=UNKNOWN, notifyLastProgress=0, notifyId=0, pendingIntent=null, wakeLock=null, wifiLock=null, lastCheckTime=0, lastUpdateTime=0, exceptionRefreshed=false, fragmentFailCount=0, rangeSupportChange=UNCHANGED)
03-02 10:33:58.967 23522 23522 I SoLoader: Preparing SO source: DirectorySoSource[root = /system/lib64 flags = 2]
03-02 10:33:58.967 23522 23522 I SoLoader: Preparing SO source: DirectApkSoSource[root = [/data/app/~~Bh61wenJZi6JNVEuOkVQfQ==/com.softnation.Ojam-nnCVAdHxKfOmup5FCuBDYQ==/base.apk!/lib/arm64-v8a]]
03-02 10:33:58.967 29508 29547 I MiPicks-DownloadInstallManager: [Download/Install] reload app com.qycrazypuzzledom.game/0 with state=-3
03-02 10:33:58.969 29508 29558 I MiPicks-PkgUtils: getSignature: using flags,134217728
03-02 10:33:58.970 29508 29547 W FirebaseRemoteConfig: No value of type 'FirebaseRemoteConfigValue' exists for parameter key 'enableDownloadPriority'.
03-02 10:33:58.971 29508 29558 I MiPicks-PkgUtils: getSignature: using flags,134217728
03-02 10:33:58.973  8942 29516 E FA-SVC  : Too many unique user properties are set. Ignoring user property: is_miui_go, false
03-02 10:33:58.973 29508 29558 I MiPicks-PkgUtils: getSignature: using flags,134217728
03-02 10:33:58.974 29508 29547 I MiPicks-IManager: MCC+MNC: 62120
03-02 10:33:58.975 29508 29558 I MiPicks-PkgUtils: getSignature: using flags,134217728
03-02 10:33:58.976 29508 29547 I MiPicks-TaskManager: handleNetworkChanged: true
03-02 10:33:58.979 29508 29547 I MiPicks-IManager: MCC+MNC: 62120
03-02 10:33:58.980 29508 29558 I MiPicks-PkgUtils: getSignature: using flags,134217728
03-02 10:33:58.983 29508 29558 I MiPicks-PkgUtils: getSignature: using flags,134217728
03-02 10:33:58.985 29508 29675 W FirebaseRemoteConfig: No value of type 'FirebaseRemoteConfigValue' exists for parameter key 'taskFragmentNum'.
03-02 10:33:58.986 29508 29675 I MiPicks-ProgressManager: [Download/Install] update progress status of com.qycrazypuzzledom.game from STATUS_NONE -> STATUS_PAUSED
03-02 10:33:58.987 29508 29558 I MiPicks-PkgUtils: getSignature: using flags,134217728
03-02 10:33:58.988 29508 29675 I MiPicks-ProgressManager: [Download/Install] auto resume selfEngine paused task
03-02 10:33:58.989 29508 29558 I MiPicks-PkgUtils: getSignature: using flags,134217728
03-02 10:33:58.993 29508 29558 I MiPicks-PkgUtils: getSignature: using flags,134217728
03-02 10:33:58.995 29508 29558 I MiPicks-PkgUtils: getSignature: using flags,134217728
03-02 10:33:58.997 29508 29558 I MiPicks-PkgUtils: getSignature: using flags,134217728
03-02 10:33:58.999 29508 29558 E MiPicks-ModuleInterceptor: isOperatorSdkInited operator:default  status:null
03-02 10:33:59.005 29508 29558 I MiPicks-UpdateAppList: update app list do not change, don't notify: pkg (32) = com.truecaller,com.milink.service,com.xiaomi.account,video.player.videoplayer,com.android.updater,com.miui.securityadd,com.miui.gallery,com.miui.securitycenter,com.miui.thirdappassistant,com.miui.guardprovider,com.reddit.frontpage,com.xiaomi.simactivate.service,com.miui.cleaner,com.audiomack,com.upwork.android.apps.main,com.miui.bugreport,com.instagram.barcelona,com.twitter.android,com.xiaomi.mipicks,com.mi.global.bbs,com.transsion.phoenix,com.miui.notes,com.community.oneroom,com.MadOut.BIG,com.facebook.stella,com.linkedin.android,cn.xender,com.miui.mediaeditor,com.android.deskclock,com.android.thememanager,homeworkout.homeworkouts.noequipment,com.miui.home
03-02 10:33:59.006  6027  6027 D AppUpdateReceiver: receive broadcast
03-02 10:33:59.008 27809 27809 D BoundBrokerSvc: onRebind: Intent { act=com.google.android.gms.presencemanager.service.START dat=chimera-action:/... cmp=com.google.android.gms/.chimera.PersistentApiService }
03-02 10:33:59.013  1621  4426 I ClipboardServiceI: checkProviderWakePathForClipboard: primaryClip is null
03-02 10:33:59.016 27809 27809 D BoundBrokerSvc: onRebind: Intent { act=com.google.android.gms.presencemanager.service.INTERNAL_IDENTITY dat=chimera-action:/... cmp=com.google.android.gms/.chimera.PersistentApiService }
03-02 10:33:59.032 27809 27809 D BoundBrokerSvc: onRebind: Intent { act=com.google.android.gms.common.telemetry.service.START dat=chimera-action:/... cmp=com.google.android.gms/.chimera.PersistentApiService }
03-02 10:33:59.044  8942 29516 E FA-SVC  : Too many unique user properties are set. Ignoring user property: channel_sdk_state, 0
03-02 10:33:59.049 27809 29671 I NetworkScheduler: (REDACTED) Error inserting %s
03-02 10:33:59.082  8942 29516 W FA-SVC  : Event created with reverse previous/current timestamps. appId, name: com.xiaomi.mipicks, _err
03-02 10:33:59.096 23522 23522 I SoLoader: Preparing SO source: ApplicationSoSource[DirectorySoSource[root = /data/app/~~Bh61wenJZi6JNVEuOkVQfQ==/com.softnation.Ojam-nnCVAdHxKfOmup5FCuBDYQ==/lib/arm64 flags = 0]]
03-02 10:33:59.096 23522 23522 I SoLoader: init finish: 4 SO sources prepared
03-02 10:33:59.097 23522 23522 W SoLoader: SoLoader initialized: 8
03-02 10:33:59.098  8942 29516 E FA-SVC  : Too many unique user properties are set. Ignoring user property: exp_id, 157860,156777,156729,159955
03-02 10:33:59.112 27809 28669 I NetworkScheduler: (REDACTED) Error inserting %s
03-02 10:33:59.123   921   921 I BufferQueueProducer: [NavigationBar0#101619](this:0xb400007bced454e8,id:-1,api:0,p:-1,c:921) queueBuffer: fps=60.06 dur=1015.63 max=17.48 min=15.43
03-02 10:33:59.150 27809 29671 I NetworkScheduler: (REDACTED) Error inserting %s
03-02 10:33:59.158  8942 29516 E FA-SVC  : Too many unique user properties are set. Ignoring user property: brand, Redmi
03-02 10:33:59.164  8942 29516 E FA-SVC  : Too many unique user properties are set. Ignoring user property: base_channel_key, defaults
03-02 10:33:59.168  8942 29516 E FA-SVC  : Too many unique user properties are set. Ignoring user property: user_experience_plan, 1
03-02 10:33:59.172  8942 29516 E FA-SVC  : Too many unique user properties are set. Ignoring user property: personal_switch, true
03-02 10:33:59.177  8942 29516 E FA-SVC  : Too many unique user properties are set. Ignoring user property: rsa_key, RSA4.0
03-02 10:33:59.188  1621  2986 W UriGrantsManagerService: No permission grants found for com.google.android.apps.photos
03-02 10:33:59.189  1621  4431 W UriGrantsManagerService: No permission grants found for com.google.android.apps.photos
03-02 10:33:59.198 27809 29671 I NetworkScheduler: (REDACTED) Error inserting %s
03-02 10:33:59.206  8942 29516 E FA-SVC  : Too many unique user properties are set. Ignoring user property: mi_id, 6600741689
03-02 10:33:59.220 23522 23522 D nativeloader: Load /data/app/~~Bh61wenJZi6JNVEuOkVQfQ==/com.softnation.Ojam-nnCVAdHxKfOmup5FCuBDYQ==/base.apk!/lib/arm64-v8a/libc++_shared.so using class loader ns clns-7 (caller=/data/app/~~Bh61wenJZi6JNVEuOkVQfQ==/com.softnation.Ojam-nnCVAdHxKfOmup5FCuBDYQ==/base.apk!classes20.dex): ok
03-02 10:33:59.220  8942 29516 E FA-SVC  : Too many unique user properties are set. Ignoring user property: rom_sku, global
03-02 10:33:59.230   861   947 I libPerfCtl: xgfGetFPS pid:921 fps:-1
03-02 10:33:59.230   861   947 I libPerfCtl: xgfGetFPS pid:1999 fps:-1
03-02 10:33:59.230   861   947 I libPerfCtl: xgfGetFPS pid:2363 fps:-1
03-02 10:33:59.242 23522 23522 D nativeloader: Load /data/app/~~Bh61wenJZi6JNVEuOkVQfQ==/com.softnation.Ojam-nnCVAdHxKfOmup5FCuBDYQ==/base.apk!/lib/arm64-v8a/libjsi.so using class loader ns clns-7 (caller=/data/app/~~Bh61wenJZi6JNVEuOkVQfQ==/com.softnation.Ojam-nnCVAdHxKfOmup5FCuBDYQ==/base.apk!classes20.dex): ok
03-02 10:33:59.248  1621  1918 E HyperSentinel: -------------------------------------------------------
03-02 10:33:59.248  1621  1918 E HyperSentinel: Event_OpenFileFDSize
03-02 10:33:59.248  1621  1918 E HyperSentinel: -> audit event by proc 1621 "system_server": Fd increasement, peak, 949 -> 1180
03-02 10:33:59.248  8942 29516 W FA-SVC  : Event created with reverse previous/current timestamps. appId, name: com.xiaomi.mipicks, _err
03-02 10:33:59.248  1621  1917 D MiuiSentinelService: begin judgment FdAmountLeakException
03-02 10:33:59.257  1621  4430 D AS.BtHelper: isBluetoothScoOn() mBluetoothHeadset is null: falsemBluetoothHeadsetDevice is null: true
03-02 10:33:59.257  1621  4430 V AS.AudioDeviceBroker: requestedCommunicationDevice: null mAudioModeOwner: AudioModeInfo: mMode=MODE_NORMAL, mPid=0, mUid=0
03-02 10:33:59.260  1621  4430 D AS.BtHelper: isBluetoothScoOn() mBluetoothHeadset is null: falsemBluetoothHeadsetDevice is null: true
03-02 10:33:59.260  1621  4430 V AS.AudioDeviceBroker: requestedCommunicationDevice: null mAudioModeOwner: AudioModeInfo: mMode=MODE_NORMAL, mPid=0, mUid=0
03-02 10:33:59.264 23522 23522 D nativeloader: Load /data/app/~~Bh61wenJZi6JNVEuOkVQfQ==/com.softnation.Ojam-nnCVAdHxKfOmup5FCuBDYQ==/base.apk!/lib/arm64-v8a/libfbjni.so using class loader ns clns-7 (caller=/data/app/~~Bh61wenJZi6JNVEuOkVQfQ==/com.softnation.Ojam-nnCVAdHxKfOmup5FCuBDYQ==/base.apk!classes20.dex): ok
03-02 10:33:59.265 27809 28669 I NetworkScheduler: (REDACTED) Error inserting %s
03-02 10:33:59.266  8942 29516 E FA-SVC  : Too many unique user properties are set. Ignoring user property: boot_wizard_end, -1
03-02 10:33:59.287 23522 23522 D nativeloader: Load /data/app/~~Bh61wenJZi6JNVEuOkVQfQ==/com.softnation.Ojam-nnCVAdHxKfOmup5FCuBDYQ==/base.apk!/lib/arm64-v8a/libreactnative.so using class loader ns clns-7 (caller=/data/app/~~Bh61wenJZi6JNVEuOkVQfQ==/com.softnation.Ojam-nnCVAdHxKfOmup5FCuBDYQ==/base.apk!classes20.dex): ok
03-02 10:33:59.287 23522 23522 D jni_lib_merge: Entering merged library JNI_OnLoad.
03-02 10:33:59.288 23522 23522 D jni_lib_merge: Preparing 12 pre-merged libs (including stub)
03-02 10:33:59.288 23522 23522 D jni_lib_merge: Preparing to register libfabricjni_so.  onload_func: 0x7892238ce0
03-02 10:33:59.288 23522 23522 D jni_lib_merge: Preparing to register libreact_devsupportjni_so.  onload_func: 0x7892432fc8
03-02 10:33:59.288 23522 23522 D jni_lib_merge: Preparing to register libreact_featureflagsjni_so.  onload_func: 0x7892441518
03-02 10:33:59.288 23522 23522 D jni_lib_merge: Preparing to register libreact_newarchdefaults_so.  onload_func: 0x78924a96a8
03-02 10:33:59.288 23522 23522 D jni_lib_merge: Preparing to register libreactnativeblob_so.  onload_func: 0x7892699cb4
03-02 10:33:59.288 23522 23522 D jni_lib_merge: Preparing to register libreactnativejni_so.  onload_func: 0x78926e76bc
03-02 10:33:59.288 23522 23522 D jni_lib_merge: Preparing to register libreactnativejni_common_so.  onload_func: 0x78926f8044
03-02 10:33:59.288 23522 23522 D jni_lib_merge: Preparing to register librninstance_so.  onload_func: 0x789273f764
03-02 10:33:59.288 23522 23522 D jni_lib_merge: Preparing to register libturbomodulejsijni_so.  onload_func: 0x7892857f68
03-02 10:33:59.288 23522 23522 D jni_lib_merge: Preparing to register libuimanagerjni_so.  onload_func: 0x7892870fb8
03-02 10:33:59.288 23522 23522 D jni_lib_merge: Preparing to register libyoga_so.  onload_func: 0x7892880a3c
03-02 10:33:59.288 23522 23522 D jni_lib_merge: About to register 11 actual methods.
03-02 10:33:59.289  1621  1631 I system_server: Background young concurrent mark compact GC freed 33MB AllocSpace bytes, 103(2208KB) LOS objects, 19% free, 143MB/178MB, paused 4.766ms,16.460ms total 286.184ms
03-02 10:33:59.294   921  1587 I SurfaceFlinger: onHandleDestroyed: name=Transition Root #10143: Task=1#133275, layerId=133275, parentId=0
03-02 10:33:59.299  1621  1633 W System  : A resource failed to call HardwareBuffer.close. 
03-02 10:33:59.309   921   921 I BufferQueueDebug: [Transition Root #10143: Task=1#133275](this:0xb400007bcec1fff8,id:-1,api:0,p:-1,c:921) onDestructor()
03-02 10:33:59.311 27809 29671 I NetworkScheduler: (REDACTED) Error inserting %s
03-02 10:33:59.313  1201  1298 D AALService: [CRTC_114] onALIChanged: 51 -> 34
03-02 10:33:59.316  8942 29516 E FA-SVC  : Too many unique user properties are set. Ignoring user property: channel_key, defaults
03-02 10:33:59.319 29508 29639 W BpBinder: Slow Binder: BpBinder transact took 248 ms, interface=com.google.android.gms.measurement.internal.IMeasurementService, code=11 oneway=false
03-02 10:33:59.326 23522 23522 D nativeloader: Load /data/app/~~Bh61wenJZi6JNVEuOkVQfQ==/com.softnation.Ojam-nnCVAdHxKfOmup5FCuBDYQ==/base.apk!/lib/arm64-v8a/libreact_codegen_rnscreens.so using class loader ns clns-7 (caller=/data/app/~~Bh61wenJZi6JNVEuOkVQfQ==/com.softnation.Ojam-nnCVAdHxKfOmup5FCuBDYQ==/base.apk!classes20.dex): ok
03-02 10:33:59.326 23522 23522 D jni_lib_merge: Entering merged library JNI_OnLoad.
03-02 10:33:59.326 23522 23522 D jni_lib_merge: Preparing 12 pre-merged libs (including stub)
03-02 10:33:59.326 23522 23522 D jni_lib_merge: Preparing to register libfabricjni_so.  onload_func: 0x7892238ce0
03-02 10:33:59.326 23522 23522 D jni_lib_merge: Preparing to register libreact_devsupportjni_so.  onload_func: 0x7892432fc8
03-02 10:33:59.326 23522 23522 D jni_lib_merge: Preparing to register libreact_featureflagsjni_so.  onload_func: 0x7892441518
03-02 10:33:59.326 23522 23522 D jni_lib_merge: Preparing to register libreact_newarchdefaults_so.  onload_func: 0x78924a96a8
03-02 10:33:59.326 23522 23522 D jni_lib_merge: Preparing to register libreactnativeblob_so.  onload_func: 0x7892699cb4
03-02 10:33:59.326 23522 23522 D jni_lib_merge: Preparing to register libreactnativejni_so.  onload_func: 0x78926e76bc
03-02 10:33:59.326 23522 23522 D jni_lib_merge: Preparing to register libreactnativejni_common_so.  onload_func: 0x78926f8044
03-02 10:33:59.326 23522 23522 D jni_lib_merge: Preparing to register librninstance_so.  onload_func: 0x789273f764
03-02 10:33:59.326 23522 23522 D jni_lib_merge: Preparing to register libturbomodulejsijni_so.  onload_func: 0x7892857f68
03-02 10:33:59.326 23522 23522 D jni_lib_merge: Preparing to register libuimanagerjni_so.  onload_func: 0x7892870fb8
03-02 10:33:59.326 23522 23522 D jni_lib_merge: Preparing to register libyoga_so.  onload_func: 0x7892880a3c
03-02 10:33:59.326 23522 23522 D jni_lib_merge: About to register 11 actual methods.
03-02 10:33:59.332 27809 28669 I NetworkScheduler: (REDACTED) Error inserting %s
03-02 10:33:59.342 27809 28669 I NetworkScheduler: (REDACTED) Error inserting %s
03-02 10:33:59.343 23522 23522 D nativeloader: Load /data/app/~~Bh61wenJZi6JNVEuOkVQfQ==/com.softnation.Ojam-nnCVAdHxKfOmup5FCuBDYQ==/base.apk!/lib/arm64-v8a/libreact_codegen_RNCSlider.so using class loader ns clns-7 (caller=/data/app/~~Bh61wenJZi6JNVEuOkVQfQ==/com.softnation.Ojam-nnCVAdHxKfOmup5FCuBDYQ==/base.apk!classes20.dex): ok
03-02 10:33:59.353 27809 28669 I NetworkScheduler: (REDACTED) Error inserting %s
03-02 10:33:59.360 27809 29673 I NetworkScheduler: (REDACTED) Error inserting %s
03-02 10:33:59.360 23522 23522 D nativeloader: Load /data/app/~~Bh61wenJZi6JNVEuOkVQfQ==/com.softnation.Ojam-nnCVAdHxKfOmup5FCuBDYQ==/base.apk!/lib/arm64-v8a/libreact_codegen_rnsvg.so using class loader ns clns-7 (caller=/data/app/~~Bh61wenJZi6JNVEuOkVQfQ==/com.softnation.Ojam-nnCVAdHxKfOmup5FCuBDYQ==/base.apk!classes20.dex): ok
03-02 10:33:59.360 23522 23522 D jni_lib_merge: Entering merged library JNI_OnLoad.
03-02 10:33:59.360 23522 23522 D jni_lib_merge: Preparing 12 pre-merged libs (including stub)
03-02 10:33:59.360 23522 23522 D jni_lib_merge: Preparing to register libfabricjni_so.  onload_func: 0x7892238ce0
03-02 10:33:59.360 23522 23522 D jni_lib_merge: Preparing to register libreact_devsupportjni_so.  onload_func: 0x7892432fc8
03-02 10:33:59.360 23522 23522 D jni_lib_merge: Preparing to register libreact_featureflagsjni_so.  onload_func: 0x7892441518
03-02 10:33:59.360 23522 23522 D jni_lib_merge: Preparing to register libreact_newarchdefaults_so.  onload_func: 0x78924a96a8
03-02 10:33:59.360 23522 23522 D jni_lib_merge: Preparing to register libreactnativeblob_so.  onload_func: 0x7892699cb4
03-02 10:33:59.360 23522 23522 D jni_lib_merge: Preparing to register libreactnativejni_so.  onload_func: 0x78926e76bc
03-02 10:33:59.360 23522 23522 D jni_lib_merge: Preparing to register libreactnativejni_common_so.  onload_func: 0x78926f8044
03-02 10:33:59.361 23522 23522 D jni_lib_merge: Preparing to register librninstance_so.  onload_func: 0x789273f764
03-02 10:33:59.361 23522 23522 D jni_lib_merge: Preparing to register libturbomodulejsijni_so.  onload_func: 0x7892857f68
03-02 10:33:59.361 23522 23522 D jni_lib_merge: Preparing to register libuimanagerjni_so.  onload_func: 0x7892870fb8
03-02 10:33:59.361 23522 23522 D jni_lib_merge: Preparing to register libyoga_so.  onload_func: 0x7892880a3c
03-02 10:33:59.361 23522 23522 D jni_lib_merge: About to register 11 actual methods.
03-02 10:33:59.371 27809 28669 I NetworkScheduler: (REDACTED) Error inserting %s
03-02 10:33:59.378 23522 23522 D nativeloader: Load /data/app/~~Bh61wenJZi6JNVEuOkVQfQ==/com.softnation.Ojam-nnCVAdHxKfOmup5FCuBDYQ==/base.apk!/lib/arm64-v8a/libreact_codegen_safeareacontext.so using class loader ns clns-7 (caller=/data/app/~~Bh61wenJZi6JNVEuOkVQfQ==/com.softnation.Ojam-nnCVAdHxKfOmup5FCuBDYQ==/base.apk!classes20.dex): ok
03-02 10:33:59.380 27809 28669 I NetworkScheduler: (REDACTED) Error inserting %s
03-02 10:33:59.387 23522 23522 D nativeloader: Load /data/app/~~Bh61wenJZi6JNVEuOkVQfQ==/com.softnation.Ojam-nnCVAdHxKfOmup5FCuBDYQ==/base.apk!/lib/arm64-v8a/libappmodules.so using class loader ns clns-7 (caller=/data/app/~~Bh61wenJZi6JNVEuOkVQfQ==/com.softnation.Ojam-nnCVAdHxKfOmup5FCuBDYQ==/base.apk!classes20.dex): ok
03-02 10:33:59.390 27809 29673 I NetworkScheduler: (REDACTED) Error inserting %s
03-02 10:33:59.393  2363  2477 D MiuiFreeformModeCornerTipHandler: task#37025 onTaskVanished
03-02 10:33:59.394  2363  2477 I MiuiBubbleController: removeBubble: 37025 reason=2
03-02 10:33:59.394  2363  2477 I MultiTaskingTaskRepository: onTaskInfoChanged multi list = [5, 4], full = [37025, 37019, 36980]
03-02 10:33:59.396  1621  2986 I PowerHalWrapper: amsBoostNotify pid:23522,activity:com.softnation.Ojam.MainActivity, package:com.softnation.Ojam, mProcessCreatePackcom.softnation.Ojam 
03-02 10:33:59.396  1621  2986 I PowerHalWrapper: state: 1 
03-02 10:33:59.398  1621  2986 I ScnModule: [GameDetection] packname: com.softnation.Ojam, apkSize: 113045479. 
03-02 10:33:59.398  1621  2986 I mtkpower_client: [PowerHal_Wrap_notifyAppState] com.softnation.Ojam/com.softnation.Ojam.MainActivity pid=23522 activityId:45621995 state:1
03-02 10:33:59.398   861   861 I vendor.mediatek.hardware.mtkpower_applist-service.mediatek: packName: com.softnation.Ojam actName: com.softnation.Ojam.MainActivity pid: 23522 activityId: 45621995 uid: 10337 state: 1
03-02 10:33:59.398   861   861 I MTK_APPList: [notifyAPPstate] com.softnation.Ojam/com.softnation.Ojam.MainActivity, pid=23522, activityId=45621995, uid=10337, state:RESUMED, fps:-1, win:0
03-02 10:33:59.399   861   861 I MTK_APPList: [notifyAPPstate] multi_resumed_app_count: 2
03-02 10:33:59.399   861   861 I MTK_APPList: [notifyAPPstate] multi_resumed_app_info[0] com.android.systemui/com.android.systemui._190038181, pid:2363, activityId:-1, fps:-1, isMultiWindow:0
03-02 10:33:59.399   861   861 I MTK_APPList: [notifyAPPstate] multi_resumed_app_info[1] com.softnation.Ojam/com.softnation.Ojam.MainActivity, pid:23522, activityId:45621995, fps:-1, isMultiWindow:0
03-02 10:33:59.399   861   861 I MTK_APPList: [getForegroundAPPCount] 2
03-02 10:33:59.399   861   861 I MTK_APPList: [notifyAPPstate] foreground:com.softnation.Ojam, pid:23522, activityId:45621995, uid:10337
03-02 10:33:59.399   861   861 I MTK_APPList: [notifyNetdUID] 10337
03-02 10:33:59.400   861   861 I MTK_APPList: [notifyPID] 23522
03-02 10:33:59.401  1621  2986 I PowerHalWrapper: amsBoostNotify AMS_BOOST_PROCESS_CREATE_BOOST:true 
03-02 10:33:59.401   863   958 I libPowerHal: [perfSetSysInfo] pid type:24, 23522
03-02 10:33:59.401  1621  1621 D MBrainLocalService: isVendorFreezeConditionPass is false
03-02 10:33:59.401  1621  1621 E MBrainLocalService: notifyAppSwitch failed
03-02 10:33:59.402   861   861 I MTK_APPList: [notifyAPPstate] pc:0, com.miui.home => com.softnation.Ojam
03-02 10:33:59.402  1621  1650 D ActivityManager: mediaResourceManagerBinder get success
03-02 10:33:59.404  1621  1745 W AlarmManager: Unrecognized alarm listener com.android.server.usage.AppTimeLimitController$SessionUsageGroup@d49e51b
03-02 10:33:59.404 27809 29671 I NetworkScheduler: (REDACTED) Error inserting %s
03-02 10:33:59.404  1124  2140 D ResourceManagerServiceNew: update package name: com.softnation.Ojam
03-02 10:33:59.408  1124  2140 D ResourceManagerServiceNew: packageName: com.softnation.Ojam, uid : 10337, hashCode : 235597853
03-02 10:33:59.409  1124  2140 D ResourceManagerServiceNew: ResourceManagerService::setCodecsVppModeWithLock
03-02 10:33:59.409  1124  2140 D ResourceManagerServiceNew: all codecs setVppMode return fail
03-02 10:33:59.410  6027  3111 I ProcessMonitor: onForegroundInfoChanged: ForegroundInfo{mForegroundPackageName='com.softnation.Ojam', mForegroundUid=10337, mForegroundPid=23522, mLastForegroundPackageName='com.miui.home', mLastForegroundUid=10166, mLastForegroundPid=1999, mMultiWindowForegroundPackageName='com.softnation.Ojam', mMultiWindowForegroundUid=10337, mFlags=1}
03-02 10:33:59.410  1621  1907 D MiuiMultiWindowUtils: DeviceLevel.IS_MIUI_LITE_VERSION 2.0 not support miui multiWindowtides
03-02 10:33:59.411  6027 26949 D v1      : myUserId = 0	currentUserId0
03-02 10:33:59.411  6027  3111 I VideoBoxUtils: isSupportVideoBox: false
03-02 10:33:59.411  6027  3111 I VideoToolBoxService: vtb is closed!!!
03-02 10:33:59.411  1621  1907 D BluetoothAdapter: getActiveDevices(profile= A2DP)
03-02 10:33:59.413  6515  9356 D PerfEngineController: ForegroundInfo{mForegroundPackageName='com.softnation.Ojam', mForegroundUid=10337, mForegroundPid=23522, mLastForegroundPackageName='com.miui.home', mLastForegroundUid=10166, mLastForegroundPid=1999, mMultiWindowForegroundPackageName='com.softnation.Ojam', mMultiWindowForegroundUid=10337, mFlags=1}
03-02 10:33:59.414 23522 23522 W Looper  : PerfMonitor longMsg : seq=3 plan=10:33:57.676 late=29ms wall=1698ms h=android.app.ActivityThread$H w=110 procState=-1
03-02 10:33:59.415  1621  1907 D BluetoothAdapter: getActiveDevices(profile= HEADSET)
03-02 10:33:59.415 23522 23522 W libc    : Access denied finding property "ro.vendor.perf.scroll_opt"
03-02 10:33:59.417  1621  1907 D BluetoothAdapter: getActiveDevices(profile= LE_AUDIO)
03-02 10:33:59.419 18562 29326 E BluetoothAdapterService: getActiveDevices: LeAudioService is null
03-02 10:33:59.422  1621  1907 D AudioSystem: +setParameters(): foregroundUid=10337;bluetoothlowlatencystatus=false 
03-02 10:33:59.422  1621  1907 D AudioSystem: start get log level!
03-02 10:33:59.424   843   968 D AudioALSAHardware: +setParameters(): bluetoothlowlatencystatus=false;foregroundUid=10337
03-02 10:33:59.424 23522 23522 D nativeloader: Load libpowerhalwrap_jni.so using system ns (caller=/system_ext/framework/mediatek-framework.jar): ok
03-02 10:33:59.424   843   968 D AudioALSAHardware: -setParameters(): bluetoothlowlatencystatus=false;foregroundUid=10337
03-02 10:33:59.424 23522 23522 I PowerHalWrapper: PowerHalWrapper.getInstance 
03-02 10:33:59.424   843   968 E AHAL_Module: setVendorParameters: default: unrecognized parameter "bluetoothlowlatencystatus=false;foregroundUid=10337"
03-02 10:33:59.425   894  2683 E ConversionHelperAidl: Function: parseAndSetVendorParameters Line: 97 Failed 
03-02 10:33:59.425 28753 28772 I .apps.nbu.files: Background concurrent mark compact GC freed 23MB AllocSpace bytes, 0(0B) LOS objects, 78% free, 6899KB/30MB, paused 2.848ms,2.786ms total 112.894ms
03-02 10:33:59.425 23522 23522 I M-ProMotion: M-ProMotion is disabled
03-02 10:33:59.426   843   968 D AHAL_ModuleBluetooth: setVendorParameters: parameter count 1, async: 0
03-02 10:33:59.426   843   968 D AHAL_ModuleBluetooth: setVendorParameters: bluetoothlowlatencystatus=false;foregroundUid=10337
03-02 10:33:59.428 18562 29326 D BluetoothLatencyMode: ForegroundInfo{mForegroundPackageName='com.softnation.Ojam', mForegroundUid=10337, mForegroundPid=23522, mLastForegroundPackageName='com.miui.home', mLastForegroundUid=10166, mLastForegroundPid=1999, mMultiWindowForegroundPackageName='com.softnation.Ojam', mMultiWindowForegroundUid=10337, mFlags=1}
03-02 10:33:59.432 27809 29673 I NetworkScheduler: (REDACTED) Error inserting %s
03-02 10:33:59.432 18562 29326 W LeAudioService: getLeAudioService(): service is NULL
03-02 10:33:59.433 18562 29326 D BluetoothLatencyMode: isWiredAudioHeadset.type: 1
03-02 10:33:59.433 18562 29326 D BluetoothLatencyMode: isWiredAudioHeadset.type: 2
03-02 10:33:59.433 18562 29326 D BluetoothLatencyMode: isWiredAudioHeadset.type: 18
03-02 10:33:59.433 18562 29326 D BluetoothLatencyMode: isWiredAudioHeadset.type: 14
03-02 10:33:59.437 27809 29673 I NetworkScheduler: (REDACTED) Error inserting %s
03-02 10:33:59.438 23522 23522 D FramePredict: FramePredict init: true
03-02 10:33:59.438 23522 23522 I Choreographer: Skipped 30 frames!  The application may be doing too much work on its main thread.
03-02 10:33:59.439 23522 23522 D UserSceneDetector: invoke error.
03-02 10:33:59.440  6515  6997 D MilletUtils: setUidState, uid = 10337 allow = true
03-02 10:33:59.441  1621  4426 D MiSensorServiceImpl: PowerKeeperSensor resume iUid:10337 but app has not in Controlled
03-02 10:33:59.443 23522 23522 W Looper  : PerfMonitor doFrame : time=4ms vsyncFrame=19707388 latency=502ms procState=-1 historyMsgCount=3 (msgIndex=1 wall=1698ms seq=3 late=29ms h=android.app.ActivityThread$H w=110)
03-02 10:33:59.446 23522 23522 I ActivityThread: HardwareRenderer preload  done
03-02 10:33:59.449 23522 29685 D vulkan  : searching for layers in '/data/app/~~Bh61wenJZi6JNVEuOkVQfQ==/com.softnation.Ojam-nnCVAdHxKfOmup5FCuBDYQ==/lib/arm64'
03-02 10:33:59.450  1621  1918 E HyperSentinel: -------------------------------------------------------
03-02 10:33:59.450  1621  1918 E HyperSentinel: Event_ThreadAmount
03-02 10:33:59.450  1621  1918 E HyperSentinel: -> audit event by proc 23522 "usap64": running threads amount, 12 -> 23
03-02 10:33:59.450 23522 29685 D vulkan  : searching for layers in '/data/app/~~Bh61wenJZi6JNVEuOkVQfQ==/com.softnation.Ojam-nnCVAdHxKfOmup5FCuBDYQ==/base.apk!/lib/arm64-v8a'
03-02 10:33:59.451 23522 29685 D vulkan  : searching for layers in '/data/app/~~Bh61wenJZi6JNVEuOkVQfQ==/com.softnation.Ojam-nnCVAdHxKfOmup5FCuBDYQ==/lib/arm64'
03-02 10:33:59.451 23522 29685 D vulkan  : searching for layers in '/data/app/~~Bh61wenJZi6JNVEuOkVQfQ==/com.softnation.Ojam-nnCVAdHxKfOmup5FCuBDYQ==/base.apk!/lib/arm64-v8a'
03-02 10:33:59.461  1159  1606 D ULogGuard: Monitoring: 18 threads, 0 requests, 0 time-bombs; 1 guards. ResetFlags = 0x7
03-02 10:33:59.464 23522 29685 D MMUD    : mtk_memory_debug_init com.softnation.Ojam 0xb400007c0895a5d0
03-02 10:33:59.509 18562 29326 D BluetoothDevice: getAddress: mAddress=XX:XX:XX:XX:E1:4F
03-02 10:33:59.509 18562 29326 D BluetoothDevice: getAddress: mAddress=XX:XX:XX:XX:94:A5
03-02 10:33:59.509  1621  1729 I BroadcastQueue: BOOT_COMPLETED_BROADCAST_COMPLETION_LATENCY_REPORTED action:android.intent.action.BOOT_COMPLETED dispatchLatency:31 completeLatency:1822 dispatchRealLatency:32 completeRealLatency:1822 receiversSize:1 userId:0 userType:android.os.usertype.full.SYSTEM
03-02 10:33:59.509 18562 29326 D BluetoothDevice: getAddress: mAddress=XX:XX:XX:XX:6E:27
03-02 10:33:59.509 18562 29326 D BluetoothDevice: getAddress: mAddress=XX:XX:XX:XX:9D:81
03-02 10:33:59.509 18562 29326 D BluetoothDevice: getAddress: mAddress=XX:XX:XX:XX:EE:F9
03-02 10:33:59.510 18562 29326 D BluetoothDevice: getAddress: mAddress=XX:XX:XX:XX:C8:A7
03-02 10:33:59.510 18562 29326 D BluetoothDevice: getAddress: mAddress=XX:XX:XX:XX:2F:74
03-02 10:33:59.510 18562 29326 D BluetoothDevice: getAddress: mAddress=XX:XX:XX:XX:69:70
03-02 10:33:59.510 18562 29326 D BluetoothDevice: getAddress: mAddress=XX:XX:XX:XX:C0:39
03-02 10:33:59.512 18562 12259 D BluetoothDevice: getAddress: mAddress=XX:XX:XX:XX:E1:4F
03-02 10:33:59.512 18562 12259 D BluetoothDevice: getAddress: mAddress=XX:XX:XX:XX:94:A5
03-02 10:33:59.512 18562 12259 D BluetoothDevice: getAddress: mAddress=XX:XX:XX:XX:6E:27
03-02 10:33:59.512 18562 12259 D BluetoothDevice: getAddress: mAddress=XX:XX:XX:XX:9D:81
03-02 10:33:59.512 18562 12259 D BluetoothDevice: getAddress: mAddress=XX:XX:XX:XX:EE:F9
03-02 10:33:59.512 18562 12259 D BluetoothDevice: getAddress: mAddress=XX:XX:XX:XX:C8:A7
03-02 10:33:59.512 18562 12259 D BluetoothDevice: getAddress: mAddress=XX:XX:XX:XX:2F:74
03-02 10:33:59.512 18562 12259 D BluetoothDevice: getAddress: mAddress=XX:XX:XX:XX:69:70
03-02 10:33:59.512 18562 12259 D BluetoothDevice: getAddress: mAddress=XX:XX:XX:XX:C0:39
03-02 10:33:59.513  1201  1298 D AALService: [CRTC_114] onALIChanged: 34 -> 48
03-02 10:33:59.515 18562 12259 D BluetoothDevice: getAddress: mAddress=XX:XX:XX:XX:E1:4F
03-02 10:33:59.515 18562 12259 D BluetoothDevice: getAddress: mAddress=XX:XX:XX:XX:94:A5
03-02 10:33:59.515 18562 12259 D BluetoothDevice: getAddress: mAddress=XX:XX:XX:XX:6E:27
03-02 10:33:59.515 18562 12259 D BluetoothDevice: getAddress: mAddress=XX:XX:XX:XX:9D:81
03-02 10:33:59.515 18562 12259 D BluetoothDevice: getAddress: mAddress=XX:XX:XX:XX:EE:F9
03-02 10:33:59.515 18562 12259 D BluetoothDevice: getAddress: mAddress=XX:XX:XX:XX:C8:A7
03-02 10:33:59.515 18562 12259 D BluetoothDevice: getAddress: mAddress=XX:XX:XX:XX:2F:74
03-02 10:33:59.515 18562 12259 D BluetoothDevice: getAddress: mAddress=XX:XX:XX:XX:69:70
03-02 10:33:59.515 18562 12259 D BluetoothDevice: getAddress: mAddress=XX:XX:XX:XX:C0:39
03-02 10:33:59.525   849   868 I hwcomposer: [HWCDisplay] (0 updateFps():3667), (type:1, mode:2) fps:60.068333,dur:1015.51,max:19.28,min:13.99  
03-02 10:33:59.527 23522 23522 D AppCompatDelegate: Checking for metadata for AppLocalesMetadataHolderService : Service not found
03-02 10:33:59.528  1621  1640 D AudioSystem: +setParameters(): gamebooster=false 
03-02 10:33:59.528  1621  1640 D AudioSystem: start get log level!
03-02 10:33:59.529   843   968 D AudioALSAHardware: +setParameters(): gamebooster=false
03-02 10:33:59.529   843   968 D AudioALSAHardware: -setParameters(): gamebooster=false
03-02 10:33:59.529   843   968 E AHAL_Module: setVendorParameters: default: unrecognized parameter "gamebooster=false"
03-02 10:33:59.530   894  2683 E ConversionHelperAidl: Function: parseAndSetVendorParameters Line: 97 Failed 
03-02 10:33:59.531   843   968 D AHAL_ModuleBluetooth: setVendorParameters: parameter count 1, async: 0
03-02 10:33:59.531   843   968 D AHAL_ModuleBluetooth: setVendorParameters: gamebooster=false
03-02 10:33:59.536  1621  4426 I whetstone.activity: Power Event callback listener is empty for resId=256
03-02 10:33:59.536  1621  4426 D BatteryStatsManagerStub: notifyEvent for resId=256 used 1ms
03-02 10:33:59.540  1621  4426 W JobScheduler: Job didn't exist in JobStore: 
03-02 10:33:59.543  1621  1842 I MiuiNetworkPolicy: updateUidState uid = 10308, uidState = 10
03-02 10:33:59.545  1621  1842 I MiuiNetworkPolicy: updateUidState uid = 10308, uidState = 19
03-02 10:33:59.547  1999 27254 D TaskStackChangeListeners: onTaskDescriptionChanged =  taskId = 37025
03-02 10:33:59.552  1999 27254 D TaskStackChangeListeners: onTaskDescriptionChanged =  taskId = 37025
03-02 10:33:59.566 23522 29689 D MMUD    : get_leak_baseline 3246391296
03-02 10:33:59.597 23522 23522 I softnation.Ojam: hiddenapi: Accessing hidden method Landroid/view/ViewGroup;->makeOptionalFitsSystemWindows()V (runtime_flags=0, domain=platform, api=unsupported) from Landroidx/appcompat/widget/ViewUtils; (domain=app, TargetSdkVersion=36) using reflection: allowed
03-02 10:33:59.646  1621  1918 E HyperSentinel: -------------------------------------------------------
03-02 10:33:59.646  1621  1918 E HyperSentinel: Event_ResidentSize
03-02 10:33:59.646  1621  1918 E HyperSentinel: -> audit event by proc 23522 "usap64": RSS increasement, peak 158004kb -> 237020kb
03-02 10:33:59.651  1621  1922 I SmartPower: com.google.android.apps.photos/10204(28724): background->idle(3046ms) R(adj below visible) adj=905.
03-02 10:33:59.653  1621  1922 I SmartPower: com.whatsapp/10300(31638): background->idle(3072ms) R(broadcast start Intent { act=android.intent.action.BATTERY_CHANGED flg=0x60000010 (has extras) }) adj=227.
03-02 10:33:59.653  1621  1922 I SmartPower: com.facebook.katana/10287(21983): background->idle(3062ms) R(broadcast start Intent { act=android.intent.action.BATTERY_CHANGED flg=0x60000010 (has extras) }) adj=915.
03-02 10:33:59.653  1621  1922 I SmartPower: com.android.chrome/10174(23296): background->idle(3059ms) R(broadcast start Intent { act=android.intent.action.BATTERY_CHANGED flg=0x60000010 (has extras) }) adj=915.
03-02 10:33:59.653  1621  1922 I SmartPower: com.facebook.orca/10321(28694): background->idle(3057ms) R(broadcast start Intent { act=android.intent.action.BATTERY_CHANGED flg=0x60000010 (has extras) }) adj=905.
03-02 10:33:59.654  1621  1922 I SmartPower: com.google.android.apps.nbu.files/10308(28753): background->idle(3023ms) R(service create com.google.android.apps.nbu.files/androidx.work.impl.background.systemjob.SystemJobService) adj=905.
03-02 10:33:59.713  1201  1298 D AALService: [CRTC_114] onALIChanged: 48 -> 70
03-02 10:33:59.755   849  1430 I hwcomposer: [HWC] (0)fire a callback of refresh to SF[4]  
03-02 10:33:59.756  1621  1676 D SsruManagerImpl: MiSsru Sensor not init!!!!
03-02 10:33:59.757   853   853 I Accelerometer: flush, flushCnt:1
03-02 10:33:59.760   853   923 I Accelerometer: flush complete, flushCnt:0
03-02 10:33:59.778   921   921 I BufferQueueProducer: [FramebufferSurface](this:0xb400007d8e9dff50,id:-1,api:1,p:921,c:921) queueBuffer: fps=5.64 dur=1949.13 max=1780.76 min=15.26
03-02 10:33:59.782   921   921 I MI-SF   : surfaceflinger setAffinity mode=1
03-02 10:33:59.782   921   921 E MI-SF   : surfaceflinger setAffinity success
03-02 10:33:59.782   921   921 I MI-SF   : surfaceflinger setreAffinity reTid=1207
03-02 10:33:59.782   921   921 E MI-SF   : surfaceflinger setAffinity success
03-02 10:33:59.786 23522 23522 W unknown:BridgelessReact: ReactHost{0}.startSurface(surfaceId = 0): Schedule
