03-02 10:33:56.617  1621  1651 I WindowManager: wms.showSurfaceRobustly mWin:Window{7986e4c u0 com.miui.miwallpaper.wallpaperservice.MiuiKeyguardPictorialWallpaper}
03-02 10:33:56.617  1621  1651 I ActivityTaskManager: visible for Task{bfb01d8 #37024 type=standard A=10337:com.softnation.Ojam} visible = true isAnimating = false TRANSITION = false PARENTS = false CHILDREN = false
03-02 10:33:56.620  1621  1746 E JobScheduler: ResourceBudgetManagerInternal is null
03-02 10:33:56.621  1621  1667 W ActivityManager: Slow operation: 55ms so far, now at startProcess: done updating battery stats
03-02 10:33:56.621  2363  2363 D BadgeCoordinator: recevie broadbcast ACTION_APPLICATION_MESSAGE_QUERY, requestFirstTime=false
03-02 10:33:56.623  1621  1667 W ActivityManager: Slow operation: 57ms so far, now at startProcess: building log message
03-02 10:33:56.623  1621  1667 I ActivityManager: Start proc 29508:com.xiaomi.mipicks/u0a217 for service {com.xiaomi.mipicks/androidx.work.impl.background.systemjob.SystemJobService} caller=android
03-02 10:33:56.623  1621  1667 W ActivityManager: Slow operation: 57ms so far, now at startProcess: starting to update pids map
03-02 10:33:56.623  1621  1667 W ActivityManager: Slow operation: 57ms so far, now at startProcess: done updating pids map
03-02 10:33:56.625  1621  1928 W ActivityManagerServiceImpl: Sending non-protected broadcast com.xiaomi.multisence.action.FOCUSED_CHANGE from system 1621:system/1000 pkg android. Callers=com.android.server.am.ActivityManagerService.checkBroadcastFromSystem:16365 com.android.server.am.ActivityManagerService.broadcastIntentLockedTraced:17236 com.android.server.am.ActivityManagerService.broadcastIntentLocked:16425 com.android.server.am.ActivityManagerService.broadcastIntentWithFeature:17459 android.app.ContextImpl.sendBroadcast:1264 
03-02 10:33:56.627  8942  8942 D BoundBrokerSvc: onBind: Intent { act=com.google.android.gms.inappreach.service.START dat=chimera-action:/... cmp=com.google.android.gms/.chimera.GmsApiService }
03-02 10:33:56.628 29508 29508 E Zygote  : process_name_ptr:29508 com.xiaomi.mipicks
03-02 10:33:56.630  1621  1746 I SmartPower: com.google.android.apps.nbu.files/10308(28753): idle->background(36348ms) R(service create com.google.android.apps.nbu.files/androidx.work.impl.background.systemjob.SystemJobService) adj=0.
03-02 10:33:56.633  8942  8942 D BoundBrokerSvc: Loading bound service for intent: Intent { act=com.google.android.gms.inappreach.service.START dat=chimera-action:/... cmp=com.google.android.gms/.chimera.GmsApiService }
03-02 10:33:56.634 29508 29508 E Zygote  : SetMemoryProtected process_name_ptr:29508 com.xiaomi.mipicks
03-02 10:33:56.634  1999  1999 D DragContainerLayout: dispatch draw with clip rect: null
03-02 10:33:56.640  1055  1186 D connsyslogger: SD_LOG_ROOT is /data/debuglogger/connsyslog/fw.
03-02 10:33:56.640  1055  1186 D connsyslogger: systemReady:1
03-02 10:33:56.642  1621  1842 I MiuiNetworkPolicy: updateUidState uid = 10308, uidState = 8
03-02 10:33:56.642  1621  1894 D GreezeManager:  report signal uid = 10337 pid = 22236is not frozen.
03-02 10:33:56.643   921   921 I BufferQueueProducer: [NavigationBar0#101619](this:0xb400007bced454e8,id:-1,api:0,p:-1,c:921) queueBuffer: fps=0.65 dur=43362.38 max=42913.03 min=16.12
03-02 10:33:56.658  1177  1177 I thermal_src: recvmsg_expect 5, but get 2 
03-02 10:33:56.658  1177  1177 V thermal_src: TA_DAEMON_CMD_GET_TPCB:ERROR ret=-1
03-02 10:33:56.658  1177  1177 E thermal_src: get_tpcb_from_kernel:error -1. retry...
03-02 10:33:56.658  1177  1177 I thermal_src: recvmsg_expect 5, but get 2 
03-02 10:33:56.658  1177  1177 V thermal_src: TA_DAEMON_CMD_GET_TPCB:ERROR ret=-1
03-02 10:33:56.658  1177  1177 E thermal_src: get_tpcb_from_kernel:error -1. retry...
03-02 10:33:56.659  1177  1177 I thermal_src: recvmsg_expect 5, but get 2 
03-02 10:33:56.659  1177  1177 V thermal_src: TA_DAEMON_CMD_GET_TPCB:ERROR ret=-1
03-02 10:33:56.659  1177  1177 E thermal_src: get_tpcb_from_kernel:error -1. retry...
03-02 10:33:56.659  1177  1177 I thermal_src: recvmsg_expect 4, but get 5 
03-02 10:33:56.660  1177  1177 V thermal_src: TA_DAEMON_CMD_SET_TTJ:ERROR ret=-1
03-02 10:33:56.660  1177  1177 E thermal_src: set_ttj_to_kernel 1:error -1
03-02 10:33:56.660  1177  1177 I thermal_src: recvmsg_expect 2, but get 5 
03-02 10:33:56.660  1177  1177 V thermal_src: waiting NOTIFY from kernel miss, -1
03-02 10:33:56.660  1177  1177 I thermal_src: recvmsg_expect 2, but get 5 
03-02 10:33:56.660  1177  1177 V thermal_src: waiting NOTIFY from kernel miss, -1
03-02 10:33:56.660  1177  1177 I thermal_src: recvmsg_expect 2, but get 4 
03-02 10:33:56.660  1177  1177 V thermal_src: waiting NOTIFY from kernel miss, -1
03-02 10:33:56.660  6515  6921 D PowerKeeper.Audio: pids 0
03-02 10:33:56.669  1999  2551 D BLASTBufferQueue: [VRI[Launcher]#1189](f:0,a:1) acquireNextBufferLocked size=1080x2460 mFrameNumber=1 applyTransaction=true mTimestamp=609230216691311(auto) mPendingTransactions.size=0 graphicBufferId=8585639638997 transform=0
03-02 10:33:56.673  1999  1999 D VRI[Launcher]: vri.reportDrawFinished
03-02 10:33:56.675  1621  4246 D WindowManager: wms.finishDrawingLocked: mDrawState=COMMIT_DRAW_PENDING Window{d85ca12 u0 com.miui.home/com.miui.home.launcher.Launcher} in Surface(name=com.miui.home/com.miui.home.launcher.Launcher#133272)/@0x5d40fae
03-02 10:33:56.675  1621  1746 I whetstone.activity: Power Event callback listener is empty for resId=256
03-02 10:33:56.675  1621  1746 D BatteryStatsManagerStub: notifyEvent for resId=256 used 0ms
03-02 10:33:56.675  1999  1999 I Launcher.widget: onInvisible com.google.android.apps.wellbeing.widget.screentime.ScreenTimeWidgetProviderReceiver_Receiver
03-02 10:33:56.675  1999  1999 I Launcher.widget: onInvisible com.google.android.apps.bard.widget.RobinToolBarAppWidgetReceiver
03-02 10:33:56.676  1999  1999 I Launcher.widget: onInvisible com.google.android.googlequicksearchbox.SearchWidgetProvider
03-02 10:33:56.680  1621  1651 D MiuiRefreshRatePolicy: reset
03-02 10:33:56.683   921  1170 D SurfaceFlinger: [SF client] REMOVE (0xb400007caea49a20) for (22236:com.softnation.Ojam)
03-02 10:33:56.684  7123  7123 I adbd    : Remote process closed the socket (on MSG_PEEK)
03-02 10:33:56.686  1621  1651 I SmartPower: com.miui.home/10166(1999): invisible->visible(223ms) R(become visible) adj=0.
03-02 10:33:56.687   921  1170 I SurfaceFlinger: onHandleDestroyed: name=Surface(name=5b2ee94 StatusBar#103)/@0xf6cf932 - animation-leash of insets_animation#133264, layerId=133264, parentId=0
03-02 10:33:56.687  1621  1651 I WindowManager: wms.showSurfaceRobustly mWin:Window{c20b10a u0 LauncherMinusOneScreen}
03-02 10:33:56.688  1621  1651 I WindowManager: wms.showSurfaceRobustly mWin:Window{ff9cdea u0 LauncherOverlayWindow:com.mi.globalminusscreen}
03-02 10:33:56.688  1621  1651 I WindowManager: wms.showSurfaceRobustly mWin:Window{d85ca12 u0 com.miui.home/com.miui.home.launcher.Launcher}
03-02 10:33:56.688  1999  1999 D TouchInteractionService: onSystemUiFlagsChanged, mSystemUiStateFlags=10020000
03-02 10:33:56.688  1621  1651 D WindowManager: Final targets: [Task{d151cdd #1 type=home}, Task{bfb01d8 #37024 type=standard A=10337:com.softnation.Ojam}, WallpaperWindowToken{2d6d85a token=android.os.Binder@8dfa005}, WallpaperWindowToken{d3319dd token=android.os.Binder@113b9b4}]
03-02 10:33:56.689   921  1170 I SurfaceFlinger: onHandleDestroyed: name=Surface(name=77d8129 NavigationBar0#101614)/@0x3faba4f - animation-leash of insets_animation#133265, layerId=133265, parentId=0
03-02 10:33:56.689  1999  1999 D RecentsImpl: mActivityStateObserver com.miui.home.launcher.Launcher
03-02 10:33:56.689  1999  1999 W RecentsImpl: onResumed className=com.miui.home.launcher.Launcher   forceUpdate=false   mIsInAnotherPro=false   isKeyguardLocked=false   mIsStatusBarExpansion=false   mSecuritySpaceGuideShown=false
03-02 10:33:56.690   921  1170 I BufferQueueDebug: [Transition Root #10143: Task=1#133275](this:0xb400007bcec1fff8,id:-1,api:0,p:-1,c:-1) BufferQueue core=(921:/system/bin/surfaceflinger)
03-02 10:33:56.691   921  1468 W EventThreadInspector: slow VSync-appSf on display(4627039422300187648) count=3, avg=31 ms, max=38 ms.
03-02 10:33:56.691 29508 29508 I .xiaomi.mipicks: Using CollectorTypeCMC GC.
03-02 10:33:56.692  1621  4431 I MediaSessionStack: removeSession | record: com.softnation.Ojam/androidx.media3.session.id./77 (userId=0)
03-02 10:33:56.692  1621  4431 D MediaSessionService: Media button session is changed to null
03-02 10:33:56.693   835   835 I Zygote  : Process 22236 exited due to signal 9 (Killed)
03-02 10:33:56.694   921   921 I BufferQueueDebug: [Surface(name=5b2ee94 StatusBar#103)/@0xf6cf932 - animation-leash of insets_animation#133264](this:0xb400007bcec47dd8,id:-1,api:0,p:-1,c:921) onDestructor()
03-02 10:33:56.694   921   921 I BufferQueueDebug: [Surface(name=77d8129 NavigationBar0#101614)/@0x3faba4f - animation-leash of insets_animation#133265](this:0xb400007bcecab888,id:-1,api:0,p:-1,c:921) onDestructor()
03-02 10:33:56.698  1621  1668 I libprocessgroup: Removed cgroup /sys/fs/cgroup/uid_10337/pid_22236
03-02 10:33:56.698  1621  4431 D MediaSessionService: destroySessionLocked: record=com.softnation.Ojam/androidx.media3.session.id./77 (userId=0)
03-02 10:33:56.699 18562 18562 W AudioMediaPlayerWrapper: The session was destroyed com.softnation.Ojam
03-02 10:33:56.699 18562 18562 D MediaPlayerList: sessionUpdatedCallback(): packageName: com.softnation.Ojam
03-02 10:33:56.699  1621  1856 D ConnectivityService: releasing NetworkRequest [ REQUEST id=242052, [ Capabilities: INTERNET&NOT_RESTRICTED&TRUSTED&NOT_VCN_MANAGED&NOT_BANDWIDTH_CONSTRAINED Uid: 10337 RequestorUid: 10337 RequestorPkg: com.softnation.Ojam UnderlyingNetworks: Null] ] (release request)
03-02 10:33:56.700  1621  1676 D SsruManagerImpl: MiSsru Sensor not init!!!!
03-02 10:33:56.700  2363  3215 I ActiveSessionRecord_export-api: onSessionDestroyed
03-02 10:33:56.701  1621  1621 W system_server: Long monitor contention with owner appscheduling.default (1746) at boolean com.android.server.job.JobServiceContext.executeRunnableJob(com.android.server.job.controllers.JobStatus, int)(JobServiceContext.java:608) waiters=0 in void com.android.server.job.controllers.BackgroundJobsController$1.onReceive(android.content.Context, android.content.Intent) for 154ms
03-02 10:33:56.702  2363 19600 I ActiveSessionRecord_export-api: onSessionDestroyed
03-02 10:33:56.703  1621  2740 I ImeTracker: com.softnation.Ojam:d5d71f09: onRequestHide at ORIGIN_SERVER reason HIDE_REMOVE_CLIENT fromUser false
03-02 10:33:56.703  6515  9356 D MirrorManager:  sendAcceptInput 0 0
03-02 10:33:56.703  1621  2740 I ImeTracker: com.softnation.Ojam:d5d71f09: onCancelled at PHASE_SERVER_SHOULD_HIDE
03-02 10:33:56.704  1621  1856 D ConnectivityService: releasing NetworkRequest [ REQUEST id=242055, [ Capabilities: INTERNET&NOT_RESTRICTED&TRUSTED&NOT_VCN_MANAGED&NOT_BANDWIDTH_CONSTRAINED Uid: 10337 RequestorUid: 10337 RequestorPkg: com.softnation.Ojam UnderlyingNetworks: Null] ] (release request)
03-02 10:33:56.713  1621  1621 W Looper  : Slow dispatch took 168ms main h=android.app.ActivityThread$H c=android.app.LoadedApk$ReceiverDispatcher$Args$$ExternalSyntheticLambda0@9091479 m=0
03-02 10:33:56.714  2363  2477 I MultiTaskingTaskRepository: needSkip: is home task
03-02 10:33:56.714  2363  2477 W MultiTaskingTaskRepository: putOrUpdateTaskInfo skip
03-02 10:33:56.714  2363  2477 I MultiTaskingTaskRepository: needSkip: is home task
03-02 10:33:56.714  2363  2477 W MultiTaskingTaskRepository: onToBackTransitionReady putOrUpdateTaskInfo skip
03-02 10:33:56.715  2363  2477 I ShellTransitions: Is abandon offsetY: false
03-02 10:33:56.715  2363  2477 I ShellTransitions: Is abandon offsetY: false
03-02 10:33:56.715  2363  2477 I ShellTransitions: Is abandon offsetY: false
03-02 10:33:56.715  2363  2477 I ShellTransitions: Is abandon offsetY: false
03-02 10:33:56.715  2363  2477 E KeyguardTransitionHandlerImpl: activityCount = 0
03-02 10:33:56.716  2363  2477 E KeyguardTransitionHandlerImpl: activityCount = 0
03-02 10:33:56.716  1621  1651 D WindowManager: snapshot isNothing = false source = Task{bfb01d8 #37024 type=standard A=10337:com.softnation.Ojam}
03-02 10:33:56.717  2363  2477 D MiuiFreeformModeAnimation: startAnimation change: {WCT{android.window.IWindowContainerToken$Stub$Proxy@c4cb9d9} m=TO_FRONT f=SHOW_WALLPAPER|MOVE_TO_TOP leash=Surface(name=Task=1#47)/@0x80638b4 sb=Rect(0, 0 - 1080, 2460) eb=Rect(0, 0 - 1080, 2460) d=0 taskParent=-1} info.getType(): 2
03-02 10:33:56.717  2363  2477 D MiuiFreeformModeAnimation: startAnimation change: {WCT{android.window.IWindowContainerToken$Stub$Proxy@4216f9e} m=CLOSE f=NONE leash=Surface(name=Task=37024#133252)/@0xf252cdd sb=Rect(0, 0 - 1080, 2460) eb=Rect(0, 0 - 1080, 2460) d=0 taskParent=-1} info.getType(): 2
03-02 10:33:56.718  2363  2477 D MiuiFreeformModeAnimation: startAnimation change: {null m=TO_FRONT f=IS_WALLPAPER leash=Surface(name=WallpaperWindowToken{2d6d85a token=android.os.Binder@8dfa005}#66)/@0x66da052 sb=Rect(0, 0 - 1080, 2460) eb=Rect(0, 0 - 1080, 2460) d=0} info.getType(): 2
03-02 10:33:56.718  2363  2477 D MiuiFreeformModeAnimation: startAnimation change: {null m=TO_FRONT f=IS_WALLPAPER|IS_OCCLUDED leash=Surface(name=WallpaperWindowToken{d3319dd token=android.os.Binder@113b9b4}#64)/@0x4f26f23 sb=Rect(0, 0 - 1080, 2460) eb=Rect(0, 0 - 1080, 2460) d=0} info.getType(): 2
03-02 10:33:56.718  1621  1651 D MiuiRefreshRatePolicy: reset
03-02 10:33:56.718  2363  2477 D SoScStageCoordinator: inCloseTransition:false pairsStartedWithCloseTransition:false isRequestCloseTriggerTask:false inSingleSoScState:false inSoScUnactivie:true closeStage:null
03-02 10:33:56.719 29508 29508 D nativeloader: Load libframework-connectivity-tiramisu-jni.so using APEX ns com_android_tethering for caller /apex/com.android.tethering/javalib/framework-connectivity-t.jar: ok
03-02 10:33:56.720  2363  2477 D RemoteTransitionHandler: Found filterPair{{types=[] flags=0x0] notFlags=0x100 checks=[{atype=home independent=true modes=[OPEN,TO_FRONT] flags=NONE mustBeTask=false order=TOP topActivity=ComponentInfo{com.miui.home/com.miui.home.launcher.Launcher} launchCookie=null},{atype=standard independent=true modes=[CLOSE,TO_BACK] flags=NONE mustBeTask=false order=ANY topActivity=null launchCookie=null}]} RemoteTransition { remoteTransition = android.window.IRemoteTransition$Stub$Proxy@d0bf0c8, appThread = null, debugName = null, hyperRemoteTransition = null }}
03-02 10:33:56.723  2363  3215 I ActiveAudioSessionManager_export-api: controllerSize:0
03-02 10:33:56.723   921  1170 I BufferQueueDebug: [b724b3 ActivityRecordInputSink com.miui.home/.launcher.Launcher#133276](this:0xb400007bcecab888,id:-1,api:0,p:-1,c:-1) BufferQueue core=(921:/system/bin/surfaceflinger)
03-02 10:33:56.723  1999  1999 D LauncherClient.Service: service already connected:com.mi.globalminusscreen
03-02 10:33:56.724  1621  1651 I ActivityTaskManager: visible for Task{27e6aff #2 type=home I=com.miui.home/.launcher.Launcher} visible = true isAnimating = false TRANSITION = false PARENTS = false CHILDREN = false
03-02 10:33:56.725  1621  4431 W MediaSessionRecord: error unlinking to binder death
03-02 10:33:56.725  1621  4431 W MediaSessionRecord: java.util.NoSuchElementException: Death link does not exist (NAME_NOT_FOUND)
03-02 10:33:56.725  1621  4431 W MediaSessionRecord: 	at android.os.BinderProxy.unlinkToDeathNative(Native Method)
03-02 10:33:56.725  1621  4431 W MediaSessionRecord: 	at android.os.BinderProxy.unlinkToDeath(BinderProxy.java:739)
03-02 10:33:56.725  1621  4431 W MediaSessionRecord: 	at com.android.server.media.MediaSessionRecord$ControllerStub.unregisterCallback(MediaSessionRecord.java:1892)
03-02 10:33:56.725  1621  4431 W MediaSessionRecord: 	at android.media.session.ISessionController$Stub.onTransact(ISessionController.java:392)
03-02 10:33:56.725  1621  4431 W MediaSessionRecord: 	at android.os.Binder.execTransactInternal(Binder.java:1512)
03-02 10:33:56.725  1621  4431 W MediaSessionRecord: 	at android.os.Binder.execTransact(Binder.java:1451)
03-02 10:33:56.726 18562 18562 D MediaPlayerList: sendMediaUpdate
03-02 10:33:56.726 18562 18562 D MediaPlayerList: sendMediaUpdate state=null
03-02 10:33:56.726 18562 18562 D AvrcpTargetService: onMediaUpdated: track_changed=true state=true queue=true
03-02 10:33:56.726 18562 18562 D AvrcpNativeInterface: sendMediaUpdate: metadata=true playStatus=true queue=true
03-02 10:33:56.726 18562 18562 I bluetooth: avrcp_service.cc:648 SendMediaUpdate: track_changed=true :  play_state=true :  queue=true
03-02 10:33:56.726 18562 18562 I MediaPlayerList: Removing media player com.softnation.Ojam
03-02 10:33:56.726 18562 18562 I AudioMediaPlayerWrapper: clean up
03-02 10:33:56.726 18562 18562 I MediaPlayerList: Recycle player ID.
03-02 10:33:56.726  1999  1999 D TaskSnapshotCompatVV: getIsInvalidateFromTaskSnapshot, isInvalidate=false
03-02 10:33:56.726 18562 18562 V MediaPlayerList: onActiveSessionsChanged: number of controllers: 0
03-02 10:33:56.726 18562 18562 I PlayerSettingsManager: getPlayerRepeatMode: no active player
03-02 10:33:56.726 18562 18562 I PlayerSettingsManager: getPlayerShuffleMode: no active player
03-02 10:33:56.726 18562 18562 I PlayerSettingsManager: updateRemoteDevice: STATE_REPEAT_OFF, STATE_SHUFFLE_OFF
03-02 10:33:56.726  1999  1999 D EventBus: No subscribers registered for event class com.miui.home.recents.messages.TaskSnapshotChangedEvent
03-02 10:33:56.726 18562 18562 I bluetooth: avrcp_service.cc:685 SendPlayerSettingsChanged: 
03-02 10:33:56.726  1999  1999 D EventBus: No subscribers registered for event class org.greenrobot.eventbus.NoSubscriberEvent
03-02 10:33:56.726 18562 18562 I bluetooth: avrcp_service.cc:699 SendPlayerSettingsChanged: attribute=PlayerAttribute::REPEAT : value=PlayerRepeatValue::OFF
03-02 10:33:56.726 18562 18562 I bluetooth: attribute=PlayerAttribute::SHUFFLE : value=PlayerShuffleValue::OFF
03-02 10:33:56.727  2363  3215 I ActiveAudioSessionManager_export-api: stopPositionCallbackTask
03-02 10:33:56.727  2363  3215 I ActiveAudioSessionManager_export-api: dispatchSessionsExistsChangeCallbackLocked :false
03-02 10:33:56.728  1621  4764 I WindowManager: WIN DEATH: Window{5323d55 u0 com.softnation.Ojam/com.softnation.Ojam.MainActivity}
03-02 10:33:56.728  1621  4764 W InputManager-JNI: Input channel object '5323d55 com.softnation.Ojam/com.softnation.Ojam.MainActivity (client)' was disposed without first being removed with the input manager!
03-02 10:33:56.730  1621  4764 D MiuiRefreshRatePolicy: reset
03-02 10:33:56.733  1621  1650 W ActivityManager: setHasOverlayUi called on unknown pid: 22236
03-02 10:33:56.733  1621  1636 I PowerHalWrapper: amsBoostStop AMS_BOOST_PACK_SWITCH:true, AMS_BOOST_ACT_SWITCH:false, AMS_BOOST_PROCESS_CREATE:false, AMS_BOOST_PROCESS_CREATE_FOR_GAME:false, AMS_BOOST_HOT_LAUNCH:false 
03-02 10:33:56.735  2363 19600 I ActiveAudioSessionManager_export-api: controllerSize:0
03-02 10:33:56.735   863   909 I libPowerHal: [mtkPowerHint] hint:22, hold:500, ext:0, ext_hold:0
03-02 10:33:56.736  1621  2662 W UserManagerService: Requested status bar icon for non-badged user 0
03-02 10:33:56.737   863   958 I libPowerHal: [perfLockAcq] idx:3 hdl:363353 hint:22 pid:863 tid:863 duration:500 lock_user:vendor.mediatek => ret_hdl:363353
03-02 10:33:56.738   863   958 I libPowerHal: [set_kswapd_affinity] set affinity = 16129
03-02 10:33:56.738   863   958 I libPowerHal: [PE] MTKPOWER_HINT_PACK_SWITCH update ONESHOT(set) cmd:10000700 param:16129 pr:3
03-02 10:33:56.738   863   958 I libPowerHal: [perfLockAcq] Done for hdl : 363353
03-02 10:33:56.738  2363  2477 I MultiTaskingTaskRepository: needSkip: is home task
03-02 10:33:56.738 29508 29508 I MessageMonitor: Load libmiui_runtime
03-02 10:33:56.738   863   958 I libPowerHal: [perfLockRel] hdl:363352, idx:2
03-02 10:33:56.739  1999  1817 D EventBus: No subscribers registered for event class com.miui.home.recents.messages.RecentTasksChangedEvent
03-02 10:33:56.739  1999  1817 D EventBus: No subscribers registered for event class org.greenrobot.eventbus.NoSubscriberEvent
03-02 10:33:56.740   863   958 I libPowerHal: [PD] MTKPOWER_HINT_PACK_SWITCH update ONESHOT(unset) cmd:10000700 param:16129 pr:3
03-02 10:33:56.740   863   958 I libPowerHal: [perfLockRel] Done for hdl : 363352
03-02 10:33:56.740  2363 19600 I ActiveAudioSessionManager_export-api: stopPositionCallbackTask
03-02 10:33:56.740  2363 19600 I ActiveAudioSessionManager_export-api: dispatchSessionsExistsChangeCallbackLocked :false
03-02 10:33:56.740  2363 19600 I MiPlayServiceAdapter: markSessionKilled
03-02 10:33:56.741  1999  2684 D RecentsModel: onTaskStackChangedBackground    MSG_TASK_STACK_CHANGE
03-02 10:33:56.741  1999  2684 D RecentsModel: boostTaskStackChangedThread, don't boost
03-02 10:33:56.742  1621  1842 I MiuiNetworkPolicy: updateUidState uid = 10217, uidState = 19
03-02 10:33:56.742  1621  4238 I ATMSImpl: cacheTasksForDefaultDisplay size=3
03-02 10:33:56.743  1621  1651 I ActivityTaskManager: visible for Task{27e6aff #2 type=home I=com.miui.home/.launcher.Launcher} visible = true isAnimating = false TRANSITION = false PARENTS = false CHILDREN = false
03-02 10:33:56.742  1999 27254 D AnimStateManager: send event 9001 currentState = IdleState windowElement = null
03-02 10:33:56.745  1999  1999 I AnimStateManager: IdleState handle event 9001
03-02 10:33:56.745  1999  1999 I AnimStateManager: CommonState handle event 9001
03-02 10:33:56.745  1999  1999 I AnimStateManager: onWindowElementChanged. initWindowElement windowElement= null
03-02 10:33:56.745  1999  1999 I RectFSpringAnim: init
03-02 10:33:56.745  1999  1999 D RectFSpringAnim: addAnimatorListener
03-02 10:33:56.746  1999  1999 D WindowAnimImplementorDispatcher: b09be82 SfAnim is enabled: false
03-02 10:33:56.746  1999  2684 D RecentsModel: getRunningTask ignoreActivityType : 2 ,ignoreWindowMode:5
03-02 10:33:56.746  1999  1999 I WindowElement: b09be82 com.miui.home.recents.anim.WindowElement@b09be82 window init isHalf = com.miui.home.recents.anim.windowanim.WindowAnimContextImpl@9b96dd0.isHalf
03-02 10:33:56.746  1999  1999 I WindowElement: java.lang.Exception
03-02 10:33:56.746  1999  1999 I WindowElement: 	at com.miui.home.recents.anim.WindowElement.<init>(WindowElement.kt:359)
03-02 10:33:56.746  1999  1999 I WindowElement: 	at com.miui.home.recents.anim.WindowElement.<init>(WindowElement.kt:63)
03-02 10:33:56.746  1999  1999 I WindowElement: 	at com.miui.home.recents.anim.StateManager.initWindowElement(StateManager.kt:682)
03-02 10:33:56.746  1999  1999 I WindowElement: 	at com.miui.home.recents.anim.StateManager.access$initWindowElement(StateManager.kt:33)
03-02 10:33:56.746  1999  1999 I WindowElement: 	at com.miui.home.recents.anim.StateManager$CommonState.handleEvent(StateManager.kt:1289)
03-02 10:33:56.746  1999  1999 I WindowElement: 	at com.miui.home.recents.anim.StateManager.handleEventActually(StateManager.kt:112)
03-02 10:33:56.746  1999  1999 I WindowElement: 	at com.miui.home.recents.anim.StateManager.sendEventActually$lambda-0(StateManager.kt:99)
03-02 10:33:56.746  1999  1999 I WindowElement: 	at com.miui.home.recents.anim.StateManager.$r8$lambda$C-kZp_X93nanDwYsUFIjH_GwEtM(Unknown Source:0)
03-02 10:33:56.746  1999  1999 I WindowElement: 	at com.miui.home.recents.anim.StateManager$$ExternalSyntheticLambda3.run(Unknown Source:4)
03-02 10:33:56.746  1999  1999 I WindowElement: 	at android.os.Handler.handleCallback(Handler.java:959)
03-02 10:33:56.746  1999  1999 I WindowElement: 	at android.os.Handler.dispatchMessage(Handler.java:100)
03-02 10:33:56.746  1999  1999 I WindowElement: 	at android.os.Looper.loopOnce(Looper.java:249)
03-02 10:33:56.746  1999  1999 I WindowElement: 	at android.os.Looper.loop(Looper.java:337)
03-02 10:33:56.746  1999  1999 I WindowElement: 	at android.app.ActivityThread.main(ActivityThread.java:9500)
03-02 10:33:56.746  1999  1999 I WindowElement: 	at java.lang.reflect.Method.invoke(Native Method)
03-02 10:33:56.746  1999  1999 I WindowElement: 	at com.android.internal.os.RuntimeInit$MethodAndArgsCaller.run(RuntimeInit.java:636)
03-02 10:33:56.746  1999  1999 I WindowElement: 	at com.android.internal.os.ZygoteInit.main(ZygoteInit.java:1005)
03-02 10:33:56.746  1999  1999 D TransitionCallback: isFrameworkEnableCallback = true
03-02 10:33:56.748  1999  2684 W RecentsModel: getRunningTask   taskInfo=TaskInfo{userId=0 taskId=37019 displayId=0 isRunning=true baseIntent=Intent { flg=0x10000000 cmp=com.whatsapp/.home.ui.HomeActivity } baseActivity=ComponentInfo{com.whatsapp/com.whatsapp.home.ui.HomeActivity} topActivity=ComponentInfo{com.whatsapp/com.whatsapp.home.ui.HomeActivity} origActivity=null realActivity=ComponentInfo{com.whatsapp/com.whatsapp.home.ui.HomeActivity} numActivities=1 lastActiveTime=1025268869 supportsSplitScreenMultiWindow=true supportsMultiWindow=true resizeMode=1 isResizeable=true minWidth=-1 minHeight=-1 defaultMinSize=200 token=WCT{android.window.IWindowContainerToken$Stub$Proxy@a9940ce} topActivityType=1 pictureInPictureParams=null shouldDockBigOverlays=false launchIntoPipHostTaskId=-1 lastParentTaskIdBeforePip=-1 displayCutoutSafeInsets=Rect(0, 104 - 0, 0) topActivityInfo=ActivityInfo{2538bef com.whatsapp.home.ui.HomeActivity} launchCookies=[] positionInParent=Point(0, 0) parentTaskId=-1 isFocused=false isVisible=false isVisibleRequested=false isSleeping=false locusId=null displayAreaFeatureId=1 isTopActivityTransparent=false appCompatTaskInfo=AppCompatTaskInfo { topActivityInSizeCompat=false topActivityEligibleForLetterboxEducation= falseisLetterboxEducationEnabled= false isLetterboxDoubleTapEnabled= false topActivityEligibleForUserAspectRatioButton= false topActivityBoundsLetterboxed= false isFromLetterboxDoubleTap= false topActivityLetterboxVerticalPosition= -1 topActivityLetterboxHorizontalPosition= -1 topActivityLetterboxWidth=1080 topActivityLetterboxHeight=2460 isUserFullscreenOverrideEnabled=false isSystemFullscreenOverrideEnabled=false cameraCompatTaskInfo=CameraCompatTaskInfo { cameraCompatControlState=hidden freeformCameraCompatMode=inactive}} isImmersive=false mTopActivityRequestOrientation=-2 mBehindAppLockPkg=null mOriginatingUid=0 isEmbedded=false shouldBeVisible=false mIsCastMode=false mTopActivityMediaSize=null mTopActivityRecordName=ActivityRecord{fc958f0 u0 com.whatsapp/.home.ui.HomeActivity t37019} mTopActivityOrientation=-2}
03-02 10:33:56.748  1999  2684 D RecentsModel: preloadRecents runningTaskId:37019, mCurrentRunningTaskId:-1, mRecentsTaskLoadPlan=com.android.systemui.shared.recents.model.RecentsTaskLoadPlan@58c4185
03-02 10:33:56.749  1999  1999 I WindowElement: b09be82 injectRemoteTransition params=RemoteTransitionInfo(token=android.os.BinderProxy@c0f96fc, info={id=10143 t=CLOSE f=0x0 trk=0 opt={t=FROM_STYLE} r=[0@Point(0, 0)] c=[{WCT{android.window.IWindowContainerToken$Stub$Proxy@a8c9bda} m=TO_FRONT f=SHOW_WALLPAPER|MOVE_TO_TOP leash=Surface(name=Task=1#47)/@0xb810191 sb=Rect(0, 0 - 1080, 2460) eb=Rect(0, 0 - 1080, 2460) d=0 taskParent=-1},{WCT{android.window.IWindowContainerToken$Stub$Proxy@9f6f80b} m=CLOSE f=NONE leash=Surface(name=Task=37024#133252)/@0xb8e08f6 sb=Rect(0, 0 - 1080, 2460) eb=Rect(0, 0 - 1080, 2460) d=0 taskParent=-1},{null m=TO_FRONT f=IS_WALLPAPER leash=Surface(name=WallpaperWindowToken{2d6d85a token=android.os.Binder@8dfa005}#66)/@0x678f4f7 sb=Rect(0, 0 - 1080, 2460) eb=Rect(0, 0 - 1080, 2460) d=0},{null m=TO_FRONT f=IS_WALLPAPER|IS_OCCLUDED leash=Surface(name=WallpaperWindowToken{d3319dd token=android.os.Binder@113b9b4}#64)/@0xa2dbf64 sb=Rect(0, 0 - 1080, 2460) eb=Rect(0, 0 - 1080, 2460) d=0}] mk=[true] noAni=[false] df=[false] rsa=[false] oa=[false] iSync=[-1]}, t=android.view.SurfaceControl$Transaction@13d26e8, finishCallback=android.window.IRemoteTransitionFinishedCallback$Stub$Proxy@8547101, isMerge=false, mergeTarget=null)
03-02 10:33:56.749  1999  1999 E WindowTransitionCompat: TransitionTest wrapRemoteTransition
03-02 10:33:56.749  1999  1999 I WindowTransitionCompat: TransitionTest HomeShellTransition IRemoteTransition startAnimation
03-02 10:33:56.749  1999  1999 D WindowTransitionCompat: printLeash::TransitionInfo = {id=10143 t=CLOSE f=0x0 trk=0 opt={t=FROM_STYLE} r=[0@Point(0, 0)] c=[{WCT{android.window.IWindowContainerToken$Stub$Proxy@a8c9bda} m=TO_FRONT f=SHOW_WALLPAPER|MOVE_TO_TOP leash=Surface(name=Task=1#47)/@0xb810191 sb=Rect(0, 0 - 1080, 2460) eb=Rect(0, 0 - 1080, 2460) d=0 taskParent=-1},{WCT{android.window.IWindowContainerToken$Stub$Proxy@9f6f80b} m=CLOSE f=NONE leash=Surface(name=Task=37024#133252)/@0xb8e08f6 sb=Rect(0, 0 - 1080, 2460) eb=Rect(0, 0 - 1080, 2460) d=0 taskParent=-1},{null m=TO_FRONT f=IS_WALLPAPER leash=Surface(name=WallpaperWindowToken{2d6d85a token=android.os.Binder@8dfa005}#66)/@0x678f4f7 sb=Rect(0, 0 - 1080, 2460) eb=Rect(0, 0 - 1080, 2460) d=0},{null m=TO_FRONT f=IS_WALLPAPER|IS_OCCLUDED leash=Surface(name=WallpaperWindowToken{d3319dd token=android.os.Binder@113b9b4}#64)/@0xa2dbf64 sb=Rect(0, 0 - 1080, 2460) eb=Rect(0, 0 - 1080, 2460) d=0}] mk=[true] noAni=[false] df=[false] rsa=[false] oa=[false] iSync=[-1]}
03-02 10:33:56.749  1999  1999 D WindowTransitionCompat: printLeash::index = 0, change = {WCT{android.window.IWindowContainerToken$Stub$Proxy@a8c9bda} m=TO_FRONT f=SHOW_WALLPAPER|MOVE_TO_TOP leash=Surface(name=Task=1#47)/@0xb810191 sb=Rect(0, 0 - 1080, 2460) eb=Rect(0, 0 - 1080, 2460) d=0 taskParent=-1}
03-02 10:33:56.749  1999  1999 D WindowTransitionCompat: printLeash::taskInfo = TaskInfo{userId=0 taskId=1 displayId=0 isRunning=true baseIntent=Intent { act=android.intent.action.MAIN cat=[android.intent.category.HOME] flg=0x10000100 cmp=com.miui.home/.launcher.Launcher } baseActivity=ComponentInfo{com.miui.home/com.miui.home.launcher.Launcher} topActivity=ComponentInfo{com.miui.home/com.miui.home.launcher.Launcher} origActivity=null realActivity=null numActivities=1 lastActiveTime=42083 supportsSplitScreenMultiWindow=true supportsMultiWindow=true resizeMode=2 isResizeable=true minWidth=-1 minHeight=-1 defaultMinSize=200 token=WCT{android.window.IWindowContainerToken$Stub$Proxy@e289ba6} topActivityType=2 pictureInPictureParams=null shouldDockBigOverlays=false launchIntoPipHostTaskId=-1 lastParentTaskIdBeforePip=-1 displayCutoutSafeInsets=null topActivityInfo=ActivityInfo{f1b09e7 com.miui.home.launcher.Launcher} launchCookies=[] positionInParent=Point(0, 0) parentTaskId=-1 isFocused=true isVisible=true isVisibleRequested=true isSleeping=false locusId=null displayAreaFeatureId=1 isTopActivityTransparent=false appCompatTaskInfo=AppCompatTaskInfo { topActivityInSizeCompat=false topActivityEligibleForLetterboxEducation= falseisLetterboxEducationEnabled= false isLetterboxDoubleTapEnabled= false topActivityEligibleForUserAspectRatioButton= false topActivityBoundsLetterboxed= false isFromLetterboxDoubleTap= false topActivityLetterboxVerticalPosition= -1 topActivityLetterboxHorizontalPosition= -1 topActivityLetterboxWidth=1080 topActivityLetterboxHeight=2460 isUserFullscreenOverrideEnabled=false isSystemFullscreenOverrideEnabled=false cameraCompatTaskInfo=CameraCompatTaskInfo { cameraCompatControlState=hidden freeformCameraCompatMode=inactive}} isImmersive=false mTopActivityRequestOrientation=-2 mBehindAppLockPkg=null mOriginatingUid=0 isEmbedded=false shouldBeVisible=true mIsCastMode=false mTopActivityMediaSize=null mTopActivityRecordName=ActivityRecord{9880759 u0 com.miui.home/.launcher.Launcher t2} mTopActivityOrientation=1}
03-02 10:33:56.749  1621  1636 D SymlinkUtils: attachApplication file op go pass: 0 ms
03-02 10:33:56.750  1999  1999 D WindowTransitionCompat: printLeash::index = 1, change = {WCT{android.window.IWindowContainerToken$Stub$Proxy@9f6f80b} m=CLOSE f=NONE leash=Surface(name=Task=37024#133252)/@0xb8e08f6 sb=Rect(0, 0 - 1080, 2460) eb=Rect(0, 0 - 1080, 2460) d=0 taskParent=-1}
03-02 10:33:56.750  1999  1999 D WindowTransitionCompat: printLeash::taskInfo = TaskInfo{userId=0 taskId=37024 displayId=0 isRunning=false baseIntent=Intent { act=android.intent.action.MAIN cat=[android.intent.category.LAUNCHER] flg=0x10200000 cmp=com.softnation.Ojam/.MainActivity } baseActivity=null topActivity=null origActivity=null realActivity=ComponentInfo{com.softnation.Ojam/com.softnation.Ojam.MainActivity} numActivities=0 lastActiveTime=1026953318 supportsSplitScreenMultiWindow=true supportsMultiWindow=true resizeMode=1 isResizeable=true minWidth=-1 minHeight=-1 defaultMinSize=200 token=WCT{android.window.IWindowContainerToken$Stub$Proxy@b31c994} topActivityType=1 pictureInPictureParams=null shouldDockBigOverlays=false launchIntoPipHostTaskId=-1 lastParentTaskIdBeforePip=-1 displayCutoutSafeInsets=Rect(0, 104 - 0, 0) topActivityInfo=null launchCookies=[] positionInParent=Point(0, 0) parentTaskId=-1 isFocused=false isVisible=true isVisibleRequested=false isSleeping=false locusId=null displayAreaFeatureId=1 isTopActivityTransparent=false appCompatTaskInfo=AppCompatTaskInfo { topActivityInSizeCompat=false topActivityEligibleForLetterboxEducation= falseisLetterboxEducationEnabled= false isLetterboxDoubleTapEnabled= false topActivityEligibleForUserAspectRatioButton= false topActivityBoundsLetterboxed= false isFromLetterboxDoubleTap= false topActivityLetterboxVerticalPosition= -1 topActivityLetterboxHorizontalPosition= -1 topActivityLetterboxWidth=-1 topActivityLetterboxHeight=-1 isUserFullscreenOverrideEnabled=false isSystemFullscreenOverrideEnabled=false cameraCompatTaskInfo=CameraCompatTaskInfo { cameraCompatControlState=hidden freeformCameraCompatMode=inactive}} isImmersive=false mTopActivityRequestOrientation=-2 mBehindAppLockPkg=null mOriginatingUid=0 isEmbedded=false shouldBeVisible=false mIsCastMode=false mTopActivityMediaSize=null mTopActivityRecordName=null mTopActivityOrientation=-2}
03-02 10:33:56.750  1999  2684 E ActivityManagerWrapper: get all recent tasks force including 37019
03-02 10:33:56.750  1999  1999 D WindowTransitionCompat: printLeash::index = 2, change = {null m=TO_FRONT f=IS_WALLPAPER leash=Surface(name=WallpaperWindowToken{2d6d85a token=android.os.Binder@8dfa005}#66)/@0x678f4f7 sb=Rect(0, 0 - 1080, 2460) eb=Rect(0, 0 - 1080, 2460) d=0}
03-02 10:33:56.750  1999  1999 D WindowTransitionCompat: printLeash::index = 3, change = {null m=TO_FRONT f=IS_WALLPAPER|IS_OCCLUDED leash=Surface(name=WallpaperWindowToken{d3319dd token=android.os.Binder@113b9b4}#64)/@0xa2dbf64 sb=Rect(0, 0 - 1080, 2460) eb=Rect(0, 0 - 1080, 2460) d=0}
03-02 10:33:56.750  1999  1999 E WindowTransitionCompat: printLeash::index = 0, root = Surface(name=Transition Root #10143: Task=1#133275)/@0x12325cd
03-02 10:33:56.750  1621  1636 I SmartPower: com.xiaomi.mipicks/10217(29508): died->background(211409ms) R(process start ) adj=-10000.
03-02 10:33:56.750  1999  1999 I TransitionCallback: get is waitFinishMainAnim = false
03-02 10:33:56.751  1999  1999 I TransitionCallback: mNeedShowLauncher = false
03-02 10:33:56.751  1999  1999 E WindowTransitionCompat: 0, check isClosingType type = 2, mode = 3
03-02 10:33:56.751  1999  1999 E WindowTransitionCompat: 1, check isClosingType type = 1, mode = 2
03-02 10:33:56.751  1999  1999 I WindowTransitionCompat: startAnimation token = android.os.BinderProxy@c0f96fc, isClosingType = true
03-02 10:33:56.751  1999  1999 I TransitionCallback: setActivityIsCloseType = true
03-02 10:33:56.751  1999  1999 I TransitionCallback: com.android.systemui.shared.recents.utilities.WindowTransitionCallbackHelper@c161c3d setMainFinishCallback, token = android.os.BinderProxy@c0f96fc, callback = android.window.IRemoteTransitionFinishedCallback$Stub$Proxy@8547101
03-02 10:33:56.751  1999  1999 I TransitionCallback: com.android.systemui.shared.recents.utilities.WindowTransitionCallbackHelper@c161c3d setTransitionInfo token = android.os.BinderProxy@c0f96fc, info = {id=10143 t=CLOSE f=0x0 trk=0 opt={t=FROM_STYLE} r=[0@Point(0, 0)] c=[{WCT{android.window.IWindowContainerToken$Stub$Proxy@a8c9bda} m=TO_FRONT f=SHOW_WALLPAPER|MOVE_TO_TOP leash=Surface(name=Task=1#47)/@0xb810191 sb=Rect(0, 0 - 1080, 2460) eb=Rect(0, 0 - 1080, 2460) d=0 taskParent=-1},{WCT{android.window.IWindowContainerToken$Stub$Proxy@9f6f80b} m=CLOSE f=NONE leash=Surface(name=Task=37024#133252)/@0xb8e08f6 sb=Rect(0, 0 - 1080, 2460) eb=Rect(0, 0 - 1080, 2460) d=0 taskParent=-1},{null m=TO_FRONT f=IS_WALLPAPER leash=Surface(name=WallpaperWindowToken{2d6d85a token=android.os.Binder@8dfa005}#66)/@0x678f4f7 sb=Rect(0, 0 - 1080, 2460) eb=Rect(0, 0 - 1080, 2460) d=0},{null m=TO_FRONT f=IS_WALLPAPER|IS_OCCLUDED leash=Surface(name=WallpaperWindowToken{d3319dd token=android.os.Binder@113b9b4}#64)/@0xa2dbf64 sb=Rect(0, 0 - 1080, 2460) eb=Rect(0, 0 - 1080, 2460) d=0}] mk=[true] noAni=[false] df=[false] rsa=[false] oa=[false] iSync=[-1]}
03-02 10:33:56.751  1999  1999 D TransitionUtil: get key :ComponentInfo{com.miui.home/com.miui.home.launcher.Launcher}#1
03-02 10:33:56.752  1999  1999 I TransitionUtil: rootLeash = Surface(name=Transition Root #10143: Task=1#133275)/@0x12325cd
03-02 10:33:56.752   921  1170 I BufferQueueDebug: [TL_Surface(name=Task=1#47)/@0xb810191_transition-leash#133277](this:0xb400007bcec47dd8,id:-1,api:0,p:-1,c:-1) BufferQueue core=(921:/system/bin/surfaceflinger)
03-02 10:33:56.754  1999  1999 I TransitionUtil: setupLeash isAppOpening = false
03-02 10:33:56.754  1999  1999 I TransitionUtil: setLayer leash5 = Surface(name=TL_Surface(name=Task=1#47)/@0xb810191_transition-leash#133277)/@0x632cc32, layer = 3
03-02 10:33:56.756  1999  2684 E ActivityManagerWrapper: getRecentTasksForceIncludingTaskIdIfValid: getRecentTasks: size=3
03-02 10:33:56.756  1999  2684 E ActivityManagerWrapper:  mainTaskId=37024   userId=0   windowMode=1   baseIntent=Intent { act=android.intent.action.MAIN flag=270532608 cmp=ComponentInfo{com.softnation.Ojam/com.softnation.Ojam.MainActivity} }
03-02 10:33:56.756  1999  2684 E ActivityManagerWrapper:  mainTaskId=37019   userId=0   windowMode=1   baseIntent=Intent { act=null flag=268435456 cmp=ComponentInfo{com.whatsapp/com.whatsapp.home.ui.HomeActivity} }
03-02 10:33:56.756  1999  2684 E ActivityManagerWrapper:  mainTaskId=36980   userId=0   windowMode=1   baseIntent=Intent { act=android.intent.action.MAIN flag=270532608 cmp=ComponentInfo{com.twitter.android/com.twitter.android.StartActivity} }
03-02 10:33:56.757  1999  1999 D ReflectUtils: callObjectMethod
03-02 10:33:56.757  1999  1999 D ReflectUtils: java.lang.NoSuchMethodException: android.window.TransitionInfo$Change.getAllowEnterPip []
03-02 10:33:56.757  1999  1999 D ReflectUtils: 	at java.lang.Class.getMethod(Class.java:2934)
03-02 10:33:56.757  1999  1999 D ReflectUtils: 	at java.lang.Class.getDeclaredMethod(Class.java:2913)
03-02 10:33:56.757  1999  1999 D ReflectUtils: 	at com.miui.launcher.utils.ReflectUtils.callObjectMethod(ReflectUtils.java:35)
03-02 10:33:56.757  1999  1999 D ReflectUtils: 	at com.android.hideapi.TransitionInfoExpose$ChangeExpose.getAllowEnterPip(TransitionInfoExpose.java:119)
03-02 10:33:56.757  1999  1999 D ReflectUtils: 	at com.android.wm.shell.util.TransitionUtil.newTarget(TransitionUtil.java:556)
03-02 10:33:56.757  1999  1999 D ReflectUtils: 	at com.android.wm.shell.util.TransitionUtil.newTarget(TransitionUtil.java:493)
03-02 10:33:56.757  1999  1999 D ReflectUtils: 	at com.android.wm.shell.util.TransitionUtil.newTarget(TransitionUtil.java:484)
03-02 10:33:56.757  1999  1999 D ReflectUtils: 	at com.android.systemui.shared.recents.system.RemoteAnimationTargetCompat.wrap(RemoteAnimationTargetCompat.java:212)
03-02 10:33:56.757  1999  1999 D ReflectUtils: 	at com.android.systemui.shared.recents.system.RemoteAnimationTargetCompat.wrapAppsForCompat(RemoteAnimationTargetCompat.java:232)
03-02 10:33:56.757  1999  1999 D ReflectUtils: 	at com.android.systemui.shared.recents.system.WindowTransitionCompat$2.lambda$startAnimation$0(WindowTransitionCompat.java:120)
03-02 10:33:56.757  1999  1999 D ReflectUtils: 	at com.android.systemui.shared.recents.system.WindowTransitionCompat$2.$r8$lambda$hcqKCUwnRuMqtvMJ6DPLae5xnFA(Unknown Source:0)
03-02 10:33:56.757  1999  1999 D ReflectUtils: 	at com.android.systemui.shared.recents.system.WindowTransitionCompat$2$$ExternalSyntheticLambda0.run(Unknown Source:10)
03-02 10:33:56.757  1999  1999 D ReflectUtils: 	at com.miui.home.library.utils.LooperExecutor.execute(LooperExecutor.java:43)
03-02 10:33:56.757  1999  1999 D ReflectUtils: 	at com.android.systemui.shared.recents.system.WindowTransitionCompat$2.startAnimation(WindowTransitionCompat.java:267)
03-02 10:33:56.757  1999  1999 D ReflectUtils: 	at com.android.systemui.shared.recents.system.WindowTransitionCompat.wrapRemoteTransition(WindowTransitionCompat.java:745)
03-02 10:33:56.757  1999  1999 D ReflectUtils: 	at com.miui.home.recents.anim.WindowElement.injectRemoteTransition(WindowElement.kt:687)
03-02 10:33:56.757  1999  1999 D ReflectUtils: 	at com.miui.home.recents.anim.StateManager$CommonState.handleEvent(StateManager.kt:1291)
03-02 10:33:56.757  1999  1999 D ReflectUtils: 	at com.miui.home.recents.anim.StateManager.handleEventActually(StateManager.kt:112)
03-02 10:33:56.757  1999  1999 D ReflectUtils: 	at com.miui.home.recents.anim.StateManager.sendEventActually$lambda-0(StateManager.kt:99)
03-02 10:33:56.757  1999  1999 D ReflectUtils: 	at com.miui.home.recents.anim.StateManager.$r8$lambda$C-kZp_X93nanDwYsUFIjH_GwEtM(Unknown Source:0)
03-02 10:33:56.757  1999  1999 D ReflectUtils: 	at com.miui.home.recents.anim.StateManager$$ExternalSyntheticLambda3.run(Unknown Source:4)
03-02 10:33:56.757  1999  1999 D ReflectUtils: 	at android.os.Handler.handleCallback(Handler.java:959)
03-02 10:33:56.757  1999  1999 D ReflectUtils: 	at android.os.Handler.dispatchMessage(Handler.java:100)
03-02 10:33:56.757  1999  1999 D ReflectUtils: 	at android.os.Looper.loopOnce(Looper.java:249)
03-02 10:33:56.757  1999  1999 D ReflectUtils: 	at android.os.Looper.loop(Looper.java:337)
03-02 10:33:56.757  1999  1999 D ReflectUtils: 	at android.app.ActivityThread.main(ActivityThread.java:9500)
03-02 10:33:56.757  1999  1999 D ReflectUtils: 	at java.lang.reflect.Method.invoke(Native Method)
03-02 10:33:56.757  1999  1999 D ReflectUtils: 	at com.android.internal.os.RuntimeInit$MethodAndArgsCaller.run(RuntimeInit.java:636)
03-02 10:33:56.757  1999  1999 D ReflectUtils: 	at com.android.internal.os.ZygoteInit.main(ZygoteInit.java:1005)
03-02 10:33:56.757  1999  1999 W TransitionInfoExpose.ChangeExpose: getAllowEnterPip: return null from reflection, use default value false
03-02 10:33:56.757  1999  1999 D TransitionUtil: get key :ComponentInfo{com.softnation.Ojam/com.softnation.Ojam.MainActivity}#37024
03-02 10:33:56.757  1999  1999 I TransitionUtil: rootLeash = Surface(name=Transition Root #10143: Task=1#133275)/@0x12325cd
03-02 10:33:56.758   921  1170 I BufferQueueDebug: [TL_Surface(name=Task=37024#133252)/@0xb8e08f6_transition-leash#133278](this:0xb400007bcec8c358,id:-1,api:0,p:-1,c:-1) BufferQueue core=(921:/system/bin/surfaceflinger)
03-02 10:33:56.759  1999  1999 I TransitionUtil: setupLeash isAppOpening = false
03-02 10:33:56.760  1999  1999 I TransitionUtil: setLayer leash7 = Surface(name=TL_Surface(name=Task=37024#133252)/@0xb8e08f6_transition-leash#133278)/@0xde4b72c, layer = 7
03-02 10:33:56.761  1999  1999 D ReflectUtils: callObjectMethod
03-02 10:33:56.761  1999  1999 D ReflectUtils: java.lang.NoSuchMethodException: android.window.TransitionInfo$Change.getAllowEnterPip []
03-02 10:33:56.761  1999  1999 D ReflectUtils: 	at java.lang.Class.getMethod(Class.java:2934)
03-02 10:33:56.761  1999  1999 D ReflectUtils: 	at java.lang.Class.getDeclaredMethod(Class.java:2913)
03-02 10:33:56.761  1999  1999 D ReflectUtils: 	at com.miui.launcher.utils.ReflectUtils.callObjectMethod(ReflectUtils.java:35)
03-02 10:33:56.761  1999  1999 D ReflectUtils: 	at com.android.hideapi.TransitionInfoExpose$ChangeExpose.getAllowEnterPip(TransitionInfoExpose.java:119)
03-02 10:33:56.761  1999  1999 D ReflectUtils: 	at com.android.wm.shell.util.TransitionUtil.newTarget(TransitionUtil.java:556)
03-02 10:33:56.761  1999  1999 D ReflectUtils: 	at com.android.wm.shell.util.TransitionUtil.newTarget(TransitionUtil.java:493)
03-02 10:33:56.761  1999  1999 D ReflectUtils: 	at com.android.wm.shell.util.TransitionUtil.newTarget(TransitionUtil.java:484)
03-02 10:33:56.761  1999  1999 D ReflectUtils: 	at com.android.systemui.shared.recents.system.RemoteAnimationTargetCompat.wrap(RemoteAnimationTargetCompat.java:212)
03-02 10:33:56.761  1999  1999 D ReflectUtils: 	at com.android.systemui.shared.recents.system.RemoteAnimationTargetCompat.wrapAppsForCompat(RemoteAnimationTargetCompat.java:232)
03-02 10:33:56.761  1999  1999 D ReflectUtils: 	at com.android.systemui.shared.recents.system.WindowTransitionCompat$2.lambda$startAnimation$0(WindowTransitionCompat.java:120)
03-02 10:33:56.761  1999  1999 D ReflectUtils: 	at com.android.systemui.shared.recents.system.WindowTransitionCompat$2.$r8$lambda$hcqKCUwnRuMqtvMJ6DPLae5xnFA(Unknown Source:0)
03-02 10:33:56.761  1999  1999 D ReflectUtils: 	at com.android.systemui.shared.recents.system.WindowTransitionCompat$2$$ExternalSyntheticLambda0.run(Unknown Source:10)
03-02 10:33:56.761  1999  1999 D ReflectUtils: 	at com.miui.home.library.utils.LooperExecutor.execute(LooperExecutor.java:43)
03-02 10:33:56.761  1999  1999 D ReflectUtils: 	at com.android.systemui.shared.recents.system.WindowTransitionCompat$2.startAnimation(WindowTransitionCompat.java:267)
03-02 10:33:56.761  1999  1999 D ReflectUtils: 	at com.android.systemui.shared.recents.system.WindowTransitionCompat.wrapRemoteTransition(WindowTransitionCompat.java:745)
03-02 10:33:56.761  1999  1999 D ReflectUtils: 	at com.miui.home.recents.anim.WindowElement.injectRemoteTransition(WindowElement.kt:687)
03-02 10:33:56.761  1999  1999 D ReflectUtils: 	at com.miui.home.recents.anim.StateManager$CommonState.handleEvent(StateManager.kt:1291)
03-02 10:33:56.761  1999  1999 D ReflectUtils: 	at com.miui.home.recents.anim.StateManager.handleEventActually(StateManager.kt:112)
03-02 10:33:56.761  1999  1999 D ReflectUtils: 	at com.miui.home.recents.anim.StateManager.sendEventActually$lambda-0(StateManager.kt:99)
03-02 10:33:56.761  1999  1999 D ReflectUtils: 	at com.miui.home.recents.anim.StateManager.$r8$lambda$C-kZp_X93nanDwYsUFIjH_GwEtM(Unknown Source:0)
03-02 10:33:56.761  1999  1999 D ReflectUtils: 	at com.miui.home.recents.anim.StateManager$$ExternalSyntheticLambda3.run(Unknown Source:4)
03-02 10:33:56.761  1999  1999 D ReflectUtils: 	at android.os.Handler.handleCallback(Handler.java:959)
03-02 10:33:56.761  1999  1999 D ReflectUtils: 	at android.os.Handler.dispatchMessage(Handler.java:100)
03-02 10:33:56.761  1999  1999 D ReflectUtils: 	at android.os.Looper.loopOnce(Looper.java:249)
03-02 10:33:56.761  1999  1999 D ReflectUtils: 	at android.os.Looper.loop(Looper.java:337)
03-02 10:33:56.761  1999  1999 D ReflectUtils: 	at android.app.ActivityThread.main(ActivityThread.java:9500)
03-02 10:33:56.761  1999  1999 D ReflectUtils: 	at java.lang.reflect.Method.invoke(Native Method)
03-02 10:33:56.761  1999  1999 D ReflectUtils: 	at com.android.internal.os.RuntimeInit$MethodAndArgsCaller.run(RuntimeInit.java:636)
03-02 10:33:56.761  1999  1999 D ReflectUtils: 	at com.android.internal.os.ZygoteInit.main(ZygoteInit.java:1005)
03-02 10:33:56.761  1999  1999 W TransitionInfoExpose.ChangeExpose: getAllowEnterPip: return null from reflection, use default value false
03-02 10:33:56.762  1999  1999 D TAG     : obtainElement: false
03-02 10:33:56.762  1999  1999 D TAG     : java.lang.RuntimeException
03-02 10:33:56.762  1999  1999 D TAG     : 	at com.android.systemui.shared.recents.system.RemoteAnimationTargetCompat.obtainElement(RemoteAnimationTargetCompat.java:116)
03-02 10:33:56.762  1999  1999 D TAG     : 	at com.android.systemui.shared.recents.system.RemoteAnimationTargetCompat.<init>(RemoteAnimationTargetCompat.java:94)
03-02 10:33:56.762  1999  1999 D TAG     : 	at com.android.systemui.shared.recents.system.RemoteAnimationTargetCompat.wrap(RemoteAnimationTargetCompat.java:188)
03-02 10:33:56.762  1999  1999 D TAG     : 	at com.android.systemui.shared.recents.system.RemoteAnimationTargetCompat.wrapAppsForCompat(RemoteAnimationTargetCompat.java:233)
03-02 10:33:56.762  1999  1999 D TAG     : 	at com.android.systemui.shared.recents.system.WindowTransitionCompat$2.lambda$startAnimation$0(WindowTransitionCompat.java:120)
03-02 10:33:56.762  1999  1999 D TAG     : 	at com.android.systemui.shared.recents.system.WindowTransitionCompat$2.$r8$lambda$hcqKCUwnRuMqtvMJ6DPLae5xnFA(Unknown Source:0)
03-02 10:33:56.762  1999  1999 D TAG     : 	at com.android.systemui.shared.recents.system.WindowTransitionCompat$2$$ExternalSyntheticLambda0.run(Unknown Source:10)
03-02 10:33:56.762  1999  1999 D TAG     : 	at com.miui.home.library.utils.LooperExecutor.execute(LooperExecutor.java:43)
03-02 10:33:56.762  1999  1999 D TAG     : 	at com.android.systemui.shared.recents.system.WindowTransitionCompat$2.startAnimation(WindowTransitionCompat.java:267)
03-02 10:33:56.762  1999  1999 D TAG     : 	at com.android.systemui.shared.recents.system.WindowTransitionCompat.wrapRemoteTransition(WindowTransitionCompat.java:745)
03-02 10:33:56.762  1999  1999 D TAG     : 	at com.miui.home.recents.anim.WindowElement.injectRemoteTransition(WindowElement.kt:687)
03-02 10:33:56.762  1999  1999 D TAG     : 	at com.miui.home.recents.anim.StateManager$CommonState.handleEvent(StateManager.kt:1291)
03-02 10:33:56.762  1999  1999 D TAG     : 	at com.miui.home.recents.anim.StateManager.handleEventActually(StateManager.kt:112)
03-02 10:33:56.762  1999  1999 D TAG     : 	at com.miui.home.recents.anim.StateManager.sendEventActually$lambda-0(StateManager.kt:99)
03-02 10:33:56.762  1999  1999 D TAG     : 	at com.miui.home.recents.anim.StateManager.$r8$lambda$C-kZp_X93nanDwYsUFIjH_GwEtM(Unknown Source:0)
