--------- beginning of main
03-02 10:33:56.212   861   947 I libPerfCtl: xgfGetFPS pid:921 fps:-1
03-02 10:33:56.212   861   947 I libPerfCtl: xgfGetFPS pid:2363 fps:-1
--------- beginning of system
03-02 10:33:56.227  1621  1922 I SmartPower: com.google.android.cellbroadcastreceiver/10248(29472): background->idle(3388ms) R(broadcast end Intent { act=android.intent.action.SERVICE_STATE flg=0x1000010 (has extras) }) adj=905.
03-02 10:33:56.240  1621  4764 D AS.BtHelper: isBluetoothScoOn() mBluetoothHeadset is null: falsemBluetoothHeadsetDevice is null: true
03-02 10:33:56.240  1621  4764 V AS.AudioDeviceBroker: requestedCommunicationDevice: null mAudioModeOwner: AudioModeInfo: mMode=MODE_NORMAL, mPid=0, mUid=0
03-02 10:33:56.241  1621  4764 D AS.BtHelper: isBluetoothScoOn() mBluetoothHeadset is null: falsemBluetoothHeadsetDevice is null: true
03-02 10:33:56.241  1621  4764 V AS.AudioDeviceBroker: requestedCommunicationDevice: null mAudioModeOwner: AudioModeInfo: mMode=MODE_NORMAL, mPid=0, mUid=0
03-02 10:33:56.244   921   921 I MI-SF   : surfaceflinger setAffinity mode=0
03-02 10:33:56.245   921   921 E MI-SF   : surfaceflinger setAffinity success
03-02 10:33:56.246  1177  1177 I thermal_src: recvmsg_expect 5, but get 2 
03-02 10:33:56.246  1177  1177 V thermal_src: TA_DAEMON_CMD_GET_TPCB:ERROR ret=-1
03-02 10:33:56.246  1177  1177 E thermal_src: get_tpcb_from_kernel:error -1. retry...
03-02 10:33:56.246  1177  1177 I thermal_src: recvmsg_expect 4, but get 5 
03-02 10:33:56.246  1177  1177 V thermal_src: TA_DAEMON_CMD_SET_TTJ:ERROR ret=-1
03-02 10:33:56.246  1177  1177 E thermal_src: set_ttj_to_kernel 1:error -1
03-02 10:33:56.246  1177  1177 I thermal_src: recvmsg_expect 2, but get 4 
03-02 10:33:56.246  1177  1177 V thermal_src: waiting NOTIFY from kernel miss, -1
03-02 10:33:56.359   849  1430 I hwcomposer: [HWC] (0)fire a callback of refresh to SF[4]  
03-02 10:33:56.387   921   921 I MI-SF   : surfaceflinger setAffinity mode=1
03-02 10:33:56.388   921   921 E MI-SF   : surfaceflinger setAffinity success
03-02 10:33:56.388   921   921 I MI-SF   : surfaceflinger setreAffinity reTid=1207
03-02 10:33:56.388   921   921 E MI-SF   : surfaceflinger setAffinity success
03-02 10:33:56.411  1621  4764 I ActivityManager: Force stopping com.softnation.Ojam appid=10337 user=0: from process:29499
03-02 10:33:56.415  1621  4764 I ATMSImpl: cacheTasksForDefaultDisplay size=4
03-02 10:33:56.416  1621  1907 E ProcessManager: error write exception log
03-02 10:33:56.423  6515  9356 D UidObserver: onUidGone entry uid = 10337
03-02 10:33:56.425  1621  4764 I ActivityManager: Killing 22236:com.softnation.Ojam/u0a337 (adj 0): stop com.softnation.Ojam due to from process:29499
03-02 10:33:56.427  1621  1638 D DisplayManagerService: Drop pending events for gone uid 10337
03-02 10:33:56.427  6027  6068 I MIUISafety-Monitor: onUid 10337 gone
03-02 10:33:56.427  1621  1842 I MiuiNetworkPolicy: removeUidState uid = 10337
03-02 10:33:56.433  1621  1856 D InetDiagMessage: Destroyed 0 sockets, proto=IPPROTO_TCP, family=AF_INET, states=14
03-02 10:33:56.435  1621  4764 I ScnModule: [GameDetection] packname: com.softnation.Ojam, apkSize: 113045479. 
03-02 10:33:56.436  1621  4764 I mtkpower_client: [PowerHal_Wrap_notifyAppState] com.softnation.Ojam/com.softnation.Ojam pid=22236 activityId:22236 state:3
03-02 10:33:56.436   861   861 I vendor.mediatek.hardware.mtkpower_applist-service.mediatek: packName: com.softnation.Ojam actName: com.softnation.Ojam pid: 22236 activityId: 22236 uid: 10337 state: 3
03-02 10:33:56.436   861   861 I MTK_APPList: [notifyAPPstate] com.softnation.Ojam/com.softnation.Ojam, pid=22236, activityId=22236, uid=10337, state:DEAD, fps:-1, win:1
03-02 10:33:56.436   861   861 I MTK_APPList: [notifyAPPstate] multi_resumed_app_count: 1
03-02 10:33:56.436   861   861 I MTK_APPList: [notifyAPPstate] multi_resumed_app_info[0] com.android.systemui/com.android.systemui._190038181, pid:2363, activityId:-1, fps:-1, isMultiWindow:0
03-02 10:33:56.436   861   861 I MTK_APPList: [getForegroundAPPCount] 1
03-02 10:33:56.436   861   861 I MTK_APPList: [notifyAPPstate] pack:com.softnation.Ojam, pid:22236, STATE_DEAD
03-02 10:33:56.436   861   861 I MTK_APPList: [notifyNetdUID] 10337
03-02 10:33:56.437  1621  1856 D InetDiagMessage: Destroyed 1 sockets, proto=IPPROTO_TCP, family=AF_INET6, states=14
03-02 10:33:56.438   861   861 I MTK_APPList: [notifyPID] 22236
03-02 10:33:56.438   863   958 I libPowerHal: [perfSetSysInfo] pid type:24, 22236
03-02 10:33:56.439  1621  4764 W ActivityTaskManager: Force removing ActivityRecord{328e14a u0 com.softnation.Ojam/.MainActivity t37024 f}}: app died, no saved state
03-02 10:33:56.440  1621  1856 D InetDiagMessage: Destroyed live tcp sockets for uids={10337} in 12ms
03-02 10:33:56.440  1621  4764 D WindowManager: Collecting in transition 10143: Task{bfb01d8 #37024 type=standard A=10337:com.softnation.Ojam} init visibleRequested:true
03-02 10:33:56.441  1621  4764 D WindowManager: Collecting in transition 10143: ActivityRecord{328e14a u0 com.softnation.Ojam/.MainActivity t37024 f}} init visibleRequested:false
03-02 10:33:56.445  1621  1856 D InetDiagMessage: Destroyed 0 sockets, proto=IPPROTO_TCP, family=AF_INET, states=14
03-02 10:33:56.446  2363  2477 I SoScStageCoordinator: Transition requested:TransitionRequestInfo { type = CLOSE, triggerTask = TaskInfo{userId=0 taskId=37024 displayId=0 isRunning=false baseIntent=Intent { act=android.intent.action.MAIN cat=[android.intent.category.LAUNCHER] flg=0x10200000 cmp=com.softnation.Ojam/.MainActivity } baseActivity=null topActivity=null origActivity=null realActivity=ComponentInfo{com.softnation.Ojam/com.softnation.Ojam.MainActivity} numActivities=0 lastActiveTime=1026953318 supportsSplitScreenMultiWindow=true supportsMultiWindow=true resizeMode=1 isResizeable=true minWidth=-1 minHeight=-1 defaultMinSize=200 token=WCT{android.window.IWindowContainerToken$Stub$Proxy@822e408} topActivityType=1 pictureInPictureParams=null shouldDockBigOverlays=false launchIntoPipHostTaskId=-1 lastParentTaskIdBeforePip=-1 displayCutoutSafeInsets=null topActivityInfo=null launchCookies=[] positionInParent=Point(0, 0) parentTaskId=-1 isFocused=true isVisible=true isVisibleRequested=true isSleeping=false locusId=null displayAreaFeatureId=1 isTopActivityTransparent=false appCompatTaskInfo=AppCompatTaskInfo { topActivityInSizeCompat=false topActivityEligibleForLetterboxEducation= falseisLetterboxEducationEnabled= false isLetterboxDoubleTapEnabled= false topActivityEligibleForUserAspectRatioButton= false topActivityBoundsLetterboxed= false isFromLetterboxDoubleTap= false topActivityLetterboxVerticalPosition= -1 topActivityLetterboxHorizontalPosition= -1 topActivityLetterboxWidth=-1 topActivityLetterboxHeight=-1 isUserFullscreenOverrideEnabled=false isSystemFullscreenOverrideEnabled=false cameraCompatTaskInfo=CameraCompatTaskInfo { cameraCompatControlState=hidden freeformCameraCompatMode=inactive}} isImmersive=false mTopActivityRequestOrientation=-2 mBehindAppLockPkg=null mOriginatingUid=0 isEmbedded=false shouldBeVisible=false mIsCastMode=false mTopActivityMediaSize=null mTopActivityRecordName=null mTopActivityOrientation=-2}, pipTask = null, remoteTransition = null, displayChange = null, flags = 0, debugId = 10143 } isSoScActive:false triggerTask:TaskInfo{userId=0 taskId=37024 displayId=0 isRunning=false baseIntent=Intent { act=android.intent.action.MAIN cat=[android.intent.category.LAUNCHER] flg=0x10200000 cmp=com.softnation.Ojam/.MainActivity } baseActivity=null topActivity=null origActivity=null realActivity=ComponentInfo{com.softnation.Ojam/com.softnation.Ojam.MainActivity} numActivities=0 lastActiveTime=1026953318 supportsSplitScreenMultiWindow=true supportsMultiWindow=true resizeMode=1 isResizeable=true minWidth=-1 minHeight=-1 defaultMinSize=200 token=WCT{android.window.IWindowContainerToken$Stub$Proxy@822e408} topActivityType=1 pictureInPictureParams=null shouldDockBigOverlays=false launchIntoPipHostTaskId=-1 lastParentTaskIdBeforePip=-1 displayCutoutSafeInsets=null topActivityInfo=null launchCookies=[] positionInParent=Point(0, 0) parentTaskId=-1 isFocused=true isVisible=true isVisibleRequested=true isSleeping=false locusId=null displayAreaFeatureId=1 isTopActivityTransparent=false appCompatTaskInfo=AppCompatTaskInfo { topActivityInSizeCompat=false topActivityEligibleForLetterboxEducation= falseisLetterboxEducationEnabled= false isLetterboxDoubleTapEnabled= false topActivityEligibleForUserAspectRatioButton= false topActivityBoundsLetterboxed= false isFromLetterboxDoubleTap= false topActivityLetterboxVerticalPosition= -1 topActivityLetterboxHorizontalPosition= -1 topActivityLetterboxWidth=-1 topActivityLetterboxHeight=-1 isUserFullscreenOverrideEnabled=false isSystemFullscreenOverrideEnabled=false cameraCompatTaskInfo=CameraCompatTaskInfo { cameraCompatControlState=hidden freeformCameraCompatMode=inactive}} isImmersive=false mTopActivityRequestOrientation=-2 mBehindAppLockPkg=null mOriginatingUid=0 isEmbedded=false shouldBeVisible=false mIsCastMode=false mTopActivityMediaSize=null mTopActivityRecordName=null mTopActivityOrientation=-2}
03-02 10:33:56.447  1621  1856 D InetDiagMessage: Destroyed 0 sockets, proto=IPPROTO_TCP, family=AF_INET6, states=14
03-02 10:33:56.448  1621  1856 D InetDiagMessage: Destroyed live tcp sockets for uids={20337} in 8ms
03-02 10:33:56.450  1621  4764 W WindowManager: Changing focus from Window{5323d55 u0 com.softnation.Ojam/com.softnation.Ojam.MainActivity} to null displayId=0 Callers=com.android.server.wm.RootWindowContainer.updateFocusedWindowLocked:602 com.android.server.wm.WindowManagerService.updateFocusedWindowLocked:7168 com.android.server.wm.ActivityRecord.onRemovedFromDisplay:5446 com.android.server.wm.DisplayContent.removeAppToken:1789 
03-02 10:33:56.450  1621  4764 D WindowManager: wms.Input focus has changed to null display=0 updateInputWindows = true
03-02 10:33:56.450  1621  4764 I MultiSenceManagerInternalStub: getInstance
03-02 10:33:56.454  1621  4764 D PerfMTKStubImpl: perfLockAcquire
03-02 10:33:56.454  1621  4764 I mtkpower_client: perf_lock_acq, hdl:0, dur:400, num:10, pid:1621, tid:4764
03-02 10:33:56.456  1621  4764 I mtkpower_client: ret_hdl:363351
03-02 10:33:56.457  1621  4764 I PowerHalWrapper: <amsBoostResume> last:null, next:com.miui.homehasATProcess:true 
03-02 10:33:56.457   863   958 I libPowerHal: [perfLockAcq] idx:1 hdl:363351 hint:-1 pid:1621 tid:4764 duration:400 lock_user:system_server => ret_hdl:363351
03-02 10:33:56.457  1621  4764 D WindowManager: Collecting in transition 10143: ActivityRecord{9880759 u0 com.miui.home/.launcher.Launcher t2} init visibleRequested:false
03-02 10:33:56.457   863   958 I libPowerHal: [setGPUFreq] system_server user set gpu freq min:0, max:-1
03-02 10:33:56.457   863   958 I libPowerHal: system_server: set gpu opp level: 0
03-02 10:33:56.458   863   958 I libPowerHal: system_server: set gpu opp level max: 0
03-02 10:33:56.458   863   958 I libPowerHal: [setGPUFreq] Soft min/max = (0, 0); Hard min/max = (31, 0)
03-02 10:33:56.459   863   958 I libPowerHal: [setGPUFreq] final min/max = (0, 0)
03-02 10:33:56.459   863   958 I libPowerHal: system_server: set gpu opp level: 0
03-02 10:33:56.459 14013 14013 D VRI[LauncherMinusOneScreen]: visibilityChanged oldVisibility=false newVisibility=true
03-02 10:33:56.459   863   958 I libPowerHal: system_server: set gpu opp level max: 0
03-02 10:33:56.459  1621  4764 I PowerHalWrapper: amsBoostNotify pid:1999,activity:com.miui.home.launcher.Launcher, package:com.miui.home, mProcessCreatePackcom.softnation.Ojam 
03-02 10:33:56.459  1621  4764 I PowerHalWrapper: state: 1 
03-02 10:33:56.459  1159  1606 D ULogGuard: Monitoring: 18 threads, 0 requests, 0 time-bombs; 1 guards. ResetFlags = 0x7
03-02 10:33:56.460   863   958 I libPowerHal: [PE] system_server update cmd:400000 param:3000000 pr:3
03-02 10:33:56.459 11917 11917 D VRI[globalminusscreen]: visibilityChanged oldVisibility=false newVisibility=true
03-02 10:33:56.460   863   958 I libPowerHal: [PE] system_server update cmd:400100 param:3000000 pr:3
03-02 10:33:56.460   863   958 I libPowerHal: [PE] system_server update cmd:400200 param:3000000 pr:3
03-02 10:33:56.461  1621  4764 I mtkpower_client: [PowerHal_Wrap_notifyAppState] com.miui.home/com.miui.home.launcher.Launcher pid=1999 activityId:159909721 state:1
03-02 10:33:56.461   863   958 I libPowerHal: [setDvfsrcDevFreqOpp] opp:0, freq:3600000000
03-02 10:33:56.461   863   958 I libPowerHal: [PE] system_server update cmd:1000000 param:0 pr:3
03-02 10:33:56.461   863   958 I libPowerHal: [recordCPUFreqInfo] set cluster[0] min(system_server): 1800000 max(-1): -1 cluster[1] min(system_server): 2000000 max(-1): -1
03-02 10:33:56.461   861   861 I vendor.mediatek.hardware.mtkpower_applist-service.mediatek: packName: com.miui.home actName: com.miui.home.launcher.Launcher pid: 1999 activityId: 159909721 uid: 10166 state: 1
03-02 10:33:56.461   863   958 I libPowerHal: [perfLockAcq] Done for hdl : 363351
03-02 10:33:56.461   861   861 I MTK_APPList: [notifyAPPstate] com.miui.home/com.miui.home.launcher.Launcher, pid=1999, activityId=159909721, uid=10166, state:RESUMED, fps:-1, win:0
03-02 10:33:56.461   861   861 I MTK_APPList: [notifyAPPstate] multi_resumed_app_count: 2
03-02 10:33:56.461   861   861 I MTK_APPList: [notifyAPPstate] multi_resumed_app_info[0] com.android.systemui/com.android.systemui._190038181, pid:2363, activityId:-1, fps:-1, isMultiWindow:0
03-02 10:33:56.461   861   861 I MTK_APPList: [notifyAPPstate] multi_resumed_app_info[1] com.miui.home/com.miui.home.launcher.Launcher, pid:1999, activityId:159909721, fps:-1, isMultiWindow:0
03-02 10:33:56.461   861   861 I MTK_APPList: [getForegroundAPPCount] 2
03-02 10:33:56.461   861   861 I MTK_APPList: [notifyAPPstate] foreground:com.miui.home, pid:1999, activityId:159909721, uid:10166
03-02 10:33:56.461   861   861 I MTK_APPList: [notifyNetdUID] 10166
03-02 10:33:56.461  1621  4764 I PowerHalWrapper: amsBoostNotify AMS_BOOST_PROCESS_CREATE_BOOST:true 
03-02 10:33:56.462  1621  1621 D MBrainLocalService: isVendorFreezeConditionPass is false
03-02 10:33:56.462  1621  1621 E MBrainLocalService: notifyAppSwitch failed
03-02 10:33:56.462   861   861 I MTK_APPList: [notifyPID] 1999
03-02 10:33:56.462   863   958 I libPowerHal: [perfLockAcq] idx:2 hdl:363352 hint:22 pid:863 tid:863 duration:10000 lock_user:vendor.mediatek => ret_hdl:363352
03-02 10:33:56.463   863   958 I libPowerHal: [PE] MTKPOWER_HINT_PACK_SWITCH update cmd:1408300, param:100, pr:3
03-02 10:33:56.463  1621  4764 I SmartPower: com.miui.home/10166(1999): idle->invisible(23976ms) R(become foreground) adj=100.
03-02 10:33:56.463   863   958 I libPowerHal: [set_kswapd_affinity] set affinity = 16129
03-02 10:33:56.463   863   958 I libPowerHal: [PE] MTKPOWER_HINT_PACK_SWITCH update ONESHOT(set) cmd:10000700 param:16129 pr:3
03-02 10:33:56.463   863   958 I libPowerHal: [perfLockAcq] Done for hdl : 363352
03-02 10:33:56.464   863   958 I libPowerHal: [perfSetSysInfo] pid type:24, 1999
03-02 10:33:56.464   861   861 I MTK_APPList: [notifyAPPstate] pc:1, com.softnation.Ojam => com.miui.home
03-02 10:33:56.464   863   958 I libPowerHal: [perfLockRel] hdl:363346, idx:-1
03-02 10:33:56.465  1621  4764 D MiuiRefreshRatePolicy: reset
03-02 10:33:56.467  1621  1636 D WindowManager: Set transition=TransitionRecord{55d5d26 id=10143 type=CLOSE flags=0x0}, ready=true, SyncId=10143 
03-02 10:33:56.468  1999  1999 D Launcher.Lifecycle: onStart:UserHandle{0},c143874,false
03-02 10:33:56.468  2363  2477 I MultiTaskingTaskRepository: no MULTI_WINDOW, but base activity is null
03-02 10:33:56.468  1999  1999 D LauncherAssistantCompatGoogle: onStart com.google.android.libraries.gsa.launcherclient.LauncherClient@b8351e8
03-02 10:33:56.468  2363  2477 I MultiTaskingTaskRepository: needSkip: is home task
03-02 10:33:56.468  1621  1636 I SmartPower: com.google.android.googlequicksearchbox:googleapp/10165(14013): idle->visible(38277ms) R(become visible) adj=800.
03-02 10:33:56.468  2363  2477 D MiuiFreeformModeController: onFocusTaskChanged taskInfo: TaskInfo{userId=0 taskId=1 displayId=0 isRunning=true baseIntent=Intent { act=android.intent.action.MAIN cat=[android.intent.category.HOME] flg=0x10000100 cmp=com.miui.home/.launcher.Launcher } baseActivity=ComponentInfo{com.miui.home/com.miui.home.launcher.Launcher} topActivity=ComponentInfo{com.miui.home/com.miui.home.launcher.Launcher} origActivity=null realActivity=null numActivities=1 lastActiveTime=42083 supportsSplitScreenMultiWindow=true supportsMultiWindow=true resizeMode=2 isResizeable=true minWidth=-1 minHeight=-1 defaultMinSize=200 token=WCT{android.window.IWindowContainerToken$Stub$Proxy@e85b7a1} topActivityType=2 pictureInPictureParams=null shouldDockBigOverlays=false launchIntoPipHostTaskId=-1 lastParentTaskIdBeforePip=-1 displayCutoutSafeInsets=null topActivityInfo=ActivityInfo{4686dc6 com.miui.home.launcher.Launcher} launchCookies=[] positionInParent=Point(0, 0) parentTaskId=-1 isFocused=true isVisible=false isVisibleRequested=true isSleeping=false locusId=null displayAreaFeatureId=1 isTopActivityTransparent=false appCompatTaskInfo=AppCompatTaskInfo { topActivityInSizeCompat=false topActivityEligibleForLetterboxEducation= falseisLetterboxEducationEnabled= false isLetterboxDoubleTapEnabled= false topActivityEligibleForUserAspectRatioButton= false topActivityBoundsLetterboxed= false isFromLetterboxDoubleTap= false topActivityLetterboxVerticalPosition= -1 topActivityLetterboxHorizontalPosition= -1 topActivityLetterboxWidth=1080 topActivityLetterboxHeight=2460 isUserFullscreenOverrideEnabled=false isSystemFullscreenOverrideEnabled=false cameraCompatTaskInfo=CameraCompatTaskInfo { cameraCompatControlState=hidden freeformCameraCompatMode=inactive}} isImmersive=false mTopActivityRequestOrientation=-2 mBehindAppLockPkg=null mOriginatingUid=0 isEmbedded=false shouldBeVisible=true mIsCastMode=false mTopActivityMediaSize=null mTopActivityRecordName=ActivityRecord{9880759 u0 com.miui.home/.launcher.Launcher t2} mTopActivityOrientation=1}
03-02 10:33:56.469  1621  1636 I SmartPower: com.google.android.googlequicksearchbox:search/10165(13966): idle->invisible(41279ms) R(become foreground) adj=800.
03-02 10:33:56.469  1621  1636 I SmartPower: com.google.android.googlequicksearchbox:interactor/10165(5969): idle->invisible(1978ms) R(become foreground) adj=100.
03-02 10:33:56.470   921  1170 I BufferQueueDebug: [LauncherMinusOneScreen#133270](this:0xb400007bcecc2508,id:-1,api:0,p:-1,c:-1) BufferQueue core=(921:/system/bin/surfaceflinger)
03-02 10:33:56.474  1621  1636 D MiuiRefreshRatePolicy: reset
03-02 10:33:56.475  1621  1636 I BLASTSyncEngine: SyncGroup 10143:  Unfinished container:ActivityRecord{9880759 u0 com.miui.home/.launcher.Launcher t2}
03-02 10:33:56.475  1621  1636 I BLASTSyncEngine: isActivitySyncFinished isSyncFinished false ActivityRecord{9880759 u0 com.miui.home/.launcher.Launcher t2}
03-02 10:33:56.476  1621  1636 I WindowManager: Relayout Window{c20b10a u0 LauncherMinusOneScreen}: oldVis=8 newVis=0 focusMayChange = true requestedWidth = 1080 requestedHeight = 2460 outFrames = ClientWindowFrames{frame=[0,0][1080,2460] display=[0,0][1080,2460] parentFrame=[0,0][0,0]} outSurfaceControl = Surface(name=LauncherMinusOneScreen#133270)/@0x5b225b2
03-02 10:33:56.477  6515  9356 D PerfEngineController: ForegroundInfo{mForegroundPackageName='com.miui.home', mForegroundUid=10166, mForegroundPid=1999, mLastForegroundPackageName='com.softnation.Ojam', mLastForegroundUid=10337, mLastForegroundPid=22236, mMultiWindowForegroundPackageName='com.miui.home', mMultiWindowForegroundUid=10166, mFlags=0}
03-02 10:33:56.477  1621  1651 I ActivityTaskManager: visible for Task{bfb01d8 #37024 type=standard A=10337:com.softnation.Ojam} visible = true isAnimating = false TRANSITION = false PARENTS = false CHILDREN = false
03-02 10:33:56.478  1621  1651 D SurfaceComposerClient: Transaction::apply InputWindowCommands.focusRequests timestamp=609230017557465, windowName=<null>
03-02 10:33:56.478  1621  1648 D Aurogon :  uid = 10166 switch to FG
03-02 10:33:56.478  6027  6068 D v1      : myUserId = 0	currentUserId0
03-02 10:33:56.478  1621  1907 D MiuiMultiWindowUtils: DeviceLevel.IS_MIUI_LITE_VERSION 2.0 not support miui multiWindowtides
03-02 10:33:56.479  1621  1907 D BluetoothAdapter: getActiveDevices(profile= A2DP)
03-02 10:33:56.479  6027  3111 I ProcessMonitor: onForegroundInfoChanged: ForegroundInfo{mForegroundPackageName='com.miui.home', mForegroundUid=10166, mForegroundPid=1999, mLastForegroundPackageName='com.softnation.Ojam', mLastForegroundUid=10337, mLastForegroundPid=22236, mMultiWindowForegroundPackageName='com.miui.home', mMultiWindowForegroundUid=10166, mFlags=0}
03-02 10:33:56.479  6027  3111 I VideoBoxUtils: isSupportVideoBox: false
03-02 10:33:56.479  6027  3111 I VideoToolBoxService: vtb is closed!!!
03-02 10:33:56.480 14013 14013 D BufferQueueConsumer: [](id:36bd00000009,api:0,p:-1,c:14013) connect: controlledByApp=false
03-02 10:33:56.480  1621  4238 I SmartPower: com.mi.globalminusscreen/10162(11917): idle->visible(41247ms) R(become visible) adj=0.
03-02 10:33:56.481   921  1166 I BufferQueueDebug: [LauncherOverlayWindow:com.mi.globalminusscreen#133271](this:0xb400007bcec97998,id:-1,api:0,p:-1,c:-1) BufferQueue core=(921:/system/bin/surfaceflinger)
03-02 10:33:56.481  2363  2363 I FocusedNotifPromptContr: onTopActivityMayChanged: isSupportPip false, isFocus false
03-02 10:33:56.481 14013 14013 D BLASTBufferQueue: [VRI[LauncherMinusOneScreen]#9](f:0,a:0) constructor()
03-02 10:33:56.481  2363  2363 I FocusedNotifPromptContr: onTopActivityMayChanged: topActivity=com.miui.home
03-02 10:33:56.481  2363  2363 I PromptViewAnimState: topActivityMayChanged: topActivity=com.softnation.Ojam --> com.miui.home
03-02 10:33:56.481 14013 14013 D BLASTBufferQueue: [VRI[LauncherMinusOneScreen]#9](f:0,a:0) update width=1080 height=2460 format=-2 mTransformHint=0
03-02 10:33:56.481  1124  2140 D ResourceManagerServiceNew: update package name: com.miui.home
03-02 10:33:56.482  2363  2363 D KeyguardEditorHelper: onTopActivityMayChanged, topActivity=ComponentInfo{com.miui.home/com.miui.home.launcher.Launcher}; mState=IDEL
03-02 10:33:56.482  1621  1650 D ActivityManager: mediaResourceManagerBinder get success
03-02 10:33:56.483  1621  1907 D BluetoothAdapter: getActiveDevices(profile= HEADSET)
03-02 10:33:56.483  1124  2140 D ResourceManagerServiceNew: packageName: com.miui.home, uid : 10166, hashCode : 86304474
03-02 10:33:56.483  2363  2477 D OneHandedController: stopOneHanded state is 0
03-02 10:33:56.483  1124  2140 D ResourceManagerServiceNew: ResourceManagerService::setCodecsVppModeWithLock
03-02 10:33:56.483  1124  2140 D ResourceManagerServiceNew: all codecs setVppMode return fail
03-02 10:33:56.484 14013 14013 D VRI[LauncherMinusOneScreen]: vri.reportNextDraw android.view.ViewRootImpl.performTraversals:4984 android.view.ViewRootImpl.doTraversal:3564 android.view.ViewRootImpl$TraversalRunnable.run:11781 android.view.Choreographer$CallbackRecord.run:1804 android.view.Choreographer$CallbackRecord.run:1813 
03-02 10:33:56.484  1621  4238 D MiuiRefreshRatePolicy: reset
03-02 10:33:56.484 14013 14013 D VRI[LauncherMinusOneScreen]: Setup new sync=wmsSync-VRI[LauncherMinusOneScreen]#20
03-02 10:33:56.484  1999 27254 D EventBus: No subscribers registered for event class com.miui.home.recents.messages.RecentTasksChangedEvent
03-02 10:33:56.484  1999  2684 D RecentsModel: onTaskStackChangedBackground    MSG_TASK_STACK_CHANGE
03-02 10:33:56.484  1999 27254 D EventBus: No subscribers registered for event class org.greenrobot.eventbus.NoSubscriberEvent
03-02 10:33:56.484  1999  2684 D RecentsModel: boostTaskStackChangedThread once, tid=2684, recentResourceLoaderTid=2525
03-02 10:33:56.484  1999  2684 W MiBridge: Permission not granted !!
03-02 10:33:56.484  1999  2684 D Launcher.Boost: setDynamicVIPTaskIfNeeded::tid = 2684 duration = 500
03-02 10:33:56.485  1621  4238 I BLASTSyncEngine: SyncGroup 10143:  Unfinished container:ActivityRecord{9880759 u0 com.miui.home/.launcher.Launcher t2}
03-02 10:33:56.485  1621  4238 I BLASTSyncEngine: isActivitySyncFinished isSyncFinished false ActivityRecord{9880759 u0 com.miui.home/.launcher.Launcher t2}
03-02 10:33:56.485  1621  1907 D BluetoothAdapter: getActiveDevices(profile= LE_AUDIO)
03-02 10:33:56.486  1621  4238 I WindowManager: Relayout Window{ff9cdea u0 LauncherOverlayWindow:com.mi.globalminusscreen}: oldVis=8 newVis=0 focusMayChange = true requestedWidth = 1080 requestedHeight = 2460 outFrames = ClientWindowFrames{frame=[0,0][1080,2460] display=[0,0][1080,2460] parentFrame=[0,0][0,0]} outSurfaceControl = Surface(name=LauncherOverlayWindow:com.mi.globalminusscreen#133271)/@0x618eafe
03-02 10:33:56.487   921   921 D SurfaceFlinger: Focus addInputWindowCommands timestamp=609230017557465, windowName=<null>
03-02 10:33:56.487 18562 29326 E BluetoothAdapterService: getActiveDevices: LeAudioService is null
03-02 10:33:56.487   921   921 I BpBinder: onLastStrongRef automatically unlinking death recipients: 
03-02 10:33:56.487  1621  1907 D AudioSystem: +setParameters(): foregroundUid=10166;bluetoothlowlatencystatus=false 
03-02 10:33:56.487  1621  1907 D AudioSystem: start get log level!
03-02 10:33:56.488  1621  2662 I ATMSImpl: cacheTasksForDefaultDisplay size=3
03-02 10:33:56.489 11917 11917 D BufferQueueConsumer: [](id:2e8d0000001e,api:0,p:-1,c:11917) connect: controlledByApp=false
03-02 10:33:56.489   843   968 D AudioALSAHardware: +setParameters(): bluetoothlowlatencystatus=false;foregroundUid=10166
03-02 10:33:56.489   849   868 I hwcomposer: [HWCDisplay] (0 updateFps():3667), (type:1, mode:2) fps:2.731735,dur:1098.20,max:850.84,min:104.21  
03-02 10:33:56.489   843   968 D AudioALSAHardware: -setParameters(): bluetoothlowlatencystatus=false;foregroundUid=10166
03-02 10:33:56.489   843   968 E AHAL_Module: setVendorParameters: default: unrecognized parameter "bluetoothlowlatencystatus=false;foregroundUid=10166"
03-02 10:33:56.490   894  2683 E ConversionHelperAidl: Function: parseAndSetVendorParameters Line: 97 Failed 
03-02 10:33:56.490 11917 11917 D BLASTBufferQueue: [VRI[globalminusscreen]#30](f:0,a:0) constructor()
03-02 10:33:56.490 11917 11917 D BLASTBufferQueue: [VRI[globalminusscreen]#30](f:0,a:0) update width=1080 height=2460 format=-2 mTransformHint=0
03-02 10:33:56.490   921   921 I MI-SF   : surfaceflinger setAffinity mode=0
03-02 10:33:56.491   921   921 E MI-SF   : surfaceflinger setAffinity success
03-02 10:33:56.491   921  1483 D SurfaceFlinger: updateWinowInfo=1, setFocusedWindow timestamp=609230017557465, windowName=<null>
03-02 10:33:56.493  1621  1651 I ActivityTaskManager: visible for Task{bfb01d8 #37024 type=standard A=10337:com.softnation.Ojam} visible = true isAnimating = false TRANSITION = false PARENTS = false CHILDREN = false
03-02 10:33:56.493   843   968 D AHAL_ModuleBluetooth: setVendorParameters: parameter count 1, async: 0
03-02 10:33:56.493 11917 11917 D VRI[globalminusscreen]: vri.reportNextDraw android.view.ViewRootImpl.performTraversals:4984 android.view.ViewRootImpl.doTraversal:3564 android.view.ViewRootImpl$TraversalRunnable.run:11781 android.view.Choreographer$CallbackRecord.run:1804 android.view.Choreographer$CallbackRecord.run:1813 
03-02 10:33:56.493   843   968 D AHAL_ModuleBluetooth: setVendorParameters: bluetoothlowlatencystatus=false;foregroundUid=10166
03-02 10:33:56.493 11917 11917 D VRI[globalminusscreen]: Setup new sync=wmsSync-VRI[globalminusscreen]#60
03-02 10:33:56.495  1621  2194 I ATMSImpl: cacheTasksForDefaultDisplay size=3
03-02 10:33:56.495 18562 29326 D BluetoothLatencyMode: ForegroundInfo{mForegroundPackageName='com.miui.home', mForegroundUid=10166, mForegroundPid=1999, mLastForegroundPackageName='com.softnation.Ojam', mLastForegroundUid=10337, mLastForegroundPid=22236, mMultiWindowForegroundPackageName='com.miui.home', mMultiWindowForegroundUid=10166, mFlags=0}
03-02 10:33:56.496 18562 29326 W LeAudioService: getLeAudioService(): service is NULL
03-02 10:33:56.496  1999  2684 D RecentsModel: getRunningTask ignoreActivityType : 2 ,ignoreWindowMode:5
03-02 10:33:56.497  1999  2684 W RecentsModel: getRunningTask   taskInfo=TaskInfo{userId=0 taskId=37019 displayId=0 isRunning=true baseIntent=Intent { flg=0x10000000 cmp=com.whatsapp/.home.ui.HomeActivity } baseActivity=ComponentInfo{com.whatsapp/com.whatsapp.home.ui.HomeActivity} topActivity=ComponentInfo{com.whatsapp/com.whatsapp.home.ui.HomeActivity} origActivity=null realActivity=ComponentInfo{com.whatsapp/com.whatsapp.home.ui.HomeActivity} numActivities=1 lastActiveTime=1025268869 supportsSplitScreenMultiWindow=true supportsMultiWindow=true resizeMode=1 isResizeable=true minWidth=-1 minHeight=-1 defaultMinSize=200 token=WCT{android.window.IWindowContainerToken$Stub$Proxy@8732a7d} topActivityType=1 pictureInPictureParams=null shouldDockBigOverlays=false launchIntoPipHostTaskId=-1 lastParentTaskIdBeforePip=-1 displayCutoutSafeInsets=Rect(0, 104 - 0, 0) topActivityInfo=ActivityInfo{9a95d72 com.whatsapp.home.ui.HomeActivity} launchCookies=[] positionInParent=Point(0, 0) parentTaskId=-1 isFocused=false isVisible=false isVisibleRequested=false isSleeping=false locusId=null displayAreaFeatureId=1 isTopActivityTransparent=false appCompatTaskInfo=AppCompatTaskInfo { topActivityInSizeCompat=false topActivityEligibleForLetterboxEducation= falseisLetterboxEducationEnabled= false isLetterboxDoubleTapEnabled= false topActivityEligibleForUserAspectRatioButton= false topActivityBoundsLetterboxed= false isFromLetterboxDoubleTap= false topActivityLetterboxVerticalPosition= -1 topActivityLetterboxHorizontalPosition= -1 topActivityLetterboxWidth=1080 topActivityLetterboxHeight=2460 isUserFullscreenOverrideEnabled=false isSystemFullscreenOverrideEnabled=false cameraCompatTaskInfo=CameraCompatTaskInfo { cameraCompatControlState=hidden freeformCameraCompatMode=inactive}} isImmersive=false mTopActivityRequestOrientation=-2 mBehindAppLockPkg=null mOriginatingUid=0 isEmbedded=false shouldBeVisible=false mIsCastMode=false mTopActivityMediaSize=null mTopActivityRecordName=ActivityRecord{fc958f0 u0 com.whatsapp/.home.ui.HomeActivity t37019} mTopActivityOrientation=-2}
03-02 10:33:56.497  1999  2684 D RecentsModel: preloadRecents runningTaskId:37019, mCurrentRunningTaskId:-1, mRecentsTaskLoadPlan=com.android.systemui.shared.recents.model.RecentsTaskLoadPlan@fc1b5c3
03-02 10:33:56.499 18562 29326 D BluetoothLatencyMode: isWiredAudioHeadset.type: 1
03-02 10:33:56.499 18562 29326 D BluetoothLatencyMode: isWiredAudioHeadset.type: 2
03-02 10:33:56.499 18562 29326 D BluetoothLatencyMode: isWiredAudioHeadset.type: 18
03-02 10:33:56.499 18562 29326 D BluetoothLatencyMode: isWiredAudioHeadset.type: 14
03-02 10:33:56.499  1999  2684 E ActivityManagerWrapper: get all recent tasks force including 37019
03-02 10:33:56.500 14013 14467 D BLASTBufferQueue: [VRI[LauncherMinusOneScreen]#9](f:0,a:1) acquireNextBufferLocked size=1080x2460 mFrameNumber=1 applyTransaction=true mTimestamp=609230048244850(auto) mPendingTransactions.size=0 graphicBufferId=60185376718903 transform=0
03-02 10:33:56.502   921  1472 D MI-SF   : isTpIdleScene mSetTpIdleFlag 0, mSetLtpoTpIdleFlag 0
03-02 10:33:56.503 14013 14013 D VRI[LauncherMinusOneScreen]: vri.reportDrawFinished
03-02 10:33:56.502   921  1472 D DisplayModeController: setDesiredMode 4627039422300187648 {mode={fps=60.00 Hz, modePtr={id=0, vsyncRate=60.00 Hz, peakRefreshRate=60.00 Hz}}, emitEvent=true, force=false}
03-02 10:33:56.504   921  1472 D Scheduler: MtkOverrideDuration: update vsync 60
03-02 10:33:56.504   921  1472 E SurfaceFlinger: MtkDuration override mode is disabled
03-02 10:33:56.505   921  1472 D Scheduler: MtkOverrideDuration: reset override duration
03-02 10:33:56.505   921  1472 I PowerHalWrapper: updateFps(): 60
03-02 10:33:56.505  1621  1636 D WindowManager: wms.finishDrawingLocked: mDrawState=COMMIT_DRAW_PENDING Window{c20b10a u0 LauncherMinusOneScreen} in Surface(name=LauncherMinusOneScreen#133270)/@0xdfcebbd
03-02 10:33:56.505 11917 22576 D BLASTBufferQueue: [VRI[globalminusscreen]#30](f:0,a:1) acquireNextBufferLocked size=1080x2460 mFrameNumber=1 applyTransaction=true mTimestamp=609230053270773(auto) mPendingTransactions.size=0 graphicBufferId=51183125266612 transform=0
03-02 10:33:56.507 11917 11917 D VRI[globalminusscreen]: vri.reportDrawFinished
03-02 10:33:56.508  6515  6997 D MilletUtils: setUidState, uid = 10166 allow = true
03-02 10:33:56.508  1621  1651 D MiuiRefreshRatePolicy: reset
03-02 10:33:56.508  1999  2684 E ActivityManagerWrapper: getRecentTasksForceIncludingTaskIdIfValid: getRecentTasks: size=3
03-02 10:33:56.508  1999  2684 E ActivityManagerWrapper:  mainTaskId=37024   userId=0   windowMode=1   baseIntent=Intent { act=android.intent.action.MAIN flag=270532608 cmp=ComponentInfo{com.softnation.Ojam/com.softnation.Ojam.MainActivity} }
03-02 10:33:56.508  1999  2684 E ActivityManagerWrapper:  mainTaskId=37019   userId=0   windowMode=1   baseIntent=Intent { act=null flag=268435456 cmp=ComponentInfo{com.whatsapp/com.whatsapp.home.ui.HomeActivity} }
03-02 10:33:56.508  1999  2684 E ActivityManagerWrapper:  mainTaskId=36980   userId=0   windowMode=1   baseIntent=Intent { act=android.intent.action.MAIN flag=270532608 cmp=ComponentInfo{com.twitter.android/com.twitter.android.StartActivity} }
03-02 10:33:56.509  1621  4238 D MiSensorServiceImpl: PowerKeeperSensor resume iUid:10166 but app has not in Controlled
03-02 10:33:56.509  1621  1651 I BLASTSyncEngine: SyncGroup 10143:  Unfinished container:ActivityRecord{9880759 u0 com.miui.home/.launcher.Launcher t2}
03-02 10:33:56.509  1621  1651 I BLASTSyncEngine: isActivitySyncFinished isSyncFinished false ActivityRecord{9880759 u0 com.miui.home/.launcher.Launcher t2}
03-02 10:33:56.510  1621  2662 D WindowManager: wms.finishDrawingLocked: mDrawState=COMMIT_DRAW_PENDING Window{ff9cdea u0 LauncherOverlayWindow:com.mi.globalminusscreen} in Surface(name=LauncherOverlayWindow:com.mi.globalminusscreen#133271)/@0x99186b9
03-02 10:33:56.511  1621  1842 I MiuiNetworkPolicy: updateUidState uid = 99351, uidState = 3
03-02 10:33:56.511  1621  1651 D MiuiRefreshRatePolicy: reset
03-02 10:33:56.512  1621  1842 I MiuiNetworkPolicy: updateUidState uid = 10261, uidState = 3
03-02 10:33:56.512  1621  1842 I MiuiNetworkPolicy: updateUidState uid = 10200, uidState = 3
03-02 10:33:56.512  1621  1842 I MiuiNetworkPolicy: updateUidState uid = 10181, uidState = 3
03-02 10:33:56.513  1621  1651 I BLASTSyncEngine: SyncGroup 10143:  Unfinished container:ActivityRecord{9880759 u0 com.miui.home/.launcher.Launcher t2}
03-02 10:33:56.513  1621  1651 I BLASTSyncEngine: isActivitySyncFinished isSyncFinished false ActivityRecord{9880759 u0 com.miui.home/.launcher.Launcher t2}
03-02 10:33:56.516   849   868 I hwcomposer: [HWCDisplay] (0 setActiveConfigWithConstraints():4114), config:0  
03-02 10:33:56.516   849   868 I hwcomposer: [HWCDisplay] (0 setActiveConfigWithConstraints():4164), now 609230065333465, diff 370077, estimated_applied_time 27777778 queued_size:0  
03-02 10:33:56.519  1621  1842 I MiuiNetworkPolicy: updateUidState uid = 10168, uidState = 3
03-02 10:33:56.519  1621  1842 I MiuiNetworkPolicy: updateUidState uid = 10166, uidState = 2
03-02 10:33:56.519  1621  1842 I MiuiNetworkPolicy: updateUidState uid = 10162, uidState = 3
03-02 10:33:56.519  1621  1842 I MiuiNetworkPolicy: updateUidState uid = 10147, uidState = 3
03-02 10:33:56.519 18562 18904 I BtGatt.ScanManager: msg.what = MSG_IMPORTANCE_CHANGE, msg.arg1 = IMPORTANCE_CHANGE
03-02 10:33:56.519 18562 18904 E BtGatt.ScanManager: scan data is null
03-02 10:33:56.519  1621  4764 E ClipboardServiceI: removeActivePermissionOwnerForPackage: mPrimaryClipPackage is null or get is null
03-02 10:33:56.521  1621  1651 I ActivityTaskManager: visible for Task{bfb01d8 #37024 type=standard A=10337:com.softnation.Ojam} visible = true isAnimating = false TRANSITION = false PARENTS = false CHILDREN = false
03-02 10:33:56.522  1621  4764 D WindowManager: Set transition=TransitionRecord{55d5d26 id=10143 type=CLOSE flags=0x0}, ready=true, SyncId=10143 
03-02 10:33:56.523  1621  4764 D WindowManager: Set transition=TransitionRecord{55d5d26 id=10143 type=CLOSE flags=0x0}, ready=true, SyncId=10143 
03-02 10:33:56.524  1621  4764 I AppsFilter: interaction: PackageSetting{131896e com.android.microdroid.empty_payload/10255} -> PackageSetting{13ad575 com.softnation.Ojam/10337} BLOCKED
03-02 10:33:56.524  1999  2684 D TaskSnapshotCompatVV: getIsInvalidateFromTaskSnapshot, return, mTaskSnapshot=null, mTaskSnapshotClazz=null
03-02 10:33:56.525  1621  4764 W ActivityManager: Invalid packageName: com.softnation.Ojam
03-02 10:33:56.528  1621  1746 E JobScheduler: ResourceBudgetManagerInternal is null
03-02 10:33:56.530  1621  1842 I MiuiNetworkPolicy: updateUidState uid = 10165, uidState = 3
03-02 10:33:56.533 14013 14013 I brdz    : onStart
03-02 10:33:56.533  1999  1999 D Launcher: Launcher.DeviceConfig onStart bounds = Rect(0, 0 - 1080, 2460)
03-02 10:33:56.534 11917 12435 D LauncherOverlay: setActivityState:1
03-02 10:33:56.534 11917 11917 D LauncherOverlay.Window: onStart
03-02 10:33:56.536  1621  2192 D AppLock_AccessControlImpl: activityResume packageName: com.miui.home userId: 0 enabled: true
03-02 10:33:56.536  1621  2192 D AppLock_AccessControlImpl: activityResume lockMode: 1
03-02 10:33:56.537 14013 14013 I bpbq    : (REDACTED) [%s] onStart()
03-02 10:33:56.537  1999  1999 D SecurityManager: checkAccessControl flag1
03-02 10:33:56.537 14013 14013 I bpdz    : Reloading theme data
03-02 10:33:56.538  1999 17839 D Launcher.Utilities: select screen is:personal_assistant_google
03-02 10:33:56.540  1999  1999 D Launcher: Launcher.DeviceConfig onResume bounds = Rect(0, 0 - 1080, 2460)
03-02 10:33:56.541  1999  1999 D Launcher.DropTargetBar: update uninstall active when NO drag, active=false (edit=7, isUninstallDialogShowing=false, isWidgetPreviewShowing=false, isDefaultScreenPreviewShowing=false, isMenuVisible=false)
03-02 10:33:56.541  1999  1999 D Launcher.Lifecycle: onResume:UserHandle{0},c143874,false
03-02 10:33:56.541  1999  1999 W Settings: Setting device_provisioned has moved from android.provider.Settings.Secure to android.provider.Settings.Global.
03-02 10:33:56.542   849  1481 I hwcomposer: [HWCDisplay] (0 updateAppliedConfigState():4360), applied config complete[idx:609230093111243, config:0]  
03-02 10:33:56.542  1621  1746 D CompatChangeReporter: Compat change id reported: 151861875; UID 10217; state: ENABLED
03-02 10:33:56.542   921   921 I PowerHalWrapper: updateFps(): 60
03-02 10:33:56.543   921   921 I PowerHalWrapper: updateFps(): 60
03-02 10:33:56.545  1999  1999 D Launcher.FullbackHome: FallbackHomeCompat::needKillSelf::needKillSelf = false
03-02 10:33:56.546  1999  1999 D ShortcutIcon: setMessage textnull
03-02 10:33:56.545  2350  2350 D CarrierSvcBindHelper: onHandleForceStop: [com.softnation.Ojam]
03-02 10:33:56.546  1999  1999 D SoscSplitStateController: updateDividerFixedState: isFixed = true
03-02 10:33:56.546  1999  1999 E Launcher.application: setClickAppWaitForCallback = false
03-02 10:33:56.546  1999  1999 D Launcher.FullbackHome: FallbackHomeCompat::needKillSelf::needKillSelf = false
03-02 10:33:56.546  1999  1999 D LauncherAssistantCompatGoogle: onResume com.google.android.libraries.gsa.launcherclient.LauncherClient@b8351e8
03-02 10:33:56.546  2363  2477 D SoScSplitScreenController: updateDividerFixedState isFixed:true
03-02 10:33:56.546  1999  1999 D Launcher_UnlockAnimationStateMachine: onResume = IDLE
03-02 10:33:56.546  1999  1999 I Launcher: changeMIUIWidgetEditMode false
03-02 10:33:56.546  1999  1999 D StatusBarController: disableRecent: disable= false
03-02 10:33:56.546  1999  1999 D ServiceDeliveryReplaceHelper: onResume: widget to serviceDeliver isReplace false
03-02 10:33:56.547 14013 14470 I dwtj    : #onAvailable
03-02 10:33:56.548  1621  1746 V GrammaticalInflectionUtils: AttributionSource: android.content.AttributionSource@4cccb263 does not have READ_SYSTEM_GRAMMATICAL_GENDER permission.
03-02 10:33:56.550  2350  2350 D CarrierSvcBindHelper: No carrier app for: 0
03-02 10:33:56.551  2350  2350 D CarrierSvcBindHelper: No carrier app for: 1
03-02 10:33:56.551 14013 14013 I brdz    : onResume
03-02 10:33:56.551   921  1166 I BufferQueueDebug: [com.miui.home/com.miui.home.launcher.Launcher#133272](this:0xb400007bcec561a8,id:-1,api:0,p:-1,c:-1) BufferQueue core=(921:/system/bin/surfaceflinger)
03-02 10:33:56.551  1621  1856 D ConnectivityService: NetReassign [no changes] [c 1] [a 3] [i 4]
03-02 10:33:56.552  1999  2512 D SessionLifecycleClient: Sending lifecycle 1 to service
03-02 10:33:56.552  1999  4922 D SessionLifecycleService: Activity foregrounding at 609230101.
03-02 10:33:56.556  1621  1636 D MiuiRefreshRatePolicy: reset
03-02 10:33:56.557  1621  1636 I BLASTSyncEngine: SyncGroup 10143:  Unfinished container:ActivityRecord{9880759 u0 com.miui.home/.launcher.Launcher t2}
03-02 10:33:56.558  1621  1636 I BLASTSyncEngine: isActivitySyncFinished isSyncFinished false ActivityRecord{9880759 u0 com.miui.home/.launcher.Launcher t2}
03-02 10:33:56.560  1621  1636 W WindowManager: Changing focus from null to Window{d85ca12 u0 com.miui.home/com.miui.home.launcher.Launcher} displayId=0 Callers=com.android.server.wm.RootWindowContainer.updateFocusedWindowLocked:602 com.android.server.wm.WindowManagerService.updateFocusedWindowLocked:7168 com.android.server.wm.WindowManagerService.relayoutWindowInner:3076 com.android.server.wm.WindowManagerService.relayoutWindow:2724 
03-02 10:33:56.560  1621  1636 I whetstone.activity: Power Event callback listener is empty for resId=32
03-02 10:33:56.560  1621  1636 D BatteryStatsManagerStub: notifyEvent for resId=32 used 0ms
03-02 10:33:56.561   921  1166 I BufferQueueDebug: [Surface(name=5b2ee94 StatusBar#103)/@0xf6cf932 - animation-leash of insets_animation#133273](this:0xb400007bceccadb8,id:-1,api:0,p:-1,c:-1) BufferQueue core=(921:/system/bin/surfaceflinger)
03-02 10:33:56.563   921  1166 I BufferQueueDebug: [Surface(name=77d8129 NavigationBar0#101614)/@0x3faba4f - animation-leash of insets_animation#133274](this:0xb400007bcec45048,id:-1,api:0,p:-1,c:-1) BufferQueue core=(921:/system/bin/surfaceflinger)
03-02 10:33:56.565  1621  1636 D WindowManager: wms.Input focus has changed to Window{d85ca12 u0 com.miui.home/com.miui.home.launcher.Launcher} display=0 updateInputWindows = true
03-02 10:33:56.565  1621  1636 I MultiSenceManagerInternalStub: getInstance
03-02 10:33:56.566  1621  1928 I MultiSenceManagerInternalStubImpl: packageName = com.miui.home
03-02 10:33:56.566  1621  1636 I WindowManager: Relayout Window{d85ca12 u0 com.miui.home/com.miui.home.launcher.Launcher}: oldVis=8 newVis=0 focusMayChange = true requestedWidth = 1080 requestedHeight = 2460 outFrames = ClientWindowFrames{frame=[0,0][1080,2460] display=[0,0][1080,2460] parentFrame=[0,0][0,0]} outSurfaceControl = Surface(name=com.miui.home/com.miui.home.launcher.Launcher#133272)/@0x6a5e14f
03-02 10:33:56.566  1621  1928 W ContextImpl: Calling a method in the system process without a qualified user: android.app.ContextImpl.sendBroadcast:1260 com.android.server.wm.MultiSenceManagerInternalStubImpl.sendFocusWindowsBroadcast:148 com.android.server.wm.MultiSenceManagerInternalStubImpl$UpdateScreenStatus.run:98 android.os.Handler.handleCallback:959 android.os.Handler.dispatchMessage:100 
03-02 10:33:56.568  1999  1999 D BufferQueueConsumer: [](id:7cf0000056d,api:0,p:-1,c:1999) connect: controlledByApp=false
03-02 10:33:56.569  1999  1999 D BLASTBufferQueue: [VRI[Launcher]#1189](f:0,a:0) constructor()
03-02 10:33:56.569  1999  1999 D BLASTBufferQueue: [VRI[Launcher]#1189](f:0,a:0) update width=1080 height=2460 format=1 mTransformHint=0
03-02 10:33:56.571  1999  1999 D VRI[Launcher]: vri.reportNextDraw android.view.ViewRootImpl.performTraversals:4984 android.view.ViewRootImpl.doTraversal:3564 android.view.ViewRootImpl$TraversalRunnable.run:11781 android.view.Choreographer$CallbackRecord.run:1804 android.view.Choreographer$CallbackRecord.run:1813 
03-02 10:33:56.571  1999  1999 D VRI[Launcher]: Setup new sync=wmsSync-VRI[Launcher]#4
03-02 10:33:56.572  1621  1746 I whetstone.activity: Power Event callback listener is empty for resId=256
03-02 10:33:56.572  1621  1746 D BatteryStatsManagerStub: notifyEvent for resId=256 used 0ms
03-02 10:33:56.573  1621  1746 E JobScheduler: ResourceBudgetManagerInternal is null
03-02 10:33:56.578  1621  2192 I ClipboardServiceI: checkProviderWakePathForClipboard: primaryClip is null
03-02 10:33:56.581  1621  1666 I SmartPower: com.whatsapp/10300(31638): idle->background(2091ms) R(broadcast start Intent { act=android.intent.action.BATTERY_CHANGED flg=0x60000010 (has extras) }) adj=227.
03-02 10:33:56.581  1621  1651 I ActivityTaskManager: visible for Task{bfb01d8 #37024 type=standard A=10337:com.softnation.Ojam} visible = true isAnimating = false TRANSITION = false PARENTS = false CHILDREN = false
03-02 10:33:56.582  1621  1651 D SurfaceComposerClient: Transaction::apply InputWindowCommands.focusRequests timestamp=609230116891927, windowName=d85ca12 com.miui.home/com.miui.home.launcher.Launcher
03-02 10:33:56.585  1621  1651 D WindowManager: Collecting in transition 10143: WallpaperWindowToken{d3319dd token=android.os.Binder@113b9b4} init visibleRequested:false
03-02 10:33:56.585  1621  1651 D WindowManager: Collecting in transition 10143: WallpaperWindowToken{d3319dd token=android.os.Binder@113b9b4} init visibleRequested:false
03-02 10:33:56.586  1621  1651 D WindowManager: Collecting in transition 10143: WallpaperWindowToken{2d6d85a token=android.os.Binder@8dfa005} init visibleRequested:false
03-02 10:33:56.586  1621  1651 D WindowManager: Collecting in transition 10143: WallpaperWindowToken{2d6d85a token=android.os.Binder@8dfa005} init visibleRequested:false
03-02 10:33:56.586  8942  8942 D BoundBrokerSvc: onBind: Intent { act=com.google.android.gms.measurement.START pkg=com.google.android.gms }
03-02 10:33:56.586  8942  8942 D BoundBrokerSvc: Loading bound service for intent: Intent { act=com.google.android.gms.measurement.START pkg=com.google.android.gms }
03-02 10:33:56.587  1621  1651 D MiuiRefreshRatePolicy: reset
03-02 10:33:56.589  1621  1651 I BLASTSyncEngine: SyncGroup 10143:  Unfinished container:ActivityRecord{9880759 u0 com.miui.home/.launcher.Launcher t2}
03-02 10:33:56.589  1621  1651 I BLASTSyncEngine: isActivitySyncFinished isSyncFinished false ActivityRecord{9880759 u0 com.miui.home/.launcher.Launcher t2}
03-02 10:33:56.590  1621  1651 D MiuiRefreshRatePolicy: reset
03-02 10:33:56.591  1621  1666 I SmartPower: com.facebook.katana/10287(21983): idle->background(2100ms) R(broadcast start Intent { act=android.intent.action.BATTERY_CHANGED flg=0x60000010 (has extras) }) adj=915.
03-02 10:33:56.592  1621  1651 I BLASTSyncEngine: SyncGroup 10143:  Unfinished container:ActivityRecord{9880759 u0 com.miui.home/.launcher.Launcher t2}
03-02 10:33:56.592  1621  1651 I BLASTSyncEngine: isActivitySyncFinished isSyncFinished false ActivityRecord{9880759 u0 com.miui.home/.launcher.Launcher t2}
03-02 10:33:56.594  1621  1666 I SmartPower: com.android.chrome/10174(23296): idle->background(2102ms) R(broadcast start Intent { act=android.intent.action.BATTERY_CHANGED flg=0x60000010 (has extras) }) adj=905.
03-02 10:33:56.595  1621  1640 D AudioSystem: +setParameters(): gamebooster=false 
03-02 10:33:56.595  2061  2061 I MiuiWallpaper-MiuiKeyguardPictorialWallpaper: onVisibilityChanged, visible = true, ret=true
03-02 10:33:56.595  1621  1640 D AudioSystem: start get log level!
03-02 10:33:56.596  1621  1666 I SmartPower: com.facebook.orca/10321(28694): idle->background(2104ms) R(broadcast start Intent { act=android.intent.action.BATTERY_CHANGED flg=0x60000010 (has extras) }) adj=905.
03-02 10:33:56.597  2061 12253 W HWUI    : Surface doesn't have any previously queued frames, nothing to readback from
03-02 10:33:56.599   921   921 D SurfaceFlinger: Focus addInputWindowCommands timestamp=609230116891927, windowName=d85ca12 com.miui.home/com.miui.home.launcher.Launcher
03-02 10:33:56.600   835   835 D Zygote  : Forked child process 29508
03-02 10:33:56.601  2061  2061 I MiuiWallpaper-ImageWallpaper: onVisibilityChanged, visible = true, ret=true
03-02 10:33:56.602  1621  1651 I WindowManager: wms.showSurfaceRobustly mWin:Window{92602d4 u0 com.miui.miwallpaper.wallpaperservice.ImageWallpaper}
03-02 10:33:56.603   843   968 D AudioALSAHardware: +setParameters(): gamebooster=false
03-02 10:33:56.604   843   968 D AudioALSAHardware: -setParameters(): gamebooster=false
03-02 10:33:56.604   843   968 E AHAL_Module: setVendorParameters: default: unrecognized parameter "gamebooster=false"
03-02 10:33:56.604   921  1483 D SurfaceFlinger: updateWinowInfo=1, setFocusedWindow timestamp=609230116891927, windowName=d85ca12 com.miui.home/com.miui.home.launcher.Launcher
03-02 10:33:56.604   894  2683 E ConversionHelperAidl: Function: parseAndSetVendorParameters Line: 97 Failed 
03-02 10:33:56.605  1621  1746 I SmartPower: com.google.android.apps.photos/10204(28724): idle->background(40577ms) R(service create com.google.android.apps.photos/com.google.android.libraries.social.mediamonitor.MediaMonitorJobSchedulerService) adj=0.
03-02 10:33:56.606  2061 12253 W HWUI    : Surface doesn't have any previously queued frames, nothing to readback from
03-02 10:33:56.608  1621  1842 I MiuiNetworkPolicy: updateUidState uid = 10204, uidState = 8
03-02 10:33:56.608   843   968 D AHAL_ModuleBluetooth: setVendorParameters: parameter count 1, async: 0
03-02 10:33:56.608   843   968 D AHAL_ModuleBluetooth: setVendorParameters: gamebooster=false
03-02 10:33:56.613  1621  1746 I whetstone.activity: Power Event callback listener is empty for resId=256
03-02 10:33:56.613  1621  1746 D BatteryStatsManagerStub: notifyEvent for resId=256 used 0ms
