03-02 10:33:57.300  1999  1999 I TransitionCallback: com.android.systemui.shared.recents.utilities.WindowTransitionCallbackHelper@c161c3d call finishMainCallback, wct = null, sct = android.view.SurfaceControl$Transaction@e927cb, callback = android.window.IRemoteTransitionFinishedCallback$Stub$Proxy@8547101, mCounterRotatorList.size = 0, mInfoExposeList.size = 1, token = android.os.BinderProxy@c0f96fc
03-02 10:33:57.300  2363  2477 D OneHandedController: stopOneHanded state is 0
03-02 10:33:57.301  2363  2477 I RemoteTransitionHandlerStubImpl: putCallback transition: android.os.BinderProxy@356f5ab, wctCB: android.window.IWindowContainerTransactionCallback$Stub$Proxy@3acb11
03-02 10:33:57.301  1999  1999 I TransitionCallback: call onTransitionFinishedWithCallback end
03-02 10:33:57.301  2363  2477 D SoScUtils: monitorTransitionFinished transition:android.os.BinderProxy@356f5ab transaction: android.view.SurfaceControl$Transaction@30dd476 mRequestCloseTransition:null mRequestOpenTransition:null mRequestOpenTransitionWithSameTask size:0 mPairsOpenTransition:null mPairsOpenTransitionNull:null mRequestOpenTriggerTask:-1 mRequestCloseTriggerTask:-1 mOrientationTransition: null mMainStartingTask:-1 mSideStartingTask:-1
03-02 10:33:57.301  1999  1999 I TransitionCallback: execute finishMainCallbackSync return, no need post delay
03-02 10:33:57.301   921  1170 I BufferQueueDebug: [Task=37025#133282](this:0xb400007bcec7b1f8,id:-1,api:0,p:-1,c:-1) BufferQueue core=(921:/system/bin/surfaceflinger)
03-02 10:33:57.302  1621  4246 D WindowManager: setLockTaskAuth: task=Task{c2800f4 #37025 type=standard A=10337:com.softnation.Ojam} mLockTaskAuth=LOCK_TASK_AUTH_PINNABLE
03-02 10:33:57.303  1621  4246 D WindowManager: Collecting in transition 10144: Task{c2800f4 #37025 type=standard A=10337:com.softnation.Ojam} init visibleRequested:false
03-02 10:33:57.304   921  1587 I BufferQueueDebug: [ActivityRecord{2b822eb u0 com.softnation.Ojam/.MainActivity t37025}#133283](this:0xb400007bcecbc9e8,id:-1,api:0,p:-1,c:-1) BufferQueue core=(921:/system/bin/surfaceflinger)
03-02 10:33:57.304  1621  4246 D WindowManager: setLockTaskAuth: task=Task{c2800f4 #37025 type=standard A=10337:com.softnation.Ojam} mLockTaskAuth=LOCK_TASK_AUTH_PINNABLE
03-02 10:33:57.305  1621  4246 D MiuiFreeFormManagerService: onStartActivityInner as = Task{c2800f4 #37025 type=standard A=10337:com.softnation.Ojam} op = null
03-02 10:33:57.305  1621  4246 D ActivityTaskManager: Task#startActivityLocked isOrhasTask=true newTask=true
03-02 10:33:57.305   863   909 I mtkpower@impl: [setMode] type:5, enabled:1
03-02 10:33:57.306   863   958 I libPowerHal: [perfLockAcq] idx:1 hdl:363355 hint:77 pid:863 tid:863 duration:30000 lock_user:vendor.mediatek => ret_hdl:363355
03-02 10:33:57.306   863   958 I ThermalBreakConfigReader: [getTargetfreqinfo] [getTargetfreqinfo] hint get target result freq:boost:1 cpu0:1800000 cpu6:2000000 cpumask:ff
03-02 10:33:57.306   863   958 I ExtendedPerfBoost: [thermalbreak_verification] needbreak curr breakmode 1, scence id 0, set: boost:1 cpu0:1800000 cpu6:2000000 cpumask:ff
03-02 10:33:57.306   863   958 I ExtendedPerfBoost: [triggerList_add] [triggerList_add] come into triggerList_add
03-02 10:33:57.306   863   958 I ExtendedPerfBoost: [triggerList_add] get item from freelist 0x6fcc5ba018
03-02 10:33:57.306   863   958 I ExtendedPerfBoost: [triggerList_add] init new item prio:2, duration:3000, param:boost:1 cpu0:1800000 cpu6:2000000 cpumask:ff
03-02 10:33:57.306   863   958 I ExtendedPerfBoost: [triggerList_add] add item prio in empty list
03-02 10:33:57.306   863   958 I ExtendedPerfBoost: [trig_thermalbreak] trigger one node
03-02 10:33:57.307   863   958 I ExtendedUtils: [timer_sampling_set] come in timer_sampling_set, duration :3000
03-02 10:33:57.307   863   958 I ExtendedUtils: [settimer] come in settimer, time_now :609230856, time_end: 609233856
03-02 10:33:57.307   863   958 I ExtendedPerfBoost: [setThermalBreak] [setThermalBreak] : boost:1 cpu0:1800000 cpu6:2000000 cpumask:ff
03-02 10:33:57.307  1621  4246 I WindowManager: Try to add startingWindow type = STARTING_WINDOW_TYPE_SPLASH_SCREEN this = ActivityRecord{2b822eb u0 com.softnation.Ojam/.MainActivity t37025} preAllowTaskSnapshot = true afterAllowTaskSnapshot = true newTask = true taskSwitch = true processRunning = false activityCreated = false activityAllDrawn = false isSnapshotCompatible = false resolvedTheme = 2131952195 theme = 2131952195
03-02 10:33:57.308  1621  4246 D PreStartingManager: Not init when use PreStartingManager!
03-02 10:33:57.309   863   958 I libPowerHal: [PE] LAUNCH update cmd:1408300, param:100, pr:3
03-02 10:33:57.309  1621  4246 I PowerHalWrapper: amsBoostNotify pid:1999,activity:com.miui.home.launcher.Launcher, package:com.miui.home, mProcessCreatePackcom.softnation.Ojam 
03-02 10:33:57.309  1621  4246 I PowerHalWrapper: state: 0 
03-02 10:33:57.309   863   958 I libPowerHal: [PE] LAUNCH update cmd:400000 param:3000000 pr:3
03-02 10:33:57.309   863   958 I libPowerHal: [PE] LAUNCH update cmd:400100 param:3000000 pr:3
03-02 10:33:57.309   863   958 I libPowerHal: [recordCPUFreqInfo] set cluster[0] min(LAUNCH): 1800000 max(-1): -1 cluster[1] min(LAUNCH): 2000000 max(-1): -1
03-02 10:33:57.309   863   958 I libPowerHal: [perfLockAcq] Done for hdl : 363355
03-02 10:33:57.310  1621  4246 I mtkpower_client: [PowerHal_Wrap_notifyAppState] com.miui.home/com.miui.home.launcher.Launcher pid=1999 activityId:159909721 state:0
03-02 10:33:57.310   861   861 I vendor.mediatek.hardware.mtkpower_applist-service.mediatek: packName: com.miui.home actName: com.miui.home.launcher.Launcher pid: 1999 activityId: 159909721 uid: 10166 state: 0
03-02 10:33:57.310   861   861 I MTK_APPList: [notifyAPPstate] com.miui.home/com.miui.home.launcher.Launcher, pid=1999, activityId=159909721, uid=10166, state:PAUSED, fps:-1, win:1
03-02 10:33:57.310   861   861 I MTK_APPList: [notifyAPPstate] multi_resumed_app_count: 1
03-02 10:33:57.310   861   861 I MTK_APPList: [notifyAPPstate] multi_resumed_app_info[0] com.android.systemui/com.android.systemui._190038181, pid:2363, activityId:-1, fps:-1, isMultiWindow:0
03-02 10:33:57.310   861   861 I MTK_APPList: [getForegroundAPPCount] 1
03-02 10:33:57.310   861   861 I MTK_APPList: [notifyNetdUID] 10166
03-02 10:33:57.311  1621  4246 I PowerHalWrapper: amsBoostNotify AMS_BOOST_PROCESS_CREATE_BOOST:false 
03-02 10:33:57.311   861   861 I MTK_APPList: [notifyPID] 1999
03-02 10:33:57.312  1621  4246 I ActivityTaskManager: Add Task{bfb01d8 #37024 type=standard A=10337:com.softnation.Ojam} to hidden list because adding Task{c2800f4 #37025 type=standard A=10337:com.softnation.Ojam}
03-02 10:33:57.312   863   958 I libPowerHal: [perfSetSysInfo] pid type:24, 1999
03-02 10:33:57.312  1621  4246 D WindowManager: Collecting in transition 10144: ActivityRecord{2b822eb u0 com.softnation.Ojam/.MainActivity t37025} init visibleRequested:false
03-02 10:33:57.313  1621  4246 I ActivityTaskManager: START u0 {flg=0x10000000 cmp=com.softnation.Ojam/.MainActivity} with LAUNCH_SINGLE_TASK from uid 2000 from pid 29541 callingPackage com.android.shell (BAL_ALLOW_PERMISSION) result code=0
03-02 10:33:57.313   921  1587 D SurfaceFlinger: [SF client] NEW(0xb400007caea19a50) for (2363:com.android.systemui)
03-02 10:33:57.314  1621  1638 D WindowManager: Finish Transition (#10143): created at 03-02 10:33:56.439 collect-started=0.115ms request-sent=0.439ms started=28.055ms ready=28.02ms sent=258.309ms finished=874.217ms
03-02 10:33:57.315  1621  4238 W ActivityManager: pid 1621 system sent binder code 7 with flags 1 to frozen apps and got error -32
03-02 10:33:57.316  1999  2756 D TaskStackChangeListeners: onTaskDescriptionChanged =  taskId = 37025
03-02 10:33:57.317  2363  2363 I FocusedNotifPromptContr: onTopActivityMayChanged: isSupportPip false, isFocus false
03-02 10:33:57.317  2363  2363 I FocusedNotifPromptContr: onTopActivityMayChanged: topActivity=com.softnation.Ojam
03-02 10:33:57.317  2363  2363 I PromptViewAnimState: topActivityMayChanged: topActivity=com.miui.home --> com.softnation.Ojam
03-02 10:33:57.318  2363  2577 D MiuiCameraCoveredManager: java.lang.NullPointerException: Attempt to invoke virtual method 'java.lang.String android.provider.MiuiSettings$SettingsCloudData$CloudData.getString(java.lang.String, java.lang.String)' on a null object reference
03-02 10:33:57.318  2363  2363 D KeyguardEditorHelper: onTopActivityMayChanged, topActivity=ComponentInfo{com.softnation.Ojam/com.softnation.Ojam.MainActivity}; mState=IDEL
03-02 10:33:57.319  2363  2648 W libc    : Access denied finding property "ro.vendor.display.iris_x7.support"
03-02 10:33:57.320  2363  2577 D VRI[Ojam]: hardware acceleration = true, forceHwAccelerated = false
03-02 10:33:57.320  1621  4238 W WindowManager: Exception thrown during dispatchAppVisibility Window{5323d55 u0 com.softnation.Ojam/com.softnation.Ojam.MainActivity EXITING}
03-02 10:33:57.320  1621  4238 W WindowManager: android.os.DeadObjectException
03-02 10:33:57.320  1621  4238 W WindowManager: 	at android.os.BinderProxy.transactNative(Native Method)
03-02 10:33:57.320  1621  4238 W WindowManager: 	at android.os.BinderProxy.transact(BinderProxy.java:682)
03-02 10:33:57.320  1621  4238 W WindowManager: 	at android.view.IWindow$Stub$Proxy.dispatchAppVisibility(IWindow.java:655)
03-02 10:33:57.320  1621  4238 W WindowManager: 	at com.android.server.wm.WindowState.sendAppVisibilityToClients(WindowState.java:3529)
03-02 10:33:57.320  1621  4238 W WindowManager: 	at com.android.server.wm.WindowContainer.sendAppVisibilityToClients(WindowContainer.java:1387)
03-02 10:33:57.320  1621  4238 W WindowManager: 	at com.android.server.wm.WindowToken.setClientVisible(WindowToken.java:423)
03-02 10:33:57.320  1621  4238 W WindowManager: 	at com.android.server.wm.ActivityRecord.setClientVisible(ActivityRecord.java:8426)
03-02 10:33:57.320  1621  4238 W WindowManager: 	at com.android.server.wm.ActivityRecord.postApplyAnimation(ActivityRecord.java:6989)
03-02 10:33:57.320  1621  4238 W WindowManager: 	at com.android.server.wm.ActivityRecord.commitVisibility(ActivityRecord.java:6931)
03-02 10:33:57.320  1621  4238 W WindowManager: 	at com.android.server.wm.Transition.finishTransition(Transition.java:1589)
03-02 10:33:57.320  1621  4238 W WindowManager: 	at com.android.server.wm.TransitionController.finishTransition(TransitionController.java:1153)
03-02 10:33:57.320  1621  4238 W WindowManager: 	at com.android.server.wm.WindowOrganizerController.finishTransition(WindowOrganizerController.java:578)
03-02 10:33:57.320  1621  4238 W WindowManager: 	at android.window.IWindowOrganizerController$Stub.onTransact(IWindowOrganizerController.java:324)
03-02 10:33:57.320  1621  4238 W WindowManager: 	at com.android.server.wm.WindowOrganizerController.onTransact(WindowOrganizerController.java:234)
03-02 10:33:57.320  1621  4238 W WindowManager: 	at android.os.Binder.execTransactInternal(Binder.java:1507)
03-02 10:33:57.320  1621  4238 W WindowManager: 	at android.os.Binder.execTransact(Binder.java:1451)
03-02 10:33:57.321  1621  4238 W Process : Unable to open /proc/22236/status
03-02 10:33:57.321  1621  4238 I Transition: finishTransition: updateLastSurfacePosition tf=Task{27e6aff #2 type=home I=com.miui.home/.launcher.Launcher}
03-02 10:33:57.321  1621  4238 I Transition: finishTransition: updateLastSurfacePosition tf=Task{bfb01d8 #37024 type=standard A=10337:com.softnation.Ojam}
03-02 10:33:57.321  1621  4238 I Transition: finishTransition: updateLastSurfacePosition tf=Task{d151cdd #1 type=home}
03-02 10:33:57.321 29508 29508 D TaskSortUtil: task analyse cost makeTime 0
03-02 10:33:57.321 29508 29508 D TaskSortUtil: DebugTask
03-02 10:33:57.321 29508 29508 D TaskSortUtil: GAIDTask
03-02 10:33:57.321 29508 29508 D TaskSortUtil: OperatorTask
03-02 10:33:57.321 29508 29508 D TaskSortUtil: ArouterTask
03-02 10:33:57.321 29508 29508 D TaskSortUtil: ChangeAliasTask
03-02 10:33:57.322  1621  4238 D MiuiRefreshRatePolicy: reset
03-02 10:33:57.322 29508 29508 I MiPicks-OperatorTask: init
03-02 10:33:57.323  1621  4238 I PowerManagerServiceImpl: Release wakelock: SCREEN_BRIGHT_WAKE_LOCK           'WindowManager/displayId:0' ON_AFTER_RELEASE DISABLED ACQ=-28s463ms (uid=1000 pid=1621 pkg=android ws=WorkSource{10337 com.softnation.Ojam})
03-02 10:33:57.324  1621  4238 D WindowManager: Collecting in transition 10144: ActivityRecord{328e14a u0 com.softnation.Ojam/.MainActivity t37024 f}} init visibleRequested:false
03-02 10:33:57.326  1621  4238 D WindowManager: setParent old=ActivityRecord{328e14a u0 com.softnation.Ojam/.MainActivity t37024 f} isExiting},new=null,this window=Window{5323d55 u0 com.softnation.Ojam/com.softnation.Ojam.MainActivity EXITING},callers=com.android.server.wm.WindowContainer.removeChild:897 com.android.server.wm.ActivityRecord.removeChild:5518 com.android.server.wm.ActivityRecord.removeChild:505 com.android.server.wm.WindowContainer.removeImmediately:967 com.android.server.wm.WindowState.removeImmediately:2526 com.android.server.wm.WindowContainer.removeImmediately:931 
03-02 10:33:57.328  1621  4238 D MiuiRefreshRatePolicy: reset
03-02 10:33:57.329 29508 29508 E MiPicks-PrefUtils: Unknown sharedpreferences file name firebase_config
03-02 10:33:57.330  1621  4238 D WindowManager: setParent old=Task{bfb01d8 #37024 type=standard A=10337:com.softnation.Ojam},new=null,this window=ActivityRecord{328e14a u0 com.softnation.Ojam/.MainActivity t37024 f} isExiting},callers=com.android.server.wm.WindowContainer.removeChild:897 com.android.server.wm.TaskFragment.removeChild:3337 com.android.server.wm.Task.removeChild:1929 com.android.server.wm.Task.removeChild:1908 com.android.server.wm.WindowContainer.removeImmediately:967 com.android.server.wm.WindowToken.removeImmediately:374 
03-02 10:33:57.330 29508 29508 I MMKV    : <MemoryFile.cpp:97::open> open fd[0x8c], /data/user/0/com.xiaomi.mipicks/files/mmkv/firebase_config
03-02 10:33:57.330 29508 29508 I MMKV    : <MemoryFile.cpp:97::open> open fd[0x8d], /data/user/0/com.xiaomi.mipicks/files/mmkv/firebase_config.crc
03-02 10:33:57.331   921  1587 I BufferQueueDebug: [Task=37024#133284](this:0xb400007bcecd08d8,id:-1,api:0,p:-1,c:-1) BufferQueue core=(921:/system/bin/surfaceflinger)
03-02 10:33:57.331 29508 29508 I MMKV    : <MMKV_IO.cpp:81::loadFromFile> loading [firebase_config] with 2822 actual size, file size 4096, InterProcess 1, meta info version:3
03-02 10:33:57.331 29508 29508 I MMKV    : <MMKV_IO.cpp:86::loadFromFile> loading [firebase_config] with crc 2546752734 sequence 115 version 3
03-02 10:33:57.332 29508 29508 I MMKV    : <MMKV_IO.cpp:130::loadFromFile> loaded [firebase_config] with 38 key-values
03-02 10:33:57.332  1621  4238 D WindowManager: setParent old=DefaultTaskDisplayArea@262819365,new=null,this window=Task{bfb01d8 #37024 type=standard A=10337:com.softnation.Ojam},callers=com.android.server.wm.WindowContainer.removeChild:897 com.android.server.wm.TaskDisplayArea.removeChildTask:360 com.android.server.wm.TaskDisplayArea.removeChild:351 com.android.server.wm.WindowContainer.removeImmediately:967 com.android.server.wm.TaskFragment.removeImmediately:3417 com.android.server.wm.Task.removeImmediately:3408 
03-02 10:33:57.332  1621  4238 D MiuiMultiWindowUtils: DeviceLevel.IS_MIUI_LITE_VERSION 2.0 not support miui multiWindowtides
03-02 10:33:57.332  1621  4238 D MiuiMultiWindowUtils: DeviceLevel.IS_MIUI_LITE_VERSION 2.0 not support miui multiWindowtides
03-02 10:33:57.332 29508 29508 E MiPicks-ModuleInterceptor: current operator:default
03-02 10:33:57.332 29508 29508 E MiPicks-OperatorTask: initMiSdk
03-02 10:33:57.332 29508 29508 D TaskSortUtil: task analyse cost makeTime 0
03-02 10:33:57.332 29508 29508 D TaskSortUtil: UiConfigTask
03-02 10:33:57.332 29508 29508 D TaskSortUtil: PatchTask
03-02 10:33:57.332 29508 29508 D TaskSortUtil: CloudConfigTask
03-02 10:33:57.332 29508 29508 D TaskSortUtil: MiBusinessTask
03-02 10:33:57.332 29508 29508 D TaskSortUtil: DownloadInstallTask
03-02 10:33:57.332 29508 29508 D TaskSortUtil: ActivityMonitorTask
03-02 10:33:57.333   921  1587 W VsyncModulator: setTransactionSchedule: Unexpected EarlyEnd
03-02 10:33:57.333  2363  2477 I RemoteTransitionHandlerStubImpl: invokeAndRemoveWctCB transition: android.os.BinderProxy@356f5ab, wctCB: android.window.IWindowContainerTransactionCallback$Stub$Proxy@3acb11
03-02 10:33:57.333  1999 27254 D TransitionCallback: Transitions all anim call WindowOrganizer.finishTransition end
03-02 10:33:57.333  1999 27254 I TransitionCallback: checkCallbackSync, size = 1
03-02 10:33:57.333  1999 27254 I WindowElement: b09be82 onFinishCompleted mDisableStateManagerListener = false
03-02 10:33:57.333  1621  1651 I ActivityTaskManager: visible for Task{27e6aff #2 type=home I=com.miui.home/.launcher.Launcher} visible = true isAnimating = false TRANSITION = false PARENTS = false CHILDREN = false
03-02 10:33:57.333  1621  1651 I ActivityTaskManager: visible for Task{d151cdd #1 type=home} visible = true isAnimating = false TRANSITION = false PARENTS = false CHILDREN = false
03-02 10:33:57.333 29508 29508 I MiPicks-UiConfigTask: UiConfigTask init
03-02 10:33:57.334 29508 29508 D AutoDensity: autodensity debugEnable = 
03-02 10:33:57.335  2363  2477 I SoScStageCoordinator: Transition requested:TransitionRequestInfo { type = OPEN, triggerTask = TaskInfo{userId=0 taskId=37025 displayId=0 isRunning=true baseIntent=Intent { flg=0x10000000 cmp=com.softnation.Ojam/.MainActivity } baseActivity=ComponentInfo{com.softnation.Ojam/com.softnation.Ojam.MainActivity} topActivity=ComponentInfo{com.softnation.Ojam/com.softnation.Ojam.MainActivity} origActivity=null realActivity=ComponentInfo{com.softnation.Ojam/com.softnation.Ojam.MainActivity} numActivities=1 lastActiveTime=1026996731 supportsSplitScreenMultiWindow=true supportsMultiWindow=true resizeMode=1 isResizeable=true minWidth=-1 minHeight=-1 defaultMinSize=200 token=WCT{android.window.IWindowContainerToken$Stub$Proxy@52edd50} topActivityType=1 pictureInPictureParams=null shouldDockBigOverlays=false launchIntoPipHostTaskId=-1 lastParentTaskIdBeforePip=-1 displayCutoutSafeInsets=Rect(0, 104 - 0, 0) topActivityInfo=ActivityInfo{842cb49 com.softnation.Ojam.MainActivity} launchCookies=[] positionInParent=Point(0, 0) parentTaskId=-1 isFocused=false isVisible=false isVisibleRequested=false isSleeping=false locusId=null displayAreaFeatureId=1 isTopActivityTransparent=false appCompatTaskInfo=AppCompatTaskInfo { topActivityInSizeCompat=false topActivityEligibleForLetterboxEducation= falseisLetterboxEducationEnabled= false isLetterboxDoubleTapEnabled= false topActivityEligibleForUserAspectRatioButton= false topActivityBoundsLetterboxed= false isFromLetterboxDoubleTap= false topActivityLetterboxVerticalPosition= -1 topActivityLetterboxHorizontalPosition= -1 topActivityLetterboxWidth=1080 topActivityLetterboxHeight=2460 isUserFullscreenOverrideEnabled=false isSystemFullscreenOverrideEnabled=false cameraCompatTaskInfo=CameraCompatTaskInfo { cameraCompatControlState=hidden freeformCameraCompatMode=inactive}} isImmersive=false mTopActivityRequestOrientation=-2 mBehindAppLockPkg=null mOriginatingUid=0 isEmbedded=false shouldBeVisible=true mIsCastMode=false mTopActivityMediaSize=null mTopActivityRecordName=ActivityRecord{2b822eb u0 com.softnation.Ojam/.MainActivity t37025} mTopActivityOrientation=-2}, pipTask = null, remoteTransition = null, displayChange = null, flags = 0, debugId = 10144 } isSoScActive:false triggerTask:TaskInfo{userId=0 taskId=37025 displayId=0 isRunning=true baseIntent=Intent { flg=0x10000000 cmp=com.softnation.Ojam/.MainActivity } baseActivity=ComponentInfo{com.softnation.Ojam/com.softnation.Ojam.MainActivity} topActivity=ComponentInfo{com.softnation.Ojam/com.softnation.Ojam.MainActivity} origActivity=null realActivity=ComponentInfo{com.softnation.Ojam/com.softnation.Ojam.MainActivity} numActivities=1 lastActiveTime=1026996731 supportsSplitScreenMultiWindow=true supportsMultiWindow=true resizeMode=1 isResizeable=true minWidth=-1 minHeight=-1 defaultMinSize=200 token=WCT{android.window.IWindowContainerToken$Stub$Proxy@52edd50} topActivityType=1 pictureInPictureParams=null shouldDockBigOverlays=false launchIntoPipHostTaskId=-1 lastParentTaskIdBeforePip=-1 displayCutoutSafeInsets=Rect(0, 104 - 0, 0) topActivityInfo=ActivityInfo{842cb49 com.softnation.Ojam.MainActivity} launchCookies=[] positionInParent=Point(0, 0) parentTaskId=-1 isFocused=false isVisible=false isVisibleRequested=false isSleeping=false locusId=null displayAreaFeatureId=1 isTopActivityTransparent=false appCompatTaskInfo=AppCompatTaskInfo { topActivityInSizeCompat=false topActivityEligibleForLetterboxEducation= falseisLetterboxEducationEnabled= false isLetterboxDoubleTapEnabled= false topActivityEligibleForUserAspectRatioButton= false topActivityBoundsLetterboxed= false isFromLetterboxDoubleTap= false topActivityLetterboxVerticalPosition= -1 topActivityLetterboxHorizontalPosition= -1 topActivityLetterboxWidth=1080 topActivityLetterboxHeight=2460 isUserFullscreenOverrideEnabled=false isSystemFullscreenOverrideEnabled=false cameraCompatTaskInfo=CameraCompatTaskInfo { cameraCompatControlState=hidden freeformCameraCompatMode=inactive}} isImmersive=false mTopActivityRequestOrientation=-2 mBehindAppLockPkg=null mOriginatingUid=0 isEmbed
03-02 10:33:57.335  2363  2477 I SoScUtils: monitorTransitionRequest mRequestOpenTransition:null mRequestOpenTriggerTask:-1 mRequestCloseTransition:null mRequestCloseTriggerTask:-1 mRequestCloseStageType:-1
03-02 10:33:57.335  1621  1651 W ActivityTaskManager: Can't find TaskDisplayArea to determine support for multi window. Task id=37024 attached=false
03-02 10:33:57.335 29508 29547 I MiPicks-LocalAppManager: load local apps from system : begin
03-02 10:33:57.336 29508 29547 I MiPicks-PkgUtils: getSignature: using flags,134217728
03-02 10:33:57.336  1621  1650 V GrammaticalInflectionUtils: AttributionSource: android.content.AttributionSource@19923ceb does not have READ_SYSTEM_GRAMMATICAL_GENDER permission.
03-02 10:33:57.337   921  1587 I BufferQueueDebug: [859e2b6 Splash Screen com.softnation.Ojam#133285](this:0xb400007bcecc8028,id:-1,api:0,p:-1,c:-1) BufferQueue core=(921:/system/bin/surfaceflinger)
03-02 10:33:57.338  1621  2192 D PreStartingManager: Not init when use PreStartingManager!
03-02 10:33:57.338  1621  2192 I WindowManager: Add startingWindow, surfaceControl = Surface(name=859e2b6 Splash Screen com.softnation.Ojam#133285)/@0x197442 layerId = 133285
03-02 10:33:57.340  1621  1729 D WindowManager: Set transition=TransitionRecord{cfe263a id=10144 type=OPEN flags=0x0}, ready=false, SyncId=10144 used=true, override=false, defer=0, states=Display{#0 state=ON size=1080x2460 ROTATION_0}:false
03-02 10:33:57.340  1621  4431 W UserManagerService: Requested status bar icon for non-badged user 0
03-02 10:33:57.340  2363  2477 D OneHandedController: stopOneHanded state is 0
03-02 10:33:57.341  2363  2477 D OneHandedController: stopOneHanded state is 0
03-02 10:33:57.341  2363  2477 I MultiTaskingTaskRepository: no MULTI_WINDOW, but base activity is null
03-02 10:33:57.341  2363  2577 D InputEventReceiver: Input log is disabled in InputEventReceiver.
03-02 10:33:57.341  1999 27254 D EventBus: No subscribers registered for event class com.miui.home.recents.messages.RecentTasksChangedEvent
03-02 10:33:57.341  1999 27254 D EventBus: No subscribers registered for event class org.greenrobot.eventbus.NoSubscriberEvent
03-02 10:33:57.341  1999  2684 D RecentsModel: onTaskStackChangedBackground    MSG_TASK_STACK_CHANGE
03-02 10:33:57.341  1621  1651 D MiuiRefreshRatePolicy: reset
03-02 10:33:57.341  1999  2684 D RecentsModel: boostTaskStackChangedThread once, tid=2684, recentResourceLoaderTid=2525
03-02 10:33:57.342  2363  2477 D MulWinSwitchDecorViewModel: destroyWindowDecoration: taskId=37024 windowingMode=1 mWindowDecorByTaskId.size()=0 callers=com.android.wm.shell.fullscreen.FullscreenTaskListener.onTaskVanished:104 com.android.wm.shell.ShellTaskOrganizer.onTaskVanished:128 android.window.TaskOrganizer$1.lambda$onTaskVanished$6:317 android.window.TaskOrganizer$1.$r8$lambda$8ODi_1s42Z5SmyxWXsgMLDG64pA:0 android.window.TaskOrganizer$1$$ExternalSyntheticLambda0.run:0 
03-02 10:33:57.342  1999  2684 W MiBridge: Permission not granted !!
03-02 10:33:57.342  1999  2684 D Launcher.Boost: setDynamicVIPTaskIfNeeded::tid = 2684 duration = 500
03-02 10:33:57.342  2363  2477 D MulWinSwitchDecorViewModel: handleEventReceiverIfMultiWinSwitchIsUnsupported: removeEventReceiver, callers=com.android.wm.shell.multitasking.miuimultiwinswitch.miuiwindowdecor.MulWinSwitchDecorViewModel.destroyWindowDecoration:82 com.android.wm.shell.fullscreen.FullscreenTaskListener.onTaskVanished:104 com.android.wm.shell.ShellTaskOrganizer.onTaskVanished:128 android.window.TaskOrganizer$1.lambda$onTaskVanished$6:317 android.window.TaskOrganizer$1.$r8$lambda$8ODi_1s42Z5SmyxWXsgMLDG64pA:0 
03-02 10:33:57.342  2363  2477 D MultiTaskingTaskRepository: onTaskVanished: taskInfo.taskId: 37024 current mMultiTaskingTaskInfoList: { ,37024 ,37019 ,36980 ,36770 ,36289 ,5 ,4 }
03-02 10:33:57.342  2363  2477 D MultiTaskingTaskRepository: removeFullscreenTask taskId=37024
03-02 10:33:57.342  2363  2477 D MiuiFreeformModeCornerTipHandler: task#37024 onTaskVanished
03-02 10:33:57.342  2363  2477 I MiuiBubbleController: removeBubble: 37024 reason=2
03-02 10:33:57.343  2363  2477 I MultiTaskingTaskInfo: before call clearMaskControl task id = 37024, CoverLayerController = null, callers=com.android.wm.shell.multitasking.taskmanager.MultiTaskingTaskListener.onTaskVanished:148 com.android.wm.shell.ShellTaskOrganizer.onTaskVanished:141 android.window.TaskOrganizer$1.lambda$onTaskVanished$6:317 android.window.TaskOrganizer$1.$r8$lambda$8ODi_1s42Z5SmyxWXsgMLDG64pA:0 android.window.TaskOrganizer$1$$ExternalSyntheticLambda0.run:0 
03-02 10:33:57.343  2363  2477 I MultiTaskingTaskRepository: onTaskVanish multi list = [5, 4], full = [37019, 36980]
03-02 10:33:57.343  1999 27254 D EventBus: No subscribers registered for event class com.miui.home.recents.messages.RecentTasksChangedEvent
03-02 10:33:57.343  1999 27254 D EventBus: No subscribers registered for event class org.greenrobot.eventbus.NoSubscriberEvent
03-02 10:33:57.343  1621  1651 I ActivityTaskManager: visible for Task{27e6aff #2 type=home I=com.miui.home/.launcher.Launcher} visible = true isAnimating = false TRANSITION = false PARENTS = false CHILDREN = false
03-02 10:33:57.343  1999  1999 D Launcher.Lifecycle: onPause:UserHandle{0},c143874,true
03-02 10:33:57.343  1621  1651 I ActivityTaskManager: visible for Task{d151cdd #1 type=home} visible = true isAnimating = false TRANSITION = false PARENTS = false CHILDREN = false
03-02 10:33:57.343  1999  1999 D Launcher_UnlockAnimationStateMachine: onPause = IDLE
03-02 10:33:57.343  1999  1999 D Launcher_UnlockAnimationStateMachine: setState:PAUSE_WAIT
03-02 10:33:57.343  1999  4904 D SessionLifecycleClient: Sending lifecycle 2 to service
03-02 10:33:57.344  1999  1999 D LauncherAssistantCompatGoogle: onPause com.google.android.libraries.gsa.launcherclient.LauncherClient@b8351e8
03-02 10:33:57.344   921   921 I SurfaceFlinger: onHandleDestroyed: name=Task=37024#133284, layerId=133284, parentId=0
03-02 10:33:57.344   921   921 I SurfaceFlinger: onHandleDestroyed: name=830a2ec ActivityRecordInputSink com.softnation.Ojam/.MainActivity#133259, layerId=133259, parentId=0
03-02 10:33:57.344   921   921 I BpBinder: onLastStrongRef automatically unlinking death recipients: 
03-02 10:33:57.344  1999  4922 D SessionLifecycleService: Activity backgrounding at 609230893
03-02 10:33:57.344  1999  1999 D ServiceDeliveryReplaceHelper: onPause: widget to serviceDeliver isReplace false
03-02 10:33:57.345  1621  4430 D CoreBackPreview: Window{859e2b6 u0 Splash Screen com.softnation.Ojam}: Setting back callback OnBackInvokedCallbackInfo{mCallback=android.window.IOnBackInvokedCallback$Stub$Proxy@e4e928e, mPriority=0, mIsAnimationCallback=false}
03-02 10:33:57.345  1621  1650 I PowerHalWrapper: amsBoostProcessCreate package:com.softnation.Ojam 
03-02 10:33:57.346   921  1587 I BufferQueueDebug: [Splash Screen com.softnation.Ojam#133286](this:0xb400007bcecb13a8,id:-1,api:0,p:-1,c:-1) BufferQueue core=(921:/system/bin/surfaceflinger)
03-02 10:33:57.346   863   958 I libPowerHal: [perfLockAcq] idx:3 hdl:363356 hint:21 pid:863 tid:863 duration:10000 lock_user:vendor.mediatek => ret_hdl:363356
03-02 10:33:57.347   863   958 I libPowerHal: [PE] MTKPOWER_HINT_PROCESS_CREATE update cmd:2024000, param:100, pr:3
03-02 10:33:57.347   863   958 I libPowerHal: [set_kswapd_affinity] set affinity = 16129
03-02 10:33:57.347   863   958 I libPowerHal: [PE] MTKPOWER_HINT_PROCESS_CREATE update ONESHOT(set) cmd:10000700 param:16129 pr:3
03-02 10:33:57.347   863   958 I libPowerHal: [perfLockAcq] Done for hdl : 363356
03-02 10:33:57.349  1621  4764 D CompatChangeReporter: Compat change id reported: 319471980; UID 10217; state: ENABLED
03-02 10:33:57.350  1621  2740 W UserManagerService: Requested status bar icon for non-badged user 0
03-02 10:33:57.352  1999  2756 D EventBus: No subscribers registered for event class com.miui.home.recents.messages.RecentTasksChangedEvent
03-02 10:33:57.352  1999  2756 D EventBus: No subscribers registered for event class org.greenrobot.eventbus.NoSubscriberEvent
03-02 10:33:57.352  1999  2756 D EventBus: No subscribers registered for event class com.miui.home.recents.messages.RecentTasksChangedEvent
03-02 10:33:57.353  1999  2756 D EventBus: No subscribers registered for event class org.greenrobot.eventbus.NoSubscriberEvent
03-02 10:33:57.353  1621  4426 D MiuiRefreshRatePolicy: reset
03-02 10:33:57.357  2363  2577 D BufferQueueConsumer: [](id:93b00001ac9,api:0,p:-1,c:2363) connect: controlledByApp=false
03-02 10:33:57.358  2363  2577 D BLASTBufferQueue: [VRI[Ojam]#5812](f:0,a:0) constructor()
03-02 10:33:57.358  2363  2577 D BLASTBufferQueue: [VRI[Ojam]#5812](f:0,a:0) update width=1080 height=2460 format=-3 mTransformHint=0
03-02 10:33:57.358  1621  2194 I AppsFilter: interaction: PackageSetting{131896e com.android.microdroid.empty_payload/10255} -> PackageSetting{8264c23 com.softnation.Ojam/10337} BLOCKED
03-02 10:33:57.359   921   921 I BufferQueueDebug: [830a2ec ActivityRecordInputSink com.softnation.Ojam/.MainActivity#133259](this:0xb400007bcec58f38,id:-1,api:0,p:-1,c:921) onDestructor()
03-02 10:33:57.359   921   921 I BufferQueueDebug: [Task=37024#133284](this:0xb400007bcecd08d8,id:-1,api:0,p:-1,c:921) onDestructor()
03-02 10:33:57.360  1621  1667 I ActivityManager: Start proc 23522:com.softnation.Ojam/u0a337 for next-top-activity {com.softnation.Ojam/com.softnation.Ojam.MainActivity} caller=com.android.shell
03-02 10:33:57.360  2363  2577 D VRI[Ojam]: vri.reportNextDraw android.view.ViewRootImpl.performTraversals:4984 android.view.ViewRootImpl.doTraversal:3564 android.view.ViewRootImpl$TraversalRunnable.run:11781 android.view.Choreographer$CallbackRecord.run:1804 android.view.Choreographer$CallbackRecord.run:1813 
03-02 10:33:57.360  1621  2194 D WindowManager: Collecting in transition 10144: ActivityRecord{2b822eb u0 com.softnation.Ojam/.MainActivity t37025} init visibleRequested:false
03-02 10:33:57.360  2363  2577 D VRI[Ojam]: Setup new sync=wmsSync-VRI[Ojam]#64
03-02 10:33:57.361  1621  2194 D WindowManager: Collecting in transition 10144: ActivityRecord{9880759 u0 com.miui.home/.launcher.Launcher t2} init visibleRequested:true
03-02 10:33:57.361  1621  2194 D WindowManager: Collecting in transition 10144: Window{7986e4c u0 com.miui.miwallpaper.wallpaperservice.MiuiKeyguardPictorialWallpaper} init visibleRequested:true
03-02 10:33:57.362  1621  2194 D WindowManager: Collecting in transition 10144: Window{92602d4 u0 com.miui.miwallpaper.wallpaperservice.ImageWallpaper} init visibleRequested:true
03-02 10:33:57.364  1621  2194 D MiuiRefreshRatePolicy: reset
03-02 10:33:57.364  2363  2648 D HWUI    : makeCurrent grContext:0xb4000079f1a172d0 reset mTextureAvailable
03-02 10:33:57.364 29508 29546 D CompatChangeReporter: Compat change id reported: 312399441; UID 10217; state: ENABLED
03-02 10:33:57.367  1999  1999 E RotationHelper: setCurrentTransitionRequest: request=0
03-02 10:33:57.367  1999  1999 D HomeLayerElement: releaseHomeLeash com.android.systemui.shared.recents.system.SurfaceControlCompat@3793e2e
03-02 10:33:57.367  1999  1999 D HomeLayerElement: java.lang.Exception
03-02 10:33:57.367  1999  1999 D HomeLayerElement: 	at com.miui.home.recents.anim.HomeLayerElement.releaseHomeLeash(HomeLayerElement.kt:93)
03-02 10:33:57.367  1999  1999 D HomeLayerElement: 	at com.miui.home.recents.anim.WindowElement.onFinishCompleted$lambda-17(WindowElement.kt:1218)
03-02 10:33:57.367  1999  1999 D HomeLayerElement: 	at com.miui.home.recents.anim.WindowElement.$r8$lambda$9rzf3fTArGCTg2V355uRTOGSaa0(Unknown Source:0)
03-02 10:33:57.367  1999  1999 D HomeLayerElement: 	at com.miui.home.recents.anim.WindowElement$$ExternalSyntheticLambda2.run(Unknown Source:2)
03-02 10:33:57.367  1999  1999 D HomeLayerElement: 	at android.os.Handler.handleCallback(Handler.java:959)
03-02 10:33:57.367  1999  1999 D HomeLayerElement: 	at android.os.Handler.dispatchMessage(Handler.java:100)
03-02 10:33:57.367  1999  1999 D HomeLayerElement: 	at android.os.Looper.loopOnce(Looper.java:249)
03-02 10:33:57.367  1999  1999 D HomeLayerElement: 	at android.os.Looper.loop(Looper.java:337)
03-02 10:33:57.367  1999  1999 D HomeLayerElement: 	at android.app.ActivityThread.main(ActivityThread.java:9500)
03-02 10:33:57.367  1999  1999 D HomeLayerElement: 	at java.lang.reflect.Method.invoke(Native Method)
03-02 10:33:57.367  1999  1999 D HomeLayerElement: 	at com.android.internal.os.RuntimeInit$MethodAndArgsCaller.run(RuntimeInit.java:636)
03-02 10:33:57.367  1999  1999 D HomeLayerElement: 	at com.android.internal.os.ZygoteInit.main(ZygoteInit.java:1005)
03-02 10:33:57.367  1999  1999 I AnimStateManager: onAnimationEnd animSymbols(com.miui.home.recents.util.RectFSpringAnim@9ee3faf com.miui.home.recents.util.RectFSpringAnim@9ee3faf)
03-02 10:33:57.367  1999  1999 I AnimStateManager: go to state com.miui.home.recents.anim.StateManager$IdleState@75a357d
03-02 10:33:57.368  1621  1729 I ATMSImpl: cacheTasksForDefaultDisplay size=4
03-02 10:33:57.370  1621  2740 W ParceledListSlice: Element #15 is 24504 bytes.
03-02 10:33:57.370  1999  2684 D RecentsModel: getRunningTask ignoreActivityType : 2 ,ignoreWindowMode:5
03-02 10:33:57.371  1999  2684 W RecentsModel: getRunningTask   taskInfo=TaskInfo{userId=0 taskId=37025 displayId=0 isRunning=true baseIntent=Intent { flg=0x10000000 cmp=com.softnation.Ojam/.MainActivity } baseActivity=ComponentInfo{com.softnation.Ojam/com.softnation.Ojam.MainActivity} topActivity=ComponentInfo{com.softnation.Ojam/com.softnation.Ojam.MainActivity} origActivity=null realActivity=ComponentInfo{com.softnation.Ojam/com.softnation.Ojam.MainActivity} numActivities=1 lastActiveTime=1026996789 supportsSplitScreenMultiWindow=true supportsMultiWindow=true resizeMode=1 isResizeable=true minWidth=-1 minHeight=-1 defaultMinSize=200 token=WCT{android.window.IWindowContainerToken$Stub$Proxy@3920025} topActivityType=1 pictureInPictureParams=null shouldDockBigOverlays=false launchIntoPipHostTaskId=-1 lastParentTaskIdBeforePip=-1 displayCutoutSafeInsets=null topActivityInfo=ActivityInfo{2d385fa com.softnation.Ojam.MainActivity} launchCookies=[] positionInParent=Point(0, 0) parentTaskId=-1 isFocused=false isVisible=false isVisibleRequested=true isSleeping=false locusId=null displayAreaFeatureId=1 isTopActivityTransparent=false appCompatTaskInfo=AppCompatTaskInfo { topActivityInSizeCompat=false topActivityEligibleForLetterboxEducation= falseisLetterboxEducationEnabled= false isLetterboxDoubleTapEnabled= false topActivityEligibleForUserAspectRatioButton= false topActivityBoundsLetterboxed= false isFromLetterboxDoubleTap= false topActivityLetterboxVerticalPosition= -1 topActivityLetterboxHorizontalPosition= -1 topActivityLetterboxWidth=1080 topActivityLetterboxHeight=2460 isUserFullscreenOverrideEnabled=false isSystemFullscreenOverrideEnabled=false cameraCompatTaskInfo=CameraCompatTaskInfo { cameraCompatControlState=hidden freeformCameraCompatMode=inactive}} isImmersive=false mTopActivityRequestOrientation=1 mBehindAppLockPkg=null mOriginatingUid=0 isEmbedded=false shouldBeVisible=true mIsCastMode=false mTopActivityMediaSize=null mTopActivityRecordName=ActivityRecord{2b822eb u0 com.softnation.Ojam/.MainActivity t37025} mTopActivityOrientation=1}
03-02 10:33:57.371  1999  2684 D RecentsModel: preloadRecents runningTaskId:37025, mCurrentRunningTaskId:-1, mRecentsTaskLoadPlan=com.android.systemui.shared.recents.model.RecentsTaskLoadPlan@3e67ab
03-02 10:33:57.372  1621  1636 I ATMSImpl: cacheTasksForDefaultDisplay size=4
03-02 10:33:57.373  1999  2684 E ActivityManagerWrapper: get all recent tasks force including 37025
03-02 10:33:57.374  1621  1651 D WindowManager: wms.Focus not requested for window=Window{d85ca12 u0 com.miui.home/com.miui.home.launcher.Launcher} because it has no surface or is not focusable.
03-02 10:33:57.375 23522 23522 E Zygote  : process_name_ptr:23522 com.softnation.Ojam
03-02 10:33:57.375  2363  2648 D BLASTBufferQueue: [VRI[Ojam]#5812](f:0,a:1) acquireNextBufferLocked size=1080x2460 mFrameNumber=1 applyTransaction=true mTimestamp=609230922731311(auto) mPendingTransactions.size=0 graphicBufferId=10149007875353 transform=0
03-02 10:33:57.377 23522 23522 E Zygote  : SetMemoryProtected process_name_ptr:23522 com.softnation.Ojam
03-02 10:33:57.377  1621  1651 I ActivityTaskManager: visible for Task{27e6aff #2 type=home I=com.miui.home/.launcher.Launcher} visible = true isAnimating = false TRANSITION = false PARENTS = false CHILDREN = false
03-02 10:33:57.378  1621  1651 I ActivityTaskManager: visible for Task{d151cdd #1 type=home} visible = true isAnimating = false TRANSITION = false PARENTS = false CHILDREN = false
03-02 10:33:57.378  2363  2577 D VRI[Ojam]: vri.reportDrawFinished
03-02 10:33:57.378 29508 29546 I MiPicks-WebResourceManager: some Tabs are invalid.
03-02 10:33:57.379 29508 29544 I DeviceLevelUtils: platform∩╝Ümt6768
03-02 10:33:57.380 29508 29544 I MiSpeedRecord: Connecting to PerfShielder service.
03-02 10:33:57.380  1621  1729 W ParceledListSlice: Element #27 is 16724 bytes.
03-02 10:33:57.387  1621  1651 D MiuiRefreshRatePolicy: reset
03-02 10:33:57.389  1621  1651 D PreStartingManager: Not init when use PreStartingManager!
03-02 10:33:57.389  1621  1842 I MiuiNetworkPolicy: updateUidState uid = 10337, uidState = 19
03-02 10:33:57.390  1621  1651 D WindowManager: Set transition=TransitionRecord{cfe263a id=10144 type=OPEN flags=0x0}, ready=true, SyncId=10144 
03-02 10:33:57.390 29508 29508 D AutoDensity: 	getAccessibilityDpi Exception: android.provider.Settings$SettingNotFoundException: display_density_forced
03-02 10:33:57.392  1999  2684 E ActivityManagerWrapper: getRecentTasksForceIncludingTaskIdIfValid: getRecentTasks: size=3
03-02 10:33:57.392  1999  2684 E ActivityManagerWrapper:  mainTaskId=37025   userId=0   windowMode=1   baseIntent=Intent { act=null flag=268435456 cmp=ComponentInfo{com.softnation.Ojam/com.softnation.Ojam.MainActivity} }
03-02 10:33:57.392  1999  2684 E ActivityManagerWrapper:  mainTaskId=37019   userId=0   windowMode=1   baseIntent=Intent { act=null flag=268435456 cmp=ComponentInfo{com.whatsapp/com.whatsapp.home.ui.HomeActivity} }
03-02 10:33:57.392  1999  2684 E ActivityManagerWrapper:  mainTaskId=36980   userId=0   windowMode=1   baseIntent=Intent { act=android.intent.action.MAIN flag=270532608 cmp=ComponentInfo{com.twitter.android/com.twitter.android.StartActivity} }
03-02 10:33:57.394  1621  1651 I SmartPower: com.softnation.Ojam/10337(0): died->visible(972ms) R(become visible) adj=-10000.
03-02 10:33:57.394  1621  1651 I WindowManager: wms.showSurfaceRobustly mWin:Window{859e2b6 u0 Splash Screen com.softnation.Ojam}
03-02 10:33:57.395  1621  1651 D WindowManager: Final targets: [Task{c2800f4 #37025 type=standard A=10337:com.softnation.Ojam}, Task{d151cdd #1 type=home}]
03-02 10:33:57.395 23522 23522 I softnation.Ojam: Late-enabling -Xcheck:jni
03-02 10:33:57.396 29508 29545 D SessionsDependencies: Dependency to CRASHLYTICS added.
03-02 10:33:57.397   921  1170 I BufferQueueDebug: [Transition Root #10144: Task=37025#133287](this:0xb400007bceca8af8,id:-1,api:0,p:-1,c:-1) BufferQueue core=(921:/system/bin/surfaceflinger)
03-02 10:33:57.401 29508 29545 I FirebaseApp: Device unlocked: initializing all Firebase APIs for app [DEFAULT]
03-02 10:33:57.403  1999  1999 D Launcher.Lifecycle: onWindowFocusChanged:false,UserHandle{0},c143874,true
03-02 10:33:57.413  1621  1651 D MiuiRefreshRatePolicy: reset
03-02 10:33:57.415  2363  2477 I MultiTaskingTaskRepository: needSkip: is home task
03-02 10:33:57.415  2363  2477 W MultiTaskingTaskRepository: onToBackTransitionReady putOrUpdateTaskInfo skip
03-02 10:33:57.415  2363  2477 D MultiTaskingTaskRepository: addOrMoveFullscreenTaskToTop taskId=37025
03-02 10:33:57.416  1999  2684 D TaskSnapshotCompatVV: getIsInvalidateFromTaskSnapshot, return, mTaskSnapshot=null, mTaskSnapshotClazz=null
03-02 10:33:57.416  2363  2477 D MultiTaskingTaskRepository: putOrUpdateTaskInfo: taskInfo.taskId: 37025 current mMultiTaskingTaskInfoList:  ,37019 ,36980 ,36770 ,36289 ,5 ,4
03-02 10:33:57.416  2363  2477 D MultiTaskingTaskRepository: java.lang.Throwable
03-02 10:33:57.416  2363  2477 D MultiTaskingTaskRepository: 	at com.android.wm.shell.multitasking.taskmanager.MultiTaskingTaskRepository.updateMultiTaskingTaskInfo(go/retraceme 5c05439c20823397c9aaa04c8ad244598257e2a7e5bd06f03af131ffaee2a4a9:82)
03-02 10:33:57.416  2363  2477 D MultiTaskingTaskRepository: 	at com.android.wm.shell.multitasking.taskmanager.MultiTaskingTaskRepository.putOrUpdateTaskInfo(go/retraceme 5c05439c20823397c9aaa04c8ad244598257e2a7e5bd06f03af131ffaee2a4a9:41)
03-02 10:33:57.416  2363  2477 D MultiTaskingTaskRepository: 	at com.android.wm.shell.multitasking.taskmanager.MultiTaskingTransitionObserver.onTransitionReady(go/retraceme 5c05439c20823397c9aaa04c8ad244598257e2a7e5bd06f03af131ffaee2a4a9:166)
03-02 10:33:57.416  2363  2477 D MultiTaskingTaskRepository: 	at com.android.wm.shell.transition.Transitions.dispatchReady(go/retraceme 5c05439c20823397c9aaa04c8ad244598257e2a7e5bd06f03af131ffaee2a4a9:169)
03-02 10:33:57.416  2363  2477 D MultiTaskingTaskRepository: 	at com.android.wm.shell.transition.Transitions.onTransitionReady(go/retraceme 5c05439c20823397c9aaa04c8ad244598257e2a7e5bd06f03af131ffaee2a4a9:248)
03-02 10:33:57.416  2363  2477 D MultiTaskingTaskRepository: 	at com.android.wm.shell.transition.Transitions$TransitionPlayerImpl$$ExternalSyntheticLambda1.run(go/retraceme 5c05439c20823397c9aaa04c8ad244598257e2a7e5bd06f03af131ffaee2a4a9:47)
03-02 10:33:57.416  2363  2477 D MultiTaskingTaskRepository: 	at android.os.Handler.handleCallback(Handler.java:959)
03-02 10:33:57.416  2363  2477 D MultiTaskingTaskRepository: 	at android.os.Handler.dispatchMessage(Handler.java:100)
03-02 10:33:57.416  2363  2477 D MultiTaskingTaskRepository: 	at android.os.Looper.loopOnce(Looper.java:249)
03-02 10:33:57.416  2363  2477 D MultiTaskingTaskRepository: 	at android.os.Looper.loop(Looper.java:337)
03-02 10:33:57.416  2363  2477 D MultiTaskingTaskRepository: 	at android.os.HandlerThread.run(HandlerThread.java:85)
03-02 10:33:57.416  1999  2684 D RecentsModel: onTaskStackChangedBackground    MSG_TASK_STACK_CHANGE
03-02 10:33:57.416  1999  2684 D RecentsModel: boostTaskStackChangedThread, don't boost
03-02 10:33:57.416  2363  2477 D MultiTaskingTaskInfo: initFolmeControl::task id = 37025, mBounds = Rect(0, 0 - 1080, 2460)
03-02 10:33:57.417  2363  2477 I ShellTransitions: Is abandon offsetY: false
03-02 10:33:57.417  2363  2477 I ShellTransitions: Is abandon offsetY: false
03-02 10:33:57.417  2363  2477 E TaskViewTransitions: Found a launching TaskView in the wrong transition. All TaskView launches should be initiated by shell and in their own transition: 37025
03-02 10:33:57.417  2363  2477 E KeyguardTransitionHandlerImpl: activityCount = 0
03-02 10:33:57.417  2363  2477 E KeyguardTransitionHandlerImpl: activityCount = 0
03-02 10:33:57.418  2363  2477 D MiuiFreeformModeAnimation: startAnimation change: {WCT{android.window.IWindowContainerToken$Stub$Proxy@8142114} m=OPEN f=NONE leash=Surface(name=Task=37025#133282)/@0x1d39a81 sb=Rect(0, 0 - 1080, 2460) eb=Rect(0, 0 - 1080, 2460) d=0 taskParent=-1} info.getType(): 1
03-02 10:33:57.418  2363  2477 D MiuiFreeformModeAnimation: startAnimation change: {WCT{android.window.IWindowContainerToken$Stub$Proxy@c1e5dbd} m=TO_BACK f=SHOW_WALLPAPER leash=Surface(name=Task=1#47)/@0xf24726 sb=Rect(0, 0 - 1080, 2460) eb=Rect(0, 0 - 1080, 2460) d=0 taskParent=-1} info.getType(): 1
03-02 10:33:57.418  2363  2477 D SoScStageCoordinator: inCloseTransition:false pairsStartedWithCloseTransition:false isRequestCloseTriggerTask:false inSingleSoScState:false inSoScUnactivie:true closeStage:null
03-02 10:33:57.420  1621  2740 I ATMSImpl: cacheTasksForDefaultDisplay size=4
03-02 10:33:57.422  1621  1651 I ActivityTaskManager: visible for Task{27e6aff #2 type=home I=com.miui.home/.launcher.Launcher} visible = true isAnimating = false TRANSITION = false PARENTS = false CHILDREN = false
03-02 10:33:57.422  1999  2684 D RecentsModel: getRunningTask ignoreActivityType : 2 ,ignoreWindowMode:5
03-02 10:33:57.422   921  1587 I BufferQueueDebug: [5bdf965 ActivityRecordInputSink com.softnation.Ojam/.MainActivity#133288](this:0xb400007bcec58f38,id:-1,api:0,p:-1,c:-1) BufferQueue core=(921:/system/bin/surfaceflinger)
03-02 10:33:57.423  1999  2684 W RecentsModel: getRunningTask   taskInfo=TaskInfo{userId=0 taskId=37025 displayId=0 isRunning=true baseIntent=Intent { flg=0x10000000 cmp=com.softnation.Ojam/.MainActivity } baseActivity=ComponentInfo{com.softnation.Ojam/com.softnation.Ojam.MainActivity} topActivity=ComponentInfo{com.softnation.Ojam/com.softnation.Ojam.MainActivity} origActivity=null realActivity=ComponentInfo{com.softnation.Ojam/com.softnation.Ojam.MainActivity} numActivities=1 lastActiveTime=1026996840 supportsSplitScreenMultiWindow=true supportsMultiWindow=true resizeMode=1 isResizeable=true minWidth=-1 minHeight=-1 defaultMinSize=200 token=WCT{android.window.IWindowContainerToken$Stub$Proxy@81fac7f} topActivityType=1 pictureInPictureParams=null shouldDockBigOverlays=false launchIntoPipHostTaskId=-1 lastParentTaskIdBeforePip=-1 displayCutoutSafeInsets=null topActivityInfo=ActivityInfo{545544c com.softnation.Ojam.MainActivity} launchCookies=[] positionInParent=Point(0, 0) parentTaskId=-1 isFocused=false isVisible=true isVisibleRequested=true isSleeping=false locusId=null displayAreaFeatureId=1 isTopActivityTransparent=false appCompatTaskInfo=AppCompatTaskInfo { topActivityInSizeCompat=false topActivityEligibleForLetterboxEducation= falseisLetterboxEducationEnabled= false isLetterboxDoubleTapEnabled= false topActivityEligibleForUserAspectRatioButton= false topActivityBoundsLetterboxed= false isFromLetterboxDoubleTap= false topActivityLetterboxVerticalPosition= -1 topActivityLetterboxHorizontalPosition= -1 topActivityLetterboxWidth=1080 topActivityLetterboxHeight=2460 isUserFullscreenOverrideEnabled=false isSystemFullscreenOverrideEnabled=false cameraCompatTaskInfo=CameraCompatTaskInfo { cameraCompatControlState=hidden freeformCameraCompatMode=inactive}} isImmersive=false mTopActivityRequestOrientation=1 mBehindAppLockPkg=null mOriginatingUid=0 isEmbedded=false shouldBeVisible=true mIsCastMode=false mTopActivityMediaSize=null mTopActivityRecordName=ActivityRecord{2b822eb u0 com.softnation.Ojam/.MainActivity t37025} mTopActivityOrientation=1}
03-02 10:33:57.423  1999  2684 D RecentsModel: preloadRecents runningTaskId:37025, mCurrentRunningTaskId:-1, mRecentsTaskLoadPlan=com.android.systemui.shared.recents.model.RecentsTaskLoadPlan@cfc3c95
03-02 10:33:57.424  1999  2684 E ActivityManagerWrapper: get all recent tasks force including 37025
03-02 10:33:57.424  2363  2477 D TransitionAnimationHelper:  load default animation  type = 1 enter = false animAttr = 19 isTask = true translucent = false
03-02 10:33:57.427  2363  2477 D TransitionAnimationHelper:  load default animation  type = 1 enter = true animAttr = 18 isTask = true translucent = false
03-02 10:33:57.431  1621  1651 D WindowManager: wms.Focus not requested for window=Window{d85ca12 u0 com.miui.home/com.miui.home.launcher.Launcher} because it has no surface or is not focusable.
03-02 10:33:57.431  2363  2477 D MulWinSwitchDecorViewModel: handleEventReceiverIfMultiWinSwitchIsUnsupported: removeEventReceiver, callers=com.android.wm.shell.multitasking.miuimultiwinswitch.miuiwindowdecor.MulWinSwitchDecorViewModel.onTaskOpening:7 com.android.wm.shell.fullscreen.FullscreenTaskListener.onTaskAppeared:97 com.android.wm.shell.ShellTaskOrganizer.onTaskAppeared:9 com.android.wm.shell.ShellTaskOrganizer.onTaskAppeared:3 android.window.TaskOrganizer$1.lambda$onTaskAppeared$5:312 
03-02 10:33:57.432  1621  2194 W UserManagerService: Requested status bar icon for non-badged user 0
03-02 10:33:57.432  2363  2477 D MultiTaskingTaskRepository: addOrMoveFullscreenTaskToTop taskId=37025
03-02 10:33:57.432  2363  2540 D ShellTransitions: speed ui!!!!!!!!!!!
03-02 10:33:57.432  1621  1651 I ActivityTaskManager: visible for Task{27e6aff #2 type=home I=com.miui.home/.launcher.Launcher} visible = true isAnimating = false TRANSITION = false PARENTS = false CHILDREN = false
03-02 10:33:57.435 29508 29508 D TaskSortUtil: task analyse cost makeTime 1
03-02 10:33:57.435 29508 29508 D TaskSortUtil: FirebaseTask
03-02 10:33:57.435 29508 29508 D TaskSortUtil: PrivacyTask
03-02 10:33:57.435 29508 29508 D TaskSortUtil: TraceTask
03-02 10:33:57.435 29508 29508 D TaskSortUtil: DeviceInfoTask
03-02 10:33:57.435 29508 29508 D TaskSortUtil: LoginTask
03-02 10:33:57.435 29508 29508 D TaskSortUtil: RegisterGlobalMonitorTask
