03-02 10:02:42.549  2061  2061 I MiuiWallpaper-MiuiWallpaperManagerService: receive broadcast action = android.intent.action.PACKAGE_RESTARTED
03-02 10:02:42.551  1999  1999 D Launcher.Lifecycle: onWindowFocusChanged:false,UserHandle{0},c143874,true
03-02 10:02:42.553  1999  2684 D RecentsModel: getRunningTask ignoreActivityType : 2 ,ignoreWindowMode:5
03-02 10:02:42.555  1621  1667 I ActivityManager: Start proc 12919:com.softnation.Ojam/u0a337 for next-top-activity {com.softnation.Ojam/com.softnation.Ojam.MainActivity} caller=com.android.shell
03-02 10:02:42.555  1999  2684 W RecentsModel: getRunningTask   taskInfo=TaskInfo{userId=0 taskId=37017 displayId=0 isRunning=true baseIntent=Intent { flg=0x10000000 cmp=com.softnation.Ojam/.MainActivity } baseActivity=ComponentInfo{com.softnation.Ojam/com.softnation.Ojam.MainActivity} topActivity=ComponentInfo{com.softnation.Ojam/com.softnation.Ojam.MainActivity} origActivity=null realActivity=ComponentInfo{com.softnation.Ojam/com.softnation.Ojam.MainActivity} numActivities=1 lastActiveTime=1025121961 supportsSplitScreenMultiWindow=true supportsMultiWindow=true resizeMode=1 isResizeable=true minWidth=-1 minHeight=-1 defaultMinSize=200 token=WCT{android.window.IWindowContainerToken$Stub$Proxy@d15c3da} topActivityType=1 pictureInPictureParams=null shouldDockBigOverlays=false launchIntoPipHostTaskId=-1 lastParentTaskIdBeforePip=-1 displayCutoutSafeInsets=null topActivityInfo=ActivityInfo{88d000b com.softnation.Ojam.MainActivity} launchCookies=[] positionInParent=Point(0, 0) parentTaskId=-1 isFocused=false isVisible=false isVisibleRequested=true isSleeping=false locusId=null displayAreaFeatureId=1 isTopActivityTransparent=false appCompatTaskInfo=AppCompatTaskInfo { topActivityInSizeCompat=false topActivityEligibleForLetterboxEducation= falseisLetterboxEducationEnabled= false isLetterboxDoubleTapEnabled= false topActivityEligibleForUserAspectRatioButton= false topActivityBoundsLetterboxed= false isFromLetterboxDoubleTap= false topActivityLetterboxVerticalPosition= -1 topActivityLetterboxHorizontalPosition= -1 topActivityLetterboxWidth=1080 topActivityLetterboxHeight=2460 isUserFullscreenOverrideEnabled=false isSystemFullscreenOverrideEnabled=false cameraCompatTaskInfo=CameraCompatTaskInfo { cameraCompatControlState=hidden freeformCameraCompatMode=inactive}} isImmersive=false mTopActivityRequestOrientation=1 mBehindAppLockPkg=null mOriginatingUid=0 isEmbedded=false shouldBeVisible=true mIsCastMode=false mTopActivityMediaSize=null mTopActivityRecordName=ActivityRecord{47298d0 u0 com.softnation.Ojam/.MainActivity t37017} mTopActivityOrientation=1}
03-02 10:02:42.555  1999  2684 D RecentsModel: preloadRecents runningTaskId:37017, mCurrentRunningTaskId:-1, mRecentsTaskLoadPlan=com.android.systemui.shared.recents.model.RecentsTaskLoadPlan@d8e8ee8
03-02 10:02:42.556  1999  2684 E ActivityManagerWrapper: get all recent tasks force including 37017
03-02 10:02:42.561  2363  2648 D BLASTBufferQueue: [VRI[Ojam]#5796](f:0,a:1) acquireNextBufferLocked size=1080x2460 mFrameNumber=1 applyTransaction=true mTimestamp=607356110015584(auto) mPendingTransactions.size=0 graphicBufferId=10149007875154 transform=0
03-02 10:02:42.564  2363  2577 D VRI[Ojam]: vri.reportDrawFinished
03-02 10:02:42.565   921   921 I BufferQueueProducer: [FramebufferSurface](this:0xb400007d8e9dff50,id:-1,api:1,p:921,c:921) queueBuffer: fps=11.93 dur=1005.51 max=823.44 min=13.83
03-02 10:02:42.566   849   849 I hwcomposer: [HWCDisplay] (0 updateFps():3667), (type:1, mode:2) fps:27.844088,dur:1005.60,max:409.97,min:13.32  
03-02 10:02:42.570  1999  2684 E ActivityManagerWrapper: getRecentTasksForceIncludingTaskIdIfValid: getRecentTasks: size=3
03-02 10:02:42.570  1999  2684 E ActivityManagerWrapper:  mainTaskId=37017   userId=0   windowMode=1   baseIntent=Intent { act=null flag=268435456 cmp=ComponentInfo{com.softnation.Ojam/com.softnation.Ojam.MainActivity} }
03-02 10:02:42.570  1999  2684 E ActivityManagerWrapper:  mainTaskId=37015   userId=0   windowMode=1   baseIntent=Intent { act=null flag=268435456 cmp=ComponentInfo{com.whatsapp/com.whatsapp.home.ui.HomeActivity} }
03-02 10:02:42.570  1999  2684 E ActivityManagerWrapper:  mainTaskId=36980   userId=0   windowMode=1   baseIntent=Intent { act=android.intent.action.MAIN flag=270532608 cmp=ComponentInfo{com.twitter.android/com.twitter.android.StartActivity} }
03-02 10:02:42.573  1621  1651 D MiuiRefreshRatePolicy: reset
03-02 10:02:42.574  1621  1651 D PreStartingManager: Not init when use PreStartingManager!
03-02 10:02:42.574  1621  1651 D WindowManager: Set transition=TransitionRecord{e44e093 id=10126 type=OPEN flags=0x0}, ready=true, SyncId=10126 
03-02 10:02:42.577  1621  1651 I SmartPower: com.softnation.Ojam/10337(0): died->visible(652ms) R(become visible) adj=-10000.
03-02 10:02:42.578  1621  1651 I WindowManager: wms.showSurfaceRobustly mWin:Window{b40a001 u0 Splash Screen com.softnation.Ojam}
03-02 10:02:42.576 12919 12919 E Zygote  : process_name_ptr:12919 com.softnation.Ojam
03-02 10:02:42.580  1621  1651 D WindowManager: Final targets: [Task{a69e3ce #37017 type=standard A=10337:com.softnation.Ojam}, Task{d151cdd #1 type=home}]
03-02 10:02:42.581   921  1587 I BufferQueueDebug: [Transition Root #10126: Task=37017#132807](this:0xb400007bcec1fff8,id:-1,api:0,p:-1,c:-1) BufferQueue core=(921:/system/bin/surfaceflinger)
03-02 10:02:42.582  1999  2684 D WorldCirculate: getWorldCirculateInfo, taskInfo.baseIntent=Intent { flg=0x10000000 cmp=com.whatsapp/.home.ui.HomeActivity }, displayId=-1, but get Display failed
03-02 10:02:42.582 12919 12919 E Zygote  : SetMemoryProtected process_name_ptr:12919 com.softnation.Ojam
03-02 10:02:42.586 14013 14013 I brdz    : onPause
03-02 10:02:42.595   921  1170 I BufferQueueDebug: [Surface(name=5b2ee94 StatusBar#103)/@0xf6cf932 - animation-leash of insets_animation#132808](this:0xb400007bcecb13a8,id:-1,api:0,p:-1,c:-1) BufferQueue core=(921:/system/bin/surfaceflinger)
03-02 10:02:42.598   921  1170 I BufferQueueDebug: [Surface(name=77d8129 NavigationBar0#101614)/@0x3faba4f - animation-leash of insets_animation#132809](this:0xb400007bcec58f38,id:-1,api:0,p:-1,c:-1) BufferQueue core=(921:/system/bin/surfaceflinger)
03-02 10:02:42.600  2363  2477 I MultiTaskingTaskRepository: needSkip: is home task
03-02 10:02:42.600  1621  1651 D MiuiRefreshRatePolicy: reset
03-02 10:02:42.600  2363  2477 W MultiTaskingTaskRepository: onToBackTransitionReady putOrUpdateTaskInfo skip
03-02 10:02:42.601  2363  2477 D MultiTaskingTaskRepository: addOrMoveFullscreenTaskToTop taskId=37017
03-02 10:02:42.601  2363  2477 D MultiTaskingTaskRepository: putOrUpdateTaskInfo: taskInfo.taskId: 37017 current mMultiTaskingTaskInfoList:  ,37016 ,36980 ,36770 ,36289 ,5 ,4
03-02 10:02:42.601  2363  2477 D MultiTaskingTaskRepository: java.lang.Throwable
03-02 10:02:42.601  2363  2477 D MultiTaskingTaskRepository: 	at com.android.wm.shell.multitasking.taskmanager.MultiTaskingTaskRepository.updateMultiTaskingTaskInfo(go/retraceme 5c05439c20823397c9aaa04c8ad244598257e2a7e5bd06f03af131ffaee2a4a9:82)
03-02 10:02:42.601  2363  2477 D MultiTaskingTaskRepository: 	at com.android.wm.shell.multitasking.taskmanager.MultiTaskingTaskRepository.putOrUpdateTaskInfo(go/retraceme 5c05439c20823397c9aaa04c8ad244598257e2a7e5bd06f03af131ffaee2a4a9:41)
03-02 10:02:42.601  2363  2477 D MultiTaskingTaskRepository: 	at com.android.wm.shell.multitasking.taskmanager.MultiTaskingTransitionObserver.onTransitionReady(go/retraceme 5c05439c20823397c9aaa04c8ad244598257e2a7e5bd06f03af131ffaee2a4a9:166)
03-02 10:02:42.601  2363  2477 D MultiTaskingTaskRepository: 	at com.android.wm.shell.transition.Transitions.dispatchReady(go/retraceme 5c05439c20823397c9aaa04c8ad244598257e2a7e5bd06f03af131ffaee2a4a9:169)
03-02 10:02:42.601  2363  2477 D MultiTaskingTaskRepository: 	at com.android.wm.shell.transition.Transitions.onTransitionReady(go/retraceme 5c05439c20823397c9aaa04c8ad244598257e2a7e5bd06f03af131ffaee2a4a9:248)
03-02 10:02:42.601  2363  2477 D MultiTaskingTaskRepository: 	at com.android.wm.shell.transition.Transitions$TransitionPlayerImpl$$ExternalSyntheticLambda1.run(go/retraceme 5c05439c20823397c9aaa04c8ad244598257e2a7e5bd06f03af131ffaee2a4a9:47)
03-02 10:02:42.601  2363  2477 D MultiTaskingTaskRepository: 	at android.os.Handler.handleCallback(Handler.java:959)
03-02 10:02:42.601  2363  2477 D MultiTaskingTaskRepository: 	at android.os.Handler.dispatchMessage(Handler.java:100)
03-02 10:02:42.601  2363  2477 D MultiTaskingTaskRepository: 	at android.os.Looper.loopOnce(Looper.java:249)
03-02 10:02:42.601  2363  2477 D MultiTaskingTaskRepository: 	at android.os.Looper.loop(Looper.java:337)
03-02 10:02:42.601  2363  2477 D MultiTaskingTaskRepository: 	at android.os.HandlerThread.run(HandlerThread.java:85)
03-02 10:02:42.602  2363  2477 D MultiTaskingTaskInfo: initFolmeControl::task id = 37017, mBounds = Rect(0, 0 - 1080, 2460)
03-02 10:02:42.604  2363  2477 E KeyguardTransitionHandlerImpl: activityCount = 0
03-02 10:02:42.604  1621  1651 I ActivityTaskManager: visible for Task{27e6aff #2 type=home I=com.miui.home/.launcher.Launcher} visible = true isAnimating = false TRANSITION = false PARENTS = false CHILDREN = false
03-02 10:02:42.605   921  1170 I BufferQueueDebug: [c063182 ActivityRecordInputSink com.softnation.Ojam/.MainActivity#132810](this:0xb400007bceca8af8,id:-1,api:0,p:-1,c:-1) BufferQueue core=(921:/system/bin/surfaceflinger)
03-02 10:02:42.605  6027  6068 I SCTaskStackListener: onTaskStackChanged! inSplit = false
03-02 10:02:42.607  1999  2684 D TaskSnapshotCompatVV: getIsInvalidateFromTaskSnapshot, return, mTaskSnapshot=null, mTaskSnapshotClazz=null
03-02 10:02:42.608  1999  2684 D RecentsModel: onTaskStackChangedBackground    MSG_TASK_STACK_CHANGE
03-02 10:02:42.608  1999  2684 D RecentsModel: boostTaskStackChangedThread, don't boost
03-02 10:02:42.609  2363  2477 I ShellTransitions: getMaybeHandlerType active = (#10126) android.os.BinderProxy@6258201@0, type = 0
03-02 10:02:42.611  1621  4427 W UserManagerService: Requested status bar icon for non-badged user 0
03-02 10:02:42.612  2363  2477 D MulWinSwitchDecorViewModel: handleEventReceiverIfMultiWinSwitchIsUnsupported: removeEventReceiver, callers=com.android.wm.shell.multitasking.miuimultiwinswitch.miuiwindowdecor.MulWinSwitchDecorViewModel.onTaskOpening:7 com.android.wm.shell.fullscreen.FullscreenTaskListener.onTaskAppeared:97 com.android.wm.shell.ShellTaskOrganizer.onTaskAppeared:9 com.android.wm.shell.ShellTaskOrganizer.onTaskAppeared:3 android.window.TaskOrganizer$1.lambda$onTaskAppeared$5:312 
03-02 10:02:42.614  2363  2477 D MultiTaskingTaskRepository: addOrMoveFullscreenTaskToTop taskId=37017
03-02 10:02:42.615  1999  1817 D EventBus: No subscribers registered for event class com.miui.home.recents.messages.RecentTasksChangedEvent
03-02 10:02:42.615  1621  4754 I ATMSImpl: cacheTasksForDefaultDisplay size=3
03-02 10:02:42.615  1999  1817 D EventBus: No subscribers registered for event class org.greenrobot.eventbus.NoSubscriberEvent
03-02 10:02:42.617  1999 29002 D AnimStateManager: send event 9001 currentState = HomeState windowElement = com.miui.home.recents.anim.WindowElement@a7a806b
03-02 10:02:42.617  1999  2684 D RecentsModel: getRunningTask ignoreActivityType : 2 ,ignoreWindowMode:5
03-02 10:02:42.617  1999  1999 I AnimStateManager: HomeState handle event 9001
03-02 10:02:42.617  1999  1999 I AnimStateManager: CommonState handle event 9001
03-02 10:02:42.617  1999  1999 I TransitionCallback: get is waitFinishMainAnim = false
03-02 10:02:42.617  1999  1999 I AnimStateManager: onWindowElementChanged. initWindowElement windowElement= com.miui.home.recents.anim.WindowElement@a7a806b
03-02 10:02:42.618  1999  1999 I WindowElement: a7a806b injectRemoteTransition params=RemoteTransitionInfo(token=android.os.BinderProxy@3f78218, info={id=10126 t=OPEN f=0x0 trk=0 r=[0@Point(0, 0)] c=[{WCT{android.window.IWindowContainerToken$Stub$Proxy@95e471} m=OPEN f=NONE leash=Surface(name=Task=37017#132803)/@0x4d05df5 sb=Rect(0, 0 - 1080, 2460) eb=Rect(0, 0 - 1080, 2460) d=0 taskParent=-1},{WCT{android.window.IWindowContainerToken$Stub$Proxy@bd2e256} m=TO_BACK f=SHOW_WALLPAPER leash=Surface(name=Task=1#47)/@0x9d6d78a sb=Rect(0, 0 - 1080, 2460) eb=Rect(0, 0 - 1080, 2460) d=0 taskParent=-1}] mk=[true] noAni=[false] df=[false] rsa=[false] oa=[false] iSync=[-1]}, t=android.view.SurfaceControl$Transaction@e44c2d7, finishCallback=android.window.IRemoteTransitionFinishedCallback$Stub$Proxy@feea7c4, isMerge=true, mergeTarget=android.os.BinderProxy@abeb847)
03-02 10:02:42.618  1999  1999 E WindowTransitionCompat: TransitionTest wrapRemoteTransition
03-02 10:02:42.618  1999  1999 I WindowTransitionCompat: HomeShellTransition IRemoteTransition mergeAnimation,expectHandlerType = 0 only ar = false
03-02 10:02:42.618  1999  1999 I WindowElement: a7a806b onTransitionMerged, done = false hasNewAnim = false
03-02 10:02:42.618  1999  2684 W RecentsModel: getRunningTask   taskInfo=TaskInfo{userId=0 taskId=37017 displayId=0 isRunning=true baseIntent=Intent { flg=0x10000000 cmp=com.softnation.Ojam/.MainActivity } baseActivity=ComponentInfo{com.softnation.Ojam/com.softnation.Ojam.MainActivity} topActivity=ComponentInfo{com.softnation.Ojam/com.softnation.Ojam.MainActivity} origActivity=null realActivity=ComponentInfo{com.softnation.Ojam/com.softnation.Ojam.MainActivity} numActivities=1 lastActiveTime=1025122032 supportsSplitScreenMultiWindow=true supportsMultiWindow=true resizeMode=1 isResizeable=true minWidth=-1 minHeight=-1 defaultMinSize=200 token=WCT{android.window.IWindowContainerToken$Stub$Proxy@55356ad} topActivityType=1 pictureInPictureParams=null shouldDockBigOverlays=false launchIntoPipHostTaskId=-1 lastParentTaskIdBeforePip=-1 displayCutoutSafeInsets=null topActivityInfo=ActivityInfo{fb2cde2 com.softnation.Ojam.MainActivity} launchCookies=[] positionInParent=Point(0, 0) parentTaskId=-1 isFocused=false isVisible=true isVisibleRequested=true isSleeping=false locusId=null displayAreaFeatureId=1 isTopActivityTransparent=false appCompatTaskInfo=AppCompatTaskInfo { topActivityInSizeCompat=false topActivityEligibleForLetterboxEducation= falseisLetterboxEducationEnabled= false isLetterboxDoubleTapEnabled= false topActivityEligibleForUserAspectRatioButton= false topActivityBoundsLetterboxed= false isFromLetterboxDoubleTap= false topActivityLetterboxVerticalPosition= -1 topActivityLetterboxHorizontalPosition= -1 topActivityLetterboxWidth=1080 topActivityLetterboxHeight=2460 isUserFullscreenOverrideEnabled=false isSystemFullscreenOverrideEnabled=false cameraCompatTaskInfo=CameraCompatTaskInfo { cameraCompatControlState=hidden freeformCameraCompatMode=inactive}} isImmersive=false mTopActivityRequestOrientation=1 mBehindAppLockPkg=null mOriginatingUid=0 isEmbedded=false shouldBeVisible=true mIsCastMode=false mTopActivityMediaSize=null mTopActivityRecordName=ActivityRecord{47298d0 u0 com.softnation.Ojam/.MainActivity t37017} mTopActivityOrientation=1}
03-02 10:02:42.618  1999  2684 D RecentsModel: preloadRecents runningTaskId:37017, mCurrentRunningTaskId:-1, mRecentsTaskLoadPlan=com.android.systemui.shared.recents.model.RecentsTaskLoadPlan@8a8b573
03-02 10:02:42.618  1999  1999 D WindowTransitionCompat: printLeash::TransitionInfo = {id=10126 t=OPEN f=0x0 trk=0 r=[0@Point(0, 0)] c=[{WCT{android.window.IWindowContainerToken$Stub$Proxy@95e471} m=OPEN f=NONE leash=Surface(name=Task=37017#132803)/@0x4d05df5 sb=Rect(0, 0 - 1080, 2460) eb=Rect(0, 0 - 1080, 2460) d=0 taskParent=-1},{WCT{android.window.IWindowContainerToken$Stub$Proxy@bd2e256} m=TO_BACK f=SHOW_WALLPAPER leash=Surface(name=Task=1#47)/@0x9d6d78a sb=Rect(0, 0 - 1080, 2460) eb=Rect(0, 0 - 1080, 2460) d=0 taskParent=-1}] mk=[true] noAni=[false] df=[false] rsa=[false] oa=[false] iSync=[-1]}
03-02 10:02:42.618  1999  1999 D WindowTransitionCompat: printLeash::index = 0, change = {WCT{android.window.IWindowContainerToken$Stub$Proxy@95e471} m=OPEN f=NONE leash=Surface(name=Task=37017#132803)/@0x4d05df5 sb=Rect(0, 0 - 1080, 2460) eb=Rect(0, 0 - 1080, 2460) d=0 taskParent=-1}
03-02 10:02:42.618  1999  1999 D WindowTransitionCompat: printLeash::taskInfo = TaskInfo{userId=0 taskId=37017 displayId=0 isRunning=true baseIntent=Intent { flg=0x10000000 cmp=com.softnation.Ojam/.MainActivity } baseActivity=ComponentInfo{com.softnation.Ojam/com.softnation.Ojam.MainActivity} topActivity=ComponentInfo{com.softnation.Ojam/com.softnation.Ojam.MainActivity} origActivity=null realActivity=ComponentInfo{com.softnation.Ojam/com.softnation.Ojam.MainActivity} numActivities=1 lastActiveTime=1025121897 supportsSplitScreenMultiWindow=true supportsMultiWindow=true resizeMode=1 isResizeable=true minWidth=-1 minHeight=-1 defaultMinSize=200 token=WCT{android.window.IWindowContainerToken$Stub$Proxy@1107c30} topActivityType=1 pictureInPictureParams=null shouldDockBigOverlays=false launchIntoPipHostTaskId=-1 lastParentTaskIdBeforePip=-1 displayCutoutSafeInsets=null topActivityInfo=ActivityInfo{6fbb0a9 com.softnation.Ojam.MainActivity} launchCookies=[] positionInParent=Point(0, 0) parentTaskId=-1 isFocused=false isVisible=true isVisibleRequested=true isSleeping=false locusId=null displayAreaFeatureId=1 isTopActivityTransparent=false appCompatTaskInfo=AppCompatTaskInfo { topActivityInSizeCompat=false topActivityEligibleForLetterboxEducation= falseisLetterboxEducationEnabled= false isLetterboxDoubleTapEnabled= false topActivityEligibleForUserAspectRatioButton= false topActivityBoundsLetterboxed= false isFromLetterboxDoubleTap= false topActivityLetterboxVerticalPosition= -1 topActivityLetterboxHorizontalPosition= -1 topActivityLetterboxWidth=1080 topActivityLetterboxHeight=2460 isUserFullscreenOverrideEnabled=false isSystemFullscreenOverrideEnabled=false cameraCompatTaskInfo=CameraCompatTaskInfo { cameraCompatControlState=hidden freeformCameraCompatMode=inactive}} isImmersive=false mTopActivityRequestOrientation=1 mBehindAppLockPkg=null mOriginatingUid=0 isEmbedded=false shouldBeVisible=true mIsCastMode=false mTopActivityMediaSize=null mTopActivityRecordName=ActivityRecord{47298d0 u0 com.softnation.Ojam/.MainActivity t37017} mTopActivityOrientation=1}
03-02 10:02:42.618  1999  1999 D WindowTransitionCompat: printLeash::index = 1, change = {WCT{android.window.IWindowContainerToken$Stub$Proxy@bd2e256} m=TO_BACK f=SHOW_WALLPAPER leash=Surface(name=Task=1#47)/@0x9d6d78a sb=Rect(0, 0 - 1080, 2460) eb=Rect(0, 0 - 1080, 2460) d=0 taskParent=-1}
03-02 10:02:42.618  1999  1999 D WindowTransitionCompat: printLeash::taskInfo = TaskInfo{userId=0 taskId=1 displayId=0 isRunning=true baseIntent=Intent { act=android.intent.action.MAIN cat=[android.intent.category.HOME] flg=0x10000100 cmp=com.miui.home/.launcher.Launcher } baseActivity=ComponentInfo{com.miui.home/com.miui.home.launcher.Launcher} topActivity=ComponentInfo{com.miui.home/com.miui.home.launcher.Launcher} origActivity=null realActivity=null numActivities=1 lastActiveTime=42083 supportsSplitScreenMultiWindow=true supportsMultiWindow=true resizeMode=2 isResizeable=true minWidth=-1 minHeight=-1 defaultMinSize=200 token=WCT{android.window.IWindowContainerToken$Stub$Proxy@4b3e62e} topActivityType=2 pictureInPictureParams=null shouldDockBigOverlays=false launchIntoPipHostTaskId=-1 lastParentTaskIdBeforePip=-1 displayCutoutSafeInsets=Rect(0, 104 - 0, 0) topActivityInfo=ActivityInfo{64f35cf com.miui.home.launcher.Launcher} launchCookies=[] positionInParent=Point(0, 0) parentTaskId=-1 isFocused=true isVisible=true isVisibleRequested=false isSleeping=false locusId=null displayAreaFeatureId=1 isTopActivityTransparent=false appCompatTaskInfo=AppCompatTaskInfo { topActivityInSizeCompat=false topActivityEligibleForLetterboxEducation= falseisLetterboxEducationEnabled= false isLetterboxDoubleTapEnabled= false topActivityEligibleForUserAspectRatioButton= false topActivityBoundsLetterboxed= false isFromLetterboxDoubleTap= false topActivityLetterboxVerticalPosition= -1 topActivityLetterboxHorizontalPosition= -1 topActivityLetterboxWidth=1080 topActivityLetterboxHeight=2460 isUserFullscreenOverrideEnabled=false isSystemFullscreenOverrideEnabled=false cameraCompatTaskInfo=CameraCompatTaskInfo { cameraCompatControlState=hidden freeformCameraCompatMode=inactive}} isImmersive=false mTopActivityRequestOrientation=-2 mBehindAppLockPkg=null mOriginatingUid=0 isEmbedded=false shouldBeVisible=false mIsCastMode=false mTopActivityMediaSize=null mTopActivityRecordName=ActivityRecord{9880759 u0 com.miui.home/.launcher.Launcher t2} mTopActivityOrientation=-2}
03-02 10:02:42.618  1999  1999 E WindowTransitionCompat: printLeash::index = 0, root = Surface(name=Transition Root #10126: Task=37017#132807)/@0x4e201fb
03-02 10:02:42.618  1999  1999 D Launcher.Boost: setDynamicVIPTaskIfNeeded::duration = 150
03-02 10:02:42.619  1999  2684 E ActivityManagerWrapper: get all recent tasks force including 37017
03-02 10:02:42.619  1999  1999 I TransitionCallback: mNeedShowLauncher = false
03-02 10:02:42.619  1999  1999 I TransitionCallback: get is waitFinishMainAnim = false
03-02 10:02:42.620  2363  2600 I RecentsTransitionHandler: getRecentsAnimationController fail, controllerIdx = -1
03-02 10:02:42.620  1999  1999 I WindowTransitionCompat: TransitionTest getIRecentsAnimationController = null
03-02 10:02:42.620  1999  1999 I WindowTransitionCompat: 0, check isClosingType type = 1, mode = 1, taskId = 37017, changes leash = Surface(name=Task=37017#132803)/@0x4d05df5, change = {WCT{android.window.IWindowContainerToken$Stub$Proxy@95e471} m=OPEN f=NONE leash=Surface(name=Task=37017#132803)/@0x4d05df5 sb=Rect(0, 0 - 1080, 2460) eb=Rect(0, 0 - 1080, 2460) d=0 taskParent=-1}
03-02 10:02:42.620  1999  1999 I WindowTransitionCompat: 1, check isClosingType type = 2, mode = 4, taskId = 1, changes leash = Surface(name=Task=1#47)/@0x9d6d78a, change = {WCT{android.window.IWindowContainerToken$Stub$Proxy@bd2e256} m=TO_BACK f=SHOW_WALLPAPER leash=Surface(name=Task=1#47)/@0x9d6d78a sb=Rect(0, 0 - 1080, 2460) eb=Rect(0, 0 - 1080, 2460) d=0 taskParent=-1}
03-02 10:02:42.621  1999  1999 I WindowTransitionCompat: has home
03-02 10:02:42.619 12919 12919 I softnation.Ojam: Late-enabling -Xcheck:jni
03-02 10:02:42.621  1999  1999 I WindowElement: a7a806b onTransitionMerged, done = true hasNewAnim = false
03-02 10:02:42.621  1999  1999 I WindowTransitionCompat: cancelAnimAndFinishMain,dont need handle transition type.type is 0
03-02 10:02:42.621  1999  1999 I WindowElement: a7a806b onAnimCancelByShellFinished needComplete = false
03-02 10:02:42.622  1999  1999 D HomeLayerElement: releaseHomeLeash com.android.systemui.shared.recents.system.SurfaceControlCompat@ac26341
03-02 10:02:42.622  1999  1999 D HomeLayerElement: java.lang.Exception
03-02 10:02:42.622  1999  1999 D HomeLayerElement: 	at com.miui.home.recents.anim.HomeLayerElement.releaseHomeLeash(HomeLayerElement.kt:93)
03-02 10:02:42.622  1999  1999 D HomeLayerElement: 	at com.miui.home.recents.anim.WindowElement.onAnimCancelByShellFinishedExecute(WindowElement.kt:455)
03-02 10:02:42.622  1999  1999 D HomeLayerElement: 	at com.miui.home.recents.anim.WindowElement$init$1.onAnimCancelByShellFinished(WindowElement.kt:1174)
03-02 10:02:42.622  1999  1999 D HomeLayerElement: 	at com.android.systemui.shared.recents.system.WindowTransitionCompat.cancelAnimAndFinishMain(WindowTransitionCompat.java:649)
03-02 10:02:42.622  1999  1999 D HomeLayerElement: 	at com.android.systemui.shared.recents.system.WindowTransitionCompat.cancelAnimAndFinishMain(WindowTransitionCompat.java:640)
03-02 10:02:42.622  1999  1999 D HomeLayerElement: 	at com.android.systemui.shared.recents.system.WindowTransitionCompat.access$900(WindowTransitionCompat.java:47)
03-02 10:02:42.622  1999  1999 D HomeLayerElement: 	at com.android.systemui.shared.recents.system.WindowTransitionCompat$2.mergeAnimation(WindowTransitionCompat.java:518)
03-02 10:02:42.622  1999  1999 D HomeLayerElement: 	at com.android.systemui.shared.recents.system.WindowTransitionCompat.wrapRemoteTransition(WindowTransitionCompat.java:740)
03-02 10:02:42.622  1999  1999 D HomeLayerElement: 	at com.miui.home.recents.anim.WindowElement.injectRemoteTransition(WindowElement.kt:687)
03-02 10:02:42.622  1999  1999 D HomeLayerElement: 	at com.miui.home.recents.anim.StateManager$CommonState.handleEvent(StateManager.kt:1291)
03-02 10:02:42.622  1999  1999 D HomeLayerElement: 	at com.miui.home.recents.anim.StateManager.handleEventActually(StateManager.kt:112)
03-02 10:02:42.622  1999  1999 D HomeLayerElement: 	at com.miui.home.recents.anim.StateManager.sendEventActually$lambda-0(StateManager.kt:99)
03-02 10:02:42.622  1999  1999 D HomeLayerElement: 	at com.miui.home.recents.anim.StateManager.$r8$lambda$C-kZp_X93nanDwYsUFIjH_GwEtM(Unknown Source:0)
03-02 10:02:42.622  1999  1999 D HomeLayerElement: 	at com.miui.home.recents.anim.StateManager$$ExternalSyntheticLambda3.run(Unknown Source:4)
03-02 10:02:42.622  1999  1999 D HomeLayerElement: 	at android.os.Handler.handleCallback(Handler.java:959)
03-02 10:02:42.622  1999  1999 D HomeLayerElement: 	at android.os.Handler.dispatchMessage(Handler.java:100)
03-02 10:02:42.622  1999  1999 D HomeLayerElement: 	at android.os.Looper.loopOnce(Looper.java:249)
03-02 10:02:42.622  1999  1999 D HomeLayerElement: 	at android.os.Looper.loop(Looper.java:337)
03-02 10:02:42.622  1999  1999 D HomeLayerElement: 	at android.app.ActivityThread.main(ActivityThread.java:9500)
03-02 10:02:42.622  1999  1999 D HomeLayerElement: 	at java.lang.reflect.Method.invoke(Native Method)
03-02 10:02:42.622  1999  1999 D HomeLayerElement: 	at com.android.internal.os.RuntimeInit$MethodAndArgsCaller.run(RuntimeInit.java:636)
03-02 10:02:42.622  1999  1999 D HomeLayerElement: 	at com.android.internal.os.ZygoteInit.main(ZygoteInit.java:1005)
03-02 10:02:42.622  1999  1999 D WindowAnimImplementorDispatcher: a7a806b cancelAnim by com.miui.home.recents.anim.windowanim.LocalWindowAnimImplementor@c78572 withoutEndAndEndListener:false toHome:true
03-02 10:02:42.622  1999  1999 D LocalWindowAnimImplementor: com.miui.home.recents.anim.windowanim.LocalWindowAnimImplementor@c78572 cancelAnim, onAnimCancelByShellFinished toHome:true withoutEndAndEndListener:false
03-02 10:02:42.622  1999  1999 D LocalWindowAnimImplementor: java.lang.Exception
03-02 10:02:42.622  1999  1999 D LocalWindowAnimImplementor: 	at com.miui.home.recents.anim.windowanim.LocalWindowAnimImplementor.cancelAnim(LocalWindowAnimImplementor.kt:168)
03-02 10:02:42.622  1999  1999 D LocalWindowAnimImplementor: 	at com.miui.home.recents.anim.windowanim.WindowAnimImplementorDispatcher.cancelAnim(WindowAnimImplementorDispatcher.kt:97)
03-02 10:02:42.622  1999  1999 D LocalWindowAnimImplementor: 	at com.miui.home.recents.anim.WindowElement.cancelAnim(WindowElement.kt:618)
03-02 10:02:42.622  1999  1999 D LocalWindowAnimImplementor: 	at com.miui.home.recents.anim.WindowElement.cancelAnim$default(WindowElement.kt:608)
03-02 10:02:42.622  1999  1999 D LocalWindowAnimImplementor: 	at com.miui.home.recents.anim.WindowElement.forceStop(WindowElement.kt:532)
03-02 10:02:42.622  1999  1999 D LocalWindowAnimImplementor: 	at com.miui.home.recents.anim.WindowElement.forceStop$default(WindowElement.kt:531)
03-02 10:02:42.622  1999  1999 D LocalWindowAnimImplementor: 	at com.miui.home.recents.anim.WindowElement.onAnimCancelByShellFinishedExecute(WindowElement.kt:457)
03-02 10:02:42.622  1999  1999 D LocalWindowAnimImplementor: 	at com.miui.home.recents.anim.WindowElement$init$1.onAnimCancelByShellFinished(WindowElement.kt:1174)
03-02 10:02:42.622  1999  1999 D LocalWindowAnimImplementor: 	at com.android.systemui.shared.recents.system.WindowTransitionCompat.cancelAnimAndFinishMain(WindowTransitionCompat.java:649)
03-02 10:02:42.622  1999  1999 D LocalWindowAnimImplementor: 	at com.android.systemui.shared.recents.system.WindowTransitionCompat.cancelAnimAndFinishMain(WindowTransitionCompat.java:640)
03-02 10:02:42.622  1999  1999 D LocalWindowAnimImplementor: 	at com.android.systemui.shared.recents.system.WindowTransitionCompat.access$900(WindowTransitionCompat.java:47)
03-02 10:02:42.622  1999  1999 D LocalWindowAnimImplementor: 	at com.android.systemui.shared.recents.system.WindowTransitionCompat$2.mergeAnimation(WindowTransitionCompat.java:518)
03-02 10:02:42.622  1999  1999 D LocalWindowAnimImplementor: 	at com.android.systemui.shared.recents.system.WindowTransitionCompat.wrapRemoteTransition(WindowTransitionCompat.java:740)
03-02 10:02:42.622  1999  1999 D LocalWindowAnimImplementor: 	at com.miui.home.recents.anim.WindowElement.injectRemoteTransition(WindowElement.kt:687)
03-02 10:02:42.622  1999  1999 D LocalWindowAnimImplementor: 	at com.miui.home.recents.anim.StateManager$CommonState.handleEvent(StateManager.kt:1291)
03-02 10:02:42.622  1999  1999 D LocalWindowAnimImplementor: 	at com.miui.home.recents.anim.StateManager.handleEventActually(StateManager.kt:112)
03-02 10:02:42.622  1999  1999 D LocalWindowAnimImplementor: 	at com.miui.home.recents.anim.StateManager.sendEventActually$lambda-0(StateManager.kt:99)
03-02 10:02:42.622  1999  1999 D LocalWindowAnimImplementor: 	at com.miui.home.recents.anim.StateManager.$r8$lambda$C-kZp_X93nanDwYsUFIjH_GwEtM(Unknown Source:0)
03-02 10:02:42.622  1999  1999 D LocalWindowAnimImplementor: 	at com.miui.home.recents.anim.StateManager$$ExternalSyntheticLambda3.run(Unknown Source:4)
03-02 10:02:42.622  1999  1999 D LocalWindowAnimImplementor: 	at android.os.Handler.handleCallback(Handler.java:959)
03-02 10:02:42.622  1999  1999 D LocalWindowAnimImplementor: 	at android.os.Handler.dispatchMessage(Handler.java:100)
03-02 10:02:42.622  1999  1999 D LocalWindowAnimImplementor: 	at android.os.Looper.loopOnce(Looper.java:249)
03-02 10:02:42.622  1999  1999 D LocalWindowAnimImplementor: 	at android.os.Looper.loop(Looper.java:337)
03-02 10:02:42.622  1999  1999 D LocalWindowAnimImplementor: 	at android.app.ActivityThread.main(ActivityThread.java:9500)
03-02 10:02:42.622  1999  1999 D LocalWindowAnimImplementor: 	at java.lang.reflect.Method.invoke(Native Method)
03-02 10:02:42.622  1999  1999 D LocalWindowAnimImplementor: 	at com.android.internal.os.RuntimeInit$MethodAndArgsCaller.run(RuntimeInit.java:636)
03-02 10:02:42.622  1999  1999 D LocalWindowAnimImplementor: 	at com.android.internal.os.ZygoteInit.main(ZygoteInit.java:1005)
03-02 10:02:42.622  1999  1999 D WindowElement: a7a806b com.miui.home.recents.anim.WindowElement@a7a806b finishTransition toHome = true isHalf = com.miui.home.recents.anim.windowanim.WindowAnimContextImpl@b112061.isHalf runningTaskId = 0
03-02 10:02:42.622  1999  2652 I RectFSpringAnim: cancel mRequestCancel=false mLooperExecutor=com.miui.home.library.utils.LooperExecutor@cdf40c0
03-02 10:02:42.622  1999  2652 I RectFSpringAnim: endDirectly mRequestEnd end
03-02 10:02:42.622  1999  2652 I MultiSpringDynamicAnimation70b77c8: TransitionTest endRequested=true
03-02 10:02:42.622  1999  1999 D AnimStateManager: send event 8001 currentState = HomeState windowElement = com.miui.home.recents.anim.WindowElement@a7a806b
03-02 10:02:42.622  1999  1999 I AnimStateManager: HomeState handle event 8001
03-02 10:02:42.622  1999  1999 I AnimStateManager: CommonState handle event 8001
03-02 10:02:42.623  1999  1999 D ShortcutMenuLayerElement: setTo, params=ShortcutMenuLayerParams(alpha=1.0, scaleX=1.0, scaleY=1.0, dampingRation=1.2, response=0.5, isSurfaceChange=false)
03-02 10:02:42.623  1999  1999 D ShortcutMenuLayerElement: java.lang.Exception
03-02 10:02:42.623  1999  1999 D ShortcutMenuLayerElement: 	at com.miui.home.recents.anim.ShortcutMenuLayerElement.setTo(ShortcutMenuLayerElement.kt:231)
03-02 10:02:42.623  1999  1999 D ShortcutMenuLayerElement: 	at com.miui.home.recents.anim.StateManager$CommonState.handleEvent(StateManager.kt:1311)
03-02 10:02:42.623  1999  1999 D ShortcutMenuLayerElement: 	at com.miui.home.recents.anim.StateManager.handleEventActually(StateManager.kt:112)
03-02 10:02:42.623  1999  1999 D ShortcutMenuLayerElement: 	at com.miui.home.recents.anim.StateManager.sendEventActually(StateManager.kt:96)
03-02 10:02:42.623  1999  1999 D ShortcutMenuLayerElement: 	at com.miui.home.recents.anim.StateManager.sendEvent(StateManager.kt:122)
03-02 10:02:42.623  1999  1999 D ShortcutMenuLayerElement: 	at com.miui.home.recents.anim.WindowElement.onAnimCancelByShellFinishedExecute(WindowElement.kt:465)
03-02 10:02:42.623  1999  1999 D ShortcutMenuLayerElement: 	at com.miui.home.recents.anim.WindowElement$init$1.onAnimCancelByShellFinished(WindowElement.kt:1174)
03-02 10:02:42.623  1999  1999 D ShortcutMenuLayerElement: 	at com.android.systemui.shared.recents.system.WindowTransitionCompat.cancelAnimAndFinishMain(WindowTransitionCompat.java:649)
03-02 10:02:42.623  1999  1999 D ShortcutMenuLayerElement: 	at com.android.systemui.shared.recents.system.WindowTransitionCompat.cancelAnimAndFinishMain(WindowTransitionCompat.java:640)
03-02 10:02:42.623  1999  1999 D ShortcutMenuLayerElement: 	at com.android.systemui.shared.recents.system.WindowTransitionCompat.access$900(WindowTransitionCompat.java:47)
03-02 10:02:42.623  1999  1999 D ShortcutMenuLayerElement: 	at com.android.systemui.shared.recents.system.WindowTransitionCompat$2.mergeAnimation(WindowTransitionCompat.java:518)
03-02 10:02:42.623  1999  1999 D ShortcutMenuLayerElement: 	at com.android.systemui.shared.recents.system.WindowTransitionCompat.wrapRemoteTransition(WindowTransitionCompat.java:740)
03-02 10:02:42.623  1999  1999 D ShortcutMenuLayerElement: 	at com.miui.home.recents.anim.WindowElement.injectRemoteTransition(WindowElement.kt:687)
03-02 10:02:42.623  1999  1999 D ShortcutMenuLayerElement: 	at com.miui.home.recents.anim.StateManager$CommonState.handleEvent(StateManager.kt:1291)
03-02 10:02:42.623  1999  1999 D ShortcutMenuLayerElement: 	at com.miui.home.recents.anim.StateManager.handleEventActually(StateManager.kt:112)
03-02 10:02:42.623  1999  1999 D ShortcutMenuLayerElement: 	at com.miui.home.recents.anim.StateManager.sendEventActually$lambda-0(StateManager.kt:99)
03-02 10:02:42.623  1999  1999 D ShortcutMenuLayerElement: 	at com.miui.home.recents.anim.StateManager.$r8$lambda$C-kZp_X93nanDwYsUFIjH_GwEtM(Unknown Source:0)
03-02 10:02:42.623  1999  1999 D ShortcutMenuLayerElement: 	at com.miui.home.recents.anim.StateManager$$ExternalSyntheticLambda3.run(Unknown Source:4)
03-02 10:02:42.623  1999  1999 D ShortcutMenuLayerElement: 	at android.os.Handler.handleCallback(Handler.java:959)
03-02 10:02:42.623  1999  1999 D ShortcutMenuLayerElement: 	at android.os.Handler.dispatchMessage(Handler.java:100)
03-02 10:02:42.623  1999  1999 D ShortcutMenuLayerElement: 	at android.os.Looper.loopOnce(Looper.java:249)
03-02 10:02:42.623  1999  1999 D ShortcutMenuLayerElement: 	at android.os.Looper.loop(Looper.java:337)
03-02 10:02:42.623  1999  1999 D ShortcutMenuLayerElement: 	at android.app.ActivityThread.main(ActivityThread.java:9500)
03-02 10:02:42.623  1999  1999 D ShortcutMenuLayerElement: 	at java.lang.reflect.Method.invoke(Native Method)
03-02 10:02:42.623  1999  1999 D ShortcutMenuLayerElement: 	at com.android.internal.os.RuntimeInit$MethodAndArgsCaller.run(RuntimeInit.java:636)
03-02 10:02:42.623  1999  1999 D ShortcutMenuLayerElement: 	at com.android.internal.os.ZygoteInit.main(ZygoteInit.java:1005)
03-02 10:02:42.623  1999  1999 D WallpaperElement: setTo   zoomOut=1.0 useWallpaperAnim = false
03-02 10:02:42.623  1999  1999 D RecentBlurViewElement: setTo: params = RecentBlurParams(blurRadius=0.0, dimming=0.0, dampingRatio=0.95, response=0.45) blurView = null
03-02 10:02:42.624   921   921 I SurfaceFlinger: onHandleDestroyed: name=Surface(name=77d8129 NavigationBar0#101614)/@0x3faba4f - animation-leash of insets_animation#132795, layerId=132795, parentId=0
03-02 10:02:42.624   921   921 I SurfaceFlinger: onHandleDestroyed: name=Surface(name=5b2ee94 StatusBar#103)/@0xf6cf932 - animation-leash of insets_animation#132794, layerId=132794, parentId=0
03-02 10:02:42.625  1999  2684 E ActivityManagerWrapper: getRecentTasksForceIncludingTaskIdIfValid: getRecentTasks: size=3
03-02 10:02:42.625  1999  2684 E ActivityManagerWrapper:  mainTaskId=37017   userId=0   windowMode=1   baseIntent=Intent { act=null flag=268435456 cmp=ComponentInfo{com.softnation.Ojam/com.softnation.Ojam.MainActivity} }
03-02 10:02:42.625  1999  2684 E ActivityManagerWrapper:  mainTaskId=37015   userId=0   windowMode=1   baseIntent=Intent { act=null flag=268435456 cmp=ComponentInfo{com.whatsapp/com.whatsapp.home.ui.HomeActivity} }
03-02 10:02:42.625  1999  2684 E ActivityManagerWrapper:  mainTaskId=36980   userId=0   windowMode=1   baseIntent=Intent { act=android.intent.action.MAIN flag=270532608 cmp=ComponentInfo{com.twitter.android/com.twitter.android.StartActivity} }
03-02 10:02:42.628   921   921 I MI-SF   : surfaceflinger setAffinity mode=0
03-02 10:02:42.628   921   921 E MI-SF   : surfaceflinger setAffinity success
03-02 10:02:42.632  1999  1999 E WindowTransitionCompat: com.android.systemui.shared.recents.system.WindowTransitionCompat@1e60fc7 finishTransition toHome = true
03-02 10:02:42.632  1999  1999 D TransitionCallback: call executeFinishCallback, toHome = true
03-02 10:02:42.632  1999  1999 D TransitionCallback: java.lang.Exception
03-02 10:02:42.632  1999  1999 D TransitionCallback: 	at com.android.systemui.shared.recents.utilities.WindowTransitionCallbackHelper.executeFinishCallback(WindowTransitionCallbackHelper.java:227)
03-02 10:02:42.632  1999  1999 D TransitionCallback: 	at com.android.systemui.shared.recents.utilities.WindowTransitionCallbackHelper.executeFinishCallback(WindowTransitionCallbackHelper.java:163)
03-02 10:02:42.632  1999  1999 D TransitionCallback: 	at com.android.systemui.shared.recents.system.WindowTransitionCompat.finishTransition(WindowTransitionCompat.java:718)
03-02 10:02:42.632  1999  1999 D TransitionCallback: 	at com.miui.home.recents.anim.WindowElement.finishTransitionCompat(WindowElement.kt:344)
03-02 10:02:42.632  1999  1999 D TransitionCallback: 	at com.miui.home.recents.anim.WindowElement.finishTransition$lambda-4(WindowElement.kt:335)
03-02 10:02:42.632  1999  1999 D TransitionCallback: 	at com.miui.home.recents.anim.WindowElement.$r8$lambda$UZ5TJoxl6FF6JNmPqASbjBBP00o(Unknown Source:0)
03-02 10:02:42.632  1999  1999 D TransitionCallback: 	at com.miui.home.recents.anim.WindowElement$$ExternalSyntheticLambda10.run(Unknown Source:8)
03-02 10:02:42.632  1999  1999 D TransitionCallback: 	at android.os.Handler.handleCallback(Handler.java:959)
03-02 10:02:42.632  1999  1999 D TransitionCallback: 	at android.os.Handler.dispatchMessage(Handler.java:100)
03-02 10:02:42.632  1999  1999 D TransitionCallback: 	at android.os.Looper.loopOnce(Looper.java:249)
03-02 10:02:42.632  1999  1999 D TransitionCallback: 	at android.os.Looper.loop(Looper.java:337)
03-02 10:02:42.632  1999  1999 D TransitionCallback: 	at android.app.ActivityThread.main(ActivityThread.java:9500)
03-02 10:02:42.632  1999  1999 D TransitionCallback: 	at java.lang.reflect.Method.invoke(Native Method)
03-02 10:02:42.632  1999  1999 D TransitionCallback: 	at com.android.internal.os.RuntimeInit$MethodAndArgsCaller.run(RuntimeInit.java:636)
03-02 10:02:42.632  1999  1999 D TransitionCallback: 	at com.android.internal.os.ZygoteInit.main(ZygoteInit.java:1005)
03-02 10:02:42.632  1999  1999 I TransitionCallback: addCallbackListenerSync callBack:com.android.systemui.shared.recents.system.WindowTransitionCompat$1@aa4451d
03-02 10:02:42.632  1999  1999 I TransitionCallback: mNeedShowLauncher = false
03-02 10:02:42.632  1999  1999 I TransitionCallback: addCallbackListenerSync callBack:null
03-02 10:02:42.632  1999  1999 I TransitionCallback: com.android.systemui.shared.recents.utilities.WindowTransitionCallbackHelper@84693f call finishMainCallback, wct = null, sct = android.view.SurfaceControl$Transaction@66e7392, callback = android.window.IRemoteTransitionFinishedCallback$Stub$Proxy@e2491e3, mCounterRotatorList.size = 0, mInfoExposeList.size = 1, token = android.os.BinderProxy@abeb847
03-02 10:02:42.633  1999  1999 I TransitionCallback: call onTransitionFinishedWithCallback end
03-02 10:02:42.633  2363  2477 I RemoteTransitionHandlerStubImpl: putCallback transition: android.os.BinderProxy@a3bbbe, wctCB: android.window.IWindowContainerTransactionCallback$Stub$Proxy@306efad
03-02 10:02:42.633  2363  2477 D SoScUtils: monitorTransitionFinished transition:android.os.BinderProxy@a3bbbe transaction: android.view.SurfaceControl$Transaction@3c8f2e2 mRequestCloseTransition:null mRequestOpenTransition:null mRequestOpenTransitionWithSameTask size:0 mPairsOpenTransition:null mPairsOpenTransitionNull:null mRequestOpenTriggerTask:-1 mRequestCloseTriggerTask:-1 mOrientationTransition: null mMainStartingTask:-1 mSideStartingTask:-1
03-02 10:02:42.633  1999  1999 I TransitionCallback: execute finishMainCallbackSync return, no need post delay
03-02 10:02:42.634  1999  2684 D WorldCirculate: getWorldCirculateInfo, taskInfo.baseIntent=Intent { flg=0x10000000 cmp=com.whatsapp/.home.ui.HomeActivity }, displayId=-1, but get Display failed
03-02 10:02:42.635  1621  1638 D WindowManager: Finish Transition (#10125): created at 03-02 10:02:41.943 collect-started=0.102ms request-sent=0.351ms started=21.403ms ready=21.371ms sent=296.145ms finished=692.121ms
03-02 10:02:42.636  1999  2652 I RectFSpringAnim: TransitionTest MultiSpringDynamicAnimation on end. this=com.miui.home.recents.util.RectFSpringAnim@929e163
03-02 10:02:42.636  1999  2652 I RectFSpringAnim: changeAnimStart start=false
03-02 10:02:42.636  1999  2652 I WindowElement: a7a806b reset mDisableStateManagerListener false.
03-02 10:02:42.636  1999  2652 I WindowElement: a7a806b com.miui.home.recents.anim.WindowElement@a7a806b TransitionTest onAnimationEnd AnimType = CLOSE_TO_HOME_CENTER allowShellListener = true, isDuringMerge=false, mUserAnimListener=com.miui.home.recents.anim.WindowAnimParamsProvider$getClosingWindowAnimParams$animListener$1@a1510d4
03-02 10:02:42.636  1621  4754 W ActivityManager: pid 1621 system sent binder code 7 with flags 1 to frozen apps and got error -32
03-02 10:02:42.637  1621  4754 W WindowManager: Exception thrown during dispatchAppVisibility Window{beb419a u0 com.softnation.Ojam/com.softnation.Ojam.MainActivity EXITING}
03-02 10:02:42.637  1621  4754 W WindowManager: android.os.DeadObjectException
03-02 10:02:42.637  1621  4754 W WindowManager: 	at android.os.BinderProxy.transactNative(Native Method)
03-02 10:02:42.637  1621  4754 W WindowManager: 	at android.os.BinderProxy.transact(BinderProxy.java:682)
03-02 10:02:42.637  1621  4754 W WindowManager: 	at android.view.IWindow$Stub$Proxy.dispatchAppVisibility(IWindow.java:655)
03-02 10:02:42.637  1621  4754 W WindowManager: 	at com.android.server.wm.WindowState.sendAppVisibilityToClients(WindowState.java:3529)
03-02 10:02:42.637  1621  4754 W WindowManager: 	at com.android.server.wm.WindowContainer.sendAppVisibilityToClients(WindowContainer.java:1387)
03-02 10:02:42.637  1621  4754 W WindowManager: 	at com.android.server.wm.WindowToken.setClientVisible(WindowToken.java:423)
03-02 10:02:42.637  1621  4754 W WindowManager: 	at com.android.server.wm.ActivityRecord.setClientVisible(ActivityRecord.java:8426)
03-02 10:02:42.637  1621  4754 W WindowManager: 	at com.android.server.wm.ActivityRecord.postApplyAnimation(ActivityRecord.java:6989)
03-02 10:02:42.637  1621  4754 W WindowManager: 	at com.android.server.wm.ActivityRecord.commitVisibility(ActivityRecord.java:6931)
03-02 10:02:42.637  1621  4754 W WindowManager: 	at com.android.server.wm.Transition.finishTransition(Transition.java:1589)
03-02 10:02:42.637  1621  4754 W WindowManager: 	at com.android.server.wm.TransitionController.finishTransition(TransitionController.java:1153)
03-02 10:02:42.637  1621  4754 W WindowManager: 	at com.android.server.wm.WindowOrganizerController.finishTransition(WindowOrganizerController.java:578)
03-02 10:02:42.637  1621  4754 W WindowManager: 	at android.window.IWindowOrganizerController$Stub.onTransact(IWindowOrganizerController.java:324)
03-02 10:02:42.637  1621  4754 W WindowManager: 	at com.android.server.wm.WindowOrganizerController.onTransact(WindowOrganizerController.java:234)
03-02 10:02:42.637  1621  4754 W WindowManager: 	at android.os.Binder.execTransactInternal(Binder.java:1507)
03-02 10:02:42.637  1621  4754 W WindowManager: 	at android.os.Binder.execTransact(Binder.java:1451)
03-02 10:02:42.637  1621  4754 W Process : Unable to open /proc/32297/status
03-02 10:02:42.637  1621  4754 I Transition: finishTransition: updateLastSurfacePosition tf=Task{27e6aff #2 type=home I=com.miui.home/.launcher.Launcher}
03-02 10:02:42.637  1621  4754 I Transition: finishTransition: updateLastSurfacePosition tf=Task{8ea0dd7 #37016 type=standard A=10337:com.softnation.Ojam}
03-02 10:02:42.638  1621  4754 I Transition: finishTransition: updateLastSurfacePosition tf=Task{d151cdd #1 type=home}
03-02 10:02:42.638  1999  1999 W WindowElement: a7a806b Calling onShellAnimationEnd() and couldExecuteShellAnimEnd is false
03-02 10:02:42.638  1999  1999 E RotationHelper: setCurrentTransitionRequest: request=0
03-02 10:02:42.639  1621  4754 D MiuiRefreshRatePolicy: reset
03-02 10:02:42.642   921   921 I BufferQueueDebug: [Surface(name=5b2ee94 StatusBar#103)/@0xf6cf932 - animation-leash of insets_animation#132794](this:0xb400007bcec6ce28,id:-1,api:0,p:-1,c:921) onDestructor()
03-02 10:02:42.643  1621  4754 D WindowManager: setParent old=ActivityRecord{f597771 u0 com.softnation.Ojam/.MainActivity t37016 f} isExiting},new=null,this window=Window{beb419a u0 com.softnation.Ojam/com.softnation.Ojam.MainActivity EXITING},callers=com.android.server.wm.WindowContainer.removeChild:897 com.android.server.wm.ActivityRecord.removeChild:5518 com.android.server.wm.ActivityRecord.removeChild:505 com.android.server.wm.WindowContainer.removeImmediately:967 com.android.server.wm.WindowState.removeImmediately:2526 com.android.server.wm.WindowContainer.removeImmediately:931 
03-02 10:02:42.643   921   921 I BufferQueueDebug: [Surface(name=77d8129 NavigationBar0#101614)/@0x3faba4f - animation-leash of insets_animation#132795](this:0xb400007bcecdeca8,id:-1,api:0,p:-1,c:921) onDestructor()
03-02 10:02:42.645  1621  4754 D MiuiRefreshRatePolicy: reset
03-02 10:02:42.647  1621  4754 D WindowManager: setParent old=Task{8ea0dd7 #37016 type=standard A=10337:com.softnation.Ojam},new=null,this window=ActivityRecord{f597771 u0 com.softnation.Ojam/.MainActivity t37016 f} isExiting},callers=com.android.server.wm.WindowContainer.removeChild:897 com.android.server.wm.TaskFragment.removeChild:3337 com.android.server.wm.Task.removeChild:1929 com.android.server.wm.Task.removeChild:1908 com.android.server.wm.WindowContainer.removeImmediately:967 com.android.server.wm.WindowToken.removeImmediately:374 
03-02 10:02:42.648   921  1170 I BufferQueueDebug: [Task=37016#132811](this:0xb400007bcecb4138,id:-1,api:0,p:-1,c:-1) BufferQueue core=(921:/system/bin/surfaceflinger)
03-02 10:02:42.650  1621  4754 D WindowManager: setParent old=DefaultTaskDisplayArea@262819365,new=null,this window=Task{8ea0dd7 #37016 type=standard A=10337:com.softnation.Ojam},callers=com.android.server.wm.WindowContainer.removeChild:897 com.android.server.wm.TaskDisplayArea.removeChildTask:360 com.android.server.wm.TaskDisplayArea.removeChild:351 com.android.server.wm.WindowContainer.removeImmediately:967 com.android.server.wm.TaskFragment.removeImmediately:3417 com.android.server.wm.Task.removeImmediately:3408 
03-02 10:02:42.650  1621  4754 D MiuiMultiWindowUtils: DeviceLevel.IS_MIUI_LITE_VERSION 2.0 not support miui multiWindowtides
03-02 10:02:42.650  1621  4754 D MiuiMultiWindowUtils: DeviceLevel.IS_MIUI_LITE_VERSION 2.0 not support miui multiWindowtides
03-02 10:02:42.651  2363  2477 I RemoteTransitionHandlerStubImpl: invokeAndRemoveWctCB transition: android.os.BinderProxy@a3bbbe, wctCB: android.window.IWindowContainerTransactionCallback$Stub$Proxy@306efad
03-02 10:02:42.651  1621  1651 I ActivityTaskManager: visible for Task{27e6aff #2 type=home I=com.miui.home/.launcher.Launcher} visible = true isAnimating = false TRANSITION = false PARENTS = false CHILDREN = false
03-02 10:02:42.651  2363  2477 I ShellTransitions: Is abandon offsetY: false
03-02 10:02:42.651  2363  2477 I ShellTransitions: Is abandon offsetY: false
03-02 10:02:42.651  2363  2477 E TaskViewTransitions: Found a launching TaskView in the wrong transition. All TaskView launches should be initiated by shell and in their own transition: 37017
03-02 10:02:42.652  2363  2477 E KeyguardTransitionHandlerImpl: activityCount = 0
03-02 10:02:42.652  1999  2684 D TaskSnapshotCompatVV: getIsInvalidateFromTaskSnapshot, return, mTaskSnapshot=null, mTaskSnapshotClazz=null
03-02 10:02:42.652  1999 29002 D TransitionCallback: Transitions all anim call WindowOrganizer.finishTransition end
03-02 10:02:42.652  2363  2477 E KeyguardTransitionHandlerImpl: activityCount = 0
03-02 10:02:42.652  1999  2684 D RecentsModel: onTaskStackChangedBackground    MSG_TASK_STACK_CHANGE
03-02 10:02:42.652  1999  2684 D RecentsModel: boostTaskStackChangedThread, don't boost
03-02 10:02:42.652  1999 29002 I TransitionCallback: checkCallbackSync, size = 1
03-02 10:02:42.652  1999 29002 I WindowElement: a7a806b onFinishCompleted mDisableStateManagerListener = false
03-02 10:02:42.652  2363  2477 D MiuiFreeformModeAnimation: startAnimation change: {WCT{android.window.IWindowContainerToken$Stub$Proxy@a42a2fb} m=OPEN f=NONE leash=Surface(name=Task=37017#132803)/@0xa2d5c2c sb=Rect(0, 0 - 1080, 2460) eb=Rect(0, 0 - 1080, 2460) d=0 taskParent=-1} info.getType(): 1
03-02 10:02:42.652  1999  1999 D HomeLayerElement: releaseHomeLeash null
03-02 10:02:42.652  1999  1999 D HomeLayerElement: java.lang.Exception
03-02 10:02:42.652  1999  1999 D HomeLayerElement: 	at com.miui.home.recents.anim.HomeLayerElement.releaseHomeLeash(HomeLayerElement.kt:93)
