03-02 10:02:42.652  1999  1999 D HomeLayerElement: 	at com.miui.home.recents.anim.WindowElement.onFinishCompleted$lambda-17(WindowElement.kt:1218)
03-02 10:02:42.652  1999  1999 D HomeLayerElement: 	at com.miui.home.recents.anim.WindowElement.$r8$lambda$9rzf3fTArGCTg2V355uRTOGSaa0(Unknown Source:0)
03-02 10:02:42.652  1999  1999 D HomeLayerElement: 	at com.miui.home.recents.anim.WindowElement$$ExternalSyntheticLambda2.run(Unknown Source:2)
03-02 10:02:42.652  1999  1999 D HomeLayerElement: 	at android.os.Handler.handleCallback(Handler.java:959)
03-02 10:02:42.652  1999  1999 D HomeLayerElement: 	at android.os.Handler.dispatchMessage(Handler.java:100)
03-02 10:02:42.652  1999  1999 D HomeLayerElement: 	at android.os.Looper.loopOnce(Looper.java:249)
03-02 10:02:42.652  1999  1999 D HomeLayerElement: 	at android.os.Looper.loop(Looper.java:337)
03-02 10:02:42.652  1999  1999 D HomeLayerElement: 	at android.app.ActivityThread.main(ActivityThread.java:9500)
03-02 10:02:42.652  1999  1999 D HomeLayerElement: 	at java.lang.reflect.Method.invoke(Native Method)
03-02 10:02:42.652  1999  1999 D HomeLayerElement: 	at com.android.internal.os.RuntimeInit$MethodAndArgsCaller.run(RuntimeInit.java:636)
03-02 10:02:42.652  1999  1999 D HomeLayerElement: 	at com.android.internal.os.ZygoteInit.main(ZygoteInit.java:1005)
03-02 10:02:42.652   921  1170 D SurfaceFlinger: [SF client] REMOVE (0xb400007caea50fb0) for (1621:system_server)
03-02 10:02:42.652  2363  2477 D MiuiFreeformModeAnimation: startAnimation change: {WCT{android.window.IWindowContainerToken$Stub$Proxy@52a0f18} m=TO_BACK f=SHOW_WALLPAPER leash=Surface(name=Task=1#47)/@0xd6dd6f5 sb=Rect(0, 0 - 1080, 2460) eb=Rect(0, 0 - 1080, 2460) d=0 taskParent=-1} info.getType(): 1
03-02 10:02:42.652  1999  1999 I AnimStateManager: onAnimationEnd animSymbols(com.miui.home.recents.util.RectFSpringAnim@929e163 com.miui.home.recents.util.RectFSpringAnim@929e163)
03-02 10:02:42.652  1999  1999 I AnimStateManager: go to state com.miui.home.recents.anim.StateManager$IdleState@75a357d
03-02 10:02:42.652  2363  2477 D SoScStageCoordinator: inCloseTransition:false pairsStartedWithCloseTransition:false isRequestCloseTriggerTask:false inSingleSoScState:false inSoScUnactivie:true closeStage:null
03-02 10:02:42.653  1621  1651 W ActivityTaskManager: Can't find TaskDisplayArea to determine support for multi window. Task id=37016 attached=false
03-02 10:02:42.654  1621  4427 W UserManagerService: Requested status bar icon for non-badged user 0
03-02 10:02:42.654  2363  2477 D TransitionAnimationHelper:  load default animation  type = 1 enter = false animAttr = 19 isTask = true translucent = false
03-02 10:02:42.654  1621  3051 I ATMSImpl: cacheTasksForDefaultDisplay size=3
03-02 10:02:42.655  1621  1651 D MiuiRefreshRatePolicy: reset
03-02 10:02:42.655  1999  2684 D RecentsModel: getRunningTask ignoreActivityType : 2 ,ignoreWindowMode:5
03-02 10:02:42.655  2363  2477 D TransitionAnimationHelper:  load default animation  type = 1 enter = true animAttr = 18 isTask = true translucent = false
03-02 10:02:42.656  1999  2684 W RecentsModel: getRunningTask   taskInfo=TaskInfo{userId=0 taskId=37017 displayId=0 isRunning=true baseIntent=Intent { flg=0x10000000 cmp=com.softnation.Ojam/.MainActivity } baseActivity=ComponentInfo{com.softnation.Ojam/com.softnation.Ojam.MainActivity} topActivity=ComponentInfo{com.softnation.Ojam/com.softnation.Ojam.MainActivity} origActivity=null realActivity=ComponentInfo{com.softnation.Ojam/com.softnation.Ojam.MainActivity} numActivities=1 lastActiveTime=1025122075 supportsSplitScreenMultiWindow=true supportsMultiWindow=true resizeMode=1 isResizeable=true minWidth=-1 minHeight=-1 defaultMinSize=200 token=WCT{android.window.IWindowContainerToken$Stub$Proxy@e451619} topActivityType=1 pictureInPictureParams=null shouldDockBigOverlays=false launchIntoPipHostTaskId=-1 lastParentTaskIdBeforePip=-1 displayCutoutSafeInsets=null topActivityInfo=ActivityInfo{7c36de com.softnation.Ojam.MainActivity} launchCookies=[] positionInParent=Point(0, 0) parentTaskId=-1 isFocused=false isVisible=true isVisibleRequested=true isSleeping=false locusId=null displayAreaFeatureId=1 isTopActivityTransparent=false appCompatTaskInfo=AppCompatTaskInfo { topActivityInSizeCompat=false topActivityEligibleForLetterboxEducation= falseisLetterboxEducationEnabled= false isLetterboxDoubleTapEnabled= false topActivityEligibleForUserAspectRatioButton= false topActivityBoundsLetterboxed= false isFromLetterboxDoubleTap= false topActivityLetterboxVerticalPosition= -1 topActivityLetterboxHorizontalPosition= -1 topActivityLetterboxWidth=1080 topActivityLetterboxHeight=2460 isUserFullscreenOverrideEnabled=false isSystemFullscreenOverrideEnabled=false cameraCompatTaskInfo=CameraCompatTaskInfo { cameraCompatControlState=hidden freeformCameraCompatMode=inactive}} isImmersive=false mTopActivityRequestOrientation=1 mBehindAppLockPkg=null mOriginatingUid=0 isEmbedded=false shouldBeVisible=true mIsCastMode=false mTopActivityMediaSize=null mTopActivityRecordName=ActivityRecord{47298d0 u0 com.softnation.Ojam/.MainActivity t37017} mTopActivityOrientation=1}
03-02 10:02:42.656  1999  2684 D RecentsModel: preloadRecents runningTaskId:37017, mCurrentRunningTaskId:-1, mRecentsTaskLoadPlan=com.android.systemui.shared.recents.model.RecentsTaskLoadPlan@b4f30bf
03-02 10:02:42.657  1999  2684 E ActivityManagerWrapper: get all recent tasks force including 37017
03-02 10:02:42.658  1621  1651 I ActivityTaskManager: visible for Task{27e6aff #2 type=home I=com.miui.home/.launcher.Launcher} visible = true isAnimating = false TRANSITION = false PARENTS = false CHILDREN = false
03-02 10:02:42.658  2363  2540 D ShellTransitions: speed ui!!!!!!!!!!!
03-02 10:02:42.658  1621  3051 W UserManagerService: Requested status bar icon for non-badged user 0
03-02 10:02:42.659  2363  2477 I MultiTaskingTaskRepository: no MULTI_WINDOW, but base activity is null
03-02 10:02:42.659   921   921 I SurfaceFlinger: onHandleDestroyed: name=Task=37016#132811, layerId=132811, parentId=0
03-02 10:02:42.659  1999 29002 D EventBus: No subscribers registered for event class com.miui.home.recents.messages.RecentTasksChangedEvent
03-02 10:02:42.659   921   921 I SurfaceFlinger: onHandleDestroyed: name=ActivityRecord{f597771 u0 com.softnation.Ojam/.MainActivity t37016}#132668, layerId=132668, parentId=0
03-02 10:02:42.659   921   921 I SurfaceFlinger: onHandleDestroyed: name=beb419a com.softnation.Ojam/com.softnation.Ojam.MainActivity#132675, layerId=132675, parentId=0
03-02 10:02:42.659  2363  2477 D MulWinSwitchDecorViewModel: destroyWindowDecoration: taskId=37016 windowingMode=1 mWindowDecorByTaskId.size()=0 callers=com.android.wm.shell.fullscreen.FullscreenTaskListener.onTaskVanished:104 com.android.wm.shell.ShellTaskOrganizer.onTaskVanished:128 android.window.TaskOrganizer$1.lambda$onTaskVanished$6:317 android.window.TaskOrganizer$1.$r8$lambda$8ODi_1s42Z5SmyxWXsgMLDG64pA:0 android.window.TaskOrganizer$1$$ExternalSyntheticLambda0.run:0 
03-02 10:02:42.660   921   921 I SurfaceFlinger: onHandleDestroyed: name=com.softnation.Ojam/com.softnation.Ojam.MainActivity#132742, layerId=132742, parentId=0
03-02 10:02:42.660   921   921 I SurfaceFlinger: onHandleDestroyed: name=1389cfb ActivityRecordInputSink com.softnation.Ojam/.MainActivity#132738, layerId=132738, parentId=0
03-02 10:02:42.660  2363  2477 D MulWinSwitchDecorViewModel: handleEventReceiverIfMultiWinSwitchIsUnsupported: removeEventReceiver, callers=com.android.wm.shell.multitasking.miuimultiwinswitch.miuiwindowdecor.MulWinSwitchDecorViewModel.destroyWindowDecoration:82 com.android.wm.shell.fullscreen.FullscreenTaskListener.onTaskVanished:104 com.android.wm.shell.ShellTaskOrganizer.onTaskVanished:128 android.window.TaskOrganizer$1.lambda$onTaskVanished$6:317 android.window.TaskOrganizer$1.$r8$lambda$8ODi_1s42Z5SmyxWXsgMLDG64pA:0 
03-02 10:02:42.660  2363  2477 D MultiTaskingTaskRepository: onTaskVanished: taskInfo.taskId: 37016 current mMultiTaskingTaskInfoList: { ,37017 ,37016 ,36980 ,36770 ,36289 ,5 ,4 }
03-02 10:02:42.660  2363  2477 D MultiTaskingTaskRepository: removeFullscreenTask taskId=37016
03-02 10:02:42.660  2363  2477 D MiuiFreeformModeCornerTipHandler: task#37016 onTaskVanished
03-02 10:02:42.660  2363  2477 I MiuiBubbleController: removeBubble: 37016 reason=2
03-02 10:02:42.660  1999 29002 D EventBus: No subscribers registered for event class org.greenrobot.eventbus.NoSubscriberEvent
03-02 10:02:42.661  2363  2477 I MultiTaskingTaskInfo: before call clearMaskControl task id = 37016, CoverLayerController = null, callers=com.android.wm.shell.multitasking.taskmanager.MultiTaskingTaskListener.onTaskVanished:148 com.android.wm.shell.ShellTaskOrganizer.onTaskVanished:141 android.window.TaskOrganizer$1.lambda$onTaskVanished$6:317 android.window.TaskOrganizer$1.$r8$lambda$8ODi_1s42Z5SmyxWXsgMLDG64pA:0 android.window.TaskOrganizer$1$$ExternalSyntheticLambda0.run:0 
03-02 10:02:42.661  2363  2477 I MultiTaskingTaskRepository: onTaskVanish multi list = [5, 4], full = [37017, 36980]
03-02 10:02:42.661  1999 29002 D EventBus: No subscribers registered for event class com.miui.home.recents.messages.RecentTasksChangedEvent
03-02 10:02:42.662  1621  3051 I ATMSImpl: cacheTasksForDefaultDisplay size=3
03-02 10:02:42.662  1999 29002 D EventBus: No subscribers registered for event class org.greenrobot.eventbus.NoSubscriberEvent
03-02 10:02:42.666  1999  2684 E ActivityManagerWrapper: getRecentTasksForceIncludingTaskIdIfValid: getRecentTasks: size=3
03-02 10:02:42.666  1999  2684 E ActivityManagerWrapper:  mainTaskId=37017   userId=0   windowMode=1   baseIntent=Intent { act=null flag=268435456 cmp=ComponentInfo{com.softnation.Ojam/com.softnation.Ojam.MainActivity} }
03-02 10:02:42.666  1999  2684 E ActivityManagerWrapper:  mainTaskId=37015   userId=0   windowMode=1   baseIntent=Intent { act=null flag=268435456 cmp=ComponentInfo{com.whatsapp/com.whatsapp.home.ui.HomeActivity} }
03-02 10:02:42.666  1999  2684 E ActivityManagerWrapper:  mainTaskId=36980   userId=0   windowMode=1   baseIntent=Intent { act=android.intent.action.MAIN flag=270532608 cmp=ComponentInfo{com.twitter.android/com.twitter.android.StartActivity} }
03-02 10:02:42.670  1999  2684 D WorldCirculate: getWorldCirculateInfo, taskInfo.baseIntent=Intent { flg=0x10000000 cmp=com.whatsapp/.home.ui.HomeActivity }, displayId=-1, but get Display failed
03-02 10:02:42.670  2350  2350 W Settings: Setting airplane_mode_on has moved from android.provider.Settings.System to android.provider.Settings.Global, returning read-only value.
03-02 10:02:42.672  2350  2350 W Settings: Setting airplane_mode_on has moved from android.provider.Settings.System to android.provider.Settings.Global, returning read-only value.
03-02 10:02:42.673  1621  1651 I ActivityTaskManager: visible for Task{27e6aff #2 type=home I=com.miui.home/.launcher.Launcher} visible = true isAnimating = false TRANSITION = false PARENTS = false CHILDREN = false
03-02 10:02:42.675  1999  2684 D TaskSnapshotCompatVV: getIsInvalidateFromTaskSnapshot, return, mTaskSnapshot=null, mTaskSnapshotClazz=null
03-02 10:02:42.675  1999  2684 D RecentsModel: onTaskStackChangedBackground    MSG_TASK_STACK_CHANGE
03-02 10:02:42.675  1999  2684 D RecentsModel: boostTaskStackChangedThread, don't boost
03-02 10:02:42.676  2350 29580 D NetworkSpeedTracker: updateSignalInfo lteRsrp=-77lteSnr=16,phoneId=1
03-02 10:02:42.676  1621  4754 I ATMSImpl: cacheTasksForDefaultDisplay size=3
03-02 10:02:42.676   921   921 I BufferQueueDebug: [com.softnation.Ojam/com.softnation.Ojam.MainActivity#132742](this:0xb400007bcec80d18,id:-1,api:0,p:-1,c:921) onDestructor()
03-02 10:02:42.676   921  1484 E BpTransactionCompletedListener: Failed to transact (-32)
03-02 10:02:42.677   921   921 I BufferQueueDebug: [beb419a com.softnation.Ojam/com.softnation.Ojam.MainActivity#132675](this:0xb400007bcec86838,id:-1,api:0,p:-1,c:921) onDestructor()
03-02 10:02:42.677   921   921 I BufferQueueDebug: [ActivityRecord{f597771 u0 com.softnation.Ojam/.MainActivity t37016}#132668](this:0xb400007bcecab888,id:-1,api:0,p:-1,c:921) onDestructor()
03-02 10:02:42.677   921   921 I BufferQueueDebug: [Task=37016#132811](this:0xb400007bcecb4138,id:-1,api:0,p:-1,c:921) onDestructor()
03-02 10:02:42.677   921   921 I BufferQueueDebug: [1389cfb ActivityRecordInputSink com.softnation.Ojam/.MainActivity#132738](this:0xb400007bcecc8028,id:-1,api:0,p:-1,c:921) onDestructor()
03-02 10:02:42.677  1999  2684 D RecentsModel: getRunningTask ignoreActivityType : 2 ,ignoreWindowMode:5
03-02 10:02:42.678  1999  2684 W RecentsModel: getRunningTask   taskInfo=TaskInfo{userId=0 taskId=37017 displayId=0 isRunning=true baseIntent=Intent { flg=0x10000000 cmp=com.softnation.Ojam/.MainActivity } baseActivity=ComponentInfo{com.softnation.Ojam/com.softnation.Ojam.MainActivity} topActivity=ComponentInfo{com.softnation.Ojam/com.softnation.Ojam.MainActivity} origActivity=null realActivity=ComponentInfo{com.softnation.Ojam/com.softnation.Ojam.MainActivity} numActivities=1 lastActiveTime=1025122097 supportsSplitScreenMultiWindow=true supportsMultiWindow=true resizeMode=1 isResizeable=true minWidth=-1 minHeight=-1 defaultMinSize=200 token=WCT{android.window.IWindowContainerToken$Stub$Proxy@25dec78} topActivityType=1 pictureInPictureParams=null shouldDockBigOverlays=false launchIntoPipHostTaskId=-1 lastParentTaskIdBeforePip=-1 displayCutoutSafeInsets=null topActivityInfo=ActivityInfo{cda6f51 com.softnation.Ojam.MainActivity} launchCookies=[] positionInParent=Point(0, 0) parentTaskId=-1 isFocused=false isVisible=true isVisibleRequested=true isSleeping=false locusId=null displayAreaFeatureId=1 isTopActivityTransparent=false appCompatTaskInfo=AppCompatTaskInfo { topActivityInSizeCompat=false topActivityEligibleForLetterboxEducation= falseisLetterboxEducationEnabled= false isLetterboxDoubleTapEnabled= false topActivityEligibleForUserAspectRatioButton= false topActivityBoundsLetterboxed= false isFromLetterboxDoubleTap= false topActivityLetterboxVerticalPosition= -1 topActivityLetterboxHorizontalPosition= -1 topActivityLetterboxWidth=1080 topActivityLetterboxHeight=2460 isUserFullscreenOverrideEnabled=false isSystemFullscreenOverrideEnabled=false cameraCompatTaskInfo=CameraCompatTaskInfo { cameraCompatControlState=hidden freeformCameraCompatMode=inactive}} isImmersive=false mTopActivityRequestOrientation=1 mBehindAppLockPkg=null mOriginatingUid=0 isEmbedded=false shouldBeVisible=true mIsCastMode=false mTopActivityMediaSize=null mTopActivityRecordName=ActivityRecord{47298d0 u0 com.softnation.Ojam/.MainActivity t37017} mTopActivityOrientation=1}
03-02 10:02:42.678  1999  2684 D RecentsModel: preloadRecents runningTaskId:37017, mCurrentRunningTaskId:-1, mRecentsTaskLoadPlan=com.android.systemui.shared.recents.model.RecentsTaskLoadPlan@9243b6
03-02 10:02:42.678  1999  2684 E ActivityManagerWrapper: get all recent tasks force including 37017
03-02 10:02:42.680  2350 29580 D NetworkSpeedTracker: updateSignalInfo lteRsrp=-77lteSnr=16,phoneId=1
03-02 10:02:42.683  1999  2684 E ActivityManagerWrapper: getRecentTasksForceIncludingTaskIdIfValid: getRecentTasks: size=3
03-02 10:02:42.683  1999  2684 E ActivityManagerWrapper:  mainTaskId=37017   userId=0   windowMode=1   baseIntent=Intent { act=null flag=268435456 cmp=ComponentInfo{com.softnation.Ojam/com.softnation.Ojam.MainActivity} }
03-02 10:02:42.683  1999  2684 E ActivityManagerWrapper:  mainTaskId=37015   userId=0   windowMode=1   baseIntent=Intent { act=null flag=268435456 cmp=ComponentInfo{com.whatsapp/com.whatsapp.home.ui.HomeActivity} }
03-02 10:02:42.683  1999  2684 E ActivityManagerWrapper:  mainTaskId=36980   userId=0   windowMode=1   baseIntent=Intent { act=android.intent.action.MAIN flag=270532608 cmp=ComponentInfo{com.twitter.android/com.twitter.android.StartActivity} }
03-02 10:02:42.686 12919 12919 I softnation.Ojam: Using CollectorTypeCMC GC.
03-02 10:02:42.687  1999  2684 D WorldCirculate: getWorldCirculateInfo, taskInfo.baseIntent=Intent { flg=0x10000000 cmp=com.whatsapp/.home.ui.HomeActivity }, displayId=-1, but get Display failed
03-02 10:02:42.690  1999  2684 D TaskSnapshotCompatVV: getIsInvalidateFromTaskSnapshot, return, mTaskSnapshot=null, mTaskSnapshotClazz=null
03-02 10:02:42.692  7123  7128 I adbd    : jdwp connection from 12919
03-02 10:02:42.718 12919 12919 D nativeloader: Load libframework-connectivity-tiramisu-jni.so using APEX ns com_android_tethering for caller /apex/com.android.tethering/javalib/framework-connectivity-t.jar: ok
03-02 10:02:42.718   921   921 I MI-SF   : surfaceflinger setAffinity mode=1
03-02 10:02:42.718   921   921 E MI-SF   : surfaceflinger setAffinity success
03-02 10:02:42.718   921   921 I MI-SF   : surfaceflinger setreAffinity reTid=1207
03-02 10:02:42.718   921   921 E MI-SF   : surfaceflinger setAffinity success
03-02 10:02:42.727 12919 12919 I MessageMonitor: Load libmiui_runtime
03-02 10:02:42.733  1621  2197 D SymlinkUtils: attachApplication file op go pass: 0 ms
03-02 10:02:42.741  1621  1648 D Aurogon :  uid = 10337 switch to FG
03-02 10:02:42.742  1621  2197 W MiuiBoosterUtils: enable_miuibooster_launch : false
03-02 10:02:42.743  1621  1918 E HyperSentinel: -------------------------------------------------------
03-02 10:02:42.743  1621  1918 E HyperSentinel: Event_ResidentSize
03-02 10:02:42.743  1621  1918 E HyperSentinel: -> audit event by proc 12919 "usap64": RSS increasement, peak 67988kb -> 104696kb
03-02 10:02:42.744  1621  1894 D isUidValid: uid = 10337
03-02 10:02:42.744  1621  1842 I MiuiNetworkPolicy: updateUidState uid = 10337, uidState = 2
03-02 10:02:42.745  1621  1918 E HyperSentinel: -------------------------------------------------------
03-02 10:02:42.745  1621  1918 E HyperSentinel: Event_ThreadAmount
03-02 10:02:42.745  1621  1918 E HyperSentinel: -> audit event by proc 12919 "usap64": running threads amount, 0 -> 12
03-02 10:02:42.751 12919 12919 I JavaheapMonitor: Disabled. Process name: <pre-initialized>
03-02 10:02:42.755 12919 15613 D MiuiDownscaleImpl: set override inverted scale : 1.0
03-02 10:02:42.756 12919 12919 D MiuiMonitorThread: Shared singleton Thread for stability monitor start
03-02 10:02:42.760 12919 15613 D AppScoutStateMachine: 12919-ScoutStateMachinecreated
03-02 10:02:42.789 12919 12919 D ActivityThread: setEmbeddedParam packageName=com.softnation.Ojam processName=com.softnation.Ojam isEmbedded=false isIsolated=false
03-02 10:02:42.840  1621  4427 D AS.BtHelper: isBluetoothScoOn() mBluetoothHeadset is null: falsemBluetoothHeadsetDevice is null: true
03-02 10:02:42.840  1621  4427 V AS.AudioDeviceBroker: requestedCommunicationDevice: null mAudioModeOwner: AudioModeInfo: mMode=MODE_NORMAL, mPid=0, mUid=0
03-02 10:02:42.840  1621  4427 D AS.BtHelper: isBluetoothScoOn() mBluetoothHeadset is null: falsemBluetoothHeadsetDevice is null: true
03-02 10:02:42.840  1621  4427 V AS.AudioDeviceBroker: requestedCommunicationDevice: null mAudioModeOwner: AudioModeInfo: mMode=MODE_NORMAL, mPid=0, mUid=0
03-02 10:02:42.853  1621  2197 I whetstone.activity: Power Event callback listener is empty for resId=256
03-02 10:02:42.853  1621  2197 D BatteryStatsManagerStub: notifyEvent for resId=256 used 0ms
03-02 10:02:42.853  1621  4427 I ClipboardServiceI: checkProviderWakePathForClipboard: primaryClip is null
03-02 10:02:42.857  1621  1842 I MiuiNetworkPolicy: updateUidState uid = 10204, uidState = 10
03-02 10:02:42.857  1621  2197 W JobScheduler: Job didn't exist in JobStore: 
03-02 10:02:42.860  1621  1842 I MiuiNetworkPolicy: updateUidState uid = 10152, uidState = 10
03-02 10:02:42.863  1621  4427 I ClipboardServiceI: checkProviderWakePathForClipboard: primaryClip is null
03-02 10:02:42.868  1621  1842 I MiuiNetworkPolicy: updateUidState uid = 10204, uidState = 19
03-02 10:02:42.869  1621  1842 I MiuiNetworkPolicy: updateUidState uid = 10152, uidState = 19
03-02 10:02:42.870 19959 20500 V CAM_ParallelProcessProvider: query uri: content://com.xiaomi.camera.parallelservice.provider.SpecialTypesProvider/processing
03-02 10:02:42.870 19959 20500 V CAM_ParallelProcessProvider: getDbItemSaveTask
03-02 10:02:42.870 19959 20500 E SQLiteLog: (1) no such column: special_type_id in "SELECT media_store_id, progress_status, progress_percentage, special_type_id FROM tasks"
03-02 10:02:42.875 19959 20500 E DatabaseUtils: Writing exception to parcel
03-02 10:02:42.875 19959 20500 E DatabaseUtils: android.database.sqlite.SQLiteException: no such column: special_type_id (code 1 SQLITE_ERROR): , while compiling: SELECT media_store_id, progress_status, progress_percentage, special_type_id FROM tasks
03-02 10:02:42.875 19959 20500 E DatabaseUtils: 	at android.database.sqlite.SQLiteConnection.nativePrepareStatement(Native Method)
03-02 10:02:42.875 19959 20500 E DatabaseUtils: 	at android.database.sqlite.SQLiteConnection.-$$Nest$smnativePrepareStatement(Unknown Source:0)
03-02 10:02:42.875 19959 20500 E DatabaseUtils: 	at android.database.sqlite.SQLiteConnection$PreparedStatementCache.createStatement(SQLiteConnection.java:1562)
03-02 10:02:42.875 19959 20500 E DatabaseUtils: 	at android.database.sqlite.SQLiteConnection.acquirePreparedStatementLI(SQLiteConnection.java:1098)
03-02 10:02:42.875 19959 20500 E DatabaseUtils: 	at android.database.sqlite.SQLiteConnection.acquirePreparedStatement(SQLiteConnection.java:1126)
03-02 10:02:42.875 19959 20500 E DatabaseUtils: 	at android.database.sqlite.SQLiteConnection.prepare(SQLiteConnection.java:686)
03-02 10:02:42.875 19959 20500 E DatabaseUtils: 	at android.database.sqlite.SQLiteSession.prepare(SQLiteSession.java:614)
03-02 10:02:42.875 19959 20500 E DatabaseUtils: 	at android.database.sqlite.SQLiteProgram.<init>(SQLiteProgram.java:62)
03-02 10:02:42.875 19959 20500 E DatabaseUtils: 	at android.database.sqlite.SQLiteQuery.<init>(SQLiteQuery.java:37)
03-02 10:02:42.875 19959 20500 E DatabaseUtils: 	at android.database.sqlite.SQLiteDirectCursorDriver.query(SQLiteDirectCursorDriver.java:46)
03-02 10:02:42.875 19959 20500 E DatabaseUtils: 	at android.database.sqlite.SQLiteDatabase.rawQueryWithFactory(SQLiteDatabase.java:1823)
03-02 10:02:42.875 19959 20500 E DatabaseUtils: 	at android.database.sqlite.SQLiteDatabase.queryWithFactory(SQLiteDatabase.java:1655)
03-02 10:02:42.875 19959 20500 E DatabaseUtils: 	at android.database.sqlite.SQLiteDatabase.query(SQLiteDatabase.java:1512)
03-02 10:02:42.875 19959 20500 E DatabaseUtils: 	at android.database.sqlite.SQLiteDatabase.query(SQLiteDatabase.java:1738)
03-02 10:02:42.875 19959 20500 E DatabaseUtils: 	at com.xiaomi.camera.parallelservice.provider.ParallelProcessProvider.f(Unknown Source:187)
03-02 10:02:42.875 19959 20500 E DatabaseUtils: 	at com.xiaomi.camera.parallelservice.provider.ParallelProcessProvider.query(Unknown Source:86)
03-02 10:02:42.875 19959 20500 E DatabaseUtils: 	at android.content.ContentProvider.query(ContentProvider.java:1633)
03-02 10:02:42.875 19959 20500 E DatabaseUtils: 	at android.content.ContentProvider.query(ContentProvider.java:1729)
03-02 10:02:42.875 19959 20500 E DatabaseUtils: 	at android.content.ContentProvider$Transport.query(ContentProvider.java:301)
03-02 10:02:42.875 19959 20500 E DatabaseUtils: 	at android.content.ContentProviderNative.onTransact(ContentProviderNative.java:110)
03-02 10:02:42.875 19959 20500 E DatabaseUtils: 	at android.os.Binder.execTransactInternal(Binder.java:1507)
03-02 10:02:42.875 19959 20500 E DatabaseUtils: 	at android.os.Binder.execTransact(Binder.java:1451)
03-02 10:02:42.882  1621  2197 W UriGrantsManagerService: No permission grants found for com.google.android.apps.photos
03-02 10:02:42.883  1621  2197 W UriGrantsManagerService: No permission grants found for com.google.android.apps.photos
03-02 10:02:42.885  1999  1999 D Launcher_UnlockAnimationStateMachine: mResetIdleStateRunnable
03-02 10:02:42.986   863   958 I mtkpower@impl: [powerd_req] TIMER_MSG_PERF_LOCK_TIMEOUT hdl:361189
03-02 10:02:42.987   863   958 I libPowerHal: [perfLockRel] hdl:361189, idx:4
03-02 10:02:42.988   863   958 I libPowerHal: [PD] MTKPOWER_HINT_PACK_SWITCH update ONESHOT(unset) cmd:10000700 param:16129 pr:3
03-02 10:02:42.988   863   958 I libPowerHal: [perfLockRel] Done for hdl : 361189
03-02 10:02:43.021  1055  1186 D connsyslogger: SD_LOG_ROOT is /data/debuglogger/connsyslog/fw.
03-02 10:02:43.021  1055  1186 D connsyslogger: systemReady:1
03-02 10:02:43.186  2363  2540 E SurfaceComposerClient: SurfaceComposerClient::Transaction::setAlpha: invalid alpha 1.000005, clamping
03-02 10:02:43.202  2363  2540 E SurfaceComposerClient: SurfaceComposerClient::Transaction::setAlpha: invalid alpha 1.000044, clamping
03-02 10:02:43.219  2363  2540 E SurfaceComposerClient: SurfaceComposerClient::Transaction::setAlpha: invalid alpha 1.000063, clamping
03-02 10:02:43.234  1621  1918 E HyperSentinel: -------------------------------------------------------
03-02 10:02:43.234  1621  1918 E HyperSentinel: Event_ResidentSize
03-02 10:02:43.234  1621  1918 E HyperSentinel: -> audit event by proc 12919 "usap64": RSS increasement, peak 104696kb -> 158356kb
03-02 10:02:43.236  2363  2540 E SurfaceComposerClient: SurfaceComposerClient::Transaction::setAlpha: invalid alpha 1.000064, clamping
03-02 10:02:43.236  2363  2540 E SurfaceComposerClient: SurfaceComposerClient::Transaction::setAlpha: invalid alpha 1.000064, clamping
03-02 10:02:43.237  2363  2477 D SoScUtils: monitorTransitionFinished transition:android.os.BinderProxy@6258201 transaction: android.view.SurfaceControl$Transaction@7236765 mRequestCloseTransition:null mRequestOpenTransition:null mRequestOpenTransitionWithSameTask size:0 mPairsOpenTransition:null mPairsOpenTransitionNull:null mRequestOpenTriggerTask:-1 mRequestCloseTriggerTask:-1 mOrientationTransition: null mMainStartingTask:-1 mSideStartingTask:-1
03-02 10:02:43.241  1621  1638 D WindowManager: Finish Transition (#10126): created at 03-02 10:02:42.452 collect-started=0.035ms request-sent=26.71ms started=55.242ms ready=123.079ms sent=138.341ms finished=788.236ms
03-02 10:02:43.242 14013 14013 D VRI[LauncherMinusOneScreen]: visibilityChanged oldVisibility=true newVisibility=false
03-02 10:02:43.243  1999  1999 D VRI[Launcher]: visibilityChanged oldVisibility=true newVisibility=false
03-02 10:02:43.243 11917 11917 D VRI[globalminusscreen]: visibilityChanged oldVisibility=true newVisibility=false
03-02 10:02:43.244  1621  2197 I Transition: finishTransition: updateLastSurfacePosition tf=Task{a69e3ce #37017 type=standard A=10337:com.softnation.Ojam}
03-02 10:02:43.247   921  1170 W VsyncModulator: setTransactionSchedule: Unexpected EarlyEnd
03-02 10:02:43.247  2363  2477 I RemoteTransitionHandlerStubImpl: invokeAndRemoveWctCB transition is null, curWctCB: null
03-02 10:02:43.248  2061  2061 I MiuiWallpaper-ImageWallpaper: onVisibilityChanged, visible = false, ret=true
03-02 10:02:43.249  1621  4427 W UserManagerService: Requested status bar icon for non-badged user 0
03-02 10:02:43.250  2061  2061 I MiuiWallpaper-MiuiKeyguardPictorialWallpaper: onVisibilityChanged, visible = false, ret=true
03-02 10:02:43.250  1621  4427 W UserManagerService: Requested status bar icon for non-badged user 0
03-02 10:02:43.260  1621  1651 I ActivityTaskManager: visible for Task{a69e3ce #37017 type=standard A=10337:com.softnation.Ojam} visible = true isAnimating = false TRANSITION = false PARENTS = false CHILDREN = false
03-02 10:02:43.266   921   921 I MI-SF   : surfaceflinger setAffinity mode=0
03-02 10:02:43.267   921   921 E MI-SF   : surfaceflinger setAffinity success
03-02 10:02:43.268  2363  2477 I MultiTaskingTaskRepository: needSkip: is home task
03-02 10:02:43.269  1999 29002 D EventBus: No subscribers registered for event class com.miui.home.recents.messages.RecentTasksChangedEvent
03-02 10:02:43.269  1999 29002 D EventBus: No subscribers registered for event class org.greenrobot.eventbus.NoSubscriberEvent
03-02 10:02:43.270  1999  2684 D RecentsModel: onTaskStackChangedBackground    MSG_TASK_STACK_CHANGE
03-02 10:02:43.270  1999  2684 D RecentsModel: boostTaskStackChangedThread once, tid=2684, recentResourceLoaderTid=2525
03-02 10:02:43.270  1999  2684 W MiBridge: Permission not granted !!
03-02 10:02:43.270  1999  2684 D Launcher.Boost: setDynamicVIPTaskIfNeeded::tid = 2684 duration = 500
03-02 10:02:43.270  1621  1651 D MiuiRefreshRatePolicy: reset
03-02 10:02:43.277  1621  1651 I ActivityTaskManager: visible for Task{a69e3ce #37017 type=standard A=10337:com.softnation.Ojam} visible = true isAnimating = false TRANSITION = false PARENTS = false CHILDREN = false
03-02 10:02:43.279   921   921 I SurfaceFlinger: onHandleDestroyed: name=b724b3 ActivityRecordInputSink com.miui.home/.launcher.Launcher#132797, layerId=132797, parentId=0
03-02 10:02:43.281  1621  4754 D MiuiRefreshRatePolicy: reset
03-02 10:02:43.283   849  1423 W hwcomposer: [DRMDEV] paramIsSame(), id 34588, w 1080/1080, h 2460/2460, pitch 1088/1088, format 0x1/0x2, secure 0/0  
03-02 10:02:43.284  1621  3051 I SmartPower: com.google.android.googlequicksearchbox:googleapp/10165(14013): visible->invisible(1317ms) R(become invisible) adj=0.
03-02 10:02:43.285  1621  3051 I SmartPower: com.google.android.googlequicksearchbox:search/10165(13966): invisible->background(1318ms) R(become background) adj=250.
03-02 10:02:43.285  1621  3051 I SmartPower: com.google.android.googlequicksearchbox:googleapp/10165(14013): invisible->background(1ms) R(become background) adj=0.
03-02 10:02:43.285  1999  1999 D BLASTBufferQueue: [VRI[Launcher]#1183](f:0,a:3) destructor()
03-02 10:02:43.285  1621  3051 I SmartPower: com.google.android.googlequicksearchbox:interactor/10165(5969): invisible->background(1318ms) R(become background) adj=100.
03-02 10:02:43.285   921  1170 I BpBinder: onLastStrongRef automatically unlinking death recipients: 
03-02 10:02:43.286  1621  3051 I SmartPower: com.miui.home/10166(1999): visible->invisible(1059ms) R(become invisible) adj=0.
03-02 10:02:43.286  1999  1999 D BufferQueueConsumer: [VRI[Launcher]#1183(BLAST Consumer)1183](id:7cf00000567,api:0,p:-1,c:1999) disconnect
03-02 10:02:43.286  1621  3051 I SmartPower: com.miui.home/10166(1999): invisible->background(0ms) R(become background) adj=0.
03-02 10:02:43.286  1621  1922 I SmartPower: com.google.android.gms/10147(8942): idle->background(188136ms) R(add to whitelist) adj=250.
03-02 10:02:43.289  1621  3051 D MiuiRefreshRatePolicy: reset
03-02 10:02:43.291   861   947 I libPerfCtl: xgfGetFPS pid:921 fps:-1
03-02 10:02:43.291   861   947 I libPerfCtl: xgfGetFPS pid:1999 fps:-1
03-02 10:02:43.291   861   947 I libPerfCtl: xgfGetFPS pid:2363 fps:-1
03-02 10:02:43.292   921   921 I BufferQueueDebug: [b724b3 ActivityRecordInputSink com.miui.home/.launcher.Launcher#132797](this:0xb400007bceccadb8,id:-1,api:0,p:-1,c:921) onDestructor()
03-02 10:02:43.293  1621  5056 I ATMSImpl: cacheTasksForDefaultDisplay size=3
03-02 10:02:43.294  1621  2197 I ATMSImpl: cacheTasksForDefaultDisplay size=3
03-02 10:02:43.295  1999  2684 D RecentsModel: getRunningTask ignoreActivityType : 2 ,ignoreWindowMode:5
03-02 10:02:43.295 14013 14013 D BLASTBufferQueue: [VRI[LauncherMinusOneScreen]#3](f:0,a:1) destructor()
03-02 10:02:43.295  1999  2684 W RecentsModel: getRunningTask   taskInfo=TaskInfo{userId=0 taskId=37017 displayId=0 isRunning=true baseIntent=Intent { flg=0x10000000 cmp=com.softnation.Ojam/.MainActivity } baseActivity=ComponentInfo{com.softnation.Ojam/com.softnation.Ojam.MainActivity} topActivity=ComponentInfo{com.softnation.Ojam/com.softnation.Ojam.MainActivity} origActivity=null realActivity=ComponentInfo{com.softnation.Ojam/com.softnation.Ojam.MainActivity} numActivities=1 lastActiveTime=1025122715 supportsSplitScreenMultiWindow=true supportsMultiWindow=true resizeMode=1 isResizeable=true minWidth=-1 minHeight=-1 defaultMinSize=200 token=WCT{android.window.IWindowContainerToken$Stub$Proxy@7cdd290} topActivityType=1 pictureInPictureParams=null shouldDockBigOverlays=false launchIntoPipHostTaskId=-1 lastParentTaskIdBeforePip=-1 displayCutoutSafeInsets=null topActivityInfo=ActivityInfo{42ab789 com.softnation.Ojam.MainActivity} launchCookies=[] positionInParent=Point(0, 0) parentTaskId=-1 isFocused=false isVisible=true isVisibleRequested=true isSleeping=false locusId=null displayAreaFeatureId=1 isTopActivityTransparent=false appCompatTaskInfo=AppCompatTaskInfo { topActivityInSizeCompat=false topActivityEligibleForLetterboxEducation= falseisLetterboxEducationEnabled= false isLetterboxDoubleTapEnabled= false topActivityEligibleForUserAspectRatioButton= false topActivityBoundsLetterboxed= false isFromLetterboxDoubleTap= false topActivityLetterboxVerticalPosition= -1 topActivityLetterboxHorizontalPosition= -1 topActivityLetterboxWidth=1080 topActivityLetterboxHeight=2460 isUserFullscreenOverrideEnabled=false isSystemFullscreenOverrideEnabled=false cameraCompatTaskInfo=CameraCompatTaskInfo { cameraCompatControlState=hidden freeformCameraCompatMode=inactive}} isImmersive=false mTopActivityRequestOrientation=1 mBehindAppLockPkg=null mOriginatingUid=0 isEmbedded=false shouldBeVisible=true mIsCastMode=false mTopActivityMediaSize=null mTopActivityRecordName=ActivityRecord{47298d0 u0 com.softnation.Ojam/.MainActivity t37017} mTopActivityOrientation=1}
03-02 10:02:43.296  1999  2684 D RecentsModel: preloadRecents runningTaskId:37017, mCurrentRunningTaskId:-1, mRecentsTaskLoadPlan=com.android.systemui.shared.recents.model.RecentsTaskLoadPlan@712138e
03-02 10:02:43.296   921  1587 I BpBinder: onLastStrongRef automatically unlinking death recipients: 
03-02 10:02:43.297  1999  2684 E ActivityManagerWrapper: get all recent tasks force including 37017
03-02 10:02:43.297  1621  4427 I SmartPower: com.mi.globalminusscreen/10162(11917): visible->invisible(1319ms) R(become invisible) adj=0.
03-02 10:02:43.297 14013 14013 D BufferQueueConsumer: [VRI[LauncherMinusOneScreen]#3(BLAST Consumer)3](id:36bd00000003,api:0,p:-1,c:14013) disconnect
03-02 10:02:43.297  1621  4427 I SmartPower: com.mi.globalminusscreen/10162(11917): invisible->background(0ms) R(become background) adj=0.
03-02 10:02:43.298  1621  1922 I SmartPower: com.google.android.adservices.api/10261(5464): idle->background(186691ms) R(add to whitelist) adj=0.
03-02 10:02:43.298  1621  1922 I SmartPower: com.google.android.webview:sandboxed_process0:org.chromium.content.app.SandboxedPridle->background(185184ms) R(add to whitelist) adj=0.
03-02 10:02:43.298  1621  4427 D MiuiRefreshRatePolicy: reset
03-02 10:02:43.302 11917 11917 D BLASTBufferQueue: [VRI[globalminusscreen]#24](f:0,a:1) destructor()
03-02 10:02:43.302  1621  1651 I ActivityTaskManager: visible for Task{a69e3ce #37017 type=standard A=10337:com.softnation.Ojam} visible = true isAnimating = false TRANSITION = false PARENTS = false CHILDREN = false
03-02 10:02:43.303   921  1587 I BpBinder: onLastStrongRef automatically unlinking death recipients: 
03-02 10:02:43.303 11917 11917 D BufferQueueConsumer: [VRI[globalminusscreen]#24(BLAST Consumer)24](id:2e8d00000018,api:0,p:-1,c:11917) disconnect
03-02 10:02:43.306  1999  2684 E ActivityManagerWrapper: getRecentTasksForceIncludingTaskIdIfValid: getRecentTasks: size=3
03-02 10:02:43.306  1999  2684 E ActivityManagerWrapper:  mainTaskId=37017   userId=0   windowMode=1   baseIntent=Intent { act=null flag=268435456 cmp=ComponentInfo{com.softnation.Ojam/com.softnation.Ojam.MainActivity} }
03-02 10:02:43.306  1999  2684 E ActivityManagerWrapper:  mainTaskId=37015   userId=0   windowMode=1   baseIntent=Intent { act=null flag=268435456 cmp=ComponentInfo{com.whatsapp/com.whatsapp.home.ui.HomeActivity} }
03-02 10:02:43.306  1999  2684 E ActivityManagerWrapper:  mainTaskId=36980   userId=0   windowMode=1   baseIntent=Intent { act=android.intent.action.MAIN flag=270532608 cmp=ComponentInfo{com.twitter.android/com.twitter.android.StartActivity} }
03-02 10:02:43.313  1999  2684 D WorldCirculate: getWorldCirculateInfo, taskInfo.baseIntent=Intent { flg=0x10000000 cmp=com.whatsapp/.home.ui.HomeActivity }, displayId=-1, but get Display failed
03-02 10:02:43.316  1999  2684 D TaskSnapshotCompatVV: getIsInvalidateFromTaskSnapshot, return, mTaskSnapshot=null, mTaskSnapshotClazz=null
03-02 10:02:43.317  1621  3051 I ClipboardServiceI: checkProviderWakePathForClipboard: primaryClip is null
03-02 10:02:43.347  1621  1908 D PerfMTKStubImpl: perfLockReleaseHandler: 361187
03-02 10:02:43.347  1621  1908 I mtkpower_client: perf_lock_rel, hdl:361187, tid:1908
03-02 10:02:43.348  1621  1908 D SchedBoost: stopBoostInternal
03-02 10:02:43.348   863   958 I libPowerHal: [perfLockRel] hdl:361187, idx:3
03-02 10:02:43.348   863   958 I libPowerHal: [unsetGPUFreq] current min:0, max:0; scn_gpu_min:0, scn_gpu_max:-1; scn_gpu_min(HL):-1, scn_gpu_max(HL):-1
03-02 10:02:43.348   863   958 I libPowerHal: system_server: set gpu opp level: 31
03-02 10:02:43.349   863   958 I libPowerHal: system_server: set gpu opp level max: 0
03-02 10:02:43.349   863   958 I libPowerHal: [setGPUFreq] Soft min/max = (31, 0); Hard min/max = (31, 0)
03-02 10:02:43.349   863   958 I libPowerHal: [setGPUFreq] final min/max = (31, 0)
03-02 10:02:43.349   863   958 I libPowerHal: system_server: set gpu opp level: 31
03-02 10:02:43.349  1621  1908 D SchedBoost: thread tid=1999, priority is set to -10
03-02 10:02:43.349   863   958 I libPowerHal: system_server: set gpu opp level max: 0
03-02 10:02:43.349  1621  1908 D SchedBoost: thread tid=2551, priority is set to -10
03-02 10:02:43.349  1621  1908 D SchedBoost: thread tid=2652, priority is set to -20
03-02 10:02:43.350   863   958 I libPowerHal: [perfLockRel] Done for hdl : 361187
03-02 10:02:43.356   921   921 I BufferQueueProducer: [NavigationBar0#101619](this:0xb400007bced454e8,id:-1,api:0,p:-1,c:921) queueBuffer: fps=12.38 dur=1130.83 max=898.44 min=14.26
03-02 10:02:43.452  1999  1999 I TransitionCallback: clear leash = Surface(name=TL_Surface(name=Task=1#47)/@0x80c644_transition-leash#132798)/@0x62c320c, key = ComponentInfo{com.miui.home/com.miui.home.launcher.Launcher}#1
03-02 10:02:43.453  1999  1999 I TransitionCallback: clear leash = Surface(name=TL_Surface(name=Task=37016#132667)/@0xfd5532d_transition-leash#132799)/@0xe6dde36, key = ComponentInfo{com.softnation.Ojam/com.softnation.Ojam.MainActivity}#37016
03-02 10:02:43.453  1999  1999 D TransitionCallback: mNoCacheLeashList recycle Surface(name=TL_Surface(name=WallpaperWindowToken{2d6d85a token=android.os.Binder@8dfa005}#66)/@0xefa5062_transition-leash#132800)/@0x9e89910
03-02 10:02:43.454  1999  1999 D TransitionCallback: mNoCacheLeashList recycle Surface(name=TL_Surface(name=WallpaperWindowToken{d3319dd token=android.os.Binder@113b9b4}#64)/@0x2de45f3_transition-leash#132801)/@0xc767e0e
03-02 10:02:43.457   921   921 I SurfaceFlinger: onHandleDestroyed: name=TL_Surface(name=WallpaperWindowToken{2d6d85a token=android.os.Binder@8dfa005}#66)/@0xefa5062_transition-leash#132800, layerId=132800, parentId=0
03-02 10:02:43.457   921   921 I SurfaceFlinger: onHandleDestroyed: name=TL_Surface(name=WallpaperWindowToken{d3319dd token=android.os.Binder@113b9b4}#64)/@0x2de45f3_transition-leash#132801, layerId=132801, parentId=0
03-02 10:02:43.457   921   921 I SurfaceFlinger: onHandleDestroyed: name=TL_Surface(name=Task=1#47)/@0x80c644_transition-leash#132798, layerId=132798, parentId=0
03-02 10:02:43.457   921   921 I SurfaceFlinger: onHandleDestroyed: name=TL_Surface(name=Task=37016#132667)/@0xfd5532d_transition-leash#132799, layerId=132799, parentId=0
03-02 10:02:43.474   921   921 I BufferQueueDebug: [TL_Surface(name=Task=1#47)/@0x80c644_transition-leash#132798](this:0xb400007bcec91e78,id:-1,api:0,p:-1,c:921) onDestructor()
03-02 10:02:43.474   921   921 I BufferQueueDebug: [TL_Surface(name=Task=37016#132667)/@0xfd5532d_transition-leash#132799](this:0xb400007bcecbc9e8,id:-1,api:0,p:-1,c:921) onDestructor()
03-02 10:02:43.474   921   921 I BufferQueueDebug: [TL_Surface(name=WallpaperWindowToken{d3319dd token=android.os.Binder@113b9b4}#64)/@0x2de45f3_transition-leash#132801](this:0xb400007bcecd08d8,id:-1,api:0,p:-1,c:921) onDestructor()
03-02 10:02:43.475   921   921 I BufferQueueDebug: [TL_Surface(name=WallpaperWindowToken{2d6d85a token=android.os.Binder@8dfa005}#66)/@0xefa5062_transition-leash#132800](this:0xb400007bcecdbf18,id:-1,api:0,p:-1,c:921) onDestructor()
03-02 10:02:43.573   849   849 I hwcomposer: [HWCDisplay] (0 updateFps():3667), (type:1, mode:2) fps:57.581291,dur:1007.27,max:64.18,min:11.33  
03-02 10:02:43.624 18562 18789 D BluetoothDevice: getAddress: mAddress=XX:XX:XX:XX:61:B3
03-02 10:02:43.624 18562 18789 D BluetoothDevice: getAddress: mAddress=XX:XX:XX:XX:61:B3
03-02 10:02:43.624 18562 18789 D BluetoothDevice: getAddress: mAddress=XX:XX:XX:XX:61:B3
03-02 10:02:43.783 12919 12919 D nativeloader: Configuring clns-7 for other apk /data/app/~~Bh61wenJZi6JNVEuOkVQfQ==/com.softnation.Ojam-nnCVAdHxKfOmup5FCuBDYQ==/base.apk. target_sdk_version=36, uses_libraries=, library_path=/data/app/~~Bh61wenJZi6JNVEuOkVQfQ==/com.softnation.Ojam-nnCVAdHxKfOmup5FCuBDYQ==/lib/arm64:/data/app/~~Bh61wenJZi6JNVEuOkVQfQ==/com.softnation.Ojam-nnCVAdHxKfOmup5FCuBDYQ==/base.apk!/lib/arm64-v8a, permitted_path=/data:/mnt/expand:/data/user/0/com.softnation.Ojam
03-02 10:02:43.802 12919 12919 V GraphicsEnvironment: Currently set values for:
03-02 10:02:43.802 12919 12919 V GraphicsEnvironment:   angle_gl_driver_selection_pkgs=[]
03-02 10:02:43.802 12919 12919 V GraphicsEnvironment:   angle_gl_driver_selection_values=[]
03-02 10:02:43.802 12919 12919 V GraphicsEnvironment: Global.Settings values are invalid: number of packages: 0, number of values: 0
03-02 10:02:43.802 12919 12919 V GraphicsEnvironment: Neither updatable production driver nor prerelease driver is supported.
03-02 10:02:43.804 12919 12919 I ActivityThread: TrafficStats init done
03-02 10:02:43.808  1621  3051 D ForceDarkAppConfigProvider: cloudConfigVersion: -1   localConfigVersion:20250515
03-02 10:02:43.808  1621  3051 I UiModeManager: systemserver package:com.softnation.Ojam null
03-02 10:02:43.809 12919 12919 I ForceDarkHelperStubImpl: initialize for com.softnation.Ojam , ForceDarkAppConfig: null
03-02 10:02:43.812 12919 12919 D nativeloader: Load libforcedarkimpl.so using system ns (caller=/system_ext/framework/miui-framework.jar): ok
03-02 10:02:43.812 12919 12919 D HWUI    : JNI_OnLoad success
03-02 10:02:43.812 12919 12919 I MiuiForceDarkConfig: setConfig density:2.750000, mainRule:0, secondaryRule:0, tertiaryRule:0
03-02 10:02:43.815 12919 12919 I ActivityThread: Miui Feature Init done
03-02 10:02:43.843  1621  3051 D AS.BtHelper: isBluetoothScoOn() mBluetoothHeadset is null: falsemBluetoothHeadsetDevice is null: true
03-02 10:02:43.843  1621  3051 V AS.AudioDeviceBroker: requestedCommunicationDevice: null mAudioModeOwner: AudioModeInfo: mMode=MODE_NORMAL, mPid=0, mUid=0
03-02 10:02:43.844  1621  3051 D AS.BtHelper: isBluetoothScoOn() mBluetoothHeadset is null: falsemBluetoothHeadsetDevice is null: true
03-02 10:02:43.844  1621  3051 V AS.AudioDeviceBroker: requestedCommunicationDevice: null mAudioModeOwner: AudioModeInfo: mMode=MODE_NORMAL, mPid=0, mUid=0
03-02 10:02:43.947 12919 12919 W FirebaseApp: Default FirebaseApp failed to initialize because no default options were found. This usually means that com.google.gms:google-services was not applied to your gradle project.
03-02 10:02:43.947 12919 12919 I FirebaseInitProvider: FirebaseApp initialization unsuccessful
03-02 10:02:43.978  1621  3051 I ClipboardServiceI: checkProviderWakePathForClipboard: primaryClip is null
03-02 10:02:43.990 12919 12919 W SoLoader: Initializing SoLoader: 0
03-02 10:02:43.993 12919 12919 W SoLoader: Recording new base apk path: /data/app/~~Bh61wenJZi6JNVEuOkVQfQ==/com.softnation.Ojam-nnCVAdHxKfOmup5FCuBDYQ==/base.apk
03-02 10:02:43.993 12919 12919 W SoLoader: Previously recorded 0 base apk paths.
03-02 10:02:43.995 12919 12919 I SoLoader: Preparing SO source: DirectorySoSource[root = /vendor/lib64 flags = 2]
03-02 10:02:43.996 12919 12919 I SoLoader: Preparing SO source: DirectorySoSource[root = /system/lib64 flags = 2]
03-02 10:02:43.996 12919 12919 I SoLoader: Preparing SO source: DirectApkSoSource[root = [/data/app/~~Bh61wenJZi6JNVEuOkVQfQ==/com.softnation.Ojam-nnCVAdHxKfOmup5FCuBDYQ==/base.apk!/lib/arm64-v8a]]
03-02 10:02:44.114  2061 12253 W HWUI    : Surface doesn't have any previously queued frames, nothing to readback from
03-02 10:02:44.117 12919 12919 I SoLoader: Preparing SO source: ApplicationSoSource[DirectorySoSource[root = /data/app/~~Bh61wenJZi6JNVEuOkVQfQ==/com.softnation.Ojam-nnCVAdHxKfOmup5FCuBDYQ==/lib/arm64 flags = 0]]
03-02 10:02:44.117 12919 12919 I SoLoader: init finish: 4 SO sources prepared
03-02 10:02:44.117 12919 12919 W SoLoader: SoLoader initialized: 8
03-02 10:02:44.118  2061 12253 W HWUI    : Surface doesn't have any previously queued frames, nothing to readback from
03-02 10:02:44.135  1177  1177 I thermal_src: recvmsg_expect 5, but get 2 
03-02 10:02:44.136  1177  1177 V thermal_src: TA_DAEMON_CMD_GET_TPCB:ERROR ret=-1
03-02 10:02:44.136  1177  1177 E thermal_src: get_tpcb_from_kernel:error -1. retry...
03-02 10:02:44.136  1177  1177 I thermal_src: recvmsg_expect 5, but get 2 
03-02 10:02:44.136  1177  1177 V thermal_src: TA_DAEMON_CMD_GET_TPCB:ERROR ret=-1
03-02 10:02:44.136  1177  1177 E thermal_src: get_tpcb_from_kernel:error -1. retry...
03-02 10:02:44.136  1177  1177 I thermal_src: recvmsg_expect 5, but get 2 
03-02 10:02:44.136  1177  1177 V thermal_src: TA_DAEMON_CMD_GET_TPCB:ERROR ret=-1
03-02 10:02:44.136  1177  1177 E thermal_src: get_tpcb_from_kernel:error -1. retry...
03-02 10:02:44.136  1177  1177 I thermal_src: recvmsg_expect 4, but get 5 
03-02 10:02:44.136  1177  1177 V thermal_src: TA_DAEMON_CMD_SET_TTJ:ERROR ret=-1
03-02 10:02:44.136  1177  1177 E thermal_src: set_ttj_to_kernel 1:error -1
03-02 10:02:44.136  1177  1177 I thermal_src: recvmsg_expect 2, but get 5 
03-02 10:02:44.136  1177  1177 V thermal_src: waiting NOTIFY from kernel miss, -1
03-02 10:02:44.136  1177  1177 I thermal_src: recvmsg_expect 2, but get 5 
03-02 10:02:44.136  1177  1177 V thermal_src: waiting NOTIFY from kernel miss, -1
03-02 10:02:44.136  1177  1177 I thermal_src: recvmsg_expect 2, but get 4 
03-02 10:02:44.136  1177  1177 V thermal_src: waiting NOTIFY from kernel miss, -1
03-02 10:02:44.164 12919 12919 D nativeloader: Load /data/app/~~Bh61wenJZi6JNVEuOkVQfQ==/com.softnation.Ojam-nnCVAdHxKfOmup5FCuBDYQ==/base.apk!/lib/arm64-v8a/libc++_shared.so using class loader ns clns-7 (caller=/data/app/~~Bh61wenJZi6JNVEuOkVQfQ==/com.softnation.Ojam-nnCVAdHxKfOmup5FCuBDYQ==/base.apk!classes20.dex): ok
03-02 10:02:44.184 12919 12919 D nativeloader: Load /data/app/~~Bh61wenJZi6JNVEuOkVQfQ==/com.softnation.Ojam-nnCVAdHxKfOmup5FCuBDYQ==/base.apk!/lib/arm64-v8a/libjsi.so using class loader ns clns-7 (caller=/data/app/~~Bh61wenJZi6JNVEuOkVQfQ==/com.softnation.Ojam-nnCVAdHxKfOmup5FCuBDYQ==/base.apk!classes20.dex): ok
03-02 10:02:44.205 12919 12919 D nativeloader: Load /data/app/~~Bh61wenJZi6JNVEuOkVQfQ==/com.softnation.Ojam-nnCVAdHxKfOmup5FCuBDYQ==/base.apk!/lib/arm64-v8a/libfbjni.so using class loader ns clns-7 (caller=/data/app/~~Bh61wenJZi6JNVEuOkVQfQ==/com.softnation.Ojam-nnCVAdHxKfOmup5FCuBDYQ==/base.apk!classes20.dex): ok
03-02 10:02:44.222 12919 12919 D nativeloader: Load /data/app/~~Bh61wenJZi6JNVEuOkVQfQ==/com.softnation.Ojam-nnCVAdHxKfOmup5FCuBDYQ==/base.apk!/lib/arm64-v8a/libreactnative.so using class loader ns clns-7 (caller=/data/app/~~Bh61wenJZi6JNVEuOkVQfQ==/com.softnation.Ojam-nnCVAdHxKfOmup5FCuBDYQ==/base.apk!classes20.dex): ok
03-02 10:02:44.223 12919 12919 D jni_lib_merge: Entering merged library JNI_OnLoad.
03-02 10:02:44.223 12919 12919 D jni_lib_merge: Preparing 12 pre-merged libs (including stub)
03-02 10:02:44.223 12919 12919 D jni_lib_merge: Preparing to register libfabricjni_so.  onload_func: 0x7897287ce0
03-02 10:02:44.223 12919 12919 D jni_lib_merge: Preparing to register libreact_devsupportjni_so.  onload_func: 0x7897481fc8
03-02 10:02:44.223 12919 12919 D jni_lib_merge: Preparing to register libreact_featureflagsjni_so.  onload_func: 0x7897490518
03-02 10:02:44.223 12919 12919 D jni_lib_merge: Preparing to register libreact_newarchdefaults_so.  onload_func: 0x78974f86a8
03-02 10:02:44.223 12919 12919 D jni_lib_merge: Preparing to register libreactnativeblob_so.  onload_func: 0x78976e8cb4
03-02 10:02:44.223 12919 12919 D jni_lib_merge: Preparing to register libreactnativejni_so.  onload_func: 0x78977366bc
03-02 10:02:44.223 12919 12919 D jni_lib_merge: Preparing to register libreactnativejni_common_so.  onload_func: 0x7897747044
03-02 10:02:44.223 12919 12919 D jni_lib_merge: Preparing to register librninstance_so.  onload_func: 0x789778e764
03-02 10:02:44.223 12919 12919 D jni_lib_merge: Preparing to register libturbomodulejsijni_so.  onload_func: 0x78978a6f68
03-02 10:02:44.223 12919 12919 D jni_lib_merge: Preparing to register libuimanagerjni_so.  onload_func: 0x78978bffb8
03-02 10:02:44.223 12919 12919 D jni_lib_merge: Preparing to register libyoga_so.  onload_func: 0x78978cfa3c
03-02 10:02:44.223 12919 12919 D jni_lib_merge: About to register 11 actual methods.
03-02 10:02:44.251 12504 12586 W BpBinder: Slow Binder: BpBinder transact took 1366 ms, interface=android.content.IContentProvider, code=1 oneway=false
03-02 10:02:44.270 12919 12919 D nativeloader: Load /data/app/~~Bh61wenJZi6JNVEuOkVQfQ==/com.softnation.Ojam-nnCVAdHxKfOmup5FCuBDYQ==/base.apk!/lib/arm64-v8a/libreact_codegen_rnscreens.so using class loader ns clns-7 (caller=/data/app/~~Bh61wenJZi6JNVEuOkVQfQ==/com.softnation.Ojam-nnCVAdHxKfOmup5FCuBDYQ==/base.apk!classes20.dex): ok
03-02 10:02:44.271 12919 12919 D jni_lib_merge: Entering merged library JNI_OnLoad.
03-02 10:02:44.271 12919 12919 D jni_lib_merge: Preparing 12 pre-merged libs (including stub)
03-02 10:02:44.271 12919 12919 D jni_lib_merge: Preparing to register libfabricjni_so.  onload_func: 0x7897287ce0
