03-02 10:02:44.271 12919 12919 D jni_lib_merge: Preparing to register libreact_devsupportjni_so.  onload_func: 0x7897481fc8
03-02 10:02:44.271 12919 12919 D jni_lib_merge: Preparing to register libreact_featureflagsjni_so.  onload_func: 0x7897490518
03-02 10:02:44.271 12919 12919 D jni_lib_merge: Preparing to register libreact_newarchdefaults_so.  onload_func: 0x78974f86a8
03-02 10:02:44.271 12919 12919 D jni_lib_merge: Preparing to register libreactnativeblob_so.  onload_func: 0x78976e8cb4
03-02 10:02:44.271 12919 12919 D jni_lib_merge: Preparing to register libreactnativejni_so.  onload_func: 0x78977366bc
03-02 10:02:44.271 12919 12919 D jni_lib_merge: Preparing to register libreactnativejni_common_so.  onload_func: 0x7897747044
03-02 10:02:44.271 12919 12919 D jni_lib_merge: Preparing to register librninstance_so.  onload_func: 0x789778e764
03-02 10:02:44.271 12919 12919 D jni_lib_merge: Preparing to register libturbomodulejsijni_so.  onload_func: 0x78978a6f68
03-02 10:02:44.271 12919 12919 D jni_lib_merge: Preparing to register libuimanagerjni_so.  onload_func: 0x78978bffb8
03-02 10:02:44.271 12919 12919 D jni_lib_merge: Preparing to register libyoga_so.  onload_func: 0x78978cfa3c
03-02 10:02:44.271 12919 12919 D jni_lib_merge: About to register 11 actual methods.
03-02 10:02:44.290 12919 12919 D nativeloader: Load /data/app/~~Bh61wenJZi6JNVEuOkVQfQ==/com.softnation.Ojam-nnCVAdHxKfOmup5FCuBDYQ==/base.apk!/lib/arm64-v8a/libreact_codegen_RNCSlider.so using class loader ns clns-7 (caller=/data/app/~~Bh61wenJZi6JNVEuOkVQfQ==/com.softnation.Ojam-nnCVAdHxKfOmup5FCuBDYQ==/base.apk!classes20.dex): ok
03-02 10:02:44.291   861   947 I libPerfCtl: xgfGetFPS pid:921 fps:-1
03-02 10:02:44.291   861   947 I libPerfCtl: xgfGetFPS pid:1999 fps:-1
03-02 10:02:44.291   861   947 I libPerfCtl: xgfGetFPS pid:2363 fps:-1
03-02 10:02:44.312 12919 12919 D nativeloader: Load /data/app/~~Bh61wenJZi6JNVEuOkVQfQ==/com.softnation.Ojam-nnCVAdHxKfOmup5FCuBDYQ==/base.apk!/lib/arm64-v8a/libreact_codegen_rnsvg.so using class loader ns clns-7 (caller=/data/app/~~Bh61wenJZi6JNVEuOkVQfQ==/com.softnation.Ojam-nnCVAdHxKfOmup5FCuBDYQ==/base.apk!classes20.dex): ok
03-02 10:02:44.313 12919 12919 D jni_lib_merge: Entering merged library JNI_OnLoad.
03-02 10:02:44.313 12919 12919 D jni_lib_merge: Preparing 12 pre-merged libs (including stub)
03-02 10:02:44.313 12919 12919 D jni_lib_merge: Preparing to register libfabricjni_so.  onload_func: 0x7897287ce0
03-02 10:02:44.313 12919 12919 D jni_lib_merge: Preparing to register libreact_devsupportjni_so.  onload_func: 0x7897481fc8
03-02 10:02:44.313 12919 12919 D jni_lib_merge: Preparing to register libreact_featureflagsjni_so.  onload_func: 0x7897490518
03-02 10:02:44.313 12919 12919 D jni_lib_merge: Preparing to register libreact_newarchdefaults_so.  onload_func: 0x78974f86a8
03-02 10:02:44.313 12919 12919 D jni_lib_merge: Preparing to register libreactnativeblob_so.  onload_func: 0x78976e8cb4
03-02 10:02:44.313 12919 12919 D jni_lib_merge: Preparing to register libreactnativejni_so.  onload_func: 0x78977366bc
03-02 10:02:44.313 12919 12919 D jni_lib_merge: Preparing to register libreactnativejni_common_so.  onload_func: 0x7897747044
03-02 10:02:44.313 12919 12919 D jni_lib_merge: Preparing to register librninstance_so.  onload_func: 0x789778e764
03-02 10:02:44.313 12919 12919 D jni_lib_merge: Preparing to register libturbomodulejsijni_so.  onload_func: 0x78978a6f68
03-02 10:02:44.313 12919 12919 D jni_lib_merge: Preparing to register libuimanagerjni_so.  onload_func: 0x78978bffb8
03-02 10:02:44.313 12919 12919 D jni_lib_merge: Preparing to register libyoga_so.  onload_func: 0x78978cfa3c
03-02 10:02:44.313 12919 12919 D jni_lib_merge: About to register 11 actual methods.
03-02 10:02:44.330 12919 12919 D nativeloader: Load /data/app/~~Bh61wenJZi6JNVEuOkVQfQ==/com.softnation.Ojam-nnCVAdHxKfOmup5FCuBDYQ==/base.apk!/lib/arm64-v8a/libreact_codegen_safeareacontext.so using class loader ns clns-7 (caller=/data/app/~~Bh61wenJZi6JNVEuOkVQfQ==/com.softnation.Ojam-nnCVAdHxKfOmup5FCuBDYQ==/base.apk!classes20.dex): ok
03-02 10:02:44.347 12919 12919 D nativeloader: Load /data/app/~~Bh61wenJZi6JNVEuOkVQfQ==/com.softnation.Ojam-nnCVAdHxKfOmup5FCuBDYQ==/base.apk!/lib/arm64-v8a/libappmodules.so using class loader ns clns-7 (caller=/data/app/~~Bh61wenJZi6JNVEuOkVQfQ==/com.softnation.Ojam-nnCVAdHxKfOmup5FCuBDYQ==/base.apk!classes20.dex): ok
03-02 10:02:44.353  2363  2477 D MiuiFreeformModeCornerTipHandler: task#37017 onTaskVanished
03-02 10:02:44.353  2363  2477 I MiuiBubbleController: removeBubble: 37017 reason=2
03-02 10:02:44.353  2363  2477 I MultiTaskingTaskRepository: onTaskInfoChanged multi list = [5, 4], full = [37017, 36980]
03-02 10:02:44.355  1621  3051 I PowerHalWrapper: amsBoostNotify pid:12919,activity:com.softnation.Ojam.MainActivity, package:com.softnation.Ojam, mProcessCreatePackcom.softnation.Ojam 
03-02 10:02:44.355  1621  3051 I PowerHalWrapper: state: 1 
03-02 10:02:44.357  1621  3051 I ScnModule: [GameDetection] packname: com.softnation.Ojam, apkSize: 113045479. 
03-02 10:02:44.357  1621  3051 I mtkpower_client: [PowerHal_Wrap_notifyAppState] com.softnation.Ojam/com.softnation.Ojam.MainActivity pid=12919 activityId:74619088 state:1
03-02 10:02:44.357   861   861 I vendor.mediatek.hardware.mtkpower_applist-service.mediatek: packName: com.softnation.Ojam actName: com.softnation.Ojam.MainActivity pid: 12919 activityId: 74619088 uid: 10337 state: 1
03-02 10:02:44.357   861   861 I MTK_APPList: [notifyAPPstate] com.softnation.Ojam/com.softnation.Ojam.MainActivity, pid=12919, activityId=74619088, uid=10337, state:RESUMED, fps:-1, win:0
03-02 10:02:44.357   861   861 I MTK_APPList: [notifyAPPstate] multi_resumed_app_count: 2
03-02 10:02:44.357   861   861 I MTK_APPList: [notifyAPPstate] multi_resumed_app_info[0] com.android.systemui/com.android.systemui._190038181, pid:2363, activityId:-1, fps:-1, isMultiWindow:0
03-02 10:02:44.357   861   861 I MTK_APPList: [notifyAPPstate] multi_resumed_app_info[1] com.softnation.Ojam/com.softnation.Ojam.MainActivity, pid:12919, activityId:74619088, fps:-1, isMultiWindow:0
03-02 10:02:44.357   861   861 I MTK_APPList: [getForegroundAPPCount] 2
03-02 10:02:44.357   861   861 I MTK_APPList: [notifyAPPstate] foreground:com.softnation.Ojam, pid:12919, activityId:74619088, uid:10337
03-02 10:02:44.357   861   861 I MTK_APPList: [notifyNetdUID] 10337
03-02 10:02:44.358   861   861 I MTK_APPList: [notifyPID] 12919
03-02 10:02:44.358  1621  3051 I PowerHalWrapper: amsBoostNotify AMS_BOOST_PROCESS_CREATE_BOOST:true 
03-02 10:02:44.359   863   958 I libPowerHal: [perfSetSysInfo] pid type:24, 12919
03-02 10:02:44.359  1621  1621 D MBrainLocalService: isVendorFreezeConditionPass is false
03-02 10:02:44.359  1621  1621 E MBrainLocalService: notifyAppSwitch failed
03-02 10:02:44.359   861   861 I MTK_APPList: [notifyAPPstate] pc:0, com.miui.home => com.softnation.Ojam
03-02 10:02:44.359  1621  1650 D ActivityManager: mediaResourceManagerBinder get success
03-02 10:02:44.359  1124 14471 D ResourceManagerServiceNew: update package name: com.softnation.Ojam
03-02 10:02:44.361  1621  1907 D MiuiMultiWindowUtils: DeviceLevel.IS_MIUI_LITE_VERSION 2.0 not support miui multiWindowtides
03-02 10:02:44.361  1124 14471 D ResourceManagerServiceNew: packageName: com.softnation.Ojam, uid : 10337, hashCode : 30601967
03-02 10:02:44.361  6027  3111 I ProcessMonitor: onForegroundInfoChanged: ForegroundInfo{mForegroundPackageName='com.softnation.Ojam', mForegroundUid=10337, mForegroundPid=12919, mLastForegroundPackageName='com.miui.home', mLastForegroundUid=10166, mLastForegroundPid=1999, mMultiWindowForegroundPackageName='com.softnation.Ojam', mMultiWindowForegroundUid=10337, mFlags=1}
03-02 10:02:44.361  1124 14471 D ResourceManagerServiceNew: ResourceManagerService::setCodecsVppModeWithLock
03-02 10:02:44.361  6027  6068 D v1      : myUserId = 0	currentUserId0
03-02 10:02:44.361  1124 14471 D ResourceManagerServiceNew: all codecs setVppMode return fail
03-02 10:02:44.361  6027  3111 I VideoBoxUtils: isSupportVideoBox: false
03-02 10:02:44.361  6027  3111 I VideoToolBoxService: vtb is closed!!!
03-02 10:02:44.361  1621  1907 D BluetoothAdapter: getActiveDevices(profile= A2DP)
03-02 10:02:44.362  6515 10077 D PerfEngineController: ForegroundInfo{mForegroundPackageName='com.softnation.Ojam', mForegroundUid=10337, mForegroundPid=12919, mLastForegroundPackageName='com.miui.home', mLastForegroundUid=10166, mLastForegroundPid=1999, mMultiWindowForegroundPackageName='com.softnation.Ojam', mMultiWindowForegroundUid=10337, mFlags=1}
03-02 10:02:44.362  1621  1745 W AlarmManager: Unrecognized alarm listener com.android.server.usage.AppTimeLimitController$SessionUsageGroup@43b87b
03-02 10:02:44.365  1621  1907 D BluetoothAdapter: getActiveDevices(profile= HEADSET)
03-02 10:02:44.367  1621  1907 D BluetoothAdapter: getActiveDevices(profile= LE_AUDIO)
03-02 10:02:44.368  1177  1177 I thermal_src: recvmsg_expect 5, but get 2 
03-02 10:02:44.368  1177  1177 V thermal_src: TA_DAEMON_CMD_GET_TPCB:ERROR ret=-1
03-02 10:02:44.368  1177  1177 E thermal_src: get_tpcb_from_kernel:error -1. retry...
03-02 10:02:44.368  1177  1177 I thermal_src: recvmsg_expect 4, but get 5 
03-02 10:02:44.368  1177  1177 V thermal_src: TA_DAEMON_CMD_SET_TTJ:ERROR ret=-1
03-02 10:02:44.368  1177  1177 E thermal_src: set_ttj_to_kernel 1:error -1
03-02 10:02:44.368  1177  1177 I thermal_src: recvmsg_expect 2, but get 4 
03-02 10:02:44.368  1177  1177 V thermal_src: waiting NOTIFY from kernel miss, -1
03-02 10:02:44.368 18562 29326 E BluetoothAdapterService: getActiveDevices: LeAudioService is null
03-02 10:02:44.368  1621  1907 D AudioSystem: +setParameters(): foregroundUid=10337;bluetoothlowlatencystatus=false 
03-02 10:02:44.369  1621  1907 D AudioSystem: start get log level!
03-02 10:02:44.370   843 24566 D AudioALSAHardware: +setParameters(): bluetoothlowlatencystatus=false;foregroundUid=10337
03-02 10:02:44.370   843 24566 D AudioALSAHardware: -setParameters(): bluetoothlowlatencystatus=false;foregroundUid=10337
03-02 10:02:44.370   843 24566 E AHAL_Module: setVendorParameters: default: unrecognized parameter "bluetoothlowlatencystatus=false;foregroundUid=10337"
03-02 10:02:44.371   894 12766 E ConversionHelperAidl: Function: parseAndSetVendorParameters Line: 97 Failed 
03-02 10:02:44.372   921   921 I BufferQueueProducer: [NavigationBar0#101619](this:0xb400007bced454e8,id:-1,api:0,p:-1,c:921) queueBuffer: fps=60.03 dur=1016.13 max=17.58 min=15.36
03-02 10:02:44.373   843 24566 D AHAL_ModuleBluetooth: setVendorParameters: parameter count 1, async: 0
03-02 10:02:44.373   843 24566 D AHAL_ModuleBluetooth: setVendorParameters: bluetoothlowlatencystatus=false;foregroundUid=10337
03-02 10:02:44.374 18562 29326 D BluetoothLatencyMode: ForegroundInfo{mForegroundPackageName='com.softnation.Ojam', mForegroundUid=10337, mForegroundPid=12919, mLastForegroundPackageName='com.miui.home', mLastForegroundUid=10166, mLastForegroundPid=1999, mMultiWindowForegroundPackageName='com.softnation.Ojam', mMultiWindowForegroundUid=10337, mFlags=1}
03-02 10:02:44.374 18562 29326 W LeAudioService: getLeAudioService(): service is NULL
03-02 10:02:44.374 18562 29326 D BluetoothLatencyMode: isWiredAudioHeadset.type: 1
03-02 10:02:44.374 12919 12919 W Looper  : PerfMonitor longMsg : seq=3 plan=10:02:42.755 late=1ms wall=1606ms h=android.app.ActivityThread$H w=110 procState=-1
03-02 10:02:44.374 18562 29326 D BluetoothLatencyMode: isWiredAudioHeadset.type: 2
03-02 10:02:44.374 18562 29326 D BluetoothLatencyMode: isWiredAudioHeadset.type: 18
03-02 10:02:44.374 18562 29326 D BluetoothLatencyMode: isWiredAudioHeadset.type: 14
03-02 10:02:44.375 12919 12919 W libc    : Access denied finding property "ro.vendor.perf.scroll_opt"
03-02 10:02:44.376  6515  6997 D MilletUtils: setUidState, uid = 10337 allow = true
03-02 10:02:44.376  1621  3051 D MiSensorServiceImpl: PowerKeeperSensor resume iUid:10337 but app has not in Controlled
03-02 10:02:44.383 12919 12919 D nativeloader: Load libpowerhalwrap_jni.so using system ns (caller=/system_ext/framework/mediatek-framework.jar): ok
03-02 10:02:44.383 12919 12919 I PowerHalWrapper: PowerHalWrapper.getInstance 
03-02 10:02:44.384 12919 12919 I M-ProMotion: M-ProMotion is disabled
03-02 10:02:44.394 12919 12919 D FramePredict: FramePredict init: true
03-02 10:02:44.394 12919 12919 D UserSceneDetector: invoke error.
03-02 10:02:44.397 12919 12919 W Looper  : PerfMonitor doFrame : time=3ms vsyncFrame=19608582 latency=425ms procState=-1 historyMsgCount=3 (msgIndex=1 wall=1606ms seq=3 late=1ms h=android.app.ActivityThread$H w=110)
03-02 10:02:44.400 12919 12919 I ActivityThread: HardwareRenderer preload  done
03-02 10:02:44.402 12919 15626 D vulkan  : searching for layers in '/data/app/~~Bh61wenJZi6JNVEuOkVQfQ==/com.softnation.Ojam-nnCVAdHxKfOmup5FCuBDYQ==/lib/arm64'
03-02 10:02:44.404 12919 15626 D vulkan  : searching for layers in '/data/app/~~Bh61wenJZi6JNVEuOkVQfQ==/com.softnation.Ojam-nnCVAdHxKfOmup5FCuBDYQ==/base.apk!/lib/arm64-v8a'
03-02 10:02:44.409 12919 15626 D vulkan  : searching for layers in '/data/app/~~Bh61wenJZi6JNVEuOkVQfQ==/com.softnation.Ojam-nnCVAdHxKfOmup5FCuBDYQ==/lib/arm64'
03-02 10:02:44.410 12919 15626 D vulkan  : searching for layers in '/data/app/~~Bh61wenJZi6JNVEuOkVQfQ==/com.softnation.Ojam-nnCVAdHxKfOmup5FCuBDYQ==/base.apk!/lib/arm64-v8a'
03-02 10:02:44.423 12919 15626 D MMUD    : mtk_memory_debug_init com.softnation.Ojam 0xb400007c0895a5d0
03-02 10:02:44.430  1621  1912 D HyperStabilitySdkService: checkDmabufStatus done, exceedLimitsList:[], totalDmabufSize:0
03-02 10:02:44.452  1621  2197 I BroadcastQueue: BOOT_COMPLETED_BROADCAST_COMPLETION_LATENCY_REPORTED action:android.intent.action.BOOT_COMPLETED dispatchLatency:2 completeLatency:1709 dispatchRealLatency:1 completeRealLatency:1709 receiversSize:1 userId:0 userType:android.os.usertype.full.SYSTEM
03-02 10:02:44.474  1621  1640 D AudioSystem: +setParameters(): gamebooster=false 
03-02 10:02:44.474  1621  1640 D AudioSystem: start get log level!
03-02 10:02:44.474  1621  1918 E HyperSentinel: -------------------------------------------------------
03-02 10:02:44.474  1621  1918 E HyperSentinel: Event_ThreadAmount
03-02 10:02:44.474  1621  1918 E HyperSentinel: -> audit event by proc 12919 "usap64": running threads amount, 12 -> 23
03-02 10:02:44.475 12919 12919 D AppCompatDelegate: Checking for metadata for AppLocalesMetadataHolderService : Service not found
03-02 10:02:44.475   843 24566 D AudioALSAHardware: +setParameters(): gamebooster=false
03-02 10:02:44.475   843 24566 D AudioALSAHardware: -setParameters(): gamebooster=false
03-02 10:02:44.475   843 24566 E AHAL_Module: setVendorParameters: default: unrecognized parameter "gamebooster=false"
03-02 10:02:44.475   894 12766 E ConversionHelperAidl: Function: parseAndSetVendorParameters Line: 97 Failed 
03-02 10:02:44.476   843 24566 D AHAL_ModuleBluetooth: setVendorParameters: parameter count 1, async: 0
03-02 10:02:44.477   843 24566 D AHAL_ModuleBluetooth: setVendorParameters: gamebooster=false
03-02 10:02:44.488  1999  2756 D TaskStackChangeListeners: onTaskDescriptionChanged =  taskId = 37017
03-02 10:02:44.495  1999  2756 D TaskStackChangeListeners: onTaskDescriptionChanged =  taskId = 37017
03-02 10:02:44.525  1621  1918 E HyperSentinel: -------------------------------------------------------
03-02 10:02:44.525  1621  1918 E HyperSentinel: Event_ResidentSize
03-02 10:02:44.525  1621  1918 E HyperSentinel: -> audit event by proc 12919 "usap64": RSS increasement, peak 158356kb -> 238064kb
03-02 10:02:44.525  1621  1917 D MiuiSentinelService: begin judgmentRssLeakException
03-02 10:02:44.525  1621  1917 E MiuiSentinelMemoryManager: getRSSinfo: usap64#12919
03-02 10:02:44.525  1621  1917 D MiuiSentinelMemoryManager: cmdline: usap64, pid: 12919, RSSsize:238064
03-02 10:02:44.526 12919 15630 D MMUD    : get_leak_baseline 3246391296
03-02 10:02:44.526  1621  1917 W MiuiSentinelMemoryManager: The current process type does not meet reporting requirements
03-02 10:02:44.543 12919 12919 I softnation.Ojam: hiddenapi: Accessing hidden method Landroid/view/ViewGroup;->makeOptionalFitsSystemWindows()V (runtime_flags=0, domain=platform, api=unsupported) from Landroidx/appcompat/widget/ViewUtils; (domain=app, TargetSdkVersion=36) using reflection: allowed
03-02 10:02:44.590   849   849 I hwcomposer: [HWCDisplay] (0 updateFps():3667), (type:1, mode:2) fps:60.021751,dur:1016.30,max:17.73,min:15.92  
03-02 10:02:44.628  1159  1606 D ULogGuard: Monitoring: 18 threads, 0 requests, 0 time-bombs; 1 guards. ResetFlags = 0x7
03-02 10:02:44.707  1621  1676 D SsruManagerImpl: MiSsru Sensor not init!!!!
03-02 10:02:44.707   853   853 I Accelerometer: flush, flushCnt:1
03-02 10:02:44.711   853   923 I Accelerometer: flush complete, flushCnt:0
03-02 10:02:44.712  1201  1298 D AALLightSensor: oldLux=14 [SA:-1 LA:-1] newLux=14 (oriLux: 14)
03-02 10:02:44.729 12919 12919 W unknown:BridgelessReact: ReactHost{0}.startSurface(surfaceId = 0): Schedule
03-02 10:02:44.730 12919 12919 W unknown:BridgelessReact: ReactHost{0}.attachSurface(surfaceId = 0)
03-02 10:02:44.731 12919 15647 W unknown:BridgelessReact: ReactHost{0}.getOrCreateReactInstanceTask()
03-02 10:02:44.731 12919 15647 W unknown:BridgelessReact: ReactHost{0}.getOrCreateReactInstanceTask(): Start
03-02 10:02:44.732 12919 15647 W unknown:BridgelessReact: ReactHost{0}.getJSBundleLoader()
03-02 10:02:44.732 12919 15647 W unknown:BridgelessReact: ReactHost{0}.isMetroRunning()
03-02 10:02:44.760 12919 12919 W libc    : Access denied finding property "ro.vendor.df.effect.conflict"
03-02 10:02:44.764  1621  3051 D AppLock_AccessControlImpl: activityResume packageName: com.softnation.Ojam userId: 0 enabled: true
03-02 10:02:44.764  1621  3051 D AppLock_AccessControlImpl: activityResume lockMode: 1
03-02 10:02:44.764 12919 12919 D SecurityManager: checkAccessControl flag1
03-02 10:02:44.766 12919 12919 W unknown:BridgelessReact: ReactHost{0}.onHostResume(activity)
03-02 10:02:44.766 12919 12919 W unknown:ReactNative: Packager connection already open, nooping.
03-02 10:02:44.770 12919 15624 I PowerHalWrapper: PowerHalWrapper.getInstance 
03-02 10:02:44.776 12919 12919 I SurfaceFactory: [static] sSurfaceFactory = com.mediatek.view.impl.SurfaceFactoryImpl@fb6585b
03-02 10:02:44.778   921  1587 D SurfaceFlinger: [SF client] NEW(0xb400007caea493f0) for (12919:com.softnation.Ojam)
03-02 10:02:44.791 12919 12919 D MiuiCameraCoveredManager: java.lang.NullPointerException: Attempt to invoke virtual method 'java.lang.String android.provider.MiuiSettings$SettingsCloudData$CloudData.getString(java.lang.String, java.lang.String)' on a null object reference
03-02 10:02:44.792 12919 12919 D FramePredict: init success
03-02 10:02:44.793  1621  3051 W ActivityManager: Permission Denial: getCurrentUser() from pid=12919, uid=10337 requires android.permission.INTERACT_ACROSS_USERS
03-02 10:02:44.794 12919 15652 E FramePredict: registerContentObserver fail
03-02 10:02:44.798 12919 15626 W libc    : Access denied finding property "ro.vendor.display.iris_x7.support"
03-02 10:02:44.803 12919 12919 I ForceDarkHelperStubImpl: setViewRootImplForceDark: false for com.softnation.Ojam.MainActivity@db08fa, reason: AppDarkModeEnable
03-02 10:02:44.804 12919 12919 D VRI[MainActivity]: hardware acceleration = true, forceHwAccelerated = false
03-02 10:02:44.806   921  1587 D SurfaceFlinger: [SF client] NEW(0xb400007caea5a160) for (1621:system_server)
03-02 10:02:44.808   921  1587 I BufferQueueDebug: [2b8b957 com.softnation.Ojam/com.softnation.Ojam.MainActivity#132812](this:0xb400007bcecc2508,id:-1,api:0,p:-1,c:-1) BufferQueue core=(921:/system/bin/surfaceflinger)
03-02 10:02:44.809 12919 15649 W unknown:BridgelessReact: ReactHost{0}.isMetroRunning(): Async result = true
03-02 10:02:44.810 12919 15647 W unknown:BridgelessReact: ReactHost{0}.loadJSBundleFromMetro()
03-02 10:02:44.822  1621  1651 I ActivityTaskManager: visible for Task{a69e3ce #37017 type=standard A=10337:com.softnation.Ojam} visible = true isAnimating = false TRANSITION = false PARENTS = false CHILDREN = false
03-02 10:02:44.824 12919 12919 D InputEventReceiver: Input log is disabled in InputEventReceiver.
03-02 10:02:44.824  2363  2477 I MultiTaskingTaskRepository: needSkip: is home task
03-02 10:02:44.825  2363  2477 D MultiTaskingTaskRepository: addOrMoveFullscreenTaskToTop taskId=37017
03-02 10:02:44.825  2363  2477 D MiuiFreeformModeCornerTipHandler: task#37017 onTaskVanished
03-02 10:02:44.825  2363  2477 I MiuiBubbleController: removeBubble: 37017 reason=2
03-02 10:02:44.825  2363  2477 I MultiTaskingTaskRepository: onTaskInfoChanged multi list = [5, 4], full = [37017, 36980]
03-02 10:02:44.825  2363  2477 D MiuiFreeformModeController: onFocusTaskChanged taskInfo: TaskInfo{userId=0 taskId=37017 displayId=0 isRunning=true baseIntent=Intent { flg=0x10000000 cmp=com.softnation.Ojam/.MainActivity } baseActivity=ComponentInfo{com.softnation.Ojam/com.softnation.Ojam.MainActivity} topActivity=ComponentInfo{com.softnation.Ojam/com.softnation.Ojam.MainActivity} origActivity=null realActivity=ComponentInfo{com.softnation.Ojam/com.softnation.Ojam.MainActivity} numActivities=1 lastActiveTime=1025123773 supportsSplitScreenMultiWindow=true supportsMultiWindow=true resizeMode=1 isResizeable=true minWidth=-1 minHeight=-1 defaultMinSize=200 token=WCT{android.window.IWindowContainerToken$Stub$Proxy@57e40eb} topActivityType=1 pictureInPictureParams=null shouldDockBigOverlays=false launchIntoPipHostTaskId=-1 lastParentTaskIdBeforePip=-1 displayCutoutSafeInsets=null topActivityInfo=ActivityInfo{f4b6e48 com.softnation.Ojam.MainActivity} launchCookies=[] positionInParent=Point(0, 0) parentTaskId=-1 isFocused=true isVisible=true isVisibleRequested=true isSleeping=false locusId=null displayAreaFeatureId=1 isTopActivityTransparent=false appCompatTaskInfo=AppCompatTaskInfo { topActivityInSizeCompat=false topActivityEligibleForLetterboxEducation= falseisLetterboxEducationEnabled= false isLetterboxDoubleTapEnabled= false topActivityEligibleForUserAspectRatioButton= false topActivityBoundsLetterboxed= false isFromLetterboxDoubleTap= false topActivityLetterboxVerticalPosition= -1 topActivityLetterboxHorizontalPosition= -1 topActivityLetterboxWidth=1080 topActivityLetterboxHeight=2460 isUserFullscreenOverrideEnabled=false isSystemFullscreenOverrideEnabled=false cameraCompatTaskInfo=CameraCompatTaskInfo { cameraCompatControlState=hidden freeformCameraCompatMode=inactive}} isImmersive=false mTopActivityRequestOrientation=1 mBehindAppLockPkg=null mOriginatingUid=0 isEmbedded=false shouldBeVisible=true mIsCastMode=false mTopActivityMediaSize=null mTopActivityRecordName=ActivityRecord{47298d0 u0 com.softnation.Ojam/.MainActivity t37017} mTopActivityOrientation=1}
03-02 10:02:44.826  1621  5056 I ATMSImpl: cacheTasksForDefaultDisplay size=3
03-02 10:02:44.827  1999  1999 D RecentsImpl: mActivityStateObserver com.softnation.Ojam.MainActivity
03-02 10:02:44.828  1999  1999 W RecentsImpl: onResumed className=com.softnation.Ojam.MainActivity   forceUpdate=false   mIsInAnotherPro=false   isKeyguardLocked=false   mIsStatusBarExpansion=false   mSecuritySpaceGuideShown=false
03-02 10:02:44.828 12919 12919 W Looper  : PerfMonitor looperActivity : package=com.softnation.Ojam/.MainActivity time=0ms latency=467ms  procState=-1  historyMsgCount=5 (msgIndex=1 wall=1606ms seq=3 late=1ms h=android.app.ActivityThread$H w=110) (msgIndex=5 wall=429ms seq=7 late=37ms h=android.app.ActivityThread$H w=159)
03-02 10:02:44.830 12919 12919 D DecorViewImmersiveImpl: onAttachedToWindow:com.softnation.Ojam/com.softnation.Ojam.MainActivity
03-02 10:02:44.841  1621  3051 D CoreBackPreview: Window{2b8b957 u0 com.softnation.Ojam/com.softnation.Ojam.MainActivity}: Setting back callback OnBackInvokedCallbackInfo{mCallback=android.window.IOnBackInvokedCallback$Stub$Proxy@84798e5, mPriority=0, mIsAnimationCallback=false}
03-02 10:02:44.847  1621  2197 D AS.BtHelper: isBluetoothScoOn() mBluetoothHeadset is null: falsemBluetoothHeadsetDevice is null: true
03-02 10:02:44.847  1621  2197 V AS.AudioDeviceBroker: requestedCommunicationDevice: null mAudioModeOwner: AudioModeInfo: mMode=MODE_NORMAL, mPid=0, mUid=0
03-02 10:02:44.847   921  1587 I BufferQueueDebug: [com.softnation.Ojam/com.softnation.Ojam.MainActivity#132813](this:0xb400007bcec53418,id:-1,api:0,p:-1,c:-1) BufferQueue core=(921:/system/bin/surfaceflinger)
03-02 10:02:44.847  1621  2197 D AS.BtHelper: isBluetoothScoOn() mBluetoothHeadset is null: falsemBluetoothHeadsetDevice is null: true
03-02 10:02:44.847  1621  2197 V AS.AudioDeviceBroker: requestedCommunicationDevice: null mAudioModeOwner: AudioModeInfo: mMode=MODE_NORMAL, mPid=0, mUid=0
03-02 10:02:44.849  1621  3051 D MiuiRefreshRatePolicy: reset
03-02 10:02:44.851  1621  3051 W WindowManager: Changing focus from null to Window{2b8b957 u0 com.softnation.Ojam/com.softnation.Ojam.MainActivity} displayId=0 Callers=com.android.server.wm.RootWindowContainer.updateFocusedWindowLocked:602 com.android.server.wm.WindowManagerService.updateFocusedWindowLocked:7168 com.android.server.wm.WindowManagerService.relayoutWindowInner:3076 com.android.server.wm.WindowManagerService.relayoutWindow:2724 
03-02 10:02:44.852  1621  3051 I whetstone.activity: Power Event callback listener is empty for resId=32
03-02 10:02:44.852  1621  3051 D BatteryStatsManagerStub: notifyEvent for resId=32 used 0ms
03-02 10:02:44.853   921  1587 I BufferQueueDebug: [Surface(name=5b2ee94 StatusBar#103)/@0xf6cf932 - animation-leash of insets_animation#132814](this:0xb400007bcecbc9e8,id:-1,api:0,p:-1,c:-1) BufferQueue core=(921:/system/bin/surfaceflinger)
03-02 10:02:44.854   921  1587 I BufferQueueDebug: [Surface(name=77d8129 NavigationBar0#101614)/@0x3faba4f - animation-leash of insets_animation#132815](this:0xb400007bcec91e78,id:-1,api:0,p:-1,c:-1) BufferQueue core=(921:/system/bin/surfaceflinger)
03-02 10:02:44.855  1621  3051 D WindowManager: wms.Input focus has changed to Window{2b8b957 u0 com.softnation.Ojam/com.softnation.Ojam.MainActivity} display=0 updateInputWindows = true
03-02 10:02:44.856  1621  3051 I MultiSenceManagerInternalStub: getInstance
03-02 10:02:44.856  1621  1928 I MultiSenceManagerInternalStubImpl: packageName = com.softnation.Ojam
03-02 10:02:44.856  1621  1928 W ContextImpl: Calling a method in the system process without a qualified user: android.app.ContextImpl.sendBroadcast:1260 com.android.server.wm.MultiSenceManagerInternalStubImpl.sendFocusWindowsBroadcast:148 com.android.server.wm.MultiSenceManagerInternalStubImpl$UpdateScreenStatus.run:98 android.os.Handler.handleCallback:959 android.os.Handler.dispatchMessage:100 
03-02 10:02:44.856  1621  3051 I WindowManager: Relayout Window{2b8b957 u0 com.softnation.Ojam/com.softnation.Ojam.MainActivity}: oldVis=4 newVis=0 focusMayChange = true requestedWidth = 1080 requestedHeight = 2460 outFrames = ClientWindowFrames{frame=[0,0][1080,2460] display=[0,0][1080,2460] parentFrame=[0,0][0,0]} outSurfaceControl = Surface(name=com.softnation.Ojam/com.softnation.Ojam.MainActivity#132813)/@0x35dde61
03-02 10:02:44.856  1621  1928 W ActivityManagerServiceImpl: Sending non-protected broadcast com.xiaomi.multisence.action.FOCUSED_CHANGE from system 1621:system/1000 pkg android. Callers=com.android.server.am.ActivityManagerService.checkBroadcastFromSystem:16365 com.android.server.am.ActivityManagerService.broadcastIntentLockedTraced:17236 com.android.server.am.ActivityManagerService.broadcastIntentLocked:16425 com.android.server.am.ActivityManagerService.broadcastIntentWithFeature:17459 android.app.ContextImpl.sendBroadcast:1264 
03-02 10:02:44.860 12919 12919 D BufferQueueConsumer: [](id:327700000000,api:0,p:-1,c:12919) connect: controlledByApp=false
03-02 10:02:44.863 12919 12919 D BLASTBufferQueue: [VRI[MainActivity]#0](f:0,a:0) constructor()
03-02 10:02:44.864 12919 12919 D BLASTBufferQueue: [VRI[MainActivity]#0](f:0,a:0) update width=1080 height=2460 format=-1 mTransformHint=0
03-02 10:02:44.871  1621  1651 I ActivityTaskManager: visible for Task{a69e3ce #37017 type=standard A=10337:com.softnation.Ojam} visible = true isAnimating = false TRANSITION = false PARENTS = false CHILDREN = false
03-02 10:02:44.872  1621  1651 D SurfaceComposerClient: Transaction::apply InputWindowCommands.focusRequests timestamp=607358407706585, windowName=2b8b957 com.softnation.Ojam/com.softnation.Ojam.MainActivity
03-02 10:02:44.874 12919 12919 D VRI[MainActivity]: vri.reportNextDraw android.view.ViewRootImpl.performTraversals:4984 android.view.ViewRootImpl.doTraversal:3564 android.view.ViewRootImpl$TraversalRunnable.run:11781 android.view.Choreographer$CallbackRecord.run:1804 android.view.Choreographer$CallbackRecord.run:1813 
03-02 10:02:44.889   921   921 D SurfaceFlinger: Focus addInputWindowCommands timestamp=607358407706585, windowName=2b8b957 com.softnation.Ojam/com.softnation.Ojam.MainActivity
03-02 10:02:44.890   921   921 I SurfaceFlinger: onHandleDestroyed: name=Surface(name=77d8129 NavigationBar0#101614)/@0x3faba4f - animation-leash of insets_animation#132809, layerId=132809, parentId=0
03-02 10:02:44.890   921   921 I SurfaceFlinger: onHandleDestroyed: name=Surface(name=5b2ee94 StatusBar#103)/@0xf6cf932 - animation-leash of insets_animation#132808, layerId=132808, parentId=0
03-02 10:02:44.893   921  1483 D SurfaceFlinger: updateWinowInfo=1, setFocusedWindow timestamp=607358407706585, windowName=2b8b957 com.softnation.Ojam/com.softnation.Ojam.MainActivity
03-02 10:02:44.900  1621  1918 E HyperSentinel: -------------------------------------------------------
03-02 10:02:44.900  1621  1918 E HyperSentinel: Event_ThreadAmount
03-02 10:02:44.900  1621  1918 E HyperSentinel: -> audit event by proc 12919 "usap64": running threads amount, 23 -> 45
03-02 10:02:44.906   921   921 I BufferQueueDebug: [Surface(name=77d8129 NavigationBar0#101614)/@0x3faba4f - animation-leash of insets_animation#132809](this:0xb400007bcec58f38,id:-1,api:0,p:-1,c:921) onDestructor()
03-02 10:02:44.906   921   921 I BufferQueueDebug: [Surface(name=5b2ee94 StatusBar#103)/@0xf6cf932 - animation-leash of insets_animation#132808](this:0xb400007bcecb13a8,id:-1,api:0,p:-1,c:921) onDestructor()
03-02 10:02:44.908   921  1587 D SurfaceFlinger: [SF client] NEW(0xb400007cae9fc140) for (12919:com.softnation.Ojam)
03-02 10:02:44.908  1141  1165 E IPCThreadState: Binder transaction failure. id: 352782975, BR_*: 29201, error: -1 (Operation not permitted)
03-02 10:02:44.908  1141  1165 W BpBinder: Large or Failed outgoing transaction of 108 bytes, interface descriptor , code 1
03-02 10:02:44.912 12919 12919 D MiuiCameraCoveredManager: java.lang.NullPointerException: Attempt to invoke virtual method 'java.lang.String android.provider.MiuiSettings$SettingsCloudData$CloudData.getString(java.lang.String, java.lang.String)' on a null object reference
03-02 10:02:44.913 12919 15626 W libc    : Access denied finding property "ro.vendor.display.iris_x7.support"
03-02 10:02:44.914 12919 12919 I ForceDarkHelperStubImpl: setViewRootImplForceDark: false for com.softnation.Ojam.MainActivity@db08fa, reason: AppDarkModeEnable
03-02 10:02:44.914 12919 12919 D VRI[PopupWindow:5e886ca]: hardware acceleration = true, forceHwAccelerated = false
03-02 10:02:44.917   921  1587 I BufferQueueDebug: [e044436 PopupWindow:5e886ca#132816](this:0xb400007bcecdbf18,id:-1,api:0,p:-1,c:-1) BufferQueue core=(921:/system/bin/surfaceflinger)
03-02 10:02:44.920 12919 12919 D InputEventReceiver: Input log is disabled in InputEventReceiver.
03-02 10:02:44.922  1621  1651 I ActivityTaskManager: visible for Task{a69e3ce #37017 type=standard A=10337:com.softnation.Ojam} visible = true isAnimating = false TRANSITION = false PARENTS = false CHILDREN = false
03-02 10:02:44.925  1621  5056 D CoreBackPreview: Window{e044436 u0 PopupWindow:5e886ca}: Setting back callback OnBackInvokedCallbackInfo{mCallback=android.window.IOnBackInvokedCallback$Stub$Proxy@7e0a0d, mPriority=0, mIsAnimationCallback=false}
03-02 10:02:44.930   921  1587 I BufferQueueDebug: [PopupWindow:5e886ca#132817](this:0xb400007bcecd08d8,id:-1,api:0,p:-1,c:-1) BufferQueue core=(921:/system/bin/surfaceflinger)
03-02 10:02:44.933  1621  5056 D MiuiRefreshRatePolicy: reset
03-02 10:02:44.938  1621  1651 I ActivityTaskManager: visible for Task{a69e3ce #37017 type=standard A=10337:com.softnation.Ojam} visible = true isAnimating = false TRANSITION = false PARENTS = false CHILDREN = false
03-02 10:02:44.938 12919 12919 D BufferQueueConsumer: [](id:327700000001,api:0,p:-1,c:12919) connect: controlledByApp=false
03-02 10:02:44.940 12919 12919 D BLASTBufferQueue: [VRI[PopupWindow:5e886ca]#1](f:0,a:0) constructor()
03-02 10:02:44.940 12919 12919 D BLASTBufferQueue: [VRI[PopupWindow:5e886ca]#1](f:0,a:0) update width=1080 height=65 format=-3 mTransformHint=0
03-02 10:02:44.943 12919 12919 I ForceDarkHelperStubImpl: setViewRootImplForceDark: false for com.softnation.Ojam.MainActivity@db08fa, reason: AppDarkModeEnable
03-02 10:02:44.945 12919 12919 D VRI[PopupWindow:5e886ca]: vri.reportNextDraw android.view.ViewRootImpl.performTraversals:4984 android.view.ViewRootImpl.doTraversal:3564 android.view.ViewRootImpl$TraversalRunnable.run:11781 android.view.Choreographer$CallbackRecord.run:1804 android.view.Choreographer$CallbackRecord.run:1813 
03-02 10:02:44.945 12919 12919 D VRI[PopupWindow:5e886ca]: Setup new sync=wmsSync-VRI[PopupWindow:5e886ca]#0
03-02 10:02:44.947 12919 12919 D UserSceneDetector: invoke error.
03-02 10:02:44.953  2350  2350 W Settings: Setting airplane_mode_on has moved from android.provider.Settings.System to android.provider.Settings.Global, returning read-only value.
03-02 10:02:44.953 12919 15626 D HWUI    : makeCurrent grContext:0xb4000079f1a13190 reset mTextureAvailable
03-02 10:02:44.955  2350  2350 W Settings: Setting airplane_mode_on has moved from android.provider.Settings.System to android.provider.Settings.Global, returning read-only value.
03-02 10:02:44.957 12919 15626 D softnation.Ojam: MiuiProcessManagerServiceStub setSchedFifo
03-02 10:02:44.957 12919 15626 I MiuiProcessManagerImpl: setSchedFifo pid:12919, mode:3
03-02 10:02:44.958  1621  3051 D ProcessManager: beginSchedThreads is not Enabled
03-02 10:02:44.958  2350 29580 D NetworkSpeedTracker: updateSignalInfo lteRsrp=-77lteSnr=19,phoneId=1
03-02 10:02:44.958 12919 15626 D MAGT_SYNC_FRAME: MAGT Sync: MAGT is not supported. Disabling Sync.
03-02 10:02:44.958 12919 15626 D softnation.Ojam: Can't load libmbrainSDK
03-02 10:02:44.961  2350 29580 D NetworkSpeedTracker: updateSignalInfo lteRsrp=-77lteSnr=19,phoneId=1
03-02 10:02:44.962 12919 15626 I GrallocExtra: gralloc_extra_query:is_SW3D 0
03-02 10:02:44.963 12919 15626 W libc    : Access denied finding property "ro.vendor.display.iris_x7.support"
03-02 10:02:44.998 12919 15626 E LB      : fail to open file: No such file or directory
03-02 10:02:44.998 12919 15626 E LB      : fail to open node: No such file or directory
03-02 10:02:44.998 12919 15626 E LB      : fail to open node: No such file or directory
03-02 10:02:44.998 12919 15626 I GrallocExtra: gralloc_extra_query:is_SW3D 0
03-02 10:02:44.999 12919 15626 W libc    : Access denied finding property "ro.vendor.display.iris_x7.support"
03-02 10:02:44.999 12919 15626 D BLASTBufferQueue: [VRI[PopupWindow:5e886ca]#1](f:0,a:1) acquireNextBufferLocked size=1080x65 mFrameNumber=1 applyTransaction=true mTimestamp=607358547652508(auto) mPendingTransactions.size=0 graphicBufferId=55486682497035 transform=0
03-02 10:02:45.000 12919 15626 D softnation.Ojam: Can't load libmbrainSDK
03-02 10:02:45.001 12919 12919 D VRI[PopupWindow:5e886ca]: vri.reportDrawFinished
03-02 10:02:45.002  1621  3051 D WindowManager: wms.finishDrawingLocked: mDrawState=COMMIT_DRAW_PENDING Window{e044436 u0 PopupWindow:5e886ca} in Surface(name=PopupWindow:5e886ca#132817)/@0x80e3a09
03-02 10:02:45.004  1621  1651 D MiuiRefreshRatePolicy: reset
03-02 10:02:45.004  1621  1651 I WindowManager: onFirstWindowDrawn, try to remove startingWindow. this = ActivityRecord{47298d0 u0 com.softnation.Ojam/.MainActivity t37017} associatedTask = null isMainWindow = false mStartingWindow = Window{b40a001 u0 Splash Screen com.softnation.Ojam} mStartingData = SplashScreenStartingData{2c38085 waitForSyncTransactionCommit=false removeAfterTransaction= 0}
03-02 10:02:45.010 12919 12919 D VRI[PopupWindow:5e886ca]: vri.reportNextDraw android.view.ViewRootImpl.handleResized:2771 android.view.ViewRootImpl.-$$Nest$mhandleResized:0 android.view.ViewRootImpl$W.resized:12932 android.app.servertransaction.WindowStateResizeItem.execute:64 android.app.servertransaction.WindowStateTransactionItem.execute:59 
03-02 10:02:45.018 12919 12919 D VRI[PopupWindow:5e886ca]: Setup new sync=wmsSync-VRI[PopupWindow:5e886ca]#2
03-02 10:02:45.020 12919 12919 D VRI[PopupWindow:5e886ca]: vri.reportDrawFinished
03-02 10:02:45.021  1621  1651 I WindowManager: onFirstWindowDrawn, try to remove startingWindow. this = ActivityRecord{47298d0 u0 com.softnation.Ojam/.MainActivity t37017} associatedTask = null isMainWindow = false mStartingWindow = Window{b40a001 u0 Splash Screen com.softnation.Ojam} mStartingData = SplashScreenStartingData{2c38085 waitForSyncTransactionCommit=false removeAfterTransaction= 0}
03-02 10:02:45.021  1055  1186 D connsyslogger: SD_LOG_ROOT is /data/debuglogger/connsyslog/fw.
03-02 10:02:45.021  1621  1651 I ActivityTaskManager: visible for Task{a69e3ce #37017 type=standard A=10337:com.softnation.Ojam} visible = true isAnimating = false TRANSITION = false PARENTS = false CHILDREN = false
03-02 10:02:45.021  1055  1186 D connsyslogger: systemReady:1
03-02 10:02:45.023  1621  1651 D MiuiRefreshRatePolicy: reset
03-02 10:02:45.023  1621  1651 I WindowManager: onFirstWindowDrawn, try to remove startingWindow. this = ActivityRecord{47298d0 u0 com.softnation.Ojam/.MainActivity t37017} associatedTask = null isMainWindow = false mStartingWindow = Window{b40a001 u0 Splash Screen com.softnation.Ojam} mStartingData = SplashScreenStartingData{2c38085 waitForSyncTransactionCommit=false removeAfterTransaction= 0}
03-02 10:02:45.031 18562 29326 D BluetoothDevice: getAddress: mAddress=XX:XX:XX:XX:E1:4F
03-02 10:02:45.032 18562 29326 D BluetoothDevice: getAddress: mAddress=XX:XX:XX:XX:94:A5
03-02 10:02:45.032 18562 29326 D BluetoothDevice: getAddress: mAddress=XX:XX:XX:XX:6E:27
03-02 10:02:45.032 18562 29326 D BluetoothDevice: getAddress: mAddress=XX:XX:XX:XX:9D:81
03-02 10:02:45.032 18562 29326 D BluetoothDevice: getAddress: mAddress=XX:XX:XX:XX:EE:F9
03-02 10:02:45.032 18562 29326 D BluetoothDevice: getAddress: mAddress=XX:XX:XX:XX:C8:A7
03-02 10:02:45.032 18562 29326 D BluetoothDevice: getAddress: mAddress=XX:XX:XX:XX:2F:74
03-02 10:02:45.032 18562 29326 D BluetoothDevice: getAddress: mAddress=XX:XX:XX:XX:69:70
03-02 10:02:45.032 18562 29326 D BluetoothDevice: getAddress: mAddress=XX:XX:XX:XX:C0:39
03-02 10:02:45.034 18562 29326 D BluetoothDevice: getAddress: mAddress=XX:XX:XX:XX:E1:4F
03-02 10:02:45.034 18562 29326 D BluetoothDevice: getAddress: mAddress=XX:XX:XX:XX:94:A5
03-02 10:02:45.034 18562 29326 D BluetoothDevice: getAddress: mAddress=XX:XX:XX:XX:6E:27
03-02 10:02:45.034 18562 29326 D BluetoothDevice: getAddress: mAddress=XX:XX:XX:XX:9D:81
03-02 10:02:45.034 18562 29326 D BluetoothDevice: getAddress: mAddress=XX:XX:XX:XX:EE:F9
03-02 10:02:45.034 18562 29326 D BluetoothDevice: getAddress: mAddress=XX:XX:XX:XX:C8:A7
03-02 10:02:45.034 18562 29326 D BluetoothDevice: getAddress: mAddress=XX:XX:XX:XX:2F:74
03-02 10:02:45.034 18562 29326 D BluetoothDevice: getAddress: mAddress=XX:XX:XX:XX:69:70
03-02 10:02:45.034 18562 29326 D BluetoothDevice: getAddress: mAddress=XX:XX:XX:XX:C0:39
03-02 10:02:45.036 18562 29326 D BluetoothDevice: getAddress: mAddress=XX:XX:XX:XX:E1:4F
03-02 10:02:45.036 18562 29326 D BluetoothDevice: getAddress: mAddress=XX:XX:XX:XX:94:A5
03-02 10:02:45.036 18562 29326 D BluetoothDevice: getAddress: mAddress=XX:XX:XX:XX:6E:27
03-02 10:02:45.036 18562 29326 D BluetoothDevice: getAddress: mAddress=XX:XX:XX:XX:9D:81
03-02 10:02:45.036 18562 29326 D BluetoothDevice: getAddress: mAddress=XX:XX:XX:XX:EE:F9
03-02 10:02:45.036 18562 29326 D BluetoothDevice: getAddress: mAddress=XX:XX:XX:XX:C8:A7
03-02 10:02:45.037 18562 29326 D BluetoothDevice: getAddress: mAddress=XX:XX:XX:XX:2F:74
03-02 10:02:45.037 18562 29326 D BluetoothDevice: getAddress: mAddress=XX:XX:XX:XX:69:70
03-02 10:02:45.037 18562 29326 D BluetoothDevice: getAddress: mAddress=XX:XX:XX:XX:C0:39
03-02 10:02:45.038  1621  1651 I WindowManager: onFirstWindowDrawn, try to remove startingWindow. this = ActivityRecord{47298d0 u0 com.softnation.Ojam/.MainActivity t37017} associatedTask = null isMainWindow = false mStartingWindow = Window{b40a001 u0 Splash Screen com.softnation.Ojam} mStartingData = SplashScreenStartingData{2c38085 waitForSyncTransactionCommit=false removeAfterTransaction= 0}
03-02 10:02:45.038  1621  1651 I ActivityTaskManager: visible for Task{a69e3ce #37017 type=standard A=10337:com.softnation.Ojam} visible = true isAnimating = false TRANSITION = false PARENTS = false CHILDREN = false
03-02 10:02:45.093  1621  1922 I SmartPower: com.google.android.apps.photos/10204(12504): background->idle(215047ms) R(service create com.google.android.apps.photos/com.google.android.libraries.social.mediamonitor.MediaMonitorJobSchedulerService) adj=905.
03-02 10:02:45.131   849  1430 I hwcomposer: [HWC] (0)fire a callback of refresh to SF[4]  
03-02 10:02:45.143   921   921 I BufferQueueProducer: [FramebufferSurface](this:0xb400007d8e9dff50,id:-1,api:1,p:921,c:921) queueBuffer: fps=14.35 dur=2578.27 max=1899.68 min=12.45
03-02 10:02:45.147   921   921 I MI-SF   : surfaceflinger setAffinity mode=1
03-02 10:02:45.147   921   921 E MI-SF   : surfaceflinger setAffinity success
03-02 10:02:45.147   921   921 I MI-SF   : surfaceflinger setreAffinity reTid=1207
03-02 10:02:45.147   921   921 E MI-SF   : surfaceflinger setAffinity success
03-02 10:02:45.157  1621  1922 I SmartPower: com.google.android.apps.nbu.files/10308(11601): background->idle(3001ms) R(service create com.google.android.apps.nbu.files/androidx.work.impl.background.systemjob.SystemJobService) adj=250.
03-02 10:02:45.286  1621  5056 I ClipboardServiceI: checkProviderWakePathForClipboard: primaryClip is null
03-02 10:02:45.289 27809 28162 I FontLog : (REDACTED) Received query %s, URI %s
03-02 10:02:45.290 27809 28162 I FontLog : (REDACTED) Query [%s] resolved to %s
03-02 10:02:45.291   861   947 I libPerfCtl: xgfGetFPS pid:921 fps:-1
03-02 10:02:45.291   861   947 I libPerfCtl: xgfGetFPS pid:2363 fps:-1
03-02 10:02:45.291   861   947 I libPerfCtl: xgfGetFPS pid:12919 fps:-1
03-02 10:02:45.297 27809 28162 I FontLog : (REDACTED) Fetch %s end status %s
03-02 10:02:45.305 27809 28162 I FontLog : (REDACTED) Pulling font file for id = %d, cache size = %d
03-02 10:02:45.306  1621  1918 E HyperSentinel: -------------------------------------------------------
03-02 10:02:45.306  1621  1918 E HyperSentinel: Event_OpenFileFDSize
03-02 10:02:45.306  1621  1918 E HyperSentinel: -> audit event by proc 1621 "system_server": Fd increasement, peak, 1011 -> 1116
03-02 10:02:45.306  1621  1917 D MiuiSentinelService: begin judgment FdAmountLeakException
03-02 10:02:45.315 27809 28162 I FontLog : (REDACTED) Pulling font file for id = %d, cache size = %d
03-02 10:02:45.320   921   921 I BufferQueueProducer: [StatusBar#109](this:0xb400007bcec4ab68,id:-1,api:0,p:-1,c:921) queueBuffer: fps=4.65 dur=3011.29 max=2796.88 min=14.31
03-02 10:02:45.324   921   921 I MI-SF   : surfaceflinger setAffinity mode=0
03-02 10:02:45.324   921   921 E MI-SF   : surfaceflinger setAffinity success
03-02 10:02:45.468   863   935 I ExtendedUtils: [timer_thread_start] epoll wait thread while start
03-02 10:02:45.468   863   935 I ExtendedPerfBoost: [restore_callback_expires] thermalbreak callback
03-02 10:02:45.468   863   935 I ExtendedPerfBoost: [triggerList_update] del one node to freelist
03-02 10:02:45.468   863   935 I ExtendedPerfBoost: [triggerList_update] now trigger boost:0  info
03-02 10:02:45.468   863   935 I ExtendedPerfBoost: [trig_thermalbreak] curr target time is same last target time
03-02 10:02:45.468   863   935 I ExtendedPerfBoost: [setThermalBreak] [setThermalBreak] : boost:0
03-02 10:02:45.551   849  1430 I hwcomposer: [HWC] (0)fire a callback of refresh to SF[4]  
03-02 10:02:45.554 18562 18789 D BluetoothDevice: getAddress: mAddress=XX:XX:XX:XX:61:B3
03-02 10:02:45.554 18562 18789 D BluetoothDevice: getAddress: mAddress=XX:XX:XX:XX:61:B3
03-02 10:02:45.555 18562 18789 D BluetoothDevice: getAddress: mAddress=XX:XX:XX:XX:61:B3
03-02 10:02:45.559   835   835 I zygote  : Delayed USAP Pool refill. New USAPs: 1
03-02 10:02:45.564   921   921 I MI-SF   : surfaceflinger setAffinity mode=1
03-02 10:02:45.564   921   921 E MI-SF   : surfaceflinger setAffinity success
03-02 10:02:45.564   921   921 I MI-SF   : surfaceflinger setreAffinity reTid=1207
03-02 10:02:45.564   921   921 E MI-SF   : surfaceflinger setAffinity success
03-02 10:02:45.591   835   835 D Zygote  : Forked child process 15673
03-02 10:02:45.595  1621  1922 I SmartPower: com.whatsapp/10300(31638): background->idle(3060ms) R(broadcast start Intent { act=android.intent.action.BATTERY_CHANGED flg=0x60000010 (has extras) }) adj=900.
03-02 10:02:45.595  1621  1922 I SmartPower: com.instagram.android/10301(10452): background->idle(3059ms) R(broadcast start Intent { act=android.intent.action.BATTERY_CHANGED flg=0x60000010 (has extras) }) adj=915.
03-02 10:02:45.595  1621  1922 I SmartPower: com.facebook.katana/10287(12498): background->idle(3058ms) R(broadcast start Intent { act=android.intent.action.BATTERY_CHANGED flg=0x60000010 (has extras) }) adj=915.
03-02 10:02:45.596  1621  1922 I SmartPower: com.android.chrome/10174(13627): background->idle(3056ms) R(broadcast start Intent { act=android.intent.action.BATTERY_CHANGED flg=0x60000010 (has extras) }) adj=905.
03-02 10:02:45.596  1621  1922 I SmartPower: com.instagram.barcelona/10075(14867): background->idle(3054ms) R(broadcast start Intent { act=android.intent.action.BATTERY_CHANGED flg=0x60000010 (has extras) }) adj=905.
03-02 10:02:45.596  1621  1922 I SmartPower: com.milink.service:audio/10190(19603): background->idle(3051ms) R(broadcast start Intent { act=android.intent.action.PACKAGE_RESTARTED dat=package: flg=0x4000010 (has extras) }) adj=250.
03-02 10:02:45.704 12919 15605 I softnation.Ojam: Compiler allocated 6783KB to compile void android.view.ViewRootImpl.performTraversals()
03-02 10:02:45.745  1621  3051 W UriGrantsManagerService: No permission grants found for com.google.android.apps.photos
03-02 10:02:45.746  1621  3051 W UriGrantsManagerService: No permission grants found for com.google.android.apps.photos
03-02 10:02:45.849  1621  3051 D AS.BtHelper: isBluetoothScoOn() mBluetoothHeadset is null: falsemBluetoothHeadsetDevice is null: true
03-02 10:02:45.849  1621  3051 V AS.AudioDeviceBroker: requestedCommunicationDevice: null mAudioModeOwner: AudioModeInfo: mMode=MODE_NORMAL, mPid=0, mUid=0
03-02 10:02:45.850  1621  3051 D AS.BtHelper: isBluetoothScoOn() mBluetoothHeadset is null: falsemBluetoothHeadsetDevice is null: true
03-02 10:02:45.850  1621  3051 V AS.AudioDeviceBroker: requestedCommunicationDevice: null mAudioModeOwner: AudioModeInfo: mMode=MODE_NORMAL, mPid=0, mUid=0
03-02 10:02:46.286  1621  1922 I SmartPower: com.google.android.googlequicksearchbox:search/10165(13966): background->idle(3001ms) R(become invisible) adj=250.
03-02 10:02:46.287  1621  1922 I SmartPower: com.google.android.googlequicksearchbox:interactor/10165(5969): background->idle(3002ms) R(become invisible) adj=100.
03-02 10:02:46.287  1621  1922 I SmartPower: com.miui.home/10166(1999): background->idle(3001ms) R(become background) adj=0.
03-02 10:02:46.291   861   947 I libPerfCtl: xgfGetFPS pid:2363 fps:-1
03-02 10:02:46.298  1621  1922 I SmartPower: com.mi.globalminusscreen/10162(11917): background->idle(3001ms) R(become invisible) adj=0.
03-02 10:02:46.322   849   849 I hwcomposer: [HWCDisplay] (0 updateFps():3667), (type:1, mode:2) fps:15.581790,dur:1732.79,max:761.26,min:14.75  
03-02 10:02:46.324   921   921 I MI-SF   : surfaceflinger setAffinity mode=0
03-02 10:02:46.324   921   921 E MI-SF   : surfaceflinger setAffinity success
03-02 10:02:46.325  2350  2350 D TelephonyManager: requestModemActivityInfo: Sending result to app: ModemActivityInfo{ mTimestamp=1025125744 mSleepTimeMs=619378837 mIdleTimeMs=397754014 mActivityStatsTechSpecificInfo=[{mRat=UNKNOWN,mFrequencyRange=UNKNOWN,mTxTimeMs[]=[42509, 90739, 159201, 400160, 488405],mRxTimeMs=9901574}]}
03-02 10:02:46.442  2350  2350 W Settings: Setting airplane_mode_on has moved from android.provider.Settings.System to android.provider.Settings.Global, returning read-only value.
03-02 10:02:46.445  2350  2350 W Settings: Setting airplane_mode_on has moved from android.provider.Settings.System to android.provider.Settings.Global, returning read-only value.
03-02 10:02:46.447  2350 29580 D NetworkSpeedTracker: updateNwSignalInfo not allowed ,ignore
03-02 10:02:46.451  2350 29580 D NetworkSpeedTracker: updateNwSignalInfo not allowed ,ignore
03-02 10:02:46.502 12919 15606 W softnation.Ojam: userfaultfd: MOVE ioctl seems unsupported: Connection timed out
03-02 10:02:46.547   849  1430 I hwcomposer: [HWC] (0)fire a callback of refresh to SF[4]  
03-02 10:02:46.552 12919 15606 I softnation.Ojam: Background concurrent mark compact GC freed 33MB AllocSpace bytes, 25(1772KB) LOS objects, 66% free, 14MB/44MB, paused 450us,6.867ms total 83.762ms
03-02 10:02:46.558   921   921 I BufferQueueProducer: [FramebufferSurface](this:0xb400007d8e9dff50,id:-1,api:1,p:921,c:921) queueBuffer: fps=1.41 dur=1414.72 max=997.69 min=417.03
03-02 10:02:46.562   921   921 I MI-SF   : surfaceflinger setAffinity mode=1
03-02 10:02:46.562   921   921 E MI-SF   : surfaceflinger setAffinity success
