03-02 10:02:46.562   921   921 I MI-SF   : surfaceflinger setreAffinity reTid=1207
03-02 10:02:46.562   921   921 E MI-SF   : surfaceflinger setAffinity success
03-02 10:02:46.642  1621  1776 I whetstone.activity: Power Event callback listener is empty for resId=128
03-02 10:02:46.643  1621  1776 D BatteryStatsManagerStub: notifyEvent for resId=128 used 0ms
03-02 10:02:46.645  1621  4427 D Aurogon :  packageName = com.google.android.gms isAllowWakeUpList 
03-02 10:02:46.650  1621  4427 D Aurogon :  packageName = com.google.android.gms isAllowWakeUpList 
03-02 10:02:46.658   853   853 I Accelerometer: flush, flushCnt:1
03-02 10:02:46.662   853   923 I Accelerometer: flush complete, flushCnt:0
03-02 10:02:46.758 12919 15649 W unknown:BridgelessReact: ReactHost{0}.loadJSBundleFromMetro(): Creating BundleLoader
03-02 10:02:46.759 12919 15647 W unknown:BridgelessReact: ReactHost{0}.getOrCreateReactContext(): Creating BridgelessReactContext
03-02 10:02:46.763 12919 15647 W unknown:BridgelessReact: ReactHost{0}.getOrCreateReactInstanceTask(): Creating ReactInstance
03-02 10:02:46.767 12919 12919 W WindowOnBackDispatcher: sendCancelIfRunning: isInProgress=false callback=android.view.ViewRootImpl$$ExternalSyntheticLambda12@a704596
03-02 10:02:46.768  1621  4427 D CoreBackPreview: Window{e044436 u0 PopupWindow:5e886ca}: Setting back callback null
03-02 10:02:46.769 12919 15626 W libc    : Access denied finding property "ro.vendor.display.iris_x7.support"
03-02 10:02:46.773 12919 12919 D View    : [Warning] assignParent to null: this = android.widget.PopupWindow$PopupDecorView{74f203b V.E...... R......D 0,0-1080,65}
03-02 10:02:46.774 12919 12919 D BLASTBufferQueue: [VRI[PopupWindow:5e886ca]#1](f:0,a:1) destructor()
03-02 10:02:46.774   921  1500 I BpBinder: onLastStrongRef automatically unlinking death recipients: 
03-02 10:02:46.774 12919 12919 D BufferQueueConsumer: [VRI[PopupWindow:5e886ca]#1(BLAST Consumer)1](id:327700000001,api:0,p:-1,c:12919) disconnect
03-02 10:02:46.776  1621  4427 W InputManager-JNI: Input channel object 'e044436 PopupWindow:5e886ca (client)' was disposed without first being removed with the input manager!
03-02 10:02:46.778  1621  4427 D WindowManager: setParent old=Window{2b8b957 u0 com.softnation.Ojam/com.softnation.Ojam.MainActivity},new=null,this window=Window{e044436 u0 PopupWindow:5e886ca},callers=com.android.server.wm.WindowContainer.removeChild:897 com.android.server.wm.WindowContainer.removeImmediately:967 com.android.server.wm.WindowState.removeImmediately:2526 com.android.server.wm.WindowState.removeIfPossible:2714 com.android.server.wm.WindowManagerService.removeClientToken:2462 com.android.server.wm.Session.remove:297 
03-02 10:02:46.780  1621  4427 D MiuiRefreshRatePolicy: reset
03-02 10:02:46.785  1621  1651 I ActivityTaskManager: visible for Task{a69e3ce #37017 type=standard A=10337:com.softnation.Ojam} visible = true isAnimating = false TRANSITION = false PARENTS = false CHILDREN = false
03-02 10:02:46.801   921   921 I SurfaceFlinger: onHandleDestroyed: name=e044436 PopupWindow:5e886ca#132816, layerId=132816, parentId=0
03-02 10:02:46.801   921   921 I SurfaceFlinger: onHandleDestroyed: name=PopupWindow:5e886ca#132817, layerId=132817, parentId=0
03-02 10:02:46.805   921   921 I MI-SF   : surfaceflinger setAffinity mode=0
03-02 10:02:46.806   921   921 E MI-SF   : surfaceflinger setAffinity success
03-02 10:02:46.831   921   921 I BufferQueueDebug: [PopupWindow:5e886ca#132817](this:0xb400007bcecd08d8,id:-1,api:0,p:-1,c:921) onDestructor()
03-02 10:02:46.831   921   921 I BufferQueueDebug: [e044436 PopupWindow:5e886ca#132816](this:0xb400007bcecdbf18,id:-1,api:0,p:-1,c:921) onDestructor()
03-02 10:02:46.853  1621  4427 D AS.BtHelper: isBluetoothScoOn() mBluetoothHeadset is null: falsemBluetoothHeadsetDevice is null: true
03-02 10:02:46.854  1621  4427 V AS.AudioDeviceBroker: requestedCommunicationDevice: null mAudioModeOwner: AudioModeInfo: mMode=MODE_NORMAL, mPid=0, mUid=0
03-02 10:02:46.855  1621  4427 D AS.BtHelper: isBluetoothScoOn() mBluetoothHeadset is null: falsemBluetoothHeadsetDevice is null: true
03-02 10:02:46.855  1621  4427 V AS.AudioDeviceBroker: requestedCommunicationDevice: null mAudioModeOwner: AudioModeInfo: mMode=MODE_NORMAL, mPid=0, mUid=0
03-02 10:02:46.863 12919 15647 D nativeloader: Load /data/app/~~Bh61wenJZi6JNVEuOkVQfQ==/com.softnation.Ojam-nnCVAdHxKfOmup5FCuBDYQ==/base.apk!/lib/arm64-v8a/libhermes.so using class loader ns clns-7 (caller=/data/app/~~Bh61wenJZi6JNVEuOkVQfQ==/com.softnation.Ojam-nnCVAdHxKfOmup5FCuBDYQ==/base.apk!classes20.dex): ok
03-02 10:02:46.867 12919 15647 D nativeloader: Load /data/app/~~Bh61wenJZi6JNVEuOkVQfQ==/com.softnation.Ojam-nnCVAdHxKfOmup5FCuBDYQ==/base.apk!/lib/arm64-v8a/libhermestooling.so using class loader ns clns-7 (caller=/data/app/~~Bh61wenJZi6JNVEuOkVQfQ==/com.softnation.Ojam-nnCVAdHxKfOmup5FCuBDYQ==/base.apk!classes20.dex): ok
03-02 10:02:46.867 12919 15647 D jni_lib_merge: Entering merged library JNI_OnLoad.
03-02 10:02:46.867 12919 15647 D jni_lib_merge: Preparing 4 pre-merged libs (including stub)
03-02 10:02:46.867 12919 15647 D jni_lib_merge: Preparing to register libhermes_executor_so.  onload_func: 0x79379307e0
03-02 10:02:46.867 12919 15647 D jni_lib_merge: Preparing to register libhermesinstancejni_so.  onload_func: 0x793796626c
03-02 10:02:46.867 12919 15647 D jni_lib_merge: Preparing to register libjsijniprofiler_so.  onload_func: 0x79379682bc
03-02 10:02:46.867 12919 15647 D jni_lib_merge: About to register 3 actual methods.
03-02 10:02:46.933 11601 15617 W BpBinder: Slow Binder: BpBinder transact took 3084 ms, interface=android.content.IContentProvider, code=1 oneway=false
03-02 10:02:46.958 12919 15647 D nativeloader: Load /data/app/~~Bh61wenJZi6JNVEuOkVQfQ==/com.softnation.Ojam-nnCVAdHxKfOmup5FCuBDYQ==/base.apk!/lib/arm64-v8a/libexpo-av.so using class loader ns clns-7 (caller=/data/app/~~Bh61wenJZi6JNVEuOkVQfQ==/com.softnation.Ojam-nnCVAdHxKfOmup5FCuBDYQ==/base.apk!classes21.dex): ok
03-02 10:02:46.993  1621  1621 D UiModeManager: updateConfigurationLocked: mDockState=0; mCarMode=false; mCar=false; mPowerSave=false; mOverrideNightModeOn=false; mOverrideNightModeOff=false; mComputedNightMode=true; mNightModeValue=2; uiMode=42
03-02 10:02:46.996  6027  6027 I PowerSaveService: onReceive: android.intent.action.BATTERY_CHANGED
03-02 10:02:46.996  6515  8177 D PowerCheckerService: onBatteryChanged, mBatteryLevel = 43, status = 2, level = 43, plug = 2, scale = 100
03-02 10:02:46.997  6515  6997 I ProcAudioPowerManager: onBatteryChanged, onBattery is false
03-02 10:02:46.997  6515  6997 D PowerKeeper.FrozenApp: onBatteryChanged plug=true mBatteryPlugged=2
03-02 10:02:46.997  6515  8142 D PowerKeeper.Thermal: mBatteryTemperature: 41
03-02 10:02:46.998  6027  6027 I PowerNoticeUI: handleBatteryChanged oldPlugType 2 mPlugType 2 oldBatteryLevel 43 mBatteryLevel 43 temperature 410
03-02 10:02:46.998  6027  6027 I ChargerBatteryIntelligenceReceiver: onBatteryChanged temperature∩╝Ü41,plugType:2
03-02 10:02:46.998  6027  6027 I ChargerBatteryIntelligenceReceiver: dissmissTempFastChargeReminder not support
03-02 10:02:46.999  6027  6027 D BaseChargeProtect_HighTemp: mCountByMinute:0,isScreenOn:true
03-02 10:02:47.001  6027  6027 I android_os_HwBinder: HwBinder: Starting thread pool for getting: vendor.xiaomi.hardware.micharge@1.0::IMiCharge/default
03-02 10:02:47.003   872   908 I vendor.xiaomi.hardware.micharge@1.0-service: ReadFilePathValue path = /sys/class/power_supply/usb/real_type value = USB
03-02 10:02:47.004  6027  6027 I IMiChargeUtils: getIMiChargeStringValue method:getBatteryChargeType,value:USB
03-02 10:02:47.004  6027  6027 I IMiChargeUtils: getBatteryChargeType : USB
03-02 10:02:47.004  6027  6027 I ChargeTimeUtilsV2: chargeType:USB
03-02 10:02:47.004  6027  6027 I PowerFeatureUtils: getVendorName:mediatek
03-02 10:02:47.004  6027  6027 I PowerFeatureUtils: getVendorName:mediatek
03-02 10:02:47.007  3510  3510 W libc    : Unable to set property "persist.vendor.accelerate.charge" to "false": PROP_ERROR_PERMISSION_DENIED (0x18)
03-02 10:02:47.019   849  1430 I hwcomposer: [HWC] (0)fire a callback of refresh to SF[4]  
03-02 10:02:47.021  1055  1186 D connsyslogger: SD_LOG_ROOT is /data/debuglogger/connsyslog/fw.
03-02 10:02:47.022  1055  1186 D connsyslogger: systemReady:1
03-02 10:02:47.023  1621  1621 D UiModeManager: updateConfigurationLocked: mDockState=0; mCarMode=false; mCar=false; mPowerSave=false; mOverrideNightModeOn=false; mOverrideNightModeOff=false; mComputedNightMode=true; mNightModeValue=2; uiMode=42
03-02 10:02:47.026  6515  8177 D PowerCheckerService: onBatteryChanged, mBatteryLevel = 43, status = 2, level = 43, plug = 2, scale = 100
03-02 10:02:47.026  6027  6027 I PowerSaveService: onReceive: android.intent.action.BATTERY_CHANGED
03-02 10:02:47.026  6515  8142 D PowerKeeper.Thermal: mBatteryTemperature: 42
03-02 10:02:47.027  6515  6997 I ProcAudioPowerManager: onBatteryChanged, onBattery is false
03-02 10:02:47.027  6515  6997 D PowerKeeper.FrozenApp: onBatteryChanged plug=true mBatteryPlugged=2
03-02 10:02:47.027  6027  6027 I PowerNoticeUI: handleBatteryChanged oldPlugType 2 mPlugType 2 oldBatteryLevel 43 mBatteryLevel 43 temperature 420
03-02 10:02:47.028  6027  6027 I ChargerBatteryIntelligenceReceiver: onBatteryChanged temperature∩╝Ü42,plugType:2
03-02 10:02:47.028  6027  6027 I ChargerBatteryIntelligenceReceiver: dissmissTempFastChargeReminder not support
03-02 10:02:47.028  6027  6027 D BaseChargeProtect_HighTemp: mCountByMinute:0,isScreenOn:true
03-02 10:02:47.030  6027  6027 I android_os_HwBinder: HwBinder: Starting thread pool for getting: vendor.xiaomi.hardware.micharge@1.0::IMiCharge/default
03-02 10:02:47.033   921   921 I MI-SF   : surfaceflinger setAffinity mode=1
03-02 10:02:47.033   921   921 E MI-SF   : surfaceflinger setAffinity success
03-02 10:02:47.033   921   921 I MI-SF   : surfaceflinger setreAffinity reTid=1207
03-02 10:02:47.033   921   921 E MI-SF   : surfaceflinger setAffinity success
03-02 10:02:47.033   872   908 I vendor.xiaomi.hardware.micharge@1.0-service: ReadFilePathValue path = /sys/class/power_supply/usb/real_type value = USB
03-02 10:02:47.034  6027  6027 I IMiChargeUtils: getIMiChargeStringValue method:getBatteryChargeType,value:USB
03-02 10:02:47.034  6027  6027 I IMiChargeUtils: getBatteryChargeType : USB
03-02 10:02:47.034  6027  6027 I ChargeTimeUtilsV2: chargeType:USB
03-02 10:02:47.034  6027  6027 I PowerFeatureUtils: getVendorName:mediatek
03-02 10:02:47.034  6027  6027 I PowerFeatureUtils: getVendorName:mediatek
03-02 10:02:47.148 18562 18904 I BtGatt.ScanManager: msg.what = MSG_CHECK_SCAN_STATUS, msg.arg1 = CHECK_BACKGROUND_TIMEOUT
03-02 10:02:47.175  1205  2027 D AidlBufferPoolAcc: evictor expired: 1, evicted: 0
03-02 10:02:47.292   861   947 I libPerfCtl: xgfGetFPS pid:921 fps:-1
03-02 10:02:47.292   861   947 I libPerfCtl: xgfGetFPS pid:2363 fps:-1
03-02 10:02:47.323   921   921 I BufferQueueProducer: [StatusBar#109](this:0xb400007bcec4ab68,id:-1,api:0,p:-1,c:921) queueBuffer: fps=1.00 dur=2002.32 max=1002.42 min=999.90
03-02 10:02:47.325   849   849 I hwcomposer: [HWCDisplay] (0 updateFps():3667), (type:1, mode:2) fps:4.985969,dur:1002.81,max:295.08,min:28.78  
03-02 10:02:47.327   921   921 I MI-SF   : surfaceflinger setAffinity mode=0
03-02 10:02:47.327   921   921 E MI-SF   : surfaceflinger setAffinity success
03-02 10:02:47.379 18562 29326 D BluetoothDevice: getAddress: mAddress=XX:XX:XX:XX:E1:4F
03-02 10:02:47.380 18562 29326 D BluetoothDevice: getAddress: mAddress=XX:XX:XX:XX:94:A5
03-02 10:02:47.380 18562 29326 D BluetoothDevice: getAddress: mAddress=XX:XX:XX:XX:6E:27
03-02 10:02:47.380 18562 29326 D BluetoothDevice: getAddress: mAddress=XX:XX:XX:XX:9D:81
03-02 10:02:47.380 18562 29326 D BluetoothDevice: getAddress: mAddress=XX:XX:XX:XX:EE:F9
03-02 10:02:47.380 18562 29326 D BluetoothDevice: getAddress: mAddress=XX:XX:XX:XX:C8:A7
03-02 10:02:47.380 18562 29326 D BluetoothDevice: getAddress: mAddress=XX:XX:XX:XX:2F:74
03-02 10:02:47.380 18562 29326 D BluetoothDevice: getAddress: mAddress=XX:XX:XX:XX:69:70
03-02 10:02:47.380 18562 29326 D BluetoothDevice: getAddress: mAddress=XX:XX:XX:XX:C0:39
03-02 10:02:47.382 18562 29326 D BluetoothDevice: getAddress: mAddress=XX:XX:XX:XX:E1:4F
03-02 10:02:47.382 18562 29326 D BluetoothDevice: getAddress: mAddress=XX:XX:XX:XX:94:A5
03-02 10:02:47.382 18562 29326 D BluetoothDevice: getAddress: mAddress=XX:XX:XX:XX:6E:27
03-02 10:02:47.382 18562 29326 D BluetoothDevice: getAddress: mAddress=XX:XX:XX:XX:9D:81
03-02 10:02:47.382 18562 29326 D BluetoothDevice: getAddress: mAddress=XX:XX:XX:XX:EE:F9
03-02 10:02:47.382 18562 29326 D BluetoothDevice: getAddress: mAddress=XX:XX:XX:XX:C8:A7
03-02 10:02:47.383 18562 29326 D BluetoothDevice: getAddress: mAddress=XX:XX:XX:XX:2F:74
03-02 10:02:47.383 18562 29326 D BluetoothDevice: getAddress: mAddress=XX:XX:XX:XX:69:70
03-02 10:02:47.383 18562 29326 D BluetoothDevice: getAddress: mAddress=XX:XX:XX:XX:C0:39
03-02 10:02:47.385 18562 29326 D BluetoothDevice: getAddress: mAddress=XX:XX:XX:XX:E1:4F
03-02 10:02:47.385 18562 29326 D BluetoothDevice: getAddress: mAddress=XX:XX:XX:XX:94:A5
03-02 10:02:47.385 18562 29326 D BluetoothDevice: getAddress: mAddress=XX:XX:XX:XX:6E:27
03-02 10:02:47.385 18562 29326 D BluetoothDevice: getAddress: mAddress=XX:XX:XX:XX:9D:81
03-02 10:02:47.385 18562 29326 D BluetoothDevice: getAddress: mAddress=XX:XX:XX:XX:EE:F9
03-02 10:02:47.385 18562 29326 D BluetoothDevice: getAddress: mAddress=XX:XX:XX:XX:C8:A7
03-02 10:02:47.385 18562 29326 D BluetoothDevice: getAddress: mAddress=XX:XX:XX:XX:2F:74
03-02 10:02:47.385 18562 29326 D BluetoothDevice: getAddress: mAddress=XX:XX:XX:XX:69:70
03-02 10:02:47.385 18562 29326 D BluetoothDevice: getAddress: mAddress=XX:XX:XX:XX:C0:39
03-02 10:02:47.460 11601 11624 I .apps.nbu.files: Background concurrent mark compact GC freed 22MB AllocSpace bytes, 0(0B) LOS objects, 72% free, 9351KB/33MB, paused 2.689ms,3.529ms total 145.965ms
03-02 10:02:47.472  2350  2350 W Settings: Setting airplane_mode_on has moved from android.provider.Settings.System to android.provider.Settings.Global, returning read-only value.
03-02 10:02:47.474  2350  2350 W Settings: Setting airplane_mode_on has moved from android.provider.Settings.System to android.provider.Settings.Global, returning read-only value.
03-02 10:02:47.478  2350 29580 D NetworkSpeedTracker: updateSignalInfo lteRsrp=-76lteSnr=16,phoneId=1
03-02 10:02:47.482  2350 29580 D NetworkSpeedTracker: updateSignalInfo lteRsrp=-76lteSnr=16,phoneId=1
03-02 10:02:47.488  1621  3051 W ContentProviderHelper: No provider info for content provider com.miui.personalassistant.servicedeliver.system.provider when providerRunning is false, caller is ProcessRecord{b4ea4fc 1999:com.miui.home/u0a166}
03-02 10:02:47.489  1999 17839 E ActivityThread: Failed to find provider info for com.miui.personalassistant.servicedeliver.system.provider
03-02 10:02:47.489  1999 17839 E ServiceDeliveryCompat: isSupportServiceDelivery
03-02 10:02:47.489  1999 17839 E ServiceDeliveryCompat: java.lang.IllegalArgumentException: Unknown authority com.miui.personalassistant.servicedeliver.system.provider
03-02 10:02:47.489  1999 17839 E ServiceDeliveryCompat: 	at android.content.ContentResolver.call(ContentResolver.java:2463)
03-02 10:02:47.489  1999 17839 E ServiceDeliveryCompat: 	at android.content.ContentResolver.call(ContentResolver.java:2446)
03-02 10:02:47.489  1999 17839 E ServiceDeliveryCompat: 	at com.miui.home.launcher.servicedeliver.ServiceDeliveryUtils.isSupportServiceDelivery(ServiceDeliveryUtils.kt:28)
03-02 10:02:47.489  1999 17839 E ServiceDeliveryCompat: 	at com.miui.home.launcher.servicedeliver.ServiceDeliveryReplaceHelper.lambda$tryReplaceToServiceDelivery$1(ServiceDeliveryReplaceHelper.java:67)
03-02 10:02:47.489  1999 17839 E ServiceDeliveryCompat: 	at com.miui.home.launcher.servicedeliver.ServiceDeliveryReplaceHelper.$r8$lambda$WUWmthv-UjITX40FJ8ag1YKl6O8(Unknown Source:0)
03-02 10:02:47.489  1999 17839 E ServiceDeliveryCompat: 	at com.miui.home.launcher.servicedeliver.ServiceDeliveryReplaceHelper$$ExternalSyntheticLambda1.run(Unknown Source:2)
03-02 10:02:47.489  1999 17839 E ServiceDeliveryCompat: 	at java.util.concurrent.Executors$RunnableAdapter.call(Executors.java:520)
03-02 10:02:47.489  1999 17839 E ServiceDeliveryCompat: 	at java.util.concurrent.FutureTask.run(FutureTask.java:317)
03-02 10:02:47.489  1999 17839 E ServiceDeliveryCompat: 	at java.util.concurrent.ThreadPoolExecutor.runWorker(ThreadPoolExecutor.java:1154)
03-02 10:02:47.489  1999 17839 E ServiceDeliveryCompat: 	at java.util.concurrent.ThreadPoolExecutor$Worker.run(ThreadPoolExecutor.java:652)
03-02 10:02:47.489  1999 17839 E ServiceDeliveryCompat: 	at java.lang.Thread.run(Thread.java:1563)
03-02 10:02:47.489  1999 17839 I ServiceDeliveryReplaceHelper: tryReplaceToDelivery: isSupportServiceDelivery false
03-02 10:02:47.547   849  1430 I hwcomposer: [HWC] (0)fire a callback of refresh to SF[4]  
03-02 10:02:47.560   921   921 I MI-SF   : surfaceflinger setAffinity mode=1
03-02 10:02:47.560   921   921 E MI-SF   : surfaceflinger setAffinity success
03-02 10:02:47.560   921   921 I MI-SF   : surfaceflinger setreAffinity reTid=1207
03-02 10:02:47.560   921   921 E MI-SF   : surfaceflinger setAffinity success
03-02 10:02:47.629  1159  1606 D ULogGuard: Monitoring: 18 threads, 0 requests, 0 time-bombs; 1 guards. ResetFlags = 0x7
03-02 10:02:47.644  1621  2197 I whetstone.activity: Power Event callback listener is empty for resId=256
03-02 10:02:47.644  1621  2197 D BatteryStatsManagerStub: notifyEvent for resId=256 used 1ms
03-02 10:02:47.646  1621  2197 I SmartPower: com.google.android.apps.nbu.files/10308(11601): idle->background(2489ms) R(service unbind com.google.android.apps.nbu.files/androidx.work.impl.background.systemjob.SystemJobService) adj=250.
03-02 10:02:47.650  1621  1842 I MiuiNetworkPolicy: updateUidState uid = 10308, uidState = 10
03-02 10:02:47.651  1621  2197 W JobScheduler: Job didn't exist in JobStore: 
03-02 10:02:47.657  1621  1842 I MiuiNetworkPolicy: updateUidState uid = 10308, uidState = 19
03-02 10:02:47.858  1621  2197 D AS.BtHelper: isBluetoothScoOn() mBluetoothHeadset is null: falsemBluetoothHeadsetDevice is null: true
03-02 10:02:47.858  1621  2197 V AS.AudioDeviceBroker: requestedCommunicationDevice: null mAudioModeOwner: AudioModeInfo: mMode=MODE_NORMAL, mPid=0, mUid=0
03-02 10:02:47.859  1621  2197 D AS.BtHelper: isBluetoothScoOn() mBluetoothHeadset is null: falsemBluetoothHeadsetDevice is null: true
03-02 10:02:47.859  1621  2197 V AS.AudioDeviceBroker: requestedCommunicationDevice: null mAudioModeOwner: AudioModeInfo: mMode=MODE_NORMAL, mPid=0, mUid=0
03-02 10:02:47.871  1621  1856 D InetDiagMessage: Destroyed 0 sockets, proto=IPPROTO_TCP, family=AF_INET, states=14
03-02 10:02:47.872  1621  2197 W UriGrantsManagerService: No permission grants found for com.google.android.apps.photos
03-02 10:02:47.872  1621  2197 W UriGrantsManagerService: No permission grants found for com.google.android.apps.photos
03-02 10:02:47.872  1621  1856 D InetDiagMessage: Destroyed 0 sockets, proto=IPPROTO_TCP, family=AF_INET6, states=14
03-02 10:02:47.873  1621  1856 D InetDiagMessage: Destroyed live tcp sockets for uids={10204} in 3ms
03-02 10:02:47.874  1621  1856 D InetDiagMessage: Destroyed 0 sockets, proto=IPPROTO_TCP, family=AF_INET, states=14
03-02 10:02:47.875  1621  2197 I ClipboardServiceI: checkProviderWakePathForClipboard: primaryClip is null
03-02 10:02:47.876  1621  1856 D InetDiagMessage: Destroyed 0 sockets, proto=IPPROTO_TCP, family=AF_INET6, states=14
03-02 10:02:47.876  1621  1856 D InetDiagMessage: Destroyed live tcp sockets for uids={20204} in 4ms
03-02 10:02:47.879  1621  1856 D InetDiagMessage: Destroyed 0 sockets, proto=IPPROTO_TCP, family=AF_INET, states=14
03-02 10:02:47.880  1621  1856 D InetDiagMessage: Destroyed 0 sockets, proto=IPPROTO_TCP, family=AF_INET6, states=14
03-02 10:02:47.880  1621  1856 D InetDiagMessage: Destroyed live tcp sockets for uids={10152} in 3ms
03-02 10:02:47.882  1621  1856 D InetDiagMessage: Destroyed 0 sockets, proto=IPPROTO_TCP, family=AF_INET, states=14
03-02 10:02:47.883  1621  1856 D InetDiagMessage: Destroyed 0 sockets, proto=IPPROTO_TCP, family=AF_INET6, states=14
03-02 10:02:47.883  1621  1856 D InetDiagMessage: Destroyed live tcp sockets for uids={20152} in 3ms
03-02 10:02:47.974  1621  2197 W UriGrantsManagerService: No permission grants found for com.google.android.apps.photos
03-02 10:02:47.974  1621  2197 W UriGrantsManagerService: No permission grants found for com.google.android.apps.photos
03-02 10:02:48.085  1621  2197 W UriGrantsManagerService: No permission grants found for com.google.android.apps.photos
03-02 10:02:48.086  1621  2197 W UriGrantsManagerService: No permission grants found for com.google.android.apps.photos
03-02 10:02:48.176  1205  2027 D AidlBufferPoolAcc: evictor expired: 1, evicted: 0
03-02 10:02:48.292   861   947 I libPerfCtl: xgfGetFPS pid:921 fps:-1
03-02 10:02:48.292   861   947 I libPerfCtl: xgfGetFPS pid:2363 fps:-1
03-02 10:02:48.294 12919 15647 I ExpoModulesCore: Γ£à AppContext was initialized
03-02 10:02:48.333   921   921 I BufferQueueProducer: [StatusBar#109](this:0xb400007bcec4ab68,id:-1,api:0,p:-1,c:921) queueBuffer: fps=0.99 dur=1009.74 max=1009.74 min=1009.74
03-02 10:02:48.335   849   849 I hwcomposer: [HWCDisplay] (0 updateFps():3667), (type:1, mode:2) fps:1.981379,dur:1009.40,max:777.51,min:231.88  
03-02 10:02:48.336   921   921 I MI-SF   : surfaceflinger setAffinity mode=0
03-02 10:02:48.336   921   921 E MI-SF   : surfaceflinger setAffinity success
03-02 10:02:48.437   921  1467 W EventThreadInspector: slow VSync-app on display(4627039422300187648) count=1, avg=30 ms, max=30 ms.
03-02 10:02:48.454 12919 15647 W unknown:BridgelessReact: ReactHost{0}.getOrCreateReactInstanceTask(): Loading JS Bundle
03-02 10:02:48.455 12919 15647 W unknown:BridgelessReact: ReactHost{0}.getOrCreateReactInstanceTask(): Calling DevSupportManagerBase.onNewReactContextCreated(reactContext)
03-02 10:02:48.462 12919 15647 W unknown:BridgelessReact: ReactHost{0}.startSurface(surfaceId = 0): Execute
03-02 10:02:48.473 12919 12919 W unknown:ReactNative: Packager connection already open, nooping.
03-02 10:02:48.474 12919 12919 W unknown:BridgelessReact: ReactContext.onHostResume()
03-02 10:02:48.482 12919 12919 W unknown:BridgelessReact: ReactHost{0}.getOrCreateReactInstanceTask(): Executing ReactInstanceEventListeners
03-02 10:02:48.522 10452 10698 E msys    : E[N mns]_OnDiskCacheGetData(632)=>Start post callback cache refresh DNS resolution
03-02 10:02:48.528 10452 10698 E msys    : E[N mns]_LogError(228)=>Failed to resolve using system DNS resolver, getaddrinfo(): No address associated with hostname
03-02 10:02:48.529 10452 10698 E msys    : E[N mns]_OnDiskCacheGetData(632)=>Start post callback cache refresh DNS resolution
03-02 10:02:48.531 10452 10698 E msys    : E[N mns]_LogError(228)=>Failed to resolve using system DNS resolver, getaddrinfo(): No address associated with hostname
03-02 10:02:48.571   849  1430 I hwcomposer: [HWC] (0)fire a callback of refresh to SF[4]  
03-02 10:02:48.581   921   921 I BufferQueueProducer: [FramebufferSurface](this:0xb400007d8e9dff50,id:-1,api:1,p:921,c:921) queueBuffer: fps=1.48 dur=2022.97 max=1024.71 min=471.32
03-02 10:02:48.584   921   921 I MI-SF   : surfaceflinger setAffinity mode=1
03-02 10:02:48.584   921   921 E MI-SF   : surfaceflinger setAffinity success
03-02 10:02:48.584   921   921 I MI-SF   : surfaceflinger setreAffinity reTid=1207
03-02 10:02:48.584   921   921 E MI-SF   : surfaceflinger setAffinity success
03-02 10:02:48.713  1201  1298 D AALLightSensor: oldLux=14 [SA:-1 LA:-1] newLux=14 (oriLux: 14)
03-02 10:02:48.861  1621  3051 D AS.BtHelper: isBluetoothScoOn() mBluetoothHeadset is null: falsemBluetoothHeadsetDevice is null: true
03-02 10:02:48.861  1621  3051 V AS.AudioDeviceBroker: requestedCommunicationDevice: null mAudioModeOwner: AudioModeInfo: mMode=MODE_NORMAL, mPid=0, mUid=0
03-02 10:02:48.862  1621  3051 D AS.BtHelper: isBluetoothScoOn() mBluetoothHeadset is null: falsemBluetoothHeadsetDevice is null: true
03-02 10:02:48.862  1621  3051 V AS.AudioDeviceBroker: requestedCommunicationDevice: null mAudioModeOwner: AudioModeInfo: mMode=MODE_NORMAL, mPid=0, mUid=0
03-02 10:02:48.995  1621  1918 E HyperSentinel: -------------------------------------------------------
03-02 10:02:48.996  1621  1918 E HyperSentinel: Event_ResidentSize
03-02 10:02:48.996  1621  1918 E HyperSentinel: -> audit event by proc 12919 "usap64": RSS increasement, peak 238064kb -> 359652kb
03-02 10:02:48.996  1621  1917 D MiuiSentinelService: begin judgmentRssLeakException
03-02 10:02:48.996  1621  1917 E MiuiSentinelMemoryManager: getRSSinfo: usap64#12919
03-02 10:02:48.996  1621  1917 D MiuiSentinelMemoryManager: cmdline: usap64, pid: 12919, RSSsize:359652
03-02 10:02:48.997  1621  1917 W MiuiSentinelMemoryManager: The current process type does not meet reporting requirements
03-02 10:02:49.022  1055  1186 D connsyslogger: SD_LOG_ROOT is /data/debuglogger/connsyslog/fw.
03-02 10:02:49.022  1055  1186 D connsyslogger: systemReady:1
03-02 10:02:49.288  1621  1922 I SmartPower: com.google.android.googlequicksearchbox:googleapp/10165(14013): background->idle(6003ms) R(become invisible) adj=0.
03-02 10:02:49.292   861   947 I libPerfCtl: xgfGetFPS pid:2363 fps:-1
03-02 10:02:49.299  1621  1922 I SmartPower: com.google.android.adservices.api/10261(5464): background->idle(6001ms) R(remove from whitelist) adj=0.
03-02 10:02:49.299  1621  1922 I SmartPower: com.google.android.webview:sandboxed_process0:org.chromium.content.app.SandboxedPrbackground->idle(6001ms) R(remove from whitelist) adj=0.
03-02 10:02:49.341   921   921 I BufferQueueProducer: [StatusBar#109](this:0xb400007bcec4ab68,id:-1,api:0,p:-1,c:921) queueBuffer: fps=0.99 dur=1008.82 max=1008.82 min=1008.82
03-02 10:02:49.344   849   849 I hwcomposer: [HWCDisplay] (0 updateFps():3667), (type:1, mode:2) fps:1.981676,dur:1009.25,max:762.04,min:247.21  
03-02 10:02:49.345   921   921 I MI-SF   : surfaceflinger setAffinity mode=0
03-02 10:02:49.346   921   921 E MI-SF   : surfaceflinger setAffinity success
03-02 10:02:49.571   849  1430 I hwcomposer: [HWC] (0)fire a callback of refresh to SF[4]  
03-02 10:02:49.594   921   921 I BufferQueueProducer: [FramebufferSurface](this:0xb400007d8e9dff50,id:-1,api:1,p:921,c:921) queueBuffer: fps=0.99 dur=1012.92 max=1012.92 min=1012.92
03-02 10:02:49.597   921   921 I MI-SF   : surfaceflinger setAffinity mode=1
03-02 10:02:49.597   921   921 E MI-SF   : surfaceflinger setAffinity success
03-02 10:02:49.597   921   921 I MI-SF   : surfaceflinger setreAffinity reTid=1207
03-02 10:02:49.597   921   921 E MI-SF   : surfaceflinger setAffinity success
03-02 10:02:49.649  1621  1922 I SmartPower: com.google.android.gms/10147(8942): background->idle(6363ms) R(alarm end) adj=250.
03-02 10:02:49.686 12919 15682 I WebViewFactory: Loading com.google.android.webview version 145.0.7632.79 (code 763207903)
03-02 10:02:49.696 12919 15682 D ApplicationLoaders: Returning zygote-cached class loader: /system/framework/android.test.base.jar
03-02 10:02:49.696 12919 15682 D ApplicationLoaders: Returning zygote-cached class loader: /system_ext/framework/androidx.window.extensions.jar
03-02 10:02:49.701 12919 15682 W softnation.Ojam: Loading /data/app/~~6WQvy1g3uHyDFuZpDlez4A==/com.google.android.webview-LhKVE1I3zKkU3w5MlwC1TA==/oat/arm64/base.odex non-executable as it requires an image which we failed to load
03-02 10:02:49.708 12919 15682 D nativeloader: Configuring clns-8 for other apk /data/app/~~6WQvy1g3uHyDFuZpDlez4A==/com.google.android.webview-LhKVE1I3zKkU3w5MlwC1TA==/base.apk. target_sdk_version=36, uses_libraries=, library_path=/data/app/~~6WQvy1g3uHyDFuZpDlez4A==/com.google.android.webview-LhKVE1I3zKkU3w5MlwC1TA==/lib/arm64:/data/app/~~6WQvy1g3uHyDFuZpDlez4A==/com.google.android.webview-LhKVE1I3zKkU3w5MlwC1TA==/base.apk!/lib/arm64-v8a, permitted_path=/data:/mnt/expand
03-02 10:02:49.741  6027  6027 I PowerSaveService: onReceive: android.intent.action.BATTERY_CHANGED
03-02 10:02:49.744  6515  8177 D PowerCheckerService: onBatteryChanged, mBatteryLevel = 43, status = 2, level = 43, plug = 2, scale = 100
03-02 10:02:49.745  6515  8142 D PowerKeeper.Thermal: mBatteryTemperature: 42
03-02 10:02:49.745  6027  6027 I PowerNoticeUI: handleBatteryChanged oldPlugType 2 mPlugType 2 oldBatteryLevel 43 mBatteryLevel 43 temperature 420
03-02 10:02:49.745  6027  6027 I ChargerBatteryIntelligenceReceiver: onBatteryChanged temperature∩╝Ü42,plugType:2
03-02 10:02:49.745  6027  6027 D BaseChargeProtect_HighTemp: mCountByMinute:0,isScreenOn:true
03-02 10:02:49.746  1621  1621 D UiModeManager: updateConfigurationLocked: mDockState=0; mCarMode=false; mCar=false; mPowerSave=false; mOverrideNightModeOn=false; mOverrideNightModeOff=false; mComputedNightMode=true; mNightModeValue=2; uiMode=42
03-02 10:02:49.746  6515  6997 I ProcAudioPowerManager: onBatteryChanged, onBattery is false
03-02 10:02:49.747  6515  6997 D PowerKeeper.FrozenApp: onBatteryChanged plug=true mBatteryPlugged=2
03-02 10:02:49.748  6027  6027 I android_os_HwBinder: HwBinder: Starting thread pool for getting: vendor.xiaomi.hardware.micharge@1.0::IMiCharge/default
03-02 10:02:49.748 12919 15682 I cr_WVCFactoryProvider: version=145.0.7632.79 (763207903) minSdkVersion=29 multiprocess=true packageId=127 splits=<none>
03-02 10:02:49.753   872   908 I vendor.xiaomi.hardware.micharge@1.0-service: ReadFilePathValue path = /sys/class/power_supply/usb/real_type value = USB
03-02 10:02:49.754  6027  6027 I IMiChargeUtils: getIMiChargeStringValue method:getBatteryChargeType,value:USB
03-02 10:02:49.754  6027  6027 I IMiChargeUtils: getBatteryChargeType : USB
03-02 10:02:49.754  6027  6027 I ChargeTimeUtilsV2: chargeType:USB
03-02 10:02:49.754  6027  6027 I PowerFeatureUtils: getVendorName:mediatek
03-02 10:02:49.754  6027  6027 I PowerFeatureUtils: getVendorName:mediatek
03-02 10:02:49.760  1621  1621 D UiModeManager: updateConfigurationLocked: mDockState=0; mCarMode=false; mCar=false; mPowerSave=false; mOverrideNightModeOn=false; mOverrideNightModeOff=false; mComputedNightMode=true; mNightModeValue=2; uiMode=42
03-02 10:02:49.762 12919 15682 D nativeloader: Load /data/app/~~6WQvy1g3uHyDFuZpDlez4A==/com.google.android.webview-LhKVE1I3zKkU3w5MlwC1TA==/base.apk!/lib/arm64-v8a/libwebviewchromium.so using class loader ns clns-8 (caller=/data/app/~~6WQvy1g3uHyDFuZpDlez4A==/com.google.android.webview-LhKVE1I3zKkU3w5MlwC1TA==/base.apk): ok
03-02 10:02:49.764  6027  6027 I PowerSaveService: onReceive: android.intent.action.BATTERY_CHANGED
03-02 10:02:49.765  6027  6027 I PowerNoticeUI: handleBatteryChanged oldPlugType 2 mPlugType 2 oldBatteryLevel 43 mBatteryLevel 43 temperature 420
03-02 10:02:49.765  6515  8177 D PowerCheckerService: onBatteryChanged, mBatteryLevel = 43, status = 2, level = 43, plug = 2, scale = 100
03-02 10:02:49.766  6027  6027 I ChargerBatteryIntelligenceReceiver: onBatteryChanged temperature∩╝Ü42,plugType:2
03-02 10:02:49.766  6027  6027 D BaseChargeProtect_HighTemp: mCountByMinute:0,isScreenOn:true
03-02 10:02:49.766  6515  6997 I ProcAudioPowerManager: onBatteryChanged, onBattery is false
03-02 10:02:49.766  6515  6997 D PowerKeeper.FrozenApp: onBatteryChanged plug=true mBatteryPlugged=2
03-02 10:02:49.767  6515  8142 D PowerKeeper.Thermal: mBatteryTemperature: 42
03-02 10:02:49.767 12919 15682 D nativeloader: Load /system/lib64/libwebviewchromium_plat_support.so using class loader ns clns-8 (caller=/data/app/~~6WQvy1g3uHyDFuZpDlez4A==/com.google.android.webview-LhKVE1I3zKkU3w5MlwC1TA==/base.apk): ok
03-02 10:02:49.768  6027  6027 I android_os_HwBinder: HwBinder: Starting thread pool for getting: vendor.xiaomi.hardware.micharge@1.0::IMiCharge/default
03-02 10:02:49.770   872 24120 I vendor.xiaomi.hardware.micharge@1.0-service: ReadFilePathValue path = /sys/class/power_supply/usb/real_type value = USB
03-02 10:02:49.771  6027  6027 I IMiChargeUtils: getIMiChargeStringValue method:getBatteryChargeType,value:USB
03-02 10:02:49.771  6027  6027 I IMiChargeUtils: getBatteryChargeType : USB
03-02 10:02:49.771  6027  6027 I ChargeTimeUtilsV2: chargeType:USB
03-02 10:02:49.771  6027  6027 I PowerFeatureUtils: getVendorName:mediatek
03-02 10:02:49.771  6027  6027 I PowerFeatureUtils: getVendorName:mediatek
03-02 10:02:49.773 12919 15696 I chromium: [0302/100249.772881:INFO:android_webview/browser/variations/variations_seed_loader.cc:67] Failed to open file for reading.: No such file or directory (2)
03-02 10:02:49.782 12919 15682 I cr_LibraryLoader: Successfully loaded native library
03-02 10:02:49.785 12919 15682 I cr_CachingUmaRecorder: Flushed 18 samples from 18 histograms, 0 samples were dropped.
03-02 10:02:49.819 12919 15701 D ProfileInstaller: Installing profile for com.softnation.Ojam
03-02 10:02:49.865  1621  3051 D AS.BtHelper: isBluetoothScoOn() mBluetoothHeadset is null: falsemBluetoothHeadsetDevice is null: true
03-02 10:02:49.865  1621  3051 V AS.AudioDeviceBroker: requestedCommunicationDevice: null mAudioModeOwner: AudioModeInfo: mMode=MODE_NORMAL, mPid=0, mUid=0
03-02 10:02:49.866  1621  3051 D AS.BtHelper: isBluetoothScoOn() mBluetoothHeadset is null: falsemBluetoothHeadsetDevice is null: true
03-02 10:02:49.866  1621  3051 V AS.AudioDeviceBroker: requestedCommunicationDevice: null mAudioModeOwner: AudioModeInfo: mMode=MODE_NORMAL, mPid=0, mUid=0
03-02 10:02:49.878 12919 15681 D nativeloader: Load /data/app/~~Bh61wenJZi6JNVEuOkVQfQ==/com.softnation.Ojam-nnCVAdHxKfOmup5FCuBDYQ==/base.apk!/lib/arm64-v8a/libexpo-modules-core.so using class loader ns clns-7 (caller=/data/app/~~Bh61wenJZi6JNVEuOkVQfQ==/com.softnation.Ojam-nnCVAdHxKfOmup5FCuBDYQ==/base.apk!classes20.dex): ok
03-02 10:02:49.945 28118 30520 I gle.android.gms: Explicit concurrent mark compact GC freed 288KB AllocSpace bytes, 0(0B) LOS objects, 38% free, 18MB/30MB, paused 2.481ms,10.123ms total 571.775ms
03-02 10:02:49.967 12919 15681 W unknown:ViewManagerPropertyUpdater: Could not find generated setter for class com.th3rdwave.safeareacontext.SafeAreaProviderManager
03-02 10:02:49.974 12919 15681 W unknown:ViewManagerPropertyUpdater: Could not find generated setter for class com.facebook.react.uimanager.LayoutShadowNode
03-02 10:02:49.979 12919 15681 W unknown:ViewManagerPropertyUpdater: Could not find generated setter for class com.swmansion.rnscreens.SearchBarManager
03-02 10:02:49.982 12919 15681 W unknown:ViewManagerPropertyUpdater: Could not find generated setter for class com.swmansion.rnscreens.ScreenFooterManager
03-02 10:02:49.982  1167  1167 I thermal_repeater: [recvMdThermalInfo] ret=25, strLen=127,  3, 38, -5, 196, 32767, 0
03-02 10:02:49.984 12919 15681 W unknown:ViewManagerPropertyUpdater: Could not find generated setter for class com.swmansion.rnscreens.gamma.tabs.TabScreenViewManager
03-02 10:02:49.986  2350  2350 W Settings: Setting airplane_mode_on has moved from android.provider.Settings.System to android.provider.Settings.Global, returning read-only value.
03-02 10:02:49.988 12919 15681 W unknown:ViewManagerPropertyUpdater: Could not find generated setter for class expo.modules.kotlin.views.GroupViewManagerWrapper
03-02 10:02:49.988  2350  2350 W Settings: Setting airplane_mode_on has moved from android.provider.Settings.System to android.provider.Settings.Global, returning read-only value.
03-02 10:02:49.990  2350 29580 D NetworkSpeedTracker: updateSignalInfo lteRsrp=-76lteSnr=13,phoneId=1
03-02 10:02:49.993  2350 29580 D NetworkSpeedTracker: updateSignalInfo lteRsrp=-76lteSnr=13,phoneId=1
03-02 10:02:49.995 12919 15681 W unknown:ViewManagerPropertyUpdater: Could not find generated setter for class com.swmansion.rnscreens.ScreenContainerViewManager
03-02 10:02:49.996 12919 15681 W unknown:ViewManagerPropertyUpdater: Could not find generated setter for class com.reactnativecommunity.slider.ReactSliderManager
03-02 10:02:50.004 12919 15681 W unknown:ViewManagerPropertyUpdater: Could not find generated setter for class com.swmansion.rnscreens.gamma.tabs.TabsHostViewManager
03-02 10:02:50.007 12919 15681 W unknown:ViewManagerPropertyUpdater: Could not find generated setter for class com.swmansion.rnscreens.ModalScreenViewManager
03-02 10:02:50.013 12919 15681 W unknown:ViewManagerPropertyUpdater: Could not find generated setter for class com.swmansion.rnscreens.ScreenStackHeaderConfigViewManager
03-02 10:02:50.018 12919 15681 W unknown:ViewManagerPropertyUpdater: Could not find generated setter for class com.swmansion.rnscreens.ScreenContentWrapperManager
03-02 10:02:50.020 12919 15681 W unknown:ViewManagerPropertyUpdater: Could not find generated setter for class com.th3rdwave.safeareacontext.SafeAreaViewManager
03-02 10:02:50.023 12919 15681 W unknown:ViewManagerPropertyUpdater: Could not find generated setter for class com.th3rdwave.safeareacontext.SafeAreaViewShadowNode
03-02 10:02:50.025 12919 15681 W unknown:ViewManagerPropertyUpdater: Could not find generated setter for class com.swmansion.rnscreens.ScreenViewManager
03-02 10:02:50.029 12919 15681 W unknown:ViewManagerPropertyUpdater: Could not find generated setter for class expo.modules.kotlin.views.SimpleViewManagerWrapper
03-02 10:02:50.032 12919 15681 W unknown:ViewManagerPropertyUpdater: Could not find generated setter for class com.swmansion.rnscreens.ScreenStackHeaderSubviewManager
03-02 10:02:50.036 12919 15681 W unknown:ViewManagerPropertyUpdater: Could not find generated setter for class com.swmansion.rnscreens.ScreenStackViewManager
03-02 10:02:50.122  1621  3051 D Aurogon :  packageName = com.google.android.gms isAllowWakeUpList 
03-02 10:02:50.125  1621  3051 W AppOps  : Noting op not finished: uid 10147 pkg com.google.android.gms code 113 startTime of in progress event=1772441474689
03-02 10:02:50.132  1621  5056 W AppOps  : Noting op not finished: uid 10147 pkg com.google.android.gms code 113 startTime of in progress event=1772441474688
03-02 10:02:50.133  1621  5056 D Aurogon :  packageName = com.google.android.gms isAllowWakeUpList 
03-02 10:02:50.138  1621  1676 D SsruManagerImpl: MiSsru Sensor not init!!!!
03-02 10:02:50.139   853   853 I Accelerometer: batch: handle:0, flag:0,samplingPeriodNs:66000000 maxBatchReportLatencyNs:0

03-02 10:02:50.142 27809 27809 D BoundBrokerSvc: onRebind: Intent { act=com.google.android.gms.auth.aang.events.services.START dat=chimera-action:/... cmp=com.google.android.gms/.chimera.PersistentApiService }
03-02 10:02:50.143  1177  1177 I thermal_src: recvmsg_expect 5, but get 2 
03-02 10:02:50.144  1177  1177 V thermal_src: TA_DAEMON_CMD_GET_TPCB:ERROR ret=-1
03-02 10:02:50.144  1177  1177 E thermal_src: get_tpcb_from_kernel:error -1. retry...
03-02 10:02:50.144  1177  1177 I thermal_src: recvmsg_expect 5, but get 2 
03-02 10:02:50.144  1177  1177 V thermal_src: TA_DAEMON_CMD_GET_TPCB:ERROR ret=-1
03-02 10:02:50.144  1177  1177 E thermal_src: get_tpcb_from_kernel:error -1. retry...
03-02 10:02:50.144  1177  1177 I thermal_src: recvmsg_expect 4, but get 5 
03-02 10:02:50.144  1177  1177 V thermal_src: TA_DAEMON_CMD_SET_TTJ:ERROR ret=-1
03-02 10:02:50.144  1177  1177 E thermal_src: set_ttj_to_kernel 1:error -1
03-02 10:02:50.144  1177  1177 I thermal_src: recvmsg_expect 2, but get 5 
03-02 10:02:50.144  1177  1177 V thermal_src: waiting NOTIFY from kernel miss, -1
03-02 10:02:50.144  1177  1177 I thermal_src: recvmsg_expect 2, but get 4 
03-02 10:02:50.144  1177  1177 V thermal_src: waiting NOTIFY from kernel miss, -1
03-02 10:02:50.144  1621  1676 D SsruManagerImpl: MiSsru Sensor not init!!!!
03-02 10:02:50.245  1621  1666 I SmartPower: com.whatsapp/10300(31638): idle->background(4650ms) R(broadcast start Intent { act=android.intent.action.BATTERY_CHANGED flg=0x60000010 (has extras) }) adj=900.
03-02 10:02:50.246  1621  1666 I SmartPower: com.instagram.android/10301(10452): idle->background(4651ms) R(broadcast start Intent { act=android.intent.action.BATTERY_CHANGED flg=0x60000010 (has extras) }) adj=915.
03-02 10:02:50.247  1621  1666 I SmartPower: com.facebook.katana/10287(12498): idle->background(4652ms) R(broadcast start Intent { act=android.intent.action.BATTERY_CHANGED flg=0x60000010 (has extras) }) adj=915.
03-02 10:02:50.248  1621  1666 I SmartPower: com.android.chrome/10174(13627): idle->background(4652ms) R(broadcast start Intent { act=android.intent.action.BATTERY_CHANGED flg=0x60000010 (has extras) }) adj=905.
03-02 10:02:50.249  1621  1666 I SmartPower: com.instagram.barcelona/10075(14867): idle->background(4653ms) R(broadcast start Intent { act=android.intent.action.BATTERY_CHANGED flg=0x60000010 (has extras) }) adj=905.
03-02 10:02:50.292   861   947 I libPerfCtl: xgfGetFPS pid:921 fps:-1
03-02 10:02:50.292   861   947 I libPerfCtl: xgfGetFPS pid:2363 fps:-1
03-02 10:02:50.336 12919 15681 W unknown:ViewManagerPropertyUpdater: Could not find generated setter for class com.horcrux.svg.RenderableViewManager$FeMergeManager
03-02 10:02:50.340 12919 15681 W unknown:ViewManagerPropertyUpdater: Could not find generated setter for class com.horcrux.svg.VirtualViewManager$RenderableShadowNode
03-02 10:02:50.355 12919 15681 W unknown:ViewManagerPropertyUpdater: Could not find generated setter for class com.facebook.react.views.safeareaview.ReactSafeAreaViewManager
03-02 10:02:50.355 12919 15681 W unknown:ViewManagerPropertyUpdater: Could not find generated setter for class com.facebook.react.views.safeareaview.ReactSafeAreaViewShadowNode
03-02 10:02:50.368 12919 15681 W unknown:ViewManagerPropertyUpdater: Could not find generated setter for class com.horcrux.svg.RenderableViewManager$LinearGradientManager
03-02 10:02:50.385 12919 15681 W unknown:ViewManagerPropertyUpdater: Could not find generated setter for class com.facebook.react.views.progressbar.ReactProgressBarViewManager
03-02 10:02:50.386 12919 15681 W unknown:ViewManagerPropertyUpdater: Could not find generated setter for class com.facebook.react.views.progressbar.ProgressBarShadowNode
03-02 10:02:50.399 12919 15681 W unknown:ViewManagerPropertyUpdater: Could not find generated setter for class com.horcrux.svg.RenderableViewManager$FeColorMatrixManager
03-02 10:02:50.413 12919 15681 W unknown:ViewManagerPropertyUpdater: Could not find generated setter for class com.horcrux.svg.RenderableViewManager$SymbolManager
03-02 10:02:50.432 12919 15681 W unknown:ViewManagerPropertyUpdater: Could not find generated setter for class com.horcrux.svg.RenderableViewManager$PatternManager
03-02 10:02:50.450 12919 15681 W unknown:ViewManagerPropertyUpdater: Could not find generated setter for class com.horcrux.svg.SvgViewManager
03-02 10:02:50.469 12919 15681 W unknown:ViewManagerPropertyUpdater: Could not find generated setter for class com.facebook.react.views.switchview.ReactSwitchManager
03-02 10:02:50.471 12919 15681 W unknown:ViewManagerPropertyUpdater: Could not find generated setter for class com.facebook.react.views.switchview.ReactSwitchShadowNode
03-02 10:02:50.484 12919 15681 W unknown:ViewManagerPropertyUpdater: Could not find generated setter for class com.horcrux.svg.RenderableViewManager$UseViewManager
03-02 10:02:50.500 12919 15681 W unknown:ViewManagerPropertyUpdater: Could not find generated setter for class com.horcrux.svg.RenderableViewManager$TSpanViewManager
03-02 10:02:50.518 12919 15681 W unknown:ViewManagerPropertyUpdater: Could not find generated setter for class com.horcrux.svg.RenderableViewManager$FilterManager
03-02 10:02:50.532 12919 15681 W unknown:ViewManagerPropertyUpdater: Could not find generated setter for class com.horcrux.svg.RenderableViewManager$MarkerManager
03-02 10:02:50.550 12919 15681 W unknown:ViewManagerPropertyUpdater: Could not find generated setter for class com.swmansion.gesturehandler.react.RNGestureHandlerButtonViewManager
03-02 10:02:50.565 12919 15681 W unknown:ViewManagerPropertyUpdater: Could not find generated setter for class com.horcrux.svg.RenderableViewManager$ForeignObjectManager
03-02 10:02:50.581 12919 15681 W unknown:ViewManagerPropertyUpdater: Could not find generated setter for class com.horcrux.svg.RenderableViewManager$GroupViewManager
03-02 10:02:50.597 12919 15681 W unknown:ViewManagerPropertyUpdater: Could not find generated setter for class com.horcrux.svg.RenderableViewManager$TextViewManager
03-02 10:02:50.614 12919 15681 W unknown:ViewManagerPropertyUpdater: Could not find generated setter for class com.horcrux.svg.RenderableViewManager$ImageViewManager
03-02 10:02:50.614 10452 10698 E msys    : E[N mns]_OnDiskCacheGetData(632)=>Start post callback cache refresh DNS resolution
03-02 10:02:50.620 10452 10698 E msys    : E[N mns]_LogError(228)=>Failed to resolve using system DNS resolver, getaddrinfo(): No address associated with hostname
03-02 10:02:50.630 12919 15681 W unknown:ViewManagerPropertyUpdater: Could not find generated setter for class com.horcrux.svg.RenderableViewManager$FeCompositeManager
03-02 10:02:50.630  1159  1606 D ULogGuard: Monitoring: 18 threads, 0 requests, 0 time-bombs; 1 guards. ResetFlags = 0x7
03-02 10:02:50.645 12919 15681 W unknown:ViewManagerPropertyUpdater: Could not find generated setter for class com.horcrux.svg.RenderableViewManager$RadialGradientManager
03-02 10:02:50.659  1621  1922 I SmartPower: com.google.android.apps.nbu.files/10308(11601): background->idle(3012ms) R(adj below visible) adj=905.
03-02 10:02:50.661 12919 15681 W unknown:ViewManagerPropertyUpdater: Could not find generated setter for class com.facebook.react.views.unimplementedview.ReactUnimplementedViewManager
03-02 10:02:50.674 12919 15681 W unknown:ViewManagerPropertyUpdater: Could not find generated setter for class com.horcrux.svg.RenderableViewManager$FeOffsetManager
03-02 10:02:50.676 10452 10698 E msys    : E[N mns]_OnDiskCacheGetData(632)=>Start post callback cache refresh DNS resolution
03-02 10:02:50.677  1055  1191 D connsyslogger: data recycle:time out
03-02 10:02:50.677  1055  1191 D connsyslogger: idx=0 Bootup Log: 2 log files! filecount=3 
03-02 10:02:50.682 10452 10698 E msys    : E[N mns]_LogError(228)=>Failed to resolve using system DNS resolver, getaddrinfo(): No address associated with hostname
03-02 10:02:50.683   863   910 D power@timer: [mtkPowerTimer] visRead:0
03-02 10:02:50.687 12919 15681 W unknown:ViewManagerPropertyUpdater: Could not find generated setter for class com.horcrux.svg.RenderableViewManager$PathViewManager
03-02 10:02:50.704 12919 15681 W unknown:ViewManagerPropertyUpdater: Could not find generated setter for class com.facebook.react.views.drawer.ReactDrawerLayoutManager
03-02 10:02:50.725 12919 15681 W unknown:ViewManagerPropertyUpdater: Could not find generated setter for class com.facebook.react.views.textinput.ReactTextInputManager
03-02 10:02:50.730 12919 15681 W unknown:ViewManagerPropertyUpdater: Could not find generated setter for class com.facebook.react.views.textinput.ReactTextInputShadowNode
03-02 10:02:50.750 12919 15681 W unknown:ViewManagerPropertyUpdater: Could not find generated setter for class com.horcrux.svg.RenderableViewManager$DefsViewManager
03-02 10:02:50.765 12919 15681 W unknown:ViewManagerPropertyUpdater: Could not find generated setter for class com.facebook.react.views.debuggingoverlay.DebuggingOverlayManager
03-02 10:02:50.777 12919 15681 W unknown:ViewManagerPropertyUpdater: Could not find generated setter for class com.horcrux.svg.RenderableViewManager$FeGaussianBlurManager
03-02 10:02:50.794 12919 15681 W unknown:ViewManagerPropertyUpdater: Could not find generated setter for class com.facebook.react.views.scroll.ReactHorizontalScrollViewManager
03-02 10:02:50.804 18562 18789 D BluetoothDevice: getAddress: mAddress=XX:XX:XX:XX:61:B3
03-02 10:02:50.804 18562 18789 D BluetoothDevice: getAddress: mAddress=XX:XX:XX:XX:61:B3
03-02 10:02:50.804 18562 18789 D BluetoothDevice: getAddress: mAddress=XX:XX:XX:XX:61:B3
03-02 10:02:50.813 12919 15681 W unknown:ViewManagerPropertyUpdater: Could not find generated setter for class com.facebook.react.views.text.ReactTextViewManager
03-02 10:02:50.815 12919 15681 W unknown:ViewManagerPropertyUpdater: Could not find generated setter for class com.facebook.react.views.text.ReactTextShadowNode
03-02 10:02:50.830 12919 15681 W unknown:ViewManagerPropertyUpdater: Could not find generated setter for class com.facebook.react.views.scroll.ReactHorizontalScrollContainerViewManager
03-02 10:02:50.845 12919 15681 W unknown:ViewManagerPropertyUpdater: Could not find generated setter for class com.horcrux.svg.RenderableViewManager$ClipPathViewManager
03-02 10:02:50.860 12919 15681 W unknown:ViewManagerPropertyUpdater: Could not find generated setter for class com.horcrux.svg.RenderableViewManager$FeBlendManager
03-02 10:02:50.869  1621  3051 D AS.BtHelper: isBluetoothScoOn() mBluetoothHeadset is null: falsemBluetoothHeadsetDevice is null: true
03-02 10:02:50.869  1621  3051 V AS.AudioDeviceBroker: requestedCommunicationDevice: null mAudioModeOwner: AudioModeInfo: mMode=MODE_NORMAL, mPid=0, mUid=0
03-02 10:02:50.869  1621  3051 D AS.BtHelper: isBluetoothScoOn() mBluetoothHeadset is null: falsemBluetoothHeadsetDevice is null: true
03-02 10:02:50.869  1621  3051 V AS.AudioDeviceBroker: requestedCommunicationDevice: null mAudioModeOwner: AudioModeInfo: mMode=MODE_NORMAL, mPid=0, mUid=0
03-02 10:02:50.874 12919 15681 W unknown:ViewManagerPropertyUpdater: Could not find generated setter for class com.facebook.react.views.view.ReactViewManager
03-02 10:02:50.889 12919 15681 W unknown:ViewManagerPropertyUpdater: Could not find generated setter for class com.horcrux.svg.RenderableViewManager$CircleViewManager
03-02 10:02:50.906 12919 15681 W unknown:ViewManagerPropertyUpdater: Could not find generated setter for class com.facebook.react.views.modal.ReactModalHostManager
