03-02 11:57:00.343  1621  1894 D GreezeManager:  report signal uid = 10337 pid = 4007is not frozen.
03-02 11:57:00.348  1621  1746 I whetstone.activity: Power Event callback listener is empty for resId=256
03-02 11:57:00.348  1621  1746 D BatteryStatsManagerStub: notifyEvent for resId=256 used 1ms
03-02 11:57:00.352  1621  1746 E JobScheduler: ResourceBudgetManagerInternal is null
03-02 11:57:00.354 11917 11917 D LauncherOverlay.Window: onStart
03-02 11:57:00.359  1621  1640 D AudioSystem: +setParameters(): gamebooster=false 
03-02 11:57:00.359  1621  1640 D AudioSystem: start get log level!
03-02 11:57:00.361  1621  2834 D AppLock_AccessControlImpl: activityResume packageName: com.miui.home userId: 0 enabled: true
03-02 11:57:00.361  1621  2834 D AppLock_AccessControlImpl: activityResume lockMode: 1
03-02 11:57:00.361  1999  1999 D SecurityManager: checkAccessControl flag1
03-02 11:57:00.361   843   968 D AudioALSAHardware: +setParameters(): gamebooster=false
03-02 11:57:00.361   843   968 D AudioALSAHardware: -setParameters(): gamebooster=false
03-02 11:57:00.362   843   968 E AHAL_Module: setVendorParameters: default: unrecognized parameter "gamebooster=false"
03-02 11:57:00.362   894  2683 E ConversionHelperAidl: Function: parseAndSetVendorParameters Line: 97 Failed 
03-02 11:57:00.363  1999  1999 D Launcher: Launcher.DeviceConfig onResume bounds = Rect(0, 0 - 1080, 2460)
03-02 11:57:00.363  1999  1999 D Launcher.DropTargetBar: update uninstall active when NO drag, active=false (edit=7, isUninstallDialogShowing=false, isWidgetPreviewShowing=false, isDefaultScreenPreviewShowing=false, isMenuVisible=false)
03-02 11:57:00.363  1999  1999 D Launcher.Lifecycle: onResume:UserHandle{0},c143874,false
03-02 11:57:00.363  1999  1999 W Settings: Setting device_provisioned has moved from android.provider.Settings.Secure to android.provider.Settings.Global.
03-02 11:57:00.364  1999  2512 D SessionLifecycleClient: Sending lifecycle 1 to service
03-02 11:57:00.364   843   968 D AHAL_ModuleBluetooth: setVendorParameters: parameter count 1, async: 0
03-02 11:57:00.364   843   968 D AHAL_ModuleBluetooth: setVendorParameters: gamebooster=false
03-02 11:57:00.365  1621  1746 D CompatChangeReporter: Compat change id reported: 151861875; UID 10310; state: ENABLED
03-02 11:57:00.365  1999  4922 D SessionLifecycleService: Activity foregrounding at 614213913.
03-02 11:57:00.365  1621  1746 V GrammaticalInflectionUtils: AttributionSource: android.content.AttributionSource@eb7f6426 does not have READ_SYSTEM_GRAMMATICAL_GENDER permission.
03-02 11:57:00.366  1999  1999 D Launcher.FullbackHome: FallbackHomeCompat::needKillSelf::needKillSelf = false
03-02 11:57:00.366  1999  1999 D SoscSplitStateController: updateDividerFixedState: isFixed = true
03-02 11:57:00.366  1999  1999 E Launcher.application: setClickAppWaitForCallback = false
03-02 11:57:00.366  1999  1999 D Launcher.FullbackHome: FallbackHomeCompat::needKillSelf::needKillSelf = false
03-02 11:57:00.366  1999  1999 D LauncherAssistantCompatGoogle: onResume com.google.android.libraries.gsa.launcherclient.LauncherClient@b8351e8
03-02 11:57:00.367  1999  1999 D Launcher_UnlockAnimationStateMachine: onResume = IDLE
03-02 11:57:00.367  1999  1999 I Launcher: changeMIUIWidgetEditMode false
03-02 11:57:00.367  1999  1999 D StatusBarController: disableRecent: disable= false
03-02 11:57:00.367  1999  1999 D ServiceDeliveryReplaceHelper: onResume: widget to serviceDeliver isReplace false
03-02 11:57:00.367  2363  2477 D SoScSplitScreenController: updateDividerFixedState isFixed:true
03-02 11:57:00.369  7123  7123 I adbd    : Remote process closed the socket (on MSG_PEEK)
03-02 11:57:00.371  1621  1731 I ImeTracker: com.softnation.Ojam:1955318d: onRequestHide at ORIGIN_SERVER reason HIDE_REMOVE_CLIENT fromUser false
03-02 11:57:00.372   921  1500 D SurfaceFlinger: [SF client] REMOVE (0xb400007cae9fe420) for (4007:com.softnation.Ojam)
03-02 11:57:00.372  1621  2194 I WindowManager: WIN DEATH: Window{fc592c2 u0 com.softnation.Ojam/com.softnation.Ojam.MainActivity}
03-02 11:57:00.372   921  1500 D SurfaceFlinger: [SF client] REMOVE (0xb400007cae9fd460) for (4007:com.softnation.Ojam)
03-02 11:57:00.372   921  1500 D SurfaceFlinger: [SF client] REMOVE (0xb400007caea43450) for (4007:com.softnation.Ojam)
03-02 11:57:00.372   921  1500 D SurfaceFlinger: [SF client] REMOVE (0xb400007caea4d9b0) for (4007:com.softnation.Ojam)
03-02 11:57:00.372   921  1500 D SurfaceFlinger: [SF client] REMOVE (0xb400007caea313c0) for (4007:com.softnation.Ojam)
03-02 11:57:00.372   921  1500 D SurfaceFlinger: [SF client] REMOVE (0xb400007caea5aaf0) for (4007:com.softnation.Ojam)
03-02 11:57:00.372   921  1500 D SurfaceFlinger: [SF client] REMOVE (0xb400007caea44410) for (4007:com.softnation.Ojam)
03-02 11:57:00.372   921  1500 D SurfaceFlinger: [SF client] REMOVE (0xb400007caea58ed0) for (4007:com.softnation.Ojam)
03-02 11:57:00.372   921  1500 D SurfaceFlinger: [SF client] REMOVE (0xb400007caea0af30) for (4007:com.softnation.Ojam)
03-02 11:57:00.373  1621  2194 W InputManager-JNI: Input channel object 'fc592c2 com.softnation.Ojam/com.softnation.Ojam.MainActivity (client)' was disposed without first being removed with the input manager!
03-02 11:57:00.373   921  2359 D SurfaceFlinger: [SF client] REMOVE (0xb400007cae9f82d0) for (4007:com.softnation.Ojam)
03-02 11:57:00.372  1205 21530 E mediaswcodec: unlinkToDeath: removed reference to death recipient but unlink failed: DEAD_OBJECT
03-02 11:57:00.373   921  2359 D SurfaceFlinger: [SF client] REMOVE (0xb400007caea491b0) for (4007:com.softnation.Ojam)
03-02 11:57:00.373   921  2359 D SurfaceFlinger: [SF client] REMOVE (0xb400007caea0e1d0) for (4007:com.softnation.Ojam)
03-02 11:57:00.373   921  2359 D SurfaceFlinger: [SF client] REMOVE (0xb400007caea46c90) for (4007:com.softnation.Ojam)
03-02 11:57:00.373  6515 12042 D MirrorManager:  sendAcceptInput 0 0
03-02 11:57:00.373  1205  2193 D AidlBufferPool: bufferpool2 0xb400007362c898a8 : 0(0 size) total buffers - 0(0 size) used buffers - 370/373 (recycle/alloc) - 3/373 (fetch/transfer)
03-02 11:57:00.373  1205  2193 D AidlBufferPool: Destruction - bufferpool2 0xb400007362c898a8 cached: 0/0M, 0/0% in use; allocs: 373, 99% recycled; transfers: 373, 99% unfetched
03-02 11:57:00.376  1124  2136 E mediaserver: unlinkToDeath: removed reference to death recipient but unlink failed: DEAD_OBJECT
03-02 11:57:00.376  1124  2136 E IPCThreadState: attemptIncStrongHandle(11): Not supported
03-02 11:57:00.377  1621  2194 D MiuiRefreshRatePolicy: reset
03-02 11:57:00.377  1205  2709 D AidlBufferPool: Destruction - bufferpool2 0xb400007362c84318 cached: 0/0M, 0/0% in use; allocs: 15890, 100% recycled; transfers: 15890, 100% unfetched
03-02 11:57:00.377  1205  2709 E mediaswcodec: unlinkToDeath: removed reference to death recipient but unlink failed: DEAD_OBJECT
03-02 11:57:00.378  1621  1731 I ImeTracker: com.softnation.Ojam:1955318d: onCancelled at PHASE_SERVER_SHOULD_HIDE
03-02 11:57:00.380 27281 27361 D BLASTBufferQueue: [VRI[LauncherMinusOneScreen]#4](f:0,a:1) acquireNextBufferLocked size=1080x2460 mFrameNumber=1 applyTransaction=true mTimestamp=614213929017762(auto) mPendingTransactions.size=0 graphicBufferId=117171002802206 transform=0
03-02 11:57:00.381  1205  2709 D AidlBufferPool: bufferpool2 0xb400007362c850f8 : 0(0 size) total buffers - 0(0 size) used buffers - 0/0 (recycle/alloc) - 0/0 (fetch/transfer)
03-02 11:57:00.381  1205  2709 D AidlBufferPool: Destruction - bufferpool2 0xb400007362c850f8 cached: 0/0M, 0/0% in use; allocs: 0, 0% recycled; transfers: 0, 0% unfetched
03-02 11:57:00.381   894  1349 D StreamHalAidl: setParameters: parameters: "MixerThreadSleep="
03-02 11:57:00.381   894  1349 D StreamHalAidl: setParameters: parameters: MixerThreadSleep=
03-02 11:57:00.382  1205  2709 E IPCThreadState: attemptIncStrongHandle(3): Not supported
03-02 11:57:00.383  2363  2363 D MiuiBubbleManager: onEntryRemoved: com.android.systemui.statusbar.notification.collection.NotificationEntry@6969acc
03-02 11:57:00.385  1621  2194 I BLASTSyncEngine: SyncGroup 10187:  Unfinished container:ActivityRecord{9880759 u0 com.miui.home/.launcher.Launcher t2}
03-02 11:57:00.386  1621  5247 I MediaSessionStack: removeSession | record: com.softnation.Ojam/androidx.media3.session.id./96 (userId=0)
03-02 11:57:00.387  1621  5247 D MediaSessionService: Media button session is changed to null
03-02 11:57:00.387  1621  4289 I MediaFocusControl: AudioFocus  removeFocusStackEntryOnDeath(): removing entry for android.os.BinderProxy@38a3c2d
03-02 11:57:00.388  1621  2194 I BLASTSyncEngine: isActivitySyncFinished isSyncFinished false ActivityRecord{9880759 u0 com.miui.home/.launcher.Launcher t2}
03-02 11:57:00.389  1621  1856 D ConnectivityService: releasing NetworkRequest [ REQUEST id=242830, [ Capabilities: INTERNET&NOT_RESTRICTED&TRUSTED&NOT_VCN_MANAGED&NOT_BANDWIDTH_CONSTRAINED Uid: 10337 RequestorUid: 10337 RequestorPkg: com.softnation.Ojam UnderlyingNetworks: Null] ] (release request)
03-02 11:57:00.389  1621  5247 D MediaSessionService: destroySessionLocked: record=com.softnation.Ojam/androidx.media3.session.id./96 (userId=0)
03-02 11:57:00.390  1621  1856 D ConnectivityService: releasing NetworkRequest [ REQUEST id=242833, [ Capabilities: INTERNET&NOT_RESTRICTED&TRUSTED&NOT_VCN_MANAGED&NOT_BANDWIDTH_CONSTRAINED Uid: 10337 RequestorUid: 10337 RequestorPkg: com.softnation.Ojam UnderlyingNetworks: Null] ] (release request)
03-02 11:57:00.391  1621  1650 W ActivityManager: setHasOverlayUi called on unknown pid: 4007
03-02 11:57:00.391  2363  3215 I ActiveSessionRecord_export-api: onSessionDestroyed
03-02 11:57:00.391   835   835 I Zygote  : Process 4007 exited due to signal 9 (Killed)
03-02 11:57:00.393  1621  1676 E system_server: updateValue is called with a value {0, 0, 0, 0, 0, 0, 0, 0, 0, 0, 0, 0, 0, 0, 0, 0, 0, 0, 0, 0, 0, 0, 0, 0, 0, 0, 0, 0, 0, 0, 0, 0}, which is lower than the previous value {93, 117, 0, 2, 0, 7, 1, 0, 2, 0, 0, 2, 22, 1810, 0, 102, 0, 0, 0, 0, 0, 0, 0, 0, 104, 0, 0, 0, 0, 0, 0, 0}
03-02 11:57:00.393  1621  1746 I whetstone.activity: Power Event callback listener is empty for resId=256
03-02 11:57:00.394  1621  1746 D BatteryStatsManagerStub: notifyEvent for resId=256 used 12ms
03-02 11:57:00.396 27281 27281 D VRI[LauncherMinusOneScreen]: vri.reportDrawFinished
03-02 11:57:00.397  1621  4430 D WindowManager: wms.finishDrawingLocked: mDrawState=COMMIT_DRAW_PENDING Window{67c25e3 u0 LauncherMinusOneScreen} in Surface(name=LauncherMinusOneScreen#134617)/@0x8b56d87
03-02 11:57:00.399  1621  1668 I libprocessgroup: Removed cgroup /sys/fs/cgroup/uid_10337/pid_4007
03-02 11:57:00.401  1621  4289 W ActivityManagerServiceImpl: Sending non-protected broadcast android.intent.action.APPLICATION_MESSAGE_UPDATE from system 2363:com.android.systemui/1000 pkg com.android.systemui. Callers=
03-02 11:57:00.401  1621  1651 D MiuiRefreshRatePolicy: reset
03-02 11:57:00.403  1621  1676 D SsruManagerImpl: MiSsru Sensor not init!!!!
03-02 11:57:00.404  1621  1651 I BLASTSyncEngine: SyncGroup 10187:  Unfinished container:ActivityRecord{9880759 u0 com.miui.home/.launcher.Launcher t2}
03-02 11:57:00.404  1621  1651 I BLASTSyncEngine: isActivitySyncFinished isSyncFinished false ActivityRecord{9880759 u0 com.miui.home/.launcher.Launcher t2}
03-02 11:57:00.407  2363  2363 D NotificationMediaManager: Not dismissing 0|com.softnation.Ojam|1001|null|10337 because it was removed by the system
03-02 11:57:00.408  1621  1651 I ActivityTaskManager: visible for Task{6b186df #37048 type=standard A=10337:com.softnation.Ojam} visible = true isAnimating = false TRANSITION = false PARENTS = false CHILDREN = false
03-02 11:57:00.409  2363 19600 I ActiveSessionRecord_export-api: onSessionDestroyed
03-02 11:57:00.409 18562 18562 W AudioMediaPlayerWrapper: The session was destroyed com.softnation.Ojam
03-02 11:57:00.410 18562 18562 D MediaPlayerList: sessionUpdatedCallback(): packageName: com.softnation.Ojam
03-02 11:57:00.414  2363  3215 I ActiveAudioSessionManager_export-api: controllerSize:0
03-02 11:57:00.414  2363 19600 I ActiveAudioSessionManager_export-api: controllerSize:0
03-02 11:57:00.420  1999 17839 E MarketCustomizeReflectHelper: call method getCurrentValidCustomizeIconList failed
03-02 11:57:00.420  1999 17839 E MarketCustomizeReflectHelper: java.lang.ClassNotFoundException: miui.content.res.MarketIconCustomizer
03-02 11:57:00.420  1999 17839 E MarketCustomizeReflectHelper: 	at java.lang.Class.classForName(Native Method)
03-02 11:57:00.420  1999 17839 E MarketCustomizeReflectHelper: 	at java.lang.Class.forName(Class.java:591)
03-02 11:57:00.420  1999 17839 E MarketCustomizeReflectHelper: 	at java.lang.Class.forName(Class.java:496)
03-02 11:57:00.420  1999 17839 E MarketCustomizeReflectHelper: 	at com.miui.home.launcher.operationicon.MarketCustomizeReflectHelper.getCurrentValidCustomizeIconIDs(MarketCustomizeReflectHelper.kt:23)
03-02 11:57:00.420  1999 17839 E MarketCustomizeReflectHelper: 	at com.miui.home.launcher.operationicon.MarketCustomizeIconManager.refreshCustomizeIcon(MarketCustomizeIconManager.kt:82)
03-02 11:57:00.420  1999 17839 E MarketCustomizeReflectHelper: 	at com.miui.home.launcher.operationicon.MarketCustomizeIconManager.onLauncherResume$lambda-2(MarketCustomizeIconManager.kt:50)
03-02 11:57:00.420  1999 17839 E MarketCustomizeReflectHelper: 	at com.miui.home.launcher.operationicon.MarketCustomizeIconManager.$r8$lambda$okGGNcpWViq7KK594p5NCFKNLA4(Unknown Source:0)
03-02 11:57:00.420  1999 17839 E MarketCustomizeReflectHelper: 	at com.miui.home.launcher.operationicon.MarketCustomizeIconManager$$ExternalSyntheticLambda0.run(Unknown Source:0)
03-02 11:57:00.420  1999 17839 E MarketCustomizeReflectHelper: 	at java.util.concurrent.Executors$RunnableAdapter.call(Executors.java:520)
03-02 11:57:00.420  1999 17839 E MarketCustomizeReflectHelper: 	at java.util.concurrent.FutureTask.run(FutureTask.java:317)
03-02 11:57:00.420  1999 17839 E MarketCustomizeReflectHelper: 	at java.util.concurrent.ThreadPoolExecutor.runWorker(ThreadPoolExecutor.java:1154)
03-02 11:57:00.420  1999 17839 E MarketCustomizeReflectHelper: 	at java.util.concurrent.ThreadPoolExecutor$Worker.run(ThreadPoolExecutor.java:652)
03-02 11:57:00.420  1999 17839 E MarketCustomizeReflectHelper: 	at java.lang.Thread.run(Thread.java:1563)
03-02 11:57:00.420  1999 17839 E MarketCustomizeReflectHelper: Caused by: java.lang.ClassNotFoundException: miui.content.res.MarketIconCustomizer
03-02 11:57:00.420  1999 17839 E MarketCustomizeReflectHelper: 	... 13 more
03-02 11:57:00.424   921  1170 I BufferQueueDebug: [com.miui.home/com.miui.home.launcher.Launcher#134618](this:0xb400007bcecbc9e8,id:-1,api:0,p:-1,c:-1) BufferQueue core=(921:/system/bin/surfaceflinger)
03-02 11:57:00.425   894  1349 D StreamHalAidl: setParameters: parameters: "MixerThreadSleep="
03-02 11:57:00.425   894  1349 D StreamHalAidl: setParameters: parameters: MixerThreadSleep=
03-02 11:57:00.429  1621  1730 D MiuiRefreshRatePolicy: reset
03-02 11:57:00.430  1621  1730 I BLASTSyncEngine: SyncGroup 10187:  Unfinished container:ActivityRecord{9880759 u0 com.miui.home/.launcher.Launcher t2}
03-02 11:57:00.430  1621  1730 I BLASTSyncEngine: isActivitySyncFinished isSyncFinished false ActivityRecord{9880759 u0 com.miui.home/.launcher.Launcher t2}
03-02 11:57:00.431  2363  3215 I ActiveAudioSessionManager_export-api: dispatchTopActiveSessionChangeCallbackLocked, size:1
03-02 11:57:00.431  2363  3215 I ActiveAudioSessionManager_export-api: stopPositionCallbackTask
03-02 11:57:00.431  2363  3215 I ActiveAudioSessionManager_export-api: dispatchSessionsExistsChangeCallbackLocked :false
03-02 11:57:00.431   835   835 D Zygote  : Forked child process 14244
03-02 11:57:00.432  2363 19600 I ActiveAudioSessionManager_export-api: dispatchTopActiveSessionChangeCallbackLocked, size:1
03-02 11:57:00.432  2363 19600 I GlobalMiPlayAudioManager: onActiveAudioSessionChange activeSession is null
03-02 11:57:00.432  2363 19600 D MiCastSDKImpl: setPlaybackState state -999
03-02 11:57:00.433  2363 19600 I GlobalMiPlayAudioManager: dispatchCallback, what, 1
03-02 11:57:00.433  2363 19600 I ActiveAudioSessionManager_export-api: stopPositionCallbackTask
03-02 11:57:00.433  1621  1730 W WindowManager: Changing focus from null to Window{d85ca12 u0 com.miui.home/com.miui.home.launcher.Launcher} displayId=0 Callers=com.android.server.wm.RootWindowContainer.updateFocusedWindowLocked:602 com.android.server.wm.WindowManagerService.updateFocusedWindowLocked:7168 com.android.server.wm.WindowManagerService.relayoutWindowInner:3076 com.android.server.wm.WindowManagerService.relayoutWindow:2724 
03-02 11:57:00.433  2363 19600 I ActiveAudioSessionManager_export-api: dispatchSessionsExistsChangeCallbackLocked :false
03-02 11:57:00.433  2363 19600 I MiPlayServiceAdapter: markSessionKilled
03-02 11:57:00.434  1621  1730 I whetstone.activity: Power Event callback listener is empty for resId=32
03-02 11:57:00.434  1621  1730 D BatteryStatsManagerStub: notifyEvent for resId=32 used 0ms
03-02 11:57:00.435  1621  1667 W ActivityManager: Slow operation: 66ms so far, now at startProcess: returned from zygote!
03-02 11:57:00.435   921  1170 I BufferQueueDebug: [Surface(name=5b2ee94 StatusBar#103)/@0xf6cf932 - animation-leash of insets_animation#134619](this:0xb400007bcebbf2d8,id:-1,api:0,p:-1,c:-1) BufferQueue core=(921:/system/bin/surfaceflinger)
03-02 11:57:00.436  1621  1667 W ActivityManager: Slow operation: 67ms so far, now at startProcess: done updating battery stats
03-02 11:57:00.436 18562 18562 D MediaPlayerList: sendMediaUpdate
03-02 11:57:00.436 18562 18562 D MediaPlayerList: sendMediaUpdate state=null
03-02 11:57:00.436 18562 18562 D AvrcpTargetService: onMediaUpdated: track_changed=true state=true queue=true
03-02 11:57:00.436 18562 18562 D AvrcpNativeInterface: sendMediaUpdate: metadata=true playStatus=true queue=true
03-02 11:57:00.436 18562 18562 I bluetooth: avrcp_service.cc:648 SendMediaUpdate: track_changed=true :  play_state=true :  queue=true
03-02 11:57:00.438   921  1170 I BufferQueueDebug: [Surface(name=77d8129 NavigationBar0#101614)/@0x3faba4f - animation-leash of insets_animation#134620](this:0xb400007bcecb6ec8,id:-1,api:0,p:-1,c:-1) BufferQueue core=(921:/system/bin/surfaceflinger)
03-02 11:57:00.438  1621  1667 W ActivityManager: Slow operation: 69ms so far, now at startProcess: building log message
03-02 11:57:00.439  1621  1667 I ActivityManager: Start proc 14244:cn.xender/u0a310 for service {cn.xender/androidx.work.impl.background.systemjob.SystemJobService} caller=android
03-02 11:57:00.439   843  1348 D sixth_if_gift: sixth_vdd_proc : vdd = 3857782 
03-02 11:57:00.439   843  1348 D sixth_if_gift: param_proc_set_param : param_proc_set_param 3857782, -1, -1, -1, -1
03-02 11:57:00.439  1621  1667 W ActivityManager: Slow operation: 70ms so far, now at startProcess: starting to update pids map
03-02 11:57:00.439 18562 18562 I MediaPlayerList: Removing media player com.softnation.Ojam
03-02 11:57:00.439 18562 18562 I AudioMediaPlayerWrapper: clean up
03-02 11:57:00.439 18562 18562 I MediaPlayerList: Recycle player ID.
03-02 11:57:00.439 18562 18562 V MediaPlayerList: onActiveSessionsChanged: number of controllers: 0
03-02 11:57:00.440  1621  1730 D WindowManager: wms.Input focus has changed to Window{d85ca12 u0 com.miui.home/com.miui.home.launcher.Launcher} display=0 updateInputWindows = true
03-02 11:57:00.440  1621  1730 I MultiSenceManagerInternalStub: getInstance
03-02 11:57:00.441  1621  1730 I WindowManager: Relayout Window{d85ca12 u0 com.miui.home/com.miui.home.launcher.Launcher}: oldVis=8 newVis=0 focusMayChange = true requestedWidth = 1080 requestedHeight = 2460 outFrames = ClientWindowFrames{frame=[0,0][1080,2460] display=[0,0][1080,2460] parentFrame=[0,0][0,0]} outSurfaceControl = Surface(name=com.miui.home/com.miui.home.launcher.Launcher#134618)/@0xdd495ae
03-02 11:57:00.441  1621  1868 E SyncManager: SYNC_OP_STATE_INVALID: disallowed by settings/network
03-02 11:57:00.442 18562 18562 E IPCThreadState: Binder transaction failure. id: 356483940, BR_*: 29189, error: -22 (Invalid argument)
03-02 11:57:00.442  1621  3051 W ActivityManager: pid 18562 com.android.bluetooth sent binder code 4 with flags 0 to frozen apps and got error -32
03-02 11:57:00.443  1621  1928 I MultiSenceManagerInternalStubImpl: packageName = com.miui.home
03-02 11:57:00.444  1621  1928 W ContextImpl: Calling a method in the system process without a qualified user: android.app.ContextImpl.sendBroadcast:1260 com.android.server.wm.MultiSenceManagerInternalStubImpl.sendFocusWindowsBroadcast:148 com.android.server.wm.MultiSenceManagerInternalStubImpl$UpdateScreenStatus.run:98 android.os.Handler.handleCallback:959 android.os.Handler.dispatchMessage:100 
03-02 11:57:00.444  1999  1999 D BufferQueueConsumer: [](id:7cf0000057f,api:0,p:-1,c:1999) connect: controlledByApp=false
03-02 11:57:00.445  1999  1999 D BLASTBufferQueue: [VRI[Launcher]#1207](f:0,a:0) constructor()
03-02 11:57:00.445  1621  1651 I ActivityTaskManager: visible for Task{6b186df #37048 type=standard A=10337:com.softnation.Ojam} visible = true isAnimating = false TRANSITION = false PARENTS = false CHILDREN = false
03-02 11:57:00.445  1999  1999 D BLASTBufferQueue: [VRI[Launcher]#1207](f:0,a:0) update width=1080 height=2460 format=1 mTransformHint=0
03-02 11:57:00.446  1621  1651 D SurfaceComposerClient: Transaction::apply InputWindowCommands.focusRequests timestamp=614213994198378, windowName=d85ca12 com.miui.home/com.miui.home.launcher.Launcher
03-02 11:57:00.447 27281 27281 I brdz    : onStart
03-02 11:57:00.448  1621  1621 I whetstone.activity: Power Event callback listener is empty for resId=256
03-02 11:57:00.448  1621  1621 D BatteryStatsManagerStub: notifyEvent for resId=256 used 0ms
03-02 11:57:00.453  1621  1667 W ActivityManager: Slow operation: 84ms so far, now at startProcess: done updating pids map
03-02 11:57:00.454  1621  1928 W ActivityManagerServiceImpl: Sending non-protected broadcast com.xiaomi.multisence.action.FOCUSED_CHANGE from system 1621:system/1000 pkg android. Callers=com.android.server.am.ActivityManagerService.checkBroadcastFromSystem:16365 com.android.server.am.ActivityManagerService.broadcastIntentLockedTraced:17236 com.android.server.am.ActivityManagerService.broadcastIntentLocked:16425 com.android.server.am.ActivityManagerService.broadcastIntentWithFeature:17459 android.app.ContextImpl.sendBroadcast:1264 
03-02 11:57:00.456 14244 14244 E Zygote  : process_name_ptr:14244 cn.xender
03-02 11:57:00.456 14244 14244 E Zygote  : SetMemoryProtected process_name_ptr:14244 cn.xender
03-02 11:57:00.459   921   921 D SurfaceFlinger: Focus addInputWindowCommands timestamp=614213994198378, windowName=d85ca12 com.miui.home/com.miui.home.launcher.Launcher
03-02 11:57:00.460   921   921 I SurfaceFlinger: onHandleDestroyed: name=Surface(name=77d8129 NavigationBar0#101614)/@0x3faba4f - animation-leash of insets_animation#134594, layerId=134594, parentId=0
03-02 11:57:00.461   921   921 I SurfaceFlinger: onHandleDestroyed: name=Surface(name=5b2ee94 StatusBar#103)/@0xf6cf932 - animation-leash of insets_animation#134593, layerId=134593, parentId=0
03-02 11:57:00.463  1621  1651 D WindowManager: Collecting in transition 10187: WallpaperWindowToken{d3319dd token=android.os.Binder@113b9b4} init visibleRequested:false
03-02 11:57:00.464  1621  1651 D WindowManager: Collecting in transition 10187: WallpaperWindowToken{d3319dd token=android.os.Binder@113b9b4} init visibleRequested:false
03-02 11:57:00.465  1621  1651 D WindowManager: Collecting in transition 10187: WallpaperWindowToken{2d6d85a token=android.os.Binder@8dfa005} init visibleRequested:false
03-02 11:57:00.465  1621  1651 D WindowManager: Collecting in transition 10187: WallpaperWindowToken{2d6d85a token=android.os.Binder@8dfa005} init visibleRequested:false
03-02 11:57:00.465   921  1483 D SurfaceFlinger: updateWinowInfo=1, setFocusedWindow timestamp=614213994198378, windowName=d85ca12 com.miui.home/com.miui.home.launcher.Launcher
03-02 11:57:00.466   894  1349 D AudioFlinger_Threads: noteStopAudioInNeed
03-02 11:57:00.466  1621  1651 D MiuiRefreshRatePolicy: reset
03-02 11:57:00.467  2363  2363 D MiuiMediaControlPanel: removeListener
03-02 11:57:00.467   861   947 I libPerfCtl: xgfGetFPS pid:2363 fps:-1
03-02 11:57:00.469  1621  1651 I BLASTSyncEngine: SyncGroup 10187:  Unfinished container:ActivityRecord{9880759 u0 com.miui.home/.launcher.Launcher t2}
03-02 11:57:00.469  1621  1651 I BLASTSyncEngine: isActivitySyncFinished isSyncFinished false ActivityRecord{9880759 u0 com.miui.home/.launcher.Launcher t2}
03-02 11:57:00.469   861   947 I libPerfCtl: xgfGetFPS pid:4007 fps:-1
03-02 11:57:00.470   861   947 I libPerfCtl: xgfGetFPS pid:11917 fps:-1
03-02 11:57:00.470   861   947 I libPerfCtl: xgfGetFPS pid:27281 fps:-1
03-02 11:57:00.470  1621  1651 D MiuiRefreshRatePolicy: reset
03-02 11:57:00.471   894  1349 V AudioPolicyInterfaceImpl: stopOutput()
03-02 11:57:00.471   894  1349 V audio_utils::mutex: mutex_impl: audio_mutex initialized: ret:0  order:6
03-02 11:57:00.471  1621  1651 I BLASTSyncEngine: SyncGroup 10187:  Unfinished container:ActivityRecord{9880759 u0 com.miui.home/.launcher.Launcher t2}
03-02 11:57:00.471  1621  1651 I BLASTSyncEngine: isActivitySyncFinished isSyncFinished false ActivityRecord{9880759 u0 com.miui.home/.launcher.Launcher t2}
03-02 11:57:00.475   921   921 I BufferQueueDebug: [Surface(name=77d8129 NavigationBar0#101614)/@0x3faba4f - animation-leash of insets_animation#134594](this:0xb400007bcec47dd8,id:-1,api:0,p:-1,c:921) onDestructor()
03-02 11:57:00.475   921   921 I BufferQueueDebug: [Surface(name=5b2ee94 StatusBar#103)/@0xf6cf932 - animation-leash of insets_animation#134593](this:0xb400007bcec67308,id:-1,api:0,p:-1,c:921) onDestructor()
03-02 11:57:00.477  1621  1651 I WindowManager: wms.showSurfaceRobustly mWin:Window{92602d4 u0 com.miui.miwallpaper.wallpaperservice.ImageWallpaper}
03-02 11:57:00.478   894  1349 V AudioPolicyInterfaceImpl: releaseOutput()
03-02 11:57:00.478   894  1349 V audio_utils::mutex: mutex_impl: audio_mutex initialized: ret:0  order:6
03-02 11:57:00.478   894  1284 V AudioPolicyInterfaceImpl: doStopOutput
03-02 11:57:00.479   894  1284 D APM_AudioPolicyManager: stopOutput() output 21, stream 3, session 57833
03-02 11:57:00.479  1621  1651 I WindowManager: wms.showSurfaceRobustly mWin:Window{7986e4c u0 com.miui.miwallpaper.wallpaperservice.MiuiKeyguardPictorialWallpaper}
03-02 11:57:00.479  1621  1651 I ActivityTaskManager: visible for Task{6b186df #37048 type=standard A=10337:com.softnation.Ojam} visible = true isAnimating = false TRANSITION = false PARENTS = false CHILDREN = false
03-02 11:57:00.479   894  1349 D audioserver: logFgsApiEnd: FGS Logger Transaction failed, -129
03-02 11:57:00.479   894  1284 W AudioPolicyManagerCustomImpl: [MTK_APM_Route]setOutputDevices() mIoHandle 21 mId 6 device (0x2)(0x1, 0x2, 0x4, 0x8, 0x10, 0x20, 0x40, 0x4000, 0x4000000) delayMs 170 force 0 size 4
03-02 11:57:00.479   894  1349 D AudioFlinger_Threads: updateWakeLockUids_l AudioOut_15 uids:
03-02 11:57:00.479   894  1284 D APM::AudioPolicyEngine: getDevices ForStrategy() strategy 1, device 0x1 avadevice 0x1, 0x2, 0x10000, 0x100000 sfu [0]:0, [1]:0, [4]:11
03-02 11:57:00.480   843 24566 D MTKAdapterStreamLayer: updateMetadataCommon(), 
03-02 11:57:00.479  6515 12042 I PowerKeeper.Event: noteStopAudioInNeed uid is 10337, sessionid is 57833, port is 8508, type is 2
03-02 11:57:00.480   843 24566 I AudioALSAStreamOut: updateSourceMetadata(), do nothing source_metadata = 0x77037f8ff8
03-02 11:57:00.480   894  1284 D APM::AudioPolicyEngine: getDevices ForStrategy() strategy 0, device 0x2 avadevice 0x1, 0x2, 0x10000, 0x100000 sfu [0]:0, [1]:0, [4]:11
03-02 11:57:00.481   894  1284 D APM::AudioPolicyEngine: getDevices ForStrategy() strategy 1, device 0x1 avadevice 0x1, 0x2, 0x10000, 0x100000 sfu [0]:0, [1]:0, [4]:11
03-02 11:57:00.482 18562 18562 E MediaControllerCompat: Dead object in unregisterCallback.
03-02 11:57:00.482 18562 18562 E MediaControllerCompat: android.os.DeadObjectException
03-02 11:57:00.482 18562 18562 E MediaControllerCompat: 	at android.os.BinderProxy.transactNative(Native Method)
03-02 11:57:00.482 18562 18562 E MediaControllerCompat: 	at android.os.BinderProxy.transact(BinderProxy.java:682)
03-02 11:57:00.482 18562 18562 E MediaControllerCompat: 	at android.support.v4.media.session.IMediaSession$Stub$Proxy.unregisterCallbackListener(IMediaSession.java:727)
03-02 11:57:00.482 18562 18562 E MediaControllerCompat: 	at android.support.v4.media.session.MediaControllerCompat$MediaControllerImplApi21.unregisterCallback(MediaControllerCompat.java:2047)
03-02 11:57:00.482 18562 18562 E MediaControllerCompat: 	at android.support.v4.media.session.MediaControllerCompat.unregisterCallback(MediaControllerCompat.java:580)
03-02 11:57:00.482 18562 18562 E MediaControllerCompat: 	at com.android.bluetooth.audio_util.PlayerSettingsManager.unregisterMediaControllerCallback(PlayerSettingsManager.java:263)
03-02 11:57:00.482 18562 18562 E MediaControllerCompat: 	at com.android.bluetooth.audio_util.PlayerSettingsManager.activePlayerChanged(PlayerSettingsManager.java:77)
03-02 11:57:00.482 18562 18562 E MediaControllerCompat: 	at com.android.bluetooth.audio_util.PlayerSettingsManager.lambda$new$0(PlayerSettingsManager.java:47)
03-02 11:57:00.482 18562 18562 E MediaControllerCompat: 	at com.android.bluetooth.audio_util.PlayerSettingsManager.$r8$lambda$5oSM5fcXeP0TFNW4Z6B8u4hfO2I(PlayerSettingsManager.java:0)
03-02 11:57:00.482 18562 18562 E MediaControllerCompat: 	at com.android.bluetooth.audio_util.PlayerSettingsManager$$ExternalSyntheticLambda0.onActivePlayerChanged(R8$$SyntheticClass:0)
03-02 11:57:00.482 18562 18562 E MediaControllerCompat: 	at com.android.bluetooth.audio_util.MediaPlayerList$3.onActiveSessionsChanged(MediaPlayerList.java:949)
03-02 11:57:00.482 18562 18562 E MediaControllerCompat: 	at android.media.session.MediaSessionManager$SessionsChangedWrapper.callOnActiveSessionsChangedListener(MediaSessionManager.java:1292)
03-02 11:57:00.482 18562 18562 E MediaControllerCompat: 	at android.media.session.MediaSessionManager$SessionsChangedWrapper.-$$Nest$mcallOnActiveSessionsChangedListener(Unknown Source:0)
03-02 11:57:00.482 18562 18562 E MediaControllerCompat: 	at android.media.session.MediaSessionManager$SessionsChangedWrapper$1.lambda$onActiveSessionsChanged$0(MediaSessionManager.java:1277)
03-02 11:57:00.482 18562 18562 E MediaControllerCompat: 	at android.media.session.MediaSessionManager$SessionsChangedWrapper$1.$r8$lambda$v-zQmMXFQ9fkWva-bGATn7CMvwg(Unknown Source:0)
03-02 11:57:00.482 18562 18562 E MediaControllerCompat: 	at android.media.session.MediaSessionManager$SessionsChangedWrapper$1$$ExternalSyntheticLambda0.run(D8$$SyntheticClass:0)
03-02 11:57:00.482 18562 18562 E MediaControllerCompat: 	at android.os.Handler.handleCallback(Handler.java:959)
03-02 11:57:00.482 18562 18562 E MediaControllerCompat: 	at android.os.Handler.dispatchMessage(Handler.java:100)
03-02 11:57:00.482 18562 18562 E MediaControllerCompat: 	at android.os.Looper.loopOnce(Looper.java:249)
03-02 11:57:00.482 18562 18562 E MediaControllerCompat: 	at android.os.Looper.loop(Looper.java:337)
03-02 11:57:00.482 18562 18562 E MediaControllerCompat: 	at android.app.ActivityThread.main(ActivityThread.java:9500)
03-02 11:57:00.482 18562 18562 E MediaControllerCompat: 	at java.lang.reflect.Method.invoke(Native Method)
03-02 11:57:00.482 18562 18562 E MediaControllerCompat: 	at com.android.internal.os.RuntimeInit$MethodAndArgsCaller.run(RuntimeInit.java:636)
03-02 11:57:00.482 18562 18562 E MediaControllerCompat: 	at com.android.internal.os.ZygoteInit.main(ZygoteInit.java:1005)
03-02 11:57:00.482 18562 18562 I PlayerSettingsManager: getPlayerRepeatMode: no active player
03-02 11:57:00.482 18562 18562 I PlayerSettingsManager: getPlayerShuffleMode: no active player
03-02 11:57:00.482 18562 18562 I PlayerSettingsManager: updateRemoteDevice: STATE_REPEAT_OFF, STATE_SHUFFLE_OFF
03-02 11:57:00.482 18562 18562 I bluetooth: avrcp_service.cc:685 SendPlayerSettingsChanged: 
03-02 11:57:00.482 18562 18562 I bluetooth: avrcp_service.cc:699 SendPlayerSettingsChanged: attribute=PlayerAttribute::REPEAT : value=PlayerRepeatValue::OFF
03-02 11:57:00.482 18562 18562 I bluetooth: attribute=PlayerAttribute::SHUFFLE : value=PlayerShuffleValue::OFF
03-02 11:57:00.482   894  1284 D APM::AudioPolicyEngine: getDevices ForStrategy() strategy 0, device 0x2 avadevice 0x1, 0x2, 0x10000, 0x100000 sfu [0]:0, [1]:0, [4]:11
03-02 11:57:00.484   894  1349 D audioserver: logFgsApiEnd: FGS Logger Transaction failed, -129
03-02 11:57:00.484   894  1349 D StreamHalAidl: setParameters: parameters: "NoAudioTrack=1"
03-02 11:57:00.484   894  1349 D StreamHalAidl: setParameters: parameters: NoAudioTrack=1
03-02 11:57:00.485   894  1284 D APM::AudioPolicyEngine: getDevices ForStrategy() strategy 1, device 0x1 avadevice 0x1, 0x2, 0x10000, 0x100000 sfu [0]:0, [1]:0, [4]:11
03-02 11:57:00.485  2061  2061 I MiuiWallpaper-ImageWallpaper: onVisibilityChanged, visible = true, ret=true
03-02 11:57:00.486   894  1284 D APM::AudioPolicyEngine: getDevices ForStrategy() strategy 0, device 0x2 avadevice 0x1, 0x2, 0x10000, 0x100000 sfu [0]:0, [1]:0, [4]:11
03-02 11:57:00.486   894  1284 D APM::AudioPolicyEngine: getDevices ForStrategy() strategy 0, device 0x2 avadevice 0x1, 0x2, 0x10000, 0x100000 sfu [0]:0, [1]:0, [4]:11
03-02 11:57:00.487   894  1284 I AudioFlinger_Threads: removeEffectChain_l() 0xb400007470cafbf0 from thread 0xb400007612805700 for session 0
03-02 11:57:00.487   894  1284 I AudioFlinger_Threads: removeEffect_l(): 0xb400007612805700, effect = 0xb400007410caab10, name = MiSound
03-02 11:57:00.487   843   968 D AHAL_EffectMisound: commandImplstop, disable!
03-02 11:57:00.487   843  3249 D AHAL_EffectMisound: MiSoundV2 skip process in state: IDLE
03-02 11:57:00.487   894  1284 I EffectChain: removeEffect_l() effect 0xb400007410caab10, removed from chain 0xb400007470cafbf0 at rank 0
03-02 11:57:00.487   894  1284 I AudioFlinger_Threads: removeEffectChain_l() 0xb400007470cafbf0 from thread 0xb400007612805700 for session 0
03-02 11:57:00.487  6515  6921 I AppActiveChecker: uid:10337change to inactive
03-02 11:57:00.488   894  1284 V audio_utils::mutex: mutex_impl: audio_mutex initialized: ret:0  order:15
03-02 11:57:00.488   894  1284 I EffectChain: EffectChain(): new EffectChain = 0xb400007470ca7cd0
03-02 11:57:00.488   894  1284 I AudioFlinger_Threads: addEffect_ll: 0xb400007619f8e700 chain 0xb400007470ca7cd0 effect 0xb400007410caab10,name = MiSound
03-02 11:57:00.488   894  1284 V EffectModule: setOffloaded_l offloaded 0 io 13 status 0
03-02 11:57:00.488   894  1284 I EffectChain: addEffect_l() effect 0xb400007410caab10, added in chain 0xb400007470ca7cd0 at rank 0
03-02 11:57:00.488   894  1284 V EffectModule: configure_l 0xb400007410caab10 chain 0xb400007470ca7cd0 buffer 0xb400007520cbe0a0 framecount 768
03-02 11:57:00.488   894  1284 V EffectChain: addEffect_l effect 0xb400007410caab10, added in chain 0xb400007470ca7cd0 at rank 0
03-02 11:57:00.488   894  1284 V EffectModule: configure_l 0xb400007410caab10 chain 0xb400007470ca7cd0 buffer 0xb400007360cc7820 framecount 768
03-02 11:57:00.489   843 24566 I EffectMiSound: MiSound_updateState(), enable=1, hifi=0, device=0x2, headset=5, samplingRate=0
03-02 11:57:00.489   843 24566 I EffectMiSound: MiSound_updateState(), mode=0, music=0, movie=0, reset=1
03-02 11:57:00.489   843 24566 D EffectMiSound: MiSoundAurisys_SetParameter()
03-02 11:57:00.489   843  3248 I EffectMiSound: MiSoundSetParameterThread: awake
03-02 11:57:00.489   843  3248 D EffectMiSound: Thread: setParam No.1 params MisoundEnable=1
03-02 11:57:00.489   843  3248 I EffectMiSound: MiSoundsetParameters_request: MisoundEnable=1
03-02 11:57:00.489   843  3248 D EffectMiSound: clientRequest: socket 32 write to server 264
03-02 11:57:00.489   843 24566 I EffectMiSound: SetParam No.1
03-02 11:57:00.489   843 24566 D EffectMiSound: MiSound_updateShareParam enter
03-02 11:57:00.489   843 24566 I EffectMiSound: MiSound_updateState(), Speaker Dual Mode
03-02 11:57:00.490   843 24566 D AHAL_EffectMisound: commandImplstart, enable!
03-02 11:57:00.490   894  1284 D AudioFlinger: moveEffectChain_ll: successful move of session 0 from srcThread 0xb400007612849fe8 to dstThread 0xb400007619fd2fe8 (1 effects moved, 1 effects started)
03-02 11:57:00.490   894  1284 W AudioFlinger: moveEffectChain_ll: effect chain for session 0 not on source thread 0xb400007612849fe8
03-02 11:57:00.490  6515 12042 I ProcAudioPowerManager: noteStopAudioInNeed uid is 10337, pid is 4007, sessionid is 57833, port is 8508, type is 2
03-02 11:57:00.491   894  1284 I APM_AudioPolicyManager: isSpecialScenarioGame ClientName com.softnation.Ojam
03-02 11:57:00.491  6515 12042 E RouteInfo: RouteInfo{ name=Phone, description=null, status=null, category=RouteCategory{ name=System types=ROUTE_TYPE_LIVE_AUDIO ROUTE_TYPE_LIVE_VIDEO  groupable=false }, supportedTypes=ROUTE_TYPE_LIVE_AUDIO ROUTE_TYPE_LIVE_VIDEO , presentationDisplay=null }
03-02 11:57:00.491 14244 14244 I cn.xender: Using CollectorTypeCMC GC.
03-02 11:57:00.491   843  1078 W audio_hw_con: audio_handle_client_sock received client connect 33
03-02 11:57:00.492   843  1078 D audio_hw_con: [DEBUG] audio_con_thrad received param MisoundEnable=1
03-02 11:57:00.492  1621  1651 I ActivityTaskManager: visible for Task{6b186df #37048 type=standard A=10337:com.softnation.Ojam} visible = true isAnimating = false TRANSITION = false PARENTS = false CHILDREN = false
03-02 11:57:00.492   843  1078 D AudioALSAHardware: +setParameters(): MisoundEnable=1
03-02 11:57:00.492   843  1078 D AudioALSAHardware: setParameters: [DEBUG] setParameters keyMisoundEnable: 1
03-02 11:57:00.492   843  1078 D AudioALSAHardware: -setParameters(): MisoundEnable=1
03-02 11:57:00.492   843  3248 I EffectMiSound: MiSoundSetParameterThread: sleep
03-02 11:57:00.492   894  1284 V audio_utils::mutex: mutex_impl: audio_mutex initialized: ret:0  order:6
03-02 11:57:00.494   894  1283 D AudioSystem: +setParameters(): app_name=-com.softnation.Ojam 
03-02 11:57:00.494   894  1283 D AudioSystem: start get log level!
03-02 11:57:00.495   843   968 D AudioALSAHardware: +setParameters(): app_name=-com.softnation.Ojam
03-02 11:57:00.495   843   968 D AudioALSAHardware: setParameters: [DEBUG] setParameters misound AppName: -com.softnation.Ojam
03-02 11:57:00.495   843   968 I AudioALSAHardware: updateMisoundMode() mMisoundScenario 4, devices 0x23, mMisoundEnable 1, targetScenario ALL
03-02 11:57:00.495   843   968 D AudioALSAHardware: -setParameters(): app_name=-com.softnation.Ojam
03-02 11:57:00.496   843   968 D AHAL_ModuleBluetooth: setVendorParameters: parameter count 1, async: 0
03-02 11:57:00.496   843   968 D AHAL_ModuleBluetooth: setVendorParameters: app_name=-com.softnation.Ojam
03-02 11:57:00.497   894  1284 V audio_utils::mutex: mutex_impl: audio_mutex initialized: ret:0  order:6
03-02 11:57:00.498   894  1283 D AudioSystem: +setParameters(): app_name=-com.softnation.Ojam 
03-02 11:57:00.498   894  1283 D AudioSystem: start get log level!
03-02 11:57:00.498   894  1283 V audio_utils::mutex: mutex_impl: audio_mutex initialized: ret:0  order:20
03-02 11:57:00.498  2061 12253 W HWUI    : Surface doesn't have any previously queued frames, nothing to readback from
03-02 11:57:00.500  1621  1676 D ProcessManager: add temp remove audio inactive uid : 10337
03-02 11:57:00.502  2061  2061 I MiuiWallpaper-MiuiKeyguardPictorialWallpaper: onVisibilityChanged, visible = true, ret=true
03-02 11:57:00.503  2061 12253 W HWUI    : Surface doesn't have any previously queued frames, nothing to readback from
03-02 11:57:00.508   894  1349 I EffectChain: ~EffectChain(): delete EffectChain = 0xb400007470cafbf0
03-02 11:57:00.509   894  1349 D StreamHalAidl: setParameters: parameters: "app_name=-com.softnation.Ojam"
03-02 11:57:00.509   894  1349 D StreamHalAidl: setParameters: parameters: app_name=-com.softnation.Ojam
03-02 11:57:00.509   843   968 D AudioALSAStreamOut: +setParameters(): flag 8
03-02 11:57:00.509   843   968 W AudioALSAStreamOut: setParameters(), still have param.size() = 1
03-02 11:57:00.510   843   968 E AHAL_Stream: setVendorParameters: unrecognized parameter "app_name=-com.softnation.Ojam"
03-02 11:57:00.510   894  1349 E ConversionHelperAidl: Function: parseAndSetVendorParameters Line: 107 Failed 
03-02 11:57:00.510   894  1284 V AudioPolicyInterfaceImpl: doStopOutput(): client portId 8508, active 0, ActiveClientRefCount 0
03-02 11:57:00.511   894  1284 V AudioPolicyInterfaceImpl: doReleaseOutput from tid 1284
03-02 11:57:00.511   894  1284 D APM_AudioPolicyManager: releaseOutput() output 21, stream 3, session 57833 [uid=10337]
03-02 11:57:00.517 14244 14244 D nativeloader: Load libframework-connectivity-tiramisu-jni.so using APEX ns com_android_tethering for caller /apex/com.android.tethering/javalib/framework-connectivity-t.jar: ok
03-02 11:57:00.527  1621  1894 D isUidValid: uid = 99406
03-02 11:57:00.529  1621  1842 I MiuiNetworkPolicy: updateUidState uid = 99406, uidState = 3
03-02 11:57:00.531  8942  8942 D BoundBrokerSvc: onBind: Intent { act=com.google.android.gms.measurement.START pkg=com.google.android.gms }
03-02 11:57:00.531  8942  8942 D BoundBrokerSvc: Loading bound service for intent: Intent { act=com.google.android.gms.measurement.START pkg=com.google.android.gms }
03-02 11:57:00.532 14244 14244 I MessageMonitor: Load libmiui_runtime
03-02 11:57:00.541  1621  1729 D SymlinkUtils: attachApplication file op go pass: 0 ms
03-02 11:57:00.542  1621  1729 I SmartPower: cn.xender/10310(14244): died->background(3403797ms) R(process start ) adj=-10000.
03-02 11:57:00.543  2363  2363 E StackScroller: updateSidePadding: viewWidth is zero
03-02 11:57:00.546  2363  2363 D BadgeCoordinator: recevie broadbcast ACTION_APPLICATION_MESSAGE_QUERY, requestFirstTime=false
03-02 11:57:00.548 19603 19603 W MultiDeviceManager: setPlaybackState state -999
03-02 11:57:00.548 19603 19603 I CastDeviceManager: setPlaybackState: state -999
03-02 11:57:00.548  2363  2363 D MiPlayDetailViewModel: onActiveAudioSessionChange(): audioSessionList?.size =0
03-02 11:57:00.548 19603 19603 W CastDeviceManager: setPlaybackState: castSession is null return
03-02 11:57:00.548  2363  2363 D MiPlayController: miplay service state invalid = 0
03-02 11:57:00.548  2363  2363 D MiPlayDetailViewModel: isMiuiMusic:false null,releaseVersion:1
03-02 11:57:00.548  2363  2363 D MiPlayDetailViewModel: updateAudioSession true
03-02 11:57:00.550  1999  1999 D ColorFilter: button width = 110 , button height = 110
03-02 11:57:00.550  1999  1999 D ColorFilter: button width = 135 , button height = 110
03-02 11:57:00.551  1999  1999 D ColorFilter: button width = 135 , button height = 110
03-02 11:57:00.551  1999  1999 D ColorFilter: button width = 135 , button height = 110
03-02 11:57:00.551  1999  1999 D ColorFilter: button width = 135 , button height = 110
03-02 11:57:00.551  1999  1999 D ColorFilter: button width = 135 , button height = 110
03-02 11:57:00.551  1999  1999 D ColorFilter: button width = 135 , button height = 110
03-02 11:57:00.552  1999  1999 D VRI[Launcher]: vri.reportNextDraw android.view.ViewRootImpl.performTraversals:4984 android.view.ViewRootImpl.doTraversal:3564 android.view.ViewRootImpl$TraversalRunnable.run:11781 android.view.Choreographer$CallbackRecord.run:1804 android.view.Choreographer$CallbackRecord.run:1813 
03-02 11:57:00.552  1999  1999 D VRI[Launcher]: Setup new sync=wmsSync-VRI[Launcher]#40
03-02 11:57:00.553  1621  1842 I MiuiNetworkPolicy: updateUidState uid = 10310, uidState = 19
03-02 11:57:00.559 14244 14263 D MiuiDownscaleImpl: set override inverted scale : 1.0
03-02 11:57:00.561 14244 14244 I JavaheapMonitor: Disabled. Process name: <pre-initialized>
03-02 11:57:00.564 14244 14244 D MiuiMonitorThread: Shared singleton Thread for stability monitor start
03-02 11:57:00.566 27281 27281 I bpbq    : (REDACTED) [%s] onStart()
03-02 11:57:00.567 27281 27281 I bpdz    : Reloading theme data
03-02 11:57:00.569  1621  1729 I ClipboardServiceI: checkProviderWakePathForClipboard: primaryClip is null
03-02 11:57:00.582  1999  1999 D DragContainerLayout: dispatch draw with clip rect: null
03-02 11:57:00.583 14244 14244 D ActivityThread: setEmbeddedParam packageName=cn.xender processName=cn.xender isEmbedded=false isIsolated=false
03-02 11:57:00.585  8942  8942 D BoundBrokerSvc: onBind: Intent { act=com.google.android.gms.inappreach.service.START dat=chimera-action:/... cmp=com.google.android.gms/.chimera.GmsApiService }
03-02 11:57:00.585  8942  8942 D BoundBrokerSvc: Loading bound service for intent: Intent { act=com.google.android.gms.inappreach.service.START dat=chimera-action:/... cmp=com.google.android.gms/.chimera.GmsApiService }
03-02 11:57:00.587   863   958 I mtkpower@impl: [powerd_req] TIMER_MSG_PERF_LOCK_TIMEOUT hdl:369216
03-02 11:57:00.588   863   958 I libPowerHal: [perfLockRel] hdl:369216, idx:1
03-02 11:57:00.588   863   958 I libPowerHal: [unsetGPUFreq] current min:0, max:0; scn_gpu_min:0, scn_gpu_max:-1; scn_gpu_min(HL):-1, scn_gpu_max(HL):-1
03-02 11:57:00.588 14244 14244 D ApplicationLoaders: Returning zygote-cached class loader: /system_ext/framework/androidx.window.extensions.jar
03-02 11:57:00.588   863   958 I libPowerHal: system_server: set gpu opp level: 31
03-02 11:57:00.588 14244 14244 D ApplicationLoaders: Returning zygote-cached class loader: /system_ext/framework/androidx.window.sidecar.jar
03-02 11:57:00.588   863   958 I libPowerHal: system_server: set gpu opp level max: 0
03-02 11:57:00.588   863   958 I libPowerHal: [setGPUFreq] Soft min/max = (31, 0); Hard min/max = (31, 0)
03-02 11:57:00.589   863   958 I libPowerHal: [setGPUFreq] final min/max = (31, 0)
03-02 11:57:00.589   863   958 I libPowerHal: system_server: set gpu opp level: 31
03-02 11:57:00.589 14244 14244 D CompatChangeReporter: Compat change id reported: 202956589; UID 10310; state: ENABLED
03-02 11:57:00.589   863   958 I libPowerHal: system_server: set gpu opp level max: 0
03-02 11:57:00.589   863   958 I libPowerHal: [PD] system_server update cmd:400200 param:-1 pr:6
03-02 11:57:00.590   863   958 I libPowerHal: [recordCPUFreqInfo] set cluster[0] min(system_server): 1800000 max(-1): -1 cluster[1] min(system_server): 2000000 max(-1): -1
03-02 11:57:00.590   921   921 I BufferQueueProducer: [NavigationBar0#101619](this:0xb400007bced454e8,id:-1,api:0,p:-1,c:921) queueBuffer: fps=0.11 dur=264189.04 max=263739.10 min=16.23
03-02 11:57:00.590   863   958 I libPowerHal: [perfLockRel] Done for hdl : 369216
03-02 11:57:00.592   849   849 I hwcomposer: [HWCDisplay] (0 updateFps():3667), (type:1, mode:2) fps:11.538277,dur:1040.02,max:492.12,min:14.19  
03-02 11:57:00.648 27281 27281 I brdz    : onResume
03-02 11:57:00.668  1167  1167 I thermal_repeater: [recvMdThermalInfo] ret=25, strLen=127,  3, 37, -3, 196, 32767, 0
03-02 11:57:00.693 13089 13102 I BpBinder: onLastStrongRef automatically unlinking death recipients: 
03-02 11:57:00.702 14244 14244 D nativeloader: Configuring clns-7 for other apk /data/app/~~5xplY4psEZqNfI_3DqGROg==/cn.xender-j9UjU1UmIsVFElbEzbR9fA==/base.apk. target_sdk_version=35, uses_libraries=, library_path=/data/app/~~5xplY4psEZqNfI_3DqGROg==/cn.xender-j9UjU1UmIsVFElbEzbR9fA==/lib/arm64:/data/app/~~5xplY4psEZqNfI_3DqGROg==/cn.xender-j9UjU1UmIsVFElbEzbR9fA==/base.apk!/lib/arm64-v8a, permitted_path=/data:/mnt/expand:/data/user/0/cn.xender
03-02 11:57:00.704  1999  2551 D BLASTBufferQueue: [VRI[Launcher]#1207](f:0,a:1) acquireNextBufferLocked size=1080x2460 mFrameNumber=1 applyTransaction=true mTimestamp=614214251183993(auto) mPendingTransactions.size=0 graphicBufferId=8585639639193 transform=0
03-02 11:57:00.705  1999  1999 D VRI[Launcher]: vri.reportDrawFinished
03-02 11:57:00.706  1999  1999 W Looper  : PerfMonitor doFrame : time=331ms vsyncFrame=19953062 latency=149ms procState=-1 historyMsgCount=1 (msgIndex=1 wall=148ms seq=648813 h=android.app.ActivityThread$H w=159)
03-02 11:57:00.706  1621  1729 D WindowManager: wms.finishDrawingLocked: mDrawState=COMMIT_DRAW_PENDING Window{d85ca12 u0 com.miui.home/com.miui.home.launcher.Launcher} in Surface(name=com.miui.home/com.miui.home.launcher.Launcher#134618)/@0xdeabfb0
03-02 11:57:00.706  1999  1999 I Launcher.widget: onInvisible com.google.android.apps.wellbeing.widget.screentime.ScreenTimeWidgetProviderReceiver_Receiver
03-02 11:57:00.707  1999  1999 I Launcher.widget: onInvisible com.google.android.apps.bard.widget.RobinToolBarAppWidgetReceiver
03-02 11:57:00.707  1999  1999 I Launcher.widget: onInvisible com.google.android.googlequicksearchbox.SearchWidgetProvider
03-02 11:57:00.710  1621  1651 D MiuiRefreshRatePolicy: reset
03-02 11:57:00.713  1999  1999 D RecentsImpl: mActivityStateObserver com.miui.home.launcher.Launcher
03-02 11:57:00.713  1999  1999 W RecentsImpl: onResumed className=com.miui.home.launcher.Launcher   forceUpdate=false   mIsInAnotherPro=false   isKeyguardLocked=false   mIsStatusBarExpansion=false   mSecuritySpaceGuideShown=false
03-02 11:57:00.714  1999  1999 D UserSceneDetector: invoke error.
03-02 11:57:00.717  1999  1999 W Looper  : PerfMonitor doFrame : time=4ms vsyncFrame=19953071 latency=327ms procState=-1 historyMsgCount=7 (msgIndex=1 wall=331ms seq=648814 late=149ms h=android.view.Choreographer$FrameHandler c=android.view.Choreographer$FrameDisplayEventReceiver)
03-02 11:57:00.717  1999 17839 I Launcher.ApplicationsMessage: onReceive true
03-02 11:57:00.717  1999 17839 I Launcher.ApplicationsMessage: update com.softnation.Ojam/ to null
03-02 11:57:00.718  1621  1651 I SmartPower: com.miui.home/10166(1999): invisible->visible(474213ms) R(become visible) adj=0.
03-02 11:57:00.719  1621  1651 I WindowManager: wms.showSurfaceRobustly mWin:Window{67c25e3 u0 LauncherMinusOneScreen}
