03-02 11:57:00.719  1621  1651 I WindowManager: wms.showSurfaceRobustly mWin:Window{ff9cdea u0 LauncherOverlayWindow:com.mi.globalminusscreen}
03-02 11:57:00.719  1621  1651 I WindowManager: wms.showSurfaceRobustly mWin:Window{d85ca12 u0 com.miui.home/com.miui.home.launcher.Launcher}
03-02 11:57:00.719  1621  1651 D WindowManager: Final targets: [Task{d151cdd #1 type=home}, Task{6b186df #37048 type=standard A=10337:com.softnation.Ojam}, WallpaperWindowToken{2d6d85a token=android.os.Binder@8dfa005}, WallpaperWindowToken{d3319dd token=android.os.Binder@113b9b4}]
03-02 11:57:00.720  1999  1999 D TouchInteractionService: onSystemUiFlagsChanged, mSystemUiStateFlags=10020000
03-02 11:57:00.721   921  1166 I BufferQueueDebug: [Transition Root #10187: Task=1#134621](this:0xb400007bceccadb8,id:-1,api:0,p:-1,c:-1) BufferQueue core=(921:/system/bin/surfaceflinger)
03-02 11:57:00.721  1999  1999 D ShortcutIcon: setMessage textnull
03-02 11:57:00.735  2363  2477 I MultiTaskingTaskRepository: needSkip: is home task
03-02 11:57:00.735  2363  2477 W MultiTaskingTaskRepository: putOrUpdateTaskInfo skip
03-02 11:57:00.735  2363  2477 I MultiTaskingTaskRepository: needSkip: is home task
03-02 11:57:00.735  2363  2477 W MultiTaskingTaskRepository: onToBackTransitionReady putOrUpdateTaskInfo skip
03-02 11:57:00.736  2363  2477 I ShellTransitions: Is abandon offsetY: false
03-02 11:57:00.736  2363  2477 I ShellTransitions: Is abandon offsetY: false
03-02 11:57:00.736  2363  2477 I ShellTransitions: Is abandon offsetY: false
03-02 11:57:00.736  2363  2477 I ShellTransitions: Is abandon offsetY: false
03-02 11:57:00.736  2363  2477 E KeyguardTransitionHandlerImpl: activityCount = 0
03-02 11:57:00.737  2363  2477 E KeyguardTransitionHandlerImpl: activityCount = 0
03-02 11:57:00.737  2363  2477 D MiuiFreeformModeAnimation: startAnimation change: {WCT{android.window.IWindowContainerToken$Stub$Proxy@6296ca4} m=TO_FRONT f=SHOW_WALLPAPER|MOVE_TO_TOP leash=Surface(name=Task=1#47)/@0x5cd485b sb=Rect(0, 0 - 1080, 2460) eb=Rect(0, 0 - 1080, 2460) d=0 taskParent=-1} info.getType(): 2
03-02 11:57:00.737  2363  2477 D MiuiFreeformModeAnimation: startAnimation change: {WCT{android.window.IWindowContainerToken$Stub$Proxy@9956a0d} m=CLOSE f=NONE leash=Surface(name=Task=37048#134546)/@0x5d5b8f8 sb=Rect(0, 0 - 1080, 2460) eb=Rect(0, 0 - 1080, 2460) d=0 taskParent=-1} info.getType(): 2
03-02 11:57:00.740  2363  2477 D MiuiFreeformModeAnimation: startAnimation change: {null m=TO_FRONT f=IS_WALLPAPER leash=Surface(name=WallpaperWindowToken{2d6d85a token=android.os.Binder@8dfa005}#66)/@0x22b81d1 sb=Rect(0, 0 - 1080, 2460) eb=Rect(0, 0 - 1080, 2460) d=0} info.getType(): 2
03-02 11:57:00.741  2363  2477 D MiuiFreeformModeAnimation: startAnimation change: {null m=TO_FRONT f=IS_WALLPAPER|IS_OCCLUDED leash=Surface(name=WallpaperWindowToken{d3319dd token=android.os.Binder@113b9b4}#64)/@0x6ba2436 sb=Rect(0, 0 - 1080, 2460) eb=Rect(0, 0 - 1080, 2460) d=0} info.getType(): 2
03-02 11:57:00.741  2363  2477 D SoScStageCoordinator: inCloseTransition:false pairsStartedWithCloseTransition:false isRequestCloseTriggerTask:false inSingleSoScState:false inSoScUnactivie:true closeStage:null
03-02 11:57:00.742  2363  2477 D RemoteTransitionHandler: Found filterPair{{types=[] flags=0x0] notFlags=0x100 checks=[{atype=home independent=true modes=[OPEN,TO_FRONT] flags=NONE mustBeTask=false order=TOP topActivity=ComponentInfo{com.miui.home/com.miui.home.launcher.Launcher} launchCookie=null},{atype=standard independent=true modes=[CLOSE,TO_BACK] flags=NONE mustBeTask=false order=ANY topActivity=null launchCookie=null}]} RemoteTransition { remoteTransition = android.window.IRemoteTransition$Stub$Proxy@d0bf0c8, appThread = null, debugName = null, hyperRemoteTransition = null }}
03-02 11:57:00.748  1999  1999 D LauncherClient.Service: service already connected:com.mi.globalminusscreen
03-02 11:57:00.752  1999  2759 D AnimStateManager: send event 9001 currentState = IdleState windowElement = null
03-02 11:57:00.752  1999  1999 I AnimStateManager: IdleState handle event 9001
03-02 11:57:00.752  1999  1999 I AnimStateManager: CommonState handle event 9001
03-02 11:57:00.752  1999  1999 I AnimStateManager: onWindowElementChanged. initWindowElement windowElement= null
03-02 11:57:00.752  1999  1999 I RectFSpringAnim: init
03-02 11:57:00.752  1999  1999 D RectFSpringAnim: addAnimatorListener
03-02 11:57:00.753  1999  1999 D WindowAnimImplementorDispatcher: 6621d39 SfAnim is enabled: false
03-02 11:57:00.753  1999  1999 I WindowElement: 6621d39 com.miui.home.recents.anim.WindowElement@6621d39 window init isHalf = com.miui.home.recents.anim.windowanim.WindowAnimContextImpl@7c05cdf.isHalf
03-02 11:57:00.753  1999  1999 I WindowElement: java.lang.Exception
03-02 11:57:00.753  1999  1999 I WindowElement: 	at com.miui.home.recents.anim.WindowElement.<init>(WindowElement.kt:359)
03-02 11:57:00.753  1999  1999 I WindowElement: 	at com.miui.home.recents.anim.WindowElement.<init>(WindowElement.kt:63)
03-02 11:57:00.753  1999  1999 I WindowElement: 	at com.miui.home.recents.anim.StateManager.initWindowElement(StateManager.kt:682)
03-02 11:57:00.753  1999  1999 I WindowElement: 	at com.miui.home.recents.anim.StateManager.access$initWindowElement(StateManager.kt:33)
03-02 11:57:00.753  1999  1999 I WindowElement: 	at com.miui.home.recents.anim.StateManager$CommonState.handleEvent(StateManager.kt:1289)
03-02 11:57:00.753  1999  1999 I WindowElement: 	at com.miui.home.recents.anim.StateManager.handleEventActually(StateManager.kt:112)
03-02 11:57:00.753  1999  1999 I WindowElement: 	at com.miui.home.recents.anim.StateManager.sendEventActually$lambda-0(StateManager.kt:99)
03-02 11:57:00.753  1999  1999 I WindowElement: 	at com.miui.home.recents.anim.StateManager.$r8$lambda$C-kZp_X93nanDwYsUFIjH_GwEtM(Unknown Source:0)
03-02 11:57:00.753  1999  1999 I WindowElement: 	at com.miui.home.recents.anim.StateManager$$ExternalSyntheticLambda3.run(Unknown Source:4)
03-02 11:57:00.753  1999  1999 I WindowElement: 	at android.os.Handler.handleCallback(Handler.java:959)
03-02 11:57:00.753  1999  1999 I WindowElement: 	at android.os.Handler.dispatchMessage(Handler.java:100)
03-02 11:57:00.753  1999  1999 I WindowElement: 	at android.os.Looper.loopOnce(Looper.java:249)
03-02 11:57:00.753  1999  1999 I WindowElement: 	at android.os.Looper.loop(Looper.java:337)
03-02 11:57:00.753  1999  1999 I WindowElement: 	at android.app.ActivityThread.main(ActivityThread.java:9500)
03-02 11:57:00.753  1999  1999 I WindowElement: 	at java.lang.reflect.Method.invoke(Native Method)
03-02 11:57:00.753  1999  1999 I WindowElement: 	at com.android.internal.os.RuntimeInit$MethodAndArgsCaller.run(RuntimeInit.java:636)
03-02 11:57:00.753  1999  1999 I WindowElement: 	at com.android.internal.os.ZygoteInit.main(ZygoteInit.java:1005)
03-02 11:57:00.753  1999  1999 D TransitionCallback: isFrameworkEnableCallback = true
03-02 11:57:00.754  1999  1999 I WindowElement: 6621d39 injectRemoteTransition params=RemoteTransitionInfo(token=android.os.BinderProxy@cbe53f5, info={id=10187 t=CLOSE f=0x0 trk=0 opt={t=FROM_STYLE} r=[0@Point(0, 0)] c=[{WCT{android.window.IWindowContainerToken$Stub$Proxy@f1c958a} m=TO_FRONT f=SHOW_WALLPAPER|MOVE_TO_TOP leash=Surface(name=Task=1#47)/@0xde9ff94 sb=Rect(0, 0 - 1080, 2460) eb=Rect(0, 0 - 1080, 2460) d=0 taskParent=-1},{WCT{android.window.IWindowContainerToken$Stub$Proxy@777e7fb} m=CLOSE f=NONE leash=Surface(name=Task=37048#134546)/@0x8f91a3d sb=Rect(0, 0 - 1080, 2460) eb=Rect(0, 0 - 1080, 2460) d=0 taskParent=-1},{null m=TO_FRONT f=IS_WALLPAPER leash=Surface(name=WallpaperWindowToken{2d6d85a token=android.os.Binder@8dfa005}#66)/@0x3cf232 sb=Rect(0, 0 - 1080, 2460) eb=Rect(0, 0 - 1080, 2460) d=0},{null m=TO_FRONT f=IS_WALLPAPER|IS_OCCLUDED leash=Surface(name=WallpaperWindowToken{d3319dd token=android.os.Binder@113b9b4}#64)/@0x6a8b83 sb=Rect(0, 0 - 1080, 2460) eb=Rect(0, 0 - 1080, 2460) d=0}] mk=[true] noAni=[false] df=[false] rsa=[false] oa=[false] iSync=[-1]}, t=android.view.SurfaceControl$Transaction@dde7018, finishCallback=android.window.IRemoteTransitionFinishedCallback$Stub$Proxy@86d3a71, isMerge=false, mergeTarget=null)
03-02 11:57:00.754  1999  1999 E WindowTransitionCompat: TransitionTest wrapRemoteTransition
03-02 11:57:00.754  1999  1999 I WindowTransitionCompat: TransitionTest HomeShellTransition IRemoteTransition startAnimation
03-02 11:57:00.754  1999  1999 D WindowTransitionCompat: printLeash::TransitionInfo = {id=10187 t=CLOSE f=0x0 trk=0 opt={t=FROM_STYLE} r=[0@Point(0, 0)] c=[{WCT{android.window.IWindowContainerToken$Stub$Proxy@f1c958a} m=TO_FRONT f=SHOW_WALLPAPER|MOVE_TO_TOP leash=Surface(name=Task=1#47)/@0xde9ff94 sb=Rect(0, 0 - 1080, 2460) eb=Rect(0, 0 - 1080, 2460) d=0 taskParent=-1},{WCT{android.window.IWindowContainerToken$Stub$Proxy@777e7fb} m=CLOSE f=NONE leash=Surface(name=Task=37048#134546)/@0x8f91a3d sb=Rect(0, 0 - 1080, 2460) eb=Rect(0, 0 - 1080, 2460) d=0 taskParent=-1},{null m=TO_FRONT f=IS_WALLPAPER leash=Surface(name=WallpaperWindowToken{2d6d85a token=android.os.Binder@8dfa005}#66)/@0x3cf232 sb=Rect(0, 0 - 1080, 2460) eb=Rect(0, 0 - 1080, 2460) d=0},{null m=TO_FRONT f=IS_WALLPAPER|IS_OCCLUDED leash=Surface(name=WallpaperWindowToken{d3319dd token=android.os.Binder@113b9b4}#64)/@0x6a8b83 sb=Rect(0, 0 - 1080, 2460) eb=Rect(0, 0 - 1080, 2460) d=0}] mk=[true] noAni=[false] df=[false] rsa=[false] oa=[false] iSync=[-1]}
03-02 11:57:00.754  1999  1999 D WindowTransitionCompat: printLeash::index = 0, change = {WCT{android.window.IWindowContainerToken$Stub$Proxy@f1c958a} m=TO_FRONT f=SHOW_WALLPAPER|MOVE_TO_TOP leash=Surface(name=Task=1#47)/@0xde9ff94 sb=Rect(0, 0 - 1080, 2460) eb=Rect(0, 0 - 1080, 2460) d=0 taskParent=-1}
03-02 11:57:00.755  1999  1999 D WindowTransitionCompat: printLeash::taskInfo = TaskInfo{userId=0 taskId=1 displayId=0 isRunning=true baseIntent=Intent { act=android.intent.action.MAIN cat=[android.intent.category.HOME] flg=0x10000100 cmp=com.miui.home/.launcher.Launcher } baseActivity=ComponentInfo{com.miui.home/com.miui.home.launcher.Launcher} topActivity=ComponentInfo{com.miui.home/com.miui.home.launcher.Launcher} origActivity=null realActivity=null numActivities=1 lastActiveTime=42083 supportsSplitScreenMultiWindow=true supportsMultiWindow=true resizeMode=2 isResizeable=true minWidth=-1 minHeight=-1 defaultMinSize=200 token=WCT{android.window.IWindowContainerToken$Stub$Proxy@2b68056} topActivityType=2 pictureInPictureParams=null shouldDockBigOverlays=false launchIntoPipHostTaskId=-1 lastParentTaskIdBeforePip=-1 displayCutoutSafeInsets=null topActivityInfo=ActivityInfo{b5308d7 com.miui.home.launcher.Launcher} launchCookies=[] positionInParent=Point(0, 0) parentTaskId=-1 isFocused=true isVisible=true isVisibleRequested=true isSleeping=false locusId=null displayAreaFeatureId=1 isTopActivityTransparent=false appCompatTaskInfo=AppCompatTaskInfo { topActivityInSizeCompat=false topActivityEligibleForLetterboxEducation= falseisLetterboxEducationEnabled= false isLetterboxDoubleTapEnabled= false topActivityEligibleForUserAspectRatioButton= false topActivityBoundsLetterboxed= false isFromLetterboxDoubleTap= false topActivityLetterboxVerticalPosition= -1 topActivityLetterboxHorizontalPosition= -1 topActivityLetterboxWidth=1080 topActivityLetterboxHeight=2460 isUserFullscreenOverrideEnabled=false isSystemFullscreenOverrideEnabled=false cameraCompatTaskInfo=CameraCompatTaskInfo { cameraCompatControlState=hidden freeformCameraCompatMode=inactive}} isImmersive=false mTopActivityRequestOrientation=-2 mBehindAppLockPkg=null mOriginatingUid=0 isEmbedded=false shouldBeVisible=true mIsCastMode=false mTopActivityMediaSize=null mTopActivityRecordName=ActivityRecord{9880759 u0 com.miui.home/.launcher.Launcher t2} mTopActivityOrientation=1}
03-02 11:57:00.755  1999  1999 D WindowTransitionCompat: printLeash::index = 1, change = {WCT{android.window.IWindowContainerToken$Stub$Proxy@777e7fb} m=CLOSE f=NONE leash=Surface(name=Task=37048#134546)/@0x8f91a3d sb=Rect(0, 0 - 1080, 2460) eb=Rect(0, 0 - 1080, 2460) d=0 taskParent=-1}
03-02 11:57:00.755  1999  1999 D WindowTransitionCompat: printLeash::taskInfo = TaskInfo{userId=0 taskId=37048 displayId=0 isRunning=false baseIntent=Intent { flg=0x10000000 cmp=com.softnation.Ojam/.MainActivity } baseActivity=null topActivity=null origActivity=null realActivity=ComponentInfo{com.softnation.Ojam/com.softnation.Ojam.MainActivity} numActivities=0 lastActiveTime=1031508124 supportsSplitScreenMultiWindow=true supportsMultiWindow=true resizeMode=1 isResizeable=true minWidth=-1 minHeight=-1 defaultMinSize=200 token=WCT{android.window.IWindowContainerToken$Stub$Proxy@c5675c4} topActivityType=1 pictureInPictureParams=null shouldDockBigOverlays=false launchIntoPipHostTaskId=-1 lastParentTaskIdBeforePip=-1 displayCutoutSafeInsets=Rect(0, 104 - 0, 0) topActivityInfo=null launchCookies=[] positionInParent=Point(0, 0) parentTaskId=-1 isFocused=false isVisible=true isVisibleRequested=false isSleeping=false locusId=null displayAreaFeatureId=1 isTopActivityTransparent=false appCompatTaskInfo=AppCompatTaskInfo { topActivityInSizeCompat=false topActivityEligibleForLetterboxEducation= falseisLetterboxEducationEnabled= false isLetterboxDoubleTapEnabled= false topActivityEligibleForUserAspectRatioButton= false topActivityBoundsLetterboxed= false isFromLetterboxDoubleTap= false topActivityLetterboxVerticalPosition= -1 topActivityLetterboxHorizontalPosition= -1 topActivityLetterboxWidth=-1 topActivityLetterboxHeight=-1 isUserFullscreenOverrideEnabled=false isSystemFullscreenOverrideEnabled=false cameraCompatTaskInfo=CameraCompatTaskInfo { cameraCompatControlState=hidden freeformCameraCompatMode=inactive}} isImmersive=false mTopActivityRequestOrientation=-2 mBehindAppLockPkg=null mOriginatingUid=0 isEmbedded=false shouldBeVisible=false mIsCastMode=false mTopActivityMediaSize=null mTopActivityRecordName=null mTopActivityOrientation=-2}
03-02 11:57:00.755  1999  1999 D WindowTransitionCompat: printLeash::index = 2, change = {null m=TO_FRONT f=IS_WALLPAPER leash=Surface(name=WallpaperWindowToken{2d6d85a token=android.os.Binder@8dfa005}#66)/@0x3cf232 sb=Rect(0, 0 - 1080, 2460) eb=Rect(0, 0 - 1080, 2460) d=0}
03-02 11:57:00.755  1999  1999 D WindowTransitionCompat: printLeash::index = 3, change = {null m=TO_FRONT f=IS_WALLPAPER|IS_OCCLUDED leash=Surface(name=WallpaperWindowToken{d3319dd token=android.os.Binder@113b9b4}#64)/@0x6a8b83 sb=Rect(0, 0 - 1080, 2460) eb=Rect(0, 0 - 1080, 2460) d=0}
03-02 11:57:00.755  1999  1999 E WindowTransitionCompat: printLeash::index = 0, root = Surface(name=Transition Root #10187: Task=1#134621)/@0xe318100
03-02 11:57:00.755  1999  1999 I TransitionCallback: get is waitFinishMainAnim = false
03-02 11:57:00.755  1999  1999 I TransitionCallback: mNeedShowLauncher = false
03-02 11:57:00.757  1999  1999 E WindowTransitionCompat: 0, check isClosingType type = 2, mode = 3
03-02 11:57:00.757  1999  1999 E WindowTransitionCompat: 1, check isClosingType type = 1, mode = 2
03-02 11:57:00.757  1999  1999 I WindowTransitionCompat: startAnimation token = android.os.BinderProxy@cbe53f5, isClosingType = true
03-02 11:57:00.757  1999  1999 I TransitionCallback: setActivityIsCloseType = true
03-02 11:57:00.757  1999  1999 I TransitionCallback: com.android.systemui.shared.recents.utilities.WindowTransitionCallbackHelper@24a0cad setMainFinishCallback, token = android.os.BinderProxy@cbe53f5, callback = android.window.IRemoteTransitionFinishedCallback$Stub$Proxy@86d3a71
03-02 11:57:00.757  1999  1999 I TransitionCallback: com.android.systemui.shared.recents.utilities.WindowTransitionCallbackHelper@24a0cad setTransitionInfo token = android.os.BinderProxy@cbe53f5, info = {id=10187 t=CLOSE f=0x0 trk=0 opt={t=FROM_STYLE} r=[0@Point(0, 0)] c=[{WCT{android.window.IWindowContainerToken$Stub$Proxy@f1c958a} m=TO_FRONT f=SHOW_WALLPAPER|MOVE_TO_TOP leash=Surface(name=Task=1#47)/@0xde9ff94 sb=Rect(0, 0 - 1080, 2460) eb=Rect(0, 0 - 1080, 2460) d=0 taskParent=-1},{WCT{android.window.IWindowContainerToken$Stub$Proxy@777e7fb} m=CLOSE f=NONE leash=Surface(name=Task=37048#134546)/@0x8f91a3d sb=Rect(0, 0 - 1080, 2460) eb=Rect(0, 0 - 1080, 2460) d=0 taskParent=-1},{null m=TO_FRONT f=IS_WALLPAPER leash=Surface(name=WallpaperWindowToken{2d6d85a token=android.os.Binder@8dfa005}#66)/@0x3cf232 sb=Rect(0, 0 - 1080, 2460) eb=Rect(0, 0 - 1080, 2460) d=0},{null m=TO_FRONT f=IS_WALLPAPER|IS_OCCLUDED leash=Surface(name=WallpaperWindowToken{d3319dd token=android.os.Binder@113b9b4}#64)/@0x6a8b83 sb=Rect(0, 0 - 1080, 2460) eb=Rect(0, 0 - 1080, 2460) d=0}] mk=[true] noAni=[false] df=[false] rsa=[false] oa=[false] iSync=[-1]}
03-02 11:57:00.758  1999  1999 D TransitionUtil: get key :ComponentInfo{com.miui.home/com.miui.home.launcher.Launcher}#1
03-02 11:57:00.758  1999  1999 I TransitionUtil: rootLeash = Surface(name=Transition Root #10187: Task=1#134621)/@0xe318100
03-02 11:57:00.758   921  1500 I BufferQueueDebug: [TL_Surface(name=Task=1#47)/@0xde9ff94_transition-leash#134622](this:0xb400007bcecbf778,id:-1,api:0,p:-1,c:-1) BufferQueue core=(921:/system/bin/surfaceflinger)
03-02 11:57:00.760  1999  1999 I TransitionUtil: setupLeash isAppOpening = false
03-02 11:57:00.760  1999  1999 I TransitionUtil: setLayer leash5 = Surface(name=TL_Surface(name=Task=1#47)/@0xde9ff94_transition-leash#134622)/@0x4324be2, layer = 3
03-02 11:57:00.769  1999  1999 D ReflectUtils: callObjectMethod
03-02 11:57:00.769  1999  1999 D ReflectUtils: java.lang.NoSuchMethodException: android.window.TransitionInfo$Change.getAllowEnterPip []
03-02 11:57:00.769  1999  1999 D ReflectUtils: 	at java.lang.Class.getMethod(Class.java:2934)
03-02 11:57:00.769  1999  1999 D ReflectUtils: 	at java.lang.Class.getDeclaredMethod(Class.java:2913)
03-02 11:57:00.769  1999  1999 D ReflectUtils: 	at com.miui.launcher.utils.ReflectUtils.callObjectMethod(ReflectUtils.java:35)
03-02 11:57:00.769  1999  1999 D ReflectUtils: 	at com.android.hideapi.TransitionInfoExpose$ChangeExpose.getAllowEnterPip(TransitionInfoExpose.java:119)
03-02 11:57:00.769  1999  1999 D ReflectUtils: 	at com.android.wm.shell.util.TransitionUtil.newTarget(TransitionUtil.java:556)
03-02 11:57:00.769  1999  1999 D ReflectUtils: 	at com.android.wm.shell.util.TransitionUtil.newTarget(TransitionUtil.java:493)
03-02 11:57:00.769  1999  1999 D ReflectUtils: 	at com.android.wm.shell.util.TransitionUtil.newTarget(TransitionUtil.java:484)
03-02 11:57:00.769  1999  1999 D ReflectUtils: 	at com.android.systemui.shared.recents.system.RemoteAnimationTargetCompat.wrap(RemoteAnimationTargetCompat.java:212)
03-02 11:57:00.769  1999  1999 D ReflectUtils: 	at com.android.systemui.shared.recents.system.RemoteAnimationTargetCompat.wrapAppsForCompat(RemoteAnimationTargetCompat.java:232)
03-02 11:57:00.769  1999  1999 D ReflectUtils: 	at com.android.systemui.shared.recents.system.WindowTransitionCompat$2.lambda$startAnimation$0(WindowTransitionCompat.java:120)
03-02 11:57:00.769  1999  1999 D ReflectUtils: 	at com.android.systemui.shared.recents.system.WindowTransitionCompat$2.$r8$lambda$hcqKCUwnRuMqtvMJ6DPLae5xnFA(Unknown Source:0)
03-02 11:57:00.769  1999  1999 D ReflectUtils: 	at com.android.systemui.shared.recents.system.WindowTransitionCompat$2$$ExternalSyntheticLambda0.run(Unknown Source:10)
03-02 11:57:00.769  1999  1999 D ReflectUtils: 	at com.miui.home.library.utils.LooperExecutor.execute(LooperExecutor.java:43)
03-02 11:57:00.769  1999  1999 D ReflectUtils: 	at com.android.systemui.shared.recents.system.WindowTransitionCompat$2.startAnimation(WindowTransitionCompat.java:267)
03-02 11:57:00.769  1999  1999 D ReflectUtils: 	at com.android.systemui.shared.recents.system.WindowTransitionCompat.wrapRemoteTransition(WindowTransitionCompat.java:745)
03-02 11:57:00.769  1999  1999 D ReflectUtils: 	at com.miui.home.recents.anim.WindowElement.injectRemoteTransition(WindowElement.kt:687)
03-02 11:57:00.769  1999  1999 D ReflectUtils: 	at com.miui.home.recents.anim.StateManager$CommonState.handleEvent(StateManager.kt:1291)
03-02 11:57:00.769  1999  1999 D ReflectUtils: 	at com.miui.home.recents.anim.StateManager.handleEventActually(StateManager.kt:112)
03-02 11:57:00.769  1999  1999 D ReflectUtils: 	at com.miui.home.recents.anim.StateManager.sendEventActually$lambda-0(StateManager.kt:99)
03-02 11:57:00.769  1999  1999 D ReflectUtils: 	at com.miui.home.recents.anim.StateManager.$r8$lambda$C-kZp_X93nanDwYsUFIjH_GwEtM(Unknown Source:0)
03-02 11:57:00.769  1999  1999 D ReflectUtils: 	at com.miui.home.recents.anim.StateManager$$ExternalSyntheticLambda3.run(Unknown Source:4)
03-02 11:57:00.769  1999  1999 D ReflectUtils: 	at android.os.Handler.handleCallback(Handler.java:959)
03-02 11:57:00.769  1999  1999 D ReflectUtils: 	at android.os.Handler.dispatchMessage(Handler.java:100)
03-02 11:57:00.769  1999  1999 D ReflectUtils: 	at android.os.Looper.loopOnce(Looper.java:249)
03-02 11:57:00.769  1999  1999 D ReflectUtils: 	at android.os.Looper.loop(Looper.java:337)
03-02 11:57:00.769  1999  1999 D ReflectUtils: 	at android.app.ActivityThread.main(ActivityThread.java:9500)
03-02 11:57:00.769  1999  1999 D ReflectUtils: 	at java.lang.reflect.Method.invoke(Native Method)
03-02 11:57:00.769  1999  1999 D ReflectUtils: 	at com.android.internal.os.RuntimeInit$MethodAndArgsCaller.run(RuntimeInit.java:636)
03-02 11:57:00.769  1999  1999 D ReflectUtils: 	at com.android.internal.os.ZygoteInit.main(ZygoteInit.java:1005)
03-02 11:57:00.769  1999  1999 W TransitionInfoExpose.ChangeExpose: getAllowEnterPip: return null from reflection, use default value false
03-02 11:57:00.769  1999  1999 D TransitionUtil: get key :ComponentInfo{com.softnation.Ojam/com.softnation.Ojam.MainActivity}#37048
03-02 11:57:00.770  1999  1999 I TransitionUtil: rootLeash = Surface(name=Transition Root #10187: Task=1#134621)/@0xe318100
03-02 11:57:00.771   921  1500 I BufferQueueDebug: [TL_Surface(name=Task=37048#134546)/@0x8f91a3d_transition-leash#134623](this:0xb400007bcec58f38,id:-1,api:0,p:-1,c:-1) BufferQueue core=(921:/system/bin/surfaceflinger)
03-02 11:57:00.772  1999  1999 I TransitionUtil: setupLeash isAppOpening = false
03-02 11:57:00.772 14244 14244 V GraphicsEnvironment: Currently set values for:
03-02 11:57:00.772 14244 14244 V GraphicsEnvironment:   angle_gl_driver_selection_pkgs=[]
03-02 11:57:00.772 14244 14244 V GraphicsEnvironment:   angle_gl_driver_selection_values=[]
03-02 11:57:00.772  1999  1999 I TransitionUtil: setLayer leash7 = Surface(name=TL_Surface(name=Task=37048#134546)/@0x8f91a3d_transition-leash#134623)/@0x7272a30, layer = 7
03-02 11:57:00.772 14244 14244 V GraphicsEnvironment: Global.Settings values are invalid: number of packages: 0, number of values: 0
03-02 11:57:00.772 14244 14244 V GraphicsEnvironment: Neither updatable production driver nor prerelease driver is supported.
03-02 11:57:00.773  1999  1999 D ReflectUtils: callObjectMethod
03-02 11:57:00.773  1999  1999 D ReflectUtils: java.lang.NoSuchMethodException: android.window.TransitionInfo$Change.getAllowEnterPip []
03-02 11:57:00.773  1999  1999 D ReflectUtils: 	at java.lang.Class.getMethod(Class.java:2934)
03-02 11:57:00.773  1999  1999 D ReflectUtils: 	at java.lang.Class.getDeclaredMethod(Class.java:2913)
03-02 11:57:00.773  1999  1999 D ReflectUtils: 	at com.miui.launcher.utils.ReflectUtils.callObjectMethod(ReflectUtils.java:35)
03-02 11:57:00.773  1999  1999 D ReflectUtils: 	at com.android.hideapi.TransitionInfoExpose$ChangeExpose.getAllowEnterPip(TransitionInfoExpose.java:119)
03-02 11:57:00.773  1999  1999 D ReflectUtils: 	at com.android.wm.shell.util.TransitionUtil.newTarget(TransitionUtil.java:556)
03-02 11:57:00.773  1999  1999 D ReflectUtils: 	at com.android.wm.shell.util.TransitionUtil.newTarget(TransitionUtil.java:493)
03-02 11:57:00.773  1999  1999 D ReflectUtils: 	at com.android.wm.shell.util.TransitionUtil.newTarget(TransitionUtil.java:484)
03-02 11:57:00.773  1999  1999 D ReflectUtils: 	at com.android.systemui.shared.recents.system.RemoteAnimationTargetCompat.wrap(RemoteAnimationTargetCompat.java:212)
03-02 11:57:00.773  1999  1999 D ReflectUtils: 	at com.android.systemui.shared.recents.system.RemoteAnimationTargetCompat.wrapAppsForCompat(RemoteAnimationTargetCompat.java:232)
03-02 11:57:00.773  1999  1999 D ReflectUtils: 	at com.android.systemui.shared.recents.system.WindowTransitionCompat$2.lambda$startAnimation$0(WindowTransitionCompat.java:120)
03-02 11:57:00.773  1999  1999 D ReflectUtils: 	at com.android.systemui.shared.recents.system.WindowTransitionCompat$2.$r8$lambda$hcqKCUwnRuMqtvMJ6DPLae5xnFA(Unknown Source:0)
03-02 11:57:00.773  1999  1999 D ReflectUtils: 	at com.android.systemui.shared.recents.system.WindowTransitionCompat$2$$ExternalSyntheticLambda0.run(Unknown Source:10)
03-02 11:57:00.773  1999  1999 D ReflectUtils: 	at com.miui.home.library.utils.LooperExecutor.execute(LooperExecutor.java:43)
03-02 11:57:00.773  1999  1999 D ReflectUtils: 	at com.android.systemui.shared.recents.system.WindowTransitionCompat$2.startAnimation(WindowTransitionCompat.java:267)
03-02 11:57:00.773  1999  1999 D ReflectUtils: 	at com.android.systemui.shared.recents.system.WindowTransitionCompat.wrapRemoteTransition(WindowTransitionCompat.java:745)
03-02 11:57:00.773  1999  1999 D ReflectUtils: 	at com.miui.home.recents.anim.WindowElement.injectRemoteTransition(WindowElement.kt:687)
03-02 11:57:00.773  1999  1999 D ReflectUtils: 	at com.miui.home.recents.anim.StateManager$CommonState.handleEvent(StateManager.kt:1291)
03-02 11:57:00.773  1999  1999 D ReflectUtils: 	at com.miui.home.recents.anim.StateManager.handleEventActually(StateManager.kt:112)
03-02 11:57:00.773  1999  1999 D ReflectUtils: 	at com.miui.home.recents.anim.StateManager.sendEventActually$lambda-0(StateManager.kt:99)
03-02 11:57:00.773  1999  1999 D ReflectUtils: 	at com.miui.home.recents.anim.StateManager.$r8$lambda$C-kZp_X93nanDwYsUFIjH_GwEtM(Unknown Source:0)
03-02 11:57:00.773  1999  1999 D ReflectUtils: 	at com.miui.home.recents.anim.StateManager$$ExternalSyntheticLambda3.run(Unknown Source:4)
03-02 11:57:00.773  1999  1999 D ReflectUtils: 	at android.os.Handler.handleCallback(Handler.java:959)
03-02 11:57:00.773  1999  1999 D ReflectUtils: 	at android.os.Handler.dispatchMessage(Handler.java:100)
03-02 11:57:00.773  1999  1999 D ReflectUtils: 	at android.os.Looper.loopOnce(Looper.java:249)
03-02 11:57:00.773  1999  1999 D ReflectUtils: 	at android.os.Looper.loop(Looper.java:337)
03-02 11:57:00.773  1999  1999 D ReflectUtils: 	at android.app.ActivityThread.main(ActivityThread.java:9500)
03-02 11:57:00.773  1999  1999 D ReflectUtils: 	at java.lang.reflect.Method.invoke(Native Method)
03-02 11:57:00.773  1999  1999 D ReflectUtils: 	at com.android.internal.os.RuntimeInit$MethodAndArgsCaller.run(RuntimeInit.java:636)
03-02 11:57:00.773  1999  1999 D ReflectUtils: 	at com.android.internal.os.ZygoteInit.main(ZygoteInit.java:1005)
03-02 11:57:00.773  1999  1999 W TransitionInfoExpose.ChangeExpose: getAllowEnterPip: return null from reflection, use default value false
03-02 11:57:00.773  1999  1999 D TAG     : obtainElement: false
03-02 11:57:00.773  1999  1999 D TAG     : java.lang.RuntimeException
03-02 11:57:00.773  1999  1999 D TAG     : 	at com.android.systemui.shared.recents.system.RemoteAnimationTargetCompat.obtainElement(RemoteAnimationTargetCompat.java:116)
03-02 11:57:00.773  1999  1999 D TAG     : 	at com.android.systemui.shared.recents.system.RemoteAnimationTargetCompat.<init>(RemoteAnimationTargetCompat.java:94)
03-02 11:57:00.773  1999  1999 D TAG     : 	at com.android.systemui.shared.recents.system.RemoteAnimationTargetCompat.wrap(RemoteAnimationTargetCompat.java:188)
03-02 11:57:00.773  1999  1999 D TAG     : 	at com.android.systemui.shared.recents.system.RemoteAnimationTargetCompat.wrapAppsForCompat(RemoteAnimationTargetCompat.java:233)
03-02 11:57:00.773  1999  1999 D TAG     : 	at com.android.systemui.shared.recents.system.WindowTransitionCompat$2.lambda$startAnimation$0(WindowTransitionCompat.java:120)
03-02 11:57:00.773  1999  1999 D TAG     : 	at com.android.systemui.shared.recents.system.WindowTransitionCompat$2.$r8$lambda$hcqKCUwnRuMqtvMJ6DPLae5xnFA(Unknown Source:0)
03-02 11:57:00.773  1999  1999 D TAG     : 	at com.android.systemui.shared.recents.system.WindowTransitionCompat$2$$ExternalSyntheticLambda0.run(Unknown Source:10)
03-02 11:57:00.773  1999  1999 D TAG     : 	at com.miui.home.library.utils.LooperExecutor.execute(LooperExecutor.java:43)
03-02 11:57:00.773  1999  1999 D TAG     : 	at com.android.systemui.shared.recents.system.WindowTransitionCompat$2.startAnimation(WindowTransitionCompat.java:267)
03-02 11:57:00.773  1999  1999 D TAG     : 	at com.android.systemui.shared.recents.system.WindowTransitionCompat.wrapRemoteTransition(WindowTransitionCompat.java:745)
03-02 11:57:00.773  1999  1999 D TAG     : 	at com.miui.home.recents.anim.WindowElement.injectRemoteTransition(WindowElement.kt:687)
03-02 11:57:00.773  1999  1999 D TAG     : 	at com.miui.home.recents.anim.StateManager$CommonState.handleEvent(StateManager.kt:1291)
03-02 11:57:00.773  1999  1999 D TAG     : 	at com.miui.home.recents.anim.StateManager.handleEventActually(StateManager.kt:112)
03-02 11:57:00.773  1999  1999 D TAG     : 	at com.miui.home.recents.anim.StateManager.sendEventActually$lambda-0(StateManager.kt:99)
03-02 11:57:00.773  1999  1999 D TAG     : 	at com.miui.home.recents.anim.StateManager.$r8$lambda$C-kZp_X93nanDwYsUFIjH_GwEtM(Unknown Source:0)
03-02 11:57:00.773  1999  1999 D TAG     : 	at com.miui.home.recents.anim.StateManager$$ExternalSyntheticLambda3.run(Unknown Source:4)
03-02 11:57:00.773  1999  1999 D TAG     : 	at android.os.Handler.handleCallback(Handler.java:959)
03-02 11:57:00.773  1999  1999 D TAG     : 	at android.os.Handler.dispatchMessage(Handler.java:100)
03-02 11:57:00.773  1999  1999 D TAG     : 	at android.os.Looper.loopOnce(Looper.java:249)
03-02 11:57:00.773  1999  1999 D TAG     : 	at android.os.Looper.loop(Looper.java:337)
03-02 11:57:00.773  1999  1999 D TAG     : 	at android.app.ActivityThread.main(ActivityThread.java:9500)
03-02 11:57:00.773  1999  1999 D TAG     : 	at java.lang.reflect.Method.invoke(Native Method)
03-02 11:57:00.773  1999  1999 D TAG     : 	at com.android.internal.os.RuntimeInit$MethodAndArgsCaller.run(RuntimeInit.java:636)
03-02 11:57:00.773  1999  1999 D TAG     : 	at com.android.internal.os.ZygoteInit.main(ZygoteInit.java:1005)
03-02 11:57:00.774  1999  1999 D TAG     : obtainElement: 0.0
03-02 11:57:00.774  1999  1999 D TAG     : java.lang.RuntimeException
03-02 11:57:00.774  1999  1999 D TAG     : 	at com.android.systemui.shared.recents.system.RemoteAnimationTargetCompat.obtainCornerRadius(RemoteAnimationTargetCompat.java:104)
03-02 11:57:00.774  1999  1999 D TAG     : 	at com.android.systemui.shared.recents.system.RemoteAnimationTargetCompat.<init>(RemoteAnimationTargetCompat.java:95)
03-02 11:57:00.774  1999  1999 D TAG     : 	at com.android.systemui.shared.recents.system.RemoteAnimationTargetCompat.wrap(RemoteAnimationTargetCompat.java:188)
03-02 11:57:00.774  1999  1999 D TAG     : 	at com.android.systemui.shared.recents.system.RemoteAnimationTargetCompat.wrapAppsForCompat(RemoteAnimationTargetCompat.java:233)
03-02 11:57:00.774  1999  1999 D TAG     : 	at com.android.systemui.shared.recents.system.WindowTransitionCompat$2.lambda$startAnimation$0(WindowTransitionCompat.java:120)
03-02 11:57:00.774  1999  1999 D TAG     : 	at com.android.systemui.shared.recents.system.WindowTransitionCompat$2.$r8$lambda$hcqKCUwnRuMqtvMJ6DPLae5xnFA(Unknown Source:0)
03-02 11:57:00.774  1999  1999 D TAG     : 	at com.android.systemui.shared.recents.system.WindowTransitionCompat$2$$ExternalSyntheticLambda0.run(Unknown Source:10)
03-02 11:57:00.774  1999  1999 D TAG     : 	at com.miui.home.library.utils.LooperExecutor.execute(LooperExecutor.java:43)
03-02 11:57:00.774  1999  1999 D TAG     : 	at com.android.systemui.shared.recents.system.WindowTransitionCompat$2.startAnimation(WindowTransitionCompat.java:267)
03-02 11:57:00.774  1999  1999 D TAG     : 	at com.android.systemui.shared.recents.system.WindowTransitionCompat.wrapRemoteTransition(WindowTransitionCompat.java:745)
03-02 11:57:00.774  1999  1999 D TAG     : 	at com.miui.home.recents.anim.WindowElement.injectRemoteTransition(WindowElement.kt:687)
03-02 11:57:00.774  1999  1999 D TAG     : 	at com.miui.home.recents.anim.StateManager$CommonState.handleEvent(StateManager.kt:1291)
03-02 11:57:00.774  1999  1999 D TAG     : 	at com.miui.home.recents.anim.StateManager.handleEventActually(StateManager.kt:112)
03-02 11:57:00.774  1999  1999 D TAG     : 	at com.miui.home.recents.anim.StateManager.sendEventActually$lambda-0(StateManager.kt:99)
03-02 11:57:00.774  1999  1999 D TAG     : 	at com.miui.home.recents.anim.StateManager.$r8$lambda$C-kZp_X93nanDwYsUFIjH_GwEtM(Unknown Source:0)
03-02 11:57:00.774  1999  1999 D TAG     : 	at com.miui.home.recents.anim.StateManager$$ExternalSyntheticLambda3.run(Unknown Source:4)
03-02 11:57:00.774  1999  1999 D TAG     : 	at android.os.Handler.handleCallback(Handler.java:959)
03-02 11:57:00.774  1999  1999 D TAG     : 	at android.os.Handler.dispatchMessage(Handler.java:100)
03-02 11:57:00.774  1999  1999 D TAG     : 	at android.os.Looper.loopOnce(Looper.java:249)
03-02 11:57:00.774  1999  1999 D TAG     : 	at android.os.Looper.loop(Looper.java:337)
03-02 11:57:00.774  1999  1999 D TAG     : 	at android.app.ActivityThread.main(ActivityThread.java:9500)
03-02 11:57:00.774  1999  1999 D TAG     : 	at java.lang.reflect.Method.invoke(Native Method)
03-02 11:57:00.774  1999  1999 D TAG     : 	at com.android.internal.os.RuntimeInit$MethodAndArgsCaller.run(RuntimeInit.java:636)
03-02 11:57:00.774  1999  1999 D TAG     : 	at com.android.internal.os.ZygoteInit.main(ZygoteInit.java:1005)
03-02 11:57:00.774  1999  1999 D TAG     : obtainElement: false
03-02 11:57:00.774  1999  1999 D TAG     : java.lang.RuntimeException
03-02 11:57:00.774  1999  1999 D TAG     : 	at com.android.systemui.shared.recents.system.RemoteAnimationTargetCompat.obtainElement(RemoteAnimationTargetCompat.java:116)
03-02 11:57:00.774  1999  1999 D TAG     : 	at com.android.systemui.shared.recents.system.RemoteAnimationTargetCompat.<init>(RemoteAnimationTargetCompat.java:94)
03-02 11:57:00.774  1999  1999 D TAG     : 	at com.android.systemui.shared.recents.system.RemoteAnimationTargetCompat.wrap(RemoteAnimationTargetCompat.java:188)
03-02 11:57:00.774  1999  1999 D TAG     : 	at com.android.systemui.shared.recents.system.RemoteAnimationTargetCompat.wrapAppsForCompat(RemoteAnimationTargetCompat.java:233)
03-02 11:57:00.774  1999  1999 D TAG     : 	at com.android.systemui.shared.recents.system.WindowTransitionCompat$2.lambda$startAnimation$0(WindowTransitionCompat.java:120)
03-02 11:57:00.774  1999  1999 D TAG     : 	at com.android.systemui.shared.recents.system.WindowTransitionCompat$2.$r8$lambda$hcqKCUwnRuMqtvMJ6DPLae5xnFA(Unknown Source:0)
03-02 11:57:00.774  1999  1999 D TAG     : 	at com.android.systemui.shared.recents.system.WindowTransitionCompat$2$$ExternalSyntheticLambda0.run(Unknown Source:10)
03-02 11:57:00.774  1999  1999 D TAG     : 	at com.miui.home.library.utils.LooperExecutor.execute(LooperExecutor.java:43)
03-02 11:57:00.774  1999  1999 D TAG     : 	at com.android.systemui.shared.recents.system.WindowTransitionCompat$2.startAnimation(WindowTransitionCompat.java:267)
03-02 11:57:00.774  1999  1999 D TAG     : 	at com.android.systemui.shared.recents.system.WindowTransitionCompat.wrapRemoteTransition(WindowTransitionCompat.java:745)
03-02 11:57:00.774  1999  1999 D TAG     : 	at com.miui.home.recents.anim.WindowElement.injectRemoteTransition(WindowElement.kt:687)
03-02 11:57:00.774  1999  1999 D TAG     : 	at com.miui.home.recents.anim.StateManager$CommonState.handleEvent(StateManager.kt:1291)
03-02 11:57:00.774  1999  1999 D TAG     : 	at com.miui.home.recents.anim.StateManager.handleEventActually(StateManager.kt:112)
03-02 11:57:00.774  1999  1999 D TAG     : 	at com.miui.home.recents.anim.StateManager.sendEventActually$lambda-0(StateManager.kt:99)
03-02 11:57:00.774  1999  1999 D TAG     : 	at com.miui.home.recents.anim.StateManager.$r8$lambda$C-kZp_X93nanDwYsUFIjH_GwEtM(Unknown Source:0)
03-02 11:57:00.774  1999  1999 D TAG     : 	at com.miui.home.recents.anim.StateManager$$ExternalSyntheticLambda3.run(Unknown Source:4)
03-02 11:57:00.774  1999  1999 D TAG     : 	at android.os.Handler.handleCallback(Handler.java:959)
03-02 11:57:00.774  1999  1999 D TAG     : 	at android.os.Handler.dispatchMessage(Handler.java:100)
03-02 11:57:00.774  1999  1999 D TAG     : 	at android.os.Looper.loopOnce(Looper.java:249)
03-02 11:57:00.774  1999  1999 D TAG     : 	at android.os.Looper.loop(Looper.java:337)
03-02 11:57:00.774  1999  1999 D TAG     : 	at android.app.ActivityThread.main(ActivityThread.java:9500)
03-02 11:57:00.774  1999  1999 D TAG     : 	at java.lang.reflect.Method.invoke(Native Method)
03-02 11:57:00.774  1999  1999 D TAG     : 	at com.android.internal.os.RuntimeInit$MethodAndArgsCaller.run(RuntimeInit.java:636)
03-02 11:57:00.774  1999  1999 D TAG     : 	at com.android.internal.os.ZygoteInit.main(ZygoteInit.java:1005)
03-02 11:57:00.775  1999  1999 D TAG     : obtainElement: 0.0
03-02 11:57:00.775  1999  1999 D TAG     : java.lang.RuntimeException
03-02 11:57:00.775  1999  1999 D TAG     : 	at com.android.systemui.shared.recents.system.RemoteAnimationTargetCompat.obtainCornerRadius(RemoteAnimationTargetCompat.java:104)
03-02 11:57:00.775  1999  1999 D TAG     : 	at com.android.systemui.shared.recents.system.RemoteAnimationTargetCompat.<init>(RemoteAnimationTargetCompat.java:95)
03-02 11:57:00.775  1999  1999 D TAG     : 	at com.android.systemui.shared.recents.system.RemoteAnimationTargetCompat.wrap(RemoteAnimationTargetCompat.java:188)
03-02 11:57:00.775  1999  1999 D TAG     : 	at com.android.systemui.shared.recents.system.RemoteAnimationTargetCompat.wrapAppsForCompat(RemoteAnimationTargetCompat.java:233)
03-02 11:57:00.775  1999  1999 D TAG     : 	at com.android.systemui.shared.recents.system.WindowTransitionCompat$2.lambda$startAnimation$0(WindowTransitionCompat.java:120)
03-02 11:57:00.775  1999  1999 D TAG     : 	at com.android.systemui.shared.recents.system.WindowTransitionCompat$2.$r8$lambda$hcqKCUwnRuMqtvMJ6DPLae5xnFA(Unknown Source:0)
03-02 11:57:00.775  1999  1999 D TAG     : 	at com.android.systemui.shared.recents.system.WindowTransitionCompat$2$$ExternalSyntheticLambda0.run(Unknown Source:10)
03-02 11:57:00.775  1999  1999 D TAG     : 	at com.miui.home.library.utils.LooperExecutor.execute(LooperExecutor.java:43)
03-02 11:57:00.775  1999  1999 D TAG     : 	at com.android.systemui.shared.recents.system.WindowTransitionCompat$2.startAnimation(WindowTransitionCompat.java:267)
03-02 11:57:00.775  1999  1999 D TAG     : 	at com.android.systemui.shared.recents.system.WindowTransitionCompat.wrapRemoteTransition(WindowTransitionCompat.java:745)
03-02 11:57:00.775  1999  1999 D TAG     : 	at com.miui.home.recents.anim.WindowElement.injectRemoteTransition(WindowElement.kt:687)
03-02 11:57:00.775  1999  1999 D TAG     : 	at com.miui.home.recents.anim.StateManager$CommonState.handleEvent(StateManager.kt:1291)
03-02 11:57:00.775  1999  1999 D TAG     : 	at com.miui.home.recents.anim.StateManager.handleEventActually(StateManager.kt:112)
03-02 11:57:00.775  1999  1999 D TAG     : 	at com.miui.home.recents.anim.StateManager.sendEventActually$lambda-0(StateManager.kt:99)
03-02 11:57:00.775  1999  1999 D TAG     : 	at com.miui.home.recents.anim.StateManager.$r8$lambda$C-kZp_X93nanDwYsUFIjH_GwEtM(Unknown Source:0)
03-02 11:57:00.775  1999  1999 D TAG     : 	at com.miui.home.recents.anim.StateManager$$ExternalSyntheticLambda3.run(Unknown Source:4)
03-02 11:57:00.775  1999  1999 D TAG     : 	at android.os.Handler.handleCallback(Handler.java:959)
03-02 11:57:00.775  1999  1999 D TAG     : 	at android.os.Handler.dispatchMessage(Handler.java:100)
03-02 11:57:00.775  1999  1999 D TAG     : 	at android.os.Looper.loopOnce(Looper.java:249)
03-02 11:57:00.775  1999  1999 D TAG     : 	at android.os.Looper.loop(Looper.java:337)
03-02 11:57:00.775  1999  1999 D TAG     : 	at android.app.ActivityThread.main(ActivityThread.java:9500)
03-02 11:57:00.775  1999  1999 D TAG     : 	at java.lang.reflect.Method.invoke(Native Method)
03-02 11:57:00.775  1999  1999 D TAG     : 	at com.android.internal.os.RuntimeInit$MethodAndArgsCaller.run(RuntimeInit.java:636)
03-02 11:57:00.775  1999  1999 D TAG     : 	at com.android.internal.os.ZygoteInit.main(ZygoteInit.java:1005)
03-02 11:57:00.775  1999  1999 I TransitionUtil: rootLeash = Surface(name=Transition Root #10187: Task=1#134621)/@0xe318100
03-02 11:57:00.776   921  1500 I BufferQueueDebug: [TL_Surface(name=WallpaperWindowToken{2d6d85a token=android.os.Binder@8dfa005}#66)/@0x3cf232_transition-leash#134624](this:0xb400007bcecb13a8,id:-1,api:0,p:-1,c:-1) BufferQueue core=(921:/system/bin/surfaceflinger)
03-02 11:57:00.777  1999  1999 I TransitionUtil: setupLeash isAppOpening = false
03-02 11:57:00.778  1999  1999 I TransitionUtil: setLayer leash2 = Surface(name=TL_Surface(name=WallpaperWindowToken{2d6d85a token=android.os.Binder@8dfa005}#66)/@0x3cf232_transition-leash#134624)/@0x7cd753a, layer = -2
03-02 11:57:00.779  1999  1999 D ReflectUtils: callObjectMethod
03-02 11:57:00.779  1999  1999 D ReflectUtils: java.lang.NoSuchMethodException: android.window.TransitionInfo$Change.getAllowEnterPip []
03-02 11:57:00.779  1999  1999 D ReflectUtils: 	at java.lang.Class.getMethod(Class.java:2934)
03-02 11:57:00.779  1999  1999 D ReflectUtils: 	at java.lang.Class.getDeclaredMethod(Class.java:2913)
03-02 11:57:00.779  1999  1999 D ReflectUtils: 	at com.miui.launcher.utils.ReflectUtils.callObjectMethod(ReflectUtils.java:35)
03-02 11:57:00.779  1999  1999 D ReflectUtils: 	at com.android.hideapi.TransitionInfoExpose$ChangeExpose.getAllowEnterPip(TransitionInfoExpose.java:119)
03-02 11:57:00.779  1999  1999 D ReflectUtils: 	at com.android.wm.shell.util.TransitionUtil.newTarget(TransitionUtil.java:556)
03-02 11:57:00.779  1999  1999 D ReflectUtils: 	at com.android.wm.shell.util.TransitionUtil.newTarget(TransitionUtil.java:493)
03-02 11:57:00.779  1999  1999 D ReflectUtils: 	at com.android.wm.shell.util.TransitionUtil.newTarget(TransitionUtil.java:484)
03-02 11:57:00.779  1999  1999 D ReflectUtils: 	at com.android.systemui.shared.recents.system.RemoteAnimationTargetCompat.wrap(RemoteAnimationTargetCompat.java:212)
03-02 11:57:00.779  1999  1999 D ReflectUtils: 	at com.android.systemui.shared.recents.system.RemoteAnimationTargetCompat.wrapNonAppsForCompat(RemoteAnimationTargetCompat.java:252)
03-02 11:57:00.779  1999  1999 D ReflectUtils: 	at com.android.systemui.shared.recents.system.WindowTransitionCompat$2.lambda$startAnimation$0(WindowTransitionCompat.java:122)
03-02 11:57:00.779  1999  1999 D ReflectUtils: 	at com.android.systemui.shared.recents.system.WindowTransitionCompat$2.$r8$lambda$hcqKCUwnRuMqtvMJ6DPLae5xnFA(Unknown Source:0)
03-02 11:57:00.779  1999  1999 D ReflectUtils: 	at com.android.systemui.shared.recents.system.WindowTransitionCompat$2$$ExternalSyntheticLambda0.run(Unknown Source:10)
03-02 11:57:00.779  1999  1999 D ReflectUtils: 	at com.miui.home.library.utils.LooperExecutor.execute(LooperExecutor.java:43)
03-02 11:57:00.779  1999  1999 D ReflectUtils: 	at com.android.systemui.shared.recents.system.WindowTransitionCompat$2.startAnimation(WindowTransitionCompat.java:267)
03-02 11:57:00.779  1999  1999 D ReflectUtils: 	at com.android.systemui.shared.recents.system.WindowTransitionCompat.wrapRemoteTransition(WindowTransitionCompat.java:745)
03-02 11:57:00.779  1999  1999 D ReflectUtils: 	at com.miui.home.recents.anim.WindowElement.injectRemoteTransition(WindowElement.kt:687)
03-02 11:57:00.779  1999  1999 D ReflectUtils: 	at com.miui.home.recents.anim.StateManager$CommonState.handleEvent(StateManager.kt:1291)
03-02 11:57:00.779  1999  1999 D ReflectUtils: 	at com.miui.home.recents.anim.StateManager.handleEventActually(StateManager.kt:112)
03-02 11:57:00.779  1999  1999 D ReflectUtils: 	at com.miui.home.recents.anim.StateManager.sendEventActually$lambda-0(StateManager.kt:99)
03-02 11:57:00.779  1999  1999 D ReflectUtils: 	at com.miui.home.recents.anim.StateManager.$r8$lambda$C-kZp_X93nanDwYsUFIjH_GwEtM(Unknown Source:0)
03-02 11:57:00.779  1999  1999 D ReflectUtils: 	at com.miui.home.recents.anim.StateManager$$ExternalSyntheticLambda3.run(Unknown Source:4)
03-02 11:57:00.779  1999  1999 D ReflectUtils: 	at android.os.Handler.handleCallback(Handler.java:959)
03-02 11:57:00.779  1999  1999 D ReflectUtils: 	at android.os.Handler.dispatchMessage(Handler.java:100)
03-02 11:57:00.779  1999  1999 D ReflectUtils: 	at android.os.Looper.loopOnce(Looper.java:249)
03-02 11:57:00.779  1999  1999 D ReflectUtils: 	at android.os.Looper.loop(Looper.java:337)
03-02 11:57:00.779  1999  1999 D ReflectUtils: 	at android.app.ActivityThread.main(ActivityThread.java:9500)
03-02 11:57:00.779  1999  1999 D ReflectUtils: 	at java.lang.reflect.Method.invoke(Native Method)
03-02 11:57:00.779  1999  1999 D ReflectUtils: 	at com.android.internal.os.RuntimeInit$MethodAndArgsCaller.run(RuntimeInit.java:636)
03-02 11:57:00.779  1999  1999 D ReflectUtils: 	at com.android.internal.os.ZygoteInit.main(ZygoteInit.java:1005)
03-02 11:57:00.779  1999  1999 W TransitionInfoExpose.ChangeExpose: getAllowEnterPip: return null from reflection, use default value false
03-02 11:57:00.779  1999  1999 I TransitionUtil: rootLeash = Surface(name=Transition Root #10187: Task=1#134621)/@0xe318100
03-02 11:57:00.779 14244 14244 I ActivityThread: TrafficStats init done
03-02 11:57:00.780   921  1500 I BufferQueueDebug: [TL_Surface(name=WallpaperWindowToken{d3319dd token=android.os.Binder@113b9b4}#64)/@0x6a8b83_transition-leash#134625](this:0xb400007bcec8c358,id:-1,api:0,p:-1,c:-1) BufferQueue core=(921:/system/bin/surfaceflinger)
03-02 11:57:00.781  1999  1999 I TransitionUtil: setupLeash isAppOpening = false
03-02 11:57:00.781  1999  1999 I TransitionUtil: setLayer leash2 = Surface(name=TL_Surface(name=WallpaperWindowToken{d3319dd token=android.os.Binder@113b9b4}#64)/@0x6a8b83_transition-leash#134625)/@0x25a0f48, layer = -3
03-02 11:57:00.782  1999  1999 D ReflectUtils: callObjectMethod
03-02 11:57:00.782  1999  1999 D ReflectUtils: java.lang.NoSuchMethodException: android.window.TransitionInfo$Change.getAllowEnterPip []
03-02 11:57:00.782  1999  1999 D ReflectUtils: 	at java.lang.Class.getMethod(Class.java:2934)
03-02 11:57:00.782  1999  1999 D ReflectUtils: 	at java.lang.Class.getDeclaredMethod(Class.java:2913)
03-02 11:57:00.782  1999  1999 D ReflectUtils: 	at com.miui.launcher.utils.ReflectUtils.callObjectMethod(ReflectUtils.java:35)
03-02 11:57:00.782  1999  1999 D ReflectUtils: 	at com.android.hideapi.TransitionInfoExpose$ChangeExpose.getAllowEnterPip(TransitionInfoExpose.java:119)
03-02 11:57:00.782  1999  1999 D ReflectUtils: 	at com.android.wm.shell.util.TransitionUtil.newTarget(TransitionUtil.java:556)
03-02 11:57:00.782  1999  1999 D ReflectUtils: 	at com.android.wm.shell.util.TransitionUtil.newTarget(TransitionUtil.java:493)
03-02 11:57:00.782  1999  1999 D ReflectUtils: 	at com.android.wm.shell.util.TransitionUtil.newTarget(TransitionUtil.java:484)
03-02 11:57:00.782  1999  1999 D ReflectUtils: 	at com.android.systemui.shared.recents.system.RemoteAnimationTargetCompat.wrap(RemoteAnimationTargetCompat.java:212)
03-02 11:57:00.782  1999  1999 D ReflectUtils: 	at com.android.systemui.shared.recents.system.RemoteAnimationTargetCompat.wrapNonAppsForCompat(RemoteAnimationTargetCompat.java:252)
03-02 11:57:00.782  1999  1999 D ReflectUtils: 	at com.android.systemui.shared.recents.system.WindowTransitionCompat$2.lambda$startAnimation$0(WindowTransitionCompat.java:122)
03-02 11:57:00.782  1999  1999 D ReflectUtils: 	at com.android.systemui.shared.recents.system.WindowTransitionCompat$2.$r8$lambda$hcqKCUwnRuMqtvMJ6DPLae5xnFA(Unknown Source:0)
03-02 11:57:00.782  1999  1999 D ReflectUtils: 	at com.android.systemui.shared.recents.system.WindowTransitionCompat$2$$ExternalSyntheticLambda0.run(Unknown Source:10)
03-02 11:57:00.782  1999  1999 D ReflectUtils: 	at com.miui.home.library.utils.LooperExecutor.execute(LooperExecutor.java:43)
03-02 11:57:00.782  1999  1999 D ReflectUtils: 	at com.android.systemui.shared.recents.system.WindowTransitionCompat$2.startAnimation(WindowTransitionCompat.java:267)
03-02 11:57:00.782  1999  1999 D ReflectUtils: 	at com.android.systemui.shared.recents.system.WindowTransitionCompat.wrapRemoteTransition(WindowTransitionCompat.java:745)
03-02 11:57:00.782  1999  1999 D ReflectUtils: 	at com.miui.home.recents.anim.WindowElement.injectRemoteTransition(WindowElement.kt:687)
03-02 11:57:00.782  1999  1999 D ReflectUtils: 	at com.miui.home.recents.anim.StateManager$CommonState.handleEvent(StateManager.kt:1291)
03-02 11:57:00.782  1999  1999 D ReflectUtils: 	at com.miui.home.recents.anim.StateManager.handleEventActually(StateManager.kt:112)
03-02 11:57:00.782  1999  1999 D ReflectUtils: 	at com.miui.home.recents.anim.StateManager.sendEventActually$lambda-0(StateManager.kt:99)
03-02 11:57:00.782  1999  1999 D ReflectUtils: 	at com.miui.home.recents.anim.StateManager.$r8$lambda$C-kZp_X93nanDwYsUFIjH_GwEtM(Unknown Source:0)
03-02 11:57:00.782  1999  1999 D ReflectUtils: 	at com.miui.home.recents.anim.StateManager$$ExternalSyntheticLambda3.run(Unknown Source:4)
03-02 11:57:00.782  1999  1999 D ReflectUtils: 	at android.os.Handler.handleCallback(Handler.java:959)
03-02 11:57:00.782  1999  1999 D ReflectUtils: 	at android.os.Handler.dispatchMessage(Handler.java:100)
03-02 11:57:00.782  1999  1999 D ReflectUtils: 	at android.os.Looper.loopOnce(Looper.java:249)
03-02 11:57:00.782  1999  1999 D ReflectUtils: 	at android.os.Looper.loop(Looper.java:337)
03-02 11:57:00.782  1999  1999 D ReflectUtils: 	at android.app.ActivityThread.main(ActivityThread.java:9500)
