03-02 11:57:01.048  1999  1999 D HomeLayerElement: 	at com.miui.home.recents.anim.HomeLayerElement.releaseHomeLeash(HomeLayerElement.kt:93)
03-02 11:57:01.048  1999  1999 D HomeLayerElement: 	at com.miui.home.recents.anim.WindowElement.onAnimCancelByShellFinishedExecute(WindowElement.kt:455)
03-02 11:57:01.048  1999  1999 D HomeLayerElement: 	at com.miui.home.recents.anim.WindowElement$init$1.onAnimCancelByShellFinished(WindowElement.kt:1174)
03-02 11:57:01.048  1999  1999 D HomeLayerElement: 	at com.android.systemui.shared.recents.system.WindowTransitionCompat.cancelAnimAndFinishMain(WindowTransitionCompat.java:649)
03-02 11:57:01.048  1999  1999 D HomeLayerElement: 	at com.android.systemui.shared.recents.system.WindowTransitionCompat.cancelAnimAndFinishMain(WindowTransitionCompat.java:640)
03-02 11:57:01.048  1999  1999 D HomeLayerElement: 	at com.android.systemui.shared.recents.system.WindowTransitionCompat.access$900(WindowTransitionCompat.java:47)
03-02 11:57:01.048  1999  1999 D HomeLayerElement: 	at com.android.systemui.shared.recents.system.WindowTransitionCompat$2.mergeAnimation(WindowTransitionCompat.java:518)
03-02 11:57:01.048  1999  1999 D HomeLayerElement: 	at com.android.systemui.shared.recents.system.WindowTransitionCompat.wrapRemoteTransition(WindowTransitionCompat.java:740)
03-02 11:57:01.048  1999  1999 D HomeLayerElement: 	at com.miui.home.recents.anim.WindowElement.injectRemoteTransition(WindowElement.kt:687)
03-02 11:57:01.048  1999  1999 D HomeLayerElement: 	at com.miui.home.recents.anim.StateManager$CommonState.handleEvent(StateManager.kt:1291)
03-02 11:57:01.048  1999  1999 D HomeLayerElement: 	at com.miui.home.recents.anim.StateManager.handleEventActually(StateManager.kt:112)
03-02 11:57:01.048  1999  1999 D HomeLayerElement: 	at com.miui.home.recents.anim.StateManager.sendEventActually$lambda-0(StateManager.kt:99)
03-02 11:57:01.048  1999  1999 D HomeLayerElement: 	at com.miui.home.recents.anim.StateManager.$r8$lambda$C-kZp_X93nanDwYsUFIjH_GwEtM(Unknown Source:0)
03-02 11:57:01.048  1999  1999 D HomeLayerElement: 	at com.miui.home.recents.anim.StateManager$$ExternalSyntheticLambda3.run(Unknown Source:4)
03-02 11:57:01.048  1999  1999 D HomeLayerElement: 	at android.os.Handler.handleCallback(Handler.java:959)
03-02 11:57:01.048  1999  1999 D HomeLayerElement: 	at android.os.Handler.dispatchMessage(Handler.java:100)
03-02 11:57:01.048  1999  1999 D HomeLayerElement: 	at android.os.Looper.loopOnce(Looper.java:249)
03-02 11:57:01.048  1999  1999 D HomeLayerElement: 	at android.os.Looper.loop(Looper.java:337)
03-02 11:57:01.048  1999  1999 D HomeLayerElement: 	at android.app.ActivityThread.main(ActivityThread.java:9500)
03-02 11:57:01.048  1999  1999 D HomeLayerElement: 	at java.lang.reflect.Method.invoke(Native Method)
03-02 11:57:01.048  1999  1999 D HomeLayerElement: 	at com.android.internal.os.RuntimeInit$MethodAndArgsCaller.run(RuntimeInit.java:636)
03-02 11:57:01.048  1999  1999 D HomeLayerElement: 	at com.android.internal.os.ZygoteInit.main(ZygoteInit.java:1005)
03-02 11:57:01.048  1999  1999 D WindowAnimImplementorDispatcher: 6621d39 cancelAnim by com.miui.home.recents.anim.windowanim.LocalWindowAnimImplementor@dd0ffdb withoutEndAndEndListener:false toHome:true
03-02 11:57:01.048  1999  2652 I MultiSpringDynamicAnimationccf4de7: TransitionTest cancel
03-02 11:57:01.048  1999  1999 D LocalWindowAnimImplementor: com.miui.home.recents.anim.windowanim.LocalWindowAnimImplementor@dd0ffdb cancelAnim, onAnimCancelByShellFinished toHome:true withoutEndAndEndListener:false
03-02 11:57:01.048  1999  1999 D LocalWindowAnimImplementor: java.lang.Exception
03-02 11:57:01.048  1999  1999 D LocalWindowAnimImplementor: 	at com.miui.home.recents.anim.windowanim.LocalWindowAnimImplementor.cancelAnim(LocalWindowAnimImplementor.kt:168)
03-02 11:57:01.048  1999  1999 D LocalWindowAnimImplementor: 	at com.miui.home.recents.anim.windowanim.WindowAnimImplementorDispatcher.cancelAnim(WindowAnimImplementorDispatcher.kt:97)
03-02 11:57:01.048  1999  1999 D LocalWindowAnimImplementor: 	at com.miui.home.recents.anim.WindowElement.cancelAnim(WindowElement.kt:618)
03-02 11:57:01.048  1999  1999 D LocalWindowAnimImplementor: 	at com.miui.home.recents.anim.WindowElement.cancelAnim$default(WindowElement.kt:608)
03-02 11:57:01.048  1999  1999 D LocalWindowAnimImplementor: 	at com.miui.home.recents.anim.WindowElement.forceStop(WindowElement.kt:532)
03-02 11:57:01.048  1999  1999 D LocalWindowAnimImplementor: 	at com.miui.home.recents.anim.WindowElement.forceStop$default(WindowElement.kt:531)
03-02 11:57:01.048  1999  1999 D LocalWindowAnimImplementor: 	at com.miui.home.recents.anim.WindowElement.onAnimCancelByShellFinishedExecute(WindowElement.kt:457)
03-02 11:57:01.048  1999  1999 D LocalWindowAnimImplementor: 	at com.miui.home.recents.anim.WindowElement$init$1.onAnimCancelByShellFinished(WindowElement.kt:1174)
03-02 11:57:01.048  1999  1999 D LocalWindowAnimImplementor: 	at com.android.systemui.shared.recents.system.WindowTransitionCompat.cancelAnimAndFinishMain(WindowTransitionCompat.java:649)
03-02 11:57:01.048  1999  1999 D LocalWindowAnimImplementor: 	at com.android.systemui.shared.recents.system.WindowTransitionCompat.cancelAnimAndFinishMain(WindowTransitionCompat.java:640)
03-02 11:57:01.048  1999  1999 D LocalWindowAnimImplementor: 	at com.android.systemui.shared.recents.system.WindowTransitionCompat.access$900(WindowTransitionCompat.java:47)
03-02 11:57:01.048  1999  1999 D LocalWindowAnimImplementor: 	at com.android.systemui.shared.recents.system.WindowTransitionCompat$2.mergeAnimation(WindowTransitionCompat.java:518)
03-02 11:57:01.048  1999  1999 D LocalWindowAnimImplementor: 	at com.android.systemui.shared.recents.system.WindowTransitionCompat.wrapRemoteTransition(WindowTransitionCompat.java:740)
03-02 11:57:01.048  1999  1999 D LocalWindowAnimImplementor: 	at com.miui.home.recents.anim.WindowElement.injectRemoteTransition(WindowElement.kt:687)
03-02 11:57:01.048  1999  1999 D LocalWindowAnimImplementor: 	at com.miui.home.recents.anim.StateManager$CommonState.handleEvent(StateManager.kt:1291)
03-02 11:57:01.048  1999  1999 D LocalWindowAnimImplementor: 	at com.miui.home.recents.anim.StateManager.handleEventActually(StateManager.kt:112)
03-02 11:57:01.048  1999  1999 D LocalWindowAnimImplementor: 	at com.miui.home.recents.anim.StateManager.sendEventActually$lambda-0(StateManager.kt:99)
03-02 11:57:01.048  1999  1999 D LocalWindowAnimImplementor: 	at com.miui.home.recents.anim.StateManager.$r8$lambda$C-kZp_X93nanDwYsUFIjH_GwEtM(Unknown Source:0)
03-02 11:57:01.048  1999  1999 D LocalWindowAnimImplementor: 	at com.miui.home.recents.anim.StateManager$$ExternalSyntheticLambda3.run(Unknown Source:4)
03-02 11:57:01.048  1999  1999 D LocalWindowAnimImplementor: 	at android.os.Handler.handleCallback(Handler.java:959)
03-02 11:57:01.048  1999  1999 D LocalWindowAnimImplementor: 	at android.os.Handler.dispatchMessage(Handler.java:100)
03-02 11:57:01.048  1999  1999 D LocalWindowAnimImplementor: 	at android.os.Looper.loopOnce(Looper.java:249)
03-02 11:57:01.048  1999  1999 D LocalWindowAnimImplementor: 	at android.os.Looper.loop(Looper.java:337)
03-02 11:57:01.048  1999  1999 D LocalWindowAnimImplementor: 	at android.app.ActivityThread.main(ActivityThread.java:9500)
03-02 11:57:01.048  1999  1999 D LocalWindowAnimImplementor: 	at java.lang.reflect.Method.invoke(Native Method)
03-02 11:57:01.048  1999  1999 D LocalWindowAnimImplementor: 	at com.android.internal.os.RuntimeInit$MethodAndArgsCaller.run(RuntimeInit.java:636)
03-02 11:57:01.048  1999  1999 D LocalWindowAnimImplementor: 	at com.android.internal.os.ZygoteInit.main(ZygoteInit.java:1005)
03-02 11:57:01.049  1055  1191 D connsyslogger: data recycle:time out
03-02 11:57:01.050  1055  1191 D connsyslogger: idx=0 Bootup Log: 2 log files! filecount=3 
03-02 11:57:01.052  1999  2684 E ActivityManagerWrapper: getRecentTasksForceIncludingTaskIdIfValid: getRecentTasks: size=3
03-02 11:57:01.052  1999  2684 E ActivityManagerWrapper:  mainTaskId=37049   userId=0   windowMode=1   baseIntent=Intent { act=null flag=268435456 cmp=ComponentInfo{com.softnation.Ojam/com.softnation.Ojam.MainActivity} }
03-02 11:57:01.052  1999  2684 E ActivityManagerWrapper:  mainTaskId=37019   userId=0   windowMode=1   baseIntent=Intent { act=null flag=268435456 cmp=ComponentInfo{com.whatsapp/com.whatsapp.home.ui.HomeActivity} }
03-02 11:57:01.052  1999  2684 E ActivityManagerWrapper:  mainTaskId=36980   userId=0   windowMode=1   baseIntent=Intent { act=android.intent.action.MAIN flag=270532608 cmp=ComponentInfo{com.twitter.android/com.twitter.android.StartActivity} }
03-02 11:57:01.052  1999  1999 D WindowElement: 6621d39 com.miui.home.recents.anim.WindowElement@6621d39 finishTransition toHome = true isHalf = com.miui.home.recents.anim.windowanim.WindowAnimContextImpl@7c05cdf.isHalf runningTaskId = 0
03-02 11:57:01.052  1999  2652 I RectFSpringAnim: cancel mRequestCancel=false mLooperExecutor=com.miui.home.library.utils.LooperExecutor@cdf40c0
03-02 11:57:01.052  1999  2652 I RectFSpringAnim: endDirectly mRequestEnd end
03-02 11:57:01.052  1999  1999 D AnimStateManager: send event 8001 currentState = HomeState windowElement = com.miui.home.recents.anim.WindowElement@6621d39
03-02 11:57:01.052  1999  1999 I AnimStateManager: HomeState handle event 8001
03-02 11:57:01.052  1999  2652 I MultiSpringDynamicAnimationfc3ff7e: TransitionTest endRequested=true
03-02 11:57:01.052  1999  1999 I AnimStateManager: CommonState handle event 8001
03-02 11:57:01.053  1999  1999 D ShortcutMenuLayerElement: setTo, params=ShortcutMenuLayerParams(alpha=1.0, scaleX=1.0, scaleY=1.0, dampingRation=1.2, response=0.5, isSurfaceChange=false)
03-02 11:57:01.053  1999  1999 D ShortcutMenuLayerElement: java.lang.Exception
03-02 11:57:01.053  1999  1999 D ShortcutMenuLayerElement: 	at com.miui.home.recents.anim.ShortcutMenuLayerElement.setTo(ShortcutMenuLayerElement.kt:231)
03-02 11:57:01.053  1999  1999 D ShortcutMenuLayerElement: 	at com.miui.home.recents.anim.StateManager$CommonState.handleEvent(StateManager.kt:1311)
03-02 11:57:01.053  1999  1999 D ShortcutMenuLayerElement: 	at com.miui.home.recents.anim.StateManager.handleEventActually(StateManager.kt:112)
03-02 11:57:01.053  1999  1999 D ShortcutMenuLayerElement: 	at com.miui.home.recents.anim.StateManager.sendEventActually(StateManager.kt:96)
03-02 11:57:01.053  1999  1999 D ShortcutMenuLayerElement: 	at com.miui.home.recents.anim.StateManager.sendEvent(StateManager.kt:122)
03-02 11:57:01.053  1999  1999 D ShortcutMenuLayerElement: 	at com.miui.home.recents.anim.WindowElement.onAnimCancelByShellFinishedExecute(WindowElement.kt:465)
03-02 11:57:01.053  1999  1999 D ShortcutMenuLayerElement: 	at com.miui.home.recents.anim.WindowElement$init$1.onAnimCancelByShellFinished(WindowElement.kt:1174)
03-02 11:57:01.053  1999  1999 D ShortcutMenuLayerElement: 	at com.android.systemui.shared.recents.system.WindowTransitionCompat.cancelAnimAndFinishMain(WindowTransitionCompat.java:649)
03-02 11:57:01.053  1999  1999 D ShortcutMenuLayerElement: 	at com.android.systemui.shared.recents.system.WindowTransitionCompat.cancelAnimAndFinishMain(WindowTransitionCompat.java:640)
03-02 11:57:01.053  1999  1999 D ShortcutMenuLayerElement: 	at com.android.systemui.shared.recents.system.WindowTransitionCompat.access$900(WindowTransitionCompat.java:47)
03-02 11:57:01.053  1999  1999 D ShortcutMenuLayerElement: 	at com.android.systemui.shared.recents.system.WindowTransitionCompat$2.mergeAnimation(WindowTransitionCompat.java:518)
03-02 11:57:01.053  1999  1999 D ShortcutMenuLayerElement: 	at com.android.systemui.shared.recents.system.WindowTransitionCompat.wrapRemoteTransition(WindowTransitionCompat.java:740)
03-02 11:57:01.053  1999  1999 D ShortcutMenuLayerElement: 	at com.miui.home.recents.anim.WindowElement.injectRemoteTransition(WindowElement.kt:687)
03-02 11:57:01.053  1999  1999 D ShortcutMenuLayerElement: 	at com.miui.home.recents.anim.StateManager$CommonState.handleEvent(StateManager.kt:1291)
03-02 11:57:01.053  1999  1999 D ShortcutMenuLayerElement: 	at com.miui.home.recents.anim.StateManager.handleEventActually(StateManager.kt:112)
03-02 11:57:01.053  1999  1999 D ShortcutMenuLayerElement: 	at com.miui.home.recents.anim.StateManager.sendEventActually$lambda-0(StateManager.kt:99)
03-02 11:57:01.053  1999  1999 D ShortcutMenuLayerElement: 	at com.miui.home.recents.anim.StateManager.$r8$lambda$C-kZp_X93nanDwYsUFIjH_GwEtM(Unknown Source:0)
03-02 11:57:01.053  1999  1999 D ShortcutMenuLayerElement: 	at com.miui.home.recents.anim.StateManager$$ExternalSyntheticLambda3.run(Unknown Source:4)
03-02 11:57:01.053  1999  1999 D ShortcutMenuLayerElement: 	at android.os.Handler.handleCallback(Handler.java:959)
03-02 11:57:01.053  1999  1999 D ShortcutMenuLayerElement: 	at android.os.Handler.dispatchMessage(Handler.java:100)
03-02 11:57:01.053  1999  1999 D ShortcutMenuLayerElement: 	at android.os.Looper.loopOnce(Looper.java:249)
03-02 11:57:01.053  1999  1999 D ShortcutMenuLayerElement: 	at android.os.Looper.loop(Looper.java:337)
03-02 11:57:01.053  1999  1999 D ShortcutMenuLayerElement: 	at android.app.ActivityThread.main(ActivityThread.java:9500)
03-02 11:57:01.053  1999  1999 D ShortcutMenuLayerElement: 	at java.lang.reflect.Method.invoke(Native Method)
03-02 11:57:01.053  1999  1999 D ShortcutMenuLayerElement: 	at com.android.internal.os.RuntimeInit$MethodAndArgsCaller.run(RuntimeInit.java:636)
03-02 11:57:01.053  1999  1999 D ShortcutMenuLayerElement: 	at com.android.internal.os.ZygoteInit.main(ZygoteInit.java:1005)
03-02 11:57:01.053  1999  2652 I RectFSpringAnim: TransitionTest MultiSpringDynamicAnimation on end. this=com.miui.home.recents.util.RectFSpringAnim@eb4e77b
03-02 11:57:01.053  1999  2652 I RectFSpringAnim: changeAnimStart start=false
03-02 11:57:01.053  1999  1999 D WallpaperElement: setTo   zoomOut=1.0 useWallpaperAnim = false
03-02 11:57:01.053  1999  2652 I WindowElement: 6621d39 reset mDisableStateManagerListener false.
03-02 11:57:01.053  1999  1999 D RecentBlurViewElement: setTo: params = RecentBlurParams(blurRadius=0.0, dimming=0.0, dampingRatio=0.95, response=0.45) blurView = null
03-02 11:57:01.053  1999  2652 I WindowElement: 6621d39 com.miui.home.recents.anim.WindowElement@6621d39 TransitionTest onAnimationEnd AnimType = CLOSE_TO_HOME_CENTER allowShellListener = true, isDuringMerge=false, mUserAnimListener=com.miui.home.recents.anim.WindowAnimParamsProvider$getClosingWindowAnimParams$animListener$1@ba8f0d5
03-02 11:57:01.055  1999  1999 W WindowElement: 6621d39 Calling onShellAnimationEnd() and couldExecuteShellAnimEnd is false
03-02 11:57:01.055 14244 14281 W AsyncDrawableCache: can not found res: 2131558400, maybe dynamic res id.
03-02 11:57:01.057   921   921 I BufferQueueDebug: [Surface(name=5b2ee94 StatusBar#103)/@0xf6cf932 - animation-leash of insets_animation#134619](this:0xb400007bcebbf2d8,id:-1,api:0,p:-1,c:921) onDestructor()
03-02 11:57:01.057   921   921 I BufferQueueDebug: [Surface(name=77d8129 NavigationBar0#101614)/@0x3faba4f - animation-leash of insets_animation#134620](this:0xb400007bcecb6ec8,id:-1,api:0,p:-1,c:921) onDestructor()
03-02 11:57:01.060   921   921 I MI-SF   : surfaceflinger setAffinity mode=0
03-02 11:57:01.060   921   921 E MI-SF   : surfaceflinger setAffinity success
03-02 11:57:01.061  8753  8753 I softnation.Ojam: Using CollectorTypeCMC GC.
03-02 11:57:01.062  1999  2684 D TaskSnapshotCompatVV: getIsInvalidateFromTaskSnapshot, return, mTaskSnapshot=null, mTaskSnapshotClazz=null
03-02 11:57:01.062  1999  2684 D RecentsModel: onTaskStackChangedBackground    MSG_TASK_STACK_CHANGE
03-02 11:57:01.062  1999  2684 D RecentsModel: boostTaskStackChangedThread, don't boost
03-02 11:57:01.062  1999  1999 E WindowTransitionCompat: com.android.systemui.shared.recents.system.WindowTransitionCompat@d3b5744 finishTransition toHome = true
03-02 11:57:01.063  1999  1999 D TransitionCallback: call executeFinishCallback, toHome = true
03-02 11:57:01.063  1999  1999 D TransitionCallback: java.lang.Exception
03-02 11:57:01.063  1999  1999 D TransitionCallback: 	at com.android.systemui.shared.recents.utilities.WindowTransitionCallbackHelper.executeFinishCallback(WindowTransitionCallbackHelper.java:227)
03-02 11:57:01.063  1999  1999 D TransitionCallback: 	at com.android.systemui.shared.recents.utilities.WindowTransitionCallbackHelper.executeFinishCallback(WindowTransitionCallbackHelper.java:163)
03-02 11:57:01.063  1999  1999 D TransitionCallback: 	at com.android.systemui.shared.recents.system.WindowTransitionCompat.finishTransition(WindowTransitionCompat.java:718)
03-02 11:57:01.063  1999  1999 D TransitionCallback: 	at com.miui.home.recents.anim.WindowElement.finishTransitionCompat(WindowElement.kt:344)
03-02 11:57:01.063  1999  1999 D TransitionCallback: 	at com.miui.home.recents.anim.WindowElement.finishTransition$lambda-4(WindowElement.kt:335)
03-02 11:57:01.063  1999  1999 D TransitionCallback: 	at com.miui.home.recents.anim.WindowElement.$r8$lambda$UZ5TJoxl6FF6JNmPqASbjBBP00o(Unknown Source:0)
03-02 11:57:01.063  1999  1999 D TransitionCallback: 	at com.miui.home.recents.anim.WindowElement$$ExternalSyntheticLambda10.run(Unknown Source:8)
03-02 11:57:01.063  1999  1999 D TransitionCallback: 	at android.os.Handler.handleCallback(Handler.java:959)
03-02 11:57:01.063  1999  1999 D TransitionCallback: 	at android.os.Handler.dispatchMessage(Handler.java:100)
03-02 11:57:01.063  1999  1999 D TransitionCallback: 	at android.os.Looper.loopOnce(Looper.java:249)
03-02 11:57:01.063  1999  1999 D TransitionCallback: 	at android.os.Looper.loop(Looper.java:337)
03-02 11:57:01.063  1999  1999 D TransitionCallback: 	at android.app.ActivityThread.main(ActivityThread.java:9500)
03-02 11:57:01.063  1999  1999 D TransitionCallback: 	at java.lang.reflect.Method.invoke(Native Method)
03-02 11:57:01.063  1999  1999 D TransitionCallback: 	at com.android.internal.os.RuntimeInit$MethodAndArgsCaller.run(RuntimeInit.java:636)
03-02 11:57:01.063  1999  1999 D TransitionCallback: 	at com.android.internal.os.ZygoteInit.main(ZygoteInit.java:1005)
03-02 11:57:01.063  1999  1999 I TransitionCallback: addCallbackListenerSync callBack:com.android.systemui.shared.recents.system.WindowTransitionCompat$1@4b9c962
03-02 11:57:01.063  1999  1999 I TransitionCallback: mNeedShowLauncher = false
03-02 11:57:01.063  1999  1999 I TransitionCallback: addCallbackListenerSync callBack:null
03-02 11:57:01.063  1999  1999 I TransitionCallback: com.android.systemui.shared.recents.utilities.WindowTransitionCallbackHelper@24a0cad call finishMainCallback, wct = null, sct = android.view.SurfaceControl$Transaction@242caf3, callback = android.window.IRemoteTransitionFinishedCallback$Stub$Proxy@86d3a71, mCounterRotatorList.size = 0, mInfoExposeList.size = 1, token = android.os.BinderProxy@cbe53f5
03-02 11:57:01.064  1999  1999 I TransitionCallback: call onTransitionFinishedWithCallback end
03-02 11:57:01.064  2363  2477 I RemoteTransitionHandlerStubImpl: putCallback transition: android.os.BinderProxy@53963ac, wctCB: android.window.IWindowContainerTransactionCallback$Stub$Proxy@9537517
03-02 11:57:01.064  2363  2477 D SoScUtils: monitorTransitionFinished transition:android.os.BinderProxy@53963ac transaction: android.view.SurfaceControl$Transaction@d000d04 mRequestCloseTransition:null mRequestOpenTransition:null mRequestOpenTransitionWithSameTask size:0 mPairsOpenTransition:null mPairsOpenTransitionNull:null mRequestOpenTriggerTask:-1 mRequestCloseTriggerTask:-1 mOrientationTransition: null mMainStartingTask:-1 mSideStartingTask:-1
03-02 11:57:01.064  1621  5247 I ATMSImpl: cacheTasksForDefaultDisplay size=4
03-02 11:57:01.064  1999  1999 I TransitionCallback: execute finishMainCallbackSync return, no need post delay
03-02 11:57:01.066  1999  2684 D RecentsModel: getRunningTask ignoreActivityType : 2 ,ignoreWindowMode:5
03-02 11:57:01.066  1999  2684 W RecentsModel: getRunningTask   taskInfo=TaskInfo{userId=0 taskId=37049 displayId=0 isRunning=true baseIntent=Intent { flg=0x10000000 cmp=com.softnation.Ojam/.MainActivity } baseActivity=ComponentInfo{com.softnation.Ojam/com.softnation.Ojam.MainActivity} topActivity=ComponentInfo{com.softnation.Ojam/com.softnation.Ojam.MainActivity} origActivity=null realActivity=ComponentInfo{com.softnation.Ojam/com.softnation.Ojam.MainActivity} numActivities=1 lastActiveTime=1031980485 supportsSplitScreenMultiWindow=true supportsMultiWindow=true resizeMode=1 isResizeable=true minWidth=-1 minHeight=-1 defaultMinSize=200 token=WCT{android.window.IWindowContainerToken$Stub$Proxy@b38a3b0} topActivityType=1 pictureInPictureParams=null shouldDockBigOverlays=false launchIntoPipHostTaskId=-1 lastParentTaskIdBeforePip=-1 displayCutoutSafeInsets=null topActivityInfo=ActivityInfo{31d8229 com.softnation.Ojam.MainActivity} launchCookies=[] positionInParent=Point(0, 0) parentTaskId=-1 isFocused=false isVisible=true isVisibleRequested=true isSleeping=false locusId=null displayAreaFeatureId=1 isTopActivityTransparent=false appCompatTaskInfo=AppCompatTaskInfo { topActivityInSizeCompat=false topActivityEligibleForLetterboxEducation= falseisLetterboxEducationEnabled= false isLetterboxDoubleTapEnabled= false topActivityEligibleForUserAspectRatioButton= false topActivityBoundsLetterboxed= false isFromLetterboxDoubleTap= false topActivityLetterboxVerticalPosition= -1 topActivityLetterboxHorizontalPosition= -1 topActivityLetterboxWidth=1080 topActivityLetterboxHeight=2460 isUserFullscreenOverrideEnabled=false isSystemFullscreenOverrideEnabled=false cameraCompatTaskInfo=CameraCompatTaskInfo { cameraCompatControlState=hidden freeformCameraCompatMode=inactive}} isImmersive=false mTopActivityRequestOrientation=1 mBehindAppLockPkg=null mOriginatingUid=0 isEmbedded=false shouldBeVisible=true mIsCastMode=false mTopActivityMediaSize=null mTopActivityRecordName=ActivityRecord{9fbda58 u0 com.softnation.Ojam/.MainActivity t37049} mTopActivityOrientation=1}
03-02 11:57:01.066  1999  2684 D RecentsModel: preloadRecents runningTaskId:37049, mCurrentRunningTaskId:-1, mRecentsTaskLoadPlan=com.android.systemui.shared.recents.model.RecentsTaskLoadPlan@5ef19ae
03-02 11:57:01.067  1999  2684 E ActivityManagerWrapper: get all recent tasks force including 37049
03-02 11:57:01.068  7123  7128 I adbd    : jdwp connection from 8753
03-02 11:57:01.070  1621  1638 D WindowManager: Finish Transition (#10187): created at 03-02 11:57:00.123 collect-started=0.32ms request-sent=4.941ms started=101.509ms ready=101.471ms sent=606.526ms finished=946.417ms
03-02 11:57:01.071  1621  5247 W ActivityManager: pid 1621 system sent binder code 7 with flags 1 to frozen apps and got error -32
03-02 11:57:01.077  1621  5247 W WindowManager: Exception thrown during dispatchAppVisibility Window{fc592c2 u0 com.softnation.Ojam/com.softnation.Ojam.MainActivity EXITING}
03-02 11:57:01.077  1621  5247 W WindowManager: android.os.DeadObjectException
03-02 11:57:01.077  1621  5247 W WindowManager: 	at android.os.BinderProxy.transactNative(Native Method)
03-02 11:57:01.077  1621  5247 W WindowManager: 	at android.os.BinderProxy.transact(BinderProxy.java:682)
03-02 11:57:01.077  1621  5247 W WindowManager: 	at android.view.IWindow$Stub$Proxy.dispatchAppVisibility(IWindow.java:655)
03-02 11:57:01.077  1621  5247 W WindowManager: 	at com.android.server.wm.WindowState.sendAppVisibilityToClients(WindowState.java:3529)
03-02 11:57:01.077  1621  5247 W WindowManager: 	at com.android.server.wm.WindowContainer.sendAppVisibilityToClients(WindowContainer.java:1387)
03-02 11:57:01.077  1621  5247 W WindowManager: 	at com.android.server.wm.WindowToken.setClientVisible(WindowToken.java:423)
03-02 11:57:01.077  1621  5247 W WindowManager: 	at com.android.server.wm.ActivityRecord.setClientVisible(ActivityRecord.java:8426)
03-02 11:57:01.077  1621  5247 W WindowManager: 	at com.android.server.wm.ActivityRecord.postApplyAnimation(ActivityRecord.java:6989)
03-02 11:57:01.077  1621  5247 W WindowManager: 	at com.android.server.wm.ActivityRecord.commitVisibility(ActivityRecord.java:6931)
03-02 11:57:01.077  1621  5247 W WindowManager: 	at com.android.server.wm.Transition.finishTransition(Transition.java:1589)
03-02 11:57:01.077  1621  5247 W WindowManager: 	at com.android.server.wm.TransitionController.finishTransition(TransitionController.java:1153)
03-02 11:57:01.077  1621  5247 W WindowManager: 	at com.android.server.wm.WindowOrganizerController.finishTransition(WindowOrganizerController.java:578)
03-02 11:57:01.077  1621  5247 W WindowManager: 	at android.window.IWindowOrganizerController$Stub.onTransact(IWindowOrganizerController.java:324)
03-02 11:57:01.077  1621  5247 W WindowManager: 	at com.android.server.wm.WindowOrganizerController.onTransact(WindowOrganizerController.java:234)
03-02 11:57:01.077  1621  5247 W WindowManager: 	at android.os.Binder.execTransactInternal(Binder.java:1507)
03-02 11:57:01.077  1621  5247 W WindowManager: 	at android.os.Binder.execTransact(Binder.java:1451)
03-02 11:57:01.078  1621  5247 W Process : Unable to open /proc/4007/status
03-02 11:57:01.078  1621  5247 I Transition: finishTransition: updateLastSurfacePosition tf=Task{27e6aff #2 type=home I=com.miui.home/.launcher.Launcher}
03-02 11:57:01.078  1621  5247 I Transition: finishTransition: updateLastSurfacePosition tf=Task{6b186df #37048 type=standard A=10337:com.softnation.Ojam}
03-02 11:57:01.078  1621  5247 I Transition: finishTransition: updateLastSurfacePosition tf=Task{d151cdd #1 type=home}
03-02 11:57:01.079  1999  1999 E RotationHelper: setCurrentTransitionRequest: request=0
03-02 11:57:01.080  1621  5247 D MiuiRefreshRatePolicy: reset
03-02 11:57:01.081  1621  5247 I PowerManagerServiceImpl: Release wakelock: SCREEN_BRIGHT_WAKE_LOCK           'WindowManager/displayId:0' ON_AFTER_RELEASE DISABLED ACQ=-7m38s53ms (uid=1000 pid=1621 pkg=android ws=WorkSource{10337 com.softnation.Ojam})
03-02 11:57:01.084  1621  5247 D WindowManager: setParent old=ActivityRecord{640b739 u0 com.softnation.Ojam/.MainActivity t37048 f} isExiting},new=null,this window=Window{fc592c2 u0 com.softnation.Ojam/com.softnation.Ojam.MainActivity EXITING},callers=com.android.server.wm.WindowContainer.removeChild:897 com.android.server.wm.ActivityRecord.removeChild:5518 com.android.server.wm.ActivityRecord.removeChild:505 com.android.server.wm.WindowContainer.removeImmediately:967 com.android.server.wm.WindowState.removeImmediately:2526 com.android.server.wm.WindowContainer.removeImmediately:931 
03-02 11:57:01.085  1621  5247 D MiuiRefreshRatePolicy: reset
03-02 11:57:01.087  1621  5247 D WindowManager: setParent old=Task{6b186df #37048 type=standard A=10337:com.softnation.Ojam},new=null,this window=ActivityRecord{640b739 u0 com.softnation.Ojam/.MainActivity t37048 f} isExiting},callers=com.android.server.wm.WindowContainer.removeChild:897 com.android.server.wm.TaskFragment.removeChild:3337 com.android.server.wm.Task.removeChild:1929 com.android.server.wm.Task.removeChild:1908 com.android.server.wm.WindowContainer.removeImmediately:967 com.android.server.wm.WindowToken.removeImmediately:374 
03-02 11:57:01.093  8753  8753 D nativeloader: Load libframework-connectivity-tiramisu-jni.so using APEX ns com_android_tethering for caller /apex/com.android.tethering/javalib/framework-connectivity-t.jar: ok
03-02 11:57:01.096   921  1170 I BufferQueueDebug: [Task=37048#134636](this:0xb400007bcecb6ec8,id:-1,api:0,p:-1,c:-1) BufferQueue core=(921:/system/bin/surfaceflinger)
03-02 11:57:01.097  1621  5247 D WindowManager: setParent old=DefaultTaskDisplayArea@262819365,new=null,this window=Task{6b186df #37048 type=standard A=10337:com.softnation.Ojam},callers=com.android.server.wm.WindowContainer.removeChild:897 com.android.server.wm.TaskDisplayArea.removeChildTask:360 com.android.server.wm.TaskDisplayArea.removeChild:351 com.android.server.wm.WindowContainer.removeImmediately:967 com.android.server.wm.TaskFragment.removeImmediately:3417 com.android.server.wm.Task.removeImmediately:3408 
03-02 11:57:01.097  1621  5247 D MiuiMultiWindowUtils: DeviceLevel.IS_MIUI_LITE_VERSION 2.0 not support miui multiWindowtides
03-02 11:57:01.097  1621  5247 D MiuiMultiWindowUtils: DeviceLevel.IS_MIUI_LITE_VERSION 2.0 not support miui multiWindowtides
03-02 11:57:01.098  2363  2477 I RemoteTransitionHandlerStubImpl: invokeAndRemoveWctCB transition: android.os.BinderProxy@53963ac, wctCB: android.window.IWindowContainerTransactionCallback$Stub$Proxy@9537517
03-02 11:57:01.098  1999  2759 D TransitionCallback: Transitions all anim call WindowOrganizer.finishTransition end
03-02 11:57:01.098  1999  2759 I TransitionCallback: checkCallbackSync, size = 1
03-02 11:57:01.098  1999  2759 I WindowElement: 6621d39 onFinishCompleted mDisableStateManagerListener = false
03-02 11:57:01.098  2363  2477 I ShellTransitions: Is abandon offsetY: false
03-02 11:57:01.098  1621  4430 W UserManagerService: Requested status bar icon for non-badged user 0
03-02 11:57:01.098  2363  2477 I ShellTransitions: Is abandon offsetY: false
03-02 11:57:01.099  2363  2477 E TaskViewTransitions: Found a launching TaskView in the wrong transition. All TaskView launches should be initiated by shell and in their own transition: 37049
03-02 11:57:01.099  1621  1651 I ActivityTaskManager: visible for Task{27e6aff #2 type=home I=com.miui.home/.launcher.Launcher} visible = true isAnimating = false TRANSITION = false PARENTS = false CHILDREN = false
03-02 11:57:01.099  2363  2477 E KeyguardTransitionHandlerImpl: activityCount = 0
03-02 11:57:01.099  1999  1999 D HomeLayerElement: releaseHomeLeash null
03-02 11:57:01.099  1999  1999 D HomeLayerElement: java.lang.Exception
03-02 11:57:01.099  1999  1999 D HomeLayerElement: 	at com.miui.home.recents.anim.HomeLayerElement.releaseHomeLeash(HomeLayerElement.kt:93)
03-02 11:57:01.099  1999  1999 D HomeLayerElement: 	at com.miui.home.recents.anim.WindowElement.onFinishCompleted$lambda-17(WindowElement.kt:1218)
03-02 11:57:01.099  1999  1999 D HomeLayerElement: 	at com.miui.home.recents.anim.WindowElement.$r8$lambda$9rzf3fTArGCTg2V355uRTOGSaa0(Unknown Source:0)
03-02 11:57:01.099  1999  1999 D HomeLayerElement: 	at com.miui.home.recents.anim.WindowElement$$ExternalSyntheticLambda2.run(Unknown Source:2)
03-02 11:57:01.099  1999  1999 D HomeLayerElement: 	at android.os.Handler.handleCallback(Handler.java:959)
03-02 11:57:01.099  1999  1999 D HomeLayerElement: 	at android.os.Handler.dispatchMessage(Handler.java:100)
03-02 11:57:01.099  1999  1999 D HomeLayerElement: 	at android.os.Looper.loopOnce(Looper.java:249)
03-02 11:57:01.099  1999  1999 D HomeLayerElement: 	at android.os.Looper.loop(Looper.java:337)
03-02 11:57:01.099  1999  1999 D HomeLayerElement: 	at android.app.ActivityThread.main(ActivityThread.java:9500)
03-02 11:57:01.099  1999  1999 D HomeLayerElement: 	at java.lang.reflect.Method.invoke(Native Method)
03-02 11:57:01.099  1999  1999 D HomeLayerElement: 	at com.android.internal.os.RuntimeInit$MethodAndArgsCaller.run(RuntimeInit.java:636)
03-02 11:57:01.099  1999  1999 D HomeLayerElement: 	at com.android.internal.os.ZygoteInit.main(ZygoteInit.java:1005)
03-02 11:57:01.099  2363  2477 E KeyguardTransitionHandlerImpl: activityCount = 0
03-02 11:57:01.099  1999  1999 I AnimStateManager: onAnimationEnd animSymbols(com.miui.home.recents.util.RectFSpringAnim@eb4e77b com.miui.home.recents.util.RectFSpringAnim@eb4e77b)
03-02 11:57:01.099  1999  1999 I AnimStateManager: go to state com.miui.home.recents.anim.StateManager$IdleState@75a357d
03-02 11:57:01.099  2363  2477 D MiuiFreeformModeAnimation: startAnimation change: {WCT{android.window.IWindowContainerToken$Stub$Proxy@983b235} m=OPEN f=NONE leash=Surface(name=Task=37049#134627)/@0x9210cbe sb=Rect(0, 0 - 1080, 2460) eb=Rect(0, 0 - 1080, 2460) d=0 taskParent=-1} info.getType(): 1
03-02 11:57:01.099  2363  2477 D MiuiFreeformModeAnimation: startAnimation change: {WCT{android.window.IWindowContainerToken$Stub$Proxy@75d36ca} m=TO_BACK f=SHOW_WALLPAPER leash=Surface(name=Task=1#47)/@0xde8811f sb=Rect(0, 0 - 1080, 2460) eb=Rect(0, 0 - 1080, 2460) d=0 taskParent=-1} info.getType(): 1
03-02 11:57:01.100  2363  2477 D SoScStageCoordinator: inCloseTransition:false pairsStartedWithCloseTransition:false isRequestCloseTriggerTask:false inSingleSoScState:false inSoScUnactivie:true closeStage:null
03-02 11:57:01.100   921  1166 D SurfaceFlinger: [SF client] REMOVE (0xb400007caea46300) for (1621:system_server)
03-02 11:57:01.101  1621  1651 W ActivityTaskManager: Can't find TaskDisplayArea to determine support for multi window. Task id=37048 attached=false
03-02 11:57:01.101  2363  2477 D TransitionAnimationHelper:  load default animation  type = 1 enter = false animAttr = 19 isTask = true translucent = false
03-02 11:57:01.101  8753  8753 I MessageMonitor: Load libmiui_runtime
03-02 11:57:01.101  1621  1621 D BatteryStatsManagerStub: audio off uid=10337
03-02 11:57:01.102  1621  5247 W UserManagerService: Requested status bar icon for non-badged user 0
03-02 11:57:01.102  1621  1651 D MiuiRefreshRatePolicy: reset
03-02 11:57:01.102  1621  1907 D ProcessManager: real remove inactive uid : 10337 flag : 1
03-02 11:57:01.103  2363  2477 D TransitionAnimationHelper:  load default animation  type = 1 enter = true animAttr = 18 isTask = true translucent = false
03-02 11:57:01.105  2363  2540 D ShellTransitions: speed ui!!!!!!!!!!!
03-02 11:57:01.106  1621  5247 D SymlinkUtils: attachApplication file op go pass: 1 ms
03-02 11:57:01.107  1621  1651 I ActivityTaskManager: visible for Task{27e6aff #2 type=home I=com.miui.home/.launcher.Launcher} visible = true isAnimating = false TRANSITION = false PARENTS = false CHILDREN = false
03-02 11:57:01.107   921   921 I SurfaceFlinger: onHandleDestroyed: name=Task=37048#134636, layerId=134636, parentId=0
03-02 11:57:01.107   921   921 I SurfaceFlinger: onHandleDestroyed: name=ActivityRecord{640b739 u0 com.softnation.Ojam/.MainActivity t37048}#134547, layerId=134547, parentId=0
03-02 11:57:01.107   921   921 I SurfaceFlinger: onHandleDestroyed: name=fc592c2 com.softnation.Ojam/com.softnation.Ojam.MainActivity#134554, layerId=134554, parentId=0
03-02 11:57:01.107   921   921 I SurfaceFlinger: onHandleDestroyed: name=com.softnation.Ojam/com.softnation.Ojam.MainActivity#134555, layerId=134555, parentId=0
03-02 11:57:01.107   921   921 I SurfaceFlinger: onHandleDestroyed: name=2624300 ActivityRecordInputSink com.softnation.Ojam/.MainActivity#134553, layerId=134553, parentId=0
03-02 11:57:01.108  2363  2477 I MultiTaskingTaskRepository: no MULTI_WINDOW, but base activity is null
03-02 11:57:01.108  1999  2759 D EventBus: No subscribers registered for event class com.miui.home.recents.messages.RecentTasksChangedEvent
03-02 11:57:01.108  1999  2759 D EventBus: No subscribers registered for event class org.greenrobot.eventbus.NoSubscriberEvent
03-02 11:57:01.109  2363  2477 D MulWinSwitchDecorViewModel: destroyWindowDecoration: taskId=37048 windowingMode=1 mWindowDecorByTaskId.size()=0 callers=com.android.wm.shell.fullscreen.FullscreenTaskListener.onTaskVanished:104 com.android.wm.shell.ShellTaskOrganizer.onTaskVanished:128 android.window.TaskOrganizer$1.lambda$onTaskVanished$6:317 android.window.TaskOrganizer$1.$r8$lambda$8ODi_1s42Z5SmyxWXsgMLDG64pA:0 android.window.TaskOrganizer$1$$ExternalSyntheticLambda0.run:0 
03-02 11:57:01.109  2363  2477 D MulWinSwitchDecorViewModel: handleEventReceiverIfMultiWinSwitchIsUnsupported: removeEventReceiver, callers=com.android.wm.shell.multitasking.miuimultiwinswitch.miuiwindowdecor.MulWinSwitchDecorViewModel.destroyWindowDecoration:82 com.android.wm.shell.fullscreen.FullscreenTaskListener.onTaskVanished:104 com.android.wm.shell.ShellTaskOrganizer.onTaskVanished:128 android.window.TaskOrganizer$1.lambda$onTaskVanished$6:317 android.window.TaskOrganizer$1.$r8$lambda$8ODi_1s42Z5SmyxWXsgMLDG64pA:0 
03-02 11:57:01.109  2363  2477 D MultiTaskingTaskRepository: onTaskVanished: taskInfo.taskId: 37048 current mMultiTaskingTaskInfoList: { ,37049 ,37048 ,37019 ,36980 ,36770 ,36289 ,5 ,4 }
03-02 11:57:01.109  2363  2477 D MultiTaskingTaskRepository: removeFullscreenTask taskId=37048
03-02 11:57:01.109  2363  2477 D MiuiFreeformModeCornerTipHandler: task#37048 onTaskVanished
03-02 11:57:01.109  2363  2477 I MiuiBubbleController: removeBubble: 37048 reason=2
03-02 11:57:01.110  2363  2477 I MultiTaskingTaskInfo: before call clearMaskControl task id = 37048, CoverLayerController = null, callers=com.android.wm.shell.multitasking.taskmanager.MultiTaskingTaskListener.onTaskVanished:148 com.android.wm.shell.ShellTaskOrganizer.onTaskVanished:141 android.window.TaskOrganizer$1.lambda$onTaskVanished$6:317 android.window.TaskOrganizer$1.$r8$lambda$8ODi_1s42Z5SmyxWXsgMLDG64pA:0 android.window.TaskOrganizer$1$$ExternalSyntheticLambda0.run:0 
03-02 11:57:01.110  1999  2684 E ActivityManagerWrapper: getRecentTasksForceIncludingTaskIdIfValid: getRecentTasks: size=3
03-02 11:57:01.110  1999  2684 E ActivityManagerWrapper:  mainTaskId=37049   userId=0   windowMode=1   baseIntent=Intent { act=null flag=268435456 cmp=ComponentInfo{com.softnation.Ojam/com.softnation.Ojam.MainActivity} }
03-02 11:57:01.110  1999  2684 E ActivityManagerWrapper:  mainTaskId=37019   userId=0   windowMode=1   baseIntent=Intent { act=null flag=268435456 cmp=ComponentInfo{com.whatsapp/com.whatsapp.home.ui.HomeActivity} }
03-02 11:57:01.110  1999  2684 E ActivityManagerWrapper:  mainTaskId=36980   userId=0   windowMode=1   baseIntent=Intent { act=android.intent.action.MAIN flag=270532608 cmp=ComponentInfo{com.twitter.android/com.twitter.android.StartActivity} }
03-02 11:57:01.110  2363  2477 I MultiTaskingTaskRepository: onTaskVanish multi list = [5, 4], full = [37049, 37019, 36980]
03-02 11:57:01.110  1999  2759 D EventBus: No subscribers registered for event class com.miui.home.recents.messages.RecentTasksChangedEvent
03-02 11:57:01.110  1999  2759 D EventBus: No subscribers registered for event class org.greenrobot.eventbus.NoSubscriberEvent
03-02 11:57:01.112  1621  4430 I ATMSImpl: cacheTasksForDefaultDisplay size=4
03-02 11:57:01.114  1201  1298 D AALService: [CRTC_114] onALIChanged: 29 -> 32
03-02 11:57:01.115  1621  1648 D Aurogon :  uid = 10337 switch to FG
03-02 11:57:01.116  1621  5247 W MiuiBoosterUtils: enable_miuibooster_launch : false
03-02 11:57:01.117  1621  1894 D isUidValid: uid = 10337
03-02 11:57:01.119  1621  1842 I MiuiNetworkPolicy: updateUidState uid = 10337, uidState = 2
03-02 11:57:01.122  1999  2684 D TaskSnapshotCompatVV: getIsInvalidateFromTaskSnapshot, return, mTaskSnapshot=null, mTaskSnapshotClazz=null
03-02 11:57:01.122  1999  2684 D RecentsModel: onTaskStackChangedBackground    MSG_TASK_STACK_CHANGE
03-02 11:57:01.122  1999  2684 D RecentsModel: boostTaskStackChangedThread, don't boost
03-02 11:57:01.122  1621  1918 E HyperSentinel: -------------------------------------------------------
03-02 11:57:01.122  1621  1918 E HyperSentinel: Event_ThreadAmount
03-02 11:57:01.122  1621  1918 E HyperSentinel: -> audit event by proc 8753 "usap64": running threads amount, 0 -> 12
03-02 11:57:01.124  1621  4430 I ATMSImpl: cacheTasksForDefaultDisplay size=4
03-02 11:57:01.124  8753 14297 D MiuiDownscaleImpl: set override inverted scale : 1.0
03-02 11:57:01.125   921   921 I BufferQueueDebug: [com.softnation.Ojam/com.softnation.Ojam.MainActivity#134555](this:0xb400007bcec64578,id:-1,api:0,p:-1,c:921) onDestructor()
03-02 11:57:01.125   921  1484 E BpTransactionCompletedListener: Failed to transact (-32)
03-02 11:57:01.127  1999  2684 D RecentsModel: getRunningTask ignoreActivityType : 2 ,ignoreWindowMode:5
03-02 11:57:01.127  1999  2684 W RecentsModel: getRunningTask   taskInfo=TaskInfo{userId=0 taskId=37049 displayId=0 isRunning=true baseIntent=Intent { flg=0x10000000 cmp=com.softnation.Ojam/.MainActivity } baseActivity=ComponentInfo{com.softnation.Ojam/com.softnation.Ojam.MainActivity} topActivity=ComponentInfo{com.softnation.Ojam/com.softnation.Ojam.MainActivity} origActivity=null realActivity=ComponentInfo{com.softnation.Ojam/com.softnation.Ojam.MainActivity} numActivities=1 lastActiveTime=1031980545 supportsSplitScreenMultiWindow=true supportsMultiWindow=true resizeMode=1 isResizeable=true minWidth=-1 minHeight=-1 defaultMinSize=200 token=WCT{android.window.IWindowContainerToken$Stub$Proxy@4f138c8} topActivityType=1 pictureInPictureParams=null shouldDockBigOverlays=false launchIntoPipHostTaskId=-1 lastParentTaskIdBeforePip=-1 displayCutoutSafeInsets=null topActivityInfo=ActivityInfo{cb24d61 com.softnation.Ojam.MainActivity} launchCookies=[] positionInParent=Point(0, 0) parentTaskId=-1 isFocused=false isVisible=true isVisibleRequested=true isSleeping=false locusId=null displayAreaFeatureId=1 isTopActivityTransparent=false appCompatTaskInfo=AppCompatTaskInfo { topActivityInSizeCompat=false topActivityEligibleForLetterboxEducation= falseisLetterboxEducationEnabled= false isLetterboxDoubleTapEnabled= false topActivityEligibleForUserAspectRatioButton= false topActivityBoundsLetterboxed= false isFromLetterboxDoubleTap= false topActivityLetterboxVerticalPosition= -1 topActivityLetterboxHorizontalPosition= -1 topActivityLetterboxWidth=1080 topActivityLetterboxHeight=2460 isUserFullscreenOverrideEnabled=false isSystemFullscreenOverrideEnabled=false cameraCompatTaskInfo=CameraCompatTaskInfo { cameraCompatControlState=hidden freeformCameraCompatMode=inactive}} isImmersive=false mTopActivityRequestOrientation=1 mBehindAppLockPkg=null mOriginatingUid=0 isEmbedded=false shouldBeVisible=true mIsCastMode=false mTopActivityMediaSize=null mTopActivityRecordName=ActivityRecord{9fbda58 u0 com.softnation.Ojam/.MainActivity t37049} mTopActivityOrientation=1}
03-02 11:57:01.127  1999  2684 D RecentsModel: preloadRecents runningTaskId:37049, mCurrentRunningTaskId:-1, mRecentsTaskLoadPlan=com.android.systemui.shared.recents.model.RecentsTaskLoadPlan@584b086
03-02 11:57:01.127   921   921 I BufferQueueDebug: [fc592c2 com.softnation.Ojam/com.softnation.Ojam.MainActivity#134554](this:0xb400007bceca2fd8,id:-1,api:0,p:-1,c:921) onDestructor()
03-02 11:57:01.128   921   921 I BufferQueueDebug: [Task=37048#134636](this:0xb400007bcecb6ec8,id:-1,api:0,p:-1,c:921) onDestructor()
03-02 11:57:01.128  8753 14296 D AppScoutStateMachine: 8753-ScoutStateMachinecreated
03-02 11:57:01.128   921   921 I BufferQueueDebug: [ActivityRecord{640b739 u0 com.softnation.Ojam/.MainActivity t37048}#134547](this:0xb400007bcecd3668,id:-1,api:0,p:-1,c:921) onDestructor()
03-02 11:57:01.128   921   921 I BufferQueueDebug: [2624300 ActivityRecordInputSink com.softnation.Ojam/.MainActivity#134553](this:0xb400007bcecdeca8,id:-1,api:0,p:-1,c:921) onDestructor()
03-02 11:57:01.128  1621  1918 E HyperSentinel: -------------------------------------------------------
03-02 11:57:01.128  1621  1918 E HyperSentinel: Event_ResidentSize
03-02 11:57:01.128  1621  1918 E HyperSentinel: -> audit event by proc 8753 "usap64": RSS increasement, peak 76580kb -> 114876kb
03-02 11:57:01.128  1999  2684 E ActivityManagerWrapper: get all recent tasks force including 37049
03-02 11:57:01.129 14244 14244 D FirebaseSessions: Dependency to CRASHLYTICS added.
03-02 11:57:01.132 14244 14244 I FirebaseApp: Device unlocked: initializing all Firebase APIs for app [DEFAULT]
03-02 11:57:01.133  8753  8753 I JavaheapMonitor: Disabled. Process name: <pre-initialized>
03-02 11:57:01.136  1999  2684 E ActivityManagerWrapper: getRecentTasksForceIncludingTaskIdIfValid: getRecentTasks: size=3
03-02 11:57:01.136  1999  2684 E ActivityManagerWrapper:  mainTaskId=37049   userId=0   windowMode=1   baseIntent=Intent { act=null flag=268435456 cmp=ComponentInfo{com.softnation.Ojam/com.softnation.Ojam.MainActivity} }
03-02 11:57:01.136  1999  2684 E ActivityManagerWrapper:  mainTaskId=37019   userId=0   windowMode=1   baseIntent=Intent { act=null flag=268435456 cmp=ComponentInfo{com.whatsapp/com.whatsapp.home.ui.HomeActivity} }
03-02 11:57:01.136  1999  2684 E ActivityManagerWrapper:  mainTaskId=36980   userId=0   windowMode=1   baseIntent=Intent { act=android.intent.action.MAIN flag=270532608 cmp=ComponentInfo{com.twitter.android/com.twitter.android.StartActivity} }
03-02 11:57:01.137 14244 14244 I FirebaseCrashlytics: Initializing Firebase Crashlytics 20.0.3 for cn.xender
03-02 11:57:01.142  8753  8753 D MiuiMonitorThread: Shared singleton Thread for stability monitor start
03-02 11:57:01.145  1999  2684 D TaskSnapshotCompatVV: getIsInvalidateFromTaskSnapshot, return, mTaskSnapshot=null, mTaskSnapshotClazz=null
03-02 11:57:01.169   921   921 I MI-SF   : surfaceflinger setAffinity mode=1
03-02 11:57:01.169   921   921 E MI-SF   : surfaceflinger setAffinity success
03-02 11:57:01.169   921   921 I MI-SF   : surfaceflinger setreAffinity reTid=1207
03-02 11:57:01.169   921   921 E MI-SF   : surfaceflinger setAffinity success
03-02 11:57:01.171 14244 14244 D FirebaseSessions: Subscriber CRASHLYTICS registered.
03-02 11:57:01.181  8753  8753 D ActivityThread: setEmbeddedParam packageName=com.softnation.Ojam processName=com.softnation.Ojam isEmbedded=false isIsolated=false
03-02 11:57:01.185  1621  4430 I ClipboardServiceI: checkProviderWakePathForClipboard: primaryClip is null
03-02 11:57:01.196 14244 14302 W cn.xender: ClassLoaderContext classpath size mismatch. expected=1, found=0 (DLC[];PCL[base.apk*1150104373]{PCL[/system/framework/org.apache.http.legacy.jar*4025584831]#PCL[/system/framework/com.android.location.provider.jar*3414091812]#PCL[/system/framework/com.android.media.remotedisplay.jar*2042759013]#PCL[/system_ext/framework/androidx.window.extensions.jar*3622430006]#PCL[/system_ext/framework/androidx.window.sidecar.jar*2958050178]} | DLC[];PCL[])
03-02 11:57:01.201 14244 14302 I DynamiteModule: Considering local module com.google.android.gms.measurement.dynamite:155 and remote module com.google.android.gms.measurement.dynamite:179
03-02 11:57:01.201 14244 14302 I DynamiteModule: Selected remote version of com.google.android.gms.measurement.dynamite, version >= 179
03-02 11:57:01.201 14244 14302 V DynamiteModule: Dynamite loader version >= 2, using loadModule2NoCrashUtils
03-02 11:57:01.216 14244 14302 W System  : ClassLoader referenced unknown path: 
03-02 11:57:01.217 14244 14302 D nativeloader: Configuring clns-8 for other apk . target_sdk_version=36, uses_libraries=, library_path=/data/app/~~PNgoFDHBmGdMmQt2moPCLQ==/com.google.android.gms-wSL8VlioUsna9-KnDrZN3A==/lib/arm64:/data/app/~~PNgoFDHBmGdMmQt2moPCLQ==/com.google.android.gms-wSL8VlioUsna9-KnDrZN3A==/base.apk!/lib/arm64-v8a, permitted_path=/data:/mnt/expand:/data/user/0/com.google.android.gms
03-02 11:57:01.225  1621  5247 D FileUtils: Rounded bytes from 8055762944 to 16000000000
03-02 11:57:01.230  1621  4430 D FileUtils: Rounded bytes from 8055762944 to 16000000000
03-02 11:57:01.235 14244 14302 W cn.xender: ClassLoaderContext classpath element checksum mismatch. expected=1150104373, found=150874068 (DLC[];PCL[base.apk*1150104373]{PCL[/system/framework/org.apache.http.legacy.jar*4025584831]#PCL[/system/framework/com.android.location.provider.jar*3414091812]#PCL[/system/framework/com.android.media.remotedisplay.jar*2042759013]#PCL[/system_ext/framework/androidx.window.extensions.jar*3622430006]#PCL[/system_ext/framework/androidx.window.sidecar.jar*2958050178]} | DLC[];PCL[/data/app/~~5xplY4psEZqNfI_3DqGROg==/cn.xender-j9UjU1UmIsVFElbEzbR9fA==/base.apk*150874068]{PCL[/system_ext/framework/androidx.window.extensions.jar*3622430006]#PCL[/system_ext/framework/androidx.window.sidecar.jar*2958050178]})
03-02 11:57:01.238 14244 14311 I FirebaseCrashlytics: Saved version control info
03-02 11:57:01.240  1621  4430 D CompatChangeReporter: Compat change id reported: 319471980; UID 10310; state: ENABLED
03-02 11:57:01.241 14244 14308 D AppOpsManager: Noted app header size: 36
03-02 11:57:01.246 14244 14244 D nativeloader: Load /data/app/~~5xplY4psEZqNfI_3DqGROg==/cn.xender-j9UjU1UmIsVFElbEzbR9fA==/base.apk!/lib/arm64-v8a/libdatastore_shared_counter.so using class loader ns clns-7 (caller=/data/app/~~5xplY4psEZqNfI_3DqGROg==/cn.xender-j9UjU1UmIsVFElbEzbR9fA==/base.apk!classes4.dex): ok
03-02 11:57:01.253 14244 14244 D FirebaseSessions: Initializing Firebase Sessions 3.0.3.
03-02 11:57:01.254 14244 14244 I FirebaseInitProvider: FirebaseApp initialization successful
03-02 11:57:01.260 14244 14314 D CompatChangeReporter: Compat change id reported: 312399441; UID 10310; state: ENABLED
03-02 11:57:01.285 14244 14306 D FirebaseSessions: Notified CRASHLYTICS of new session 963fbcbde00f403b94247aba6b988eff
03-02 11:57:01.292  1999  1999 D Launcher_UnlockAnimationStateMachine: mResetIdleStateRunnable
03-02 11:57:01.294   863   958 I mtkpower@impl: [powerd_req] TIMER_MSG_PERF_LOCK_TIMEOUT hdl:369218
03-02 11:57:01.295   863   958 I libPowerHal: [perfLockRel] hdl:369218, idx:1
03-02 11:57:01.296   863   958 I libPowerHal: [PD] MTKPOWER_HINT_PACK_SWITCH update ONESHOT(unset) cmd:10000700 param:16129 pr:3
03-02 11:57:01.297   863   958 I libPowerHal: [perfLockRel] Done for hdl : 369218
03-02 11:57:01.323  1621  1842 I MiuiNetworkPolicy: updateUidState uid = 10310, uidState = 8
03-02 11:57:01.324 14244 14244 W libc    : Access denied finding property "ro.vendor.perf.scroll_opt"
03-02 11:57:01.328  1621  1746 W JobServiceContext: Sending onNetworkChanged for a job that isn't started. JobStatus{e7edd30 androidx.work.systemjobscheduler:u0a310/3298 @androidx.work.systemjobscheduler@cn.xender/androidx.work.impl.background.systemjob.SystemJobService u=0 s=10310 TIME=-47m55s355ms:none NET READY}
03-02 11:57:01.337 27809 10614 I PhenotypeResourceReader: unable to find any Phenotype resource metadata for cn.xender
03-02 11:57:01.349 14244 14244 D nativeloader: Load libpowerhalwrap_jni.so using system ns (caller=/system_ext/framework/mediatek-framework.jar): ok
03-02 11:57:01.350 14244 14244 I PowerHalWrapper: PowerHalWrapper.getInstance 
03-02 11:57:01.352 14244 14244 I M-ProMotion: M-ProMotion is disabled
