03-02 11:57:03.604  8753  8753 D DecorViewImmersiveImpl: onAttachedToWindow:com.softnation.Ojam/com.softnation.Ojam.MainActivity
03-02 11:57:03.614  1621  1730 D CoreBackPreview: Window{8cbf407 u0 com.softnation.Ojam/com.softnation.Ojam.MainActivity}: Setting back callback OnBackInvokedCallbackInfo{mCallback=android.window.IOnBackInvokedCallback$Stub$Proxy@b71d859, mPriority=0, mIsAnimationCallback=false}
03-02 11:57:03.618   849   849 I hwcomposer: [HWCDisplay] (0 updateFps():3667), (type:1, mode:2) fps:42.496719,dur:1011.84,max:158.50,min:15.54  
03-02 11:57:03.620   921  1587 I BufferQueueDebug: [com.softnation.Ojam/com.softnation.Ojam.MainActivity#134638](this:0xb400007bcecd3668,id:-1,api:0,p:-1,c:-1) BufferQueue core=(921:/system/bin/surfaceflinger)
03-02 11:57:03.623  1621  1730 D MiuiRefreshRatePolicy: reset
03-02 11:57:03.625  1621  1730 W WindowManager: Changing focus from null to Window{8cbf407 u0 com.softnation.Ojam/com.softnation.Ojam.MainActivity} displayId=0 Callers=com.android.server.wm.RootWindowContainer.updateFocusedWindowLocked:602 com.android.server.wm.WindowManagerService.updateFocusedWindowLocked:7168 com.android.server.wm.WindowManagerService.relayoutWindowInner:3076 com.android.server.wm.WindowManagerService.relayoutWindow:2724 
03-02 11:57:03.626  1621  1730 I whetstone.activity: Power Event callback listener is empty for resId=32
03-02 11:57:03.626  1621  1730 D BatteryStatsManagerStub: notifyEvent for resId=32 used 0ms
03-02 11:57:03.627   921  1587 I BufferQueueDebug: [Surface(name=5b2ee94 StatusBar#103)/@0xf6cf932 - animation-leash of insets_animation#134639](this:0xb400007bcebbf2d8,id:-1,api:0,p:-1,c:-1) BufferQueue core=(921:/system/bin/surfaceflinger)
03-02 11:57:03.628   921  1170 I BufferQueueDebug: [Surface(name=77d8129 NavigationBar0#101614)/@0x3faba4f - animation-leash of insets_animation#134640](this:0xb400007bcecbf778,id:-1,api:0,p:-1,c:-1) BufferQueue core=(921:/system/bin/surfaceflinger)
03-02 11:57:03.629  1621  1730 D WindowManager: wms.Input focus has changed to Window{8cbf407 u0 com.softnation.Ojam/com.softnation.Ojam.MainActivity} display=0 updateInputWindows = true
03-02 11:57:03.629  1621  1730 I MultiSenceManagerInternalStub: getInstance
03-02 11:57:03.630  1621  1928 I MultiSenceManagerInternalStubImpl: packageName = com.softnation.Ojam
03-02 11:57:03.630  1621  1730 I WindowManager: Relayout Window{8cbf407 u0 com.softnation.Ojam/com.softnation.Ojam.MainActivity}: oldVis=4 newVis=0 focusMayChange = true requestedWidth = 1080 requestedHeight = 2460 outFrames = ClientWindowFrames{frame=[0,0][1080,2460] display=[0,0][1080,2460] parentFrame=[0,0][0,0]} outSurfaceControl = Surface(name=com.softnation.Ojam/com.softnation.Ojam.MainActivity#134638)/@0x35ea115
03-02 11:57:03.630  1621  1928 W ContextImpl: Calling a method in the system process without a qualified user: android.app.ContextImpl.sendBroadcast:1260 com.android.server.wm.MultiSenceManagerInternalStubImpl.sendFocusWindowsBroadcast:148 com.android.server.wm.MultiSenceManagerInternalStubImpl$UpdateScreenStatus.run:98 android.os.Handler.handleCallback:959 android.os.Handler.dispatchMessage:100 
03-02 11:57:03.630  1621  1928 W ActivityManagerServiceImpl: Sending non-protected broadcast com.xiaomi.multisence.action.FOCUSED_CHANGE from system 1621:system/1000 pkg android. Callers=com.android.server.am.ActivityManagerService.checkBroadcastFromSystem:16365 com.android.server.am.ActivityManagerService.broadcastIntentLockedTraced:17236 com.android.server.am.ActivityManagerService.broadcastIntentLocked:16425 com.android.server.am.ActivityManagerService.broadcastIntentWithFeature:17459 android.app.ContextImpl.sendBroadcast:1264 
03-02 11:57:03.633  8753  8753 D BufferQueueConsumer: [](id:223100000000,api:0,p:-1,c:8753) connect: controlledByApp=false
03-02 11:57:03.636  8753  8753 D BLASTBufferQueue: [VRI[MainActivity]#0](f:0,a:0) constructor()
03-02 11:57:03.636  8753  8753 D BLASTBufferQueue: [VRI[MainActivity]#0](f:0,a:0) update width=1080 height=2460 format=-1 mTransformHint=0
03-02 11:57:03.644  8753  8753 D VRI[MainActivity]: vri.reportNextDraw android.view.ViewRootImpl.performTraversals:4984 android.view.ViewRootImpl.doTraversal:3564 android.view.ViewRootImpl$TraversalRunnable.run:11781 android.view.Choreographer$CallbackRecord.run:1804 android.view.Choreographer$CallbackRecord.run:1813 
03-02 11:57:03.645  1621  1651 I ActivityTaskManager: visible for Task{9319496 #37049 type=standard A=10337:com.softnation.Ojam} visible = true isAnimating = false TRANSITION = false PARENTS = false CHILDREN = false
03-02 11:57:03.646  1621  1651 D SurfaceComposerClient: Transaction::apply InputWindowCommands.focusRequests timestamp=614217179883686, windowName=8cbf407 com.softnation.Ojam/com.softnation.Ojam.MainActivity
03-02 11:57:03.661   921   921 D SurfaceFlinger: Focus addInputWindowCommands timestamp=614217179883686, windowName=8cbf407 com.softnation.Ojam/com.softnation.Ojam.MainActivity
03-02 11:57:03.662   921   921 I SurfaceFlinger: onHandleDestroyed: name=Surface(name=77d8129 NavigationBar0#101614)/@0x3faba4f - animation-leash of insets_animation#134634, layerId=134634, parentId=0
03-02 11:57:03.662   921   921 I SurfaceFlinger: onHandleDestroyed: name=Surface(name=5b2ee94 StatusBar#103)/@0xf6cf932 - animation-leash of insets_animation#134633, layerId=134633, parentId=0
03-02 11:57:03.664   921  1483 D SurfaceFlinger: updateWinowInfo=1, setFocusedWindow timestamp=614217179883686, windowName=8cbf407 com.softnation.Ojam/com.softnation.Ojam.MainActivity
03-02 11:57:03.678   921   921 I BufferQueueDebug: [Surface(name=77d8129 NavigationBar0#101614)/@0x3faba4f - animation-leash of insets_animation#134634](this:0xb400007bcec94c08,id:-1,api:0,p:-1,c:921) onDestructor()
03-02 11:57:03.678   921   921 I BufferQueueDebug: [Surface(name=5b2ee94 StatusBar#103)/@0xf6cf932 - animation-leash of insets_animation#134633](this:0xb400007bcecd08d8,id:-1,api:0,p:-1,c:921) onDestructor()
03-02 11:57:03.678   921  1587 D SurfaceFlinger: [SF client] NEW(0xb400007caea3f670) for (8753:com.softnation.Ojam)
03-02 11:57:03.682  8753  8753 D MiuiCameraCoveredManager: java.lang.NullPointerException: Attempt to invoke virtual method 'java.lang.String android.provider.MiuiSettings$SettingsCloudData$CloudData.getString(java.lang.String, java.lang.String)' on a null object reference
03-02 11:57:03.682  1141  7637 E IPCThreadState: Binder transaction failure. id: 356489550, BR_*: 29201, error: -1 (Operation not permitted)
03-02 11:57:03.682  1141  7637 W BpBinder: Large or Failed outgoing transaction of 108 bytes, interface descriptor , code 1
03-02 11:57:03.684  8753 14462 W libc    : Access denied finding property "ro.vendor.display.iris_x7.support"
03-02 11:57:03.685  8753  8753 I ForceDarkHelperStubImpl: setViewRootImplForceDark: false for com.softnation.Ojam.MainActivity@db08fa, reason: AppDarkModeEnable
03-02 11:57:03.685  8753  8753 D VRI[PopupWindow:5bd82ed]: hardware acceleration = true, forceHwAccelerated = false
03-02 11:57:03.688   921  2359 I BufferQueueDebug: [1b1682 PopupWindow:5bd82ed#134641](this:0xb400007bceccadb8,id:-1,api:0,p:-1,c:-1) BufferQueue core=(921:/system/bin/surfaceflinger)
03-02 11:57:03.691  8753  8753 D InputEventReceiver: Input log is disabled in InputEventReceiver.
03-02 11:57:03.694  1621  1651 I ActivityTaskManager: visible for Task{9319496 #37049 type=standard A=10337:com.softnation.Ojam} visible = true isAnimating = false TRANSITION = false PARENTS = false CHILDREN = false
03-02 11:57:03.695  1621  4289 D CoreBackPreview: Window{1b1682 u0 PopupWindow:5bd82ed}: Setting back callback OnBackInvokedCallbackInfo{mCallback=android.window.IOnBackInvokedCallback$Stub$Proxy@c2c89c9, mPriority=0, mIsAnimationCallback=false}
03-02 11:57:03.702   921  1170 I BufferQueueDebug: [PopupWindow:5bd82ed#134642](this:0xb400007bcecc2508,id:-1,api:0,p:-1,c:-1) BufferQueue core=(921:/system/bin/surfaceflinger)
03-02 11:57:03.704  1621  4289 D MiuiRefreshRatePolicy: reset
03-02 11:57:03.710  8753  8753 D BufferQueueConsumer: [](id:223100000001,api:0,p:-1,c:8753) connect: controlledByApp=false
03-02 11:57:03.710  1621  1651 I ActivityTaskManager: visible for Task{9319496 #37049 type=standard A=10337:com.softnation.Ojam} visible = true isAnimating = false TRANSITION = false PARENTS = false CHILDREN = false
03-02 11:57:03.712  8753  8753 D BLASTBufferQueue: [VRI[PopupWindow:5bd82ed]#1](f:0,a:0) constructor()
03-02 11:57:03.712  8753  8753 D BLASTBufferQueue: [VRI[PopupWindow:5bd82ed]#1](f:0,a:0) update width=1080 height=65 format=-3 mTransformHint=0
03-02 11:57:03.714  8753  8753 I ForceDarkHelperStubImpl: setViewRootImplForceDark: false for com.softnation.Ojam.MainActivity@db08fa, reason: AppDarkModeEnable
03-02 11:57:03.716  8753  8753 D VRI[PopupWindow:5bd82ed]: vri.reportNextDraw android.view.ViewRootImpl.performTraversals:4984 android.view.ViewRootImpl.doTraversal:3564 android.view.ViewRootImpl$TraversalRunnable.run:11781 android.view.Choreographer$CallbackRecord.run:1804 android.view.Choreographer$CallbackRecord.run:1813 
03-02 11:57:03.716  8753  8753 D VRI[PopupWindow:5bd82ed]: Setup new sync=wmsSync-VRI[PopupWindow:5bd82ed]#0
03-02 11:57:03.718  8753  8753 D UserSceneDetector: invoke error.
03-02 11:57:03.724  8753 14462 D HWUI    : makeCurrent grContext:0xb4000079f1a11f90 reset mTextureAvailable
03-02 11:57:03.726  8753 14462 D softnation.Ojam: MiuiProcessManagerServiceStub setSchedFifo
03-02 11:57:03.726  8753 14462 I MiuiProcessManagerImpl: setSchedFifo pid:8753, mode:3
03-02 11:57:03.727  1621  4289 D ProcessManager: beginSchedThreads is not Enabled
03-02 11:57:03.727  8753 14462 D MAGT_SYNC_FRAME: MAGT Sync: MAGT is not supported. Disabling Sync.
03-02 11:57:03.727  8753 14462 D softnation.Ojam: Can't load libmbrainSDK
03-02 11:57:03.728 14244 14244 I Ads     : JS: The jsLoaded GMSG has been sent (https://googleads.g.doubleclick.net/mads/static/sdk/native/sdk-core-v40.html:1028)
03-02 11:57:03.730  8753 14462 I GrallocExtra: gralloc_extra_query:is_SW3D 0
03-02 11:57:03.731  8753 14462 W libc    : Access denied finding property "ro.vendor.display.iris_x7.support"
03-02 11:57:03.769  1621  1918 E HyperSentinel: -------------------------------------------------------
03-02 11:57:03.769  1621  1918 E HyperSentinel: Event_ThreadAmount
03-02 11:57:03.769  1621  1918 E HyperSentinel: -> audit event by proc 14244 "cn.xender": running threads amount, 0 -> 132
03-02 11:57:03.769  1621  1918 E HyperSentinel: -------------------------------------------------------
03-02 11:57:03.770  1621  1918 E HyperSentinel: Event_ResidentSize
03-02 11:57:03.770  1621  1918 E HyperSentinel: -> audit event by proc 8753 "usap64": RSS increasement, peak 172328kb -> 258496kb
03-02 11:57:03.775  8753 14462 E LB      : fail to open file: No such file or directory
03-02 11:57:03.775  8753 14462 E LB      : fail to open node: No such file or directory
03-02 11:57:03.775  8753 14462 E LB      : fail to open node: No such file or directory
03-02 11:57:03.776  8753 14462 I GrallocExtra: gralloc_extra_query:is_SW3D 0
03-02 11:57:03.776  8753 14462 W libc    : Access denied finding property "ro.vendor.display.iris_x7.support"
03-02 11:57:03.776  8753 14462 D BLASTBufferQueue: [VRI[PopupWindow:5bd82ed]#1](f:0,a:1) acquireNextBufferLocked size=1080x65 mFrameNumber=1 applyTransaction=true mTimestamp=614217324847378(auto) mPendingTransactions.size=0 graphicBufferId=37593848741899 transform=0
03-02 11:57:03.777  8753 14462 D softnation.Ojam: Can't load libmbrainSDK
03-02 11:57:03.779  8753  8753 D VRI[PopupWindow:5bd82ed]: vri.reportDrawFinished
03-02 11:57:03.780  1621  4289 D WindowManager: wms.finishDrawingLocked: mDrawState=COMMIT_DRAW_PENDING Window{1b1682 u0 PopupWindow:5bd82ed} in Surface(name=PopupWindow:5bd82ed#134642)/@0x3583ef
03-02 11:57:03.781  1621  1651 D MiuiRefreshRatePolicy: reset
03-02 11:57:03.782  1621  1651 I WindowManager: onFirstWindowDrawn, try to remove startingWindow. this = ActivityRecord{9fbda58 u0 com.softnation.Ojam/.MainActivity t37049} associatedTask = null isMainWindow = false mStartingWindow = Window{4eb01a0 u0 Splash Screen com.softnation.Ojam} mStartingData = SplashScreenStartingData{d6e5ded waitForSyncTransactionCommit=false removeAfterTransaction= 0}
03-02 11:57:03.788  8753  8753 D VRI[PopupWindow:5bd82ed]: vri.reportNextDraw android.view.ViewRootImpl.handleResized:2771 android.view.ViewRootImpl.-$$Nest$mhandleResized:0 android.view.ViewRootImpl$W.resized:12932 android.app.servertransaction.WindowStateResizeItem.execute:64 android.app.servertransaction.WindowStateTransactionItem.execute:59 
03-02 11:57:03.791  8753  8753 D VRI[PopupWindow:5bd82ed]: Setup new sync=wmsSync-VRI[PopupWindow:5bd82ed]#2
03-02 11:57:03.792  8753  8753 D VRI[PopupWindow:5bd82ed]: vri.reportDrawFinished
03-02 11:57:03.793  1621  1651 I WindowManager: onFirstWindowDrawn, try to remove startingWindow. this = ActivityRecord{9fbda58 u0 com.softnation.Ojam/.MainActivity t37049} associatedTask = null isMainWindow = false mStartingWindow = Window{4eb01a0 u0 Splash Screen com.softnation.Ojam} mStartingData = SplashScreenStartingData{d6e5ded waitForSyncTransactionCommit=false removeAfterTransaction= 0}
03-02 11:57:03.794  1621  1651 I ActivityTaskManager: visible for Task{9319496 #37049 type=standard A=10337:com.softnation.Ojam} visible = true isAnimating = false TRANSITION = false PARENTS = false CHILDREN = false
03-02 11:57:03.795  1621  1651 D MiuiRefreshRatePolicy: reset
03-02 11:57:03.796  1621  1651 I WindowManager: onFirstWindowDrawn, try to remove startingWindow. this = ActivityRecord{9fbda58 u0 com.softnation.Ojam/.MainActivity t37049} associatedTask = null isMainWindow = false mStartingWindow = Window{4eb01a0 u0 Splash Screen com.softnation.Ojam} mStartingData = SplashScreenStartingData{d6e5ded waitForSyncTransactionCommit=false removeAfterTransaction= 0}
03-02 11:57:03.810  1621  1651 I WindowManager: onFirstWindowDrawn, try to remove startingWindow. this = ActivityRecord{9fbda58 u0 com.softnation.Ojam/.MainActivity t37049} associatedTask = null isMainWindow = false mStartingWindow = Window{4eb01a0 u0 Splash Screen com.softnation.Ojam} mStartingData = SplashScreenStartingData{d6e5ded waitForSyncTransactionCommit=false removeAfterTransaction= 0}
03-02 11:57:03.810  1621  1651 I ActivityTaskManager: visible for Task{9319496 #37049 type=standard A=10337:com.softnation.Ojam} visible = true isAnimating = false TRANSITION = false PARENTS = false CHILDREN = false
03-02 11:57:03.817  1621  4289 D AS.BtHelper: isBluetoothScoOn() mBluetoothHeadset is null: falsemBluetoothHeadsetDevice is null: true
03-02 11:57:03.817  1621  4289 V AS.AudioDeviceBroker: requestedCommunicationDevice: null mAudioModeOwner: AudioModeInfo: mMode=MODE_NORMAL, mPid=0, mUid=0
03-02 11:57:03.817  1621  4289 D AS.BtHelper: isBluetoothScoOn() mBluetoothHeadset is null: falsemBluetoothHeadsetDevice is null: true
03-02 11:57:03.817  1621  4289 V AS.AudioDeviceBroker: requestedCommunicationDevice: null mAudioModeOwner: AudioModeInfo: mMode=MODE_NORMAL, mPid=0, mUid=0
03-02 11:57:03.824  1621  1922 I SmartPower: com.milink.service:audio/10190(19603): background->idle(3000ms) R(broadcast start Intent { act=android.intent.action.PACKAGE_RESTARTED dat=package: flg=0x4000010 (has extras) }) adj=250.
03-02 11:57:03.869   863   935 I ExtendedUtils: [timer_thread_start] epoll wait thread while start
03-02 11:57:03.869   863   935 I ExtendedPerfBoost: [restore_callback_expires] thermalbreak callback
03-02 11:57:03.869   863   935 I ExtendedPerfBoost: [triggerList_update] del one node to freelist
03-02 11:57:03.869   863   935 I ExtendedPerfBoost: [triggerList_update] now trigger boost:0  info
03-02 11:57:03.869   863   935 I ExtendedPerfBoost: [trig_thermalbreak] curr target time is same last target time
03-02 11:57:03.869   863   935 I ExtendedPerfBoost: [setThermalBreak] [setThermalBreak] : boost:0
03-02 11:57:03.915   849  1430 I hwcomposer: [HWC] (0)fire a callback of refresh to SF[4]  
03-02 11:57:03.931   835   835 I zygote  : Delayed USAP Pool refill. New USAPs: 1
03-02 11:57:03.936   921   921 I MI-SF   : surfaceflinger setAffinity mode=1
03-02 11:57:03.936   921   921 E MI-SF   : surfaceflinger setAffinity success
03-02 11:57:03.936   921   921 I MI-SF   : surfaceflinger setreAffinity reTid=1207
03-02 11:57:03.936   921   921 E MI-SF   : surfaceflinger setAffinity success
03-02 11:57:03.955   835   835 D Zygote  : Forked child process 14535
03-02 11:57:04.048  1621  4289 I ClipboardServiceI: checkProviderWakePathForClipboard: primaryClip is null
03-02 11:57:04.052 27809 27829 I FontLog : (REDACTED) Received query %s, URI %s
03-02 11:57:04.052 27809 27829 I FontLog : (REDACTED) Query [%s] resolved to %s
03-02 11:57:04.054 27809 27829 I FontLog : (REDACTED) Fetch %s end status %s
03-02 11:57:04.062 27809 27829 I FontLog : (REDACTED) Pulling font file for id = %d, cache size = %d
03-02 11:57:04.073 27809 27829 I FontLog : (REDACTED) Pulling font file for id = %d, cache size = %d
03-02 11:57:04.082   921  1471 D MI-SF   : isTpIdleScene mSetTpIdleFlag 0, mSetLtpoTpIdleFlag 0
03-02 11:57:04.272  1621  4289 D ActivityManager: getProcessesInErrorState callingUid=10383, CallingPid=10222
03-02 11:57:04.377  1621  1922 I SmartPower: cn.xender/10310(14244): background->idle(3835ms) R(service end cn.xender/androidx.work.impl.background.systemjob.SystemJobService) adj=905.
03-02 11:57:04.468   861   947 I libPerfCtl: xgfGetFPS pid:921 fps:-1
03-02 11:57:04.468   861   947 I libPerfCtl: xgfGetFPS pid:2363 fps:-1
03-02 11:57:04.468   861   947 I libPerfCtl: xgfGetFPS pid:8753 fps:-1
03-02 11:57:04.660  8753 14288 I softnation.Ojam: Compiler allocated 6783KB to compile void android.view.ViewRootImpl.performTraversals()
03-02 11:57:04.719  6027  6027 I PowerSaveService: onReceive: android.intent.action.BATTERY_CHANGED
03-02 11:57:04.720  6515  8177 D PowerCheckerService: onBatteryChanged, mBatteryLevel = 44, status = 2, level = 44, plug = 2, scale = 100
03-02 11:57:04.720  6515  6997 I ProcAudioPowerManager: onBatteryChanged, onBattery is false
03-02 11:57:04.720  6515  6997 D PowerKeeper.FrozenApp: onBatteryChanged plug=true mBatteryPlugged=2
03-02 11:57:04.720  6515  8142 D PowerKeeper.Thermal: mBatteryTemperature: 41
03-02 11:57:04.721  6027  6027 I PowerNoticeUI: handleBatteryChanged oldPlugType 2 mPlugType 2 oldBatteryLevel 44 mBatteryLevel 44 temperature 410
03-02 11:57:04.721  6027  6027 I ChargerBatteryIntelligenceReceiver: onBatteryChanged temperature∩╝Ü41,plugType:2
03-02 11:57:04.721  6027  6027 D BaseChargeProtect_HighTemp: mCountByMinute:0,isScreenOn:true
03-02 11:57:04.723  6027  6027 I android_os_HwBinder: HwBinder: Starting thread pool for getting: vendor.xiaomi.hardware.micharge@1.0::IMiCharge/default
03-02 11:57:04.724  1621  1621 D UiModeManager: updateConfigurationLocked: mDockState=0; mCarMode=false; mCar=false; mPowerSave=false; mOverrideNightModeOn=false; mOverrideNightModeOff=false; mComputedNightMode=true; mNightModeValue=2; uiMode=42
03-02 11:57:04.726   872   908 I vendor.xiaomi.hardware.micharge@1.0-service: ReadFilePathValue path = /sys/class/power_supply/usb/real_type value = USB
03-02 11:57:04.726  6027  6027 I IMiChargeUtils: getIMiChargeStringValue method:getBatteryChargeType,value:USB
03-02 11:57:04.726  6027  6027 I IMiChargeUtils: getBatteryChargeType : USB
03-02 11:57:04.726  6027  6027 I ChargeTimeUtilsV2: chargeType:USB
03-02 11:57:04.726  6027  6027 I PowerFeatureUtils: getVendorName:mediatek
03-02 11:57:04.726  6027  6027 I PowerFeatureUtils: getVendorName:mediatek
03-02 11:57:04.734  1621  1621 D UiModeManager: updateConfigurationLocked: mDockState=0; mCarMode=false; mCar=false; mPowerSave=false; mOverrideNightModeOn=false; mOverrideNightModeOff=false; mComputedNightMode=true; mNightModeValue=2; uiMode=42
03-02 11:57:04.735  3510  3510 W libc    : Unable to set property "persist.vendor.accelerate.charge" to "false": PROP_ERROR_PERMISSION_DENIED (0x18)
03-02 11:57:04.737  6027  6027 I PowerSaveService: onReceive: android.intent.action.BATTERY_CHANGED
03-02 11:57:04.738  6027  6027 I PowerNoticeUI: handleBatteryChanged oldPlugType 2 mPlugType 2 oldBatteryLevel 44 mBatteryLevel 44 temperature 420
03-02 11:57:04.739  6515  8177 D PowerCheckerService: onBatteryChanged, mBatteryLevel = 44, status = 2, level = 44, plug = 2, scale = 100
03-02 11:57:04.739  6027  6027 I ChargerBatteryIntelligenceReceiver: onBatteryChanged temperature∩╝Ü42,plugType:2
03-02 11:57:04.739  6027  6027 I ChargerBatteryIntelligenceReceiver: dissmissTempFastChargeReminder not support
03-02 11:57:04.739  6027  6027 D BaseChargeProtect_HighTemp: mCountByMinute:0,isScreenOn:true
03-02 11:57:04.739  6515  6997 I ProcAudioPowerManager: onBatteryChanged, onBattery is false
03-02 11:57:04.739  6515  8142 D PowerKeeper.Thermal: mBatteryTemperature: 42
03-02 11:57:04.739  6515  6997 D PowerKeeper.FrozenApp: onBatteryChanged plug=true mBatteryPlugged=2
03-02 11:57:04.740  6027  6027 I android_os_HwBinder: HwBinder: Starting thread pool for getting: vendor.xiaomi.hardware.micharge@1.0::IMiCharge/default
03-02 11:57:04.741  1621  1922 I SmartPower: com.google.android.googlequicksearchbox:interactor/10165(5969): background->idle(3001ms) R(become background) adj=100.
03-02 11:57:04.742  1621  1922 I SmartPower: com.miui.home/10166(1999): background->idle(3002ms) R(become background) adj=0.
03-02 11:57:04.744   872   908 I vendor.xiaomi.hardware.micharge@1.0-service: ReadFilePathValue path = /sys/class/power_supply/usb/real_type value = USB
03-02 11:57:04.744  6027  6027 I IMiChargeUtils: getIMiChargeStringValue method:getBatteryChargeType,value:USB
03-02 11:57:04.744  6027  6027 I IMiChargeUtils: getBatteryChargeType : USB
03-02 11:57:04.745  6027  6027 I ChargeTimeUtilsV2: chargeType:USB
03-02 11:57:04.745  6027  6027 I PowerFeatureUtils: getVendorName:mediatek
03-02 11:57:04.745  6027  6027 I PowerFeatureUtils: getVendorName:mediatek
03-02 11:57:04.764  1621  1621 D UiModeManager: updateConfigurationLocked: mDockState=0; mCarMode=false; mCar=false; mPowerSave=false; mOverrideNightModeOn=false; mOverrideNightModeOff=false; mComputedNightMode=true; mNightModeValue=2; uiMode=42
03-02 11:57:04.767  6027  6027 I PowerSaveService: onReceive: android.intent.action.BATTERY_CHANGED
03-02 11:57:04.768  1621  1922 I SmartPower: com.mi.globalminusscreen/10162(11917): background->idle(3003ms) R(become background) adj=0.
03-02 11:57:04.768  6515  8177 D PowerCheckerService: onBatteryChanged, mBatteryLevel = 44, status = 2, level = 44, plug = 2, scale = 100
03-02 11:57:04.768  6027  6027 I PowerNoticeUI: handleBatteryChanged oldPlugType 2 mPlugType 2 oldBatteryLevel 44 mBatteryLevel 44 temperature 410
03-02 11:57:04.769  6027  6027 I ChargerBatteryIntelligenceReceiver: onBatteryChanged temperature∩╝Ü41,plugType:2
03-02 11:57:04.769  6515  6997 I ProcAudioPowerManager: onBatteryChanged, onBattery is false
03-02 11:57:04.769  6027  6027 I ChargerBatteryIntelligenceReceiver: dissmissTempFastChargeReminder not support
03-02 11:57:04.769  6515  6997 D PowerKeeper.FrozenApp: onBatteryChanged plug=true mBatteryPlugged=2
03-02 11:57:04.769  6027  6027 D BaseChargeProtect_HighTemp: mCountByMinute:0,isScreenOn:true
03-02 11:57:04.769  6515  8142 D PowerKeeper.Thermal: mBatteryTemperature: 41
03-02 11:57:04.770  6027  6027 I android_os_HwBinder: HwBinder: Starting thread pool for getting: vendor.xiaomi.hardware.micharge@1.0::IMiCharge/default
03-02 11:57:04.773   872   908 I vendor.xiaomi.hardware.micharge@1.0-service: ReadFilePathValue path = /sys/class/power_supply/usb/real_type value = USB
03-02 11:57:04.773  6027  6027 I IMiChargeUtils: getIMiChargeStringValue method:getBatteryChargeType,value:USB
03-02 11:57:04.773  6027  6027 I IMiChargeUtils: getBatteryChargeType : USB
03-02 11:57:04.773  6027  6027 I ChargeTimeUtilsV2: chargeType:USB
03-02 11:57:04.773  6027  6027 I PowerFeatureUtils: getVendorName:mediatek
03-02 11:57:04.773  6027  6027 I PowerFeatureUtils: getVendorName:mediatek
03-02 11:57:04.797  2350  2350 W Settings: Setting airplane_mode_on has moved from android.provider.Settings.System to android.provider.Settings.Global, returning read-only value.
03-02 11:57:04.800  2350  2350 W Settings: Setting airplane_mode_on has moved from android.provider.Settings.System to android.provider.Settings.Global, returning read-only value.
03-02 11:57:04.802  2350 29580 D NetworkSpeedTracker: updateSignalInfo lteRsrp=-88lteSnr=18,phoneId=1
03-02 11:57:04.806  2350 29580 D NetworkSpeedTracker: updateSignalInfo lteRsrp=-88lteSnr=18,phoneId=1
03-02 11:57:04.820  1621  4289 D AS.BtHelper: isBluetoothScoOn() mBluetoothHeadset is null: falsemBluetoothHeadsetDevice is null: true
03-02 11:57:04.820  1621  4289 V AS.AudioDeviceBroker: requestedCommunicationDevice: null mAudioModeOwner: AudioModeInfo: mMode=MODE_NORMAL, mPid=0, mUid=0
03-02 11:57:04.821  1621  4289 D AS.BtHelper: isBluetoothScoOn() mBluetoothHeadset is null: falsemBluetoothHeadsetDevice is null: true
03-02 11:57:04.821  1621  4289 V AS.AudioDeviceBroker: requestedCommunicationDevice: null mAudioModeOwner: AudioModeInfo: mMode=MODE_NORMAL, mPid=0, mUid=0
03-02 11:57:04.892  1621  1922 I SmartPower: com.android.vending/10157(19536): background->idle(3000ms) R(service create com.android.vending/com.google.android.finsky.developergroupidinfo.DeveloperGroupIdInfoService) adj=200.
03-02 11:57:04.911   921  1472 D DisplayModeController: setDesiredMode 4627039422300187648 {mode={fps=36.00 Hz, modePtr={id=3, vsyncRate=36.00 Hz, peakRefreshRate=36.00 Hz}}, emitEvent=false, force=false}
03-02 11:57:04.911   921  1472 D Scheduler: MtkOverrideDuration: update vsync 36
03-02 11:57:04.911   921  1472 E SurfaceFlinger: MtkDuration override mode is disabled
03-02 11:57:04.911   921  1472 D Scheduler: MtkOverrideDuration: reset override duration
03-02 11:57:04.912   921  1472 I PowerHalWrapper: updateFps(): 36
03-02 11:57:04.926   849   849 I hwcomposer: [HWCDisplay] (0 setActiveConfigWithConstraints():4114), config:3  
03-02 11:57:04.926   849   849 I hwcomposer: [HWCDisplay] (0 setActiveConfigWithConstraints():4164), now 614218475976301, diff 304923, estimated_applied_time 16666667 queued_size:0  
03-02 11:57:04.927  1621  1922 I SmartPower: com.google.android.webview:sandboxed_process0:org.chromium.content.app.SandboxedPrbackground->idle(3213ms) R(service end cn.xender/org.chromium.content.app.SandboxedProcessService0:0) adj=905.
03-02 11:57:04.928   849   849 I hwcomposer: [HWCDisplay] (0 updateFps():3667), (type:1, mode:2) fps:6.867618,dur:1310.50,max:994.93,min:15.33  
03-02 11:57:04.930   921   921 I MI-SF   : surfaceflinger setAffinity mode=0
03-02 11:57:04.930   921   921 E MI-SF   : surfaceflinger setAffinity success
03-02 11:57:04.939   849  1481 I hwcomposer: [HWCDisplay] (0 updateAppliedConfigState():4360), applied config complete[idx:614218492642968, config:3]  
03-02 11:57:04.943   921   921 I PowerHalWrapper: updateFps(): 36
03-02 11:57:04.943   921   921 I PowerHalWrapper: updateFps(): 36
03-02 11:57:05.086   921  1467 W EventThreadInspector: slow VSync-app on display(4627039422300187648) count=1, avg=35 ms, max=35 ms.
03-02 11:57:05.106   921   921 I BufferQueueProducer: [StatusBar#109](this:0xb400007bcec4ab68,id:-1,api:0,p:-1,c:921) queueBuffer: fps=0.33 dur=3034.14 max=3034.14 min=3034.14
03-02 11:57:05.268   921  1467 W EventThreadInspector: slow VSync-app on display(4627039422300187648) count=1, avg=44 ms, max=44 ms.
03-02 11:57:05.351  8753 14289 W softnation.Ojam: userfaultfd: MOVE ioctl seems unsupported: Connection timed out
03-02 11:57:05.372  1055  1186 D connsyslogger: SD_LOG_ROOT is /data/debuglogger/connsyslog/fw.
03-02 11:57:05.372  1055  1186 D connsyslogger: systemReady:1
03-02 11:57:05.467   849  1430 I hwcomposer: [HWC] (0)fire a callback of refresh to SF[4]  
03-02 11:57:05.468   861   947 I libPerfCtl: xgfGetFPS pid:2363 fps:-1
03-02 11:57:05.487   921   921 I BufferQueueProducer: [FramebufferSurface](this:0xb400007d8e9dff50,id:-1,api:1,p:921,c:921) queueBuffer: fps=0.97 dur=2056.66 max=1554.72 min=501.94
03-02 11:57:05.490   921   921 I MI-SF   : surfaceflinger setAffinity mode=1
03-02 11:57:05.491   921   921 E MI-SF   : surfaceflinger setAffinity success
03-02 11:57:05.491   921   921 I MI-SF   : surfaceflinger setreAffinity reTid=1207
03-02 11:57:05.491   921   921 E MI-SF   : surfaceflinger setAffinity success
03-02 11:57:05.645  8753 14510 W unknown:BridgelessReact: ReactHost{0}.loadJSBundleFromMetro(): Creating BundleLoader
03-02 11:57:05.647  8753 14508 W unknown:BridgelessReact: ReactHost{0}.getOrCreateReactContext(): Creating BridgelessReactContext
03-02 11:57:05.650  8753 14508 W unknown:BridgelessReact: ReactHost{0}.getOrCreateReactInstanceTask(): Creating ReactInstance
03-02 11:57:05.657  8753  8753 W WindowOnBackDispatcher: sendCancelIfRunning: isInProgress=false callback=android.view.ViewRootImpl$$ExternalSyntheticLambda12@37c60e9
03-02 11:57:05.658  1621  1730 D CoreBackPreview: Window{1b1682 u0 PopupWindow:5bd82ed}: Setting back callback null
03-02 11:57:05.660  8753 14462 W libc    : Access denied finding property "ro.vendor.display.iris_x7.support"
03-02 11:57:05.662  8753  8753 D View    : [Warning] assignParent to null: this = android.widget.PopupWindow$PopupDecorView{fe32522 V.E...... R......D 0,0-1080,65}
03-02 11:57:05.663  8753  8753 D BLASTBufferQueue: [VRI[PopupWindow:5bd82ed]#1](f:0,a:1) destructor()
03-02 11:57:05.663   921  2359 I BpBinder: onLastStrongRef automatically unlinking death recipients: 
03-02 11:57:05.664  8753  8753 D BufferQueueConsumer: [VRI[PopupWindow:5bd82ed]#1(BLAST Consumer)1](id:223100000001,api:0,p:-1,c:8753) disconnect
03-02 11:57:05.665  1621  1730 W InputManager-JNI: Input channel object '1b1682 PopupWindow:5bd82ed (client)' was disposed without first being removed with the input manager!
03-02 11:57:05.666  1621  1730 D WindowManager: setParent old=Window{8cbf407 u0 com.softnation.Ojam/com.softnation.Ojam.MainActivity},new=null,this window=Window{1b1682 u0 PopupWindow:5bd82ed},callers=com.android.server.wm.WindowContainer.removeChild:897 com.android.server.wm.WindowContainer.removeImmediately:967 com.android.server.wm.WindowState.removeImmediately:2526 com.android.server.wm.WindowState.removeIfPossible:2714 com.android.server.wm.WindowManagerService.removeClientToken:2462 com.android.server.wm.Session.remove:297 
03-02 11:57:05.667  1205  2027 D AidlBufferPoolAcc: evictor expired: 3, evicted: 0
03-02 11:57:05.668  1621  1730 D MiuiRefreshRatePolicy: reset
03-02 11:57:05.676  1621  1651 I ActivityTaskManager: visible for Task{9319496 #37049 type=standard A=10337:com.softnation.Ojam} visible = true isAnimating = false TRANSITION = false PARENTS = false CHILDREN = false
03-02 11:57:05.703   921   921 I SurfaceFlinger: onHandleDestroyed: name=1b1682 PopupWindow:5bd82ed#134641, layerId=134641, parentId=0
03-02 11:57:05.703   921   921 I SurfaceFlinger: onHandleDestroyed: name=PopupWindow:5bd82ed#134642, layerId=134642, parentId=0
03-02 11:57:05.706   921   921 I MI-SF   : surfaceflinger setAffinity mode=0
03-02 11:57:05.706   921   921 E MI-SF   : surfaceflinger setAffinity success
03-02 11:57:05.711  8753 14508 D nativeloader: Load /data/app/~~Bh61wenJZi6JNVEuOkVQfQ==/com.softnation.Ojam-nnCVAdHxKfOmup5FCuBDYQ==/base.apk!/lib/arm64-v8a/libhermes.so using class loader ns clns-7 (caller=/data/app/~~Bh61wenJZi6JNVEuOkVQfQ==/com.softnation.Ojam-nnCVAdHxKfOmup5FCuBDYQ==/base.apk!classes20.dex): ok
03-02 11:57:05.714  8753 14508 D nativeloader: Load /data/app/~~Bh61wenJZi6JNVEuOkVQfQ==/com.softnation.Ojam-nnCVAdHxKfOmup5FCuBDYQ==/base.apk!/lib/arm64-v8a/libhermestooling.so using class loader ns clns-7 (caller=/data/app/~~Bh61wenJZi6JNVEuOkVQfQ==/com.softnation.Ojam-nnCVAdHxKfOmup5FCuBDYQ==/base.apk!classes20.dex): ok
03-02 11:57:05.715  8753 14508 D jni_lib_merge: Entering merged library JNI_OnLoad.
03-02 11:57:05.715  8753 14508 D jni_lib_merge: Preparing 4 pre-merged libs (including stub)
03-02 11:57:05.715  8753 14508 D jni_lib_merge: Preparing to register libhermes_executor_so.  onload_func: 0x79379377e0
03-02 11:57:05.715  8753 14508 D jni_lib_merge: Preparing to register libhermesinstancejni_so.  onload_func: 0x793796d26c
03-02 11:57:05.715  8753 14508 D jni_lib_merge: Preparing to register libjsijniprofiler_so.  onload_func: 0x793796f2bc
03-02 11:57:05.715  8753 14508 D jni_lib_merge: About to register 3 actual methods.
03-02 11:57:05.733   921   921 I BufferQueueDebug: [PopupWindow:5bd82ed#134642](this:0xb400007bcecc2508,id:-1,api:0,p:-1,c:921) onDestructor()
03-02 11:57:05.733   921   921 I BufferQueueDebug: [1b1682 PopupWindow:5bd82ed#134641](this:0xb400007bceccadb8,id:-1,api:0,p:-1,c:921) onDestructor()
03-02 11:57:05.778  8753 14508 D nativeloader: Load /data/app/~~Bh61wenJZi6JNVEuOkVQfQ==/com.softnation.Ojam-nnCVAdHxKfOmup5FCuBDYQ==/base.apk!/lib/arm64-v8a/libexpo-av.so using class loader ns clns-7 (caller=/data/app/~~Bh61wenJZi6JNVEuOkVQfQ==/com.softnation.Ojam-nnCVAdHxKfOmup5FCuBDYQ==/base.apk!classes21.dex): ok
03-02 11:57:05.824  1621  1730 D AS.BtHelper: isBluetoothScoOn() mBluetoothHeadset is null: falsemBluetoothHeadsetDevice is null: true
03-02 11:57:05.824  1621  1730 V AS.AudioDeviceBroker: requestedCommunicationDevice: null mAudioModeOwner: AudioModeInfo: mMode=MODE_NORMAL, mPid=0, mUid=0
03-02 11:57:05.825  1621  1730 D AS.BtHelper: isBluetoothScoOn() mBluetoothHeadset is null: falsemBluetoothHeadsetDevice is null: true
03-02 11:57:05.825  1621  1730 V AS.AudioDeviceBroker: requestedCommunicationDevice: null mAudioModeOwner: AudioModeInfo: mMode=MODE_NORMAL, mPid=0, mUid=0
03-02 11:57:05.834 13844 13847 I AidlLazyServiceRegistrar: Process has 0 (of 1 available) client(s) in use after notification artd has clients: 0
03-02 11:57:05.834 13844 13847 I AidlLazyServiceRegistrar: Trying to shut down the service. No clients in use for any service in process.
03-02 11:57:05.835 13844 13847 I AidlLazyServiceRegistrar: Unregistered all clients and exiting
03-02 11:57:05.873 12297 12471 E msys    : E[N mns]_OnDiskCacheGetData(632)=>Start post callback cache refresh DNS resolution
03-02 11:57:05.880 12297 12471 E msys    : E[N mns]_LogError(228)=>Failed to resolve using system DNS resolver, getaddrinfo(): No address associated with hostname
03-02 11:57:05.880 12297 12471 E msys    : E[N mns]_OnDiskCacheGetData(632)=>Start post callback cache refresh DNS resolution
03-02 11:57:05.882 12297 12471 E msys    : E[N mns]_OnDiskCacheGetData(632)=>Start post callback cache refresh DNS resolution
03-02 11:57:05.883 12297 12471 E msys    : E[N mns]_LogError(228)=>Failed to resolve using system DNS resolver, getaddrinfo(): No address associated with hostname
03-02 11:57:05.889 12297 12471 E msys    : E[N mns]_LogError(228)=>Failed to resolve using system DNS resolver, getaddrinfo(): No address associated with hostname
03-02 11:57:05.896  1621  1730 W ContentProviderHelper: No provider info for content provider com.miui.personalassistant.servicedeliver.system.provider when providerRunning is false, caller is ProcessRecord{b4ea4fc 1999:com.miui.home/u0a166}
03-02 11:57:05.897  1999 17839 E ActivityThread: Failed to find provider info for com.miui.personalassistant.servicedeliver.system.provider
03-02 11:57:05.898  1999 17839 E ServiceDeliveryCompat: isSupportServiceDelivery
03-02 11:57:05.898  1999 17839 E ServiceDeliveryCompat: java.lang.IllegalArgumentException: Unknown authority com.miui.personalassistant.servicedeliver.system.provider
03-02 11:57:05.898  1999 17839 E ServiceDeliveryCompat: 	at android.content.ContentResolver.call(ContentResolver.java:2463)
03-02 11:57:05.898  1999 17839 E ServiceDeliveryCompat: 	at android.content.ContentResolver.call(ContentResolver.java:2446)
03-02 11:57:05.898  1999 17839 E ServiceDeliveryCompat: 	at com.miui.home.launcher.servicedeliver.ServiceDeliveryUtils.isSupportServiceDelivery(ServiceDeliveryUtils.kt:28)
03-02 11:57:05.898  1999 17839 E ServiceDeliveryCompat: 	at com.miui.home.launcher.servicedeliver.ServiceDeliveryReplaceHelper.lambda$tryReplaceToServiceDelivery$1(ServiceDeliveryReplaceHelper.java:67)
03-02 11:57:05.898  1999 17839 E ServiceDeliveryCompat: 	at com.miui.home.launcher.servicedeliver.ServiceDeliveryReplaceHelper.$r8$lambda$WUWmthv-UjITX40FJ8ag1YKl6O8(Unknown Source:0)
03-02 11:57:05.898  1999 17839 E ServiceDeliveryCompat: 	at com.miui.home.launcher.servicedeliver.ServiceDeliveryReplaceHelper$$ExternalSyntheticLambda1.run(Unknown Source:2)
03-02 11:57:05.898  1999 17839 E ServiceDeliveryCompat: 	at java.util.concurrent.Executors$RunnableAdapter.call(Executors.java:520)
03-02 11:57:05.898  1999 17839 E ServiceDeliveryCompat: 	at java.util.concurrent.FutureTask.run(FutureTask.java:317)
03-02 11:57:05.898  1999 17839 E ServiceDeliveryCompat: 	at java.util.concurrent.ThreadPoolExecutor.runWorker(ThreadPoolExecutor.java:1154)
03-02 11:57:05.898  1999 17839 E ServiceDeliveryCompat: 	at java.util.concurrent.ThreadPoolExecutor$Worker.run(ThreadPoolExecutor.java:652)
03-02 11:57:05.898  1999 17839 E ServiceDeliveryCompat: 	at java.lang.Thread.run(Thread.java:1563)
03-02 11:57:05.898  1999 17839 I ServiceDeliveryReplaceHelper: tryReplaceToDelivery: isSupportServiceDelivery false
03-02 11:57:05.926  1621  1746 E JobScheduler.Background: Couldn't determine stopped state for unknown package: com.google.android.apps.turbo
03-02 11:57:05.926  1621  1746 E JobScheduler.Background: Couldn't determine stopped state for unknown package: com.google.android.apps.turbo
03-02 11:57:05.927  1621  1746 E JobScheduler.Background: Couldn't determine stopped state for unknown package: com.google.android.apps.turbo
03-02 11:57:05.927  1621  1746 E JobScheduler.Background: Couldn't determine stopped state for unknown package: com.google.android.apps.turbo
03-02 11:57:05.927  1621  1746 E JobScheduler.Background: Couldn't determine stopped state for unknown package: com.google.android.apps.turbo
03-02 11:57:05.933  1159  1606 D ULogGuard: Monitoring: 18 threads, 0 requests, 0 time-bombs; 1 guards. ResetFlags = 0x7
03-02 11:57:05.935   849  1430 I hwcomposer: [HWC] (0)fire a callback of refresh to SF[4]  
03-02 11:57:05.959   849   849 I hwcomposer: [HWCDisplay] (0 updateFps():3667), (type:1, mode:2) fps:5.820975,dur:1030.76,max:380.11,min:15.90  
03-02 11:57:05.962   921   921 I MI-SF   : surfaceflinger setAffinity mode=1
03-02 11:57:05.962   921   921 E MI-SF   : surfaceflinger setAffinity success
03-02 11:57:05.962   921   921 I MI-SF   : surfaceflinger setreAffinity reTid=1207
03-02 11:57:05.962   921   921 E MI-SF   : surfaceflinger setAffinity success
03-02 11:57:06.029 19536 19795 I Finsky  : [112445] Stats for Executor: LightweightExecutor uxy@e5a6c29[Running, pool size = 4, active threads = 0, queued tasks = 0, completed tasks = 6525]
03-02 11:57:06.029 19536 19795 I Finsky  : [112445] Stats for Executor: BlockingExecutor uxy@6ae4ba[Running, pool size = 0, active threads = 0, queued tasks = 0, completed tasks = 635]
03-02 11:57:06.031 18562 13630 D BluetoothDevice: getAddress: mAddress=XX:XX:XX:XX:E1:4F
03-02 11:57:06.031 18562 13630 D BluetoothDevice: getAddress: mAddress=XX:XX:XX:XX:94:A5
03-02 11:57:06.031 18562 13630 D BluetoothDevice: getAddress: mAddress=XX:XX:XX:XX:6E:27
03-02 11:57:06.031 18562 13630 D BluetoothDevice: getAddress: mAddress=XX:XX:XX:XX:9D:81
03-02 11:57:06.031 18562 13630 D BluetoothDevice: getAddress: mAddress=XX:XX:XX:XX:EE:F9
03-02 11:57:06.031 18562 13630 D BluetoothDevice: getAddress: mAddress=XX:XX:XX:XX:C8:A7
03-02 11:57:06.031 18562 13630 D BluetoothDevice: getAddress: mAddress=XX:XX:XX:XX:2F:74
03-02 11:57:06.032 18562 13630 D BluetoothDevice: getAddress: mAddress=XX:XX:XX:XX:69:70
03-02 11:57:06.032 18562 13630 D BluetoothDevice: getAddress: mAddress=XX:XX:XX:XX:C0:39
03-02 11:57:06.034 18562 29326 D BluetoothDevice: getAddress: mAddress=XX:XX:XX:XX:E1:4F
03-02 11:57:06.034 18562 29326 D BluetoothDevice: getAddress: mAddress=XX:XX:XX:XX:94:A5
03-02 11:57:06.034 18562 29326 D BluetoothDevice: getAddress: mAddress=XX:XX:XX:XX:6E:27
03-02 11:57:06.034 18562 29326 D BluetoothDevice: getAddress: mAddress=XX:XX:XX:XX:9D:81
03-02 11:57:06.034 18562 29326 D BluetoothDevice: getAddress: mAddress=XX:XX:XX:XX:EE:F9
03-02 11:57:06.034 18562 29326 D BluetoothDevice: getAddress: mAddress=XX:XX:XX:XX:C8:A7
03-02 11:57:06.034 18562 29326 D BluetoothDevice: getAddress: mAddress=XX:XX:XX:XX:2F:74
03-02 11:57:06.034 18562 29326 D BluetoothDevice: getAddress: mAddress=XX:XX:XX:XX:69:70
03-02 11:57:06.035 18562 29326 D BluetoothDevice: getAddress: mAddress=XX:XX:XX:XX:C0:39
03-02 11:57:06.037 18562 13630 D BluetoothDevice: getAddress: mAddress=XX:XX:XX:XX:E1:4F
03-02 11:57:06.037 18562 13630 D BluetoothDevice: getAddress: mAddress=XX:XX:XX:XX:94:A5
03-02 11:57:06.037 18562 13630 D BluetoothDevice: getAddress: mAddress=XX:XX:XX:XX:6E:27
03-02 11:57:06.037 18562 13630 D BluetoothDevice: getAddress: mAddress=XX:XX:XX:XX:9D:81
03-02 11:57:06.037 18562 13630 D BluetoothDevice: getAddress: mAddress=XX:XX:XX:XX:EE:F9
03-02 11:57:06.037 18562 13630 D BluetoothDevice: getAddress: mAddress=XX:XX:XX:XX:C8:A7
03-02 11:57:06.037 18562 13630 D BluetoothDevice: getAddress: mAddress=XX:XX:XX:XX:2F:74
03-02 11:57:06.037 18562 13630 D BluetoothDevice: getAddress: mAddress=XX:XX:XX:XX:69:70
03-02 11:57:06.037 18562 13630 D BluetoothDevice: getAddress: mAddress=XX:XX:XX:XX:C0:39
03-02 11:57:06.068  1621  1918 E HyperSentinel: -------------------------------------------------------
03-02 11:57:06.068  1621  1918 E HyperSentinel: Event_OpenFileFDSize
03-02 11:57:06.068  1621  1918 E HyperSentinel: -> audit event by proc 1621 "system_server": Fd increasement, peak, 1058 -> 945
03-02 11:57:06.069  1621  1917 D MiuiSentinelService: begin judgment FdAmountLeakException
03-02 11:57:06.113  1201  1298 D AALLightSensor: oldLux=32 [SA:-1 LA:-1] newLux=32 (oriLux: 32)
03-02 11:57:06.118   921   921 I BufferQueueProducer: [StatusBar#109](this:0xb400007bcec4ab68,id:-1,api:0,p:-1,c:921) queueBuffer: fps=0.99 dur=1011.97 max=1011.97 min=1011.97
03-02 11:57:06.122   921   921 I MI-SF   : surfaceflinger setAffinity mode=0
03-02 11:57:06.122   921   921 E MI-SF   : surfaceflinger setAffinity success
03-02 11:57:06.132 19536 19795 I Finsky  : [112445] Stats for Executor: bgExecutor uxy@7f913d4[Running, pool size = 4, active threads = 0, queued tasks = 0, completed tasks = 8249]
03-02 11:57:06.239   849  1430 I hwcomposer: [HWC] (0)fire a callback of refresh to SF[4]  
03-02 11:57:06.265   921   921 I MI-SF   : surfaceflinger setAffinity mode=1
03-02 11:57:06.266   921   921 E MI-SF   : surfaceflinger setAffinity success
03-02 11:57:06.266   921   921 I MI-SF   : surfaceflinger setreAffinity reTid=1207
03-02 11:57:06.266   921   921 E MI-SF   : surfaceflinger setAffinity success
03-02 11:57:06.273  1621  3051 D ActivityManager: getProcessesInErrorState callingUid=10383, CallingPid=10222
03-02 11:57:06.349  1621  1621 D UiModeManager: updateConfigurationLocked: mDockState=0; mCarMode=false; mCar=false; mPowerSave=false; mOverrideNightModeOn=false; mOverrideNightModeOff=false; mComputedNightMode=true; mNightModeValue=2; uiMode=42
03-02 11:57:06.351  6027  6027 I PowerSaveService: onReceive: android.intent.action.BATTERY_CHANGED
03-02 11:57:06.352  6027  6027 I PowerNoticeUI: handleBatteryChanged oldPlugType 2 mPlugType 2 oldBatteryLevel 44 mBatteryLevel 44 temperature 420
03-02 11:57:06.352  6515  8177 D PowerCheckerService: onBatteryChanged, mBatteryLevel = 44, status = 2, level = 44, plug = 2, scale = 100
03-02 11:57:06.352  6515  6997 I ProcAudioPowerManager: onBatteryChanged, onBattery is false
03-02 11:57:06.352  6027  6027 I ChargerBatteryIntelligenceReceiver: onBatteryChanged temperature∩╝Ü42,plugType:2
03-02 11:57:06.352  6027  6027 I ChargerBatteryIntelligenceReceiver: dissmissTempFastChargeReminder not support
03-02 11:57:06.352  6515  6997 D PowerKeeper.FrozenApp: onBatteryChanged plug=true mBatteryPlugged=2
03-02 11:57:06.352  6027  6027 D BaseChargeProtect_HighTemp: mCountByMinute:0,isScreenOn:true
03-02 11:57:06.353  6515  8142 D PowerKeeper.Thermal: mBatteryTemperature: 42
03-02 11:57:06.354  6027  6027 I android_os_HwBinder: HwBinder: Starting thread pool for getting: vendor.xiaomi.hardware.micharge@1.0::IMiCharge/default
03-02 11:57:06.356   872   908 I vendor.xiaomi.hardware.micharge@1.0-service: ReadFilePathValue path = /sys/class/power_supply/usb/real_type value = USB
03-02 11:57:06.356  6027  6027 I IMiChargeUtils: getIMiChargeStringValue method:getBatteryChargeType,value:USB
03-02 11:57:06.356  6027  6027 I IMiChargeUtils: getBatteryChargeType : USB
03-02 11:57:06.356  6027  6027 I ChargeTimeUtilsV2: chargeType:USB
03-02 11:57:06.356  6027  6027 I PowerFeatureUtils: getVendorName:mediatek
03-02 11:57:06.356  6027  6027 I PowerFeatureUtils: getVendorName:mediatek
03-02 11:57:06.468   861   947 I libPerfCtl: xgfGetFPS pid:921 fps:-1
03-02 11:57:06.468   861   947 I libPerfCtl: xgfGetFPS pid:2363 fps:-1
03-02 11:57:06.628  1621  1856 D InetDiagMessage: Destroyed 1 sockets, proto=IPPROTO_TCP, family=AF_INET, states=14
03-02 11:57:06.630  1621  1856 D InetDiagMessage: Destroyed 0 sockets, proto=IPPROTO_TCP, family=AF_INET6, states=14
03-02 11:57:06.630  1621  1856 D InetDiagMessage: Destroyed live tcp sockets for uids={10310} in 5ms
03-02 11:57:06.632  1621  1856 D InetDiagMessage: Destroyed 0 sockets, proto=IPPROTO_TCP, family=AF_INET, states=14
03-02 11:57:06.634  1621  1856 D InetDiagMessage: Destroyed 0 sockets, proto=IPPROTO_TCP, family=AF_INET6, states=14
03-02 11:57:06.634  1621  1856 D InetDiagMessage: Destroyed live tcp sockets for uids={20310} in 4ms
03-02 11:57:06.713  1201  1298 D AALService: [CRTC_114] onALIChanged: 32 -> 26
03-02 11:57:06.717  2350  2350 W Settings: Setting airplane_mode_on has moved from android.provider.Settings.System to android.provider.Settings.Global, returning read-only value.
03-02 11:57:06.719  2350  2350 W Settings: Setting airplane_mode_on has moved from android.provider.Settings.System to android.provider.Settings.Global, returning read-only value.
03-02 11:57:06.721  2350 29580 D NetworkSpeedTracker: updateSignalInfo lteRsrp=-88lteSnr=17,phoneId=1
03-02 11:57:06.724  2350 29580 D NetworkSpeedTracker: updateSignalInfo lteRsrp=-88lteSnr=17,phoneId=1
03-02 11:57:06.828  1621  3051 D AS.BtHelper: isBluetoothScoOn() mBluetoothHeadset is null: falsemBluetoothHeadsetDevice is null: true
03-02 11:57:06.828  1621  3051 V AS.AudioDeviceBroker: requestedCommunicationDevice: null mAudioModeOwner: AudioModeInfo: mMode=MODE_NORMAL, mPid=0, mUid=0
03-02 11:57:06.829  1621  3051 D AS.BtHelper: isBluetoothScoOn() mBluetoothHeadset is null: falsemBluetoothHeadsetDevice is null: true
03-02 11:57:06.829  1621  3051 V AS.AudioDeviceBroker: requestedCommunicationDevice: null mAudioModeOwner: AudioModeInfo: mMode=MODE_NORMAL, mPid=0, mUid=0
03-02 11:57:06.838  1621  1666 I SmartPower: com.whatsapp/10300(11977): idle->background(3516ms) R(broadcast start Intent { act=android.intent.action.BATTERY_CHANGED flg=0x60000010 (has extras) }) adj=227.
03-02 11:57:06.839  1621  1666 I SmartPower: com.instagram.android/10301(12297): idle->background(3517ms) R(broadcast start Intent { act=android.intent.action.BATTERY_CHANGED flg=0x60000010 (has extras) }) adj=905.
03-02 11:57:06.839  1621  1666 I SmartPower: com.facebook.katana/10287(13089): idle->background(3502ms) R(broadcast start Intent { act=android.intent.action.BATTERY_CHANGED flg=0x60000010 (has extras) }) adj=905.
03-02 11:57:06.840  1621  1666 I SmartPower: com.whatsapp/99910300(13110): idle->background(3496ms) R(broadcast start Intent { act=android.intent.action.BATTERY_CHANGED flg=0x60000010 (has extras) }) adj=500.
03-02 11:57:07.079 14244 14558 D ProfileInstaller: Skipping profile installation for cn.xender
03-02 11:57:07.085  8753 14508 I ExpoModulesCore: Γ£à AppContext was initialized
03-02 11:57:07.113  1201  1298 D AALService: [CRTC_114] onALIChanged: 26 -> 29
03-02 11:57:07.232  8753 14508 W unknown:BridgelessReact: ReactHost{0}.getOrCreateReactInstanceTask(): Loading JS Bundle
03-02 11:57:07.233  8753 14508 W unknown:BridgelessReact: ReactHost{0}.getOrCreateReactInstanceTask(): Calling DevSupportManagerBase.onNewReactContextCreated(reactContext)
03-02 11:57:07.240  8753 14508 W unknown:BridgelessReact: ReactHost{0}.startSurface(surfaceId = 0): Execute
03-02 11:57:07.240  8753  8753 W unknown:ReactNative: Packager connection already open, nooping.
03-02 11:57:07.262  8753  8753 W unknown:BridgelessReact: ReactContext.onHostResume()
03-02 11:57:07.270  8753  8753 W unknown:BridgelessReact: ReactHost{0}.getOrCreateReactInstanceTask(): Executing ReactInstanceEventListeners
03-02 11:57:07.372  1055  1186 D connsyslogger: SD_LOG_ROOT is /data/debuglogger/connsyslog/fw.
03-02 11:57:07.373  1055  1186 D connsyslogger: systemReady:1
03-02 11:57:07.468   861   947 I libPerfCtl: xgfGetFPS pid:921 fps:-1
03-02 11:57:07.468   861   947 I libPerfCtl: xgfGetFPS pid:2363 fps:-1
03-02 11:57:07.473 19536 19795 I Finsky  : [112445] Stats for Executor: GrpcBackgroundExecutor uxy@f723d[Running, pool size = 4, active threads = 0, queued tasks = 0, completed tasks = 19]
03-02 11:57:07.515  1177  1177 I thermal_src: recvmsg_expect 5, but get 2 
03-02 11:57:07.515  1177  1177 V thermal_src: TA_DAEMON_CMD_GET_TPCB:ERROR ret=-1
03-02 11:57:07.515  1177  1177 E thermal_src: get_tpcb_from_kernel:error -1. retry...
03-02 11:57:07.515  1177  1177 I thermal_src: recvmsg_expect 5, but get 2 
03-02 11:57:07.515  1177  1177 V thermal_src: TA_DAEMON_CMD_GET_TPCB:ERROR ret=-1
03-02 11:57:07.515  1177  1177 E thermal_src: get_tpcb_from_kernel:error -1. retry...
03-02 11:57:07.515  1177  1177 I thermal_src: recvmsg_expect 4, but get 2 
03-02 11:57:07.515  1177  1177 V thermal_src: TA_DAEMON_CMD_SET_TTJ:ERROR ret=-1
03-02 11:57:07.515  1177  1177 E thermal_src: set_ttj_to_kernel 1:error -1
03-02 11:57:07.516  1177  1177 I thermal_src: recvmsg_expect 2, but get 5 
