03-02 11:59:45.666  2363  2577 D BufferQueueConsumer: [](id:93b00001af4,api:0,p:-1,c:2363) connect: controlledByApp=false
03-02 11:59:45.667  2363  2577 D BLASTBufferQueue: [VRI[Ojam]#5855](f:0,a:0) constructor()
03-02 11:59:45.667  2363  2577 D BLASTBufferQueue: [VRI[Ojam]#5855](f:0,a:0) update width=1080 height=2460 format=-3 mTransformHint=0
03-02 11:59:45.669  1621  1651 I ActivityTaskManager: visible for Task{27e6aff #2 type=home I=com.miui.home/.launcher.Launcher} visible = true isAnimating = false TRANSITION = false PARENTS = false CHILDREN = false
03-02 11:59:45.671  2363  2577 D VRI[Ojam]: vri.reportNextDraw android.view.ViewRootImpl.performTraversals:4984 android.view.ViewRootImpl.doTraversal:3564 android.view.ViewRootImpl$TraversalRunnable.run:11781 android.view.Choreographer$CallbackRecord.run:1804 android.view.Choreographer$CallbackRecord.run:1813 
03-02 11:59:45.672  2363  2577 D VRI[Ojam]: Setup new sync=wmsSync-VRI[Ojam]#50
03-02 11:59:45.673  2363  2648 D HWUI    : makeCurrent grContext:0xb4000079f1a172d0 reset mTextureAvailable
03-02 11:59:45.674  1999  2684 E ActivityManagerWrapper: getRecentTasksForceIncludingTaskIdIfValid: getRecentTasks: size=3
03-02 11:59:45.674  1999  2684 E ActivityManagerWrapper:  mainTaskId=37050   userId=0   windowMode=1   baseIntent=Intent { act=null flag=268435456 cmp=ComponentInfo{com.softnation.Ojam/com.softnation.Ojam.MainActivity} }
03-02 11:59:45.674  1999  2684 E ActivityManagerWrapper:  mainTaskId=37019   userId=0   windowMode=1   baseIntent=Intent { act=null flag=268435456 cmp=ComponentInfo{com.whatsapp/com.whatsapp.home.ui.HomeActivity} }
03-02 11:59:45.674  1999  2684 E ActivityManagerWrapper:  mainTaskId=36980   userId=0   windowMode=1   baseIntent=Intent { act=android.intent.action.MAIN flag=270532608 cmp=ComponentInfo{com.twitter.android/com.twitter.android.StartActivity} }
03-02 11:59:45.675  1999  1999 D Launcher.Lifecycle: onWindowFocusChanged:false,UserHandle{0},c143874,true
03-02 11:59:45.682  1621  1842 I MiuiNetworkPolicy: updateUidState uid = 10337, uidState = 19
03-02 11:59:45.689 11113 11113 I softnation.Ojam: Late-enabling -Xcheck:jni
03-02 11:59:45.691  1999  2684 D TaskSnapshotCompatVV: getIsInvalidateFromTaskSnapshot, return, mTaskSnapshot=null, mTaskSnapshotClazz=null
03-02 11:59:45.691  1999  2684 D RecentsModel: onTaskStackChangedBackground    MSG_TASK_STACK_CHANGE
03-02 11:59:45.691  1999  2684 D RecentsModel: boostTaskStackChangedThread once, tid=2684, recentResourceLoaderTid=2525
03-02 11:59:45.692  1999  2684 W MiBridge: Permission not granted !!
03-02 11:59:45.692  1999  2684 D Launcher.Boost: setDynamicVIPTaskIfNeeded::tid = 2684 duration = 500
03-02 11:59:45.694  2246  2407 I Tethering: [BpfCoordinator] onAlertReached
03-02 11:59:45.695  1621  5247 I ATMSImpl: cacheTasksForDefaultDisplay size=4
03-02 11:59:45.696  2363  2648 D BLASTBufferQueue: [VRI[Ojam]#5855](f:0,a:1) acquireNextBufferLocked size=1080x2460 mFrameNumber=1 applyTransaction=true mTimestamp=614379243510695(auto) mPendingTransactions.size=0 graphicBufferId=10149007875991 transform=0
03-02 11:59:45.697  1999  2684 D RecentsModel: getRunningTask ignoreActivityType : 2 ,ignoreWindowMode:5
03-02 11:59:45.698  1999  2684 W RecentsModel: getRunningTask   taskInfo=TaskInfo{userId=0 taskId=37050 displayId=0 isRunning=true baseIntent=Intent { flg=0x10000000 cmp=com.softnation.Ojam/.MainActivity } baseActivity=ComponentInfo{com.softnation.Ojam/com.softnation.Ojam.MainActivity} topActivity=ComponentInfo{com.softnation.Ojam/com.softnation.Ojam.MainActivity} origActivity=null realActivity=ComponentInfo{com.softnation.Ojam/com.softnation.Ojam.MainActivity} numActivities=1 lastActiveTime=1032145115 supportsSplitScreenMultiWindow=true supportsMultiWindow=true resizeMode=1 isResizeable=true minWidth=-1 minHeight=-1 defaultMinSize=200 token=WCT{android.window.IWindowContainerToken$Stub$Proxy@fc164d4} topActivityType=1 pictureInPictureParams=null shouldDockBigOverlays=false launchIntoPipHostTaskId=-1 lastParentTaskIdBeforePip=-1 displayCutoutSafeInsets=null topActivityInfo=ActivityInfo{208b67d com.softnation.Ojam.MainActivity} launchCookies=[] positionInParent=Point(0, 0) parentTaskId=-1 isFocused=false isVisible=false isVisibleRequested=true isSleeping=false locusId=null displayAreaFeatureId=1 isTopActivityTransparent=false appCompatTaskInfo=AppCompatTaskInfo { topActivityInSizeCompat=false topActivityEligibleForLetterboxEducation= falseisLetterboxEducationEnabled= false isLetterboxDoubleTapEnabled= false topActivityEligibleForUserAspectRatioButton= false topActivityBoundsLetterboxed= false isFromLetterboxDoubleTap= false topActivityLetterboxVerticalPosition= -1 topActivityLetterboxHorizontalPosition= -1 topActivityLetterboxWidth=1080 topActivityLetterboxHeight=2460 isUserFullscreenOverrideEnabled=false isSystemFullscreenOverrideEnabled=false cameraCompatTaskInfo=CameraCompatTaskInfo { cameraCompatControlState=hidden freeformCameraCompatMode=inactive}} isImmersive=false mTopActivityRequestOrientation=1 mBehindAppLockPkg=null mOriginatingUid=0 isEmbedded=false shouldBeVisible=true mIsCastMode=false mTopActivityMediaSize=null mTopActivityRecordName=ActivityRecord{5f1b774 u0 com.softnation.Ojam/.MainActivity t37050} mTopActivityOrientation=1}
03-02 11:59:45.698  1999  2684 D RecentsModel: preloadRecents runningTaskId:37050, mCurrentRunningTaskId:-1, mRecentsTaskLoadPlan=com.android.systemui.shared.recents.model.RecentsTaskLoadPlan@6fdf972
03-02 11:59:45.699  2363  2577 D VRI[Ojam]: vri.reportDrawFinished
03-02 11:59:45.702  1999  2684 E ActivityManagerWrapper: get all recent tasks force including 37050
03-02 11:59:45.710  1621  1651 D MiuiRefreshRatePolicy: reset
03-02 11:59:45.711  1621  1651 D PreStartingManager: Not init when use PreStartingManager!
03-02 11:59:45.711  1621  1651 D WindowManager: Set transition=TransitionRecord{3108347 id=10190 type=OPEN flags=0x0}, ready=true, SyncId=10190 
03-02 11:59:45.713  1621  1651 I SmartPower: com.softnation.Ojam/10337(0): died->visible(579ms) R(become visible) adj=-10000.
03-02 11:59:45.715  1621  1651 I WindowManager: wms.showSurfaceRobustly mWin:Window{798355b u0 Splash Screen com.softnation.Ojam}
03-02 11:59:45.715  1621  1651 D WindowManager: Final targets: [Task{bc41d12 #37050 type=standard A=10337:com.softnation.Ojam}, Task{d151cdd #1 type=home}]
03-02 11:59:45.717   921  1587 I BufferQueueDebug: [Transition Root #10190: Task=37050#134691](this:0xb400007bcecb6ec8,id:-1,api:0,p:-1,c:-1) BufferQueue core=(921:/system/bin/surfaceflinger)
03-02 11:59:45.724   921  1587 I BufferQueueDebug: [Surface(name=5b2ee94 StatusBar#103)/@0xf6cf932 - animation-leash of insets_animation#134692](this:0xb400007bceca2fd8,id:-1,api:0,p:-1,c:-1) BufferQueue core=(921:/system/bin/surfaceflinger)
03-02 11:59:45.726   921  1587 I BufferQueueDebug: [Surface(name=77d8129 NavigationBar0#101614)/@0x3faba4f - animation-leash of insets_animation#134693](this:0xb400007bcec64578,id:-1,api:0,p:-1,c:-1) BufferQueue core=(921:/system/bin/surfaceflinger)
03-02 11:59:45.727  1621  1651 D MiuiRefreshRatePolicy: reset
03-02 11:59:45.731 27281 27281 I brdz    : onPause
03-02 11:59:45.732  1621  1651 I ActivityTaskManager: visible for Task{27e6aff #2 type=home I=com.miui.home/.launcher.Launcher} visible = true isAnimating = false TRANSITION = false PARENTS = false CHILDREN = false
03-02 11:59:45.733   921  1166 I BufferQueueDebug: [acc9e86 ActivityRecordInputSink com.softnation.Ojam/.MainActivity#134694](this:0xb400007bcec6a098,id:-1,api:0,p:-1,c:-1) BufferQueue core=(921:/system/bin/surfaceflinger)
03-02 11:59:45.734  2363  2477 I MultiTaskingTaskRepository: needSkip: is home task
03-02 11:59:45.734  2363  2477 W MultiTaskingTaskRepository: onToBackTransitionReady putOrUpdateTaskInfo skip
03-02 11:59:45.736  2363  2477 D MultiTaskingTaskRepository: addOrMoveFullscreenTaskToTop taskId=37050
03-02 11:59:45.737  2363  2477 D MultiTaskingTaskRepository: putOrUpdateTaskInfo: taskInfo.taskId: 37050 current mMultiTaskingTaskInfoList:  ,37049 ,37019 ,36980 ,36770 ,36289 ,5 ,4
03-02 11:59:45.737  2363  2477 D MultiTaskingTaskRepository: java.lang.Throwable
03-02 11:59:45.737  2363  2477 D MultiTaskingTaskRepository: 	at com.android.wm.shell.multitasking.taskmanager.MultiTaskingTaskRepository.updateMultiTaskingTaskInfo(go/retraceme 5c05439c20823397c9aaa04c8ad244598257e2a7e5bd06f03af131ffaee2a4a9:82)
03-02 11:59:45.737  2363  2477 D MultiTaskingTaskRepository: 	at com.android.wm.shell.multitasking.taskmanager.MultiTaskingTaskRepository.putOrUpdateTaskInfo(go/retraceme 5c05439c20823397c9aaa04c8ad244598257e2a7e5bd06f03af131ffaee2a4a9:41)
03-02 11:59:45.737  2363  2477 D MultiTaskingTaskRepository: 	at com.android.wm.shell.multitasking.taskmanager.MultiTaskingTransitionObserver.onTransitionReady(go/retraceme 5c05439c20823397c9aaa04c8ad244598257e2a7e5bd06f03af131ffaee2a4a9:166)
03-02 11:59:45.737  2363  2477 D MultiTaskingTaskRepository: 	at com.android.wm.shell.transition.Transitions.dispatchReady(go/retraceme 5c05439c20823397c9aaa04c8ad244598257e2a7e5bd06f03af131ffaee2a4a9:169)
03-02 11:59:45.737  2363  2477 D MultiTaskingTaskRepository: 	at com.android.wm.shell.transition.Transitions.onTransitionReady(go/retraceme 5c05439c20823397c9aaa04c8ad244598257e2a7e5bd06f03af131ffaee2a4a9:248)
03-02 11:59:45.737  2363  2477 D MultiTaskingTaskRepository: 	at com.android.wm.shell.transition.Transitions$TransitionPlayerImpl$$ExternalSyntheticLambda1.run(go/retraceme 5c05439c20823397c9aaa04c8ad244598257e2a7e5bd06f03af131ffaee2a4a9:47)
03-02 11:59:45.737  2363  2477 D MultiTaskingTaskRepository: 	at android.os.Handler.handleCallback(Handler.java:959)
03-02 11:59:45.737  2363  2477 D MultiTaskingTaskRepository: 	at android.os.Handler.dispatchMessage(Handler.java:100)
03-02 11:59:45.737  2363  2477 D MultiTaskingTaskRepository: 	at android.os.Looper.loopOnce(Looper.java:249)
03-02 11:59:45.737  2363  2477 D MultiTaskingTaskRepository: 	at android.os.Looper.loop(Looper.java:337)
03-02 11:59:45.737  2363  2477 D MultiTaskingTaskRepository: 	at android.os.HandlerThread.run(HandlerThread.java:85)
03-02 11:59:45.737  2363  2477 D MultiTaskingTaskInfo: initFolmeControl::task id = 37050, mBounds = Rect(0, 0 - 1080, 2460)
03-02 11:59:45.738  1999  2684 E ActivityManagerWrapper: getRecentTasksForceIncludingTaskIdIfValid: getRecentTasks: size=3
03-02 11:59:45.738  1999  2684 E ActivityManagerWrapper:  mainTaskId=37050   userId=0   windowMode=1   baseIntent=Intent { act=null flag=268435456 cmp=ComponentInfo{com.softnation.Ojam/com.softnation.Ojam.MainActivity} }
03-02 11:59:45.738  1999  2684 E ActivityManagerWrapper:  mainTaskId=37019   userId=0   windowMode=1   baseIntent=Intent { act=null flag=268435456 cmp=ComponentInfo{com.whatsapp/com.whatsapp.home.ui.HomeActivity} }
03-02 11:59:45.738  1999  2684 E ActivityManagerWrapper:  mainTaskId=36980   userId=0   windowMode=1   baseIntent=Intent { act=android.intent.action.MAIN flag=270532608 cmp=ComponentInfo{com.twitter.android/com.twitter.android.StartActivity} }
03-02 11:59:45.738  1621  1666 I SmartPower: com.milink.service:audio/10190(19603): idle->background(100288ms) R(broadcast start Intent { act=android.intent.action.PACKAGE_RESTARTED dat=package: flg=0x4000010 (has extras) }) adj=100.
03-02 11:59:45.738  2363  2477 E KeyguardTransitionHandlerImpl: activityCount = 0
03-02 11:59:45.738  2363  2477 I ShellTransitions: getMaybeHandlerType active = (#10190) android.os.BinderProxy@e871d8e@0, type = 0
03-02 11:59:45.739  2061  2061 I MiuiWallpaper-MiuiWallpaperManagerService: receive broadcast action = android.intent.action.PACKAGE_RESTARTED
03-02 11:59:45.739  1621  5247 W UserManagerService: Requested status bar icon for non-badged user 0
03-02 11:59:45.740  2363  2477 D MulWinSwitchDecorViewModel: handleEventReceiverIfMultiWinSwitchIsUnsupported: removeEventReceiver, callers=com.android.wm.shell.multitasking.miuimultiwinswitch.miuiwindowdecor.MulWinSwitchDecorViewModel.onTaskOpening:7 com.android.wm.shell.fullscreen.FullscreenTaskListener.onTaskAppeared:97 com.android.wm.shell.ShellTaskOrganizer.onTaskAppeared:9 com.android.wm.shell.ShellTaskOrganizer.onTaskAppeared:3 android.window.TaskOrganizer$1.lambda$onTaskAppeared$5:312 
03-02 11:59:45.741  2363  2477 D MultiTaskingTaskRepository: addOrMoveFullscreenTaskToTop taskId=37050
03-02 11:59:45.741  1999  2756 D EventBus: No subscribers registered for event class com.miui.home.recents.messages.RecentTasksChangedEvent
03-02 11:59:45.741  1999  2756 D EventBus: No subscribers registered for event class org.greenrobot.eventbus.NoSubscriberEvent
03-02 11:59:45.742  6027 30298 I SCTaskStackListener: onTaskStackChanged! inSplit = false
03-02 11:59:45.742  1999  2759 D AnimStateManager: send event 9001 currentState = HomeState windowElement = com.miui.home.recents.anim.WindowElement@47ee23
03-02 11:59:45.744  1999  1999 I AnimStateManager: HomeState handle event 9001
03-02 11:59:45.744  1999  1999 I AnimStateManager: CommonState handle event 9001
03-02 11:59:45.744  1999  1999 I TransitionCallback: get is waitFinishMainAnim = false
03-02 11:59:45.744  1999  1999 I AnimStateManager: onWindowElementChanged. initWindowElement windowElement= com.miui.home.recents.anim.WindowElement@47ee23
03-02 11:59:45.744  1999  1999 I WindowElement: 47ee23 injectRemoteTransition params=RemoteTransitionInfo(token=android.os.BinderProxy@9e3a322, info={id=10190 t=OPEN f=0x0 trk=0 r=[0@Point(0, 0)] c=[{WCT{android.window.IWindowContainerToken$Stub$Proxy@fed01b3} m=OPEN f=NONE leash=Surface(name=Task=37050#134687)/@0xd30cb17 sb=Rect(0, 0 - 1080, 2460) eb=Rect(0, 0 - 1080, 2460) d=0 taskParent=-1},{WCT{android.window.IWindowContainerToken$Stub$Proxy@1e07370} m=TO_BACK f=SHOW_WALLPAPER leash=Surface(name=Task=1#47)/@0x671ab04 sb=Rect(0, 0 - 1080, 2460) eb=Rect(0, 0 - 1080, 2460) d=0 taskParent=-1}] mk=[true] noAni=[false] df=[false] rsa=[false] oa=[false] iSync=[-1]}, t=android.view.SurfaceControl$Transaction@85d76e9, finishCallback=android.window.IRemoteTransitionFinishedCallback$Stub$Proxy@b3ccf6e, isMerge=true, mergeTarget=android.os.BinderProxy@921497f)
03-02 11:59:45.744  1999  1999 E WindowTransitionCompat: TransitionTest wrapRemoteTransition
03-02 11:59:45.744  1999  1999 I WindowTransitionCompat: HomeShellTransition IRemoteTransition mergeAnimation,expectHandlerType = 0 only ar = false
03-02 11:59:45.744  1999  1999 I WindowElement: 47ee23 onTransitionMerged, done = false hasNewAnim = false
03-02 11:59:45.745  1999  1999 D WindowTransitionCompat: printLeash::TransitionInfo = {id=10190 t=OPEN f=0x0 trk=0 r=[0@Point(0, 0)] c=[{WCT{android.window.IWindowContainerToken$Stub$Proxy@fed01b3} m=OPEN f=NONE leash=Surface(name=Task=37050#134687)/@0xd30cb17 sb=Rect(0, 0 - 1080, 2460) eb=Rect(0, 0 - 1080, 2460) d=0 taskParent=-1},{WCT{android.window.IWindowContainerToken$Stub$Proxy@1e07370} m=TO_BACK f=SHOW_WALLPAPER leash=Surface(name=Task=1#47)/@0x671ab04 sb=Rect(0, 0 - 1080, 2460) eb=Rect(0, 0 - 1080, 2460) d=0 taskParent=-1}] mk=[true] noAni=[false] df=[false] rsa=[false] oa=[false] iSync=[-1]}
03-02 11:59:45.745  1999  1999 D WindowTransitionCompat: printLeash::index = 0, change = {WCT{android.window.IWindowContainerToken$Stub$Proxy@fed01b3} m=OPEN f=NONE leash=Surface(name=Task=37050#134687)/@0xd30cb17 sb=Rect(0, 0 - 1080, 2460) eb=Rect(0, 0 - 1080, 2460) d=0 taskParent=-1}
03-02 11:59:45.745  1999  1999 D WindowTransitionCompat: printLeash::taskInfo = TaskInfo{userId=0 taskId=37050 displayId=0 isRunning=true baseIntent=Intent { flg=0x10000000 cmp=com.softnation.Ojam/.MainActivity } baseActivity=ComponentInfo{com.softnation.Ojam/com.softnation.Ojam.MainActivity} topActivity=ComponentInfo{com.softnation.Ojam/com.softnation.Ojam.MainActivity} origActivity=null realActivity=ComponentInfo{com.softnation.Ojam/com.softnation.Ojam.MainActivity} numActivities=1 lastActiveTime=1032145043 supportsSplitScreenMultiWindow=true supportsMultiWindow=true resizeMode=1 isResizeable=true minWidth=-1 minHeight=-1 defaultMinSize=200 token=WCT{android.window.IWindowContainerToken$Stub$Proxy@d2c060f} topActivityType=1 pictureInPictureParams=null shouldDockBigOverlays=false launchIntoPipHostTaskId=-1 lastParentTaskIdBeforePip=-1 displayCutoutSafeInsets=null topActivityInfo=ActivityInfo{431569c com.softnation.Ojam.MainActivity} launchCookies=[] positionInParent=Point(0, 0) parentTaskId=-1 isFocused=false isVisible=true isVisibleRequested=true isSleeping=false locusId=null displayAreaFeatureId=1 isTopActivityTransparent=false appCompatTaskInfo=AppCompatTaskInfo { topActivityInSizeCompat=false topActivityEligibleForLetterboxEducation= falseisLetterboxEducationEnabled= false isLetterboxDoubleTapEnabled= false topActivityEligibleForUserAspectRatioButton= false topActivityBoundsLetterboxed= false isFromLetterboxDoubleTap= false topActivityLetterboxVerticalPosition= -1 topActivityLetterboxHorizontalPosition= -1 topActivityLetterboxWidth=1080 topActivityLetterboxHeight=2460 isUserFullscreenOverrideEnabled=false isSystemFullscreenOverrideEnabled=false cameraCompatTaskInfo=CameraCompatTaskInfo { cameraCompatControlState=hidden freeformCameraCompatMode=inactive}} isImmersive=false mTopActivityRequestOrientation=1 mBehindAppLockPkg=null mOriginatingUid=0 isEmbedded=false shouldBeVisible=true mIsCastMode=false mTopActivityMediaSize=null mTopActivityRecordName=ActivityRecord{5f1b774 u0 com.softnation.Ojam/.MainActivity t37050} mTopActivityOrientation=1}
03-02 11:59:45.745  1999  1999 D WindowTransitionCompat: printLeash::index = 1, change = {WCT{android.window.IWindowContainerToken$Stub$Proxy@1e07370} m=TO_BACK f=SHOW_WALLPAPER leash=Surface(name=Task=1#47)/@0x671ab04 sb=Rect(0, 0 - 1080, 2460) eb=Rect(0, 0 - 1080, 2460) d=0 taskParent=-1}
03-02 11:59:45.745  1999  1999 D WindowTransitionCompat: printLeash::taskInfo = TaskInfo{userId=0 taskId=1 displayId=0 isRunning=true baseIntent=Intent { act=android.intent.action.MAIN cat=[android.intent.category.HOME] flg=0x10000100 cmp=com.miui.home/.launcher.Launcher } baseActivity=ComponentInfo{com.miui.home/com.miui.home.launcher.Launcher} topActivity=ComponentInfo{com.miui.home/com.miui.home.launcher.Launcher} origActivity=null realActivity=null numActivities=1 lastActiveTime=42083 supportsSplitScreenMultiWindow=true supportsMultiWindow=true resizeMode=2 isResizeable=true minWidth=-1 minHeight=-1 defaultMinSize=200 token=WCT{android.window.IWindowContainerToken$Stub$Proxy@a0d98a5} topActivityType=2 pictureInPictureParams=null shouldDockBigOverlays=false launchIntoPipHostTaskId=-1 lastParentTaskIdBeforePip=-1 displayCutoutSafeInsets=Rect(0, 104 - 0, 0) topActivityInfo=ActivityInfo{ea747a com.miui.home.launcher.Launcher} launchCookies=[] positionInParent=Point(0, 0) parentTaskId=-1 isFocused=true isVisible=true isVisibleRequested=false isSleeping=false locusId=null displayAreaFeatureId=1 isTopActivityTransparent=false appCompatTaskInfo=AppCompatTaskInfo { topActivityInSizeCompat=false topActivityEligibleForLetterboxEducation= falseisLetterboxEducationEnabled= false isLetterboxDoubleTapEnabled= false topActivityEligibleForUserAspectRatioButton= false topActivityBoundsLetterboxed= false isFromLetterboxDoubleTap= false topActivityLetterboxVerticalPosition= -1 topActivityLetterboxHorizontalPosition= -1 topActivityLetterboxWidth=1080 topActivityLetterboxHeight=2460 isUserFullscreenOverrideEnabled=false isSystemFullscreenOverrideEnabled=false cameraCompatTaskInfo=CameraCompatTaskInfo { cameraCompatControlState=hidden freeformCameraCompatMode=inactive}} isImmersive=false mTopActivityRequestOrientation=-2 mBehindAppLockPkg=null mOriginatingUid=0 isEmbedded=false shouldBeVisible=false mIsCastMode=false mTopActivityMediaSize=null mTopActivityRecordName=ActivityRecord{9880759 u0 com.miui.home/.launcher.Launcher t2} mTopActivityOrientation=-2}
03-02 11:59:45.745  1999  1999 E WindowTransitionCompat: printLeash::index = 0, root = Surface(name=Transition Root #10190: Task=37050#134691)/@0x99938ed
03-02 11:59:45.745  1999  1999 D Launcher.Boost: setDynamicVIPTaskIfNeeded::duration = 150
03-02 11:59:45.745  1999  1999 I TransitionCallback: mNeedShowLauncher = false
03-02 11:59:45.745  1999  1999 I TransitionCallback: get is waitFinishMainAnim = false
03-02 11:59:45.746  2363  3492 I RecentsTransitionHandler: getRecentsAnimationController fail, controllerIdx = -1
03-02 11:59:45.746  1999  1999 I WindowTransitionCompat: TransitionTest getIRecentsAnimationController = null
03-02 11:59:45.746  1999  1999 I WindowTransitionCompat: 0, check isClosingType type = 1, mode = 1, taskId = 37050, changes leash = Surface(name=Task=37050#134687)/@0xd30cb17, change = {WCT{android.window.IWindowContainerToken$Stub$Proxy@fed01b3} m=OPEN f=NONE leash=Surface(name=Task=37050#134687)/@0xd30cb17 sb=Rect(0, 0 - 1080, 2460) eb=Rect(0, 0 - 1080, 2460) d=0 taskParent=-1}
03-02 11:59:45.746  1999  1999 I WindowTransitionCompat: 1, check isClosingType type = 2, mode = 4, taskId = 1, changes leash = Surface(name=Task=1#47)/@0x671ab04, change = {WCT{android.window.IWindowContainerToken$Stub$Proxy@1e07370} m=TO_BACK f=SHOW_WALLPAPER leash=Surface(name=Task=1#47)/@0x671ab04 sb=Rect(0, 0 - 1080, 2460) eb=Rect(0, 0 - 1080, 2460) d=0 taskParent=-1}
03-02 11:59:45.746  1999  1999 I WindowTransitionCompat: has home
03-02 11:59:45.746  1999  1999 I WindowElement: 47ee23 onTransitionMerged, done = true hasNewAnim = false
03-02 11:59:45.746  1999  1999 I WindowTransitionCompat: cancelAnimAndFinishMain,dont need handle transition type.type is 0
03-02 11:59:45.746   921   921 I SurfaceFlinger: onHandleDestroyed: name=Surface(name=77d8129 NavigationBar0#101614)/@0x3faba4f - animation-leash of insets_animation#134679, layerId=134679, parentId=0
03-02 11:59:45.746   921   921 I SurfaceFlinger: onHandleDestroyed: name=Surface(name=5b2ee94 StatusBar#103)/@0xf6cf932 - animation-leash of insets_animation#134678, layerId=134678, parentId=0
03-02 11:59:45.746  1999  1999 I WindowElement: 47ee23 onAnimCancelByShellFinished needComplete = false
03-02 11:59:45.747  1999  1999 D HomeLayerElement: releaseHomeLeash com.android.systemui.shared.recents.system.SurfaceControlCompat@fbf41ac
03-02 11:59:45.747  1999  1999 D HomeLayerElement: java.lang.Exception
03-02 11:59:45.747  1999  1999 D HomeLayerElement: 	at com.miui.home.recents.anim.HomeLayerElement.releaseHomeLeash(HomeLayerElement.kt:93)
03-02 11:59:45.747  1999  1999 D HomeLayerElement: 	at com.miui.home.recents.anim.WindowElement.onAnimCancelByShellFinishedExecute(WindowElement.kt:455)
03-02 11:59:45.747  1999  1999 D HomeLayerElement: 	at com.miui.home.recents.anim.WindowElement$init$1.onAnimCancelByShellFinished(WindowElement.kt:1174)
03-02 11:59:45.747  1999  1999 D HomeLayerElement: 	at com.android.systemui.shared.recents.system.WindowTransitionCompat.cancelAnimAndFinishMain(WindowTransitionCompat.java:649)
03-02 11:59:45.747  1999  1999 D HomeLayerElement: 	at com.android.systemui.shared.recents.system.WindowTransitionCompat.cancelAnimAndFinishMain(WindowTransitionCompat.java:640)
03-02 11:59:45.747  1999  1999 D HomeLayerElement: 	at com.android.systemui.shared.recents.system.WindowTransitionCompat.access$900(WindowTransitionCompat.java:47)
03-02 11:59:45.747  1999  1999 D HomeLayerElement: 	at com.android.systemui.shared.recents.system.WindowTransitionCompat$2.mergeAnimation(WindowTransitionCompat.java:518)
03-02 11:59:45.747  1999  1999 D HomeLayerElement: 	at com.android.systemui.shared.recents.system.WindowTransitionCompat.wrapRemoteTransition(WindowTransitionCompat.java:740)
03-02 11:59:45.747  1999  1999 D HomeLayerElement: 	at com.miui.home.recents.anim.WindowElement.injectRemoteTransition(WindowElement.kt:687)
03-02 11:59:45.747  1999  1999 D HomeLayerElement: 	at com.miui.home.recents.anim.StateManager$CommonState.handleEvent(StateManager.kt:1291)
03-02 11:59:45.747  1999  1999 D HomeLayerElement: 	at com.miui.home.recents.anim.StateManager.handleEventActually(StateManager.kt:112)
03-02 11:59:45.747  1999  1999 D HomeLayerElement: 	at com.miui.home.recents.anim.StateManager.sendEventActually$lambda-0(StateManager.kt:99)
03-02 11:59:45.747  1999  1999 D HomeLayerElement: 	at com.miui.home.recents.anim.StateManager.$r8$lambda$C-kZp_X93nanDwYsUFIjH_GwEtM(Unknown Source:0)
03-02 11:59:45.747  1999  1999 D HomeLayerElement: 	at com.miui.home.recents.anim.StateManager$$ExternalSyntheticLambda3.run(Unknown Source:4)
03-02 11:59:45.747  1999  1999 D HomeLayerElement: 	at android.os.Handler.handleCallback(Handler.java:959)
03-02 11:59:45.747  1999  1999 D HomeLayerElement: 	at android.os.Handler.dispatchMessage(Handler.java:100)
03-02 11:59:45.747  1999  1999 D HomeLayerElement: 	at android.os.Looper.loopOnce(Looper.java:249)
03-02 11:59:45.747  1999  1999 D HomeLayerElement: 	at android.os.Looper.loop(Looper.java:337)
03-02 11:59:45.747  1999  1999 D HomeLayerElement: 	at android.app.ActivityThread.main(ActivityThread.java:9500)
03-02 11:59:45.747  1999  1999 D HomeLayerElement: 	at java.lang.reflect.Method.invoke(Native Method)
03-02 11:59:45.747  1999  1999 D HomeLayerElement: 	at com.android.internal.os.RuntimeInit$MethodAndArgsCaller.run(RuntimeInit.java:636)
03-02 11:59:45.747  1999  1999 D HomeLayerElement: 	at com.android.internal.os.ZygoteInit.main(ZygoteInit.java:1005)
03-02 11:59:45.747  1999  1999 D WindowAnimImplementorDispatcher: 47ee23 cancelAnim by com.miui.home.recents.anim.windowanim.LocalWindowAnimImplementor@9e19cf1 withoutEndAndEndListener:false toHome:true
03-02 11:59:45.747  1999  2652 I MultiSpringDynamicAnimationccf4de7: TransitionTest cancel
03-02 11:59:45.747  1999  1999 D LocalWindowAnimImplementor: com.miui.home.recents.anim.windowanim.LocalWindowAnimImplementor@9e19cf1 cancelAnim, onAnimCancelByShellFinished toHome:true withoutEndAndEndListener:false
03-02 11:59:45.747  1999  1999 D LocalWindowAnimImplementor: java.lang.Exception
03-02 11:59:45.747  1999  1999 D LocalWindowAnimImplementor: 	at com.miui.home.recents.anim.windowanim.LocalWindowAnimImplementor.cancelAnim(LocalWindowAnimImplementor.kt:168)
03-02 11:59:45.747  1999  1999 D LocalWindowAnimImplementor: 	at com.miui.home.recents.anim.windowanim.WindowAnimImplementorDispatcher.cancelAnim(WindowAnimImplementorDispatcher.kt:97)
03-02 11:59:45.747  1999  1999 D LocalWindowAnimImplementor: 	at com.miui.home.recents.anim.WindowElement.cancelAnim(WindowElement.kt:618)
03-02 11:59:45.747  1999  1999 D LocalWindowAnimImplementor: 	at com.miui.home.recents.anim.WindowElement.cancelAnim$default(WindowElement.kt:608)
03-02 11:59:45.747  1999  1999 D LocalWindowAnimImplementor: 	at com.miui.home.recents.anim.WindowElement.forceStop(WindowElement.kt:532)
03-02 11:59:45.747  1999  1999 D LocalWindowAnimImplementor: 	at com.miui.home.recents.anim.WindowElement.forceStop$default(WindowElement.kt:531)
03-02 11:59:45.747  1999  1999 D LocalWindowAnimImplementor: 	at com.miui.home.recents.anim.WindowElement.onAnimCancelByShellFinishedExecute(WindowElement.kt:457)
03-02 11:59:45.747  1999  1999 D LocalWindowAnimImplementor: 	at com.miui.home.recents.anim.WindowElement$init$1.onAnimCancelByShellFinished(WindowElement.kt:1174)
03-02 11:59:45.747  1999  1999 D LocalWindowAnimImplementor: 	at com.android.systemui.shared.recents.system.WindowTransitionCompat.cancelAnimAndFinishMain(WindowTransitionCompat.java:649)
03-02 11:59:45.747  1999  1999 D LocalWindowAnimImplementor: 	at com.android.systemui.shared.recents.system.WindowTransitionCompat.cancelAnimAndFinishMain(WindowTransitionCompat.java:640)
03-02 11:59:45.747  1999  1999 D LocalWindowAnimImplementor: 	at com.android.systemui.shared.recents.system.WindowTransitionCompat.access$900(WindowTransitionCompat.java:47)
03-02 11:59:45.747  1999  1999 D LocalWindowAnimImplementor: 	at com.android.systemui.shared.recents.system.WindowTransitionCompat$2.mergeAnimation(WindowTransitionCompat.java:518)
03-02 11:59:45.747  1999  1999 D LocalWindowAnimImplementor: 	at com.android.systemui.shared.recents.system.WindowTransitionCompat.wrapRemoteTransition(WindowTransitionCompat.java:740)
03-02 11:59:45.747  1999  1999 D LocalWindowAnimImplementor: 	at com.miui.home.recents.anim.WindowElement.injectRemoteTransition(WindowElement.kt:687)
03-02 11:59:45.747  1999  1999 D LocalWindowAnimImplementor: 	at com.miui.home.recents.anim.StateManager$CommonState.handleEvent(StateManager.kt:1291)
03-02 11:59:45.747  1999  1999 D LocalWindowAnimImplementor: 	at com.miui.home.recents.anim.StateManager.handleEventActually(StateManager.kt:112)
03-02 11:59:45.747  1999  1999 D LocalWindowAnimImplementor: 	at com.miui.home.recents.anim.StateManager.sendEventActually$lambda-0(StateManager.kt:99)
03-02 11:59:45.747  1999  1999 D LocalWindowAnimImplementor: 	at com.miui.home.recents.anim.StateManager.$r8$lambda$C-kZp_X93nanDwYsUFIjH_GwEtM(Unknown Source:0)
03-02 11:59:45.747  1999  1999 D LocalWindowAnimImplementor: 	at com.miui.home.recents.anim.StateManager$$ExternalSyntheticLambda3.run(Unknown Source:4)
03-02 11:59:45.747  1999  1999 D LocalWindowAnimImplementor: 	at android.os.Handler.handleCallback(Handler.java:959)
03-02 11:59:45.747  1999  1999 D LocalWindowAnimImplementor: 	at android.os.Handler.dispatchMessage(Handler.java:100)
03-02 11:59:45.747  1999  1999 D LocalWindowAnimImplementor: 	at android.os.Looper.loopOnce(Looper.java:249)
03-02 11:59:45.747  1999  1999 D LocalWindowAnimImplementor: 	at android.os.Looper.loop(Looper.java:337)
03-02 11:59:45.747  1999  1999 D LocalWindowAnimImplementor: 	at android.app.ActivityThread.main(ActivityThread.java:9500)
03-02 11:59:45.747  1999  1999 D LocalWindowAnimImplementor: 	at java.lang.reflect.Method.invoke(Native Method)
03-02 11:59:45.747  1999  1999 D LocalWindowAnimImplementor: 	at com.android.internal.os.RuntimeInit$MethodAndArgsCaller.run(RuntimeInit.java:636)
03-02 11:59:45.747  1999  1999 D LocalWindowAnimImplementor: 	at com.android.internal.os.ZygoteInit.main(ZygoteInit.java:1005)
03-02 11:59:45.747  1999  1999 D WindowElement: 47ee23 com.miui.home.recents.anim.WindowElement@47ee23 finishTransition toHome = true isHalf = com.miui.home.recents.anim.windowanim.WindowAnimContextImpl@ec3d0d9.isHalf runningTaskId = 0
03-02 11:59:45.747  1999  2684 D TaskSnapshotCompatVV: getIsInvalidateFromTaskSnapshot, return, mTaskSnapshot=null, mTaskSnapshotClazz=null
03-02 11:59:45.748  1999  1999 D AnimStateManager: send event 8001 currentState = HomeState windowElement = com.miui.home.recents.anim.WindowElement@47ee23
03-02 11:59:45.748  1999  1999 I AnimStateManager: HomeState handle event 8001
03-02 11:59:45.748  1999  2684 D RecentsModel: onTaskStackChangedBackground    MSG_TASK_STACK_CHANGE
03-02 11:59:45.748  1999  1999 I AnimStateManager: CommonState handle event 8001
03-02 11:59:45.748  1999  2652 I RectFSpringAnim: cancel mRequestCancel=false mLooperExecutor=com.miui.home.library.utils.LooperExecutor@cdf40c0
03-02 11:59:45.748  1999  2652 I RectFSpringAnim: endDirectly mRequestEnd end
03-02 11:59:45.748  1999  2684 D RecentsModel: boostTaskStackChangedThread, don't boost
03-02 11:59:45.748  1999  1999 D ShortcutMenuLayerElement: setTo, params=ShortcutMenuLayerParams(alpha=1.0, scaleX=1.0, scaleY=1.0, dampingRation=1.2, response=0.5, isSurfaceChange=false)
03-02 11:59:45.748  1999  1999 D ShortcutMenuLayerElement: java.lang.Exception
03-02 11:59:45.748  1999  1999 D ShortcutMenuLayerElement: 	at com.miui.home.recents.anim.ShortcutMenuLayerElement.setTo(ShortcutMenuLayerElement.kt:231)
03-02 11:59:45.748  1999  1999 D ShortcutMenuLayerElement: 	at com.miui.home.recents.anim.StateManager$CommonState.handleEvent(StateManager.kt:1311)
03-02 11:59:45.748  1999  1999 D ShortcutMenuLayerElement: 	at com.miui.home.recents.anim.StateManager.handleEventActually(StateManager.kt:112)
03-02 11:59:45.748  1999  1999 D ShortcutMenuLayerElement: 	at com.miui.home.recents.anim.StateManager.sendEventActually(StateManager.kt:96)
03-02 11:59:45.748  1999  1999 D ShortcutMenuLayerElement: 	at com.miui.home.recents.anim.StateManager.sendEvent(StateManager.kt:122)
03-02 11:59:45.748  1999  1999 D ShortcutMenuLayerElement: 	at com.miui.home.recents.anim.WindowElement.onAnimCancelByShellFinishedExecute(WindowElement.kt:465)
03-02 11:59:45.748  1999  1999 D ShortcutMenuLayerElement: 	at com.miui.home.recents.anim.WindowElement$init$1.onAnimCancelByShellFinished(WindowElement.kt:1174)
03-02 11:59:45.748  1999  1999 D ShortcutMenuLayerElement: 	at com.android.systemui.shared.recents.system.WindowTransitionCompat.cancelAnimAndFinishMain(WindowTransitionCompat.java:649)
03-02 11:59:45.748  1999  1999 D ShortcutMenuLayerElement: 	at com.android.systemui.shared.recents.system.WindowTransitionCompat.cancelAnimAndFinishMain(WindowTransitionCompat.java:640)
03-02 11:59:45.748  1999  1999 D ShortcutMenuLayerElement: 	at com.android.systemui.shared.recents.system.WindowTransitionCompat.access$900(WindowTransitionCompat.java:47)
03-02 11:59:45.748  1999  1999 D ShortcutMenuLayerElement: 	at com.android.systemui.shared.recents.system.WindowTransitionCompat$2.mergeAnimation(WindowTransitionCompat.java:518)
03-02 11:59:45.748  1999  1999 D ShortcutMenuLayerElement: 	at com.android.systemui.shared.recents.system.WindowTransitionCompat.wrapRemoteTransition(WindowTransitionCompat.java:740)
03-02 11:59:45.748  1999  1999 D ShortcutMenuLayerElement: 	at com.miui.home.recents.anim.WindowElement.injectRemoteTransition(WindowElement.kt:687)
03-02 11:59:45.748  1999  1999 D ShortcutMenuLayerElement: 	at com.miui.home.recents.anim.StateManager$CommonState.handleEvent(StateManager.kt:1291)
03-02 11:59:45.748  1999  1999 D ShortcutMenuLayerElement: 	at com.miui.home.recents.anim.StateManager.handleEventActually(StateManager.kt:112)
03-02 11:59:45.748  1999  1999 D ShortcutMenuLayerElement: 	at com.miui.home.recents.anim.StateManager.sendEventActually$lambda-0(StateManager.kt:99)
03-02 11:59:45.748  1999  1999 D ShortcutMenuLayerElement: 	at com.miui.home.recents.anim.StateManager.$r8$lambda$C-kZp_X93nanDwYsUFIjH_GwEtM(Unknown Source:0)
03-02 11:59:45.748  1999  1999 D ShortcutMenuLayerElement: 	at com.miui.home.recents.anim.StateManager$$ExternalSyntheticLambda3.run(Unknown Source:4)
03-02 11:59:45.748  1999  1999 D ShortcutMenuLayerElement: 	at android.os.Handler.handleCallback(Handler.java:959)
03-02 11:59:45.748  1999  1999 D ShortcutMenuLayerElement: 	at android.os.Handler.dispatchMessage(Handler.java:100)
03-02 11:59:45.748  1999  1999 D ShortcutMenuLayerElement: 	at android.os.Looper.loopOnce(Looper.java:249)
03-02 11:59:45.748  1999  1999 D ShortcutMenuLayerElement: 	at android.os.Looper.loop(Looper.java:337)
03-02 11:59:45.748  1999  1999 D ShortcutMenuLayerElement: 	at android.app.ActivityThread.main(ActivityThread.java:9500)
03-02 11:59:45.748  1999  1999 D ShortcutMenuLayerElement: 	at java.lang.reflect.Method.invoke(Native Method)
03-02 11:59:45.748  1999  1999 D ShortcutMenuLayerElement: 	at com.android.internal.os.RuntimeInit$MethodAndArgsCaller.run(RuntimeInit.java:636)
03-02 11:59:45.748  1999  1999 D ShortcutMenuLayerElement: 	at com.android.internal.os.ZygoteInit.main(ZygoteInit.java:1005)
03-02 11:59:45.748  1999  1999 D WallpaperElement: setTo   zoomOut=1.0 useWallpaperAnim = false
03-02 11:59:45.748  1999  1999 D RecentBlurViewElement: setTo: params = RecentBlurParams(blurRadius=0.0, dimming=0.0, dampingRatio=0.95, response=0.45) blurView = null
03-02 11:59:45.748  1999  2652 I MultiSpringDynamicAnimationb413f20: TransitionTest endRequested=true
03-02 11:59:45.750  1621  4230 I ATMSImpl: cacheTasksForDefaultDisplay size=4
03-02 11:59:45.753  1999  2684 D RecentsModel: getRunningTask ignoreActivityType : 2 ,ignoreWindowMode:5
03-02 11:59:45.754  1999  2684 W RecentsModel: getRunningTask   taskInfo=TaskInfo{userId=0 taskId=37050 displayId=0 isRunning=true baseIntent=Intent { flg=0x10000000 cmp=com.softnation.Ojam/.MainActivity } baseActivity=ComponentInfo{com.softnation.Ojam/com.softnation.Ojam.MainActivity} topActivity=ComponentInfo{com.softnation.Ojam/com.softnation.Ojam.MainActivity} origActivity=null realActivity=ComponentInfo{com.softnation.Ojam/com.softnation.Ojam.MainActivity} numActivities=1 lastActiveTime=1032145171 supportsSplitScreenMultiWindow=true supportsMultiWindow=true resizeMode=1 isResizeable=true minWidth=-1 minHeight=-1 defaultMinSize=200 token=WCT{android.window.IWindowContainerToken$Stub$Proxy@c9b5e46} topActivityType=1 pictureInPictureParams=null shouldDockBigOverlays=false launchIntoPipHostTaskId=-1 lastParentTaskIdBeforePip=-1 displayCutoutSafeInsets=null topActivityInfo=ActivityInfo{504a807 com.softnation.Ojam.MainActivity} launchCookies=[] positionInParent=Point(0, 0) parentTaskId=-1 isFocused=false isVisible=true isVisibleRequested=true isSleeping=false locusId=null displayAreaFeatureId=1 isTopActivityTransparent=false appCompatTaskInfo=AppCompatTaskInfo { topActivityInSizeCompat=false topActivityEligibleForLetterboxEducation= falseisLetterboxEducationEnabled= false isLetterboxDoubleTapEnabled= false topActivityEligibleForUserAspectRatioButton= false topActivityBoundsLetterboxed= false isFromLetterboxDoubleTap= false topActivityLetterboxVerticalPosition= -1 topActivityLetterboxHorizontalPosition= -1 topActivityLetterboxWidth=1080 topActivityLetterboxHeight=2460 isUserFullscreenOverrideEnabled=false isSystemFullscreenOverrideEnabled=false cameraCompatTaskInfo=CameraCompatTaskInfo { cameraCompatControlState=hidden freeformCameraCompatMode=inactive}} isImmersive=false mTopActivityRequestOrientation=1 mBehindAppLockPkg=null mOriginatingUid=0 isEmbedded=false shouldBeVisible=true mIsCastMode=false mTopActivityMediaSize=null mTopActivityRecordName=ActivityRecord{5f1b774 u0 com.softnation.Ojam/.MainActivity t37050} mTopActivityOrientation=1}
03-02 11:59:45.754  1999  2684 D RecentsModel: preloadRecents runningTaskId:37050, mCurrentRunningTaskId:-1, mRecentsTaskLoadPlan=com.android.systemui.shared.recents.model.RecentsTaskLoadPlan@a97dd34
03-02 11:59:45.755  1999  2684 E ActivityManagerWrapper: get all recent tasks force including 37050
03-02 11:59:45.758  1999  1999 E WindowTransitionCompat: com.android.systemui.shared.recents.system.WindowTransitionCompat@247375d finishTransition toHome = true
03-02 11:59:45.758  1999  1999 D TransitionCallback: call executeFinishCallback, toHome = true
03-02 11:59:45.758  1999  1999 D TransitionCallback: java.lang.Exception
03-02 11:59:45.758  1999  1999 D TransitionCallback: 	at com.android.systemui.shared.recents.utilities.WindowTransitionCallbackHelper.executeFinishCallback(WindowTransitionCallbackHelper.java:227)
03-02 11:59:45.758  1999  1999 D TransitionCallback: 	at com.android.systemui.shared.recents.utilities.WindowTransitionCallbackHelper.executeFinishCallback(WindowTransitionCallbackHelper.java:163)
03-02 11:59:45.758  1999  1999 D TransitionCallback: 	at com.android.systemui.shared.recents.system.WindowTransitionCompat.finishTransition(WindowTransitionCompat.java:718)
03-02 11:59:45.758  1999  1999 D TransitionCallback: 	at com.miui.home.recents.anim.WindowElement.finishTransitionCompat(WindowElement.kt:344)
03-02 11:59:45.758  1999  1999 D TransitionCallback: 	at com.miui.home.recents.anim.WindowElement.finishTransition$lambda-4(WindowElement.kt:335)
03-02 11:59:45.758  1999  1999 D TransitionCallback: 	at com.miui.home.recents.anim.WindowElement.$r8$lambda$UZ5TJoxl6FF6JNmPqASbjBBP00o(Unknown Source:0)
03-02 11:59:45.758  1999  1999 D TransitionCallback: 	at com.miui.home.recents.anim.WindowElement$$ExternalSyntheticLambda10.run(Unknown Source:8)
03-02 11:59:45.758  1999  1999 D TransitionCallback: 	at android.os.Handler.handleCallback(Handler.java:959)
03-02 11:59:45.758  1999  1999 D TransitionCallback: 	at android.os.Handler.dispatchMessage(Handler.java:100)
03-02 11:59:45.758  1999  1999 D TransitionCallback: 	at android.os.Looper.loopOnce(Looper.java:249)
03-02 11:59:45.758  1999  1999 D TransitionCallback: 	at android.os.Looper.loop(Looper.java:337)
03-02 11:59:45.758  1999  1999 D TransitionCallback: 	at android.app.ActivityThread.main(ActivityThread.java:9500)
03-02 11:59:45.758  1999  1999 D TransitionCallback: 	at java.lang.reflect.Method.invoke(Native Method)
03-02 11:59:45.758  1999  1999 D TransitionCallback: 	at com.android.internal.os.RuntimeInit$MethodAndArgsCaller.run(RuntimeInit.java:636)
03-02 11:59:45.758  1999  1999 D TransitionCallback: 	at com.android.internal.os.ZygoteInit.main(ZygoteInit.java:1005)
03-02 11:59:45.758  1999  1999 I TransitionCallback: addCallbackListenerSync callBack:com.android.systemui.shared.recents.system.WindowTransitionCompat$1@d39bda3
03-02 11:59:45.758  1999  1999 I TransitionCallback: mNeedShowLauncher = false
03-02 11:59:45.758  1999  1999 I TransitionCallback: addCallbackListenerSync callBack:null
03-02 11:59:45.758  1999  1999 I TransitionCallback: com.android.systemui.shared.recents.utilities.WindowTransitionCallbackHelper@d10e977 call finishMainCallback, wct = null, sct = android.view.SurfaceControl$Transaction@86f98a0, callback = android.window.IRemoteTransitionFinishedCallback$Stub$Proxy@afe9b, mCounterRotatorList.size = 0, mInfoExposeList.size = 1, token = android.os.BinderProxy@921497f
03-02 11:59:45.759  1999  2652 I RectFSpringAnim: TransitionTest MultiSpringDynamicAnimation on end. this=com.miui.home.recents.util.RectFSpringAnim@3c4ec59
03-02 11:59:45.759  1999  2652 I RectFSpringAnim: changeAnimStart start=false
03-02 11:59:45.759  1999  2652 I WindowElement: 47ee23 reset mDisableStateManagerListener false.
03-02 11:59:45.759  1999  2652 I WindowElement: 47ee23 com.miui.home.recents.anim.WindowElement@47ee23 TransitionTest onAnimationEnd AnimType = CLOSE_TO_HOME_CENTER allowShellListener = true, isDuringMerge=false, mUserAnimListener=com.miui.home.recents.anim.WindowAnimParamsProvider$getClosingWindowAnimParams$animListener$1@e73e67b
03-02 11:59:45.759  1999  1999 I TransitionCallback: call onTransitionFinishedWithCallback end
03-02 11:59:45.759  2363  2477 I RemoteTransitionHandlerStubImpl: putCallback transition: android.os.BinderProxy@9560607, wctCB: android.window.IWindowContainerTransactionCallback$Stub$Proxy@e6840d8
03-02 11:59:45.759  2363  2477 D SoScUtils: monitorTransitionFinished transition:android.os.BinderProxy@9560607 transaction: android.view.SurfaceControl$Transaction@5359c31 mRequestCloseTransition:null mRequestOpenTransition:null mRequestOpenTransitionWithSameTask size:0 mPairsOpenTransition:null mPairsOpenTransitionNull:null mRequestOpenTriggerTask:-1 mRequestCloseTriggerTask:-1 mOrientationTransition: null mMainStartingTask:-1 mSideStartingTask:-1
03-02 11:59:45.759  1999  1999 I TransitionCallback: execute finishMainCallbackSync return, no need post delay
03-02 11:59:45.760  1999  2684 E ActivityManagerWrapper: getRecentTasksForceIncludingTaskIdIfValid: getRecentTasks: size=3
03-02 11:59:45.760  1999  2684 E ActivityManagerWrapper:  mainTaskId=37050   userId=0   windowMode=1   baseIntent=Intent { act=null flag=268435456 cmp=ComponentInfo{com.softnation.Ojam/com.softnation.Ojam.MainActivity} }
03-02 11:59:45.760  1999  2684 E ActivityManagerWrapper:  mainTaskId=37019   userId=0   windowMode=1   baseIntent=Intent { act=null flag=268435456 cmp=ComponentInfo{com.whatsapp/com.whatsapp.home.ui.HomeActivity} }
03-02 11:59:45.760  1999  2684 E ActivityManagerWrapper:  mainTaskId=36980   userId=0   windowMode=1   baseIntent=Intent { act=android.intent.action.MAIN flag=270532608 cmp=ComponentInfo{com.twitter.android/com.twitter.android.StartActivity} }
03-02 11:59:45.762  1999  1999 W WindowElement: 47ee23 Calling onShellAnimationEnd() and couldExecuteShellAnimEnd is false
03-02 11:59:45.762  1621  1638 D WindowManager: Finish Transition (#10189): created at 03-02 11:59:45.147 collect-started=0.087ms request-sent=0.345ms started=19.355ms ready=19.325ms sent=284.32ms finished=614.525ms
03-02 11:59:45.763   921   921 I BufferQueueDebug: [Surface(name=5b2ee94 StatusBar#103)/@0xf6cf932 - animation-leash of insets_animation#134678](this:0xb400007bcec47dd8,id:-1,api:0,p:-1,c:921) onDestructor()
03-02 11:59:45.763  1621  5247 W ActivityManager: pid 1621 system sent binder code 7 with flags 1 to frozen apps and got error -32
03-02 11:59:45.763   921   921 I BufferQueueDebug: [Surface(name=77d8129 NavigationBar0#101614)/@0x3faba4f - animation-leash of insets_animation#134679](this:0xb400007bcec94c08,id:-1,api:0,p:-1,c:921) onDestructor()
03-02 11:59:45.764  1621  5247 W WindowManager: Exception thrown during dispatchAppVisibility Window{8cbf407 u0 com.softnation.Ojam/com.softnation.Ojam.MainActivity EXITING}
03-02 11:59:45.764  1621  5247 W WindowManager: android.os.DeadObjectException
03-02 11:59:45.764  1621  5247 W WindowManager: 	at android.os.BinderProxy.transactNative(Native Method)
03-02 11:59:45.764  1621  5247 W WindowManager: 	at android.os.BinderProxy.transact(BinderProxy.java:682)
03-02 11:59:45.764  1621  5247 W WindowManager: 	at android.view.IWindow$Stub$Proxy.dispatchAppVisibility(IWindow.java:655)
03-02 11:59:45.764  1621  5247 W WindowManager: 	at com.android.server.wm.WindowState.sendAppVisibilityToClients(WindowState.java:3529)
03-02 11:59:45.764  1621  5247 W WindowManager: 	at com.android.server.wm.WindowContainer.sendAppVisibilityToClients(WindowContainer.java:1387)
03-02 11:59:45.764  1621  5247 W WindowManager: 	at com.android.server.wm.WindowToken.setClientVisible(WindowToken.java:423)
03-02 11:59:45.764  1621  5247 W WindowManager: 	at com.android.server.wm.ActivityRecord.setClientVisible(ActivityRecord.java:8426)
03-02 11:59:45.764  1621  5247 W WindowManager: 	at com.android.server.wm.ActivityRecord.postApplyAnimation(ActivityRecord.java:6989)
03-02 11:59:45.764  1621  5247 W WindowManager: 	at com.android.server.wm.ActivityRecord.commitVisibility(ActivityRecord.java:6931)
03-02 11:59:45.764  1621  5247 W WindowManager: 	at com.android.server.wm.Transition.finishTransition(Transition.java:1589)
03-02 11:59:45.764  1621  5247 W WindowManager: 	at com.android.server.wm.TransitionController.finishTransition(TransitionController.java:1153)
03-02 11:59:45.764  1621  5247 W WindowManager: 	at com.android.server.wm.WindowOrganizerController.finishTransition(WindowOrganizerController.java:578)
03-02 11:59:45.764  1621  5247 W WindowManager: 	at android.window.IWindowOrganizerController$Stub.onTransact(IWindowOrganizerController.java:324)
03-02 11:59:45.764  1621  5247 W WindowManager: 	at com.android.server.wm.WindowOrganizerController.onTransact(WindowOrganizerController.java:234)
03-02 11:59:45.764  1621  5247 W WindowManager: 	at android.os.Binder.execTransactInternal(Binder.java:1507)
03-02 11:59:45.764  1621  5247 W WindowManager: 	at android.os.Binder.execTransact(Binder.java:1451)
03-02 11:59:45.764  1621  5247 W Process : Unable to open /proc/8753/status
03-02 11:59:45.764  1621  5247 I Transition: finishTransition: updateLastSurfacePosition tf=Task{27e6aff #2 type=home I=com.miui.home/.launcher.Launcher}
03-02 11:59:45.764  1621  5247 I Transition: finishTransition: updateLastSurfacePosition tf=Task{9319496 #37049 type=standard A=10337:com.softnation.Ojam}
03-02 11:59:45.765  1621  5247 I Transition: finishTransition: updateLastSurfacePosition tf=Task{d151cdd #1 type=home}
03-02 11:59:45.765  1999  1999 E RotationHelper: setCurrentTransitionRequest: request=0
03-02 11:59:45.766   921   921 I MI-SF   : surfaceflinger setAffinity mode=0
03-02 11:59:45.766  1621  5247 D MiuiRefreshRatePolicy: reset
03-02 11:59:45.766   921   921 E MI-SF   : surfaceflinger setAffinity success
03-02 11:59:45.767  1621  5247 I PowerManagerServiceImpl: Release wakelock: SCREEN_BRIGHT_WAKE_LOCK           'WindowManager/displayId:0' ON_AFTER_RELEASE DISABLED ACQ=-2m25s714ms (uid=1000 pid=1621 pkg=android ws=WorkSource{10337 com.softnation.Ojam})
03-02 11:59:45.770  1621  5247 D WindowManager: setParent old=ActivityRecord{9fbda58 u0 com.softnation.Ojam/.MainActivity t37049 f} isExiting},new=null,this window=Window{8cbf407 u0 com.softnation.Ojam/com.softnation.Ojam.MainActivity EXITING},callers=com.android.server.wm.WindowContainer.removeChild:897 com.android.server.wm.ActivityRecord.removeChild:5518 com.android.server.wm.ActivityRecord.removeChild:505 com.android.server.wm.WindowContainer.removeImmediately:967 com.android.server.wm.WindowState.removeImmediately:2526 com.android.server.wm.WindowContainer.removeImmediately:931 
03-02 11:59:45.772  1621  5247 D MiuiRefreshRatePolicy: reset
03-02 11:59:45.774  1621  5247 D WindowManager: setParent old=Task{9319496 #37049 type=standard A=10337:com.softnation.Ojam},new=null,this window=ActivityRecord{9fbda58 u0 com.softnation.Ojam/.MainActivity t37049 f} isExiting},callers=com.android.server.wm.WindowContainer.removeChild:897 com.android.server.wm.TaskFragment.removeChild:3337 com.android.server.wm.Task.removeChild:1929 com.android.server.wm.Task.removeChild:1908 com.android.server.wm.WindowContainer.removeImmediately:967 com.android.server.wm.WindowToken.removeImmediately:374 
03-02 11:59:45.775   921  2359 I BufferQueueDebug: [Task=37049#134695](this:0xb400007bcec94c08,id:-1,api:0,p:-1,c:-1) BufferQueue core=(921:/system/bin/surfaceflinger)
03-02 11:59:45.776  1621  5247 D WindowManager: setParent old=DefaultTaskDisplayArea@262819365,new=null,this window=Task{9319496 #37049 type=standard A=10337:com.softnation.Ojam},callers=com.android.server.wm.WindowContainer.removeChild:897 com.android.server.wm.TaskDisplayArea.removeChildTask:360 com.android.server.wm.TaskDisplayArea.removeChild:351 com.android.server.wm.WindowContainer.removeImmediately:967 com.android.server.wm.TaskFragment.removeImmediately:3417 com.android.server.wm.Task.removeImmediately:3408 
03-02 11:59:45.776  1621  5247 D MiuiMultiWindowUtils: DeviceLevel.IS_MIUI_LITE_VERSION 2.0 not support miui multiWindowtides
03-02 11:59:45.776  1621  5247 D MiuiMultiWindowUtils: DeviceLevel.IS_MIUI_LITE_VERSION 2.0 not support miui multiWindowtides
