03-02 11:59:45.506  1999  1999 D ShortcutMenuLayerElement: 	at com.miui.home.recents.anim.WindowElement.onClosingWindowTransitionExecute$default(WindowElement.kt:395)
03-02 11:59:45.506  1999  1999 D ShortcutMenuLayerElement: 	at com.miui.home.recents.anim.WindowElement$init$1.onClosingWindowTransitionStart(WindowElement.kt:1162)
03-02 11:59:45.506  1999  1999 D ShortcutMenuLayerElement: 	at com.android.systemui.shared.recents.system.WindowTransitionCompat$2.lambda$startAnimation$0(WindowTransitionCompat.java:257)
03-02 11:59:45.506  1999  1999 D ShortcutMenuLayerElement: 	at com.android.systemui.shared.recents.system.WindowTransitionCompat$2.$r8$lambda$hcqKCUwnRuMqtvMJ6DPLae5xnFA(Unknown Source:0)
03-02 11:59:45.506  1999  1999 D ShortcutMenuLayerElement: 	at com.android.systemui.shared.recents.system.WindowTransitionCompat$2$$ExternalSyntheticLambda0.run(Unknown Source:10)
03-02 11:59:45.506  1999  1999 D ShortcutMenuLayerElement: 	at com.miui.home.library.utils.LooperExecutor.execute(LooperExecutor.java:43)
03-02 11:59:45.506  1999  1999 D ShortcutMenuLayerElement: 	at com.android.systemui.shared.recents.system.WindowTransitionCompat$2.startAnimation(WindowTransitionCompat.java:267)
03-02 11:59:45.506  1999  1999 D ShortcutMenuLayerElement: 	at com.android.systemui.shared.recents.system.WindowTransitionCompat.wrapRemoteTransition(WindowTransitionCompat.java:745)
03-02 11:59:45.506  1999  1999 D ShortcutMenuLayerElement: 	at com.miui.home.recents.anim.WindowElement.injectRemoteTransition(WindowElement.kt:687)
03-02 11:59:45.506  1999  1999 D ShortcutMenuLayerElement: 	at com.miui.home.recents.anim.StateManager$CommonState.handleEvent(StateManager.kt:1291)
03-02 11:59:45.506  1999  1999 D ShortcutMenuLayerElement: 	at com.miui.home.recents.anim.StateManager.handleEventActually(StateManager.kt:112)
03-02 11:59:45.506  1999  1999 D ShortcutMenuLayerElement: 	at com.miui.home.recents.anim.StateManager.sendEventActually$lambda-0(StateManager.kt:99)
03-02 11:59:45.506  1999  1999 D ShortcutMenuLayerElement: 	at com.miui.home.recents.anim.StateManager.$r8$lambda$C-kZp_X93nanDwYsUFIjH_GwEtM(Unknown Source:0)
03-02 11:59:45.506  1999  1999 D ShortcutMenuLayerElement: 	at com.miui.home.recents.anim.StateManager$$ExternalSyntheticLambda3.run(Unknown Source:4)
03-02 11:59:45.506  1999  1999 D ShortcutMenuLayerElement: 	at android.os.Handler.handleCallback(Handler.java:959)
03-02 11:59:45.506  1999  1999 D ShortcutMenuLayerElement: 	at android.os.Handler.dispatchMessage(Handler.java:100)
03-02 11:59:45.506  1999  1999 D ShortcutMenuLayerElement: 	at android.os.Looper.loopOnce(Looper.java:249)
03-02 11:59:45.506  1999  1999 D ShortcutMenuLayerElement: 	at android.os.Looper.loop(Looper.java:337)
03-02 11:59:45.506  1999  1999 D ShortcutMenuLayerElement: 	at android.app.ActivityThread.main(ActivityThread.java:9500)
03-02 11:59:45.506  1999  1999 D ShortcutMenuLayerElement: 	at java.lang.reflect.Method.invoke(Native Method)
03-02 11:59:45.506  1999  1999 D ShortcutMenuLayerElement: 	at com.android.internal.os.RuntimeInit$MethodAndArgsCaller.run(RuntimeInit.java:636)
03-02 11:59:45.506  1999  1999 D ShortcutMenuLayerElement: 	at com.android.internal.os.ZygoteInit.main(ZygoteInit.java:1005)
03-02 11:59:45.506  1999  2652 D LocalWindowAnimImplementor: animResetReady, reset mAnim=RectFSpringAnim{mStartRect=RectF(0.0, 0.0, 1080.0, 2460.0), mTargetRect=RectF(504.0, 784.0, 576.0, 856.0), mStartAlpha=1.0, mEndAlpha=0.0}
03-02 11:59:45.506  1999  1999 D WallpaperElement: animTo   zoomOut=1.0 useWallpaperAnim=false
03-02 11:59:45.506  1999  1999 D RecentBlurViewElement: animTo: params = RecentBlurParams(blurRadius=0.0, dimming=0.0, dampingRatio=0.95, response=0.45) blurView = null
03-02 11:59:45.506  1999  2652 I RectFSpringAnim: setAnimParamByType = CLOSE_TO_HOME_CENTER
03-02 11:59:45.507  1999  2652 E MultiSpringDynamicAnimationb413f20: ERROR Not Found Bundle Radius
03-02 11:59:45.507  1999  2652 E MultiSpringDynamicAnimationb413f20: ERROR Not Found Bundle SurfaceExtAlpha
03-02 11:59:45.507  1999  2652 D RectFSpringAnim: addAnimatorListener
03-02 11:59:45.507  1999  2652 D WindowElement: 47ee23 bindIconLayerLeashIfNeeded false  null  Surface(name=TL_Surface(name=Task=1#47)/@0xd5cd8c6_transition-leash#134681)/@0x5fd9e4 target = null
03-02 11:59:45.507  1999  2652 I RectFSpringAnim: startInGestureThread
03-02 11:59:45.507  1999  2652 E MultiSpringDynamicAnimationb413f20: ERROR Not Found Bundle SurfaceExtAlpha
03-02 11:59:45.507  1999  2652 E MultiSpringDynamicAnimationb413f20: ERROR Not Found Bundle SurfaceExtAlpha
03-02 11:59:45.507  1999  2652 I RectFSpringAnim: changeAnimStart start=true
03-02 11:59:45.507  1999  1999 D HomeLayerElement: animTo, ennable = true params=HomeLayerParams(startAlpha=0.0, startScale=0.95, endAlpha=1.0, endScale=1.0)
03-02 11:59:45.507  1999  1999 D HomeLayerElement: java.lang.Exception
03-02 11:59:45.507  1999  1999 D HomeLayerElement: 	at com.miui.home.recents.anim.HomeLayerElement.animTo(HomeLayerElement.kt:163)
03-02 11:59:45.507  1999  1999 D HomeLayerElement: 	at com.miui.home.recents.anim.StateManager.handleAllElementParams(StateManager.kt:312)
03-02 11:59:45.507  1999  1999 D HomeLayerElement: 	at com.miui.home.recents.anim.StateManager.onAnimParamsReady(StateManager.kt:240)
03-02 11:59:45.507  1999  1999 D HomeLayerElement: 	at com.miui.home.recents.anim.StateManager.onAnimParamsReady$default(StateManager.kt:237)
03-02 11:59:45.507  1999  1999 D HomeLayerElement: 	at com.miui.home.recents.anim.WindowElement.onClosingWindowTransitionExecute$lambda-9(WindowElement.kt:427)
03-02 11:59:45.507  1999  1999 D HomeLayerElement: 	at com.miui.home.recents.anim.WindowElement.$r8$lambda$4vBY0vyx5GyPPzPO6CeZtw3aGOs(Unknown Source:0)
03-02 11:59:45.507  1999  1999 D HomeLayerElement: 	at com.miui.home.recents.anim.WindowElement$$ExternalSyntheticLambda11.run(Unknown Source:8)
03-02 11:59:45.507  1999  1999 D HomeLayerElement: 	at com.miui.home.library.utils.LooperExecutor.execute(LooperExecutor.java:43)
03-02 11:59:45.507  1999  1999 D HomeLayerElement: 	at com.miui.home.recents.anim.WindowElement.onClosingWindowTransitionExecute(WindowElement.kt:397)
03-02 11:59:45.507  1999  1999 D HomeLayerElement: 	at com.miui.home.recents.anim.WindowElement.onClosingWindowTransitionExecute$default(WindowElement.kt:395)
03-02 11:59:45.507  1999  1999 D HomeLayerElement: 	at com.miui.home.recents.anim.WindowElement$init$1.onClosingWindowTransitionStart(WindowElement.kt:1162)
03-02 11:59:45.507  1999  1999 D HomeLayerElement: 	at com.android.systemui.shared.recents.system.WindowTransitionCompat$2.lambda$startAnimation$0(WindowTransitionCompat.java:257)
03-02 11:59:45.507  1999  1999 D HomeLayerElement: 	at com.android.systemui.shared.recents.system.WindowTransitionCompat$2.$r8$lambda$hcqKCUwnRuMqtvMJ6DPLae5xnFA(Unknown Source:0)
03-02 11:59:45.507  1999  1999 D HomeLayerElement: 	at com.android.systemui.shared.recents.system.WindowTransitionCompat$2$$ExternalSyntheticLambda0.run(Unknown Source:10)
03-02 11:59:45.507  1999  1999 D HomeLayerElement: 	at com.miui.home.library.utils.LooperExecutor.execute(LooperExecutor.java:43)
03-02 11:59:45.507  1999  1999 D HomeLayerElement: 	at com.android.systemui.shared.recents.system.WindowTransitionCompat$2.startAnimation(WindowTransitionCompat.java:267)
03-02 11:59:45.507  1999  1999 D HomeLayerElement: 	at com.android.systemui.shared.recents.system.WindowTransitionCompat.wrapRemoteTransition(WindowTransitionCompat.java:745)
03-02 11:59:45.507  1999  1999 D HomeLayerElement: 	at com.miui.home.recents.anim.WindowElement.injectRemoteTransition(WindowElement.kt:687)
03-02 11:59:45.507  1999  1999 D HomeLayerElement: 	at com.miui.home.recents.anim.StateManager$CommonState.handleEvent(StateManager.kt:1291)
03-02 11:59:45.507  1999  1999 D HomeLayerElement: 	at com.miui.home.recents.anim.StateManager.handleEventActually(StateManager.kt:112)
03-02 11:59:45.507  1999  1999 D HomeLayerElement: 	at com.miui.home.recents.anim.StateManager.sendEventActually$lambda-0(StateManager.kt:99)
03-02 11:59:45.507  1999  1999 D HomeLayerElement: 	at com.miui.home.recents.anim.StateManager.$r8$lambda$C-kZp_X93nanDwYsUFIjH_GwEtM(Unknown Source:0)
03-02 11:59:45.507  1999  1999 D HomeLayerElement: 	at com.miui.home.recents.anim.StateManager$$ExternalSyntheticLambda3.run(Unknown Source:4)
03-02 11:59:45.507  1999  1999 D HomeLayerElement: 	at android.os.Handler.handleCallback(Handler.java:959)
03-02 11:59:45.507  1999  1999 D HomeLayerElement: 	at android.os.Handler.dispatchMessage(Handler.java:100)
03-02 11:59:45.507  1999  1999 D HomeLayerElement: 	at android.os.Looper.loopOnce(Looper.java:249)
03-02 11:59:45.507  1999  1999 D HomeLayerElement: 	at android.os.Looper.loop(Looper.java:337)
03-02 11:59:45.507  1999  1999 D HomeLayerElement: 	at android.app.ActivityThread.main(ActivityThread.java:9500)
03-02 11:59:45.507  1999  1999 D HomeLayerElement: 	at java.lang.reflect.Method.invoke(Native Method)
03-02 11:59:45.507  1999  1999 D HomeLayerElement: 	at com.android.internal.os.RuntimeInit$MethodAndArgsCaller.run(RuntimeInit.java:636)
03-02 11:59:45.507  1999  1999 D HomeLayerElement: 	at com.android.internal.os.ZygoteInit.main(ZygoteInit.java:1005)
03-02 11:59:45.507  1999  1999 I AnimStateManager: go to state com.miui.home.recents.anim.StateManager$HomeState@601bf45
03-02 11:59:45.507  1999  1999 D WindowTransitionCompat: startAnimation end
03-02 11:59:45.508  1999  2652 E MultiSpringDynamicAnimationccf4de7: ERROR Not Found Bundle scaleY
03-02 11:59:45.509  1999  1999 D TaskSnapshotCompatVV: getIsInvalidateFromTaskSnapshot, isInvalidate=false
03-02 11:59:45.509  1999  1999 D EventBus: No subscribers registered for event class com.miui.home.recents.messages.TaskSnapshotChangedEvent
03-02 11:59:45.509  1999  1999 D EventBus: No subscribers registered for event class org.greenrobot.eventbus.NoSubscriberEvent
03-02 11:59:45.509  1999  1999 D Launcher.Lifecycle: onWindowFocusChanged:true,UserHandle{0},c143874,false
03-02 11:59:45.509  1999  1999 D Launcher_UnlockAnimationStateMachine: onWindowFocus:IDLE
03-02 11:59:45.509  1999  1999 D Launcher_UnlockAnimationStateMachine: showAnimation = IDLE
03-02 11:59:45.512  1999  1999 I HandWritingStubImpl: refreshLastKeyboardType: 1
03-02 11:59:45.512  1999  1999 I HandWritingStubImpl: getCurrentKeyboardType: 1
03-02 11:59:45.514  1621  1806 W InputMethodManagerService: Clear show forced flag.
03-02 11:59:45.514  1621  1806 I ImeTracker: com.miui.home:16c1cb25: onRequestHide at ORIGIN_SERVER reason HIDE_UNSPECIFIED_WINDOW fromUser false
03-02 11:59:45.514  6515  9356 D MirrorManager:  sendAcceptInput 0 0
03-02 11:59:45.514  1621  1806 I ImeTracker: com.miui.home:16c1cb25: onCancelled at PHASE_SERVER_SHOULD_HIDE
03-02 11:59:45.517  2526  2526 I GoogleInputMethodService: GoogleInputMethodService.onFinishInput():2113 
03-02 11:59:45.519   921  1500 I BufferQueueDebug: [Surface(name=751ea6d InputMethod#71915)/@0xaafc069 - animation-leash of insets_animation#134686](this:0xb400007bcecbc9e8,id:-1,api:0,p:-1,c:-1) BufferQueue core=(921:/system/bin/surfaceflinger)
03-02 11:59:45.519  2526  2526 I Module  : DeviceLockedStatusModuleProvider$Module.updateDeviceLockedStatus():103 repeatCheckTimes = 0, locked = false
03-02 11:59:45.520  2526  2526 I GoogleInputMethodService: GoogleInputMethodService.onStartInput():1384 onStartInput(EditorInfo{EditorInfo{packageName=com.miui.home, inputType=0, inputTypeString=NULL, enableLearning=false, autoCorrection=false, autoComplete=false, imeOptions=0, privateImeOptions=null, actionName=UNSPECIFIED, actionLabel=null, initialSelStart=-1, initialSelEnd=-1, initialCapsMode=0, label=null, fieldId=0, fieldName=null, extras=Bundle[mParcelledData.dataSize=72], hintText=null, hintLocales=[]}}, false)
03-02 11:59:45.521   921   921 I BufferQueueProducer: [FramebufferSurface](this:0xb400007d8e9dff50,id:-1,api:1,p:921,c:921) queueBuffer: fps=1.06 dur=1889.48 max=1119.23 min=770.25
03-02 11:59:45.522  1621  1651 D MiuiRefreshRatePolicy: reset
03-02 11:59:45.523  2526  2526 I Module  : DeviceLockedStatusModuleProvider$Module.updateDeviceLockedStatus():103 repeatCheckTimes = 1, locked = false
03-02 11:59:45.525  1621  4754 W PackageConfigPersister: App-specific configuration not found for packageName: com.miui.home and userId: 0
03-02 11:59:45.525   921   921 I MI-SF   : surfaceflinger setAffinity mode=1
03-02 11:59:45.525   921   921 E MI-SF   : surfaceflinger setAffinity success
03-02 11:59:45.525   921   921 I MI-SF   : surfaceflinger setreAffinity reTid=1207
03-02 11:59:45.525   921   921 E MI-SF   : surfaceflinger setAffinity success
03-02 11:59:45.530  1621  1651 I ActivityTaskManager: visible for Task{27e6aff #2 type=home I=com.miui.home/.launcher.Launcher} visible = true isAnimating = false TRANSITION = false PARENTS = false CHILDREN = false
03-02 11:59:45.533  1621  1650 D MiuiRefreshRatePolicy: reset
03-02 11:59:45.540   894  1349 D AudioFlinger_Threads: noteStopAudioInNeed
03-02 11:59:45.541   894  1349 V AudioPolicyInterfaceImpl: stopOutput()
03-02 11:59:45.541   894  1349 V audio_utils::mutex: mutex_impl: audio_mutex initialized: ret:0  order:6
03-02 11:59:45.542  6515  9356 I PowerKeeper.Event: noteStopAudioInNeed uid is 10337, sessionid is 57849, port is 8510, type is 2
03-02 11:59:45.542   894  1349 V AudioPolicyInterfaceImpl: releaseOutput()
03-02 11:59:45.542   894  1284 V AudioPolicyInterfaceImpl: doStopOutput
03-02 11:59:45.543   894  1349 V audio_utils::mutex: mutex_impl: audio_mutex initialized: ret:0  order:6
03-02 11:59:45.543   894  1284 D APM_AudioPolicyManager: stopOutput() output 21, stream 3, session 57849
03-02 11:59:45.543   894  1349 D audioserver: logFgsApiEnd: FGS Logger Transaction failed, -129
03-02 11:59:45.543   894  1284 W AudioPolicyManagerCustomImpl: [MTK_APM_Route]setOutputDevices() mIoHandle 21 mId 6 device (0x2)(0x1, 0x2, 0x4, 0x8, 0x10, 0x20, 0x40, 0x4000, 0x4000000) delayMs 170 force 0 size 4
03-02 11:59:45.543  1621  2986 D MiuiRefreshRatePolicy: reset
03-02 11:59:45.543   894  1349 D AudioFlinger_Threads: updateWakeLockUids_l AudioOut_15 uids:
03-02 11:59:45.544  6515  6921 I AppActiveChecker: uid:10337change to inactive
03-02 11:59:45.544   894  1284 D APM::AudioPolicyEngine: getDevices ForStrategy() strategy 1, device 0x1 avadevice 0x1, 0x2, 0x10000, 0x100000 sfu [0]:0, [1]:0, [4]:11
03-02 11:59:45.544   843 14567 D MTKAdapterStreamLayer: updateMetadataCommon(), 
03-02 11:59:45.544   843 14567 I AudioALSAStreamOut: updateSourceMetadata(), do nothing source_metadata = 0x77048fcff8
03-02 11:59:45.546   894  1284 D APM::AudioPolicyEngine: getDevices ForStrategy() strategy 0, device 0x2 avadevice 0x1, 0x2, 0x10000, 0x100000 sfu [0]:0, [1]:0, [4]:11
03-02 11:59:45.546   894  1349 D audioserver: logFgsApiEnd: FGS Logger Transaction failed, -129
03-02 11:59:45.546  6515  9356 I ProcAudioPowerManager: noteStopAudioInNeed uid is 10337, pid is 8753, sessionid is 57849, port is 8510, type is 2
03-02 11:59:45.546   894  1349 D StreamHalAidl: setParameters: parameters: "NoAudioTrack=1"
03-02 11:59:45.547   894  1349 D StreamHalAidl: setParameters: parameters: NoAudioTrack=1
03-02 11:59:45.547  6515  9356 E RouteInfo: RouteInfo{ name=Phone, description=null, status=null, category=RouteCategory{ name=System types=ROUTE_TYPE_LIVE_AUDIO ROUTE_TYPE_LIVE_VIDEO  groupable=false }, supportedTypes=ROUTE_TYPE_LIVE_AUDIO ROUTE_TYPE_LIVE_VIDEO , presentationDisplay=null }
03-02 11:59:45.548  1621  1676 D ProcessManager: add temp remove audio inactive uid : 10337
03-02 11:59:45.548   894  1284 D APM::AudioPolicyEngine: getDevices ForStrategy() strategy 1, device 0x1 avadevice 0x1, 0x2, 0x10000, 0x100000 sfu [0]:0, [1]:0, [4]:11
03-02 11:59:45.549  1621  1651 I ActivityTaskManager: visible for Task{27e6aff #2 type=home I=com.miui.home/.launcher.Launcher} visible = true isAnimating = false TRANSITION = false PARENTS = false CHILDREN = false
03-02 11:59:45.550   894  1284 D APM::AudioPolicyEngine: getDevices ForStrategy() strategy 0, device 0x2 avadevice 0x1, 0x2, 0x10000, 0x100000 sfu [0]:0, [1]:0, [4]:11
03-02 11:59:45.552  1999  1999 D Launcher.Lifecycle: onWindowFocusChanged:true,UserHandle{0},c143874,true
03-02 11:59:45.552  1999  1999 D Launcher_UnlockAnimationStateMachine: onWindowFocus:IDLE
03-02 11:59:45.552  1999  1999 D Launcher_UnlockAnimationStateMachine: showAnimation = IDLE
03-02 11:59:45.556  1999  1999 I HandWritingStubImpl: refreshLastKeyboardType: 1
03-02 11:59:45.556  1999  1999 I HandWritingStubImpl: getCurrentKeyboardType: 1
03-02 11:59:45.558  1621  2986 D MiuiRefreshRatePolicy: reset
03-02 11:59:45.558   894  1284 D APM::AudioPolicyEngine: getDevices ForStrategy() strategy 1, device 0x1 avadevice 0x1, 0x2, 0x10000, 0x100000 sfu [0]:0, [1]:0, [4]:11
03-02 11:59:45.560   863   958 I mtkpower@impl: [powerd_req] TIMER_MSG_PERF_LOCK_TIMEOUT hdl:369574
03-02 11:59:45.560   863   958 I libPowerHal: [perfLockRel] hdl:369574, idx:1
03-02 11:59:45.560   863   958 I libPowerHal: [unsetGPUFreq] current min:0, max:0; scn_gpu_min:0, scn_gpu_max:-1; scn_gpu_min(HL):-1, scn_gpu_max(HL):-1
03-02 11:59:45.560   863   958 I libPowerHal: [setGPUFreq] Soft min/max = (0, 0); Hard min/max = (31, 0)
03-02 11:59:45.560   863   958 I libPowerHal: [setGPUFreq] final min/max = (0, 0)
03-02 11:59:45.560   863   958 I libPowerHal: system_server: set gpu opp level: 0
03-02 11:59:45.560   863   958 I libPowerHal: system_server: set gpu opp level max: 0
03-02 11:59:45.561   863   958 I libPowerHal: [PD] system_server update cmd:400200 param:-1 pr:6
03-02 11:59:45.561   894  1284 D APM::AudioPolicyEngine: getDevices ForStrategy() strategy 0, device 0x2 avadevice 0x1, 0x2, 0x10000, 0x100000 sfu [0]:0, [1]:0, [4]:11
03-02 11:59:45.562   863   958 I libPowerHal: [recordCPUFreqInfo] set cluster[0] min(system_server): 1800000 max(-1): -1 cluster[1] min(system_server): 2000000 max(-1): -1
03-02 11:59:45.562   863   958 I libPowerHal: [perfLockRel] Done for hdl : 369574
03-02 11:59:45.562   894  1284 D APM::AudioPolicyEngine: getDevices ForStrategy() strategy 0, device 0x2 avadevice 0x1, 0x2, 0x10000, 0x100000 sfu [0]:0, [1]:0, [4]:11
03-02 11:59:45.562   894  1284 I AudioFlinger_Threads: removeEffectChain_l() 0xb400007470cba930 from thread 0xb400007612805700 for session 0
03-02 11:59:45.562   894  1284 I AudioFlinger_Threads: removeEffect_l(): 0xb400007612805700, effect = 0xb400007410caab10, name = MiSound
03-02 11:59:45.562  1621  1806 W InputMethodManagerService: Clear show forced flag.
03-02 11:59:45.563  1621  1806 I ImeTracker: com.miui.home:5430168f: onRequestHide at ORIGIN_SERVER reason HIDE_SAME_WINDOW_FOCUSED_WITHOUT_EDITOR fromUser false
03-02 11:59:45.563  1621  1651 I ActivityTaskManager: visible for Task{27e6aff #2 type=home I=com.miui.home/.launcher.Launcher} visible = true isAnimating = false TRANSITION = false PARENTS = false CHILDREN = false
03-02 11:59:45.563  1621  1806 I ImeTracker: com.miui.home:5430168f: onCancelled at PHASE_SERVER_SHOULD_HIDE
03-02 11:59:45.564  6515  9356 D MirrorManager:  sendAcceptInput 0 0
03-02 11:59:45.564   843 14567 D AHAL_EffectMisound: commandImplstop, disable!
03-02 11:59:45.564   843  3249 D AHAL_EffectMisound: MiSoundV2 skip process in state: IDLE
03-02 11:59:45.565   894  1284 I EffectChain: removeEffect_l() effect 0xb400007410caab10, removed from chain 0xb400007470cba930 at rank 0
03-02 11:59:45.565   894  1284 I AudioFlinger_Threads: removeEffectChain_l() 0xb400007470cba930 from thread 0xb400007612805700 for session 0
03-02 11:59:45.565   894  1284 V audio_utils::mutex: mutex_impl: audio_mutex initialized: ret:0  order:15
03-02 11:59:45.565   894  1284 I EffectChain: EffectChain(): new EffectChain = 0xb400007470cb4f30
03-02 11:59:45.565   894  1284 I AudioFlinger_Threads: addEffect_ll: 0xb400007619f8e700 chain 0xb400007470cb4f30 effect 0xb400007410caab10,name = MiSound
03-02 11:59:45.565   894  1284 V EffectModule: setOffloaded_l offloaded 0 io 13 status 0
03-02 11:59:45.565   894  1284 I EffectChain: addEffect_l() effect 0xb400007410caab10, added in chain 0xb400007470cb4f30 at rank 0
03-02 11:59:45.565   894  1284 V EffectModule: configure_l 0xb400007410caab10 chain 0xb400007470cb4f30 buffer 0xb400007520cb5080 framecount 768
03-02 11:59:45.566   894  1284 V EffectChain: addEffect_l effect 0xb400007410caab10, added in chain 0xb400007470cb4f30 at rank 0
03-02 11:59:45.567   894  1284 V EffectModule: configure_l 0xb400007410caab10 chain 0xb400007470cb4f30 buffer 0xb400007360cb4640 framecount 768
03-02 11:59:45.567   843   968 I EffectMiSound: MiSound_updateState(), enable=1, hifi=0, device=0x2, headset=5, samplingRate=0
03-02 11:59:45.568   843   968 I EffectMiSound: MiSound_updateState(), mode=0, music=0, movie=0, reset=1
03-02 11:59:45.568   843   968 D EffectMiSound: MiSoundAurisys_SetParameter()
03-02 11:59:45.568   843   968 I EffectMiSound: SetParam No.1
03-02 11:59:45.568   843   968 D EffectMiSound: MiSound_updateShareParam enter
03-02 11:59:45.568   843   968 I EffectMiSound: MiSound_updateState(), Speaker Dual Mode
03-02 11:59:45.568   843  3248 I EffectMiSound: MiSoundSetParameterThread: awake
03-02 11:59:45.568   843  3248 D EffectMiSound: Thread: setParam No.1 params MisoundEnable=1
03-02 11:59:45.568   843  3248 I EffectMiSound: MiSoundsetParameters_request: MisoundEnable=1
03-02 11:59:45.568   843  3248 D EffectMiSound: clientRequest: socket 32 write to server 264
03-02 11:59:45.569   843  1078 W audio_hw_con: audio_handle_client_sock received client connect 33
03-02 11:59:45.569   843  1078 D audio_hw_con: [DEBUG] audio_con_thrad received param MisoundEnable=1
03-02 11:59:45.569  2363  2363 D Utilities:  oldHints : 0 backDisposition : 0 imeShown : false hints 0
03-02 11:59:45.569  2526  2526 I GoogleInputMethodService: GoogleInputMethodService.onFinishInput():2113 
03-02 11:59:45.569   843  1078 D AudioALSAHardware: +setParameters(): MisoundEnable=1
03-02 11:59:45.569  1999  1999 D LauncherClient.Service: service already connected:com.mi.globalminusscreen
03-02 11:59:45.570   843  1078 D AudioALSAHardware: setParameters: [DEBUG] setParameters keyMisoundEnable: 1
03-02 11:59:45.570   843  1078 D AudioALSAHardware: -setParameters(): MisoundEnable=1
03-02 11:59:45.571   843 14567 D AHAL_EffectMisound: commandImplstart, enable!
03-02 11:59:45.571  1621  2986 I PowerHalWrapper: amsBoostStop AMS_BOOST_PACK_SWITCH:true, AMS_BOOST_ACT_SWITCH:false, AMS_BOOST_PROCESS_CREATE:false, AMS_BOOST_PROCESS_CREATE_FOR_GAME:false, AMS_BOOST_HOT_LAUNCH:false 
03-02 11:59:45.571   843  3248 I EffectMiSound: MiSoundSetParameterThread: sleep
03-02 11:59:45.571  2526  2526 I Module  : DeviceLockedStatusModuleProvider$Module.updateDeviceLockedStatus():103 repeatCheckTimes = 0, locked = false
03-02 11:59:45.571   863   909 I libPowerHal: [mtkPowerHint] hint:22, hold:500, ext:0, ext_hold:0
03-02 11:59:45.572   894  1284 D AudioFlinger: moveEffectChain_ll: successful move of session 0 from srcThread 0xb400007612849fe8 to dstThread 0xb400007619fd2fe8 (1 effects moved, 1 effects started)
03-02 11:59:45.572   894  1284 W AudioFlinger: moveEffectChain_ll: effect chain for session 0 not on source thread 0xb400007612849fe8
03-02 11:59:45.573  2526  2526 I GoogleInputMethodService: GoogleInputMethodService.onStartInput():1384 onStartInput(EditorInfo{EditorInfo{packageName=com.miui.home, inputType=0, inputTypeString=NULL, enableLearning=false, autoCorrection=false, autoComplete=false, imeOptions=0, privateImeOptions=null, actionName=UNSPECIFIED, actionLabel=null, initialSelStart=-1, initialSelEnd=-1, initialCapsMode=0, label=null, fieldId=0, fieldName=null, extras=Bundle[mParcelledData.dataSize=72], hintText=null, hintLocales=[]}}, false)
03-02 11:59:45.573   894  1284 I APM_AudioPolicyManager: isSpecialScenarioGame ClientName com.softnation.Ojam
03-02 11:59:45.574   894  1284 V audio_utils::mutex: mutex_impl: audio_mutex initialized: ret:0  order:6
03-02 11:59:45.574  2526  2526 I Module  : DeviceLockedStatusModuleProvider$Module.updateDeviceLockedStatus():103 repeatCheckTimes = 1, locked = false
03-02 11:59:45.575   863   958 I libPowerHal: [perfLockAcq] idx:1 hdl:369577 hint:22 pid:863 tid:863 duration:500 lock_user:vendor.mediatek => ret_hdl:369577
03-02 11:59:45.575   863   958 I libPowerHal: [set_kswapd_affinity] set affinity = 16129
03-02 11:59:45.575   863   958 I libPowerHal: [PE] MTKPOWER_HINT_PACK_SWITCH update ONESHOT(set) cmd:10000700 param:16129 pr:3
03-02 11:59:45.575   863   958 I libPowerHal: [perfLockAcq] Done for hdl : 369577
03-02 11:59:45.576   863   958 I libPowerHal: [perfLockRel] hdl:369575, idx:2
03-02 11:59:45.577  1621  2192 W PackageConfigPersister: App-specific configuration not found for packageName: com.miui.home and userId: 0
03-02 11:59:45.577   863   958 I libPowerHal: [PD] MTKPOWER_HINT_PACK_SWITCH update ONESHOT(unset) cmd:10000700 param:16129 pr:3
03-02 11:59:45.577   863   958 I libPowerHal: [perfLockRel] Done for hdl : 369575
03-02 11:59:45.581   894  1283 D AudioSystem: +setParameters(): app_name=-com.softnation.Ojam 
03-02 11:59:45.581   894  1283 D AudioSystem: start get log level!
03-02 11:59:45.582   843   968 D AudioALSAHardware: +setParameters(): app_name=-com.softnation.Ojam
03-02 11:59:45.582   843   968 D AudioALSAHardware: setParameters: [DEBUG] setParameters misound AppName: -com.softnation.Ojam
03-02 11:59:45.582   843   968 I AudioALSAHardware: updateMisoundMode() mMisoundScenario 4, devices 0x23, mMisoundEnable 1, targetScenario ALL
03-02 11:59:45.582   894  1349 I EffectChain: ~EffectChain(): delete EffectChain = 0xb400007470cba930
03-02 11:59:45.583   843   968 D AudioALSAHardware: -setParameters(): app_name=-com.softnation.Ojam
03-02 11:59:45.585   843   968 D AHAL_ModuleBluetooth: setVendorParameters: parameter count 1, async: 0
03-02 11:59:45.585   843   968 D AHAL_ModuleBluetooth: setVendorParameters: app_name=-com.softnation.Ojam
03-02 11:59:45.586   894  1284 V audio_utils::mutex: mutex_impl: audio_mutex initialized: ret:0  order:6
03-02 11:59:45.586   894  1283 D AudioSystem: +setParameters(): app_name=-com.softnation.Ojam 
03-02 11:59:45.587   894  1283 D AudioSystem: start get log level!
03-02 11:59:45.587   894  1283 V audio_utils::mutex: mutex_impl: audio_mutex initialized: ret:0  order:20
03-02 11:59:45.587   894  1349 D StreamHalAidl: setParameters: parameters: "app_name=-com.softnation.Ojam"
03-02 11:59:45.587   894  1349 D StreamHalAidl: setParameters: parameters: app_name=-com.softnation.Ojam
03-02 11:59:45.589   843   968 D AudioALSAStreamOut: +setParameters(): flag 8
03-02 11:59:45.589   843   968 W AudioALSAStreamOut: setParameters(), still have param.size() = 1
03-02 11:59:45.589   843   968 E AHAL_Stream: setVendorParameters: unrecognized parameter "app_name=-com.softnation.Ojam"
03-02 11:59:45.589   894  1349 E ConversionHelperAidl: Function: parseAndSetVendorParameters Line: 107 Failed 
03-02 11:59:45.590   894  1284 V AudioPolicyInterfaceImpl: doStopOutput(): client portId 8510, active 0, ActiveClientRefCount 0
03-02 11:59:45.590   894  1284 V AudioPolicyInterfaceImpl: doReleaseOutput from tid 1284
03-02 11:59:45.590   894  1284 D APM_AudioPolicyManager: releaseOutput() output 21, stream 3, session 57849 [uid=10337]
03-02 11:59:45.597  1621  2192 W XSpaceManagerServiceImpl: checkXSpaceControl, from:com.android.shell, to:com.softnation.Ojam, with act:null, callingUserId:0, toUserId:0
03-02 11:59:45.598  1621  2192 W ActivityTaskManager: callingPackage for (uid=2000, pid=16425) has no WPC
03-02 11:59:45.600  1621  2192 D PreStartingManager: Not init when use PreStartingManager!
03-02 11:59:45.601  1621  2192 W OptProp : Cannot read opt property android.window.PROPERTY_COMPAT_ALLOW_ORIENTATION_OVERRIDE
03-02 11:59:45.602  1621  2192 V GrammaticalInflectionUtils: AttributionSource: android.content.AttributionSource@19923ceb does not have READ_SYSTEM_GRAMMATICAL_GENDER permission.
03-02 11:59:45.604  1621  2192 W OptProp : Cannot read opt property android.window.PROPERTY_COMPAT_ALLOW_RESIZEABLE_ACTIVITY_OVERRIDES
03-02 11:59:45.606  1621  2192 W OptProp : Cannot read opt property android.window.PROPERTY_COMPAT_ALLOW_MIN_ASPECT_RATIO_OVERRIDE
03-02 11:59:45.607  1621  2192 I ActivityTaskManager: isKeyguardEditor: false, newTransition: TransitionRecord{3108347 id=10190 type=OPEN flags=0x0}
03-02 11:59:45.607  1621  2192 D WindowManager: Collecting in transition 10190: ActivityRecord{5f1b774 u0 com.softnation.Ojam/.MainActivity init visibleRequested:false
03-02 11:59:45.608  1621  2192 D MiuiFreeformServiceImpl: addLaunchFreeformActivityOptionIfNeed skip due to not find sourceTask: null sourceFfas: null sourceFreeFormActivity: null
03-02 11:59:45.608  1621  2192 I PowerHalWrapper: PowerHalWrapper.getInstance 
03-02 11:59:45.608  1621  2192 D PerfMTKStubImpl: initBoostParamByDevice
03-02 11:59:45.610  2363  2477 D OneHandedController: stopOneHanded state is 0
03-02 11:59:45.610   921  1500 I BufferQueueDebug: [Task=37050#134687](this:0xb400007bcebbf2d8,id:-1,api:0,p:-1,c:-1) BufferQueue core=(921:/system/bin/surfaceflinger)
03-02 11:59:45.612  1621  2192 D WindowManager: setLockTaskAuth: task=Task{bc41d12 #37050 type=standard A=10337:com.softnation.Ojam} mLockTaskAuth=LOCK_TASK_AUTH_PINNABLE
03-02 11:59:45.612  1621  2192 D WindowManager: Collecting in transition 10190: Task{bc41d12 #37050 type=standard A=10337:com.softnation.Ojam} init visibleRequested:false
03-02 11:59:45.613   921  1500 I BufferQueueDebug: [ActivityRecord{5f1b774 u0 com.softnation.Ojam/.MainActivity t37050}#134688](this:0xb400007bcec58f38,id:-1,api:0,p:-1,c:-1) BufferQueue core=(921:/system/bin/surfaceflinger)
03-02 11:59:45.614  1621  2192 D WindowManager: setLockTaskAuth: task=Task{bc41d12 #37050 type=standard A=10337:com.softnation.Ojam} mLockTaskAuth=LOCK_TASK_AUTH_PINNABLE
03-02 11:59:45.614  1621  2192 D MiuiFreeFormManagerService: onStartActivityInner as = Task{bc41d12 #37050 type=standard A=10337:com.softnation.Ojam} op = null
03-02 11:59:45.615  1621  2192 D ActivityTaskManager: Task#startActivityLocked isOrhasTask=true newTask=true
03-02 11:59:45.615   863   909 I mtkpower@impl: [setMode] type:5, enabled:1
03-02 11:59:45.616   863   958 I libPowerHal: [perfLockAcq] idx:2 hdl:369578 hint:77 pid:863 tid:863 duration:30000 lock_user:vendor.mediatek => ret_hdl:369578
03-02 11:59:45.616   863   958 I ThermalBreakConfigReader: [getTargetfreqinfo] [getTargetfreqinfo] hint get target result freq:boost:1 cpu0:1800000 cpu6:2000000 cpumask:ff
03-02 11:59:45.616   863   958 I ExtendedPerfBoost: [thermalbreak_verification] needbreak curr breakmode 1, scence id 0, set: boost:1 cpu0:1800000 cpu6:2000000 cpumask:ff
03-02 11:59:45.616   863   958 I ExtendedPerfBoost: [triggerList_add] [triggerList_add] come into triggerList_add
03-02 11:59:45.616   863   958 I ExtendedPerfBoost: [triggerList_add] get item from freelist 0x6fcc5ba018
03-02 11:59:45.616   863   958 I ExtendedPerfBoost: [triggerList_add] init new item prio:2, duration:3000, param:boost:1 cpu0:1800000 cpu6:2000000 cpumask:ff
03-02 11:59:45.616   863   958 I ExtendedPerfBoost: [triggerList_add] add item prio in empty list
03-02 11:59:45.616   863   958 I ExtendedPerfBoost: [trig_thermalbreak] trigger one node
03-02 11:59:45.616   863   958 I ExtendedUtils: [timer_sampling_set] come in timer_sampling_set, duration :3000
03-02 11:59:45.616   863   958 I ExtendedUtils: [settimer] come in settimer, time_now :614379165, time_end: 614382165
03-02 11:59:45.616   863   958 I ExtendedPerfBoost: [setThermalBreak] [setThermalBreak] : boost:1 cpu0:1800000 cpu6:2000000 cpumask:ff
03-02 11:59:45.617  1621  2192 I WindowManager: Try to add startingWindow type = STARTING_WINDOW_TYPE_SPLASH_SCREEN this = ActivityRecord{5f1b774 u0 com.softnation.Ojam/.MainActivity t37050} preAllowTaskSnapshot = true afterAllowTaskSnapshot = true newTask = true taskSwitch = true processRunning = false activityCreated = false activityAllDrawn = false isSnapshotCompatible = false resolvedTheme = 2131952195 theme = 2131952195
03-02 11:59:45.617   863   958 I libPowerHal: [perfLockAcq] Done for hdl : 369578
03-02 11:59:45.618   861   947 I libPerfCtl: xgfGetFPS pid:921 fps:-1
03-02 11:59:45.618  1621  2192 D PreStartingManager: Not init when use PreStartingManager!
03-02 11:59:45.618   861   947 I libPerfCtl: xgfGetFPS pid:1999 fps:-1
03-02 11:59:45.618   861   947 I libPerfCtl: xgfGetFPS pid:2363 fps:-1
03-02 11:59:45.618   861   947 I libPerfCtl: xgfGetFPS pid:11917 fps:-1
03-02 11:59:45.619   861   947 I libPerfCtl: xgfGetFPS pid:27281 fps:-1
03-02 11:59:45.620  1621  2192 I PowerHalWrapper: amsBoostNotify pid:1999,activity:com.miui.home.launcher.Launcher, package:com.miui.home, mProcessCreatePackcom.softnation.Ojam 
03-02 11:59:45.620  1621  2192 I PowerHalWrapper: state: 0 
03-02 11:59:45.622  1621  2192 I mtkpower_client: [PowerHal_Wrap_notifyAppState] com.miui.home/com.miui.home.launcher.Launcher pid=1999 activityId:159909721 state:0
03-02 11:59:45.622   861   861 I vendor.mediatek.hardware.mtkpower_applist-service.mediatek: packName: com.miui.home actName: com.miui.home.launcher.Launcher pid: 1999 activityId: 159909721 uid: 10166 state: 0
03-02 11:59:45.622   861   861 I MTK_APPList: [notifyAPPstate] com.miui.home/com.miui.home.launcher.Launcher, pid=1999, activityId=159909721, uid=10166, state:PAUSED, fps:-1, win:1
03-02 11:59:45.622   861   861 I MTK_APPList: [notifyAPPstate] multi_resumed_app_count: 1
03-02 11:59:45.622   861   861 I MTK_APPList: [notifyAPPstate] multi_resumed_app_info[0] com.android.systemui/com.android.systemui._190038181, pid:2363, activityId:-1, fps:-1, isMultiWindow:0
03-02 11:59:45.622   861   861 I MTK_APPList: [getForegroundAPPCount] 1
03-02 11:59:45.622   861   861 I MTK_APPList: [notifyNetdUID] 10166
03-02 11:59:45.623  1621  2192 I PowerHalWrapper: amsBoostNotify AMS_BOOST_PROCESS_CREATE_BOOST:false 
03-02 11:59:45.623   861   861 I MTK_APPList: [notifyPID] 1999
03-02 11:59:45.623  1621  2192 I ActivityTaskManager: Add Task{9319496 #37049 type=standard A=10337:com.softnation.Ojam} to hidden list because adding Task{bc41d12 #37050 type=standard A=10337:com.softnation.Ojam}
03-02 11:59:45.624  1621  2192 D WindowManager: Collecting in transition 10190: ActivityRecord{5f1b774 u0 com.softnation.Ojam/.MainActivity t37050} init visibleRequested:false
03-02 11:59:45.624   863   958 I libPowerHal: [perfSetSysInfo] pid type:24, 1999
03-02 11:59:45.625  1621  2192 I ActivityTaskManager: START u0 {flg=0x10000000 cmp=com.softnation.Ojam/.MainActivity} with LAUNCH_SINGLE_TASK from uid 2000 from pid 16425 callingPackage com.android.shell (BAL_ALLOW_PERMISSION) result code=0
03-02 11:59:45.626  1621  1651 I ActivityTaskManager: visible for Task{27e6aff #2 type=home I=com.miui.home/.launcher.Launcher} visible = true isAnimating = false TRANSITION = false PARENTS = false CHILDREN = false
03-02 11:59:45.626  2363  2477 I SoScStageCoordinator: Transition requested:TransitionRequestInfo { type = OPEN, triggerTask = TaskInfo{userId=0 taskId=37050 displayId=0 isRunning=true baseIntent=Intent { flg=0x10000000 cmp=com.softnation.Ojam/.MainActivity } baseActivity=ComponentInfo{com.softnation.Ojam/com.softnation.Ojam.MainActivity} topActivity=ComponentInfo{com.softnation.Ojam/com.softnation.Ojam.MainActivity} origActivity=null realActivity=ComponentInfo{com.softnation.Ojam/com.softnation.Ojam.MainActivity} numActivities=1 lastActiveTime=1032145043 supportsSplitScreenMultiWindow=true supportsMultiWindow=true resizeMode=1 isResizeable=true minWidth=-1 minHeight=-1 defaultMinSize=200 token=WCT{android.window.IWindowContainerToken$Stub$Proxy@45d09af} topActivityType=1 pictureInPictureParams=null shouldDockBigOverlays=false launchIntoPipHostTaskId=-1 lastParentTaskIdBeforePip=-1 displayCutoutSafeInsets=Rect(0, 104 - 0, 0) topActivityInfo=ActivityInfo{eaa1bc com.softnation.Ojam.MainActivity} launchCookies=[] positionInParent=Point(0, 0) parentTaskId=-1 isFocused=false isVisible=false isVisibleRequested=false isSleeping=false locusId=null displayAreaFeatureId=1 isTopActivityTransparent=false appCompatTaskInfo=AppCompatTaskInfo { topActivityInSizeCompat=false topActivityEligibleForLetterboxEducation= falseisLetterboxEducationEnabled= false isLetterboxDoubleTapEnabled= false topActivityEligibleForUserAspectRatioButton= false topActivityBoundsLetterboxed= false isFromLetterboxDoubleTap= false topActivityLetterboxVerticalPosition= -1 topActivityLetterboxHorizontalPosition= -1 topActivityLetterboxWidth=1080 topActivityLetterboxHeight=2460 isUserFullscreenOverrideEnabled=false isSystemFullscreenOverrideEnabled=false cameraCompatTaskInfo=CameraCompatTaskInfo { cameraCompatControlState=hidden freeformCameraCompatMode=inactive}} isImmersive=false mTopActivityRequestOrientation=-2 mBehindAppLockPkg=null mOriginatingUid=0 isEmbedded=false shouldBeVisible=true mIsCastMode=false mTopActivityMediaSize=null mTopActivityRecordName=ActivityRecord{5f1b774 u0 com.softnation.Ojam/.MainActivity t37050} mTopActivityOrientation=-2}, pipTask = null, remoteTransition = null, displayChange = null, flags = 0, debugId = 10190 } isSoScActive:false triggerTask:TaskInfo{userId=0 taskId=37050 displayId=0 isRunning=true baseIntent=Intent { flg=0x10000000 cmp=com.softnation.Ojam/.MainActivity } baseActivity=ComponentInfo{com.softnation.Ojam/com.softnation.Ojam.MainActivity} topActivity=ComponentInfo{com.softnation.Ojam/com.softnation.Ojam.MainActivity} origActivity=null realActivity=ComponentInfo{com.softnation.Ojam/com.softnation.Ojam.MainActivity} numActivities=1 lastActiveTime=1032145043 supportsSplitScreenMultiWindow=true supportsMultiWindow=true resizeMode=1 isResizeable=true minWidth=-1 minHeight=-1 defaultMinSize=200 token=WCT{android.window.IWindowContainerToken$Stub$Proxy@45d09af} topActivityType=1 pictureInPictureParams=null shouldDockBigOverlays=false launchIntoPipHostTaskId=-1 lastParentTaskIdBeforePip=-1 displayCutoutSafeInsets=Rect(0, 104 - 0, 0) topActivityInfo=ActivityInfo{eaa1bc com.softnation.Ojam.MainActivity} launchCookies=[] positionInParent=Point(0, 0) parentTaskId=-1 isFocused=false isVisible=false isVisibleRequested=false isSleeping=false locusId=null displayAreaFeatureId=1 isTopActivityTransparent=false appCompatTaskInfo=AppCompatTaskInfo { topActivityInSizeCompat=false topActivityEligibleForLetterboxEducation= falseisLetterboxEducationEnabled= false isLetterboxDoubleTapEnabled= false topActivityEligibleForUserAspectRatioButton= false topActivityBoundsLetterboxed= false isFromLetterboxDoubleTap= false topActivityLetterboxVerticalPosition= -1 topActivityLetterboxHorizontalPosition= -1 topActivityLetterboxWidth=1080 topActivityLetterboxHeight=2460 isUserFullscreenOverrideEnabled=false isSystemFullscreenOverrideEnabled=false cameraCompatTaskInfo=CameraCompatTaskInfo { cameraCompatControlState=hidden freeformCameraCompatMode=inactive}} isImmersive=false mTopActivityRequestOrientation=-2 mBehindAppLockPkg=null mOriginatingUid=0 isEmbedde
03-02 11:59:45.626  2363  2477 I SoScUtils: monitorTransitionRequest mRequestOpenTransition:null mRequestOpenTriggerTask:-1 mRequestCloseTransition:null mRequestCloseTriggerTask:-1 mRequestCloseStageType:-1
03-02 11:59:45.626   921  1170 D SurfaceFlinger: [SF client] NEW(0xb400007caea52990) for (2363:com.android.systemui)
03-02 11:59:45.627  1621  2986 D WindowManager: Set transition=TransitionRecord{3108347 id=10190 type=OPEN flags=0x0}, ready=false, SyncId=10190 used=true, override=false, defer=0, states=Display{#0 state=ON size=1080x2460 ROTATION_0}:false
03-02 11:59:45.627  1999  2512 D SessionLifecycleClient: Sending lifecycle 2 to service
03-02 11:59:45.627  1999  1999 D Launcher.Lifecycle: onPause:UserHandle{0},c143874,true
03-02 11:59:45.627  1999  1999 D Launcher_UnlockAnimationStateMachine: onPause = IDLE
03-02 11:59:45.627  1999  1999 D Launcher_UnlockAnimationStateMachine: setState:PAUSE_WAIT
03-02 11:59:45.628  1999  4922 D SessionLifecycleService: Activity backgrounding at 614379176
03-02 11:59:45.628  1999  1999 D LauncherAssistantCompatGoogle: onPause com.google.android.libraries.gsa.launcherclient.LauncherClient@b8351e8
03-02 11:59:45.628  1999  1999 D ServiceDeliveryReplaceHelper: onPause: widget to serviceDeliver isReplace false
03-02 11:59:45.629  1621  1650 V GrammaticalInflectionUtils: AttributionSource: android.content.AttributionSource@19923ceb does not have READ_SYSTEM_GRAMMATICAL_GENDER permission.
03-02 11:59:45.630  2363  2477 D OneHandedController: stopOneHanded state is 0
03-02 11:59:45.631  2363  2363 I FocusedNotifPromptContr: onTopActivityMayChanged: isSupportPip false, isFocus false
03-02 11:59:45.631  2363  2363 I FocusedNotifPromptContr: onTopActivityMayChanged: topActivity=com.softnation.Ojam
03-02 11:59:45.631  2363  2363 I PromptViewAnimState: topActivityMayChanged: topActivity=com.miui.home --> com.softnation.Ojam
03-02 11:59:45.631  2363  2363 D KeyguardEditorHelper: onTopActivityMayChanged, topActivity=ComponentInfo{com.softnation.Ojam/com.softnation.Ojam.MainActivity}; mState=IDEL
03-02 11:59:45.632  2363  2477 D OneHandedController: stopOneHanded state is 0
03-02 11:59:45.632  2363  2577 D MiuiCameraCoveredManager: java.lang.NullPointerException: Attempt to invoke virtual method 'java.lang.String android.provider.MiuiSettings$SettingsCloudData$CloudData.getString(java.lang.String, java.lang.String)' on a null object reference
03-02 11:59:45.632  1621  2986 I AppsFilter: interaction: PackageSetting{131896e com.android.microdroid.empty_payload/10255} -> PackageSetting{9a8ca55 com.softnation.Ojam/10337} BLOCKED
03-02 11:59:45.633  1999  2756 D TaskStackChangeListeners: onTaskDescriptionChanged =  taskId = 37050
03-02 11:59:45.633  1621  2986 D WindowManager: Collecting in transition 10190: ActivityRecord{5f1b774 u0 com.softnation.Ojam/.MainActivity t37050} init visibleRequested:false
03-02 11:59:45.634  2363  2648 W libc    : Access denied finding property "ro.vendor.display.iris_x7.support"
03-02 11:59:45.636  2363  2577 D VRI[Ojam]: hardware acceleration = true, forceHwAccelerated = false
03-02 11:59:45.638  1621  2986 D WindowManager: Collecting in transition 10190: ActivityRecord{9880759 u0 com.miui.home/.launcher.Launcher t2} init visibleRequested:true
03-02 11:59:45.638  1621  2986 D WindowManager: Collecting in transition 10190: Window{7986e4c u0 com.miui.miwallpaper.wallpaperservice.MiuiKeyguardPictorialWallpaper} init visibleRequested:true
03-02 11:59:45.639  1621  2986 D WindowManager: Collecting in transition 10190: Window{92602d4 u0 com.miui.miwallpaper.wallpaperservice.ImageWallpaper} init visibleRequested:true
03-02 11:59:45.640  1621  2986 D MiuiRefreshRatePolicy: reset
03-02 11:59:45.642  1621  1651 I ActivityTaskManager: visible for Task{27e6aff #2 type=home I=com.miui.home/.launcher.Launcher} visible = true isAnimating = false TRANSITION = false PARENTS = false CHILDREN = false
03-02 11:59:45.642  1621  2986 D AS.BtHelper: isBluetoothScoOn() mBluetoothHeadset is null: falsemBluetoothHeadsetDevice is null: true
03-02 11:59:45.642  1621  2986 V AS.AudioDeviceBroker: requestedCommunicationDevice: null mAudioModeOwner: AudioModeInfo: mMode=MODE_NORMAL, mPid=0, mUid=0
03-02 11:59:45.643  1621  2986 D AS.BtHelper: isBluetoothScoOn() mBluetoothHeadset is null: falsemBluetoothHeadsetDevice is null: true
03-02 11:59:45.643  1621  2986 V AS.AudioDeviceBroker: requestedCommunicationDevice: null mAudioModeOwner: AudioModeInfo: mMode=MODE_NORMAL, mPid=0, mUid=0
03-02 11:59:45.643  1621  1650 I PowerHalWrapper: amsBoostProcessCreate package:com.softnation.Ojam 
03-02 11:59:45.644  1621  1651 D WindowManager: wms.Focus not requested for window=Window{d85ca12 u0 com.miui.home/com.miui.home.launcher.Launcher} because it has no surface or is not focusable.
03-02 11:59:45.644   863   958 I libPowerHal: [perfLockAcq] idx:4 hdl:369579 hint:21 pid:863 tid:863 duration:10000 lock_user:vendor.mediatek => ret_hdl:369579
03-02 11:59:45.644   863   958 I libPowerHal: [PE] MTKPOWER_HINT_PROCESS_CREATE update cmd:2024000, param:100, pr:3
03-02 11:59:45.644   863   958 I libPowerHal: [set_kswapd_affinity] set affinity = 16129
03-02 11:59:45.644   863   958 I libPowerHal: [PE] MTKPOWER_HINT_PROCESS_CREATE update ONESHOT(set) cmd:10000700 param:16129 pr:3
03-02 11:59:45.644   863   958 I libPowerHal: [perfLockAcq] Done for hdl : 369579
03-02 11:59:45.646   921  1166 I BufferQueueDebug: [798355b Splash Screen com.softnation.Ojam#134689](this:0xb400007bcecc5298,id:-1,api:0,p:-1,c:-1) BufferQueue core=(921:/system/bin/surfaceflinger)
03-02 11:59:45.647  1621  5247 D PreStartingManager: Not init when use PreStartingManager!
03-02 11:59:45.647  1621  5247 I WindowManager: Add startingWindow, surfaceControl = Surface(name=798355b Splash Screen com.softnation.Ojam#134689)/@0xaf8b6d1 layerId = 134689
03-02 11:59:45.649  1999  2759 D EventBus: No subscribers registered for event class com.miui.home.recents.messages.RecentTasksChangedEvent
03-02 11:59:45.649  1999  2759 D EventBus: No subscribers registered for event class org.greenrobot.eventbus.NoSubscriberEvent
03-02 11:59:45.649  1999  2759 D EventBus: No subscribers registered for event class com.miui.home.recents.messages.RecentTasksChangedEvent
03-02 11:59:45.650  1999  2759 D EventBus: No subscribers registered for event class org.greenrobot.eventbus.NoSubscriberEvent
03-02 11:59:45.650  1999  2684 D RecentsModel: onTaskStackChangedBackground    MSG_TASK_STACK_CHANGE
03-02 11:59:45.650  1999  2684 D RecentsModel: boostTaskStackChangedThread, don't boost
03-02 11:59:45.650  2363  2577 D InputEventReceiver: Input log is disabled in InputEventReceiver.
03-02 11:59:45.652  1621  1651 I ActivityTaskManager: visible for Task{27e6aff #2 type=home I=com.miui.home/.launcher.Launcher} visible = true isAnimating = false TRANSITION = false PARENTS = false CHILDREN = false
03-02 11:59:45.655  1621  4754 D CoreBackPreview: Window{798355b u0 Splash Screen com.softnation.Ojam}: Setting back callback OnBackInvokedCallbackInfo{mCallback=android.window.IOnBackInvokedCallback$Stub$Proxy@a80ef0d, mPriority=0, mIsAnimationCallback=false}
03-02 11:59:45.656  1621  5247 I ATMSImpl: cacheTasksForDefaultDisplay size=4
03-02 11:59:45.657  1621  1667 I ActivityManager: Start proc 11113:com.softnation.Ojam/u0a337 for next-top-activity {com.softnation.Ojam/com.softnation.Ojam.MainActivity} caller=com.android.shell
03-02 11:59:45.658   921  1166 I BufferQueueDebug: [Splash Screen com.softnation.Ojam#134690](this:0xb400007bcec561a8,id:-1,api:0,p:-1,c:-1) BufferQueue core=(921:/system/bin/surfaceflinger)
03-02 11:59:45.659  1999  2684 D RecentsModel: getRunningTask ignoreActivityType : 2 ,ignoreWindowMode:5
03-02 11:59:45.659  1999  2684 W RecentsModel: getRunningTask   taskInfo=TaskInfo{userId=0 taskId=37050 displayId=0 isRunning=true baseIntent=Intent { flg=0x10000000 cmp=com.softnation.Ojam/.MainActivity } baseActivity=ComponentInfo{com.softnation.Ojam/com.softnation.Ojam.MainActivity} topActivity=ComponentInfo{com.softnation.Ojam/com.softnation.Ojam.MainActivity} origActivity=null realActivity=ComponentInfo{com.softnation.Ojam/com.softnation.Ojam.MainActivity} numActivities=1 lastActiveTime=1032145078 supportsSplitScreenMultiWindow=true supportsMultiWindow=true resizeMode=1 isResizeable=true minWidth=-1 minHeight=-1 defaultMinSize=200 token=WCT{android.window.IWindowContainerToken$Stub$Proxy@586d3c5} topActivityType=1 pictureInPictureParams=null shouldDockBigOverlays=false launchIntoPipHostTaskId=-1 lastParentTaskIdBeforePip=-1 displayCutoutSafeInsets=null topActivityInfo=ActivityInfo{e4c611a com.softnation.Ojam.MainActivity} launchCookies=[] positionInParent=Point(0, 0) parentTaskId=-1 isFocused=false isVisible=false isVisibleRequested=true isSleeping=false locusId=null displayAreaFeatureId=1 isTopActivityTransparent=false appCompatTaskInfo=AppCompatTaskInfo { topActivityInSizeCompat=false topActivityEligibleForLetterboxEducation= falseisLetterboxEducationEnabled= false isLetterboxDoubleTapEnabled= false topActivityEligibleForUserAspectRatioButton= false topActivityBoundsLetterboxed= false isFromLetterboxDoubleTap= false topActivityLetterboxVerticalPosition= -1 topActivityLetterboxHorizontalPosition= -1 topActivityLetterboxWidth=1080 topActivityLetterboxHeight=2460 isUserFullscreenOverrideEnabled=false isSystemFullscreenOverrideEnabled=false cameraCompatTaskInfo=CameraCompatTaskInfo { cameraCompatControlState=hidden freeformCameraCompatMode=inactive}} isImmersive=false mTopActivityRequestOrientation=1 mBehindAppLockPkg=null mOriginatingUid=0 isEmbedded=false shouldBeVisible=true mIsCastMode=false mTopActivityMediaSize=null mTopActivityRecordName=ActivityRecord{5f1b774 u0 com.softnation.Ojam/.MainActivity t37050} mTopActivityOrientation=1}
03-02 11:59:45.659  1999  2684 D RecentsModel: preloadRecents runningTaskId:37050, mCurrentRunningTaskId:-1, mRecentsTaskLoadPlan=com.android.systemui.shared.recents.model.RecentsTaskLoadPlan@37744b
03-02 11:59:45.660  1999  2684 E ActivityManagerWrapper: get all recent tasks force including 37050
03-02 11:59:45.660  1621  2986 D MiuiRefreshRatePolicy: reset
03-02 11:59:45.662  1621  2986 W WindowManager: Changing focus from Window{d85ca12 u0 com.miui.home/com.miui.home.launcher.Launcher} to null displayId=0 Callers=com.android.server.wm.RootWindowContainer.updateFocusedWindowLocked:602 com.android.server.wm.WindowManagerService.updateFocusedWindowLocked:7168 com.android.server.wm.WindowManagerService.relayoutWindowInner:3076 com.android.server.wm.WindowManagerService.relayoutWindow:2724 
03-02 11:59:45.663  1621  2986 D WindowManager: wms.Input focus has changed to null display=0 updateInputWindows = true
03-02 11:59:45.663  1621  2986 I MultiSenceManagerInternalStub: getInstance
03-02 11:59:45.664 11113 11113 E Zygote  : process_name_ptr:11113 com.softnation.Ojam
03-02 11:59:45.665 11113 11113 E Zygote  : SetMemoryProtected process_name_ptr:11113 com.softnation.Ojam
