03-02 11:59:49.395  1621  1922 I SmartPower: com.google.android.googlequicksearchbox:googleapp/10165(27281): background->idle(3002ms) R(become invisible) adj=0.
03-02 11:59:49.395  1621  1922 I SmartPower: com.google.android.googlequicksearchbox:interactor/10165(5969): background->idle(3001ms) R(become invisible) adj=100.
03-02 11:59:49.413   921   921 I BufferQueueProducer: [FramebufferSurface](this:0xb400007d8e9dff50,id:-1,api:1,p:921,c:921) queueBuffer: fps=1.58 dur=1264.65 max=887.54 min=377.11
03-02 11:59:49.417   921   921 I MI-SF   : surfaceflinger setAffinity mode=1
03-02 11:59:49.417   921   921 E MI-SF   : surfaceflinger setAffinity success
03-02 11:59:49.417   921   921 I MI-SF   : surfaceflinger setreAffinity reTid=1207
03-02 11:59:49.417   921   921 E MI-SF   : surfaceflinger setAffinity success
03-02 11:59:49.422  1055  1186 D connsyslogger: SD_LOG_ROOT is /data/debuglogger/connsyslog/fw.
03-02 11:59:49.422  1055  1186 D connsyslogger: systemReady:1
03-02 11:59:49.451 11113 16480 W unknown:BridgelessReact: ReactHost{0}.loadJSBundleFromMetro(): Creating BundleLoader
03-02 11:59:49.453 11113 16479 W unknown:BridgelessReact: ReactHost{0}.getOrCreateReactContext(): Creating BridgelessReactContext
03-02 11:59:49.455 11113 16479 W unknown:BridgelessReact: ReactHost{0}.getOrCreateReactInstanceTask(): Creating ReactInstance
03-02 11:59:49.513 11113 16479 D nativeloader: Load /data/app/~~Bh61wenJZi6JNVEuOkVQfQ==/com.softnation.Ojam-nnCVAdHxKfOmup5FCuBDYQ==/base.apk!/lib/arm64-v8a/libhermes.so using class loader ns clns-7 (caller=/data/app/~~Bh61wenJZi6JNVEuOkVQfQ==/com.softnation.Ojam-nnCVAdHxKfOmup5FCuBDYQ==/base.apk!classes20.dex): ok
03-02 11:59:49.517 11113 16479 D nativeloader: Load /data/app/~~Bh61wenJZi6JNVEuOkVQfQ==/com.softnation.Ojam-nnCVAdHxKfOmup5FCuBDYQ==/base.apk!/lib/arm64-v8a/libhermestooling.so using class loader ns clns-7 (caller=/data/app/~~Bh61wenJZi6JNVEuOkVQfQ==/com.softnation.Ojam-nnCVAdHxKfOmup5FCuBDYQ==/base.apk!classes20.dex): ok
03-02 11:59:49.517 11113 16479 D jni_lib_merge: Entering merged library JNI_OnLoad.
03-02 11:59:49.517 11113 16479 D jni_lib_merge: Preparing 4 pre-merged libs (including stub)
03-02 11:59:49.517 11113 16479 D jni_lib_merge: Preparing to register libhermes_executor_so.  onload_func: 0x79379317e0
03-02 11:59:49.517 11113 16479 D jni_lib_merge: Preparing to register libhermesinstancejni_so.  onload_func: 0x793796726c
03-02 11:59:49.517 11113 16479 D jni_lib_merge: Preparing to register libjsijniprofiler_so.  onload_func: 0x79379692bc
03-02 11:59:49.517 11113 16479 D jni_lib_merge: About to register 3 actual methods.
03-02 11:59:49.579 11113 16479 D nativeloader: Load /data/app/~~Bh61wenJZi6JNVEuOkVQfQ==/com.softnation.Ojam-nnCVAdHxKfOmup5FCuBDYQ==/base.apk!/lib/arm64-v8a/libexpo-av.so using class loader ns clns-7 (caller=/data/app/~~Bh61wenJZi6JNVEuOkVQfQ==/com.softnation.Ojam-nnCVAdHxKfOmup5FCuBDYQ==/base.apk!classes21.dex): ok
03-02 11:59:49.619   861   947 I libPerfCtl: xgfGetFPS pid:921 fps:-1
03-02 11:59:49.619   861   947 I libPerfCtl: xgfGetFPS pid:2363 fps:-1
03-02 11:59:49.655  1621  4230 D AS.BtHelper: isBluetoothScoOn() mBluetoothHeadset is null: falsemBluetoothHeadsetDevice is null: true
03-02 11:59:49.656  1621  4230 V AS.AudioDeviceBroker: requestedCommunicationDevice: null mAudioModeOwner: AudioModeInfo: mMode=MODE_NORMAL, mPid=0, mUid=0
03-02 11:59:49.656  1621  4230 D AS.BtHelper: isBluetoothScoOn() mBluetoothHeadset is null: falsemBluetoothHeadsetDevice is null: true
03-02 11:59:49.656  1621  4230 V AS.AudioDeviceBroker: requestedCommunicationDevice: null mAudioModeOwner: AudioModeInfo: mMode=MODE_NORMAL, mPid=0, mUid=0
03-02 11:59:50.143  2350  2350 W Settings: Setting airplane_mode_on has moved from android.provider.Settings.System to android.provider.Settings.Global, returning read-only value.
03-02 11:59:50.145  2350  2350 W Settings: Setting airplane_mode_on has moved from android.provider.Settings.System to android.provider.Settings.Global, returning read-only value.
03-02 11:59:50.148  2350 29580 D NetworkSpeedTracker: updateSignalInfo lteRsrp=-77lteSnr=17,phoneId=1
03-02 11:59:50.152  2350 29580 D NetworkSpeedTracker: updateSignalInfo lteRsrp=-77lteSnr=17,phoneId=1
03-02 11:59:50.196  1621  1621 D UiModeManager: updateConfigurationLocked: mDockState=0; mCarMode=false; mCar=false; mPowerSave=false; mOverrideNightModeOn=false; mOverrideNightModeOff=false; mComputedNightMode=true; mNightModeValue=2; uiMode=42
03-02 11:59:50.199  6027  6027 I PowerSaveService: onReceive: android.intent.action.BATTERY_CHANGED
03-02 11:59:50.200  6515  8177 D PowerCheckerService: onBatteryChanged, mBatteryLevel = 44, status = 2, level = 44, plug = 2, scale = 100
03-02 11:59:50.200  6515  6997 I ProcAudioPowerManager: onBatteryChanged, onBattery is false
03-02 11:59:50.200  6515  6997 D PowerKeeper.FrozenApp: onBatteryChanged plug=true mBatteryPlugged=2
03-02 11:59:50.200  6027  6027 I PowerNoticeUI: handleBatteryChanged oldPlugType 2 mPlugType 2 oldBatteryLevel 44 mBatteryLevel 44 temperature 410
03-02 11:59:50.200  6027  6027 I ChargerBatteryIntelligenceReceiver: onBatteryChanged temperature∩╝Ü41,plugType:2
03-02 11:59:50.200  6027  6027 I ChargerBatteryIntelligenceReceiver: dissmissTempFastChargeReminder not support
03-02 11:59:50.200  6027  6027 D BaseChargeProtect_HighTemp: mCountByMinute:0,isScreenOn:true
03-02 11:59:50.201  6515  8142 D PowerKeeper.Thermal: mBatteryTemperature: 41
03-02 11:59:50.203  6027  6027 I android_os_HwBinder: HwBinder: Starting thread pool for getting: vendor.xiaomi.hardware.micharge@1.0::IMiCharge/default
03-02 11:59:50.205   872 24120 I vendor.xiaomi.hardware.micharge@1.0-service: ReadFilePathValue path = /sys/class/power_supply/usb/real_type value = USB
03-02 11:59:50.205  6027  6027 I IMiChargeUtils: getIMiChargeStringValue method:getBatteryChargeType,value:USB
03-02 11:59:50.205  6027  6027 I IMiChargeUtils: getBatteryChargeType : USB
03-02 11:59:50.205  6027  6027 I ChargeTimeUtilsV2: chargeType:USB
03-02 11:59:50.205  6027  6027 I PowerFeatureUtils: getVendorName:mediatek
03-02 11:59:50.205  6027  6027 I PowerFeatureUtils: getVendorName:mediatek
03-02 11:59:50.254  1177  1177 I thermal_src: recvmsg_expect 5, but get 2 
03-02 11:59:50.254  1177  1177 V thermal_src: TA_DAEMON_CMD_GET_TPCB:ERROR ret=-1
03-02 11:59:50.254  1177  1177 E thermal_src: get_tpcb_from_kernel:error -1. retry...
03-02 11:59:50.254  1177  1177 I thermal_src: recvmsg_expect 4, but get 5 
03-02 11:59:50.254  1177  1177 V thermal_src: TA_DAEMON_CMD_SET_TTJ:ERROR ret=-1
03-02 11:59:50.254  1177  1177 E thermal_src: set_ttj_to_kernel 1:error -1
03-02 11:59:50.254  1177  1177 I thermal_src: recvmsg_expect 2, but get 4 
03-02 11:59:50.254  1177  1177 V thermal_src: waiting NOTIFY from kernel miss, -1
03-02 11:59:50.423  1621  4754 D ActivityManager: getProcessesInErrorState callingUid=10383, CallingPid=10222
03-02 11:59:50.447 18562 13630 D BluetoothDevice: getAddress: mAddress=XX:XX:XX:XX:E1:4F
03-02 11:59:50.447 18562 13630 D BluetoothDevice: getAddress: mAddress=XX:XX:XX:XX:94:A5
03-02 11:59:50.447 18562 13630 D BluetoothDevice: getAddress: mAddress=XX:XX:XX:XX:6E:27
03-02 11:59:50.447 18562 13630 D BluetoothDevice: getAddress: mAddress=XX:XX:XX:XX:9D:81
03-02 11:59:50.447 18562 13630 D BluetoothDevice: getAddress: mAddress=XX:XX:XX:XX:EE:F9
03-02 11:59:50.447 18562 13630 D BluetoothDevice: getAddress: mAddress=XX:XX:XX:XX:C8:A7
03-02 11:59:50.447 18562 13630 D BluetoothDevice: getAddress: mAddress=XX:XX:XX:XX:2F:74
03-02 11:59:50.447 18562 13630 D BluetoothDevice: getAddress: mAddress=XX:XX:XX:XX:69:70
03-02 11:59:50.447 18562 13630 D BluetoothDevice: getAddress: mAddress=XX:XX:XX:XX:C0:39
03-02 11:59:50.449 18562 18581 D BluetoothDevice: getAddress: mAddress=XX:XX:XX:XX:E1:4F
03-02 11:59:50.449 18562 18581 D BluetoothDevice: getAddress: mAddress=XX:XX:XX:XX:94:A5
03-02 11:59:50.449 18562 18581 D BluetoothDevice: getAddress: mAddress=XX:XX:XX:XX:6E:27
03-02 11:59:50.450 18562 18581 D BluetoothDevice: getAddress: mAddress=XX:XX:XX:XX:9D:81
03-02 11:59:50.450 18562 18581 D BluetoothDevice: getAddress: mAddress=XX:XX:XX:XX:EE:F9
03-02 11:59:50.450 18562 18581 D BluetoothDevice: getAddress: mAddress=XX:XX:XX:XX:C8:A7
03-02 11:59:50.450 18562 18581 D BluetoothDevice: getAddress: mAddress=XX:XX:XX:XX:2F:74
03-02 11:59:50.450 18562 18581 D BluetoothDevice: getAddress: mAddress=XX:XX:XX:XX:69:70
03-02 11:59:50.450 18562 18581 D BluetoothDevice: getAddress: mAddress=XX:XX:XX:XX:C0:39
03-02 11:59:50.452 18562 18581 D BluetoothDevice: getAddress: mAddress=XX:XX:XX:XX:E1:4F
03-02 11:59:50.452 18562 18581 D BluetoothDevice: getAddress: mAddress=XX:XX:XX:XX:94:A5
03-02 11:59:50.452 18562 18581 D BluetoothDevice: getAddress: mAddress=XX:XX:XX:XX:6E:27
03-02 11:59:50.452 18562 18581 D BluetoothDevice: getAddress: mAddress=XX:XX:XX:XX:9D:81
03-02 11:59:50.452 18562 18581 D BluetoothDevice: getAddress: mAddress=XX:XX:XX:XX:EE:F9
03-02 11:59:50.453 18562 18581 D BluetoothDevice: getAddress: mAddress=XX:XX:XX:XX:C8:A7
03-02 11:59:50.453 18562 18581 D BluetoothDevice: getAddress: mAddress=XX:XX:XX:XX:2F:74
03-02 11:59:50.453 18562 18581 D BluetoothDevice: getAddress: mAddress=XX:XX:XX:XX:69:70
03-02 11:59:50.453 18562 18581 D BluetoothDevice: getAddress: mAddress=XX:XX:XX:XX:C0:39
03-02 11:59:50.511  6515  7167 E PowerKeeper.Thermal: ProcessInfo java.lang.NumberFormatException: For input string: "CPU usage from 331262ms to 31005ms ago (2026-03-02 11"
03-02 11:59:50.619   861   947 I libPerfCtl: xgfGetFPS pid:921 fps:-1
03-02 11:59:50.619   861   947 I libPerfCtl: xgfGetFPS pid:2363 fps:-1
03-02 11:59:50.632  1621  4230 W ContentProviderHelper: No provider info for content provider com.miui.personalassistant.servicedeliver.system.provider when providerRunning is false, caller is ProcessRecord{b4ea4fc 1999:com.miui.home/u0a166}
03-02 11:59:50.633  1999 17839 E ActivityThread: Failed to find provider info for com.miui.personalassistant.servicedeliver.system.provider
03-02 11:59:50.634  1999 17839 E ServiceDeliveryCompat: isSupportServiceDelivery
03-02 11:59:50.634  1999 17839 E ServiceDeliveryCompat: java.lang.IllegalArgumentException: Unknown authority com.miui.personalassistant.servicedeliver.system.provider
03-02 11:59:50.634  1999 17839 E ServiceDeliveryCompat: 	at android.content.ContentResolver.call(ContentResolver.java:2463)
03-02 11:59:50.634  1999 17839 E ServiceDeliveryCompat: 	at android.content.ContentResolver.call(ContentResolver.java:2446)
03-02 11:59:50.634  1999 17839 E ServiceDeliveryCompat: 	at com.miui.home.launcher.servicedeliver.ServiceDeliveryUtils.isSupportServiceDelivery(ServiceDeliveryUtils.kt:28)
03-02 11:59:50.634  1999 17839 E ServiceDeliveryCompat: 	at com.miui.home.launcher.servicedeliver.ServiceDeliveryReplaceHelper.lambda$tryReplaceToServiceDelivery$1(ServiceDeliveryReplaceHelper.java:67)
03-02 11:59:50.634  1999 17839 E ServiceDeliveryCompat: 	at com.miui.home.launcher.servicedeliver.ServiceDeliveryReplaceHelper.$r8$lambda$WUWmthv-UjITX40FJ8ag1YKl6O8(Unknown Source:0)
03-02 11:59:50.634  1999 17839 E ServiceDeliveryCompat: 	at com.miui.home.launcher.servicedeliver.ServiceDeliveryReplaceHelper$$ExternalSyntheticLambda1.run(Unknown Source:2)
03-02 11:59:50.634  1999 17839 E ServiceDeliveryCompat: 	at java.util.concurrent.Executors$RunnableAdapter.call(Executors.java:520)
03-02 11:59:50.634  1999 17839 E ServiceDeliveryCompat: 	at java.util.concurrent.FutureTask.run(FutureTask.java:317)
03-02 11:59:50.634  1999 17839 E ServiceDeliveryCompat: 	at java.util.concurrent.ThreadPoolExecutor.runWorker(ThreadPoolExecutor.java:1154)
03-02 11:59:50.634  1999 17839 E ServiceDeliveryCompat: 	at java.util.concurrent.ThreadPoolExecutor$Worker.run(ThreadPoolExecutor.java:652)
03-02 11:59:50.634  1999 17839 E ServiceDeliveryCompat: 	at java.lang.Thread.run(Thread.java:1563)
03-02 11:59:50.634  1999 17839 I ServiceDeliveryReplaceHelper: tryReplaceToDelivery: isSupportServiceDelivery false
03-02 11:59:50.660  1621  4230 D AS.BtHelper: isBluetoothScoOn() mBluetoothHeadset is null: falsemBluetoothHeadsetDevice is null: true
03-02 11:59:50.660  1621  4230 V AS.AudioDeviceBroker: requestedCommunicationDevice: null mAudioModeOwner: AudioModeInfo: mMode=MODE_NORMAL, mPid=0, mUid=0
03-02 11:59:50.661  1621  4230 D AS.BtHelper: isBluetoothScoOn() mBluetoothHeadset is null: falsemBluetoothHeadsetDevice is null: true
03-02 11:59:50.661  1621  4230 V AS.AudioDeviceBroker: requestedCommunicationDevice: null mAudioModeOwner: AudioModeInfo: mMode=MODE_NORMAL, mPid=0, mUid=0
03-02 11:59:50.685  1621  1666 I SmartPower: com.whatsapp/10300(11977): idle->background(3575ms) R(broadcast start Intent { act=android.intent.action.BATTERY_CHANGED flg=0x60000010 (has extras) }) adj=925.
03-02 11:59:50.686  1621  1666 I SmartPower: com.instagram.android/10301(12297): idle->background(3575ms) R(broadcast start Intent { act=android.intent.action.BATTERY_CHANGED flg=0x60000010 (has extras) }) adj=915.
03-02 11:59:50.686  1621  1666 I SmartPower: com.facebook.katana/10287(13089): idle->background(3575ms) R(broadcast start Intent { act=android.intent.action.BATTERY_CHANGED flg=0x60000010 (has extras) }) adj=915.
03-02 11:59:50.687  1621  1666 I SmartPower: com.whatsapp/99910300(13110): idle->background(3576ms) R(broadcast start Intent { act=android.intent.action.BATTERY_CHANGED flg=0x60000010 (has extras) }) adj=500.
03-02 11:59:50.688  1621  1666 I SmartPower: com.instagram.barcelona/10075(15772): idle->background(3577ms) R(broadcast start Intent { act=android.intent.action.BATTERY_CHANGED flg=0x60000010 (has extras) }) adj=905.
03-02 11:59:50.688  1621  1666 I SmartPower: com.android.chrome/10174(16256): idle->background(3577ms) R(broadcast start Intent { act=android.intent.action.BATTERY_CHANGED flg=0x60000010 (has extras) }) adj=905.
03-02 11:59:50.849 11113 16479 I ExpoModulesCore: Γ£à AppContext was initialized
03-02 11:59:50.922  1167  1167 I thermal_repeater: [recvMdThermalInfo] ret=25, strLen=127,  3, 38, -5, 196, 32767, 0
03-02 11:59:50.995 11113 16479 W unknown:BridgelessReact: ReactHost{0}.getOrCreateReactInstanceTask(): Loading JS Bundle
03-02 11:59:50.996 11113 16479 W unknown:BridgelessReact: ReactHost{0}.getOrCreateReactInstanceTask(): Calling DevSupportManagerBase.onNewReactContextCreated(reactContext)
03-02 11:59:51.002 11113 16479 W unknown:BridgelessReact: ReactHost{0}.startSurface(surfaceId = 0): Execute
03-02 11:59:51.008  1159  1606 D ULogGuard: Monitoring: 18 threads, 0 requests, 0 time-bombs; 1 guards. ResetFlags = 0x7
03-02 11:59:51.023 11113 11113 W unknown:ReactNative: Packager connection already open, nooping.
03-02 11:59:51.024 11113 11113 W unknown:BridgelessReact: ReactContext.onHostResume()
03-02 11:59:51.031 11113 11113 W unknown:BridgelessReact: ReactHost{0}.getOrCreateReactInstanceTask(): Executing ReactInstanceEventListeners
03-02 11:59:51.041  1205  2027 D AidlBufferPoolAcc: evictor expired: 3, evicted: 0
03-02 11:59:51.060  1055  1191 D connsyslogger: data recycle:time out
03-02 11:59:51.060  1055  1191 D connsyslogger: idx=0 Bootup Log: 2 log files! filecount=3 
03-02 11:59:51.387  1621  1922 I SmartPower: com.mi.globalminusscreen/10162(11917): background->idle(5000ms) R(become invisible) adj=0.
03-02 11:59:51.422  1055  1186 D connsyslogger: SD_LOG_ROOT is /data/debuglogger/connsyslog/fw.
03-02 11:59:51.422  1055  1186 D connsyslogger: systemReady:1
03-02 11:59:51.619   861   947 I libPerfCtl: xgfGetFPS pid:2363 fps:-1
03-02 11:59:51.664  1621  4431 D AS.BtHelper: isBluetoothScoOn() mBluetoothHeadset is null: falsemBluetoothHeadsetDevice is null: true
03-02 11:59:51.664  1621  4431 V AS.AudioDeviceBroker: requestedCommunicationDevice: null mAudioModeOwner: AudioModeInfo: mMode=MODE_NORMAL, mPid=0, mUid=0
03-02 11:59:51.665  1621  4431 D AS.BtHelper: isBluetoothScoOn() mBluetoothHeadset is null: falsemBluetoothHeadsetDevice is null: true
03-02 11:59:51.665  1621  4431 V AS.AudioDeviceBroker: requestedCommunicationDevice: null mAudioModeOwner: AudioModeInfo: mMode=MODE_NORMAL, mPid=0, mUid=0
03-02 11:59:51.880 12297 12471 E msys    : E[N mns]_OnDiskCacheGetData(632)=>Start post callback cache refresh DNS resolution
03-02 11:59:51.886 12297 12471 E msys    : E[N mns]_LogError(228)=>Failed to resolve using system DNS resolver, getaddrinfo(): No address associated with hostname
03-02 11:59:51.887 12297 12471 E msys    : E[N mns]_OnDiskCacheGetData(632)=>Start post callback cache refresh DNS resolution
03-02 11:59:51.889 12297 12471 E msys    : E[N mns]_LogError(228)=>Failed to resolve using system DNS resolver, getaddrinfo(): No address associated with hostname
03-02 11:59:52.216 11113 16504 I WebViewFactory: Loading com.google.android.webview version 145.0.7632.79 (code 763207903)
03-02 11:59:52.224 11113 16504 D ApplicationLoaders: Returning zygote-cached class loader: /system/framework/android.test.base.jar
03-02 11:59:52.224 11113 16504 D ApplicationLoaders: Returning zygote-cached class loader: /system_ext/framework/androidx.window.extensions.jar
03-02 11:59:52.232 11113 16504 W softnation.Ojam: Loading /data/app/~~6WQvy1g3uHyDFuZpDlez4A==/com.google.android.webview-LhKVE1I3zKkU3w5MlwC1TA==/oat/arm64/base.odex non-executable as it requires an image which we failed to load
03-02 11:59:52.237 11113 16504 D nativeloader: Configuring clns-8 for other apk /data/app/~~6WQvy1g3uHyDFuZpDlez4A==/com.google.android.webview-LhKVE1I3zKkU3w5MlwC1TA==/base.apk. target_sdk_version=36, uses_libraries=, library_path=/data/app/~~6WQvy1g3uHyDFuZpDlez4A==/com.google.android.webview-LhKVE1I3zKkU3w5MlwC1TA==/lib/arm64:/data/app/~~6WQvy1g3uHyDFuZpDlez4A==/com.google.android.webview-LhKVE1I3zKkU3w5MlwC1TA==/base.apk!/lib/arm64-v8a, permitted_path=/data:/mnt/expand
03-02 11:59:52.273  1621  1918 E HyperSentinel: -------------------------------------------------------
03-02 11:59:52.273  1621  1918 E HyperSentinel: Event_ResidentSize
03-02 11:59:52.273  1621  1918 E HyperSentinel: -> audit event by proc 11113 "usap64": RSS increasement, peak 255332kb -> 383000kb
03-02 11:59:52.273  1621  1917 D MiuiSentinelService: begin judgmentRssLeakException
03-02 11:59:52.273  1621  1917 E MiuiSentinelMemoryManager: getRSSinfo: usap64#11113
03-02 11:59:52.273  1621  1917 D MiuiSentinelMemoryManager: cmdline: usap64, pid: 11113, RSSsize:383000
03-02 11:59:52.275  1621  1917 W MiuiSentinelMemoryManager: The current process type does not meet reporting requirements
03-02 11:59:52.295 11113 16504 I cr_WVCFactoryProvider: version=145.0.7632.79 (763207903) minSdkVersion=29 multiprocess=true packageId=127 splits=<none>
03-02 11:59:52.306 11113 16504 D nativeloader: Load /data/app/~~6WQvy1g3uHyDFuZpDlez4A==/com.google.android.webview-LhKVE1I3zKkU3w5MlwC1TA==/base.apk!/lib/arm64-v8a/libwebviewchromium.so using class loader ns clns-8 (caller=/data/app/~~6WQvy1g3uHyDFuZpDlez4A==/com.google.android.webview-LhKVE1I3zKkU3w5MlwC1TA==/base.apk): ok
03-02 11:59:52.310 11113 16504 D nativeloader: Load /system/lib64/libwebviewchromium_plat_support.so using class loader ns clns-8 (caller=/data/app/~~6WQvy1g3uHyDFuZpDlez4A==/com.google.android.webview-LhKVE1I3zKkU3w5MlwC1TA==/base.apk): ok
03-02 11:59:52.319 11113 16518 I chromium: [0302/115952.318544:INFO:android_webview/browser/variations/variations_seed_loader.cc:67] Failed to open file for reading.: No such file or directory (2)
03-02 11:59:52.329 11113 16504 I cr_LibraryLoader: Successfully loaded native library
03-02 11:59:52.331 11113 16504 I cr_CachingUmaRecorder: Flushed 18 samples from 18 histograms, 0 samples were dropped.
03-02 11:59:52.389 11113 16503 D nativeloader: Load /data/app/~~Bh61wenJZi6JNVEuOkVQfQ==/com.softnation.Ojam-nnCVAdHxKfOmup5FCuBDYQ==/base.apk!/lib/arm64-v8a/libexpo-modules-core.so using class loader ns clns-7 (caller=/data/app/~~Bh61wenJZi6JNVEuOkVQfQ==/com.softnation.Ojam-nnCVAdHxKfOmup5FCuBDYQ==/base.apk!classes20.dex): ok
03-02 11:59:52.407 18562 18904 I BtGatt.ScanManager: msg.what = MSG_CHECK_SCAN_STATUS, msg.arg1 = CHECK_BACKGROUND_TIMEOUT
03-02 11:59:52.424  1621  4431 D ActivityManager: getProcessesInErrorState callingUid=10383, CallingPid=10222
03-02 11:59:52.476 11113 16503 W unknown:ViewManagerPropertyUpdater: Could not find generated setter for class com.th3rdwave.safeareacontext.SafeAreaProviderManager
03-02 11:59:52.484 11113 16503 W unknown:ViewManagerPropertyUpdater: Could not find generated setter for class com.facebook.react.uimanager.LayoutShadowNode
03-02 11:59:52.489 11113 16503 W unknown:ViewManagerPropertyUpdater: Could not find generated setter for class com.swmansion.rnscreens.SearchBarManager
03-02 11:59:52.491 11113 16503 W unknown:ViewManagerPropertyUpdater: Could not find generated setter for class com.swmansion.rnscreens.ScreenFooterManager
03-02 11:59:52.493 11113 16503 W unknown:ViewManagerPropertyUpdater: Could not find generated setter for class com.swmansion.rnscreens.gamma.tabs.TabScreenViewManager
03-02 11:59:52.496 11113 16503 W unknown:ViewManagerPropertyUpdater: Could not find generated setter for class expo.modules.kotlin.views.GroupViewManagerWrapper
03-02 11:59:52.503 11113 16503 W unknown:ViewManagerPropertyUpdater: Could not find generated setter for class com.swmansion.rnscreens.ScreenContainerViewManager
03-02 11:59:52.505 11113 16503 W unknown:ViewManagerPropertyUpdater: Could not find generated setter for class com.reactnativecommunity.slider.ReactSliderManager
03-02 11:59:52.512 11113 16503 W unknown:ViewManagerPropertyUpdater: Could not find generated setter for class com.swmansion.rnscreens.gamma.tabs.TabsHostViewManager
03-02 11:59:52.515 11113 16503 W unknown:ViewManagerPropertyUpdater: Could not find generated setter for class com.swmansion.rnscreens.ModalScreenViewManager
03-02 11:59:52.521 11113 16503 W unknown:ViewManagerPropertyUpdater: Could not find generated setter for class com.swmansion.rnscreens.ScreenStackHeaderConfigViewManager
03-02 11:59:52.527 11113 16503 W unknown:ViewManagerPropertyUpdater: Could not find generated setter for class com.swmansion.rnscreens.ScreenContentWrapperManager
03-02 11:59:52.528 11113 16503 W unknown:ViewManagerPropertyUpdater: Could not find generated setter for class com.th3rdwave.safeareacontext.SafeAreaViewManager
03-02 11:59:52.532 11113 16503 W unknown:ViewManagerPropertyUpdater: Could not find generated setter for class com.th3rdwave.safeareacontext.SafeAreaViewShadowNode
03-02 11:59:52.534 11113 16503 W unknown:ViewManagerPropertyUpdater: Could not find generated setter for class com.swmansion.rnscreens.ScreenViewManager
03-02 11:59:52.538 11113 16503 W unknown:ViewManagerPropertyUpdater: Could not find generated setter for class expo.modules.kotlin.views.SimpleViewManagerWrapper
03-02 11:59:52.541 11113 16503 W unknown:ViewManagerPropertyUpdater: Could not find generated setter for class com.swmansion.rnscreens.ScreenStackHeaderSubviewManager
03-02 11:59:52.545 11113 16503 W unknown:ViewManagerPropertyUpdater: Could not find generated setter for class com.swmansion.rnscreens.ScreenStackViewManager
03-02 11:59:52.619   861   947 I libPerfCtl: xgfGetFPS pid:2363 fps:-1
03-02 11:59:52.668  1621  4431 D AS.BtHelper: isBluetoothScoOn() mBluetoothHeadset is null: falsemBluetoothHeadsetDevice is null: true
03-02 11:59:52.668  1621  4431 V AS.AudioDeviceBroker: requestedCommunicationDevice: null mAudioModeOwner: AudioModeInfo: mMode=MODE_NORMAL, mPid=0, mUid=0
03-02 11:59:52.668  1621  4431 D AS.BtHelper: isBluetoothScoOn() mBluetoothHeadset is null: falsemBluetoothHeadsetDevice is null: true
03-02 11:59:52.669  1621  4431 V AS.AudioDeviceBroker: requestedCommunicationDevice: null mAudioModeOwner: AudioModeInfo: mMode=MODE_NORMAL, mPid=0, mUid=0
03-02 11:59:52.713  1201  1298 D AALLightSensor: oldLux=28 [SA:-1 LA:-1] newLux=28 (oriLux: 29)
03-02 11:59:52.719  2350  2350 W Settings: Setting airplane_mode_on has moved from android.provider.Settings.System to android.provider.Settings.Global, returning read-only value.
03-02 11:59:52.721  2350  2350 W Settings: Setting airplane_mode_on has moved from android.provider.Settings.System to android.provider.Settings.Global, returning read-only value.
03-02 11:59:52.724  2350 29580 D NetworkSpeedTracker: updateSignalInfo lteRsrp=-78lteSnr=16,phoneId=1
03-02 11:59:52.727  2350 29580 D NetworkSpeedTracker: updateSignalInfo lteRsrp=-78lteSnr=16,phoneId=1
03-02 11:59:52.813   921   921 I BufferQueueProducer: [StatusBar#109](this:0xb400007bcec4ab68,id:-1,api:0,p:-1,c:921) queueBuffer: fps=0.40 dur=5018.94 max=4020.10 min=998.85
03-02 11:59:52.816   849   849 I hwcomposer: [HWCDisplay] (0 updateFps():3667), (type:1, mode:2) fps:1.243682,dur:4020.32,max:3401.20,min:16.18  
03-02 11:59:52.817   921   921 I MI-SF   : surfaceflinger setAffinity mode=0
03-02 11:59:52.817   921   921 E MI-SF   : surfaceflinger setAffinity success
03-02 11:59:52.845 11113 16503 W unknown:ViewManagerPropertyUpdater: Could not find generated setter for class com.horcrux.svg.RenderableViewManager$FeMergeManager
03-02 11:59:52.848 11113 16503 W unknown:ViewManagerPropertyUpdater: Could not find generated setter for class com.horcrux.svg.VirtualViewManager$RenderableShadowNode
03-02 11:59:52.863 11113 16503 W unknown:ViewManagerPropertyUpdater: Could not find generated setter for class com.facebook.react.views.safeareaview.ReactSafeAreaViewManager
03-02 11:59:52.864 11113 16503 W unknown:ViewManagerPropertyUpdater: Could not find generated setter for class com.facebook.react.views.safeareaview.ReactSafeAreaViewShadowNode
03-02 11:59:52.877 11113 16503 W unknown:ViewManagerPropertyUpdater: Could not find generated setter for class com.horcrux.svg.RenderableViewManager$LinearGradientManager
03-02 11:59:52.893 11113 16503 W unknown:ViewManagerPropertyUpdater: Could not find generated setter for class com.facebook.react.views.progressbar.ReactProgressBarViewManager
03-02 11:59:52.894 11113 16503 W unknown:ViewManagerPropertyUpdater: Could not find generated setter for class com.facebook.react.views.progressbar.ProgressBarShadowNode
03-02 11:59:52.907 11113 16503 W unknown:ViewManagerPropertyUpdater: Could not find generated setter for class com.horcrux.svg.RenderableViewManager$FeColorMatrixManager
03-02 11:59:52.921 11113 16503 W unknown:ViewManagerPropertyUpdater: Could not find generated setter for class com.horcrux.svg.RenderableViewManager$SymbolManager
03-02 11:59:52.931   849  1430 I hwcomposer: [HWC] (0)fire a callback of refresh to SF[4]  
03-02 11:59:52.939 11113 16503 W unknown:ViewManagerPropertyUpdater: Could not find generated setter for class com.horcrux.svg.RenderableViewManager$PatternManager
03-02 11:59:52.954   921   921 I BufferQueueProducer: [FramebufferSurface](this:0xb400007d8e9dff50,id:-1,api:1,p:921,c:921) queueBuffer: fps=0.28 dur=3540.83 max=3540.83 min=3540.83
03-02 11:59:52.957   921   921 I MI-SF   : surfaceflinger setAffinity mode=1
03-02 11:59:52.957   921   921 E MI-SF   : surfaceflinger setAffinity success
03-02 11:59:52.957   921   921 I MI-SF   : surfaceflinger setreAffinity reTid=1207
03-02 11:59:52.957   921   921 E MI-SF   : surfaceflinger setAffinity success
03-02 11:59:52.959 11113 16503 W unknown:ViewManagerPropertyUpdater: Could not find generated setter for class com.horcrux.svg.SvgViewManager
03-02 11:59:52.978 11113 16503 W unknown:ViewManagerPropertyUpdater: Could not find generated setter for class com.facebook.react.views.switchview.ReactSwitchManager
03-02 11:59:52.980 11113 16503 W unknown:ViewManagerPropertyUpdater: Could not find generated setter for class com.facebook.react.views.switchview.ReactSwitchShadowNode
03-02 11:59:52.993 11113 16503 W unknown:ViewManagerPropertyUpdater: Could not find generated setter for class com.horcrux.svg.RenderableViewManager$UseViewManager
03-02 11:59:53.009 11113 16503 W unknown:ViewManagerPropertyUpdater: Could not find generated setter for class com.horcrux.svg.RenderableViewManager$TSpanViewManager
03-02 11:59:53.027 11113 16503 W unknown:ViewManagerPropertyUpdater: Could not find generated setter for class com.horcrux.svg.RenderableViewManager$FilterManager
03-02 11:59:53.041 11113 16503 W unknown:ViewManagerPropertyUpdater: Could not find generated setter for class com.horcrux.svg.RenderableViewManager$MarkerManager
03-02 11:59:53.059 11113 16503 W unknown:ViewManagerPropertyUpdater: Could not find generated setter for class com.swmansion.gesturehandler.react.RNGestureHandlerButtonViewManager
03-02 11:59:53.073 11113 16503 W unknown:ViewManagerPropertyUpdater: Could not find generated setter for class com.horcrux.svg.RenderableViewManager$ForeignObjectManager
03-02 11:59:53.089 11113 16503 W unknown:ViewManagerPropertyUpdater: Could not find generated setter for class com.horcrux.svg.RenderableViewManager$GroupViewManager
03-02 11:59:53.102 12297 12471 E msys    : E[N mns]_OnDiskCacheGetData(632)=>Start post callback cache refresh DNS resolution
03-02 11:59:53.103  1177  1177 I thermal_src: recvmsg_expect 5, but get 2 
03-02 11:59:53.104  1177  1177 V thermal_src: TA_DAEMON_CMD_GET_TPCB:ERROR ret=-1
03-02 11:59:53.104  1177  1177 E thermal_src: get_tpcb_from_kernel:error -1. retry...
03-02 11:59:53.104  1177  1177 I thermal_src: recvmsg_expect 4, but get 2 
03-02 11:59:53.104  1177  1177 V thermal_src: TA_DAEMON_CMD_SET_TTJ:ERROR ret=-1
03-02 11:59:53.104  1177  1177 E thermal_src: set_ttj_to_kernel 1:error -1
03-02 11:59:53.104  1177  1177 I thermal_src: recvmsg_expect 2, but get 5 
03-02 11:59:53.104  1177  1177 V thermal_src: waiting NOTIFY from kernel miss, -1
03-02 11:59:53.104  1177  1177 I thermal_src: recvmsg_expect 2, but get 4 
03-02 11:59:53.104  1177  1177 V thermal_src: waiting NOTIFY from kernel miss, -1
03-02 11:59:53.105 11113 16503 W unknown:ViewManagerPropertyUpdater: Could not find generated setter for class com.horcrux.svg.RenderableViewManager$TextViewManager
03-02 11:59:53.108 12297 12471 E msys    : E[N mns]_LogError(228)=>Failed to resolve using system DNS resolver, getaddrinfo(): No address associated with hostname
03-02 11:59:53.120 11113 16524 D ProfileInstaller: Installing profile for com.softnation.Ojam
03-02 11:59:53.122 11113 16503 W unknown:ViewManagerPropertyUpdater: Could not find generated setter for class com.horcrux.svg.RenderableViewManager$ImageViewManager
03-02 11:59:53.140 11113 16503 W unknown:ViewManagerPropertyUpdater: Could not find generated setter for class com.horcrux.svg.RenderableViewManager$FeCompositeManager
03-02 11:59:53.155 11113 16503 W unknown:ViewManagerPropertyUpdater: Could not find generated setter for class com.horcrux.svg.RenderableViewManager$RadialGradientManager
03-02 11:59:53.170 11113 16503 W unknown:ViewManagerPropertyUpdater: Could not find generated setter for class com.facebook.react.views.unimplementedview.ReactUnimplementedViewManager
03-02 11:59:53.183 11113 16503 W unknown:ViewManagerPropertyUpdater: Could not find generated setter for class com.horcrux.svg.RenderableViewManager$FeOffsetManager
03-02 11:59:53.198 11113 16503 W unknown:ViewManagerPropertyUpdater: Could not find generated setter for class com.horcrux.svg.RenderableViewManager$PathViewManager
03-02 11:59:53.215 11113 16503 W unknown:ViewManagerPropertyUpdater: Could not find generated setter for class com.facebook.react.views.drawer.ReactDrawerLayoutManager
03-02 11:59:53.237 11113 16503 W unknown:ViewManagerPropertyUpdater: Could not find generated setter for class com.facebook.react.views.textinput.ReactTextInputManager
03-02 11:59:53.241 11113 16503 W unknown:ViewManagerPropertyUpdater: Could not find generated setter for class com.facebook.react.views.textinput.ReactTextInputShadowNode
03-02 11:59:53.262 11113 16503 W unknown:ViewManagerPropertyUpdater: Could not find generated setter for class com.horcrux.svg.RenderableViewManager$DefsViewManager
03-02 11:59:53.276 11113 16503 W unknown:ViewManagerPropertyUpdater: Could not find generated setter for class com.facebook.react.views.debuggingoverlay.DebuggingOverlayManager
03-02 11:59:53.289 11113 16503 W unknown:ViewManagerPropertyUpdater: Could not find generated setter for class com.horcrux.svg.RenderableViewManager$FeGaussianBlurManager
03-02 11:59:53.306 11113 16503 W unknown:ViewManagerPropertyUpdater: Could not find generated setter for class com.facebook.react.views.scroll.ReactHorizontalScrollViewManager
03-02 11:59:53.325 11113 16503 W unknown:ViewManagerPropertyUpdater: Could not find generated setter for class com.facebook.react.views.text.ReactTextViewManager
03-02 11:59:53.328 11113 16503 W unknown:ViewManagerPropertyUpdater: Could not find generated setter for class com.facebook.react.views.text.ReactTextShadowNode
03-02 11:59:53.343 11113 16503 W unknown:ViewManagerPropertyUpdater: Could not find generated setter for class com.facebook.react.views.scroll.ReactHorizontalScrollContainerViewManager
03-02 11:59:53.359 11113 16503 W unknown:ViewManagerPropertyUpdater: Could not find generated setter for class com.horcrux.svg.RenderableViewManager$ClipPathViewManager
03-02 11:59:53.375 11113 16503 W unknown:ViewManagerPropertyUpdater: Could not find generated setter for class com.horcrux.svg.RenderableViewManager$FeBlendManager
03-02 11:59:53.389 11113 16503 W unknown:ViewManagerPropertyUpdater: Could not find generated setter for class com.facebook.react.views.view.ReactViewManager
03-02 11:59:53.405 11113 16503 W unknown:ViewManagerPropertyUpdater: Could not find generated setter for class com.horcrux.svg.RenderableViewManager$CircleViewManager
03-02 11:59:53.423  1055  1186 D connsyslogger: SD_LOG_ROOT is /data/debuglogger/connsyslog/fw.
03-02 11:59:53.423  1055  1186 D connsyslogger: systemReady:1
03-02 11:59:53.438 11113 16503 W unknown:ViewManagerPropertyUpdater: Could not find generated setter for class com.facebook.react.views.modal.ReactModalHostManager
03-02 11:59:53.458 11113 16503 W unknown:ViewManagerPropertyUpdater: Could not find generated setter for class com.horcrux.svg.RenderableViewManager$EllipseViewManager
03-02 11:59:53.475 11113 16503 W unknown:ViewManagerPropertyUpdater: Could not find generated setter for class com.horcrux.svg.RenderableViewManager$LineViewManager
03-02 11:59:53.491 11113 16503 W unknown:ViewManagerPropertyUpdater: Could not find generated setter for class com.facebook.react.views.text.frescosupport.FrescoBasedReactTextInlineImageViewManager
03-02 11:59:53.491 11113 16503 W unknown:ViewManagerPropertyUpdater: Could not find generated setter for class com.facebook.react.views.text.frescosupport.FrescoBasedReactTextInlineImageShadowNode
03-02 11:59:53.504 11113 16503 W unknown:ViewManagerPropertyUpdater: Could not find generated setter for class com.horcrux.svg.RenderableViewManager$FeFloodManager
03-02 11:59:53.520 11113 16503 W unknown:ViewManagerPropertyUpdater: Could not find generated setter for class com.facebook.react.views.image.ReactImageManager
03-02 11:59:53.535 11113 16503 W unknown:ViewManagerPropertyUpdater: Could not find generated setter for class com.horcrux.svg.RenderableViewManager$MaskManager
03-02 11:59:53.552 11113 16503 W unknown:ViewManagerPropertyUpdater: Could not find generated setter for class com.horcrux.svg.RenderableViewManager$RectViewManager
03-02 11:59:53.568 11113 16503 W unknown:ViewManagerPropertyUpdater: Could not find generated setter for class com.horcrux.svg.RenderableViewManager$TextPathViewManager
03-02 11:59:53.586 11113 16503 W unknown:ViewManagerPropertyUpdater: Could not find generated setter for class com.facebook.react.views.scroll.ReactScrollViewManager
03-02 11:59:53.604 11113 16503 W unknown:ViewManagerPropertyUpdater: Could not find generated setter for class com.facebook.react.views.text.ReactVirtualTextViewManager
03-02 11:59:53.604 11113 16503 W unknown:ViewManagerPropertyUpdater: Could not find generated setter for class com.facebook.react.views.text.ReactVirtualTextShadowNode
03-02 11:59:53.615  1621  1842 I MiuiNetworkPolicy: updateUidState uid = 10383, uidState = 19
03-02 11:59:53.619  1621  1842 I MiuiNetworkPolicy: updateUidState uid = 10383, uidState = 11
03-02 11:59:53.620 11113 16503 W unknown:ViewManagerPropertyUpdater: Could not find generated setter for class com.facebook.react.views.swiperefresh.SwipeRefreshLayoutManager
03-02 11:59:53.634 11113 16503 W unknown:ViewManagerPropertyUpdater: Could not find generated setter for class com.facebook.react.views.text.ReactRawTextManager
03-02 11:59:53.634 11113 16503 W unknown:ViewManagerPropertyUpdater: Could not find generated setter for class com.facebook.react.views.text.ReactRawTextShadowNode
03-02 11:59:53.636  2350  2350 W Settings: Setting airplane_mode_on has moved from android.provider.Settings.System to android.provider.Settings.Global, returning read-only value.
03-02 11:59:53.637 11113 16503 W unknown:ViewManagerPropertyUpdater: Could not find generated setter for class com.swmansion.gesturehandler.react.RNGestureHandlerRootViewManager
03-02 11:59:53.638  2350  2350 W Settings: Setting airplane_mode_on has moved from android.provider.Settings.System to android.provider.Settings.Global, returning read-only value.
03-02 11:59:53.640  2350 29580 D NetworkSpeedTracker: updateNwSignalInfo not allowed ,ignore
03-02 11:59:53.642  2350 29580 D NetworkSpeedTracker: updateNwSignalInfo not allowed ,ignore
03-02 11:59:53.671  1621  4431 D AS.BtHelper: isBluetoothScoOn() mBluetoothHeadset is null: falsemBluetoothHeadsetDevice is null: true
03-02 11:59:53.671  1621  4431 V AS.AudioDeviceBroker: requestedCommunicationDevice: null mAudioModeOwner: AudioModeInfo: mMode=MODE_NORMAL, mPid=0, mUid=0
03-02 11:59:53.672  1621  4431 D AS.BtHelper: isBluetoothScoOn() mBluetoothHeadset is null: falsemBluetoothHeadsetDevice is null: true
03-02 11:59:53.672  1621  4431 V AS.AudioDeviceBroker: requestedCommunicationDevice: null mAudioModeOwner: AudioModeInfo: mMode=MODE_NORMAL, mPid=0, mUid=0
03-02 11:59:53.684  1621  1621 D UiModeManager: updateConfigurationLocked: mDockState=0; mCarMode=false; mCar=false; mPowerSave=false; mOverrideNightModeOn=false; mOverrideNightModeOff=false; mComputedNightMode=true; mNightModeValue=2; uiMode=42
03-02 11:59:53.685  6027  6027 I PowerSaveService: onReceive: android.intent.action.BATTERY_CHANGED
03-02 11:59:53.686  6515  8177 D PowerCheckerService: onBatteryChanged, mBatteryLevel = 44, status = 2, level = 44, plug = 2, scale = 100
03-02 11:59:53.686  6515  6997 I ProcAudioPowerManager: onBatteryChanged, onBattery is false
03-02 11:59:53.686  6515  6997 D PowerKeeper.FrozenApp: onBatteryChanged plug=true mBatteryPlugged=2
03-02 11:59:53.686  6027  6027 I PowerNoticeUI: handleBatteryChanged oldPlugType 2 mPlugType 2 oldBatteryLevel 44 mBatteryLevel 44 temperature 410
03-02 11:59:53.686  6027  6027 I ChargerBatteryIntelligenceReceiver: onBatteryChanged temperature∩╝Ü41,plugType:2
03-02 11:59:53.686  6027  6027 D BaseChargeProtect_HighTemp: mCountByMinute:0,isScreenOn:true
03-02 11:59:53.686  6515  8142 D PowerKeeper.Thermal: mBatteryTemperature: 41
03-02 11:59:53.687  1621  1922 I SmartPower: com.whatsapp/10300(11977): background->idle(3001ms) R(broadcast start Intent { act=android.intent.action.BATTERY_CHANGED flg=0x60000010 (has extras) }) adj=925.
03-02 11:59:53.687  1621  1922 I SmartPower: com.instagram.android/10301(12297): background->idle(3001ms) R(broadcast start Intent { act=android.intent.action.BATTERY_CHANGED flg=0x60000010 (has extras) }) adj=915.
03-02 11:59:53.687  1621  1922 I SmartPower: com.facebook.katana/10287(13089): background->idle(3001ms) R(broadcast start Intent { act=android.intent.action.BATTERY_CHANGED flg=0x60000010 (has extras) }) adj=915.
03-02 11:59:53.688  1621  1922 I SmartPower: com.whatsapp/99910300(13110): background->idle(3001ms) R(broadcast start Intent { act=android.intent.action.BATTERY_CHANGED flg=0x60000010 (has extras) }) adj=500.
03-02 11:59:53.688  6027  6027 I android_os_HwBinder: HwBinder: Starting thread pool for getting: vendor.xiaomi.hardware.micharge@1.0::IMiCharge/default
03-02 11:59:53.688  1621  1922 I SmartPower: com.instagram.barcelona/10075(15772): background->idle(3000ms) R(broadcast start Intent { act=android.intent.action.BATTERY_CHANGED flg=0x60000010 (has extras) }) adj=905.
03-02 11:59:53.690  1621  1922 I SmartPower: com.android.chrome/10174(16256): background->idle(3001ms) R(broadcast start Intent { act=android.intent.action.BATTERY_CHANGED flg=0x60000010 (has extras) }) adj=905.
03-02 11:59:53.690   872 24120 I vendor.xiaomi.hardware.micharge@1.0-service: ReadFilePathValue path = /sys/class/power_supply/usb/real_type value = USB
03-02 11:59:53.690  6027  6027 I IMiChargeUtils: getIMiChargeStringValue method:getBatteryChargeType,value:USB
03-02 11:59:53.690  6027  6027 I IMiChargeUtils: getBatteryChargeType : USB
03-02 11:59:53.690  6027  6027 I ChargeTimeUtilsV2: chargeType:USB
03-02 11:59:53.691  6027  6027 I PowerFeatureUtils: getVendorName:mediatek
03-02 11:59:53.691  6027  6027 I PowerFeatureUtils: getVendorName:mediatek
03-02 11:59:53.696  3510  3510 W libc    : Unable to set property "persist.vendor.accelerate.charge" to "false": PROP_ERROR_PERMISSION_DENIED (0x18)
03-02 11:59:53.709  1621  1621 D UiModeManager: updateConfigurationLocked: mDockState=0; mCarMode=false; mCar=false; mPowerSave=false; mOverrideNightModeOn=false; mOverrideNightModeOff=false; mComputedNightMode=true; mNightModeValue=2; uiMode=42
03-02 11:59:53.711  6027  6027 I PowerSaveService: onReceive: android.intent.action.BATTERY_CHANGED
03-02 11:59:53.712  6515  8177 D PowerCheckerService: onBatteryChanged, mBatteryLevel = 44, status = 2, level = 44, plug = 2, scale = 100
03-02 11:59:53.712  6027  6027 I PowerNoticeUI: handleBatteryChanged oldPlugType 2 mPlugType 2 oldBatteryLevel 44 mBatteryLevel 44 temperature 420
03-02 11:59:53.712  6515  6997 I ProcAudioPowerManager: onBatteryChanged, onBattery is false
03-02 11:59:53.712  6027  6027 I ChargerBatteryIntelligenceReceiver: onBatteryChanged temperature∩╝Ü42,plugType:2
03-02 11:59:53.712  6027  6027 I ChargerBatteryIntelligenceReceiver: dissmissTempFastChargeReminder not support
03-02 11:59:53.712  6515  6997 D PowerKeeper.FrozenApp: onBatteryChanged plug=true mBatteryPlugged=2
03-02 11:59:53.712  6027  6027 D BaseChargeProtect_HighTemp: mCountByMinute:0,isScreenOn:true
03-02 11:59:53.712  6515  8142 D PowerKeeper.Thermal: mBatteryTemperature: 42
03-02 11:59:53.713  6027  6027 I android_os_HwBinder: HwBinder: Starting thread pool for getting: vendor.xiaomi.hardware.micharge@1.0::IMiCharge/default
03-02 11:59:53.715   872 24120 I vendor.xiaomi.hardware.micharge@1.0-service: ReadFilePathValue path = /sys/class/power_supply/usb/real_type value = USB
03-02 11:59:53.716  6027  6027 I IMiChargeUtils: getIMiChargeStringValue method:getBatteryChargeType,value:USB
03-02 11:59:53.716  6027  6027 I IMiChargeUtils: getBatteryChargeType : USB
03-02 11:59:53.716  6027  6027 I ChargeTimeUtilsV2: chargeType:USB
03-02 11:59:53.716  6027  6027 I PowerFeatureUtils: getVendorName:mediatek
03-02 11:59:53.716  6027  6027 I PowerFeatureUtils: getVendorName:mediatek
03-02 11:59:53.799   861   947 I libPerfCtl: xgfGetFPS pid:921 fps:-1
03-02 11:59:53.800   861   947 I libPerfCtl: xgfGetFPS pid:2363 fps:-1
03-02 11:59:53.809   921   921 I MI-SF   : surfaceflinger setAffinity mode=0
03-02 11:59:53.809   921   921 E MI-SF   : surfaceflinger setAffinity success
03-02 11:59:53.837 11113 16503 E AVManager: Cannot install JSI bindings for AV module because JS context is not available
03-02 11:59:53.838 11113 16503 W BridgelessReactContext: [WARNING] Bridgeless doesn't support CatalystInstance. Accessing an API that's not part of the new architecture is not encouraged usage.
03-02 11:59:53.854 11113 16503 I ExpoModulesCore: Γ£à JSI interop was installed
03-02 11:59:53.864 11113 16503 I ExpoModulesCore: Γ£à Constants were exported
03-02 11:59:53.909 11113 16503 I dev.expo.updates: {"timestamp":1772449193908,"message":"UpdatesModule: getConstants called","code":"None","level":"info"}
03-02 11:59:53.927   849  1430 I hwcomposer: [HWC] (0)fire a callback of refresh to SF[4]  
03-02 11:59:53.941 12297 12471 E msys    : E[N mns]_OnDiskCacheGetData(632)=>Start post callback cache refresh DNS resolution
03-02 11:59:53.947 12297 12471 E msys    : E[N mns]_LogError(228)=>Failed to resolve using system DNS resolver, getaddrinfo(): No address associated with hostname
03-02 11:59:53.950   849   849 I hwcomposer: [HWCDisplay] (0 updateFps():3667), (type:1, mode:2) fps:2.643971,dur:1134.66,max:852.68,min:139.71  
03-02 11:59:53.953   921   921 I MI-SF   : surfaceflinger setAffinity mode=1
03-02 11:59:53.953   921   921 E MI-SF   : surfaceflinger setAffinity success
03-02 11:59:53.953   921   921 I MI-SF   : surfaceflinger setreAffinity reTid=1207
03-02 11:59:53.953   921   921 E MI-SF   : surfaceflinger setAffinity success
03-02 11:59:54.009  1159  1606 D ULogGuard: Monitoring: 18 threads, 0 requests, 0 time-bombs; 1 guards. ResetFlags = 0x7
03-02 11:59:54.259  1177  1177 I thermal_src: recvmsg_expect 5, but get 2 
03-02 11:59:54.260  1177  1177 V thermal_src: TA_DAEMON_CMD_GET_TPCB:ERROR ret=-1
03-02 11:59:54.260  1177  1177 E thermal_src: get_tpcb_from_kernel:error -1. retry...
03-02 11:59:54.260  1177  1177 I thermal_src: recvmsg_expect 4, but get 5 
03-02 11:59:54.260  1177  1177 V thermal_src: TA_DAEMON_CMD_SET_TTJ:ERROR ret=-1
03-02 11:59:54.260  1177  1177 E thermal_src: set_ttj_to_kernel 1:error -1
03-02 11:59:54.260  1177  1177 I thermal_src: recvmsg_expect 2, but get 4 
03-02 11:59:54.260  1177  1177 V thermal_src: waiting NOTIFY from kernel miss, -1
03-02 11:59:54.388  1621  1922 I SmartPower: com.google.android.adservices.api/10261(5464): background->idle(8001ms) R(remove from whitelist) adj=0.
03-02 11:59:54.388  1621  1922 I SmartPower: com.google.android.gms/10147(8942): background->idle(8001ms) R(remove from whitelist) adj=250.
03-02 11:59:54.389  1621  1922 I SmartPower: com.google.android.webview:sandboxed_process0:org.chromium.content.app.SandboxedPrbackground->idle(8001ms) R(remove from whitelist) adj=0.
03-02 11:59:54.425  1621  4754 D ActivityManager: getProcessesInErrorState callingUid=10383, CallingPid=10222
03-02 11:59:54.435  1621  1621 D UiModeManager: updateConfigurationLocked: mDockState=0; mCarMode=false; mCar=false; mPowerSave=false; mOverrideNightModeOn=false; mOverrideNightModeOff=false; mComputedNightMode=true; mNightModeValue=2; uiMode=42
03-02 11:59:54.438  6027  6027 I PowerSaveService: onReceive: android.intent.action.BATTERY_CHANGED
03-02 11:59:54.439  6515  6997 I ProcAudioPowerManager: onBatteryChanged, onBattery is false
03-02 11:59:54.439  6027  6027 I PowerNoticeUI: handleBatteryChanged oldPlugType 2 mPlugType 2 oldBatteryLevel 44 mBatteryLevel 44 temperature 420
03-02 11:59:54.439  6515  6997 D PowerKeeper.FrozenApp: onBatteryChanged plug=true mBatteryPlugged=2
03-02 11:59:54.440  6027  6027 I ChargerBatteryIntelligenceReceiver: onBatteryChanged temperature∩╝Ü42,plugType:2
03-02 11:59:54.440  6027  6027 D BaseChargeProtect_HighTemp: mCountByMinute:0,isScreenOn:true
03-02 11:59:54.440  6515  8177 D PowerCheckerService: onBatteryChanged, mBatteryLevel = 44, status = 2, level = 44, plug = 2, scale = 100
03-02 11:59:54.440  6515  8142 D PowerKeeper.Thermal: mBatteryTemperature: 42
03-02 11:59:54.441  6027  6027 I android_os_HwBinder: HwBinder: Starting thread pool for getting: vendor.xiaomi.hardware.micharge@1.0::IMiCharge/default
03-02 11:59:54.444   872 24120 I vendor.xiaomi.hardware.micharge@1.0-service: ReadFilePathValue path = /sys/class/power_supply/usb/real_type value = USB
03-02 11:59:54.444  6027  6027 I IMiChargeUtils: getIMiChargeStringValue method:getBatteryChargeType,value:USB
03-02 11:59:54.444  6027  6027 I IMiChargeUtils: getBatteryChargeType : USB
03-02 11:59:54.444  6027  6027 I ChargeTimeUtilsV2: chargeType:USB
03-02 11:59:54.444  6027  6027 I PowerFeatureUtils: getVendorName:mediatek
03-02 11:59:54.444  6027  6027 I PowerFeatureUtils: getVendorName:mediatek
03-02 11:59:54.675  1621  4754 D AS.BtHelper: isBluetoothScoOn() mBluetoothHeadset is null: falsemBluetoothHeadsetDevice is null: true
03-02 11:59:54.676  1621  4754 V AS.AudioDeviceBroker: requestedCommunicationDevice: null mAudioModeOwner: AudioModeInfo: mMode=MODE_NORMAL, mPid=0, mUid=0
03-02 11:59:54.676  1621  4754 D AS.BtHelper: isBluetoothScoOn() mBluetoothHeadset is null: falsemBluetoothHeadsetDevice is null: true
03-02 11:59:54.676  1621  4754 V AS.AudioDeviceBroker: requestedCommunicationDevice: null mAudioModeOwner: AudioModeInfo: mMode=MODE_NORMAL, mPid=0, mUid=0
03-02 11:59:54.685 11113 16503 D nativeloader: Load /data/app/~~Bh61wenJZi6JNVEuOkVQfQ==/com.softnation.Ojam-nnCVAdHxKfOmup5FCuBDYQ==/base.apk!/lib/arm64-v8a/librnscreens.so using class loader ns clns-7 (caller=/data/app/~~Bh61wenJZi6JNVEuOkVQfQ==/com.softnation.Ojam-nnCVAdHxKfOmup5FCuBDYQ==/base.apk!classes16.dex): ok
03-02 11:59:54.721  8942  8942 D BoundBrokerSvc: onUnbind: Intent { act=com.google.android.gms.chromesync.service.firstparty.START dat=chimera-action:/... cmp=com.google.android.gms/.chimera.GmsApiService }
03-02 11:59:54.800   861   947 I libPerfCtl: xgfGetFPS pid:921 fps:-1
03-02 11:59:54.800   861   947 I libPerfCtl: xgfGetFPS pid:2363 fps:-1
03-02 11:59:54.802   921   921 I BufferQueueProducer: [StatusBar#109](this:0xb400007bcec4ab68,id:-1,api:0,p:-1,c:921) queueBuffer: fps=1.01 dur=1989.03 max=996.18 min=992.85
03-02 11:59:54.806   921   921 I MI-SF   : surfaceflinger setAffinity mode=0
03-02 11:59:54.806   921   921 E MI-SF   : surfaceflinger setAffinity success
03-02 11:59:54.906 11113 16503 I ReactNativeJS: Running "main" with {"rootTag":1,"initialProps":{},"fabric":true}
03-02 11:59:54.923   849  1430 I hwcomposer: [HWC] (0)fire a callback of refresh to SF[4]  
03-02 11:59:54.947   921   921 I BufferQueueProducer: [FramebufferSurface](this:0xb400007d8e9dff50,id:-1,api:1,p:921,c:921) queueBuffer: fps=1.00 dur=1992.32 max=996.97 min=995.35
03-02 11:59:54.950   921   921 I MI-SF   : surfaceflinger setAffinity mode=1
