03-02 12:00:00.155 13015 13015 D MiuiMonitorThread: Shared singleton Thread for stability monitor start
03-02 12:00:00.162 13015 16549 D ActivityThread: the event that target app starts is : AppLaunchEvent{mType='441', mProcessName='com.android.settings', mPackageName='com.android.settings', mIsMainProcess='true', mVersionCode='35', mLaunchTime='2026-03-02'}
03-02 12:00:00.164  4243 11389 W MQSEventManager: occur
03-02 12:00:00.175 13015 13015 D ActivityThread: setEmbeddedParam packageName=com.android.settings processName=com.android.settings isEmbedded=false isIsolated=false
03-02 12:00:00.179 13015 13015 D ApplicationLoaders: Returning zygote-cached class loader: /system/framework/org.apache.http.legacy.jar
03-02 12:00:00.180  1621  1918 E HyperSentinel: -------------------------------------------------------
03-02 12:00:00.180  1621  1918 E HyperSentinel: Event_ResidentSize
03-02 12:00:00.180  1621  1918 E HyperSentinel: -> audit event by proc 13015 "usap64": RSS increasement, peak 71784kb -> 107688kb
03-02 12:00:00.196 13015 13015 D nativeloader: Configuring clns-shared-7 for other apk /system_ext/framework/com.xiaomi.slalib.jar. target_sdk_version=35, uses_libraries=ALL, library_path=/system_ext/priv-app/Settings/lib/arm64:/system_ext/priv-app/Settings/Settings.apk!/lib/arm64-v8a:/system/lib64:/system_ext/lib64:/system_ext/priv-app/RtMiCloudSDK/RtMiCloudSDK.apk!/lib/arm64-v8a:/system_ext/app/miuisystem/miuisystem.apk!/lib/arm64-v8a:/system_ext/app/miuisystem/miuisystem.apk!/lib/arm64-v8a, permitted_path=/data:/mnt/expand:/data/user_de/0/com.android.settings:/system_ext/priv-app/Settings:/system/lib64:/system_ext/lib64
03-02 12:00:00.196 13015 13015 D nativeloader: Extending system_exposed_libraries: libapuwareapusys.mtk.so:libapuwareapusys_v2.mtk.so:libapuwarexrp.mtk.so:libapuwarexrp_v2.mtk.so:libapuwareutils.mtk.so:libapuwareutils_v2.mtk.so:libapuwarehmp.mtk.so:libneuron_graph_delegate.mtk.so:libneuronusdk_adapter.mtk.so:libtflite_mtk.mtk.so:libarmnn_ndk.mtk.so:libcmdl_ndk.mtk.so:libnir_neon_driver_ndk.mtk.so:libmvpu_runtime.mtk.so:libmvpu_runtime_pub.mtk.so:libmvpu_engine_pub.mtk.so:libmvpu_pattern_pub.mtk.so:libmvpuop_mtk_cv.mtk.so:libmvpuop_mtk_nn.mtk.so:libmvpu_runtime_25.mtk.so:libmvpu_runtime_25_pub.mtk.so:libmvpu_engine_25_pub.mtk.so:libmvpu_pattern_25_pub.mtk.so:libmvpuop25_mtk_cv.mtk.so:libmvpuop25_mtk_nn.mtk.so:libmvpu_config.mtk.so:libteeservice_client.trustonic.so:libmisys_jni.xiaomi.so:libpag.hyperos.so:libffavc.hyperos.so
03-02 12:00:00.211   849  1430 I hwcomposer: [HWC] (0)fire a callback of refresh to SF[4]  
03-02 12:00:00.217 13015 13015 D nativeloader: Configuring clns-shared-8 for other apk /system_ext/app/miuisystem/miuisystem.apk. target_sdk_version=35, uses_libraries=ALL, library_path=/system_ext/priv-app/Settings/lib/arm64:/system_ext/priv-app/Settings/Settings.apk!/lib/arm64-v8a:/system/lib64:/system_ext/lib64:/system_ext/priv-app/RtMiCloudSDK/RtMiCloudSDK.apk!/lib/arm64-v8a:/system_ext/app/miuisystem/miuisystem.apk!/lib/arm64-v8a:/system_ext/app/miuisystem/miuisystem.apk!/lib/arm64-v8a, permitted_path=/data:/mnt/expand:/data/user_de/0/com.android.settings:/system_ext/priv-app/Settings:/system/lib64:/system_ext/lib64
03-02 12:00:00.217 13015 13015 D nativeloader: Extending system_exposed_libraries: libapuwareapusys.mtk.so:libapuwareapusys_v2.mtk.so:libapuwarexrp.mtk.so:libapuwarexrp_v2.mtk.so:libapuwareutils.mtk.so:libapuwareutils_v2.mtk.so:libapuwarehmp.mtk.so:libneuron_graph_delegate.mtk.so:libneuronusdk_adapter.mtk.so:libtflite_mtk.mtk.so:libarmnn_ndk.mtk.so:libcmdl_ndk.mtk.so:libnir_neon_driver_ndk.mtk.so:libmvpu_runtime.mtk.so:libmvpu_runtime_pub.mtk.so:libmvpu_engine_pub.mtk.so:libmvpu_pattern_pub.mtk.so:libmvpuop_mtk_cv.mtk.so:libmvpuop_mtk_nn.mtk.so:libmvpu_runtime_25.mtk.so:libmvpu_runtime_25_pub.mtk.so:libmvpu_engine_25_pub.mtk.so:libmvpu_pattern_25_pub.mtk.so:libmvpuop25_mtk_cv.mtk.so:libmvpuop25_mtk_nn.mtk.so:libmvpu_config.mtk.so:libteeservice_client.trustonic.so:libmisys_jni.xiaomi.so:libpag.hyperos.so:libffavc.hyperos.so
03-02 12:00:00.233   849   849 I hwcomposer: [HWCDisplay] (0 updateFps():3667), (type:1, mode:2) fps:2.698538,dur:1111.71,max:823.04,min:142.68  
03-02 12:00:00.236   921   921 I MI-SF   : surfaceflinger setAffinity mode=1
03-02 12:00:00.236   921   921 E MI-SF   : surfaceflinger setAffinity success
03-02 12:00:00.236   921   921 I MI-SF   : surfaceflinger setreAffinity reTid=1207
03-02 12:00:00.236   921   921 E MI-SF   : surfaceflinger setAffinity success
03-02 12:00:00.236 13015 13015 D nativeloader: Configuring clns-shared-9 for other apk /system_ext/priv-app/RtMiCloudSDK/RtMiCloudSDK.apk. target_sdk_version=35, uses_libraries=ALL, library_path=/system_ext/priv-app/Settings/lib/arm64:/system_ext/priv-app/Settings/Settings.apk!/lib/arm64-v8a:/system/lib64:/system_ext/lib64:/system_ext/priv-app/RtMiCloudSDK/RtMiCloudSDK.apk!/lib/arm64-v8a:/system_ext/app/miuisystem/miuisystem.apk!/lib/arm64-v8a:/system_ext/app/miuisystem/miuisystem.apk!/lib/arm64-v8a, permitted_path=/data:/mnt/expand:/data/user_de/0/com.android.settings:/system_ext/priv-app/Settings:/system/lib64:/system_ext/lib64
03-02 12:00:00.236 13015 13015 D nativeloader: Extending system_exposed_libraries: libapuwareapusys.mtk.so:libapuwareapusys_v2.mtk.so:libapuwarexrp.mtk.so:libapuwarexrp_v2.mtk.so:libapuwareutils.mtk.so:libapuwareutils_v2.mtk.so:libapuwarehmp.mtk.so:libneuron_graph_delegate.mtk.so:libneuronusdk_adapter.mtk.so:libtflite_mtk.mtk.so:libarmnn_ndk.mtk.so:libcmdl_ndk.mtk.so:libnir_neon_driver_ndk.mtk.so:libmvpu_runtime.mtk.so:libmvpu_runtime_pub.mtk.so:libmvpu_engine_pub.mtk.so:libmvpu_pattern_pub.mtk.so:libmvpuop_mtk_cv.mtk.so:libmvpuop_mtk_nn.mtk.so:libmvpu_runtime_25.mtk.so:libmvpu_runtime_25_pub.mtk.so:libmvpu_engine_25_pub.mtk.so:libmvpu_pattern_25_pub.mtk.so:libmvpuop25_mtk_cv.mtk.so:libmvpuop25_mtk_nn.mtk.so:libmvpu_config.mtk.so:libteeservice_client.trustonic.so:libmisys_jni.xiaomi.so:libpag.hyperos.so:libffavc.hyperos.so
03-02 12:00:00.257 13015 13015 D nativeloader: Configuring clns-shared-10 for other apk /system_ext/framework/gson.jar. target_sdk_version=35, uses_libraries=ALL, library_path=/system_ext/priv-app/Settings/lib/arm64:/system_ext/priv-app/Settings/Settings.apk!/lib/arm64-v8a:/system/lib64:/system_ext/lib64:/system_ext/priv-app/RtMiCloudSDK/RtMiCloudSDK.apk!/lib/arm64-v8a:/system_ext/app/miuisystem/miuisystem.apk!/lib/arm64-v8a:/system_ext/app/miuisystem/miuisystem.apk!/lib/arm64-v8a, permitted_path=/data:/mnt/expand:/data/user_de/0/com.android.settings:/system_ext/priv-app/Settings:/system/lib64:/system_ext/lib64
03-02 12:00:00.258 13015 13015 D nativeloader: Extending system_exposed_libraries: libapuwareapusys.mtk.so:libapuwareapusys_v2.mtk.so:libapuwarexrp.mtk.so:libapuwarexrp_v2.mtk.so:libapuwareutils.mtk.so:libapuwareutils_v2.mtk.so:libapuwarehmp.mtk.so:libneuron_graph_delegate.mtk.so:libneuronusdk_adapter.mtk.so:libtflite_mtk.mtk.so:libarmnn_ndk.mtk.so:libcmdl_ndk.mtk.so:libnir_neon_driver_ndk.mtk.so:libmvpu_runtime.mtk.so:libmvpu_runtime_pub.mtk.so:libmvpu_engine_pub.mtk.so:libmvpu_pattern_pub.mtk.so:libmvpuop_mtk_cv.mtk.so:libmvpuop_mtk_nn.mtk.so:libmvpu_runtime_25.mtk.so:libmvpu_runtime_25_pub.mtk.so:libmvpu_engine_25_pub.mtk.so:libmvpu_pattern_25_pub.mtk.so:libmvpuop25_mtk_cv.mtk.so:libmvpuop25_mtk_nn.mtk.so:libmvpu_config.mtk.so:libteeservice_client.trustonic.so:libmisys_jni.xiaomi.so:libpag.hyperos.so:libffavc.hyperos.so
03-02 12:00:00.282 13015 13015 D nativeloader: Configuring clns-shared-11 for other apk /system_ext/framework/MiuiSettingsSearchLib.jar. target_sdk_version=35, uses_libraries=ALL, library_path=/system_ext/priv-app/Settings/lib/arm64:/system_ext/priv-app/Settings/Settings.apk!/lib/arm64-v8a:/system/lib64:/system_ext/lib64:/system_ext/priv-app/RtMiCloudSDK/RtMiCloudSDK.apk!/lib/arm64-v8a:/system_ext/app/miuisystem/miuisystem.apk!/lib/arm64-v8a:/system_ext/app/miuisystem/miuisystem.apk!/lib/arm64-v8a, permitted_path=/data:/mnt/expand:/data/user_de/0/com.android.settings:/system_ext/priv-app/Settings:/system/lib64:/system_ext/lib64
03-02 12:00:00.282 13015 13015 D nativeloader: Extending system_exposed_libraries: libapuwareapusys.mtk.so:libapuwareapusys_v2.mtk.so:libapuwarexrp.mtk.so:libapuwarexrp_v2.mtk.so:libapuwareutils.mtk.so:libapuwareutils_v2.mtk.so:libapuwarehmp.mtk.so:libneuron_graph_delegate.mtk.so:libneuronusdk_adapter.mtk.so:libtflite_mtk.mtk.so:libarmnn_ndk.mtk.so:libcmdl_ndk.mtk.so:libnir_neon_driver_ndk.mtk.so:libmvpu_runtime.mtk.so:libmvpu_runtime_pub.mtk.so:libmvpu_engine_pub.mtk.so:libmvpu_pattern_pub.mtk.so:libmvpuop_mtk_cv.mtk.so:libmvpuop_mtk_nn.mtk.so:libmvpu_runtime_25.mtk.so:libmvpu_runtime_25_pub.mtk.so:libmvpu_engine_25_pub.mtk.so:libmvpu_pattern_25_pub.mtk.so:libmvpuop25_mtk_cv.mtk.so:libmvpuop25_mtk_nn.mtk.so:libmvpu_config.mtk.so:libteeservice_client.trustonic.so:libmisys_jni.xiaomi.so:libpag.hyperos.so:libffavc.hyperos.so
03-02 12:00:00.301 13015 13015 D nativeloader: Configuring clns-shared-12 for other apk /system/framework/com.xiaomi.nfc.jar. target_sdk_version=35, uses_libraries=ALL, library_path=/system_ext/priv-app/Settings/lib/arm64:/system_ext/priv-app/Settings/Settings.apk!/lib/arm64-v8a:/system/lib64:/system_ext/lib64:/system_ext/priv-app/RtMiCloudSDK/RtMiCloudSDK.apk!/lib/arm64-v8a:/system_ext/app/miuisystem/miuisystem.apk!/lib/arm64-v8a:/system_ext/app/miuisystem/miuisystem.apk!/lib/arm64-v8a, permitted_path=/data:/mnt/expand:/data/user_de/0/com.android.settings:/system_ext/priv-app/Settings:/system/lib64:/system_ext/lib64
03-02 12:00:00.301 13015 13015 D nativeloader: Extending system_exposed_libraries: libapuwareapusys.mtk.so:libapuwareapusys_v2.mtk.so:libapuwarexrp.mtk.so:libapuwarexrp_v2.mtk.so:libapuwareutils.mtk.so:libapuwareutils_v2.mtk.so:libapuwarehmp.mtk.so:libneuron_graph_delegate.mtk.so:libneuronusdk_adapter.mtk.so:libtflite_mtk.mtk.so:libarmnn_ndk.mtk.so:libcmdl_ndk.mtk.so:libnir_neon_driver_ndk.mtk.so:libmvpu_runtime.mtk.so:libmvpu_runtime_pub.mtk.so:libmvpu_engine_pub.mtk.so:libmvpu_pattern_pub.mtk.so:libmvpuop_mtk_cv.mtk.so:libmvpuop_mtk_nn.mtk.so:libmvpu_runtime_25.mtk.so:libmvpu_runtime_25_pub.mtk.so:libmvpu_engine_25_pub.mtk.so:libmvpu_pattern_25_pub.mtk.so:libmvpuop25_mtk_cv.mtk.so:libmvpuop25_mtk_nn.mtk.so:libmvpu_config.mtk.so:libteeservice_client.trustonic.so:libmisys_jni.xiaomi.so:libpag.hyperos.so:libffavc.hyperos.so
03-02 12:00:00.305 13015 13015 D ApplicationLoaders: Returning zygote-cached class loader: /system_ext/framework/androidx.window.extensions.jar
03-02 12:00:00.305 13015 13015 D ApplicationLoaders: Returning zygote-cached class loader: /system_ext/framework/androidx.window.sidecar.jar
03-02 12:00:00.306 13015 13015 D CompatChangeReporter: Compat change id reported: 202956589; UID 1000; state: ENABLED
03-02 12:00:00.334 11113 16433 I softnation.Ojam: NativeAlloc concurrent mark compact GC freed 6099KB AllocSpace bytes, 8(416KB) LOS objects, 68% free, 11MB/35MB, paused 665us,5.331ms total 121.848ms
03-02 12:00:00.377 13015 13015 D nativeloader: Configuring clns-shared-13 for other apk /system_ext/priv-app/Settings/Settings.apk. target_sdk_version=35, uses_libraries=, library_path=/system_ext/priv-app/Settings/lib/arm64:/system_ext/priv-app/Settings/Settings.apk!/lib/arm64-v8a:/system/lib64:/system_ext/lib64:/system_ext/priv-app/RtMiCloudSDK/RtMiCloudSDK.apk!/lib/arm64-v8a:/system_ext/app/miuisystem/miuisystem.apk!/lib/arm64-v8a:/system_ext/app/miuisystem/miuisystem.apk!/lib/arm64-v8a, permitted_path=/data:/mnt/expand:/data/user_de/0/com.android.settings:/system_ext/priv-app/Settings:/system/lib64:/system_ext/lib64
03-02 12:00:00.430  1621  4230 D ActivityManager: getProcessesInErrorState callingUid=10383, CallingPid=10222
03-02 12:00:00.450 13015 13015 V GraphicsEnvironment: Currently set values for:
03-02 12:00:00.450 13015 13015 V GraphicsEnvironment:   angle_gl_driver_selection_pkgs=[]
03-02 12:00:00.450 13015 13015 V GraphicsEnvironment:   angle_gl_driver_selection_values=[]
03-02 12:00:00.450 13015 13015 V GraphicsEnvironment: Global.Settings values are invalid: number of packages: 0, number of values: 0
03-02 12:00:00.451 13015 13015 V GraphicsEnvironment: Neither updatable production driver nor prerelease driver is supported.
03-02 12:00:00.454 13015 13015 I ActivityThread: TrafficStats init done
03-02 12:00:00.458 13015 13015 I ForceDarkHelperStubImpl: initialize for com.android.settings , ForceDarkOrigin
03-02 12:00:00.459 12297 12471 E msys    : E[N mns]_OnDiskCacheGetData(632)=>Start post callback cache refresh DNS resolution
03-02 12:00:00.466 13015 13015 D nativeloader: Load libforcedarkimpl.so using system ns (caller=/system_ext/framework/miui-framework.jar): ok
03-02 12:00:00.466 13015 13015 D HWUI    : JNI_OnLoad success
03-02 12:00:00.466 12297 12471 E msys    : E[N mns]_LogError(228)=>Failed to resolve using system DNS resolver, getaddrinfo(): No address associated with hostname
03-02 12:00:00.467 13015 13015 I MiuiForceDarkConfig: setConfig density:2.750000, mainRule:0, secondaryRule:0, tertiaryRule:0
03-02 12:00:00.472 13015 13015 I ActivityThread: Miui Feature Init done
03-02 12:00:00.542 11113 11113 D ScrollerOptimizationManager: registerConfigChangedListener
03-02 12:00:00.544 11113 11113 W libc    : Access denied finding property "ro.vendor.mi_sf.new_dynamic_refresh_rate"
03-02 12:00:00.544 11113 11113 D SplineOverScroller: dynamic params is false
03-02 12:00:00.548 11113 11113 I softnation.Ojam: hiddenapi: Accessing hidden field Landroid/widget/HorizontalScrollView;->mScroller:Landroid/widget/OverScroller; (runtime_flags=0, domain=platform, api=unsupported) from Lcom/facebook/react/views/scroll/ReactHorizontalScrollView; (domain=app, TargetSdkVersion=36) using reflection: allowed
03-02 12:00:00.611 12297 12471 E msys    : E[N mns]_OnDiskCacheGetData(632)=>Start post callback cache refresh DNS resolution
03-02 12:00:00.619 12297 12471 E msys    : E[N mns]_LogError(228)=>Failed to resolve using system DNS resolver, getaddrinfo(): No address associated with hostname
03-02 12:00:00.694 11113 16504 W unknown:ReactNative: StatusBarModule: Ignored status bar change, current activity is edge-to-edge.
03-02 12:00:00.695 11113 16504 W unknown:ReactNative: StatusBarModule: Ignored status bar change, current activity is edge-to-edge.
03-02 12:00:00.709  1621  4230 D AS.BtHelper: isBluetoothScoOn() mBluetoothHeadset is null: falsemBluetoothHeadsetDevice is null: true
03-02 12:00:00.711  1621  4230 V AS.AudioDeviceBroker: requestedCommunicationDevice: null mAudioModeOwner: AudioModeInfo: mMode=MODE_NORMAL, mPid=0, mUid=0
03-02 12:00:00.712  1621  4230 D AS.BtHelper: isBluetoothScoOn() mBluetoothHeadset is null: falsemBluetoothHeadsetDevice is null: true
03-02 12:00:00.712  1621  4230 V AS.AudioDeviceBroker: requestedCommunicationDevice: null mAudioModeOwner: AudioModeInfo: mMode=MODE_NORMAL, mPid=0, mUid=0
03-02 12:00:00.713  1201  1298 D AALLightSensor: oldLux=29 [SA:-1 LA:-1] newLux=37 (oriLux: 37)
03-02 12:00:00.713  1201  1298 D AALService: [CRTC_114] onALIChanged: 29 -> 37
03-02 12:00:00.728 11113 11113 D ScrollerOptimizationManager: registerConfigChangedListener
03-02 12:00:00.781 11113 11113 D ScrollerOptimizationManager: registerConfigChangedListener
03-02 12:00:00.790 11113 11113 D ScrollerOptimizationManager: registerConfigChangedListener
03-02 12:00:00.790 11113 11113 I softnation.Ojam: hiddenapi: Accessing hidden field Landroid/widget/ScrollView;->mScroller:Landroid/widget/OverScroller; (runtime_flags=0, domain=platform, api=unsupported) from Lcom/facebook/react/views/scroll/ReactScrollView; (domain=app, TargetSdkVersion=36) using reflection: allowed
03-02 12:00:00.814   861   947 I libPerfCtl: xgfGetFPS pid:921 fps:-1
03-02 12:00:00.815   861   947 I libPerfCtl: xgfGetFPS pid:2363 fps:-1
03-02 12:00:00.832  1621  1918 E HyperSentinel: -------------------------------------------------------
03-02 12:00:00.833  1621  1918 E HyperSentinel: Event_ResidentSize
03-02 12:00:00.833  1621  1918 E HyperSentinel: -> audit event by proc 13015 "usap64": RSS increasement, peak 107688kb -> 161548kb
03-02 12:00:00.839   921   921 I MI-SF   : surfaceflinger setAffinity mode=0
03-02 12:00:00.840   921   921 E MI-SF   : surfaceflinger setAffinity success
03-02 12:00:00.855 13015 13015 W ActivityThread: ClassLoader.getResources: The class loader returned by Thread.getContextClassLoader() may fail for processes that host multiple applications. You should explicitly specify a context class loader. For example: Thread.setContextClassLoader(getClass().getClassLoader());
03-02 12:00:00.884 13015 13015 I SplitInfoVersionStorageImpl: Blocking on lock /data/user_de/0/com.android.settings/app_qigsaw/1.3/split_info_version/version.lock
03-02 12:00:00.885 13015 13015 I SplitInfoVersionStorageImpl: /data/user_de/0/com.android.settings/app_qigsaw/1.3/split_info_version/version.lock locked
03-02 12:00:00.895 13015 13015 I SplitInfoVersionManager: Splits have been updated, so we use new split info version 1.3_1.84.
03-02 12:00:00.902  1621  4230 I ClipboardServiceI: checkProviderWakePathForClipboard: primaryClip is null
03-02 12:00:00.903 13015 13015 I SplitUpdateReporter: Success to load new split info version 
03-02 12:00:00.908 13015 13015 W System  : ClassLoader referenced unknown path: 
03-02 12:00:00.909 13015 13015 W ndroid.settings: Unsupported class loader: java.lang.Class<com.iqiyi.android.qigsaw.core.splitload.SplitDelegateClassloader>
03-02 12:00:00.912 11113 11113 W [RNScreens]: backTitleVisible prop is not available on Android
03-02 12:00:00.912 11113 11113 W [RNScreens]: backTitleFontFamily prop is not available on Android
03-02 12:00:00.912 11113 11113 W [RNScreens]: disableBackButtonMenu prop is not available on Android
03-02 12:00:00.912 11113 11113 W [RNScreens]: largeTitleFontFamily prop is not available on Android
03-02 12:00:00.912 11113 11113 W [RNScreens]: largeTitleFontWeight prop is not available on Android
03-02 12:00:00.912 11113 11113 W [RNScreens]: largeTitleHideShadow prop is not available on Android
03-02 12:00:00.913  1201  1298 D AALService: [CRTC_114] onALIChanged: 37 -> 30
03-02 12:00:00.932 11113 16504 I MediaController: Init 25fcb2b [AndroidXMedia3/1.8.0] [tides, 2404ARN45A, Xiaomi, 35]
03-02 12:00:00.940  1167  1167 I thermal_repeater: [recvMdThermalInfo] ret=25, strLen=127,  3, 38, -7, 196, 32767, 0
03-02 12:00:00.947 11113 11113 I ReactNative: [GESTURE HANDLER] Initialize gesture handler for root view com.facebook.react.runtime.ReactSurfaceView{f2cb88 V.E...... ......ID 0,0-1080,2460 #1}
03-02 12:00:00.955   849  1430 I hwcomposer: [HWC] (0)fire a callback of refresh to SF[4]  
03-02 12:00:00.980   921   921 I BufferQueueProducer: [FramebufferSurface](this:0xb400007d8e9dff50,id:-1,api:1,p:921,c:921) queueBuffer: fps=1.17 dur=1714.07 max=965.77 min=748.30
03-02 12:00:00.984   921   921 I MI-SF   : surfaceflinger setAffinity mode=1
03-02 12:00:00.984   921   921 E MI-SF   : surfaceflinger setAffinity success
03-02 12:00:00.984   921   921 I MI-SF   : surfaceflinger setreAffinity reTid=1207
03-02 12:00:00.984   921   921 E MI-SF   : surfaceflinger setAffinity success
03-02 12:00:01.059   853   923 E Situation: processEvent, handle:26, flush_action:0
03-02 12:00:01.060  1055  1191 D connsyslogger: data recycle:time out
03-02 12:00:01.060  1055  1191 D connsyslogger: idx=0 Bootup Log: 2 log files! filecount=3 
03-02 12:00:01.061  1621  1648 W Settings: Setting device_provisioned has moved from android.provider.Settings.Secure to android.provider.Settings.Global.
03-02 12:00:01.061   921  1472 D DisplayModeController: setDesiredMode 4627039422300187648 {mode={fps=60.00 Hz, modePtr={id=0, vsyncRate=60.00 Hz, peakRefreshRate=60.00 Hz}}, emitEvent=true, force=false}
03-02 12:00:01.062   921  1472 D Scheduler: MtkOverrideDuration: update vsync 60
03-02 12:00:01.062   921  1472 E SurfaceFlinger: MtkDuration override mode is disabled
03-02 12:00:01.062   921  1472 D Scheduler: MtkOverrideDuration: reset override duration
03-02 12:00:01.062   921  1472 I PowerHalWrapper: updateFps(): 60
03-02 12:00:01.077 11113 16559 D nativeloader: Load /data/app/~~Bh61wenJZi6JNVEuOkVQfQ==/com.softnation.Ojam-nnCVAdHxKfOmup5FCuBDYQ==/base.apk!/lib/arm64-v8a/libimagepipeline.so using class loader ns clns-7 (caller=/data/app/~~Bh61wenJZi6JNVEuOkVQfQ==/com.softnation.Ojam-nnCVAdHxKfOmup5FCuBDYQ==/base.apk!classes20.dex): ok
03-02 12:00:01.084   849   849 I hwcomposer: [HWCDisplay] (0 setActiveConfigWithConstraints():4114), config:0  
03-02 12:00:01.084   849   849 I hwcomposer: [HWCDisplay] (0 setActiveConfigWithConstraints():4164), now 614394633938081, diff 387077, estimated_applied_time 27777778 queued_size:0  
03-02 12:00:01.088   921   921 I MI-SF   : surfaceflinger setAffinity mode=0
03-02 12:00:01.088   921   921 E MI-SF   : surfaceflinger setAffinity success
03-02 12:00:01.111   849  1481 I hwcomposer: [HWCDisplay] (0 updateAppliedConfigState():4360), applied config complete[idx:614394661715859, config:0]  
03-02 12:00:01.111   921   921 I PowerHalWrapper: updateFps(): 60
03-02 12:00:01.112   921   921 I PowerHalWrapper: updateFps(): 60
03-02 12:00:01.113  1201  1298 D AALService: [CRTC_114] onALIChanged: 30 -> 14
03-02 12:00:01.220 13015 13015 D BatteryStateDatabase: initialize battery states database
03-02 12:00:01.227 13015 13015 W BatteryUsageContentProvider: create content provider from null
03-02 12:00:01.250 13015 13015 D SettingsSliceProvider: init
03-02 12:00:01.252 13015 13015 D SettingsSliceProvider: onCreateSliceProvider
03-02 12:00:01.252 11113 16559 D nativeloader: Load /data/app/~~Bh61wenJZi6JNVEuOkVQfQ==/com.softnation.Ojam-nnCVAdHxKfOmup5FCuBDYQ==/base.apk!/lib/arm64-v8a/libnative-imagetranscoder.so using class loader ns clns-7 (caller=/data/app/~~Bh61wenJZi6JNVEuOkVQfQ==/com.softnation.Ojam-nnCVAdHxKfOmup5FCuBDYQ==/base.apk!classes20.dex): ok
03-02 12:00:01.259 11113 16563 D skia    : SkJpegCodec::onGetPixels + (1365, 2048)
03-02 12:00:01.261 11113 16564 D skia    : SkJpegCodec::onGetPixels + (1080, 1447)
03-02 12:00:01.262 11113 16563 I DMABUFHEAPS: Using DMA-BUF heap named: mtk_mm
03-02 12:00:01.263 11113 16563 D skia    : stream getLength() not supported, use temp buffer for loading stream, buffer addr 0x7bed62a000 length 114202
03-02 12:00:01.263 11113 16563 D skia    : LoadInputStreamToMem va 0x7bed62a000  size 116480
03-02 12:00:01.264 11113 16563 D libjpeg-alpha: Huffman Builder run in subthread
03-02 12:00:01.264 11113 16564 I DMABUFHEAPS: Using DMA-BUF heap named: mtk_mm
03-02 12:00:01.265 11113 16564 D skia    : stream getLength() not supported, use temp buffer for loading stream, buffer addr 0x7bd6a1d000 length 129018
03-02 12:00:01.266 11113 16563 D libjpeg-alpha: Tile Decoder (#thread:4, size:512 256 256 341x512, alignment:256x16)
03-02 12:00:01.267 11113 16564 D skia    : LoadInputStreamToMem va 0x7bd6a1d000  size 131200
03-02 12:00:01.269 11113 16564 D libjpeg-alpha: Huffman Builder run in subthread
03-02 12:00:01.269 11113 16565 D libjpeg-alpha: Corrupt JPEG data: 31326 extraneous bytes before marker 0xda
03-02 12:00:01.271 11113 16564 D libjpeg-alpha: Tile Decoder (#thread:4, size:256 256 256 312x368, alignment:256x16)
03-02 12:00:01.281 11113 11113 W Looper  : PerfMonitor doFrame : time=576ms vsyncFrame=19961797 latency=1ms procState=-1
03-02 12:00:01.285 11113 16570 D skia    : SkJpegCodec::onGetPixels + (1365, 2048)
03-02 12:00:01.286  1621  1918 E HyperSentinel: -------------------------------------------------------
03-02 12:00:01.287  1621  1918 E HyperSentinel: Event_ThreadAmount
03-02 12:00:01.287  1621  1918 E HyperSentinel: -> audit event by proc 11113 "usap64": running threads amount, 45 -> 78
03-02 12:00:01.288 11113 16570 I DMABUFHEAPS: Using DMA-BUF heap named: mtk_mm
03-02 12:00:01.291 11113 16570 D skia    : stream getLength() not supported, use temp buffer for loading stream, buffer addr 0x7be14c0000 length 115924
03-02 12:00:01.291  1621  1917 D MiuiSentinelService: begin judgment ThreadAmountLeakException
03-02 12:00:01.292  1621  1917 E MiuiSentinelMemoryManager: getThreadinfo: usap64#11113
03-02 12:00:01.296  1177  1177 I thermal_src: recvmsg_expect 5, but get 2 
03-02 12:00:01.296  1177  1177 V thermal_src: TA_DAEMON_CMD_GET_TPCB:ERROR ret=-1
03-02 12:00:01.296  1177  1177 E thermal_src: get_tpcb_from_kernel:error -1. retry...
03-02 12:00:01.297  1177  1177 I thermal_src: recvmsg_expect 4, but get 2 
03-02 12:00:01.297  1177  1177 V thermal_src: TA_DAEMON_CMD_SET_TTJ:ERROR ret=-1
03-02 12:00:01.297  1177  1177 E thermal_src: set_ttj_to_kernel 1:error -1
03-02 12:00:01.297  1177  1177 I thermal_src: recvmsg_expect 5, but get 2 
03-02 12:00:01.298  1177  1177 V thermal_src: TA_DAEMON_CMD_GET_TPCB:ERROR ret=-1
03-02 12:00:01.298  1177  1177 E thermal_src: get_tpcb_from_kernel:error -1. retry...
03-02 12:00:01.298  1177  1177 I thermal_src: recvmsg_expect 2, but get 5 
03-02 12:00:01.298  1177  1177 V thermal_src: waiting NOTIFY from kernel miss, -1
03-02 12:00:01.298  1177  1177 I thermal_src: recvmsg_expect 2, but get 5 
03-02 12:00:01.298  1177  1177 V thermal_src: waiting NOTIFY from kernel miss, -1
03-02 12:00:01.299  1177  1177 I thermal_src: recvmsg_expect 2, but get 4 
03-02 12:00:01.299  1177  1177 V thermal_src: waiting NOTIFY from kernel miss, -1
03-02 12:00:01.302 11113 16570 D skia    : LoadInputStreamToMem va 0x7be14c0000  size 118144
03-02 12:00:01.306 11113 16570 D libjpeg-alpha: Huffman Builder run in subthread
03-02 12:00:01.311   849  1430 I hwcomposer: [HWC] (0)fire a callback of refresh to SF[4]  
03-02 12:00:01.313 11113 16570 D libjpeg-alpha: Tile Decoder (#thread:4, size:512 256 256 341x512, alignment:256x16)
03-02 12:00:01.315  1201  1298 D AALService: [CRTC_114] onALIChanged: 14 -> 5
03-02 12:00:01.321 11113 16577 D libjpeg-alpha: Corrupt JPEG data: 33397 extraneous bytes before marker 0xda
03-02 12:00:01.321 11113 16568 D libjpeg-alpha: Corrupt JPEG data: bad Huffman code
03-02 12:00:01.327   849   849 I hwcomposer: [HWCDisplay] (0 updateFps():3667), (type:1, mode:2) fps:4.573327,dur:1093.30,max:604.15,min:26.64  
03-02 12:00:01.327 11113 16564 D skia    : SkJpegCodec::onGetPixels -
03-02 12:00:01.329   921   921 I MI-SF   : surfaceflinger setAffinity mode=1
03-02 12:00:01.330   921   921 E MI-SF   : surfaceflinger setAffinity success
03-02 12:00:01.330   921   921 I MI-SF   : surfaceflinger setreAffinity reTid=1207
03-02 12:00:01.330   921   921 E MI-SF   : surfaceflinger setAffinity success
03-02 12:00:01.371 13015 13015 D AutoDensity: autodensity debugEnable = 
03-02 12:00:01.384 11113 16568 D libjpeg-alpha: Corrupt JPEG data: premature end of data segment
03-02 12:00:01.390 13015 13015 D AutoDensity: 	getAccessibilityDpi Exception: android.provider.Settings$SettingNotFoundException: display_density_forced
03-02 12:00:01.393 11113 11113 I ExoPlayerImpl: Init 299edef [AndroidXMedia3/1.8.0] [tides, 2404ARN45A, Xiaomi, 35]
03-02 12:00:01.413 11113 16563 D skia    : SkJpegCodec::onGetPixels -
03-02 12:00:01.419  2350  2350 W Settings: Setting airplane_mode_on has moved from android.provider.Settings.System to android.provider.Settings.Global, returning read-only value.
03-02 12:00:01.420 13015 16585 D AppStartupManager: preload task execute success, key:isInternationalM2M3AndIsSafetyCenterEnabled val:false
03-02 12:00:01.422  2350  2350 W Settings: Setting airplane_mode_on has moved from android.provider.Settings.System to android.provider.Settings.Global, returning read-only value.
03-02 12:00:01.425  1055  1186 D connsyslogger: SD_LOG_ROOT is /data/debuglogger/connsyslog/fw.
03-02 12:00:01.425  1055  1186 D connsyslogger: systemReady:1
03-02 12:00:01.439  2350 29580 D NetworkSpeedTracker: updateSignalInfo lteRsrp=-69lteSnr=13,phoneId=1
03-02 12:00:01.443  2350 29580 D NetworkSpeedTracker: updateSignalInfo lteRsrp=-69lteSnr=13,phoneId=1
03-02 12:00:01.444 13015 16587 I DeviceLevelUtils: platform∩╝Ümt6768
03-02 12:00:01.445 13015 16587 I MiSpeedRecord: Connecting to PerfShielder service.
03-02 12:00:01.456 13015 16587 D SettingsFeatures: isFoldDevice: false
03-02 12:00:01.456 13015 16587 D SettingsFeatures: isFlipDevice: false
03-02 12:00:01.456 13015 16587 D SettingsFeatures: isFoldDevice: false
03-02 12:00:01.460 13015 16587 D AppStartupManager: preload task execute success, key:isShowDesktop val:true
03-02 12:00:01.472 11113 11113 I softnation.Ojam: hiddenapi: Accessing hidden method Landroid/media/AudioTrack;->getLatency()I (runtime_flags=0, domain=platform, api=unsupported) from Landroidx/media3/exoplayer/audio/AudioTrackPositionTracker; (domain=app, TargetSdkVersion=36) using reflection: allowed
03-02 12:00:01.481 13015 16585 D ScrollerOptimizationManager: registerConfigChangedListener
03-02 12:00:01.486 13015 16585 D SplineOverScroller: dynamic params is false
03-02 12:00:01.495 13015 16588 I SettingsFeatures: isSupportSettingsHaptic: false
03-02 12:00:01.496 13015 13015 D SpaEnvironment: reset
03-02 12:00:01.503 13015 16585 D ScrollerOptimizationManager: registerConfigChangedListener
03-02 12:00:01.504  1621  4431 D CompatChangeReporter: Compat change id reported: 161145287; UID 1000; state: ENABLED
03-02 12:00:01.515 13015 16588 D AppStartupManager: preload task execute success, key:getCorrectSoundTitle val:2132092775
03-02 12:00:01.517 11113 16579 D libjpeg-alpha: Corrupt JPEG data: premature end of data segment
03-02 12:00:01.521 13015 16587 W SystemServiceRegistry: faceService() miuiface, isSupportTee: false
03-02 12:00:01.522 13015 13015 D SplitAABInfoProvider: App has no fused modules.
03-02 12:00:01.522 13015 13015 D SplitAABInfoProvider: AAB has no splits ignore
03-02 12:00:01.523 13015 13015 D SplitAABInfoProvider: No splits are found or app cannot be found in package manager.
03-02 12:00:01.524 13015 13015 I Split:MultiDex: VM with version 2.1.0 has multidex support
03-02 12:00:01.529 13015 13015 D SplitInstallSupervisor: No splits need to uninstall!
03-02 12:00:01.530 11113 16570 D skia    : SkJpegCodec::onGetPixels -
03-02 12:00:01.530 13015 13015 I SplitInfoManagerImpl: currentVersion : 1.3_1.84 defaultVersion : 1.3_1.75
03-02 12:00:01.530 13015 13015 I SplitInfoManagerImpl: Updated split file path: /data/user_de/0/com.android.settings/app_qigsaw/1.3/split_info_version/qigsaw_1.3_1.84.json
03-02 12:00:01.533 13015 16585 W libc    : Access denied finding property "ro.vendor.display.dynamic_refresh_rate"
03-02 12:00:01.533 13015 13015 I SplitInfoManagerImpl: Cost 3 mil-second to parse updated split info
03-02 12:00:01.534 13015 16595 D SettingsFeatures: isFoldDevice: false
03-02 12:00:01.535 13015 16585 I DynamicRefreshRate recy: dynamic params is false
03-02 12:00:01.535 13015 16585 E DynamicRefreshRate recy: dynamic is not enable
03-02 12:00:01.539 13015 16585 D AppStartupManager: preload task execute success, key:viewPreload val:null
03-02 12:00:01.541 13015 16597 I Split:AbiUtil: Succeed to get primaryCpuAbi arm64-v8a from ApplicationInfo.
03-02 12:00:01.546 13015 16595 I DeviceLevelUtils: The deviceLevelLis obtained from the settings∩╝Üv:1,c:1,g:1
03-02 12:00:01.546 13015 13015 W Looper  : PerfMonitor longMsg : seq=2 plan=12:00:00.153 late=2ms wall=1390ms h=android.app.ActivityThread$H w=110 procState=-1
03-02 12:00:01.547 13015 16595 I DeviceLevelUtils: Is the deviceLevelList legal∩╝Ütrue
03-02 12:00:01.552 13015 16595 W Settings: Setting device_provisioned has moved from android.provider.Settings.Secure to android.provider.Settings.Global.
03-02 12:00:01.553 13015 16587 D MiuiFaceManager: inernational:true supportR:[ALL] nowR:NG
03-02 12:00:01.553 13015 16587 D AppStartupManager: preload task execute success, key:getPasswordTypes val:2132086991
03-02 12:00:01.557 11113 16503 I ReactNativeJS: [DownloadsContext] Loaded downloads and reconciled local files
03-02 12:00:01.558  1621  4754 I ClipboardServiceI: checkProviderWakePathForClipboard: primaryClip is null
03-02 12:00:01.558 13015 16585 D AppStartupManager: preload task execute success, key:isSupportInterconnectionSettings val:false
03-02 12:00:01.559  1621  4754 D CompatChangeReporter: Compat change id reported: 151861875; UID 10097; state: ENABLED
03-02 12:00:01.562  1621  4754 V GrammaticalInflectionUtils: AttributionSource: android.content.AttributionSource@800727db does not have READ_SYSTEM_GRAMMATICAL_GENDER permission.
03-02 12:00:01.566 13015 16587 D AppStartupManager: preload task execute success, key:isFeedbackNeeded val:true
03-02 12:00:01.573 13015 16588 D AppStartupManager: preload task execute success, key:getGoogleTarget val:[com.android.settingslib.miuisettings.preference.PreferenceActivity$Header@44dcbe6]
03-02 12:00:01.578   894  4413 V audio_utils::mutex: mutex_impl: audio_mutex initialized: ret:0  order:20
03-02 12:00:01.579   894  4413 V audio_utils::mutex: mutex_impl: audio_mutex initialized: ret:0  order:20
03-02 12:00:01.579   894  4413 V audio_utils::mutex: mutex_impl: audio_mutex initialized: ret:0  order:20
03-02 12:00:01.579   894  4413 V audio_utils::mutex: mutex_impl: audio_mutex initialized: ret:0  order:20
03-02 12:00:01.579   894  1349 D AudioFlinger_Threads: updateWakeLockUids_l AudioOut_15 uids:
03-02 12:00:01.579   894  1351 D AudioFlinger_Threads: updateWakeLockUids_l AudioOut_1D uids:
03-02 12:00:01.579   894  1325 D AudioFlinger_Threads: updateWakeLockUids_l AudioOut_D uids:
03-02 12:00:01.579   894  1367 D AudioFlinger_Threads: updateWakeLockUids_l AudioOut_25 uids:
03-02 12:00:01.610   835   835 D Zygote  : Forked child process 16601
03-02 12:00:01.616  1621  1667 W ActivityManager: Slow operation: 51ms so far, now at startProcess: building log message
03-02 12:00:01.616  1621  1667 I ActivityManager: Start proc 16601:com.android.htmlviewer:remote/u0a97 for content provider {com.android.htmlviewer/com.android.settings.cloud.CloudSettingsProvider} caller=com.android.settings
03-02 12:00:01.616  1621  1667 W ActivityManager: Slow operation: 51ms so far, now at startProcess: starting to update pids map
03-02 12:00:01.617  1621  1667 W ActivityManager: Slow operation: 52ms so far, now at startProcess: done updating pids map
03-02 12:00:01.620  1621  1856 D ConnectivityService: NetReassign [no changes] [c 0] [a 2] [i 12]
03-02 12:00:01.635 16601 16601 E Zygote  : process_name_ptr:16601 com.android.htmlviewer:remote
03-02 12:00:01.636 16601 16601 E Zygote  : SetMemoryProtected process_name_ptr:16601 com.android.htmlviewer:remote
03-02 12:00:01.642 11113 11113 I MediaSessionImpl: Init c09348 [AndroidXMedia3/1.8.0] [tides, 2404ARN45A, Xiaomi, 35]
03-02 12:00:01.651 13015 13015 D PeriodicJobReceiver: refresh periodic job from action=com.android.settings.battery.action.PERIODIC_JOB_UPDATE
03-02 12:00:01.653 13015 16608 D BatteryUsageDataLoader: loadUsageDataSafely() in the AsyncTask
03-02 12:00:01.659 16601 16601 I mlviewer:remote: Using CollectorTypeCMC GC.
03-02 12:00:01.679  1621  4230 W BatteryExternalStatsWorker: error reading Bluetooth stats: 11
03-02 12:00:01.686 16601 16601 D nativeloader: Load libframework-connectivity-tiramisu-jni.so using APEX ns com_android_tethering for caller /apex/com.android.tethering/javalib/framework-connectivity-t.jar: ok
03-02 12:00:01.695  1621  1918 E HyperSentinel: -------------------------------------------------------
03-02 12:00:01.695  1621  1918 E HyperSentinel: Event_ThreadAmount
03-02 12:00:01.695  1621  1918 E HyperSentinel: -> audit event by proc 13015 "usap64": running threads amount, 12 -> 23
03-02 12:00:01.698 13015 13015 D PeriodicJobManager: schedule next alarm job at Mar 02, 2026, 13:00:00
03-02 12:00:01.701 13015 13015 W ContextImpl: Calling a method in the system process without a qualified user: android.app.ContextImpl.startService:1962 android.content.ContextWrapper.startService:864 com.iqiyi.android.qigsaw.core.Qigsaw.cleanStaleSplits:246 com.iqiyi.android.qigsaw.core.Qigsaw.-$$Nest$smcleanStaleSplits:0 com.iqiyi.android.qigsaw.core.Qigsaw$1.queueIdle:162 
03-02 12:00:01.701   853   923 E Situation: processEvent, handle:26, flush_action:0
03-02 12:00:01.702 11113 11113 I MediaSessionCompat: Couldn't find a unique registered media button receiver in the given context.
03-02 12:00:01.709  1621  4431 I MediaSessionStack: addSession to bottom of stack | record: com.softnation.Ojam/androidx.media3.session.id./98 (userId=0)
03-02 12:00:01.710  1621  4431 D MediaSessionService: Media button session is changed to com.softnation.Ojam/androidx.media3.session.id./98 (userId=0)
03-02 12:00:01.712 16601 16601 I MessageMonitor: Load libmiui_runtime
03-02 12:00:01.714  1621  1648 W Settings: Setting device_provisioned has moved from android.provider.Settings.Secure to android.provider.Settings.Global.
03-02 12:00:01.720  1621  4230 D AS.BtHelper: isBluetoothScoOn() mBluetoothHeadset is null: falsemBluetoothHeadsetDevice is null: true
03-02 12:00:01.721  1621  4230 V AS.AudioDeviceBroker: requestedCommunicationDevice: null mAudioModeOwner: AudioModeInfo: mMode=MODE_NORMAL, mPid=0, mUid=0
03-02 12:00:01.722  2363  3215 I ActiveAudioSessionManager_export-api: controllerSize:0
03-02 12:00:01.723  2363  3215 I ActiveAudioSessionManager_export-api: stopPositionCallbackTask
03-02 12:00:01.723  2363  3215 I ActiveAudioSessionManager_export-api: dispatchSessionsExistsChangeCallbackLocked :false
03-02 12:00:01.723  1621  4430 D TelephonyManager: requestModemActivityInfo: Sending result to app: ModemActivityInfo{ mTimestamp=1032161138 mSleepTimeMs=621097020 mIdleTimeMs=403059283 mActivityStatsTechSpecificInfo=[{mRat=UNKNOWN,mFrequencyRange=UNKNOWN,mTxTimeMs[]=[42779, 90769, 159201, 400160, 488428],mRxTimeMs=9910607}]}
03-02 12:00:01.723  2363 19600 I ActiveAudioSessionManager_export-api: controllerSize:0
03-02 12:00:01.723  2363 19600 I ActiveAudioSessionManager_export-api: stopPositionCallbackTask
03-02 12:00:01.723  2363 19600 I ActiveAudioSessionManager_export-api: dispatchSessionsExistsChangeCallbackLocked :false
03-02 12:00:01.723  2363 19600 I MiPlayServiceAdapter: markSessionKilled
03-02 12:00:01.726 18562 18562 W MediaPlayerList: onMediaKeyEventSessionChanged(Token): android.media.session.MediaSession$Token@da7eb27
03-02 12:00:01.727  1621  4230 D SymlinkUtils: attachApplication file op go pass: 0 ms
03-02 12:00:01.731  1621  4754 D AS.BtHelper: isBluetoothScoOn() mBluetoothHeadset is null: falsemBluetoothHeadsetDevice is null: true
03-02 12:00:01.731  1621  4754 V AS.AudioDeviceBroker: requestedCommunicationDevice: null mAudioModeOwner: AudioModeInfo: mMode=MODE_NORMAL, mPid=0, mUid=0
03-02 12:00:01.731  1621  4230 I SmartPower: com.android.htmlviewer:remote/10097(16601): died->background(1582582ms) R(process start ) adj=-10000.
03-02 12:00:01.735 18562 18562 I MediaPlayerList: Adding wrapped media player: com.softnation.Ojam at key: 1
03-02 12:00:01.735 18562 18562 I MediaPlayerList: onMediaKeyEventSessionChanged: token=com.softnation.Ojam
03-02 12:00:01.737 18562 18562 D MediaPlayerList: setActivePlayer(): setting player to com.softnation.Ojam
03-02 12:00:01.740  1621  4754 I MediaSessionService: tempAllowlistTargetPkgIfPossible callingPackage:com.android.bluetooth targetPackage:com.softnation.Ojam reason:MediaSessionRecord:android.support.v4.media.session.command.GET_EXTRA_BINDER [WIU] [FGS]
03-02 12:00:01.742  1621  1842 I MiuiNetworkPolicy: updateUidState uid = 10097, uidState = 19
03-02 12:00:01.745 16601 16617 D MiuiDownscaleImpl: set override inverted scale : 1.0
03-02 12:00:01.748 18562 18562 D MediaPlayerList: sendMediaUpdate
03-02 12:00:01.748 18562 18562 I MediaPlayerList: sendMediaUpdate: Creating a one item queue for a player with no queue
03-02 12:00:01.749 18562 18562 D MediaPlayerList: sendMediaUpdate state=null
03-02 12:00:01.749 18562 18562 D AvrcpTargetService: onMediaUpdated: track_changed=true state=false queue=true
03-02 12:00:01.749 18562 18562 D AvrcpNativeInterface: sendMediaUpdate: metadata=true playStatus=false queue=true
03-02 12:00:01.749 18562 18562 I bluetooth: avrcp_service.cc:648 SendMediaUpdate: track_changed=true :  play_state=false :  queue=true
03-02 12:00:01.749 18562 18562 V MediaPlayerList: onActiveSessionsChanged: number of controllers: 0
03-02 12:00:01.750 18562 18562 I PlayerSettingsManager: getPlayerRepeatMode: no active player
03-02 12:00:01.750 18562 18562 I PlayerSettingsManager: getPlayerShuffleMode: no active player
03-02 12:00:01.750 18562 18562 I PlayerSettingsManager: updateRemoteDevice: STATE_REPEAT_OFF, STATE_SHUFFLE_OFF
03-02 12:00:01.750 18562 18562 I bluetooth: avrcp_service.cc:685 SendPlayerSettingsChanged: 
03-02 12:00:01.750 18562 18562 I bluetooth: avrcp_service.cc:699 SendPlayerSettingsChanged: attribute=PlayerAttribute::REPEAT : value=PlayerRepeatValue::OFF
03-02 12:00:01.750 18562 18562 I bluetooth: attribute=PlayerAttribute::SHUFFLE : value=PlayerShuffleValue::OFF
03-02 12:00:01.751 16601 16601 I JavaheapMonitor: Disabled. Process name: <pre-initialized>
03-02 12:00:01.752  1621  1746 E JobScheduler.Background: Couldn't determine stopped state for unknown package: com.google.android.apps.turbo
03-02 12:00:01.752  1621  1746 E JobScheduler.Background: Couldn't determine stopped state for unknown package: com.google.android.apps.turbo
03-02 12:00:01.752  1621  1746 E JobScheduler.Background: Couldn't determine stopped state for unknown package: com.google.android.apps.turbo
03-02 12:00:01.752  1621  1746 E JobScheduler.Background: Couldn't determine stopped state for unknown package: com.google.android.apps.turbo
03-02 12:00:01.752  1621  1746 E JobScheduler.Background: Couldn't determine stopped state for unknown package: com.google.android.apps.turbo
03-02 12:00:01.753 16601 16601 D MiuiMonitorThread: Shared singleton Thread for stability monitor start
03-02 12:00:01.760 16601 16620 D ActivityThread: the event that target app starts is : AppLaunchEvent{mType='441', mProcessName='com.android.htmlviewer:remote', mPackageName='com.android.htmlviewer', mIsMainProcess='false', mVersionCode='35', mLaunchTime='2026-03-02'}
03-02 12:00:01.762  4243 11389 W MQSEventManager: occur
03-02 12:00:01.762  1621  4230 D MediaSessionService: onSessionPlaybackStateChanged: record=com.softnation.Ojam/androidx.media3.session.id./98 (userId=0) playbackState=PlaybackState {state=NONE(0), position=0, buffered position=0, speed=0.0, updated=1032161179, actions=7339653, custom actions=[], active item id=0, error=null}
03-02 12:00:01.763  1621  4754 D MediaSessionService: onSessionActiveStateChanged: record=com.softnation.Ojam/androidx.media3.session.id./98 (userId=0) playbackState=PlaybackState {state=NONE(0), position=0, buffered position=0, speed=0.0, updated=1032161179, actions=7339653, custom actions=[], active item id=0, error=null}
03-02 12:00:01.763 18562 18562 D AudioMediaPlayerWrapper: onPlaybackStateChanged(): com.softnation.Ojam : PlaybackState {state=NONE(0), position=0, buffered position=0, speed=0.0, updated=1032161179, actions=7339653, custom actions=[], active item id=0, error=null}
03-02 12:00:01.764 18562 18562 V AudioMediaPlayerWrapper: Waiting to send update as controller has no playback state
03-02 12:00:01.766 18562 18562 V MediaPlayerList: onActiveSessionsChanged: number of controllers: 1
03-02 12:00:01.769  2363  3215 I ActiveAudioSessionManager_export-api: controllerSize:1
03-02 12:00:01.769  2363  3215 I ActiveAudioSessionManager_export-api: packageName:com.softnation.Ojam
03-02 12:00:01.769  1621  2986 D MediaSessionService: onSessionPlaybackStateChanged: record=com.softnation.Ojam/androidx.media3.session.id./98 (userId=0) playbackState=PlaybackState {state=NONE(0), position=0, buffered position=0, speed=0.0, updated=1032161188, actions=7339653, custom actions=[], active item id=0, error=null}
03-02 12:00:01.772  2363 19600 I ActiveAudioSessionManager_export-api: controllerSize:1
03-02 12:00:01.772  2363 19600 I ActiveAudioSessionManager_export-api: packageName:com.softnation.Ojam
03-02 12:00:01.774  2363  3215 I ActiveAudioSessionManager_export-api: stopPositionCallbackTask
03-02 12:00:01.774  2363  3215 I ActiveAudioSessionManager_export-api: dispatchSessionsExistsChangeCallbackLocked :true
03-02 12:00:01.774  2363  3215 I ActiveSessionRecord_export-api: onPlaybackStateChanged: PlaybackState {state=NONE(0), position=0, buffered position=0, speed=0.0, updated=1032161188, actions=7339653, custom actions=[], active item id=0, error=null}
03-02 12:00:01.775 18562 18562 D MediaPlayerList: onActiveSessionsChanged: controller: com.softnation.Ojam
03-02 12:00:01.775 18562 18562 D MediaPlayerList: Already have a controller for the player: com.softnation.Ojam, updating instead
03-02 12:00:01.775  2363 19600 I ActiveAudioSessionManager_export-api: stopPositionCallbackTask
03-02 12:00:01.775  2363 19600 I ActiveAudioSessionManager_export-api: dispatchSessionsExistsChangeCallbackLocked :true
03-02 12:00:01.775  2363 19600 I MiPlayServiceAdapter: markSessionChange
03-02 12:00:01.775  2363 19600 I MiPlayServiceAdapter: intent to startService : 0
03-02 12:00:01.776  2363 19600 I ActiveSessionRecord_export-api: onPlaybackStateChanged: PlaybackState {state=NONE(0), position=0, buffered position=0, speed=0.0, updated=1032161188, actions=7339653, custom actions=[], active item id=0, error=null}
03-02 12:00:01.778 18562 18562 D AudioMediaPlayerWrapper: com.softnation.Ojam: Controller for com.softnation.Ojam was updated.
03-02 12:00:01.780 18562 18562 D MediaPlayerList: sendMediaUpdate
03-02 12:00:01.781 18562 18562 I MediaPlayerList: sendMediaUpdate: Creating a one item queue for a player with no queue
03-02 12:00:01.781 18562 18562 D MediaPlayerList: sendMediaUpdate state=PlaybackState {state=NONE(0), position=0, buffered position=0, speed=0.0, updated=1032161188, actions=7339653, custom actions=[], active item id=0, error=null}
03-02 12:00:01.781 18562 18562 D AvrcpTargetService: onMediaUpdated: track_changed=false state=true queue=false
03-02 12:00:01.782 18562 18562 D AvrcpNativeInterface: sendMediaUpdate: metadata=false playStatus=true queue=false
03-02 12:00:01.782 18562 18562 I bluetooth: avrcp_service.cc:648 SendMediaUpdate: track_changed=false :  play_state=true :  queue=false
03-02 12:00:01.783 16601 16601 D ActivityThread: setEmbeddedParam packageName=com.android.htmlviewer processName=com.android.htmlviewer:remote isEmbedded=false isIsolated=false
03-02 12:00:01.790 11113 11113 D RNTP-com.doublesymmetry.trackplayer.service.MusicService:onBind: intentAction = null
03-02 12:00:01.792 16601 16601 D ApplicationLoaders: Returning zygote-cached class loader: /system/framework/org.apache.http.legacy.jar
03-02 12:00:01.792 11113 11113 I Choreographer: Skipped 30 frames!  The application may be doing too much work on its main thread.
03-02 12:00:01.793 11113 11113 D UserSceneDetector: invoke error.
03-02 12:00:01.793 16601 16601 D CompatChangeReporter: Compat change id reported: 202956589; UID 10097; state: ENABLED
03-02 12:00:01.825   861   947 I libPerfCtl: xgfGetFPS pid:921 fps:-1
03-02 12:00:01.826   861   947 I libPerfCtl: xgfGetFPS pid:2363 fps:-1
03-02 12:00:01.837   921   921 I BufferQueueProducer: [StatusBar#109](this:0xb400007bcec4ab68,id:-1,api:0,p:-1,c:921) queueBuffer: fps=1.14 dur=1749.84 max=1002.96 min=746.88
03-02 12:00:01.842  2350  2350 D TelephonyManager: requestModemActivityInfo: Sending result to app: ModemActivityInfo{ mTimestamp=1032161258 mSleepTimeMs=621097020 mIdleTimeMs=403059283 mActivityStatsTechSpecificInfo=[{mRat=UNKNOWN,mFrequencyRange=UNKNOWN,mTxTimeMs[]=[42779, 90769, 159201, 400160, 488428],mRxTimeMs=9910727}]}
03-02 12:00:01.842   921   921 I MI-SF   : surfaceflinger setAffinity mode=0
03-02 12:00:01.843   921   921 E MI-SF   : surfaceflinger setAffinity success
03-02 12:00:01.849 16601 16601 D nativeloader: Configuring clns-shared-7 for other apk /system/priv-app/HTMLViewer/HTMLViewer.apk. target_sdk_version=35, uses_libraries=, library_path=/system/priv-app/HTMLViewer/lib/arm64:/system/lib64:/system_ext/lib64, permitted_path=/data:/mnt/expand:/data/user/0/com.android.htmlviewer:/system/priv-app/HTMLViewer:/system/lib64:/system_ext/lib64
03-02 12:00:01.859 11113 11113 D ScrollerOptimizationManager: registerConfigChangedListener
03-02 12:00:01.867  1621  1842 I MiuiNetworkPolicy: updateUidState uid = 10156, uidState = 19
03-02 12:00:01.874  6515  6997 D UidObserver: onUidIdle uid=10156 uidstate=100
03-02 12:00:01.913  1201  1298 D AALService: [CRTC_114] onALIChanged: 5 -> 6
03-02 12:00:01.916 16601 16601 V GraphicsEnvironment: Currently set values for:
03-02 12:00:01.916 16601 16601 V GraphicsEnvironment:   angle_gl_driver_selection_pkgs=[]
03-02 12:00:01.917 16601 16601 V GraphicsEnvironment:   angle_gl_driver_selection_values=[]
03-02 12:00:01.917 16601 16601 V GraphicsEnvironment: Global.Settings values are invalid: number of packages: 0, number of values: 0
03-02 12:00:01.917 16601 16601 V GraphicsEnvironment: Neither updatable production driver nor prerelease driver is supported.
03-02 12:00:01.920 16601 16601 I ActivityThread: TrafficStats init done
03-02 12:00:01.923 16601 16601 I ForceDarkHelperStubImpl: initialize for com.android.htmlviewer , ForceDarkOrigin
03-02 12:00:01.931 16601 16601 D nativeloader: Load libforcedarkimpl.so using system ns (caller=/system_ext/framework/miui-framework.jar): ok
03-02 12:00:01.932 16601 16601 D HWUI    : JNI_OnLoad success
03-02 12:00:01.933 16601 16601 I MiuiForceDarkConfig: setConfig density:2.750000, mainRule:0, secondaryRule:0, tertiaryRule:0
03-02 12:00:01.946   567  2667 E android.system.suspend-service: Error opening kernel wakelock stats for: wakeup126 (../../devices/platform/1100a000.spi0/spi_master/spi0/spi0.0/input/input5/wakeup126): Permission denied
03-02 12:00:01.948 16601 16601 I ActivityThread: Miui Feature Init done
03-02 12:00:01.985   567  2667 E android.system.suspend-service: Error opening kernel wakelock stats for: wakeup16 (../../devices/platform/11004000.i2c/i2c-7/7-0062/tcpc/type_c_port0/wakeup16): Permission denied
