03-02 09:56:53.807  1621  1621 D UiModeManager: updateConfigurationLocked: mDockState=0; mCarMode=false; mCar=false; mPowerSave=false; mOverrideNightModeOn=false; mOverrideNightModeOff=false; mComputedNightMode=true; mNightModeValue=2; uiMode=42
03-02 09:56:53.813  6027  6027 I PowerSaveService: onReceive: android.intent.action.BATTERY_CHANGED
03-02 09:56:53.814  6515  8177 D PowerCheckerService: onBatteryChanged, mBatteryLevel = 43, status = 2, level = 43, plug = 2, scale = 100
03-02 09:56:53.815  6027  6027 I PowerNoticeUI: handleBatteryChanged oldPlugType 2 mPlugType 2 oldBatteryLevel 43 mBatteryLevel 43 temperature 410
03-02 09:56:53.815  6515  6997 I ProcAudioPowerManager: onBatteryChanged, onBattery is false
03-02 09:56:53.815  6515  6997 D PowerKeeper.FrozenApp: onBatteryChanged plug=true mBatteryPlugged=2
03-02 09:56:53.815  6515  8142 D PowerKeeper.Thermal: mBatteryTemperature: 41
03-02 09:56:53.815  6027  6027 I ChargerBatteryIntelligenceReceiver: onBatteryChanged temperature∩╝Ü41,plugType:2
03-02 09:56:53.815  6027  6027 I ChargerBatteryIntelligenceReceiver: dissmissTempFastChargeReminder not support
03-02 09:56:53.815  6027  6027 D BaseChargeProtect_HighTemp: mCountByMinute:0,isScreenOn:true
03-02 09:56:53.818  6027  6027 I android_os_HwBinder: HwBinder: Starting thread pool for getting: vendor.xiaomi.hardware.micharge@1.0::IMiCharge/default
03-02 09:56:53.822   872   908 I vendor.xiaomi.hardware.micharge@1.0-service: ReadFilePathValue path = /sys/class/power_supply/usb/real_type value = USB
03-02 09:56:53.822  6027  6027 I IMiChargeUtils: getIMiChargeStringValue method:getBatteryChargeType,value:USB
03-02 09:56:53.823  6027  6027 I IMiChargeUtils: getBatteryChargeType : USB
03-02 09:56:53.823  6027  6027 I ChargeTimeUtilsV2: chargeType:USB
03-02 09:56:53.823  6027  6027 I PowerFeatureUtils: getVendorName:mediatek
03-02 09:56:53.823  6027  6027 I PowerFeatureUtils: getVendorName:mediatek
03-02 09:56:53.959 32297 12949 D nativeloader: Load /data/app/~~Bh61wenJZi6JNVEuOkVQfQ==/com.softnation.Ojam-nnCVAdHxKfOmup5FCuBDYQ==/base.apk!/lib/arm64-v8a/libgesturehandler.so using class loader ns clns-7 (caller=/data/app/~~Bh61wenJZi6JNVEuOkVQfQ==/com.softnation.Ojam-nnCVAdHxKfOmup5FCuBDYQ==/base.apk!classes20.dex): ok
03-02 09:56:53.960 32297 12949 D jni_lib_merge: Entering merged library JNI_OnLoad.
03-02 09:56:53.960 32297 12949 D jni_lib_merge: Preparing 12 pre-merged libs (including stub)
03-02 09:56:53.960 32297 12949 D jni_lib_merge: Preparing to register libfabricjni_so.  onload_func: 0x7891670ce0
03-02 09:56:53.960 32297 12949 D jni_lib_merge: Preparing to register libreact_devsupportjni_so.  onload_func: 0x789186afc8
03-02 09:56:53.960 32297 12949 D jni_lib_merge: Preparing to register libreact_featureflagsjni_so.  onload_func: 0x7891879518
03-02 09:56:53.960 32297 12949 D jni_lib_merge: Preparing to register libreact_newarchdefaults_so.  onload_func: 0x78918e16a8
03-02 09:56:53.960 32297 12949 D jni_lib_merge: Preparing to register libreactnativeblob_so.  onload_func: 0x7891ad1cb4
03-02 09:56:53.960 32297 12949 D jni_lib_merge: Preparing to register libreactnativejni_so.  onload_func: 0x7891b1f6bc
03-02 09:56:53.960 32297 12949 D jni_lib_merge: Preparing to register libreactnativejni_common_so.  onload_func: 0x7891b30044
03-02 09:56:53.960 32297 12949 D jni_lib_merge: Preparing to register librninstance_so.  onload_func: 0x7891b77764
03-02 09:56:53.960 32297 12949 D jni_lib_merge: Preparing to register libturbomodulejsijni_so.  onload_func: 0x7891c8ff68
03-02 09:56:53.960 32297 12949 D jni_lib_merge: Preparing to register libuimanagerjni_so.  onload_func: 0x7891ca8fb8
03-02 09:56:53.960 32297 12949 D jni_lib_merge: Preparing to register libyoga_so.  onload_func: 0x7891cb8a3c
03-02 09:56:53.960 32297 12949 D jni_lib_merge: About to register 11 actual methods.
03-02 09:56:53.964 32297 32297 D VRI[MainActivity]: Setup new sync=wmsSync-VRI[MainActivity]#0
03-02 09:56:53.968 32297 32297 D UserSceneDetector: invoke error.
03-02 09:56:54.108 31638 12120 I com.whatsapp: Explicit concurrent mark compact GC freed 15MB AllocSpace bytes, 7(280KB) LOS objects, 59% free, 24MB/60MB, paused 2.924ms,9.913ms total 599.231ms
03-02 09:56:54.128 32297 32297 W libc    : Access denied finding property "ro.vendor.display.iris_x7.support"
03-02 09:56:54.131 32297 12825 D HWUI    : makeCurrent grContext:0xb4000079f1a115d0 reset mTextureAvailable
03-02 09:56:54.199 32297 12825 D softnation.Ojam: MiuiProcessManagerServiceStub setSchedFifo
03-02 09:56:54.199 32297 12825 I MiuiProcessManagerImpl: setSchedFifo pid:32297, mode:3
03-02 09:56:54.200  1621  2740 D ProcessManager: beginSchedThreads is not Enabled
03-02 09:56:54.201 32297 12825 D MAGT_SYNC_FRAME: MAGT Sync: MAGT is not supported. Disabling Sync.
03-02 09:56:54.201 32297 12825 D softnation.Ojam: Can't load libmbrainSDK
03-02 09:56:54.205 32297 12825 I GrallocExtra: gralloc_extra_query:is_SW3D 0
03-02 09:56:54.208 32297 12825 W libc    : Access denied finding property "ro.vendor.display.iris_x7.support"
03-02 09:56:54.273 32297 12825 E LB      : fail to open file: No such file or directory
03-02 09:56:54.274 32297 12825 E LB      : fail to open node: No such file or directory
03-02 09:56:54.274 32297 12825 E LB      : fail to open node: No such file or directory
03-02 09:56:54.274 32297 12825 I GrallocExtra: gralloc_extra_query:is_SW3D 0
03-02 09:56:54.274 32297 12825 W libc    : Access denied finding property "ro.vendor.display.iris_x7.support"
03-02 09:56:54.275 32297 12825 D BLASTBufferQueue: [VRI[MainActivity]#0](f:0,a:1) acquireNextBufferLocked size=1080x2460 mFrameNumber=1 applyTransaction=true mTimestamp=607007823184102(auto) mPendingTransactions.size=0 graphicBufferId=138714558758917 transform=0
03-02 09:56:54.276 32297 12825 D softnation.Ojam: Can't load libmbrainSDK
03-02 09:56:54.278 32297 32297 D VRI[MainActivity]: vri.reportDrawFinished
03-02 09:56:54.280  1621  2740 D WindowManager: wms.finishDrawingLocked: mDrawState=COMMIT_DRAW_PENDING Window{99c1ae4 u0 com.softnation.Ojam/com.softnation.Ojam.MainActivity} in Surface(name=com.softnation.Ojam/com.softnation.Ojam.MainActivity#132572)/@0xe3ce2ac
03-02 09:56:54.280 32297 32297 W Looper  : PerfMonitor doFrame : time=572ms vsyncFrame=19589717 latency=1ms procState=-1
03-02 09:56:54.282  1621  1651 D MiuiRefreshRatePolicy: reset
03-02 09:56:54.283  1621  1651 I WindowManager: onFirstWindowDrawn, try to remove startingWindow. this = ActivityRecord{2edb85a u0 com.softnation.Ojam/.MainActivity t37014} associatedTask = null isMainWindow = true mStartingWindow = Window{5abedfe u0 Splash Screen com.softnation.Ojam} mStartingData = SplashScreenStartingData{ac2d467 waitForSyncTransactionCommit=false removeAfterTransaction= 0}
03-02 09:56:54.285  1621  1651 I PowerManagerServiceImpl: Acquire wakelock: SCREEN_BRIGHT_WAKE_LOCK           'WindowManager/displayId:0' ON_AFTER_RELEASE (uid=1000 pid=1621 pkg=android ws=WorkSource{10337 com.softnation.Ojam})
03-02 09:56:54.288  1621  1651 D MiuiRefreshRatePolicy: reset
03-02 09:56:54.289  1621  1638 I ActivityTaskManager: Displayed com.softnation.Ojam/.MainActivity for user 0: +17s931ms
03-02 09:56:54.291  1621  1666 I SmartPower: com.whatsapp/10300(31638): idle->background(2127ms) R(broadcast start Intent { act=android.intent.action.BATTERY_CHANGED flg=0x60000010 (has extras) }) adj=700.
03-02 09:56:54.292  1621  2740 D MediaSessionService: onSessionPlaybackStateChanged: record=com.softnation.Ojam/androidx.media3.session.id./71 (userId=0) playbackState=PlaybackState {state=NONE(0), position=0, buffered position=0, speed=0.0, updated=1024773710, actions=7339653, custom actions=[], active item id=0, error=null}
03-02 09:56:54.293  1621  1666 I SmartPower: com.instagram.android/10301(10452): idle->background(2127ms) R(broadcast start Intent { act=android.intent.action.BATTERY_CHANGED flg=0x60000010 (has extras) }) adj=905.
03-02 09:56:54.293  2363  3215 I ActiveSessionRecord_export-api: onPlaybackStateChanged: PlaybackState {state=NONE(0), position=0, buffered position=0, speed=0.0, updated=1024773710, actions=7339653, custom actions=[], active item id=0, error=null}
03-02 09:56:54.293  2363 19600 I ActiveSessionRecord_export-api: onPlaybackStateChanged: PlaybackState {state=NONE(0), position=0, buffered position=0, speed=0.0, updated=1024773710, actions=7339653, custom actions=[], active item id=0, error=null}
03-02 09:56:54.294  1621  1666 I SmartPower: com.facebook.katana/10287(12498): idle->background(2718ms) R(broadcast start Intent { act=android.intent.action.BATTERY_CHANGED flg=0x60000010 (has extras) }) adj=905.
03-02 09:56:54.295  1621  1651 I WindowManager: wms.showSurfaceRobustly mWin:Window{99c1ae4 u0 com.softnation.Ojam/com.softnation.Ojam.MainActivity}
03-02 09:56:54.295  1621  1651 I ActivityTaskManager: visible for Task{536d768 #37014 type=standard A=10337:com.softnation.Ojam} visible = true isAnimating = false TRANSITION = false PARENTS = false CHILDREN = false
03-02 09:56:54.296 18562 18562 D AudioMediaPlayerWrapper: onPlaybackStateChanged(): com.softnation.Ojam : PlaybackState {state=NONE(0), position=0, buffered position=0, speed=0.0, updated=1024773710, actions=7339653, custom actions=[], active item id=0, error=null}
03-02 09:56:54.296 18562 18562 W AudioMediaPlayerWrapper: onPlaybackStateChanged(): com.softnation.Ojam tried to update with no new data
03-02 09:56:54.297   849   849 I hwcomposer: [HWCDisplay] (0 updateFps():3667), (type:1, mode:2) fps:0.556499,dur:3593.90,max:3421.07,min:172.83  
03-02 09:56:54.299   921   921 I MI-SF   : surfaceflinger setAffinity mode=0
03-02 09:56:54.300   921   921 E MI-SF   : surfaceflinger setAffinity success
03-02 09:56:54.305  1621  2194 D MediaSessionService: onSessionPlaybackStateChanged: record=com.softnation.Ojam/androidx.media3.session.id./71 (userId=0) playbackState=PlaybackState {state=NONE(0), position=0, buffered position=0, speed=0.0, updated=1024773721, actions=261765, custom actions=[Action:mName='Previous, mIcon=2131231060, mExtras=Bundle[EMPTY_PARCEL], Action:mName='Next, mIcon=2131231044, mExtras=Bundle[EMPTY_PARCEL]], active item id=0, error=null}
03-02 09:56:54.306  2363 19600 I ActiveSessionRecord_export-api: onPlaybackStateChanged: PlaybackState {state=NONE(0), position=0, buffered position=0, speed=0.0, updated=1024773721, actions=261765, custom actions=[Action:mName='Previous, mIcon=2131231060, mExtras=Bundle[EMPTY_PARCEL], Action:mName='Next, mIcon=2131231044, mExtras=Bundle[EMPTY_PARCEL]], active item id=0, error=null}
03-02 09:56:54.307  2363  3215 I ActiveSessionRecord_export-api: onPlaybackStateChanged: PlaybackState {state=NONE(0), position=0, buffered position=0, speed=0.0, updated=1024773721, actions=261765, custom actions=[Action:mName='Previous, mIcon=2131231060, mExtras=Bundle[EMPTY_PARCEL], Action:mName='Next, mIcon=2131231044, mExtras=Bundle[EMPTY_PARCEL]], active item id=0, error=null}
03-02 09:56:54.307 18562 18562 D AudioMediaPlayerWrapper: onPlaybackStateChanged(): com.softnation.Ojam : PlaybackState {state=NONE(0), position=0, buffered position=0, speed=0.0, updated=1024773721, actions=261765, custom actions=[Action:mName='Previous, mIcon=2131231060, mExtras=Bundle[EMPTY_PARCEL], Action:mName='Next, mIcon=2131231044, mExtras=Bundle[EMPTY_PARCEL]], active item id=0, error=null}
03-02 09:56:54.308 18562 18562 W AudioMediaPlayerWrapper: onPlaybackStateChanged(): com.softnation.Ojam tried to update with no new data
03-02 09:56:54.315 32297 32297 D UserSceneDetector: invoke error.
03-02 09:56:54.317   921  1166 I BufferQueueDebug: [Surface(name=5abedfe Splash Screen com.softnation.Ojam#132565)/@0xb477fac - animation-leash of starting_reveal#132575](this:0xb400007bceca8af8,id:-1,api:0,p:-1,c:-1) BufferQueue core=(921:/system/bin/surfaceflinger)
03-02 09:56:54.320   849  1423 W hwcomposer: [DRMDEV] paramIsSame(), id 34532, w 1080/1080, h 2460/2460, pitch 1088/1088, format 0x2/0x1, secure 0/0  
03-02 09:56:54.330 32297 32297 W Looper  : PerfMonitor doFrame : time=14ms vsyncFrame=19589719 latency=342ms procState=-1 historyMsgCount=24 (msgIndex=1 wall=572ms seq=997 late=1ms h=android.view.Choreographer$FrameHandler c=android.view.Choreographer$FrameDisplayEventReceiver)
03-02 09:56:54.376 32297 32297 I HandWritingStubImpl: refreshLastKeyboardType: 1
03-02 09:56:54.377 32297 32297 I HandWritingStubImpl: getCurrentKeyboardType: 1
03-02 09:56:54.381  1621  1806 I ImeTracker: com.softnation.Ojam:a366005f: onRequestHide at ORIGIN_SERVER reason HIDE_UNSPECIFIED_WINDOW fromUser false
03-02 09:56:54.381  6515 10078 D MirrorManager:  sendAcceptInput 0 0
03-02 09:56:54.381  1621  1806 I ImeTracker: com.softnation.Ojam:a366005f: onCancelled at PHASE_SERVER_SHOULD_HIDE
03-02 09:56:54.384  2526  2526 D InputEventReceiver: Input log is disabled in InputEventReceiver.
03-02 09:56:54.385  1621  4431 D PreStartingManager: Not init when use PreStartingManager!
03-02 09:56:54.387  1621  1651 D MiuiRefreshRatePolicy: reset
03-02 09:56:54.390  1621  2194 I PowerHalWrapper: amsBoostStop AMS_BOOST_PACK_SWITCH:false, AMS_BOOST_ACT_SWITCH:false, AMS_BOOST_PROCESS_CREATE:true, AMS_BOOST_PROCESS_CREATE_FOR_GAME:false, AMS_BOOST_HOT_LAUNCH:false 
03-02 09:56:54.393   863   958 I libPowerHal: [perfLockRel] hdl:360470, idx:-1
03-02 09:56:54.394  2363  2577 D View    : [Warning] assignParent to null: this = android.widget.FrameLayout{482cb9d G.E...... ......ID 0,0-1080,2460}
03-02 09:56:54.394  2526  2526 I GoogleInputMethodService: GoogleInputMethodService.onFinishInput():2113 
03-02 09:56:54.395  1621  1651 I ActivityTaskManager: visible for Task{536d768 #37014 type=standard A=10337:com.softnation.Ojam} visible = true isAnimating = false TRANSITION = false PARENTS = false CHILDREN = false
03-02 09:56:54.396  2526  2526 I Module  : DeviceLockedStatusModuleProvider$Module.updateDeviceLockedStatus():103 repeatCheckTimes = 0, locked = false
03-02 09:56:54.397 32297 32297 I HandWritingStubImpl: getCurrentKeyboardType: 1
03-02 09:56:54.397  2526  2526 I GoogleInputMethodService: GoogleInputMethodService.onStartInput():1384 onStartInput(EditorInfo{EditorInfo{packageName=com.softnation.Ojam, inputType=0, inputTypeString=NULL, enableLearning=false, autoCorrection=false, autoComplete=false, imeOptions=0, privateImeOptions=null, actionName=UNSPECIFIED, actionLabel=null, initialSelStart=-1, initialSelEnd=-1, initialCapsMode=0, label=null, fieldId=0, fieldName=null, extras=Bundle[mParcelledData.dataSize=72], hintText=null, hintLocales=[]}}, false)
03-02 09:56:54.399  2526  2526 I Module  : DeviceLockedStatusModuleProvider$Module.updateDeviceLockedStatus():103 repeatCheckTimes = 1, locked = false
03-02 09:56:54.400   921  1587 I BufferQueueDebug: [Surface(name=751ea6d InputMethod#71915)/@0xaafc069 - animation-leash of insets_animation#132576](this:0xb400007bcec45048,id:-1,api:0,p:-1,c:-1) BufferQueue core=(921:/system/bin/surfaceflinger)
03-02 09:56:54.401  1621  2740 W PackageConfigPersister: App-specific configuration not found for packageName: com.softnation.Ojam and userId: 0
03-02 09:56:54.404  1621  1651 D MiuiRefreshRatePolicy: reset
03-02 09:56:54.410  1621  2194 D MiuiRefreshRatePolicy: reset
03-02 09:56:54.415  1621  1651 I ActivityTaskManager: visible for Task{536d768 #37014 type=standard A=10337:com.softnation.Ojam} visible = true isAnimating = false TRANSITION = false PARENTS = false CHILDREN = false
03-02 09:56:54.416  2363  2577 D BLASTBufferQueue: [VRI[Ojam]#5781](f:0,a:1) destructor()
03-02 09:56:54.417   921  1166 I BpBinder: onLastStrongRef automatically unlinking death recipients: 
03-02 09:56:54.417  2363  2577 D BufferQueueConsumer: [VRI[Ojam]#5781(BLAST Consumer)5781](id:93b00001aa6,api:0,p:-1,c:2363) disconnect
03-02 09:56:54.419  2363  2577 W WindowOnBackDispatcher: sendCancelIfRunning: isInProgress=false callback=android.view.ViewRootImpl$$ExternalSyntheticLambda12@9c9145b
03-02 09:56:54.420  1621  2740 D CoreBackPreview: Window{5abedfe u0 Splash Screen com.softnation.Ojam}: Setting back callback null
03-02 09:56:54.421  1621  2740 D WindowManager: Starting window removed Window{5abedfe u0 Splash Screen com.softnation.Ojam}
03-02 09:56:54.421  1621  2740 W InputManager-JNI: Input channel object '5abedfe Splash Screen com.softnation.Ojam (client)' was disposed without first being removed with the input manager!
03-02 09:56:54.422  1621  2740 D WindowManager: setParent old=ActivityRecord{2edb85a u0 com.softnation.Ojam/.MainActivity t37014},new=null,this window=Window{5abedfe u0 Splash Screen com.softnation.Ojam},callers=com.android.server.wm.WindowContainer.removeChild:897 com.android.server.wm.ActivityRecord.removeChild:5518 com.android.server.wm.ActivityRecord.removeChild:505 com.android.server.wm.WindowContainer.removeImmediately:967 com.android.server.wm.WindowState.removeImmediately:2526 com.android.server.wm.WindowState.removeIfPossible:2714 
03-02 09:56:54.422   921   921 I SurfaceFlinger: onHandleDestroyed: name=Surface(name=751ea6d InputMethod#71915)/@0xaafc069 - animation-leash of insets_animation#132558, layerId=132558, parentId=0
03-02 09:56:54.423  1621  2740 D WindowManager: postWindowRemoveCleanupLocked: Removing startingWindow Window{5abedfe u0 Splash Screen com.softnation.Ojam} from ActivityRecord{2edb85a u0 com.softnation.Ojam/.MainActivity t37014} activity = ActivityRecord{2edb85a u0 com.softnation.Ojam/.MainActivity t37014}
03-02 09:56:54.424 32297 12825 W libc    : Access denied finding property "ro.vendor.display.iris_x7.support"
03-02 09:56:54.425  1621  2740 D MiuiRefreshRatePolicy: reset
03-02 09:56:54.427  1159  1606 D ULogGuard: Monitoring: 18 threads, 0 requests, 0 time-bombs; 1 guards. ResetFlags = 0x7
03-02 09:56:54.428  1621  1651 I ActivityTaskManager: visible for Task{536d768 #37014 type=standard A=10337:com.softnation.Ojam} visible = true isAnimating = false TRANSITION = false PARENTS = false CHILDREN = false
03-02 09:56:54.438  1621  1651 I ActivityTaskManager: visible for Task{536d768 #37014 type=standard A=10337:com.softnation.Ojam} visible = true isAnimating = false TRANSITION = false PARENTS = false CHILDREN = false
03-02 09:56:54.441   921   921 I BufferQueueDebug: [Surface(name=751ea6d InputMethod#71915)/@0xaafc069 - animation-leash of insets_animation#132558](this:0xb400007bceca5d68,id:-1,api:0,p:-1,c:921) onDestructor()
03-02 09:56:54.441   921   921 I SurfaceFlinger: onHandleDestroyed: name=5abedfe Splash Screen com.softnation.Ojam#132565, layerId=132565, parentId=0
03-02 09:56:54.441   921   921 I SurfaceFlinger: onHandleDestroyed: name=Splash Screen com.softnation.Ojam#132567, layerId=132567, parentId=0
03-02 09:56:54.443 32297 12949 I ReactNativeJS: [DownloadsContext] Loaded downloads and reconciled local files
03-02 09:56:54.448  2363  2363 D Utilities:  oldHints : 0 backDisposition : 0 imeShown : false hints 0
03-02 09:56:54.455  1621  1621 D UiModeManager: updateConfigurationLocked: mDockState=0; mCarMode=false; mCar=false; mPowerSave=false; mOverrideNightModeOn=false; mOverrideNightModeOff=false; mComputedNightMode=true; mNightModeValue=2; uiMode=42
03-02 09:56:54.456   921   921 I BufferQueueDebug: [5abedfe Splash Screen com.softnation.Ojam#132565](this:0xb400007bcec756d8,id:-1,api:0,p:-1,c:921) onDestructor()
03-02 09:56:54.457   921   921 I BufferQueueDebug: [Splash Screen com.softnation.Ojam#132567](this:0xb400007bcecab888,id:-1,api:0,p:-1,c:921) onDestructor()
03-02 09:56:54.464  6027  6027 I PowerSaveService: onReceive: android.intent.action.BATTERY_CHANGED
03-02 09:56:54.465  6027  6027 I PowerNoticeUI: handleBatteryChanged oldPlugType 2 mPlugType 2 oldBatteryLevel 43 mBatteryLevel 43 temperature 420
03-02 09:56:54.465  6027  6027 I ChargerBatteryIntelligenceReceiver: onBatteryChanged temperature∩╝Ü42,plugType:2
03-02 09:56:54.465  6027  6027 I ChargerBatteryIntelligenceReceiver: dissmissTempFastChargeReminder not support
03-02 09:56:54.465  6027  6027 D BaseChargeProtect_HighTemp: mCountByMinute:0,isScreenOn:true
03-02 09:56:54.466  6515  8142 D PowerKeeper.Thermal: mBatteryTemperature: 42
03-02 09:56:54.467  6515  8177 D PowerCheckerService: onBatteryChanged, mBatteryLevel = 43, status = 2, level = 43, plug = 2, scale = 100
03-02 09:56:54.467  6027  6027 I android_os_HwBinder: HwBinder: Starting thread pool for getting: vendor.xiaomi.hardware.micharge@1.0::IMiCharge/default
03-02 09:56:54.469  6515  6997 I ProcAudioPowerManager: onBatteryChanged, onBattery is false
03-02 09:56:54.470  6515  6997 D PowerKeeper.FrozenApp: onBatteryChanged plug=true mBatteryPlugged=2
03-02 09:56:54.472   872   908 I vendor.xiaomi.hardware.micharge@1.0-service: ReadFilePathValue path = /sys/class/power_supply/usb/real_type value = USB
03-02 09:56:54.472  6027  6027 I IMiChargeUtils: getIMiChargeStringValue method:getBatteryChargeType,value:USB
03-02 09:56:54.473  6027  6027 I IMiChargeUtils: getBatteryChargeType : USB
03-02 09:56:54.473  6027  6027 I ChargeTimeUtilsV2: chargeType:USB
03-02 09:56:54.473  6027  6027 I PowerFeatureUtils: getVendorName:mediatek
03-02 09:56:54.473  6027  6027 I PowerFeatureUtils: getVendorName:mediatek
03-02 09:56:54.497  1621  1621 D UiModeManager: updateConfigurationLocked: mDockState=0; mCarMode=false; mCar=false; mPowerSave=false; mOverrideNightModeOn=false; mOverrideNightModeOff=false; mComputedNightMode=true; mNightModeValue=2; uiMode=42
03-02 09:56:54.498  6027  6027 I PowerSaveService: onReceive: android.intent.action.BATTERY_CHANGED
03-02 09:56:54.499  6027  6027 I PowerNoticeUI: handleBatteryChanged oldPlugType 2 mPlugType 2 oldBatteryLevel 43 mBatteryLevel 43 temperature 420
03-02 09:56:54.499  6515  8177 D PowerCheckerService: onBatteryChanged, mBatteryLevel = 43, status = 2, level = 43, plug = 2, scale = 100
03-02 09:56:54.499  6027  6027 I ChargerBatteryIntelligenceReceiver: onBatteryChanged temperature∩╝Ü42,plugType:2
03-02 09:56:54.499  6027  6027 D BaseChargeProtect_HighTemp: mCountByMinute:0,isScreenOn:true
03-02 09:56:54.499  6515  6997 I ProcAudioPowerManager: onBatteryChanged, onBattery is false
03-02 09:56:54.499  6515  6997 D PowerKeeper.FrozenApp: onBatteryChanged plug=true mBatteryPlugged=2
03-02 09:56:54.500  6515  8142 D PowerKeeper.Thermal: mBatteryTemperature: 42
03-02 09:56:54.501  6027  6027 I android_os_HwBinder: HwBinder: Starting thread pool for getting: vendor.xiaomi.hardware.micharge@1.0::IMiCharge/default
03-02 09:56:54.503   872   908 I vendor.xiaomi.hardware.micharge@1.0-service: ReadFilePathValue path = /sys/class/power_supply/usb/real_type value = USB
03-02 09:56:54.504  6027  6027 I IMiChargeUtils: getIMiChargeStringValue method:getBatteryChargeType,value:USB
03-02 09:56:54.504  6027  6027 I IMiChargeUtils: getBatteryChargeType : USB
03-02 09:56:54.504  6027  6027 I ChargeTimeUtilsV2: chargeType:USB
03-02 09:56:54.504  6027  6027 I PowerFeatureUtils: getVendorName:mediatek
03-02 09:56:54.504  6027  6027 I PowerFeatureUtils: getVendorName:mediatek
03-02 09:56:54.552  1177  1177 I thermal_src: recvmsg_expect 5, but get 2 
03-02 09:56:54.552  1177  1177 V thermal_src: TA_DAEMON_CMD_GET_TPCB:ERROR ret=-1
03-02 09:56:54.552  1177  1177 E thermal_src: get_tpcb_from_kernel:error -1. retry...
03-02 09:56:54.552  1177  1177 I thermal_src: recvmsg_expect 5, but get 2 
03-02 09:56:54.552  1177  1177 V thermal_src: TA_DAEMON_CMD_GET_TPCB:ERROR ret=-1
03-02 09:56:54.552  1177  1177 E thermal_src: get_tpcb_from_kernel:error -1. retry...
03-02 09:56:54.552  1177  1177 I thermal_src: recvmsg_expect 4, but get 5 
03-02 09:56:54.552  1177  1177 V thermal_src: TA_DAEMON_CMD_SET_TTJ:ERROR ret=-1
03-02 09:56:54.552  1177  1177 E thermal_src: set_ttj_to_kernel 1:error -1
03-02 09:56:54.552  1177  1177 I thermal_src: recvmsg_expect 2, but get 5 
03-02 09:56:54.552  1177  1177 V thermal_src: waiting NOTIFY from kernel miss, -1
03-02 09:56:54.553  1177  1177 I thermal_src: recvmsg_expect 2, but get 4 
03-02 09:56:54.553  1177  1177 V thermal_src: waiting NOTIFY from kernel miss, -1
03-02 09:56:54.636  1621  2740 D AS.BtHelper: isBluetoothScoOn() mBluetoothHeadset is null: falsemBluetoothHeadsetDevice is null: true
03-02 09:56:54.636  1621  2740 V AS.AudioDeviceBroker: requestedCommunicationDevice: null mAudioModeOwner: AudioModeInfo: mMode=MODE_NORMAL, mPid=0, mUid=0
03-02 09:56:54.637  1621  2740 D AS.BtHelper: isBluetoothScoOn() mBluetoothHeadset is null: falsemBluetoothHeadsetDevice is null: true
03-02 09:56:54.638  1621  2740 V AS.AudioDeviceBroker: requestedCommunicationDevice: null mAudioModeOwner: AudioModeInfo: mMode=MODE_NORMAL, mPid=0, mUid=0
