03-02 09:56:39.182 12498 12895 D CCodecConfig:   c2::u32 input.delay.value = 0
03-02 09:56:39.182 12498 12895 D CCodecConfig:   string input.media-type.value = "audio/mp4a-latm"
03-02 09:56:39.182 12498 12895 D CCodecConfig:   c2::u32 output.delay.value = 2
03-02 09:56:39.182 12498 12895 D CCodecConfig:   c2::float output.drc.output-loudness.value = 0.25
03-02 09:56:39.182 12498 12895 D CCodecConfig:   c2::u32 output.large-frame.max-size = 0
03-02 09:56:39.182 12498 12895 D CCodecConfig:   c2::u32 output.large-frame.threshold-size = 0
03-02 09:56:39.182 12498 12895 D CCodecConfig:   string output.media-type.value = "audio/raw"
03-02 09:56:39.182 12498 12895 D CCodecConfig:   c2::u32 raw.channel-count.value = 1
03-02 09:56:39.182 12498 12895 D CCodecConfig:   c2::u32 raw.channel-mask.value = 0
03-02 09:56:39.182 12498 12895 D CCodecConfig:   c2::u32 raw.max-channel-count.value = 8
03-02 09:56:39.182 12498 12895 D CCodecConfig:   c2::u32 raw.sample-rate.value = 44100
03-02 09:56:39.182 12498 12895 D CCodecConfig: }
03-02 09:56:39.183 12498 12895 D MediaCodec: [0xb400007a61b31400] setState: 2
03-02 09:56:39.183 12498 12895 I MediaCodec: [mId: 1] [audio-debug-dec] setState: INITIALIZED
03-02 09:56:39.206  1621  1918 E HyperSentinel: -------------------------------------------------------
03-02 09:56:39.206  1621  1918 E HyperSentinel: Event_ThreadAmount
03-02 09:56:39.206  1621  1918 E HyperSentinel: -> audit event by proc 12504 "com.google.android.apps.photos": running threads amount, 0 -> 31
03-02 09:56:39.279   849  1430 I hwcomposer: [HWC] (0)fire a callback of refresh to SF[4]  
03-02 09:56:39.296  1621  1776 I whetstone.activity: Power Event callback listener is empty for resId=128
03-02 09:56:39.296  1621  1776 D BatteryStatsManagerStub: notifyEvent for resId=128 used 0ms
03-02 09:56:39.298   921   921 I BufferQueueProducer: [FramebufferSurface](this:0xb400007d8e9dff50,id:-1,api:1,p:921,c:921) queueBuffer: fps=16.90 dur=2544.71 max=1595.56 min=14.33
03-02 09:56:39.301  1621  4427 D Aurogon :  packageName = com.google.android.gms isAllowWakeUpList 
03-02 09:56:39.301   921   921 I MI-SF   : surfaceflinger setAffinity mode=1
03-02 09:56:39.302   921   921 E MI-SF   : surfaceflinger setAffinity success
03-02 09:56:39.302   921   921 I MI-SF   : surfaceflinger setreAffinity reTid=1207
03-02 09:56:39.302   921   921 E MI-SF   : surfaceflinger setAffinity success
03-02 09:56:39.306  1621  1676 D SsruManagerImpl: MiSsru Sensor not init!!!!
03-02 09:56:39.312 12498 12630 E fb4a.MobileConfigInit: MobileConfigDebug: endToEndConfigLevelConsistencyTests
03-02 09:56:39.316  1621  1676 D SsruManagerImpl: MiSsru Sensor not init!!!!
03-02 09:56:39.316   853   853 I Accelerometer: batch: handle:0, flag:0,samplingPeriodNs:20000000 maxBatchReportLatencyNs:66667000

03-02 09:56:39.318   853   853 I Accelerometer: flush, flushCnt:1
03-02 09:56:39.322   853   923 I Accelerometer: flush complete, flushCnt:0
03-02 09:56:39.328  1621  2740 D Aurogon :  packageName = com.google.android.gms isAllowWakeUpList 
03-02 09:56:39.334   853   853 I Accelerometer: batch: handle:0, flag:0,samplingPeriodNs:20000000 maxBatchReportLatencyNs:0

03-02 09:56:39.336   853   853 I Accelerometer: flush, flushCnt:1
03-02 09:56:39.337  1621  1676 D SsruManagerImpl: MiSsru Sensor not init!!!!
03-02 09:56:39.338   853   923 I Accelerometer: flush complete, flushCnt:0
03-02 09:56:39.351 12498 12593 E fb4a.AppState: Returning default for firstRunInfo
03-02 09:56:39.351 12498 12593 E fb4a.AppState: Returning default for firstRunInfo
03-02 09:56:39.361 12498 12841 D nativeloader: Load /data/data/com.facebook.katana/lib-compressed/libfb_jpegturbo.so using class loader ns clns-7 (caller=/data/app/~~D6pxJj0wCihn6bL7dRHGfw==/com.facebook.katana-ytDRDVfsDJQ7KNzIgYIFlA==/base.apk): ok
03-02 09:56:39.363  1621  2740 D PackageManager: set app component=ComponentInfo{com.facebook.katana/com.facebook.ads.internal.ipc.AudienceNetworkRemoteService} enabled state: 1 from com.facebook.katana,uid=10287,pid=12498
03-02 09:56:39.364  1621  4431 D PackageManager: set app component=ComponentInfo{com.facebook.katana/com.facebook.ads.internal.ipc.AudienceNetworkExportedActivity} enabled state: 1 from com.facebook.katana,uid=10287,pid=12498
03-02 09:56:39.365  1621  4431 D PackageManager: set app component=ComponentInfo{com.facebook.katana/com.facebook.ads.internal.ipc.AudienceNetworkRemoteActivity} enabled state: 1 from com.facebook.katana,uid=10287,pid=12498
03-02 09:56:39.383   863   935 I ExtendedUtils: [timer_thread_start] epoll wait thread while start
03-02 09:56:39.383   863   935 I ExtendedPerfBoost: [restore_callback_expires] thermalbreak callback
03-02 09:56:39.384   863   935 I ExtendedPerfBoost: [triggerList_update] del one node to freelist
03-02 09:56:39.384   863   935 I ExtendedPerfBoost: [triggerList_update] now trigger boost:0  info
03-02 09:56:39.384   863   935 I ExtendedPerfBoost: [trig_thermalbreak] curr target time is same last target time
03-02 09:56:39.384   863   935 I ExtendedPerfBoost: [setThermalBreak] [setThermalBreak] : boost:0
03-02 09:56:39.388 12498 12841 D nativeloader: Load /data/data/com.facebook.katana/lib-compressed/libscrollmerged.so using class loader ns clns-7 (caller=/data/app/~~D6pxJj0wCihn6bL7dRHGfw==/com.facebook.katana-ytDRDVfsDJQ7KNzIgYIFlA==/base.apk): ok
03-02 09:56:39.400  1167  1167 I thermal_repeater: [recvMdThermalInfo] ret=26, strLen=127,  3, 38, -10, 196, 32767, 0
03-02 09:56:39.409  1621  1842 I MiuiNetworkPolicy: updateUidState uid = 10261, uidState = 3
03-02 09:56:39.410  1621  4431 I ClipboardServiceI: checkProviderWakePathForClipboard: primaryClip is null
03-02 09:56:39.414 18562 18904 I BtGatt.ScanManager: msg.what = MSG_IMPORTANCE_CHANGE, msg.arg1 = IMPORTANCE_CHANGE
03-02 09:56:39.414 18562 18904 E BtGatt.ScanManager: scan data is null
03-02 09:56:39.414 27809 28325 I FontLog : (REDACTED) Received query %s, URI %s
03-02 09:56:39.414  1621  1842 I MiuiNetworkPolicy: updateUidState uid = 10147, uidState = 3
03-02 09:56:39.414 27809 28325 I FontLog : (REDACTED) Query [%s] resolved to %s
03-02 09:56:39.417 27809 28325 I FontLog : (REDACTED) Fetch %s end status %s
03-02 09:56:39.422  1621  4431 D FileUtils: Rounded bytes from 8055762944 to 16000000000
03-02 09:56:39.422  1159  1606 D ULogGuard: Monitoring: 18 threads, 0 requests, 0 time-bombs; 1 guards. ResetFlags = 0x7
03-02 09:56:39.431 27809 28164 I FontLog : (REDACTED) Pulling font file for id = %d, cache size = %d
03-02 09:56:39.440 27809 28164 I FontLog : (REDACTED) Pulling font file for id = %d, cache size = %d
03-02 09:56:39.441  1621  1666 I SmartPower: com.facebook.katana/10287(12498): idle->background(2411ms) R(broadcast start Intent { act=android.intent.action.BATTERY_CHANGED flg=0x60000010 (has extras) }) adj=915.
03-02 09:56:39.452   835   835 I zygote  : Delayed USAP Pool refill. New USAPs: 1
03-02 09:56:39.457  1621  1922 I SmartPower: com.milink.service:audio/10190(19603): background->idle(3007ms) R(broadcast start Intent { act=android.intent.action.PACKAGE_RESTARTED dat=package: flg=0x4000010 (has extras) }) adj=250.
03-02 09:56:39.482   835   835 D Zygote  : Forked child process 12919
03-02 09:56:39.500 12498 12588 E fb4a.ColdstartExperimentsController: unable to set dex config
03-02 09:56:39.500 12498 12588 E fb4a.ColdstartExperimentsController: java.lang.IllegalStateException: Main DexStore is null
03-02 09:56:39.500 12498 12588 E fb4a.ColdstartExperimentsController: 	at X.001.A0P(:2)
03-02 09:56:39.500 12498 12588 E fb4a.ColdstartExperimentsController: 	at com.facebook.common.dextricksdi.ColdstartExperimentsController.A00(Unknown Source:217)
03-02 09:56:39.500 12498 12588 E fb4a.ColdstartExperimentsController: 	at com.facebook.common.dextricksdi.ColdstartExperimentsController.A01(Unknown Source:68)
03-02 09:56:39.500 12498 12588 E fb4a.ColdstartExperimentsController: 	at X.7gK.A0I(Unknown Source:1287)
03-02 09:56:39.500 12498 12588 E fb4a.ColdstartExperimentsController: 	at X.7gK.A0L(Unknown Source:4)
03-02 09:56:39.500 12498 12588 E fb4a.ColdstartExperimentsController: 	at X.7gK.A0K(Unknown Source:4)
03-02 09:56:39.500 12498 12588 E fb4a.ColdstartExperimentsController: 	at X.7gK.A0M(Unknown Source:4)
03-02 09:56:39.500 12498 12588 E fb4a.ColdstartExperimentsController: 	at X.7gK.A0u(Unknown Source:4)
03-02 09:56:39.500 12498 12588 E fb4a.ColdstartExperimentsController: 	at X.2FI.run(Unknown Source:446)
03-02 09:56:39.500 12498 12588 E fb4a.ColdstartExperimentsController: 	at X.2GA.call(Unknown Source:245)
03-02 09:56:39.500 12498 12588 E fb4a.ColdstartExperimentsController: 	at java.util.concurrent.FutureTask.run(FutureTask.java:317)
03-02 09:56:39.500 12498 12588 E fb4a.ColdstartExperimentsController: 	at X.WMo.A00(Unknown Source:19)
03-02 09:56:39.500 12498 12588 E fb4a.ColdstartExperimentsController: 	at X.1Gj.call(Unknown Source:48)
03-02 09:56:39.500 12498 12588 E fb4a.ColdstartExperimentsController: 	at java.util.concurrent.FutureTask.run(FutureTask.java:317)
03-02 09:56:39.500 12498 12588 E fb4a.ColdstartExperimentsController: 	at X.1FR.run(Unknown Source:2)
03-02 09:56:39.500 12498 12588 E fb4a.ColdstartExperimentsController: 	at X.1Di.run(Unknown Source:2)
03-02 09:56:39.500 12498 12588 E fb4a.ColdstartExperimentsController: 	at java.util.concurrent.ThreadPoolExecutor.runWorker(ThreadPoolExecutor.java:1154)
03-02 09:56:39.500 12498 12588 E fb4a.ColdstartExperimentsController: 	at java.util.concurrent.ThreadPoolExecutor$Worker.run(ThreadPoolExecutor.java:652)
03-02 09:56:39.500 12498 12588 E fb4a.ColdstartExperimentsController: 	at X.1Dp.run(Unknown Source:3)
03-02 09:56:39.500 12498 12588 E fb4a.ColdstartExperimentsController: 	at X.1Dq.run(Unknown Source:17)
03-02 09:56:39.500 12498 12588 E fb4a.ColdstartExperimentsController: 	at java.lang.Thread.run(Thread.java:1563)
03-02 09:56:39.513  1201  1298 D AALService: [CRTC_114] onALIChanged: 12 -> 16
03-02 09:56:39.514 12498 12588 W ExperimentConfigurator: No runner available for app init optimizations
03-02 09:56:39.570  1621  4431 D AS.BtHelper: isBluetoothScoOn() mBluetoothHeadset is null: falsemBluetoothHeadsetDevice is null: true
03-02 09:56:39.570  1621  4431 V AS.AudioDeviceBroker: requestedCommunicationDevice: null mAudioModeOwner: AudioModeInfo: mMode=MODE_NORMAL, mPid=0, mUid=0
03-02 09:56:39.571  1621  4431 D AS.BtHelper: isBluetoothScoOn() mBluetoothHeadset is null: falsemBluetoothHeadsetDevice is null: true
03-02 09:56:39.571  1621  4431 V AS.AudioDeviceBroker: requestedCommunicationDevice: null mAudioModeOwner: AudioModeInfo: mMode=MODE_NORMAL, mPid=0, mUid=0
03-02 09:56:39.611  1621  1922 I SmartPower: com.miui.home/10166(1999): background->idle(3001ms) R(broadcast start Intent { act=android.intent.action.APPLICATION_MESSAGE_UPDATE flg=0x10 pkg=com.miui.home (has extras) }) adj=100.
03-02 09:56:39.614  1621  4427 D PackageManager: set app component=ComponentInfo{com.facebook.katana/com.facebook.composer.shareintent.ImplicitShareIntentHandlerDefaultAlias} enabled state: 1 from com.facebook.katana,uid=10287,pid=12498
03-02 09:56:39.615  1621  4431 D PackageManager: set app component=ComponentInfo{com.facebook.katana/com.facebook.composer.shareintent.AddToStoryAlias} enabled state: 1 from com.facebook.katana,uid=10287,pid=12498
03-02 09:56:39.616  1621  4431 D PackageManager: set app component=ComponentInfo{com.facebook.katana/com.facebook.composer.shareintent.ShareToGroupsAlias} enabled state: 1 from com.facebook.katana,uid=10287,pid=12498
03-02 09:56:39.617  1621  4427 D PackageManager: set app component=ComponentInfo{com.facebook.katana/com.facebook.composer.shareintent.ShareToGroupsDisableSinglePhotoAlias} enabled state: 2 from com.facebook.katana,uid=10287,pid=12498
03-02 09:56:39.623 12498 12593 W fb4a.ServiceInfoParser: X.56m: Service com.facebook.browser.lite.BrowserLiteInMainProcessIntentService is missing meta key com.facebook.common.jobscheduler.compat.jobIds
03-02 09:56:39.623 12498 12593 W fb4a.ServiceInfoParser: X.56m: Service com.facebook.businessintegrity.cloakingdetection.service.CloakingDetectionService is missing meta key com.facebook.common.jobscheduler.compat.jobIds
03-02 09:56:39.623 12498 12593 W fb4a.ServiceInfoParser: X.56m: Service com.facebook.contacts.service.ContactLocaleChangeService is missing meta key com.facebook.common.jobscheduler.compat.jobIds
03-02 09:56:39.623 12498 12593 W fb4a.ServiceInfoParser: X.56m: Service com.facebook.falco.jobscheduler.FFJobService is missing meta key com.facebook.common.jobscheduler.compat.jobIds
03-02 09:56:39.624 12498 12593 W fb4a.ServiceInfoParser: X.56m: Service com.facebook.registration.notification.RegistrationNotificationService is missing meta key com.facebook.common.jobscheduler.compat.jobIds
03-02 09:56:39.624 12498 12593 W fb4a.ServiceInfoParser: X.56m: Service com.facebook.notifications.appwidget.bugreporter.NotificationsWidgetDebugHelper is missing meta key com.facebook.common.jobscheduler.compat.jobIds
03-02 09:56:39.624 12498 12593 W fb4a.ServiceInfoParser: X.56m: Service com.facebook.account.login.notification.LoginNotificationService is missing meta key com.facebook.common.jobscheduler.compat.jobIds
03-02 09:56:39.624 12498 12593 W fb4a.ServiceInfoParser: X.56m: Service com.facebook.compost.service.CompostNotificationService is missing meta key com.facebook.common.jobscheduler.compat.jobIds
03-02 09:56:39.624 12498 12593 W fb4a.ServiceInfoParser: X.56m: Service com.facebook.battery.monitor.ContinuousBatteryMonitorService is missing meta key com.facebook.common.jobscheduler.compat.jobIds
03-02 09:56:39.624 12498 12593 W fb4a.ServiceInfoParser: X.56m: Service com.facebook.googleplay.GooglePlayInstallRefererService is missing meta key com.facebook.common.jobscheduler.compat.jobIds
03-02 09:56:39.625 12498 12593 W fb4a.ServiceInfoParser: X.56m: Service com.facebook.glc.GLCService is missing meta key com.facebook.common.jobscheduler.compat.jobIds
03-02 09:56:39.625 12498 12593 W fb4a.ServiceInfoParser: X.56m: Service com.facebook.papaya.fb.client.services.FBPapayaJobService is missing meta key com.facebook.common.jobscheduler.compat.jobIds
03-02 09:56:39.625 12498 12593 W fb4a.ServiceInfoParser: X.56m: Service com.google.android.datatransport.runtime.scheduling.jobscheduling.JobInfoSchedulerService is missing meta key com.facebook.common.jobscheduler.compat.jobIds
03-02 09:56:39.625 12498 12593 W fb4a.ServiceInfoParser: X.56m: Service com.facebook.push.fcm.FcmRegistrarFbJobIntentService is missing meta key com.facebook.common.jobscheduler.compat.jobIds
03-02 09:56:39.625 12498 12593 W fb4a.ServiceInfoParser: X.56m: Service com.facebook.push.fbpushdata.common.FbPushDataHandlerService is missing meta key com.facebook.common.jobscheduler.compat.jobIds
03-02 09:56:39.626 12498 12593 W fb4a.ServiceInfoParser: X.56m: Service com.facebook.conditionalworker.ConditionalWorkerService is missing meta key com.facebook.common.jobscheduler.compat.jobIds
03-02 09:56:39.626 12498 12593 W fb4a.ServiceInfoParser: X.56m: Service com.facebook.orca.notify.MessagesNotificationService is missing meta key com.facebook.common.jobscheduler.compat.jobIds
03-02 09:56:39.626 12498 12593 W fb4a.ServiceInfoParser: X.56m: Service com.facebook.confirmation.notification.ConfirmationNotificationService is missing meta key com.facebook.common.jobscheduler.compat.jobIds
03-02 09:56:39.626 12498 12593 W fb4a.ServiceInfoParser: X.56m: Service com.facebook.voltron.download.scheduledinstaller.OxygenScheduledInstallerJobService is missing meta key com.facebook.common.jobscheduler.compat.jobIds
03-02 09:56:39.626 12498 12593 W fb4a.ServiceInfoParser: X.56m: Service com.facebook.messaging.prefs.notifications.NotificationPrefsSyncService is missing meta key com.facebook.common.jobscheduler.compat.jobIds
03-02 09:56:39.627 12498 12593 W fb4a.ServiceInfoParser: X.56m: Service com.facebook.push.adm.ADMService is missing meta key com.facebook.common.jobscheduler.compat.jobIds
03-02 09:56:39.627 12498 12593 W fb4a.ServiceInfoParser: X.56m: Service com.facebook.push.adm.ADMBroadcastReceiverJobBase is missing meta key com.facebook.common.jobscheduler.compat.jobIds
03-02 09:56:39.627 12498 12593 W fb4a.ServiceInfoParser: X.56m: Service com.facebook.push.adm.ADMJobIntentService is missing meta key com.facebook.common.jobscheduler.compat.jobIds
03-02 09:56:39.627 12498 12593 W fb4a.ServiceInfoParser: X.56m: Service com.facebook.push.negativefeedback.PushNegativeFeedbackFbJobIntentService is missing meta key com.facebook.common.jobscheduler.compat.jobIds
03-02 09:56:39.627 12498 12593 W fb4a.ServiceInfoParser: X.56m: Service com.facebook.push.registration.RegistrarHelperService is missing meta key com.facebook.common.jobscheduler.compat.jobIds
03-02 09:56:39.628 12498 12593 W fb4a.ServiceInfoParser: X.56m: Service com.facebook.feed.platformads.AppInstallService is missing meta key com.facebook.common.jobscheduler.compat.jobIds
03-02 09:56:39.628 12498 12593 W fb4a.ServiceInfoParser: X.56m: Service com.google.android.gms.analytics.AnalyticsJobService is missing meta key com.facebook.common.jobscheduler.compat.jobIds
03-02 09:56:39.628 12498 12593 W fb4a.ServiceInfoParser: X.56m: Service com.facebook.oxygen.preloads.sdk.firstparty.managedappcache.IsManagedAppCacheJobService is missing meta key com.facebook.common.jobscheduler.compat.jobIds
03-02 09:56:39.629 12498 12593 W fb4a.ServiceInfoParser: X.56m: Service com.facebook.videolite.api.VideoUploadJobService is missing meta key com.facebook.common.jobscheduler.compat.jobIds
03-02 09:56:39.629 12498 12593 W fb4a.ServiceInfoParser: X.56m: Service com.facebook.videolite.api.jobscheduler.UploadJobSchedulerService is missing meta key com.facebook.common.jobscheduler.compat.jobIds
03-02 09:56:39.629 12498 12593 W fb4a.ServiceInfoParser: X.56m: Service androidx.work.impl.background.systemjob.SystemJobService is missing meta key com.facebook.common.jobscheduler.compat.jobIds
03-02 09:56:39.629 12498 12593 W fb4a.ServiceInfoParser: X.56m: Service com.facebook.push.mqtt.service.MqttPushHelperService is missing meta key com.facebook.common.jobscheduler.compat.jobIds
03-02 09:56:39.629 12498 12593 W fb4a.ServiceInfoParser: X.56m: Service com.facebook.reportaproblem.base.bugreport.BugReportUploadService is missing meta key com.facebook.common.jobscheduler.compat.jobIds
03-02 09:56:39.629 12498 12593 W fb4a.ServiceInfoParser: X.56m: Service com.facebook.appcomponentmanager.AppComponentManagerService is missing meta key com.facebook.common.jobscheduler.compat.jobIds
03-02 09:56:39.630 12498 12593 W fb4a.ServiceInfoParser: X.56m: Service com.facebook.fbservice.service.BlueServiceJobIntentService is missing meta key com.facebook.common.jobscheduler.compat.jobIds
03-02 09:56:39.630 12498 12593 W fb4a.ServiceInfoParser: X.56m: Service com.facebook.delayedworker.DelayedWorkerService is missing meta key com.facebook.common.jobscheduler.compat.jobIds
03-02 09:56:39.630 12498 12593 W fb4a.ServiceInfoParser: X.56m: Service com.facebook.analytics2.logger.service.LollipopUploadSafeService is missing meta key com.facebook.common.jobscheduler.compat.jobIds
03-02 09:56:39.630 12498 12593 W fb4a.ServiceInfoParser: X.56m: Service com.facebook.analytics2.logger.legacy.uploader.LollipopUploadService is missing meta key com.facebook.common.jobscheduler.compat.jobIds
03-02 09:56:39.630 12498 12593 W fb4a.ServiceInfoParser: X.56m: Service com.facebook.analytics2.logger.legacy.uploader.Analytics2UploadService is missing meta key com.facebook.common.jobscheduler.compat.jobIds
03-02 09:56:39.634   861   947 I libPerfCtl: xgfGetFPS pid:921 fps:-1
03-02 09:56:39.634   861   947 I libPerfCtl: xgfGetFPS pid:2363 fps:-1
03-02 09:56:39.692   863   958 I mtkpower@impl: [powerd_req] TIMER_MSG_PERF_LOCK_TIMEOUT hdl:360477
03-02 09:56:39.693   863   958 I libPowerHal: [perfLockRel] hdl:360477, idx:7
03-02 09:56:39.693   863   958 I libPowerHal: [PD] MTKPOWER_HINT_UX_SCROLLING update cmd:404000 param:-1 pr:6
03-02 09:56:39.693   863   958 I libPowerHal: [PD] MTKPOWER_HINT_UX_SCROLLING update cmd:404100 param:-1 pr:6
03-02 09:56:39.694   863   958 I libPowerHal: [PD] MTKPOWER_HINT_UX_SCROLLING update cmd:1468000 param:1 pr:6
03-02 09:56:39.695   863   958 I libPowerHal: [recordCPUFreqInfo] set cluster[0] min(LAUNCH): 1800000 max(-1): -1 cluster[1] min(LAUNCH): 2000000 max(-1): -1
03-02 09:56:39.695   863   958 I libPowerHal: [perfLockRel] Done for hdl : 360477
03-02 09:56:39.706  1621  4427 D PackageManager: set app component=ComponentInfo{com.facebook.katana/com.facebook.fbpay.w3c.ipc.IsReadyToPayServiceImpl} enabled state: 1 from com.facebook.katana,uid=10287,pid=12498
03-02 09:56:39.706  1621  2200 I mtkpower_client: perf_lock_acq, hdl:360478, dur:3000, num:4, pid:1621, tid:2200
03-02 09:56:39.707  1621  4238 D PackageManager: set app component=ComponentInfo{com.facebook.katana/com.facebook.fbpay.w3c.ipc.FBPaymentServiceImpl} enabled state: 1 from com.facebook.katana,uid=10287,pid=12498
03-02 09:56:39.708  1621  4238 D PackageManager: set app component=ComponentInfo{com.facebook.katana/com.facebook.fbpay.w3c.views.PaymentActivity} enabled state: 1 from com.facebook.katana,uid=10287,pid=12498
03-02 09:56:39.708  1621  2200 I mtkpower_client: ret_hdl:360483
03-02 09:56:39.708  1621  2200 I mtkpower_client: perf_lock_rel, hdl:360483, tid:2200
03-02 09:56:39.708   863   958 I libPowerHal: cmdSetting - unknown cmd:2000400, scmd:(null) ,param_1:6895
03-02 09:56:39.708   863   958 I libPowerHal: [perfLockAcq] idx:1 hdl:360483 hint:-1 pid:1621 tid:2200 duration:3000 lock_user:system_server => ret_hdl:360483
03-02 09:56:39.709   863   958 I libPowerHal: [fpsgo_ctrl_render_thread] -6895, 0xb400006fc34763d0
03-02 09:56:39.709   863   958 I libPowerHal: [PE] system_server update ONESHOT(set) cmd:2000300 param:-6895 pr:3
03-02 09:56:39.709   863   958 I libPowerHal: [perfLockAcq] Done for hdl : 360483
03-02 09:56:39.710   863   958 I libPowerHal: [perfLockRel] hdl:360483, idx:1
03-02 09:56:39.711   863   958 I libPowerHal: [fpsgo_ctrl_render_thread] -6895, 0xb400006fc34763d0
03-02 09:56:39.711   863   958 I libPowerHal: [PD] system_server update ONESHOT(unset) cmd:2000300 param:-6895 pr:3
03-02 09:56:39.712   863   958 I libPowerHal: [perfLockRel] Done for hdl : 360483
03-02 09:56:39.713  1201  1298 D AALService: [CRTC_114] onALIChanged: 16 -> 28
03-02 09:56:39.718  2350  2350 W Settings: Setting airplane_mode_on has moved from android.provider.Settings.System to android.provider.Settings.Global, returning read-only value.
03-02 09:56:39.720  2350  2350 W Settings: Setting airplane_mode_on has moved from android.provider.Settings.System to android.provider.Settings.Global, returning read-only value.
03-02 09:56:39.723  2350 29580 D NetworkSpeedTracker: updateSignalInfo lteRsrp=-70lteSnr=17,phoneId=1
03-02 09:56:39.726  2350 29580 D NetworkSpeedTracker: updateSignalInfo lteRsrp=-70lteSnr=17,phoneId=1
03-02 09:56:39.753 12498 12620 E fb4a.AppState: Returning default for firstRunInfo
03-02 09:56:39.757 12498 12917 E fb4a.AppState: Returning default for firstRunInfo
03-02 09:56:39.778 12498 12917 E fb4a.AppState: Returning default for firstRunInfo
03-02 09:56:39.785  1621  4427 D PackageManager: set app component=ComponentInfo{com.facebook.katana/com.facebook.inspiration.fbshorts.shareintent.InpirationFbShortsShareAlias} enabled state: 1 from com.facebook.katana,uid=10287,pid=12498
03-02 09:56:39.786  1621  4427 D PackageManager: set app component=ComponentInfo{com.facebook.katana/com.facebook.inspiration.fbshorts.shareintent.InpirationFbShortsSharePhotoAlias} enabled state: 2 from com.facebook.katana,uid=10287,pid=12498
03-02 09:56:39.786  1621  4427 D PackageManager: set app component=ComponentInfo{com.facebook.katana/com.facebook.inspiration.fbshorts.shareintent.InpirationFbShortsShareMultipleAlias} enabled state: 1 from com.facebook.katana,uid=10287,pid=12498
03-02 09:56:39.791 12498 12630 W fb4a.ReqContexts: fail() skipped
03-02 09:56:39.795  1621  4427 D PackageManager: set app component=ComponentInfo{com.facebook.katana/com.facebook.inspiration.platformsharing.activity.InspirationCameraShareMultipleCollageAlias} enabled state: 2 from com.facebook.katana,uid=10287,pid=12498
03-02 09:56:39.825  1177  1177 I thermal_src: recvmsg_expect 5, but get 2 
03-02 09:56:39.825  1177  1177 V thermal_src: TA_DAEMON_CMD_GET_TPCB:ERROR ret=-1
03-02 09:56:39.825  1177  1177 E thermal_src: get_tpcb_from_kernel:error -1. retry...
03-02 09:56:39.825  1177  1177 I thermal_src: recvmsg_expect 5, but get 2 
03-02 09:56:39.825  1177  1177 V thermal_src: TA_DAEMON_CMD_GET_TPCB:ERROR ret=-1
03-02 09:56:39.825  1177  1177 E thermal_src: get_tpcb_from_kernel:error -1. retry...
03-02 09:56:39.826  1177  1177 I thermal_src: recvmsg_expect 4, but get 5 
03-02 09:56:39.826  1177  1177 V thermal_src: TA_DAEMON_CMD_SET_TTJ:ERROR ret=-1
03-02 09:56:39.826  1177  1177 E thermal_src: set_ttj_to_kernel 1:error -1
03-02 09:56:39.826  1177  1177 I thermal_src: recvmsg_expect 2, but get 5 
03-02 09:56:39.826  1177  1177 V thermal_src: waiting NOTIFY from kernel miss, -1
03-02 09:56:39.826  1177  1177 I thermal_src: recvmsg_expect 2, but get 4 
03-02 09:56:39.826  1177  1177 V thermal_src: waiting NOTIFY from kernel miss, -1
03-02 09:56:39.831  1621  1856 D InetDiagMessage: Destroyed 2 sockets, proto=IPPROTO_TCP, family=AF_INET, states=14
03-02 09:56:39.833  1621  1856 D InetDiagMessage: Destroyed 0 sockets, proto=IPPROTO_TCP, family=AF_INET6, states=14
03-02 09:56:39.833  1621  1856 D InetDiagMessage: Destroyed live tcp sockets for uids={10287} in 5ms
03-02 09:56:39.835  1621  1856 D InetDiagMessage: Destroyed 0 sockets, proto=IPPROTO_TCP, family=AF_INET, states=14
03-02 09:56:39.837  1621  1856 D InetDiagMessage: Destroyed 0 sockets, proto=IPPROTO_TCP, family=AF_INET6, states=14
03-02 09:56:39.837  1621  1856 D InetDiagMessage: Destroyed live tcp sockets for uids={20287} in 4ms
03-02 09:56:39.861  1621  4427 W ContentProviderHelper: No provider info for content provider com.android.launcher3.cornermark.unreadbadge when providerRunning is false, caller is ProcessRecord{4cbb5ba 12498:com.facebook.katana/u0a287}
03-02 09:56:39.862 12498 12625 E ActivityThread: Failed to find provider info for com.android.launcher3.cornermark.unreadbadge
03-02 09:56:39.867  1621  4427 D ShortcutService: rescanPackageIfNeeded 0@com.facebook.katana, forceRescan=false , isNewApp=false
03-02 09:56:39.868  1621  4427 D ShortcutService: rescanPackageIfNeeded 0@com.facebook.katana, forceRescan=false , isNewApp=false
03-02 09:56:39.894 12498 12609 E HQSession.cpp: Connection closed with error err=Transport error: 0x1 msg=Error on socket write Operation not permitted,  proto=h3-fb-05, client CID=, server CID=b880948e0a7ef37d, local=0.0.0.0:53443, 197.210.92.83:443=upstream, drain=none
03-02 09:56:39.896 12498 12672 W fb4a.TigonDataSource: [AI] Failed to close TigonAttempt
03-02 09:56:39.898  1621  4427 D ConnectivityService: Returning BLOCKED NetworkInfo to uid=10287
03-02 09:56:39.898 12498 12672 E CacheManager_default: IO Exception prefetching CacheKey:null.1126544185473841v.-1, Read:160906
03-02 09:56:39.898 12498 12672 E CacheManager_default: X.8z1: com.facebook.tigon.TigonErrorException: TigonError(error=TransientError, errorDomain=TigonLigerErrorDomain, domainErrorCode=15, analyticsDetail="Got error=Transport error: 0x1 Error on socket write Operation not permitted, ")
03-02 09:56:39.898 12498 12672 E CacheManager_default: 	at X.73x.read(Unknown Source:122)
03-02 09:56:39.898 12498 12672 E CacheManager_default: 	at X.743.read(Unknown Source:31)
03-02 09:56:39.898 12498 12672 E CacheManager_default: 	at X.6eP.read(Unknown Source:111)
03-02 09:56:39.898 12498 12672 E CacheManager_default: 	at X.6eL.AWf(Unknown Source:1262)
03-02 09:56:39.898 12498 12672 E CacheManager_default: 	at X.5Ns.A0H(Unknown Source:141)
03-02 09:56:39.898 12498 12672 E CacheManager_default: 	at X.5Ns.scheduleVodInitAndFirstSegmentToPrefetch(Unknown Source:670)
03-02 09:56:39.898 12498 12672 E CacheManager_default: 	at X.5Ns.A0C(Unknown Source:1277)
03-02 09:56:39.898 12498 12672 E CacheManager_default: 	at X.5Ns.A0B(Unknown Source:8)
03-02 09:56:39.898 12498 12672 E CacheManager_default: 	at X.7Pa.run(Unknown Source:18)
03-02 09:56:39.898 12498 12672 E CacheManager_default: 	at X.956.AWf(Unknown Source:8)
03-02 09:56:39.898 12498 12672 E CacheManager_default: 	at X.7Pe.run(Unknown Source:129)
03-02 09:56:39.898 12498 12672 E CacheManager_default: 	at java.lang.Thread.run(Thread.java:1563)
03-02 09:56:39.898 12498 12672 E CacheManager_default: Caused by: java.io.IOException: com.facebook.tigon.TigonErrorException: TigonError(error=TransientError, errorDomain=TigonLigerErrorDomain, domainErrorCode=15, analyticsDetail="Got error=Transport error: 0x1 Error on socket write Operation not permitted, ")
03-02 09:56:39.898 12498 12672 E CacheManager_default: 	at X.3Pa.read(:268435502)
03-02 09:56:39.898 12498 12672 E CacheManager_default: 	at X.73x.read(Unknown Source:73)
03-02 09:56:39.898 12498 12672 E CacheManager_default: 	... 11 more
03-02 09:56:39.898 12498 12672 E CacheManager_default: Caused by: com.facebook.tigon.TigonErrorException: TigonError(error=TransientError, errorDomain=TigonLigerErrorDomain, domainErrorCode=15, analyticsDetail="Got error=Transport error: 0x1 Error on socket write Operation not permitted, ")
03-02 09:56:39.898 12498 12672 E CacheManager_default: 	at com.facebook.tigon.video.TigonAttempt$TigonAttemptCallback.onError(Unknown Source:2)
03-02 09:56:39.898 12498 12672 E CacheManager_default: 	at com.facebook.tigon.TigonCallbacksIntegerBufferJavaHelper.onError(Unknown Source:8)
03-02 09:56:39.898 12498 12672 E CacheManager_default: 	at com.facebook.common.jniexecutors.NativeRunnable.nativeRun(Native Method)
03-02 09:56:39.898 12498 12672 E CacheManager_default: 	at com.facebook.common.jniexecutors.NativeRunnable.run(Unknown Source:8)
03-02 09:56:39.898 12498 12672 E CacheManager_default: 	at com.facebook.common.jniexecutors.PooledNativeRunnable.run(Unknown Source:7)
03-02 09:56:39.898 12498 12672 E CacheManager_default: 	at java.util.concurrent.Executors$RunnableAdapter.call(Executors.java:520)
03-02 09:56:39.898 12498 12672 E CacheManager_default: 	at java.util.concurrent.FutureTask.run(FutureTask.java:317)
03-02 09:56:39.898 12498 12672 E CacheManager_default: 	at java.util.concurrent.ScheduledThreadPoolExecutor$ScheduledFutureTask.run(ScheduledThreadPoolExecutor.java:348)
03-02 09:56:39.898 12498 12672 E CacheManager_default: 	at java.util.concurrent.ThreadPoolExecutor.runWorker(ThreadPoolExecutor.java:1154)
03-02 09:56:39.898 12498 12672 E CacheManager_default: 	at java.util.concurrent.ThreadPoolExecutor$Worker.run(ThreadPoolExecutor.java:652)
03-02 09:56:39.898 12498 12672 E CacheManager_default: 	... 1 more
03-02 09:56:39.899 12498 12672 W fb4a.TigonDataSource: [AI] Failed to close TigonAttempt
03-02 09:56:39.900 12498 12672 E VodUriPrefetchTask: prefetch sync failed with exception
03-02 09:56:39.900 12498 12672 E VodUriPrefetchTask: X.8z1: com.facebook.tigon.TigonErrorException: TigonError(error=TransientError, errorDomain=TigonLigerErrorDomain, domainErrorCode=15, analyticsDetail="Got error=Transport error: 0x1 Error on socket write Operation not permitted, ")
03-02 09:56:39.900 12498 12672 E VodUriPrefetchTask: 	at X.73x.read(Unknown Source:122)
03-02 09:56:39.900 12498 12672 E VodUriPrefetchTask: 	at X.743.read(Unknown Source:31)
03-02 09:56:39.900 12498 12672 E VodUriPrefetchTask: 	at X.6eP.read(Unknown Source:111)
03-02 09:56:39.900 12498 12672 E VodUriPrefetchTask: 	at X.6eL.AWf(Unknown Source:1262)
03-02 09:56:39.900 12498 12672 E VodUriPrefetchTask: 	at X.5Ns.A0H(Unknown Source:141)
03-02 09:56:39.900 12498 12672 E VodUriPrefetchTask: 	at X.5Ns.scheduleVodInitAndFirstSegmentToPrefetch(Unknown Source:670)
03-02 09:56:39.900 12498 12672 E VodUriPrefetchTask: 	at X.5Ns.A0C(Unknown Source:1277)
03-02 09:56:39.900 12498 12672 E VodUriPrefetchTask: 	at X.5Ns.A0B(Unknown Source:8)
03-02 09:56:39.900 12498 12672 E VodUriPrefetchTask: 	at X.7Pa.run(Unknown Source:18)
03-02 09:56:39.900 12498 12672 E VodUriPrefetchTask: 	at X.956.AWf(Unknown Source:8)
03-02 09:56:39.900 12498 12672 E VodUriPrefetchTask: 	at X.7Pe.run(Unknown Source:129)
03-02 09:56:39.900 12498 12672 E VodUriPrefetchTask: 	at java.lang.Thread.run(Thread.java:1563)
03-02 09:56:39.900 12498 12672 E VodUriPrefetchTask: Caused by: java.io.IOException: com.facebook.tigon.TigonErrorException: TigonError(error=TransientError, errorDomain=TigonLigerErrorDomain, domainErrorCode=15, analyticsDetail="Got error=Transport error: 0x1 Error on socket write Operation not permitted, ")
03-02 09:56:39.900 12498 12672 E VodUriPrefetchTask: 	at X.3Pa.read(:268435502)
03-02 09:56:39.900 12498 12672 E VodUriPrefetchTask: 	at X.73x.read(Unknown Source:73)
03-02 09:56:39.900 12498 12672 E VodUriPrefetchTask: 	... 11 more
03-02 09:56:39.900 12498 12672 E VodUriPrefetchTask: Caused by: com.facebook.tigon.TigonErrorException: TigonError(error=TransientError, errorDomain=TigonLigerErrorDomain, domainErrorCode=15, analyticsDetail="Got error=Transport error: 0x1 Error on socket write Operation not permitted, ")
03-02 09:56:39.900 12498 12672 E VodUriPrefetchTask: 	at com.facebook.tigon.video.TigonAttempt$TigonAttemptCallback.onError(Unknown Source:2)
03-02 09:56:39.900 12498 12672 E VodUriPrefetchTask: 	at com.facebook.tigon.TigonCallbacksIntegerBufferJavaHelper.onError(Unknown Source:8)
03-02 09:56:39.900 12498 12672 E VodUriPrefetchTask: 	at com.facebook.common.jniexecutors.NativeRunnable.nativeRun(Native Method)
03-02 09:56:39.900 12498 12672 E VodUriPrefetchTask: 	at com.facebook.common.jniexecutors.NativeRunnable.run(Unknown Source:8)
03-02 09:56:39.900 12498 12672 E VodUriPrefetchTask: 	at com.facebook.common.jniexecutors.PooledNativeRunnable.run(Unknown Source:7)
03-02 09:56:39.900 12498 12672 E VodUriPrefetchTask: 	at java.util.concurrent.Executors$RunnableAdapter.call(Executors.java:520)
03-02 09:56:39.900 12498 12672 E VodUriPrefetchTask: 	at java.util.concurrent.FutureTask.run(FutureTask.java:317)
03-02 09:56:39.900 12498 12672 E VodUriPrefetchTask: 	at java.util.concurrent.ScheduledThreadPoolExecutor$ScheduledFutureTask.run(ScheduledThreadPoolExecutor.java:348)
03-02 09:56:39.900 12498 12672 E VodUriPrefetchTask: 	at java.util.concurrent.ThreadPoolExecutor.runWorker(ThreadPoolExecutor.java:1154)
03-02 09:56:39.900 12498 12672 E VodUriPrefetchTask: 	at java.util.concurrent.ThreadPoolExecutor$Worker.run(ThreadPoolExecutor.java:652)
03-02 09:56:39.900 12498 12672 E VodUriPrefetchTask: 	... 1 more
03-02 09:56:39.913  1201  1298 D AALService: [CRTC_114] onALIChanged: 28 -> 25
03-02 09:56:40.113  1201  1298 D AALService: [CRTC_114] onALIChanged: 25 -> 20
03-02 09:56:40.127 32297 12795 I softnation.Ojam: Compiler allocated 6783KB to compile void android.view.ViewRootImpl.performTraversals()
03-02 09:56:40.136 12498 12611 W fb4a.InitStatus: Not blocking Provider (137139966)
03-02 09:56:40.137 12498 12611 W fb4a.InitStatus: Not blocking Provider (137139966)
03-02 09:56:40.163 12498 12609 E HQSession.cpp: Connection closed with error err=Transport error: 0x1 msg=Error on socket write Operation not permitted,  proto=h3-fb-05, client CID=, server CID=81001b15068cfac8, local=0.0.0.0:37857, 57.144.240.141:443=upstream, drain=none
03-02 09:56:40.180  1621  4427 D PackageManager: set app component=ComponentInfo{com.facebook.katana/com.facebook.notifications.settings.InAppNotificationSettingsActivity} enabled state: 1 from com.facebook.katana,uid=10287,pid=12498
03-02 09:56:40.180 12498 12609 E HQSession.cpp: Connection closed with error err=Transport error: 0x1 msg=Error on socket write Operation not permitted,  proto=, client CID=, server CID=, local=<uninitialized address>, <uninitialized address>=upstream, drain=none
03-02 09:56:40.217 12498 12917 W fb4a.BloksPrivacySelectorFetchQpl: markerPoint is called unexpectedly with render location: BPS_COMPOSER
03-02 09:56:40.226 12498 12630 W fb4a.BloksPrivacySelectorFetchQpl: markerPoint is called unexpectedly with render location: BPS_VIDEO_PRODUCTION_UNIFICATION
03-02 09:56:40.229 12498 12611 W fb4a.BloksPrivacySelectorFetchQpl: markerPoint is called unexpectedly with render location: BPS_COMPOSER
03-02 09:56:40.229 12498 12611 W fb4a.BloksPrivacySelectorFetchQpl: success is called unexpectedly with render location: BPS_COMPOSER
03-02 09:56:40.236 12498 12611 W fb4a.BloksPrivacySelectorFetchQpl: markerPoint is called unexpectedly with render location: BPS_VIDEO_PRODUCTION_UNIFICATION
03-02 09:56:40.236 12498 12611 W fb4a.BloksPrivacySelectorFetchQpl: success is called unexpectedly with render location: BPS_VIDEO_PRODUCTION_UNIFICATION
03-02 09:56:40.273  1621  2200 I SmartPower: com.facebook.services/10106(10115): idle->background(191926ms) R(service start com.facebook.services/com.facebook.oxygen.services.fbns.PreloadedFbnsService) adj=0.
03-02 09:56:40.274 10115 10115 W fbservices:InitStatus: Not blocking Service (53664963)
03-02 09:56:40.275  1621  2200 D PackageManager: set app component=ComponentInfo{com.facebook.katana/com.facebook.rti.orca.FbnsLiteBroadcastReceiver} enabled state: 2 from com.facebook.katana,uid=10287,pid=12498
03-02 09:56:40.279 12498 12620 D nativeloader: Load /data/data/com.facebook.katana/lib-compressed/libsecurityhooks-jni.so using class loader ns clns-7 (caller=/data/app/~~D6pxJj0wCihn6bL7dRHGfw==/com.facebook.katana-ytDRDVfsDJQ7KNzIgYIFlA==/base.apk): ok
03-02 09:56:40.279 12498 12620 W SecurityDistractHooks_LibraryLoaders: Invalid blocklist fetched from MC: . Default one will be used.
03-02 09:56:40.286 12498 12630 W fb4a.SyncInitializer: Start regular sync initialization
03-02 09:56:40.298  1621  2200 D PackageManager: set app component=ComponentInfo{com.facebook.katana/com.facebook.timeline.stagingground.Fb4aProfilePictureShareActivityAlias} enabled state: 1 from com.facebook.katana,uid=10287,pid=12498
03-02 09:56:40.299  1621  4238 D PackageManager: set app component=ComponentInfo{com.facebook.katana/com.facebook.timeline.stagingground.WorkProfilePictureShareActivityAlias} enabled state: 2 from com.facebook.katana,uid=10287,pid=12498
03-02 09:56:40.314  1201  1298 D AALService: [CRTC_114] onALIChanged: 20 -> 23
03-02 09:56:40.387  1621  4238 D FileUtils: Rounded bytes from 8055762944 to 16000000000
03-02 09:56:40.405 12498 12917 W Profilo/TraceControl: Loom client config id: 7024583390765031141
03-02 09:56:40.419 12498 12630 D nativeloader: Load /data/data/com.facebook.katana/lib-compressed/libmonitorcontention.so using class loader ns clns-7 (caller=/data/app/~~D6pxJj0wCihn6bL7dRHGfw==/com.facebook.katana-ytDRDVfsDJQ7KNzIgYIFlA==/base.apk): ok
03-02 09:56:40.433  1621  4238 I ClipboardServiceI: checkProviderWakePathForClipboard: primaryClip is null
03-02 09:56:40.453  1621  4238 I ClipboardServiceI: checkProviderWakePathForClipboard: primaryClip is null
03-02 09:56:40.527  1177  1177 I thermal_src: recvmsg_expect 5, but get 2 
03-02 09:56:40.527  1177  1177 V thermal_src: TA_DAEMON_CMD_GET_TPCB:ERROR ret=-1
03-02 09:56:40.527  1177  1177 E thermal_src: get_tpcb_from_kernel:error -1. retry...
03-02 09:56:40.527  1177  1177 I thermal_src: recvmsg_expect 5, but get 2 
03-02 09:56:40.527  1177  1177 V thermal_src: TA_DAEMON_CMD_GET_TPCB:ERROR ret=-1
03-02 09:56:40.527  1177  1177 E thermal_src: get_tpcb_from_kernel:error -1. retry...
03-02 09:56:40.527  1177  1177 I thermal_src: recvmsg_expect 4, but get 2 
03-02 09:56:40.527  1177  1177 V thermal_src: TA_DAEMON_CMD_SET_TTJ:ERROR ret=-1
03-02 09:56:40.527  1177  1177 E thermal_src: set_ttj_to_kernel 1:error -1
03-02 09:56:40.527  1177  1177 I thermal_src: recvmsg_expect 2, but get 5 
03-02 09:56:40.527  1177  1177 V thermal_src: waiting NOTIFY from kernel miss, -1
03-02 09:56:40.527  1177  1177 I thermal_src: recvmsg_expect 2, but get 5 
03-02 09:56:40.527  1177  1177 V thermal_src: waiting NOTIFY from kernel miss, -1
03-02 09:56:40.527  1177  1177 I thermal_src: recvmsg_expect 2, but get 4 
03-02 09:56:40.527  1177  1177 V thermal_src: waiting NOTIFY from kernel miss, -1
03-02 09:56:40.574  1621  4238 D AS.BtHelper: isBluetoothScoOn() mBluetoothHeadset is null: falsemBluetoothHeadsetDevice is null: true
03-02 09:56:40.574  1621  4238 V AS.AudioDeviceBroker: requestedCommunicationDevice: null mAudioModeOwner: AudioModeInfo: mMode=MODE_NORMAL, mPid=0, mUid=0
03-02 09:56:40.575  1621  4238 D AS.BtHelper: isBluetoothScoOn() mBluetoothHeadset is null: falsemBluetoothHeadsetDevice is null: true
03-02 09:56:40.575  1621  4238 V AS.AudioDeviceBroker: requestedCommunicationDevice: null mAudioModeOwner: AudioModeInfo: mMode=MODE_NORMAL, mPid=0, mUid=0
03-02 09:56:40.619 18562 18789 D BluetoothDevice: getAddress: mAddress=XX:XX:XX:XX:E5:BB
03-02 09:56:40.619 18562 18789 D BluetoothDevice: getAddress: mAddress=XX:XX:XX:XX:E5:BB
03-02 09:56:40.619 18562 18789 D BluetoothDevice: getAddress: mAddress=XX:XX:XX:XX:E5:BB
03-02 09:56:40.634   861   947 I libPerfCtl: xgfGetFPS pid:2363 fps:-1
03-02 09:56:40.638  1621  1856 D InetDiagMessage: Destroyed 0 sockets, proto=IPPROTO_TCP, family=AF_INET, states=14
03-02 09:56:40.640  1621  1856 D InetDiagMessage: Destroyed 0 sockets, proto=IPPROTO_TCP, family=AF_INET6, states=14
03-02 09:56:40.640  6515  6515 I PowerKeeperBackgroundService: onStartCommand()
03-02 09:56:40.640  1621  1856 D InetDiagMessage: Destroyed live tcp sockets for uids={10308} in 4ms
03-02 09:56:40.641  6515  6515 I PowerKeeperService: onAlarm
03-02 09:56:40.642  1621  1856 D InetDiagMessage: Destroyed 0 sockets, proto=IPPROTO_TCP, family=AF_INET, states=14
03-02 09:56:40.645  1621  1856 D InetDiagMessage: Destroyed 0 sockets, proto=IPPROTO_TCP, family=AF_INET6, states=14
03-02 09:56:40.645  1621  1856 D InetDiagMessage: Destroyed live tcp sockets for uids={20308} in 5ms
03-02 09:56:40.657  1055  1191 D connsyslogger: data recycle:time out
03-02 09:56:40.657  1055  1191 D connsyslogger: idx=0 Bootup Log: 2 log files! filecount=3 
03-02 09:56:40.713  1201  1298 D AALService: [CRTC_114] onALIChanged: 23 -> 30
03-02 09:56:40.777 32297 12850 W unknown:BridgelessReact: ReactHost{0}.loadJSBundleFromMetro(): Creating BundleLoader
03-02 09:56:40.779 32297 12849 W unknown:BridgelessReact: ReactHost{0}.getOrCreateReactContext(): Creating BridgelessReactContext
03-02 09:56:40.781 32297 12849 W unknown:BridgelessReact: ReactHost{0}.getOrCreateReactInstanceTask(): Creating ReactInstance
03-02 09:56:40.838  6027  6027 I PowerSaveService: onReceive: android.intent.action.BATTERY_CHANGED
03-02 09:56:40.839  6515  8177 D PowerCheckerService: onBatteryChanged, mBatteryLevel = 43, status = 2, level = 43, plug = 2, scale = 100
03-02 09:56:40.839  6515  6997 I ProcAudioPowerManager: onBatteryChanged, onBattery is false
03-02 09:56:40.839  6027  6027 I PowerNoticeUI: handleBatteryChanged oldPlugType 2 mPlugType 2 oldBatteryLevel 43 mBatteryLevel 43 temperature 410
03-02 09:56:40.839  6515  6997 D PowerKeeper.FrozenApp: onBatteryChanged plug=true mBatteryPlugged=2
03-02 09:56:40.840  6515  8142 D PowerKeeper.Thermal: mBatteryTemperature: 41
03-02 09:56:40.840  6027  6027 I ChargerBatteryIntelligenceReceiver: onBatteryChanged temperature∩╝Ü41,plugType:2
03-02 09:56:40.840  6027  6027 I ChargerBatteryIntelligenceReceiver: dissmissTempFastChargeReminder not support
03-02 09:56:40.840  6027  6027 D BaseChargeProtect_HighTemp: mCountByMinute:0,isScreenOn:true
03-02 09:56:40.842  1621  1621 D UiModeManager: updateConfigurationLocked: mDockState=0; mCarMode=false; mCar=false; mPowerSave=false; mOverrideNightModeOn=false; mOverrideNightModeOff=false; mComputedNightMode=true; mNightModeValue=2; uiMode=42
03-02 09:56:40.842  6027  6027 I android_os_HwBinder: HwBinder: Starting thread pool for getting: vendor.xiaomi.hardware.micharge@1.0::IMiCharge/default
03-02 09:56:40.847  1621  1621 D UiModeManager: updateConfigurationLocked: mDockState=0; mCarMode=false; mCar=false; mPowerSave=false; mOverrideNightModeOn=false; mOverrideNightModeOff=false; mComputedNightMode=true; mNightModeValue=2; uiMode=42
03-02 09:56:40.848 32297 12849 D nativeloader: Load /data/app/~~Bh61wenJZi6JNVEuOkVQfQ==/com.softnation.Ojam-nnCVAdHxKfOmup5FCuBDYQ==/base.apk!/lib/arm64-v8a/libhermes.so using class loader ns clns-7 (caller=/data/app/~~Bh61wenJZi6JNVEuOkVQfQ==/com.softnation.Ojam-nnCVAdHxKfOmup5FCuBDYQ==/base.apk!classes20.dex): ok
03-02 09:56:40.849   872   908 I vendor.xiaomi.hardware.micharge@1.0-service: ReadFilePathValue path = /sys/class/power_supply/usb/real_type value = USB
03-02 09:56:40.849  6027  6027 I IMiChargeUtils: getIMiChargeStringValue method:getBatteryChargeType,value:USB
03-02 09:56:40.849  6027  6027 I IMiChargeUtils: getBatteryChargeType : USB
03-02 09:56:40.850  6027  6027 I ChargeTimeUtilsV2: chargeType:USB
03-02 09:56:40.850  6027  6027 I PowerFeatureUtils: getVendorName:mediatek
03-02 09:56:40.850  6027  6027 I PowerFeatureUtils: getVendorName:mediatek
03-02 09:56:40.850  6515  8177 D PowerCheckerService: onBatteryChanged, mBatteryLevel = 43, status = 2, level = 43, plug = 2, scale = 100
03-02 09:56:40.850  6515  8142 D PowerKeeper.Thermal: mBatteryTemperature: 42
03-02 09:56:40.850  6515  6997 I ProcAudioPowerManager: onBatteryChanged, onBattery is false
03-02 09:56:40.850  6515  6997 D PowerKeeper.FrozenApp: onBatteryChanged plug=true mBatteryPlugged=2
03-02 09:56:40.851  6027  6027 I PowerSaveService: onReceive: android.intent.action.BATTERY_CHANGED
03-02 09:56:40.852  6027  6027 I PowerNoticeUI: handleBatteryChanged oldPlugType 2 mPlugType 2 oldBatteryLevel 43 mBatteryLevel 43 temperature 420
03-02 09:56:40.852  6027  6027 I ChargerBatteryIntelligenceReceiver: onBatteryChanged temperature∩╝Ü42,plugType:2
03-02 09:56:40.852  6027  6027 I ChargerBatteryIntelligenceReceiver: dissmissTempFastChargeReminder not support
03-02 09:56:40.852  6027  6027 D BaseChargeProtect_HighTemp: mCountByMinute:0,isScreenOn:true
03-02 09:56:40.852 32297 12849 D nativeloader: Load /data/app/~~Bh61wenJZi6JNVEuOkVQfQ==/com.softnation.Ojam-nnCVAdHxKfOmup5FCuBDYQ==/base.apk!/lib/arm64-v8a/libhermestooling.so using class loader ns clns-7 (caller=/data/app/~~Bh61wenJZi6JNVEuOkVQfQ==/com.softnation.Ojam-nnCVAdHxKfOmup5FCuBDYQ==/base.apk!classes20.dex): ok
03-02 09:56:40.853 32297 12849 D jni_lib_merge: Entering merged library JNI_OnLoad.
03-02 09:56:40.853 32297 12849 D jni_lib_merge: Preparing 4 pre-merged libs (including stub)
03-02 09:56:40.853 32297 12849 D jni_lib_merge: Preparing to register libhermes_executor_so.  onload_func: 0x77e7a847e0
03-02 09:56:40.853 32297 12849 D jni_lib_merge: Preparing to register libhermesinstancejni_so.  onload_func: 0x77e7aba26c
03-02 09:56:40.853 32297 12849 D jni_lib_merge: Preparing to register libjsijniprofiler_so.  onload_func: 0x77e7abc2bc
03-02 09:56:40.853 32297 12849 D jni_lib_merge: About to register 3 actual methods.
03-02 09:56:40.854  6027  6027 I android_os_HwBinder: HwBinder: Starting thread pool for getting: vendor.xiaomi.hardware.micharge@1.0::IMiCharge/default
03-02 09:56:40.856   872   908 I vendor.xiaomi.hardware.micharge@1.0-service: ReadFilePathValue path = /sys/class/power_supply/usb/real_type value = USB
03-02 09:56:40.856  6027  6027 I IMiChargeUtils: getIMiChargeStringValue method:getBatteryChargeType,value:USB
03-02 09:56:40.856  6027  6027 I IMiChargeUtils: getBatteryChargeType : USB
03-02 09:56:40.856  6027  6027 I ChargeTimeUtilsV2: chargeType:USB
03-02 09:56:40.856  6027  6027 I PowerFeatureUtils: getVendorName:mediatek
03-02 09:56:40.856  6027  6027 I PowerFeatureUtils: getVendorName:mediatek
03-02 09:56:40.866  1621  1621 D UiModeManager: updateConfigurationLocked: mDockState=0; mCarMode=false; mCar=false; mPowerSave=false; mOverrideNightModeOn=false; mOverrideNightModeOff=false; mComputedNightMode=true; mNightModeValue=2; uiMode=42
03-02 09:56:40.867  6027  6027 I PowerSaveService: onReceive: android.intent.action.BATTERY_CHANGED
03-02 09:56:40.868  6515  8177 D PowerCheckerService: onBatteryChanged, mBatteryLevel = 43, status = 2, level = 43, plug = 2, scale = 100
03-02 09:56:40.868  6027  6027 I PowerNoticeUI: handleBatteryChanged oldPlugType 2 mPlugType 2 oldBatteryLevel 43 mBatteryLevel 43 temperature 410
03-02 09:56:40.868  6027  6027 I ChargerBatteryIntelligenceReceiver: onBatteryChanged temperature∩╝Ü41,plugType:2
03-02 09:56:40.868  6027  6027 I ChargerBatteryIntelligenceReceiver: dissmissTempFastChargeReminder not support
03-02 09:56:40.869  6027  6027 D BaseChargeProtect_HighTemp: mCountByMinute:0,isScreenOn:true
03-02 09:56:40.869  6515  8142 D PowerKeeper.Thermal: mBatteryTemperature: 41
03-02 09:56:40.869  6515  6997 I ProcAudioPowerManager: onBatteryChanged, onBattery is false
03-02 09:56:40.869  6515  6997 D PowerKeeper.FrozenApp: onBatteryChanged plug=true mBatteryPlugged=2
03-02 09:56:40.870  6027  6027 I android_os_HwBinder: HwBinder: Starting thread pool for getting: vendor.xiaomi.hardware.micharge@1.0::IMiCharge/default
03-02 09:56:40.874   872   908 I vendor.xiaomi.hardware.micharge@1.0-service: ReadFilePathValue path = /sys/class/power_supply/usb/real_type value = USB
03-02 09:56:40.875  6027  6027 I IMiChargeUtils: getIMiChargeStringValue method:getBatteryChargeType,value:USB
03-02 09:56:40.875  6027  6027 I IMiChargeUtils: getBatteryChargeType : USB
03-02 09:56:40.875  6027  6027 I ChargeTimeUtilsV2: chargeType:USB
03-02 09:56:40.875  6027  6027 I PowerFeatureUtils: getVendorName:mediatek
03-02 09:56:40.875  6027  6027 I PowerFeatureUtils: getVendorName:mediatek
03-02 09:56:40.877  1621  1621 D UiModeManager: updateConfigurationLocked: mDockState=0; mCarMode=false; mCar=false; mPowerSave=false; mOverrideNightModeOn=false; mOverrideNightModeOff=false; mComputedNightMode=true; mNightModeValue=2; uiMode=42
03-02 09:56:40.879  6027  6027 I PowerSaveService: onReceive: android.intent.action.BATTERY_CHANGED
03-02 09:56:40.880  6027  6027 I PowerNoticeUI: handleBatteryChanged oldPlugType 2 mPlugType 2 oldBatteryLevel 43 mBatteryLevel 43 temperature 420
