03-02 09:56:36.313 12737 12737 I ##XLogger##: #&^OBLHiPcSiyx0MW3C0FhoWxcYgqe83mRCVleWlH60LR6K7PC0TAfrFpK/f5dCFOs0fbYlIWZrXhclKOXdDvwHjFKMMqdMjd3FfpNaRhFsQ46H9JUi7H7ZRNGNXTEWAH3j4CIXAVOG46zuICf8G1O6/4tPzeYBRd6yPw9QBk7m5Y4=!!kteY4+4mnQOkSQyENQ+8h0IS5KGAArCPEFG1TC9e2K0l2/3IdqiY1rdNmSmzVTyOgoqAo/OYst34xiZYCjdDprMSS5BSh1Ev5X5CcHfx86WEo9JBOSrFhwgVF618IOHyrKdd7tQBhaheHwbdigQebv4OJ1nMYXJYsWehbDw1AXI=^&#
03-02 09:56:36.325  1621  1650 W ActivityManager: setHasOverlayUi called on unknown pid: 26843
03-02 09:56:36.325  1205 24079 E mediaswcodec: unlinkToDeath: removed reference to death recipient but unlink failed: DEAD_OBJECT
03-02 09:56:36.326  1205 24079 D AidlBufferPool: bufferpool2 0xb400007362c883d8 : 0(0 size) total buffers - 0(0 size) used buffers - 77/81 (recycle/alloc) - 4/81 (fetch/transfer)
03-02 09:56:36.326  1205 24079 D AidlBufferPool: Destruction - bufferpool2 0xb400007362c883d8 cached: 0/0M, 0/0% in use; allocs: 81, 95% recycled; transfers: 81, 95% unfetched
03-02 09:56:36.328  1621  1729 I MediaFocusControl: AudioFocus  removeFocusStackEntryOnDeath(): removing entry for android.os.BinderProxy@c1f8e50
03-02 09:56:36.324  1205 19259 E mediaswcodec: unlinkToDeath: removed reference to death recipient but unlink failed: DEAD_OBJECT
03-02 09:56:36.329   894 12766 V AudioPolicyInterfaceImpl: releaseOutput()
03-02 09:56:36.329   894 12766 V audio_utils::mutex: mutex_impl: audio_mutex initialized: ret:0  order:6
03-02 09:56:36.329   921  1500 D SurfaceFlinger: [SF client] REMOVE (0xb400007caea4bd00) for (26843:com.softnation.Ojam)
03-02 09:56:36.329   921  1500 D SurfaceFlinger: [SF client] REMOVE (0xb400007caea31450) for (1621:system_server)
03-02 09:56:36.329  1621  1856 D ConnectivityService: releasing NetworkRequest [ REQUEST id=241439, [ Capabilities: INTERNET&NOT_RESTRICTED&TRUSTED&NOT_VCN_MANAGED&NOT_BANDWIDTH_CONSTRAINED Uid: 10337 RequestorUid: 10337 RequestorPkg: com.softnation.Ojam UnderlyingNetworks: Null] ] (release request)
03-02 09:56:36.332  1621  1856 D ConnectivityService: releasing NetworkRequest [ REQUEST id=241445, [ Capabilities: INTERNET&NOT_RESTRICTED&TRUSTED&NOT_VCN_MANAGED&NOT_BANDWIDTH_CONSTRAINED Uid: 10337 RequestorUid: 10337 RequestorPkg: com.softnation.Ojam UnderlyingNetworks: Null] ] (release request)
03-02 09:56:36.332  1621  2200 I MediaSessionStack: removeSession | record: com.softnation.Ojam/androidx.media3.session.id./69 (userId=0)
03-02 09:56:36.332  1621  2200 D MediaSessionService: Media button session is changed to null
03-02 09:56:36.333 12737 12737 I ##XLogger##: #&^OBLHiPcSiyx0MW3C0FhoWxcYgqe83mRCVleWlH60LR6K7PC0TAfrFpK/f5dCFOs0fbYlIWZrXhclKOXdDvwHjFKMMqdMjd3FfpNaRhFsQ46H9JUi7H7ZRNGNXTEWAH3j4CIXAVOG46zuICf8G1O6/4tPzeYBRd6yPw9QBk7m5Y4=!!kteY4+4mnQOkSQyENQ+8h0vs5lzgXVoaN1aLMrIp8H2ZZh/rpkBC0R3WCocpA0qTosazUExbcmxU+DXV7LraSPkEoVoyELtNxufQeZMBYcEKsGockwCUZ8x3p4+FPM9ZUy8PwjyCCguvQ6v3prC6GQ==^&#
03-02 09:56:36.335  1621  2200 D MediaSessionService: destroySessionLocked: record=com.softnation.Ojam/androidx.media3.session.id./69 (userId=0)
03-02 09:56:36.335  1124  2140 E mediaserver: unlinkToDeath: removed reference to death recipient but unlink failed: DEAD_OBJECT
03-02 09:56:36.335  1124  2140 E IPCThreadState: attemptIncStrongHandle(14): Not supported
03-02 09:56:36.340  7123  7123 I adbd    : Remote process closed the socket (on MSG_PEEK)
03-02 09:56:36.341  1205  2710 D AidlBufferPool: bufferpool2 0xb400007362c84a08 : 0(0 size) total buffers - 0(0 size) used buffers - 0/0 (recycle/alloc) - 0/0 (fetch/transfer)
03-02 09:56:36.341  1205  2710 D AidlBufferPool: Destruction - bufferpool2 0xb400007362c84a08 cached: 0/0M, 0/0% in use; allocs: 0, 0% recycled; transfers: 0, 0% unfetched
03-02 09:56:36.341  2363  3215 I ActiveAudioSessionManager_export-api: controllerSize:0
03-02 09:56:36.342  2363 19600 I ActiveSessionRecord_export-api: onSessionDestroyed
03-02 09:56:36.342  2363 19600 I ActiveAudioSessionManager_export-api: controllerSize:0
03-02 09:56:36.343  1205  2710 D AidlBufferPool: bufferpool2 0xb400007362c779e8 : 0(0 size) total buffers - 0(0 size) used buffers - 104/108 (recycle/alloc) - 5/108 (fetch/transfer)
03-02 09:56:36.344  1205  2710 D AidlBufferPool: Destruction - bufferpool2 0xb400007362c779e8 cached: 0/0M, 0/0% in use; allocs: 108, 96% recycled; transfers: 108, 95% unfetched
03-02 09:56:36.344   894  1284 V AudioPolicyInterfaceImpl: doReleaseOutput from tid 1284
03-02 09:56:36.344   894  1284 D APM_AudioPolicyManager: releaseOutput() output 21, stream 3, session 56993 [uid=10337]
03-02 09:56:36.345   894 12766 D audioserver: logFgsApiEnd: FGS Logger Transaction failed, -129
03-02 09:56:36.347 18562 18562 V MediaPlayerList: onActiveSessionsChanged: number of controllers: 0
03-02 09:56:36.348 18562 18562 I PlayerSettingsManager: getPlayerRepeatMode: no active player
03-02 09:56:36.348 18562 18562 I PlayerSettingsManager: getPlayerShuffleMode: no active player
03-02 09:56:36.348 18562 18562 I PlayerSettingsManager: updateRemoteDevice: STATE_REPEAT_OFF, STATE_SHUFFLE_OFF
03-02 09:56:36.349 12737 12737 I ##XLogger##: #&^OBLHiPcSiyx0MW3C0FhoWxcYgqe83mRCVleWlH60LR6K7PC0TAfrFpK/f5dCFOs0fbYlIWZrXhclKOXdDvwHjFKMMqdMjd3FfpNaRhFsQ46H9JUi7H7ZRNGNXTEWAH3j4CIXAVOG46zuICf8G1O6/4tPzeYBRd6yPw9QBk7m5Y4=!!kteY4+4mnQOkSQyENQ+8h3JKUkc+Jj5vumR4R3xvSfL7xox2r90CitJAwvTUHsEnOtKokdyjqydFEY+6PR0nwVJiQfeucaaQ6vXKemRn2tDD7QGMqXRNAsIl+iXrP8CFnurOLcq+yJ74Aj11EePniw==^&#
03-02 09:56:36.352 12737 12737 I ##XLogger##: #&^OBLHiPcSiyx0MW3C0FhoWxcYgqe83mRCVleWlH60LR6K7PC0TAfrFpK/f5dCFOs0fbYlIWZrXhclKOXdDvwHjFKMMqdMjd3FfpNaRhFsQ46H9JUi7H7ZRNGNXTEWAH3j4CIXAVOG46zuICf8G1O6/4tPzeYBRd6yPw9QBk7m5Y4=!!kteY4+4mnQOkSQyENQ+8h3JKUkc+Jj5vumR4R3xvSfJazwqiq4aFXTJlYEoP4Y8EhQzqfs7U92ygP6+c5EaQcn2OGlBMPvERgjuaA2ciL2PDMOy8aRWZ1Ot9wsHR4j8K^&#
03-02 09:56:36.353  1621  2194 W XSpaceManagerServiceImpl: checkXSpaceControl, from:com.android.shell, to:com.softnation.Ojam, with act:null, callingUserId:0, toUserId:0
03-02 09:56:36.354  1621  2194 W ActivityTaskManager: callingPackage for (uid=2000, pid=12779) has no WPC
03-02 09:56:36.356  1621  2194 D PreStartingManager: Not init when use PreStartingManager!
03-02 09:56:36.356  1621  2194 W OptProp : Cannot read opt property android.window.PROPERTY_COMPAT_ALLOW_ORIENTATION_OVERRIDE
03-02 09:56:36.357  1621  2194 V GrammaticalInflectionUtils: AttributionSource: android.content.AttributionSource@19923ceb does not have READ_SYSTEM_GRAMMATICAL_GENDER permission.
03-02 09:56:36.358  1621  2194 W OptProp : Cannot read opt property android.window.PROPERTY_COMPAT_ALLOW_RESIZEABLE_ACTIVITY_OVERRIDES
03-02 09:56:36.359  1621  2194 W OptProp : Cannot read opt property android.window.PROPERTY_COMPAT_ALLOW_MIN_ASPECT_RATIO_OVERRIDE
03-02 09:56:36.361  1621  2194 I ActivityTaskManager: isKeyguardEditor: false, newTransition: TransitionRecord{1860005 id=10114 type=OPEN flags=0x0}
03-02 09:56:36.363  1621  2194 D WindowManager: Collecting in transition 10114: ActivityRecord{2edb85a u0 com.softnation.Ojam/.MainActivity init visibleRequested:false
03-02 09:56:36.363  1621  2194 D MiuiFreeformServiceImpl: addLaunchFreeformActivityOptionIfNeed skip due to not find sourceTask: null sourceFfas: null sourceFreeFormActivity: null
03-02 09:56:36.364 18562 18562 I bluetooth: avrcp_service.cc:685 SendPlayerSettingsChanged: 
03-02 09:56:36.364  1621  2194 I PowerHalWrapper: PowerHalWrapper.getInstance 
03-02 09:56:36.364  1621  2194 D PerfMTKStubImpl: initBoostParamByDevice
03-02 09:56:36.365   835   835 I Zygote  : Process 26843 exited due to signal 9 (Killed)
03-02 09:56:36.366  1621  1801 I MIUIInput: [MotionEvent] notifyMotion - eventTime=606989914696000, deviceId=3, source=0x1002, policyFlags=0x0, action=0x0, flags=0x0, downTime=606989914696000
03-02 09:56:36.366  2363  2477 D OneHandedController: stopOneHanded state is 0
03-02 09:56:36.366   921  1170 I BufferQueueDebug: [Task=37014#132563](this:0xb400007bcecd08d8,id:-1,api:0,p:-1,c:-1) BufferQueue core=(921:/system/bin/surfaceflinger)
03-02 09:56:36.367  1621  1800 I MIUIInput: [MotionEvent] publisher action=0x0, deviceId=3, 606989914, channel '751ea6d InputMethod (server)'
03-02 09:56:36.368  1621  1800 I MIUIInput: [MotionEvent] publisher action=0x0, deviceId=3, 606989914, channel '[Gesture Monitor] onehanded-touch (server)'
03-02 09:56:36.368  1621  1800 I MIUIInput: [MotionEvent] publisher action=0x0, deviceId=3, 606989914, channel '[Gesture Monitor] miui-gesture (server)'
03-02 09:56:36.369  2526  2526 I MIUIInput: [MotionEvent] ViewRootImpl windowName 'InputMethod', { action=ACTION_DOWN, id[0]=0, pointerCount=1, eventTime=606989914, downTime=606989914, phoneEventTime=09:56:36.365 } moveCount:0
03-02 09:56:36.369  1621  1908 I ProcessManager: getRenderThreadTidByPid, caller=1621
03-02 09:56:36.369  2363 19600 I ActiveAudioSessionManager_export-api: dispatchTopActiveSessionChangeCallbackLocked, size:1
03-02 09:56:36.370   863   958 I libPowerHal: [perfLockAcq] idx:1 hdl:360468 hint:25 pid:863 tid:863 duration:120 lock_user:vendor.mediatek => ret_hdl:360468
03-02 09:56:36.370   863   958 I libPowerHal: [setGPUFreq] MTKPOWER_HINT_APP_TOUCH user set gpu freq min:0, max:-1
03-02 09:56:36.370   863   958 I libPowerHal: MTKPOWER_HINT_APP_TOUCH: set gpu opp level: 0
03-02 09:56:36.370   863   958 I libPowerHal: MTKPOWER_HINT_APP_TOUCH: set gpu opp level max: 0
03-02 09:56:36.370   863   958 I libPowerHal: [setGPUFreq] Soft min/max = (0, 0); Hard min/max = (31, 0)
03-02 09:56:36.370   863   958 I libPowerHal: [setGPUFreq] final min/max = (0, 0)
03-02 09:56:36.370   863   958 I libPowerHal: MTKPOWER_HINT_APP_TOUCH: set gpu opp level: 0
03-02 09:56:36.371   863   958 I libPowerHal: MTKPOWER_HINT_APP_TOUCH: set gpu opp level max: 0
03-02 09:56:36.371  1621  2194 D WindowManager: setLockTaskAuth: task=Task{536d768 #37014 type=standard A=10337:com.softnation.Ojam} mLockTaskAuth=LOCK_TASK_AUTH_PINNABLE
03-02 09:56:36.371  1621  2194 D WindowManager: Collecting in transition 10114: Task{536d768 #37014 type=standard A=10337:com.softnation.Ojam} init visibleRequested:false
03-02 09:56:36.372  2363  3215 I ActiveAudioSessionManager_export-api: dispatchTopActiveSessionChangeCallbackLocked, size:1
03-02 09:56:36.372  2363  3215 I ActiveAudioSessionManager_export-api: stopPositionCallbackTask
03-02 09:56:36.374   921  1170 I BufferQueueDebug: [ActivityRecord{2edb85a u0 com.softnation.Ojam/.MainActivity t37014}#132564](this:0xb400007bcec86838,id:-1,api:0,p:-1,c:-1) BufferQueue core=(921:/system/bin/surfaceflinger)
03-02 09:56:36.375   921   921 I MI-SF   : surfaceflinger setAffinity mode=0
03-02 09:56:36.375 18562 18562 I bluetooth: avrcp_service.cc:699 SendPlayerSettingsChanged: attribute=PlayerAttribute::REPEAT : value=PlayerRepeatValue::OFF
03-02 09:56:36.375 18562 18562 I bluetooth: attribute=PlayerAttribute::SHUFFLE : value=PlayerShuffleValue::OFF
03-02 09:56:36.375  1621  2194 D WindowManager: setLockTaskAuth: task=Task{536d768 #37014 type=standard A=10337:com.softnation.Ojam} mLockTaskAuth=LOCK_TASK_AUTH_PINNABLE
03-02 09:56:36.375   921   921 E MI-SF   : surfaceflinger setAffinity success
03-02 09:56:36.376  1621  2194 D MiuiFreeFormManagerService: onStartActivityInner as = Task{536d768 #37014 type=standard A=10337:com.softnation.Ojam} op = null
03-02 09:56:36.376  1621  1668 I libprocessgroup: Removed cgroup /sys/fs/cgroup/uid_10337/pid_26843
03-02 09:56:36.378   863   958 I libPowerHal: [PE] MTKPOWER_HINT_APP_TOUCH update cmd:1408100, param:47, pr:3
03-02 09:56:36.379   863   958 I libPowerHal: [PE] MTKPOWER_HINT_APP_TOUCH update cmd:1408300, param:100, pr:3
03-02 09:56:36.379  2363 19600 I GlobalMiPlayAudioManager: onActiveAudioSessionChange activeSession is null
03-02 09:56:36.379  2363 19600 D MiCastSDKImpl: setPlaybackState state -999
03-02 09:56:36.379   863   958 I libPowerHal: [PE] MTKPOWER_HINT_APP_TOUCH update cmd:410000, param:1, pr:3
03-02 09:56:36.379  2363 19600 I GlobalMiPlayAudioManager: dispatchCallback, what, 1
03-02 09:56:36.379 18562 18562 V MediaPlayerList: onActiveSessionsChanged: number of controllers: 0
03-02 09:56:36.379 18562 18562 I PlayerSettingsManager: getPlayerRepeatMode: no active player
03-02 09:56:36.380 18562 18562 I PlayerSettingsManager: getPlayerShuffleMode: no active player
03-02 09:56:36.380  2363 19600 I ActiveAudioSessionManager_export-api: stopPositionCallbackTask
03-02 09:56:36.380 18562 18562 I PlayerSettingsManager: updateRemoteDevice: STATE_REPEAT_OFF, STATE_SHUFFLE_OFF
03-02 09:56:36.380   863   958 I libPowerHal: [PE] MTKPOWER_HINT_APP_TOUCH update cmd:400000 param:3000000 pr:3
03-02 09:56:36.380   863   958 I libPowerHal: [PE] MTKPOWER_HINT_APP_TOUCH update cmd:400100 param:3000000 pr:3
03-02 09:56:36.380   863   958 I libPowerHal: value: 1
03-02 09:56:36.380 18562 18562 I bluetooth: avrcp_service.cc:685 SendPlayerSettingsChanged: 
03-02 09:56:36.380   863   958 I libPowerHal: [PE] MTKPOWER_HINT_APP_TOUCH update cmd:410000 param:1 pr:3
03-02 09:56:36.380 18562 18562 I bluetooth: avrcp_service.cc:699 SendPlayerSettingsChanged: attribute=PlayerAttribute::REPEAT : value=PlayerRepeatValue::OFF
03-02 09:56:36.380 18562 18562 I bluetooth: attribute=PlayerAttribute::SHUFFLE : value=PlayerShuffleValue::OFF
03-02 09:56:36.380   863   958 I libPowerHal: [setDvfsrcDevFreqOpp] opp:0, freq:3600000000
03-02 09:56:36.380   863   958 I libPowerHal: [PE] MTKPOWER_HINT_APP_TOUCH update cmd:1000000 param:0 pr:3
03-02 09:56:36.380   863   958 I libPowerHal: [recordCPUFreqInfo] set cluster[0] min(MTKPOWER_HINT_APP_TOUCH): 1800000 max(-1): -1 cluster[1] min(MTKPOWER_HINT_APP_TOUCH): 2000000 max(-1): -1
03-02 09:56:36.380   863   958 I libPowerHal: [perfLockAcq] Done for hdl : 360468
03-02 09:56:36.381   863   909 I mtkpower@impl: [setMode] type:5, enabled:1
03-02 09:56:36.382  1621  2194 D ActivityTaskManager: Task#startActivityLocked isOrhasTask=true newTask=true
03-02 09:56:36.383   863   958 I libPowerHal: [perfLockAcq] idx:2 hdl:360469 hint:77 pid:863 tid:863 duration:30000 lock_user:vendor.mediatek => ret_hdl:360469
03-02 09:56:36.383   863   958 I ThermalBreakConfigReader: [getTargetfreqinfo] [getTargetfreqinfo] hint get target result freq:boost:1 cpu0:1800000 cpu6:2000000 cpumask:ff
03-02 09:56:36.383   863   958 I ExtendedPerfBoost: [thermalbreak_verification] needbreak curr breakmode 1, scence id 0, set: boost:1 cpu0:1800000 cpu6:2000000 cpumask:ff
03-02 09:56:36.383   863   958 I ExtendedPerfBoost: [triggerList_add] [triggerList_add] come into triggerList_add
03-02 09:56:36.383   863   958 I ExtendedPerfBoost: [triggerList_add] get item from freelist 0x6fcc5ba018
03-02 09:56:36.383   863   958 I ExtendedPerfBoost: [triggerList_add] init new item prio:2, duration:3000, param:boost:1 cpu0:1800000 cpu6:2000000 cpumask:ff
03-02 09:56:36.383   863   958 I ExtendedPerfBoost: [triggerList_add] add item prio in empty list
03-02 09:56:36.383   863   958 I ExtendedPerfBoost: [trig_thermalbreak] trigger one node
03-02 09:56:36.383   863   958 I ExtendedUtils: [timer_sampling_set] come in timer_sampling_set, duration :3000
03-02 09:56:36.383   863   958 I ExtendedUtils: [settimer] come in settimer, time_now :606989932, time_end: 606992932
03-02 09:56:36.383   863   958 I ExtendedPerfBoost: [setThermalBreak] [setThermalBreak] : boost:1 cpu0:1800000 cpu6:2000000 cpumask:ff
03-02 09:56:36.384   863   958 I libPowerHal: [perfLockAcq] Done for hdl : 360469
03-02 09:56:36.384  2363  3215 I ActiveAudioSessionManager_export-api: dispatchSessionsExistsChangeCallbackLocked :false
03-02 09:56:36.385  2363  3215 I ActiveAudioSessionManager_export-api: controllerSize:0
03-02 09:56:36.385  2363  3215 I ActiveAudioSessionManager_export-api: stopPositionCallbackTask
03-02 09:56:36.385  2363  3215 I ActiveAudioSessionManager_export-api: dispatchSessionsExistsChangeCallbackLocked :false
03-02 09:56:36.385  2363 19600 I ActiveAudioSessionManager_export-api: dispatchSessionsExistsChangeCallbackLocked :false
03-02 09:56:36.385  2363 19600 I MiPlayServiceAdapter: markSessionKilled
03-02 09:56:36.385  2363 19600 I ActiveAudioSessionManager_export-api: controllerSize:0
03-02 09:56:36.385  2363 19600 I ActiveAudioSessionManager_export-api: stopPositionCallbackTask
03-02 09:56:36.385  2363 19600 I ActiveAudioSessionManager_export-api: dispatchSessionsExistsChangeCallbackLocked :false
03-02 09:56:36.385  2363 19600 I MiPlayServiceAdapter: markSessionKilled
03-02 09:56:36.386  1621  1918 E HyperSentinel: -------------------------------------------------------
03-02 09:56:36.386  1621  1918 E HyperSentinel: Event_OpenFileFDSize
03-02 09:56:36.386  1621  1918 E HyperSentinel: -> audit event by proc 1621 "system_server": Fd increasement, peak, 887 -> 974
03-02 09:56:36.386  1621  1917 D MiuiSentinelService: begin judgment FdAmountLeakException
03-02 09:56:36.387  2363  2363 D MiPlayDetailViewModel: onActiveAudioSessionChange(): audioSessionList?.size =0
03-02 09:56:36.387 19603 19603 W MultiDeviceManager: setPlaybackState state -999
03-02 09:56:36.387  2363  2363 D MiPlayController: miplay service state invalid = 0
03-02 09:56:36.387 19603 19603 I CastDeviceManager: setPlaybackState: state -999
03-02 09:56:36.387 19603 19603 W CastDeviceManager: setPlaybackState: castSession is null return
03-02 09:56:36.387  1621  2194 I WindowManager: Try to add startingWindow type = STARTING_WINDOW_TYPE_SPLASH_SCREEN this = ActivityRecord{2edb85a u0 com.softnation.Ojam/.MainActivity t37014} preAllowTaskSnapshot = true afterAllowTaskSnapshot = true newTask = true taskSwitch = true processRunning = false activityCreated = false activityAllDrawn = false isSnapshotCompatible = false resolvedTheme = 2131952195 theme = 2131952195
03-02 09:56:36.389  2363  2363 D MiPlayDetailViewModel: isMiuiMusic:false null,releaseVersion:1
03-02 09:56:36.389  2363  2363 D MiPlayDetailViewModel: updateAudioSession true
03-02 09:56:36.389  1621  2194 D PreStartingManager: Not init when use PreStartingManager!
03-02 09:56:36.390  1621  2194 I PowerHalWrapper: amsBoostNotify pid:31638,activity:com.whatsapp.Conversation, package:com.whatsapp, mProcessCreatePackcom.softnation.Ojam 
03-02 09:56:36.390  1621  2194 I PowerHalWrapper: state: 0 
03-02 09:56:36.391 18562 18562 W AudioMediaPlayerWrapper: The session was destroyed com.softnation.Ojam
03-02 09:56:36.391 18562 18562 D MediaPlayerList: sessionUpdatedCallback(): packageName: com.softnation.Ojam
03-02 09:56:36.391  1621  2194 I ScnModule: [GameDetection] packname: com.whatsapp, apkSize: 99057746. 
03-02 09:56:36.391  1621  2194 I mtkpower_client: [PowerHal_Wrap_notifyAppState] com.whatsapp/com.whatsapp.Conversation pid=31638 activityId:238807151 state:0
03-02 09:56:36.391   861   861 I vendor.mediatek.hardware.mtkpower_applist-service.mediatek: packName: com.whatsapp actName: com.whatsapp.Conversation pid: 31638 activityId: 238807151 uid: 10300 state: 0
03-02 09:56:36.391   861   861 I MTK_APPList: [notifyAPPstate] com.whatsapp/com.whatsapp.Conversation, pid=31638, activityId=238807151, uid=10300, state:PAUSED, fps:-1, win:1
03-02 09:56:36.391   861   861 I MTK_APPList: [notifyAPPstate] multi_resumed_app_count: 1
03-02 09:56:36.391   861   861 I MTK_APPList: [notifyAPPstate] multi_resumed_app_info[0] com.android.systemui/com.android.systemui._190038181, pid:2363, activityId:-1, fps:-1, isMultiWindow:0
03-02 09:56:36.391   861   861 I MTK_APPList: [getForegroundAPPCount] 1
03-02 09:56:36.392   861   861 I MTK_APPList: [notifyNetdUID] 10300
03-02 09:56:36.392  1621  2194 I PowerHalWrapper: amsBoostNotify AMS_BOOST_PROCESS_CREATE_BOOST:false 
03-02 09:56:36.392   861   861 I MTK_APPList: [notifyPID] 31638
03-02 09:56:36.393  1621  1621 D MBrainLocalService: isVendorFreezeConditionPass is false
03-02 09:56:36.393  1621  1621 E MBrainLocalService: notifyAppSwitch failed
03-02 09:56:36.393   863   958 I libPowerHal: [perfSetSysInfo] pid type:24, 31638
03-02 09:56:36.393  1621  2194 D WindowManager: Collecting in transition 10114: ActivityRecord{2edb85a u0 com.softnation.Ojam/.MainActivity t37014} init visibleRequested:false
03-02 09:56:36.395  1621  2194 I ActivityTaskManager: START u0 {flg=0x10000000 cmp=com.softnation.Ojam/.MainActivity} with LAUNCH_SINGLE_TASK from uid 2000 from pid 12779 callingPackage com.android.shell (BAL_ALLOW_PERMISSION) result code=0
03-02 09:56:36.396  1621  1651 I ActivityTaskManager: visible for Task{87f3205 #37013 type=standard A=10300:com.whatsapp} visible = true isAnimating = false TRANSITION = false PARENTS = false CHILDREN = false
03-02 09:56:36.396   921  1170 D SurfaceFlinger: [SF client] NEW(0xb400007caea12280) for (2363:com.android.systemui)
03-02 09:56:36.399  1621  1651 I ActivityTaskManager: visible for Task{87f3205 #37013 type=standard A=10300:com.whatsapp} visible = true isAnimating = false TRANSITION = false PARENTS = false CHILDREN = false
03-02 09:56:36.400  2363  2577 D MiuiCameraCoveredManager: java.lang.NullPointerException: Attempt to invoke virtual method 'java.lang.String android.provider.MiuiSettings$SettingsCloudData$CloudData.getString(java.lang.String, java.lang.String)' on a null object reference
03-02 09:56:36.403  2363  2363 I FocusedNotifPromptContr: onTopActivityMayChanged: isSupportPip false, isFocus false
03-02 09:56:36.404  2363  2363 I FocusedNotifPromptContr: onTopActivityMayChanged: topActivity=com.softnation.Ojam
03-02 09:56:36.404  2363  2363 I PromptViewAnimState: topActivityMayChanged: topActivity=com.whatsapp --> com.softnation.Ojam
03-02 09:56:36.404  2363  2363 D KeyguardEditorHelper: onTopActivityMayChanged, topActivity=ComponentInfo{com.softnation.Ojam/com.softnation.Ojam.MainActivity}; mState=IDEL
03-02 09:56:36.404  1621  1842 I MiuiNetworkPolicy: updateUidState uid = 6110, uidState = 8
03-02 09:56:36.404  2363  2648 W libc    : Access denied finding property "ro.vendor.display.iris_x7.support"
03-02 09:56:36.405  1621  4430 I AppsFilter: interaction: PackageSetting{131896e com.android.microdroid.empty_payload/10255} -> PackageSetting{11e5003 com.softnation.Ojam/10337} BLOCKED
03-02 09:56:36.406  2363  2477 I SoScStageCoordinator: Transition requested:TransitionRequestInfo { type = OPEN, triggerTask = TaskInfo{userId=0 taskId=37014 displayId=0 isRunning=true baseIntent=Intent { flg=0x10000000 cmp=com.softnation.Ojam/.MainActivity } baseActivity=ComponentInfo{com.softnation.Ojam/com.softnation.Ojam.MainActivity} topActivity=ComponentInfo{com.softnation.Ojam/com.softnation.Ojam.MainActivity} origActivity=null realActivity=ComponentInfo{com.softnation.Ojam/com.softnation.Ojam.MainActivity} numActivities=1 lastActiveTime=1024755813 supportsSplitScreenMultiWindow=true supportsMultiWindow=true resizeMode=1 isResizeable=true minWidth=-1 minHeight=-1 defaultMinSize=200 token=WCT{android.window.IWindowContainerToken$Stub$Proxy@f580be3} topActivityType=1 pictureInPictureParams=null shouldDockBigOverlays=false launchIntoPipHostTaskId=-1 lastParentTaskIdBeforePip=-1 displayCutoutSafeInsets=Rect(0, 104 - 0, 0) topActivityInfo=ActivityInfo{ae69e0 com.softnation.Ojam.MainActivity} launchCookies=[] positionInParent=Point(0, 0) parentTaskId=-1 isFocused=false isVisible=false isVisibleRequested=false isSleeping=false locusId=null displayAreaFeatureId=1 isTopActivityTransparent=false appCompatTaskInfo=AppCompatTaskInfo { topActivityInSizeCompat=false topActivityEligibleForLetterboxEducation= falseisLetterboxEducationEnabled= false isLetterboxDoubleTapEnabled= false topActivityEligibleForUserAspectRatioButton= false topActivityBoundsLetterboxed= false isFromLetterboxDoubleTap= false topActivityLetterboxVerticalPosition= -1 topActivityLetterboxHorizontalPosition= -1 topActivityLetterboxWidth=1080 topActivityLetterboxHeight=2460 isUserFullscreenOverrideEnabled=false isSystemFullscreenOverrideEnabled=false cameraCompatTaskInfo=CameraCompatTaskInfo { cameraCompatControlState=hidden freeformCameraCompatMode=inactive}} isImmersive=false mTopActivityRequestOrientation=-2 mBehindAppLockPkg=null mOriginatingUid=0 isEmbedded=false shouldBeVisible=true mIsCastMode=false mTopActivityMediaSize=null mTopActivityRecordName=ActivityRecord{2edb85a u0 com.softnation.Ojam/.MainActivity t37014} mTopActivityOrientation=-2}, pipTask = null, remoteTransition = null, displayChange = null, flags = 0, debugId = 10114 } isSoScActive:false triggerTask:TaskInfo{userId=0 taskId=37014 displayId=0 isRunning=true baseIntent=Intent { flg=0x10000000 cmp=com.softnation.Ojam/.MainActivity } baseActivity=ComponentInfo{com.softnation.Ojam/com.softnation.Ojam.MainActivity} topActivity=ComponentInfo{com.softnation.Ojam/com.softnation.Ojam.MainActivity} origActivity=null realActivity=ComponentInfo{com.softnation.Ojam/com.softnation.Ojam.MainActivity} numActivities=1 lastActiveTime=1024755813 supportsSplitScreenMultiWindow=true supportsMultiWindow=true resizeMode=1 isResizeable=true minWidth=-1 minHeight=-1 defaultMinSize=200 token=WCT{android.window.IWindowContainerToken$Stub$Proxy@f580be3} topActivityType=1 pictureInPictureParams=null shouldDockBigOverlays=false launchIntoPipHostTaskId=-1 lastParentTaskIdBeforePip=-1 displayCutoutSafeInsets=Rect(0, 104 - 0, 0) topActivityInfo=ActivityInfo{ae69e0 com.softnation.Ojam.MainActivity} launchCookies=[] positionInParent=Point(0, 0) parentTaskId=-1 isFocused=false isVisible=false isVisibleRequested=false isSleeping=false locusId=null displayAreaFeatureId=1 isTopActivityTransparent=false appCompatTaskInfo=AppCompatTaskInfo { topActivityInSizeCompat=false topActivityEligibleForLetterboxEducation= falseisLetterboxEducationEnabled= false isLetterboxDoubleTapEnabled= false topActivityEligibleForUserAspectRatioButton= false topActivityBoundsLetterboxed= false isFromLetterboxDoubleTap= false topActivityLetterboxVerticalPosition= -1 topActivityLetterboxHorizontalPosition= -1 topActivityLetterboxWidth=1080 topActivityLetterboxHeight=2460 isUserFullscreenOverrideEnabled=false isSystemFullscreenOverrideEnabled=false cameraCompatTaskInfo=CameraCompatTaskInfo { cameraCompatControlState=hidden freeformCameraCompatMode=inactive}} isImmersive=false mTopActivityRequestOrientation=-2 mBehindAppLockPkg=null mOriginatingUid=0 isEmbedde
03-02 09:56:36.406  2363  2477 I SoScUtils: monitorTransitionRequest mRequestOpenTransition:null mRequestOpenTriggerTask:-1 mRequestCloseTransition:null mRequestCloseTriggerTask:-1 mRequestCloseStageType:-1
03-02 09:56:36.407  2363  2577 D VRI[Ojam]: hardware acceleration = true, forceHwAccelerated = false
03-02 09:56:36.408  1999  2756 D TaskStackChangeListeners: onTaskDescriptionChanged =  taskId = 37014
03-02 09:56:36.408 18562 18562 D MediaPlayerList: sendMediaUpdate
03-02 09:56:36.408 18562 18562 D MediaPlayerList: sendMediaUpdate state=null
03-02 09:56:36.410  1621  4430 D WindowManager: Collecting in transition 10114: ActivityRecord{2edb85a u0 com.softnation.Ojam/.MainActivity t37014} init visibleRequested:false
03-02 09:56:36.410  1621  4430 D WindowManager: Collecting in transition 10114: ActivityRecord{e3be86f u0 com.whatsapp/.Conversation t37013} init visibleRequested:true
03-02 09:56:36.411 18562 18562 D AvrcpTargetService: onMediaUpdated: track_changed=true state=true queue=true
03-02 09:56:36.411  1621  4430 D MiuiRefreshRatePolicy: reset
03-02 09:56:36.411 18562 18562 D AvrcpNativeInterface: sendMediaUpdate: metadata=true playStatus=true queue=true
03-02 09:56:36.412 19783 20137 I AiAiConversations: [MessageActivityBroadcaster][component=ComponentInfo{com.whatsapp/com.whatsapp.Conversation}][sessionId=-1551860999][exitReason=DEFAULT][requiresDeletion=false] Exit Conversation
03-02 09:56:36.413  1621  1651 D WindowManager: wms.Focus not requested for window=Window{904165b u0 com.whatsapp/com.whatsapp.Conversation} because it has no surface or is not focusable.
03-02 09:56:36.413 18562 18562 I bluetooth: avrcp_service.cc:648 SendMediaUpdate: track_changed=true :  play_state=true :  queue=true
03-02 09:56:36.416   921   921 I BufferQueueProducer: [InputMethod#132560](this:0xb400007bceca8af8,id:-1,api:0,p:-1,c:921) queueBuffer: fps=5.54 dur=1442.77 max=1242.74 min=14.70
03-02 09:56:36.416  1621  1650 V GrammaticalInflectionUtils: AttributionSource: android.content.AttributionSource@19923ceb does not have READ_SYSTEM_GRAMMATICAL_GENDER permission.
03-02 09:56:36.416   921  1587 I BufferQueueDebug: [5abedfe Splash Screen com.softnation.Ojam#132565](this:0xb400007bcec756d8,id:-1,api:0,p:-1,c:-1) BufferQueue core=(921:/system/bin/surfaceflinger)
03-02 09:56:36.417  1621  4764 D PreStartingManager: Not init when use PreStartingManager!
03-02 09:56:36.418  1621  4764 I WindowManager: Add startingWindow, surfaceControl = Surface(name=5abedfe Splash Screen com.softnation.Ojam#132565)/@0xb477fac layerId = 132565
03-02 09:56:36.421  1159  1606 D ULogGuard: Monitoring: 18 threads, 0 requests, 0 time-bombs; 1 guards. ResetFlags = 0x7
03-02 09:56:36.423 19783 20157 I AiAiPeople: [0] fragments remain to process, dispatched event [32]
03-02 09:56:36.425 18562 18562 I MediaPlayerList: Removing media player com.softnation.Ojam
03-02 09:56:36.425 18562 18562 I AudioMediaPlayerWrapper: clean up
03-02 09:56:36.425 18562 18562 I MediaPlayerList: Recycle player ID.
03-02 09:56:36.433   921  1587 I BufferQueueDebug: [IME-snapshot-surface#132566](this:0xb400007bceccadb8,id:-1,api:0,p:-1,c:-1) BufferQueue core=(921:/system/bin/surfaceflinger)
03-02 09:56:36.435  1621  4431 D WindowManager: Set transition=TransitionRecord{1860005 id=10114 type=OPEN flags=0x0}, ready=false, SyncId=10114 used=true, override=false, defer=0, states=Display{#0 state=ON size=1080x2460 ROTATION_0}:false
03-02 09:56:36.436  2363  2477 D OneHandedController: stopOneHanded state is 0
03-02 09:56:36.436  2363  2577 D InputEventReceiver: Input log is disabled in InputEventReceiver.
03-02 09:56:36.436  2363  2477 D OneHandedController: stopOneHanded state is 0
03-02 09:56:36.438  1621  1651 I ActivityTaskManager: visible for Task{87f3205 #37013 type=standard A=10300:com.whatsapp} visible = true isAnimating = false TRANSITION = false PARENTS = false CHILDREN = false
03-02 09:56:36.440  1621  1650 I PowerHalWrapper: amsBoostProcessCreate package:com.softnation.Ojam 
03-02 09:56:36.440  1621  1651 D WindowManager: wms.Focus not requested for window=Window{904165b u0 com.whatsapp/com.whatsapp.Conversation} because it has no surface or is not focusable.
03-02 09:56:36.441   863   958 I libPowerHal: [perfLockAcq] idx:3 hdl:360470 hint:21 pid:863 tid:863 duration:10000 lock_user:vendor.mediatek => ret_hdl:360470
03-02 09:56:36.441   863   958 I libPowerHal: [PE] MTKPOWER_HINT_PROCESS_CREATE update cmd:2024000, param:100, pr:3
03-02 09:56:36.441   863   958 I libPowerHal: [set_kswapd_affinity] set affinity = 16129
03-02 09:56:36.441   863   958 I libPowerHal: [PE] MTKPOWER_HINT_PROCESS_CREATE update ONESHOT(set) cmd:10000700 param:16129 pr:3
03-02 09:56:36.441   863   958 I libPowerHal: [perfLockAcq] Done for hdl : 360470
03-02 09:56:36.442  1621  1801 I MIUIInput: [MotionEvent] notifyMotion - eventTime=606989991354000, deviceId=3, source=0x1002, policyFlags=0x0, action=0x1, flags=0x0, downTime=606989914696000
03-02 09:56:36.442   863   909 I libPowerHal: [mtkPowerHint] hint:25, hold:80, ext:0, ext_hold:0
03-02 09:56:36.443  1621  1800 I MIUIInput: [MotionEvent] publisher action=0x1, deviceId=3, 606989991, channel '751ea6d InputMethod (server)'
03-02 09:56:36.443  1999  2756 D EventBus: No subscribers registered for event class com.miui.home.recents.messages.RecentTasksChangedEvent
03-02 09:56:36.443  1999  2756 D EventBus: No subscribers registered for event class org.greenrobot.eventbus.NoSubscriberEvent
03-02 09:56:36.443   863   958 I libPowerHal: [perfLockAcq] idx:4 hdl:360471 hint:25 pid:863 tid:863 duration:80 lock_user:vendor.mediatek => ret_hdl:360471
03-02 09:56:36.443  1621  1800 I MIUIInput: [MotionEvent] publisher action=0x1, deviceId=3, 606989991, channel '[Gesture Monitor] onehanded-touch (server)'
03-02 09:56:36.443   863   958 I libPowerHal: [setGPUFreq] MTKPOWER_HINT_APP_TOUCH user set gpu freq min:0, max:-1
03-02 09:56:36.443  1621  1800 I MIUIInput: [MotionEvent] publisher action=0x1, deviceId=3, 606989991, channel '[Gesture Monitor] miui-gesture (server)'
03-02 09:56:36.443   863   958 I libPowerHal: MTKPOWER_HINT_APP_TOUCH: set gpu opp level max: 0
03-02 09:56:36.444   863   958 I libPowerHal: [setGPUFreq] Soft min/max = (0, 0); Hard min/max = (31, 0)
03-02 09:56:36.444   863   958 I libPowerHal: [setGPUFreq] final min/max = (0, 0)
03-02 09:56:36.444   863   958 I libPowerHal: MTKPOWER_HINT_APP_TOUCH: set gpu opp level: 0
03-02 09:56:36.444  2526  2526 I MIUIInput: [MotionEvent] ViewRootImpl windowName 'InputMethod', { action=ACTION_UP, id[0]=0, pointerCount=1, eventTime=606989991, downTime=606989914, phoneEventTime=09:56:36.442 } moveCount:0
03-02 09:56:36.444   863   958 I libPowerHal: MTKPOWER_HINT_APP_TOUCH: set gpu opp level max: 0
03-02 09:56:36.444   863   958 I libPowerHal: [perfLockAcq] Done for hdl : 360471
03-02 09:56:36.444   863   958 I libPowerHal: [perfLockRel] hdl:360468, idx:1
03-02 09:56:36.444   863   958 I libPowerHal: [unsetGPUFreq] current min:0, max:0; scn_gpu_min:0, scn_gpu_max:-1; scn_gpu_min(HL):-1, scn_gpu_max(HL):-1
03-02 09:56:36.444   863   958 I libPowerHal: [setGPUFreq] Soft min/max = (0, 0); Hard min/max = (31, 0)
03-02 09:56:36.444   863   958 I libPowerHal: [setGPUFreq] final min/max = (0, 0)
03-02 09:56:36.444   863   958 I libPowerHal: MTKPOWER_HINT_APP_TOUCH: set gpu opp level: 0
03-02 09:56:36.444  1621  4427 D CompatChangeReporter: Compat change id reported: 261072174; UID 6110; state: ENABLED
03-02 09:56:36.444   863   958 I libPowerHal: MTKPOWER_HINT_APP_TOUCH: set gpu opp level max: 0
03-02 09:56:36.445   863   958 I libPowerHal: [perfLockRel] Done for hdl : 360468
03-02 09:56:36.445  2526  2526 W TooltipLifecycleManager: TooltipLifecycleManager.dismissTooltips():153 Tooltip with id SUGGESTION_VIEW_EDU_MINI_DIALOG not found in tooltipManager.
03-02 09:56:36.445  1999  2759 D EventBus: No subscribers registered for event class com.miui.home.recents.messages.RecentTasksChangedEvent
03-02 09:56:36.445  1999  2759 D EventBus: No subscribers registered for event class org.greenrobot.eventbus.NoSubscriberEvent
03-02 09:56:36.445  2526  2526 W LatinPrimeKeyboard: LatinPrimeKeyboard.consumeEvent():390 consumeEvent() : UPDATE_DYNAMIC_KEYS, no dynamic layout
03-02 09:56:36.446  1999  2684 D RecentsModel: onTaskStackChangedBackground    MSG_TASK_STACK_CHANGE
03-02 09:56:36.446  1999  2684 D RecentsModel: boostTaskStackChangedThread once, tid=2684, recentResourceLoaderTid=2525
03-02 09:56:36.446  1999  2684 W MiBridge: Permission not granted !!
03-02 09:56:36.446  1999  2684 D Launcher.Boost: setDynamicVIPTaskIfNeeded::tid = 2684 duration = 500
03-02 09:56:36.447  1621  4764 D CoreBackPreview: Window{5abedfe u0 Splash Screen com.softnation.Ojam}: Setting back callback OnBackInvokedCallbackInfo{mCallback=android.window.IOnBackInvokedCallback$Stub$Proxy@5cef262, mPriority=0, mIsAnimationCallback=false}
03-02 09:56:36.447   921  1587 I BufferQueueDebug: [Splash Screen com.softnation.Ojam#132567](this:0xb400007bcecab888,id:-1,api:0,p:-1,c:-1) BufferQueue core=(921:/system/bin/surfaceflinger)
03-02 09:56:36.449   921   921 I BpBinder: onLastStrongRef automatically unlinking death recipients: 
03-02 09:56:36.450  1621  1666 I SmartPower: com.milink.service:audio/10190(19603): idle->background(204304ms) R(broadcast start Intent { act=android.intent.action.PACKAGE_RESTARTED dat=package: flg=0x4000010 (has extras) }) adj=250.
03-02 09:56:36.457  1621  4289 D MiuiRefreshRatePolicy: reset
03-02 09:56:36.458   921   921 I MI-SF   : surfaceflinger setAffinity mode=1
03-02 09:56:36.458  1621  4289 W WindowManager: Changing focus from Window{904165b u0 com.whatsapp/com.whatsapp.Conversation} to null displayId=0 Callers=com.android.server.wm.RootWindowContainer.updateFocusedWindowLocked:602 com.android.server.wm.WindowManagerService.updateFocusedWindowLocked:7168 com.android.server.wm.WindowManagerService.relayoutWindowInner:3076 com.android.server.wm.WindowManagerService.relayoutWindow:2724 
03-02 09:56:36.458   921   921 E MI-SF   : surfaceflinger setAffinity success
03-02 09:56:36.458   921   921 I MI-SF   : surfaceflinger setreAffinity reTid=1207
03-02 09:56:36.458   921   921 E MI-SF   : surfaceflinger setAffinity success
03-02 09:56:36.459  1621  4289 D WindowManager: wms.Input focus has changed to null display=0 updateInputWindows = true
03-02 09:56:36.459  1621  4289 I MultiSenceManagerInternalStub: getInstance
03-02 09:56:36.460 32297 32297 E Zygote  : process_name_ptr:32297 com.softnation.Ojam
03-02 09:56:36.461  1621  4431 I ATMSImpl: cacheTasksForDefaultDisplay size=4
03-02 09:56:36.461 32297 32297 E Zygote  : SetMemoryProtected process_name_ptr:32297 com.softnation.Ojam
03-02 09:56:36.462  1999  2684 D RecentsModel: getRunningTask ignoreActivityType : 2 ,ignoreWindowMode:5
03-02 09:56:36.462  1999  2684 W RecentsModel: getRunningTask   taskInfo=TaskInfo{userId=0 taskId=37013 displayId=0 isRunning=true baseIntent=Intent { act=com.whatsapp.intent.action.OPEN dat=content://com.whatsapp.provider.contact/... flg=0x14000000 cmp=com.whatsapp/.Conversation } baseActivity=ComponentInfo{com.whatsapp/com.whatsapp.Conversation} topActivity=ComponentInfo{com.whatsapp/com.whatsapp.Conversation} origActivity=null realActivity=ComponentInfo{com.whatsapp/com.whatsapp.Conversation} numActivities=1 lastActiveTime=1024755884 supportsSplitScreenMultiWindow=true supportsMultiWindow=true resizeMode=2 isResizeable=true minWidth=-1 minHeight=-1 defaultMinSize=200 token=WCT{android.window.IWindowContainerToken$Stub$Proxy@ddbd6bf} topActivityType=1 pictureInPictureParams=null shouldDockBigOverlays=false launchIntoPipHostTaskId=-1 lastParentTaskIdBeforePip=-1 displayCutoutSafeInsets=Rect(0, 104 - 0, 0) topActivityInfo=ActivityInfo{8c2d18c com.whatsapp.Conversation} launchCookies=[] positionInParent=Point(0, 0) parentTaskId=-1 isFocused=true isVisible=true isVisibleRequested=false isSleeping=false locusId=null displayAreaFeatureId=1 isTopActivityTransparent=false appCompatTaskInfo=AppCompatTaskInfo { topActivityInSizeCompat=false topActivityEligibleForLetterboxEducation= falseisLetterboxEducationEnabled= false isLetterboxDoubleTapEnabled= false topActivityEligibleForUserAspectRatioButton= false topActivityBoundsLetterboxed= false isFromLetterboxDoubleTap= false topActivityLetterboxVerticalPosition= -1 topActivityLetterboxHorizontalPosition= -1 topActivityLetterboxWidth=1080 topActivityLetterboxHeight=2460 isUserFullscreenOverrideEnabled=false isSystemFullscreenOverrideEnabled=false cameraCompatTaskInfo=CameraCompatTaskInfo { cameraCompatControlState=hidden freeformCameraCompatMode=inactive}} isImmersive=false mTopActivityRequestOrientation=-2 mBehindAppLockPkg=null mOriginatingUid=0 isEmbedded=false shouldBeVisible=false mIsCastMode=false mTopActivityMediaSize=null mTopActivityRecordName=ActivityRecord{e3be86f u0 com.whatsapp/.Conversation t37013} mTopActivityOrientation=-2}
03-02 09:56:36.462  1999  2684 D RecentsModel: preloadRecents runningTaskId:37013, mCurrentRunningTaskId:-1, mRecentsTaskLoadPlan=com.android.systemui.shared.recents.model.RecentsTaskLoadPlan@51410d5
03-02 09:56:36.463  1999  2684 E ActivityManagerWrapper: get all recent tasks force including 37013
03-02 09:56:36.465  2363  2577 D BufferQueueConsumer: [](id:93b00001aa6,api:0,p:-1,c:2363) connect: controlledByApp=false
03-02 09:56:36.465  1621  1651 I ActivityTaskManager: visible for Task{87f3205 #37013 type=standard A=10300:com.whatsapp} visible = true isAnimating = false TRANSITION = false PARENTS = false CHILDREN = false
03-02 09:56:36.468  2363  2577 D BLASTBufferQueue: [VRI[Ojam]#5781](f:0,a:0) constructor()
03-02 09:56:36.468  2363  2577 D BLASTBufferQueue: [VRI[Ojam]#5781](f:0,a:0) update width=1080 height=2460 format=-3 mTransformHint=0
03-02 09:56:36.473  1621  1667 I ActivityManager: Start proc 32297:com.softnation.Ojam/u0a337 for next-top-activity {com.softnation.Ojam/com.softnation.Ojam.MainActivity} caller=com.android.shell
03-02 09:56:36.475  2363  2577 D VRI[Ojam]: vri.reportNextDraw android.view.ViewRootImpl.performTraversals:4984 android.view.ViewRootImpl.doTraversal:3564 android.view.ViewRootImpl$TraversalRunnable.run:11781 android.view.Choreographer$CallbackRecord.run:1804 android.view.Choreographer$CallbackRecord.run:1813 
03-02 09:56:36.476  2363  2577 D VRI[Ojam]: Setup new sync=wmsSync-VRI[Ojam]#59
03-02 09:56:36.488  1621  1651 I ActivityTaskManager: visible for Task{87f3205 #37013 type=standard A=10300:com.whatsapp} visible = true isAnimating = false TRANSITION = false PARENTS = false CHILDREN = false
03-02 09:56:36.489 32297 32297 I softnation.Ojam: Late-enabling -Xcheck:jni
03-02 09:56:36.492  2526 14155 I AndroidSpellCheckerService: AndroidSpellCheckerService.createSession():138 com.google.android.keyboard.client.delight5.LanguageIdentifier@cfb54e4 is created
03-02 09:56:36.496  1999  2684 E ActivityManagerWrapper: getRecentTasksForceIncludingTaskIdIfValid: getRecentTasks: size=3
03-02 09:56:36.496  1999  2684 E ActivityManagerWrapper:  mainTaskId=37014   userId=0   windowMode=1   baseIntent=Intent { act=null flag=268435456 cmp=ComponentInfo{com.softnation.Ojam/com.softnation.Ojam.MainActivity} }
03-02 09:56:36.496  1999  2684 E ActivityManagerWrapper:  mainTaskId=37013   userId=0   windowMode=1   baseIntent=Intent { act=com.whatsapp.intent.action.OPEN flag=335544320 cmp=ComponentInfo{com.whatsapp/com.whatsapp.Conversation} }
03-02 09:56:36.496  1999  2684 E ActivityManagerWrapper:  mainTaskId=36980   userId=0   windowMode=1   baseIntent=Intent { act=android.intent.action.MAIN flag=270532608 cmp=ComponentInfo{com.twitter.android/com.twitter.android.StartActivity} }
03-02 09:56:36.497  1621  1842 I MiuiNetworkPolicy: updateUidState uid = 10337, uidState = 19
03-02 09:56:36.499  2061  2061 I MiuiWallpaper-MiuiWallpaperManagerService: receive broadcast action = android.intent.action.PACKAGE_RESTARTED
03-02 09:56:36.507  2526  2526 I KeyboardModeUtils: KeyboardModeUtils.getKeyboardBottomOffset():435 inch: 0.000000 ydpi: 395.638611 adjustKeyboardBottomByDisplaySize: false currentDensityDpi: 440 defaultDensityDpi: 440 keyboardBottomToScreenPx: 0 keyboardBottomToNavBarPx: -130 navBarHeight: 130
03-02 09:56:36.507  2526  2526 I BaseKeyboardSizeHelper: BaseKeyboardSizeHelper.calculateMaxKeyboardBodyHeight():73 leave 267 height for app when ime window height:2226, header height:121 and isFullscreenMode:false, so the max keyboard body height is:1838
03-02 09:56:36.507  2526  2526 I BaseKeyboardSizeHelper: BaseKeyboardSizeHelper.calculateMaxKeyboardBodyHeight():73 leave 267 height for app when ime window height:2226, header height:121 and isFullscreenMode:false, so the max keyboard body height is:1838
03-02 09:56:36.511 19783 30031 W ContentCaptureEvent: Text is not a SpannableString.
03-02 09:56:36.516  2363  2648 D BLASTBufferQueue: [VRI[Ojam]#5781](f:0,a:1) acquireNextBufferLocked size=1080x2460 mFrameNumber=1 applyTransaction=true mTimestamp=606990063533639(auto) mPendingTransactions.size=0 graphicBufferId=10149007875003 transform=0
03-02 09:56:36.521  1999  2756 D EventBus: No subscribers registered for event class com.miui.home.recents.messages.RecentTasksChangedEvent
03-02 09:56:36.521  1999  2756 D EventBus: No subscribers registered for event class org.greenrobot.eventbus.NoSubscriberEvent
03-02 09:56:36.523  6027 26949 I SCTaskStackListener: onTaskStackChanged! inSplit = false
03-02 09:56:36.524   863   958 I mtkpower@impl: [powerd_req] TIMER_MSG_PERF_LOCK_TIMEOUT hdl:360471
03-02 09:56:36.524   863   958 I libPowerHal: [perfLockRel] hdl:360471, idx:4
03-02 09:56:36.524   863   958 I libPowerHal: [unsetGPUFreq] current min:0, max:0; scn_gpu_min:0, scn_gpu_max:-1; scn_gpu_min(HL):-1, scn_gpu_max(HL):-1
03-02 09:56:36.524   863   958 I libPowerHal: MTKPOWER_HINT_APP_TOUCH: set gpu opp level: 31
03-02 09:56:36.524  2363  2577 D VRI[Ojam]: vri.reportDrawFinished
03-02 09:56:36.525   863   958 I libPowerHal: MTKPOWER_HINT_APP_TOUCH: set gpu opp level max: 0
03-02 09:56:36.525   863   958 I libPowerHal: [setGPUFreq] Soft min/max = (31, 0); Hard min/max = (31, 0)
03-02 09:56:36.525   863   958 I libPowerHal: [setGPUFreq] final min/max = (31, 0)
03-02 09:56:36.525   863   958 I libPowerHal: MTKPOWER_HINT_APP_TOUCH: set gpu opp level: 31
03-02 09:56:36.525   863   958 I libPowerHal: MTKPOWER_HINT_APP_TOUCH: set gpu opp level max: 0
03-02 09:56:36.525   863   958 I libPowerHal: [PD] MTKPOWER_HINT_APP_TOUCH update cmd:1408100 param:0, pr:6
03-02 09:56:36.527   863   958 I libPowerHal: [PD] MTKPOWER_HINT_APP_TOUCH update cmd:410000 param:0, pr:6
03-02 09:56:36.528   863   958 I libPowerHal: value: 0
03-02 09:56:36.528   863   958 I libPowerHal: [PD] MTKPOWER_HINT_APP_TOUCH update cmd:410000 param:0 pr:6
03-02 09:56:36.528  1621  1651 D MiuiRefreshRatePolicy: reset
03-02 09:56:36.528   863   958 I libPowerHal: [perfLockRel] Done for hdl : 360471
03-02 09:56:36.529  1621  1651 D PreStartingManager: Not init when use PreStartingManager!
03-02 09:56:36.529  1621  1651 D WindowManager: Set transition=TransitionRecord{1860005 id=10114 type=OPEN flags=0x0}, ready=true, SyncId=10114 
03-02 09:56:36.530 27809 10614 I PhenotypeResourceReader: unable to find any Phenotype resource metadata for com.xiaomi.finddevice
03-02 09:56:36.531  1621  1651 I SmartPower: com.softnation.Ojam/10337(0): died->visible(652ms) R(become visible) adj=-10000.
03-02 09:56:36.534  1621  1651 I WindowManager: wms.showSurfaceRobustly mWin:Window{5abedfe u0 Splash Screen com.softnation.Ojam}
03-02 09:56:36.534 12504 12523 W oid.apps.photos: userfaultfd: MOVE ioctl seems unsupported: Connection timed out
03-02 09:56:36.535  1621  1651 D WindowManager: Final targets: [Task{536d768 #37014 type=standard A=10337:com.softnation.Ojam}, Task{87f3205 #37013 type=standard A=10300:com.whatsapp}]
03-02 09:56:36.537   921  1500 I BufferQueueDebug: [Transition Root #10114: Task=37014#132568](this:0xb400007bcec8c358,id:-1,api:0,p:-1,c:-1) BufferQueue core=(921:/system/bin/surfaceflinger)
03-02 09:56:36.539 12737 12788 I FA      : App measurement disabled via the manifest
03-02 09:56:36.540 12737 12788 E aomi.finddevice: No package ID 6b found for resource ID 0x6b0b0013.
03-02 09:56:36.545 12737 12788 I FA      : App measurement initialized, version: 155007
03-02 09:56:36.545 12737 12788 I FA      : To enable debug logging run: adb shell setprop log.tag.FA VERBOSE
03-02 09:56:36.548 12737 12788 I FA      : To enable faster debug mode event logging run:
03-02 09:56:36.548 12737 12788 I FA      :   adb shell setprop debug.firebase.analytics.app com.xiaomi.finddevice
03-02 09:56:36.548   921   921 I BufferQueueProducer: [com.whatsapp/com.whatsapp.Conversation#132554](this:0xb400007bcec45048,id:-1,api:0,p:-1,c:921) queueBuffer: fps=3.96 dur=1010.21 max=460.40 min=49.40
03-02 09:56:36.557  1621  4430 D AS.BtHelper: isBluetoothScoOn() mBluetoothHeadset is null: falsemBluetoothHeadsetDevice is null: true
03-02 09:56:36.557  1621  4430 V AS.AudioDeviceBroker: requestedCommunicationDevice: null mAudioModeOwner: AudioModeInfo: mMode=MODE_NORMAL, mPid=0, mUid=0
03-02 09:56:36.558  2363  2477 D MultiTaskingTaskRepository: addOrMoveFullscreenTaskToTop taskId=37014
03-02 09:56:36.558  2363  2477 D MultiTaskingTaskRepository: putOrUpdateTaskInfo: taskInfo.taskId: 37014 current mMultiTaskingTaskInfoList:  ,37013 ,36980 ,36770 ,36289 ,5 ,4
03-02 09:56:36.558  2363  2477 D MultiTaskingTaskRepository: java.lang.Throwable
03-02 09:56:36.558  2363  2477 D MultiTaskingTaskRepository: 	at com.android.wm.shell.multitasking.taskmanager.MultiTaskingTaskRepository.updateMultiTaskingTaskInfo(go/retraceme 5c05439c20823397c9aaa04c8ad244598257e2a7e5bd06f03af131ffaee2a4a9:82)
03-02 09:56:36.558  2363  2477 D MultiTaskingTaskRepository: 	at com.android.wm.shell.multitasking.taskmanager.MultiTaskingTaskRepository.putOrUpdateTaskInfo(go/retraceme 5c05439c20823397c9aaa04c8ad244598257e2a7e5bd06f03af131ffaee2a4a9:41)
03-02 09:56:36.558  2363  2477 D MultiTaskingTaskRepository: 	at com.android.wm.shell.multitasking.taskmanager.MultiTaskingTransitionObserver.onTransitionReady(go/retraceme 5c05439c20823397c9aaa04c8ad244598257e2a7e5bd06f03af131ffaee2a4a9:166)
03-02 09:56:36.558  2363  2477 D MultiTaskingTaskRepository: 	at com.android.wm.shell.transition.Transitions.dispatchReady(go/retraceme 5c05439c20823397c9aaa04c8ad244598257e2a7e5bd06f03af131ffaee2a4a9:169)
03-02 09:56:36.558  2363  2477 D MultiTaskingTaskRepository: 	at com.android.wm.shell.transition.Transitions.onTransitionReady(go/retraceme 5c05439c20823397c9aaa04c8ad244598257e2a7e5bd06f03af131ffaee2a4a9:248)
03-02 09:56:36.558  2363  2477 D MultiTaskingTaskRepository: 	at com.android.wm.shell.transition.Transitions$TransitionPlayerImpl$$ExternalSyntheticLambda1.run(go/retraceme 5c05439c20823397c9aaa04c8ad244598257e2a7e5bd06f03af131ffaee2a4a9:47)
03-02 09:56:36.558  2363  2477 D MultiTaskingTaskRepository: 	at android.os.Handler.handleCallback(Handler.java:959)
03-02 09:56:36.558  2363  2477 D MultiTaskingTaskRepository: 	at android.os.Handler.dispatchMessage(Handler.java:100)
03-02 09:56:36.558  2363  2477 D MultiTaskingTaskRepository: 	at android.os.Looper.loopOnce(Looper.java:249)
03-02 09:56:36.558  2363  2477 D MultiTaskingTaskRepository: 	at android.os.Looper.loop(Looper.java:337)
03-02 09:56:36.558  2363  2477 D MultiTaskingTaskRepository: 	at android.os.HandlerThread.run(HandlerThread.java:85)
03-02 09:56:36.559  2363  2477 D MultiTaskingTaskInfo: initFolmeControl::task id = 37014, mBounds = Rect(0, 0 - 1080, 2460)
03-02 09:56:36.559  2363  2477 I ShellTransitions: Is abandon offsetY: false
03-02 09:56:36.559  2363  2477 I ShellTransitions: Is abandon offsetY: false
03-02 09:56:36.559  1621  2200 D AS.BtHelper: isBluetoothScoOn() mBluetoothHeadset is null: falsemBluetoothHeadsetDevice is null: true
