03-02 09:56:51.435  2350  2852 I RoamingManager: processServiceState phoneId: 1 simOperatorNumeric:62130 networkOperatorNumeric:62130 isHome:true
03-02 09:56:51.436  2350  2852 I RoamingManager: processServiceState lastRoamingMode: 0 newRoamingMode:0
03-02 09:56:51.443 12991 12991 D nativeloader: Configuring clns-shared-7 for other apk /apex/com.android.cellbroadcast/priv-app/GoogleCellBroadcastApp@361153320/GoogleCellBroadcastApp.apk. target_sdk_version=36, uses_libraries=, library_path=/apex/com.android.cellbroadcast/priv-app/GoogleCellBroadcastApp@361153320/lib/arm64:/system/lib64:/system_ext/lib64, permitted_path=/data:/mnt/expand:/data/user_de/0/com.google.android.cellbroadcastreceiver:/apex/com.android.cellbroadcast/priv-app/GoogleCellBroadcastApp@361153320:/system/lib64:/system_ext/lib64
03-02 09:56:51.446  2363  2363 D MiuiCarrierTextLayout: notification_shade handleTwoCarriers: widthLeft:161 widthRight:174 availableWidth:462
03-02 09:56:51.448  2363  2363 D MiuiCarrierTextLayout: notification_shade onMeasure: availableWidth: 501
03-02 09:56:51.448 12991 12991 D nativeloader: InitApexLibraries:
03-02 09:56:51.448 12991 12991 D nativeloader:   com_android_adservices: libhpke_jni.so:libtflite_support_classifiers_native.so
03-02 09:56:51.448 12991 12991 D nativeloader:   com_android_appsearch: libappsearchservice.so:libicing_anywhere.so
03-02 09:56:51.448 12991 12991 D nativeloader:   com_android_art: libartservice.so
03-02 09:56:51.448 12991 12991 D nativeloader:   com_android_btservices: libbluetooth_jni.so
03-02 09:56:51.448 12991 12991 D nativeloader:   com_android_conscrypt: libjavacrypto.so
03-02 09:56:51.448 12991 12991 D nativeloader:   com_android_mediaprovider: libpdfclient.so
03-02 09:56:51.448 12991 12991 D nativeloader:   com_android_nfcservices: libnfc_nci_jni.so
03-02 09:56:51.448 12991 12991 D nativeloader:   com_android_ondevicepersonalization: libfcp_cpp_dep_jni.so:libfcp_hpke_jni.so
03-02 09:56:51.448 12991 12991 D nativeloader:   com_android_os_statsd: libstats_jni.so
03-02 09:56:51.448 12991 12991 D nativeloader:   com_android_tethering: libandroid_net_connectivity_com_android_net_module_util_jni.so:libandroid_net_connectivity_com_android_net_module_util_jni_CommonConnectivityJni.so:libframework-connectivity-jni.so:libframework-connectivity-tiramisu-jni.so:libmainlinecronet.141.0.7340.3.so:libservice-connectivity.so:libservice-thread-jni.so:stable_cronet_libcrypto.so:stable_cronet_libssl.so
03-02 09:56:51.448 12991 12991 D nativeloader:   com_android_uwb: libuwb_uci_jni_rust.so
03-02 09:56:51.448 12991 12991 D nativeloader:   com_android_virt: libvirtualizationservice_jni.so:libvirtualmachine_jni.so
03-02 09:56:51.452   861   947 I libPerfCtl: xgfGetFPS pid:921 fps:-1
03-02 09:56:51.452   861   947 I libPerfCtl: xgfGetFPS pid:2363 fps:-1
03-02 09:56:51.520 32297 12796 I softnation.Ojam: NativeAlloc concurrent mark compact GC freed 8797KB AllocSpace bytes, 11(600KB) LOS objects, 69% free, 10MB/34MB, paused 899us,6.315ms total 180.298ms
03-02 09:56:51.576  1621  1922 I SmartPower: com.facebook.katana/10287(12498): background->idle(3029ms) R(adj below visible) adj=250.
03-02 09:56:51.622  1621  2194 D AS.BtHelper: isBluetoothScoOn() mBluetoothHeadset is null: falsemBluetoothHeadsetDevice is null: true
03-02 09:56:51.622  1621  2194 V AS.AudioDeviceBroker: requestedCommunicationDevice: null mAudioModeOwner: AudioModeInfo: mMode=MODE_NORMAL, mPid=0, mUid=0
03-02 09:56:51.622  1621  2194 D AS.BtHelper: isBluetoothScoOn() mBluetoothHeadset is null: falsemBluetoothHeadsetDevice is null: true
03-02 09:56:51.623  1621  2194 V AS.AudioDeviceBroker: requestedCommunicationDevice: null mAudioModeOwner: AudioModeInfo: mMode=MODE_NORMAL, mPid=0, mUid=0
03-02 09:56:51.703 12991 12991 V GraphicsEnvironment: Currently set values for:
03-02 09:56:51.703 12991 12991 V GraphicsEnvironment:   angle_gl_driver_selection_pkgs=[]
03-02 09:56:51.703 12991 12991 V GraphicsEnvironment:   angle_gl_driver_selection_values=[]
03-02 09:56:51.703 12991 12991 V GraphicsEnvironment: Global.Settings values are invalid: number of packages: 0, number of values: 0
03-02 09:56:51.703 12991 12991 V GraphicsEnvironment: Neither updatable production driver nor prerelease driver is supported.
03-02 09:56:51.706 12991 12991 I ActivityThread: TrafficStats init done
03-02 09:56:51.709 12991 12991 I ForceDarkHelperStubImpl: initialize for com.google.android.cellbroadcastreceiver , ForceDarkOrigin
03-02 09:56:51.717 12991 12991 D nativeloader: Load libforcedarkimpl.so using system ns (caller=/system_ext/framework/miui-framework.jar): ok
03-02 09:56:51.718 12991 12991 D HWUI    : JNI_OnLoad success
03-02 09:56:51.719 12991 12991 I MiuiForceDarkConfig: setConfig density:2.750000, mainRule:0, secondaryRule:0, tertiaryRule:0
03-02 09:56:51.735 12991 12991 I ActivityThread: Miui Feature Init done
03-02 09:56:51.778  1621  2194 I ClipboardServiceI: checkProviderWakePathForClipboard: primaryClip is null
03-02 09:56:51.819  1621  1842 I MiuiNetworkPolicy: updateUidState uid = 10248, uidState = 11
03-02 09:56:51.824 12991 12991 D CellBroadcastReceiver: onReceive Intent { act=android.intent.action.SERVICE_STATE flg=0x1000010 cmp=com.google.android.cellbroadcastreceiver/com.android.cellbroadcastreceiver.CellBroadcastReceiver (has extras) }
03-02 09:56:51.841 12991 12991 D CellBroadcastReceiver: onServiceStateChanged, ss: 0
03-02 09:56:51.843 12991 12991 D CellBroadcastReceiver: networkOperator: 62120
03-02 09:56:51.850 12991 12991 D CellBroadcastReceiver: update supported roaming operator as 
03-02 09:56:51.858 12991 12991 D CellBroadcastReceiver: onReceive Intent { act=android.intent.action.SERVICE_STATE flg=0x1000010 cmp=com.google.android.cellbroadcastreceiver/com.android.cellbroadcastreceiver.CellBroadcastReceiver (has extras) }
03-02 09:56:51.860 12991 12991 D CellBroadcastReceiver: onServiceStateChanged, ss: 0
03-02 09:56:51.860 12991 12991 D CellBroadcastReceiver: networkOperator: 62120
03-02 09:56:51.860 12991 12991 D CellBroadcastReceiver: update supported roaming operator as 
03-02 09:56:51.864  1621  1842 I MiuiNetworkPolicy: updateUidState uid = 10248, uidState = 19
03-02 09:56:51.946 18562 18789 D BluetoothDevice: getAddress: mAddress=XX:XX:XX:XX:E5:BB
03-02 09:56:51.946 18562 18789 D BluetoothDevice: getAddress: mAddress=XX:XX:XX:XX:E5:BB
03-02 09:56:51.946 18562 18789 D BluetoothDevice: getAddress: mAddress=XX:XX:XX:XX:E5:BB
03-02 09:56:51.980 32297 32297 D ScrollerOptimizationManager: registerConfigChangedListener
03-02 09:56:51.983 32297 32297 W libc    : Access denied finding property "ro.vendor.mi_sf.new_dynamic_refresh_rate"
03-02 09:56:51.984 32297 32297 D SplineOverScroller: dynamic params is false
03-02 09:56:51.988 32297 32297 I softnation.Ojam: hiddenapi: Accessing hidden field Landroid/widget/HorizontalScrollView;->mScroller:Landroid/widget/OverScroller; (runtime_flags=0, domain=platform, api=unsupported) from Lcom/facebook/react/views/scroll/ReactHorizontalScrollView; (domain=app, TargetSdkVersion=36) using reflection: allowed
03-02 09:56:52.045  1621  2194 D Aurogon :  packageName = com.google.android.gms isAllowWakeUpList 
03-02 09:56:52.069 32297 32297 D ScrollerOptimizationManager: registerConfigChangedListener
03-02 09:56:52.093  1621  2194 D Aurogon :  packageName = com.google.android.gms isAllowWakeUpList 
03-02 09:56:52.125  1621  2194 D ShortcutService: rescanPackageIfNeeded 0@com.facebook.katana, forceRescan=false , isNewApp=false
03-02 09:56:52.130  1621  1662 W NotificationHistory: Attempted to remove conversation for locked/gone/disabled user 0
03-02 09:56:52.132  1621  4427 I whetstone.activity: Power Event callback listener is empty for resId=256
03-02 09:56:52.132  1621  4427 D BatteryStatsManagerStub: notifyEvent for resId=256 used 1ms
03-02 09:56:52.140  1621  4238 D ShortcutService: rescanPackageIfNeeded 0@com.facebook.katana, forceRescan=false , isNewApp=false
03-02 09:56:52.142  1621  1842 I MiuiNetworkPolicy: updateUidState uid = 10287, uidState = 10
03-02 09:56:52.147 27809 12982 I NetworkScheduler.Stats: (REDACTED) Task %s/%s started execution. cause:%s exec_start_elapsed_seconds: %s
03-02 09:56:52.151  1621  1842 I MiuiNetworkPolicy: updateUidState uid = 10287, uidState = 19
03-02 09:56:52.158  1621  2194 D Aurogon :  packageName = com.google.android.gms isAllowWakeUpList 
03-02 09:56:52.160  1621  4427 D ShortcutService: rescanPackageIfNeeded 0@com.facebook.katana, forceRescan=false , isNewApp=false
03-02 09:56:52.161 27809 12984 I NetworkScheduler.Stats: (REDACTED) Task %s/%s finished executing. cause:%s result: %s elapsed_millis: %s uptime_millis: %s exec_start_elapsed_seconds: %s
03-02 09:56:52.165  1621  1922 I SmartPower: com.whatsapp/10300(31638): background->idle(3003ms) R(broadcast start Intent { act=android.intent.action.BATTERY_CHANGED flg=0x60000010 (has extras) }) adj=700.
03-02 09:56:52.166  1621  1922 I SmartPower: com.instagram.android/10301(10452): background->idle(3003ms) R(broadcast start Intent { act=android.intent.action.BATTERY_CHANGED flg=0x60000010 (has extras) }) adj=905.
03-02 09:56:52.185 32297 32297 D ScrollerOptimizationManager: registerConfigChangedListener
03-02 09:56:52.186  1621  2740 D Aurogon :  packageName = com.google.android.gms isAllowWakeUpList 
03-02 09:56:52.206 32297 32297 D ScrollerOptimizationManager: registerConfigChangedListener
03-02 09:56:52.208 32297 32297 I softnation.Ojam: hiddenapi: Accessing hidden field Landroid/widget/ScrollView;->mScroller:Landroid/widget/OverScroller; (runtime_flags=0, domain=platform, api=unsupported) from Lcom/facebook/react/views/scroll/ReactScrollView; (domain=app, TargetSdkVersion=36) using reflection: allowed
03-02 09:56:52.256  1621  1947 D ShortcutService: Getting shortcuts for launcher= com.android.systemuiuser=0 pkg=com.facebook.katana
03-02 09:56:52.257  1621  1946 D ShortcutService: Saving package item com.facebook.katana to /data/system_ce/0/shortcut_service/packages/com.facebook.katana.xml
03-02 09:56:52.258  1621  1947 D ShortcutService: Getting shortcuts for launcher= com.miui.homeuser=0 pkg=com.facebook.katana
03-02 09:56:52.269  1999  1999 D Launcher.Model: LauncherAppsCallback onShortcutsChanged|com.facebook.katana|UserHandle{0}|false
03-02 09:56:52.452   861   947 I libPerfCtl: xgfGetFPS pid:2363 fps:-1
03-02 09:56:52.468 32297 12951 W unknown:ReactNative: StatusBarModule: Ignored status bar change, current activity is edge-to-edge.
03-02 09:56:52.469 32297 12951 W unknown:ReactNative: StatusBarModule: Ignored status bar change, current activity is edge-to-edge.
03-02 09:56:52.483  1621  1918 E HyperSentinel: -------------------------------------------------------
03-02 09:56:52.483  1621  1918 E HyperSentinel: Event_OpenFileFDSize
03-02 09:56:52.483  1621  1918 E HyperSentinel: -> audit event by proc 1621 "system_server": Fd increasement, peak, 844 -> 1051
03-02 09:56:52.484  1621  1917 D MiuiSentinelService: begin judgment FdAmountLeakException
03-02 09:56:52.508 32297 32297 W [RNScreens]: backTitleVisible prop is not available on Android
03-02 09:56:52.508 32297 32297 W [RNScreens]: backTitleFontFamily prop is not available on Android
03-02 09:56:52.509 32297 32297 W [RNScreens]: disableBackButtonMenu prop is not available on Android
03-02 09:56:52.509 32297 32297 W [RNScreens]: largeTitleFontFamily prop is not available on Android
03-02 09:56:52.509 32297 32297 W [RNScreens]: largeTitleFontWeight prop is not available on Android
03-02 09:56:52.509 32297 32297 W [RNScreens]: largeTitleHideShadow prop is not available on Android
03-02 09:56:52.546 32297 32297 I ReactNative: [GESTURE HANDLER] Initialize gesture handler for root view com.facebook.react.runtime.ReactSurfaceView{992c5e9 V.E...... ......ID 0,0-1080,2460 #1}
03-02 09:56:52.570  1621  1922 I SmartPower: com.google.android.inputmethod.latin/10179(2526): background->idle(3002ms) R(become invisible) adj=100.
03-02 09:56:52.625  2246  2407 E NetlinkUtils: receiveNetlinkAck, errmsg=NetlinkErrorMessage{ nlmsghdr{StructNlMsgHdr{ nlmsg_len{100}, nlmsg_type{2()}, nlmsg_flags{0()}, nlmsg_seq{1}, nlmsg_pid{-1600676262} }}, nlmsgerr{StructNlMsgErr{ error{-2}, msg{StructNlMsgHdr{ nlmsg_len{80}, nlmsg_type{256()}, nlmsg_flags{261(NLM_F_REQUEST|NLM_F_ACK|NLM_F_ROOT)}, nlmsg_seq{1}, nlmsg_pid{0} }} }} }
03-02 09:56:52.626  1621  4431 D AS.BtHelper: isBluetoothScoOn() mBluetoothHeadset is null: falsemBluetoothHeadsetDevice is null: true
03-02 09:56:52.626  1621  4431 V AS.AudioDeviceBroker: requestedCommunicationDevice: null mAudioModeOwner: AudioModeInfo: mMode=MODE_NORMAL, mPid=0, mUid=0
03-02 09:56:52.626  2246  2407 W Tethering: [BpfCoordinator] WARN Failed to update conntrack entry (proto: 6, src4: /10.45.118.132, srcPort: 63768, dst4: /140.82.114.21, dstPort: 443), msg: 50000000000105010100000000000000020000003400018014000180080001000A2D7684080002008C5272151C000280050001000600000006000200F91800000600030001BB00000800070000069780, e: android.system.ErrnoException: NetlinkErrorMessage{ nlmsghdr{StructNlMsgHdr{ nlmsg_len{100}, nlmsg_type{2()}, nlmsg_flags{0()}, nlmsg_seq{1}, nlmsg_pid{-1600676262} }}, nlmsgerr{StructNlMsgErr{ error{-2}, msg{StructNlMsgHdr{ nlmsg_len{80}, nlmsg_type{256()}, nlmsg_flags{261(NLM_F_REQUEST|NLM_F_ACK|NLM_F_ROOT)}, nlmsg_seq{1}, nlmsg_pid{0} }} }} } failed: ENOENT (No such file or directory)
03-02 09:56:52.627  1621  4431 D AS.BtHelper: isBluetoothScoOn() mBluetoothHeadset is null: falsemBluetoothHeadsetDevice is null: true
03-02 09:56:52.627  1621  4431 V AS.AudioDeviceBroker: requestedCommunicationDevice: null mAudioModeOwner: AudioModeInfo: mMode=MODE_NORMAL, mPid=0, mUid=0
03-02 09:56:52.628  2246  2407 E NetlinkUtils: receiveNetlinkAck, errmsg=NetlinkErrorMessage{ nlmsghdr{StructNlMsgHdr{ nlmsg_len{100}, nlmsg_type{2()}, nlmsg_flags{0()}, nlmsg_seq{1}, nlmsg_pid{-188362234} }}, nlmsgerr{StructNlMsgErr{ error{-2}, msg{StructNlMsgHdr{ nlmsg_len{80}, nlmsg_type{256()}, nlmsg_flags{261(NLM_F_REQUEST|NLM_F_ACK|NLM_F_ROOT)}, nlmsg_seq{1}, nlmsg_pid{0} }} }} }
03-02 09:56:52.629  2246  2407 W Tethering: [BpfCoordinator] WARN Failed to update conntrack entry (proto: 6, src4: /10.45.118.132, srcPort: 63770, dst4: /140.82.121.5, dstPort: 443), msg: 50000000000105010100000000000000020000003400018014000180080001000A2D7684080002008C5279051C000280050001000600000006000200F91A00000600030001BB00000800070000069780, e: android.system.ErrnoException: NetlinkErrorMessage{ nlmsghdr{StructNlMsgHdr{ nlmsg_len{100}, nlmsg_type{2()}, nlmsg_flags{0()}, nlmsg_seq{1}, nlmsg_pid{-188362234} }}, nlmsgerr{StructNlMsgErr{ error{-2}, msg{StructNlMsgHdr{ nlmsg_len{80}, nlmsg_type{256()}, nlmsg_flags{261(NLM_F_REQUEST|NLM_F_ACK|NLM_F_ROOT)}, nlmsg_seq{1}, nlmsg_pid{0} }} }} } failed: ENOENT (No such file or directory)
03-02 09:56:52.643  2246  2407 E NetlinkUtils: receiveNetlinkAck, errmsg=NetlinkErrorMessage{ nlmsghdr{StructNlMsgHdr{ nlmsg_len{100}, nlmsg_type{2()}, nlmsg_flags{0()}, nlmsg_seq{1}, nlmsg_pid{-358377185} }}, nlmsgerr{StructNlMsgErr{ error{-2}, msg{StructNlMsgHdr{ nlmsg_len{80}, nlmsg_type{256()}, nlmsg_flags{261(NLM_F_REQUEST|NLM_F_ACK|NLM_F_ROOT)}, nlmsg_seq{1}, nlmsg_pid{0} }} }} }
03-02 09:56:52.644  2246  2407 W Tethering: [BpfCoordinator] WARN Failed to update conntrack entry (proto: 6, src4: /10.45.118.132, srcPort: 63794, dst4: /140.82.114.22, dstPort: 443), msg: 50000000000105010100000000000000020000003400018014000180080001000A2D7684080002008C5272161C000280050001000600000006000200F93200000600030001BB00000800070000069780, e: android.system.ErrnoException: NetlinkErrorMessage{ nlmsghdr{StructNlMsgHdr{ nlmsg_len{100}, nlmsg_type{2()}, nlmsg_flags{0()}, nlmsg_seq{1}, nlmsg_pid{-358377185} }}, nlmsgerr{StructNlMsgErr{ error{-2}, msg{StructNlMsgHdr{ nlmsg_len{80}, nlmsg_type{256()}, nlmsg_flags{261(NLM_F_REQUEST|NLM_F_ACK|NLM_F_ROOT)}, nlmsg_seq{1}, nlmsg_pid{0} }} }} } failed: ENOENT (No such file or directory)
03-02 09:56:52.645  2246  2407 E NetlinkUtils: receiveNetlinkAck, errmsg=NetlinkErrorMessage{ nlmsghdr{StructNlMsgHdr{ nlmsg_len{100}, nlmsg_type{2()}, nlmsg_flags{0()}, nlmsg_seq{1}, nlmsg_pid{-534736596} }}, nlmsgerr{StructNlMsgErr{ error{-2}, msg{StructNlMsgHdr{ nlmsg_len{80}, nlmsg_type{256()}, nlmsg_flags{261(NLM_F_REQUEST|NLM_F_ACK|NLM_F_ROOT)}, nlmsg_seq{1}, nlmsg_pid{0} }} }} }
03-02 09:56:52.646  2246  2407 W Tethering: [BpfCoordinator] WARN Failed to update conntrack entry (proto: 6, src4: /10.45.118.132, srcPort: 63775, dst4: /2.16.55.31, dstPort: 443), msg: 50000000000105010100000000000000020000003400018014000180080001000A2D7684080002000210371F1C000280050001000600000006000200F91F00000600030001BB00000800070000069780, e: android.system.ErrnoException: NetlinkErrorMessage{ nlmsghdr{StructNlMsgHdr{ nlmsg_len{100}, nlmsg_type{2()}, nlmsg_flags{0()}, nlmsg_seq{1}, nlmsg_pid{-534736596} }}, nlmsgerr{StructNlMsgErr{ error{-2}, msg{StructNlMsgHdr{ nlmsg_len{80}, nlmsg_type{256()}, nlmsg_flags{261(NLM_F_REQUEST|NLM_F_ACK|NLM_F_ROOT)}, nlmsg_seq{1}, nlmsg_pid{0} }} }} } failed: ENOENT (No such file or directory)
03-02 09:56:52.685 32297 13025 D nativeloader: Load /data/app/~~Bh61wenJZi6JNVEuOkVQfQ==/com.softnation.Ojam-nnCVAdHxKfOmup5FCuBDYQ==/base.apk!/lib/arm64-v8a/libimagepipeline.so using class loader ns clns-7 (caller=/data/app/~~Bh61wenJZi6JNVEuOkVQfQ==/com.softnation.Ojam-nnCVAdHxKfOmup5FCuBDYQ==/base.apk!classes20.dex): ok
03-02 09:56:52.711  2246  2407 E NetlinkUtils: receiveNetlinkAck, errmsg=NetlinkErrorMessage{ nlmsghdr{StructNlMsgHdr{ nlmsg_len{100}, nlmsg_type{2()}, nlmsg_flags{0()}, nlmsg_seq{1}, nlmsg_pid{-1634442672} }}, nlmsgerr{StructNlMsgErr{ error{-2}, msg{StructNlMsgHdr{ nlmsg_len{80}, nlmsg_type{256()}, nlmsg_flags{261(NLM_F_REQUEST|NLM_F_ACK|NLM_F_ROOT)}, nlmsg_seq{1}, nlmsg_pid{0} }} }} }
03-02 09:56:52.711  2246  2407 W Tethering: [BpfCoordinator] WARN Failed to update conntrack entry (proto: 6, src4: /10.45.118.132, srcPort: 63775, dst4: /2.16.55.31, dstPort: 443), msg: 50000000000105010100000000000000020000003400018014000180080001000A2D7684080002000210371F1C000280050001000600000006000200F91F00000600030001BB00000800070000069780, e: android.system.ErrnoException: NetlinkErrorMessage{ nlmsghdr{StructNlMsgHdr{ nlmsg_len{100}, nlmsg_type{2()}, nlmsg_flags{0()}, nlmsg_seq{1}, nlmsg_pid{-1634442672} }}, nlmsgerr{StructNlMsgErr{ error{-2}, msg{StructNlMsgHdr{ nlmsg_len{80}, nlmsg_type{256()}, nlmsg_flags{261(NLM_F_REQUEST|NLM_F_ACK|NLM_F_ROOT)}, nlmsg_seq{1}, nlmsg_pid{0} }} }} } failed: ENOENT (No such file or directory)
03-02 09:56:52.714 32297 12951 I MediaController: Init de34026 [AndroidXMedia3/1.8.0] [tides, 2404ARN45A, Xiaomi, 35]
03-02 09:56:52.715  2246  2407 E NetlinkUtils: receiveNetlinkAck, errmsg=NetlinkErrorMessage{ nlmsghdr{StructNlMsgHdr{ nlmsg_len{100}, nlmsg_type{2()}, nlmsg_flags{0()}, nlmsg_seq{1}, nlmsg_pid{-1339739893} }}, nlmsgerr{StructNlMsgErr{ error{-2}, msg{StructNlMsgHdr{ nlmsg_len{80}, nlmsg_type{256()}, nlmsg_flags{261(NLM_F_REQUEST|NLM_F_ACK|NLM_F_ROOT)}, nlmsg_seq{1}, nlmsg_pid{0} }} }} }
03-02 09:56:52.715  2246  2407 W Tethering: [BpfCoordinator] WARN Failed to update conntrack entry (proto: 6, src4: /10.45.118.132, srcPort: 63770, dst4: /140.82.121.5, dstPort: 443), msg: 50000000000105010100000000000000020000003400018014000180080001000A2D7684080002008C5279051C000280050001000600000006000200F91A00000600030001BB00000800070000069780, e: android.system.ErrnoException: NetlinkErrorMessage{ nlmsghdr{StructNlMsgHdr{ nlmsg_len{100}, nlmsg_type{2()}, nlmsg_flags{0()}, nlmsg_seq{1}, nlmsg_pid{-1339739893} }}, nlmsgerr{StructNlMsgErr{ error{-2}, msg{StructNlMsgHdr{ nlmsg_len{80}, nlmsg_type{256()}, nlmsg_flags{261(NLM_F_REQUEST|NLM_F_ACK|NLM_F_ROOT)}, nlmsg_seq{1}, nlmsg_pid{0} }} }} } failed: ENOENT (No such file or directory)
03-02 09:56:52.718  2246  2407 E NetlinkUtils: receiveNetlinkAck, errmsg=NetlinkErrorMessage{ nlmsghdr{StructNlMsgHdr{ nlmsg_len{100}, nlmsg_type{2()}, nlmsg_flags{0()}, nlmsg_seq{1}, nlmsg_pid{-548255388} }}, nlmsgerr{StructNlMsgErr{ error{-2}, msg{StructNlMsgHdr{ nlmsg_len{80}, nlmsg_type{256()}, nlmsg_flags{261(NLM_F_REQUEST|NLM_F_ACK|NLM_F_ROOT)}, nlmsg_seq{1}, nlmsg_pid{0} }} }} }
03-02 09:56:52.719  2246  2407 W Tethering: [BpfCoordinator] WARN Failed to update conntrack entry (proto: 6, src4: /10.45.118.132, srcPort: 63794, dst4: /140.82.114.22, dstPort: 443), msg: 50000000000105010100000000000000020000003400018014000180080001000A2D7684080002008C5272161C000280050001000600000006000200F93200000600030001BB00000800070000069780, e: android.system.ErrnoException: NetlinkErrorMessage{ nlmsghdr{StructNlMsgHdr{ nlmsg_len{100}, nlmsg_type{2()}, nlmsg_flags{0()}, nlmsg_seq{1}, nlmsg_pid{-548255388} }}, nlmsgerr{StructNlMsgErr{ error{-2}, msg{StructNlMsgHdr{ nlmsg_len{80}, nlmsg_type{256()}, nlmsg_flags{261(NLM_F_REQUEST|NLM_F_ACK|NLM_F_ROOT)}, nlmsg_seq{1}, nlmsg_pid{0} }} }} } failed: ENOENT (No such file or directory)
03-02 09:56:52.723  2246  2407 E NetlinkUtils: receiveNetlinkAck, errmsg=NetlinkErrorMessage{ nlmsghdr{StructNlMsgHdr{ nlmsg_len{100}, nlmsg_type{2()}, nlmsg_flags{0()}, nlmsg_seq{1}, nlmsg_pid{-1791945662} }}, nlmsgerr{StructNlMsgErr{ error{-2}, msg{StructNlMsgHdr{ nlmsg_len{80}, nlmsg_type{256()}, nlmsg_flags{261(NLM_F_REQUEST|NLM_F_ACK|NLM_F_ROOT)}, nlmsg_seq{1}, nlmsg_pid{0} }} }} }
03-02 09:56:52.724  2246  2407 W Tethering: [BpfCoordinator] WARN Failed to update conntrack entry (proto: 6, src4: /10.45.118.132, srcPort: 63768, dst4: /140.82.114.21, dstPort: 443), msg: 50000000000105010100000000000000020000003400018014000180080001000A2D7684080002008C5272151C000280050001000600000006000200F91800000600030001BB00000800070000069780, e: android.system.ErrnoException: NetlinkErrorMessage{ nlmsghdr{StructNlMsgHdr{ nlmsg_len{100}, nlmsg_type{2()}, nlmsg_flags{0()}, nlmsg_seq{1}, nlmsg_pid{-1791945662} }}, nlmsgerr{StructNlMsgErr{ error{-2}, msg{StructNlMsgHdr{ nlmsg_len{80}, nlmsg_type{256()}, nlmsg_flags{261(NLM_F_REQUEST|NLM_F_ACK|NLM_F_ROOT)}, nlmsg_seq{1}, nlmsg_pid{0} }} }} } failed: ENOENT (No such file or directory)
03-02 09:56:52.901  1055  1186 D connsyslogger: SD_LOG_ROOT is /data/debuglogger/connsyslog/fw.
03-02 09:56:52.901  1055  1186 D connsyslogger: systemReady:1
03-02 09:56:52.909 32297 13031 D nativeloader: Load /data/app/~~Bh61wenJZi6JNVEuOkVQfQ==/com.softnation.Ojam-nnCVAdHxKfOmup5FCuBDYQ==/base.apk!/lib/arm64-v8a/libnative-imagetranscoder.so using class loader ns clns-7 (caller=/data/app/~~Bh61wenJZi6JNVEuOkVQfQ==/com.softnation.Ojam-nnCVAdHxKfOmup5FCuBDYQ==/base.apk!classes20.dex): ok
03-02 09:56:52.916 32297 13032 D skia    : SkJpegCodec::onGetPixels + (1365, 2048)
03-02 09:56:52.916 32297 13033 D skia    : SkJpegCodec::onGetPixels + (1080, 1447)
03-02 09:56:52.919 32297 13032 I DMABUFHEAPS: Using DMA-BUF heap named: mtk_mm
03-02 09:56:52.919 32297 13033 I DMABUFHEAPS: Using DMA-BUF heap named: mtk_mm
03-02 09:56:52.919 32297 13033 D skia    : stream getLength() not supported, use temp buffer for loading stream, buffer addr 0x7bd6a1d000 length 129018
03-02 09:56:52.920 32297 13032 D skia    : stream getLength() not supported, use temp buffer for loading stream, buffer addr 0x7bed62a000 length 114202
03-02 09:56:52.920 32297 13032 D skia    : LoadInputStreamToMem va 0x7bed62a000  size 116480
03-02 09:56:52.920 32297 13033 D skia    : LoadInputStreamToMem va 0x7bd6a1d000  size 131200
03-02 09:56:52.922 32297 13033 D libjpeg-alpha: Huffman Builder run in subthread
03-02 09:56:52.922 32297 13032 D libjpeg-alpha: Huffman Builder run in subthread
03-02 09:56:52.925 32297 13032 D libjpeg-alpha: Tile Decoder (#thread:4, size:512 256 256 341x512, alignment:256x16)
03-02 09:56:52.927 32297 13035 D libjpeg-alpha: Corrupt JPEG data: 31326 extraneous bytes before marker 0xda
03-02 09:56:52.929 32297 32297 W Looper  : PerfMonitor doFrame : time=452ms vsyncFrame=19589704 latency=1ms procState=-1
03-02 09:56:52.931 32297 13033 D libjpeg-alpha: Tile Decoder (#thread:4, size:256 256 256 312x368, alignment:256x16)
03-02 09:56:52.937 32297 13039 D skia    : SkJpegCodec::onGetPixels + (1365, 2048)
03-02 09:56:52.938 32297 13039 I DMABUFHEAPS: Using DMA-BUF heap named: mtk_mm
03-02 09:56:52.939 32297 32297 D UserSceneDetector: invoke error.
03-02 09:56:52.940 32297 13039 D skia    : stream getLength() not supported, use temp buffer for loading stream, buffer addr 0x7bde9fa000 length 115924
03-02 09:56:52.940 32297 13039 D skia    : LoadInputStreamToMem va 0x7bde9fa000  size 118144
03-02 09:56:52.946 32297 13039 D libjpeg-alpha: Huffman Builder run in subthread
03-02 09:56:52.947  2350  2350 W Settings: Setting airplane_mode_on has moved from android.provider.Settings.System to android.provider.Settings.Global, returning read-only value.
03-02 09:56:52.950 32297 13039 D libjpeg-alpha: Tile Decoder (#thread:4, size:512 256 256 341x512, alignment:256x16)
03-02 09:56:52.951  2350  2350 W Settings: Setting airplane_mode_on has moved from android.provider.Settings.System to android.provider.Settings.Global, returning read-only value.
03-02 09:56:52.952 32297 13045 D libjpeg-alpha: Corrupt JPEG data: 33397 extraneous bytes before marker 0xda
03-02 09:56:52.952  1621  4431 D MiuiRefreshRatePolicy: reset
03-02 09:56:52.955  1999  1999 D TouchInteractionService: onSystemUiFlagsChanged, mSystemUiStateFlags=10000000
03-02 09:56:52.957 32297 32297 D VRI[MainActivity]: vri.reportNextDraw android.view.ViewRootImpl.performTraversals:4984 android.view.ViewRootImpl.doTraversal:3564 android.view.ViewRootImpl$TraversalRunnable.run:11781 android.view.Choreographer$CallbackRecord.run:1804 android.view.Choreographer$CallbackRecord.run:1813 
03-02 09:56:52.958 32297 32297 W Looper  : PerfMonitor doFrame : time=20ms vsyncFrame=19589706 latency=395ms procState=-1 historyMsgCount=9 (msgIndex=1 wall=452ms seq=898 late=1ms h=android.view.Choreographer$FrameHandler c=android.view.Choreographer$FrameDisplayEventReceiver)
03-02 09:56:52.960  2350 29580 D NetworkSpeedTracker: updateSignalInfo lteRsrp=-90lteSnr=13,phoneId=1
03-02 09:56:52.964  1621  1651 I ActivityTaskManager: visible for Task{536d768 #37014 type=standard A=10337:com.softnation.Ojam} visible = true isAnimating = false TRANSITION = false PARENTS = false CHILDREN = false
03-02 09:56:52.969  2350 29580 D NetworkSpeedTracker: updateSignalInfo lteRsrp=-90lteSnr=13,phoneId=1
03-02 09:56:52.973  1621  1918 E HyperSentinel: -------------------------------------------------------
03-02 09:56:52.974 32297 13033 D skia    : SkJpegCodec::onGetPixels -
03-02 09:56:52.975  1621  1918 E HyperSentinel: Event_ThreadAmount
03-02 09:56:52.975  1621  1918 E HyperSentinel: -> audit event by proc 32297 "usap64": running threads amount, 45 -> 78
03-02 09:56:52.976  1621  1917 D MiuiSentinelService: begin judgment ThreadAmountLeakException
03-02 09:56:52.976  1621  1917 E MiuiSentinelMemoryManager: getThreadinfo: usap64#32297
03-02 09:56:53.006 32297 13036 D libjpeg-alpha: Corrupt JPEG data: bad Huffman code
03-02 09:56:53.010 32297 32297 I ExoPlayerImpl: Init f8dc882 [AndroidXMedia3/1.8.0] [tides, 2404ARN45A, Xiaomi, 35]
03-02 09:56:53.041 32297 13041 D libjpeg-alpha: Corrupt JPEG data: premature end of data segment
03-02 09:56:53.052 32297 13032 D skia    : SkJpegCodec::onGetPixels -
03-02 09:56:53.065 32297 13047 D libjpeg-alpha: Corrupt JPEG data: premature end of data segment
03-02 09:56:53.069 32297 32297 I softnation.Ojam: hiddenapi: Accessing hidden method Landroid/media/AudioTrack;->getLatency()I (runtime_flags=0, domain=platform, api=unsupported) from Landroidx/media3/exoplayer/audio/AudioTrackPositionTracker; (domain=app, TargetSdkVersion=36) using reflection: allowed
03-02 09:56:53.070 32297 13039 D skia    : SkJpegCodec::onGetPixels -
03-02 09:56:53.143   894 12766 V audio_utils::mutex: mutex_impl: audio_mutex initialized: ret:0  order:20
03-02 09:56:53.144   894 12766 V audio_utils::mutex: mutex_impl: audio_mutex initialized: ret:0  order:20
03-02 09:56:53.144   894 12766 V audio_utils::mutex: mutex_impl: audio_mutex initialized: ret:0  order:20
03-02 09:56:53.144   894 12766 V audio_utils::mutex: mutex_impl: audio_mutex initialized: ret:0  order:20
03-02 09:56:53.144   894  1367 D AudioFlinger_Threads: updateWakeLockUids_l AudioOut_25 uids:
03-02 09:56:53.144   894  1351 D AudioFlinger_Threads: updateWakeLockUids_l AudioOut_1D uids:
03-02 09:56:53.144   894  1349 D AudioFlinger_Threads: updateWakeLockUids_l AudioOut_15 uids:
03-02 09:56:53.144   894  1325 D AudioFlinger_Threads: updateWakeLockUids_l AudioOut_D uids:
03-02 09:56:53.173  2350  2350 W Settings: Setting airplane_mode_on has moved from android.provider.Settings.System to android.provider.Settings.Global, returning read-only value.
03-02 09:56:53.180  2350  2350 W Settings: Setting airplane_mode_on has moved from android.provider.Settings.System to android.provider.Settings.Global, returning read-only value.
03-02 09:56:53.184  1621  1856 D ConnectivityService: NetReassign [no changes] [c 1] [a 2] [i 7]
03-02 09:56:53.184  2350 29580 D NetworkSpeedTracker: updateNwSignalInfo not allowed ,ignore
03-02 09:56:53.190  2350 29580 D NetworkSpeedTracker: updateNwSignalInfo not allowed ,ignore
03-02 09:56:53.222 32297 32297 I MediaSessionImpl: Init 3fc47f5 [AndroidXMedia3/1.8.0] [tides, 2404ARN45A, Xiaomi, 35]
03-02 09:56:53.270 32297 32297 I MediaSessionCompat: Couldn't find a unique registered media button receiver in the given context.
03-02 09:56:53.279  1621  4427 I MediaSessionStack: addSession to bottom of stack | record: com.softnation.Ojam/androidx.media3.session.id./71 (userId=0)
03-02 09:56:53.279  1621  4427 D MediaSessionService: Media button session is changed to com.softnation.Ojam/androidx.media3.session.id./71 (userId=0)
03-02 09:56:53.284  2363  3215 I ActiveAudioSessionManager_export-api: controllerSize:0
03-02 09:56:53.284 18562 18562 W MediaPlayerList: onMediaKeyEventSessionChanged(Token): android.media.session.MediaSession$Token@ca3e2eb
03-02 09:56:53.284  2363  3215 I ActiveAudioSessionManager_export-api: stopPositionCallbackTask
03-02 09:56:53.285  2363  3215 I ActiveAudioSessionManager_export-api: dispatchSessionsExistsChangeCallbackLocked :false
03-02 09:56:53.285  2363  3215 I ActiveAudioSessionManager_export-api: controllerSize:0
03-02 09:56:53.285  2363  3215 I ActiveAudioSessionManager_export-api: stopPositionCallbackTask
03-02 09:56:53.285  2363  3215 I ActiveAudioSessionManager_export-api: dispatchSessionsExistsChangeCallbackLocked :false
03-02 09:56:53.285  1621  1918 E HyperSentinel: -------------------------------------------------------
03-02 09:56:53.285  1621  1918 E HyperSentinel: Event_ResidentSize
03-02 09:56:53.286  1621  1918 E HyperSentinel: -> audit event by proc 32297 "usap64": RSS increasement, peak 362796kb -> 544304kb
03-02 09:56:53.286  1621  1917 D MiuiSentinelService: begin judgmentRssLeakException
03-02 09:56:53.286  1621  1917 E MiuiSentinelMemoryManager: getRSSinfo: usap64#32297
03-02 09:56:53.286  2363 19600 I ActiveAudioSessionManager_export-api: controllerSize:0
03-02 09:56:53.286  1621  1917 D MiuiSentinelMemoryManager: cmdline: usap64, pid: 32297, RSSsize:544304
03-02 09:56:53.286  2363 19600 I ActiveAudioSessionManager_export-api: stopPositionCallbackTask
03-02 09:56:53.286  2363 19600 I ActiveAudioSessionManager_export-api: dispatchSessionsExistsChangeCallbackLocked :false
03-02 09:56:53.286  2363 19600 I MiPlayServiceAdapter: markSessionKilled
03-02 09:56:53.287  2363 19600 I ActiveAudioSessionManager_export-api: controllerSize:0
03-02 09:56:53.287  2363 19600 I ActiveAudioSessionManager_export-api: stopPositionCallbackTask
03-02 09:56:53.287  2363 19600 I ActiveAudioSessionManager_export-api: dispatchSessionsExistsChangeCallbackLocked :false
03-02 09:56:53.287  2363 19600 I MiPlayServiceAdapter: markSessionKilled
03-02 09:56:53.290  1621  1917 W MiuiSentinelMemoryManager: The current process type does not meet reporting requirements
03-02 09:56:53.291 18562 18562 I MediaPlayerList: Adding wrapped media player: com.softnation.Ojam at key: 1
03-02 09:56:53.291 18562 18562 I MediaPlayerList: onMediaKeyEventSessionChanged: token=com.softnation.Ojam
03-02 09:56:53.295 18562 18562 D MediaPlayerList: setActivePlayer(): setting player to com.softnation.Ojam
03-02 09:56:53.297  1621  4427 I MediaSessionService: tempAllowlistTargetPkgIfPossible callingPackage:com.android.bluetooth targetPackage:com.softnation.Ojam reason:MediaSessionRecord:android.support.v4.media.session.command.GET_EXTRA_BINDER [WIU] [FGS]
03-02 09:56:53.303  1621  1746 E JobScheduler.Background: Couldn't determine stopped state for unknown package: com.google.android.apps.turbo
03-02 09:56:53.304  1621  1746 E JobScheduler.Background: Couldn't determine stopped state for unknown package: com.google.android.apps.turbo
03-02 09:56:53.304  1621  1746 E JobScheduler.Background: Couldn't determine stopped state for unknown package: com.google.android.apps.turbo
03-02 09:56:53.304  1621  1746 E JobScheduler.Background: Couldn't determine stopped state for unknown package: com.google.android.apps.turbo
03-02 09:56:53.304  1621  1746 E JobScheduler.Background: Couldn't determine stopped state for unknown package: com.google.android.apps.turbo
03-02 09:56:53.308 18562 18562 D MediaPlayerList: sendMediaUpdate
03-02 09:56:53.308 18562 18562 I MediaPlayerList: sendMediaUpdate: Creating a one item queue for a player with no queue
03-02 09:56:53.309 18562 18562 D MediaPlayerList: sendMediaUpdate state=null
03-02 09:56:53.309 18562 18562 D AvrcpTargetService: onMediaUpdated: track_changed=true state=false queue=true
03-02 09:56:53.309 18562 18562 D AvrcpNativeInterface: sendMediaUpdate: metadata=true playStatus=false queue=true
03-02 09:56:53.309 18562 18562 I bluetooth: avrcp_service.cc:648 SendMediaUpdate: track_changed=true :  play_state=false :  queue=true
03-02 09:56:53.309 18562 18562 V MediaPlayerList: onActiveSessionsChanged: number of controllers: 0
03-02 09:56:53.320 18562 18562 I PlayerSettingsManager: getPlayerRepeatMode: no active player
03-02 09:56:53.320 18562 18562 I PlayerSettingsManager: getPlayerShuffleMode: no active player
03-02 09:56:53.320 18562 18562 I PlayerSettingsManager: updateRemoteDevice: STATE_REPEAT_OFF, STATE_SHUFFLE_OFF
03-02 09:56:53.320 18562 18562 I bluetooth: avrcp_service.cc:685 SendPlayerSettingsChanged: 
03-02 09:56:53.320 18562 18562 I bluetooth: avrcp_service.cc:699 SendPlayerSettingsChanged: attribute=PlayerAttribute::REPEAT : value=PlayerRepeatValue::OFF
03-02 09:56:53.320 18562 18562 I bluetooth: attribute=PlayerAttribute::SHUFFLE : value=PlayerShuffleValue::OFF
03-02 09:56:53.320 18562 18562 V MediaPlayerList: onActiveSessionsChanged: number of controllers: 0
03-02 09:56:53.320 18562 18562 I PlayerSettingsManager: getPlayerRepeatMode: no active player
03-02 09:56:53.320 18562 18562 I PlayerSettingsManager: getPlayerShuffleMode: no active player
03-02 09:56:53.320 18562 18562 I PlayerSettingsManager: updateRemoteDevice: STATE_REPEAT_OFF, STATE_SHUFFLE_OFF
03-02 09:56:53.320 18562 18562 I bluetooth: avrcp_service.cc:685 SendPlayerSettingsChanged: 
03-02 09:56:53.321 18562 18562 I bluetooth: avrcp_service.cc:699 SendPlayerSettingsChanged: attribute=PlayerAttribute::REPEAT : value=PlayerRepeatValue::OFF
03-02 09:56:53.321 18562 18562 I bluetooth: attribute=PlayerAttribute::SHUFFLE : value=PlayerShuffleValue::OFF
03-02 09:56:53.322 18562 18562 D AudioMediaPlayerWrapper: com.softnation.Ojam: isPlaybackStateReady(): PlaybackState is null
03-02 09:56:53.322 18562 18562 V AudioMediaPlayerWrapper: onQueueChanged(): com.softnation.Ojam tried to update with no queue
03-02 09:56:53.344  1621  4431 D MediaSessionService: onSessionPlaybackStateChanged: record=com.softnation.Ojam/androidx.media3.session.id./71 (userId=0) playbackState=PlaybackState {state=NONE(0), position=0, buffered position=0, speed=0.0, updated=1024772759, actions=7339653, custom actions=[], active item id=0, error=null}
03-02 09:56:53.345  1621  4431 D MediaSessionService: onSessionActiveStateChanged: record=com.softnation.Ojam/androidx.media3.session.id./71 (userId=0) playbackState=PlaybackState {state=NONE(0), position=0, buffered position=0, speed=0.0, updated=1024772759, actions=7339653, custom actions=[], active item id=0, error=null}
03-02 09:56:53.345 18562 18562 D AudioMediaPlayerWrapper: onPlaybackStateChanged(): com.softnation.Ojam : PlaybackState {state=NONE(0), position=0, buffered position=0, speed=0.0, updated=1024772759, actions=7339653, custom actions=[], active item id=0, error=null}
03-02 09:56:53.346 18562 18562 V AudioMediaPlayerWrapper: Waiting to send update as controller has no playback state
03-02 09:56:53.349  2363 19600 I ActiveAudioSessionManager_export-api: controllerSize:1
03-02 09:56:53.349  2363 19600 I ActiveAudioSessionManager_export-api: packageName:com.softnation.Ojam
03-02 09:56:53.349  2363  3215 I ActiveAudioSessionManager_export-api: controllerSize:1
03-02 09:56:53.350  2363  3215 I ActiveAudioSessionManager_export-api: packageName:com.softnation.Ojam
03-02 09:56:53.350 18562 18562 V MediaPlayerList: onActiveSessionsChanged: number of controllers: 1
03-02 09:56:53.351 18562 18562 D MediaPlayerList: onActiveSessionsChanged: controller: com.softnation.Ojam
03-02 09:56:53.352 18562 18562 D MediaPlayerList: Already have a controller for the player: com.softnation.Ojam, updating instead
03-02 09:56:53.353  1621  2194 D MediaSessionService: onSessionPlaybackStateChanged: record=com.softnation.Ojam/androidx.media3.session.id./71 (userId=0) playbackState=PlaybackState {state=NONE(0), position=0, buffered position=0, speed=0.0, updated=1024772771, actions=7339653, custom actions=[], active item id=0, error=null}
03-02 09:56:53.356 18562 18562 D AudioMediaPlayerWrapper: com.softnation.Ojam: Controller for com.softnation.Ojam was updated.
03-02 09:56:53.365 18562 18562 D MediaPlayerList: sendMediaUpdate
03-02 09:56:53.365 18562 18562 I MediaPlayerList: sendMediaUpdate: Creating a one item queue for a player with no queue
03-02 09:56:53.365 18562 18562 D MediaPlayerList: sendMediaUpdate state=PlaybackState {state=NONE(0), position=0, buffered position=0, speed=0.0, updated=1024772771, actions=7339653, custom actions=[], active item id=0, error=null}
03-02 09:56:53.365 18562 18562 D AvrcpTargetService: onMediaUpdated: track_changed=false state=true queue=false
03-02 09:56:53.366 18562 18562 D AvrcpNativeInterface: sendMediaUpdate: metadata=false playStatus=true queue=false
03-02 09:56:53.366 18562 18562 I bluetooth: avrcp_service.cc:648 SendMediaUpdate: track_changed=false :  play_state=true :  queue=false
03-02 09:56:53.374  2363 19600 I ActiveAudioSessionManager_export-api: stopPositionCallbackTask
03-02 09:56:53.375  2363  3215 I ActiveAudioSessionManager_export-api: stopPositionCallbackTask
03-02 09:56:53.375  2363  3215 I ActiveAudioSessionManager_export-api: dispatchSessionsExistsChangeCallbackLocked :true
03-02 09:56:53.375  2363 19600 I ActiveAudioSessionManager_export-api: dispatchSessionsExistsChangeCallbackLocked :true
03-02 09:56:53.375  2363 19600 I MiPlayServiceAdapter: markSessionChange
03-02 09:56:53.375  2363 19600 I MiPlayServiceAdapter: intent to startService : 0
03-02 09:56:53.383 32297 32297 D RNTP-com.doublesymmetry.trackplayer.service.MusicService:onBind: intentAction = null
03-02 09:56:53.393 32297 32297 D RNTP-com.doublesymmetry.trackplayer.service.MusicService:onBind: intentAction = androidx.media3.session.MediaSessionService
03-02 09:56:53.400 32297 32297 D UserSceneDetector: invoke error.
03-02 09:56:53.450 32297 32297 D ScrollerOptimizationManager: registerConfigChangedListener
03-02 09:56:53.495  5969 14366 I ebcv    : (REDACTED) appOpsListener %s %s
03-02 09:56:53.496  5969 14366 I ebcv    : (REDACTED) Ignoring irrelevant audio permission changes for package %s
03-02 09:56:53.496  1621  1638 D GnssSsruImpl: onLocationPermissionsChanged provider:network packageName:com.whatsapp
03-02 09:56:53.497  1621  1638 D GnssSsruImpl: onLocationPermissionsChanged provider:passive packageName:com.whatsapp
03-02 09:56:53.506  2350  2350 D TelephonyManager: requestModemActivityInfo: Sending result to app: ModemActivityInfo{ mTimestamp=1024772925 mSleepTimeMs=619325141 mIdleTimeMs=397455167 mActivityStatsTechSpecificInfo=[{mRat=UNKNOWN,mFrequencyRange=UNKNOWN,mTxTimeMs[]=[42509, 90739, 159201, 400160, 488405],mRxTimeMs=9901299}]}
03-02 09:56:53.523 32297 32297 W Looper  : PerfMonitor doFrame : time=123ms vsyncFrame=19589708 latency=440ms procState=-1 historyMsgCount=26 (msgIndex=8 wall=421ms seq=916 late=292ms h=android.app.ActivityThread$H w=114)
03-02 09:56:53.556 32297 32297 D RNTP-com.doublesymmetry.trackplayer.service.MusicService:setupPlayer: Setting up player
03-02 09:56:53.585 32297 32297 I ExoPlayerImpl: Init 1f5ad45 [AndroidXMedia3/1.8.0] [tides, 2404ARN45A, Xiaomi, 35]
03-02 09:56:53.599 32297 32297 I ExoPlayerImpl: Release f8dc882 [AndroidXMedia3/1.8.0] [tides, 2404ARN45A, Xiaomi, 35] [media3.common, media3.session, media3.exoplayer, media3.decoder, media3.database]
03-02 09:56:53.606  1621  2194 D MediaSessionService: onSessionPlaybackStateChanged: record=com.softnation.Ojam/androidx.media3.session.id./71 (userId=0) playbackState=PlaybackState {state=NONE(0), position=0, buffered position=0, speed=0.0, updated=1024773025, actions=7339653, custom actions=[], active item id=0, error=null}
03-02 09:56:53.608  2363  3215 I ActiveSessionRecord_export-api: onPlaybackStateChanged: PlaybackState {state=NONE(0), position=0, buffered position=0, speed=0.0, updated=1024773025, actions=7339653, custom actions=[], active item id=0, error=null}
03-02 09:56:53.608  2363 19600 I ActiveSessionRecord_export-api: onPlaybackStateChanged: PlaybackState {state=NONE(0), position=0, buffered position=0, speed=0.0, updated=1024773025, actions=7339653, custom actions=[], active item id=0, error=null}
03-02 09:56:53.612  1621  2194 D MediaSessionService: onSessionPlaybackStateChanged: record=com.softnation.Ojam/androidx.media3.session.id./71 (userId=0) playbackState=PlaybackState {state=NONE(0), position=0, buffered position=0, speed=0.0, updated=1024773031, actions=7339653, custom actions=[], active item id=0, error=null}
03-02 09:56:53.613 18562 18562 D AudioMediaPlayerWrapper: onPlaybackStateChanged(): com.softnation.Ojam : PlaybackState {state=NONE(0), position=0, buffered position=0, speed=0.0, updated=1024773025, actions=7339653, custom actions=[], active item id=0, error=null}
03-02 09:56:53.614 18562 18562 W AudioMediaPlayerWrapper: onPlaybackStateChanged(): com.softnation.Ojam tried to update with no new data
03-02 09:56:53.615  2363  3215 I ActiveSessionRecord_export-api: onPlaybackStateChanged: PlaybackState {state=NONE(0), position=0, buffered position=0, speed=0.0, updated=1024773031, actions=7339653, custom actions=[], active item id=0, error=null}
03-02 09:56:53.616  2363 19600 I ActiveSessionRecord_export-api: onPlaybackStateChanged: PlaybackState {state=NONE(0), position=0, buffered position=0, speed=0.0, updated=1024773031, actions=7339653, custom actions=[], active item id=0, error=null}
03-02 09:56:53.617 18562 18562 D AudioMediaPlayerWrapper: onPlaybackStateChanged(): com.softnation.Ojam : PlaybackState {state=NONE(0), position=0, buffered position=0, speed=0.0, updated=1024773031, actions=7339653, custom actions=[], active item id=0, error=null}
03-02 09:56:53.617 18562 18562 W AudioMediaPlayerWrapper: onPlaybackStateChanged(): com.softnation.Ojam tried to update with no new data
03-02 09:56:53.623 32297 32297 D RNTP-com.doublesymmetry.trackplayer.service.MusicService:onGetSession: com.softnation.Ojam
03-02 09:56:53.631  1621  4431 D AS.BtHelper: isBluetoothScoOn() mBluetoothHeadset is null: falsemBluetoothHeadsetDevice is null: true
03-02 09:56:53.632  1621  4431 V AS.AudioDeviceBroker: requestedCommunicationDevice: null mAudioModeOwner: AudioModeInfo: mMode=MODE_NORMAL, mPid=0, mUid=0
03-02 09:56:53.632  1621  4431 D AS.BtHelper: isBluetoothScoOn() mBluetoothHeadset is null: falsemBluetoothHeadsetDevice is null: true
03-02 09:56:53.632  1621  4431 V AS.AudioDeviceBroker: requestedCommunicationDevice: null mAudioModeOwner: AudioModeInfo: mMode=MODE_NORMAL, mPid=0, mUid=0
03-02 09:56:53.632 32297 32297 I MediaController: Init 57dcba1 [AndroidXMedia3/1.8.0] [tides, 2404ARN45A, Xiaomi, 35]
03-02 09:56:53.635 32297 32297 D RNTP-com.doublesymmetry.trackplayer.service.MusicService$InnerMediaSessionCallback:onConnect: com.softnation.Ojam
03-02 09:56:53.638  1621  4431 D MediaSessionService: onSessionPlaybackStateChanged: record=com.softnation.Ojam/androidx.media3.session.id./71 (userId=0) playbackState=PlaybackState {state=NONE(0), position=0, buffered position=0, speed=0.0, updated=1024773057, actions=7339653, custom actions=[], active item id=0, error=null}
03-02 09:56:53.640 18562 18562 D AudioMediaPlayerWrapper: onPlaybackStateChanged(): com.softnation.Ojam : PlaybackState {state=NONE(0), position=0, buffered position=0, speed=0.0, updated=1024773057, actions=7339653, custom actions=[], active item id=0, error=null}
03-02 09:56:53.641 18562 18562 W AudioMediaPlayerWrapper: onPlaybackStateChanged(): com.softnation.Ojam tried to update with no new data
03-02 09:56:53.641  2363  3215 I ActiveSessionRecord_export-api: onPlaybackStateChanged: PlaybackState {state=NONE(0), position=0, buffered position=0, speed=0.0, updated=1024773057, actions=7339653, custom actions=[], active item id=0, error=null}
03-02 09:56:53.641  2363 19600 I ActiveSessionRecord_export-api: onPlaybackStateChanged: PlaybackState {state=NONE(0), position=0, buffered position=0, speed=0.0, updated=1024773057, actions=7339653, custom actions=[], active item id=0, error=null}
03-02 09:56:53.648 32297 32297 D RNTP-com.doublesymmetry.trackplayer.service.MusicService$InnerMediaSessionCallback:onConnect: com.softnation.Ojam
03-02 09:56:53.710 32297 12951 W unknown:ReactNative: StatusBarModule: Ignored status bar change, current activity is edge-to-edge.
03-02 09:56:53.710 32297 12951 W unknown:ReactNative: StatusBarModule: Ignored status bar change, current activity is edge-to-edge.
03-02 09:56:53.739  3510  3510 W libc    : Unable to set property "persist.vendor.accelerate.charge" to "false": PROP_ERROR_PERMISSION_DENIED (0x18)
03-02 09:56:53.745  1621  1621 D UiModeManager: updateConfigurationLocked: mDockState=0; mCarMode=false; mCar=false; mPowerSave=false; mOverrideNightModeOn=false; mOverrideNightModeOff=false; mComputedNightMode=true; mNightModeValue=2; uiMode=42
03-02 09:56:53.752  6027  6027 I PowerSaveService: onReceive: android.intent.action.BATTERY_CHANGED
03-02 09:56:53.753  6027  6027 I PowerNoticeUI: handleBatteryChanged oldPlugType 2 mPlugType 2 oldBatteryLevel 43 mBatteryLevel 43 temperature 410
03-02 09:56:53.754  6027  6027 I ChargerBatteryIntelligenceReceiver: onBatteryChanged temperature∩╝Ü41,plugType:2
03-02 09:56:53.754  6027  6027 D BaseChargeProtect_HighTemp: mCountByMinute:0,isScreenOn:true
03-02 09:56:53.755  6515  8142 D PowerKeeper.Thermal: mBatteryTemperature: 41
03-02 09:56:53.756  6515  8177 D PowerCheckerService: onBatteryChanged, mBatteryLevel = 43, status = 2, level = 43, plug = 2, scale = 100
03-02 09:56:53.757  6515  6997 I ProcAudioPowerManager: onBatteryChanged, onBattery is false
03-02 09:56:53.758  6515  6997 D PowerKeeper.FrozenApp: onBatteryChanged plug=true mBatteryPlugged=2
03-02 09:56:53.758  6027  6027 I android_os_HwBinder: HwBinder: Starting thread pool for getting: vendor.xiaomi.hardware.micharge@1.0::IMiCharge/default
03-02 09:56:53.763   872   908 I vendor.xiaomi.hardware.micharge@1.0-service: ReadFilePathValue path = /sys/class/power_supply/usb/real_type value = USB
03-02 09:56:53.770  6027  6027 I IMiChargeUtils: getIMiChargeStringValue method:getBatteryChargeType,value:USB
03-02 09:56:53.770  6027  6027 I IMiChargeUtils: getBatteryChargeType : USB
03-02 09:56:53.770  6027  6027 I ChargeTimeUtilsV2: chargeType:USB
03-02 09:56:53.770  6027  6027 I PowerFeatureUtils: getVendorName:mediatek
03-02 09:56:53.770  6027  6027 I PowerFeatureUtils: getVendorName:mediatek
03-02 09:56:53.786  6027  6027 I PowerSaveService: onReceive: android.intent.action.BATTERY_CHANGED
03-02 09:56:53.788  6027  6027 I PowerNoticeUI: handleBatteryChanged oldPlugType 2 mPlugType 2 oldBatteryLevel 43 mBatteryLevel 43 temperature 420
03-02 09:56:53.788  6515  8177 D PowerCheckerService: onBatteryChanged, mBatteryLevel = 43, status = 2, level = 43, plug = 2, scale = 100
03-02 09:56:53.788  6027  6027 I ChargerBatteryIntelligenceReceiver: onBatteryChanged temperature∩╝Ü42,plugType:2
03-02 09:56:53.788  6027  6027 I ChargerBatteryIntelligenceReceiver: dissmissTempFastChargeReminder not support
03-02 09:56:53.788  6027  6027 D BaseChargeProtect_HighTemp: mCountByMinute:0,isScreenOn:true
03-02 09:56:53.789  6515  6997 I ProcAudioPowerManager: onBatteryChanged, onBattery is false
03-02 09:56:53.789  6515  8142 D PowerKeeper.Thermal: mBatteryTemperature: 42
03-02 09:56:53.789  6515  6997 D PowerKeeper.FrozenApp: onBatteryChanged plug=true mBatteryPlugged=2
03-02 09:56:53.791  6027  6027 I android_os_HwBinder: HwBinder: Starting thread pool for getting: vendor.xiaomi.hardware.micharge@1.0::IMiCharge/default
03-02 09:56:53.793  1621  1621 D UiModeManager: updateConfigurationLocked: mDockState=0; mCarMode=false; mCar=false; mPowerSave=false; mOverrideNightModeOn=false; mOverrideNightModeOff=false; mComputedNightMode=true; mNightModeValue=2; uiMode=42
03-02 09:56:53.797   872   908 I vendor.xiaomi.hardware.micharge@1.0-service: ReadFilePathValue path = /sys/class/power_supply/usb/real_type value = USB
03-02 09:56:53.798  6027  6027 I IMiChargeUtils: getIMiChargeStringValue method:getBatteryChargeType,value:USB
03-02 09:56:53.799  6027  6027 I IMiChargeUtils: getBatteryChargeType : USB
03-02 09:56:53.799  6027  6027 I ChargeTimeUtilsV2: chargeType:USB
03-02 09:56:53.799  6027  6027 I PowerFeatureUtils: getVendorName:mediatek
03-02 09:56:53.799  6027  6027 I PowerFeatureUtils: getVendorName:mediatek
