03-02 11:37:17.583  2363  2477 D MulWinSwitchDecorViewModel: handleEventReceiverIfMultiWinSwitchIsUnsupported: removeEventReceiver, callers=com.android.wm.shell.multitasking.miuimultiwinswitch.miuiwindowdecor.MulWinSwitchDecorViewModel.onTaskOpening:7 com.android.wm.shell.fullscreen.FullscreenTaskListener.onTaskAppeared:97 com.android.wm.shell.ShellTaskOrganizer.onTaskAppeared:9 com.android.wm.shell.ShellTaskOrganizer.onTaskAppeared:3 android.window.TaskOrganizer$1.lambda$onTaskAppeared$5:312 
03-02 11:37:17.583   921   921 I SurfaceFlinger: onHandleDestroyed: name=Task=37045#134454, layerId=134454, parentId=0
03-02 11:37:17.583   921   921 I SurfaceFlinger: onHandleDestroyed: name=ActivityRecord{125351f u0 com.softnation.Ojam/.MainActivity t37045}#134385, layerId=134385, parentId=0
03-02 11:37:17.583   921   921 I SurfaceFlinger: onHandleDestroyed: name=de6a069 com.softnation.Ojam/com.softnation.Ojam.MainActivity#134394, layerId=134394, parentId=0
03-02 11:37:17.583   921   921 I SurfaceFlinger: onHandleDestroyed: name=com.softnation.Ojam/com.softnation.Ojam.MainActivity#134395, layerId=134395, parentId=0
03-02 11:37:17.583   921   921 I SurfaceFlinger: onHandleDestroyed: name=9baab79 ActivityRecordInputSink com.softnation.Ojam/.MainActivity#134392, layerId=134392, parentId=0
03-02 11:37:17.584  2363  2477 D MultiTaskingTaskRepository: addOrMoveFullscreenTaskToTop taskId=37046
03-02 11:37:17.585  2363  2477 I MultiTaskingTaskRepository: no MULTI_WINDOW, but base activity is null
03-02 11:37:17.585  1621  2740 I ATMSImpl: cacheTasksForDefaultDisplay size=5
03-02 11:37:17.585  1999 29002 D EventBus: No subscribers registered for event class com.miui.home.recents.messages.RecentTasksChangedEvent
03-02 11:37:17.585  1999 29002 D EventBus: No subscribers registered for event class org.greenrobot.eventbus.NoSubscriberEvent
03-02 11:37:17.585  1999 29002 D EventBus: No subscribers registered for event class com.miui.home.recents.messages.RecentTasksChangedEvent
03-02 11:37:17.585  1999 29002 D EventBus: No subscribers registered for event class org.greenrobot.eventbus.NoSubscriberEvent
03-02 11:37:17.586  2363  2477 D MulWinSwitchDecorViewModel: destroyWindowDecoration: taskId=37045 windowingMode=1 mWindowDecorByTaskId.size()=0 callers=com.android.wm.shell.fullscreen.FullscreenTaskListener.onTaskVanished:104 com.android.wm.shell.ShellTaskOrganizer.onTaskVanished:128 android.window.TaskOrganizer$1.lambda$onTaskVanished$6:317 android.window.TaskOrganizer$1.$r8$lambda$8ODi_1s42Z5SmyxWXsgMLDG64pA:0 android.window.TaskOrganizer$1$$ExternalSyntheticLambda0.run:0 
03-02 11:37:17.586  2363  2477 D MulWinSwitchDecorViewModel: handleEventReceiverIfMultiWinSwitchIsUnsupported: removeEventReceiver, callers=com.android.wm.shell.multitasking.miuimultiwinswitch.miuiwindowdecor.MulWinSwitchDecorViewModel.destroyWindowDecoration:82 com.android.wm.shell.fullscreen.FullscreenTaskListener.onTaskVanished:104 com.android.wm.shell.ShellTaskOrganizer.onTaskVanished:128 android.window.TaskOrganizer$1.lambda$onTaskVanished$6:317 android.window.TaskOrganizer$1.$r8$lambda$8ODi_1s42Z5SmyxWXsgMLDG64pA:0 
03-02 11:37:17.586  1621  2986 W UserManagerService: Requested status bar icon for non-badged user 0
03-02 11:37:17.586  2363  2477 D MultiTaskingTaskRepository: onTaskVanished: taskInfo.taskId: 37045 current mMultiTaskingTaskInfoList: { ,37046 ,37045 ,37027 ,37019 ,36980 ,36770 ,36289 ,5 ,4 }
03-02 11:37:17.586  2363  2477 D MultiTaskingTaskRepository: removeFullscreenTask taskId=37045
03-02 11:37:17.586  2363  2477 D MiuiFreeformModeCornerTipHandler: task#37045 onTaskVanished
03-02 11:37:17.586  2363  2477 I MiuiBubbleController: removeBubble: 37045 reason=2
03-02 11:37:17.587  2363  2477 I MultiTaskingTaskInfo: before call clearMaskControl task id = 37045, CoverLayerController = null, callers=com.android.wm.shell.multitasking.taskmanager.MultiTaskingTaskListener.onTaskVanished:148 com.android.wm.shell.ShellTaskOrganizer.onTaskVanished:141 android.window.TaskOrganizer$1.lambda$onTaskVanished$6:317 android.window.TaskOrganizer$1.$r8$lambda$8ODi_1s42Z5SmyxWXsgMLDG64pA:0 android.window.TaskOrganizer$1$$ExternalSyntheticLambda0.run:0 
03-02 11:37:17.587  2363  2477 I MultiTaskingTaskRepository: onTaskVanish multi list = [5, 4], full = [37046, 37027, 37019, 36980]
03-02 11:37:17.588  1999  2759 D EventBus: No subscribers registered for event class com.miui.home.recents.messages.RecentTasksChangedEvent
03-02 11:37:17.588  1999  2759 D EventBus: No subscribers registered for event class org.greenrobot.eventbus.NoSubscriberEvent
03-02 11:37:17.588  1999  2684 D RecentsModel: getRunningTask ignoreActivityType : 2 ,ignoreWindowMode:5
03-02 11:37:17.588  1621  1651 D MiuiRefreshRatePolicy: reset
03-02 11:37:17.588  1999  2684 W RecentsModel: getRunningTask   taskInfo=TaskInfo{userId=0 taskId=37027 displayId=0 isRunning=true baseIntent=Intent { flg=0x14850000 pkg=com.google.android.googlequicksearchbox cmp=com.google.android.googlequicksearchbox/com.google.android.apps.search.assistant.surfaces.voice.robin.ui.floaty.activity.FloatyActivity } baseActivity=ComponentInfo{com.google.android.googlequicksearchbox/com.google.android.apps.search.assistant.surfaces.voice.robin.ui.floaty.activity.FloatyActivity} topActivity=ComponentInfo{com.google.android.googlequicksearchbox/com.google.android.apps.search.assistant.surfaces.voice.robin.ui.floaty.activity.FloatyActivity} origActivity=null realActivity=ComponentInfo{com.google.android.googlequicksearchbox/com.google.android.apps.search.assistant.surfaces.voice.robin.ui.floaty.activity.FloatyActivity} numActivities=1 lastActiveTime=1030797007 supportsSplitScreenMultiWindow=true supportsMultiWindow=true resizeMode=2 isResizeable=true minWidth=-1 minHeight=-1 defaultMinSize=200 token=WCT{android.window.IWindowContainerToken$Stub$Proxy@57b79e3} topActivityType=1 pictureInPictureParams=null shouldDockBigOverlays=false launchIntoPipHostTaskId=-1 lastParentTaskIdBeforePip=-1 displayCutoutSafeInsets=Rect(0, 104 - 0, 0) topActivityInfo=ActivityInfo{d483fe0 com.google.android.apps.search.assistant.surfaces.voice.robin.ui.floaty.activity.FloatyActivity} launchCookies=[] positionInParent=Point(0, 0) parentTaskId=-1 isFocused=true isVisible=true isVisibleRequested=false isSleeping=false locusId=null displayAreaFeatureId=1 isTopActivityTransparent=true appCompatTaskInfo=AppCompatTaskInfo { topActivityInSizeCompat=false topActivityEligibleForLetterboxEducation= falseisLetterboxEducationEnabled= false isLetterboxDoubleTapEnabled= false topActivityEligibleForUserAspectRatioButton= false topActivityBoundsLetterboxed= false isFromLetterboxDoubleTap= false topActivityLetterboxVerticalPosition= -1 topActivityLetterboxHorizontalPosition= -1 topActivityLetterboxWidth=1080 topActivityLetterboxHeight=2460 isUserFullscreenOverrideEnabled=false isSystemFullscreenOverrideEnabled=false cameraCompatTaskInfo=CameraCompatTaskInfo { cameraCompatControlState=hidden freeformCameraCompatMode=inactive}} isImmersive=false mTopActivityRequestOrientation=-2 mBehindAppLockPkg=null mOriginatingUid=0 isEmbedded=false shouldBeVisible=false mIsCastMode=false mTopActivityMediaSize=null mTopActivityRecordName=ActivityRecord{6d71709 u0 com.google.android.googlequicksearchbox/com.google.android.apps.search.assistant.surfaces.voice.robin.ui.floaty.activity.FloatyActivity t37027} mTopActivityOrientation=-2}
03-02 11:37:17.588  1999  2684 D RecentsModel: preloadRecents runningTaskId:37027, mCurrentRunningTaskId:-1, mRecentsTaskLoadPlan=com.android.systemui.shared.recents.model.RecentsTaskLoadPlan@279a299
03-02 11:37:17.590  1999  2684 E ActivityManagerWrapper: get all recent tasks force including 37027
03-02 11:37:17.592   921  1587 I SurfaceFlinger: onHandleDestroyed: name=Surface(name=5b2ee94 StatusBar#103)/@0xf6cf932 - animation-leash of insets_animation#134441, layerId=134441, parentId=0
03-02 11:37:17.593   921  1587 I SurfaceFlinger: onHandleDestroyed: name=Surface(name=77d8129 NavigationBar0#101614)/@0x3faba4f - animation-leash of insets_animation#134442, layerId=134442, parentId=0
03-02 11:37:17.594  1621  1651 I ActivityTaskManager: visible for Task{27e6aff #2 type=home I=com.miui.home/.launcher.Launcher} visible = true isAnimating = false TRANSITION = false PARENTS = false CHILDREN = false
03-02 11:37:17.597  1999  2684 D ActivityManagerWrapper: groupedRecentTaskInfoCompat.getMainTaskId :37027, isExcluded is True
03-02 11:37:17.597  1621  2986 W UserManagerService: Requested status bar icon for non-badged user 0
03-02 11:37:17.597  1999  2684 E ActivityManagerWrapper: getRecentTasksForceIncludingTaskIdIfValid: getRecentTasks: size=4
03-02 11:37:17.597  1999  2684 E ActivityManagerWrapper:  mainTaskId=37046   userId=0   windowMode=1   baseIntent=Intent { act=null flag=268435456 cmp=ComponentInfo{com.softnation.Ojam/com.softnation.Ojam.MainActivity} }
03-02 11:37:17.597  1999  2684 E ActivityManagerWrapper:  mainTaskId=37027   userId=0   windowMode=1   baseIntent=Intent { act=null flag=344260608 cmp=ComponentInfo{com.google.android.googlequicksearchbox/com.google.android.apps.search.assistant.surfaces.voice.robin.ui.floaty.activity.FloatyActivity} }
03-02 11:37:17.597  1999  2684 E ActivityManagerWrapper:  mainTaskId=37019   userId=0   windowMode=1   baseIntent=Intent { act=null flag=268435456 cmp=ComponentInfo{com.whatsapp/com.whatsapp.home.ui.HomeActivity} }
03-02 11:37:17.597  1999  2684 E ActivityManagerWrapper:  mainTaskId=36980   userId=0   windowMode=1   baseIntent=Intent { act=android.intent.action.MAIN flag=270532608 cmp=ComponentInfo{com.twitter.android/com.twitter.android.StartActivity} }
03-02 11:37:17.598  1621  1636 I ATMSImpl: cacheTasksForDefaultDisplay size=5
03-02 11:37:17.598  1621  2986 W UserManagerService: Requested status bar icon for non-badged user 0
03-02 11:37:17.599  1621  1651 I ActivityTaskManager: visible for Task{27e6aff #2 type=home I=com.miui.home/.launcher.Launcher} visible = true isAnimating = false TRANSITION = false PARENTS = false CHILDREN = false
03-02 11:37:17.600   921   921 I BufferQueueDebug: [Surface(name=77d8129 NavigationBar0#101614)/@0x3faba4f - animation-leash of insets_animation#134442](this:0xb400007bcec45048,id:-1,api:0,p:-1,c:921) onDestructor()
03-02 11:37:17.600   921   921 I BufferQueueDebug: [Task=37045#134454](this:0xb400007bcec67308,id:-1,api:0,p:-1,c:921) onDestructor()
03-02 11:37:17.601   921   921 I BufferQueueDebug: [9baab79 ActivityRecordInputSink com.softnation.Ojam/.MainActivity#134392](this:0xb400007bcec72948,id:-1,api:0,p:-1,c:921) onDestructor()
03-02 11:37:17.601   921   921 I BufferQueueDebug: [Surface(name=5b2ee94 StatusBar#103)/@0xf6cf932 - animation-leash of insets_animation#134441](this:0xb400007bcec86838,id:-1,api:0,p:-1,c:921) onDestructor()
03-02 11:37:17.601   921   921 I BufferQueueDebug: [ActivityRecord{125351f u0 com.softnation.Ojam/.MainActivity t37045}#134385](this:0xb400007bcec8c358,id:-1,api:0,p:-1,c:921) onDestructor()
03-02 11:37:17.601   921   921 I BufferQueueDebug: [com.softnation.Ojam/com.softnation.Ojam.MainActivity#134395](this:0xb400007bcecbf778,id:-1,api:0,p:-1,c:921) onDestructor()
03-02 11:37:17.601   921  1484 E BpTransactionCompletedListener: Failed to transact (-32)
03-02 11:37:17.601  1621  2986 W UserManagerService: Requested status bar icon for non-badged user 0
03-02 11:37:17.602   921   921 I BufferQueueDebug: [de6a069 com.softnation.Ojam/com.softnation.Ojam.MainActivity#134394](this:0xb400007bcecc8028,id:-1,api:0,p:-1,c:921) onDestructor()
03-02 11:37:17.607  1621  1918 E HyperSentinel: -------------------------------------------------------
03-02 11:37:17.608  1621  1918 E HyperSentinel: Event_ResidentSize
03-02 11:37:17.608  1621  1918 E HyperSentinel: -> audit event by proc 30938 "usap64": RSS increasement, peak 67636kb -> 103180kb
03-02 11:37:17.613  1999  2684 D TaskSnapshotCompatVV: getIsInvalidateFromTaskSnapshot, return, mTaskSnapshot=null, mTaskSnapshotClazz=null
03-02 11:37:17.613  1999  2684 D RecentsModel: onTaskStackChangedBackground    MSG_TASK_STACK_CHANGE
03-02 11:37:17.614  1999  2684 D RecentsModel: boostTaskStackChangedThread, don't boost
03-02 11:37:17.616  1621  2986 I ATMSImpl: cacheTasksForDefaultDisplay size=5
03-02 11:37:17.619  1999  2684 D RecentsModel: getRunningTask ignoreActivityType : 2 ,ignoreWindowMode:5
03-02 11:37:17.620  1999  2684 W RecentsModel: getRunningTask   taskInfo=TaskInfo{userId=0 taskId=37027 displayId=0 isRunning=true baseIntent=Intent { flg=0x14850000 pkg=com.google.android.googlequicksearchbox cmp=com.google.android.googlequicksearchbox/com.google.android.apps.search.assistant.surfaces.voice.robin.ui.floaty.activity.FloatyActivity } baseActivity=ComponentInfo{com.google.android.googlequicksearchbox/com.google.android.apps.search.assistant.surfaces.voice.robin.ui.floaty.activity.FloatyActivity} topActivity=ComponentInfo{com.google.android.googlequicksearchbox/com.google.android.apps.search.assistant.surfaces.voice.robin.ui.floaty.activity.FloatyActivity} origActivity=null realActivity=ComponentInfo{com.google.android.googlequicksearchbox/com.google.android.apps.search.assistant.surfaces.voice.robin.ui.floaty.activity.FloatyActivity} numActivities=1 lastActiveTime=1030797039 supportsSplitScreenMultiWindow=true supportsMultiWindow=true resizeMode=2 isResizeable=true minWidth=-1 minHeight=-1 defaultMinSize=200 token=WCT{android.window.IWindowContainerToken$Stub$Proxy@78e636} topActivityType=1 pictureInPictureParams=null shouldDockBigOverlays=false launchIntoPipHostTaskId=-1 lastParentTaskIdBeforePip=-1 displayCutoutSafeInsets=Rect(0, 104 - 0, 0) topActivityInfo=ActivityInfo{d62a937 com.google.android.apps.search.assistant.surfaces.voice.robin.ui.floaty.activity.FloatyActivity} launchCookies=[] positionInParent=Point(0, 0) parentTaskId=-1 isFocused=true isVisible=true isVisibleRequested=false isSleeping=false locusId=null displayAreaFeatureId=1 isTopActivityTransparent=true appCompatTaskInfo=AppCompatTaskInfo { topActivityInSizeCompat=false topActivityEligibleForLetterboxEducation= falseisLetterboxEducationEnabled= false isLetterboxDoubleTapEnabled= false topActivityEligibleForUserAspectRatioButton= false topActivityBoundsLetterboxed= false isFromLetterboxDoubleTap= false topActivityLetterboxVerticalPosition= -1 topActivityLetterboxHorizontalPosition= -1 topActivityLetterboxWidth=1080 topActivityLetterboxHeight=2460 isUserFullscreenOverrideEnabled=false isSystemFullscreenOverrideEnabled=false cameraCompatTaskInfo=CameraCompatTaskInfo { cameraCompatControlState=hidden freeformCameraCompatMode=inactive}} isImmersive=false mTopActivityRequestOrientation=-2 mBehindAppLockPkg=null mOriginatingUid=0 isEmbedded=false shouldBeVisible=false mIsCastMode=false mTopActivityMediaSize=null mTopActivityRecordName=ActivityRecord{6d71709 u0 com.google.android.googlequicksearchbox/com.google.android.apps.search.assistant.surfaces.voice.robin.ui.floaty.activity.FloatyActivity t37027} mTopActivityOrientation=-2}
03-02 11:37:17.620  1999  2684 D RecentsModel: preloadRecents runningTaskId:37027, mCurrentRunningTaskId:-1, mRecentsTaskLoadPlan=com.android.systemui.shared.recents.model.RecentsTaskLoadPlan@a1afea4
03-02 11:37:17.621  1999  2684 E ActivityManagerWrapper: get all recent tasks force including 37027
03-02 11:37:17.623 30938 30938 D nativeloader: Load libframework-connectivity-tiramisu-jni.so using APEX ns com_android_tethering for caller /apex/com.android.tethering/javalib/framework-connectivity-t.jar: ok
03-02 11:37:17.628  1999  2684 D ActivityManagerWrapper: groupedRecentTaskInfoCompat.getMainTaskId :37027, isExcluded is True
03-02 11:37:17.628  1999  2684 E ActivityManagerWrapper: getRecentTasksForceIncludingTaskIdIfValid: getRecentTasks: size=4
03-02 11:37:17.628  1999  2684 E ActivityManagerWrapper:  mainTaskId=37046   userId=0   windowMode=1   baseIntent=Intent { act=null flag=268435456 cmp=ComponentInfo{com.softnation.Ojam/com.softnation.Ojam.MainActivity} }
03-02 11:37:17.628  1999  2684 E ActivityManagerWrapper:  mainTaskId=37027   userId=0   windowMode=1   baseIntent=Intent { act=null flag=344260608 cmp=ComponentInfo{com.google.android.googlequicksearchbox/com.google.android.apps.search.assistant.surfaces.voice.robin.ui.floaty.activity.FloatyActivity} }
03-02 11:37:17.628  1999  2684 E ActivityManagerWrapper:  mainTaskId=37019   userId=0   windowMode=1   baseIntent=Intent { act=null flag=268435456 cmp=ComponentInfo{com.whatsapp/com.whatsapp.home.ui.HomeActivity} }
03-02 11:37:17.628  1999  2684 E ActivityManagerWrapper:  mainTaskId=36980   userId=0   windowMode=1   baseIntent=Intent { act=android.intent.action.MAIN flag=270532608 cmp=ComponentInfo{com.twitter.android/com.twitter.android.StartActivity} }
03-02 11:37:17.630 30938 30938 I MessageMonitor: Load libmiui_runtime
03-02 11:37:17.638  1621  1731 D SymlinkUtils: attachApplication file op go pass: 1 ms
03-02 11:37:17.643 13966  4780 I cn_CronetUrlRequestContext: destroyNativeStreamLocked android.net.connectivity.org.chromium.net.impl.CronetBidirectionalStream@b69318a
03-02 11:37:17.647  1999  2684 D TaskSnapshotCompatVV: getIsInvalidateFromTaskSnapshot, return, mTaskSnapshot=null, mTaskSnapshotClazz=null
03-02 11:37:17.648 13966 14006 I amto    : (REDACTED) Network status %s
03-02 11:37:17.651  1621  1648 D Aurogon :  uid = 10337 switch to FG
03-02 11:37:17.653  1621  1731 W MiuiBoosterUtils: enable_miuibooster_launch : false
03-02 11:37:17.656  1621  1894 D isUidValid: uid = 10337
03-02 11:37:17.661  1621  1842 I MiuiNetworkPolicy: updateUidState uid = 10337, uidState = 2
03-02 11:37:17.661  1621  1918 E HyperSentinel: -------------------------------------------------------
03-02 11:37:17.661  1621  1918 E HyperSentinel: Event_ThreadAmount
03-02 11:37:17.661  1621  1918 E HyperSentinel: -> audit event by proc 30938 "usap64": running threads amount, 0 -> 12
03-02 11:37:17.663 30938 30938 I JavaheapMonitor: Disabled. Process name: <pre-initialized>
03-02 11:37:17.675 30938  4992 D MiuiDownscaleImpl: set override inverted scale : 1.0
03-02 11:37:17.677 30938 30938 D MiuiMonitorThread: Shared singleton Thread for stability monitor start
03-02 11:37:17.678 30938  4992 D AppScoutStateMachine: 30938-ScoutStateMachinecreated
03-02 11:37:17.716 30938 30938 D ActivityThread: setEmbeddedParam packageName=com.softnation.Ojam processName=com.softnation.Ojam isEmbedded=false isIsolated=false
03-02 11:37:17.759  2350  2350 D TelephonyManager: requestModemActivityInfo: Sending result to app: ModemActivityInfo{ mTimestamp=1030797178 mSleepTimeMs=620751028 mIdleTimeMs=402042515 mActivityStatsTechSpecificInfo=[{mRat=UNKNOWN,mFrequencyRange=UNKNOWN,mTxTimeMs[]=[42779, 90769, 159201, 400160, 488416],mRxTimeMs=9909412}]}
03-02 11:37:17.811  1621  1918 E HyperSentinel: -------------------------------------------------------
03-02 11:37:17.811  1621  1918 E HyperSentinel: Event_OpenFileFDSize
03-02 11:37:17.811  1621  1918 E HyperSentinel: -> audit event by proc 2363 "com.android.systemui": Fd increasement, peak, 1388 -> 1723
03-02 11:37:17.812  1621  1917 D MiuiSentinelService: begin judgment FdAmountLeakException
03-02 11:37:17.815   921   921 I BufferQueueProducer: [StatusBar#109](this:0xb400007bcec4ab68,id:-1,api:0,p:-1,c:921) queueBuffer: fps=0.66 dur=3046.38 max=2050.29 min=996.08
03-02 11:37:17.826   863   958 I mtkpower@impl: [powerd_req] TIMER_MSG_PERF_LOCK_TIMEOUT hdl:368498
03-02 11:37:17.826   863   958 I libPowerHal: [perfLockRel] hdl:368498, idx:1
03-02 11:37:17.827   863   958 I libPowerHal: [PD] MTKPOWER_HINT_PACK_SWITCH update ONESHOT(unset) cmd:10000700 param:16129 pr:3
03-02 11:37:17.827   863   958 I libPowerHal: [perfLockRel] Done for hdl : 368498
03-02 11:37:17.836  1621  2834 D AS.BtHelper: isBluetoothScoOn() mBluetoothHeadset is null: falsemBluetoothHeadsetDevice is null: true
03-02 11:37:17.836  1621  2834 V AS.AudioDeviceBroker: requestedCommunicationDevice: null mAudioModeOwner: AudioModeInfo: mMode=MODE_NORMAL, mPid=0, mUid=0
03-02 11:37:17.837  1621  2834 D AS.BtHelper: isBluetoothScoOn() mBluetoothHeadset is null: falsemBluetoothHeadsetDevice is null: true
03-02 11:37:17.837  1621  2834 V AS.AudioDeviceBroker: requestedCommunicationDevice: null mAudioModeOwner: AudioModeInfo: mMode=MODE_NORMAL, mPid=0, mUid=0
03-02 11:37:17.935  1055  1186 D connsyslogger: SD_LOG_ROOT is /data/debuglogger/connsyslog/fw.
03-02 11:37:17.935  1055  1186 D connsyslogger: systemReady:1
03-02 11:37:17.938   849   849 I hwcomposer: [HWCDisplay] (0 updateFps():3667), (type:1, mode:2) fps:55.490513,dur:1009.18,max:48.61,min:11.64  
03-02 11:37:17.951   861   947 I libPerfCtl: xgfGetFPS pid:921 fps:-1
03-02 11:37:17.952   861   947 I libPerfCtl: xgfGetFPS pid:1999 fps:-1
03-02 11:37:17.952   861   947 I libPerfCtl: xgfGetFPS pid:2363 fps:-1
03-02 11:37:17.952   861   947 I libPerfCtl: xgfGetFPS pid:11917 fps:-1
03-02 11:37:17.952   861   947 I libPerfCtl: xgfGetFPS pid:13966 fps:-1
03-02 11:37:17.952   861   947 I libPerfCtl: xgfGetFPS pid:27281 fps:-1
03-02 11:37:17.999  2363  2393 I ndroid.systemui: NativeAlloc concurrent mark compact GC freed 19MB AllocSpace bytes, 412(9560KB) LOS objects, 37% free, 59MB/95MB, paused 1.438ms,11.964ms total 846.489ms
03-02 11:37:18.109  1621  1731 D FileUtils: Rounded bytes from 8055762944 to 16000000000
03-02 11:37:18.111  2363  2540 E SurfaceComposerClient: SurfaceComposerClient::Transaction::setAlpha: invalid alpha 1.000008, clamping
03-02 11:37:18.116 13966 14104 V ClearcutMetricXmitter: Transmission is done.
03-02 11:37:18.120 13966 14104 V ClearcutMetricXmitter: Transmission is done.
03-02 11:37:18.128  2363  2540 E SurfaceComposerClient: SurfaceComposerClient::Transaction::setAlpha: invalid alpha 1.000044, clamping
03-02 11:37:18.145  2363  2540 E SurfaceComposerClient: SurfaceComposerClient::Transaction::setAlpha: invalid alpha 1.000064, clamping
03-02 11:37:18.145  2363  2540 E SurfaceComposerClient: SurfaceComposerClient::Transaction::setAlpha: invalid alpha 1.000064, clamping
03-02 11:37:18.146  2363  2477 D SoScUtils: monitorTransitionFinished transition:android.os.BinderProxy@a5a872e transaction: android.view.SurfaceControl$Transaction@77e8afd mRequestCloseTransition:null mRequestOpenTransition:null mRequestOpenTransitionWithSameTask size:0 mPairsOpenTransition:null mPairsOpenTransitionNull:null mRequestOpenTriggerTask:-1 mRequestCloseTriggerTask:-1 mOrientationTransition: null mMainStartingTask:-1 mSideStartingTask:-1
03-02 11:37:18.149  5969 14366 I ebcv    : (REDACTED) appOpsListener %s %s
03-02 11:37:18.149  1621  1638 D WindowManager: Finish Transition (#10183): created at 03-02 11:37:17.368 collect-started=0.07ms request-sent=19.899ms started=33.209ms ready=128.381ms sent=148.788ms finished=780.315ms
03-02 11:37:18.149  1621  1638 D GnssSsruImpl: onLocationPermissionsChanged provider:network packageName:com.whatsapp
03-02 11:37:18.149  1621  1638 D GnssSsruImpl: onLocationPermissionsChanged provider:passive packageName:com.whatsapp
03-02 11:37:18.151  5969 14366 I ebcv    : (REDACTED) Ignoring irrelevant audio permission changes for package %s
03-02 11:37:18.151 27281 27281 D VRI[LauncherMinusOneScreen]: visibilityChanged oldVisibility=true newVisibility=false
03-02 11:37:18.152  1999  1999 D VRI[Launcher]: visibilityChanged oldVisibility=true newVisibility=false
03-02 11:37:18.152 13966 13966 D VRI[FloatyActivity]: visibilityChanged oldVisibility=true newVisibility=false
03-02 11:37:18.151 11917 11917 D VRI[globalminusscreen]: visibilityChanged oldVisibility=true newVisibility=false
03-02 11:37:18.152  1621  2834 I Transition: finishTransition: updateLastSurfacePosition tf=Task{b64798c #37046 type=standard A=10337:com.softnation.Ojam}
03-02 11:37:18.154   921  1166 W VsyncModulator: setTransactionSchedule: Unexpected EarlyEnd
03-02 11:37:18.154  2363  2477 I RemoteTransitionHandlerStubImpl: invokeAndRemoveWctCB transition is null, curWctCB: null
03-02 11:37:18.155  2061  2061 I MiuiWallpaper-ImageWallpaper: onVisibilityChanged, visible = false, ret=true
03-02 11:37:18.159  1621  2200 W UserManagerService: Requested status bar icon for non-badged user 0
03-02 11:37:18.159  2061  2061 I MiuiWallpaper-MiuiKeyguardPictorialWallpaper: onVisibilityChanged, visible = false, ret=true
03-02 11:37:18.160  1621  1731 W UserManagerService: Requested status bar icon for non-badged user 0
03-02 11:37:18.161  1621  1731 W UserManagerService: Requested status bar icon for non-badged user 0
03-02 11:37:18.168   921   921 I SurfaceFlinger: onHandleDestroyed: name=Transition Root #10183: Task=37046#134451, layerId=134451, parentId=0
03-02 11:37:18.170  1621  1651 I ActivityTaskManager: visible for Task{b64798c #37046 type=standard A=10337:com.softnation.Ojam} visible = true isAnimating = false TRANSITION = false PARENTS = false CHILDREN = false
03-02 11:37:18.177   921   921 I MI-SF   : surfaceflinger setAffinity mode=0
03-02 11:37:18.178   921   921 E MI-SF   : surfaceflinger setAffinity success
03-02 11:37:18.180  2363  2477 D MiuiFreeformModeCornerTipHandler: task#37027 onTaskVanished
03-02 11:37:18.180  1621  2834 I SmartPower: com.mi.globalminusscreen/10162(11917): visible->invisible(1256ms) R(become invisible) adj=100.
03-02 11:37:18.180  2363  2477 I MiuiBubbleController: removeBubble: 37027 reason=2
03-02 11:37:18.181  1621  2834 I SmartPower: com.mi.globalminusscreen/10162(11917): invisible->background(1ms) R(become background) adj=100.
03-02 11:37:18.182  2363  2477 I MultiTaskingTaskInfo: before call clearMaskControl task id = 37027, CoverLayerController = null, callers=com.android.wm.shell.multitasking.taskmanager.MultiTaskingTaskListener.onTaskInfoChanged:268 com.android.wm.shell.ShellTaskOrganizer.onTaskInfoChanged:145 android.window.TaskOrganizer$1.lambda$onTaskInfoChanged$7:322 android.window.TaskOrganizer$1.$r8$lambda$WEHIPeFifg1My6LbK9dElRxchX4:0 android.window.TaskOrganizer$1$$ExternalSyntheticLambda7.run:0 
03-02 11:37:18.182  1621  2834 I SmartPower: com.google.android.googlequicksearchbox:search/10165(13966): visible->invisible(1054ms) R(become invisible) adj=0.
03-02 11:37:18.182  2363  2477 I MultiTaskingTaskRepository: onTaskInfoChanged multi list = [5, 4], full = [37046, 37027, 37019, 36980]
03-02 11:37:18.183  1621  2834 I SmartPower: com.miui.home/10166(1999): visible->invisible(1055ms) R(become invisible) adj=100.
03-02 11:37:18.183  1621  2834 I SmartPower: com.miui.home/10166(1999): invisible->background(1ms) R(become background) adj=100.
03-02 11:37:18.184   921   921 I BufferQueueDebug: [Transition Root #10183: Task=37046#134451](this:0xb400007bcecdeca8,id:-1,api:0,p:-1,c:921) onDestructor()
03-02 11:37:18.185   921   921 I SurfaceFlinger: onHandleDestroyed: name=b724b3 ActivityRecordInputSink com.miui.home/.launcher.Launcher#134444, layerId=134444, parentId=0
03-02 11:37:18.185   921   921 I SurfaceFlinger: onHandleDestroyed: name=cb85cd3 ActivityRecordInputSink com.google.android.googlequicksearchbox/com.google.android.apps.search.assistant.surfaces.voice.robin.ui.floaty.activity.FloatyActivity#134445, layerId=134445, parentId=0
03-02 11:37:18.186  1999  2759 D EventBus: No subscribers registered for event class com.miui.home.recents.messages.RecentTasksChangedEvent
03-02 11:37:18.186  2363  2477 I MultiTaskingTaskRepository: needSkip: is home task
03-02 11:37:18.186  1621  1922 I SmartPower: com.google.android.adservices.api/10261(5464): idle->background(271625ms) R(add to whitelist) adj=100.
03-02 11:37:18.186  1999  2759 D EventBus: No subscribers registered for event class org.greenrobot.eventbus.NoSubscriberEvent
03-02 11:37:18.187  1999  2684 D RecentsModel: onTaskStackChangedBackground    MSG_TASK_STACK_CHANGE
03-02 11:37:18.187  1999  2684 D RecentsModel: boostTaskStackChangedThread once, tid=2684, recentResourceLoaderTid=2525
03-02 11:37:18.187  1621  1922 I SmartPower: com.google.android.webview:sandboxed_process0:org.chromium.content.app.SandboxedPridle->background(271629ms) R(add to whitelist) adj=100.
03-02 11:37:18.187  1999  2684 W MiBridge: Permission not granted !!
03-02 11:37:18.187  1999  2684 D Launcher.Boost: setDynamicVIPTaskIfNeeded::tid = 2684 duration = 500
03-02 11:37:18.188  1621  2834 D MiuiRefreshRatePolicy: reset
03-02 11:37:18.189  1999  2759 D EventBus: No subscribers registered for event class com.miui.home.recents.messages.RecentTasksChangedEvent
03-02 11:37:18.189  1999  2759 D EventBus: No subscribers registered for event class org.greenrobot.eventbus.NoSubscriberEvent
03-02 11:37:18.192   849  1423 W hwcomposer: [DRMDEV] paramIsSame(), id 34924, w 1080/1080, h 2460/2460, pitch 1088/1088, format 0x1/0x2, secure 0/0  
03-02 11:37:18.194  1621  1731 I SmartPower: com.google.android.googlequicksearchbox:googleapp/10165(27281): visible->invisible(1282ms) R(become invisible) adj=100.
03-02 11:37:18.195  1621  1731 I SmartPower: com.google.android.googlequicksearchbox:search/10165(13966): invisible->background(12ms) R(become background) adj=0.
03-02 11:37:18.195  1621  1731 I SmartPower: com.google.android.googlequicksearchbox:googleapp/10165(27281): invisible->background(1ms) R(become background) adj=100.
03-02 11:37:18.195  1621  1731 I SmartPower: com.google.android.googlequicksearchbox:interactor/10165(5969): invisible->background(1305ms) R(become background) adj=100.
03-02 11:37:18.199  1621  1918 E HyperSentinel: -------------------------------------------------------
03-02 11:37:18.199  1621  1918 E HyperSentinel: Event_ResidentSize
03-02 11:37:18.199  1621  1918 E HyperSentinel: -> audit event by proc 30938 "usap64": RSS increasement, peak 103180kb -> 156020kb
03-02 11:37:18.199 11917 11917 D BLASTBufferQueue: [VRI[globalminusscreen]#46](f:0,a:1) destructor()
03-02 11:37:18.201  1621  1731 D MiuiRefreshRatePolicy: reset
03-02 11:37:18.203   921   921 I BufferQueueDebug: [cb85cd3 ActivityRecordInputSink com.google.android.googlequicksearchbox/com.google.android.apps.search.assistant.surfaces.voice.robin.ui.floaty.activity.FloatyActivity#134445](this:0xb400007bcecc2508,id:-1,api:0,p:-1,c:921) onDestructor()
03-02 11:37:18.203   921   921 I BufferQueueDebug: [b724b3 ActivityRecordInputSink com.miui.home/.launcher.Launcher#134444](this:0xb400007bcecc5298,id:-1,api:0,p:-1,c:921) onDestructor()
03-02 11:37:18.203   921  1166 I BpBinder: onLastStrongRef automatically unlinking death recipients: 
03-02 11:37:18.204 11917 11917 D BufferQueueConsumer: [VRI[globalminusscreen]#46(BLAST Consumer)46](id:2e8d0000002e,api:0,p:-1,c:11917) disconnect
03-02 11:37:18.205  1621  2200 D MiuiRefreshRatePolicy: reset
03-02 11:37:18.205 27281 27281 D BLASTBufferQueue: [VRI[LauncherMinusOneScreen]#2](f:0,a:1) destructor()
03-02 11:37:18.206   921  1500 I BpBinder: onLastStrongRef automatically unlinking death recipients: 
03-02 11:37:18.206 27281 27281 D BufferQueueConsumer: [VRI[LauncherMinusOneScreen]#2(BLAST Consumer)2](id:6a9100000002,api:0,p:-1,c:27281) disconnect
03-02 11:37:18.209  1621  2986 D MiuiRefreshRatePolicy: reset
03-02 11:37:18.210 13966 13966 D BLASTBufferQueue: [VRI[FloatyActivity]#14](f:0,a:3) destructor()
03-02 11:37:18.211   921  1500 I BpBinder: onLastStrongRef automatically unlinking death recipients: 
03-02 11:37:18.211 13966 13966 D BufferQueueConsumer: [VRI[FloatyActivity]#14(BLAST Consumer)14](id:368e0000000e,api:0,p:-1,c:13966) disconnect
03-02 11:37:18.211  1621  1651 D MiuiRefreshRatePolicy: reset
03-02 11:37:18.212  1999  1999 D BLASTBufferQueue: [VRI[Launcher]#1205](f:0,a:1) destructor()
03-02 11:37:18.212   921  1587 I BpBinder: onLastStrongRef automatically unlinking death recipients: 
03-02 11:37:18.213  1999  1999 D BufferQueueConsumer: [VRI[Launcher]#1205(BLAST Consumer)1205](id:7cf0000057d,api:0,p:-1,c:1999) disconnect
03-02 11:37:18.215  1621  1651 I ActivityTaskManager: visible for Task{b64798c #37046 type=standard A=10337:com.softnation.Ojam} visible = true isAnimating = false TRANSITION = false PARENTS = false CHILDREN = false
03-02 11:37:18.225  1621  3051 I ATMSImpl: cacheTasksForDefaultDisplay size=5
03-02 11:37:18.227  1621  2740 I ATMSImpl: cacheTasksForDefaultDisplay size=5
03-02 11:37:18.228  1999  2684 D RecentsModel: getRunningTask ignoreActivityType : 2 ,ignoreWindowMode:5
03-02 11:37:18.228  1999  2684 W RecentsModel: getRunningTask   taskInfo=TaskInfo{userId=0 taskId=37046 displayId=0 isRunning=true baseIntent=Intent { flg=0x10000000 cmp=com.softnation.Ojam/.MainActivity } baseActivity=ComponentInfo{com.softnation.Ojam/com.softnation.Ojam.MainActivity} topActivity=ComponentInfo{com.softnation.Ojam/com.softnation.Ojam.MainActivity} origActivity=null realActivity=ComponentInfo{com.softnation.Ojam/com.softnation.Ojam.MainActivity} numActivities=1 lastActiveTime=1030797649 supportsSplitScreenMultiWindow=true supportsMultiWindow=true resizeMode=1 isResizeable=true minWidth=-1 minHeight=-1 defaultMinSize=200 token=WCT{android.window.IWindowContainerToken$Stub$Proxy@fcd37c5} topActivityType=1 pictureInPictureParams=null shouldDockBigOverlays=false launchIntoPipHostTaskId=-1 lastParentTaskIdBeforePip=-1 displayCutoutSafeInsets=null topActivityInfo=ActivityInfo{8bcf51a com.softnation.Ojam.MainActivity} launchCookies=[] positionInParent=Point(0, 0) parentTaskId=-1 isFocused=false isVisible=true isVisibleRequested=true isSleeping=false locusId=null displayAreaFeatureId=1 isTopActivityTransparent=false appCompatTaskInfo=AppCompatTaskInfo { topActivityInSizeCompat=false topActivityEligibleForLetterboxEducation= falseisLetterboxEducationEnabled= false isLetterboxDoubleTapEnabled= false topActivityEligibleForUserAspectRatioButton= false topActivityBoundsLetterboxed= false isFromLetterboxDoubleTap= false topActivityLetterboxVerticalPosition= -1 topActivityLetterboxHorizontalPosition= -1 topActivityLetterboxWidth=1080 topActivityLetterboxHeight=2460 isUserFullscreenOverrideEnabled=false isSystemFullscreenOverrideEnabled=false cameraCompatTaskInfo=CameraCompatTaskInfo { cameraCompatControlState=hidden freeformCameraCompatMode=inactive}} isImmersive=false mTopActivityRequestOrientation=1 mBehindAppLockPkg=null mOriginatingUid=0 isEmbedded=false shouldBeVisible=true mIsCastMode=false mTopActivityMediaSize=null mTopActivityRecordName=ActivityRecord{62b1cde u0 com.softnation.Ojam/.MainActivity t37046} mTopActivityOrientation=1}
03-02 11:37:18.228  1999  2684 D RecentsModel: preloadRecents runningTaskId:37046, mCurrentRunningTaskId:-1, mRecentsTaskLoadPlan=com.android.systemui.shared.recents.model.RecentsTaskLoadPlan@73e784b
03-02 11:37:18.229  1999  2684 E ActivityManagerWrapper: get all recent tasks force including 37046
03-02 11:37:18.230  1621  2740 I ATMSImpl: cacheTasksForDefaultDisplay size=5
03-02 11:37:18.232  1621  1651 I ActivityTaskManager: visible for Task{b64798c #37046 type=standard A=10337:com.softnation.Ojam} visible = true isAnimating = false TRANSITION = false PARENTS = false CHILDREN = false
03-02 11:37:18.235  1999  2684 D ActivityManagerWrapper: groupedRecentTaskInfoCompat.getMainTaskId :37027, isExcluded is True
03-02 11:37:18.235  1999  2684 E ActivityManagerWrapper: getRecentTasksForceIncludingTaskIdIfValid: getRecentTasks: size=4
03-02 11:37:18.235  1999  2684 E ActivityManagerWrapper:  mainTaskId=37046   userId=0   windowMode=1   baseIntent=Intent { act=null flag=268435456 cmp=ComponentInfo{com.softnation.Ojam/com.softnation.Ojam.MainActivity} }
03-02 11:37:18.235  1999  2684 E ActivityManagerWrapper:  mainTaskId=37027   userId=0   windowMode=1   baseIntent=Intent { act=null flag=344260608 cmp=ComponentInfo{com.google.android.googlequicksearchbox/com.google.android.apps.search.assistant.surfaces.voice.robin.ui.floaty.activity.FloatyActivity} }
03-02 11:37:18.235  1999  2684 E ActivityManagerWrapper:  mainTaskId=37019   userId=0   windowMode=1   baseIntent=Intent { act=null flag=268435456 cmp=ComponentInfo{com.whatsapp/com.whatsapp.home.ui.HomeActivity} }
03-02 11:37:18.235  1999  2684 E ActivityManagerWrapper:  mainTaskId=36980   userId=0   windowMode=1   baseIntent=Intent { act=android.intent.action.MAIN flag=270532608 cmp=ComponentInfo{com.twitter.android/com.twitter.android.StartActivity} }
03-02 11:37:18.243  1999  2684 D TaskSnapshotCompatVV: getIsInvalidateFromTaskSnapshot, return, mTaskSnapshot=null, mTaskSnapshotClazz=null
03-02 11:37:18.251  1621  3051 D skia    : SkJpegCodec::onGetPixels + (648, 1476)
03-02 11:37:18.264   921   921 I BufferQueueProducer: [NavigationBar0#101619](this:0xb400007bced454e8,id:-1,api:0,p:-1,c:921) queueBuffer: fps=10.71 dur=1213.56 max=982.38 min=13.64
03-02 11:37:18.266  1621  3051 D skia    : SkJpegCodec::onGetPixels -
03-02 11:37:18.283  1999  2684 D TaskSnapshotCompatVV: getIsInvalidateFromTaskSnapshot, isInvalidate=false
03-02 11:37:18.283  1999  2684 D RecentsModel: onTaskStackChangedBackground    MSG_TASK_STACK_CHANGE
03-02 11:37:18.283  1999  2684 D RecentsModel: boostTaskStackChangedThread, don't boost
03-02 11:37:18.285  1621  3051 I ATMSImpl: cacheTasksForDefaultDisplay size=5
03-02 11:37:18.288  1999  2684 D RecentsModel: getRunningTask ignoreActivityType : 2 ,ignoreWindowMode:5
03-02 11:37:18.288  1999  2684 W RecentsModel: getRunningTask   taskInfo=TaskInfo{userId=0 taskId=37046 displayId=0 isRunning=true baseIntent=Intent { flg=0x10000000 cmp=com.softnation.Ojam/.MainActivity } baseActivity=ComponentInfo{com.softnation.Ojam/com.softnation.Ojam.MainActivity} topActivity=ComponentInfo{com.softnation.Ojam/com.softnation.Ojam.MainActivity} origActivity=null realActivity=ComponentInfo{com.softnation.Ojam/com.softnation.Ojam.MainActivity} numActivities=1 lastActiveTime=1030797709 supportsSplitScreenMultiWindow=true supportsMultiWindow=true resizeMode=1 isResizeable=true minWidth=-1 minHeight=-1 defaultMinSize=200 token=WCT{android.window.IWindowContainerToken$Stub$Proxy@4b3a5c3} topActivityType=1 pictureInPictureParams=null shouldDockBigOverlays=false launchIntoPipHostTaskId=-1 lastParentTaskIdBeforePip=-1 displayCutoutSafeInsets=null topActivityInfo=ActivityInfo{4d12e40 com.softnation.Ojam.MainActivity} launchCookies=[] positionInParent=Point(0, 0) parentTaskId=-1 isFocused=false isVisible=true isVisibleRequested=true isSleeping=false locusId=null displayAreaFeatureId=1 isTopActivityTransparent=false appCompatTaskInfo=AppCompatTaskInfo { topActivityInSizeCompat=false topActivityEligibleForLetterboxEducation= falseisLetterboxEducationEnabled= false isLetterboxDoubleTapEnabled= false topActivityEligibleForUserAspectRatioButton= false topActivityBoundsLetterboxed= false isFromLetterboxDoubleTap= false topActivityLetterboxVerticalPosition= -1 topActivityLetterboxHorizontalPosition= -1 topActivityLetterboxWidth=1080 topActivityLetterboxHeight=2460 isUserFullscreenOverrideEnabled=false isSystemFullscreenOverrideEnabled=false cameraCompatTaskInfo=CameraCompatTaskInfo { cameraCompatControlState=hidden freeformCameraCompatMode=inactive}} isImmersive=false mTopActivityRequestOrientation=1 mBehindAppLockPkg=null mOriginatingUid=0 isEmbedded=false shouldBeVisible=true mIsCastMode=false mTopActivityMediaSize=null mTopActivityRecordName=ActivityRecord{62b1cde u0 com.softnation.Ojam/.MainActivity t37046} mTopActivityOrientation=1}
03-02 11:37:18.288  1999  2684 D RecentsModel: preloadRecents runningTaskId:37046, mCurrentRunningTaskId:-1, mRecentsTaskLoadPlan=com.android.systemui.shared.recents.model.RecentsTaskLoadPlan@ea86179
03-02 11:37:18.289  1999  2684 E ActivityManagerWrapper: get all recent tasks force including 37046
03-02 11:37:18.295  1999  2684 D ActivityManagerWrapper: groupedRecentTaskInfoCompat.getMainTaskId :37027, isExcluded is True
03-02 11:37:18.295  1999  2684 E ActivityManagerWrapper: getRecentTasksForceIncludingTaskIdIfValid: getRecentTasks: size=4
03-02 11:37:18.295  1999  2684 E ActivityManagerWrapper:  mainTaskId=37046   userId=0   windowMode=1   baseIntent=Intent { act=null flag=268435456 cmp=ComponentInfo{com.softnation.Ojam/com.softnation.Ojam.MainActivity} }
03-02 11:37:18.295  1999  2684 E ActivityManagerWrapper:  mainTaskId=37027   userId=0   windowMode=1   baseIntent=Intent { act=null flag=344260608 cmp=ComponentInfo{com.google.android.googlequicksearchbox/com.google.android.apps.search.assistant.surfaces.voice.robin.ui.floaty.activity.FloatyActivity} }
03-02 11:37:18.295  1999  2684 E ActivityManagerWrapper:  mainTaskId=37019   userId=0   windowMode=1   baseIntent=Intent { act=null flag=268435456 cmp=ComponentInfo{com.whatsapp/com.whatsapp.home.ui.HomeActivity} }
03-02 11:37:18.295  1999  2684 E ActivityManagerWrapper:  mainTaskId=36980   userId=0   windowMode=1   baseIntent=Intent { act=android.intent.action.MAIN flag=270532608 cmp=ComponentInfo{com.twitter.android/com.twitter.android.StartActivity} }
03-02 11:37:18.303  1999  2684 D TaskSnapshotCompatVV: getIsInvalidateFromTaskSnapshot, return, mTaskSnapshot=null, mTaskSnapshotClazz=null
03-02 11:37:18.377  1159  1606 D ULogGuard: Monitoring: 18 threads, 0 requests, 0 time-bombs; 1 guards. ResetFlags = 0x7
03-02 11:37:18.473  1621  1621 D UiModeManager: updateConfigurationLocked: mDockState=0; mCarMode=false; mCar=false; mPowerSave=false; mOverrideNightModeOn=false; mOverrideNightModeOff=false; mComputedNightMode=true; mNightModeValue=2; uiMode=42
03-02 11:37:18.477  6027  6027 I PowerSaveService: onReceive: android.intent.action.BATTERY_CHANGED
03-02 11:37:18.478  6515  8177 D PowerCheckerService: onBatteryChanged, mBatteryLevel = 44, status = 2, level = 44, plug = 2, scale = 100
03-02 11:37:18.479  6515  6997 I ProcAudioPowerManager: onBatteryChanged, onBattery is false
03-02 11:37:18.479  6027  6027 I PowerNoticeUI: handleBatteryChanged oldPlugType 2 mPlugType 2 oldBatteryLevel 44 mBatteryLevel 44 temperature 400
03-02 11:37:18.479  6515  6997 D PowerKeeper.FrozenApp: onBatteryChanged plug=true mBatteryPlugged=2
03-02 11:37:18.479  6027  6027 I ChargerBatteryIntelligenceReceiver: onBatteryChanged temperature∩╝Ü40,plugType:2
03-02 11:37:18.479  6027  6027 D BaseChargeProtect_HighTemp: mCountByMinute:0,isScreenOn:true
03-02 11:37:18.479  6515  8142 D PowerKeeper.Thermal: mBatteryTemperature: 40
03-02 11:37:18.481  6027  6027 I android_os_HwBinder: HwBinder: Starting thread pool for getting: vendor.xiaomi.hardware.micharge@1.0::IMiCharge/default
03-02 11:37:18.483   872   908 I vendor.xiaomi.hardware.micharge@1.0-service: ReadFilePathValue path = /sys/class/power_supply/usb/real_type value = USB
03-02 11:37:18.484  6027  6027 I IMiChargeUtils: getIMiChargeStringValue method:getBatteryChargeType,value:USB
03-02 11:37:18.484  6027  6027 I IMiChargeUtils: getBatteryChargeType : USB
03-02 11:37:18.484  6027  6027 I ChargeTimeUtilsV2: chargeType:USB
03-02 11:37:18.484  6027  6027 I PowerFeatureUtils: getVendorName:mediatek
03-02 11:37:18.484  6027  6027 I PowerFeatureUtils: getVendorName:mediatek
03-02 11:37:18.504  2350  2350 W Settings: Setting airplane_mode_on has moved from android.provider.Settings.System to android.provider.Settings.Global, returning read-only value.
03-02 11:37:18.506  2350  2350 W Settings: Setting airplane_mode_on has moved from android.provider.Settings.System to android.provider.Settings.Global, returning read-only value.
03-02 11:37:18.507  2350 29580 D NetworkSpeedTracker: updateSignalInfo lteRsrp=-73lteSnr=16,phoneId=1
03-02 11:37:18.511  2350 29580 D NetworkSpeedTracker: updateSignalInfo lteRsrp=-73lteSnr=16,phoneId=1
03-02 11:37:18.543  1177  1177 I thermal_src: recvmsg_expect 5, but get 2 
03-02 11:37:18.544  1177  1177 V thermal_src: TA_DAEMON_CMD_GET_TPCB:ERROR ret=-1
03-02 11:37:18.544  1177  1177 E thermal_src: get_tpcb_from_kernel:error -1. retry...
03-02 11:37:18.544  1177  1177 I thermal_src: recvmsg_expect 5, but get 2 
03-02 11:37:18.544  1177  1177 V thermal_src: TA_DAEMON_CMD_GET_TPCB:ERROR ret=-1
03-02 11:37:18.544  1177  1177 E thermal_src: get_tpcb_from_kernel:error -1. retry...
03-02 11:37:18.544  1177  1177 I thermal_src: recvmsg_expect 4, but get 5 
03-02 11:37:18.544  1177  1177 V thermal_src: TA_DAEMON_CMD_SET_TTJ:ERROR ret=-1
03-02 11:37:18.544  1177  1177 E thermal_src: set_ttj_to_kernel 1:error -1
03-02 11:37:18.544  1177  1177 I thermal_src: recvmsg_expect 2, but get 5 
03-02 11:37:18.544  1177  1177 V thermal_src: waiting NOTIFY from kernel miss, -1
03-02 11:37:18.544  1177  1177 I thermal_src: recvmsg_expect 2, but get 4 
03-02 11:37:18.544  1177  1177 V thermal_src: waiting NOTIFY from kernel miss, -1
03-02 11:37:18.741 30938 30938 D nativeloader: Configuring clns-7 for other apk /data/app/~~Bh61wenJZi6JNVEuOkVQfQ==/com.softnation.Ojam-nnCVAdHxKfOmup5FCuBDYQ==/base.apk. target_sdk_version=36, uses_libraries=, library_path=/data/app/~~Bh61wenJZi6JNVEuOkVQfQ==/com.softnation.Ojam-nnCVAdHxKfOmup5FCuBDYQ==/lib/arm64:/data/app/~~Bh61wenJZi6JNVEuOkVQfQ==/com.softnation.Ojam-nnCVAdHxKfOmup5FCuBDYQ==/base.apk!/lib/arm64-v8a, permitted_path=/data:/mnt/expand:/data/user/0/com.softnation.Ojam
03-02 11:37:18.748  1167  1167 I thermal_repeater: [recvMdThermalInfo] ret=25, strLen=127,  3, 35, -8, 196, 32767, 0
03-02 11:37:18.757 30938 30938 V GraphicsEnvironment: Currently set values for:
03-02 11:37:18.758 30938 30938 V GraphicsEnvironment:   angle_gl_driver_selection_pkgs=[]
03-02 11:37:18.758 30938 30938 V GraphicsEnvironment:   angle_gl_driver_selection_values=[]
03-02 11:37:18.758 30938 30938 V GraphicsEnvironment: Global.Settings values are invalid: number of packages: 0, number of values: 0
03-02 11:37:18.758 30938 30938 V GraphicsEnvironment: Neither updatable production driver nor prerelease driver is supported.
03-02 11:37:18.760 30938 30938 I ActivityThread: TrafficStats init done
03-02 11:37:18.763  1621  2740 D ForceDarkAppConfigProvider: cloudConfigVersion: -1   localConfigVersion:20250515
03-02 11:37:18.763  1621  2740 I UiModeManager: systemserver package:com.softnation.Ojam null
03-02 11:37:18.764 30938 30938 I ForceDarkHelperStubImpl: initialize for com.softnation.Ojam , ForceDarkAppConfig: null
03-02 11:37:18.767 30938 30938 D nativeloader: Load libforcedarkimpl.so using system ns (caller=/system_ext/framework/miui-framework.jar): ok
03-02 11:37:18.768 30938 30938 D HWUI    : JNI_OnLoad success
03-02 11:37:18.768 30938 30938 I MiuiForceDarkConfig: setConfig density:2.750000, mainRule:0, secondaryRule:0, tertiaryRule:0
03-02 11:37:18.772 30938 30938 I ActivityThread: Miui Feature Init done
03-02 11:37:18.841  1621  2740 D AS.BtHelper: isBluetoothScoOn() mBluetoothHeadset is null: falsemBluetoothHeadsetDevice is null: true
03-02 11:37:18.841  1621  2740 V AS.AudioDeviceBroker: requestedCommunicationDevice: null mAudioModeOwner: AudioModeInfo: mMode=MODE_NORMAL, mPid=0, mUid=0
03-02 11:37:18.842  1621  2740 D AS.BtHelper: isBluetoothScoOn() mBluetoothHeadset is null: falsemBluetoothHeadsetDevice is null: true
03-02 11:37:18.842  1621  2740 V AS.AudioDeviceBroker: requestedCommunicationDevice: null mAudioModeOwner: AudioModeInfo: mMode=MODE_NORMAL, mPid=0, mUid=0
03-02 11:37:18.899 30938 30938 W FirebaseApp: Default FirebaseApp failed to initialize because no default options were found. This usually means that com.google.gms:google-services was not applied to your gradle project.
03-02 11:37:18.899 30938 30938 I FirebaseInitProvider: FirebaseApp initialization unsuccessful
03-02 11:37:18.927  1621  2740 I ClipboardServiceI: checkProviderWakePathForClipboard: primaryClip is null
03-02 11:37:18.939 30938 30938 W SoLoader: Initializing SoLoader: 0
03-02 11:37:18.941 30938 30938 W SoLoader: Recording new base apk path: /data/app/~~Bh61wenJZi6JNVEuOkVQfQ==/com.softnation.Ojam-nnCVAdHxKfOmup5FCuBDYQ==/base.apk
03-02 11:37:18.941 30938 30938 W SoLoader: Previously recorded 0 base apk paths.
03-02 11:37:18.943 30938 30938 I SoLoader: Preparing SO source: DirectorySoSource[root = /vendor/lib64 flags = 2]
03-02 11:37:18.944 30938 30938 I SoLoader: Preparing SO source: DirectorySoSource[root = /system/lib64 flags = 2]
03-02 11:37:18.944 30938 30938 I SoLoader: Preparing SO source: DirectApkSoSource[root = [/data/app/~~Bh61wenJZi6JNVEuOkVQfQ==/com.softnation.Ojam-nnCVAdHxKfOmup5FCuBDYQ==/base.apk!/lib/arm64-v8a]]
03-02 11:37:18.949   849   849 I hwcomposer: [HWCDisplay] (0 updateFps():3667), (type:1, mode:2) fps:57.345116,dur:1011.42,max:61.00,min:13.73  
03-02 11:37:18.951   861   947 I libPerfCtl: xgfGetFPS pid:921 fps:-1
03-02 11:37:18.952   861   947 I libPerfCtl: xgfGetFPS pid:2363 fps:-1
03-02 11:37:18.952   861   947 I libPerfCtl: xgfGetFPS pid:13966 fps:-1
03-02 11:37:18.979  2061 12253 W HWUI    : Surface doesn't have any previously queued frames, nothing to readback from
03-02 11:37:18.987  2061 12253 W HWUI    : Surface doesn't have any previously queued frames, nothing to readback from
03-02 11:37:19.072 30938 30938 I SoLoader: Preparing SO source: ApplicationSoSource[DirectorySoSource[root = /data/app/~~Bh61wenJZi6JNVEuOkVQfQ==/com.softnation.Ojam-nnCVAdHxKfOmup5FCuBDYQ==/lib/arm64 flags = 0]]
03-02 11:37:19.072 30938 30938 I SoLoader: init finish: 4 SO sources prepared
03-02 11:37:19.072 30938 30938 W SoLoader: SoLoader initialized: 8
03-02 11:37:19.110 30938 30938 D nativeloader: Load /data/app/~~Bh61wenJZi6JNVEuOkVQfQ==/com.softnation.Ojam-nnCVAdHxKfOmup5FCuBDYQ==/base.apk!/lib/arm64-v8a/libc++_shared.so using class loader ns clns-7 (caller=/data/app/~~Bh61wenJZi6JNVEuOkVQfQ==/com.softnation.Ojam-nnCVAdHxKfOmup5FCuBDYQ==/base.apk!classes20.dex): ok
03-02 11:37:19.127 30938 30938 D nativeloader: Load /data/app/~~Bh61wenJZi6JNVEuOkVQfQ==/com.softnation.Ojam-nnCVAdHxKfOmup5FCuBDYQ==/base.apk!/lib/arm64-v8a/libjsi.so using class loader ns clns-7 (caller=/data/app/~~Bh61wenJZi6JNVEuOkVQfQ==/com.softnation.Ojam-nnCVAdHxKfOmup5FCuBDYQ==/base.apk!classes20.dex): ok
03-02 11:37:19.142 30938 30938 D nativeloader: Load /data/app/~~Bh61wenJZi6JNVEuOkVQfQ==/com.softnation.Ojam-nnCVAdHxKfOmup5FCuBDYQ==/base.apk!/lib/arm64-v8a/libfbjni.so using class loader ns clns-7 (caller=/data/app/~~Bh61wenJZi6JNVEuOkVQfQ==/com.softnation.Ojam-nnCVAdHxKfOmup5FCuBDYQ==/base.apk!classes20.dex): ok
