03-02 11:37:32.150  2363 19600 I ActiveAudioSessionManager_export-api: controllerSize:0
03-02 11:37:32.150  2363 19600 I ActiveAudioSessionManager_export-api: stopPositionCallbackTask
03-02 11:37:32.150  2363 19600 I ActiveAudioSessionManager_export-api: dispatchSessionsExistsChangeCallbackLocked :false
03-02 11:37:32.150  2363 19600 I MiPlayServiceAdapter: markSessionKilled
03-02 11:37:32.150  2363  3215 I ActiveAudioSessionManager_export-api: controllerSize:0
03-02 11:37:32.150  2363  3215 I ActiveAudioSessionManager_export-api: stopPositionCallbackTask
03-02 11:37:32.150  2363  3215 I ActiveAudioSessionManager_export-api: dispatchSessionsExistsChangeCallbackLocked :false
03-02 11:37:32.151  2363  3215 I ActiveAudioSessionManager_export-api: controllerSize:0
03-02 11:37:32.151  2363  3215 I ActiveAudioSessionManager_export-api: stopPositionCallbackTask
03-02 11:37:32.151  2363  3215 I ActiveAudioSessionManager_export-api: dispatchSessionsExistsChangeCallbackLocked :false
03-02 11:37:32.151 18562 18562 I MediaPlayerList: Adding wrapped media player: com.softnation.Ojam at key: 1
03-02 11:37:32.152 18562 18562 I MediaPlayerList: onMediaKeyEventSessionChanged: token=com.softnation.Ojam
03-02 11:37:32.153 18562 18562 D MediaPlayerList: setActivePlayer(): setting player to com.softnation.Ojam
03-02 11:37:32.154  1621  2188 I MediaSessionService: tempAllowlistTargetPkgIfPossible callingPackage:com.android.bluetooth targetPackage:com.softnation.Ojam reason:MediaSessionRecord:android.support.v4.media.session.command.GET_EXTRA_BINDER [WIU] [FGS]
03-02 11:37:32.159  1621  1746 E JobScheduler.Background: Couldn't determine stopped state for unknown package: com.google.android.apps.turbo
03-02 11:37:32.159  1621  1746 E JobScheduler.Background: Couldn't determine stopped state for unknown package: com.google.android.apps.turbo
03-02 11:37:32.159  1621  1746 E JobScheduler.Background: Couldn't determine stopped state for unknown package: com.google.android.apps.turbo
03-02 11:37:32.160  1621  1746 E JobScheduler.Background: Couldn't determine stopped state for unknown package: com.google.android.apps.turbo
03-02 11:37:32.160  1621  1746 E JobScheduler.Background: Couldn't determine stopped state for unknown package: com.google.android.apps.turbo
03-02 11:37:32.160 18562 18562 D MediaPlayerList: sendMediaUpdate
03-02 11:37:32.160 18562 18562 I MediaPlayerList: sendMediaUpdate: Creating a one item queue for a player with no queue
03-02 11:37:32.160 18562 18562 D MediaPlayerList: sendMediaUpdate state=null
03-02 11:37:32.161 18562 18562 D AvrcpTargetService: onMediaUpdated: track_changed=true state=false queue=true
03-02 11:37:32.161 18562 18562 D AvrcpNativeInterface: sendMediaUpdate: metadata=true playStatus=false queue=true
03-02 11:37:32.161 18562 18562 I bluetooth: avrcp_service.cc:648 SendMediaUpdate: track_changed=true :  play_state=false :  queue=true
03-02 11:37:32.161 18562 18562 V MediaPlayerList: onActiveSessionsChanged: number of controllers: 0
03-02 11:37:32.162 18562 18562 I PlayerSettingsManager: getPlayerRepeatMode: no active player
03-02 11:37:32.162 18562 18562 I PlayerSettingsManager: getPlayerShuffleMode: no active player
03-02 11:37:32.162 18562 18562 I PlayerSettingsManager: updateRemoteDevice: STATE_REPEAT_OFF, STATE_SHUFFLE_OFF
03-02 11:37:32.162 18562 18562 I bluetooth: avrcp_service.cc:685 SendPlayerSettingsChanged: 
03-02 11:37:32.162 18562 18562 I bluetooth: avrcp_service.cc:699 SendPlayerSettingsChanged: attribute=PlayerAttribute::REPEAT : value=PlayerRepeatValue::OFF
03-02 11:37:32.162 18562 18562 I bluetooth: attribute=PlayerAttribute::SHUFFLE : value=PlayerShuffleValue::OFF
03-02 11:37:32.162 18562 18562 V MediaPlayerList: onActiveSessionsChanged: number of controllers: 0
03-02 11:37:32.162 18562 18562 I PlayerSettingsManager: getPlayerRepeatMode: no active player
03-02 11:37:32.162 18562 18562 I PlayerSettingsManager: getPlayerShuffleMode: no active player
03-02 11:37:32.162 18562 18562 I PlayerSettingsManager: updateRemoteDevice: STATE_REPEAT_OFF, STATE_SHUFFLE_OFF
03-02 11:37:32.162 18562 18562 I bluetooth: avrcp_service.cc:685 SendPlayerSettingsChanged: 
03-02 11:37:32.162 18562 18562 I bluetooth: avrcp_service.cc:699 SendPlayerSettingsChanged: attribute=PlayerAttribute::REPEAT : value=PlayerRepeatValue::OFF
03-02 11:37:32.162 18562 18562 I bluetooth: attribute=PlayerAttribute::SHUFFLE : value=PlayerShuffleValue::OFF
03-02 11:37:32.169 18562 18562 D AudioMediaPlayerWrapper: com.softnation.Ojam: isPlaybackStateReady(): PlaybackState is null
03-02 11:37:32.170 18562 18562 V AudioMediaPlayerWrapper: onQueueChanged(): com.softnation.Ojam tried to update with no queue
03-02 11:37:32.189  1621  2200 D MediaSessionService: onSessionPlaybackStateChanged: record=com.softnation.Ojam/androidx.media3.session.id./94 (userId=0) playbackState=PlaybackState {state=NONE(0), position=0, buffered position=0, speed=0.0, updated=1030811606, actions=7339653, custom actions=[], active item id=0, error=null}
03-02 11:37:32.190  1621  2188 D MediaSessionService: onSessionActiveStateChanged: record=com.softnation.Ojam/androidx.media3.session.id./94 (userId=0) playbackState=PlaybackState {state=NONE(0), position=0, buffered position=0, speed=0.0, updated=1030811606, actions=7339653, custom actions=[], active item id=0, error=null}
03-02 11:37:32.190 18562 18562 D AudioMediaPlayerWrapper: onPlaybackStateChanged(): com.softnation.Ojam : PlaybackState {state=NONE(0), position=0, buffered position=0, speed=0.0, updated=1030811606, actions=7339653, custom actions=[], active item id=0, error=null}
03-02 11:37:32.191 18562 18562 V AudioMediaPlayerWrapper: Waiting to send update as controller has no playback state
03-02 11:37:32.192 18562 18562 V MediaPlayerList: onActiveSessionsChanged: number of controllers: 1
03-02 11:37:32.193  2363 19600 I ActiveAudioSessionManager_export-api: controllerSize:1
03-02 11:37:32.193 18562 18562 D MediaPlayerList: onActiveSessionsChanged: controller: com.softnation.Ojam
03-02 11:37:32.193  2363 19600 I ActiveAudioSessionManager_export-api: packageName:com.softnation.Ojam
03-02 11:37:32.193 18562 18562 D MediaPlayerList: Already have a controller for the player: com.softnation.Ojam, updating instead
03-02 11:37:32.194  2363  3215 I ActiveAudioSessionManager_export-api: controllerSize:1
03-02 11:37:32.194  2363  3215 I ActiveAudioSessionManager_export-api: packageName:com.softnation.Ojam
03-02 11:37:32.195  1621  2200 D MediaSessionService: onSessionPlaybackStateChanged: record=com.softnation.Ojam/androidx.media3.session.id./94 (userId=0) playbackState=PlaybackState {state=NONE(0), position=0, buffered position=0, speed=0.0, updated=1030811614, actions=7339653, custom actions=[], active item id=0, error=null}
03-02 11:37:32.196 18562 18562 D AudioMediaPlayerWrapper: com.softnation.Ojam: Controller for com.softnation.Ojam was updated.
03-02 11:37:32.196  2363  3215 I ActiveAudioSessionManager_export-api: stopPositionCallbackTask
03-02 11:37:32.196  2363  3215 I ActiveAudioSessionManager_export-api: dispatchSessionsExistsChangeCallbackLocked :true
03-02 11:37:32.196  2363  3215 I ActiveSessionRecord_export-api: onPlaybackStateChanged: PlaybackState {state=NONE(0), position=0, buffered position=0, speed=0.0, updated=1030811614, actions=7339653, custom actions=[], active item id=0, error=null}
03-02 11:37:32.197  2363 19600 I ActiveAudioSessionManager_export-api: stopPositionCallbackTask
03-02 11:37:32.197  2363 19600 I ActiveAudioSessionManager_export-api: dispatchSessionsExistsChangeCallbackLocked :true
03-02 11:37:32.197  2363 19600 I MiPlayServiceAdapter: markSessionChange
03-02 11:37:32.197  2363 19600 I MiPlayServiceAdapter: intent to startService : 0
03-02 11:37:32.197  2363 19600 I ActiveSessionRecord_export-api: onPlaybackStateChanged: PlaybackState {state=NONE(0), position=0, buffered position=0, speed=0.0, updated=1030811614, actions=7339653, custom actions=[], active item id=0, error=null}
03-02 11:37:32.197 18562 18562 D MediaPlayerList: sendMediaUpdate
03-02 11:37:32.197 18562 18562 I MediaPlayerList: sendMediaUpdate: Creating a one item queue for a player with no queue
03-02 11:37:32.197 18562 18562 D MediaPlayerList: sendMediaUpdate state=PlaybackState {state=NONE(0), position=0, buffered position=0, speed=0.0, updated=1030811614, actions=7339653, custom actions=[], active item id=0, error=null}
03-02 11:37:32.197 18562 18562 D AvrcpTargetService: onMediaUpdated: track_changed=false state=true queue=false
03-02 11:37:32.197 18562 18562 D AvrcpNativeInterface: sendMediaUpdate: metadata=false playStatus=true queue=false
03-02 11:37:32.197 18562 18562 I bluetooth: avrcp_service.cc:648 SendMediaUpdate: track_changed=false :  play_state=true :  queue=false
03-02 11:37:32.206 30938 30938 D RNTP-com.doublesymmetry.trackplayer.service.MusicService:onBind: intentAction = null
03-02 11:37:32.210 30938 30938 D UserSceneDetector: invoke error.
03-02 11:37:32.239 30938 30938 D ScrollerOptimizationManager: registerConfigChangedListener
03-02 11:37:32.246  1621  1621 D UiModeManager: updateConfigurationLocked: mDockState=0; mCarMode=false; mCar=false; mPowerSave=false; mOverrideNightModeOn=false; mOverrideNightModeOff=false; mComputedNightMode=true; mNightModeValue=2; uiMode=42
03-02 11:37:32.251  6027  6027 I PowerSaveService: onReceive: android.intent.action.BATTERY_CHANGED
03-02 11:37:32.252  6027  6027 I PowerNoticeUI: handleBatteryChanged oldPlugType 2 mPlugType 2 oldBatteryLevel 44 mBatteryLevel 44 temperature 400
03-02 11:37:32.252  6027  6027 I ChargerBatteryIntelligenceReceiver: onBatteryChanged temperature∩╝Ü40,plugType:2
03-02 11:37:32.252  6027  6027 D BaseChargeProtect_HighTemp: mCountByMinute:0,isScreenOn:true
03-02 11:37:32.252  6515  8177 D PowerCheckerService: onBatteryChanged, mBatteryLevel = 44, status = 2, level = 44, plug = 2, scale = 100
03-02 11:37:32.253  6515  6997 I ProcAudioPowerManager: onBatteryChanged, onBattery is false
03-02 11:37:32.253  6515  8142 D PowerKeeper.Thermal: mBatteryTemperature: 40
03-02 11:37:32.254  6515  6997 D PowerKeeper.FrozenApp: onBatteryChanged plug=true mBatteryPlugged=2
03-02 11:37:32.255  6027  6027 I android_os_HwBinder: HwBinder: Starting thread pool for getting: vendor.xiaomi.hardware.micharge@1.0::IMiCharge/default
03-02 11:37:32.258   872 24120 I vendor.xiaomi.hardware.micharge@1.0-service: ReadFilePathValue path = /sys/class/power_supply/usb/real_type value = USB
03-02 11:37:32.259  6027  6027 I IMiChargeUtils: getIMiChargeStringValue method:getBatteryChargeType,value:USB
03-02 11:37:32.259  6027  6027 I IMiChargeUtils: getBatteryChargeType : USB
03-02 11:37:32.259  6027  6027 I ChargeTimeUtilsV2: chargeType:USB
03-02 11:37:32.260  6027  6027 I PowerFeatureUtils: getVendorName:mediatek
03-02 11:37:32.260  6027  6027 I PowerFeatureUtils: getVendorName:mediatek
03-02 11:37:32.261  3510  3510 W libc    : Unable to set property "persist.vendor.accelerate.charge" to "false": PROP_ERROR_PERMISSION_DENIED (0x18)
03-02 11:37:32.280  1621  1621 D UiModeManager: updateConfigurationLocked: mDockState=0; mCarMode=false; mCar=false; mPowerSave=false; mOverrideNightModeOn=false; mOverrideNightModeOff=false; mComputedNightMode=true; mNightModeValue=2; uiMode=42
03-02 11:37:32.283  6027  6027 I PowerSaveService: onReceive: android.intent.action.BATTERY_CHANGED
03-02 11:37:32.284  6027  6027 I PowerNoticeUI: handleBatteryChanged oldPlugType 2 mPlugType 2 oldBatteryLevel 44 mBatteryLevel 44 temperature 400
03-02 11:37:32.284  6515  6997 I ProcAudioPowerManager: onBatteryChanged, onBattery is false
03-02 11:37:32.284  6027  6027 I ChargerBatteryIntelligenceReceiver: onBatteryChanged temperature∩╝Ü40,plugType:2
03-02 11:37:32.284  6515  6997 D PowerKeeper.FrozenApp: onBatteryChanged plug=true mBatteryPlugged=2
03-02 11:37:32.285  6027  6027 D BaseChargeProtect_HighTemp: mCountByMinute:0,isScreenOn:true
03-02 11:37:32.285  6515  8177 D PowerCheckerService: onBatteryChanged, mBatteryLevel = 44, status = 2, level = 44, plug = 2, scale = 100
03-02 11:37:32.285  6515  8142 D PowerKeeper.Thermal: mBatteryTemperature: 40
03-02 11:37:32.286  6027  6027 I android_os_HwBinder: HwBinder: Starting thread pool for getting: vendor.xiaomi.hardware.micharge@1.0::IMiCharge/default
03-02 11:37:32.289   872 24120 I vendor.xiaomi.hardware.micharge@1.0-service: ReadFilePathValue path = /sys/class/power_supply/usb/real_type value = USB
03-02 11:37:32.289  6027  6027 I IMiChargeUtils: getIMiChargeStringValue method:getBatteryChargeType,value:USB
03-02 11:37:32.289  6027  6027 I IMiChargeUtils: getBatteryChargeType : USB
03-02 11:37:32.289  6027  6027 I ChargeTimeUtilsV2: chargeType:USB
03-02 11:37:32.289  6027  6027 I PowerFeatureUtils: getVendorName:mediatek
03-02 11:37:32.289  6027  6027 I PowerFeatureUtils: getVendorName:mediatek
03-02 11:37:32.307  1621  1922 I SmartPower: mydiary.journal.diary.diarywithlock.diaryjournal.secretdiary/10374(4167): background->idle(3001ms) R(service create mydiary.journal.diary.diarywithlock.diaryjournal.secretdiary/com.google.android.datatransport.runtime.scheduling.jobscheduling.JobInfoSchedulerService) adj=905.
03-02 11:37:32.340  1621  1636 D MiuiRefreshRatePolicy: reset
03-02 11:37:32.341  1999  1999 D TouchInteractionService: onSystemUiFlagsChanged, mSystemUiStateFlags=10000000
03-02 11:37:32.345 30938 30938 D VRI[MainActivity]: vri.reportNextDraw android.view.ViewRootImpl.performTraversals:4984 android.view.ViewRootImpl.doTraversal:3564 android.view.ViewRootImpl$TraversalRunnable.run:11781 android.view.Choreographer$CallbackRecord.run:1804 android.view.Choreographer$CallbackRecord.run:1813 
03-02 11:37:32.346 30938 30938 W Looper  : PerfMonitor doFrame : time=137ms vsyncFrame=19901581 latency=678ms procState=-1 historyMsgCount=43 (msgIndex=1 wall=547ms seq=525 late=2ms h=android.view.Choreographer$FrameHandler c=android.view.Choreographer$FrameDisplayEventReceiver) (msgIndex=40 wall=370ms seq=564 late=323ms h=android.app.ActivityThread$H w=114)
03-02 11:37:32.354 30938 30938 D RNTP-com.doublesymmetry.trackplayer.service.MusicService:onBind: intentAction = androidx.media3.session.MediaSessionService
03-02 11:37:32.355  1621  1651 I ActivityTaskManager: visible for Task{b64798c #37046 type=standard A=10337:com.softnation.Ojam} visible = true isAnimating = false TRANSITION = false PARENTS = false CHILDREN = false
03-02 11:37:32.368 30938  5075 W unknown:ReactNative: StatusBarModule: Ignored status bar change, current activity is edge-to-edge.
03-02 11:37:32.368 30938  5075 W unknown:ReactNative: StatusBarModule: Ignored status bar change, current activity is edge-to-edge.
03-02 11:37:32.441 30938  5074 D nativeloader: Load /data/app/~~Bh61wenJZi6JNVEuOkVQfQ==/com.softnation.Ojam-nnCVAdHxKfOmup5FCuBDYQ==/base.apk!/lib/arm64-v8a/libgesturehandler.so using class loader ns clns-7 (caller=/data/app/~~Bh61wenJZi6JNVEuOkVQfQ==/com.softnation.Ojam-nnCVAdHxKfOmup5FCuBDYQ==/base.apk!classes20.dex): ok
03-02 11:37:32.442 30938  5074 D jni_lib_merge: Entering merged library JNI_OnLoad.
03-02 11:37:32.442 30938  5074 D jni_lib_merge: Preparing 12 pre-merged libs (including stub)
03-02 11:37:32.442 30938  5074 D jni_lib_merge: Preparing to register libfabricjni_so.  onload_func: 0x7892274ce0
03-02 11:37:32.442 30938  5074 D jni_lib_merge: Preparing to register libreact_devsupportjni_so.  onload_func: 0x789246efc8
03-02 11:37:32.442 30938  5074 D jni_lib_merge: Preparing to register libreact_featureflagsjni_so.  onload_func: 0x789247d518
03-02 11:37:32.442 30938  5074 D jni_lib_merge: Preparing to register libreact_newarchdefaults_so.  onload_func: 0x78924e56a8
03-02 11:37:32.442 30938  5074 D jni_lib_merge: Preparing to register libreactnativeblob_so.  onload_func: 0x78926d5cb4
03-02 11:37:32.442 30938  5074 D jni_lib_merge: Preparing to register libreactnativejni_so.  onload_func: 0x78927236bc
03-02 11:37:32.442 30938  5074 D jni_lib_merge: Preparing to register libreactnativejni_common_so.  onload_func: 0x7892734044
03-02 11:37:32.442 30938  5074 D jni_lib_merge: Preparing to register librninstance_so.  onload_func: 0x789277b764
03-02 11:37:32.442 30938  5074 D jni_lib_merge: Preparing to register libturbomodulejsijni_so.  onload_func: 0x7892893f68
03-02 11:37:32.442 30938  5074 D jni_lib_merge: Preparing to register libuimanagerjni_so.  onload_func: 0x78928acfb8
03-02 11:37:32.442 30938  5074 D jni_lib_merge: Preparing to register libyoga_so.  onload_func: 0x78928bca3c
03-02 11:37:32.442 30938  5074 D jni_lib_merge: About to register 11 actual methods.
03-02 11:37:32.559 30938 30938 D VRI[MainActivity]: Setup new sync=wmsSync-VRI[MainActivity]#4
03-02 11:37:32.648 30938  5007 D HWUI    : makeCurrent grContext:0xb4000079f1a13e50 reset mTextureAvailable
03-02 11:37:32.726 30938  5007 E softnation.Ojam: DynamicFPS DF open fail: No such file or directory
03-02 11:37:32.726 30938  5007 E softnation.Ojam: FrameInsert open fail: No such file or directory
03-02 11:37:32.727 30938  5007 D BLASTBufferQueue: [VRI[MainActivity]#0](f:0,a:1) acquireNextBufferLocked size=1080x2460 mFrameNumber=1 applyTransaction=true mTimestamp=613046275867539(auto) mPendingTransactions.size=0 graphicBufferId=132877698203653 transform=0
03-02 11:37:32.728   921  1472 D MI-SF   : isTpIdleScene mSetTpIdleFlag 0, mSetLtpoTpIdleFlag 0
03-02 11:37:32.729   921  1472 D DisplayModeController: setDesiredMode 4627039422300187648 {mode={fps=60.00 Hz, modePtr={id=0, vsyncRate=60.00 Hz, peakRefreshRate=60.00 Hz}}, emitEvent=true, force=false}
03-02 11:37:32.729   921  1472 D Scheduler: MtkOverrideDuration: update vsync 60
03-02 11:37:32.729 30938 30938 D VRI[MainActivity]: vri.reportDrawFinished
03-02 11:37:32.729   921  1472 E SurfaceFlinger: MtkDuration override mode is disabled
03-02 11:37:32.729   921  1472 D Scheduler: MtkOverrideDuration: reset override duration
03-02 11:37:32.729   921  1472 I PowerHalWrapper: updateFps(): 60
03-02 11:37:32.730  1621  1636 D WindowManager: wms.finishDrawingLocked: mDrawState=COMMIT_DRAW_PENDING Window{2d9f44 u0 com.softnation.Ojam/com.softnation.Ojam.MainActivity} in Surface(name=com.softnation.Ojam/com.softnation.Ojam.MainActivity#134457)/@0x268bfe5
03-02 11:37:32.731 30938 30938 W Looper  : PerfMonitor doFrame : time=365ms vsyncFrame=19901583 latency=5ms procState=-1 historyMsgCount=26
03-02 11:37:32.733  1621  1651 D MiuiRefreshRatePolicy: reset
03-02 11:37:32.735  1621  1651 I WindowManager: onFirstWindowDrawn, try to remove startingWindow. this = ActivityRecord{62b1cde u0 com.softnation.Ojam/.MainActivity t37046} associatedTask = null isMainWindow = true mStartingWindow = Window{90826b7 u0 Splash Screen com.softnation.Ojam} mStartingData = SplashScreenStartingData{7ace7db waitForSyncTransactionCommit=false removeAfterTransaction= 0}
03-02 11:37:32.737  1621  1651 I PowerManagerServiceImpl: Acquire wakelock: SCREEN_BRIGHT_WAKE_LOCK           'WindowManager/displayId:0' ON_AFTER_RELEASE (uid=1000 pid=1621 pkg=android ws=WorkSource{10337 com.softnation.Ojam})
03-02 11:37:32.741  1621  1651 D MiuiRefreshRatePolicy: reset
03-02 11:37:32.743  1621  1638 I ActivityTaskManager: Displayed com.softnation.Ojam/.MainActivity for user 0: +15s380ms
03-02 11:37:32.743   849   849 I hwcomposer: [HWCDisplay] (0 setActiveConfigWithConstraints():4114), config:0  
03-02 11:37:32.743   849   849 I hwcomposer: [HWCDisplay] (0 setActiveConfigWithConstraints():4164), now 613046292993693, diff 366385, estimated_applied_time 27777778 queued_size:0  
03-02 11:37:32.744 30938 30938 D RNTP-com.doublesymmetry.trackplayer.service.MusicService:setupPlayer: Setting up player
03-02 11:37:32.747   849   849 I hwcomposer: [HWCDisplay] (0 updateFps():3667), (type:1, mode:2) fps:1.145733,dur:1745.61,max:1601.25,min:144.35  
03-02 11:37:32.748   921   921 I MI-SF   : surfaceflinger setAffinity mode=0
03-02 11:37:32.749   921   921 E MI-SF   : surfaceflinger setAffinity success
03-02 11:37:32.751  1621  1651 I WindowManager: wms.showSurfaceRobustly mWin:Window{2d9f44 u0 com.softnation.Ojam/com.softnation.Ojam.MainActivity}
03-02 11:37:32.752  1621  1651 I ActivityTaskManager: visible for Task{b64798c #37046 type=standard A=10337:com.softnation.Ojam} visible = true isAnimating = false TRANSITION = false PARENTS = false CHILDREN = false
03-02 11:37:32.766   921  1166 I BufferQueueDebug: [Surface(name=90826b7 Splash Screen com.softnation.Ojam#134449)/@0xd4c0d8d - animation-leash of starting_reveal#134462](this:0xb400007bcecd3668,id:-1,api:0,p:-1,c:-1) BufferQueue core=(921:/system/bin/surfaceflinger)
03-02 11:37:32.767 30938 30938 I ExoPlayerImpl: Init 360e05 [AndroidXMedia3/1.8.0] [tides, 2404ARN45A, Xiaomi, 35]
03-02 11:37:32.769   849  1481 I hwcomposer: [HWCDisplay] (0 updateAppliedConfigState():4360), applied config complete[idx:613046320771471, config:0]  
03-02 11:37:32.770  1621  1918 E HyperSentinel: -------------------------------------------------------
03-02 11:37:32.770  1621  1918 E HyperSentinel: Event_OpenFileFDSize
03-02 11:37:32.770  1621  1918 E HyperSentinel: -> audit event by proc 1621 "system_server": Fd increasement, peak, 1232 -> 1116
03-02 11:37:32.770  1621  1917 D MiuiSentinelService: begin judgment FdAmountLeakException
03-02 11:37:32.771  1621  1666 I SmartPower: com.whatsapp/10300(31638): idle->background(2118ms) R(broadcast start Intent { act=android.intent.action.BATTERY_CHANGED flg=0x60000010 (has extras) }) adj=227.
03-02 11:37:32.774  1621  1666 I SmartPower: com.android.chrome/10174(31865): idle->background(2120ms) R(broadcast start Intent { act=android.intent.action.BATTERY_CHANGED flg=0x60000010 (has extras) }) adj=915.
03-02 11:37:32.775  1621  1666 I SmartPower: com.whatsapp/99910300(3370): idle->background(2121ms) R(broadcast start Intent { act=android.intent.action.BATTERY_CHANGED flg=0x60000010 (has extras) }) adj=905.
03-02 11:37:32.775   921   921 I PowerHalWrapper: updateFps(): 60
03-02 11:37:32.776  1621  1666 I SmartPower: com.facebook.katana/10287(4176): idle->background(2122ms) R(broadcast start Intent { act=android.intent.action.BATTERY_CHANGED flg=0x60000010 (has extras) }) adj=905.
03-02 11:37:32.778   921   921 I PowerHalWrapper: updateFps(): 60
03-02 11:37:32.781 30938 30938 I ExoPlayerImpl: Release ba3afe2 [AndroidXMedia3/1.8.0] [tides, 2404ARN45A, Xiaomi, 35] [media3.common, media3.session, media3.exoplayer, media3.decoder, media3.database]
03-02 11:37:32.781   861   947 I libPerfCtl: xgfGetFPS pid:2363 fps:-1
03-02 11:37:32.781   861   947 I libPerfCtl: xgfGetFPS pid:30938 fps:-1
03-02 11:37:32.784   849  1423 W hwcomposer: [DRMDEV] paramIsSame(), id 34924, w 1080/1080, h 2460/2460, pitch 1088/1088, format 0x2/0x1, secure 0/0  
03-02 11:37:32.787  1621  2188 D MediaSessionService: onSessionPlaybackStateChanged: record=com.softnation.Ojam/androidx.media3.session.id./94 (userId=0) playbackState=PlaybackState {state=NONE(0), position=0, buffered position=0, speed=0.0, updated=1030812206, actions=7339653, custom actions=[], active item id=0, error=null}
03-02 11:37:32.788  2363 19600 I ActiveSessionRecord_export-api: onPlaybackStateChanged: PlaybackState {state=NONE(0), position=0, buffered position=0, speed=0.0, updated=1030812206, actions=7339653, custom actions=[], active item id=0, error=null}
03-02 11:37:32.788  2363  3215 I ActiveSessionRecord_export-api: onPlaybackStateChanged: PlaybackState {state=NONE(0), position=0, buffered position=0, speed=0.0, updated=1030812206, actions=7339653, custom actions=[], active item id=0, error=null}
03-02 11:37:32.789 18562 18562 D AudioMediaPlayerWrapper: onPlaybackStateChanged(): com.softnation.Ojam : PlaybackState {state=NONE(0), position=0, buffered position=0, speed=0.0, updated=1030812206, actions=7339653, custom actions=[], active item id=0, error=null}
03-02 11:37:32.789  1621  3051 D MediaSessionService: onSessionPlaybackStateChanged: record=com.softnation.Ojam/androidx.media3.session.id./94 (userId=0) playbackState=PlaybackState {state=NONE(0), position=0, buffered position=0, speed=0.0, updated=1030812209, actions=7339653, custom actions=[], active item id=0, error=null}
03-02 11:37:32.790 18562 18562 W AudioMediaPlayerWrapper: onPlaybackStateChanged(): com.softnation.Ojam tried to update with no new data
03-02 11:37:32.790  2363  3215 I ActiveSessionRecord_export-api: onPlaybackStateChanged: PlaybackState {state=NONE(0), position=0, buffered position=0, speed=0.0, updated=1030812209, actions=7339653, custom actions=[], active item id=0, error=null}
03-02 11:37:32.790 18562 18562 D AudioMediaPlayerWrapper: onPlaybackStateChanged(): com.softnation.Ojam : PlaybackState {state=NONE(0), position=0, buffered position=0, speed=0.0, updated=1030812209, actions=7339653, custom actions=[], active item id=0, error=null}
03-02 11:37:32.791 18562 18562 W AudioMediaPlayerWrapper: onPlaybackStateChanged(): com.softnation.Ojam tried to update with no new data
03-02 11:37:32.795  2363 19600 I ActiveSessionRecord_export-api: onPlaybackStateChanged: PlaybackState {state=NONE(0), position=0, buffered position=0, speed=0.0, updated=1030812209, actions=7339653, custom actions=[], active item id=0, error=null}
03-02 11:37:32.807  2350  2350 D TelephonyManager: requestModemActivityInfo: Sending result to app: ModemActivityInfo{ mTimestamp=1030812226 mSleepTimeMs=620754544 mIdleTimeMs=402054037 mActivityStatsTechSpecificInfo=[{mRat=UNKNOWN,mFrequencyRange=UNKNOWN,mTxTimeMs[]=[42779, 90769, 159201, 400160, 488416],mRxTimeMs=9909424}]}
03-02 11:37:32.813 30938 30938 D RNTP-com.doublesymmetry.trackplayer.service.MusicService:onGetSession: com.softnation.Ojam
03-02 11:37:32.817 30938 30938 I MediaController: Init f9cf8bd [AndroidXMedia3/1.8.0] [tides, 2404ARN45A, Xiaomi, 35]
03-02 11:37:32.819 30938 30938 D RNTP-com.doublesymmetry.trackplayer.service.MusicService$InnerMediaSessionCallback:onConnect: com.softnation.Ojam
03-02 11:37:32.821  1621  2188 D MediaSessionService: onSessionPlaybackStateChanged: record=com.softnation.Ojam/androidx.media3.session.id./94 (userId=0) playbackState=PlaybackState {state=NONE(0), position=0, buffered position=0, speed=0.0, updated=1030812240, actions=7339653, custom actions=[], active item id=0, error=null}
03-02 11:37:32.822  2363 19600 I ActiveSessionRecord_export-api: onPlaybackStateChanged: PlaybackState {state=NONE(0), position=0, buffered position=0, speed=0.0, updated=1030812240, actions=7339653, custom actions=[], active item id=0, error=null}
03-02 11:37:32.822  2363  3215 I ActiveSessionRecord_export-api: onPlaybackStateChanged: PlaybackState {state=NONE(0), position=0, buffered position=0, speed=0.0, updated=1030812240, actions=7339653, custom actions=[], active item id=0, error=null}
03-02 11:37:32.822 18562 18562 D AudioMediaPlayerWrapper: onPlaybackStateChanged(): com.softnation.Ojam : PlaybackState {state=NONE(0), position=0, buffered position=0, speed=0.0, updated=1030812240, actions=7339653, custom actions=[], active item id=0, error=null}
03-02 11:37:32.823 18562 18562 W AudioMediaPlayerWrapper: onPlaybackStateChanged(): com.softnation.Ojam tried to update with no new data
03-02 11:37:32.828 30938 30938 D RNTP-com.doublesymmetry.trackplayer.service.MusicService$InnerMediaSessionCallback:onConnect: com.softnation.Ojam
03-02 11:37:32.850 30938 30938 I HandWritingStubImpl: refreshLastKeyboardType: 1
03-02 11:37:32.851 30938 30938 I HandWritingStubImpl: getCurrentKeyboardType: 1
03-02 11:37:32.854  1621  1806 I ImeTracker: com.softnation.Ojam:a83f95f1: onRequestHide at ORIGIN_SERVER reason HIDE_UNSPECIFIED_WINDOW fromUser false
03-02 11:37:32.855  1621  1806 I ImeTracker: com.softnation.Ojam:a83f95f1: onCancelled at PHASE_SERVER_SHOULD_HIDE
03-02 11:37:32.855  6515  6798 D MirrorManager:  sendAcceptInput 0 0
03-02 11:37:32.858  2526  2526 D InputEventReceiver: Input log is disabled in InputEventReceiver.
03-02 11:37:32.859  1621  2740 D MediaSessionService: onSessionPlaybackStateChanged: record=com.softnation.Ojam/androidx.media3.session.id./94 (userId=0) playbackState=PlaybackState {state=NONE(0), position=0, buffered position=0, speed=0.0, updated=1030812278, actions=7339653, custom actions=[], active item id=0, error=null}
03-02 11:37:32.861  2363  3215 I ActiveSessionRecord_export-api: onPlaybackStateChanged: PlaybackState {state=NONE(0), position=0, buffered position=0, speed=0.0, updated=1030812278, actions=7339653, custom actions=[], active item id=0, error=null}
03-02 11:37:32.862  2526  2526 I GoogleInputMethodService: GoogleInputMethodService.onFinishInput():2113 
03-02 11:37:32.862  2363 19600 I ActiveSessionRecord_export-api: onPlaybackStateChanged: PlaybackState {state=NONE(0), position=0, buffered position=0, speed=0.0, updated=1030812278, actions=7339653, custom actions=[], active item id=0, error=null}
03-02 11:37:32.863 18562 18562 D AudioMediaPlayerWrapper: onPlaybackStateChanged(): com.softnation.Ojam : PlaybackState {state=NONE(0), position=0, buffered position=0, speed=0.0, updated=1030812278, actions=7339653, custom actions=[], active item id=0, error=null}
03-02 11:37:32.863 18562 18562 W AudioMediaPlayerWrapper: onPlaybackStateChanged(): com.softnation.Ojam tried to update with no new data
03-02 11:37:32.864  2526  2526 I Module  : DeviceLockedStatusModuleProvider$Module.updateDeviceLockedStatus():103 repeatCheckTimes = 0, locked = false
03-02 11:37:32.864   921  1587 I BufferQueueDebug: [Surface(name=751ea6d InputMethod#71915)/@0xaafc069 - animation-leash of insets_animation#134463](this:0xb400007bceccdb48,id:-1,api:0,p:-1,c:-1) BufferQueue core=(921:/system/bin/surfaceflinger)
03-02 11:37:32.865  2526  2526 I GoogleInputMethodService: GoogleInputMethodService.onStartInput():1384 onStartInput(EditorInfo{EditorInfo{packageName=com.softnation.Ojam, inputType=0, inputTypeString=NULL, enableLearning=false, autoCorrection=false, autoComplete=false, imeOptions=0, privateImeOptions=null, actionName=UNSPECIFIED, actionLabel=null, initialSelStart=-1, initialSelEnd=-1, initialCapsMode=0, label=null, fieldId=0, fieldName=null, extras=Bundle[mParcelledData.dataSize=72], hintText=null, hintLocales=[]}}, false)
03-02 11:37:32.865  1621  1651 D MiuiRefreshRatePolicy: reset
03-02 11:37:32.866  1621  2188 D MediaSessionService: onSessionPlaybackStateChanged: record=com.softnation.Ojam/androidx.media3.session.id./94 (userId=0) playbackState=PlaybackState {state=NONE(0), position=0, buffered position=0, speed=0.0, updated=1030812285, actions=261765, custom actions=[Action:mName='Previous, mIcon=2131231060, mExtras=Bundle[EMPTY_PARCEL], Action:mName='Next, mIcon=2131231044, mExtras=Bundle[EMPTY_PARCEL]], active item id=0, error=null}
03-02 11:37:32.866  2526  2526 I Module  : DeviceLockedStatusModuleProvider$Module.updateDeviceLockedStatus():103 repeatCheckTimes = 1, locked = false
03-02 11:37:32.867  2363 19600 I ActiveSessionRecord_export-api: onPlaybackStateChanged: PlaybackState {state=NONE(0), position=0, buffered position=0, speed=0.0, updated=1030812285, actions=261765, custom actions=[Action:mName='Previous, mIcon=2131231060, mExtras=Bundle[EMPTY_PARCEL], Action:mName='Next, mIcon=2131231044, mExtras=Bundle[EMPTY_PARCEL]], active item id=0, error=null}
03-02 11:37:32.867  2363  3215 I ActiveSessionRecord_export-api: onPlaybackStateChanged: PlaybackState {state=NONE(0), position=0, buffered position=0, speed=0.0, updated=1030812285, actions=261765, custom actions=[Action:mName='Previous, mIcon=2131231060, mExtras=Bundle[EMPTY_PARCEL], Action:mName='Next, mIcon=2131231044, mExtras=Bundle[EMPTY_PARCEL]], active item id=0, error=null}
03-02 11:37:32.868  1621  3051 W PackageConfigPersister: App-specific configuration not found for packageName: com.softnation.Ojam and userId: 0
03-02 11:37:32.868 18562 18562 D AudioMediaPlayerWrapper: onPlaybackStateChanged(): com.softnation.Ojam : PlaybackState {state=NONE(0), position=0, buffered position=0, speed=0.0, updated=1030812285, actions=261765, custom actions=[Action:mName='Previous, mIcon=2131231060, mExtras=Bundle[EMPTY_PARCEL], Action:mName='Next, mIcon=2131231044, mExtras=Bundle[EMPTY_PARCEL]], active item id=0, error=null}
03-02 11:37:32.869 18562 18562 W AudioMediaPlayerWrapper: onPlaybackStateChanged(): com.softnation.Ojam tried to update with no new data
03-02 11:37:32.870  1621  1651 I ActivityTaskManager: visible for Task{b64798c #37046 type=standard A=10337:com.softnation.Ojam} visible = true isAnimating = true TRANSITION = false PARENTS = false CHILDREN = true
03-02 11:37:32.888 30938 30938 I HandWritingStubImpl: getCurrentKeyboardType: 1
03-02 11:37:32.889   921   921 I SurfaceFlinger: onHandleDestroyed: name=Surface(name=751ea6d InputMethod#71915)/@0xaafc069 - animation-leash of insets_animation#134446, layerId=134446, parentId=0
03-02 11:37:32.900  1621  2188 D AS.BtHelper: isBluetoothScoOn() mBluetoothHeadset is null: falsemBluetoothHeadsetDevice is null: true
03-02 11:37:32.900  1621  2188 V AS.AudioDeviceBroker: requestedCommunicationDevice: null mAudioModeOwner: AudioModeInfo: mMode=MODE_NORMAL, mPid=0, mUid=0
03-02 11:37:32.901  1621  2188 D AS.BtHelper: isBluetoothScoOn() mBluetoothHeadset is null: falsemBluetoothHeadsetDevice is null: true
03-02 11:37:32.901  1621  2188 V AS.AudioDeviceBroker: requestedCommunicationDevice: null mAudioModeOwner: AudioModeInfo: mMode=MODE_NORMAL, mPid=0, mUid=0
03-02 11:37:32.903   921  1468 W EventThreadInspector: slow VSync-appSf on display(4627039422300187648) count=1, avg=37 ms, max=37 ms.
03-02 11:37:32.905   921   921 I BufferQueueDebug: [Surface(name=751ea6d InputMethod#71915)/@0xaafc069 - animation-leash of insets_animation#134446](this:0xb400007bceca2fd8,id:-1,api:0,p:-1,c:921) onDestructor()
03-02 11:37:32.909  2363  2363 D Utilities:  oldHints : 0 backDisposition : 0 imeShown : false hints 0
03-02 11:37:32.914  1621  2834 D PreStartingManager: Not init when use PreStartingManager!
03-02 11:37:32.915  1621  1651 D MiuiRefreshRatePolicy: reset
03-02 11:37:32.920  2363  2577 D View    : [Warning] assignParent to null: this = android.widget.FrameLayout{92fbceb G.E...... ......ID 0,0-1080,2460}
03-02 11:37:32.921  1621  1651 I ActivityTaskManager: visible for Task{b64798c #37046 type=standard A=10337:com.softnation.Ojam} visible = true isAnimating = false TRANSITION = false PARENTS = false CHILDREN = false
03-02 11:37:32.928  1621  2834 D MiuiRefreshRatePolicy: reset
03-02 11:37:32.932  1621  1651 D MiuiRefreshRatePolicy: reset
03-02 11:37:32.933  2363  2577 D BLASTBufferQueue: [VRI[Ojam]#5850](f:0,a:1) destructor()
03-02 11:37:32.933   921  1587 I BpBinder: onLastStrongRef automatically unlinking death recipients: 
03-02 11:37:32.933  2363  2577 D BufferQueueConsumer: [VRI[Ojam]#5850(BLAST Consumer)5850](id:93b00001aef,api:0,p:-1,c:2363) disconnect
03-02 11:37:32.935  2363  2577 W WindowOnBackDispatcher: sendCancelIfRunning: isInProgress=false callback=android.view.ViewRootImpl$$ExternalSyntheticLambda12@3404e06
03-02 11:37:32.936  1621  2834 D CoreBackPreview: Window{90826b7 u0 Splash Screen com.softnation.Ojam}: Setting back callback null
03-02 11:37:32.937  1621  1651 I ActivityTaskManager: visible for Task{b64798c #37046 type=standard A=10337:com.softnation.Ojam} visible = true isAnimating = false TRANSITION = false PARENTS = false CHILDREN = false
03-02 11:37:32.939  1621  2834 D WindowManager: Starting window removed Window{90826b7 u0 Splash Screen com.softnation.Ojam}
03-02 11:37:32.939  1621  2834 W InputManager-JNI: Input channel object '90826b7 Splash Screen com.softnation.Ojam (client)' was disposed without first being removed with the input manager!
03-02 11:37:32.940  1621  2834 D WindowManager: setParent old=ActivityRecord{62b1cde u0 com.softnation.Ojam/.MainActivity t37046},new=null,this window=Window{90826b7 u0 Splash Screen com.softnation.Ojam},callers=com.android.server.wm.WindowContainer.removeChild:897 com.android.server.wm.ActivityRecord.removeChild:5518 com.android.server.wm.ActivityRecord.removeChild:505 com.android.server.wm.WindowContainer.removeImmediately:967 com.android.server.wm.WindowState.removeImmediately:2526 com.android.server.wm.WindowState.removeIfPossible:2714 
03-02 11:37:32.942  1621  2834 D WindowManager: postWindowRemoveCleanupLocked: Removing startingWindow Window{90826b7 u0 Splash Screen com.softnation.Ojam} from ActivityRecord{62b1cde u0 com.softnation.Ojam/.MainActivity t37046} activity = ActivityRecord{62b1cde u0 com.softnation.Ojam/.MainActivity t37046}
03-02 11:37:32.945  1621  2834 D MiuiRefreshRatePolicy: reset
03-02 11:37:32.948  1621  2188 I PowerHalWrapper: amsBoostStop AMS_BOOST_PACK_SWITCH:false, AMS_BOOST_ACT_SWITCH:false, AMS_BOOST_PROCESS_CREATE:true, AMS_BOOST_PROCESS_CREATE_FOR_GAME:false, AMS_BOOST_HOT_LAUNCH:false 
03-02 11:37:32.950   863   958 I libPowerHal: [perfLockRel] hdl:368500, idx:-1
03-02 11:37:32.953 30938  5007 W libc    : Access denied finding property "ro.vendor.display.iris_x7.support"
03-02 11:37:32.954  1621  1651 I ActivityTaskManager: visible for Task{b64798c #37046 type=standard A=10337:com.softnation.Ojam} visible = true isAnimating = false TRANSITION = false PARENTS = false CHILDREN = false
03-02 11:37:32.973   921   921 I SurfaceFlinger: onHandleDestroyed: name=90826b7 Splash Screen com.softnation.Ojam#134449, layerId=134449, parentId=0
03-02 11:37:32.973   921   921 I SurfaceFlinger: onHandleDestroyed: name=Splash Screen com.softnation.Ojam#134450, layerId=134450, parentId=0
03-02 11:37:32.990   921   921 I BufferQueueDebug: [90826b7 Splash Screen com.softnation.Ojam#134449](this:0xb400007bcec64578,id:-1,api:0,p:-1,c:921) onDestructor()
03-02 11:37:32.990   921   921 I BufferQueueDebug: [Splash Screen com.softnation.Ojam#134450](this:0xb400007bcec6fbb8,id:-1,api:0,p:-1,c:921) onDestructor()
03-02 11:37:33.287 30938  5075 W unknown:ReactNative: StatusBarModule: Ignored status bar change, current activity is edge-to-edge.
03-02 11:37:33.288 30938  5075 W unknown:ReactNative: StatusBarModule: Ignored status bar change, current activity is edge-to-edge.
03-02 11:37:33.382  1159  1606 D ULogGuard: Monitoring: 18 threads, 0 requests, 0 time-bombs; 1 guards. ResetFlags = 0x7
03-02 11:37:33.487   849  1430 I hwcomposer: [HWC] (0)fire a callback of refresh to SF[4]  
03-02 11:37:33.513   921   921 I BufferQueueProducer: [FramebufferSurface](this:0xb400007d8e9dff50,id:-1,api:1,p:921,c:921) queueBuffer: fps=0.42 dur=2368.69 max=2368.69 min=2368.69
03-02 11:37:33.517   921   921 I MI-SF   : surfaceflinger setAffinity mode=1
03-02 11:37:33.517   921   921 E MI-SF   : surfaceflinger setAffinity success
03-02 11:37:33.517   921   921 I MI-SF   : surfaceflinger setreAffinity reTid=1207
03-02 11:37:33.518   921   921 E MI-SF   : surfaceflinger setAffinity success
03-02 11:37:33.695  1621  2834 D ConnectivityService: requestNetwork for uid/pid:10337/30938 activeRequest: null callbackRequest: 242730 [NetworkRequest [ REQUEST id=242731, [ Capabilities: INTERNET&NOT_RESTRICTED&TRUSTED&NOT_VCN_MANAGED&NOT_BANDWIDTH_CONSTRAINED Uid: 10337 RequestorUid: 10337 RequestorPkg: com.softnation.Ojam UnderlyingNetworks: Null] ]] callback flags: 0 order: 2147483647 isUidTracked: false declaredMethods: AVAIL|LOST
03-02 11:37:33.704  1621  1843 D WifiNetworkFactory: got request NetworkRequest [ REQUEST id=242731, [ Capabilities: INTERNET&NOT_RESTRICTED&TRUSTED&NOT_VCN_MANAGED&NOT_BANDWIDTH_CONSTRAINED Uid: 10337 RequestorUid: 10337 RequestorPkg: com.softnation.Ojam UnderlyingNetworks: Null] ]
03-02 11:37:33.705  1621  1843 D UntrustedWifiNetworkFactory: got request NetworkRequest [ REQUEST id=242731, [ Capabilities: INTERNET&NOT_RESTRICTED&TRUSTED&NOT_VCN_MANAGED&NOT_BANDWIDTH_CONSTRAINED Uid: 10337 RequestorUid: 10337 RequestorPkg: com.softnation.Ojam UnderlyingNetworks: Null] ]
03-02 11:37:33.706  1621  1843 D OemPaidWifiNetworkFactory: got request NetworkRequest [ REQUEST id=242731, [ Capabilities: INTERNET&NOT_RESTRICTED&TRUSTED&NOT_VCN_MANAGED&NOT_BANDWIDTH_CONSTRAINED Uid: 10337 RequestorUid: 10337 RequestorPkg: com.softnation.Ojam UnderlyingNetworks: Null] ]
03-02 11:37:33.707  1621  1843 D MultiInternetWifiNetworkFactory: got request NetworkRequest [ REQUEST id=242731, [ Capabilities: INTERNET&NOT_RESTRICTED&TRUSTED&NOT_VCN_MANAGED&NOT_BANDWIDTH_CONSTRAINED Uid: 10337 RequestorUid: 10337 RequestorPkg: com.softnation.Ojam UnderlyingNetworks: Null] ]
03-02 11:37:33.707  1621  1856 D ConnectivityService: NetReassign [242731 : null ΓåÆ 255] [c 1] [a 1] [i 8]
03-02 11:37:33.815   861   947 I libPerfCtl: xgfGetFPS pid:921 fps:-1
03-02 11:37:33.815   861   947 I libPerfCtl: xgfGetFPS pid:2363 fps:-1
03-02 11:37:33.883  2350  2350 W Settings: Setting airplane_mode_on has moved from android.provider.Settings.System to android.provider.Settings.Global, returning read-only value.
03-02 11:37:33.888  2350  2350 W Settings: Setting airplane_mode_on has moved from android.provider.Settings.System to android.provider.Settings.Global, returning read-only value.
03-02 11:37:33.891  2350 29580 D NetworkSpeedTracker: updateSignalInfo lteRsrp=-73lteSnr=16,phoneId=1
03-02 11:37:33.896  2350 29580 D NetworkSpeedTracker: updateSignalInfo lteRsrp=-73lteSnr=16,phoneId=1
03-02 11:37:33.904  1621  2834 D AS.BtHelper: isBluetoothScoOn() mBluetoothHeadset is null: falsemBluetoothHeadsetDevice is null: true
03-02 11:37:33.904  1621  2834 V AS.AudioDeviceBroker: requestedCommunicationDevice: null mAudioModeOwner: AudioModeInfo: mMode=MODE_NORMAL, mPid=0, mUid=0
03-02 11:37:33.906  1621  2834 D AS.BtHelper: isBluetoothScoOn() mBluetoothHeadset is null: falsemBluetoothHeadsetDevice is null: true
03-02 11:37:33.906  1621  2834 V AS.AudioDeviceBroker: requestedCommunicationDevice: null mAudioModeOwner: AudioModeInfo: mMode=MODE_NORMAL, mPid=0, mUid=0
03-02 11:37:33.939  1055  1186 D connsyslogger: SD_LOG_ROOT is /data/debuglogger/connsyslog/fw.
03-02 11:37:33.939  1055  1186 D connsyslogger: systemReady:1
03-02 11:37:33.951  1621  1998 I mtkpower_client: perf_lock_acq, hdl:368258, dur:3000, num:4, pid:1621, tid:1998
03-02 11:37:33.955  1621  1998 I mtkpower_client: ret_hdl:368501
03-02 11:37:33.955  1621  1998 I mtkpower_client: perf_lock_rel, hdl:368501, tid:1998
03-02 11:37:33.956   863   958 I libPowerHal: [perfLockAcq] idx:1 hdl:368501 hint:-1 pid:1621 tid:1998 duration:3000 lock_user:system_server => ret_hdl:368501
03-02 11:37:33.957   863   958 I libPowerHal: end_default_hold_time HindID : 57
03-02 11:37:33.957   863   958 I libPowerHal: [disableScenarioByHintId] Disable HindID : 21
03-02 11:37:33.957   863   958 I libPowerHal: [disableScenarioByHintId] Disable HindID : 57
03-02 11:37:33.957   863   958 I libPowerHal: [PE] system_server update ONESHOT(set) cmd:3410300 param:57 pr:3
03-02 11:37:33.957   863   958 I libPowerHal: [perfLockAcq] Done for hdl : 368501
03-02 11:37:33.959   863   958 I libPowerHal: [perfLockRel] hdl:368501, idx:1
03-02 11:37:33.960   863   958 I libPowerHal: end_default_hold_time HindID : 57
03-02 11:37:33.961   863   958 I libPowerHal: [disableScenarioByHintId] Disable HindID : 21
03-02 11:37:33.961   863   958 I libPowerHal: [disableScenarioByHintId] Disable HindID : 57
03-02 11:37:33.961   863   958 I libPowerHal: [PD] system_server update ONESHOT(unset) cmd:3410300 param:57 pr:3
03-02 11:37:33.962   863   958 I libPowerHal: [perfLockRel] Done for hdl : 368501
03-02 11:37:34.021 30938 30938 W Looper  : PerfMonitor doFrame : time=388ms vsyncFrame=19901634 latency=1ms procState=-1
03-02 11:37:34.036   589  5094 I keystore2: system/security/keystore2/watchdog/src/lib.rs:319 - Watchdog thread idle -> terminating. Have a great day.
03-02 11:37:34.284 30938  5075 W unknown:ReactNative: StatusBarModule: Ignored status bar change, current activity is edge-to-edge.
03-02 11:37:34.285 30938  5075 W unknown:ReactNative: StatusBarModule: Ignored status bar change, current activity is edge-to-edge.
03-02 11:37:34.454   921  1472 D DisplayModeController: setDesiredMode 4627039422300187648 {mode={fps=36.00 Hz, modePtr={id=3, vsyncRate=36.00 Hz, peakRefreshRate=36.00 Hz}}, emitEvent=false, force=false}
03-02 11:37:34.455   921  1472 D Scheduler: MtkOverrideDuration: update vsync 36
03-02 11:37:34.455   921  1472 E SurfaceFlinger: MtkDuration override mode is disabled
03-02 11:37:34.455   921  1472 D Scheduler: MtkOverrideDuration: reset override duration
03-02 11:37:34.455   921  1472 I PowerHalWrapper: updateFps(): 36
03-02 11:37:34.470   849   849 I hwcomposer: [HWCDisplay] (0 setActiveConfigWithConstraints():4114), config:3  
03-02 11:37:34.470   849   849 I hwcomposer: [HWCDisplay] (0 setActiveConfigWithConstraints():4164), now 613048019251001, diff 449000, estimated_applied_time 16666667 queued_size:0  
03-02 11:37:34.472   849   849 I hwcomposer: [HWCDisplay] (0 updateFps():3667), (type:1, mode:2) fps:19.126047,dur:1725.40,max:957.73,min:13.28  
03-02 11:37:34.474   921   921 I MI-SF   : surfaceflinger setAffinity mode=0
03-02 11:37:34.474   921   921 E MI-SF   : surfaceflinger setAffinity success
03-02 11:37:34.486   921   921 I PowerHalWrapper: updateFps(): 36
03-02 11:37:34.487   921   921 I PowerHalWrapper: updateFps(): 36
03-02 11:37:34.488   849  1481 I hwcomposer: [HWCDisplay] (0 updateAppliedConfigState():4360), applied config complete[idx:613048035917668, config:3]  
03-02 11:37:34.513  1201  1298 D AALService: [CRTC_114] onALIChanged: 21 -> 24
03-02 11:37:34.648  2350  2350 W Settings: Setting airplane_mode_on has moved from android.provider.Settings.System to android.provider.Settings.Global, returning read-only value.
03-02 11:37:34.651  2350  2350 W Settings: Setting airplane_mode_on has moved from android.provider.Settings.System to android.provider.Settings.Global, returning read-only value.
03-02 11:37:34.653  2350 29580 D NetworkSpeedTracker: updateSignalInfo lteRsrp=-70lteSnr=17,phoneId=1
03-02 11:37:34.656  2350 29580 D NetworkSpeedTracker: updateSignalInfo lteRsrp=-70lteSnr=17,phoneId=1
03-02 11:37:34.675 13966 14006 I earchbox:search: Explicit concurrent mark compact GC freed 7575KB AllocSpace bytes, 12(560KB) LOS objects, 55% free, 19MB/43MB, paused 1.460ms,8.260ms total 397.164ms
03-02 11:37:34.702  1177  1177 I thermal_src: recvmsg_expect 5, but get 2 
03-02 11:37:34.702  1177  1177 V thermal_src: TA_DAEMON_CMD_GET_TPCB:ERROR ret=-1
03-02 11:37:34.702  1177  1177 E thermal_src: get_tpcb_from_kernel:error -1. retry...
03-02 11:37:34.702  1177  1177 I thermal_src: recvmsg_expect 5, but get 2 
03-02 11:37:34.702  1177  1177 V thermal_src: TA_DAEMON_CMD_GET_TPCB:ERROR ret=-1
03-02 11:37:34.702  1177  1177 E thermal_src: get_tpcb_from_kernel:error -1. retry...
03-02 11:37:34.702  1177  1177 I thermal_src: recvmsg_expect 5, but get 2 
03-02 11:37:34.702  1177  1177 V thermal_src: TA_DAEMON_CMD_GET_TPCB:ERROR ret=-1
03-02 11:37:34.702  1177  1177 E thermal_src: get_tpcb_from_kernel:error -1. retry...
03-02 11:37:34.702  1177  1177 I thermal_src: recvmsg_expect 4, but get 5 
03-02 11:37:34.702  1177  1177 V thermal_src: TA_DAEMON_CMD_SET_TTJ:ERROR ret=-1
03-02 11:37:34.702  1177  1177 E thermal_src: set_ttj_to_kernel 1:error -1
03-02 11:37:34.702  1177  1177 I thermal_src: recvmsg_expect 2, but get 5 
03-02 11:37:34.702  1177  1177 V thermal_src: waiting NOTIFY from kernel miss, -1
03-02 11:37:34.702  1177  1177 I thermal_src: recvmsg_expect 2, but get 5 
03-02 11:37:34.702  1177  1177 V thermal_src: waiting NOTIFY from kernel miss, -1
03-02 11:37:34.702  1177  1177 I thermal_src: recvmsg_expect 2, but get 4 
03-02 11:37:34.702  1177  1177 V thermal_src: waiting NOTIFY from kernel miss, -1
03-02 11:37:34.707 13966  4808 V ClearcutMetricXmitter: Transmission is done.
03-02 11:37:34.713  1201  1298 D AALService: [CRTC_114] onALIChanged: 24 -> 13
03-02 11:37:34.799   849  1430 I hwcomposer: [HWC] (0)fire a callback of refresh to SF[4]  
03-02 11:37:34.803 30938  5157 D nativeloader: Load /data/app/~~Bh61wenJZi6JNVEuOkVQfQ==/com.softnation.Ojam-nnCVAdHxKfOmup5FCuBDYQ==/base.apk!/lib/arm64-v8a/libavif_android.so using class loader ns clns-7 (caller=/data/app/~~Bh61wenJZi6JNVEuOkVQfQ==/com.softnation.Ojam-nnCVAdHxKfOmup5FCuBDYQ==/base.apk!classes22.dex): ok
03-02 11:37:34.809   921   921 I BufferQueueProducer: [StatusBar#109](this:0xb400007bcec4ab68,id:-1,api:0,p:-1,c:921) queueBuffer: fps=0.26 dur=3810.33 max=3810.33 min=3810.33
03-02 11:37:34.815   861   947 I libPerfCtl: xgfGetFPS pid:2363 fps:-1
03-02 11:37:34.816   921   921 I BufferQueueProducer: [FramebufferSurface](this:0xb400007d8e9dff50,id:-1,api:1,p:921,c:921) queueBuffer: fps=0.77 dur=1303.70 max=1303.70 min=1303.70
03-02 11:37:34.820   921   921 I MI-SF   : surfaceflinger setAffinity mode=1
03-02 11:37:34.820   921   921 E MI-SF   : surfaceflinger setAffinity success
03-02 11:37:34.820   921   921 I MI-SF   : surfaceflinger setreAffinity reTid=1207
03-02 11:37:34.820   921   921 E MI-SF   : surfaceflinger setAffinity success
03-02 11:37:34.824 30938  5157 D skia    : SkJpegCodec::onGetPixels + (683, 1024)
03-02 11:37:34.825 30938  5157 I DMABUFHEAPS: Using DMA-BUF heap named: mtk_mm
03-02 11:37:34.825 30938  5157 D skia    : stream getLength() not supported, use temp buffer for loading stream, buffer addr 0x7bd3731000 length 143043
03-02 11:37:34.825 30938  5157 D skia    : LoadInputStreamToMem va 0x7bd3731000  size 145280
03-02 11:37:34.826 30938  5157 D libjpeg-alpha: Huffman Builder run in subthread
03-02 11:37:34.827 30938  5157 D libjpeg-alpha: Tile Decoder (#thread:4, size:512 256 256 341x512, alignment:256x16)
03-02 11:37:34.828 30938  5158 D libjpeg-alpha: Corrupt JPEG data: 41160 extraneous bytes before marker 0xda
03-02 11:37:34.864 30938  5169 D libjpeg-alpha: Corrupt JPEG data: premature end of data segment
03-02 11:37:34.866 30938  5157 D skia    : SkJpegCodec::onGetPixels -
03-02 11:37:34.874  1621  1856 D InetDiagMessage: Destroyed 0 sockets, proto=IPPROTO_TCP, family=AF_INET, states=14
03-02 11:37:34.877  1621  1856 D InetDiagMessage: Destroyed 1 sockets, proto=IPPROTO_TCP, family=AF_INET6, states=14
03-02 11:37:34.877  1621  1856 D InetDiagMessage: Destroyed live tcp sockets for uids={10374} in 5ms
