03-02 11:37:17.289   835   835 I Zygote  : Process 25110 exited due to signal 9 (Killed)
03-02 11:37:17.289   863   958 I libPowerHal: [recordCPUFreqInfo] set cluster[0] min(system_server): 1800000 max(-1): -1 cluster[1] min(system_server): 2000000 max(-1): -1
03-02 11:37:17.290   863   958 I libPowerHal: [perfLockRel] Done for hdl : 368496
03-02 11:37:17.295  1621  2200 D MiuiRefreshRatePolicy: reset
03-02 11:37:17.298   894  1023 D audioserver: logFgsApiEnd: FGS Logger Transaction failed, -129
03-02 11:37:17.300  2363  3215 I ActiveAudioSessionManager_export-api: dispatchTopActiveSessionChangeCallbackLocked, size:1
03-02 11:37:17.300  2363  3215 I ActiveAudioSessionManager_export-api: stopPositionCallbackTask
03-02 11:37:17.300  2363  3215 I ActiveAudioSessionManager_export-api: dispatchSessionsExistsChangeCallbackLocked :false
03-02 11:37:17.301  2363  3215 I ActiveAudioSessionManager_export-api: controllerSize:0
03-02 11:37:17.301  2363  3215 I ActiveAudioSessionManager_export-api: stopPositionCallbackTask
03-02 11:37:17.301  2363  3215 I ActiveAudioSessionManager_export-api: dispatchSessionsExistsChangeCallbackLocked :false
03-02 11:37:17.301 18562 18562 D MediaPlayerList: sendMediaUpdate
03-02 11:37:17.301 18562 18562 D MediaPlayerList: sendMediaUpdate state=null
03-02 11:37:17.301 18562 18562 D AvrcpTargetService: onMediaUpdated: track_changed=true state=true queue=true
03-02 11:37:17.301 18562 18562 D AvrcpNativeInterface: sendMediaUpdate: metadata=true playStatus=true queue=true
03-02 11:37:17.302 18562 18562 I bluetooth: avrcp_service.cc:648 SendMediaUpdate: track_changed=true :  play_state=true :  queue=true
03-02 11:37:17.302 18562 18562 I MediaPlayerList: Removing media player com.softnation.Ojam
03-02 11:37:17.302 18562 18562 I AudioMediaPlayerWrapper: clean up
03-02 11:37:17.302 18562 18562 I MediaPlayerList: Recycle player ID.
03-02 11:37:17.306  2363 19600 I ActiveAudioSessionManager_export-api: dispatchTopActiveSessionChangeCallbackLocked, size:1
03-02 11:37:17.307  2363 19600 I GlobalMiPlayAudioManager: onActiveAudioSessionChange activeSession is null
03-02 11:37:17.307  2363 19600 D MiCastSDKImpl: setPlaybackState state -999
03-02 11:37:17.307  2363 19600 I GlobalMiPlayAudioManager: dispatchCallback, what, 1
03-02 11:37:17.307  2363 19600 I ActiveAudioSessionManager_export-api: stopPositionCallbackTask
03-02 11:37:17.307  2363 19600 I ActiveAudioSessionManager_export-api: dispatchSessionsExistsChangeCallbackLocked :false
03-02 11:37:17.307  2363 19600 I MiPlayServiceAdapter: markSessionKilled
03-02 11:37:17.307  2363 19600 I ActiveAudioSessionManager_export-api: controllerSize:0
03-02 11:37:17.307  2363 19600 I ActiveAudioSessionManager_export-api: stopPositionCallbackTask
03-02 11:37:17.307  2363 19600 I ActiveAudioSessionManager_export-api: dispatchSessionsExistsChangeCallbackLocked :false
03-02 11:37:17.307  2363 19600 I MiPlayServiceAdapter: markSessionKilled
03-02 11:37:17.308  2363  2363 D MiPlayDetailViewModel: onActiveAudioSessionChange(): audioSessionList?.size =0
03-02 11:37:17.308 19603 19603 W MultiDeviceManager: setPlaybackState state -999
03-02 11:37:17.308  2363  2363 D MiPlayController: miplay service state invalid = 0
03-02 11:37:17.308  2363  2363 D MiPlayDetailViewModel: isMiuiMusic:false null,releaseVersion:1
03-02 11:37:17.308  2363  2363 D MiPlayDetailViewModel: updateAudioSession true
03-02 11:37:17.308  2363  2363 D Utilities:  oldHints : 0 backDisposition : 0 imeShown : false hints 0
03-02 11:37:17.308 19603 19603 I CastDeviceManager: setPlaybackState: state -999
03-02 11:37:17.310 19603 19603 W CastDeviceManager: setPlaybackState: castSession is null return
03-02 11:37:17.311  1621  1668 I libprocessgroup: Removed cgroup /sys/fs/cgroup/uid_10337/pid_25110
03-02 11:37:17.318  1621  1651 I ActivityTaskManager: visible for Task{27e6aff #2 type=home I=com.miui.home/.launcher.Launcher} visible = true isAnimating = false TRANSITION = false PARENTS = false CHILDREN = false
03-02 11:37:17.320  1621  2188 I PowerHalWrapper: amsBoostStop AMS_BOOST_PACK_SWITCH:true, AMS_BOOST_ACT_SWITCH:false, AMS_BOOST_PROCESS_CREATE:false, AMS_BOOST_PROCESS_CREATE_FOR_GAME:false, AMS_BOOST_HOT_LAUNCH:false 
03-02 11:37:17.321   863   909 I libPowerHal: [mtkPowerHint] hint:22, hold:500, ext:0, ext_hold:0
03-02 11:37:17.324   863   958 I libPowerHal: [perfLockAcq] idx:1 hdl:368498 hint:22 pid:863 tid:863 duration:500 lock_user:vendor.mediatek => ret_hdl:368498
03-02 11:37:17.325   863   958 I libPowerHal: [set_kswapd_affinity] set affinity = 16129
03-02 11:37:17.325   863   958 I libPowerHal: [PE] MTKPOWER_HINT_PACK_SWITCH update ONESHOT(set) cmd:10000700 param:16129 pr:3
03-02 11:37:17.325   863   958 I libPowerHal: [perfLockAcq] Done for hdl : 368498
03-02 11:37:17.326   863   958 I libPowerHal: [perfLockRel] hdl:368497, idx:2
03-02 11:37:17.326   863   958 I libPowerHal: [PD] MTKPOWER_HINT_PACK_SWITCH update ONESHOT(unset) cmd:10000700 param:16129 pr:3
03-02 11:37:17.327   863   958 I libPowerHal: [perfLockRel] Done for hdl : 368497
03-02 11:37:17.330  1177  1177 I thermal_src: recvmsg_expect 5, but get 2 
03-02 11:37:17.330  1177  1177 V thermal_src: TA_DAEMON_CMD_GET_TPCB:ERROR ret=-1
03-02 11:37:17.330  1177  1177 E thermal_src: get_tpcb_from_kernel:error -1. retry...
03-02 11:37:17.330  1177  1177 I thermal_src: recvmsg_expect 5, but get 2 
03-02 11:37:17.330  1177  1177 V thermal_src: TA_DAEMON_CMD_GET_TPCB:ERROR ret=-1
03-02 11:37:17.330  1177  1177 E thermal_src: get_tpcb_from_kernel:error -1. retry...
03-02 11:37:17.330  1177  1177 I thermal_src: recvmsg_expect 5, but get 2 
03-02 11:37:17.330  1177  1177 V thermal_src: TA_DAEMON_CMD_GET_TPCB:ERROR ret=-1
03-02 11:37:17.330  1177  1177 E thermal_src: get_tpcb_from_kernel:error -1. retry...
03-02 11:37:17.330  1177  1177 I thermal_src: recvmsg_expect 5, but get 2 
03-02 11:37:17.330  1177  1177 V thermal_src: TA_DAEMON_CMD_GET_TPCB:ERROR ret=-1
03-02 11:37:17.330  1177  1177 E thermal_src: get_tpcb_from_kernel:error -1. retry...
03-02 11:37:17.330  1177  1177 I thermal_src: recvmsg_expect 4, but get 5 
03-02 11:37:17.330  1177  1177 V thermal_src: TA_DAEMON_CMD_SET_TTJ:ERROR ret=-1
03-02 11:37:17.330  1177  1177 E thermal_src: set_ttj_to_kernel 1:error -1
03-02 11:37:17.330  1177  1177 I thermal_src: recvmsg_expect 2, but get 5 
03-02 11:37:17.330  1177  1177 V thermal_src: waiting NOTIFY from kernel miss, -1
03-02 11:37:17.330  1177  1177 I thermal_src: recvmsg_expect 2, but get 5 
03-02 11:37:17.330  1177  1177 V thermal_src: waiting NOTIFY from kernel miss, -1
03-02 11:37:17.330  1177  1177 I thermal_src: recvmsg_expect 2, but get 5 
03-02 11:37:17.330  1177  1177 V thermal_src: waiting NOTIFY from kernel miss, -1
03-02 11:37:17.330  1177  1177 I thermal_src: recvmsg_expect 2, but get 4 
03-02 11:37:17.330  1177  1177 V thermal_src: waiting NOTIFY from kernel miss, -1
03-02 11:37:17.357  1621  2188 W XSpaceManagerServiceImpl: checkXSpaceControl, from:com.android.shell, to:com.softnation.Ojam, with act:null, callingUserId:0, toUserId:0
03-02 11:37:17.358  1621  2188 W ActivityTaskManager: callingPackage for (uid=2000, pid=4976) has no WPC
03-02 11:37:17.362  1621  2188 D PreStartingManager: Not init when use PreStartingManager!
03-02 11:37:17.362  1621  2188 W OptProp : Cannot read opt property android.window.PROPERTY_COMPAT_ALLOW_ORIENTATION_OVERRIDE
03-02 11:37:17.363  1621  2188 V GrammaticalInflectionUtils: AttributionSource: android.content.AttributionSource@19923ceb does not have READ_SYSTEM_GRAMMATICAL_GENDER permission.
03-02 11:37:17.365  1621  2188 W OptProp : Cannot read opt property android.window.PROPERTY_COMPAT_ALLOW_RESIZEABLE_ACTIVITY_OVERRIDES
03-02 11:37:17.366  1621  2188 W OptProp : Cannot read opt property android.window.PROPERTY_COMPAT_ALLOW_MIN_ASPECT_RATIO_OVERRIDE
03-02 11:37:17.368  1621  2188 I ActivityTaskManager: isKeyguardEditor: false, newTransition: TransitionRecord{f67d419 id=10183 type=OPEN flags=0x0}
03-02 11:37:17.368  1621  2188 D WindowManager: Collecting in transition 10183: ActivityRecord{62b1cde u0 com.softnation.Ojam/.MainActivity init visibleRequested:false
03-02 11:37:17.369  1621  2188 D MiuiFreeformServiceImpl: addLaunchFreeformActivityOptionIfNeed skip due to not find sourceTask: null sourceFfas: null sourceFreeFormActivity: null
03-02 11:37:17.370  1621  2188 I PowerHalWrapper: PowerHalWrapper.getInstance 
03-02 11:37:17.370  1621  2188 D PerfMTKStubImpl: initBoostParamByDevice
03-02 11:37:17.372  2363  2477 D OneHandedController: stopOneHanded state is 0
03-02 11:37:17.372   921  1587 I BufferQueueDebug: [Task=37046#134447](this:0xb400007bcecb6ec8,id:-1,api:0,p:-1,c:-1) BufferQueue core=(921:/system/bin/surfaceflinger)
03-02 11:37:17.374  1621  2188 D WindowManager: setLockTaskAuth: task=Task{b64798c #37046 type=standard A=10337:com.softnation.Ojam} mLockTaskAuth=LOCK_TASK_AUTH_PINNABLE
03-02 11:37:17.375  1621  2188 D WindowManager: Collecting in transition 10183: Task{b64798c #37046 type=standard A=10337:com.softnation.Ojam} init visibleRequested:false
03-02 11:37:17.377   921  1587 I BufferQueueDebug: [ActivityRecord{62b1cde u0 com.softnation.Ojam/.MainActivity t37046}#134448](this:0xb400007bcec94c08,id:-1,api:0,p:-1,c:-1) BufferQueue core=(921:/system/bin/surfaceflinger)
03-02 11:37:17.378  1621  2188 D WindowManager: setLockTaskAuth: task=Task{b64798c #37046 type=standard A=10337:com.softnation.Ojam} mLockTaskAuth=LOCK_TASK_AUTH_PINNABLE
03-02 11:37:17.379  1621  2188 D MiuiFreeFormManagerService: onStartActivityInner as = Task{b64798c #37046 type=standard A=10337:com.softnation.Ojam} op = null
03-02 11:37:17.380  1621  2188 D ActivityTaskManager: Task#startActivityLocked isOrhasTask=true newTask=true
03-02 11:37:17.380   863   909 I mtkpower@impl: [setMode] type:5, enabled:1
03-02 11:37:17.381   863   958 I libPowerHal: [perfLockAcq] idx:2 hdl:368499 hint:77 pid:863 tid:863 duration:30000 lock_user:vendor.mediatek => ret_hdl:368499
03-02 11:37:17.381   863   958 I ThermalBreakConfigReader: [getTargetfreqinfo] [getTargetfreqinfo] hint get target result freq:boost:1 cpu0:1800000 cpu6:2000000 cpumask:ff
03-02 11:37:17.381   863   958 I ExtendedPerfBoost: [thermalbreak_verification] needbreak curr breakmode 1, scence id 0, set: boost:1 cpu0:1800000 cpu6:2000000 cpumask:ff
03-02 11:37:17.381   863   958 I ExtendedPerfBoost: [triggerList_add] [triggerList_add] come into triggerList_add
03-02 11:37:17.381   863   958 I ExtendedPerfBoost: [triggerList_add] get item from freelist 0x6fcc5ba018
03-02 11:37:17.381   863   958 I ExtendedPerfBoost: [triggerList_add] init new item prio:2, duration:3000, param:boost:1 cpu0:1800000 cpu6:2000000 cpumask:ff
03-02 11:37:17.381   863   958 I ExtendedPerfBoost: [triggerList_add] add item prio in empty list
03-02 11:37:17.381   863   958 I ExtendedPerfBoost: [trig_thermalbreak] trigger one node
03-02 11:37:17.381  1621  2188 I WindowManager: Try to add startingWindow type = STARTING_WINDOW_TYPE_SPLASH_SCREEN this = ActivityRecord{62b1cde u0 com.softnation.Ojam/.MainActivity t37046} preAllowTaskSnapshot = true afterAllowTaskSnapshot = true newTask = true taskSwitch = true processRunning = false activityCreated = false activityAllDrawn = false isSnapshotCompatible = false resolvedTheme = 2131952195 theme = 2131952195
03-02 11:37:17.381   863   958 I ExtendedUtils: [timer_sampling_set] come in timer_sampling_set, duration :3000
03-02 11:37:17.381   863   958 I ExtendedUtils: [settimer] come in settimer, time_now :613030930, time_end: 613033930
03-02 11:37:17.381   863   958 I ExtendedPerfBoost: [setThermalBreak] [setThermalBreak] : boost:1 cpu0:1800000 cpu6:2000000 cpumask:ff
03-02 11:37:17.382   863   958 I libPowerHal: [perfLockAcq] Done for hdl : 368499
03-02 11:37:17.382  1621  2188 D PreStartingManager: Not init when use PreStartingManager!
03-02 11:37:17.384  1621  2188 I PowerHalWrapper: amsBoostNotify pid:13966,activity:com.google.android.apps.search.assistant.surfaces.voice.robin.ui.floaty.activity.FloatyActivity, package:com.google.android.googlequicksearchbox, mProcessCreatePackcom.softnation.Ojam 
03-02 11:37:17.384  1621  2188 I PowerHalWrapper: state: 0 
03-02 11:37:17.385  1621  2188 I mtkpower_client: [PowerHal_Wrap_notifyAppState] com.google.android.googlequicksearchbox/com.google.android.apps.search.assistant.surfaces.voice.robin.ui.floaty.activity.FloatyActivity pid=13966 activityId:114759433 state:0
03-02 11:37:17.386   861   861 I vendor.mediatek.hardware.mtkpower_applist-service.mediatek: packName: com.google.android.googlequicksearchbox actName: com.google.android.apps.search.assistant.surfaces.voice.robin.ui.floaty.activity.FloatyActivity pid: 13966 activityId: 114759433 uid: 10165 state: 0
03-02 11:37:17.386   861   861 I MTK_APPList: [notifyAPPstate] com.google.android.googlequicksearchbox/com.google.android.apps.search.assistant.surfaces.voice.robin.ui.floaty.activity.FloatyActivity, pid=13966, activityId=114759433, uid=10165, state:PAUSED, fps:-1, win:1
03-02 11:37:17.386   861   861 I MTK_APPList: [notifyAPPstate] multi_resumed_app_count: 1
03-02 11:37:17.386   861   861 I MTK_APPList: [notifyAPPstate] multi_resumed_app_info[0] com.android.systemui/com.android.systemui._190038181, pid:2363, activityId:-1, fps:-1, isMultiWindow:0
03-02 11:37:17.386   861   861 I MTK_APPList: [getForegroundAPPCount] 1
03-02 11:37:17.386   861   861 I MTK_APPList: [notifyNetdUID] 10165
03-02 11:37:17.386  1621  2188 I PowerHalWrapper: amsBoostNotify AMS_BOOST_PROCESS_CREATE_BOOST:false 
03-02 11:37:17.387  1621  2188 I ActivityTaskManager: Add Task{9b18635 #37045 type=standard A=10337:com.softnation.Ojam} to hidden list because adding Task{b64798c #37046 type=standard A=10337:com.softnation.Ojam}
03-02 11:37:17.388  1621  2188 D WindowManager: Collecting in transition 10183: ActivityRecord{62b1cde u0 com.softnation.Ojam/.MainActivity t37046} init visibleRequested:false
03-02 11:37:17.388   861   861 I MTK_APPList: [notifyPID] 13966
03-02 11:37:17.389   863   958 I libPowerHal: [perfSetSysInfo] pid type:24, 13966
03-02 11:37:17.390  1621  2188 I ActivityTaskManager: START u0 {flg=0x10000000 cmp=com.softnation.Ojam/.MainActivity} with LAUNCH_SINGLE_TASK from uid 2000 from pid 4976 callingPackage com.android.shell (BAL_ALLOW_PERMISSION) result code=0
03-02 11:37:17.393   921  1587 D SurfaceFlinger: [SF client] NEW(0xb400007caea56890) for (2363:com.android.systemui)
03-02 11:37:17.394  2363  2477 I SoScStageCoordinator: Transition requested:TransitionRequestInfo { type = OPEN, triggerTask = TaskInfo{userId=0 taskId=37046 displayId=0 isRunning=true baseIntent=Intent { flg=0x10000000 cmp=com.softnation.Ojam/.MainActivity } baseActivity=ComponentInfo{com.softnation.Ojam/com.softnation.Ojam.MainActivity} topActivity=ComponentInfo{com.softnation.Ojam/com.softnation.Ojam.MainActivity} origActivity=null realActivity=ComponentInfo{com.softnation.Ojam/com.softnation.Ojam.MainActivity} numActivities=1 lastActiveTime=1030796807 supportsSplitScreenMultiWindow=true supportsMultiWindow=true resizeMode=1 isResizeable=true minWidth=-1 minHeight=-1 defaultMinSize=200 token=WCT{android.window.IWindowContainerToken$Stub$Proxy@94fc2cf} topActivityType=1 pictureInPictureParams=null shouldDockBigOverlays=false launchIntoPipHostTaskId=-1 lastParentTaskIdBeforePip=-1 displayCutoutSafeInsets=Rect(0, 104 - 0, 0) topActivityInfo=ActivityInfo{f6b345c com.softnation.Ojam.MainActivity} launchCookies=[] positionInParent=Point(0, 0) parentTaskId=-1 isFocused=false isVisible=false isVisibleRequested=false isSleeping=false locusId=null displayAreaFeatureId=1 isTopActivityTransparent=false appCompatTaskInfo=AppCompatTaskInfo { topActivityInSizeCompat=false topActivityEligibleForLetterboxEducation= falseisLetterboxEducationEnabled= false isLetterboxDoubleTapEnabled= false topActivityEligibleForUserAspectRatioButton= false topActivityBoundsLetterboxed= false isFromLetterboxDoubleTap= false topActivityLetterboxVerticalPosition= -1 topActivityLetterboxHorizontalPosition= -1 topActivityLetterboxWidth=1080 topActivityLetterboxHeight=2460 isUserFullscreenOverrideEnabled=false isSystemFullscreenOverrideEnabled=false cameraCompatTaskInfo=CameraCompatTaskInfo { cameraCompatControlState=hidden freeformCameraCompatMode=inactive}} isImmersive=false mTopActivityRequestOrientation=-2 mBehindAppLockPkg=null mOriginatingUid=0 isEmbedded=false shouldBeVisible=true mIsCastMode=false mTopActivityMediaSize=null mTopActivityRecordName=ActivityRecord{62b1cde u0 com.softnation.Ojam/.MainActivity t37046} mTopActivityOrientation=-2}, pipTask = null, remoteTransition = null, displayChange = null, flags = 0, debugId = 10183 } isSoScActive:false triggerTask:TaskInfo{userId=0 taskId=37046 displayId=0 isRunning=true baseIntent=Intent { flg=0x10000000 cmp=com.softnation.Ojam/.MainActivity } baseActivity=ComponentInfo{com.softnation.Ojam/com.softnation.Ojam.MainActivity} topActivity=ComponentInfo{com.softnation.Ojam/com.softnation.Ojam.MainActivity} origActivity=null realActivity=ComponentInfo{com.softnation.Ojam/com.softnation.Ojam.MainActivity} numActivities=1 lastActiveTime=1030796807 supportsSplitScreenMultiWindow=true supportsMultiWindow=true resizeMode=1 isResizeable=true minWidth=-1 minHeight=-1 defaultMinSize=200 token=WCT{android.window.IWindowContainerToken$Stub$Proxy@94fc2cf} topActivityType=1 pictureInPictureParams=null shouldDockBigOverlays=false launchIntoPipHostTaskId=-1 lastParentTaskIdBeforePip=-1 displayCutoutSafeInsets=Rect(0, 104 - 0, 0) topActivityInfo=ActivityInfo{f6b345c com.softnation.Ojam.MainActivity} launchCookies=[] positionInParent=Point(0, 0) parentTaskId=-1 isFocused=false isVisible=false isVisibleRequested=false isSleeping=false locusId=null displayAreaFeatureId=1 isTopActivityTransparent=false appCompatTaskInfo=AppCompatTaskInfo { topActivityInSizeCompat=false topActivityEligibleForLetterboxEducation= falseisLetterboxEducationEnabled= false isLetterboxDoubleTapEnabled= false topActivityEligibleForUserAspectRatioButton= false topActivityBoundsLetterboxed= false isFromLetterboxDoubleTap= false topActivityLetterboxVerticalPosition= -1 topActivityLetterboxHorizontalPosition= -1 topActivityLetterboxWidth=1080 topActivityLetterboxHeight=2460 isUserFullscreenOverrideEnabled=false isSystemFullscreenOverrideEnabled=false cameraCompatTaskInfo=CameraCompatTaskInfo { cameraCompatControlState=hidden freeformCameraCompatMode=inactive}} isImmersive=false mTopActivityRequestOrientation=-2 mBehindAppLockPkg=null mOriginatingUid=0 isEmbed
03-02 11:37:17.394  2363  2477 I SoScUtils: monitorTransitionRequest mRequestOpenTransition:null mRequestOpenTriggerTask:-1 mRequestCloseTransition:null mRequestCloseTriggerTask:-1 mRequestCloseStageType:-1
03-02 11:37:17.395  1621  1651 I ActivityTaskManager: visible for Task{27e6aff #2 type=home I=com.miui.home/.launcher.Launcher} visible = true isAnimating = false TRANSITION = false PARENTS = false CHILDREN = false
03-02 11:37:17.397  2363  2577 D MiuiCameraCoveredManager: java.lang.NullPointerException: Attempt to invoke virtual method 'java.lang.String android.provider.MiuiSettings$SettingsCloudData$CloudData.getString(java.lang.String, java.lang.String)' on a null object reference
03-02 11:37:17.397  1999  2759 D TaskStackChangeListeners: onTaskDescriptionChanged =  taskId = 37046
03-02 11:37:17.398  2363  2363 I FocusedNotifPromptContr: onTopActivityMayChanged: isSupportPip false, isFocus false
03-02 11:37:17.398  2363  2363 I FocusedNotifPromptContr: onTopActivityMayChanged: topActivity=com.softnation.Ojam
03-02 11:37:17.399  2363  2363 I PromptViewAnimState: topActivityMayChanged: topActivity=com.google.android.googlequicksearchbox --> com.softnation.Ojam
03-02 11:37:17.399  2363  2363 D KeyguardEditorHelper: onTopActivityMayChanged, topActivity=ComponentInfo{com.softnation.Ojam/com.softnation.Ojam.MainActivity}; mState=IDEL
03-02 11:37:17.400 13966 13966 I aybl    : #onUserLeaveHint (FloatyActivityPeer)
03-02 11:37:17.400  1621  1651 I ActivityTaskManager: visible for Task{27e6aff #2 type=home I=com.miui.home/.launcher.Launcher} visible = true isAnimating = false TRANSITION = false PARENTS = false CHILDREN = false
03-02 11:37:17.400  2363  2648 W libc    : Access denied finding property "ro.vendor.display.iris_x7.support"
03-02 11:37:17.400 13966 13966 I azce    : #onUserLeaveHint
03-02 11:37:17.401  1621  2986 D WindowManager: Set transition=TransitionRecord{f67d419 id=10183 type=OPEN flags=0x0}, ready=false, SyncId=10183 used=true, override=false, defer=0, states=Display{#0 state=ON size=1080x2460 ROTATION_0}:false
03-02 11:37:17.401  2363  2577 D VRI[Ojam]: hardware acceleration = true, forceHwAccelerated = false
03-02 11:37:17.402  2363  2477 D OneHandedController: stopOneHanded state is 0
03-02 11:37:17.402  2363  2477 D OneHandedController: stopOneHanded state is 0
03-02 11:37:17.405  1621  1650 V GrammaticalInflectionUtils: AttributionSource: android.content.AttributionSource@19923ceb does not have READ_SYSTEM_GRAMMATICAL_GENDER permission.
03-02 11:37:17.406   921  2359 I BufferQueueDebug: [90826b7 Splash Screen com.softnation.Ojam#134449](this:0xb400007bcec64578,id:-1,api:0,p:-1,c:-1) BufferQueue core=(921:/system/bin/surfaceflinger)
03-02 11:37:17.409  1621  2740 D PreStartingManager: Not init when use PreStartingManager!
03-02 11:37:17.409  1621  2740 I WindowManager: Add startingWindow, surfaceControl = Surface(name=90826b7 Splash Screen com.softnation.Ojam#134449)/@0xd4c0d8d layerId = 134449
03-02 11:37:17.411 13966 13966 I ajvw    : (REDACTED) #onPause %s
03-02 11:37:17.412  1621  1650 I PowerHalWrapper: amsBoostProcessCreate package:com.softnation.Ojam 
03-02 11:37:17.413  2363  2577 D InputEventReceiver: Input log is disabled in InputEventReceiver.
03-02 11:37:17.413   863   958 I libPowerHal: [perfLockAcq] idx:3 hdl:368500 hint:21 pid:863 tid:863 duration:10000 lock_user:vendor.mediatek => ret_hdl:368500
03-02 11:37:17.414   863   958 I libPowerHal: [PE] MTKPOWER_HINT_PROCESS_CREATE update cmd:2024000, param:100, pr:3
03-02 11:37:17.414   863   958 I libPowerHal: [set_kswapd_affinity] set affinity = 16129
03-02 11:37:17.414   863   958 I libPowerHal: [PE] MTKPOWER_HINT_PROCESS_CREATE update ONESHOT(set) cmd:10000700 param:16129 pr:3
03-02 11:37:17.414   863   958 I libPowerHal: [perfLockAcq] Done for hdl : 368500
03-02 11:37:17.418  1621  1731 I AppsFilter: interaction: PackageSetting{131896e com.android.microdroid.empty_payload/10255} -> PackageSetting{56e7753 com.softnation.Ojam/10337} BLOCKED
03-02 11:37:17.419  1999 29002 D EventBus: No subscribers registered for event class com.miui.home.recents.messages.RecentTasksChangedEvent
03-02 11:37:17.420  1999 29002 D EventBus: No subscribers registered for event class org.greenrobot.eventbus.NoSubscriberEvent
03-02 11:37:17.420  1999  2756 D EventBus: No subscribers registered for event class com.miui.home.recents.messages.RecentTasksChangedEvent
03-02 11:37:17.420  1999  2756 D EventBus: No subscribers registered for event class org.greenrobot.eventbus.NoSubscriberEvent
03-02 11:37:17.420  1999  2684 D RecentsModel: onTaskStackChangedBackground    MSG_TASK_STACK_CHANGE
03-02 11:37:17.420  1999  2684 D RecentsModel: boostTaskStackChangedThread once, tid=2684, recentResourceLoaderTid=2525
03-02 11:37:17.420  1999  2684 W MiBridge: Permission not granted !!
03-02 11:37:17.421  1999  2684 D Launcher.Boost: setDynamicVIPTaskIfNeeded::tid = 2684 duration = 500
03-02 11:37:17.422  1621  1731 D WindowManager: Collecting in transition 10183: ActivityRecord{62b1cde u0 com.softnation.Ojam/.MainActivity t37046} init visibleRequested:false
03-02 11:37:17.426  1621  1731 D WindowManager: Collecting in transition 10183: ActivityRecord{6d71709 u0 com.google.android.googlequicksearchbox/com.google.android.apps.search.assistant.surfaces.voice.robin.ui.floaty.activity.FloatyActivity t37027} init visibleRequested:true
03-02 11:37:17.427  1621  1731 D WindowManager: Collecting in transition 10183: ActivityRecord{9880759 u0 com.miui.home/.launcher.Launcher t2} init visibleRequested:true
03-02 11:37:17.427  1621  1731 D WindowManager: Collecting in transition 10183: Window{7986e4c u0 com.miui.miwallpaper.wallpaperservice.MiuiKeyguardPictorialWallpaper} init visibleRequested:true
03-02 11:37:17.427  1621  1731 D WindowManager: Collecting in transition 10183: Window{92602d4 u0 com.miui.miwallpaper.wallpaperservice.ImageWallpaper} init visibleRequested:true
03-02 11:37:17.429  1621  1731 D MiuiRefreshRatePolicy: reset
03-02 11:37:17.432  1621  1651 I ActivityTaskManager: visible for Task{27e6aff #2 type=home I=com.miui.home/.launcher.Launcher} visible = true isAnimating = false TRANSITION = false PARENTS = false CHILDREN = false
03-02 11:37:17.435   921  2359 I BufferQueueDebug: [Splash Screen com.softnation.Ojam#134450](this:0xb400007bcec6fbb8,id:-1,api:0,p:-1,c:-1) BufferQueue core=(921:/system/bin/surfaceflinger)
03-02 11:37:17.436  1621  1667 I ActivityManager: Start proc 30938:com.softnation.Ojam/u0a337 for next-top-activity {com.softnation.Ojam/com.softnation.Ojam.MainActivity} caller=com.android.shell
03-02 11:37:17.440  1621  2986 D MiuiRefreshRatePolicy: reset
03-02 11:37:17.442 30938 30938 E Zygote  : process_name_ptr:30938 com.softnation.Ojam
03-02 11:37:17.443 30938 30938 E Zygote  : SetMemoryProtected process_name_ptr:30938 com.softnation.Ojam
03-02 11:37:17.445 13966 14104 V ClearcutMetricXmitter: Transmission is done.
03-02 11:37:17.445  1621  2986 W WindowManager: Changing focus from Window{6009493 u0 com.google.android.googlequicksearchbox/com.google.android.apps.search.assistant.surfaces.voice.robin.ui.floaty.activity.FloatyActivity} to null displayId=0 Callers=com.android.server.wm.RootWindowContainer.updateFocusedWindowLocked:602 com.android.server.wm.WindowManagerService.updateFocusedWindowLocked:7168 com.android.server.wm.WindowManagerService.relayoutWindowInner:3076 com.android.server.wm.WindowManagerService.relayoutWindow:2724 
03-02 11:37:17.446  1621  2986 D WindowManager: wms.Input focus has changed to null display=0 updateInputWindows = true
03-02 11:37:17.446  1621  2986 I MultiSenceManagerInternalStub: getInstance
03-02 11:37:17.449  1621  1636 D CoreBackPreview: Window{90826b7 u0 Splash Screen com.softnation.Ojam}: Setting back callback OnBackInvokedCallbackInfo{mCallback=android.window.IOnBackInvokedCallback$Stub$Proxy@cac2c66, mPriority=0, mIsAnimationCallback=false}
03-02 11:37:17.450  2363  2577 D BufferQueueConsumer: [](id:93b00001aef,api:0,p:-1,c:2363) connect: controlledByApp=false
03-02 11:37:17.451  1621  2834 I ATMSImpl: cacheTasksForDefaultDisplay size=5
03-02 11:37:17.452  2363  2577 D BLASTBufferQueue: [VRI[Ojam]#5850](f:0,a:0) constructor()
03-02 11:37:17.452  2363  2577 D BLASTBufferQueue: [VRI[Ojam]#5850](f:0,a:0) update width=1080 height=2460 format=-3 mTransformHint=0
03-02 11:37:17.456  1621  1651 I ActivityTaskManager: visible for Task{27e6aff #2 type=home I=com.miui.home/.launcher.Launcher} visible = true isAnimating = false TRANSITION = false PARENTS = false CHILDREN = false
03-02 11:37:17.456  1999  2684 D RecentsModel: getRunningTask ignoreActivityType : 2 ,ignoreWindowMode:5
03-02 11:37:17.457  2363  2577 D VRI[Ojam]: vri.reportNextDraw android.view.ViewRootImpl.performTraversals:4984 android.view.ViewRootImpl.doTraversal:3564 android.view.ViewRootImpl$TraversalRunnable.run:11781 android.view.Choreographer$CallbackRecord.run:1804 android.view.Choreographer$CallbackRecord.run:1813 
03-02 11:37:17.457  2363  2577 D VRI[Ojam]: Setup new sync=wmsSync-VRI[Ojam]#40
03-02 11:37:17.458  1999  2684 W RecentsModel: getRunningTask   taskInfo=TaskInfo{userId=0 taskId=37027 displayId=0 isRunning=true baseIntent=Intent { flg=0x14850000 pkg=com.google.android.googlequicksearchbox cmp=com.google.android.googlequicksearchbox/com.google.android.apps.search.assistant.surfaces.voice.robin.ui.floaty.activity.FloatyActivity } baseActivity=ComponentInfo{com.google.android.googlequicksearchbox/com.google.android.apps.search.assistant.surfaces.voice.robin.ui.floaty.activity.FloatyActivity} topActivity=ComponentInfo{com.google.android.googlequicksearchbox/com.google.android.apps.search.assistant.surfaces.voice.robin.ui.floaty.activity.FloatyActivity} origActivity=null realActivity=ComponentInfo{com.google.android.googlequicksearchbox/com.google.android.apps.search.assistant.surfaces.voice.robin.ui.floaty.activity.FloatyActivity} numActivities=1 lastActiveTime=1030796874 supportsSplitScreenMultiWindow=true supportsMultiWindow=true resizeMode=2 isResizeable=true minWidth=-1 minHeight=-1 defaultMinSize=200 token=WCT{android.window.IWindowContainerToken$Stub$Proxy@c54cab0} topActivityType=1 pictureInPictureParams=null shouldDockBigOverlays=false launchIntoPipHostTaskId=-1 lastParentTaskIdBeforePip=-1 displayCutoutSafeInsets=Rect(0, 104 - 0, 0) topActivityInfo=ActivityInfo{9fc1d29 com.google.android.apps.search.assistant.surfaces.voice.robin.ui.floaty.activity.FloatyActivity} launchCookies=[] positionInParent=Point(0, 0) parentTaskId=-1 isFocused=true isVisible=true isVisibleRequested=false isSleeping=false locusId=null displayAreaFeatureId=1 isTopActivityTransparent=true appCompatTaskInfo=AppCompatTaskInfo { topActivityInSizeCompat=false topActivityEligibleForLetterboxEducation= falseisLetterboxEducationEnabled= false isLetterboxDoubleTapEnabled= false topActivityEligibleForUserAspectRatioButton= false topActivityBoundsLetterboxed= false isFromLetterboxDoubleTap= false topActivityLetterboxVerticalPosition= -1 topActivityLetterboxHorizontalPosition= -1 topActivityLetterboxWidth=1080 topActivityLetterboxHeight=2460 isUserFullscreenOverrideEnabled=false isSystemFullscreenOverrideEnabled=false cameraCompatTaskInfo=CameraCompatTaskInfo { cameraCompatControlState=hidden freeformCameraCompatMode=inactive}} isImmersive=false mTopActivityRequestOrientation=-2 mBehindAppLockPkg=null mOriginatingUid=0 isEmbedded=false shouldBeVisible=false mIsCastMode=false mTopActivityMediaSize=null mTopActivityRecordName=ActivityRecord{6d71709 u0 com.google.android.googlequicksearchbox/com.google.android.apps.search.assistant.surfaces.voice.robin.ui.floaty.activity.FloatyActivity t37027} mTopActivityOrientation=-2}
03-02 11:37:17.458  1999  2684 D RecentsModel: preloadRecents runningTaskId:37027, mCurrentRunningTaskId:-1, mRecentsTaskLoadPlan=com.android.systemui.shared.recents.model.RecentsTaskLoadPlan@7f118ae
03-02 11:37:17.458  1621  1651 D SurfaceComposerClient: Transaction::apply InputWindowCommands.focusRequests timestamp=613031002667538, windowName=<null>
03-02 11:37:17.459  1999  2684 E ActivityManagerWrapper: get all recent tasks force including 37027
03-02 11:37:17.461  1621  1666 I SmartPower: com.milink.service:audio/10190(19603): idle->background(22446ms) R(broadcast start Intent { act=android.intent.action.PACKAGE_RESTARTED dat=package: flg=0x4000010 (has extras) }) adj=250.
03-02 11:37:17.463  2061  2061 I MiuiWallpaper-MiuiWallpaperManagerService: receive broadcast action = android.intent.action.PACKAGE_RESTARTED
03-02 11:37:17.463 30938 30938 I softnation.Ojam: Late-enabling -Xcheck:jni
03-02 11:37:17.466   921   921 D SurfaceFlinger: Focus addInputWindowCommands timestamp=613031002667538, windowName=<null>
03-02 11:37:17.470  1999  2684 D ActivityManagerWrapper: groupedRecentTaskInfoCompat.getMainTaskId :37027, isExcluded is True
03-02 11:37:17.471  1999  2684 E ActivityManagerWrapper: getRecentTasksForceIncludingTaskIdIfValid: getRecentTasks: size=4
03-02 11:37:17.471  1999  2684 E ActivityManagerWrapper:  mainTaskId=37046   userId=0   windowMode=1   baseIntent=Intent { act=null flag=268435456 cmp=ComponentInfo{com.softnation.Ojam/com.softnation.Ojam.MainActivity} }
03-02 11:37:17.471  1999  2684 E ActivityManagerWrapper:  mainTaskId=37027   userId=0   windowMode=1   baseIntent=Intent { act=null flag=344260608 cmp=ComponentInfo{com.google.android.googlequicksearchbox/com.google.android.apps.search.assistant.surfaces.voice.robin.ui.floaty.activity.FloatyActivity} }
03-02 11:37:17.471  1999  2684 E ActivityManagerWrapper:  mainTaskId=37019   userId=0   windowMode=1   baseIntent=Intent { act=null flag=268435456 cmp=ComponentInfo{com.whatsapp/com.whatsapp.home.ui.HomeActivity} }
03-02 11:37:17.471  1999  2684 E ActivityManagerWrapper:  mainTaskId=36980   userId=0   windowMode=1   baseIntent=Intent { act=android.intent.action.MAIN flag=270532608 cmp=ComponentInfo{com.twitter.android/com.twitter.android.StartActivity} }
03-02 11:37:17.473  2363  2648 D BLASTBufferQueue: [VRI[Ojam]#5850](f:0,a:1) acquireNextBufferLocked size=1080x2460 mFrameNumber=1 applyTransaction=true mTimestamp=613031017764153(auto) mPendingTransactions.size=0 graphicBufferId=10149007875924 transform=0
03-02 11:37:17.476  2363  2577 D VRI[Ojam]: vri.reportDrawFinished
03-02 11:37:17.477   921  1483 D SurfaceFlinger: updateWinowInfo=1, setFocusedWindow timestamp=613031002667538, windowName=<null>
03-02 11:37:17.478  1621  2740 D InputDispatcher: setFocusedWindow <null> on display 0 ignored, reason: already focused
03-02 11:37:17.481  1621  1648 D Aurogon :  uid = 10166 switch to BG
03-02 11:37:17.481  2363  2477 D SoScUtils: monitorTransitionFinished transition:android.os.BinderProxy@e7729a5 transaction: android.view.SurfaceControl$Transaction@db4de63 mRequestCloseTransition:null mRequestOpenTransition:null mRequestOpenTransitionWithSameTask size:0 mPairsOpenTransition:null mPairsOpenTransitionNull:null mRequestOpenTriggerTask:-1 mRequestCloseTriggerTask:-1 mOrientationTransition: null mMainStartingTask:-1 mSideStartingTask:-1
03-02 11:37:17.482  1621  1894 D Aurogon :  onForegroundActivitiesChanged packageName = com.miui.home
03-02 11:37:17.493  1621  1651 D MiuiRefreshRatePolicy: reset
03-02 11:37:17.496  1621  1651 D PreStartingManager: Not init when use PreStartingManager!
03-02 11:37:17.496  1621  1651 D WindowManager: Set transition=TransitionRecord{f67d419 id=10183 type=OPEN flags=0x0}, ready=true, SyncId=10183 
03-02 11:37:17.500  1621  1842 I MiuiNetworkPolicy: updateUidState uid = 99351, uidState = 5
03-02 11:37:17.503  1621  1842 I MiuiNetworkPolicy: updateUidState uid = 10337, uidState = 19
03-02 11:37:17.504  1621  1651 I SmartPower: com.softnation.Ojam/10337(0): died->visible(638ms) R(become visible) adj=-10000.
03-02 11:37:17.507  1621  1651 I WindowManager: wms.showSurfaceRobustly mWin:Window{90826b7 u0 Splash Screen com.softnation.Ojam}
03-02 11:37:17.509  1621  1651 D WindowManager: Final targets: [Task{b64798c #37046 type=standard A=10337:com.softnation.Ojam}, Task{ba1f32f #37027 type=standard I=com.google.android.googlequicksearchbox/com.google.android.apps.search.assistant.surfaces.voice.robin.ui.floaty.activity.FloatyActivity}, Task{d151cdd #1 type=home}]
03-02 11:37:17.510   921  2359 I BufferQueueDebug: [Transition Root #10183: Task=37046#134451](this:0xb400007bcecdeca8,id:-1,api:0,p:-1,c:-1) BufferQueue core=(921:/system/bin/surfaceflinger)
03-02 11:37:17.514  1621  1842 I MiuiNetworkPolicy: updateUidState uid = 10200, uidState = 5
03-02 11:37:17.516  1621  1842 I MiuiNetworkPolicy: updateUidState uid = 10181, uidState = 4
03-02 11:37:17.516  1621  1842 I MiuiNetworkPolicy: updateUidState uid = 10168, uidState = 4
03-02 11:37:17.516  1621  1842 I MiuiNetworkPolicy: updateUidState uid = 10166, uidState = 5
03-02 11:37:17.516  1621  1842 I MiuiNetworkPolicy: updateUidState uid = 10162, uidState = 5
03-02 11:37:17.534  1621  1666 I SmartPower: com.whatsapp/10300(31638): idle->background(2238ms) R(broadcast start Intent { act=android.intent.action.BATTERY_CHANGED flg=0x60000010 (has extras) }) adj=227.
03-02 11:37:17.536  1621  1666 I SmartPower: com.android.chrome/10174(31865): idle->background(6539ms) R(broadcast start Intent { act=android.intent.action.BATTERY_CHANGED flg=0x60000010 (has extras) }) adj=905.
03-02 11:37:17.537  1621  1651 D WindowManager: snapshot isNothing = false source = Task{ba1f32f #37027 type=standard I=com.google.android.googlequicksearchbox/com.google.android.apps.search.assistant.surfaces.voice.robin.ui.floaty.activity.FloatyActivity}
03-02 11:37:17.538  1621  1666 I SmartPower: com.whatsapp/99910300(3370): idle->background(2241ms) R(broadcast start Intent { act=android.intent.action.BATTERY_CHANGED flg=0x60000010 (has extras) }) adj=905.
03-02 11:37:17.540  1621  1666 I SmartPower: com.facebook.katana/10287(4176): idle->background(2243ms) R(broadcast start Intent { act=android.intent.action.BATTERY_CHANGED flg=0x60000010 (has extras) }) adj=905.
03-02 11:37:17.543   921  2359 I BufferQueueDebug: [Surface(name=5b2ee94 StatusBar#103)/@0xf6cf932 - animation-leash of insets_animation#134452](this:0xb400007bcec7b1f8,id:-1,api:0,p:-1,c:-1) BufferQueue core=(921:/system/bin/surfaceflinger)
03-02 11:37:17.545   921  2359 I BufferQueueDebug: [Surface(name=77d8129 NavigationBar0#101614)/@0x3faba4f - animation-leash of insets_animation#134453](this:0xb400007bcec58f38,id:-1,api:0,p:-1,c:-1) BufferQueue core=(921:/system/bin/surfaceflinger)
03-02 11:37:17.546  1621  1651 D MiuiRefreshRatePolicy: reset
03-02 11:37:17.552  1621  1638 D WindowManager: Finish Transition (#10182): created at 03-02 11:37:16.876 collect-started=0.556ms request-sent=0.93ms started=17.919ms ready=17.889ms sent=259.946ms finished=674.67ms
03-02 11:37:17.553  1621  1731 W ActivityManager: pid 1621 system sent binder code 7 with flags 1 to frozen apps and got error -32
03-02 11:37:17.553  1621  1731 W WindowManager: Exception thrown during dispatchAppVisibility Window{de6a069 u0 com.softnation.Ojam/com.softnation.Ojam.MainActivity EXITING}
03-02 11:37:17.553  1621  1731 W WindowManager: android.os.DeadObjectException
03-02 11:37:17.553  1621  1731 W WindowManager: 	at android.os.BinderProxy.transactNative(Native Method)
03-02 11:37:17.553  1621  1731 W WindowManager: 	at android.os.BinderProxy.transact(BinderProxy.java:682)
03-02 11:37:17.553  1621  1731 W WindowManager: 	at android.view.IWindow$Stub$Proxy.dispatchAppVisibility(IWindow.java:655)
03-02 11:37:17.553  1621  1731 W WindowManager: 	at com.android.server.wm.WindowState.sendAppVisibilityToClients(WindowState.java:3529)
03-02 11:37:17.553  1621  1731 W WindowManager: 	at com.android.server.wm.WindowContainer.sendAppVisibilityToClients(WindowContainer.java:1387)
03-02 11:37:17.553  1621  1731 W WindowManager: 	at com.android.server.wm.WindowToken.setClientVisible(WindowToken.java:423)
03-02 11:37:17.553  1621  1731 W WindowManager: 	at com.android.server.wm.ActivityRecord.setClientVisible(ActivityRecord.java:8426)
03-02 11:37:17.553  1621  1731 W WindowManager: 	at com.android.server.wm.ActivityRecord.postApplyAnimation(ActivityRecord.java:6989)
03-02 11:37:17.553  1621  1731 W WindowManager: 	at com.android.server.wm.ActivityRecord.commitVisibility(ActivityRecord.java:6931)
03-02 11:37:17.553  1621  1731 W WindowManager: 	at com.android.server.wm.Transition.finishTransition(Transition.java:1589)
03-02 11:37:17.553  1621  1731 W WindowManager: 	at com.android.server.wm.TransitionController.finishTransition(TransitionController.java:1153)
03-02 11:37:17.553  1621  1731 W WindowManager: 	at com.android.server.wm.WindowOrganizerController.finishTransition(WindowOrganizerController.java:578)
03-02 11:37:17.553  1621  1731 W WindowManager: 	at android.window.IWindowOrganizerController$Stub.onTransact(IWindowOrganizerController.java:324)
03-02 11:37:17.553  1621  1731 W WindowManager: 	at com.android.server.wm.WindowOrganizerController.onTransact(WindowOrganizerController.java:234)
03-02 11:37:17.553  1621  1731 W WindowManager: 	at android.os.Binder.execTransactInternal(Binder.java:1507)
03-02 11:37:17.553  1621  1731 W WindowManager: 	at android.os.Binder.execTransact(Binder.java:1451)
03-02 11:37:17.554  1621  1731 W Process : Unable to open /proc/25110/status
03-02 11:37:17.555  1999  1999 E RotationHelper: setCurrentTransitionRequest: request=0
03-02 11:37:17.555  1621  1731 I Transition: finishTransition: updateLastSurfacePosition tf=Task{9b18635 #37045 type=standard A=10337:com.softnation.Ojam}
03-02 11:37:17.556  1621  1731 I Transition: finishTransition: updateLastSurfacePosition tf=Task{ba1f32f #37027 type=standard I=com.google.android.googlequicksearchbox/com.google.android.apps.search.assistant.surfaces.voice.robin.ui.floaty.activity.FloatyActivity}
03-02 11:37:17.558  1621  1731 D MiuiRefreshRatePolicy: reset
03-02 11:37:17.560  1621  1731 I PowerManagerServiceImpl: Release wakelock: SCREEN_BRIGHT_WAKE_LOCK           'WindowManager/displayId:0' ON_AFTER_RELEASE DISABLED ACQ=-4m18s879ms (uid=1000 pid=1621 pkg=android ws=WorkSource{10337 com.softnation.Ojam})
03-02 11:37:17.563  1621  1731 D WindowManager: setParent old=ActivityRecord{125351f u0 com.softnation.Ojam/.MainActivity t37045 f} isExiting},new=null,this window=Window{de6a069 u0 com.softnation.Ojam/com.softnation.Ojam.MainActivity EXITING},callers=com.android.server.wm.WindowContainer.removeChild:897 com.android.server.wm.ActivityRecord.removeChild:5518 com.android.server.wm.ActivityRecord.removeChild:505 com.android.server.wm.WindowContainer.removeImmediately:967 com.android.server.wm.WindowState.removeImmediately:2526 com.android.server.wm.WindowContainer.removeImmediately:931 
03-02 11:37:17.565  1621  1731 D MiuiRefreshRatePolicy: reset
03-02 11:37:17.566   921   921 I SurfaceFlinger: onHandleDestroyed: name=Transition Root #10182: Task=37027#134443, layerId=134443, parentId=0
03-02 11:37:17.567  1621  1731 D WindowManager: setParent old=Task{9b18635 #37045 type=standard A=10337:com.softnation.Ojam},new=null,this window=ActivityRecord{125351f u0 com.softnation.Ojam/.MainActivity t37045 f} isExiting},callers=com.android.server.wm.WindowContainer.removeChild:897 com.android.server.wm.TaskFragment.removeChild:3337 com.android.server.wm.Task.removeChild:1929 com.android.server.wm.Task.removeChild:1908 com.android.server.wm.WindowContainer.removeImmediately:967 com.android.server.wm.WindowToken.removeImmediately:374 
03-02 11:37:17.568 30938 30938 I softnation.Ojam: Using CollectorTypeCMC GC.
03-02 11:37:17.568   921  2359 I BufferQueueDebug: [Task=37045#134454](this:0xb400007bcec67308,id:-1,api:0,p:-1,c:-1) BufferQueue core=(921:/system/bin/surfaceflinger)
03-02 11:37:17.570  1621  1731 D WindowManager: setParent old=DefaultTaskDisplayArea@262819365,new=null,this window=Task{9b18635 #37045 type=standard A=10337:com.softnation.Ojam},callers=com.android.server.wm.WindowContainer.removeChild:897 com.android.server.wm.TaskDisplayArea.removeChildTask:360 com.android.server.wm.TaskDisplayArea.removeChild:351 com.android.server.wm.WindowContainer.removeImmediately:967 com.android.server.wm.TaskFragment.removeImmediately:3417 com.android.server.wm.Task.removeImmediately:3408 
03-02 11:37:17.570  1621  1731 D MiuiMultiWindowUtils: DeviceLevel.IS_MIUI_LITE_VERSION 2.0 not support miui multiWindowtides
03-02 11:37:17.570  1621  1731 D MiuiMultiWindowUtils: DeviceLevel.IS_MIUI_LITE_VERSION 2.0 not support miui multiWindowtides
03-02 11:37:17.571  2363  2477 I RemoteTransitionHandlerStubImpl: invokeAndRemoveWctCB transition is null, curWctCB: null
03-02 11:37:17.572  1999  2684 D TaskSnapshotCompatVV: getIsInvalidateFromTaskSnapshot, return, mTaskSnapshot=null, mTaskSnapshotClazz=null
03-02 11:37:17.573  2363  2477 I MultiTaskingTaskRepository: needSkip: is home task
03-02 11:37:17.573  2363  2477 W MultiTaskingTaskRepository: onToBackTransitionReady putOrUpdateTaskInfo skip
03-02 11:37:17.573  2363  2477 D MultiTaskingTaskRepository: addOrMoveFullscreenTaskToTop taskId=37046
03-02 11:37:17.574  6027 28224 I SCTaskStackListener: onTaskStackChanged! inSplit = false
03-02 11:37:17.574  2363  2477 D MultiTaskingTaskRepository: putOrUpdateTaskInfo: taskInfo.taskId: 37046 current mMultiTaskingTaskInfoList:  ,37045 ,37027 ,37019 ,36980 ,36770 ,36289 ,5 ,4
03-02 11:37:17.574  2363  2477 D MultiTaskingTaskRepository: java.lang.Throwable
03-02 11:37:17.574  2363  2477 D MultiTaskingTaskRepository: 	at com.android.wm.shell.multitasking.taskmanager.MultiTaskingTaskRepository.updateMultiTaskingTaskInfo(go/retraceme 5c05439c20823397c9aaa04c8ad244598257e2a7e5bd06f03af131ffaee2a4a9:82)
03-02 11:37:17.574  2363  2477 D MultiTaskingTaskRepository: 	at com.android.wm.shell.multitasking.taskmanager.MultiTaskingTaskRepository.putOrUpdateTaskInfo(go/retraceme 5c05439c20823397c9aaa04c8ad244598257e2a7e5bd06f03af131ffaee2a4a9:41)
03-02 11:37:17.574  2363  2477 D MultiTaskingTaskRepository: 	at com.android.wm.shell.multitasking.taskmanager.MultiTaskingTransitionObserver.onTransitionReady(go/retraceme 5c05439c20823397c9aaa04c8ad244598257e2a7e5bd06f03af131ffaee2a4a9:166)
03-02 11:37:17.574  2363  2477 D MultiTaskingTaskRepository: 	at com.android.wm.shell.transition.Transitions.dispatchReady(go/retraceme 5c05439c20823397c9aaa04c8ad244598257e2a7e5bd06f03af131ffaee2a4a9:169)
03-02 11:37:17.574  2363  2477 D MultiTaskingTaskRepository: 	at com.android.wm.shell.transition.Transitions.onTransitionReady(go/retraceme 5c05439c20823397c9aaa04c8ad244598257e2a7e5bd06f03af131ffaee2a4a9:248)
03-02 11:37:17.574  2363  2477 D MultiTaskingTaskRepository: 	at com.android.wm.shell.transition.Transitions$TransitionPlayerImpl$$ExternalSyntheticLambda1.run(go/retraceme 5c05439c20823397c9aaa04c8ad244598257e2a7e5bd06f03af131ffaee2a4a9:47)
03-02 11:37:17.574  2363  2477 D MultiTaskingTaskRepository: 	at android.os.Handler.handleCallback(Handler.java:959)
03-02 11:37:17.574  2363  2477 D MultiTaskingTaskRepository: 	at android.os.Handler.dispatchMessage(Handler.java:100)
03-02 11:37:17.574  2363  2477 D MultiTaskingTaskRepository: 	at android.os.Looper.loopOnce(Looper.java:249)
03-02 11:37:17.574  2363  2477 D MultiTaskingTaskRepository: 	at android.os.Looper.loop(Looper.java:337)
03-02 11:37:17.574  2363  2477 D MultiTaskingTaskRepository: 	at android.os.HandlerThread.run(HandlerThread.java:85)
03-02 11:37:17.574  2363  2477 D MultiTaskingTaskInfo: initFolmeControl::task id = 37046, mBounds = Rect(0, 0 - 1080, 2460)
03-02 11:37:17.574  2363  2477 I ShellTransitions: Is abandon offsetY: false
03-02 11:37:17.574  2363  2477 I ShellTransitions: Is abandon offsetY: false
03-02 11:37:17.574  2363  2477 I ShellTransitions: Is abandon offsetY: false
03-02 11:37:17.575  2363  2477 E TaskViewTransitions: Found a launching TaskView in the wrong transition. All TaskView launches should be initiated by shell and in their own transition: 37046
03-02 11:37:17.575  2363  2477 E KeyguardTransitionHandlerImpl: activityCount = 0
03-02 11:37:17.575  2363  2477 E KeyguardTransitionHandlerImpl: activityCount = 0
03-02 11:37:17.575  1999  1999 D TaskSnapshotCompatVV: getIsInvalidateFromTaskSnapshot, isInvalidate=false
03-02 11:37:17.575  2363  2477 D MiuiFreeformModeAnimation: startAnimation change: {WCT{android.window.IWindowContainerToken$Stub$Proxy@4b30fd5} m=OPEN f=NONE leash=Surface(name=Task=37046#134447)/@0x5570a60 sb=Rect(0, 0 - 1080, 2460) eb=Rect(0, 0 - 1080, 2460) d=0 taskParent=-1} info.getType(): 1
03-02 11:37:17.575  2363  2477 D MiuiFreeformModeAnimation: startAnimation change: {WCT{android.window.IWindowContainerToken$Stub$Proxy@2ced3ea} m=TO_BACK f=TRANSLUCENT leash=Surface(name=Task=37027#133407)/@0x178db19 sb=Rect(0, 0 - 1080, 2460) eb=Rect(0, 0 - 1080, 2460) d=0 taskParent=-1} info.getType(): 1
03-02 11:37:17.575  2363  2477 D MiuiFreeformModeAnimation: startAnimation change: {WCT{android.window.IWindowContainerToken$Stub$Proxy@79db6db} m=TO_BACK f=SHOW_WALLPAPER leash=Surface(name=Task=1#47)/@0x18d17de sb=Rect(0, 0 - 1080, 2460) eb=Rect(0, 0 - 1080, 2460) d=0 taskParent=-1} info.getType(): 1
03-02 11:37:17.575  2363  2477 D SoScStageCoordinator: inCloseTransition:false pairsStartedWithCloseTransition:false isRequestCloseTriggerTask:false inSingleSoScState:false inSoScUnactivie:true closeStage:null
03-02 11:37:17.575  1999  1999 D EventBus: No subscribers registered for event class com.miui.home.recents.messages.TaskSnapshotChangedEvent
03-02 11:37:17.575  1621  1651 I ActivityTaskManager: visible for Task{27e6aff #2 type=home I=com.miui.home/.launcher.Launcher} visible = true isAnimating = false TRANSITION = false PARENTS = false CHILDREN = false
03-02 11:37:17.576  1999  2684 D TaskSnapshotCompatVV: getIsInvalidateFromTaskSnapshot, isInvalidate=false
03-02 11:37:17.576   921  1587 I BufferQueueDebug: [4324760 ActivityRecordInputSink com.softnation.Ojam/.MainActivity#134455](this:0xb400007bcec5ea58,id:-1,api:0,p:-1,c:-1) BufferQueue core=(921:/system/bin/surfaceflinger)
03-02 11:37:17.576  2363  2477 D TransitionAnimationHelper:  load default animation  type = 1 enter = false animAttr = 19 isTask = true translucent = false
03-02 11:37:17.576  1999  2684 D RecentsModel: onTaskStackChangedBackground    MSG_TASK_STACK_CHANGE
03-02 11:37:17.576  1999  2684 D RecentsModel: boostTaskStackChangedThread, don't boost
03-02 11:37:17.577  1999  1999 D EventBus: No subscribers registered for event class org.greenrobot.eventbus.NoSubscriberEvent
03-02 11:37:17.579   921  1587 D SurfaceFlinger: [SF client] REMOVE (0xb400007caea4ebb0) for (1621:system_server)
03-02 11:37:17.579  2363  2477 D TransitionAnimationHelper:  load default animation  type = 1 enter = false animAttr = 19 isTask = true translucent = false
03-02 11:37:17.580  1621  1651 W ActivityTaskManager: Can't find TaskDisplayArea to determine support for multi window. Task id=37045 attached=false
03-02 11:37:17.580  2363  2477 D TransitionAnimationHelper:  load default animation  type = 1 enter = true animAttr = 18 isTask = true translucent = false
03-02 11:37:17.582  2363  2540 D ShellTransitions: speed ui!!!!!!!!!!!
03-02 11:37:17.582  7123  7128 I adbd    : jdwp connection from 30938
03-02 11:37:17.583   921   921 I BufferQueueDebug: [Transition Root #10182: Task=37027#134443](this:0xb400007bcecab888,id:-1,api:0,p:-1,c:921) onDestructor()
