03-02 11:37:16.992  2363  2363 D MiuiMediaControlPanel: removeListener
03-02 11:37:16.992  1621  1651 I BLASTSyncEngine: SyncGroup 10182:  Unfinished container:ActivityRecord{9880759 u0 com.miui.home/.launcher.Launcher t2}
03-02 11:37:16.992  1621  1651 I BLASTSyncEngine: isActivitySyncFinished isSyncFinished false ActivityRecord{9880759 u0 com.miui.home/.launcher.Launcher t2}
03-02 11:37:16.994 13966 13998 I amgt    : (REDACTED) Limit not reached, shouldRefresh=%s
03-02 11:37:16.995  6027  6027 I PowerSaveService: onReceive: android.intent.action.BATTERY_CHANGED
03-02 11:37:16.998  6515  8142 D PowerKeeper.Thermal: mBatteryTemperature: 40
03-02 11:37:16.998 13966 13966 I bgat    : [hasSecondaryDisplayAndMainDisplayIsDisabled] Main display is ON
03-02 11:37:16.999 13966 13966 I bgat    : [hasSecondaryDisplayAndMainDisplayIsDisabled] Main display is ON
03-02 11:37:16.999 13966 13966 I bgat    : [hasSecondaryDisplayAndMainDisplayIsDisabled] Main display is ON
03-02 11:37:16.999 13966 13966 I bgat    : [hasSecondaryDisplayAndMainDisplayIsDisabled] Main display is ON
03-02 11:37:17.000  6515  8177 D PowerCheckerService: onBatteryChanged, mBatteryLevel = 44, status = 2, level = 44, plug = 2, scale = 100
03-02 11:37:17.000 13966 13966 I aysr    : (REDACTED) Setting floaty + banner max height to: %s (the maximumContentHeight is: %s, and the extraAllowedHeight is: %s)
03-02 11:37:17.001  6027  6027 I PowerNoticeUI: handleBatteryChanged oldPlugType 2 mPlugType 2 oldBatteryLevel 44 mBatteryLevel 44 temperature 400
03-02 11:37:17.001  6027  6027 I ChargerBatteryIntelligenceReceiver: onBatteryChanged temperature∩╝Ü40,plugType:2
03-02 11:37:17.002  6027  6027 D BaseChargeProtect_HighTemp: mCountByMinute:0,isScreenOn:true
03-02 11:37:17.002  6515  6997 I ProcAudioPowerManager: onBatteryChanged, onBattery is false
03-02 11:37:17.002  6515  6997 D PowerKeeper.FrozenApp: onBatteryChanged plug=true mBatteryPlugged=2
03-02 11:37:17.002 13966 13966 I bgat    : [hasSecondaryDisplayAndMainDisplayIsDisabled] Main display is ON
03-02 11:37:17.003 13966 13966 I bgat    : [hasSecondaryDisplayAndMainDisplayIsDisabled] Main display is ON
03-02 11:37:17.003  6027  6027 I android_os_HwBinder: HwBinder: Starting thread pool for getting: vendor.xiaomi.hardware.micharge@1.0::IMiCharge/default
03-02 11:37:17.005   921  1170 I BufferQueueDebug: [com.google.android.googlequicksearchbox/com.google.android.apps.search.assistant.surfaces.voice.robin.ui.floaty.activity.FloatyActivity#134440](this:0xb400007bcecd3668,id:-1,api:0,p:-1,c:-1) BufferQueue core=(921:/system/bin/surfaceflinger)
03-02 11:37:17.005 13966 13998 I apaf    : (REDACTED) #TRIGGER_TYPE type is: %s
03-02 11:37:17.006 13966 13998 I apaf    : (REDACTED) #TRIGGER_TYPE islockscreen is: %s
03-02 11:37:17.006   872   908 I vendor.xiaomi.hardware.micharge@1.0-service: ReadFilePathValue path = /sys/class/power_supply/usb/real_type value = USB
03-02 11:37:17.007 13966 13986 D ActivityThread: the event that target app starts is : AppLaunchEvent{mType='441', mProcessName='com.google.android.googlequicksearchbox:search', mPackageName='com.google.android.googlequicksearchbox', mIsMainProcess='false', mVersionCode='301702678', mLaunchTime='2026-03-02'}
03-02 11:37:17.010 13966 13998 I ajoh    : Device not matched [CONTEXT ratelimit_period="10 SECONDS" skipped=2 ]
03-02 11:37:17.014  1621  4426 D MiuiRefreshRatePolicy: reset
03-02 11:37:17.016  1621  4426 I BLASTSyncEngine: SyncGroup 10182:  Unfinished container:ActivityRecord{9880759 u0 com.miui.home/.launcher.Launcher t2}
03-02 11:37:17.016  1621  4426 I BLASTSyncEngine: isActivitySyncFinished isSyncFinished false ActivityRecord{9880759 u0 com.miui.home/.launcher.Launcher t2}
03-02 11:37:17.018  1621  4426 W WindowManager: Changing focus from null to Window{6009493 u0 com.google.android.googlequicksearchbox/com.google.android.apps.search.assistant.surfaces.voice.robin.ui.floaty.activity.FloatyActivity} displayId=0 Callers=com.android.server.wm.RootWindowContainer.updateFocusedWindowLocked:602 com.android.server.wm.WindowManagerService.updateFocusedWindowLocked:7168 com.android.server.wm.WindowManagerService.relayoutWindowInner:3076 com.android.server.wm.WindowManagerService.relayoutWindow:2724 
03-02 11:37:17.019  1621  4426 I whetstone.activity: Power Event callback listener is empty for resId=32
03-02 11:37:17.019  1621  4426 D BatteryStatsManagerStub: notifyEvent for resId=32 used 1ms
03-02 11:37:17.019  2363  2363 E StackScroller: updateSidePadding: viewWidth is zero
03-02 11:37:17.020   921  1170 I BufferQueueDebug: [Surface(name=5b2ee94 StatusBar#103)/@0xf6cf932 - animation-leash of insets_animation#134441](this:0xb400007bcec86838,id:-1,api:0,p:-1,c:-1) BufferQueue core=(921:/system/bin/surfaceflinger)
03-02 11:37:17.022   921  1170 I BufferQueueDebug: [Surface(name=77d8129 NavigationBar0#101614)/@0x3faba4f - animation-leash of insets_animation#134442](this:0xb400007bcec45048,id:-1,api:0,p:-1,c:-1) BufferQueue core=(921:/system/bin/surfaceflinger)
03-02 11:37:17.023 13966 13998 W aign    : #bnb# Bonobo client flag is not enabled
03-02 11:37:17.023 13966 13998 W aign    : #bnb# Permission status: Not eligible for Bonobo
03-02 11:37:17.024  1621  4426 D WindowManager: wms.Input focus has changed to Window{6009493 u0 com.google.android.googlequicksearchbox/com.google.android.apps.search.assistant.surfaces.voice.robin.ui.floaty.activity.FloatyActivity} display=0 updateInputWindows = true
03-02 11:37:17.025  1621  4426 I MultiSenceManagerInternalStub: getInstance
03-02 11:37:17.025  1999  1999 D ColorFilter: button width = 110 , button height = 110
03-02 11:37:17.025  1621  4426 I WindowManager: Relayout Window{6009493 u0 com.google.android.googlequicksearchbox/com.google.android.apps.search.assistant.surfaces.voice.robin.ui.floaty.activity.FloatyActivity}: oldVis=8 newVis=0 focusMayChange = true requestedWidth = 1080 requestedHeight = 2460 outFrames = ClientWindowFrames{frame=[0,0][1080,2460] display=[0,0][1080,2460] parentFrame=[0,0][0,0]} outSurfaceControl = Surface(name=com.google.android.googlequicksearchbox/com.google.android.apps.search.assistant.surfaces.voice.robin.ui.floaty.activity.FloatyActivity#134440)/@0x4c6c791
03-02 11:37:17.027  1621  1651 I ActivityTaskManager: visible for Task{9b18635 #37045 type=standard A=10337:com.softnation.Ojam} visible = true isAnimating = false TRANSITION = false PARENTS = false CHILDREN = false
03-02 11:37:17.028  4243 15996 W MQSEventManager: occur
03-02 11:37:17.028  1621  1640 D AudioSystem: +setParameters(): gamebooster=false 
03-02 11:37:17.028  1621  1640 D AudioSystem: start get log level!
03-02 11:37:17.030 13966 13966 D BufferQueueConsumer: [](id:368e0000000e,api:0,p:-1,c:13966) connect: controlledByApp=false
03-02 11:37:17.030  1999  1999 D ColorFilter: button width = 135 , button height = 110
03-02 11:37:17.030 13966 13966 D BLASTBufferQueue: [VRI[FloatyActivity]#14](f:0,a:0) constructor()
03-02 11:37:17.030 13966 13966 D BLASTBufferQueue: [VRI[FloatyActivity]#14](f:0,a:0) update width=1080 height=2460 format=-2 mTransformHint=0
03-02 11:37:17.030   843 14567 D AudioALSAHardware: +setParameters(): gamebooster=false
03-02 11:37:17.031  1621  1928 I MultiSenceManagerInternalStubImpl: packageName = com.google.android.googlequicksearchbox
03-02 11:37:17.031   843 14567 D AudioALSAHardware: -setParameters(): gamebooster=false
03-02 11:37:17.031  1621  1928 W ContextImpl: Calling a method in the system process without a qualified user: android.app.ContextImpl.sendBroadcast:1260 com.android.server.wm.MultiSenceManagerInternalStubImpl.sendFocusWindowsBroadcast:148 com.android.server.wm.MultiSenceManagerInternalStubImpl$UpdateScreenStatus.run:98 android.os.Handler.handleCallback:959 android.os.Handler.dispatchMessage:100 
03-02 11:37:17.031   843 14567 E AHAL_Module: setVendorParameters: default: unrecognized parameter "gamebooster=false"
03-02 11:37:17.032   894  1024 E ConversionHelperAidl: Function: parseAndSetVendorParameters Line: 97 Failed 
03-02 11:37:17.033 13966 13966 D VRI[FloatyActivity]: vri.reportNextDraw android.view.ViewRootImpl.performTraversals:4984 android.view.ViewRootImpl.doTraversal:3564 android.view.ViewRootImpl$TraversalRunnable.run:11781 android.view.Choreographer$CallbackRecord.run:1804 android.view.Choreographer$CallbackRecord.run:1813 
03-02 11:37:17.033   843 14567 D AHAL_ModuleBluetooth: setVendorParameters: parameter count 1, async: 0
03-02 11:37:17.033   843 14567 D AHAL_ModuleBluetooth: setVendorParameters: gamebooster=false
03-02 11:37:17.034  8942  8942 D BoundBrokerSvc: onBind: Intent { act=com.google.android.gms.measurement.START pkg=com.google.android.gms }
03-02 11:37:17.034  8942  8942 D BoundBrokerSvc: Loading bound service for intent: Intent { act=com.google.android.gms.measurement.START pkg=com.google.android.gms }
03-02 11:37:17.035 13966 13998 I allc    : ClockLookupExecutor is not enabled.
03-02 11:37:17.035  1621  1928 W ActivityManagerServiceImpl: Sending non-protected broadcast com.xiaomi.multisence.action.FOCUSED_CHANGE from system 1621:system/1000 pkg android. Callers=com.android.server.am.ActivityManagerService.checkBroadcastFromSystem:16365 com.android.server.am.ActivityManagerService.broadcastIntentLockedTraced:17236 com.android.server.am.ActivityManagerService.broadcastIntentLocked:16425 com.android.server.am.ActivityManagerService.broadcastIntentWithFeature:17459 android.app.ContextImpl.sendBroadcast:1264 
03-02 11:37:17.037 13966 13966 D VRI[FloatyActivity]: Setup new sync=wmsSync-VRI[FloatyActivity]#28
03-02 11:37:17.038  1999  1999 D ColorFilter: button width = 135 , button height = 110
03-02 11:37:17.038  1999  1999 D ColorFilter: button width = 135 , button height = 110
03-02 11:37:17.038  1999  1999 D ColorFilter: button width = 135 , button height = 110
03-02 11:37:17.038  1999  1999 D ColorFilter: button width = 135 , button height = 110
03-02 11:37:17.038  1621  1651 I ActivityTaskManager: visible for Task{9b18635 #37045 type=standard A=10337:com.softnation.Ojam} visible = true isAnimating = false TRANSITION = false PARENTS = false CHILDREN = false
03-02 11:37:17.038  1999  1999 D ColorFilter: button width = 135 , button height = 110
03-02 11:37:17.039  1621  1651 D SurfaceComposerClient: Transaction::apply InputWindowCommands.focusRequests timestamp=613030582666923, windowName=6009493 com.google.android.googlequicksearchbox/com.google.android.apps.search.assistant.surfaces.voice.robin.ui.floaty.activity.FloatyActivity
03-02 11:37:17.039  1999  1999 D VRI[Launcher]: vri.reportNextDraw android.view.ViewRootImpl.performTraversals:4984 android.view.ViewRootImpl.doTraversal:3564 android.view.ViewRootImpl$TraversalRunnable.run:11781 android.view.Choreographer$CallbackRecord.run:1804 android.view.Choreographer$CallbackRecord.run:1813 
03-02 11:37:17.039  1999  1999 D VRI[Launcher]: Setup new sync=wmsSync-VRI[Launcher]#36
03-02 11:37:17.040 13966 13998 I afwc    : (REDACTED) FCF System FeatureName to check: %s
03-02 11:37:17.041 13966 13998 I afwc    : (REDACTED) FCF: Device model check status : %s
03-02 11:37:17.047  6027  6027 I IMiChargeUtils: getIMiChargeStringValue method:getBatteryChargeType,value:USB
03-02 11:37:17.047  6027  6027 I IMiChargeUtils: getBatteryChargeType : USB
03-02 11:37:17.047  6027  6027 I ChargeTimeUtilsV2: chargeType:USB
03-02 11:37:17.047  6027  6027 I PowerFeatureUtils: getVendorName:mediatek
03-02 11:37:17.047  6027  6027 I PowerFeatureUtils: getVendorName:mediatek
03-02 11:37:17.051   921   921 I BufferQueueProducer: [NavigationBar0#101619](this:0xb400007bced454e8,id:-1,api:0,p:-1,c:921) queueBuffer: fps=0.15 dur=186936.94 max=186487.35 min=16.27
03-02 11:37:17.051   921   921 D SurfaceFlinger: Focus addInputWindowCommands timestamp=613030582666923, windowName=6009493 com.google.android.googlequicksearchbox/com.google.android.apps.search.assistant.surfaces.voice.robin.ui.floaty.activity.FloatyActivity
03-02 11:37:17.052  1621  1621 D UiModeManager: updateConfigurationLocked: mDockState=0; mCarMode=false; mCar=false; mPowerSave=false; mOverrideNightModeOn=false; mOverrideNightModeOff=false; mComputedNightMode=true; mNightModeValue=2; uiMode=42
03-02 11:37:17.053  1999  1999 D DragContainerLayout: dispatch draw with clip rect: null
03-02 11:37:17.056  2363  2363 D HideDeletedFocusController: onNotificationRemoved 8 0|com.softnation.Ojam|1001|null|10337
03-02 11:37:17.058   921  1483 D SurfaceFlinger: updateWinowInfo=1, setFocusedWindow timestamp=613030582666923, windowName=6009493 com.google.android.googlequicksearchbox/com.google.android.apps.search.assistant.surfaces.voice.robin.ui.floaty.activity.FloatyActivity
03-02 11:37:17.060  2363  2363 D MiuiBubbleManager: onEntryRemoved: com.android.systemui.statusbar.notification.collection.NotificationEntry@6b9ba6e
03-02 11:37:17.067  1621  1621 D UiModeManager: updateConfigurationLocked: mDockState=0; mCarMode=false; mCar=false; mPowerSave=false; mOverrideNightModeOn=false; mOverrideNightModeOff=false; mComputedNightMode=true; mNightModeValue=2; uiMode=42
03-02 11:37:17.067 13966 13998 I alwd    : (REDACTED) getRequiredCapabilities: Providing screen context, uiSource=%s
03-02 11:37:17.069  1621  1894 D GreezeManager:  report signal uid = 10337 pid = 25110is not frozen.
03-02 11:37:17.076  6027  6027 I PowerSaveService: onReceive: android.intent.action.BATTERY_CHANGED
03-02 11:37:17.077  6027  6027 I PowerNoticeUI: handleBatteryChanged oldPlugType 2 mPlugType 2 oldBatteryLevel 44 mBatteryLevel 44 temperature 400
03-02 11:37:17.077  1621  2192 W ActivityManagerServiceImpl: Sending non-protected broadcast android.intent.action.APPLICATION_MESSAGE_UPDATE from system 2363:com.android.systemui/1000 pkg com.android.systemui. Callers=
03-02 11:37:17.078  1621  1666 I SmartPower: com.miui.home/10166(1999): idle->background(2415ms) R(broadcast start Intent { act=android.intent.action.APPLICATION_MESSAGE_UPDATE flg=0x10 pkg=com.miui.home (has extras) }) adj=100.
03-02 11:37:17.079  6515  8177 D PowerCheckerService: onBatteryChanged, mBatteryLevel = 44, status = 2, level = 44, plug = 2, scale = 100
03-02 11:37:17.079  6027  6027 I ChargerBatteryIntelligenceReceiver: onBatteryChanged temperature∩╝Ü40,plugType:2
03-02 11:37:17.079  6027  6027 D BaseChargeProtect_HighTemp: mCountByMinute:0,isScreenOn:true
03-02 11:37:17.083 13966 13998 I djzh    : (REDACTED) isAppDefaultAssistant setting: %s
03-02 11:37:17.083 13966 13998 I djzh    : (REDACTED) isAppDefaultAssistant defaultComponentName: %s
03-02 11:37:17.087  6027  6027 I android_os_HwBinder: HwBinder: Starting thread pool for getting: vendor.xiaomi.hardware.micharge@1.0::IMiCharge/default
03-02 11:37:17.089  6515  8142 D PowerKeeper.Thermal: mBatteryTemperature: 40
03-02 11:37:17.092   872   908 I vendor.xiaomi.hardware.micharge@1.0-service: ReadFilePathValue path = /sys/class/power_supply/usb/real_type value = USB
03-02 11:37:17.092  1141  7637 E IPCThreadState: Binder transaction failure. id: 355961571, BR_*: 29201, error: -1 (Operation not permitted)
03-02 11:37:17.092  6515  6997 I ProcAudioPowerManager: onBatteryChanged, onBattery is false
03-02 11:37:17.093  1141  7637 W BpBinder: Large or Failed outgoing transaction of 108 bytes, interface descriptor , code 1
03-02 11:37:17.093  6515  6997 D PowerKeeper.FrozenApp: onBatteryChanged plug=true mBatteryPlugged=2
03-02 11:37:17.095 13966 13998 I djzh    : (REDACTED) isAppDefaultAssistant setting: %s
03-02 11:37:17.095 13966 13998 I djzh    : (REDACTED) isAppDefaultAssistant defaultComponentName: %s
03-02 11:37:17.097  1999  2551 D BLASTBufferQueue: [VRI[Launcher]#1205](f:0,a:1) acquireNextBufferLocked size=1080x2460 mFrameNumber=1 applyTransaction=true mTimestamp=613030645127538(auto) mPendingTransactions.size=0 graphicBufferId=8585639639174 transform=0
03-02 11:37:17.097  6027  6027 I IMiChargeUtils: getIMiChargeStringValue method:getBatteryChargeType,value:USB
03-02 11:37:17.097  6027  6027 I IMiChargeUtils: getBatteryChargeType : USB
03-02 11:37:17.097  6027  6027 I ChargeTimeUtilsV2: chargeType:USB
03-02 11:37:17.097  6027  6027 I PowerFeatureUtils: getVendorName:mediatek
03-02 11:37:17.097  6027  6027 I PowerFeatureUtils: getVendorName:mediatek
03-02 11:37:17.100  1999  1999 D VRI[Launcher]: vri.reportDrawFinished
03-02 11:37:17.101  1621  2197 D WindowManager: wms.finishDrawingLocked: mDrawState=COMMIT_DRAW_PENDING Window{d85ca12 u0 com.miui.home/com.miui.home.launcher.Launcher} in Surface(name=com.miui.home/com.miui.home.launcher.Launcher#134439)/@0xef99cf4
03-02 11:37:17.103 13966 13998 I djzh    : (REDACTED) isAppDefaultAssistant setting: %s
03-02 11:37:17.104 13966 13998 I djzh    : (REDACTED) isAppDefaultAssistant defaultComponentName: %s
03-02 11:37:17.104  1999  1999 D RecentsImpl: mActivityStateObserver com.google.android.apps.search.assistant.surfaces.voice.robin.ui.floaty.activity.FloatyActivity
03-02 11:37:17.104  1999  1999 W RecentsImpl: onResumed className=com.google.android.apps.search.assistant.surfaces.voice.robin.ui.floaty.activity.FloatyActivity   forceUpdate=false   mIsInAnotherPro=false   isKeyguardLocked=false   mIsStatusBarExpansion=false   mSecuritySpaceGuideShown=false
03-02 11:37:17.105  1999  1999 D TouchInteractionService: onSystemUiFlagsChanged, mSystemUiStateFlags=10020000
03-02 11:37:17.105  1999 17839 I Launcher.ApplicationsMessage: onReceive true
03-02 11:37:17.105  1999 17839 I Launcher.ApplicationsMessage: update com.softnation.Ojam/ to null
03-02 11:37:17.106  1999  1999 D ShortcutIcon: setMessage textnull
03-02 11:37:17.106 13966 13998 I alhs    : CreateCalendarEventExecutor is not enabled.
03-02 11:37:17.106  1621  1651 D MiuiRefreshRatePolicy: reset
03-02 11:37:17.106 13966 13998 I alil    : DeleteNoteExecutor is not enabled.
03-02 11:37:17.106 13966 13998 I aljv    : UpdateNoteExecutor is not enabled.
03-02 11:37:17.106  1999  1999 D LauncherClient.Service: service already connected:com.mi.globalminusscreen
03-02 11:37:17.106 13966 13998 I aljv    : UpdateNoteExecutor is not enabled.
03-02 11:37:17.107 13966 13998 I djzh    : (REDACTED) isAppDefaultAssistant setting: %s
03-02 11:37:17.107 13966 13998 I djzh    : (REDACTED) isAppDefaultAssistant defaultComponentName: %s
03-02 11:37:17.108  1621  1651 I BLASTSyncEngine: SyncGroup 10182:  Unfinished container:ActivityRecord{6d71709 u0 com.google.android.googlequicksearchbox/com.google.android.apps.search.assistant.surfaces.voice.robin.ui.floaty.activity.FloatyActivity t37027}
03-02 11:37:17.108  1621  1651 I BLASTSyncEngine: isActivitySyncFinished isSyncFinished false ActivityRecord{6d71709 u0 com.google.android.googlequicksearchbox/com.google.android.apps.search.assistant.surfaces.voice.robin.ui.floaty.activity.FloatyActivity t37027}
03-02 11:37:17.109  1621  1651 D MiuiRefreshRatePolicy: reset
03-02 11:37:17.110 13966 13998 I aodf    : #getOobeStatus: OptedIn [CONTEXT ratelimit_period="10 SECONDS" skipped=11 ]
03-02 11:37:17.110 13966 13998 I afze    : (REDACTED) #FCF: Managed profile check status : %s
03-02 11:37:17.110  1621  1651 I BLASTSyncEngine: SyncGroup 10182:  Unfinished container:ActivityRecord{6d71709 u0 com.google.android.googlequicksearchbox/com.google.android.apps.search.assistant.surfaces.voice.robin.ui.floaty.activity.FloatyActivity t37027}
03-02 11:37:17.110  1621  1651 I BLASTSyncEngine: isActivitySyncFinished isSyncFinished false ActivityRecord{6d71709 u0 com.google.android.googlequicksearchbox/com.google.android.apps.search.assistant.surfaces.voice.robin.ui.floaty.activity.FloatyActivity t37027}
03-02 11:37:17.116  1621  1651 I ActivityTaskManager: visible for Task{9b18635 #37045 type=standard A=10337:com.softnation.Ojam} visible = true isAnimating = false TRANSITION = false PARENTS = false CHILDREN = false
03-02 11:37:17.120 13966  4712 D BLASTBufferQueue: [VRI[FloatyActivity]#14](f:0,a:1) acquireNextBufferLocked size=1080x2460 mFrameNumber=1 applyTransaction=true mTimestamp=613030668454615(auto) mPendingTransactions.size=0 graphicBufferId=59983513256026 transform=0
03-02 11:37:17.122 13966 13966 D VRI[FloatyActivity]: vri.reportDrawFinished
03-02 11:37:17.123  1621  5056 D WindowManager: wms.finishDrawingLocked: mDrawState=COMMIT_DRAW_PENDING Window{6009493 u0 com.google.android.googlequicksearchbox/com.google.android.apps.search.assistant.surfaces.voice.robin.ui.floaty.activity.FloatyActivity} in Surface(name=com.google.android.googlequicksearchbox/com.google.android.apps.search.assistant.surfaces.voice.robin.ui.floaty.activity.FloatyActivity#134440)/@0xc6f422a
03-02 11:37:17.124  1621  1651 D MiuiRefreshRatePolicy: reset
03-02 11:37:17.127  1621  1651 I SmartPower: com.miui.home/10166(1999): background->visible(49ms) R(become visible) adj=100.
03-02 11:37:17.128  1621  1651 I WindowManager: wms.showSurfaceRobustly mWin:Window{67c25e3 u0 LauncherMinusOneScreen}
03-02 11:37:17.128  1621  1651 I WindowManager: wms.showSurfaceRobustly mWin:Window{ff9cdea u0 LauncherOverlayWindow:com.mi.globalminusscreen}
03-02 11:37:17.128  1621  1651 I WindowManager: wms.showSurfaceRobustly mWin:Window{d85ca12 u0 com.miui.home/com.miui.home.launcher.Launcher}
03-02 11:37:17.128  1621  1651 I SmartPower: com.google.android.googlequicksearchbox:search/10165(13966): invisible->visible(238ms) R(become visible) adj=0.
03-02 11:37:17.128  1621  1651 I WindowManager: wms.showSurfaceRobustly mWin:Window{6009493 u0 com.google.android.googlequicksearchbox/com.google.android.apps.search.assistant.surfaces.voice.robin.ui.floaty.activity.FloatyActivity}
03-02 11:37:17.128  1621  1922 I SmartPower: com.google.android.gms/10147(8942): idle->background(24852ms) R(add to whitelist) adj=250.
03-02 11:37:17.129  1621  1651 D WindowManager: Final targets: [Task{ba1f32f #37027 type=standard I=com.google.android.googlequicksearchbox/com.google.android.apps.search.assistant.surfaces.voice.robin.ui.floaty.activity.FloatyActivity}, Task{9b18635 #37045 type=standard A=10337:com.softnation.Ojam}, Task{d151cdd #1 type=home}, WallpaperWindowToken{2d6d85a token=android.os.Binder@8dfa005}, WallpaperWindowToken{d3319dd token=android.os.Binder@113b9b4}]
03-02 11:37:17.129   921  1170 I BufferQueueDebug: [Transition Root #10182: Task=37027#134443](this:0xb400007bcecab888,id:-1,api:0,p:-1,c:-1) BufferQueue core=(921:/system/bin/surfaceflinger)
03-02 11:37:17.138 13966 13966 I aoik    : Refreshing settings on activity start
03-02 11:37:17.144  2363  2477 I MultiTaskingTaskRepository: needSkip: is home task
03-02 11:37:17.144  2363  2477 W MultiTaskingTaskRepository: putOrUpdateTaskInfo skip
03-02 11:37:17.144  2363  2477 I MultiTaskingTaskRepository: needSkip: is home task
03-02 11:37:17.144  2363  2477 W MultiTaskingTaskRepository: onToBackTransitionReady putOrUpdateTaskInfo skip
03-02 11:37:17.144  2363  2477 D MultiTaskingTaskRepository: addOrMoveFullscreenTaskToTop taskId=37027
03-02 11:37:17.145  2363  2477 I ShellTransitions: Is abandon offsetY: false
03-02 11:37:17.145  2363  2477 I ShellTransitions: Is abandon offsetY: false
03-02 11:37:17.145  2363  2477 I ShellTransitions: Is abandon offsetY: false
03-02 11:37:17.145  2363  2477 I ShellTransitions: Is abandon offsetY: false
03-02 11:37:17.145  2363  2477 I ShellTransitions: Is abandon offsetY: false
03-02 11:37:17.146  2363  2477 E KeyguardTransitionHandlerImpl: activityCount = 0
03-02 11:37:17.146  2363  2477 E KeyguardTransitionHandlerImpl: activityCount = 0
03-02 11:37:17.146  2363  2477 D MiuiFreeformModeAnimation: startAnimation change: {WCT{android.window.IWindowContainerToken$Stub$Proxy@1a7f782} m=TO_FRONT f=TRANSLUCENT|MOVE_TO_TOP leash=Surface(name=Task=37027#133407)/@0xb1ea0b8 sb=Rect(0, 0 - 1080, 2460) eb=Rect(0, 0 - 1080, 2460) d=0 taskParent=-1} info.getType(): 2
03-02 11:37:17.146  2363  2477 D MiuiFreeformModeAnimation: startAnimation change: {WCT{android.window.IWindowContainerToken$Stub$Proxy@27a2e93} m=CLOSE f=NONE leash=Surface(name=Task=37045#134384)/@0x752ae91 sb=Rect(0, 0 - 1080, 2460) eb=Rect(0, 0 - 1080, 2460) d=0 taskParent=-1} info.getType(): 2
03-02 11:37:17.147  2363  2477 D MiuiFreeformModeAnimation: startAnimation change: {WCT{android.window.IWindowContainerToken$Stub$Proxy@e8ced0} m=TO_FRONT f=SHOW_WALLPAPER leash=Surface(name=Task=1#47)/@0x48ab1f6 sb=Rect(0, 0 - 1080, 2460) eb=Rect(0, 0 - 1080, 2460) d=0 taskParent=-1} info.getType(): 2
03-02 11:37:17.147  2363  2477 D MiuiFreeformModeAnimation: startAnimation change: {null m=TO_FRONT f=IS_WALLPAPER leash=Surface(name=WallpaperWindowToken{2d6d85a token=android.os.Binder@8dfa005}#66)/@0xb8ae9f7 sb=Rect(0, 0 - 1080, 2460) eb=Rect(0, 0 - 1080, 2460) d=0} info.getType(): 2
03-02 11:37:17.147  2363  2477 D MiuiFreeformModeAnimation: startAnimation change: {null m=TO_FRONT f=IS_WALLPAPER|IS_OCCLUDED leash=Surface(name=WallpaperWindowToken{d3319dd token=android.os.Binder@113b9b4}#64)/@0x9791064 sb=Rect(0, 0 - 1080, 2460) eb=Rect(0, 0 - 1080, 2460) d=0} info.getType(): 2
03-02 11:37:17.147  2363  2477 D SoScStageCoordinator: inCloseTransition:false pairsStartedWithCloseTransition:false isRequestCloseTriggerTask:false inSingleSoScState:false inSoScUnactivie:true closeStage:null
03-02 11:37:17.149  2363  2477 D TransitionAnimationHelper:  load default animation  type = 2 enter = true animAttr = 16 isTask = true translucent = false
03-02 11:37:17.153 13966 13966 I aznq    : (REDACTED) responseState: %s
03-02 11:37:17.154 13966 13966 I alzl    : (REDACTED) User SuwTosStatus: %s
03-02 11:37:17.154  2363  2477 D TransitionAnimationHelper:  load default animation  type = 2 enter = false animAttr = 17 isTask = true translucent = false
03-02 11:37:17.154 13966 13966 I alzl    : (REDACTED) shouldSkipBannerForRowSuw: %s
03-02 11:37:17.154 13966 13966 I amaf    : Samsung fast track experience disabled (not Samsung device).
03-02 11:37:17.154 13966 13966 I alzl    : Fast track banner was already dismissed.
03-02 11:37:17.154 13966 13966 I asio    : (REDACTED) updateIsFastTrackBannerVisible - isFastTrackBannerVisible : %s
03-02 11:37:17.154 13966 13966 I Ma-Robin-ScreenContextViewModel: (REDACTED) screenContextAttachmentState: %s
03-02 11:37:17.155 13966 13966 I Ma-Robin-ScreenContextViewModel: (REDACTED) buttonVisibilityStatus: %s
03-02 11:37:17.156  1621  1651 D WindowManager: snapshot isNothing = false source = Task{9b18635 #37045 type=standard A=10337:com.softnation.Ojam}
03-02 11:37:17.160  2363  2477 D TransitionAnimationHelper:  load default animation  type = 2 enter = true animAttr = 16 isTask = true translucent = false
03-02 11:37:17.160  1621  1651 D MiuiRefreshRatePolicy: reset
03-02 11:37:17.164 13966 13966 I aydv    : (REDACTED) setDisclaimerVisibility: %s
03-02 11:37:17.164  2363  2477 I MultiTaskingTaskRepository: needSkip: is home task
03-02 11:37:17.165  2363  2477 D MiuiFreeformModeController: onFocusTaskChanged taskInfo: TaskInfo{userId=0 taskId=1 displayId=0 isRunning=true baseIntent=Intent { act=android.intent.action.MAIN cat=[android.intent.category.HOME] flg=0x10000100 cmp=com.miui.home/.launcher.Launcher } baseActivity=ComponentInfo{com.miui.home/com.miui.home.launcher.Launcher} topActivity=ComponentInfo{com.miui.home/com.miui.home.launcher.Launcher} origActivity=null realActivity=null numActivities=1 lastActiveTime=42083 supportsSplitScreenMultiWindow=true supportsMultiWindow=true resizeMode=2 isResizeable=true minWidth=-1 minHeight=-1 defaultMinSize=200 token=WCT{android.window.IWindowContainerToken$Stub$Proxy@d7a7e8} topActivityType=2 pictureInPictureParams=null shouldDockBigOverlays=false launchIntoPipHostTaskId=-1 lastParentTaskIdBeforePip=-1 displayCutoutSafeInsets=null topActivityInfo=ActivityInfo{66b5e01 com.miui.home.launcher.Launcher} launchCookies=[] positionInParent=Point(0, 0) parentTaskId=-1 isFocused=false isVisible=true isVisibleRequested=true isSleeping=false locusId=null displayAreaFeatureId=1 isTopActivityTransparent=false appCompatTaskInfo=AppCompatTaskInfo { topActivityInSizeCompat=false topActivityEligibleForLetterboxEducation= falseisLetterboxEducationEnabled= false isLetterboxDoubleTapEnabled= false topActivityEligibleForUserAspectRatioButton= false topActivityBoundsLetterboxed= false isFromLetterboxDoubleTap= false topActivityLetterboxVerticalPosition= -1 topActivityLetterboxHorizontalPosition= -1 topActivityLetterboxWidth=1080 topActivityLetterboxHeight=2460 isUserFullscreenOverrideEnabled=false isSystemFullscreenOverrideEnabled=false cameraCompatTaskInfo=CameraCompatTaskInfo { cameraCompatControlState=hidden freeformCameraCompatMode=inactive}} isImmersive=false mTopActivityRequestOrientation=-2 mBehindAppLockPkg=null mOriginatingUid=0 isEmbedded=false shouldBeVisible=true mIsCastMode=false mTopActivityMediaSize=null mTopActivityRecordName=ActivityRecord{9880759 u0 com.miui.home/.launcher.Launcher t2} mTopActivityOrientation=1}
03-02 11:37:17.165  2363  2477 D MultiTaskingTaskRepository: addOrMoveFullscreenTaskToTop taskId=37027
03-02 11:37:17.165  2363  2477 D MiuiFreeformModeCornerTipHandler: task#37027 onTaskVanished
03-02 11:37:17.165  2363  2477 I MiuiBubbleController: removeBubble: 37027 reason=2
03-02 11:37:17.165  2363  2477 I MultiTaskingTaskRepository: onTaskInfoChanged multi list = [5, 4], full = [37027, 37045, 37019, 36980]
03-02 11:37:17.166  2363  2477 D MiuiFreeformModeController: onFocusTaskChanged taskInfo: TaskInfo{userId=0 taskId=37027 displayId=0 isRunning=true baseIntent=Intent { flg=0x14850000 pkg=com.google.android.googlequicksearchbox cmp=com.google.android.googlequicksearchbox/com.google.android.apps.search.assistant.surfaces.voice.robin.ui.floaty.activity.FloatyActivity } baseActivity=ComponentInfo{com.google.android.googlequicksearchbox/com.google.android.apps.search.assistant.surfaces.voice.robin.ui.floaty.activity.FloatyActivity} topActivity=ComponentInfo{com.google.android.googlequicksearchbox/com.google.android.apps.search.assistant.surfaces.voice.robin.ui.floaty.activity.FloatyActivity} origActivity=null realActivity=ComponentInfo{com.google.android.googlequicksearchbox/com.google.android.apps.search.assistant.surfaces.voice.robin.ui.floaty.activity.FloatyActivity} numActivities=1 lastActiveTime=1030796305 supportsSplitScreenMultiWindow=true supportsMultiWindow=true resizeMode=2 isResizeable=true minWidth=-1 minHeight=-1 defaultMinSize=200 token=WCT{android.window.IWindowContainerToken$Stub$Proxy@82184a6} topActivityType=1 pictureInPictureParams=null shouldDockBigOverlays=false launchIntoPipHostTaskId=-1 lastParentTaskIdBeforePip=-1 displayCutoutSafeInsets=null topActivityInfo=ActivityInfo{b143ee7 com.google.android.apps.search.assistant.surfaces.voice.robin.ui.floaty.activity.FloatyActivity} launchCookies=[] positionInParent=Point(0, 0) parentTaskId=-1 isFocused=true isVisible=true isVisibleRequested=true isSleeping=false locusId=null displayAreaFeatureId=1 isTopActivityTransparent=true appCompatTaskInfo=AppCompatTaskInfo { topActivityInSizeCompat=false topActivityEligibleForLetterboxEducation= falseisLetterboxEducationEnabled= false isLetterboxDoubleTapEnabled= false topActivityEligibleForUserAspectRatioButton= false topActivityBoundsLetterboxed= false isFromLetterboxDoubleTap= false topActivityLetterboxVerticalPosition= -1 topActivityLetterboxHorizontalPosition= -1 topActivityLetterboxWidth=1080 topActivityLetterboxHeight=2460 isUserFullscreenOverrideEnabled=false isSystemFullscreenOverrideEnabled=false cameraCompatTaskInfo=CameraCompatTaskInfo { cameraCompatControlState=hidden freeformCameraCompatMode=inactive}} isImmersive=false mTopActivityRequestOrientation=-2 mBehindAppLockPkg=null mOriginatingUid=0 isEmbedded=false shouldBeVisible=true mIsCastMode=false mTopActivityMediaSize=null mTopActivityRecordName=ActivityRecord{6d71709 u0 com.google.android.googlequicksearchbox/com.google.android.apps.search.assistant.surfaces.voice.robin.ui.floaty.activity.FloatyActivity t37027} mTopActivityOrientation=-1}
03-02 11:37:17.166 13966  4808 V ClearcutMetricXmitter: Transmission is done.
03-02 11:37:17.166  2363  2540 D ShellTransitions: speed ui!!!!!!!!!!!
03-02 11:37:17.167   921  1170 I BufferQueueDebug: [b724b3 ActivityRecordInputSink com.miui.home/.launcher.Launcher#134444](this:0xb400007bcecc5298,id:-1,api:0,p:-1,c:-1) BufferQueue core=(921:/system/bin/surfaceflinger)
03-02 11:37:17.167  1999  1817 D EventBus: No subscribers registered for event class com.miui.home.recents.messages.RecentTasksChangedEvent
03-02 11:37:17.168  1999  1817 D EventBus: No subscribers registered for event class org.greenrobot.eventbus.NoSubscriberEvent
03-02 11:37:17.168  1999  1817 D EventBus: No subscribers registered for event class com.miui.home.recents.messages.RecentTasksChangedEvent
03-02 11:37:17.168  1999  1817 D EventBus: No subscribers registered for event class org.greenrobot.eventbus.NoSubscriberEvent
03-02 11:37:17.168  1999  2684 D RecentsModel: onTaskStackChangedBackground    MSG_TASK_STACK_CHANGE
03-02 11:37:17.168  1999  2684 D RecentsModel: boostTaskStackChangedThread, don't boost
03-02 11:37:17.169  1621  1651 I ActivityTaskManager: visible for Task{27e6aff #2 type=home I=com.miui.home/.launcher.Launcher} visible = true isAnimating = false TRANSITION = false PARENTS = false CHILDREN = false
03-02 11:37:17.169   921  1170 I BufferQueueDebug: [cb85cd3 ActivityRecordInputSink com.google.android.googlequicksearchbox/com.google.android.apps.search.assistant.surfaces.voice.robin.ui.floaty.activity.FloatyActivity#134445](this:0xb400007bcecc2508,id:-1,api:0,p:-1,c:-1) BufferQueue core=(921:/system/bin/surfaceflinger)
03-02 11:37:17.174  1999  1999 D TaskSnapshotCompatVV: getIsInvalidateFromTaskSnapshot, isInvalidate=false
03-02 11:37:17.174  1621  5056 I ATMSImpl: cacheTasksForDefaultDisplay size=4
03-02 11:37:17.175  1999  1999 D EventBus: No subscribers registered for event class com.miui.home.recents.messages.TaskSnapshotChangedEvent
03-02 11:37:17.175  1999  1999 D EventBus: No subscribers registered for event class org.greenrobot.eventbus.NoSubscriberEvent
03-02 11:37:17.177  1999  2684 D RecentsModel: getRunningTask ignoreActivityType : 2 ,ignoreWindowMode:5
03-02 11:37:17.177  1999  2684 W RecentsModel: getRunningTask   taskInfo=TaskInfo{userId=0 taskId=37027 displayId=0 isRunning=true baseIntent=Intent { flg=0x14850000 pkg=com.google.android.googlequicksearchbox cmp=com.google.android.googlequicksearchbox/com.google.android.apps.search.assistant.surfaces.voice.robin.ui.floaty.activity.FloatyActivity } baseActivity=ComponentInfo{com.google.android.googlequicksearchbox/com.google.android.apps.search.assistant.surfaces.voice.robin.ui.floaty.activity.FloatyActivity} topActivity=ComponentInfo{com.google.android.googlequicksearchbox/com.google.android.apps.search.assistant.surfaces.voice.robin.ui.floaty.activity.FloatyActivity} origActivity=null realActivity=ComponentInfo{com.google.android.googlequicksearchbox/com.google.android.apps.search.assistant.surfaces.voice.robin.ui.floaty.activity.FloatyActivity} numActivities=1 lastActiveTime=1030796596 supportsSplitScreenMultiWindow=true supportsMultiWindow=true resizeMode=2 isResizeable=true minWidth=-1 minHeight=-1 defaultMinSize=200 token=WCT{android.window.IWindowContainerToken$Stub$Proxy@f01b5ac} topActivityType=1 pictureInPictureParams=null shouldDockBigOverlays=false launchIntoPipHostTaskId=-1 lastParentTaskIdBeforePip=-1 displayCutoutSafeInsets=null topActivityInfo=ActivityInfo{81cf275 com.google.android.apps.search.assistant.surfaces.voice.robin.ui.floaty.activity.FloatyActivity} launchCookies=[] positionInParent=Point(0, 0) parentTaskId=-1 isFocused=true isVisible=true isVisibleRequested=true isSleeping=false locusId=null displayAreaFeatureId=1 isTopActivityTransparent=true appCompatTaskInfo=AppCompatTaskInfo { topActivityInSizeCompat=false topActivityEligibleForLetterboxEducation= falseisLetterboxEducationEnabled= false isLetterboxDoubleTapEnabled= false topActivityEligibleForUserAspectRatioButton= false topActivityBoundsLetterboxed= false isFromLetterboxDoubleTap= false topActivityLetterboxVerticalPosition= -1 topActivityLetterboxHorizontalPosition= -1 topActivityLetterboxWidth=1080 topActivityLetterboxHeight=2460 isUserFullscreenOverrideEnabled=false isSystemFullscreenOverrideEnabled=false cameraCompatTaskInfo=CameraCompatTaskInfo { cameraCompatControlState=hidden freeformCameraCompatMode=inactive}} isImmersive=false mTopActivityRequestOrientation=-2 mBehindAppLockPkg=null mOriginatingUid=0 isEmbedded=false shouldBeVisible=true mIsCastMode=false mTopActivityMediaSize=null mTopActivityRecordName=ActivityRecord{6d71709 u0 com.google.android.googlequicksearchbox/com.google.android.apps.search.assistant.surfaces.voice.robin.ui.floaty.activity.FloatyActivity t37027} mTopActivityOrientation=-1}
03-02 11:37:17.178  1999  2684 D RecentsModel: preloadRecents runningTaskId:37027, mCurrentRunningTaskId:-1, mRecentsTaskLoadPlan=com.android.systemui.shared.recents.model.RecentsTaskLoadPlan@1b1120a
03-02 11:37:17.178  1621  2197 W UserManagerService: Requested status bar icon for non-badged user 0
03-02 11:37:17.179  1999  2684 E ActivityManagerWrapper: get all recent tasks force including 37027
03-02 11:37:17.189  1999  2684 D ActivityManagerWrapper: groupedRecentTaskInfoCompat.getMainTaskId :37027, isExcluded is True
03-02 11:37:17.189  1999  2684 E ActivityManagerWrapper: getRecentTasksForceIncludingTaskIdIfValid: getRecentTasks: size=4
03-02 11:37:17.189  1999  2684 E ActivityManagerWrapper:  mainTaskId=37027   userId=0   windowMode=1   baseIntent=Intent { act=null flag=344260608 cmp=ComponentInfo{com.google.android.googlequicksearchbox/com.google.android.apps.search.assistant.surfaces.voice.robin.ui.floaty.activity.FloatyActivity} }
03-02 11:37:17.189  1999  2684 E ActivityManagerWrapper:  mainTaskId=37045   userId=0   windowMode=1   baseIntent=Intent { act=null flag=268435456 cmp=ComponentInfo{com.softnation.Ojam/com.softnation.Ojam.MainActivity} }
03-02 11:37:17.189  1999  2684 E ActivityManagerWrapper:  mainTaskId=37019   userId=0   windowMode=1   baseIntent=Intent { act=null flag=268435456 cmp=ComponentInfo{com.whatsapp/com.whatsapp.home.ui.HomeActivity} }
03-02 11:37:17.189  1999  2684 E ActivityManagerWrapper:  mainTaskId=36980   userId=0   windowMode=1   baseIntent=Intent { act=android.intent.action.MAIN flag=270532608 cmp=ComponentInfo{com.twitter.android/com.twitter.android.StartActivity} }
03-02 11:37:17.191 13966 13966 I HandWritingStubImpl: refreshLastKeyboardType: 1
03-02 11:37:17.191 13966 13966 I HandWritingStubImpl: getCurrentKeyboardType: 1
03-02 11:37:17.192  1621  1806 I ImeTracker: com.google.android.googlequicksearchbox:4d0ffe98: onRequestHide at ORIGIN_SERVER reason HIDE_UNSPECIFIED_WINDOW fromUser false
03-02 11:37:17.193  6515 10078 D MirrorManager:  sendAcceptInput 0 0
03-02 11:37:17.193  1621  1806 I ImeTracker: com.google.android.googlequicksearchbox:4d0ffe98: onCancelled at PHASE_SERVER_SHOULD_HIDE
03-02 11:37:17.194  1621  1806 W IPCThreadState: Sending oneway calls to frozen process.
03-02 11:37:17.194  1621  1806 W IPCThreadState: Sending oneway calls to frozen process.
03-02 11:37:17.197 13966 13966 I aoyz    : Successfully executed activity foreground action
03-02 11:37:17.200  2526  2526 I GoogleInputMethodService: GoogleInputMethodService.onFinishInput():2113 
03-02 11:37:17.200 13966 13966 I arvn    : Keyboard hidden. Hiding extension suggestions.
03-02 11:37:17.201  2526  2526 I Module  : DeviceLockedStatusModuleProvider$Module.updateDeviceLockedStatus():103 repeatCheckTimes = 0, locked = false
03-02 11:37:17.202   921  1170 I BufferQueueDebug: [Surface(name=751ea6d InputMethod#71915)/@0xaafc069 - animation-leash of insets_animation#134446](this:0xb400007bceca2fd8,id:-1,api:0,p:-1,c:-1) BufferQueue core=(921:/system/bin/surfaceflinger)
03-02 11:37:17.203  2526  2526 I GoogleInputMethodService: GoogleInputMethodService.onStartInput():1384 onStartInput(EditorInfo{EditorInfo{packageName=com.google.android.googlequicksearchbox, inputType=0, inputTypeString=NULL, enableLearning=false, autoCorrection=false, autoComplete=false, imeOptions=0, privateImeOptions=null, actionName=UNSPECIFIED, actionLabel=null, initialSelStart=-1, initialSelEnd=-1, initialCapsMode=0, label=null, fieldId=0, fieldName=null, extras=Bundle[mParcelledData.dataSize=72], hintText=null, hintLocales=[]}}, false)
03-02 11:37:17.205  1621  1651 D MiuiRefreshRatePolicy: reset
03-02 11:37:17.205  2526  2526 I Module  : DeviceLockedStatusModuleProvider$Module.updateDeviceLockedStatus():103 repeatCheckTimes = 1, locked = false
03-02 11:37:17.207  1621  5056 W PackageConfigPersister: App-specific configuration not found for packageName: com.google.android.googlequicksearchbox and userId: 0
03-02 11:37:17.208  1999  2684 D TaskSnapshotCompatVV: getIsInvalidateFromTaskSnapshot, isInvalidate=false
03-02 11:37:17.211 13966 13966 I alzl    : (REDACTED) User SuwTosStatus: %s
03-02 11:37:17.211 13966 13966 I alzl    : (REDACTED) shouldSkipBannerForRowSuw: %s
03-02 11:37:17.211 13966 13966 I amaf    : Samsung fast track experience disabled (not Samsung device).
03-02 11:37:17.212 13966 13966 I alzl    : Fast track banner was already dismissed.
03-02 11:37:17.212 13966 13966 I alzl    : (REDACTED) User SuwTosStatus: %s
03-02 11:37:17.213 13966 13966 I alzl    : (REDACTED) shouldSkipBannerForRowSuw: %s
03-02 11:37:17.213 13966 13966 I amaf    : Samsung fast track experience disabled (not Samsung device).
03-02 11:37:17.213 13966 13966 I alzl    : Fast track banner was already dismissed.
03-02 11:37:17.225  1621  1651 I ActivityTaskManager: visible for Task{27e6aff #2 type=home I=com.miui.home/.launcher.Launcher} visible = true isAnimating = false TRANSITION = false PARENTS = false CHILDREN = false
03-02 11:37:17.230   921   921 I BufferQueueProducer: [FramebufferSurface](this:0xb400007d8e9dff50,id:-1,api:1,p:921,c:921) queueBuffer: fps=0.86 dur=2313.04 max=1316.71 min=996.34
03-02 11:37:17.231  1621  1650 D MiuiRefreshRatePolicy: reset
03-02 11:37:17.234   921   921 I MI-SF   : surfaceflinger setAffinity mode=1
03-02 11:37:17.234   921   921 E MI-SF   : surfaceflinger setAffinity success
03-02 11:37:17.234   921   921 I MI-SF   : surfaceflinger setreAffinity reTid=1207
03-02 11:37:17.234   921   921 E MI-SF   : surfaceflinger setAffinity success
03-02 11:37:17.240  7123  7123 I adbd    : Remote process closed the socket (on MSG_PEEK)
03-02 11:37:17.241   921  1587 D SurfaceFlinger: [SF client] REMOVE (0xb400007caea4ab90) for (25110:com.softnation.Ojam)
03-02 11:37:17.241   921  1587 D SurfaceFlinger: [SF client] REMOVE (0xb400007caea26440) for (25110:com.softnation.Ojam)
03-02 11:37:17.241   921  1587 I SurfaceFlinger: onHandleDestroyed: name=Surface(name=5b2ee94 StatusBar#103)/@0xf6cf932 - animation-leash of insets_animation#134427, layerId=134427, parentId=0
03-02 11:37:17.242   921  1587 I SurfaceFlinger: onHandleDestroyed: name=Surface(name=77d8129 NavigationBar0#101614)/@0x3faba4f - animation-leash of insets_animation#134428, layerId=134428, parentId=0
03-02 11:37:17.242   921  1587 D SurfaceFlinger: [SF client] REMOVE (0xb400007caea33460) for (25110:com.softnation.Ojam)
03-02 11:37:17.243  1205  2707 E mediaswcodec: unlinkToDeath: removed reference to death recipient but unlink failed: DEAD_OBJECT
03-02 11:37:17.244  1205  2193 D AidlBufferPool: bufferpool2 0xb400007362c82068 : 3(13824 size) total buffers - 0(0 size) used buffers - 498/502 (recycle/alloc) - 5/502 (fetch/transfer)
03-02 11:37:17.247  1205  2709 E mediaswcodec: unlinkToDeath: removed reference to death recipient but unlink failed: DEAD_OBJECT
03-02 11:37:17.247  1621  4432 I MediaSessionStack: removeSession | record: com.softnation.Ojam/androidx.media3.session.id./93 (userId=0)
03-02 11:37:17.247  1621  4432 D MediaSessionService: Media button session is changed to null
03-02 11:37:17.248  1621  4432 D MediaSessionService: destroySessionLocked: record=com.softnation.Ojam/androidx.media3.session.id./93 (userId=0)
03-02 11:37:17.249   894  1023 V AudioPolicyInterfaceImpl: releaseOutput()
03-02 11:37:17.250   894  1023 V audio_utils::mutex: mutex_impl: audio_mutex initialized: ret:0  order:6
03-02 11:37:17.250   921   921 I BufferQueueDebug: [Surface(name=5b2ee94 StatusBar#103)/@0xf6cf932 - animation-leash of insets_animation#134427](this:0xb400007bcec5ea58,id:-1,api:0,p:-1,c:921) onDestructor()
03-02 11:37:17.250   921   921 I BufferQueueDebug: [Surface(name=77d8129 NavigationBar0#101614)/@0x3faba4f - animation-leash of insets_animation#134428](this:0xb400007bcec7b1f8,id:-1,api:0,p:-1,c:921) onDestructor()
03-02 11:37:17.251  1621  5056 D MiuiRefreshRatePolicy: reset
03-02 11:37:17.252  1621  1856 D ConnectivityService: releasing NetworkRequest [ REQUEST id=242682, [ Capabilities: INTERNET&NOT_RESTRICTED&TRUSTED&NOT_VCN_MANAGED&NOT_BANDWIDTH_CONSTRAINED Uid: 10337 RequestorUid: 10337 RequestorPkg: com.softnation.Ojam UnderlyingNetworks: Null] ] (release request)
03-02 11:37:17.253  1205  2707 D AidlBufferPool: bufferpool2 0xb400007362c7e448 : 0(0 size) total buffers - 0(0 size) used buffers - 0/0 (recycle/alloc) - 0/0 (fetch/transfer)
03-02 11:37:17.253  1205  2707 D AidlBufferPool: Destruction - bufferpool2 0xb400007362c7e448 cached: 0/0M, 0/0% in use; allocs: 0, 0% recycled; transfers: 0, 0% unfetched
03-02 11:37:17.259  1124  2136 E mediaserver: unlinkToDeath: removed reference to death recipient but unlink failed: DEAD_OBJECT
03-02 11:37:17.259  1124  2136 E IPCThreadState: attemptIncStrongHandle(11): Not supported
03-02 11:37:17.260 18562 18562 V MediaPlayerList: onActiveSessionsChanged: number of controllers: 0
03-02 11:37:17.260 18562 18562 I PlayerSettingsManager: getPlayerRepeatMode: no active player
03-02 11:37:17.261  2363 19600 I ActiveAudioSessionManager_export-api: controllerSize:0
03-02 11:37:17.262  1621  4763 I WindowManager: WIN DEATH: Window{de6a069 u0 com.softnation.Ojam/com.softnation.Ojam.MainActivity}
03-02 11:37:17.262  1205  2707 D AidlBufferPool: Destruction - bufferpool2 0xb400007362c82068 cached: 0/0M, 0/0% in use; allocs: 502, 99% recycled; transfers: 502, 99% unfetched
03-02 11:37:17.262 18562 18562 I PlayerSettingsManager: getPlayerShuffleMode: no active player
03-02 11:37:17.263 18562 18562 I PlayerSettingsManager: updateRemoteDevice: STATE_REPEAT_OFF, STATE_SHUFFLE_OFF
03-02 11:37:17.263 18562 18562 I bluetooth: avrcp_service.cc:685 SendPlayerSettingsChanged: 
03-02 11:37:17.263 18562 18562 I bluetooth: avrcp_service.cc:699 SendPlayerSettingsChanged: attribute=PlayerAttribute::REPEAT : value=PlayerRepeatValue::OFF
03-02 11:37:17.263 18562 18562 I bluetooth: attribute=PlayerAttribute::SHUFFLE : value=PlayerShuffleValue::OFF
03-02 11:37:17.263   894  1284 V AudioPolicyInterfaceImpl: doReleaseOutput from tid 1284
03-02 11:37:17.263   894  1284 D APM_AudioPolicyManager: releaseOutput() output 21, stream 3, session 57777 [uid=10337]
03-02 11:37:17.263 18562 18562 V MediaPlayerList: onActiveSessionsChanged: number of controllers: 0
03-02 11:37:17.263 18562 18562 I PlayerSettingsManager: getPlayerRepeatMode: no active player
03-02 11:37:17.263 18562 18562 I PlayerSettingsManager: getPlayerShuffleMode: no active player
03-02 11:37:17.263 18562 18562 I PlayerSettingsManager: updateRemoteDevice: STATE_REPEAT_OFF, STATE_SHUFFLE_OFF
03-02 11:37:17.263 18562 18562 I bluetooth: avrcp_service.cc:685 SendPlayerSettingsChanged: 
03-02 11:37:17.263 18562 18562 I bluetooth: avrcp_service.cc:699 SendPlayerSettingsChanged: attribute=PlayerAttribute::REPEAT : value=PlayerRepeatValue::OFF
03-02 11:37:17.263 18562 18562 I bluetooth: attribute=PlayerAttribute::SHUFFLE : value=PlayerShuffleValue::OFF
03-02 11:37:17.267  2363  3215 I ActiveSessionRecord_export-api: onSessionDestroyed
03-02 11:37:17.268  2363  3215 I ActiveAudioSessionManager_export-api: controllerSize:0
03-02 11:37:17.266  1621  4763 W InputManager-JNI: Input channel object 'de6a069 com.softnation.Ojam/com.softnation.Ojam.MainActivity (client)' was disposed without first being removed with the input manager!
03-02 11:37:17.270  1621  1676 D SsruManagerImpl: MiSsru Sensor not init!!!!
03-02 11:37:17.271  1621  4763 D MiuiRefreshRatePolicy: reset
03-02 11:37:17.271 18562 18562 W AudioMediaPlayerWrapper: The session was destroyed com.softnation.Ojam
03-02 11:37:17.272 18562 18562 D MediaPlayerList: sessionUpdatedCallback(): packageName: com.softnation.Ojam
03-02 11:37:17.273  1621  1650 W ActivityManager: setHasOverlayUi called on unknown pid: 25110
03-02 11:37:17.277  1621  1651 I ActivityTaskManager: visible for Task{27e6aff #2 type=home I=com.miui.home/.launcher.Launcher} visible = true isAnimating = false TRANSITION = false PARENTS = false CHILDREN = false
03-02 11:37:17.277  1621  1731 I MediaFocusControl: AudioFocus  removeFocusStackEntryOnDeath(): removing entry for android.os.BinderProxy@2da3dc7
03-02 11:37:17.282  1621  1856 D ConnectivityService: releasing NetworkRequest [ REQUEST id=242679, [ Capabilities: INTERNET&NOT_RESTRICTED&TRUSTED&NOT_VCN_MANAGED&NOT_BANDWIDTH_CONSTRAINED Uid: 10337 RequestorUid: 10337 RequestorPkg: com.softnation.Ojam UnderlyingNetworks: Null] ] (release request)
03-02 11:37:17.287   863   958 I mtkpower@impl: [powerd_req] TIMER_MSG_PERF_LOCK_TIMEOUT hdl:368496
03-02 11:37:17.287   863   958 I libPowerHal: [perfLockRel] hdl:368496, idx:1
03-02 11:37:17.287   863   958 I libPowerHal: [unsetGPUFreq] current min:0, max:0; scn_gpu_min:0, scn_gpu_max:-1; scn_gpu_min(HL):-1, scn_gpu_max(HL):-1
03-02 11:37:17.287   863   958 I libPowerHal: system_server: set gpu opp level: 31
03-02 11:37:17.287   863   958 I libPowerHal: system_server: set gpu opp level max: 0
03-02 11:37:17.288   863   958 I libPowerHal: [setGPUFreq] Soft min/max = (31, 0); Hard min/max = (31, 0)
03-02 11:37:17.288   863   958 I libPowerHal: [setGPUFreq] final min/max = (31, 0)
03-02 11:37:17.288   863   958 I libPowerHal: system_server: set gpu opp level: 31
03-02 11:37:17.288   863   958 I libPowerHal: system_server: set gpu opp level max: 0
03-02 11:37:17.288   863   958 I libPowerHal: [PD] system_server update cmd:400200 param:-1 pr:6
