03-02 09:37:31.309  1621  3051 D CompatChangeReporter: Compat change id reported: 323349338; UID 10122; state: ENABLED
03-02 09:37:31.309  1621  3051 W JobInfo : Job 'com.facebook.appmanager/com.facebook.oxygen.common.jobqueue.JobQueueService#5100' has a deadline with no functional constraints. The deadline won't improve job execution latency. Consider removing the deadline.
03-02 09:37:31.310  1621  2834 I whetstone.activity: Power Event callback listener is empty for resId=256
03-02 09:37:31.310  1621  2834 D BatteryStatsManagerStub: notifyEvent for resId=256 used 0ms
03-02 09:37:31.315  1621  2834 E JobScheduler: ResourceBudgetManagerInternal is null
03-02 09:37:31.317  1621 30875 I system_server: libdebuggerd_client: started dumping process 26843
03-02 09:37:31.322  1621  2834 I whetstone.activity: Power Event callback listener is empty for resId=256
03-02 09:37:31.323  1621  2834 D BatteryStatsManagerStub: notifyEvent for resId=256 used 3ms
03-02 09:37:31.330   629   629 I tombstoned: registered intercept for pid 26843 and type kDebuggerdJavaBacktrace
03-02 09:37:31.334 26843 30409 I softnation.Ojam: Thread[2,tid=30409,WaitingInMainSignalCatcherLoop,Thread*=0xb400007a61a126f0,peer=0x264b020,"Signal Catcher"]: reacting to signal 3
03-02 09:37:31.334 26843 30409 I softnation.Ojam: 
03-02 09:37:31.335  1621  1731 D ConnectivityService: requestNetwork for uid/pid:10370/30326 activeRequest: null callbackRequest: 241408 [NetworkRequest [ REQUEST id=241409, [ Capabilities: INTERNET&NOT_RESTRICTED&TRUSTED&NOT_VCN_MANAGED&NOT_BANDWIDTH_CONSTRAINED Uid: 10370 RequestorUid: 10370 RequestorPkg: com.snapchat.android UnderlyingNetworks: Null] ]] callback flags: 0 order: 2147483647 isUidTracked: false declaredMethods: AVAIL|LOSING|LOST|UNAVAIL|NC|LP
03-02 09:37:31.339  1621  1843 D WifiNetworkFactory: got request NetworkRequest [ REQUEST id=241409, [ Capabilities: INTERNET&NOT_RESTRICTED&TRUSTED&NOT_VCN_MANAGED&NOT_BANDWIDTH_CONSTRAINED Uid: 10370 RequestorUid: 10370 RequestorPkg: com.snapchat.android UnderlyingNetworks: Null] ]
03-02 09:37:31.339  1621  1843 D UntrustedWifiNetworkFactory: got request NetworkRequest [ REQUEST id=241409, [ Capabilities: INTERNET&NOT_RESTRICTED&TRUSTED&NOT_VCN_MANAGED&NOT_BANDWIDTH_CONSTRAINED Uid: 10370 RequestorUid: 10370 RequestorPkg: com.snapchat.android UnderlyingNetworks: Null] ]
03-02 09:37:31.339  1621  1843 D OemPaidWifiNetworkFactory: got request NetworkRequest [ REQUEST id=241409, [ Capabilities: INTERNET&NOT_RESTRICTED&TRUSTED&NOT_VCN_MANAGED&NOT_BANDWIDTH_CONSTRAINED Uid: 10370 RequestorUid: 10370 RequestorPkg: com.snapchat.android UnderlyingNetworks: Null] ]
03-02 09:37:31.340  1621  1856 D ConnectivityService: NetReassign [241409 : null ΓåÆ 255] [c 0] [a 1] [i 2]
03-02 09:37:31.340  1621  1843 D MultiInternetWifiNetworkFactory: got request NetworkRequest [ REQUEST id=241409, [ Capabilities: INTERNET&NOT_RESTRICTED&TRUSTED&NOT_VCN_MANAGED&NOT_BANDWIDTH_CONSTRAINED Uid: 10370 RequestorUid: 10370 RequestorPkg: com.snapchat.android UnderlyingNetworks: Null] ]
03-02 09:37:31.350 30580 30580 V GraphicsEnvironment: Currently set values for:
03-02 09:37:31.350 30580 30580 V GraphicsEnvironment:   angle_gl_driver_selection_pkgs=[]
03-02 09:37:31.350 30580 30580 V GraphicsEnvironment:   angle_gl_driver_selection_values=[]
03-02 09:37:31.350 30580 30580 V GraphicsEnvironment: Global.Settings values are invalid: number of packages: 0, number of values: 0
03-02 09:37:31.350 30580 30580 V GraphicsEnvironment: Neither updatable production driver nor prerelease driver is supported.
03-02 09:37:31.351  1621  2834 I ClipboardServiceI: checkProviderWakePathForClipboard: primaryClip is null
03-02 09:37:31.353 30580 30580 I ActivityThread: TrafficStats init done
03-02 09:37:31.355  1621  1731 I ClipboardServiceI: checkProviderWakePathForClipboard: primaryClip is null
03-02 09:37:31.360 27809 30884 I NetworkScheduler: (REDACTED) Error inserting %s
03-02 09:37:31.361 30580 30580 D ActivityThread: useGrowthLimitOutExpendMethod invoke error.
03-02 09:37:31.364 30580 30580 I ForceDarkHelperStubImpl: initialize for com.instagram.android , ForceDarkOrigin
03-02 09:37:31.369 30580 30580 D nativeloader: Load libforcedarkimpl.so using system ns (caller=/system_ext/framework/miui-framework.jar): ok
03-02 09:37:31.370 30580 30580 D HWUI    : JNI_OnLoad success
03-02 09:37:31.370 30580 30580 I MiuiForceDarkConfig: setConfig density:2.750000, mainRule:0, secondaryRule:0, tertiaryRule:0
03-02 09:37:31.382 30368 30532 W eddit.frontpage: Long monitor contention with owner Firebase Background Thread #3 (30545) at java.lang.Object f8.c.call()(r8-map-id-3d096ee4b23c75f9aabf0517f7fe0c9d26c4a17f907e49b12916105e4630fc9f:53) waiters=2 in java.lang.Object f8.c.call() for 256ms
03-02 09:37:31.387 30580 30580 I ActivityThread: Miui Feature Init done
03-02 09:37:31.387  1621  2834 W JobInfo : Job 'com.facebook.appmanager/com.facebook.oxygen.common.jobqueue.JobQueueService#5100' has a deadline with no functional constraints. The deadline won't improve job execution latency. Consider removing the deadline.
03-02 09:37:31.388  1621  3051 D ConnectivityService: requestNetwork for uid/pid:10370/30326 activeRequest: null callbackRequest: 241410 [NetworkRequest [ REQUEST id=241411, [ Capabilities: INTERNET&NOT_RESTRICTED&TRUSTED&NOT_VCN_MANAGED&NOT_BANDWIDTH_CONSTRAINED Uid: 10370 RequestorUid: 10370 RequestorPkg: com.snapchat.android UnderlyingNetworks: Null] ]] callback flags: 0 order: 2147483647 isUidTracked: false declaredMethods: AVAIL|LOST|NC|LP
03-02 09:37:31.393  1621  1843 D WifiNetworkFactory: got request NetworkRequest [ REQUEST id=241411, [ Capabilities: INTERNET&NOT_RESTRICTED&TRUSTED&NOT_VCN_MANAGED&NOT_BANDWIDTH_CONSTRAINED Uid: 10370 RequestorUid: 10370 RequestorPkg: com.snapchat.android UnderlyingNetworks: Null] ]
03-02 09:37:31.393  1621  1843 D UntrustedWifiNetworkFactory: got request NetworkRequest [ REQUEST id=241411, [ Capabilities: INTERNET&NOT_RESTRICTED&TRUSTED&NOT_VCN_MANAGED&NOT_BANDWIDTH_CONSTRAINED Uid: 10370 RequestorUid: 10370 RequestorPkg: com.snapchat.android UnderlyingNetworks: Null] ]
03-02 09:37:31.394  1621  1856 D ConnectivityService: NetReassign [241411 : null ΓåÆ 255] [c 1] [a 1] [i 2]
03-02 09:37:31.394  1621  1843 D OemPaidWifiNetworkFactory: got request NetworkRequest [ REQUEST id=241411, [ Capabilities: INTERNET&NOT_RESTRICTED&TRUSTED&NOT_VCN_MANAGED&NOT_BANDWIDTH_CONSTRAINED Uid: 10370 RequestorUid: 10370 RequestorPkg: com.snapchat.android UnderlyingNetworks: Null] ]
03-02 09:37:31.394  1621  1843 D MultiInternetWifiNetworkFactory: got request NetworkRequest [ REQUEST id=241411, [ Capabilities: INTERNET&NOT_RESTRICTED&TRUSTED&NOT_VCN_MANAGED&NOT_BANDWIDTH_CONSTRAINED Uid: 10370 RequestorUid: 10370 RequestorPkg: com.snapchat.android UnderlyingNetworks: Null] ]
03-02 09:37:31.394  1621  1731 I whetstone.activity: Power Event callback listener is empty for resId=256
03-02 09:37:31.394  1621  1731 D BatteryStatsManagerStub: notifyEvent for resId=256 used 0ms
03-02 09:37:31.395  1621  2834 D CompatChangeReporter: Compat change id reported: 319212206; UID 10370; state: ENABLED
03-02 09:37:31.397  1621  4754 W JobInfo : Job 'com.facebook.appmanager/com.facebook.oxygen.common.jobqueue.JobQueueService#5100' has a deadline with no functional constraints. The deadline won't improve job execution latency. Consider removing the deadline.
03-02 09:37:31.399  1621  1856 D ConnectivityService: NetReassign [no changes] [c 0] [a 1] [i 2]
03-02 09:37:31.401  1621  1731 E JobScheduler: ResourceBudgetManagerInternal is null
03-02 09:37:31.403   849  1430 I hwcomposer: [HWC] (0)fire a callback of refresh to SF[4]  
03-02 09:37:31.410  1621  1731 I whetstone.activity: Power Event callback listener is empty for resId=256
03-02 09:37:31.410  1621  1731 D BatteryStatsManagerStub: notifyEvent for resId=256 used 0ms
03-02 09:37:31.413  1621  1842 I MiuiNetworkPolicy: updateUidState uid = 10122, uidState = 8
03-02 09:37:31.427  1621  4754 I ClipboardServiceI: checkProviderWakePathForClipboard: primaryClip is null
03-02 09:37:31.430   921   921 I MI-SF   : surfaceflinger setAffinity mode=1
03-02 09:37:31.431   921   921 E MI-SF   : surfaceflinger setAffinity success
03-02 09:37:31.431   921   921 I MI-SF   : surfaceflinger setreAffinity reTid=1207
03-02 09:37:31.431   921   921 E MI-SF   : surfaceflinger setAffinity success
03-02 09:37:31.431  1621  4754 D CompatChangeReporter: Compat change id reported: 151861875; UID 10105; state: ENABLED
03-02 09:37:31.432  1621  4754 V GrammaticalInflectionUtils: AttributionSource: android.content.AttributionSource@8dadecd3 does not have READ_SYSTEM_GRAMMATICAL_GENDER permission.
03-02 09:37:31.435 30326 30892 W chromium: [0302/093731.435088:WARNING:url_request_context_config.cc(1092)] Unrecognized Cronet experimental option "use_cof_based_config" with params "true
03-02 09:37:31.435 30326 30892 W chromium: 
03-02 09:37:31.454  1621  4754 I whetstone.activity: Power Event callback listener is empty for resId=256
03-02 09:37:31.454  1621  4754 D BatteryStatsManagerStub: notifyEvent for resId=256 used 0ms
03-02 09:37:31.461   835   835 D Zygote  : Forked child process 30912
03-02 09:37:31.466  1621  1667 I ActivityManager: Start proc 30912:com.facebook.system/u0a105 for content provider {com.facebook.system/com.facebook.oxygen.installer.api.AppManagerApiProvider} caller=com.facebook.appmanager
03-02 09:37:31.475  1621  1918 E HyperSentinel: -------------------------------------------------------
03-02 09:37:31.475  1621  1918 E HyperSentinel: Event_ResidentSize
03-02 09:37:31.475  1621  1918 E HyperSentinel: -> audit event by proc 26843 "usap64": RSS increasement, peak 163504kb -> 245268kb
03-02 09:37:31.488  1055  1186 D connsyslogger: SD_LOG_ROOT is /data/debuglogger/connsyslog/fw.
03-02 09:37:31.488  1055  1186 D connsyslogger: systemReady:1
03-02 09:37:31.529 30912 30912 E Zygote  : process_name_ptr:30912 com.facebook.system
03-02 09:37:31.529 30912 30912 E Zygote  : SetMemoryProtected process_name_ptr:30912 com.facebook.system
03-02 09:37:31.546 30912 30912 I facebook.system: Using CollectorTypeCMC GC.
03-02 09:37:31.572 30912 30912 D nativeloader: Load libframework-connectivity-tiramisu-jni.so using APEX ns com_android_tethering for caller /apex/com.android.tethering/javalib/framework-connectivity-t.jar: ok
03-02 09:37:31.573   853   853 I Accelerometer: flush, flushCnt:1
03-02 09:37:31.573  1621  1676 D SsruManagerImpl: MiSsru Sensor not init!!!!
03-02 09:37:31.576   853   923 I Accelerometer: flush complete, flushCnt:0
03-02 09:37:31.588 30912 30912 I MessageMonitor: Load libmiui_runtime
03-02 09:37:31.599  1621  2655 D SymlinkUtils: attachApplication file op go pass: 1 ms
03-02 09:37:31.600  1621  2655 I SmartPower: com.facebook.system/10105(30912): died->background(264461ms) R(process start ) adj=-10000.
03-02 09:37:31.601 26843 26843 W unknown:BridgelessReact: ReactHost{0}.startSurface(surfaceId = 0): Schedule
03-02 09:37:31.602 26843 26843 W unknown:BridgelessReact: ReactHost{0}.attachSurface(surfaceId = 0)
03-02 09:37:31.605 26843 30959 W unknown:BridgelessReact: ReactHost{0}.getOrCreateReactInstanceTask()
03-02 09:37:31.605 26843 30959 W unknown:BridgelessReact: ReactHost{0}.getOrCreateReactInstanceTask(): Start
03-02 09:37:31.605 26843 30959 W unknown:BridgelessReact: ReactHost{0}.getJSBundleLoader()
03-02 09:37:31.606 26843 30959 W unknown:BridgelessReact: ReactHost{0}.isMetroRunning()
03-02 09:37:31.607 30580 30945 W SoLoader: Initializing SoLoader: 2
03-02 09:37:31.608 30580 30945 W SoLoader: context.getApplicationContext returned null, holding reference to original context.ApplicationSoSource fallbacks to: /data/app/~~9XGqlD0VagabgcI_VANKpQ==/com.instagram.android-cvlzusJbsYajdvL5zp8jzg==/lib/arm64
03-02 09:37:31.613  1621  1842 I MiuiNetworkPolicy: updateUidState uid = 10105, uidState = 19
03-02 09:37:31.613 30912 30955 D MiuiDownscaleImpl: set override inverted scale : 1.0
03-02 09:37:31.618 30912 30912 I JavaheapMonitor: Disabled. Process name: <pre-initialized>
03-02 09:37:31.620 30912 30912 D MiuiMonitorThread: Shared singleton Thread for stability monitor start
03-02 09:37:31.633 30912 30963 D ActivityThread: the event that target app starts is : AppLaunchEvent{mType='441', mProcessName='com.facebook.system', mPackageName='com.facebook.system', mIsMainProcess='true', mVersionCode='727689757', mLaunchTime='2026-03-02'}
03-02 09:37:31.634 26843 26843 W libc    : Access denied finding property "ro.vendor.df.effect.conflict"
03-02 09:37:31.638  1621  2834 D AppLock_AccessControlImpl: activityResume packageName: com.softnation.Ojam userId: 0 enabled: true
03-02 09:37:31.638  1621  2834 D AppLock_AccessControlImpl: activityResume lockMode: 1
03-02 09:37:31.638  4243 15996 W MQSEventManager: occur
03-02 09:37:31.639 26843 26843 D SecurityManager: checkAccessControl flag1
03-02 09:37:31.642 26843 26843 W unknown:BridgelessReact: ReactHost{0}.onHostResume(activity)
03-02 09:37:31.647 30326 30602 E SQLiteLog: (283) recovered 918 frames from WAL file /data/data/com.snapchat.android/databases/journal.db-wal
03-02 09:37:31.664 30912 30912 D ActivityThread: setEmbeddedParam packageName=com.facebook.system processName=com.facebook.system isEmbedded=false isIsolated=false
03-02 09:37:31.673 26843 26843 I SurfaceFactory: [static] sSurfaceFactory = com.mediatek.view.impl.SurfaceFactoryImpl@fb99dc2
03-02 09:37:31.675   921  1170 D SurfaceFlinger: [SF client] NEW(0xb400007caea4bd00) for (26843:com.softnation.Ojam)
03-02 09:37:31.676 30912 30912 D CompatChangeReporter: Compat change id reported: 202956589; UID 10105; state: ENABLED
03-02 09:37:31.677  1621  1918 E HyperSentinel: -------------------------------------------------------
03-02 09:37:31.678  1621  1918 E HyperSentinel: Event_ThreadAmount
03-02 09:37:31.678  1621  1918 E HyperSentinel: -> audit event by proc 26843 "usap64": running threads amount, 23 -> 45
03-02 09:37:31.679 26843 30827 I PowerHalWrapper: PowerHalWrapper.getInstance 
03-02 09:37:31.685 30580 30944 W CrashLoopRemedyLog: unable to delete remedy log, instaCrash: false
03-02 09:37:31.686 30580 30944 W CrashLoopRemedyLog: unable to delete remedy log, instaCrash: true
03-02 09:37:31.701 30580 30944 W lacrima : LacrimaConfigBuilder.setUserIdActorId not called, using 0
03-02 09:37:31.701 30580 30944 W lacrima : LacrimaConfigBuilder.setUserIdActingAccountId not called, using 0
03-02 09:37:31.709 26843 26843 D MiuiCameraCoveredManager: java.lang.NullPointerException: Attempt to invoke virtual method 'java.lang.String android.provider.MiuiSettings$SettingsCloudData$CloudData.getString(java.lang.String, java.lang.String)' on a null object reference
03-02 09:37:31.715 26843 26843 D FramePredict: init success
03-02 09:37:31.720  1621  1666 I SmartPower: com.whatsapp/99910300(26258): idle->background(3430ms) R(broadcast start Intent { act=android.intent.action.BATTERY_CHANGED flg=0x60000010 (has extras) }) adj=915.
03-02 09:37:31.721  1621  1666 I SmartPower: com.android.chrome/10174(27349): idle->background(3430ms) R(broadcast start Intent { act=android.intent.action.BATTERY_CHANGED flg=0x60000010 (has extras) }) adj=915.
03-02 09:37:31.721  1621  4754 W ActivityManager: Permission Denial: getCurrentUser() from pid=26843, uid=10337 requires android.permission.INTERACT_ACROSS_USERS
03-02 09:37:31.722  1621  1666 I SmartPower: com.google.android.youtube/10213(27736): idle->background(3429ms) R(broadcast start Intent { act=android.intent.action.BATTERY_CHANGED flg=0x60000010 (has extras) }) adj=905.
03-02 09:37:31.723  1621  1666 I SmartPower: com.facebook.katana/10287(28602): idle->background(3429ms) R(broadcast start Intent { act=android.intent.action.BATTERY_CHANGED flg=0x60000010 (has extras) }) adj=905.
03-02 09:37:31.724  1621  1666 I SmartPower: com.instagram.barcelona/10075(29799): idle->background(3426ms) R(broadcast start Intent { act=android.intent.action.BATTERY_CHANGED flg=0x60000010 (has extras) }) adj=905.
03-02 09:37:31.724 26843 30973 E FramePredict: registerContentObserver fail
03-02 09:37:31.727 26843 30835 W libc    : Access denied finding property "ro.vendor.display.iris_x7.support"
03-02 09:37:31.744 30912 30912 D nativeloader: Configuring clns-shared-7 for other apk /system/priv-app/facebook-installer/facebook-installer.apk. target_sdk_version=35, uses_libraries=, library_path=/system/priv-app/facebook-installer/lib/arm64:/system/lib64:/system_ext/lib64, permitted_path=/data:/mnt/expand:/data/user/0/com.facebook.system:/system/priv-app/facebook-installer:/system/lib64:/system_ext/lib64
03-02 09:37:31.747 26843 26843 I ForceDarkHelperStubImpl: setViewRootImplForceDark: false for com.softnation.Ojam.MainActivity@db08fa, reason: AppDarkModeEnable
03-02 09:37:31.747 26843 26843 D VRI[MainActivity]: hardware acceleration = true, forceHwAccelerated = false
03-02 09:37:31.753   921  1170 D SurfaceFlinger: [SF client] NEW(0xb400007caea31450) for (1621:system_server)
03-02 09:37:31.756 26843 30964 W unknown:BridgelessReact: ReactHost{0}.isMetroRunning(): Async result = true
03-02 09:37:31.758   921  1170 I BufferQueueDebug: [32d5f99 com.softnation.Ojam/com.softnation.Ojam.MainActivity#132325](this:0xb400007bcecd08d8,id:-1,api:0,p:-1,c:-1) BufferQueue core=(921:/system/bin/surfaceflinger)
03-02 09:37:31.759 26843 30959 W unknown:BridgelessReact: ReactHost{0}.loadJSBundleFromMetro()
03-02 09:37:31.764 30580 30944 W MemProcWatermarkReader: [AI] Failed to open zoneinfo file
03-02 09:37:31.765 30580 30944 W lacrima : Start JavaAppDeathCrashDetector... X.0el
03-02 09:37:31.770  1621  1651 I ActivityTaskManager: visible for Task{563e481 #37009 type=standard A=10337:com.softnation.Ojam} visible = true isAnimating = false TRANSITION = false PARENTS = false CHILDREN = false
03-02 09:37:31.773   921   921 I MI-SF   : surfaceflinger setAffinity mode=0
03-02 09:37:31.773   921   921 E MI-SF   : surfaceflinger setAffinity success
03-02 09:37:31.775  2363  2477 I MultiTaskingTaskRepository: needSkip: is home task
03-02 09:37:31.775  2363  2477 D MultiTaskingTaskRepository: addOrMoveFullscreenTaskToTop taskId=37009
03-02 09:37:31.775  2363  2477 D MiuiFreeformModeCornerTipHandler: task#37009 onTaskVanished
03-02 09:37:31.775  2363  2477 I MiuiBubbleController: removeBubble: 37009 reason=2
03-02 09:37:31.775  2363  2477 I MultiTaskingTaskRepository: onTaskInfoChanged multi list = [5, 4], full = [37009, 37006, 36980]
03-02 09:37:31.776  2363  2477 D MiuiFreeformModeController: onFocusTaskChanged taskInfo: TaskInfo{userId=0 taskId=37009 displayId=0 isRunning=true baseIntent=Intent { flg=0x10000000 cmp=com.softnation.Ojam/.MainActivity } baseActivity=ComponentInfo{com.softnation.Ojam/com.softnation.Ojam.MainActivity} topActivity=ComponentInfo{com.softnation.Ojam/com.softnation.Ojam.MainActivity} origActivity=null realActivity=ComponentInfo{com.softnation.Ojam/com.softnation.Ojam.MainActivity} numActivities=1 lastActiveTime=1023610355 supportsSplitScreenMultiWindow=true supportsMultiWindow=true resizeMode=1 isResizeable=true minWidth=-1 minHeight=-1 defaultMinSize=200 token=WCT{android.window.IWindowContainerToken$Stub$Proxy@15e2ae9} topActivityType=1 pictureInPictureParams=null shouldDockBigOverlays=false launchIntoPipHostTaskId=-1 lastParentTaskIdBeforePip=-1 displayCutoutSafeInsets=null topActivityInfo=ActivityInfo{f61736e com.softnation.Ojam.MainActivity} launchCookies=[] positionInParent=Point(0, 0) parentTaskId=-1 isFocused=true isVisible=true isVisibleRequested=true isSleeping=false locusId=null displayAreaFeatureId=1 isTopActivityTransparent=false appCompatTaskInfo=AppCompatTaskInfo { topActivityInSizeCompat=false topActivityEligibleForLetterboxEducation= falseisLetterboxEducationEnabled= false isLetterboxDoubleTapEnabled= false topActivityEligibleForUserAspectRatioButton= false topActivityBoundsLetterboxed= false isFromLetterboxDoubleTap= false topActivityLetterboxVerticalPosition= -1 topActivityLetterboxHorizontalPosition= -1 topActivityLetterboxWidth=1080 topActivityLetterboxHeight=2460 isUserFullscreenOverrideEnabled=false isSystemFullscreenOverrideEnabled=false cameraCompatTaskInfo=CameraCompatTaskInfo { cameraCompatControlState=hidden freeformCameraCompatMode=inactive}} isImmersive=false mTopActivityRequestOrientation=1 mBehindAppLockPkg=null mOriginatingUid=0 isEmbedded=false shouldBeVisible=true mIsCastMode=false mTopActivityMediaSize=null mTopActivityRecordName=ActivityRecord{4495f8b u0 com.softnation.Ojam/.MainActivity t37009} mTopActivityOrientation=1}
03-02 09:37:31.777 30580 30944 W lacrima : Sending pending reports
03-02 09:37:31.782  1621  2655 I ATMSImpl: cacheTasksForDefaultDisplay size=4
03-02 09:37:31.788 26843 26843 D InputEventReceiver: Input log is disabled in InputEventReceiver.
03-02 09:37:31.788 30912 30912 V GraphicsEnvironment: Currently set values for:
03-02 09:37:31.788 30912 30912 V GraphicsEnvironment:   angle_gl_driver_selection_pkgs=[]
03-02 09:37:31.788 30912 30912 V GraphicsEnvironment:   angle_gl_driver_selection_values=[]
03-02 09:37:31.789 30912 30912 V GraphicsEnvironment: Global.Settings values are invalid: number of packages: 0, number of values: 0
03-02 09:37:31.789 30912 30912 V GraphicsEnvironment: Neither updatable production driver nor prerelease driver is supported.
03-02 09:37:31.792 26843 26843 W Looper  : PerfMonitor looperActivity : package=com.softnation.Ojam/.MainActivity time=1ms latency=853ms  procState=-1  historyMsgCount=5 (msgIndex=1 wall=2580ms seq=3 late=3ms h=android.app.ActivityThread$H w=110) (msgIndex=5 wall=792ms seq=7 late=61ms h=android.app.ActivityThread$H w=159)
03-02 09:37:31.792 30912 30912 I ActivityThread: TrafficStats init done
03-02 09:37:31.793  1999  1999 D RecentsImpl: mActivityStateObserver com.softnation.Ojam.MainActivity
03-02 09:37:31.794  1999  1999 W RecentsImpl: onResumed className=com.softnation.Ojam.MainActivity   forceUpdate=false   mIsInAnotherPro=false   isKeyguardLocked=false   mIsStatusBarExpansion=false   mSecuritySpaceGuideShown=false
03-02 09:37:31.795 30912 30912 I ForceDarkHelperStubImpl: initialize for com.facebook.system , ForceDarkOrigin
03-02 09:37:31.798 26843 26843 D DecorViewImmersiveImpl: onAttachedToWindow:com.softnation.Ojam/com.softnation.Ojam.MainActivity
03-02 09:37:31.803 30912 30912 D nativeloader: Load libforcedarkimpl.so using system ns (caller=/system_ext/framework/miui-framework.jar): ok
03-02 09:37:31.804 30912 30912 D HWUI    : JNI_OnLoad success
03-02 09:37:31.805 30912 30912 I MiuiForceDarkConfig: setConfig density:2.750000, mainRule:0, secondaryRule:0, tertiaryRule:0
03-02 09:37:31.806 30580 30945 W BackupSoSource: adding backup source from split: ExtractFromZipSoSource[/data/app/~~9XGqlD0VagabgcI_VANKpQ==/com.instagram.android-cvlzusJbsYajdvL5zp8jzg==/split_heliumcore.apk]
03-02 09:37:31.808 30580 30945 W BackupSoSource: adding backup source from split: ExtractFromZipSoSource[/data/app/~~9XGqlD0VagabgcI_VANKpQ==/com.instagram.android-cvlzusJbsYajdvL5zp8jzg==/split_heliumiab.apk]
03-02 09:37:31.813 30580 30945 W SoLoader: SoLoader initialized: 2
03-02 09:37:31.817  1621  2655 D CoreBackPreview: Window{32d5f99 u0 com.softnation.Ojam/com.softnation.Ojam.MainActivity}: Setting back callback OnBackInvokedCallbackInfo{mCallback=android.window.IOnBackInvokedCallback$Stub$Proxy@6786109, mPriority=0, mIsAnimationCallback=false}
03-02 09:37:31.822 30912 30912 I ActivityThread: Miui Feature Init done
03-02 09:37:31.825   921  1170 I BufferQueueDebug: [com.softnation.Ojam/com.softnation.Ojam.MainActivity#132326](this:0xb400007bceca2fd8,id:-1,api:0,p:-1,c:-1) BufferQueue core=(921:/system/bin/surfaceflinger)
03-02 09:37:31.829 30580 30945 W FbSoLoader: Will use precomputed native lib dependencies file, reading directly from the APK using AssetManager true
03-02 09:37:31.830  1621  2834 D MiuiRefreshRatePolicy: reset
03-02 09:37:31.832  1621  2834 W WindowManager: Changing focus from null to Window{32d5f99 u0 com.softnation.Ojam/com.softnation.Ojam.MainActivity} displayId=0 Callers=com.android.server.wm.RootWindowContainer.updateFocusedWindowLocked:602 com.android.server.wm.WindowManagerService.updateFocusedWindowLocked:7168 com.android.server.wm.WindowManagerService.relayoutWindowInner:3076 com.android.server.wm.WindowManagerService.relayoutWindow:2724 
03-02 09:37:31.833  1621  2834 I whetstone.activity: Power Event callback listener is empty for resId=32
03-02 09:37:31.833  1621  2834 D BatteryStatsManagerStub: notifyEvent for resId=32 used 1ms
03-02 09:37:31.834   921  1170 I BufferQueueDebug: [Surface(name=5b2ee94 StatusBar#103)/@0xf6cf932 - animation-leash of insets_animation#132327](this:0xb400007bcebbf2d8,id:-1,api:0,p:-1,c:-1) BufferQueue core=(921:/system/bin/surfaceflinger)
03-02 09:37:31.836   921  1170 I BufferQueueDebug: [Surface(name=77d8129 NavigationBar0#101614)/@0x3faba4f - animation-leash of insets_animation#132328](this:0xb400007bcecdbf18,id:-1,api:0,p:-1,c:-1) BufferQueue core=(921:/system/bin/surfaceflinger)
03-02 09:37:31.837  1621  2834 D WindowManager: wms.Input focus has changed to Window{32d5f99 u0 com.softnation.Ojam/com.softnation.Ojam.MainActivity} display=0 updateInputWindows = true
03-02 09:37:31.838  1621  2834 I MultiSenceManagerInternalStub: getInstance
03-02 09:37:31.839  1621  2834 I WindowManager: Relayout Window{32d5f99 u0 com.softnation.Ojam/com.softnation.Ojam.MainActivity}: oldVis=4 newVis=0 focusMayChange = true requestedWidth = 1080 requestedHeight = 2460 outFrames = ClientWindowFrames{frame=[0,0][1080,2460] display=[0,0][1080,2460] parentFrame=[0,0][0,0]} outSurfaceControl = Surface(name=com.softnation.Ojam/com.softnation.Ojam.MainActivity#132326)/@0xcd63f40
03-02 09:37:31.843  1621  1928 I MultiSenceManagerInternalStubImpl: packageName = com.softnation.Ojam
03-02 09:37:31.843  1621  1928 W ContextImpl: Calling a method in the system process without a qualified user: android.app.ContextImpl.sendBroadcast:1260 com.android.server.wm.MultiSenceManagerInternalStubImpl.sendFocusWindowsBroadcast:148 com.android.server.wm.MultiSenceManagerInternalStubImpl$UpdateScreenStatus.run:98 android.os.Handler.handleCallback:959 android.os.Handler.dispatchMessage:100 
03-02 09:37:31.844  1621  1928 W ActivityManagerServiceImpl: Sending non-protected broadcast com.xiaomi.multisence.action.FOCUSED_CHANGE from system 1621:system/1000 pkg android. Callers=com.android.server.am.ActivityManagerService.checkBroadcastFromSystem:16365 com.android.server.am.ActivityManagerService.broadcastIntentLockedTraced:17236 com.android.server.am.ActivityManagerService.broadcastIntentLocked:16425 com.android.server.am.ActivityManagerService.broadcastIntentWithFeature:17459 android.app.ContextImpl.sendBroadcast:1264 
03-02 09:37:31.848 26843 26843 D BufferQueueConsumer: [](id:68db00000000,api:0,p:-1,c:26843) connect: controlledByApp=false
03-02 09:37:31.851 30580 30945 W SoLoader: Prepending SoSource lib-compressed: SuperpackSoSource[root = /data/data/com.instagram.android/lib-compressed flags = 1 zipSource = /data/app/~~9XGqlD0VagabgcI_VANKpQ==/com.instagram.android-cvlzusJbsYajdvL5zp8jzg==/base.apk compressedPath = assets/lib/libs.spo identity = ]
03-02 09:37:31.853  1621  1651 I ActivityTaskManager: visible for Task{563e481 #37009 type=standard A=10337:com.softnation.Ojam} visible = true isAnimating = false TRANSITION = false PARENTS = false CHILDREN = false
03-02 09:37:31.853  1621  1651 D SurfaceComposerClient: Transaction::apply InputWindowCommands.focusRequests timestamp=605845393118802, windowName=32d5f99 com.softnation.Ojam/com.softnation.Ojam.MainActivity
03-02 09:37:31.857 26843 26843 D BLASTBufferQueue: [VRI[MainActivity]#0](f:0,a:0) constructor()
03-02 09:37:31.858 26843 26843 D BLASTBufferQueue: [VRI[MainActivity]#0](f:0,a:0) update width=1080 height=2460 format=-1 mTransformHint=0
03-02 09:37:31.860 30580 30945 W FbSoLoader: Initialized FBSoLoader
03-02 09:37:31.863 30580 30580 W MultiDexInstaller: Vanilla class loader is installed
03-02 09:37:31.870   921   921 D SurfaceFlinger: Focus addInputWindowCommands timestamp=605845393118802, windowName=32d5f99 com.softnation.Ojam/com.softnation.Ojam.MainActivity
03-02 09:37:31.870   921   921 I SurfaceFlinger: onHandleDestroyed: name=Surface(name=77d8129 NavigationBar0#101614)/@0x3faba4f - animation-leash of insets_animation#132322, layerId=132322, parentId=0
03-02 09:37:31.870   921   921 I SurfaceFlinger: onHandleDestroyed: name=Surface(name=5b2ee94 StatusBar#103)/@0xf6cf932 - animation-leash of insets_animation#132321, layerId=132321, parentId=0
03-02 09:37:31.871 30580 30985 W libc    : Access denied finding property "vendor.migl.debug"
03-02 09:37:31.871 30580 30985 I libMiGL : EnableDR: 0
03-02 09:37:31.872 30580 30985 D libMEOW : meow new tls: 0xb400007981af00f0
03-02 09:37:31.872 30580 30985 D libMEOW : meow reload base cfg path: na
03-02 09:37:31.872 30580 30985 D libMEOW : meow reload overlay cfg path: na
03-02 09:37:31.873   921  1483 D SurfaceFlinger: updateWinowInfo=1, setFocusedWindow timestamp=605845393118802, windowName=32d5f99 com.softnation.Ojam/com.softnation.Ojam.MainActivity
03-02 09:37:31.878 26843 26843 D VRI[MainActivity]: vri.reportNextDraw android.view.ViewRootImpl.performTraversals:4984 android.view.ViewRootImpl.doTraversal:3564 android.view.ViewRootImpl$TraversalRunnable.run:11781 android.view.Choreographer$CallbackRecord.run:1804 android.view.Choreographer$CallbackRecord.run:1813 
03-02 09:37:31.880 30580 30985 E QT      : [QT]file does not exist
03-02 09:37:31.881 30580 30985 D libMEOW : applied 1 plugins for [com.instagram.android]:
03-02 09:37:31.881 30580 30985 D libMEOW :   plugin 1: [libMEOW_gift.so]:
03-02 09:37:31.885 30580 30985 D MMUD    : mtk_memory_debug_init com.instagram.android 0xb400007c0895a5d0
03-02 09:37:31.887  1621  1731 I ClipboardServiceI: checkProviderWakePathForClipboard: primaryClip is null
03-02 09:37:31.887   921   921 I BufferQueueDebug: [Surface(name=5b2ee94 StatusBar#103)/@0xf6cf932 - animation-leash of insets_animation#132321](this:0xb400007bcec58f38,id:-1,api:0,p:-1,c:921) onDestructor()
03-02 09:37:31.888   921   921 I BufferQueueDebug: [Surface(name=77d8129 NavigationBar0#101614)/@0x3faba4f - animation-leash of insets_animation#132322](this:0xb400007bceca8af8,id:-1,api:0,p:-1,c:921) onDestructor()
03-02 09:37:31.898 30580 30985 E libEGL  : call to OpenGL ES API with no current context (logged once per thread)
03-02 09:37:31.898 30580 30985 E libEGL  : call to OpenGL ES API with no current context (logged once per thread)
03-02 09:37:31.898 30580 30985 E libEGL  : call to OpenGL ES API with no current context (logged once per thread)
03-02 09:37:31.898 30580 30985 D BufferQueueConsumer: [](id:777400000000,api:0,p:-1,c:30580) connect: controlledByApp=true
03-02 09:37:31.904  1621  1842 I MiuiNetworkPolicy: updateUidState uid = 10105, uidState = 8
03-02 09:37:31.905  1141  7637 E IPCThreadState: Binder transaction failure. id: 351902942, BR_*: 29201, error: -1 (Operation not permitted)
03-02 09:37:31.905  1141  7637 W BpBinder: Large or Failed outgoing transaction of 108 bytes, interface descriptor , code 1
03-02 09:37:31.915  1621  2834 D PackageManager: set app component=ComponentInfo{com.facebook.appmanager/com.facebook.oxygen.appmanager.nekodirect.NekoDirectProvider} enabled state: 2 from com.facebook.appmanager,uid=10122,pid=30652
03-02 09:37:31.917  1621  2834 W ContentProviderHelper: No provider info for content provider com.facebook.appmanager.nekodirect when providerRunning is false, caller is ProcessRecord{3ce0b68 30652:com.facebook.appmanager/u0a122}
03-02 09:37:31.918 30652 30885 E ActivityThread: Failed to find provider info for com.facebook.appmanager.nekodirect
03-02 09:37:31.920  1621  2834 D PackageManager: set app component=ComponentInfo{com.facebook.appmanager/com.facebook.oxygen.appmanager.installapi.OxInstallApiProvider} enabled state: 1 from com.facebook.appmanager,uid=10122,pid=30652
03-02 09:37:31.934 30580 30996 D nativeloader: Load /data/app/~~9XGqlD0VagabgcI_VANKpQ==/com.instagram.android-cvlzusJbsYajdvL5zp8jzg==/lib/arm64/libbreakpad.so using class loader ns clns-7 (caller=/data/app/~~9XGqlD0VagabgcI_VANKpQ==/com.instagram.android-cvlzusJbsYajdvL5zp8jzg==/base.apk!classes16.dex): ok
03-02 09:37:31.934  1621  4754 D PackageManager: set app component=ComponentInfo{com.facebook.appmanager/com.facebook.oxygen.appmanager.firstparty.tos.ShouldAcceptTos} enabled state: 2 from com.facebook.appmanager,uid=10122,pid=30652
03-02 09:37:31.936  1621  1731 D PackageManager: set app component=ComponentInfo{com.facebook.appmanager/com.facebook.oxygen.appmanager.firstparty.tos.ShouldShowTos} enabled state: 2 from com.facebook.appmanager,uid=10122,pid=30652
03-02 09:37:31.938  1621  2834 D PackageManager: set app component=ComponentInfo{com.facebook.appmanager/com.facebook.oxygen.appmanager.firstparty.tos.ShouldShowExplicitTos} enabled state: 2 from com.facebook.appmanager,uid=10122,pid=30652
03-02 09:37:31.940 30652 30885 W JobInfo : Job 'com.facebook.appmanager/com.facebook.oxygen.appmanager.update.core.UpdateService#5500' has a deadline with no functional constraints. The deadline won't improve job execution latency. Consider removing the deadline.
03-02 09:37:31.941  1621  2834 W JobInfo : Job 'com.facebook.appmanager/com.facebook.oxygen.appmanager.update.core.UpdateService#5500' has a deadline with no functional constraints. The deadline won't improve job execution latency. Consider removing the deadline.
03-02 09:37:31.947 30580 30985 E libEGL  : call to OpenGL ES API with no current context (logged once per thread)
03-02 09:37:31.949  1621  2834 E JobScheduler: ResourceBudgetManagerInternal is null
03-02 09:37:31.950 18562 18789 D BluetoothDevice: getAddress: mAddress=XX:XX:XX:XX:39:B1
03-02 09:37:31.951 18562 18789 D BluetoothDevice: getAddress: mAddress=XX:XX:XX:XX:39:B1
03-02 09:37:31.951 18562 18789 D BluetoothDevice: getAddress: mAddress=XX:XX:XX:XX:39:B1
03-02 09:37:31.951   921  1170 D SurfaceFlinger: [SF client] NEW(0xb400007caea07ed0) for (26843:com.softnation.Ojam)
03-02 09:37:31.953  1621  2834 I whetstone.activity: Power Event callback listener is empty for resId=256
03-02 09:37:31.953  1621  2834 D BatteryStatsManagerStub: notifyEvent for resId=256 used 1ms
03-02 09:37:31.958  1621  4754 D PackageManager: set app component=ComponentInfo{com.facebook.appmanager/com.facebook.oxygen.appmanager.webinstall.WebInstallAppLinkActivityV2} enabled state: 1 from com.facebook.appmanager,uid=10122,pid=30652
03-02 09:37:31.958 26843 26843 D MiuiCameraCoveredManager: java.lang.NullPointerException: Attempt to invoke virtual method 'java.lang.String android.provider.MiuiSettings$SettingsCloudData$CloudData.getString(java.lang.String, java.lang.String)' on a null object reference
03-02 09:37:31.958 30580 30996 D nativeloader: Load /data/data/com.instagram.android/lib-compressed/libearlystartup.so using class loader ns clns-7 (caller=/data/app/~~9XGqlD0VagabgcI_VANKpQ==/com.instagram.android-cvlzusJbsYajdvL5zp8jzg==/base.apk!classes16.dex): ok
03-02 09:37:31.959  1621  2655 I whetstone.activity: Power Event callback listener is empty for resId=256
03-02 09:37:31.960  1621  2655 D BatteryStatsManagerStub: notifyEvent for resId=256 used 0ms
03-02 09:37:31.963 26843 30835 W libc    : Access denied finding property "ro.vendor.display.iris_x7.support"
03-02 09:37:31.965 26843 26843 I ForceDarkHelperStubImpl: setViewRootImplForceDark: false for com.softnation.Ojam.MainActivity@db08fa, reason: AppDarkModeEnable
03-02 09:37:31.965 26843 26843 D VRI[PopupWindow:99e000f]: hardware acceleration = true, forceHwAccelerated = false
03-02 09:37:31.970   921  1170 I BufferQueueDebug: [e98cd59 PopupWindow:99e000f#132329](this:0xb400007bceccdb48,id:-1,api:0,p:-1,c:-1) BufferQueue core=(921:/system/bin/surfaceflinger)
03-02 09:37:31.977  1621  1922 I SmartPower: com.google.android.googlequicksearchbox:search/10165(15970): background->idle(3010ms) R(become background) adj=800.
03-02 09:37:31.977  1621  2655 D PackageManager: set app component=ComponentInfo{com.facebook.appmanager/com.facebook.oxygen.appmanager.webinstall.WebInstallAppLinkActivityV2} enabled state: 2 from com.facebook.appmanager,uid=10122,pid=30652
03-02 09:37:31.978  1621  1922 I SmartPower: com.miui.home/10166(1999): background->idle(3010ms) R(become background) adj=0.
03-02 09:37:31.979  1621  1922 I SmartPower: com.mi.globalminusscreen/10162(11917): background->idle(3005ms) R(become background) adj=0.
03-02 09:37:31.982 26843 26843 D InputEventReceiver: Input log is disabled in InputEventReceiver.
03-02 09:37:31.988 30580 31000 D MMUD    : get_leak_baseline 3246391296
03-02 09:37:31.989 30580 30580 W MultiDexInstaller: Vanilla class loader is installed
03-02 09:37:31.989 30580 30580 W SoLoader: Loading fbjni on the main thread
03-02 09:37:31.989  1621  1651 I ActivityTaskManager: visible for Task{563e481 #37009 type=standard A=10337:com.softnation.Ojam} visible = true isAnimating = false TRANSITION = false PARENTS = false CHILDREN = false
03-02 09:37:31.992  1621  2834 D PackageManager: set app component=ComponentInfo{com.facebook.appmanager/com.facebook.oxygen.appmanager.webinstall.WebInstallAppLinkIgliteActivity} enabled state: 2 from com.facebook.appmanager,uid=10122,pid=30652
03-02 09:37:31.994 30580 30580 W SoLoader: Loading profilo_apiimpl on the main thread
03-02 09:37:31.994 30580 30580 W SoLoader: Loading fb on the main thread
03-02 09:37:31.994 30580 30580 W SoLoader: Loading fb on the main thread
03-02 09:37:32.000  1621  2655 D CoreBackPreview: Window{e98cd59 u0 PopupWindow:99e000f}: Setting back callback OnBackInvokedCallbackInfo{mCallback=android.window.IOnBackInvokedCallback$Stub$Proxy@8c309f7, mPriority=0, mIsAnimationCallback=false}
03-02 09:37:32.004 30580 30996 W lacrima : The minidump file is empty!
03-02 09:37:32.008  1621  1731 D PackageManager: set app component=ComponentInfo{com.facebook.appmanager/com.facebook.oxygen.appmanager.webinstall.WebInstallAppLinkFbliteActivity} enabled state: 1 from com.facebook.appmanager,uid=10122,pid=30652
03-02 09:37:32.010 30580 30580 W SoLoader: Loading profilo_configjni on the main thread
03-02 09:37:32.011 30580 30580 W SoLoader: Loading profilo_configjni on the main thread
03-02 09:37:32.017   921  1170 I BufferQueueDebug: [PopupWindow:99e000f#132330](this:0xb400007bcec8c358,id:-1,api:0,p:-1,c:-1) BufferQueue core=(921:/system/bin/surfaceflinger)
03-02 09:37:32.020  1621  1731 D PackageManager: set app component=ComponentInfo{com.facebook.appmanager/com.facebook.oxygen.appmanager.webinstall.WebInstallAppLinkFbliteActivity} enabled state: 2 from com.facebook.appmanager,uid=10122,pid=30652
03-02 09:37:32.021  1621  2655 D MiuiRefreshRatePolicy: reset
03-02 09:37:32.023 30580 30580 W SoLoader: Loading profilo_mmapbuf on the main thread
03-02 09:37:32.024 30580 30580 W SoLoader: Loading profilo on the main thread
03-02 09:37:32.024 30580 30580 W Profilo/TraceControl: Loom client config id: -7913564814184533763
03-02 09:37:32.025 30580 30580 W Profilo/TraceControl: START PROFILO_TRACEID: CcsJwk05NYo 30539777
03-02 09:37:32.028 30580 30580 W SoLoader: Loading profilo_mmapbuf on the main thread
03-02 09:37:32.028  1621  3051 D PackageManager: set app component=ComponentInfo{com.facebook.appmanager/com.facebook.oxygen.appmanager.webinstall.WebInstallAppLinkFB4AActivity} enabled state: 2 from com.facebook.appmanager,uid=10122,pid=30652
03-02 09:37:32.029 26843 26843 D BufferQueueConsumer: [](id:68db00000001,api:0,p:-1,c:26843) connect: controlledByApp=false
03-02 09:37:32.030 26843 26843 D BLASTBufferQueue: [VRI[PopupWindow:99e000f]#1](f:0,a:0) constructor()
03-02 09:37:32.030 26843 26843 D BLASTBufferQueue: [VRI[PopupWindow:99e000f]#1](f:0,a:0) update width=1080 height=65 format=-3 mTransformHint=0
03-02 09:37:32.032 30580 30580 W SoLoader: Loading profilo on the main thread
03-02 09:37:32.033 30580 30580 W SoLoader: Loading profilo on the main thread
03-02 09:37:32.033 30580 30580 W SoLoader: Loading profilo on the main thread
03-02 09:37:32.034 30580 30580 W SoLoader: Loading profilo on the main thread
03-02 09:37:32.034 30580 30996 W lacrima : Start AnrAppDeathDetector... X.0mj
03-02 09:37:32.037  1621  1651 I ActivityTaskManager: visible for Task{563e481 #37009 type=standard A=10337:com.softnation.Ojam} visible = true isAnimating = false TRANSITION = false PARENTS = false CHILDREN = false
03-02 09:37:32.037 26843 26843 I ForceDarkHelperStubImpl: setViewRootImplForceDark: false for com.softnation.Ojam.MainActivity@db08fa, reason: AppDarkModeEnable
03-02 09:37:32.040 26843 26843 D VRI[PopupWindow:99e000f]: vri.reportNextDraw android.view.ViewRootImpl.performTraversals:4984 android.view.ViewRootImpl.doTraversal:3564 android.view.ViewRootImpl$TraversalRunnable.run:11781 android.view.Choreographer$CallbackRecord.run:1804 android.view.Choreographer$CallbackRecord.run:1813 
03-02 09:37:32.041 30580 30996 E HeliumCrashReporter: Pending crash path /data/data/com.instagram.android/cache/webview_embedded/Helium Crashpad/pending/ is not a directory
03-02 09:37:32.041 26843 26843 D VRI[PopupWindow:99e000f]: Setup new sync=wmsSync-VRI[PopupWindow:99e000f]#0
03-02 09:37:32.043  1621  2834 D PackageManager: set app component=ComponentInfo{com.facebook.appmanager/com.facebook.oxygen.appmanager.webinstall.WebInstallAppLinkInstagramActivity} enabled state: 2 from com.facebook.appmanager,uid=10122,pid=30652
03-02 09:37:32.049 26843 26843 D UserSceneDetector: invoke error.
03-02 09:37:32.053  1621  2834 D PackageManager: set app component=ComponentInfo{com.facebook.appmanager/com.facebook.oxygen.appmanager.webinstall.WebInstallAppLinkThreadsActivity} enabled state: 2 from com.facebook.appmanager,uid=10122,pid=30652
03-02 09:37:32.056  1621  2834 D PackageManager: set app component=ComponentInfo{com.facebook.appmanager/com.facebook.oxygen.appmanager.webinstall.WebInstallAppLinkMessengerActivity} enabled state: 2 from com.facebook.appmanager,uid=10122,pid=30652
03-02 09:37:32.060  1621  1731 D PackageManager: set app component=ComponentInfo{com.facebook.appmanager/com.facebook.oxygen.appmanager.webinstall.WebInstallAppLinkIgliteLoggedOutActivity} enabled state: 2 from com.facebook.appmanager,uid=10122,pid=30652
03-02 09:37:32.061  1621  2655 D AS.BtHelper: isBluetoothScoOn() mBluetoothHeadset is null: falsemBluetoothHeadsetDevice is null: true
03-02 09:37:32.063  1621  2655 V AS.AudioDeviceBroker: requestedCommunicationDevice: null mAudioModeOwner: AudioModeInfo: mMode=MODE_NORMAL, mPid=0, mUid=0
03-02 09:37:32.063  1621  2655 D AS.BtHelper: isBluetoothScoOn() mBluetoothHeadset is null: falsemBluetoothHeadsetDevice is null: true
03-02 09:37:32.064  1621  2655 V AS.AudioDeviceBroker: requestedCommunicationDevice: null mAudioModeOwner: AudioModeInfo: mMode=MODE_NORMAL, mPid=0, mUid=0
03-02 09:37:32.069 26843 30835 D HWUI    : makeCurrent grContext:0xb4000079f1a12e90 reset mTextureAvailable
03-02 09:37:32.069  1621  1731 D PackageManager: set app component=ComponentInfo{com.facebook.appmanager/com.facebook.oxygen.appmanager.webinstall.WebInstallAppLinkFbliteLoggedOutActivity} enabled state: 1 from com.facebook.appmanager,uid=10122,pid=30652
03-02 09:37:32.075 26843 30835 D softnation.Ojam: MiuiProcessManagerServiceStub setSchedFifo
03-02 09:37:32.075 26843 30835 I MiuiProcessManagerImpl: setSchedFifo pid:26843, mode:3
03-02 09:37:32.076  1621  2834 D ProcessManager: beginSchedThreads is not Enabled
03-02 09:37:32.077 26843 30835 D MAGT_SYNC_FRAME: MAGT Sync: MAGT is not supported. Disabling Sync.
03-02 09:37:32.077 26843 30835 D softnation.Ojam: Can't load libmbrainSDK
03-02 09:37:32.081  1621  2834 D PackageManager: set app component=ComponentInfo{com.facebook.appmanager/com.facebook.oxygen.appmanager.webinstall.WebInstallAppLinkFbliteLoggedOutActivity} enabled state: 2 from com.facebook.appmanager,uid=10122,pid=30652
03-02 09:37:32.084 26843 30835 I GrallocExtra: gralloc_extra_query:is_SW3D 0
03-02 09:37:32.086  1621  2834 D PackageManager: set app component=ComponentInfo{com.facebook.appmanager/com.facebook.oxygen.appmanager.webinstall.WebInstallAppLinkFB4ALoggedOutActivity} enabled state: 2 from com.facebook.appmanager,uid=10122,pid=30652
03-02 09:37:32.086 26843 30835 W libc    : Access denied finding property "ro.vendor.display.iris_x7.support"
03-02 09:37:32.089  1621  2834 D PackageManager: set app component=ComponentInfo{com.facebook.appmanager/com.facebook.oxygen.appmanager.webinstall.WebInstallAppLinkInstagramLoggedOutActivity} enabled state: 2 from com.facebook.appmanager,uid=10122,pid=30652
03-02 09:37:32.092  1621  2834 D PackageManager: set app component=ComponentInfo{com.facebook.appmanager/com.facebook.oxygen.appmanager.webinstall.WebInstallAppLinkThreadsLoggedOutActivity} enabled state: 2 from com.facebook.appmanager,uid=10122,pid=30652
03-02 09:37:32.095  1621  2834 D PackageManager: set app component=ComponentInfo{com.facebook.appmanager/com.facebook.oxygen.appmanager.webinstall.WebInstallAppLinkMessengerLoggedOutActivity} enabled state: 2 from com.facebook.appmanager,uid=10122,pid=30652
03-02 09:37:32.096 30580 30580 W AppInitScheduler|Schedule: Schedule 1:EarlyCpuBoostInitializer, deps=[] (0 pending tasks, PriorityHint=null, isCritical=false)
03-02 09:37:32.096 30580 30580 W AppInitScheduler|Schedule:   Executing 1:EarlyCpuBoostInitializer
03-02 09:37:32.097 30580 30580 W AppInitScheduler|Schedule: Schedule 2:DnsInitializer, deps=[1] (1 pending tasks, PriorityHint=null, isCritical=false)
03-02 09:37:32.097 30580 30580 W AppInitScheduler|Schedule: Schedule 147:NetworkProberInitializer, deps=[] (2 pending tasks, PriorityHint=null, isCritical=false)
03-02 09:37:32.097 30580 30580 W AppInitScheduler|Schedule:   Executing 147:NetworkProberInitializer
03-02 09:37:32.097 30580 31036 W AppInitScheduler|Run: DeadlockMonitor active...
03-02 09:37:32.097 30580 30580 W AppInitScheduler|Schedule: Schedule 3:MlockInitializer, deps=[] (3 pending tasks, PriorityHint=null, isCritical=false)
03-02 09:37:32.097 30580 30580 W AppInitScheduler|Schedule:   Executing 3:MlockInitializer
03-02 09:37:32.098 30580 30580 W AppInitScheduler|Schedule: Schedule 107:IgFixieEarlyInitializer, deps=[3] (4 pending tasks, PriorityHint=null, isCritical=false)
03-02 09:37:32.098 30580 30580 W AppInitScheduler|Schedule: Schedule 5:SessionInitializer, deps=[107] (5 pending tasks, PriorityHint=null, isCritical=false)
03-02 09:37:32.098 30580 30580 W AppInitScheduler|Schedule: Schedule 7:LiteProviderInitializer, deps=[5] (6 pending tasks, PriorityHint=null, isCritical=false)
03-02 09:37:32.098 30580 30580 W AppInitScheduler|Schedule: Schedule 8:LightweightQPLInitializerImpl, deps=[7] (7 pending tasks, PriorityHint=null, isCritical=false)
03-02 09:37:32.098 30580 30580 W AppInitScheduler|Schedule: Schedule 9:LacrimaHealthInitializer, deps=[8] (8 pending tasks, PriorityHint=null, isCritical=false)
03-02 09:37:32.098 30580 30580 W AppInitScheduler|Schedule: Schedule 10:IgSharedPreferencesQPLInitializer, deps=[9] (9 pending tasks, PriorityHint=null, isCritical=false)
03-02 09:37:32.098 30580 30580 W AppInitScheduler|Schedule: Schedule 11:QEInitializer, deps=[10] (10 pending tasks, PriorityHint=null, isCritical=false)
03-02 09:37:32.098 30580 30580 W AppInitScheduler|Schedule: Schedule 12:StorageInitializer, deps=[11, 120] (11 pending tasks, PriorityHint=null, isCritical=false)
03-02 09:37:32.098 30580 30580 W AppInitScheduler|Schedule: Schedule 135:SDBInitializer, deps=[5, 79] (12 pending tasks, PriorityHint=null, isCritical=false)
03-02 09:37:32.098 30580 30580 W AppInitScheduler|Schedule: Schedule 44:DevToolInitializer, deps=[12] (13 pending tasks, PriorityHint=null, isCritical=false)
03-02 09:37:32.098 30580 30580 W AppInitScheduler|Schedule: Schedule 15:TNTSInitializer, deps=[115] (14 pending tasks, PriorityHint=null, isCritical=false)
03-02 09:37:32.098 30580 30580 W AppInitScheduler|Schedule: Schedule 16:HttpServiceInitializer, deps=[15] (15 pending tasks, PriorityHint=null, isCritical=false)
03-02 09:37:32.098 30580 30580 W AppInitScheduler|Schedule: Schedule 133:HttpStoresInitializer, deps=[16] (16 pending tasks, PriorityHint=null, isCritical=false)
03-02 09:37:32.098 30580 30580 W AppInitScheduler|Schedule: Schedule 17:FeedRequestInitializer, deps=[133] (17 pending tasks, PriorityHint=null, isCritical=false)
03-02 09:37:32.098 30580 31037 W AppInitScheduler|Run: Running EarlyCpuBoostInitializer, order=0, priorityHint=null 
03-02 09:37:32.099 30580 31038 W AppInitScheduler|Run: Running NetworkProberInitializer, order=2, priorityHint=null 
03-02 09:37:32.099  1621  2655 D PackageManager: set app component=ComponentInfo{com.facebook.appmanager/com.facebook.oxygen.appmanager.webinstall.WebInstallAppLinkIgliteRestrictedActivity} enabled state: 2 from com.facebook.appmanager,uid=10122,pid=30652
03-02 09:37:32.100 30580 31039 W AppInitScheduler|Run: Running MlockInitializer, order=3, priorityHint=null 
03-02 09:37:32.101 30580 31039 W AppInitScheduler|Run:   Finished MlockInitializer in 2ms
03-02 09:37:32.101 30580 31039 W AppInitScheduler|Schedule:   Executing 107:IgFixieEarlyInitializer
03-02 09:37:32.102 30580 30580 W AppInitScheduler|Schedule: Schedule 148:HomecomingClipsTabInitializer, deps=[133, 18] (18 pending tasks, PriorityHint=null, isCritical=false)
03-02 09:37:32.102 30580 30580 W AppInitScheduler|Schedule: Schedule 120:MainFeedRequestHeaderInitializer, deps=[11] (18 pending tasks, PriorityHint=null, isCritical=false)
03-02 09:37:32.102 30580 30580 W AppInitScheduler|Schedule: Schedule 60:IndependentSingletonInitializer, deps=[11, 93] (19 pending tasks, PriorityHint=null, isCritical=false)
03-02 09:37:32.102 30580 30580 W AppInitScheduler|Schedule: Schedule 25:AppStartupTrackerInitializer, deps=[72] (20 pending tasks, PriorityHint=null, isCritical=false)
03-02 09:37:32.102 30580 30580 W AppInitScheduler|Schedule: Schedule 89:PushNotificationInitializerForInstagram, deps=[11, 93] (21 pending tasks, PriorityHint=null, isCritical=false)
