03-02 09:37:27.996  1999  1999 D ShortcutMenuLayerElement: 	at com.miui.home.recents.anim.StateManager.$r8$lambda$C-kZp_X93nanDwYsUFIjH_GwEtM(Unknown Source:0)
03-02 09:37:27.996  1999  1999 D ShortcutMenuLayerElement: 	at com.miui.home.recents.anim.StateManager$$ExternalSyntheticLambda3.run(Unknown Source:4)
03-02 09:37:27.996  1999  1999 D ShortcutMenuLayerElement: 	at android.os.Handler.handleCallback(Handler.java:959)
03-02 09:37:27.996  1999  1999 D ShortcutMenuLayerElement: 	at android.os.Handler.dispatchMessage(Handler.java:100)
03-02 09:37:27.996  1999  1999 D ShortcutMenuLayerElement: 	at android.os.Looper.loopOnce(Looper.java:249)
03-02 09:37:27.996  1999  1999 D ShortcutMenuLayerElement: 	at android.os.Looper.loop(Looper.java:337)
03-02 09:37:27.996  1999  1999 D ShortcutMenuLayerElement: 	at android.app.ActivityThread.main(ActivityThread.java:9500)
03-02 09:37:27.996  1999  1999 D ShortcutMenuLayerElement: 	at java.lang.reflect.Method.invoke(Native Method)
03-02 09:37:27.996  1999  1999 D ShortcutMenuLayerElement: 	at com.android.internal.os.RuntimeInit$MethodAndArgsCaller.run(RuntimeInit.java:636)
03-02 09:37:27.996  1999  1999 D ShortcutMenuLayerElement: 	at com.android.internal.os.ZygoteInit.main(ZygoteInit.java:1005)
03-02 09:37:27.996  1999  2652 I RectFSpringAnim: resetAnimValue KEY_SURFACE_EXT_ALPHA mTargetRect = RectF(504.0, 784.0, 576.0, 856.0) endAlpha=0.0
03-02 09:37:27.996  1999  1999 D WallpaperElement: animTo   zoomOut=1.0 useWallpaperAnim=false
03-02 09:37:27.996  1999  2652 D RectFSpringAnim: clearRectFSpringAnimListener
03-02 09:37:27.996  1999  1999 D RecentBlurViewElement: animTo: params = RecentBlurParams(blurRadius=0.0, dimming=0.0, dampingRatio=0.95, response=0.45) blurView = null
03-02 09:37:27.996  1999  2652 I RectFSpringAnim: changeAnimStart start=false
03-02 09:37:27.996  1999  2652 D LocalWindowAnimImplementor: animResetReady, reset mAnim=RectFSpringAnim{mStartRect=RectF(0.0, 0.0, 1080.0, 2460.0), mTargetRect=RectF(504.0, 784.0, 576.0, 856.0), mStartAlpha=1.0, mEndAlpha=0.0}
03-02 09:37:27.996  1999  2652 I RectFSpringAnim: setAnimParamByType = CLOSE_TO_HOME_CENTER
03-02 09:37:27.996  1999  2652 E MultiSpringDynamicAnimation27d4178: ERROR Not Found Bundle Radius
03-02 09:37:27.996  1999  2652 E MultiSpringDynamicAnimation27d4178: ERROR Not Found Bundle SurfaceExtAlpha
03-02 09:37:27.996  1999  2652 D RectFSpringAnim: addAnimatorListener
03-02 09:37:27.996  1999  2652 D WindowElement: 2b3a2db bindIconLayerLeashIfNeeded false  null  Surface(name=TL_Surface(name=Task=1#47)/@0x4294a63_transition-leash#132311)/@0xad4ccbc target = null
03-02 09:37:27.996  1999  2652 I RectFSpringAnim: startInGestureThread
03-02 09:37:27.996 30368 30368 I JavaheapMonitor: Disabled. Process name: <pre-initialized>
03-02 09:37:27.997  1999  1999 D HomeLayerElement: animTo, ennable = true params=HomeLayerParams(startAlpha=0.0, startScale=0.95, endAlpha=1.0, endScale=1.0)
03-02 09:37:27.997  1999  1999 D HomeLayerElement: java.lang.Exception
03-02 09:37:27.997  1999  1999 D HomeLayerElement: 	at com.miui.home.recents.anim.HomeLayerElement.animTo(HomeLayerElement.kt:163)
03-02 09:37:27.997  1999  1999 D HomeLayerElement: 	at com.miui.home.recents.anim.StateManager.handleAllElementParams(StateManager.kt:312)
03-02 09:37:27.997  1999  1999 D HomeLayerElement: 	at com.miui.home.recents.anim.StateManager.onAnimParamsReady(StateManager.kt:240)
03-02 09:37:27.997  1999  1999 D HomeLayerElement: 	at com.miui.home.recents.anim.StateManager.onAnimParamsReady$default(StateManager.kt:237)
03-02 09:37:27.997  1999  1999 D HomeLayerElement: 	at com.miui.home.recents.anim.WindowElement.onClosingWindowTransitionExecute$lambda-9(WindowElement.kt:427)
03-02 09:37:27.997  1999  1999 D HomeLayerElement: 	at com.miui.home.recents.anim.WindowElement.$r8$lambda$4vBY0vyx5GyPPzPO6CeZtw3aGOs(Unknown Source:0)
03-02 09:37:27.997  1999  1999 D HomeLayerElement: 	at com.miui.home.recents.anim.WindowElement$$ExternalSyntheticLambda11.run(Unknown Source:8)
03-02 09:37:27.997  1999  1999 D HomeLayerElement: 	at com.miui.home.library.utils.LooperExecutor.execute(LooperExecutor.java:43)
03-02 09:37:27.997  1999  1999 D HomeLayerElement: 	at com.miui.home.recents.anim.WindowElement.onClosingWindowTransitionExecute(WindowElement.kt:397)
03-02 09:37:27.997  1999  1999 D HomeLayerElement: 	at com.miui.home.recents.anim.WindowElement.onClosingWindowTransitionExecute$default(WindowElement.kt:395)
03-02 09:37:27.997  1999  1999 D HomeLayerElement: 	at com.miui.home.recents.anim.WindowElement$init$1.onClosingWindowTransitionStart(WindowElement.kt:1162)
03-02 09:37:27.997  1999  1999 D HomeLayerElement: 	at com.android.systemui.shared.recents.system.WindowTransitionCompat$2.lambda$startAnimation$0(WindowTransitionCompat.java:257)
03-02 09:37:27.997  1999  1999 D HomeLayerElement: 	at com.android.systemui.shared.recents.system.WindowTransitionCompat$2.$r8$lambda$hcqKCUwnRuMqtvMJ6DPLae5xnFA(Unknown Source:0)
03-02 09:37:27.997  1999  1999 D HomeLayerElement: 	at com.android.systemui.shared.recents.system.WindowTransitionCompat$2$$ExternalSyntheticLambda0.run(Unknown Source:10)
03-02 09:37:27.997  1999  1999 D HomeLayerElement: 	at com.miui.home.library.utils.LooperExecutor.execute(LooperExecutor.java:43)
03-02 09:37:27.997  1999  1999 D HomeLayerElement: 	at com.android.systemui.shared.recents.system.WindowTransitionCompat$2.startAnimation(WindowTransitionCompat.java:267)
03-02 09:37:27.997  1999  1999 D HomeLayerElement: 	at com.android.systemui.shared.recents.system.WindowTransitionCompat.wrapRemoteTransition(WindowTransitionCompat.java:745)
03-02 09:37:27.997  1999  1999 D HomeLayerElement: 	at com.miui.home.recents.anim.WindowElement.injectRemoteTransition(WindowElement.kt:687)
03-02 09:37:27.997  1999  1999 D HomeLayerElement: 	at com.miui.home.recents.anim.StateManager$CommonState.handleEvent(StateManager.kt:1291)
03-02 09:37:27.997  1999  1999 D HomeLayerElement: 	at com.miui.home.recents.anim.StateManager.handleEventActually(StateManager.kt:112)
03-02 09:37:27.997  1999  1999 D HomeLayerElement: 	at com.miui.home.recents.anim.StateManager.sendEventActually$lambda-0(StateManager.kt:99)
03-02 09:37:27.997  1999  1999 D HomeLayerElement: 	at com.miui.home.recents.anim.StateManager.$r8$lambda$C-kZp_X93nanDwYsUFIjH_GwEtM(Unknown Source:0)
03-02 09:37:27.997  1999  1999 D HomeLayerElement: 	at com.miui.home.recents.anim.StateManager$$ExternalSyntheticLambda3.run(Unknown Source:4)
03-02 09:37:27.997  1999  1999 D HomeLayerElement: 	at android.os.Handler.handleCallback(Handler.java:959)
03-02 09:37:27.997  1999  1999 D HomeLayerElement: 	at android.os.Handler.dispatchMessage(Handler.java:100)
03-02 09:37:27.997  1999  1999 D HomeLayerElement: 	at android.os.Looper.loopOnce(Looper.java:249)
03-02 09:37:27.997  1999  1999 D HomeLayerElement: 	at android.os.Looper.loop(Looper.java:337)
03-02 09:37:27.997  1999  1999 D HomeLayerElement: 	at android.app.ActivityThread.main(ActivityThread.java:9500)
03-02 09:37:27.997  1999  1999 D HomeLayerElement: 	at java.lang.reflect.Method.invoke(Native Method)
03-02 09:37:27.997  1999  1999 D HomeLayerElement: 	at com.android.internal.os.RuntimeInit$MethodAndArgsCaller.run(RuntimeInit.java:636)
03-02 09:37:27.997  1999  1999 D HomeLayerElement: 	at com.android.internal.os.ZygoteInit.main(ZygoteInit.java:1005)
03-02 09:37:27.997  1999  1999 I AnimStateManager: go to state com.miui.home.recents.anim.StateManager$HomeState@601bf45
03-02 09:37:27.997  1999  1999 D WindowTransitionCompat: startAnimation end
03-02 09:37:27.997  1999  2652 E MultiSpringDynamicAnimation27d4178: ERROR Not Found Bundle SurfaceExtAlpha
03-02 09:37:27.997  1999  2652 E MultiSpringDynamicAnimation27d4178: ERROR Not Found Bundle SurfaceExtAlpha
03-02 09:37:27.997  1999  2652 I RectFSpringAnim: changeAnimStart start=true
03-02 09:37:27.997  1999  2652 E MultiSpringDynamicAnimationccf4de7: ERROR Not Found Bundle scaleY
03-02 09:37:27.998  1999  1999 D TaskSnapshotCompatVV: getIsInvalidateFromTaskSnapshot, isInvalidate=false
03-02 09:37:27.998 30368 30368 D MiuiMonitorThread: Shared singleton Thread for stability monitor start
03-02 09:37:27.998  1999  1999 D EventBus: No subscribers registered for event class com.miui.home.recents.messages.TaskSnapshotChangedEvent
03-02 09:37:27.998  1999  1999 D EventBus: No subscribers registered for event class org.greenrobot.eventbus.NoSubscriberEvent
03-02 09:37:27.999  1999  1999 D Launcher.Lifecycle: onWindowFocusChanged:true,UserHandle{0},c143874,false
03-02 09:37:27.999  1999  1999 D Launcher_UnlockAnimationStateMachine: onWindowFocus:IDLE
03-02 09:37:27.999  1999  1999 D Launcher_UnlockAnimationStateMachine: showAnimation = IDLE
03-02 09:37:28.002  1999  1999 I HandWritingStubImpl: refreshLastKeyboardType: 1
03-02 09:37:28.002  1999  1999 I HandWritingStubImpl: getCurrentKeyboardType: 1
03-02 09:37:28.003  1621  1806 W InputMethodManagerService: Clear show forced flag.
03-02 09:37:28.003  1621  1806 I ImeTracker: com.miui.home:772b5234: onRequestHide at ORIGIN_SERVER reason HIDE_UNSPECIFIED_WINDOW fromUser false
03-02 09:37:28.004  6515 14475 D MirrorManager:  sendAcceptInput 0 0
03-02 09:37:28.004  1621  1806 I ImeTracker: com.miui.home:772b5234: onCancelled at PHASE_SERVER_SHOULD_HIDE
03-02 09:37:28.009  2526  2526 I GoogleInputMethodService: GoogleInputMethodService.onFinishInput():2113 
03-02 09:37:28.010  2526  2526 I Module  : DeviceLockedStatusModuleProvider$Module.updateDeviceLockedStatus():103 repeatCheckTimes = 0, locked = false
03-02 09:37:28.010   921  1170 I BufferQueueDebug: [Surface(name=751ea6d InputMethod#71915)/@0xaafc069 - animation-leash of insets_animation#132315](this:0xb400007bcec8f0e8,id:-1,api:0,p:-1,c:-1) BufferQueue core=(921:/system/bin/surfaceflinger)
03-02 09:37:28.013  2526  2526 I GoogleInputMethodService: GoogleInputMethodService.onStartInput():1384 onStartInput(EditorInfo{EditorInfo{packageName=com.miui.home, inputType=0, inputTypeString=NULL, enableLearning=false, autoCorrection=false, autoComplete=false, imeOptions=0, privateImeOptions=null, actionName=UNSPECIFIED, actionLabel=null, initialSelStart=-1, initialSelEnd=-1, initialCapsMode=0, label=null, fieldId=0, fieldName=null, extras=Bundle[mParcelledData.dataSize=72], hintText=null, hintLocales=[]}}, false)
03-02 09:37:28.014  1621  1651 D MiuiRefreshRatePolicy: reset
03-02 09:37:28.014  2526  2526 I Module  : DeviceLockedStatusModuleProvider$Module.updateDeviceLockedStatus():103 repeatCheckTimes = 1, locked = false
03-02 09:37:28.016  1621  1731 W PackageConfigPersister: App-specific configuration not found for packageName: com.miui.home and userId: 0
03-02 09:37:28.017  1621  1651 I ActivityTaskManager: visible for Task{27e6aff #2 type=home I=com.miui.home/.launcher.Launcher} visible = true isAnimating = false TRANSITION = false PARENTS = false CHILDREN = false
03-02 09:37:28.022  1621  1650 D MiuiRefreshRatePolicy: reset
03-02 09:37:28.026   921   921 I MI-SF   : surfaceflinger setAffinity mode=1
03-02 09:37:28.026   921   921 E MI-SF   : surfaceflinger setAffinity success
03-02 09:37:28.026   921   921 I MI-SF   : surfaceflinger setreAffinity reTid=1207
03-02 09:37:28.026   921   921 E MI-SF   : surfaceflinger setAffinity success
03-02 09:37:28.029  1621  4764 D AS.BtHelper: isBluetoothScoOn() mBluetoothHeadset is null: falsemBluetoothHeadsetDevice is null: true
03-02 09:37:28.029  1621  4764 V AS.AudioDeviceBroker: requestedCommunicationDevice: null mAudioModeOwner: AudioModeInfo: mMode=MODE_NORMAL, mPid=0, mUid=0
03-02 09:37:28.030 30368 30368 D ActivityThread: setEmbeddedParam packageName=com.reddit.frontpage processName=com.reddit.frontpage isEmbedded=false isIsolated=false
03-02 09:37:28.030  1621  4764 D AS.BtHelper: isBluetoothScoOn() mBluetoothHeadset is null: falsemBluetoothHeadsetDevice is null: true
03-02 09:37:28.030  1621  4764 V AS.AudioDeviceBroker: requestedCommunicationDevice: null mAudioModeOwner: AudioModeInfo: mMode=MODE_NORMAL, mPid=0, mUid=0
03-02 09:37:28.038  1621  1731 D MiuiRefreshRatePolicy: reset
03-02 09:37:28.040 30368 30368 D ApplicationLoaders: Returning zygote-cached class loader: /system_ext/framework/androidx.window.extensions.jar
03-02 09:37:28.040 30368 30368 D ApplicationLoaders: Returning zygote-cached class loader: /system_ext/framework/androidx.window.sidecar.jar
03-02 09:37:28.042  1621  1651 I ActivityTaskManager: visible for Task{27e6aff #2 type=home I=com.miui.home/.launcher.Launcher} visible = true isAnimating = false TRANSITION = false PARENTS = false CHILDREN = false
03-02 09:37:28.042 30368 30368 D CompatChangeReporter: Compat change id reported: 202956589; UID 10329; state: ENABLED
03-02 09:37:28.045  1621  1731 D MiuiRefreshRatePolicy: reset
03-02 09:37:28.050  2363  2363 D Utilities:  oldHints : 0 backDisposition : 0 imeShown : false hints 0
03-02 09:37:28.050  1621  1651 I ActivityTaskManager: visible for Task{27e6aff #2 type=home I=com.miui.home/.launcher.Launcher} visible = true isAnimating = false TRANSITION = false PARENTS = false CHILDREN = false
03-02 09:37:28.054  1999  1999 D Launcher.Lifecycle: onWindowFocusChanged:true,UserHandle{0},c143874,true
03-02 09:37:28.054  1999  1999 D Launcher_UnlockAnimationStateMachine: onWindowFocus:IDLE
03-02 09:37:28.054  1999  1999 D Launcher_UnlockAnimationStateMachine: showAnimation = IDLE
03-02 09:37:28.058  1999  1999 I HandWritingStubImpl: refreshLastKeyboardType: 1
03-02 09:37:28.058  1999  1999 I HandWritingStubImpl: getCurrentKeyboardType: 1
03-02 09:37:28.059  1621  1806 W InputMethodManagerService: Clear show forced flag.
03-02 09:37:28.060  1621  1806 I ImeTracker: com.miui.home:5df06c2e: onRequestHide at ORIGIN_SERVER reason HIDE_SAME_WINDOW_FOCUSED_WITHOUT_EDITOR fromUser false
03-02 09:37:28.060  6515 14475 D MirrorManager:  sendAcceptInput 0 0
03-02 09:37:28.060  1621  1806 I ImeTracker: com.miui.home:5df06c2e: onCancelled at PHASE_SERVER_SHOULD_HIDE
03-02 09:37:28.062  2526  2526 I GoogleInputMethodService: GoogleInputMethodService.onFinishInput():2113 
03-02 09:37:28.063  1621  1651 I ActivityTaskManager: visible for Task{27e6aff #2 type=home I=com.miui.home/.launcher.Launcher} visible = true isAnimating = false TRANSITION = false PARENTS = false CHILDREN = false
03-02 09:37:28.064  2526  2526 I Module  : DeviceLockedStatusModuleProvider$Module.updateDeviceLockedStatus():103 repeatCheckTimes = 0, locked = false
03-02 09:37:28.065  2526  2526 I GoogleInputMethodService: GoogleInputMethodService.onStartInput():1384 onStartInput(EditorInfo{EditorInfo{packageName=com.miui.home, inputType=0, inputTypeString=NULL, enableLearning=false, autoCorrection=false, autoComplete=false, imeOptions=0, privateImeOptions=null, actionName=UNSPECIFIED, actionLabel=null, initialSelStart=-1, initialSelEnd=-1, initialCapsMode=0, label=null, fieldId=0, fieldName=null, extras=Bundle[mParcelledData.dataSize=72], hintText=null, hintLocales=[]}}, false)
03-02 09:37:28.067  2526  2526 I Module  : DeviceLockedStatusModuleProvider$Module.updateDeviceLockedStatus():103 repeatCheckTimes = 1, locked = false
03-02 09:37:28.070  1621  1731 W PackageConfigPersister: App-specific configuration not found for packageName: com.miui.home and userId: 0
03-02 09:37:28.072  1621  4764 W XSpaceManagerServiceImpl: checkXSpaceControl, from:com.android.shell, to:com.softnation.Ojam, with act:null, callingUserId:0, toUserId:0
03-02 09:37:28.074  1621  4764 W ActivityTaskManager: callingPackage for (uid=2000, pid=30397) has no WPC
03-02 09:37:28.077  1621  4764 D PreStartingManager: Not init when use PreStartingManager!
03-02 09:37:28.078  1621  4764 W OptProp : Cannot read opt property android.window.PROPERTY_COMPAT_ALLOW_ORIENTATION_OVERRIDE
03-02 09:37:28.079  1621  4764 V GrammaticalInflectionUtils: AttributionSource: android.content.AttributionSource@19923ceb does not have READ_SYSTEM_GRAMMATICAL_GENDER permission.
03-02 09:37:28.080  1621  4764 W OptProp : Cannot read opt property android.window.PROPERTY_COMPAT_ALLOW_RESIZEABLE_ACTIVITY_OVERRIDES
03-02 09:37:28.082  2061  2061 I MiuiWallpaper-MiuiWallpaperManagerService: receive broadcast action = android.intent.action.PACKAGE_RESTARTED
03-02 09:37:28.082  1621  4764 W OptProp : Cannot read opt property android.window.PROPERTY_COMPAT_ALLOW_MIN_ASPECT_RATIO_OVERRIDE
03-02 09:37:28.082  1621  1666 I SmartPower: com.milink.service:audio/10190(19603): idle->background(87824ms) R(broadcast start Intent { act=android.intent.action.PACKAGE_RESTARTED dat=package: flg=0x4000010 (has extras) }) adj=100.
03-02 09:37:28.083 30316 30316 D nativeloader: Configuring clns-7 for other apk /data/app/~~QO2ci0v8Sp2v78WV-ahGmw==/mydiary.journal.diary.diarywithlock.diaryjournal.secretdiary-uCJ5kOdCrlaSGwqjdvjTVw==/base.apk. target_sdk_version=35, uses_libraries=, library_path=/data/app/~~QO2ci0v8Sp2v78WV-ahGmw==/mydiary.journal.diary.diarywithlock.diaryjournal.secretdiary-uCJ5kOdCrlaSGwqjdvjTVw==/lib/arm64:/data/app/~~QO2ci0v8Sp2v78WV-ahGmw==/mydiary.journal.diary.diarywithlock.diaryjournal.secretdiary-uCJ5kOdCrlaSGwqjdvjTVw==/base.apk!/lib/arm64-v8a, permitted_path=/data:/mnt/expand:/data/user/0/mydiary.journal.diary.diarywithlock.diaryjournal.secretdiary
03-02 09:37:28.087  1621  4764 I ActivityTaskManager: isKeyguardEditor: false, newTransition: TransitionRecord{d91f15a id=10105 type=OPEN flags=0x0}
03-02 09:37:28.088  1621  4764 D WindowManager: Collecting in transition 10105: ActivityRecord{4495f8b u0 com.softnation.Ojam/.MainActivity init visibleRequested:false
03-02 09:37:28.089  1621  4764 D MiuiFreeformServiceImpl: addLaunchFreeformActivityOptionIfNeed skip due to not find sourceTask: null sourceFfas: null sourceFreeFormActivity: null
03-02 09:37:28.088 18562 18789 D BluetoothDevice: getAddress: mAddress=XX:XX:XX:XX:39:B1
03-02 09:37:28.090 18562 18789 D BluetoothDevice: getAddress: mAddress=XX:XX:XX:XX:39:B1
03-02 09:37:28.090  1621  4764 I PowerHalWrapper: PowerHalWrapper.getInstance 
03-02 09:37:28.090  1621  4764 D PerfMTKStubImpl: initBoostParamByDevice
03-02 09:37:28.090 18562 18789 D BluetoothDevice: getAddress: mAddress=XX:XX:XX:XX:39:B1
03-02 09:37:28.091  1621  1658 D HeapUsage Monitor: HeapAllocSize : 206MB; monitorSize : 500MB
03-02 09:37:28.091  1621  1658 D AES     : AEEIOCTL_GET/SET_SF_STATE IOCTL,cmd= 1074294797, lParam=0. 
03-02 09:37:28.091  1621  1658 D AES     : AEEIOCTL_RT_MON_Kick IOCTL,cmd= 2147774474, lParam=300. 
03-02 09:37:28.092   921  1170 I BufferQueueDebug: [Task=37009#132316](this:0xb400007bcec72948,id:-1,api:0,p:-1,c:-1) BufferQueue core=(921:/system/bin/surfaceflinger)
03-02 09:37:28.092  2363  2477 D OneHandedController: stopOneHanded state is 0
03-02 09:37:28.094  1621  4764 D WindowManager: setLockTaskAuth: task=Task{563e481 #37009 type=standard A=10337:com.softnation.Ojam} mLockTaskAuth=LOCK_TASK_AUTH_PINNABLE
03-02 09:37:28.095  1621  4764 D WindowManager: Collecting in transition 10105: Task{563e481 #37009 type=standard A=10337:com.softnation.Ojam} init visibleRequested:false
03-02 09:37:28.096   921  1170 I BufferQueueDebug: [ActivityRecord{4495f8b u0 com.softnation.Ojam/.MainActivity t37009}#132317](this:0xb400007bcec756d8,id:-1,api:0,p:-1,c:-1) BufferQueue core=(921:/system/bin/surfaceflinger)
03-02 09:37:28.097  1621  4764 D WindowManager: setLockTaskAuth: task=Task{563e481 #37009 type=standard A=10337:com.softnation.Ojam} mLockTaskAuth=LOCK_TASK_AUTH_PINNABLE
03-02 09:37:28.098  1621  4764 D MiuiFreeFormManagerService: onStartActivityInner as = Task{563e481 #37009 type=standard A=10337:com.softnation.Ojam} op = null
03-02 09:37:28.099   863   909 I mtkpower@impl: [setMode] type:5, enabled:1
03-02 09:37:28.099  1621  4764 D ActivityTaskManager: Task#startActivityLocked isOrhasTask=true newTask=true
03-02 09:37:28.100   863   958 I libPowerHal: [perfLockAcq] idx:3 hdl:359394 hint:77 pid:863 tid:863 duration:30000 lock_user:vendor.mediatek => ret_hdl:359394
03-02 09:37:28.101   863   958 I ThermalBreakConfigReader: [getTargetfreqinfo] [getTargetfreqinfo] hint get target result freq:boost:1 cpu0:1800000 cpu6:2000000 cpumask:ff
03-02 09:37:28.101   863   958 I ExtendedPerfBoost: [thermalbreak_verification] needbreak curr breakmode 1, scence id 0, set: boost:1 cpu0:1800000 cpu6:2000000 cpumask:ff
03-02 09:37:28.101   863   958 I ExtendedPerfBoost: [triggerList_add] [triggerList_add] come into triggerList_add
03-02 09:37:28.101   863   958 I ExtendedPerfBoost: [triggerList_add] get item from freelist 0x6fcc5b9f78
03-02 09:37:28.101   863   958 I ExtendedPerfBoost: [triggerList_add] init new item prio:2, duration:3000, param:boost:1 cpu0:1800000 cpu6:2000000 cpumask:ff
03-02 09:37:28.101   863   958 I ExtendedPerfBoost: [triggerList_add] add item prio in empty list
03-02 09:37:28.101   863   958 I ExtendedPerfBoost: [trig_thermalbreak] trigger one node
03-02 09:37:28.101   863   958 I ExtendedUtils: [timer_sampling_set] come in timer_sampling_set, duration :3000
03-02 09:37:28.101   863   958 I ExtendedUtils: [settimer] come in settimer, time_now :605841650, time_end: 605844650
03-02 09:37:28.101   863   958 I ExtendedPerfBoost: [setThermalBreak] [setThermalBreak] : boost:1 cpu0:1800000 cpu6:2000000 cpumask:ff
03-02 09:37:28.101  1621  4764 I WindowManager: Try to add startingWindow type = STARTING_WINDOW_TYPE_SPLASH_SCREEN this = ActivityRecord{4495f8b u0 com.softnation.Ojam/.MainActivity t37009} preAllowTaskSnapshot = true afterAllowTaskSnapshot = true newTask = true taskSwitch = true processRunning = false activityCreated = false activityAllDrawn = false isSnapshotCompatible = false resolvedTheme = 2131952195 theme = 2131952195
03-02 09:37:28.102   863   958 I libPowerHal: [perfLockAcq] Done for hdl : 359394
03-02 09:37:28.104  1621  4764 D PreStartingManager: Not init when use PreStartingManager!
03-02 09:37:28.106  1621  4764 I PowerHalWrapper: amsBoostNotify pid:1999,activity:com.miui.home.launcher.Launcher, package:com.miui.home, mProcessCreatePackcom.softnation.Ojam 
03-02 09:37:28.106  1621  4764 I PowerHalWrapper: state: 0 
03-02 09:37:28.107  1621  4764 I mtkpower_client: [PowerHal_Wrap_notifyAppState] com.miui.home/com.miui.home.launcher.Launcher pid=1999 activityId:159909721 state:0
03-02 09:37:28.107   861   861 I vendor.mediatek.hardware.mtkpower_applist-service.mediatek: packName: com.miui.home actName: com.miui.home.launcher.Launcher pid: 1999 activityId: 159909721 uid: 10166 state: 0
03-02 09:37:28.108   861   861 I MTK_APPList: [notifyAPPstate] com.miui.home/com.miui.home.launcher.Launcher, pid=1999, activityId=159909721, uid=10166, state:PAUSED, fps:-1, win:1
03-02 09:37:28.108   861   861 I MTK_APPList: [notifyAPPstate] multi_resumed_app_count: 1
03-02 09:37:28.108   861   861 I MTK_APPList: [notifyAPPstate] multi_resumed_app_info[0] com.android.systemui/com.android.systemui._190038181, pid:2363, activityId:-1, fps:-1, isMultiWindow:0
03-02 09:37:28.108   861   861 I MTK_APPList: [getForegroundAPPCount] 1
03-02 09:37:28.108   861   861 I MTK_APPList: [notifyNetdUID] 10166
03-02 09:37:28.108  1621  4764 I PowerHalWrapper: amsBoostNotify AMS_BOOST_PROCESS_CREATE_BOOST:false 
03-02 09:37:28.109   861   861 I MTK_APPList: [notifyPID] 1999
03-02 09:37:28.109   863   958 I libPowerHal: [perfSetSysInfo] pid type:24, 1999
03-02 09:37:28.110  1621  4764 I ActivityTaskManager: Add Task{7b6c07f #37008 type=standard A=10337:com.softnation.Ojam} to hidden list because adding Task{563e481 #37009 type=standard A=10337:com.softnation.Ojam}
03-02 09:37:28.110  1621  4764 D WindowManager: Collecting in transition 10105: ActivityRecord{4495f8b u0 com.softnation.Ojam/.MainActivity t37009} init visibleRequested:false
03-02 09:37:28.112  1621  4764 I ActivityTaskManager: START u0 {flg=0x10000000 cmp=com.softnation.Ojam/.MainActivity} with LAUNCH_SINGLE_TASK from uid 2000 from pid 30397 callingPackage com.android.shell (BAL_ALLOW_PERMISSION) result code=0
03-02 09:37:28.113   921  1500 D SurfaceFlinger: [SF client] NEW(0xb400007caea4cb10) for (2363:com.android.systemui)
03-02 09:37:28.113  1621  1731 D ActivityManager: getProcessesInErrorState callingUid=10383, CallingPid=24605
03-02 09:37:28.114  1621  1651 I ActivityTaskManager: visible for Task{27e6aff #2 type=home I=com.miui.home/.launcher.Launcher} visible = true isAnimating = false TRANSITION = false PARENTS = false CHILDREN = false
03-02 09:37:28.116  1621  1650 V GrammaticalInflectionUtils: AttributionSource: android.content.AttributionSource@19923ceb does not have READ_SYSTEM_GRAMMATICAL_GENDER permission.
03-02 09:37:28.116  2363  2477 I SoScStageCoordinator: Transition requested:TransitionRequestInfo { type = OPEN, triggerTask = TaskInfo{userId=0 taskId=37009 displayId=0 isRunning=true baseIntent=Intent { flg=0x10000000 cmp=com.softnation.Ojam/.MainActivity } baseActivity=ComponentInfo{com.softnation.Ojam/com.softnation.Ojam.MainActivity} topActivity=ComponentInfo{com.softnation.Ojam/com.softnation.Ojam.MainActivity} origActivity=null realActivity=ComponentInfo{com.softnation.Ojam/com.softnation.Ojam.MainActivity} numActivities=1 lastActiveTime=1023607530 supportsSplitScreenMultiWindow=true supportsMultiWindow=true resizeMode=1 isResizeable=true minWidth=-1 minHeight=-1 defaultMinSize=200 token=WCT{android.window.IWindowContainerToken$Stub$Proxy@7ee786b} topActivityType=1 pictureInPictureParams=null shouldDockBigOverlays=false launchIntoPipHostTaskId=-1 lastParentTaskIdBeforePip=-1 displayCutoutSafeInsets=Rect(0, 104 - 0, 0) topActivityInfo=ActivityInfo{6fc0fc8 com.softnation.Ojam.MainActivity} launchCookies=[] positionInParent=Point(0, 0) parentTaskId=-1 isFocused=false isVisible=false isVisibleRequested=false isSleeping=false locusId=null displayAreaFeatureId=1 isTopActivityTransparent=false appCompatTaskInfo=AppCompatTaskInfo { topActivityInSizeCompat=false topActivityEligibleForLetterboxEducation= falseisLetterboxEducationEnabled= false isLetterboxDoubleTapEnabled= false topActivityEligibleForUserAspectRatioButton= false topActivityBoundsLetterboxed= false isFromLetterboxDoubleTap= false topActivityLetterboxVerticalPosition= -1 topActivityLetterboxHorizontalPosition= -1 topActivityLetterboxWidth=1080 topActivityLetterboxHeight=2460 isUserFullscreenOverrideEnabled=false isSystemFullscreenOverrideEnabled=false cameraCompatTaskInfo=CameraCompatTaskInfo { cameraCompatControlState=hidden freeformCameraCompatMode=inactive}} isImmersive=false mTopActivityRequestOrientation=-2 mBehindAppLockPkg=null mOriginatingUid=0 isEmbedded=false shouldBeVisible=true mIsCastMode=false mTopActivityMediaSize=null mTopActivityRecordName=ActivityRecord{4495f8b u0 com.softnation.Ojam/.MainActivity t37009} mTopActivityOrientation=-2}, pipTask = null, remoteTransition = null, displayChange = null, flags = 0, debugId = 10105 } isSoScActive:false triggerTask:TaskInfo{userId=0 taskId=37009 displayId=0 isRunning=true baseIntent=Intent { flg=0x10000000 cmp=com.softnation.Ojam/.MainActivity } baseActivity=ComponentInfo{com.softnation.Ojam/com.softnation.Ojam.MainActivity} topActivity=ComponentInfo{com.softnation.Ojam/com.softnation.Ojam.MainActivity} origActivity=null realActivity=ComponentInfo{com.softnation.Ojam/com.softnation.Ojam.MainActivity} numActivities=1 lastActiveTime=1023607530 supportsSplitScreenMultiWindow=true supportsMultiWindow=true resizeMode=1 isResizeable=true minWidth=-1 minHeight=-1 defaultMinSize=200 token=WCT{android.window.IWindowContainerToken$Stub$Proxy@7ee786b} topActivityType=1 pictureInPictureParams=null shouldDockBigOverlays=false launchIntoPipHostTaskId=-1 lastParentTaskIdBeforePip=-1 displayCutoutSafeInsets=Rect(0, 104 - 0, 0) topActivityInfo=ActivityInfo{6fc0fc8 com.softnation.Ojam.MainActivity} launchCookies=[] positionInParent=Point(0, 0) parentTaskId=-1 isFocused=false isVisible=false isVisibleRequested=false isSleeping=false locusId=null displayAreaFeatureId=1 isTopActivityTransparent=false appCompatTaskInfo=AppCompatTaskInfo { topActivityInSizeCompat=false topActivityEligibleForLetterboxEducation= falseisLetterboxEducationEnabled= false isLetterboxDoubleTapEnabled= false topActivityEligibleForUserAspectRatioButton= false topActivityBoundsLetterboxed= false isFromLetterboxDoubleTap= false topActivityLetterboxVerticalPosition= -1 topActivityLetterboxHorizontalPosition= -1 topActivityLetterboxWidth=1080 topActivityLetterboxHeight=2460 isUserFullscreenOverrideEnabled=false isSystemFullscreenOverrideEnabled=false cameraCompatTaskInfo=CameraCompatTaskInfo { cameraCompatControlState=hidden freeformCameraCompatMode=inactive}} isImmersive=false mTopActivityRequestOrientation=-2 mBehindAppLockPkg=null mOriginatingUid=0 isEmbed
03-02 09:37:28.117  2363  2477 I SoScUtils: monitorTransitionRequest mRequestOpenTransition:null mRequestOpenTriggerTask:-1 mRequestCloseTransition:null mRequestCloseTriggerTask:-1 mRequestCloseStageType:-1
03-02 09:37:28.117  1999  1999 D Launcher.Lifecycle: onPause:UserHandle{0},c143874,true
03-02 09:37:28.117  1999  1999 D Launcher_UnlockAnimationStateMachine: onPause = IDLE
03-02 09:37:28.117  1999  1999 D Launcher_UnlockAnimationStateMachine: setState:PAUSE_WAIT
03-02 09:37:28.118  1999  1999 D LauncherAssistantCompatGoogle: onPause com.google.android.libraries.gsa.launcherclient.LauncherClient@b8351e8
03-02 09:37:28.118  1621  4431 D WindowManager: Set transition=TransitionRecord{d91f15a id=10105 type=OPEN flags=0x0}, ready=false, SyncId=10105 used=true, override=false, defer=0, states=Display{#0 state=ON size=1080x2460 ROTATION_0}:false
03-02 09:37:28.118  1999  1999 D ServiceDeliveryReplaceHelper: onPause: widget to serviceDeliver isReplace false
03-02 09:37:28.118  2363  2477 D OneHandedController: stopOneHanded state is 0
03-02 09:37:28.119  2363  2363 I FocusedNotifPromptContr: onTopActivityMayChanged: isSupportPip false, isFocus false
03-02 09:37:28.119  2363  2477 D OneHandedController: stopOneHanded state is 0
03-02 09:37:28.119  1999  2512 D SessionLifecycleClient: Sending lifecycle 2 to service
03-02 09:37:28.119  2363  2363 I FocusedNotifPromptContr: onTopActivityMayChanged: topActivity=com.softnation.Ojam
03-02 09:37:28.119  2363  2363 I PromptViewAnimState: topActivityMayChanged: topActivity=com.miui.home --> com.softnation.Ojam
03-02 09:37:28.120  2363  2363 D KeyguardEditorHelper: onTopActivityMayChanged, topActivity=ComponentInfo{com.softnation.Ojam/com.softnation.Ojam.MainActivity}; mState=IDEL
03-02 09:37:28.120  1621  1650 I PowerHalWrapper: amsBoostProcessCreate package:com.softnation.Ojam 
03-02 09:37:28.120  1999 27254 D TaskStackChangeListeners: onTaskDescriptionChanged =  taskId = 37009
03-02 09:37:28.121  2363  2577 D MiuiCameraCoveredManager: java.lang.NullPointerException: Attempt to invoke virtual method 'java.lang.String android.provider.MiuiSettings$SettingsCloudData$CloudData.getString(java.lang.String, java.lang.String)' on a null object reference
03-02 09:37:28.124   863   958 I libPowerHal: [perfLockAcq] idx:4 hdl:359395 hint:21 pid:863 tid:863 duration:10000 lock_user:vendor.mediatek => ret_hdl:359395
03-02 09:37:28.124  1999  4922 D SessionLifecycleService: Activity backgrounding at 605841668
03-02 09:37:28.124   863   958 I libPowerHal: [PE] MTKPOWER_HINT_PROCESS_CREATE update cmd:2024000, param:100, pr:3
03-02 09:37:28.124   863   958 I libPowerHal: [set_kswapd_affinity] set affinity = 16129
03-02 09:37:28.125   863   958 I libPowerHal: [PE] MTKPOWER_HINT_PROCESS_CREATE update ONESHOT(set) cmd:10000700 param:16129 pr:3
03-02 09:37:28.125   863   958 I libPowerHal: [perfLockAcq] Done for hdl : 359395
03-02 09:37:28.126  2363  2648 W libc    : Access denied finding property "ro.vendor.display.iris_x7.support"
03-02 09:37:28.129  2363  2577 D VRI[Ojam]: hardware acceleration = true, forceHwAccelerated = false
03-02 09:37:28.129  1621  4431 I AppsFilter: interaction: PackageSetting{131896e com.android.microdroid.empty_payload/10255} -> PackageSetting{66bac80 com.softnation.Ojam/10337} BLOCKED
03-02 09:37:28.130  1621  4431 D WindowManager: Collecting in transition 10105: ActivityRecord{4495f8b u0 com.softnation.Ojam/.MainActivity t37009} init visibleRequested:false
03-02 09:37:28.130  1621  4431 D WindowManager: Collecting in transition 10105: ActivityRecord{9880759 u0 com.miui.home/.launcher.Launcher t2} init visibleRequested:true
03-02 09:37:28.130  1621  4431 D WindowManager: Collecting in transition 10105: Window{7986e4c u0 com.miui.miwallpaper.wallpaperservice.MiuiKeyguardPictorialWallpaper} init visibleRequested:true
03-02 09:37:28.130  1621  4431 D WindowManager: Collecting in transition 10105: Window{92602d4 u0 com.miui.miwallpaper.wallpaperservice.ImageWallpaper} init visibleRequested:true
03-02 09:37:28.132  1621  4431 D MiuiRefreshRatePolicy: reset
03-02 09:37:28.135   861   947 I libPerfCtl: xgfGetFPS pid:921 fps:-1
03-02 09:37:28.135   861   947 I libPerfCtl: xgfGetFPS pid:1999 fps:-1
03-02 09:37:28.135   861   947 I libPerfCtl: xgfGetFPS pid:2363 fps:-1
03-02 09:37:28.135   861   947 I libPerfCtl: xgfGetFPS pid:11917 fps:-1
03-02 09:37:28.135   861   947 I libPerfCtl: xgfGetFPS pid:28083 fps:-1
03-02 09:37:28.137  1621  1651 I ActivityTaskManager: visible for Task{27e6aff #2 type=home I=com.miui.home/.launcher.Launcher} visible = true isAnimating = false TRANSITION = false PARENTS = false CHILDREN = false
03-02 09:37:28.141  1999 27254 D EventBus: No subscribers registered for event class com.miui.home.recents.messages.RecentTasksChangedEvent
03-02 09:37:28.141  1999 27254 D EventBus: No subscribers registered for event class org.greenrobot.eventbus.NoSubscriberEvent
03-02 09:37:28.141  1999 27254 D EventBus: No subscribers registered for event class com.miui.home.recents.messages.RecentTasksChangedEvent
03-02 09:37:28.141  1999 27254 D EventBus: No subscribers registered for event class org.greenrobot.eventbus.NoSubscriberEvent
03-02 09:37:28.141  1999  2684 D RecentsModel: onTaskStackChangedBackground    MSG_TASK_STACK_CHANGE
03-02 09:37:28.141  1621  1651 D WindowManager: wms.Focus not requested for window=Window{d85ca12 u0 com.miui.home/com.miui.home.launcher.Launcher} because it has no surface or is not focusable.
03-02 09:37:28.141  1999  2684 D RecentsModel: boostTaskStackChangedThread once, tid=2684, recentResourceLoaderTid=2525
03-02 09:37:28.141  1999  2684 W MiBridge: Permission not granted !!
03-02 09:37:28.141  1999  2684 D Launcher.Boost: setDynamicVIPTaskIfNeeded::tid = 2684 duration = 500
03-02 09:37:28.144   921  1500 I BufferQueueDebug: [e531e5f Splash Screen com.softnation.Ojam#132318](this:0xb400007bceca5d68,id:-1,api:0,p:-1,c:-1) BufferQueue core=(921:/system/bin/surfaceflinger)
03-02 09:37:28.147  1621  1636 D PreStartingManager: Not init when use PreStartingManager!
03-02 09:37:28.147  1621  1636 I WindowManager: Add startingWindow, surfaceControl = Surface(name=e531e5f Splash Screen com.softnation.Ojam#132318)/@0xe35417b layerId = 132318
03-02 09:37:28.153   849   849 I hwcomposer: [HWCDisplay] (0 updateFps():3667), (type:1, mode:2) fps:31.885418,dur:1003.59,max:235.89,min:12.27  
03-02 09:37:28.155  1621  1667 I ActivityManager: Start proc 26843:com.softnation.Ojam/u0a337 for next-top-activity {com.softnation.Ojam/com.softnation.Ojam.MainActivity} caller=com.android.shell
03-02 09:37:28.156  1621  1651 I ActivityTaskManager: visible for Task{27e6aff #2 type=home I=com.miui.home/.launcher.Launcher} visible = true isAnimating = false TRANSITION = false PARENTS = false CHILDREN = false
03-02 09:37:28.156 26843 26843 E Zygote  : process_name_ptr:26843 com.softnation.Ojam
03-02 09:37:28.157 26843 26843 E Zygote  : SetMemoryProtected process_name_ptr:26843 com.softnation.Ojam
03-02 09:37:28.158  2363  2577 D InputEventReceiver: Input log is disabled in InputEventReceiver.
03-02 09:37:28.163   921   921 I BufferQueueProducer: [StatusBar#109](this:0xb400007bcec4ab68,id:-1,api:0,p:-1,c:921) queueBuffer: fps=0.98 dur=1017.85 max=1017.85 min=1017.85
03-02 09:37:28.163  1621  4430 I ATMSImpl: cacheTasksForDefaultDisplay size=4
03-02 09:37:28.165  1621  1636 D CoreBackPreview: Window{e531e5f u0 Splash Screen com.softnation.Ojam}: Setting back callback OnBackInvokedCallbackInfo{mCallback=android.window.IOnBackInvokedCallback$Stub$Proxy@1698b62, mPriority=0, mIsAnimationCallback=false}
03-02 09:37:28.166  1999  2684 D RecentsModel: getRunningTask ignoreActivityType : 2 ,ignoreWindowMode:5
03-02 09:37:28.167   921  1170 I BufferQueueDebug: [Splash Screen com.softnation.Ojam#132319](this:0xb400007bcec91e78,id:-1,api:0,p:-1,c:-1) BufferQueue core=(921:/system/bin/surfaceflinger)
03-02 09:37:28.167  1999  2684 W RecentsModel: getRunningTask   taskInfo=TaskInfo{userId=0 taskId=37009 displayId=0 isRunning=true baseIntent=Intent { flg=0x10000000 cmp=com.softnation.Ojam/.MainActivity } baseActivity=ComponentInfo{com.softnation.Ojam/com.softnation.Ojam.MainActivity} topActivity=ComponentInfo{com.softnation.Ojam/com.softnation.Ojam.MainActivity} origActivity=null realActivity=ComponentInfo{com.softnation.Ojam/com.softnation.Ojam.MainActivity} numActivities=1 lastActiveTime=1023607584 supportsSplitScreenMultiWindow=true supportsMultiWindow=true resizeMode=1 isResizeable=true minWidth=-1 minHeight=-1 defaultMinSize=200 token=WCT{android.window.IWindowContainerToken$Stub$Proxy@2e28267} topActivityType=1 pictureInPictureParams=null shouldDockBigOverlays=false launchIntoPipHostTaskId=-1 lastParentTaskIdBeforePip=-1 displayCutoutSafeInsets=null topActivityInfo=ActivityInfo{d71814 com.softnation.Ojam.MainActivity} launchCookies=[] positionInParent=Point(0, 0) parentTaskId=-1 isFocused=false isVisible=false isVisibleRequested=true isSleeping=false locusId=null displayAreaFeatureId=1 isTopActivityTransparent=false appCompatTaskInfo=AppCompatTaskInfo { topActivityInSizeCompat=false topActivityEligibleForLetterboxEducation= falseisLetterboxEducationEnabled= false isLetterboxDoubleTapEnabled= false topActivityEligibleForUserAspectRatioButton= false topActivityBoundsLetterboxed= false isFromLetterboxDoubleTap= false topActivityLetterboxVerticalPosition= -1 topActivityLetterboxHorizontalPosition= -1 topActivityLetterboxWidth=1080 topActivityLetterboxHeight=2460 isUserFullscreenOverrideEnabled=false isSystemFullscreenOverrideEnabled=false cameraCompatTaskInfo=CameraCompatTaskInfo { cameraCompatControlState=hidden freeformCameraCompatMode=inactive}} isImmersive=false mTopActivityRequestOrientation=1 mBehindAppLockPkg=null mOriginatingUid=0 isEmbedded=false shouldBeVisible=true mIsCastMode=false mTopActivityMediaSize=null mTopActivityRecordName=ActivityRecord{4495f8b u0 com.softnation.Ojam/.MainActivity t37009} mTopActivityOrientation=1}
03-02 09:37:28.167  1999  2684 D RecentsModel: preloadRecents runningTaskId:37009, mCurrentRunningTaskId:-1, mRecentsTaskLoadPlan=com.android.systemui.shared.recents.model.RecentsTaskLoadPlan@86388bd
03-02 09:37:28.170  1999  2684 E ActivityManagerWrapper: get all recent tasks force including 37009
03-02 09:37:28.173  1621  4431 D MiuiRefreshRatePolicy: reset
03-02 09:37:28.174 30353 30353 D nativeloader: Configuring clns-7 for other apk /data/app/~~5xplY4psEZqNfI_3DqGROg==/cn.xender-j9UjU1UmIsVFElbEzbR9fA==/base.apk. target_sdk_version=35, uses_libraries=, library_path=/data/app/~~5xplY4psEZqNfI_3DqGROg==/cn.xender-j9UjU1UmIsVFElbEzbR9fA==/lib/arm64:/data/app/~~5xplY4psEZqNfI_3DqGROg==/cn.xender-j9UjU1UmIsVFElbEzbR9fA==/base.apk!/lib/arm64-v8a, permitted_path=/data:/mnt/expand:/data/user/0/cn.xender
03-02 09:37:28.176  1621  1842 I MiuiNetworkPolicy: updateUidState uid = 10337, uidState = 19
03-02 09:37:28.176  1621  4431 W WindowManager: Changing focus from Window{d85ca12 u0 com.miui.home/com.miui.home.launcher.Launcher} to null displayId=0 Callers=com.android.server.wm.RootWindowContainer.updateFocusedWindowLocked:602 com.android.server.wm.WindowManagerService.updateFocusedWindowLocked:7168 com.android.server.wm.WindowManagerService.relayoutWindowInner:3076 com.android.server.wm.WindowManagerService.relayoutWindow:2724 
03-02 09:37:28.177  1621  4431 D WindowManager: wms.Input focus has changed to null display=0 updateInputWindows = true
03-02 09:37:28.177  1621  4431 I MultiSenceManagerInternalStub: getInstance
03-02 09:37:28.178  1999  1999 D Launcher.Lifecycle: onWindowFocusChanged:false,UserHandle{0},c143874,true
03-02 09:37:28.180  1621  1651 I ActivityTaskManager: visible for Task{27e6aff #2 type=home I=com.miui.home/.launcher.Launcher} visible = true isAnimating = false TRANSITION = false PARENTS = false CHILDREN = false
03-02 09:37:28.182 26843 26843 I softnation.Ojam: Late-enabling -Xcheck:jni
03-02 09:37:28.182  2363  2577 D BufferQueueConsumer: [](id:93b00001a8e,api:0,p:-1,c:2363) connect: controlledByApp=false
03-02 09:37:28.184  2363  2577 D BLASTBufferQueue: [VRI[Ojam]#5757](f:0,a:0) constructor()
03-02 09:37:28.184  2363  2577 D BLASTBufferQueue: [VRI[Ojam]#5757](f:0,a:0) update width=1080 height=2460 format=-3 mTransformHint=0
03-02 09:37:28.189  2363  2577 D VRI[Ojam]: vri.reportNextDraw android.view.ViewRootImpl.performTraversals:4984 android.view.ViewRootImpl.doTraversal:3564 android.view.ViewRootImpl$TraversalRunnable.run:11781 android.view.Choreographer$CallbackRecord.run:1804 android.view.Choreographer$CallbackRecord.run:1813 
03-02 09:37:28.189  2363  2577 D VRI[Ojam]: Setup new sync=wmsSync-VRI[Ojam]#11
03-02 09:37:28.191  1999  2684 E ActivityManagerWrapper: getRecentTasksForceIncludingTaskIdIfValid: getRecentTasks: size=3
03-02 09:37:28.191  1999  2684 E ActivityManagerWrapper:  mainTaskId=37009   userId=0   windowMode=1   baseIntent=Intent { act=null flag=268435456 cmp=ComponentInfo{com.softnation.Ojam/com.softnation.Ojam.MainActivity} }
03-02 09:37:28.191  1999  2684 E ActivityManagerWrapper:  mainTaskId=37006   userId=0   windowMode=1   baseIntent=Intent { act=null flag=268435456 cmp=ComponentInfo{com.whatsapp/com.whatsapp.home.ui.HomeActivity} }
03-02 09:37:28.191  1999  2684 E ActivityManagerWrapper:  mainTaskId=36980   userId=0   windowMode=1   baseIntent=Intent { act=android.intent.action.MAIN flag=270532608 cmp=ComponentInfo{com.twitter.android/com.twitter.android.StartActivity} }
03-02 09:37:28.217  2363  2648 D BLASTBufferQueue: [VRI[Ojam]#5757](f:0,a:1) acquireNextBufferLocked size=1080x2460 mFrameNumber=1 applyTransaction=true mTimestamp=605841764477879(auto) mPendingTransactions.size=0 graphicBufferId=10149007874734 transform=0
03-02 09:37:28.220 28083 28083 I brdz    : onPause
03-02 09:37:28.223  2363  2577 D VRI[Ojam]: vri.reportDrawFinished
03-02 09:37:28.223  1999  2684 D TaskSnapshotCompatVV: getIsInvalidateFromTaskSnapshot, return, mTaskSnapshot=null, mTaskSnapshotClazz=null
03-02 09:37:28.226  1621  1651 D MiuiRefreshRatePolicy: reset
03-02 09:37:28.227  1621  1651 D PreStartingManager: Not init when use PreStartingManager!
03-02 09:37:28.228  1621  1651 D WindowManager: Set transition=TransitionRecord{d91f15a id=10105 type=OPEN flags=0x0}, ready=true, SyncId=10105 
03-02 09:37:28.230  1621  1651 I SmartPower: com.softnation.Ojam/10337(0): died->visible(742ms) R(become visible) adj=-10000.
03-02 09:37:28.231  1621  1651 I WindowManager: wms.showSurfaceRobustly mWin:Window{e531e5f u0 Splash Screen com.softnation.Ojam}
03-02 09:37:28.232  1621  1651 D WindowManager: Final targets: [Task{563e481 #37009 type=standard A=10337:com.softnation.Ojam}, Task{d151cdd #1 type=home}]
03-02 09:37:28.232 30316 30316 V GraphicsEnvironment: Currently set values for:
03-02 09:37:28.233 30316 30316 V GraphicsEnvironment:   angle_gl_driver_selection_pkgs=[]
03-02 09:37:28.232  1999  2684 D RecentsModel: onTaskStackChangedBackground    MSG_TASK_STACK_CHANGE
03-02 09:37:28.233 30316 30316 V GraphicsEnvironment:   angle_gl_driver_selection_values=[]
03-02 09:37:28.233 30316 30316 V GraphicsEnvironment: Global.Settings values are invalid: number of packages: 0, number of values: 0
03-02 09:37:28.233  1999  2684 D RecentsModel: boostTaskStackChangedThread, don't boost
03-02 09:37:28.233 30316 30316 V GraphicsEnvironment: Neither updatable production driver nor prerelease driver is supported.
03-02 09:37:28.233  6027 20777 I SCTaskStackListener: onTaskStackChanged! inSplit = false
03-02 09:37:28.233  1999  1817 D EventBus: No subscribers registered for event class com.miui.home.recents.messages.RecentTasksChangedEvent
03-02 09:37:28.233   921  1170 I BufferQueueDebug: [Transition Root #10105: Task=37009#132320](this:0xb400007bcec53418,id:-1,api:0,p:-1,c:-1) BufferQueue core=(921:/system/bin/surfaceflinger)
03-02 09:37:28.233  1999  1817 D EventBus: No subscribers registered for event class org.greenrobot.eventbus.NoSubscriberEvent
03-02 09:37:28.240 30316 30316 I ActivityThread: TrafficStats init done
03-02 09:37:28.242   921  1500 I BufferQueueDebug: [Surface(name=5b2ee94 StatusBar#103)/@0xf6cf932 - animation-leash of insets_animation#132321](this:0xb400007bcec58f38,id:-1,api:0,p:-1,c:-1) BufferQueue core=(921:/system/bin/surfaceflinger)
03-02 09:37:28.243  2363  2477 I MultiTaskingTaskRepository: needSkip: is home task
03-02 09:37:28.243  2363  2477 W MultiTaskingTaskRepository: onToBackTransitionReady putOrUpdateTaskInfo skip
03-02 09:37:28.244   921  1166 I BufferQueueDebug: [Surface(name=77d8129 NavigationBar0#101614)/@0x3faba4f - animation-leash of insets_animation#132322](this:0xb400007bceca8af8,id:-1,api:0,p:-1,c:-1) BufferQueue core=(921:/system/bin/surfaceflinger)
03-02 09:37:28.244  2363  2477 D MultiTaskingTaskRepository: addOrMoveFullscreenTaskToTop taskId=37009
03-02 09:37:28.244  2363  2477 D MultiTaskingTaskRepository: putOrUpdateTaskInfo: taskInfo.taskId: 37009 current mMultiTaskingTaskInfoList:  ,37008 ,37006 ,36980 ,36770 ,36289 ,5 ,4
03-02 09:37:28.244  2363  2477 D MultiTaskingTaskRepository: java.lang.Throwable
03-02 09:37:28.244  2363  2477 D MultiTaskingTaskRepository: 	at com.android.wm.shell.multitasking.taskmanager.MultiTaskingTaskRepository.updateMultiTaskingTaskInfo(go/retraceme 5c05439c20823397c9aaa04c8ad244598257e2a7e5bd06f03af131ffaee2a4a9:82)
03-02 09:37:28.244  2363  2477 D MultiTaskingTaskRepository: 	at com.android.wm.shell.multitasking.taskmanager.MultiTaskingTaskRepository.putOrUpdateTaskInfo(go/retraceme 5c05439c20823397c9aaa04c8ad244598257e2a7e5bd06f03af131ffaee2a4a9:41)
03-02 09:37:28.244  2363  2477 D MultiTaskingTaskRepository: 	at com.android.wm.shell.multitasking.taskmanager.MultiTaskingTransitionObserver.onTransitionReady(go/retraceme 5c05439c20823397c9aaa04c8ad244598257e2a7e5bd06f03af131ffaee2a4a9:166)
03-02 09:37:28.244  2363  2477 D MultiTaskingTaskRepository: 	at com.android.wm.shell.transition.Transitions.dispatchReady(go/retraceme 5c05439c20823397c9aaa04c8ad244598257e2a7e5bd06f03af131ffaee2a4a9:169)
03-02 09:37:28.244  2363  2477 D MultiTaskingTaskRepository: 	at com.android.wm.shell.transition.Transitions.onTransitionReady(go/retraceme 5c05439c20823397c9aaa04c8ad244598257e2a7e5bd06f03af131ffaee2a4a9:248)
03-02 09:37:28.244  2363  2477 D MultiTaskingTaskRepository: 	at com.android.wm.shell.transition.Transitions$TransitionPlayerImpl$$ExternalSyntheticLambda1.run(go/retraceme 5c05439c20823397c9aaa04c8ad244598257e2a7e5bd06f03af131ffaee2a4a9:47)
03-02 09:37:28.244  2363  2477 D MultiTaskingTaskRepository: 	at android.os.Handler.handleCallback(Handler.java:959)
03-02 09:37:28.244  2363  2477 D MultiTaskingTaskRepository: 	at android.os.Handler.dispatchMessage(Handler.java:100)
03-02 09:37:28.244  2363  2477 D MultiTaskingTaskRepository: 	at android.os.Looper.loopOnce(Looper.java:249)
03-02 09:37:28.244  2363  2477 D MultiTaskingTaskRepository: 	at android.os.Looper.loop(Looper.java:337)
03-02 09:37:28.244  2363  2477 D MultiTaskingTaskRepository: 	at android.os.HandlerThread.run(HandlerThread.java:85)
03-02 09:37:28.245  2363  2477 D MultiTaskingTaskInfo: initFolmeControl::task id = 37009, mBounds = Rect(0, 0 - 1080, 2460)
03-02 09:37:28.245  2363  2477 E KeyguardTransitionHandlerImpl: activityCount = 0
03-02 09:37:28.246  1621  1651 D MiuiRefreshRatePolicy: reset
03-02 09:37:28.251  1621  4431 I ATMSImpl: cacheTasksForDefaultDisplay size=4
03-02 09:37:28.254  1621  1636 I ClipboardServiceI: checkProviderWakePathForClipboard: primaryClip is null
03-02 09:37:28.256  1999  2684 D RecentsModel: getRunningTask ignoreActivityType : 2 ,ignoreWindowMode:5
