03-02 09:37:29.450  1621  4431 D FileUtils: Rounded bytes from 8055762944 to 16000000000
03-02 09:37:29.453 30368 30368 D nativeloader: Load /data/app/~~hT8wMXxa5v7kMM6OG61NLQ==/com.reddit.frontpage-6EzIrJEHTmFUYvnFLXCNGQ==/split_config.arm64_v8a.apk!/lib/arm64-v8a/libdatastore_shared_counter.so using class loader ns clns-7 (caller=/data/app/~~hT8wMXxa5v7kMM6OG61NLQ==/com.reddit.frontpage-6EzIrJEHTmFUYvnFLXCNGQ==/base.apk!classes5.dex): ok
03-02 09:37:29.453 30316 30448 E FirebaseSessions: Error failed to fetch the remote configs: Unable to resolve host "firebase-settings.crashlytics.com": No address associated with hostname
03-02 09:37:29.472  1621  1631 I system_server: Background young concurrent mark compact GC freed 33MB AllocSpace bytes, 69(1364KB) LOS objects, 16% free, 174MB/208MB, paused 2.519ms,14.617ms total 303.350ms
03-02 09:37:29.473   921  2359 I SurfaceFlinger: onHandleDestroyed: name=Transition Root #10104: Task=1#132309, layerId=132309, parentId=0
03-02 09:37:29.474   921  2359 I SurfaceFlinger: onHandleDestroyed: name=Surface(name=751ea6d InputMethod#71915)/@0xaafc069 - animation-leash of insets_animation#132296, layerId=132296, parentId=0
03-02 09:37:29.475  1621  1633 W System  : A resource failed to call HardwareBuffer.close. 
03-02 09:37:29.479   921   921 I BufferQueueDebug: [Transition Root #10104: Task=1#132309](this:0xb400007bcec8c358,id:-1,api:0,p:-1,c:921) onDestructor()
03-02 09:37:29.479   921   921 I BufferQueueDebug: [Surface(name=751ea6d InputMethod#71915)/@0xaafc069 - animation-leash of insets_animation#132296](this:0xb400007bceccdb48,id:-1,api:0,p:-1,c:921) onDestructor()
03-02 09:37:29.484 30353 30525 D WM-SystemJobScheduler: Reconciling jobs
03-02 09:37:29.484  1621  1636 I SmartPower: com.android.vending/10157(19536): idle->background(257770ms) R(service create com.android.vending/com.google.android.finsky.billing.iab.InAppBillingService) adj=200.
03-02 09:37:29.487  1055  1186 D connsyslogger: SD_LOG_ROOT is /data/debuglogger/connsyslog/fw.
03-02 09:37:29.488  1055  1186 D connsyslogger: systemReady:1
03-02 09:37:29.510 30353 30507 D ApplicationLoaders: Returning zygote-cached class loader: /system/framework/org.apache.http.legacy.jar
03-02 09:37:29.518 30353 30525 D WM-ForceStopRunnable: Found unfinished work, scheduling it.
03-02 09:37:29.525 30353 30525 D CompatChangeReporter: Compat change id reported: 311402873; UID 10310; state: ENABLED
03-02 09:37:29.525 30353 30525 D CompatChangeReporter: Compat change id reported: 323349338; UID 10310; state: ENABLED
03-02 09:37:29.525 30353 30525 D WM-SystemJobScheduler: Scheduling work ID e84d98cc-0dd8-4472-9fe4-a2ac5f499311Job ID 3245
03-02 09:37:29.527  1621  1636 D CompatChangeReporter: Compat change id reported: 311402873; UID 10310; state: ENABLED
03-02 09:37:29.528  1621  1636 D CompatChangeReporter: Compat change id reported: 323349338; UID 10310; state: ENABLED
03-02 09:37:29.530 30316 30481 I FA      : Tag Manager is not found and thus will not be used
03-02 09:37:29.532 30368 30368 I ContentProvider: com.reddit.frontpage.firebaseinitprovider onCreate use 630 ms!
03-02 09:37:29.540 30353 30525 D WM-SystemJobScheduler: Scheduling work ID 69f99eb5-4002-458c-b3bc-cd8a7cf7f950Job ID 3287
03-02 09:37:29.542 30353 30353 D WM-SystemJobService: onStopJob for WorkGenerationalId(workSpecId=69f99eb5-4002-458c-b3bc-cd8a7cf7f950, generation=49)
03-02 09:37:29.543  1621  2740 I whetstone.activity: Power Event callback listener is empty for resId=256
03-02 09:37:29.543  1621  2740 D BatteryStatsManagerStub: notifyEvent for resId=256 used 0ms
03-02 09:37:29.543 30353 30525 D WM-GreedyScheduler: Starting tracking for 69f99eb5-4002-458c-b3bc-cd8a7cf7f950
03-02 09:37:29.546  1621  2740 D CompatChangeReporter: Compat change id reported: 311208629; UID 10310; state: ENABLED
03-02 09:37:29.547  1621  2740 W JobScheduler: Job didn't exist in JobStore: 
03-02 09:37:29.548  1621  1842 I MiuiNetworkPolicy: updateUidState uid = 10310, uidState = 10
03-02 09:37:29.549  1621  2740 E JobScheduler: ResourceBudgetManagerInternal is null
03-02 09:37:29.549 30353 30554 D WM-Processor: q: processing WorkGenerationalId(workSpecId=69f99eb5-4002-458c-b3bc-cd8a7cf7f950, generation=49)
03-02 09:37:29.551  1621  1842 I MiuiNetworkPolicy: updateUidState uid = 10310, uidState = 8
03-02 09:37:29.553  1621  2740 I whetstone.activity: Power Event callback listener is empty for resId=256
03-02 09:37:29.553  1621  2740 D BatteryStatsManagerStub: notifyEvent for resId=256 used 0ms
03-02 09:37:29.557 30353 30507 D nativeloader: Configuring clns-10 for other apk /system/framework/com.android.location.provider.jar. target_sdk_version=36, uses_libraries=ALL, library_path=/data/app/~~PNgoFDHBmGdMmQt2moPCLQ==/com.google.android.gms-wSL8VlioUsna9-KnDrZN3A==/lib/arm64:/data/app/~~PNgoFDHBmGdMmQt2moPCLQ==/com.google.android.gms-wSL8VlioUsna9-KnDrZN3A==/base.apk!/lib/arm64-v8a, permitted_path=/data:/mnt/expand:/data/user/0/com.google.android.gms
03-02 09:37:29.561 30353 30507 D nativeloader: Extending system_exposed_libraries: libapuwareapusys.mtk.so:libapuwareapusys_v2.mtk.so:libapuwarexrp.mtk.so:libapuwarexrp_v2.mtk.so:libapuwareutils.mtk.so:libapuwareutils_v2.mtk.so:libapuwarehmp.mtk.so:libneuron_graph_delegate.mtk.so:libneuronusdk_adapter.mtk.so:libtflite_mtk.mtk.so:libarmnn_ndk.mtk.so:libcmdl_ndk.mtk.so:libnir_neon_driver_ndk.mtk.so:libmvpu_runtime.mtk.so:libmvpu_runtime_pub.mtk.so:libmvpu_engine_pub.mtk.so:libmvpu_pattern_pub.mtk.so:libmvpuop_mtk_cv.mtk.so:libmvpuop_mtk_nn.mtk.so:libmvpu_runtime_25.mtk.so:libmvpu_runtime_25_pub.mtk.so:libmvpu_engine_25_pub.mtk.so:libmvpu_pattern_25_pub.mtk.so:libmvpuop25_mtk_cv.mtk.so:libmvpuop25_mtk_nn.mtk.so:libmvpu_config.mtk.so:libteeservice_client.trustonic.so:libmisys_jni.xiaomi.so:libpag.hyperos.so:libffavc.hyperos.so
03-02 09:37:29.561  1621  4427 D CompatChangeReporter: Compat change id reported: 319212206; UID 10374; state: ENABLED
03-02 09:37:29.565 30353 30353 D WM-SystemJobService: onStartJob for WorkGenerationalId(workSpecId=69f99eb5-4002-458c-b3bc-cd8a7cf7f950, generation=49)
03-02 09:37:29.566 30353 30559 D WM-Processor: WorkerWrapper interrupted for 69f99eb5-4002-458c-b3bc-cd8a7cf7f950
03-02 09:37:29.566 30353 30559 D WM-StopWorkRunnable: StopWorkRunnable for 69f99eb5-4002-458c-b3bc-cd8a7cf7f950; Processor.stopWork = true
03-02 09:37:29.568  1621  1856 D ConnectivityService: NetReassign [no changes] [c 0] [a 1] [i 2]
03-02 09:37:29.573 30353 30507 D nativeloader: Configuring clns-11 for other apk /system/framework/com.android.media.remotedisplay.jar. target_sdk_version=36, uses_libraries=ALL, library_path=/data/app/~~PNgoFDHBmGdMmQt2moPCLQ==/com.google.android.gms-wSL8VlioUsna9-KnDrZN3A==/lib/arm64:/data/app/~~PNgoFDHBmGdMmQt2moPCLQ==/com.google.android.gms-wSL8VlioUsna9-KnDrZN3A==/base.apk!/lib/arm64-v8a, permitted_path=/data:/mnt/expand:/data/user/0/com.google.android.gms
03-02 09:37:29.573 30368 30548 D CompatChangeReporter: Compat change id reported: 312399441; UID 10329; state: ENABLED
03-02 09:37:29.573 30353 30507 D nativeloader: Extending system_exposed_libraries: libapuwareapusys.mtk.so:libapuwareapusys_v2.mtk.so:libapuwarexrp.mtk.so:libapuwarexrp_v2.mtk.so:libapuwareutils.mtk.so:libapuwareutils_v2.mtk.so:libapuwarehmp.mtk.so:libneuron_graph_delegate.mtk.so:libneuronusdk_adapter.mtk.so:libtflite_mtk.mtk.so:libarmnn_ndk.mtk.so:libcmdl_ndk.mtk.so:libnir_neon_driver_ndk.mtk.so:libmvpu_runtime.mtk.so:libmvpu_runtime_pub.mtk.so:libmvpu_engine_pub.mtk.so:libmvpu_pattern_pub.mtk.so:libmvpuop_mtk_cv.mtk.so:libmvpuop_mtk_nn.mtk.so:libmvpu_runtime_25.mtk.so:libmvpu_runtime_25_pub.mtk.so:libmvpu_engine_25_pub.mtk.so:libmvpu_pattern_25_pub.mtk.so:libmvpuop25_mtk_cv.mtk.so:libmvpuop25_mtk_nn.mtk.so:libmvpu_config.mtk.so:libteeservice_client.trustonic.so:libmisys_jni.xiaomi.so:libpag.hyperos.so:libffavc.hyperos.so
03-02 09:37:29.573 30353 30565 D WM-WorkerWrapper: Status for 69f99eb5-4002-458c-b3bc-cd8a7cf7f950 is ENQUEUED; not doing any work and rescheduling for later execution
03-02 09:37:29.578 30353 30507 D ApplicationLoaders: Returning zygote-cached class loader: /system_ext/framework/androidx.window.extensions.jar
03-02 09:37:29.578 30353 30507 D ApplicationLoaders: Returning zygote-cached class loader: /system_ext/framework/androidx.window.sidecar.jar
03-02 09:37:29.580  1621  1666 I SmartPower: com.google.android.apps.wellbeing/10156(30051): idle->background(83527ms) R(broadcast start Intent { act=android.app.action.NEXT_ALARM_CLOCK_CHANGED flg=0x21000010 }) adj=935.
03-02 09:37:29.583 30353 30353 D WM-Processor: q 69f99eb5-4002-458c-b3bc-cd8a7cf7f950 executed; reschedule = true
03-02 09:37:29.583  2363  2363 W AlarmManager: Unrecognized alarm listener com.android.systemui.keyguard.KeyguardSliceProvider$$ExternalSyntheticLambda2@65db9f9
03-02 09:37:29.583 30353 30353 D WM-GreedyScheduler: Stopping tracking for WorkGenerationalId(workSpecId=69f99eb5-4002-458c-b3bc-cd8a7cf7f950, generation=49)
03-02 09:37:29.584 30353 30353 D WM-SystemJobService: 69f99eb5-4002-458c-b3bc-cd8a7cf7f950 executed on JobScheduler
03-02 09:37:29.585 30353 30565 D WM-Processor: q: processing WorkGenerationalId(workSpecId=69f99eb5-4002-458c-b3bc-cd8a7cf7f950, generation=49)
03-02 09:37:29.587  1621  2740 I whetstone.activity: Power Event callback listener is empty for resId=256
03-02 09:37:29.587  1621  2740 D BatteryStatsManagerStub: notifyEvent for resId=256 used 1ms
03-02 09:37:29.589  1621  1842 I MiuiNetworkPolicy: updateUidState uid = 10156, uidState = 11
03-02 09:37:29.592  2363  2363 D NotificationHeaderExpandController: onExpansionChanged: progress =  0.0
03-02 09:37:29.593  1621  1842 I MiuiNetworkPolicy: updateUidState uid = 10310, uidState = 10
03-02 09:37:29.595  1621  2740 E JobScheduler: ResourceBudgetManagerInternal is null
03-02 09:37:29.598  1621  2740 V GrammaticalInflectionUtils: AttributionSource: android.content.AttributionSource@dc23c68f does not have READ_SYSTEM_GRAMMATICAL_GENDER permission.
03-02 09:37:29.603  1621  2740 I whetstone.activity: Power Event callback listener is empty for resId=256
03-02 09:37:29.603  1621  2740 D BatteryStatsManagerStub: notifyEvent for resId=256 used 0ms
03-02 09:37:29.604 30353 30504 I cr_WVCFactoryProvider: version=145.0.7632.79 (763207903) minSdkVersion=29 multiprocess=true packageId=127 splits=<none>
03-02 09:37:29.618  1201  1298 D AALService: [CRTC_114] onALIChanged: 8 -> 9
03-02 09:37:29.620 30353 30556 D WM-GreedyScheduler: Cancelling work ID 69f99eb5-4002-458c-b3bc-cd8a7cf7f950
03-02 09:37:29.624 30353 30504 D nativeloader: Load /data/app/~~6WQvy1g3uHyDFuZpDlez4A==/com.google.android.webview-LhKVE1I3zKkU3w5MlwC1TA==/base.apk!/lib/arm64-v8a/libwebviewchromium.so using class loader ns clns-9 (caller=/data/app/~~6WQvy1g3uHyDFuZpDlez4A==/com.google.android.webview-LhKVE1I3zKkU3w5MlwC1TA==/base.apk): ok
03-02 09:37:29.630  2363  2363 D NotificationHeaderExpandController: onExpansionChanged: progress =  0.0
03-02 09:37:29.633 30316 30316 E diarylog-BaseActivity: [checkVipSpecialTime2] vipSpecialElapsedRealtime2 = 0
03-02 09:37:29.633 30316 30316 E diarylog-BaseActivity: [checkVipSpecialTime3] vipSpecialElapsedRealtime3 = 0
03-02 09:37:29.636 30353 30556 D WM-SystemJobScheduler: Scheduling work ID 69f99eb5-4002-458c-b3bc-cd8a7cf7f950Job ID 3288
03-02 09:37:29.638  1621  1731 D FileUtils: Rounded bytes from 8055762944 to 16000000000
03-02 09:37:29.640  1621  1842 I MiuiNetworkPolicy: updateUidState uid = 10310, uidState = 19
03-02 09:37:29.641 30353 30556 D WM-GreedyScheduler: Starting tracking for 69f99eb5-4002-458c-b3bc-cd8a7cf7f950
03-02 09:37:29.642  1621  4431 D ConnectivityService: Returning BLOCKED NetworkInfo to uid=10374
03-02 09:37:29.646 30353 30504 D nativeloader: Load /system/lib64/libwebviewchromium_plat_support.so using class loader ns clns-9 (caller=/data/app/~~6WQvy1g3uHyDFuZpDlez4A==/com.google.android.webview-LhKVE1I3zKkU3w5MlwC1TA==/base.apk): ok
03-02 09:37:29.653 30353 30353 D WM-WorkerWrapper: Starting work for cn.xender.worker.PeriodicCanReplaceWorker
03-02 09:37:29.655 30353 30578 D ATopDatabase: buildDatabase:
03-02 09:37:29.658 30353 30554 D WM-PackageManagerHelper: Skipping component enablement for androidx.work.impl.background.systemalarm.RescheduleReceiver
03-02 09:37:29.664   835   835 D Zygote  : Forked child process 30580
03-02 09:37:29.666 30316 30464 D CompatChangeReporter: Compat change id reported: 311402873; UID 10374; state: ENABLED
03-02 09:37:29.666 30316 30464 D CompatChangeReporter: Compat change id reported: 323349338; UID 10374; state: ENABLED
03-02 09:37:29.668  1621  1667 W ActivityManager: Slow operation: 68ms so far, now at startProcess: returned from zygote!
03-02 09:37:29.668 30353 30579 I chromium: [0302/093729.667971:INFO:android_webview/browser/variations/variations_seed_loader.cc:67] Failed to open file for reading.: No such file or directory (2)
03-02 09:37:29.669  1621  1667 W ActivityManager: Slow operation: 69ms so far, now at startProcess: done updating battery stats
03-02 09:37:29.672  1621  1667 W ActivityManager: Slow operation: 72ms so far, now at startProcess: building log message
03-02 09:37:29.672  1621  1667 I ActivityManager: Start proc 30580:com.instagram.android/u0a301 for service {com.instagram.android/androidx.work.impl.background.systemjob.SystemJobService} caller=android
03-02 09:37:29.677 30353 30525 D WM-ConstraintTracker: h: initial state = NetworkState(isConnected=true, isValidated=true, isMetered=true, isNotRoaming=true)
03-02 09:37:29.678  1621  1667 W ActivityManager: Slow operation: 78ms so far, now at startProcess: starting to update pids map
03-02 09:37:29.678  1621  1667 W ActivityManager: Slow operation: 78ms so far, now at startProcess: done updating pids map
03-02 09:37:29.679 30353 30525 D WM-NetworkStateTracker: Registering network callback
03-02 09:37:29.681 30580 30580 E Zygote  : process_name_ptr:30580 com.instagram.android
03-02 09:37:29.682 30580 30580 E Zygote  : SetMemoryProtected process_name_ptr:30580 com.instagram.android
03-02 09:37:29.682  2350  2350 W Settings: Setting airplane_mode_on has moved from android.provider.Settings.System to android.provider.Settings.Global, returning read-only value.
03-02 09:37:29.685  1621  4427 D CompatChangeReporter: Compat change id reported: 311402873; UID 10374; state: ENABLED
03-02 09:37:29.686  1621  4427 D CompatChangeReporter: Compat change id reported: 323349338; UID 10374; state: ENABLED
03-02 09:37:29.689 30326 30558 D nativeloader: Load /data/app/~~Ma0ncRDtsh1HXvMuchyBRw==/com.snapchat.android-O5-SYZzemolQ75TV_7MpnQ==/split_config.arm64_v8a.apk!/lib/arm64-v8a/libferrite-launcher-4fae2d0.so using class loader ns clns-7 (caller=/data/app/~~Ma0ncRDtsh1HXvMuchyBRw==/com.snapchat.android-O5-SYZzemolQ75TV_7MpnQ==/base.apk): ok
03-02 09:37:29.689  1621  1842 I MiuiNetworkPolicy: updateUidState uid = 10374, uidState = 8
03-02 09:37:29.691  2061 12253 W HWUI    : Surface doesn't have any previously queued frames, nothing to readback from
03-02 09:37:29.691  2350  2350 W Settings: Setting airplane_mode_on has moved from android.provider.Settings.System to android.provider.Settings.Global, returning read-only value.
03-02 09:37:29.693  1621  4431 D FileUtils: Rounded bytes from 8055762944 to 16000000000
03-02 09:37:29.693  1621  1731 D ConnectivityService: requestNetwork for uid/pid:10310/30353 activeRequest: null callbackRequest: 241359 [NetworkRequest [ REQUEST id=241360, [ Capabilities: INTERNET&NOT_RESTRICTED&TRUSTED&NOT_VCN_MANAGED&NOT_BANDWIDTH_CONSTRAINED Uid: 10310 RequestorUid: 10310 RequestorPkg: cn.xender UnderlyingNetworks: Null] ]] callback flags: 0 order: 2147483647 isUidTracked: false declaredMethods: AVAIL|LOST|NC
03-02 09:37:29.697 30353 30578 D HistoryDatabase: buildDatabase:
03-02 09:37:29.698 30353 30553 D WM-GreedyScheduler: Constraints met: Scheduling work ID WorkGenerationalId(workSpecId=69f99eb5-4002-458c-b3bc-cd8a7cf7f950, generation=49)
03-02 09:37:29.700 30353 30588 D WM-NetworkStateTracker: Network capabilities changed: [ Transports: CELLULAR Capabilities: INTERNET&NOT_RESTRICTED&TRUSTED&NOT_VPN&VALIDATED&NOT_ROAMING&FOREGROUND&NOT_CONGESTED&NOT_SUSPENDED&NOT_VCN_MANAGED&NOT_BANDWIDTH_CONSTRAINED LinkUpBandwidth>=14Kbps LinkDnBandwidth>=14Kbps Specifier: <TelephonyNetworkSpecifier [mSubId = 2]> SubscriptionIds: {2} UnderlyingNetworks: Null]
03-02 09:37:29.693  1621  1746 W JobServiceContext: Sending onNetworkChanged for a job that isn't started. JobStatus{a351126 #u0a374/100001 mydiary.journal.diary.diarywithlock.diaryjournal.secretdiary/app.gulu.mydiary.service.HourJobService u=0 s=10374 TIME=-1m26s557ms:+58m33s443ms NET PERIODIC READY}
03-02 09:37:29.701 26843 26843 D nativeloader: Configuring clns-7 for other apk /data/app/~~Bh61wenJZi6JNVEuOkVQfQ==/com.softnation.Ojam-nnCVAdHxKfOmup5FCuBDYQ==/base.apk. target_sdk_version=36, uses_libraries=, library_path=/data/app/~~Bh61wenJZi6JNVEuOkVQfQ==/com.softnation.Ojam-nnCVAdHxKfOmup5FCuBDYQ==/lib/arm64:/data/app/~~Bh61wenJZi6JNVEuOkVQfQ==/com.softnation.Ojam-nnCVAdHxKfOmup5FCuBDYQ==/base.apk!/lib/arm64-v8a, permitted_path=/data:/mnt/expand:/data/user/0/com.softnation.Ojam
03-02 09:37:29.699 30580 30580 I stagram.android: Using CollectorTypeCMC GC.
03-02 09:37:29.702 30353 30553 D WM-Processor: Work WorkGenerationalId(workSpecId=69f99eb5-4002-458c-b3bc-cd8a7cf7f950, generation=49) is already enqueued for processing
03-02 09:37:29.705  1621  1842 I MiuiNetworkPolicy: updateUidState uid = 10287, uidState = 8
03-02 09:37:29.705  2061 12253 W HWUI    : Surface doesn't have any previously queued frames, nothing to readback from
03-02 09:37:29.707 30316 30316 W Looper  : PerfMonitor longMsg : seq=2 plan=09:37:27.838 late=3ms wall=1865ms h=android.app.ActivityThread$H w=110 procState=-1
03-02 09:37:29.709 30316 30316 W libc    : Access denied finding property "ro.vendor.perf.scroll_opt"
03-02 09:37:29.714  1621  1856 D ConnectivityService: NetReassign [241360 : null ΓåÆ 255] [c 1] [a 1] [i 18]
03-02 09:37:29.717   853   853 I Accelerometer: flush, flushCnt:1
03-02 09:37:29.717  1621  1676 D SsruManagerImpl: MiSsru Sensor not init!!!!
03-02 09:37:29.721   853   923 I Accelerometer: flush complete, flushCnt:0
03-02 09:37:29.726  1621  1843 D WifiNetworkFactory: got request NetworkRequest [ REQUEST id=241360, [ Capabilities: INTERNET&NOT_RESTRICTED&TRUSTED&NOT_VCN_MANAGED&NOT_BANDWIDTH_CONSTRAINED Uid: 10310 RequestorUid: 10310 RequestorPkg: cn.xender UnderlyingNetworks: Null] ]
03-02 09:37:29.726  1621  1843 D UntrustedWifiNetworkFactory: got request NetworkRequest [ REQUEST id=241360, [ Capabilities: INTERNET&NOT_RESTRICTED&TRUSTED&NOT_VCN_MANAGED&NOT_BANDWIDTH_CONSTRAINED Uid: 10310 RequestorUid: 10310 RequestorPkg: cn.xender UnderlyingNetworks: Null] ]
03-02 09:37:29.726  1621  1843 D OemPaidWifiNetworkFactory: got request NetworkRequest [ REQUEST id=241360, [ Capabilities: INTERNET&NOT_RESTRICTED&TRUSTED&NOT_VCN_MANAGED&NOT_BANDWIDTH_CONSTRAINED Uid: 10310 RequestorUid: 10310 RequestorPkg: cn.xender UnderlyingNetworks: Null] ]
03-02 09:37:29.726  1621  1843 D MultiInternetWifiNetworkFactory: got request NetworkRequest [ REQUEST id=241360, [ Capabilities: INTERNET&NOT_RESTRICTED&TRUSTED&NOT_VCN_MANAGED&NOT_BANDWIDTH_CONSTRAINED Uid: 10310 RequestorUid: 10310 RequestorPkg: cn.xender UnderlyingNetworks: Null] ]
03-02 09:37:29.728  2350 29580 D NetworkSpeedTracker: updateNwSignalInfo not allowed ,ignore
03-02 09:37:29.736   853   853 I Accelerometer: flush, flushCnt:1
03-02 09:37:29.736 30580 30580 D nativeloader: Load libframework-connectivity-tiramisu-jni.so using APEX ns com_android_tethering for caller /apex/com.android.tethering/javalib/framework-connectivity-t.jar: ok
03-02 09:37:29.738 30316 30316 D nativeloader: Load libpowerhalwrap_jni.so using system ns (caller=/system_ext/framework/mediatek-framework.jar): ok
03-02 09:37:29.738 30316 30316 I PowerHalWrapper: PowerHalWrapper.getInstance 
03-02 09:37:29.739   853   923 I Accelerometer: flush complete, flushCnt:0
03-02 09:37:29.742 26843 26843 V GraphicsEnvironment: Currently set values for:
03-02 09:37:29.742 26843 26843 V GraphicsEnvironment:   angle_gl_driver_selection_pkgs=[]
03-02 09:37:29.742 26843 26843 V GraphicsEnvironment:   angle_gl_driver_selection_values=[]
03-02 09:37:29.742 26843 26843 V GraphicsEnvironment: Global.Settings values are invalid: number of packages: 0, number of values: 0
03-02 09:37:29.743 26843 26843 V GraphicsEnvironment: Neither updatable production driver nor prerelease driver is supported.
03-02 09:37:29.743 30353 30353 I cr_LibraryLoader: Successfully loaded native library
03-02 09:37:29.746  1621  1676 D SsruManagerImpl: MiSsru Sensor not init!!!!
03-02 09:37:29.748 26843 26843 I ActivityThread: TrafficStats init done
03-02 09:37:29.748  1621  1676 D SsruManagerImpl: MiSsru Sensor not init!!!!
03-02 09:37:29.748   853   853 I Accelerometer: flush, flushCnt:1
03-02 09:37:29.748 30580 30580 I MessageMonitor: Load libmiui_runtime
03-02 09:37:29.751   853   923 I Accelerometer: flush complete, flushCnt:0
03-02 09:37:29.753  2350 29580 D NetworkSpeedTracker: updateNwSignalInfo not allowed ,ignore
03-02 09:37:29.754 30316 30316 I M-ProMotion: M-ProMotion is disabled
03-02 09:37:29.755  1621  4427 D ForceDarkAppConfigProvider: cloudConfigVersion: -1   localConfigVersion:20250515
03-02 09:37:29.755  1621  4427 I UiModeManager: systemserver package:com.softnation.Ojam null
03-02 09:37:29.756 26843 26843 I ForceDarkHelperStubImpl: initialize for com.softnation.Ojam , ForceDarkAppConfig: null
03-02 09:37:29.756 30353 30353 I cr_CachingUmaRecorder: Flushed 20 samples from 20 histograms, 0 samples were dropped.
03-02 09:37:29.758  1621  1676 D SsruManagerImpl: MiSsru Sensor not init!!!!
03-02 09:37:29.759 30368 30368 D CompatChangeReporter: Compat change id reported: 279646685; UID 10329; state: ENABLED
03-02 09:37:29.760   853   853 I Accelerometer: flush, flushCnt:1
03-02 09:37:29.763 26843 26843 D nativeloader: Load libforcedarkimpl.so using system ns (caller=/system_ext/framework/miui-framework.jar): ok
03-02 09:37:29.764 26843 26843 D HWUI    : JNI_OnLoad success
03-02 09:37:29.764 26843 26843 I MiuiForceDarkConfig: setConfig density:2.750000, mainRule:0, secondaryRule:0, tertiaryRule:0
03-02 09:37:29.764   853   923 I Accelerometer: flush complete, flushCnt:0
03-02 09:37:29.769 30353 30353 I cr_ChildProcLH: ScopedServiceBindingBatch.tryActivate: false
03-02 09:37:29.770  1621  2740 D SymlinkUtils: attachApplication file op go pass: 0 ms
03-02 09:37:29.771 26843 26843 I ActivityThread: Miui Feature Init done
03-02 09:37:29.774  1621  2740 I SmartPower: com.instagram.android/10301(30580): died->background(398628ms) R(process start ) adj=-10000.
03-02 09:37:29.775 30353 30353 I cr_CombinedPProvider: #registerProvider() provider:WV.qk@1d7cf6c isPolicyCacheEnabled:false policyProvidersSize:0
03-02 09:37:29.782  1159  1606 D ULogGuard: Monitoring: 18 threads, 0 requests, 0 time-bombs; 1 guards. ResetFlags = 0x7
03-02 09:37:29.784 30316 30316 D FramePredict: FramePredict init: true
03-02 09:37:29.784 30316 30316 I Choreographer: Skipped 37 frames!  The application may be doing too much work on its main thread.
03-02 09:37:29.784 30316 30316 D UserSceneDetector: invoke error.
03-02 09:37:29.793 30353 30507 D nativeloader: Configuring clns-12 for other apk /data/app/~~PNgoFDHBmGdMmQt2moPCLQ==/com.google.android.gms-wSL8VlioUsna9-KnDrZN3A==/base.apk. target_sdk_version=36, uses_libraries=, library_path=/data/app/~~PNgoFDHBmGdMmQt2moPCLQ==/com.google.android.gms-wSL8VlioUsna9-KnDrZN3A==/lib/arm64:/data/app/~~PNgoFDHBmGdMmQt2moPCLQ==/com.google.android.gms-wSL8VlioUsna9-KnDrZN3A==/base.apk!/lib/arm64-v8a, permitted_path=/data:/mnt/expand:/data/user/0/com.google.android.gms
03-02 09:37:29.794  1621  4431 V GrammaticalInflectionUtils: AttributionSource: android.content.AttributionSource@51e2296a does not have READ_SYSTEM_GRAMMATICAL_GENDER permission.
03-02 09:37:29.794 30316 30316 W Looper  : PerfMonitor doFrame : time=11ms vsyncFrame=19521823 latency=626ms procState=-1 historyMsgCount=4 (msgIndex=1 wall=1865ms seq=2 late=3ms h=android.app.ActivityThread$H w=110)
03-02 09:37:29.799  1621  4426 D ConnectivityService: Returning UNBLOCKED NetworkInfo to uid=10374
03-02 09:37:29.805 30353 30353 I cr_PolicyProvider: #setManagerAndSource() 0
03-02 09:37:29.806  1621  1842 I MiuiNetworkPolicy: updateUidState uid = 10301, uidState = 19
03-02 09:37:29.807  1621  1636 D CompatChangeReporter: Compat change id reported: 151861875; UID 10310; state: ENABLED
03-02 09:37:29.807  1621  1636 V GrammaticalInflectionUtils: AttributionSource: android.content.AttributionSource@b6059bcd does not have READ_SYSTEM_GRAMMATICAL_GENDER permission.
03-02 09:37:29.809  1621  1636 I SmartPower: com.google.android.webview:sandboxed_process0:org.chromium.content.app.SandboxedPr-1->background(0ms) R(become background) adj=-10000.
03-02 09:37:29.812 30353 30353 I cr_DisplayManager: Is Display Topology available: false
03-02 09:37:29.813 30326 30558 I relr-bootstrap: find relr data...
03-02 09:37:29.817 30326 30558 I relr-bootstrap: relr are relocated already, skip bootstrapping
03-02 09:37:29.829 30580 30580 I JavaheapMonitor: Disabled. Process name: <pre-initialized>
03-02 09:37:29.837 30580 30604 D MiuiDownscaleImpl: set override inverted scale : 1.0
03-02 09:37:29.839 30580 30580 D MiuiMonitorThread: Shared singleton Thread for stability monitor start
03-02 09:37:29.839 30946 30946 D Zygote  : Forked child process 30617
03-02 09:37:29.839  1621  4430 W system_server: Large reply transaction of 321668 bytes, interface descriptor android.content.pm.IPackageManager, code 3
03-02 09:37:29.847 30326 30558 D nativeloader: Load /data/app/~~Ma0ncRDtsh1HXvMuchyBRw==/com.snapchat.android-O5-SYZzemolQ75TV_7MpnQ==/split_config.arm64_v8a.apk!/lib/arm64-v8a/libclient.so using class loader ns clns-7 (caller=/data/app/~~Ma0ncRDtsh1HXvMuchyBRw==/com.snapchat.android-O5-SYZzemolQ75TV_7MpnQ==/base.apk): ok
03-02 09:37:29.848 30617 30617 E libc    : SetHeapTaggingLevel: re-enabling tagging after it was disabled is not supported
03-02 09:37:29.855  1621  1842 I MiuiNetworkPolicy: updateUidState uid = 10370, uidState = 8
03-02 09:37:29.857 30617 30617 I ocessService0:0: Using CollectorTypeCMC GC.
03-02 09:37:29.858  1621  3051 W ActivityManager: Slow operation: 56ms so far, now at finishAttachApplicationInner: after mServices.attachApplicationLocked
03-02 09:37:29.858  1621  3051 W ActivityManager: Slow operation: 56ms so far, now at finishAttachApplicationInner: after dispatching broadcasts
03-02 09:37:29.863  1621  2192 D ConnectivityService: requestNetwork for uid/pid:10310/30353 activeRequest: null callbackRequest: 241361 [NetworkRequest [ REQUEST id=241362, [ Capabilities: INTERNET&NOT_RESTRICTED&TRUSTED&NOT_VCN_MANAGED&NOT_BANDWIDTH_CONSTRAINED Uid: 10310 RequestorUid: 10310 RequestorPkg: cn.xender UnderlyingNetworks: Null] ]] callback flags: 0 order: 2147483647 isUidTracked: false declaredMethods: AVAIL|LOST
03-02 09:37:29.865 30326 30326 W Looper  : PerfMonitor longMsg : seq=2 plan=09:37:27.858 late=53ms wall=1951ms h=android.app.ActivityThread$H w=110 procState=-1
03-02 09:37:29.872  1621  1667 W ActivityManager: Slow operation: 63ms so far, now at startProcess: returned from zygote!
03-02 09:37:29.876 30051 30189 W NextAlarmClockChangedMa: <DWB> Not invoking OnNextAlarmChangedListeners: mydiary.journal.diary.diarywithlock.diaryjournal.secretdiary, mydiary.journal.diary.diarywithlock.diaryjournal.secretdiary
03-02 09:37:29.890 30368 30368 I ContentProvider: com.reddit.frontpage.androidx-startup onCreate use 358 ms!
03-02 09:37:29.891  1621  1843 D WifiNetworkFactory: got request NetworkRequest [ REQUEST id=241362, [ Capabilities: INTERNET&NOT_RESTRICTED&TRUSTED&NOT_VCN_MANAGED&NOT_BANDWIDTH_CONSTRAINED Uid: 10310 RequestorUid: 10310 RequestorPkg: cn.xender UnderlyingNetworks: Null] ]
03-02 09:37:29.892  1621  1843 D UntrustedWifiNetworkFactory: got request NetworkRequest [ REQUEST id=241362, [ Capabilities: INTERNET&NOT_RESTRICTED&TRUSTED&NOT_VCN_MANAGED&NOT_BANDWIDTH_CONSTRAINED Uid: 10310 RequestorUid: 10310 RequestorPkg: cn.xender UnderlyingNetworks: Null] ]
03-02 09:37:29.900  1621  1667 W ActivityManager: Slow operation: 91ms so far, now at startProcess: done updating battery stats
03-02 09:37:29.900 30580 30580 D ActivityThread: setEmbeddedParam packageName=com.instagram.android processName=com.instagram.android isEmbedded=false isIsolated=false
03-02 09:37:29.902  1621  1667 W ActivityManager: Slow operation: 93ms so far, now at startProcess: building log message
03-02 09:37:29.902  1621  1667 I ActivityManager: Start proc 30617:com.google.android.webview:sandboxed_process0:org.chromium.content.app.SandboxedProcessService0:0/u0i391 for  {cn.xender/org.chromium.content.app.SandboxedProcessService0:0} caller=cn.xender
03-02 09:37:29.902 30617 30617 D nativeloader: Load libframework-connectivity-tiramisu-jni.so using APEX ns com_android_tethering for caller /apex/com.android.tethering/javalib/framework-connectivity-t.jar: ok
03-02 09:37:29.902  1621  1667 W ActivityManager: Slow operation: 93ms so far, now at startProcess: starting to update pids map
03-02 09:37:29.902  1621  1667 W ActivityManager: Slow operation: 93ms so far, now at startProcess: done updating pids map
03-02 09:37:29.903 30580 30580 D ApplicationLoaders: Returning zygote-cached class loader: /system/framework/org.apache.http.legacy.jar
03-02 09:37:29.903 30580 30580 D ApplicationLoaders: Returning zygote-cached class loader: /system_ext/framework/androidx.window.extensions.jar
03-02 09:37:29.903 30580 30580 D ApplicationLoaders: Returning zygote-cached class loader: /system_ext/framework/androidx.window.sidecar.jar
03-02 09:37:29.904  1621  4427 I ClipboardServiceI: checkProviderWakePathForClipboard: primaryClip is null
03-02 09:37:29.905  1621  1856 D ConnectivityService: NetReassign [241362 : null ΓåÆ 255] [c 1] [a 1] [i 35]
03-02 09:37:29.908  1621  2834 W system_server: Large reply transaction of 321668 bytes, interface descriptor android.content.pm.IPackageManager, code 3
03-02 09:37:29.909  1621  1843 D OemPaidWifiNetworkFactory: got request NetworkRequest [ REQUEST id=241362, [ Capabilities: INTERNET&NOT_RESTRICTED&TRUSTED&NOT_VCN_MANAGED&NOT_BANDWIDTH_CONSTRAINED Uid: 10310 RequestorUid: 10310 RequestorPkg: cn.xender UnderlyingNetworks: Null] ]
03-02 09:37:29.909  1621  1843 D MultiInternetWifiNetworkFactory: got request NetworkRequest [ REQUEST id=241362, [ Capabilities: INTERNET&NOT_RESTRICTED&TRUSTED&NOT_VCN_MANAGED&NOT_BANDWIDTH_CONSTRAINED Uid: 10310 RequestorUid: 10310 RequestorPkg: cn.xender UnderlyingNetworks: Null] ]
03-02 09:37:29.911 30316 30316 D EventBus: No subscribers registered for event class b5.i
03-02 09:37:29.912 30316 30316 D EventBus: No subscribers registered for event class org.greenrobot.eventbus.NoSubscriberEvent
03-02 09:37:29.918 30617 30617 I MessageMonitor: Load libmiui_runtime
03-02 09:37:29.925  1621  4431 D SymlinkUtils: attachApplication file op go pass: 2 ms
03-02 09:37:29.927  1621  2834 I whetstone.activity: Power Event callback listener is empty for resId=256
03-02 09:37:29.927  1621  2834 D BatteryStatsManagerStub: notifyEvent for resId=256 used 0ms
03-02 09:37:29.930 30353 30507 I Ads     : Updating ad debug logging enablement.
03-02 09:37:29.940  1621  1842 I MiuiNetworkPolicy: updateUidState uid = 99391, uidState = 19
03-02 09:37:29.942 30617 30644 D MiuiDownscaleImpl: set override inverted scale : 1.0
03-02 09:37:29.943 30617 30617 E MQSEventManagerDelegate: failed to get MQSService.
03-02 09:37:29.943 30617 30617 W ActivityThread: registerApplicationScoutThread result:false
03-02 09:37:29.952 30617 30617 I JavaheapMonitor: Disabled. Process name: <pre-initialized>
03-02 09:37:29.952  1621  2834 E JobScheduler: ResourceBudgetManagerInternal is null
03-02 09:37:29.953  1621  2834 D CompatChangeReporter: Compat change id reported: 151861875; UID 10122; state: ENABLED
03-02 09:37:29.954  1621  2834 V GrammaticalInflectionUtils: AttributionSource: android.content.AttributionSource@aab04f62 does not have READ_SYSTEM_GRAMMATICAL_GENDER permission.
03-02 09:37:29.957 30617 30617 D MiuiMonitorThread: Shared singleton Thread for stability monitor start
03-02 09:37:29.957 19536 19885 I Finsky  : [112458] mydiary.journal.diary.diarywithlock.diaryjournal.secretdiary: Account determined from installer data - [rfy1FwiRRUcnEZeuo1WiV2gPCJA_1tMvJ7Hr4rd_nNg]
03-02 09:37:29.959  1621  2834 I whetstone.activity: Power Event callback listener is empty for resId=256
03-02 09:37:29.959  1621  2834 D BatteryStatsManagerStub: notifyEvent for resId=256 used 1ms
03-02 09:37:29.960 19536 19899 I Finsky  : [112460] Billing preferred account via installer for mydiary.journal.diary.diarywithlock.diaryjournal.secretdiary: [rfy1FwiRRUcnEZeuo1WiV2gPCJA_1tMvJ7Hr4rd_nNg]
03-02 09:37:29.962  1621  2834 I whetstone.activity: Power Event callback listener is empty for resId=256
03-02 09:37:29.962  1621  2834 D BatteryStatsManagerStub: notifyEvent for resId=256 used 1ms
03-02 09:37:29.962 30353 30353 I cr_CombinedPProvider: #linkNativeInternal() 1
03-02 09:37:29.963  1621  2834 D CompatChangeReporter: Compat change id reported: 311208629; UID 10374; state: ENABLED
03-02 09:37:29.963 30353 30353 I cr_AppResProvider: #getApplicationRestrictionsFromUserManager() Bundle[EMPTY_PARCEL]
03-02 09:37:29.964 30353 30353 I cr_PolicyProvider: #notifySettingsAvailable() 0
03-02 09:37:29.964 30353 30353 I cr_CombinedPProvider: #onSettingsAvailable() 0
03-02 09:37:29.964 30353 30353 I cr_CombinedPProvider: #flushPolicies()
03-02 09:37:29.970  1621  1842 I MiuiNetworkPolicy: updateUidState uid = 10374, uidState = 10
03-02 09:37:29.970  1621  1842 I MiuiNetworkPolicy: updateUidState uid = 10287, uidState = 10
03-02 09:37:29.971  1621  2834 E JobScheduler: ResourceBudgetManagerInternal is null
03-02 09:37:29.975  1621  2834 I whetstone.activity: Power Event callback listener is empty for resId=256
03-02 09:37:29.975  1621  2834 D BatteryStatsManagerStub: notifyEvent for resId=256 used 0ms
03-02 09:37:29.976  1621  1842 I MiuiNetworkPolicy: updateUidState uid = 10310, uidState = 8
03-02 09:37:29.978 30617 30650 E MQSEventManagerDelegate: failed to get MQSService.
03-02 09:37:29.978 30617 30650 W MQSEventManagerDelegate: getReportAppLaunch getMQSService null
03-02 09:37:29.990  1621  1842 I MiuiNetworkPolicy: updateUidState uid = 10374, uidState = 19
03-02 09:37:29.991  1621  1842 I MiuiNetworkPolicy: updateUidState uid = 10287, uidState = 19
03-02 09:37:29.995   835   835 D Zygote  : Forked child process 30652
03-02 09:37:30.001  1621  1667 I ActivityManager: Start proc 30652:com.facebook.appmanager/u0a122 for service {com.facebook.appmanager/com.facebook.analytics2.logger.legacy.uploader.LollipopUploadService} caller=android
03-02 09:37:30.008 30368 30571 E eddit.frontpage: Invalid resource ID 0x00000000.
03-02 09:37:30.017 18562 18789 D BluetoothDevice: getAddress: mAddress=XX:XX:XX:XX:39:B1
03-02 09:37:30.017 30353 30507 I DynamiteModule: Considering local module com.google.android.gms.ads.dynamite:0 and remote module com.google.android.gms.ads.dynamite:260480602
03-02 09:37:30.017 30353 30507 I DynamiteModule: Selected remote version of com.google.android.gms.ads.dynamite, version >= 260480602
03-02 09:37:30.017 30353 30507 V DynamiteModule: Dynamite loader version >= 2, using loadModule2NoCrashUtils
03-02 09:37:30.017 18562 18789 D BluetoothDevice: getAddress: mAddress=XX:XX:XX:XX:39:B1
03-02 09:37:30.017 18562 18789 D BluetoothDevice: getAddress: mAddress=XX:XX:XX:XX:39:B1
03-02 09:37:30.018  1201  1298 D AALLightSensor: oldLux=9 [SA:-1 LA:-1] newLux=10 (oriLux: 10)
03-02 09:37:30.018  1201  1298 D AALService: [CRTC_114] onALIChanged: 9 -> 10
03-02 09:37:30.024 30617 30617 D ActivityThread: setEmbeddedParam packageName=cn.xender processName=com.google.android.webview:sandboxed_process0:org.chromium.content.app.SandboxedProcessService0:0 isEmbedded=false isIsolated=true
03-02 09:37:30.029 26843 26843 W FirebaseApp: Default FirebaseApp failed to initialize because no default options were found. This usually means that com.google.gms:google-services was not applied to your gradle project.
03-02 09:37:30.029 30617 30617 D ApplicationLoaders: Returning zygote-cached class loader: /system/framework/android.test.base.jar
03-02 09:37:30.029 26843 26843 I FirebaseInitProvider: FirebaseApp initialization unsuccessful
03-02 09:37:30.029 30617 30617 D ApplicationLoaders: Returning zygote-cached class loader: /system_ext/framework/androidx.window.extensions.jar
03-02 09:37:30.031 30316 30615 W BpBinder: Slow Binder: BpBinder transact took 208 ms, interface=com.android.vending.billing.IInAppBillingService, code=1 oneway=false
03-02 09:37:30.043 30326 30577 E SQLiteLog: (283) recovered 845 frames from WAL file /data/data/com.snapchat.android/databases/core.db-wal
03-02 09:37:30.043 30617 30617 E ForceDarkHelperStubImpl: getForceDarkOriginState transact failed , mService: null
03-02 09:37:30.043 30617 30617 I ForceDarkHelperStubImpl: initialize for cn.xender , ForceDarkOrigin
03-02 09:37:30.049 30617 30617 D nativeloader: Load libforcedarkimpl.so using system ns (caller=/system_ext/framework/miui-framework.jar): ok
03-02 09:37:30.049 30617 30617 D HWUI    : JNI_OnLoad success
03-02 09:37:30.049 30617 30617 I MiuiForceDarkConfig: setConfig density:2.750000, mainRule:0, secondaryRule:0, tertiaryRule:0
03-02 09:37:30.050 30652 30652 E Zygote  : process_name_ptr:30652 com.facebook.appmanager
03-02 09:37:30.050 30652 30652 E Zygote  : SetMemoryProtected process_name_ptr:30652 com.facebook.appmanager
03-02 09:37:30.052  1621  1731 D AS.BtHelper: isBluetoothScoOn() mBluetoothHeadset is null: falsemBluetoothHeadsetDevice is null: true
03-02 09:37:30.053  1621  1731 V AS.AudioDeviceBroker: requestedCommunicationDevice: null mAudioModeOwner: AudioModeInfo: mMode=MODE_NORMAL, mPid=0, mUid=0
03-02 09:37:30.054 30617 30617 I ActivityThread: Miui Feature Init done
03-02 09:37:30.054  1621  1731 D AS.BtHelper: isBluetoothScoOn() mBluetoothHeadset is null: falsemBluetoothHeadsetDevice is null: true
03-02 09:37:30.054  1621  1731 V AS.AudioDeviceBroker: requestedCommunicationDevice: null mAudioModeOwner: AudioModeInfo: mMode=MODE_NORMAL, mPid=0, mUid=0
03-02 09:37:30.060 30617 30617 I cr_WebViewApkApp: version=145.0.7632.79 (763207903) minSdkVersion=29 processName=com.google.android.webview:sandboxed_process0:org.chromium.content.app.SandboxedProcessService0:0 splits=<none>
03-02 09:37:30.060   921   921 I BufferQueueProducer: [NavigationBar0#101619](this:0xb400007bced454e8,id:-1,api:0,p:-1,c:921) queueBuffer: fps=60.05 dur=1015.80 max=18.10 min=15.10
03-02 09:37:30.069 30652 30652 I book.appmanager: Using CollectorTypeCMC GC.
03-02 09:37:30.072  1621  1842 I MiuiNetworkPolicy: updateUidState uid = 99391, uidState = 8
03-02 09:37:30.079 30326 30683 D CursorWindow: Inflated: original size 16384, new size 2097152
03-02 09:37:30.080 30617 30617 I cr_ChildProcessService: Creating new ChildProcessService pid=30617
03-02 09:37:30.084 30326 30685 D CursorWindow: Inflated: original size 16384, new size 2097152
03-02 09:37:30.088  1621  2834 D Aurogon :  packageName = com.google.android.gms isAllowWakeUpList 
03-02 09:37:30.090  1621  1636 I ClipboardServiceI: checkProviderWakePathForClipboard: primaryClip is null
03-02 09:37:30.096  1621  1842 I MiuiNetworkPolicy: updateUidState uid = 10329, uidState = 8
03-02 09:37:30.096 30368 30368 W Looper  : PerfMonitor longMsg : seq=2 plan=09:37:27.992 late=6ms wall=2097ms h=android.app.ActivityThread$H w=110 procState=-1
03-02 09:37:30.097 30368 30368 W libc    : Access denied finding property "ro.vendor.perf.scroll_opt"
03-02 09:37:30.102 30652 30652 D nativeloader: Load libframework-connectivity-tiramisu-jni.so using APEX ns com_android_tethering for caller /apex/com.android.tethering/javalib/framework-connectivity-t.jar: ok
03-02 09:37:30.107  1621  1746 W JobServiceContext: Sending onNetworkChanged for a job that isn't started. JobStatus{5f31edd androidx.work.systemjobscheduler:u0a329/50920 @androidx.work.systemjobscheduler@com.reddit.frontpage/androidx.work.impl.background.systemjob.SystemJobService u=0 s=10329 TIME=-3m24s995ms:none NET READY}
03-02 09:37:30.108  1621  1746 W JobServiceContext: Sending onNetworkChanged for a job that isn't started. JobStatus{13e7434 androidx.work.systemjobscheduler:u0a329/50916 @androidx.work.systemjobscheduler@com.reddit.frontpage/androidx.work.impl.background.systemjob.SystemJobService u=0 s=10329 TIME=-2m55s49ms:none NET READY}
03-02 09:37:30.108  8942  8942 D BoundBrokerSvc: onBind: Intent { act=com.google.android.gms.appset.service.START dat=chimera-action:/... cmp=com.google.android.gms/.chimera.GmsApiService }
03-02 09:37:30.108  8942  8942 D BoundBrokerSvc: Loading bound service for intent: Intent { act=com.google.android.gms.appset.service.START dat=chimera-action:/... cmp=com.google.android.gms/.chimera.GmsApiService }
03-02 09:37:30.110 30368 30368 D nativeloader: Load libpowerhalwrap_jni.so using system ns (caller=/system_ext/framework/mediatek-framework.jar): ok
03-02 09:37:30.113 30368 30368 I PowerHalWrapper: PowerHalWrapper.getInstance 
03-02 09:37:30.113 30368 30368 I M-ProMotion: M-ProMotion is disabled
03-02 09:37:30.118 30326 30602 D CompatChangeReporter: Compat change id reported: 312399441; UID 10370; state: ENABLED
03-02 09:37:30.118 19536 19915 I Finsky  : [112461] mydiary.journal.diary.diarywithlock.diaryjournal.secretdiary: Account determined from installer data - [rfy1FwiRRUcnEZeuo1WiV2gPCJA_1tMvJ7Hr4rd_nNg]
03-02 09:37:30.119  1621  4754 D ActivityManager: getProcessesInErrorState callingUid=10383, CallingPid=24605
03-02 09:37:30.120 30368 30368 D FramePredict: FramePredict init: true
03-02 09:37:30.120 30368 30368 D UserSceneDetector: invoke error.
03-02 09:37:30.127 26843 26843 W SoLoader: Initializing SoLoader: 0
03-02 09:37:30.127 19536 19915 I Finsky  : [112461] Billing preferred account via installer for mydiary.journal.diary.diarywithlock.diaryjournal.secretdiary: [rfy1FwiRRUcnEZeuo1WiV2gPCJA_1tMvJ7Hr4rd_nNg]
03-02 09:37:30.133 26843 26843 W SoLoader: Recording new base apk path: /data/app/~~Bh61wenJZi6JNVEuOkVQfQ==/com.softnation.Ojam-nnCVAdHxKfOmup5FCuBDYQ==/base.apk
03-02 09:37:30.133 26843 26843 W SoLoader: Previously recorded 0 base apk paths.
03-02 09:37:30.135   861   947 I libPerfCtl: xgfGetFPS pid:921 fps:-1
03-02 09:37:30.135   861   947 I libPerfCtl: xgfGetFPS pid:2363 fps:-1
03-02 09:37:30.136 30368 30368 W Looper  : PerfMonitor doFrame : time=17ms vsyncFrame=19521860 latency=346ms procState=-1 historyMsgCount=2 (msgIndex=1 wall=2097ms seq=2 late=6ms h=android.app.ActivityThread$H w=110)
03-02 09:37:30.139 26843 26843 I SoLoader: Preparing SO source: DirectorySoSource[root = /vendor/lib64 flags = 2]
03-02 09:37:30.140 26843 26843 I SoLoader: Preparing SO source: DirectorySoSource[root = /system/lib64 flags = 2]
03-02 09:37:30.140 26843 26843 I SoLoader: Preparing SO source: DirectApkSoSource[root = [/data/app/~~Bh61wenJZi6JNVEuOkVQfQ==/com.softnation.Ojam-nnCVAdHxKfOmup5FCuBDYQ==/base.apk!/lib/arm64-v8a]]
03-02 09:37:30.142 30316 30316 D EventBus: No subscribers registered for event class b5.i
03-02 09:37:30.142 30316 30316 D EventBus: No subscribers registered for event class org.greenrobot.eventbus.NoSubscriberEvent
03-02 09:37:30.151 30051 30191 W NextAlarmClockChangedMa: <DWB> Not invoking OnNextAlarmChangedListeners: mydiary.journal.diary.diarywithlock.diaryjournal.secretdiary, mydiary.journal.diary.diarywithlock.diaryjournal.secretdiary
03-02 09:37:30.154  1621  1842 I MiuiNetworkPolicy: updateUidState uid = 10157, uidState = 3
03-02 09:37:30.159 30652 30652 I MessageMonitor: Load libmiui_runtime
03-02 09:37:30.163 30326 30642 D CompatChangeReporter: Compat change id reported: 311402873; UID 10370; state: ENABLED
03-02 09:37:30.164 30326 30642 D CompatChangeReporter: Compat change id reported: 323349338; UID 10370; state: ENABLED
03-02 09:37:30.166  1621  4754 D CompatChangeReporter: Compat change id reported: 311402873; UID 10370; state: ENABLED
03-02 09:37:30.167  1621  4754 D CompatChangeReporter: Compat change id reported: 323349338; UID 10370; state: ENABLED
03-02 09:37:30.178 30353 30353 W chromium: [WARNING:android_webview/browser/network_service/net_helpers.cc:137] HTTP Cache size is: 20971520
03-02 09:37:30.179   849   849 I hwcomposer: [HWCDisplay] (0 updateFps():3667), (type:1, mode:2) fps:60.220230,dur:1012.95,max:18.56,min:13.72  
03-02 09:37:30.180  8942  8942 D BoundBrokerSvc: onRebind: Intent { act=com.google.android.gms.safebrowsing.SafeBrowsingService.START dat=chimera-action:/... cmp=com.google.android.gms/.chimera.GmsBoundBrokerService }
03-02 09:37:30.185  1621  2655 I whetstone.activity: Power Event callback listener is empty for resId=256
03-02 09:37:30.185  1621  2655 D BatteryStatsManagerStub: notifyEvent for resId=256 used 1ms
03-02 09:37:30.191  1621  4754 D SymlinkUtils: attachApplication file op go pass: 1 ms
03-02 09:37:30.195  1621  1842 I MiuiNetworkPolicy: updateUidState uid = 10156, uidState = 19
03-02 09:37:30.196  1621  2655 D CompatChangeReporter: Compat change id reported: 311208629; UID 10370; state: ENABLED
03-02 09:37:30.200  1621  2655 W JobScheduler: Job didn't exist in JobStore: 
03-02 09:37:30.201  1621  1842 I MiuiNetworkPolicy: updateUidState uid = 10370, uidState = 10
03-02 09:37:30.201  1621  4754 I SmartPower: com.facebook.appmanager/10122(30652): died->background(900943ms) R(process start ) adj=-10000.
03-02 09:37:30.202  1621  2655 E JobScheduler: ResourceBudgetManagerInternal is null
03-02 09:37:30.212 30652 30697 D MiuiDownscaleImpl: set override inverted scale : 1.0
03-02 09:37:30.214  1621  1842 I MiuiNetworkPolicy: updateUidState uid = 10122, uidState = 19
03-02 09:37:30.216  1621  1842 I MiuiNetworkPolicy: updateUidState uid = 10370, uidState = 8
03-02 09:37:30.219  1621  2655 I whetstone.activity: Power Event callback listener is empty for resId=256
03-02 09:37:30.219  1621  2655 D BatteryStatsManagerStub: notifyEvent for resId=256 used 0ms
03-02 09:37:30.224 30353 30719 I CameraManagerGlobal: Connecting to camera service
03-02 09:37:30.230 30353 30719 D CameraExtStub: init android.hardware.camera2.impl.CameraExtImplXiaoMi
03-02 09:37:30.235 30353 30561 I WM-WorkerWrapper: Worker result SUCCESS for Work [ id=69f99eb5-4002-458c-b3bc-cd8a7cf7f950, tags={ cn.xender.worker.PeriodicCanReplaceWorker } ]
03-02 09:37:30.238 30652 30652 I JavaheapMonitor: Disabled. Process name: <pre-initialized>
03-02 09:37:30.239 30353 30646 W Ads     : Update ad debug logging enablement as false
03-02 09:37:30.244 30353 30719 D CameraInjector: waitForResult: 
03-02 09:37:30.244 30353 30734 D CameraInjector: updateCloudCameraControllerInfoAsync: E
03-02 09:37:30.250 30652 30652 D MiuiMonitorThread: Shared singleton Thread for stability monitor start
03-02 09:37:30.252  8942 30361 D AdvertisingIdClient: AdvertisingIdClient already created.
03-02 09:37:30.255  8942 30361 D AdvertisingIdClient: AdvertisingIdClient is not bounded. Starting to bind it...
03-02 09:37:30.258  1621  1842 I MiuiNetworkPolicy: updateUidState uid = 10152, uidState = 8
03-02 09:37:30.261  1621  4754 I whetstone.activity: Power Event callback listener is empty for resId=256
03-02 09:37:30.261  1621  4754 D BatteryStatsManagerStub: notifyEvent for resId=256 used 2ms
03-02 09:37:30.261  1621  4430 I ClipboardServiceI: checkProviderWakePathForClipboard: primaryClip is null
03-02 09:37:30.264  5464 30739 W adservices: Skip logging because Cobalt logger is null
03-02 09:37:30.264 30368 30572 D CompatChangeReporter: Compat change id reported: 270674727; UID 10329; state: ENABLED
03-02 09:37:30.264 19959 20028 D CAM_MiviInfoContentProvider: METHOD_CAMERA_CONTROLLER_INFO: E
03-02 09:37:30.265  5464 30740 W adservices: Skip logging because Cobalt is disabled.
03-02 09:37:30.265 19959 20028 D CAM_MiviConfigEngine: getCachedBean E >> /data/user/0/com.android.camera/cache/EcoCache
03-02 09:37:30.266 30652 30737 D ActivityThread: the event that target app starts is : AppLaunchEvent{mType='441', mProcessName='com.facebook.appmanager', mPackageName='com.facebook.appmanager', mIsMainProcess='true', mVersionCode='727689875', mLaunchTime='2026-03-02'}
03-02 09:37:30.267 19959 20028 D CAM_MiviInfo4Helper: getDefaultEcoInfo E >> /odm/etc/camera/xiaomi/EcoInfo.json
03-02 09:37:30.267  4243 15996 W MQSEventManager: occur
03-02 09:37:30.267 19959 20028 D CAM_MiviInfo4Helper: getDefaultEcoInfo: X return null
03-02 09:37:30.269 19959 20028 E JavaBinder: *** Uncaught remote exception! Exceptions are not yet supported across processes. Client PID 30353 UID 10310.
03-02 09:37:30.269 19959 20028 E JavaBinder: java.lang.RuntimeException: org.json.JSONException: End of input at character 0 of 
03-02 09:37:30.269 19959 20028 E JavaBinder: 	at android.os.Parcel.writeException(Parcel.java:3026)
03-02 09:37:30.269 19959 20028 E JavaBinder: 	at android.database.DatabaseUtils.writeExceptionToParcel(DatabaseUtils.java:130)
03-02 09:37:30.269 19959 20028 E JavaBinder: 	at android.content.ContentProviderNative.onTransact(ContentProviderNative.java:442)
03-02 09:37:30.269 19959 20028 E JavaBinder: 	at android.os.Binder.execTransactInternal(Binder.java:1512)
03-02 09:37:30.269 19959 20028 E JavaBinder: 	at android.os.Binder.execTransact(Binder.java:1451)
03-02 09:37:30.269 19959 20028 E JavaBinder: Caused by: org.json.JSONException: End of input at character 0 of 
03-02 09:37:30.269 19959 20028 E JavaBinder: 	at org.json.JSONTokener.syntaxError(JSONTokener.java:469)
03-02 09:37:30.269 19959 20028 E JavaBinder: 	at org.json.JSONTokener.nextValue(JSONTokener.java:101)
03-02 09:37:30.269 19959 20028 E JavaBinder: 	at org.json.JSONObject.<init>(JSONObject.java:168)
03-02 09:37:30.269 19959 20028 E JavaBinder: 	at org.json.JSONObject.<init>(JSONObject.java:185)
