03-02 09:37:30.903  1621  1843 D OemPaidWifiNetworkFactory: got request NetworkRequest [ REQUEST id=241377, [ Capabilities: INTERNET&NOT_RESTRICTED&TRUSTED&NOT_VCN_MANAGED&NOT_BANDWIDTH_CONSTRAINED Uid: 10370 RequestorUid: 10370 RequestorPkg: com.snapchat.android UnderlyingNetworks: Null] ]
03-02 09:37:30.903  1621  1843 D MultiInternetWifiNetworkFactory: got request NetworkRequest [ REQUEST id=241377, [ Capabilities: INTERNET&NOT_RESTRICTED&TRUSTED&NOT_VCN_MANAGED&NOT_BANDWIDTH_CONSTRAINED Uid: 10370 RequestorUid: 10370 RequestorPkg: com.snapchat.android UnderlyingNetworks: Null] ]
03-02 09:37:30.903  1621  1843 D WifiNetworkFactory: got request NetworkRequest [ REQUEST id=241379, [ Capabilities: INTERNET&NOT_RESTRICTED&TRUSTED&NOT_VCN_MANAGED&NOT_BANDWIDTH_CONSTRAINED Uid: 10370 RequestorUid: 10370 RequestorPkg: com.snapchat.android UnderlyingNetworks: Null] ]
03-02 09:37:30.903  1621  1843 D UntrustedWifiNetworkFactory: got request NetworkRequest [ REQUEST id=241379, [ Capabilities: INTERNET&NOT_RESTRICTED&TRUSTED&NOT_VCN_MANAGED&NOT_BANDWIDTH_CONSTRAINED Uid: 10370 RequestorUid: 10370 RequestorPkg: com.snapchat.android UnderlyingNetworks: Null] ]
03-02 09:37:30.903  1621  2655 E JobScheduler: ResourceBudgetManagerInternal is null
03-02 09:37:30.904  1621  1843 D OemPaidWifiNetworkFactory: got request NetworkRequest [ REQUEST id=241379, [ Capabilities: INTERNET&NOT_RESTRICTED&TRUSTED&NOT_VCN_MANAGED&NOT_BANDWIDTH_CONSTRAINED Uid: 10370 RequestorUid: 10370 RequestorPkg: com.snapchat.android UnderlyingNetworks: Null] ]
03-02 09:37:30.904  1621  1843 D MultiInternetWifiNetworkFactory: got request NetworkRequest [ REQUEST id=241379, [ Capabilities: INTERNET&NOT_RESTRICTED&TRUSTED&NOT_VCN_MANAGED&NOT_BANDWIDTH_CONSTRAINED Uid: 10370 RequestorUid: 10370 RequestorPkg: com.snapchat.android UnderlyingNetworks: Null] ]
03-02 09:37:30.904  1621  2655 I whetstone.activity: Power Event callback listener is empty for resId=256
03-02 09:37:30.904  1621  2655 D BatteryStatsManagerStub: notifyEvent for resId=256 used 0ms
03-02 09:37:30.905  1621  1856 D ConnectivityService: NetReassign [241379 : null ΓåÆ 255] [c 0] [a 1] [i 4]
03-02 09:37:30.910  1621  1731 D ConnectivityService: requestNetwork for uid/pid:10370/30326 activeRequest: null callbackRequest: 241380 [NetworkRequest [ REQUEST id=241381, [ Capabilities: INTERNET&NOT_RESTRICTED&TRUSTED&NOT_VCN_MANAGED&NOT_BANDWIDTH_CONSTRAINED Uid: 10370 RequestorUid: 10370 RequestorPkg: com.snapchat.android UnderlyingNetworks: Null] ]] callback flags: 0 order: 2147483647 isUidTracked: false declaredMethods: AVAIL|LOSING|LOST|UNAVAIL|NC|LP
03-02 09:37:30.912  4243 30819 D MIUIScout App: reportAppScoutEvent: AppScoutEvent { mType=APP_SCOUT_WARNING mTimeStamp=1772440650881 Pid=26843 Uid=10337 processName=com.softnation.Ojam PackageName=com.softnation.Ojam mTargetActivity= CurrentMsg:{ (Current message: duration=2519ms seq=3 late=3ms h=android.app.ActivityThread$H w=110)} mInputLatency=0 mProcessType= mIsReportAppLaunch=false mIsMainProcess=false}
03-02 09:37:30.915 26843 26843 D nativeloader: Load /data/app/~~Bh61wenJZi6JNVEuOkVQfQ==/com.softnation.Ojam-nnCVAdHxKfOmup5FCuBDYQ==/base.apk!/lib/arm64-v8a/libreact_codegen_safeareacontext.so using class loader ns clns-7 (caller=/data/app/~~Bh61wenJZi6JNVEuOkVQfQ==/com.softnation.Ojam-nnCVAdHxKfOmup5FCuBDYQ==/base.apk!classes20.dex): ok
03-02 09:37:30.917  1621  1843 D WifiNetworkFactory: got request NetworkRequest [ REQUEST id=241381, [ Capabilities: INTERNET&NOT_RESTRICTED&TRUSTED&NOT_VCN_MANAGED&NOT_BANDWIDTH_CONSTRAINED Uid: 10370 RequestorUid: 10370 RequestorPkg: com.snapchat.android UnderlyingNetworks: Null] ]
03-02 09:37:30.918 30326 30801 W ConnectivityManager.CallbackHandler: callback not found for CALLBACK_AVAILABLE message
03-02 09:37:30.919  1621  1843 D UntrustedWifiNetworkFactory: got request NetworkRequest [ REQUEST id=241381, [ Capabilities: INTERNET&NOT_RESTRICTED&TRUSTED&NOT_VCN_MANAGED&NOT_BANDWIDTH_CONSTRAINED Uid: 10370 RequestorUid: 10370 RequestorPkg: com.snapchat.android UnderlyingNetworks: Null] ]
03-02 09:37:30.919  1621  1843 D OemPaidWifiNetworkFactory: got request NetworkRequest [ REQUEST id=241381, [ Capabilities: INTERNET&NOT_RESTRICTED&TRUSTED&NOT_VCN_MANAGED&NOT_BANDWIDTH_CONSTRAINED Uid: 10370 RequestorUid: 10370 RequestorPkg: com.snapchat.android UnderlyingNetworks: Null] ]
03-02 09:37:30.919  1621  1843 D MultiInternetWifiNetworkFactory: got request NetworkRequest [ REQUEST id=241381, [ Capabilities: INTERNET&NOT_RESTRICTED&TRUSTED&NOT_VCN_MANAGED&NOT_BANDWIDTH_CONSTRAINED Uid: 10370 RequestorUid: 10370 RequestorPkg: com.snapchat.android UnderlyingNetworks: Null] ]
03-02 09:37:30.919  1621  1856 D ConnectivityService: NetReassign [241381 : null ΓåÆ 255] [c 1] [a 1] [i 6]
03-02 09:37:30.923  1621  2834 D ConnectivityService: requestNetwork for uid/pid:10370/30326 activeRequest: null callbackRequest: 241382 [NetworkRequest [ REQUEST id=241383, [ Capabilities: INTERNET&NOT_RESTRICTED&TRUSTED&NOT_VCN_MANAGED&NOT_BANDWIDTH_CONSTRAINED Uid: 10370 RequestorUid: 10370 RequestorPkg: com.snapchat.android UnderlyingNetworks: Null] ]] callback flags: 0 order: 2147483647 isUidTracked: false declaredMethods: AVAIL|LOSING|LOST|UNAVAIL|NC|LP
03-02 09:37:30.925 26843 26843 D nativeloader: Load /data/app/~~Bh61wenJZi6JNVEuOkVQfQ==/com.softnation.Ojam-nnCVAdHxKfOmup5FCuBDYQ==/base.apk!/lib/arm64-v8a/libappmodules.so using class loader ns clns-7 (caller=/data/app/~~Bh61wenJZi6JNVEuOkVQfQ==/com.softnation.Ojam-nnCVAdHxKfOmup5FCuBDYQ==/base.apk!classes20.dex): ok
03-02 09:37:30.928  1621  2834 D ConnectivityService: requestNetwork for uid/pid:10370/30326 activeRequest: null callbackRequest: 241384 [NetworkRequest [ REQUEST id=241385, [ Capabilities: INTERNET&NOT_RESTRICTED&TRUSTED&NOT_VCN_MANAGED&NOT_BANDWIDTH_CONSTRAINED Uid: 10370 RequestorUid: 10370 RequestorPkg: com.snapchat.android UnderlyingNetworks: Null] ]] callback flags: 0 order: 2147483647 isUidTracked: false declaredMethods: AVAIL|LOSING|LOST|UNAVAIL|NC|LP
03-02 09:37:30.929  1621  1856 D ConnectivityService: NetReassign [241383 : null ΓåÆ 255] [c 0] [a 0] [i 2]
03-02 09:37:30.930  1621  1843 D WifiNetworkFactory: got request NetworkRequest [ REQUEST id=241383, [ Capabilities: INTERNET&NOT_RESTRICTED&TRUSTED&NOT_VCN_MANAGED&NOT_BANDWIDTH_CONSTRAINED Uid: 10370 RequestorUid: 10370 RequestorPkg: com.snapchat.android UnderlyingNetworks: Null] ]
03-02 09:37:30.930  1621  1843 D UntrustedWifiNetworkFactory: got request NetworkRequest [ REQUEST id=241383, [ Capabilities: INTERNET&NOT_RESTRICTED&TRUSTED&NOT_VCN_MANAGED&NOT_BANDWIDTH_CONSTRAINED Uid: 10370 RequestorUid: 10370 RequestorPkg: com.snapchat.android UnderlyingNetworks: Null] ]
03-02 09:37:30.930  1621  1843 D OemPaidWifiNetworkFactory: got request NetworkRequest [ REQUEST id=241383, [ Capabilities: INTERNET&NOT_RESTRICTED&TRUSTED&NOT_VCN_MANAGED&NOT_BANDWIDTH_CONSTRAINED Uid: 10370 RequestorUid: 10370 RequestorPkg: com.snapchat.android UnderlyingNetworks: Null] ]
03-02 09:37:30.930  1621  1843 D MultiInternetWifiNetworkFactory: got request NetworkRequest [ REQUEST id=241383, [ Capabilities: INTERNET&NOT_RESTRICTED&TRUSTED&NOT_VCN_MANAGED&NOT_BANDWIDTH_CONSTRAINED Uid: 10370 RequestorUid: 10370 RequestorPkg: com.snapchat.android UnderlyingNetworks: Null] ]
03-02 09:37:30.933  2363  2477 D MiuiFreeformModeCornerTipHandler: task#37009 onTaskVanished
03-02 09:37:30.933  2363  2477 I MiuiBubbleController: removeBubble: 37009 reason=2
03-02 09:37:30.933  2363  2477 I MultiTaskingTaskRepository: onTaskInfoChanged multi list = [5, 4], full = [37009, 37006, 36980]
03-02 09:37:30.936 30368 30805 W VideoCapabilities: Unrecognized profile/level 32768/256 for video/mp4v-es
03-02 09:37:30.936  1621  1731 D ConnectivityService: requestNetwork for uid/pid:10370/30326 activeRequest: null callbackRequest: 241386 [NetworkRequest [ REQUEST id=241387, [ Capabilities: INTERNET&NOT_RESTRICTED&TRUSTED&NOT_VCN_MANAGED&NOT_BANDWIDTH_CONSTRAINED Uid: 10370 RequestorUid: 10370 RequestorPkg: com.snapchat.android UnderlyingNetworks: Null] ]] callback flags: 0 order: 2147483647 isUidTracked: false declaredMethods: AVAIL|LOSING|LOST|UNAVAIL|NC|LP
03-02 09:37:30.936 30368 30805 W VideoCapabilities: Unrecognized profile/level 32768/256 for video/mp4v-es
03-02 09:37:30.938  1621  2834 I PowerHalWrapper: amsBoostNotify pid:26843,activity:com.softnation.Ojam.MainActivity, package:com.softnation.Ojam, mProcessCreatePackcom.softnation.Ojam 
03-02 09:37:30.938  1621  2834 I PowerHalWrapper: state: 1 
03-02 09:37:30.939  1621  1731 D ConnectivityService: requestNetwork for uid/pid:10370/30326 activeRequest: null callbackRequest: 241388 [NetworkRequest [ REQUEST id=241389, [ Capabilities: INTERNET&NOT_RESTRICTED&TRUSTED&NOT_VCN_MANAGED&NOT_BANDWIDTH_CONSTRAINED Uid: 10370 RequestorUid: 10370 RequestorPkg: com.snapchat.android UnderlyingNetworks: Null] ]] callback flags: 0 order: 2147483647 isUidTracked: false declaredMethods: AVAIL|LOSING|LOST|UNAVAIL|NC|LP
03-02 09:37:30.939  1621  2834 I ScnModule: [GameDetection] packname: com.softnation.Ojam, apkSize: 113045479. 
03-02 09:37:30.940  1621  2834 I mtkpower_client: [PowerHal_Wrap_notifyAppState] com.softnation.Ojam/com.softnation.Ojam.MainActivity pid=26843 activityId:71917451 state:1
03-02 09:37:30.940  1621  1843 D WifiNetworkFactory: got request NetworkRequest [ REQUEST id=241385, [ Capabilities: INTERNET&NOT_RESTRICTED&TRUSTED&NOT_VCN_MANAGED&NOT_BANDWIDTH_CONSTRAINED Uid: 10370 RequestorUid: 10370 RequestorPkg: com.snapchat.android UnderlyingNetworks: Null] ]
03-02 09:37:30.940   861   861 I vendor.mediatek.hardware.mtkpower_applist-service.mediatek: packName: com.softnation.Ojam actName: com.softnation.Ojam.MainActivity pid: 26843 activityId: 71917451 uid: 10337 state: 1
03-02 09:37:30.940   861   861 I MTK_APPList: [notifyAPPstate] com.softnation.Ojam/com.softnation.Ojam.MainActivity, pid=26843, activityId=71917451, uid=10337, state:RESUMED, fps:-1, win:0
03-02 09:37:30.940   861   861 I MTK_APPList: [notifyAPPstate] multi_resumed_app_count: 2
03-02 09:37:30.940   861   861 I MTK_APPList: [notifyAPPstate] multi_resumed_app_info[0] com.android.systemui/com.android.systemui._190038181, pid:2363, activityId:-1, fps:-1, isMultiWindow:0
03-02 09:37:30.940   861   861 I MTK_APPList: [notifyAPPstate] multi_resumed_app_info[1] com.softnation.Ojam/com.softnation.Ojam.MainActivity, pid:26843, activityId:71917451, fps:-1, isMultiWindow:0
03-02 09:37:30.940   861   861 I MTK_APPList: [getForegroundAPPCount] 2
03-02 09:37:30.940   861   861 I MTK_APPList: [notifyAPPstate] foreground:com.softnation.Ojam, pid:26843, activityId:71917451, uid:10337
03-02 09:37:30.940   861   861 I MTK_APPList: [notifyNetdUID] 10337
03-02 09:37:30.941  1621  2834 I PowerHalWrapper: amsBoostNotify AMS_BOOST_PROCESS_CREATE_BOOST:true 
03-02 09:37:30.941  1621  1621 D MBrainLocalService: isVendorFreezeConditionPass is false
03-02 09:37:30.941  1621  1621 E MBrainLocalService: notifyAppSwitch failed
03-02 09:37:30.942   861   861 I MTK_APPList: [notifyPID] 26843
03-02 09:37:30.942  1621  1843 D UntrustedWifiNetworkFactory: got request NetworkRequest [ REQUEST id=241385, [ Capabilities: INTERNET&NOT_RESTRICTED&TRUSTED&NOT_VCN_MANAGED&NOT_BANDWIDTH_CONSTRAINED Uid: 10370 RequestorUid: 10370 RequestorPkg: com.snapchat.android UnderlyingNetworks: Null] ]
03-02 09:37:30.942 30326 30801 W ConnectivityManager.CallbackHandler: callback not found for CALLBACK_AVAILABLE message
03-02 09:37:30.942  1621  1843 D OemPaidWifiNetworkFactory: got request NetworkRequest [ REQUEST id=241385, [ Capabilities: INTERNET&NOT_RESTRICTED&TRUSTED&NOT_VCN_MANAGED&NOT_BANDWIDTH_CONSTRAINED Uid: 10370 RequestorUid: 10370 RequestorPkg: com.snapchat.android UnderlyingNetworks: Null] ]
03-02 09:37:30.942  1621  1843 D MultiInternetWifiNetworkFactory: got request NetworkRequest [ REQUEST id=241385, [ Capabilities: INTERNET&NOT_RESTRICTED&TRUSTED&NOT_VCN_MANAGED&NOT_BANDWIDTH_CONSTRAINED Uid: 10370 RequestorUid: 10370 RequestorPkg: com.snapchat.android UnderlyingNetworks: Null] ]
03-02 09:37:30.942  1621  1856 D ConnectivityService: NetReassign [241385 : null ΓåÆ 255] [c 0] [a 3] [i 7]
03-02 09:37:30.942   863   958 I libPowerHal: [perfSetSysInfo] pid type:24, 26843
03-02 09:37:30.943  1124  1124 D ResourceManagerServiceNew: update package name: com.softnation.Ojam
03-02 09:37:30.943   861   861 I MTK_APPList: [notifyAPPstate] pc:0, com.miui.home => com.softnation.Ojam
03-02 09:37:30.943  1621  1650 D ActivityManager: mediaResourceManagerBinder get success
03-02 09:37:30.944 30326 30801 W ConnectivityManager.CallbackHandler: callback not found for CALLBACK_AVAILABLE message
03-02 09:37:30.944  1621  1745 W AlarmManager: Unrecognized alarm listener com.android.server.usage.AppTimeLimitController$SessionUsageGroup@b0d1aaf
03-02 09:37:30.945 30326 30801 W ConnectivityManager.CallbackHandler: callback not found for CALLBACK_AVAILABLE message
03-02 09:37:30.945 30326 30801 W ConnectivityManager.CallbackHandler: callback not found for CALLBACK_AVAILABLE message
03-02 09:37:30.945 30326 30801 W ConnectivityManager.CallbackHandler: callback not found for CALLBACK_AVAILABLE message
03-02 09:37:30.945 30326 30801 W ConnectivityManager.CallbackHandler: callback not found for CALLBACK_AVAILABLE message
03-02 09:37:30.947  6515 13498 D PerfEngineController: ForegroundInfo{mForegroundPackageName='com.softnation.Ojam', mForegroundUid=10337, mForegroundPid=26843, mLastForegroundPackageName='com.miui.home', mLastForegroundUid=10166, mLastForegroundPid=1999, mMultiWindowForegroundPackageName='com.softnation.Ojam', mMultiWindowForegroundUid=10337, mFlags=1}
03-02 09:37:30.948  6027 20777 I ProcessMonitor: onForegroundInfoChanged: ForegroundInfo{mForegroundPackageName='com.softnation.Ojam', mForegroundUid=10337, mForegroundPid=26843, mLastForegroundPackageName='com.miui.home', mLastForegroundUid=10166, mLastForegroundPid=1999, mMultiWindowForegroundPackageName='com.softnation.Ojam', mMultiWindowForegroundUid=10337, mFlags=1}
03-02 09:37:30.948  6027 20777 I VideoBoxUtils: isSupportVideoBox: false
03-02 09:37:30.948  6027 20777 I VideoToolBoxService: vtb is closed!!!
03-02 09:37:30.948  1621  1907 D MiuiMultiWindowUtils: DeviceLevel.IS_MIUI_LITE_VERSION 2.0 not support miui multiWindowtides
03-02 09:37:30.949  6027  3111 D v1      : myUserId = 0	currentUserId0
03-02 09:37:30.949  1621  2655 D ConnectivityService: requestNetwork for uid/pid:10370/30326 activeRequest: null callbackRequest: 241390 [NetworkRequest [ REQUEST id=241391, [ Capabilities: INTERNET&NOT_RESTRICTED&TRUSTED&NOT_VCN_MANAGED&NOT_BANDWIDTH_CONSTRAINED Uid: 10370 RequestorUid: 10370 RequestorPkg: com.snapchat.android UnderlyingNetworks: Null] ]] callback flags: 0 order: 2147483647 isUidTracked: false declaredMethods: AVAIL|LOSING|LOST|UNAVAIL|NC|LP
03-02 09:37:30.949  1621  1907 D BluetoothAdapter: getActiveDevices(profile= A2DP)
03-02 09:37:30.950  1621  1843 D WifiNetworkFactory: got request NetworkRequest [ REQUEST id=241387, [ Capabilities: INTERNET&NOT_RESTRICTED&TRUSTED&NOT_VCN_MANAGED&NOT_BANDWIDTH_CONSTRAINED Uid: 10370 RequestorUid: 10370 RequestorPkg: com.snapchat.android UnderlyingNetworks: Null] ]
03-02 09:37:30.950  1621  1843 D UntrustedWifiNetworkFactory: got request NetworkRequest [ REQUEST id=241387, [ Capabilities: INTERNET&NOT_RESTRICTED&TRUSTED&NOT_VCN_MANAGED&NOT_BANDWIDTH_CONSTRAINED Uid: 10370 RequestorUid: 10370 RequestorPkg: com.snapchat.android UnderlyingNetworks: Null] ]
03-02 09:37:30.951  1621  1907 D BluetoothAdapter: getActiveDevices(profile= HEADSET)
03-02 09:37:30.951  1621  1843 D OemPaidWifiNetworkFactory: got request NetworkRequest [ REQUEST id=241387, [ Capabilities: INTERNET&NOT_RESTRICTED&TRUSTED&NOT_VCN_MANAGED&NOT_BANDWIDTH_CONSTRAINED Uid: 10370 RequestorUid: 10370 RequestorPkg: com.snapchat.android UnderlyingNetworks: Null] ]
03-02 09:37:30.952  1621  1843 D MultiInternetWifiNetworkFactory: got request NetworkRequest [ REQUEST id=241387, [ Capabilities: INTERNET&NOT_RESTRICTED&TRUSTED&NOT_VCN_MANAGED&NOT_BANDWIDTH_CONSTRAINED Uid: 10370 RequestorUid: 10370 RequestorPkg: com.snapchat.android UnderlyingNetworks: Null] ]
03-02 09:37:30.953  1621  1907 D BluetoothAdapter: getActiveDevices(profile= LE_AUDIO)
03-02 09:37:30.953  1621  2655 D ConnectivityService: requestNetwork for uid/pid:10370/30326 activeRequest: null callbackRequest: 241392 [NetworkRequest [ REQUEST id=241393, [ Capabilities: INTERNET&NOT_RESTRICTED&TRUSTED&NOT_VCN_MANAGED&NOT_BANDWIDTH_CONSTRAINED Uid: 10370 RequestorUid: 10370 RequestorPkg: com.snapchat.android UnderlyingNetworks: Null] ]] callback flags: 0 order: 2147483647 isUidTracked: false declaredMethods: AVAIL|LOSING|LOST|UNAVAIL|NC|LP
03-02 09:37:30.954  1621  1856 D ConnectivityService: NetReassign [241387 : null ΓåÆ 255] [c 0] [a 1] [i 6]
03-02 09:37:30.957 18562 13630 E BluetoothAdapterService: getActiveDevices: LeAudioService is null
03-02 09:37:30.958  1124  1124 D ResourceManagerServiceNew: packageName: com.softnation.Ojam, uid : 10337, hashCode : 133024038
03-02 09:37:30.958  1621  1907 D AudioSystem: +setParameters(): foregroundUid=10337;bluetoothlowlatencystatus=false 
03-02 09:37:30.958  1124  1124 D ResourceManagerServiceNew: ResourceManagerService::setCodecsVppModeWithLock
03-02 09:37:30.958  1621  1907 D AudioSystem: start get log level!
03-02 09:37:30.958  1124  1124 D ResourceManagerServiceNew: all codecs setVppMode return fail
03-02 09:37:30.959   843 14567 D AudioALSAHardware: +setParameters(): bluetoothlowlatencystatus=false;foregroundUid=10337
03-02 09:37:30.959   843 14567 D AudioALSAHardware: -setParameters(): bluetoothlowlatencystatus=false;foregroundUid=10337
03-02 09:37:30.959   843 14567 E AHAL_Module: setVendorParameters: default: unrecognized parameter "bluetoothlowlatencystatus=false;foregroundUid=10337"
03-02 09:37:30.959  1621  1843 D WifiNetworkFactory: got request NetworkRequest [ REQUEST id=241389, [ Capabilities: INTERNET&NOT_RESTRICTED&TRUSTED&NOT_VCN_MANAGED&NOT_BANDWIDTH_CONSTRAINED Uid: 10370 RequestorUid: 10370 RequestorPkg: com.snapchat.android UnderlyingNetworks: Null] ]
03-02 09:37:30.961 26843 26843 W Looper  : PerfMonitor longMsg : seq=3 plan=09:37:28.370 late=3ms wall=2580ms h=android.app.ActivityThread$H w=110 procState=-1
03-02 09:37:30.961  1621  1856 D ConnectivityService: NetReassign [241389 : null ΓåÆ 255] [c 1] [a 1] [i 5]
03-02 09:37:30.962 26843 26843 W libc    : Access denied finding property "ro.vendor.perf.scroll_opt"
03-02 09:37:30.962   894  2685 E ConversionHelperAidl: Function: parseAndSetVendorParameters Line: 97 Failed 
03-02 09:37:30.962  1621  1843 D UntrustedWifiNetworkFactory: got request NetworkRequest [ REQUEST id=241389, [ Capabilities: INTERNET&NOT_RESTRICTED&TRUSTED&NOT_VCN_MANAGED&NOT_BANDWIDTH_CONSTRAINED Uid: 10370 RequestorUid: 10370 RequestorPkg: com.snapchat.android UnderlyingNetworks: Null] ]
03-02 09:37:30.962  1621  1843 D OemPaidWifiNetworkFactory: got request NetworkRequest [ REQUEST id=241389, [ Capabilities: INTERNET&NOT_RESTRICTED&TRUSTED&NOT_VCN_MANAGED&NOT_BANDWIDTH_CONSTRAINED Uid: 10370 RequestorUid: 10370 RequestorPkg: com.snapchat.android UnderlyingNetworks: Null] ]
03-02 09:37:30.963  1621  1843 D MultiInternetWifiNetworkFactory: got request NetworkRequest [ REQUEST id=241389, [ Capabilities: INTERNET&NOT_RESTRICTED&TRUSTED&NOT_VCN_MANAGED&NOT_BANDWIDTH_CONSTRAINED Uid: 10370 RequestorUid: 10370 RequestorPkg: com.snapchat.android UnderlyingNetworks: Null] ]
03-02 09:37:30.963   843   968 D AHAL_ModuleBluetooth: setVendorParameters: parameter count 1, async: 0
03-02 09:37:30.963   843   968 D AHAL_ModuleBluetooth: setVendorParameters: bluetoothlowlatencystatus=false;foregroundUid=10337
03-02 09:37:30.964  1621  2655 D ConnectivityService: requestNetwork for uid/pid:10370/30326 activeRequest: null callbackRequest: 241394 [NetworkRequest [ REQUEST id=241395, [ Capabilities: INTERNET&NOT_RESTRICTED&TRUSTED&NOT_VCN_MANAGED&NOT_BANDWIDTH_CONSTRAINED Uid: 10370 RequestorUid: 10370 RequestorPkg: com.snapchat.android UnderlyingNetworks: Null] ]] callback flags: 0 order: 2147483647 isUidTracked: false declaredMethods: AVAIL|LOSING|LOST|UNAVAIL|NC|LP
03-02 09:37:30.964 18562 13630 D BluetoothLatencyMode: ForegroundInfo{mForegroundPackageName='com.softnation.Ojam', mForegroundUid=10337, mForegroundPid=26843, mLastForegroundPackageName='com.miui.home', mLastForegroundUid=10166, mLastForegroundPid=1999, mMultiWindowForegroundPackageName='com.softnation.Ojam', mMultiWindowForegroundUid=10337, mFlags=1}
03-02 09:37:30.964 18562 13630 W LeAudioService: getLeAudioService(): service is NULL
03-02 09:37:30.964 18562 13630 D BluetoothLatencyMode: isWiredAudioHeadset.type: 1
03-02 09:37:30.964 18562 13630 D BluetoothLatencyMode: isWiredAudioHeadset.type: 2
03-02 09:37:30.964 18562 13630 D BluetoothLatencyMode: isWiredAudioHeadset.type: 18
03-02 09:37:30.964 18562 13630 D BluetoothLatencyMode: isWiredAudioHeadset.type: 14
03-02 09:37:30.968 30326 30801 W ConnectivityManager.CallbackHandler: callback not found for CALLBACK_AVAILABLE message
03-02 09:37:30.970  1621  2834 D ConnectivityService: requestNetwork for uid/pid:10370/30326 activeRequest: null callbackRequest: 241396 [NetworkRequest [ REQUEST id=241397, [ Capabilities: INTERNET&NOT_RESTRICTED&TRUSTED&NOT_VCN_MANAGED&NOT_BANDWIDTH_CONSTRAINED Uid: 10370 RequestorUid: 10370 RequestorPkg: com.snapchat.android UnderlyingNetworks: Null] ]] callback flags: 0 order: 2147483647 isUidTracked: false declaredMethods: AVAIL|LOSING|LOST|UNAVAIL|NC|LP
03-02 09:37:30.970  6515  6997 D MilletUtils: setUidState, uid = 10337 allow = true
03-02 09:37:30.971  1621  3051 D MiSensorServiceImpl: PowerKeeperSensor resume iUid:10337 but app has not in Controlled
03-02 09:37:30.973  1621  1843 D WifiNetworkFactory: got request NetworkRequest [ REQUEST id=241391, [ Capabilities: INTERNET&NOT_RESTRICTED&TRUSTED&NOT_VCN_MANAGED&NOT_BANDWIDTH_CONSTRAINED Uid: 10370 RequestorUid: 10370 RequestorPkg: com.snapchat.android UnderlyingNetworks: Null] ]
03-02 09:37:30.974 26843 26843 D nativeloader: Load libpowerhalwrap_jni.so using system ns (caller=/system_ext/framework/mediatek-framework.jar): ok
03-02 09:37:30.974  1621  3051 D ConnectivityService: requestNetwork for uid/pid:10370/30326 activeRequest: null callbackRequest: 241398 [NetworkRequest [ REQUEST id=241399, [ Capabilities: INTERNET&NOT_RESTRICTED&TRUSTED&NOT_VCN_MANAGED&NOT_BANDWIDTH_CONSTRAINED Uid: 10370 RequestorUid: 10370 RequestorPkg: com.snapchat.android UnderlyingNetworks: Null] ]] callback flags: 0 order: 2147483647 isUidTracked: false declaredMethods: AVAIL|LOSING|LOST|UNAVAIL|NC|LP
03-02 09:37:30.975  1621  1843 D UntrustedWifiNetworkFactory: got request NetworkRequest [ REQUEST id=241391, [ Capabilities: INTERNET&NOT_RESTRICTED&TRUSTED&NOT_VCN_MANAGED&NOT_BANDWIDTH_CONSTRAINED Uid: 10370 RequestorUid: 10370 RequestorPkg: com.snapchat.android UnderlyingNetworks: Null] ]
03-02 09:37:30.975 26843 26843 I PowerHalWrapper: PowerHalWrapper.getInstance 
03-02 09:37:30.976 26843 26843 I M-ProMotion: M-ProMotion is disabled
03-02 09:37:30.977  1621  1843 D OemPaidWifiNetworkFactory: got request NetworkRequest [ REQUEST id=241391, [ Capabilities: INTERNET&NOT_RESTRICTED&TRUSTED&NOT_VCN_MANAGED&NOT_BANDWIDTH_CONSTRAINED Uid: 10370 RequestorUid: 10370 RequestorPkg: com.snapchat.android UnderlyingNetworks: Null] ]
03-02 09:37:30.977  1621  1843 D MultiInternetWifiNetworkFactory: got request NetworkRequest [ REQUEST id=241391, [ Capabilities: INTERNET&NOT_RESTRICTED&TRUSTED&NOT_VCN_MANAGED&NOT_BANDWIDTH_CONSTRAINED Uid: 10370 RequestorUid: 10370 RequestorPkg: com.snapchat.android UnderlyingNetworks: Null] ]
03-02 09:37:30.978  1621  1856 D ConnectivityService: NetReassign [241391 : null ΓåÆ 255] [c 0] [a 1] [i 11]
03-02 09:37:30.978  1621  1731 D ConnectivityService: requestNetwork for uid/pid:10370/30326 activeRequest: null callbackRequest: 241400 [NetworkRequest [ REQUEST id=241401, [ Capabilities: INTERNET&NOT_RESTRICTED&TRUSTED&NOT_VCN_MANAGED&NOT_BANDWIDTH_CONSTRAINED Uid: 10370 RequestorUid: 10370 RequestorPkg: com.snapchat.android UnderlyingNetworks: Null] ]] callback flags: 0 order: 2147483647 isUidTracked: false declaredMethods: AVAIL|LOSING|LOST|UNAVAIL|NC|LP
03-02 09:37:30.980  1621  1918 E HyperSentinel: -------------------------------------------------------
03-02 09:37:30.980  1621  1918 E HyperSentinel: Event_ThreadAmount
03-02 09:37:30.980  1621  1918 E HyperSentinel: -> audit event by proc 30316 "mydiary.journal.diary.diarywithlock.diaryjournal.secretdiary": running threads amount, 0 -> 60
03-02 09:37:30.983  1621  1731 D ConnectivityService: requestNetwork for uid/pid:10370/30326 activeRequest: null callbackRequest: 241402 [NetworkRequest [ REQUEST id=241403, [ Capabilities: INTERNET&NOT_RESTRICTED&TRUSTED&NOT_VCN_MANAGED&NOT_BANDWIDTH_CONSTRAINED Uid: 10370 RequestorUid: 10370 RequestorPkg: com.snapchat.android UnderlyingNetworks: Null] ]] callback flags: 0 order: 2147483647 isUidTracked: false declaredMethods: AVAIL|LOSING|LOST|UNAVAIL|NC|LP
03-02 09:37:30.986 30326 30801 W ConnectivityManager.CallbackHandler: callback not found for CALLBACK_AVAILABLE message
03-02 09:37:30.988  1621  1843 D WifiNetworkFactory: got request NetworkRequest [ REQUEST id=241393, [ Capabilities: INTERNET&NOT_RESTRICTED&TRUSTED&NOT_VCN_MANAGED&NOT_BANDWIDTH_CONSTRAINED Uid: 10370 RequestorUid: 10370 RequestorPkg: com.snapchat.android UnderlyingNetworks: Null] ]
03-02 09:37:30.988  1621  1843 D UntrustedWifiNetworkFactory: got request NetworkRequest [ REQUEST id=241393, [ Capabilities: INTERNET&NOT_RESTRICTED&TRUSTED&NOT_VCN_MANAGED&NOT_BANDWIDTH_CONSTRAINED Uid: 10370 RequestorUid: 10370 RequestorPkg: com.snapchat.android UnderlyingNetworks: Null] ]
03-02 09:37:30.988  1621  1843 D OemPaidWifiNetworkFactory: got request NetworkRequest [ REQUEST id=241393, [ Capabilities: INTERNET&NOT_RESTRICTED&TRUSTED&NOT_VCN_MANAGED&NOT_BANDWIDTH_CONSTRAINED Uid: 10370 RequestorUid: 10370 RequestorPkg: com.snapchat.android UnderlyingNetworks: Null] ]
03-02 09:37:30.989  1621  1843 D MultiInternetWifiNetworkFactory: got request NetworkRequest [ REQUEST id=241393, [ Capabilities: INTERNET&NOT_RESTRICTED&TRUSTED&NOT_VCN_MANAGED&NOT_BANDWIDTH_CONSTRAINED Uid: 10370 RequestorUid: 10370 RequestorPkg: com.snapchat.android UnderlyingNetworks: Null] ]
03-02 09:37:30.989  1621  1856 D ConnectivityService: NetReassign [241393 : null ΓåÆ 255] [c 1] [a 1] [i 8]
03-02 09:37:30.991 26843 26843 D FramePredict: FramePredict init: true
03-02 09:37:30.991 26843 26843 I Choreographer: Skipped 56 frames!  The application may be doing too much work on its main thread.
03-02 09:37:30.992 26843 26843 D UserSceneDetector: invoke error.
03-02 09:37:30.993 30326 30801 W ConnectivityManager.CallbackHandler: callback not found for CALLBACK_AVAILABLE message
03-02 09:37:30.997 26843 26843 W Looper  : PerfMonitor doFrame : time=9ms vsyncFrame=19521877 latency=932ms procState=-1 historyMsgCount=3 (msgIndex=1 wall=2580ms seq=3 late=3ms h=android.app.ActivityThread$H w=110)
03-02 09:37:31.001  1621  1856 D ConnectivityService: NetReassign [241395 : null ΓåÆ 255] [c 0] [a 1] [i 9]
03-02 09:37:31.002  1621  1843 D WifiNetworkFactory: got request NetworkRequest [ REQUEST id=241395, [ Capabilities: INTERNET&NOT_RESTRICTED&TRUSTED&NOT_VCN_MANAGED&NOT_BANDWIDTH_CONSTRAINED Uid: 10370 RequestorUid: 10370 RequestorPkg: com.snapchat.android UnderlyingNetworks: Null] ]
03-02 09:37:31.003  1621  1843 D UntrustedWifiNetworkFactory: got request NetworkRequest [ REQUEST id=241395, [ Capabilities: INTERNET&NOT_RESTRICTED&TRUSTED&NOT_VCN_MANAGED&NOT_BANDWIDTH_CONSTRAINED Uid: 10370 RequestorUid: 10370 RequestorPkg: com.snapchat.android UnderlyingNetworks: Null] ]
03-02 09:37:31.003  1621  1843 D OemPaidWifiNetworkFactory: got request NetworkRequest [ REQUEST id=241395, [ Capabilities: INTERNET&NOT_RESTRICTED&TRUSTED&NOT_VCN_MANAGED&NOT_BANDWIDTH_CONSTRAINED Uid: 10370 RequestorUid: 10370 RequestorPkg: com.snapchat.android UnderlyingNetworks: Null] ]
03-02 09:37:31.003  1621  1843 D MultiInternetWifiNetworkFactory: got request NetworkRequest [ REQUEST id=241395, [ Capabilities: INTERNET&NOT_RESTRICTED&TRUSTED&NOT_VCN_MANAGED&NOT_BANDWIDTH_CONSTRAINED Uid: 10370 RequestorUid: 10370 RequestorPkg: com.snapchat.android UnderlyingNetworks: Null] ]
03-02 09:37:31.006  1621  1843 D WifiNetworkFactory: got request NetworkRequest [ REQUEST id=241397, [ Capabilities: INTERNET&NOT_RESTRICTED&TRUSTED&NOT_VCN_MANAGED&NOT_BANDWIDTH_CONSTRAINED Uid: 10370 RequestorUid: 10370 RequestorPkg: com.snapchat.android UnderlyingNetworks: Null] ]
03-02 09:37:31.006  1621  1843 D UntrustedWifiNetworkFactory: got request NetworkRequest [ REQUEST id=241397, [ Capabilities: INTERNET&NOT_RESTRICTED&TRUSTED&NOT_VCN_MANAGED&NOT_BANDWIDTH_CONSTRAINED Uid: 10370 RequestorUid: 10370 RequestorPkg: com.snapchat.android UnderlyingNetworks: Null] ]
03-02 09:37:31.007 26843 26843 I ActivityThread: HardwareRenderer preload  done
03-02 09:37:31.008  1621  1856 D ConnectivityService: NetReassign [241397 : null ΓåÆ 255] [c 0] [a 1] [i 5]
03-02 09:37:31.009  1621  1843 D OemPaidWifiNetworkFactory: got request NetworkRequest [ REQUEST id=241397, [ Capabilities: INTERNET&NOT_RESTRICTED&TRUSTED&NOT_VCN_MANAGED&NOT_BANDWIDTH_CONSTRAINED Uid: 10370 RequestorUid: 10370 RequestorPkg: com.snapchat.android UnderlyingNetworks: Null] ]
03-02 09:37:31.010  1621  1843 D MultiInternetWifiNetworkFactory: got request NetworkRequest [ REQUEST id=241397, [ Capabilities: INTERNET&NOT_RESTRICTED&TRUSTED&NOT_VCN_MANAGED&NOT_BANDWIDTH_CONSTRAINED Uid: 10370 RequestorUid: 10370 RequestorPkg: com.snapchat.android UnderlyingNetworks: Null] ]
03-02 09:37:31.013 26843 30835 D vulkan  : searching for layers in '/data/app/~~Bh61wenJZi6JNVEuOkVQfQ==/com.softnation.Ojam-nnCVAdHxKfOmup5FCuBDYQ==/lib/arm64'
03-02 09:37:31.014  1621  1856 D ConnectivityService: NetReassign [241399 : null ΓåÆ 255] [c 0] [a 1] [i 1]
03-02 09:37:31.014 26843 30835 D vulkan  : searching for layers in '/data/app/~~Bh61wenJZi6JNVEuOkVQfQ==/com.softnation.Ojam-nnCVAdHxKfOmup5FCuBDYQ==/base.apk!/lib/arm64-v8a'
03-02 09:37:31.015  1621  1918 E HyperSentinel: -------------------------------------------------------
03-02 09:37:31.015  1621  1843 D WifiNetworkFactory: got request NetworkRequest [ REQUEST id=241399, [ Capabilities: INTERNET&NOT_RESTRICTED&TRUSTED&NOT_VCN_MANAGED&NOT_BANDWIDTH_CONSTRAINED Uid: 10370 RequestorUid: 10370 RequestorPkg: com.snapchat.android UnderlyingNetworks: Null] ]
03-02 09:37:31.015  1621  1918 E HyperSentinel: Event_ThreadAmount
03-02 09:37:31.015  1621  1918 E HyperSentinel: -> audit event by proc 26843 "usap64": running threads amount, 12 -> 23
03-02 09:37:31.015  1621  1843 D UntrustedWifiNetworkFactory: got request NetworkRequest [ REQUEST id=241399, [ Capabilities: INTERNET&NOT_RESTRICTED&TRUSTED&NOT_VCN_MANAGED&NOT_BANDWIDTH_CONSTRAINED Uid: 10370 RequestorUid: 10370 RequestorPkg: com.snapchat.android UnderlyingNetworks: Null] ]
03-02 09:37:31.015  1621  1843 D OemPaidWifiNetworkFactory: got request NetworkRequest [ REQUEST id=241399, [ Capabilities: INTERNET&NOT_RESTRICTED&TRUSTED&NOT_VCN_MANAGED&NOT_BANDWIDTH_CONSTRAINED Uid: 10370 RequestorUid: 10370 RequestorPkg: com.snapchat.android UnderlyingNetworks: Null] ]
03-02 09:37:31.015  1621  1843 D MultiInternetWifiNetworkFactory: got request NetworkRequest [ REQUEST id=241399, [ Capabilities: INTERNET&NOT_RESTRICTED&TRUSTED&NOT_VCN_MANAGED&NOT_BANDWIDTH_CONSTRAINED Uid: 10370 RequestorUid: 10370 RequestorPkg: com.snapchat.android UnderlyingNetworks: Null] ]
03-02 09:37:31.017  1621  1843 D WifiNetworkFactory: got request NetworkRequest [ REQUEST id=241401, [ Capabilities: INTERNET&NOT_RESTRICTED&TRUSTED&NOT_VCN_MANAGED&NOT_BANDWIDTH_CONSTRAINED Uid: 10370 RequestorUid: 10370 RequestorPkg: com.snapchat.android UnderlyingNetworks: Null] ]
03-02 09:37:31.018 30326 30801 W ConnectivityManager.CallbackHandler: callback not found for CALLBACK_AVAILABLE message
03-02 09:37:31.018  1621  1843 D UntrustedWifiNetworkFactory: got request NetworkRequest [ REQUEST id=241401, [ Capabilities: INTERNET&NOT_RESTRICTED&TRUSTED&NOT_VCN_MANAGED&NOT_BANDWIDTH_CONSTRAINED Uid: 10370 RequestorUid: 10370 RequestorPkg: com.snapchat.android UnderlyingNetworks: Null] ]
03-02 09:37:31.018  1621  1843 D OemPaidWifiNetworkFactory: got request NetworkRequest [ REQUEST id=241401, [ Capabilities: INTERNET&NOT_RESTRICTED&TRUSTED&NOT_VCN_MANAGED&NOT_BANDWIDTH_CONSTRAINED Uid: 10370 RequestorUid: 10370 RequestorPkg: com.snapchat.android UnderlyingNetworks: Null] ]
03-02 09:37:31.019  1621  1843 D MultiInternetWifiNetworkFactory: got request NetworkRequest [ REQUEST id=241401, [ Capabilities: INTERNET&NOT_RESTRICTED&TRUSTED&NOT_VCN_MANAGED&NOT_BANDWIDTH_CONSTRAINED Uid: 10370 RequestorUid: 10370 RequestorPkg: com.snapchat.android UnderlyingNetworks: Null] ]
03-02 09:37:31.019 30326 30801 W ConnectivityManager.CallbackHandler: callback not found for CALLBACK_AVAILABLE message
03-02 09:37:31.019  1621  1856 D ConnectivityService: NetReassign [241401 : null ΓåÆ 255] [c 0] [a 1] [i 4]
03-02 09:37:31.023 30326 30801 W ConnectivityManager.CallbackHandler: callback not found for CALLBACK_AVAILABLE message
03-02 09:37:31.025  1621  1843 D WifiNetworkFactory: got request NetworkRequest [ REQUEST id=241403, [ Capabilities: INTERNET&NOT_RESTRICTED&TRUSTED&NOT_VCN_MANAGED&NOT_BANDWIDTH_CONSTRAINED Uid: 10370 RequestorUid: 10370 RequestorPkg: com.snapchat.android UnderlyingNetworks: Null] ]
03-02 09:37:31.026  1621  1856 D ConnectivityService: NetReassign [241403 : null ΓåÆ 255] [c 0] [a 1] [i 2]
03-02 09:37:31.028 30368 30804 W System  : ClassLoader referenced unknown path: 
03-02 09:37:31.028 30368 30804 D nativeloader: Configuring clns-8 for other apk . target_sdk_version=36, uses_libraries=, library_path=/data/app/~~PNgoFDHBmGdMmQt2moPCLQ==/com.google.android.gms-wSL8VlioUsna9-KnDrZN3A==/lib/arm64:/data/app/~~PNgoFDHBmGdMmQt2moPCLQ==/com.google.android.gms-wSL8VlioUsna9-KnDrZN3A==/base.apk!/lib/arm64-v8a, permitted_path=/data:/mnt/expand:/data/user/0/com.google.android.gms
03-02 09:37:31.031  1621  1843 D UntrustedWifiNetworkFactory: got request NetworkRequest [ REQUEST id=241403, [ Capabilities: INTERNET&NOT_RESTRICTED&TRUSTED&NOT_VCN_MANAGED&NOT_BANDWIDTH_CONSTRAINED Uid: 10370 RequestorUid: 10370 RequestorPkg: com.snapchat.android UnderlyingNetworks: Null] ]
03-02 09:37:31.031  1621  1843 D OemPaidWifiNetworkFactory: got request NetworkRequest [ REQUEST id=241403, [ Capabilities: INTERNET&NOT_RESTRICTED&TRUSTED&NOT_VCN_MANAGED&NOT_BANDWIDTH_CONSTRAINED Uid: 10370 RequestorUid: 10370 RequestorPkg: com.snapchat.android UnderlyingNetworks: Null] ]
03-02 09:37:31.031  1621  1843 D MultiInternetWifiNetworkFactory: got request NetworkRequest [ REQUEST id=241403, [ Capabilities: INTERNET&NOT_RESTRICTED&TRUSTED&NOT_VCN_MANAGED&NOT_BANDWIDTH_CONSTRAINED Uid: 10370 RequestorUid: 10370 RequestorPkg: com.snapchat.android UnderlyingNetworks: Null] ]
03-02 09:37:31.031 26843 30835 D vulkan  : searching for layers in '/data/app/~~Bh61wenJZi6JNVEuOkVQfQ==/com.softnation.Ojam-nnCVAdHxKfOmup5FCuBDYQ==/lib/arm64'
03-02 09:37:31.032 26843 30835 D vulkan  : searching for layers in '/data/app/~~Bh61wenJZi6JNVEuOkVQfQ==/com.softnation.Ojam-nnCVAdHxKfOmup5FCuBDYQ==/base.apk!/lib/arm64-v8a'
03-02 09:37:31.041  1621  4431 D FileUtils: Rounded bytes from 8055762944 to 16000000000
03-02 09:37:31.048  1621  4431 E JobScheduler: ResourceBudgetManagerInternal is null
03-02 09:37:31.053 26843 30835 D MMUD    : mtk_memory_debug_init com.softnation.Ojam 0xb400007c0895a5d0
03-02 09:37:31.058  1621  3051 D AS.BtHelper: isBluetoothScoOn() mBluetoothHeadset is null: falsemBluetoothHeadsetDevice is null: true
03-02 09:37:31.058  1621  3051 V AS.AudioDeviceBroker: requestedCommunicationDevice: null mAudioModeOwner: AudioModeInfo: mMode=MODE_NORMAL, mPid=0, mUid=0
03-02 09:37:31.058  1621  3051 D AS.BtHelper: isBluetoothScoOn() mBluetoothHeadset is null: falsemBluetoothHeadsetDevice is null: true
03-02 09:37:31.058  1621  3051 V AS.AudioDeviceBroker: requestedCommunicationDevice: null mAudioModeOwner: AudioModeInfo: mMode=MODE_NORMAL, mPid=0, mUid=0
03-02 09:37:31.063  1621  4431 I whetstone.activity: Power Event callback listener is empty for resId=256
03-02 09:37:31.063  1621  4431 D BatteryStatsManagerStub: notifyEvent for resId=256 used 0ms
03-02 09:37:31.068  1621  1640 D AudioSystem: +setParameters(): gamebooster=false 
03-02 09:37:31.068  1621  1640 D AudioSystem: start get log level!
03-02 09:37:31.069   843   968 D AudioALSAHardware: +setParameters(): gamebooster=false
03-02 09:37:31.070   843   968 D AudioALSAHardware: -setParameters(): gamebooster=false
03-02 09:37:31.070   843   968 E AHAL_Module: setVendorParameters: default: unrecognized parameter "gamebooster=false"
03-02 09:37:31.070   894  4413 E ConversionHelperAidl: Function: parseAndSetVendorParameters Line: 97 Failed 
03-02 09:37:31.072   843   968 D AHAL_ModuleBluetooth: setVendorParameters: parameter count 1, async: 0
03-02 09:37:31.072   843   968 D AHAL_ModuleBluetooth: setVendorParameters: gamebooster=false
03-02 09:37:31.086  1621  1922 I SmartPower: com.milink.service:audio/10190(19603): background->idle(3004ms) R(broadcast start Intent { act=android.intent.action.PACKAGE_RESTARTED dat=package: flg=0x4000010 (has extras) }) adj=250.
03-02 09:37:31.087 30833 30833 D nativehang: main:31: NativeHangStarting nativehang
03-02 09:37:31.089 30833 30833 I AidlLazyServiceRegistrar: Registering service NativeHangService
03-02 09:37:31.092 30833 30833 D nativehang: main:36: NativeHangStarting endnativehang
03-02 09:37:31.093 30833 30833 I AidlLazyServiceRegistrar: Process has 1 (of 1 available) client(s) in use after notification NativeHangService has clients: 1
03-02 09:37:31.098 30833 30856 D NativeHangService: checkTransaction:52: NativeHangService checkTransaction pid: 26843
03-02 09:37:31.101   863   935 I ExtendedUtils: [timer_thread_start] epoll wait thread while start
03-02 09:37:31.101   863   935 I ExtendedPerfBoost: [restore_callback_expires] thermalbreak callback
03-02 09:37:31.101   863   935 I ExtendedPerfBoost: [triggerList_update] del one node to freelist
03-02 09:37:31.101   863   935 I ExtendedPerfBoost: [triggerList_update] now trigger boost:0  info
03-02 09:37:31.101   863   935 I ExtendedPerfBoost: [trig_thermalbreak] curr target time is same last target time
03-02 09:37:31.101   863   935 I ExtendedPerfBoost: [setThermalBreak] [setThermalBreak] : boost:0
03-02 09:37:31.108  4243 30819 W ScoutManager: checkTransaction: processPids: []  binderInfos: []
03-02 09:37:31.126 26843 26843 D AppCompatDelegate: Checking for metadata for AppLocalesMetadataHolderService : Service not found
03-02 09:37:31.135   861   947 I libPerfCtl: xgfGetFPS pid:921 fps:-1
03-02 09:37:31.135   861   947 I libPerfCtl: xgfGetFPS pid:2363 fps:-1
03-02 09:37:31.138  1621  4431 I BroadcastQueue: BOOT_COMPLETED_BROADCAST_COMPLETION_LATENCY_REPORTED action:android.intent.action.BOOT_COMPLETED dispatchLatency:0 completeLatency:2780 dispatchRealLatency:1 completeRealLatency:2781 receiversSize:1 userId:0 userType:android.os.usertype.full.SYSTEM
03-02 09:37:31.158 30326 30832 E SQLiteLog: (283) recovered 592 frames from WAL file /data/data/com.snapchat.android/databases/main.db-wal
03-02 09:37:31.158  1999  2756 D TaskStackChangeListeners: onTaskDescriptionChanged =  taskId = 37009
03-02 09:37:31.161 26843 30841 D MMUD    : get_leak_baseline 3246391296
03-02 09:37:31.161   835   835 I zygote  : Delayed USAP Pool refill. New USAPs: 1
03-02 09:37:31.177   921   921 I BufferQueueProducer: [StatusBar#109](this:0xb400007bcec4ab68,id:-1,api:0,p:-1,c:921) queueBuffer: fps=0.66 dur=3013.65 max=2013.76 min=999.89
03-02 09:37:31.179  1999  2756 D TaskStackChangeListeners: onTaskDescriptionChanged =  taskId = 37009
03-02 09:37:31.180   849   849 I hwcomposer: [HWCDisplay] (0 updateFps():3667), (type:1, mode:2) fps:21.967670,dur:1001.47,max:462.26,min:16.21  
03-02 09:37:31.181 30368 30804 W eddit.frontpage: ClassLoaderContext classpath element checksum mismatch. expected=1150104373, found=1757515979 (DLC[];PCL[base.apk*1150104373]{PCL[/system/framework/org.apache.http.legacy.jar*4025584831]#PCL[/system/framework/com.android.location.provider.jar*3414091812]#PCL[/system/framework/com.android.media.remotedisplay.jar*2042759013]#PCL[/system_ext/framework/androidx.window.extensions.jar*3622430006]#PCL[/system_ext/framework/androidx.window.sidecar.jar*2958050178]} | DLC[];PCL[/data/app/~~hT8wMXxa5v7kMM6OG61NLQ==/com.reddit.frontpage-6EzIrJEHTmFUYvnFLXCNGQ==/base.apk*1757515979]{PCL[/system_ext/framework/androidx.window.extensions.jar*3622430006]#PCL[/system_ext/framework/androidx.window.sidecar.jar*2958050178]})
03-02 09:37:31.182   921   921 I MI-SF   : surfaceflinger setAffinity mode=0
03-02 09:37:31.183   921   921 E MI-SF   : surfaceflinger setAffinity success
03-02 09:37:31.188 30580 30580 W AppComponentFactory: requestVanillaClassLoader : true
03-02 09:37:31.200 30368 30528 W eddit.frontpage: Long monitor contention with owner Firebase Background Thread #3 (30545) at java.lang.Object f8.c.call()(r8-map-id-3d096ee4b23c75f9aabf0517f7fe0c9d26c4a17f907e49b12916105e4630fc9f:53) waiters=2 in java.lang.Object f8.c.call() for 305ms
03-02 09:37:31.217   835   835 D Zygote  : Forked child process 30862
03-02 09:37:31.231  1621  1621 D UiModeManager: updateConfigurationLocked: mDockState=0; mCarMode=false; mCar=false; mPowerSave=false; mOverrideNightModeOn=false; mOverrideNightModeOff=false; mComputedNightMode=true; mNightModeValue=2; uiMode=42
03-02 09:37:31.236  6027  6027 I PowerSaveService: onReceive: android.intent.action.BATTERY_CHANGED
03-02 09:37:31.240  3510  3510 W libc    : Unable to set property "persist.vendor.accelerate.charge" to "false": PROP_ERROR_PERMISSION_DENIED (0x18)
03-02 09:37:31.242  6515  8177 D PowerCheckerService: onBatteryChanged, mBatteryLevel = 42, status = 2, level = 42, plug = 2, scale = 100
03-02 09:37:31.242  6515  6997 I ProcAudioPowerManager: onBatteryChanged, onBattery is false
03-02 09:37:31.242  6515  6997 D PowerKeeper.FrozenApp: onBatteryChanged plug=true mBatteryPlugged=2
03-02 09:37:31.242  6515  8142 D PowerKeeper.Thermal: mBatteryTemperature: 41
03-02 09:37:31.244  6027  6027 I PowerNoticeUI: handleBatteryChanged oldPlugType 2 mPlugType 2 oldBatteryLevel 42 mBatteryLevel 42 temperature 410
03-02 09:37:31.245  6027  6027 I ChargerBatteryIntelligenceReceiver: onBatteryChanged temperature∩╝Ü41,plugType:2
03-02 09:37:31.245  6027  6027 D BaseChargeProtect_HighTemp: mCountByMinute:0,isScreenOn:true
03-02 09:37:31.245  1621  1731 D PackageManager: set app component=ComponentInfo{com.facebook.appmanager/com.facebook.oxygen.appmanager.helium.trampoline.HeliumSandboxedService} enabled state: 1 from com.facebook.appmanager,uid=10122,pid=30652
03-02 09:37:31.248 30353 30375 W cn.xender: Cleared Reference was only reachable from finalizer (only reported once)
03-02 09:37:31.248  6027  6027 I android_os_HwBinder: HwBinder: Starting thread pool for getting: vendor.xiaomi.hardware.micharge@1.0::IMiCharge/default
03-02 09:37:31.251  4243 30819 W ScoutManager: dump scout traces finally shutdown.
03-02 09:37:31.252  4243 30873 W ScoutManager: 263 {"pid":26843,"pidlist":"null","path":"\/data\/miuilog\/stability\/scout\/app\/2026-03-02-09-37-30-com.softnation.Ojam-26843-APP_SCOUT_WARNING","timestamp":"2026-03-02-09-37-30","fileNamePerfix":"com.softnation.Ojam-26843-APP_SCOUT_WARNING-","isSystemBlock":false}
03-02 09:37:31.253   872 24120 I vendor.xiaomi.hardware.micharge@1.0-service: ReadFilePathValue path = /sys/class/power_supply/usb/real_type value = USB
03-02 09:37:31.253  1621  1681 E DumpScoutTraceThread: waiting mqs client socket to connect...
03-02 09:37:31.254  1621  1681 E DumpScoutTraceThread: get data from socket 26843
03-02 09:37:31.254  6027  6027 I IMiChargeUtils: getIMiChargeStringValue method:getBatteryChargeType,value:USB
03-02 09:37:31.254  6027  6027 I IMiChargeUtils: getBatteryChargeType : USB
03-02 09:37:31.254  6027  6027 I ChargeTimeUtilsV2: chargeType:USB
03-02 09:37:31.254  6027  6027 I PowerFeatureUtils: getVendorName:mediatek
03-02 09:37:31.254  6027  6027 I PowerFeatureUtils: getVendorName:mediatek
03-02 09:37:31.255  1621 30875 W DumpScoutTraceThread: Don't need to dump system_server trace.
03-02 09:37:31.270  1621  1731 D ConnectivityService: requestNetwork for uid/pid:10370/30326 activeRequest: null callbackRequest: 241404 [NetworkRequest [ REQUEST id=241405, [ Capabilities: INTERNET&NOT_RESTRICTED&TRUSTED&NOT_VCN_MANAGED&NOT_BANDWIDTH_CONSTRAINED Uid: 10370 RequestorUid: 10370 RequestorPkg: com.snapchat.android UnderlyingNetworks: Null] ]] callback flags: 0 order: 2147483647 isUidTracked: false declaredMethods: AVAIL|LOSING|LOST|UNAVAIL|NC|LP
03-02 09:37:31.274  1621  1856 D ConnectivityService: NetReassign [241405 : null ΓåÆ 255] [c 0] [a 1] [i 2]
03-02 09:37:31.277  1621  1843 D WifiNetworkFactory: got request NetworkRequest [ REQUEST id=241405, [ Capabilities: INTERNET&NOT_RESTRICTED&TRUSTED&NOT_VCN_MANAGED&NOT_BANDWIDTH_CONSTRAINED Uid: 10370 RequestorUid: 10370 RequestorPkg: com.snapchat.android UnderlyingNetworks: Null] ]
03-02 09:37:31.277  1621  1843 D UntrustedWifiNetworkFactory: got request NetworkRequest [ REQUEST id=241405, [ Capabilities: INTERNET&NOT_RESTRICTED&TRUSTED&NOT_VCN_MANAGED&NOT_BANDWIDTH_CONSTRAINED Uid: 10370 RequestorUid: 10370 RequestorPkg: com.snapchat.android UnderlyingNetworks: Null] ]
03-02 09:37:31.277  1621  1843 D OemPaidWifiNetworkFactory: got request NetworkRequest [ REQUEST id=241405, [ Capabilities: INTERNET&NOT_RESTRICTED&TRUSTED&NOT_VCN_MANAGED&NOT_BANDWIDTH_CONSTRAINED Uid: 10370 RequestorUid: 10370 RequestorPkg: com.snapchat.android UnderlyingNetworks: Null] ]
03-02 09:37:31.277  1621  1843 D MultiInternetWifiNetworkFactory: got request NetworkRequest [ REQUEST id=241405, [ Capabilities: INTERNET&NOT_RESTRICTED&TRUSTED&NOT_VCN_MANAGED&NOT_BANDWIDTH_CONSTRAINED Uid: 10370 RequestorUid: 10370 RequestorPkg: com.snapchat.android UnderlyingNetworks: Null] ]
03-02 09:37:31.285  1621  4431 D ConnectivityService: requestNetwork for uid/pid:10329/30368 activeRequest: null callbackRequest: 241406 [NetworkRequest [ REQUEST id=241407, [ Capabilities: INTERNET&NOT_RESTRICTED&TRUSTED&NOT_VCN_MANAGED&NOT_BANDWIDTH_CONSTRAINED Uid: 10329 RequestorUid: 10329 RequestorPkg: com.reddit.frontpage UnderlyingNetworks: Null] ]] callback flags: 0 order: 2147483647 isUidTracked: false declaredMethods: AVAIL|LOSING|LOST|NC|LP
03-02 09:37:31.288 26843 26843 I softnation.Ojam: hiddenapi: Accessing hidden method Landroid/view/ViewGroup;->makeOptionalFitsSystemWindows()V (runtime_flags=0, domain=platform, api=unsupported) from Landroidx/appcompat/widget/ViewUtils; (domain=app, TargetSdkVersion=36) using reflection: allowed
03-02 09:37:31.294  1621 30875 I ActivityManager: Dumping to /data/miuilog/stability/scout/app/2026-03-02-09-37-30-com.softnation.Ojam-26843-APP_SCOUT_WARNING/com.softnation.Ojam-26843-APP_SCOUT_WARNING-2026-03-02-09-37-30-self-trace
03-02 09:37:31.294  1621 30875 I ActivityManager: Collecting stacks for pid 26843
03-02 09:37:31.297 30326 30832 D CursorWindow: Inflated: original size 16384, new size 2097152
03-02 09:37:31.298 30353 30375 W cn.xender: userfaultfd: MOVE ioctl seems unsupported: Connection timed out
03-02 09:37:31.301  1621  1843 D WifiNetworkFactory: got request NetworkRequest [ REQUEST id=241407, [ Capabilities: INTERNET&NOT_RESTRICTED&TRUSTED&NOT_VCN_MANAGED&NOT_BANDWIDTH_CONSTRAINED Uid: 10329 RequestorUid: 10329 RequestorPkg: com.reddit.frontpage UnderlyingNetworks: Null] ]
03-02 09:37:31.302 27809 27809 D BoundBrokerSvc: onRebind: Intent { act=com.google.android.gms.presencemanager.service.START dat=chimera-action:/... cmp=com.google.android.gms/.chimera.PersistentApiService }
03-02 09:37:31.304  1621  1843 D UntrustedWifiNetworkFactory: got request NetworkRequest [ REQUEST id=241407, [ Capabilities: INTERNET&NOT_RESTRICTED&TRUSTED&NOT_VCN_MANAGED&NOT_BANDWIDTH_CONSTRAINED Uid: 10329 RequestorUid: 10329 RequestorPkg: com.reddit.frontpage UnderlyingNetworks: Null] ]
03-02 09:37:31.306 30652 30778 D CompatChangeReporter: Compat change id reported: 311402873; UID 10122; state: ENABLED
03-02 09:37:31.306  1621  1843 D OemPaidWifiNetworkFactory: got request NetworkRequest [ REQUEST id=241407, [ Capabilities: INTERNET&NOT_RESTRICTED&TRUSTED&NOT_VCN_MANAGED&NOT_BANDWIDTH_CONSTRAINED Uid: 10329 RequestorUid: 10329 RequestorPkg: com.reddit.frontpage UnderlyingNetworks: Null] ]
03-02 09:37:31.307  1621  1856 D ConnectivityService: NetReassign [241407 : null ΓåÆ 255] [c 0] [a 1] [i 16]
03-02 09:37:31.307 30652 30778 D CompatChangeReporter: Compat change id reported: 323349338; UID 10122; state: ENABLED
03-02 09:37:31.307 30652 30778 W JobInfo : Job 'com.facebook.appmanager/com.facebook.oxygen.common.jobqueue.JobQueueService#5100' has a deadline with no functional constraints. The deadline won't improve job execution latency. Consider removing the deadline.
03-02 09:37:31.307  1621  1843 D MultiInternetWifiNetworkFactory: got request NetworkRequest [ REQUEST id=241407, [ Capabilities: INTERNET&NOT_RESTRICTED&TRUSTED&NOT_VCN_MANAGED&NOT_BANDWIDTH_CONSTRAINED Uid: 10329 RequestorUid: 10329 RequestorPkg: com.reddit.frontpage UnderlyingNetworks: Null] ]
03-02 09:37:31.307  1621 30875 E system_server: Could not open /dev/binderfs/binder_logs/transactions. Likely a permissions issue. errno: 2
03-02 09:37:31.308  1621 30875 E android.os.Debug: Failed to get binder state info for pid: 26843 status: -2: No such file or directory
03-02 09:37:31.308 27809 27809 D BoundBrokerSvc: onRebind: Intent { act=com.google.android.gms.presencemanager.service.INTERNAL_IDENTITY dat=chimera-action:/... cmp=com.google.android.gms/.chimera.PersistentApiService }
03-02 09:37:31.309  1621  3051 D CompatChangeReporter: Compat change id reported: 311402873; UID 10122; state: ENABLED
