03-02 11:20:12.813   857   857 D android.hardware.lights-service.mediatek: write 113 to /sys/class/mi_display/disp-DSI-0/brightness_clone, result: 0
03-02 11:20:12.825  1621  2740 D ActivityManager: getProcessesInErrorState callingUid=10126, CallingPid=18142
03-02 11:20:12.863   857   857 D android.hardware.lights-service.mediatek: write 114 to /sys/class/leds/lcd-backlight/brightness, result: 0
03-02 11:20:12.863   857   857 D android.hardware.lights-service.mediatek: write 114 to /sys/class/mi_display/disp-DSI-0/brightness_clone, result: 0
03-02 11:20:12.896   857   857 D android.hardware.lights-service.mediatek: write 115 to /sys/class/leds/lcd-backlight/brightness, result: 0
03-02 11:20:12.896   857   857 D android.hardware.lights-service.mediatek: write 115 to /sys/class/mi_display/disp-DSI-0/brightness_clone, result: 0
03-02 11:20:12.913  1201  1298 D AALService: [CRTC_114] onALIChanged: 9 -> 11
03-02 11:20:12.946   857   857 D android.hardware.lights-service.mediatek: write 116 to /sys/class/leds/lcd-backlight/brightness, result: 0
03-02 11:20:12.946   857   857 D android.hardware.lights-service.mediatek: write 116 to /sys/class/mi_display/disp-DSI-0/brightness_clone, result: 0
03-02 11:20:12.979   857   857 D android.hardware.lights-service.mediatek: write 117 to /sys/class/leds/lcd-backlight/brightness, result: 0
03-02 11:20:12.980   857   857 D android.hardware.lights-service.mediatek: write 117 to /sys/class/mi_display/disp-DSI-0/brightness_clone, result: 0
03-02 11:20:13.029   857   857 D android.hardware.lights-service.mediatek: write 118 to /sys/class/leds/lcd-backlight/brightness, result: 0
03-02 11:20:13.030   857   857 D android.hardware.lights-service.mediatek: write 118 to /sys/class/mi_display/disp-DSI-0/brightness_clone, result: 0
03-02 11:20:13.034  1621  2740 D AS.BtHelper: isBluetoothScoOn() mBluetoothHeadset is null: falsemBluetoothHeadsetDevice is null: true
03-02 11:20:13.034  1621  2740 V AS.AudioDeviceBroker: requestedCommunicationDevice: null mAudioModeOwner: AudioModeInfo: mMode=MODE_NORMAL, mPid=0, mUid=0
03-02 11:20:13.035  1621  2740 D AS.BtHelper: isBluetoothScoOn() mBluetoothHeadset is null: falsemBluetoothHeadsetDevice is null: true
03-02 11:20:13.035  1621  2740 V AS.AudioDeviceBroker: requestedCommunicationDevice: null mAudioModeOwner: AudioModeInfo: mMode=MODE_NORMAL, mPid=0, mUid=0
03-02 11:20:13.083   857   857 D android.hardware.lights-service.mediatek: write 119 to /sys/class/leds/lcd-backlight/brightness, result: 0
03-02 11:20:13.083   857   857 D android.hardware.lights-service.mediatek: write 119 to /sys/class/mi_display/disp-DSI-0/brightness_clone, result: 0
03-02 11:20:13.084   861   947 I libPerfCtl: xgfGetFPS pid:2363 fps:-1
03-02 11:20:13.098   921   921 I BufferQueueProducer: [StatusBar#109](this:0xb400007bcec4ab68,id:-1,api:0,p:-1,c:921) queueBuffer: fps=0.50 dur=1998.16 max=1998.16 min=1998.16
03-02 11:20:13.100   849   849 I hwcomposer: [HWCDisplay] (0 updateFps():3667), (type:1, mode:2) fps:0.500374,dur:1998.50,max:1998.50,min:1998.50  
03-02 11:20:13.113   857   857 D android.hardware.lights-service.mediatek: write 120 to /sys/class/leds/lcd-backlight/brightness, result: 0
03-02 11:20:13.113   857   857 D android.hardware.lights-service.mediatek: write 120 to /sys/class/mi_display/disp-DSI-0/brightness_clone, result: 0
03-02 11:20:13.149  1621  1666 I SmartPower: com.whatsapp/10300(31638): idle->background(2125ms) R(broadcast start Intent { act=android.intent.action.BATTERY_CHANGED flg=0x60000010 (has extras) }) adj=905.
03-02 11:20:13.149  1621  1666 I SmartPower: com.instagram.android/10301(17840): idle->background(2124ms) R(broadcast start Intent { act=android.intent.action.BATTERY_CHANGED flg=0x60000010 (has extras) }) adj=905.
03-02 11:20:13.150  1621  1666 I SmartPower: com.facebook.stella/10126(18142): idle->background(2125ms) R(broadcast start Intent { act=android.intent.action.BATTERY_CHANGED flg=0x60000010 (has extras) }) adj=905.
03-02 11:20:13.162   857   857 D android.hardware.lights-service.mediatek: write 121 to /sys/class/leds/lcd-backlight/brightness, result: 0
03-02 11:20:13.163   857   857 D android.hardware.lights-service.mediatek: write 121 to /sys/class/mi_display/disp-DSI-0/brightness_clone, result: 0
03-02 11:20:13.196   857   857 D android.hardware.lights-service.mediatek: write 122 to /sys/class/leds/lcd-backlight/brightness, result: 0
03-02 11:20:13.196   857   857 D android.hardware.lights-service.mediatek: write 122 to /sys/class/mi_display/disp-DSI-0/brightness_clone, result: 0
03-02 11:20:13.246   857   857 D android.hardware.lights-service.mediatek: write 123 to /sys/class/leds/lcd-backlight/brightness, result: 0
03-02 11:20:13.246   857   857 D android.hardware.lights-service.mediatek: write 123 to /sys/class/mi_display/disp-DSI-0/brightness_clone, result: 0
03-02 11:20:13.279   857   857 D android.hardware.lights-service.mediatek: write 124 to /sys/class/leds/lcd-backlight/brightness, result: 0
03-02 11:20:13.280   857   857 D android.hardware.lights-service.mediatek: write 124 to /sys/class/mi_display/disp-DSI-0/brightness_clone, result: 0
03-02 11:20:13.328  1177  1177 I thermal_src: recvmsg_expect 5, but get 2 
03-02 11:20:13.328  1177  1177 V thermal_src: TA_DAEMON_CMD_GET_TPCB:ERROR ret=-1
03-02 11:20:13.328  1177  1177 E thermal_src: get_tpcb_from_kernel:error -1. retry...
03-02 11:20:13.328  1177  1177 I thermal_src: recvmsg_expect 5, but get 2 
03-02 11:20:13.328  1177  1177 V thermal_src: TA_DAEMON_CMD_GET_TPCB:ERROR ret=-1
03-02 11:20:13.328  1177  1177 E thermal_src: get_tpcb_from_kernel:error -1. retry...
03-02 11:20:13.328  1177  1177 I thermal_src: recvmsg_expect 4, but get 5 
03-02 11:20:13.328  1177  1177 V thermal_src: TA_DAEMON_CMD_SET_TTJ:ERROR ret=-1
03-02 11:20:13.328  1177  1177 E thermal_src: set_ttj_to_kernel 1:error -1
03-02 11:20:13.328  1177  1177 I thermal_src: recvmsg_expect 2, but get 5 
03-02 11:20:13.328  1177  1177 V thermal_src: waiting NOTIFY from kernel miss, -1
03-02 11:20:13.328  1177  1177 I thermal_src: recvmsg_expect 2, but get 4 
03-02 11:20:13.328  1177  1177 V thermal_src: waiting NOTIFY from kernel miss, -1
03-02 11:20:13.330   857   857 D android.hardware.lights-service.mediatek: write 125 to /sys/class/leds/lcd-backlight/brightness, result: 0
03-02 11:20:13.330   857   857 D android.hardware.lights-service.mediatek: write 125 to /sys/class/mi_display/disp-DSI-0/brightness_clone, result: 0
03-02 11:20:13.363   857   857 D android.hardware.lights-service.mediatek: write 126 to /sys/class/leds/lcd-backlight/brightness, result: 0
03-02 11:20:13.363   857   857 D android.hardware.lights-service.mediatek: write 126 to /sys/class/mi_display/disp-DSI-0/brightness_clone, result: 0
03-02 11:20:13.413   857   857 D android.hardware.lights-service.mediatek: write 127 to /sys/class/leds/lcd-backlight/brightness, result: 0
03-02 11:20:13.413   857   857 D android.hardware.lights-service.mediatek: write 127 to /sys/class/mi_display/disp-DSI-0/brightness_clone, result: 0
03-02 11:20:13.446   857   857 D android.hardware.lights-service.mediatek: write 128 to /sys/class/leds/lcd-backlight/brightness, result: 0
03-02 11:20:13.446   857   857 D android.hardware.lights-service.mediatek: write 128 to /sys/class/mi_display/disp-DSI-0/brightness_clone, result: 0
03-02 11:20:13.496   857   857 D android.hardware.lights-service.mediatek: write 129 to /sys/class/leds/lcd-backlight/brightness, result: 0
03-02 11:20:13.497   857   857 D android.hardware.lights-service.mediatek: write 129 to /sys/class/mi_display/disp-DSI-0/brightness_clone, result: 0
03-02 11:20:13.519   863   909 I mtkpower@impl: [setMode] type:5, enabled:0
03-02 11:20:13.519  1621  1650 I PowerHalWrapper: amsBoostNotify pid:13966,activity:com.google.android.apps.search.assistant.surfaces.voice.robin.ui.floaty.activity.FloatyActivity, package:com.google.android.googlequicksearchbox, mProcessCreatePackcom.softnation.Ojam 
03-02 11:20:13.519  1621  1650 I PowerHalWrapper: state: 0 
03-02 11:20:13.520  1621  1650 I mtkpower_client: [PowerHal_Wrap_notifyAppState] com.google.android.googlequicksearchbox/com.google.android.apps.search.assistant.surfaces.voice.robin.ui.floaty.activity.FloatyActivity pid=13966 activityId:114759433 state:0
03-02 11:20:13.520   863   958 I libPowerHal: [perfLockRel] hdl:367146, idx:2
03-02 11:20:13.520   863   958 I libPowerHal: [PD] LAUNCH update cmd:1408300 param:0, pr:6
03-02 11:20:13.521   861   861 I vendor.mediatek.hardware.mtkpower_applist-service.mediatek: packName: com.google.android.googlequicksearchbox actName: com.google.android.apps.search.assistant.surfaces.voice.robin.ui.floaty.activity.FloatyActivity pid: 13966 activityId: 114759433 uid: 10165 state: 0
03-02 11:20:13.521   861   861 I MTK_APPList: [notifyAPPstate] com.google.android.googlequicksearchbox/com.google.android.apps.search.assistant.surfaces.voice.robin.ui.floaty.activity.FloatyActivity, pid=13966, activityId=114759433, uid=10165, state:PAUSED, fps:-1, win:1
03-02 11:20:13.521   861   861 I MTK_APPList: [notifyAPPstate] multi_resumed_app_count: 2
03-02 11:20:13.521   861   861 I MTK_APPList: [notifyAPPstate] multi_resumed_app_info[0] com.android.systemui/com.android.systemui._190038181, pid:2363, activityId:-1, fps:-1, isMultiWindow:0
03-02 11:20:13.521   861   861 I MTK_APPList: [notifyAPPstate] multi_resumed_app_info[1] com.softnation.Ojam/com.softnation.Ojam.MainActivity, pid:17988, activityId:261255788, fps:-1, isMultiWindow:0
03-02 11:20:13.521   861   861 I MTK_APPList: [getForegroundAPPCount] 2
03-02 11:20:13.521   861   861 I MTK_APPList: [notifyNetdUID] 10337
03-02 11:20:13.521  1621  1650 I PowerHalWrapper: amsBoostNotify AMS_BOOST_PROCESS_CREATE_BOOST:true 
03-02 11:20:13.522   863   958 I libPowerHal: [PD] LAUNCH update cmd:400000 param:-1 pr:6
03-02 11:20:13.523   863   958 I libPowerHal: [PD] LAUNCH update cmd:400100 param:-1 pr:6
03-02 11:20:13.523  1999  1999 D OnLongClickAgent: reset:   removeMessages MSG_LONG_CLICK
03-02 11:20:13.524   863   958 I libPowerHal: [PD] LAUNCH update cmd:1000000 param:-1 pr:6
03-02 11:20:13.524  1999  1999 D OnLongClickAgent: reset:   removeMessages MSG_LONG_CLICK
03-02 11:20:13.524  1999  1999 D OnLongClickAgent: reset:   removeMessages MSG_LONG_CLICK
03-02 11:20:13.524  1999  1999 D OnLongClickAgent: reset:   removeMessages MSG_LONG_CLICK
03-02 11:20:13.524  1999  1999 D OnLongClickAgent: reset:   removeMessages MSG_LONG_CLICK
03-02 11:20:13.524   863   958 I libPowerHal: [recordCPUFreqInfo] set cluster[0] min(-1): -1 max(-1): -1 cluster[1] min(-1): -1 max(-1): -1
03-02 11:20:13.524  1999  1999 D OnLongClickAgent: reset:   removeMessages MSG_LONG_CLICK
03-02 11:20:13.524  1999  1999 D OnLongClickAgent: reset:   removeMessages MSG_LONG_CLICK
03-02 11:20:13.524  1999  1999 D OnLongClickAgent: reset:   removeMessages MSG_LONG_CLICK
03-02 11:20:13.524  1999  1999 D OnLongClickAgent: reset:   removeMessages MSG_LONG_CLICK
03-02 11:20:13.524  1621  1650 D CompatChangeReporter: Compat change id reported: 313677553; UID 1000; state: ENABLED
03-02 11:20:13.524  1999  1999 D OnLongClickAgent: reset:   removeMessages MSG_LONG_CLICK
03-02 11:20:13.525  1999  1999 D OnLongClickAgent: reset:   removeMessages MSG_LONG_CLICK
03-02 11:20:13.525  1999  1999 D OnLongClickAgent: reset:   removeMessages MSG_LONG_CLICK
03-02 11:20:13.525  1999  1999 D OnLongClickAgent: reset:   removeMessages MSG_LONG_CLICK
03-02 11:20:13.525  1999  1999 D OnLongClickAgent: reset:   removeMessages MSG_LONG_CLICK
03-02 11:20:13.525  1999  1999 D OnLongClickAgent: reset:   removeMessages MSG_LONG_CLICK
03-02 11:20:13.525  1999  1999 D OnLongClickAgent: reset:   removeMessages MSG_LONG_CLICK
03-02 11:20:13.525  1999  1999 D OnLongClickAgent: reset:   removeMessages MSG_LONG_CLICK
03-02 11:20:13.525  1999  1999 D OnLongClickAgent: reset:   removeMessages MSG_LONG_CLICK
03-02 11:20:13.525   863   958 W LibMBrainProxy: MBrain offline
03-02 11:20:13.525   863   958 I libPowerHal: [perfLockRel] Done for hdl : 367146
03-02 11:20:13.525 23118 23118 W BpBinder: Slow Binder: BpBinder transact took 12235 ms, interface=android.app.IActivityManager, code=1598246212 oneway=false
03-02 11:20:13.527   861   861 I MTK_APPList: [notifyPID] 17988
03-02 11:20:13.527  1621  1650 D CompatChangeReporter: Compat change id reported: 311208629; UID 1000; state: ENABLED
03-02 11:20:13.528   863   958 I libPowerHal: [perfSetSysInfo] pid type:24, 17988
03-02 11:20:13.532  1999  1999 D Launcher.Lifecycle: onStop:UserHandle{0},c143874,false
03-02 11:20:13.532  1999  1999 D UninstallDialogWrapper: mUninstallDialogShowing != isShowfalse, mUninstallDialogShowingfalse,isShowfalse
03-02 11:20:13.533   857   857 D android.hardware.lights-service.mediatek: write 130 to /sys/class/leds/lcd-backlight/brightness, result: 0
03-02 11:20:13.533   857   857 D android.hardware.lights-service.mediatek: write 130 to /sys/class/mi_display/disp-DSI-0/brightness_clone, result: 0
03-02 11:20:13.534  1999  1999 D SoscSplitStateController: updateDividerFixedState: isFixed = false
03-02 11:20:13.535  1999  1999 D Launcher_UnlockAnimationStateMachine: onStop = IDLE
03-02 11:20:13.535  1621  1648 D Aurogon :  uid = 10166 switch to FG
03-02 11:20:13.537  2363  2477 D SoScSplitScreenController: updateDividerFixedState isFixed:false
03-02 11:20:13.538  1999  1999 D LauncherAssistantCompatGoogle: onStop com.google.android.libraries.gsa.launcherclient.LauncherClient@b8351e8
03-02 11:20:13.539  1621  1842 I MiuiNetworkPolicy: updateUidState uid = 10261, uidState = 4
03-02 11:20:13.543  1621  1842 I MiuiNetworkPolicy: updateUidState uid = 10165, uidState = 4
03-02 11:20:13.543  1621  1842 I MiuiNetworkPolicy: updateUidState uid = 10147, uidState = 4
03-02 11:20:13.545 11917 12168 D LauncherOverlay: setActivityState:0
03-02 11:20:13.545  1999  1999 E Launcher.application: setClickAppWaitForCallback = false
03-02 11:20:13.546 11917 11917 D LauncherOverlay.Window: onStop
03-02 11:20:13.547 14013 14013 I brdz    : onStop
03-02 11:20:13.548  1999  1999 D ActivityThread: Fail to check app heapsize due to java.lang.NoSuchMethodException: dalvik.system.VMRuntime.getBlockingGcCountForAlloc []
03-02 11:20:13.552 13966 13966 I ayus    : #onStop - FloatyInputFragmentPeer
03-02 11:20:13.553 13966 13966 I aqld    : #notifyUserExitedFloatyResponseScreen
03-02 11:20:13.553 13966 13966 I azdq    : #onStop (PageContainer)
03-02 11:20:13.554 13966 13966 I azdq    : Activity stopping, saving floaty's state
03-02 11:20:13.554 13966 13966 I anoi    : Not stopping. No query to stop
03-02 11:20:13.556 13966 13966 I anoi    : Not stopping. Activity fully started.
03-02 11:20:13.559 13966 14009 I ayzy    : (REDACTED) buildNewState: %s, %s
03-02 11:20:13.559 13966  4699 I aycx    : #createPersistedState
03-02 11:20:13.561 13966  4699 I aycx    : #savePersistedState
03-02 11:20:13.566  1621  1745 W UsageStatsService: Unexpected activity event reported! (com.miui.home/com.miui.home.launcher.Launcher event : 23 instanceId : 86304474)
03-02 11:20:13.567  1055  1186 D connsyslogger: SD_LOG_ROOT is /data/debuglogger/connsyslog/fw.
03-02 11:20:13.567  1055  1186 D connsyslogger: systemReady:1
03-02 11:20:13.572  1621  1648 D Aurogon :  uid = 10166 switch to BG
03-02 11:20:13.572  1621  1894 D Aurogon :  onForegroundActivitiesChanged packageName = com.miui.home
03-02 11:20:13.579   857   857 D android.hardware.lights-service.mediatek: write 131 to /sys/class/leds/lcd-backlight/brightness, result: 0
03-02 11:20:13.580   857   857 D android.hardware.lights-service.mediatek: write 131 to /sys/class/mi_display/disp-DSI-0/brightness_clone, result: 0
03-02 11:20:13.582  1621  1651 I ActivityTaskManager: visible for Task{19fcca #37037 type=standard A=10337:com.softnation.Ojam} visible = true isAnimating = false TRANSITION = false PARENTS = false CHILDREN = false
03-02 11:20:13.583   921   921 I SurfaceFlinger: onHandleDestroyed: name=com.miui.home/com.miui.home.launcher.Launcher#134059, layerId=134059, parentId=0
03-02 11:20:13.583   921   921 I SurfaceFlinger: onHandleDestroyed: name=LauncherOverlayWindow:com.mi.globalminusscreen#134057, layerId=134057, parentId=0
03-02 11:20:13.583   921   921 I SurfaceFlinger: onHandleDestroyed: name=LauncherMinusOneScreen#134058, layerId=134058, parentId=0
03-02 11:20:13.599   921   921 I BufferQueueDebug: [LauncherMinusOneScreen#134058](this:0xb400007bcecab888,id:-1,api:0,p:-1,c:921) onDestructor()
03-02 11:20:13.600   921   921 I BufferQueueDebug: [com.miui.home/com.miui.home.launcher.Launcher#134059](this:0xb400007bcecc5298,id:-1,api:0,p:-1,c:921) onDestructor()
03-02 11:20:13.600   921   921 I BufferQueueDebug: [LauncherOverlayWindow:com.mi.globalminusscreen#134057](this:0xb400007bcecdeca8,id:-1,api:0,p:-1,c:921) onDestructor()
03-02 11:20:13.608  2246  2407 I Tethering: [BpfCoordinator] onAlertReached
03-02 11:20:13.613   857   857 D android.hardware.lights-service.mediatek: write 132 to /sys/class/leds/lcd-backlight/brightness, result: 0
03-02 11:20:13.613   857   857 D android.hardware.lights-service.mediatek: write 132 to /sys/class/mi_display/disp-DSI-0/brightness_clone, result: 0
03-02 11:20:13.630 13966 13966 D ActivityThread: Fail to check app heapsize due to java.lang.NoSuchMethodException: dalvik.system.VMRuntime.getBlockingGcCountForAlloc []
03-02 11:20:13.634 13966 13966 I aolx    : (REDACTED) #onStop, ttsExtender?.shouldExtendTts: %s
03-02 11:20:13.634 13966 13966 I aolx    : Pausing TTS from SpeechViewModel
03-02 11:20:13.634 13966 13966 I aotp    : TTS Pause requested
03-02 11:20:13.635 13966 13966 I aotp    : TTS Pause completed
03-02 11:20:13.637  1621  1648 D Aurogon :  uid = 10165 switch to BG
03-02 11:20:13.638  1621  1894 D Aurogon :  onForegroundActivitiesChanged packageName = com.google.android.googlequicksearchbox
03-02 11:20:13.648  1621  1651 I ActivityTaskManager: visible for Task{19fcca #37037 type=standard A=10337:com.softnation.Ojam} visible = true isAnimating = false TRANSITION = false PARENTS = false CHILDREN = false
03-02 11:20:13.649   921   921 I SurfaceFlinger: onHandleDestroyed: name=com.google.android.googlequicksearchbox/com.google.android.apps.search.assistant.surfaces.voice.robin.ui.floaty.activity.FloatyActivity#134060, layerId=134060, parentId=0
03-02 11:20:13.663   857   857 D android.hardware.lights-service.mediatek: write 133 to /sys/class/leds/lcd-backlight/brightness, result: 0
03-02 11:20:13.664   857   857 D android.hardware.lights-service.mediatek: write 133 to /sys/class/mi_display/disp-DSI-0/brightness_clone, result: 0
03-02 11:20:13.666   921   921 I BufferQueueDebug: [com.google.android.googlequicksearchbox/com.google.android.apps.search.assistant.surfaces.voice.robin.ui.floaty.activity.FloatyActivity#134060](this:0xb400007bcecb4138,id:-1,api:0,p:-1,c:921) onDestructor()
03-02 11:20:13.696   857   857 D android.hardware.lights-service.mediatek: write 134 to /sys/class/leds/lcd-backlight/brightness, result: 0
03-02 11:20:13.697   857   857 D android.hardware.lights-service.mediatek: write 134 to /sys/class/mi_display/disp-DSI-0/brightness_clone, result: 0
03-02 11:20:13.746   857   857 D android.hardware.lights-service.mediatek: write 135 to /sys/class/leds/lcd-backlight/brightness, result: 0
03-02 11:20:13.747   857   857 D android.hardware.lights-service.mediatek: write 135 to /sys/class/mi_display/disp-DSI-0/brightness_clone, result: 0
03-02 11:20:13.780   857   857 D android.hardware.lights-service.mediatek: write 136 to /sys/class/leds/lcd-backlight/brightness, result: 0
03-02 11:20:13.780   857   857 D android.hardware.lights-service.mediatek: write 136 to /sys/class/mi_display/disp-DSI-0/brightness_clone, result: 0
03-02 11:20:13.830   857   857 D android.hardware.lights-service.mediatek: write 137 to /sys/class/leds/lcd-backlight/brightness, result: 0
03-02 11:20:13.830   857   857 D android.hardware.lights-service.mediatek: write 137 to /sys/class/mi_display/disp-DSI-0/brightness_clone, result: 0
03-02 11:20:13.863   857   857 D android.hardware.lights-service.mediatek: write 138 to /sys/class/leds/lcd-backlight/brightness, result: 0
03-02 11:20:13.863   857   857 D android.hardware.lights-service.mediatek: write 138 to /sys/class/mi_display/disp-DSI-0/brightness_clone, result: 0
03-02 11:20:13.904  2350  2350 W Settings: Setting airplane_mode_on has moved from android.provider.Settings.System to android.provider.Settings.Global, returning read-only value.
03-02 11:20:13.906  2350  2350 W Settings: Setting airplane_mode_on has moved from android.provider.Settings.System to android.provider.Settings.Global, returning read-only value.
03-02 11:20:13.909  2350 29580 D NetworkSpeedTracker: updateSignalInfo lteRsrp=-85lteSnr=19,phoneId=1
03-02 11:20:13.913   857   857 D android.hardware.lights-service.mediatek: write 139 to /sys/class/leds/lcd-backlight/brightness, result: 0
03-02 11:20:13.913  1201  1298 D AALLightSensor: oldLux=11 [SA:-1 LA:-1] newLux=13 (oriLux: 13)
03-02 11:20:13.913   857   857 D android.hardware.lights-service.mediatek: write 139 to /sys/class/mi_display/disp-DSI-0/brightness_clone, result: 0
03-02 11:20:13.913  1201  1298 D AALService: [CRTC_114] onALIChanged: 11 -> 13
03-02 11:20:13.913  2350 29580 D NetworkSpeedTracker: updateSignalInfo lteRsrp=-85lteSnr=19,phoneId=1
03-02 11:20:13.946   857   857 D android.hardware.lights-service.mediatek: write 140 to /sys/class/leds/lcd-backlight/brightness, result: 0
03-02 11:20:13.947   857   857 D android.hardware.lights-service.mediatek: write 140 to /sys/class/mi_display/disp-DSI-0/brightness_clone, result: 0
03-02 11:20:13.985  1621  4230 D ConnectivityService: requestNetwork for uid/pid:10337/17988 activeRequest: null callbackRequest: 242490 [NetworkRequest [ REQUEST id=242491, [ Capabilities: INTERNET&NOT_RESTRICTED&TRUSTED&NOT_VCN_MANAGED&NOT_BANDWIDTH_CONSTRAINED Uid: 10337 RequestorUid: 10337 RequestorPkg: com.softnation.Ojam UnderlyingNetworks: Null] ]] callback flags: 0 order: 2147483647 isUidTracked: false declaredMethods: AVAIL|LOSING|LOST|UNAVAIL|NC|LP
03-02 11:20:13.991  1621  1843 D WifiNetworkFactory: got request NetworkRequest [ REQUEST id=242491, [ Capabilities: INTERNET&NOT_RESTRICTED&TRUSTED&NOT_VCN_MANAGED&NOT_BANDWIDTH_CONSTRAINED Uid: 10337 RequestorUid: 10337 RequestorPkg: com.softnation.Ojam UnderlyingNetworks: Null] ]
03-02 11:20:13.992  1621  1843 D UntrustedWifiNetworkFactory: got request NetworkRequest [ REQUEST id=242491, [ Capabilities: INTERNET&NOT_RESTRICTED&TRUSTED&NOT_VCN_MANAGED&NOT_BANDWIDTH_CONSTRAINED Uid: 10337 RequestorUid: 10337 RequestorPkg: com.softnation.Ojam UnderlyingNetworks: Null] ]
03-02 11:20:13.993  1621  1843 D OemPaidWifiNetworkFactory: got request NetworkRequest [ REQUEST id=242491, [ Capabilities: INTERNET&NOT_RESTRICTED&TRUSTED&NOT_VCN_MANAGED&NOT_BANDWIDTH_CONSTRAINED Uid: 10337 RequestorUid: 10337 RequestorPkg: com.softnation.Ojam UnderlyingNetworks: Null] ]
03-02 11:20:13.993  1621  1843 D MultiInternetWifiNetworkFactory: got request NetworkRequest [ REQUEST id=242491, [ Capabilities: INTERNET&NOT_RESTRICTED&TRUSTED&NOT_VCN_MANAGED&NOT_BANDWIDTH_CONSTRAINED Uid: 10337 RequestorUid: 10337 RequestorPkg: com.softnation.Ojam UnderlyingNetworks: Null] ]
03-02 11:20:13.993  1621  1856 D ConnectivityService: NetReassign [242491 : null ΓåÆ 255] [c 1] [a 2] [i 5]
03-02 11:20:13.996   857   857 D android.hardware.lights-service.mediatek: write 141 to /sys/class/leds/lcd-backlight/brightness, result: 0
03-02 11:20:13.997   857   857 D android.hardware.lights-service.mediatek: write 141 to /sys/class/mi_display/disp-DSI-0/brightness_clone, result: 0
03-02 11:20:14.029 31638 31697 D WM-SystemJobScheduler: Scheduling work ID f6e6042c-6f81-4e27-bade-8f513a5b3954Job ID 261531
03-02 11:20:14.030   857   857 D android.hardware.lights-service.mediatek: write 142 to /sys/class/leds/lcd-backlight/brightness, result: 0
03-02 11:20:14.030   857   857 D android.hardware.lights-service.mediatek: write 142 to /sys/class/mi_display/disp-DSI-0/brightness_clone, result: 0
03-02 11:20:14.038  1621  4230 E JobScheduler: ResourceBudgetManagerInternal is null
03-02 11:20:14.039  1621  2655 D AS.BtHelper: isBluetoothScoOn() mBluetoothHeadset is null: falsemBluetoothHeadsetDevice is null: true
03-02 11:20:14.039  1621  2655 V AS.AudioDeviceBroker: requestedCommunicationDevice: null mAudioModeOwner: AudioModeInfo: mMode=MODE_NORMAL, mPid=0, mUid=0
03-02 11:20:14.039  1621  2655 D AS.BtHelper: isBluetoothScoOn() mBluetoothHeadset is null: falsemBluetoothHeadsetDevice is null: true
03-02 11:20:14.040  1621  2655 V AS.AudioDeviceBroker: requestedCommunicationDevice: null mAudioModeOwner: AudioModeInfo: mMode=MODE_NORMAL, mPid=0, mUid=0
03-02 11:20:14.042  1621  1842 I MiuiNetworkPolicy: updateUidState uid = 10300, uidState = 8
03-02 11:20:14.044  5969  6034 I ebcv    : (REDACTED) appOpsListener %s %s
03-02 11:20:14.044  5969  6034 I ebcv    : (REDACTED) Ignoring irrelevant audio permission changes for package %s
03-02 11:20:14.044  1621  4230 I whetstone.activity: Power Event callback listener is empty for resId=256
03-02 11:20:14.044  1621  4230 D BatteryStatsManagerStub: notifyEvent for resId=256 used 0ms
03-02 11:20:14.046  1621  1638 D GnssSsruImpl: onLocationPermissionsChanged provider:network packageName:com.whatsapp
03-02 11:20:14.046  1621  1638 D GnssSsruImpl: onLocationPermissionsChanged provider:passive packageName:com.whatsapp
03-02 11:20:14.048 31638 31697 D WM-GreedyScheduler: Starting tracking for 64e29e4d-a65e-42e4-8f5e-7e3ec5d0702f,f6e6042c-6f81-4e27-bade-8f513a5b3954
03-02 11:20:14.053 31638 31638 D WM-SystemJobService: onStartJob for WorkGenerationalId(workSpecId=f6e6042c-6f81-4e27-bade-8f513a5b3954, generation=0)
03-02 11:20:14.058 31638 31697 D WM-Processor: Fr5: processing WorkGenerationalId(workSpecId=f6e6042c-6f81-4e27-bade-8f513a5b3954, generation=0)
03-02 11:20:14.069 31638 31638 D WM-WorkerWrapper: Starting work for com.whatsapp.xmpp.messaging.XmppLifecycleWorker
03-02 11:20:14.070 31638 31697 D WM-GreedyScheduler: Constraints met: Scheduling work ID WorkGenerationalId(workSpecId=f6e6042c-6f81-4e27-bade-8f513a5b3954, generation=0)
03-02 11:20:14.074 31638 31697 D WM-Processor: Work WorkGenerationalId(workSpecId=f6e6042c-6f81-4e27-bade-8f513a5b3954, generation=0) is already enqueued for processing
03-02 11:20:14.079   857   857 D android.hardware.lights-service.mediatek: write 143 to /sys/class/leds/lcd-backlight/brightness, result: 0
03-02 11:20:14.080   857   857 D android.hardware.lights-service.mediatek: write 143 to /sys/class/mi_display/disp-DSI-0/brightness_clone, result: 0
03-02 11:20:14.086   861   947 I libPerfCtl: xgfGetFPS pid:2363 fps:-1
03-02 11:20:14.113   857   857 D android.hardware.lights-service.mediatek: write 144 to /sys/class/leds/lcd-backlight/brightness, result: 0
03-02 11:20:14.113   857   857 D android.hardware.lights-service.mediatek: write 144 to /sys/class/mi_display/disp-DSI-0/brightness_clone, result: 0
03-02 11:20:14.121  2350  2350 W Settings: Setting airplane_mode_on has moved from android.provider.Settings.System to android.provider.Settings.Global, returning read-only value.
03-02 11:20:14.123  2350  2350 W Settings: Setting airplane_mode_on has moved from android.provider.Settings.System to android.provider.Settings.Global, returning read-only value.
03-02 11:20:14.126  2350 29580 D NetworkSpeedTracker: updateNwSignalInfo not allowed ,ignore
03-02 11:20:14.128  4051 19203 W MediaProvider: isAppCloneUserPair for user 0: false
03-02 11:20:14.129  2350 29580 D NetworkSpeedTracker: updateNwSignalInfo not allowed ,ignore
03-02 11:20:14.163   857   857 D android.hardware.lights-service.mediatek: write 145 to /sys/class/leds/lcd-backlight/brightness, result: 0
03-02 11:20:14.164   857   857 D android.hardware.lights-service.mediatek: write 145 to /sys/class/mi_display/disp-DSI-0/brightness_clone, result: 0
03-02 11:20:14.180  4051 25664 W MediaProvider: isAppCloneUserPair for user 0: false
03-02 11:20:14.188 27809 28366 I UriTaskContentObserver: (REDACTED) Throttling content uri change event for %s
03-02 11:20:14.213   857   857 D android.hardware.lights-service.mediatek: write 146 to /sys/class/leds/lcd-backlight/brightness, result: 0
03-02 11:20:14.213   857   857 D android.hardware.lights-service.mediatek: write 146 to /sys/class/mi_display/disp-DSI-0/brightness_clone, result: 0
03-02 11:20:14.246   857   857 D android.hardware.lights-service.mediatek: write 147 to /sys/class/leds/lcd-backlight/brightness, result: 0
03-02 11:20:14.247   857   857 D android.hardware.lights-service.mediatek: write 147 to /sys/class/mi_display/disp-DSI-0/brightness_clone, result: 0
03-02 11:20:14.274  4051 19548 W MediaProvider: isAppCloneUserPair for user 0: false
03-02 11:20:14.296   857   857 D android.hardware.lights-service.mediatek: write 148 to /sys/class/leds/lcd-backlight/brightness, result: 0
03-02 11:20:14.297   857   857 D android.hardware.lights-service.mediatek: write 148 to /sys/class/mi_display/disp-DSI-0/brightness_clone, result: 0
03-02 11:20:14.330   857   857 D android.hardware.lights-service.mediatek: write 149 to /sys/class/leds/lcd-backlight/brightness, result: 0
03-02 11:20:14.330   857   857 D android.hardware.lights-service.mediatek: write 149 to /sys/class/mi_display/disp-DSI-0/brightness_clone, result: 0
03-02 11:20:14.380   857   857 D android.hardware.lights-service.mediatek: write 150 to /sys/class/leds/lcd-backlight/brightness, result: 0
03-02 11:20:14.380   857   857 D android.hardware.lights-service.mediatek: write 150 to /sys/class/mi_display/disp-DSI-0/brightness_clone, result: 0
03-02 11:20:14.413   857   857 D android.hardware.lights-service.mediatek: write 151 to /sys/class/leds/lcd-backlight/brightness, result: 0
03-02 11:20:14.414   857   857 D android.hardware.lights-service.mediatek: write 151 to /sys/class/mi_display/disp-DSI-0/brightness_clone, result: 0
03-02 11:20:14.434  1621  4230 D MiuiRefreshRatePolicy: reset
03-02 11:20:14.444  1621  1621 D UiModeManager: updateConfigurationLocked: mDockState=0; mCarMode=false; mCar=false; mPowerSave=false; mOverrideNightModeOn=false; mOverrideNightModeOff=false; mComputedNightMode=true; mNightModeValue=2; uiMode=42
03-02 11:20:14.447 17988 17988 D VRI[MainActivity]: vri.reportNextDraw android.view.ViewRootImpl.performTraversals:4984 android.view.ViewRootImpl.doTraversal:3564 android.view.ViewRootImpl$TraversalRunnable.run:11781 android.view.Choreographer$CallbackRecord.run:1804 android.view.Choreographer$CallbackRecord.run:1813 
03-02 11:20:14.448  1621  1651 I ActivityTaskManager: visible for Task{19fcca #37037 type=standard A=10337:com.softnation.Ojam} visible = true isAnimating = false TRANSITION = false PARENTS = false CHILDREN = false
03-02 11:20:14.448  6027  6027 I PowerSaveService: onReceive: android.intent.action.BATTERY_CHANGED
03-02 11:20:14.449  6027  6027 I PowerNoticeUI: handleBatteryChanged oldPlugType 2 mPlugType 2 oldBatteryLevel 43 mBatteryLevel 43 temperature 400
03-02 11:20:14.450  6027  6027 I ChargerBatteryIntelligenceReceiver: onBatteryChanged temperature∩╝Ü40,plugType:2
03-02 11:20:14.450  6027  6027 D BaseChargeProtect_HighTemp: mCountByMinute:0,isScreenOn:true
03-02 11:20:14.451  6515  8177 D PowerCheckerService: onBatteryChanged, mBatteryLevel = 43, status = 2, level = 43, plug = 2, scale = 100
03-02 11:20:14.451  6515  8142 D PowerKeeper.Thermal: mBatteryTemperature: 40
03-02 11:20:14.451  6515  6997 I ProcAudioPowerManager: onBatteryChanged, onBattery is false
03-02 11:20:14.451  6515  6997 D PowerKeeper.FrozenApp: onBatteryChanged plug=true mBatteryPlugged=2
03-02 11:20:14.452  6027  6027 I android_os_HwBinder: HwBinder: Starting thread pool for getting: vendor.xiaomi.hardware.micharge@1.0::IMiCharge/default
03-02 11:20:14.454   872 24120 I vendor.xiaomi.hardware.micharge@1.0-service: ReadFilePathValue path = /sys/class/power_supply/usb/real_type value = USB
03-02 11:20:14.455  6027  6027 I IMiChargeUtils: getIMiChargeStringValue method:getBatteryChargeType,value:USB
03-02 11:20:14.455  6027  6027 I IMiChargeUtils: getBatteryChargeType : USB
03-02 11:20:14.455  6027  6027 I ChargeTimeUtilsV2: chargeType:USB
03-02 11:20:14.455  6027  6027 I PowerFeatureUtils: getVendorName:mediatek
03-02 11:20:14.455  6027  6027 I PowerFeatureUtils: getVendorName:mediatek
03-02 11:20:14.466   849   849 I hwcomposer: [HWCDisplay] (0 updateFps():3667), (type:1, mode:2) fps:4.393227,dur:1365.74,max:483.91,min:17.51  
03-02 11:20:14.517  1621  4230 D Aurogon :  packageName = com.google.android.gms isAllowWakeUpList 
03-02 11:20:14.539  1621  4230 D ActivityManager: getProcessesInErrorState callingUid=10383, CallingPid=13839
03-02 11:20:14.564  1621  2655 D Aurogon :  packageName = com.google.android.gms isAllowWakeUpList 
03-02 11:20:14.607 27809 22829 I NetworkScheduler.Stats: (REDACTED) Task %s/%s started execution. cause:%s exec_start_elapsed_seconds: %s
03-02 11:20:14.612  1621  4230 D Aurogon :  packageName = com.google.android.gms isAllowWakeUpList 
03-02 11:20:14.614 27809 23287 I NetworkScheduler.Stats: (REDACTED) Task %s/%s finished executing. cause:%s result: %s elapsed_millis: %s uptime_millis: %s exec_start_elapsed_seconds: %s
03-02 11:20:14.631  1621  2655 D Aurogon :  packageName = com.google.android.gms isAllowWakeUpList 
03-02 11:20:14.655   849  1430 I hwcomposer: [HWC] (0)fire a callback of refresh to SF[4]  
03-02 11:20:14.670   921   921 I BufferQueueProducer: [FramebufferSurface](this:0xb400007d8e9dff50,id:-1,api:1,p:921,c:921) queueBuffer: fps=0.38 dur=5316.91 max=4330.15 min=986.77
03-02 11:20:14.674   921   921 I MI-SF   : surfaceflinger setAffinity mode=1
03-02 11:20:14.674   921   921 E MI-SF   : surfaceflinger setAffinity success
03-02 11:20:14.674   921   921 I MI-SF   : surfaceflinger setreAffinity reTid=1207
03-02 11:20:14.674   921   921 E MI-SF   : surfaceflinger setAffinity success
03-02 11:20:14.691  1159  1606 D ULogGuard: Monitoring: 18 threads, 0 requests, 0 time-bombs; 1 guards. ResetFlags = 0x7
03-02 11:20:14.774  8942  8942 D BoundBrokerSvc: onUnbind: Intent { act=com.google.android.gms.measurement.START pkg=com.google.android.gms }
03-02 11:20:14.828  1621  2740 D ActivityManager: getProcessesInErrorState callingUid=10126, CallingPid=18142
03-02 11:20:14.916 18142 18367 I BatteryEventDispatcherImpl: [_waitingForDispatchEvent] processing BatteryEventDispatcherImpl$DispatchEvent$OnPollTimeout
03-02 11:20:15.043  1621  2655 D AS.BtHelper: isBluetoothScoOn() mBluetoothHeadset is null: falsemBluetoothHeadsetDevice is null: true
03-02 11:20:15.044  1621  2655 V AS.AudioDeviceBroker: requestedCommunicationDevice: null mAudioModeOwner: AudioModeInfo: mMode=MODE_NORMAL, mPid=0, mUid=0
03-02 11:20:15.045  1621  2655 D AS.BtHelper: isBluetoothScoOn() mBluetoothHeadset is null: falsemBluetoothHeadsetDevice is null: true
03-02 11:20:15.045  1621  2655 V AS.AudioDeviceBroker: requestedCommunicationDevice: null mAudioModeOwner: AudioModeInfo: mMode=MODE_NORMAL, mPid=0, mUid=0
03-02 11:20:15.086   861   947 I libPerfCtl: xgfGetFPS pid:921 fps:-1
03-02 11:20:15.087   861   947 I libPerfCtl: xgfGetFPS pid:2363 fps:-1
03-02 11:20:15.096  2350  2350 D TelephonyManager: requestModemActivityInfo: Sending result to app: ModemActivityInfo{ mTimestamp=1029774515 mSleepTimeMs=620512229 mIdleTimeMs=401259761 mActivityStatsTechSpecificInfo=[{mRat=UNKNOWN,mFrequencyRange=UNKNOWN,mTxTimeMs[]=[42509, 90739, 159201, 400160, 488416],mRxTimeMs=9908307}]}
03-02 11:20:15.114   921   921 I BufferQueueProducer: [StatusBar#109](this:0xb400007bcec4ab68,id:-1,api:0,p:-1,c:921) queueBuffer: fps=0.99 dur=2015.43 max=1016.73 min=998.70
03-02 11:20:15.118   921   921 I MI-SF   : surfaceflinger setAffinity mode=0
03-02 11:20:15.118   921   921 E MI-SF   : surfaceflinger setAffinity success
03-02 11:20:15.132 17840 18081 E msys    : E[N mns]_OnDiskCacheGetData(632)=>Start post callback cache refresh DNS resolution
03-02 11:20:15.140 17840 18081 E msys    : E[N mns]_LogError(228)=>Failed to resolve using system DNS resolver, getaddrinfo(): No address associated with hostname
03-02 11:20:15.140 17840 18081 E msys    : E[N mns]_OnDiskCacheGetData(632)=>Start post callback cache refresh DNS resolution
03-02 11:20:15.143 17840 18081 E msys    : E[N mns]_LogError(228)=>Failed to resolve using system DNS resolver, getaddrinfo(): No address associated with hostname
03-02 11:20:15.204 17988 23135 I softnation.Ojam: NativeAlloc concurrent mark compact GC freed 12MB AllocSpace bytes, 19(796KB) LOS objects, 69% free, 10MB/34MB, paused 1.449ms,5.119ms total 129.710ms
03-02 11:20:15.355   849  1430 I hwcomposer: [HWC] (0)fire a callback of refresh to SF[4]  
03-02 11:20:15.385   921   921 I MI-SF   : surfaceflinger setAffinity mode=1
03-02 11:20:15.385   921   921 E MI-SF   : surfaceflinger setAffinity success
03-02 11:20:15.385   921   921 I MI-SF   : surfaceflinger setreAffinity reTid=1207
03-02 11:20:15.385   921   921 E MI-SF   : surfaceflinger setAffinity success
03-02 11:20:15.568  1055  1186 D connsyslogger: SD_LOG_ROOT is /data/debuglogger/connsyslog/fw.
03-02 11:20:15.568  1055  1186 D connsyslogger: systemReady:1
03-02 11:20:15.651 17988 17988 D ScrollerOptimizationManager: registerConfigChangedListener
03-02 11:20:15.652 17988 17988 W libc    : Access denied finding property "ro.vendor.mi_sf.new_dynamic_refresh_rate"
03-02 11:20:15.652 17988 17988 D SplineOverScroller: dynamic params is false
03-02 11:20:15.654 17988 17988 I softnation.Ojam: hiddenapi: Accessing hidden field Landroid/widget/HorizontalScrollView;->mScroller:Landroid/widget/OverScroller; (runtime_flags=0, domain=platform, api=unsupported) from Lcom/facebook/react/views/scroll/ReactHorizontalScrollView; (domain=app, TargetSdkVersion=36) using reflection: allowed
03-02 11:20:15.742 17988 17988 D ScrollerOptimizationManager: registerConfigChangedListener
03-02 11:20:15.875 17988 17988 D ScrollerOptimizationManager: registerConfigChangedListener
03-02 11:20:15.894 17988 17988 D ScrollerOptimizationManager: registerConfigChangedListener
03-02 11:20:15.895 17988 17988 I softnation.Ojam: hiddenapi: Accessing hidden field Landroid/widget/ScrollView;->mScroller:Landroid/widget/OverScroller; (runtime_flags=0, domain=platform, api=unsupported) from Lcom/facebook/react/views/scroll/ReactScrollView; (domain=app, TargetSdkVersion=36) using reflection: allowed
03-02 11:20:15.913  1201  1298 D AALService: [CRTC_114] onALIChanged: 13 -> 15
03-02 11:20:15.971 17988 23331 W unknown:ReactNative: StatusBarModule: Ignored status bar change, current activity is edge-to-edge.
03-02 11:20:15.971 17988 23331 W unknown:ReactNative: StatusBarModule: Ignored status bar change, current activity is edge-to-edge.
03-02 11:20:16.041 17988 17988 W [RNScreens]: backTitleVisible prop is not available on Android
03-02 11:20:16.042 17988 17988 W [RNScreens]: backTitleFontFamily prop is not available on Android
03-02 11:20:16.042 17988 17988 W [RNScreens]: disableBackButtonMenu prop is not available on Android
03-02 11:20:16.042 17988 17988 W [RNScreens]: largeTitleFontFamily prop is not available on Android
03-02 11:20:16.042 17988 17988 W [RNScreens]: largeTitleFontWeight prop is not available on Android
03-02 11:20:16.042 17988 17988 W [RNScreens]: largeTitleHideShadow prop is not available on Android
03-02 11:20:16.052  1621  2655 D AS.BtHelper: isBluetoothScoOn() mBluetoothHeadset is null: falsemBluetoothHeadsetDevice is null: true
03-02 11:20:16.052  1621  2655 V AS.AudioDeviceBroker: requestedCommunicationDevice: null mAudioModeOwner: AudioModeInfo: mMode=MODE_NORMAL, mPid=0, mUid=0
03-02 11:20:16.053  1621  2655 D AS.BtHelper: isBluetoothScoOn() mBluetoothHeadset is null: falsemBluetoothHeadsetDevice is null: true
03-02 11:20:16.053  1621  2655 V AS.AudioDeviceBroker: requestedCommunicationDevice: null mAudioModeOwner: AudioModeInfo: mMode=MODE_NORMAL, mPid=0, mUid=0
03-02 11:20:16.078 17988 17988 I ReactNative: [GESTURE HANDLER] Initialize gesture handler for root view com.facebook.react.runtime.ReactSurfaceView{18def07 V.E...... ......ID 0,0-1080,2460 #1}
03-02 11:20:16.087   861   947 I libPerfCtl: xgfGetFPS pid:921 fps:-1
03-02 11:20:16.087   861   947 I libPerfCtl: xgfGetFPS pid:2363 fps:-1
03-02 11:20:16.109   849   849 I hwcomposer: [HWCDisplay] (0 updateFps():3667), (type:1, mode:2) fps:2.435421,dur:1642.43,max:726.70,min:205.77  
03-02 11:20:16.111   921   921 I MI-SF   : surfaceflinger setAffinity mode=0
03-02 11:20:16.111   921   921 E MI-SF   : surfaceflinger setAffinity success
03-02 11:20:16.150  1621  1922 I SmartPower: com.whatsapp/10300(31638): background->idle(3001ms) R(broadcast start Intent { act=android.intent.action.BATTERY_CHANGED flg=0x60000010 (has extras) }) adj=227.
03-02 11:20:16.150  1621  1922 I SmartPower: com.instagram.android/10301(17840): background->idle(3001ms) R(broadcast start Intent { act=android.intent.action.BATTERY_CHANGED flg=0x60000010 (has extras) }) adj=905.
03-02 11:20:16.151  1621  1922 I SmartPower: com.facebook.stella/10126(18142): background->idle(3000ms) R(broadcast start Intent { act=android.intent.action.BATTERY_CHANGED flg=0x60000010 (has extras) }) adj=915.
03-02 11:20:16.200 17988 23331 I MediaController: Init 7e146ec [AndroidXMedia3/1.8.0] [tides, 2404ARN45A, Xiaomi, 35]
03-02 11:20:16.235 17988 23368 D nativeloader: Load /data/app/~~Bh61wenJZi6JNVEuOkVQfQ==/com.softnation.Ojam-nnCVAdHxKfOmup5FCuBDYQ==/base.apk!/lib/arm64-v8a/libimagepipeline.so using class loader ns clns-7 (caller=/data/app/~~Bh61wenJZi6JNVEuOkVQfQ==/com.softnation.Ojam-nnCVAdHxKfOmup5FCuBDYQ==/base.apk!classes20.dex): ok
03-02 11:20:16.351   849  1430 I hwcomposer: [HWC] (0)fire a callback of refresh to SF[4]  
03-02 11:20:16.361   921   921 I BufferQueueProducer: [FramebufferSurface](this:0xb400007d8e9dff50,id:-1,api:1,p:921,c:921) queueBuffer: fps=1.18 dur=1690.49 max=980.01 min=710.47
03-02 11:20:16.364   921   921 I MI-SF   : surfaceflinger setAffinity mode=1
03-02 11:20:16.365   921   921 E MI-SF   : surfaceflinger setAffinity success
03-02 11:20:16.365   921   921 I MI-SF   : surfaceflinger setreAffinity reTid=1207
03-02 11:20:16.365   921   921 E MI-SF   : surfaceflinger setAffinity success
03-02 11:20:16.407 17988 23370 D nativeloader: Load /data/app/~~Bh61wenJZi6JNVEuOkVQfQ==/com.softnation.Ojam-nnCVAdHxKfOmup5FCuBDYQ==/base.apk!/lib/arm64-v8a/libnative-imagetranscoder.so using class loader ns clns-7 (caller=/data/app/~~Bh61wenJZi6JNVEuOkVQfQ==/com.softnation.Ojam-nnCVAdHxKfOmup5FCuBDYQ==/base.apk!classes20.dex): ok
03-02 11:20:16.413 17988 17988 W Looper  : PerfMonitor doFrame : time=444ms vsyncFrame=19848623 latency=1ms procState=-1 historyMsgCount=2
03-02 11:20:16.414 17988 23373 D skia    : SkJpegCodec::onGetPixels + (1080, 1447)
03-02 11:20:16.415 17988 23372 D skia    : SkJpegCodec::onGetPixels + (1365, 2048)
03-02 11:20:16.418 17988 23372 I DMABUFHEAPS: Using DMA-BUF heap named: mtk_mm
03-02 11:20:16.418 17988 23373 I DMABUFHEAPS: Using DMA-BUF heap named: mtk_mm
03-02 11:20:16.419 17988 23373 D skia    : stream getLength() not supported, use temp buffer for loading stream, buffer addr 0x7bd4931000 length 129018
03-02 11:20:16.419 17988 23372 D skia    : stream getLength() not supported, use temp buffer for loading stream, buffer addr 0x7bed62a000 length 114202
03-02 11:20:16.420 17988 23372 D skia    : LoadInputStreamToMem va 0x7bed62a000  size 116480
03-02 11:20:16.420 17988 23373 D skia    : LoadInputStreamToMem va 0x7bd4931000  size 131200
03-02 11:20:16.422 17988 23372 D libjpeg-alpha: Huffman Builder run in subthread
03-02 11:20:16.422 17988 17988 D UserSceneDetector: invoke error.
03-02 11:20:16.424 17988 23372 D libjpeg-alpha: Tile Decoder (#thread:4, size:512 256 256 341x512, alignment:256x16)
03-02 11:20:16.426 17988 23374 D libjpeg-alpha: Corrupt JPEG data: 31326 extraneous bytes before marker 0xda
03-02 11:20:16.428 17988 23375 D skia    : SkJpegCodec::onGetPixels + (1365, 2048)
03-02 11:20:16.429 17988 23373 D libjpeg-alpha: Huffman Builder run in subthread
03-02 11:20:16.433 17988 23375 I DMABUFHEAPS: Using DMA-BUF heap named: mtk_mm
03-02 11:20:16.434  1621  2655 D MiuiRefreshRatePolicy: reset
03-02 11:20:16.435 17988 23375 D skia    : stream getLength() not supported, use temp buffer for loading stream, buffer addr 0x7be14c0000 length 115924
03-02 11:20:16.437 17988 23375 D skia    : LoadInputStreamToMem va 0x7be14c0000  size 118144
03-02 11:20:16.438 17988 23373 D libjpeg-alpha: Tile Decoder (#thread:4, size:256 256 256 312x368, alignment:256x16)
03-02 11:20:16.441  1999  1999 D TouchInteractionService: onSystemUiFlagsChanged, mSystemUiStateFlags=10000000
03-02 11:20:16.441 17988 23375 D libjpeg-alpha: Huffman Builder run in subthread
03-02 11:20:16.449 17988 17988 D VRI[MainActivity]: vri.reportNextDraw android.view.ViewRootImpl.performTraversals:4984 android.view.ViewRootImpl.doTraversal:3564 android.view.ViewRootImpl$TraversalRunnable.run:11781 android.view.Choreographer$CallbackRecord.run:1804 android.view.Choreographer$CallbackRecord.run:1813 
03-02 11:20:16.455  1621  1651 I ActivityTaskManager: visible for Task{19fcca #37037 type=standard A=10337:com.softnation.Ojam} visible = true isAnimating = false TRANSITION = false PARENTS = false CHILDREN = false
03-02 11:20:16.456 17988 23388 D libjpeg-alpha: Corrupt JPEG data: 33397 extraneous bytes before marker 0xda
03-02 11:20:16.456 17988 17988 W Looper  : PerfMonitor doFrame : time=33ms vsyncFrame=19848625 latency=354ms procState=-1 historyMsgCount=19 (msgIndex=1 wall=444ms seq=794 late=1ms h=android.view.Choreographer$FrameHandler c=android.view.Choreographer$FrameDisplayEventReceiver)
03-02 11:20:16.461 17988 23375 D libjpeg-alpha: Tile Decoder (#thread:4, size:512 256 256 341x512, alignment:256x16)
03-02 11:20:16.474  1621  1918 E HyperSentinel: -------------------------------------------------------
03-02 11:20:16.474  1621  1918 E HyperSentinel: Event_ThreadAmount
03-02 11:20:16.474  1621  1918 E HyperSentinel: -> audit event by proc 17988 "usap64": running threads amount, 45 -> 78
03-02 11:20:16.475  1621  1917 D MiuiSentinelService: begin judgment ThreadAmountLeakException
03-02 11:20:16.475  1621  1917 E MiuiSentinelMemoryManager: getThreadinfo: usap64#17988
03-02 11:20:16.485 17988 23373 D skia    : SkJpegCodec::onGetPixels -
03-02 11:20:16.485 17988 23377 D libjpeg-alpha: Corrupt JPEG data: bad Huffman code
03-02 11:20:16.517  1621  1842 I MiuiNetworkPolicy: updateUidState uid = 10383, uidState = 19
03-02 11:20:16.518  1621  1842 I MiuiNetworkPolicy: updateUidState uid = 10383, uidState = 11
03-02 11:20:16.524  2350  2350 W Settings: Setting airplane_mode_on has moved from android.provider.Settings.System to android.provider.Settings.Global, returning read-only value.
03-02 11:20:16.528  2350  2350 W Settings: Setting airplane_mode_on has moved from android.provider.Settings.System to android.provider.Settings.Global, returning read-only value.
03-02 11:20:16.537  2350 29580 D NetworkSpeedTracker: updateSignalInfo lteRsrp=-85lteSnr=18,phoneId=1
03-02 11:20:16.539  2350 29580 D NetworkSpeedTracker: updateSignalInfo lteRsrp=-85lteSnr=18,phoneId=1
03-02 11:20:16.540  1621  2655 D ActivityManager: getProcessesInErrorState callingUid=10383, CallingPid=13839
03-02 11:20:16.547 17988 17988 I ExoPlayerImpl: Init f9280e8 [AndroidXMedia3/1.8.0] [tides, 2404ARN45A, Xiaomi, 35]
03-02 11:20:16.557 17988 23378 D libjpeg-alpha: Corrupt JPEG data: premature end of data segment
03-02 11:20:16.558 17988 23391 D libjpeg-alpha: Corrupt JPEG data: premature end of data segment
03-02 11:20:16.569 17988 23372 D skia    : SkJpegCodec::onGetPixels -
03-02 11:20:16.571 17988 23375 D skia    : SkJpegCodec::onGetPixels -
03-02 11:20:16.606 17988 17988 I softnation.Ojam: hiddenapi: Accessing hidden method Landroid/media/AudioTrack;->getLatency()I (runtime_flags=0, domain=platform, api=unsupported) from Landroidx/media3/exoplayer/audio/AudioTrackPositionTracker; (domain=app, TargetSdkVersion=36) using reflection: allowed
03-02 11:20:16.679   894  2683 V audio_utils::mutex: mutex_impl: audio_mutex initialized: ret:0  order:20
03-02 11:20:16.679   894  2683 V audio_utils::mutex: mutex_impl: audio_mutex initialized: ret:0  order:20
03-02 11:20:16.679   894  2683 V audio_utils::mutex: mutex_impl: audio_mutex initialized: ret:0  order:20
03-02 11:20:16.679   894  2683 V audio_utils::mutex: mutex_impl: audio_mutex initialized: ret:0  order:20
03-02 11:20:16.680   894  1367 D AudioFlinger_Threads: updateWakeLockUids_l AudioOut_25 uids:
03-02 11:20:16.680   894  1325 D AudioFlinger_Threads: updateWakeLockUids_l AudioOut_D uids:
03-02 11:20:16.680   894  1351 D AudioFlinger_Threads: updateWakeLockUids_l AudioOut_1D uids:
03-02 11:20:16.680   894  1349 D AudioFlinger_Threads: updateWakeLockUids_l AudioOut_15 uids:
03-02 11:20:16.705  1621  1856 D ConnectivityService: NetReassign [no changes] [c 0] [a 1] [i 4]
03-02 11:20:16.721 17988 23330 I ReactNativeJS: [DownloadsContext] Loaded downloads and reconciled local files
03-02 11:20:16.725 17988 17988 I MediaSessionImpl: Init 8189b63 [AndroidXMedia3/1.8.0] [tides, 2404ARN45A, Xiaomi, 35]
03-02 11:20:16.762 17988 17988 I MediaSessionCompat: Couldn't find a unique registered media button receiver in the given context.
03-02 11:20:16.769  1621  1731 I MediaSessionStack: addSession to bottom of stack | record: com.softnation.Ojam/androidx.media3.session.id./89 (userId=0)
03-02 11:20:16.769  1621  1731 D MediaSessionService: Media button session is changed to com.softnation.Ojam/androidx.media3.session.id./89 (userId=0)
03-02 11:20:16.771  2363 19600 I ActiveAudioSessionManager_export-api: controllerSize:0
03-02 11:20:16.771 18562 18562 W MediaPlayerList: onMediaKeyEventSessionChanged(Token): android.media.session.MediaSession$Token@4d53ca5
03-02 11:20:16.771  2363  3215 I ActiveAudioSessionManager_export-api: controllerSize:0
03-02 11:20:16.772  2363  3215 I ActiveAudioSessionManager_export-api: stopPositionCallbackTask
