03-02 11:20:01.573 17988 17988 I softnation.Ojam: Using CollectorTypeCMC GC.
03-02 11:20:01.576  1621  1638 D WindowManager: Finish Transition (#10166): created at 03-02 11:20:00.772 collect-started=0.185ms request-sent=0.44ms started=24.668ms ready=24.633ms sent=342.13ms finished=803.883ms
03-02 11:20:01.577  1621  2194 W ActivityManager: pid 1621 system sent binder code 7 with flags 1 to frozen apps and got error -32
03-02 11:20:01.578  1621  2194 W WindowManager: Exception thrown during dispatchAppVisibility Window{4aa8822 u0 com.softnation.Ojam/com.softnation.Ojam.MainActivity EXITING}
03-02 11:20:01.578  1621  2194 W WindowManager: android.os.DeadObjectException
03-02 11:20:01.578  1621  2194 W WindowManager: 	at android.os.BinderProxy.transactNative(Native Method)
03-02 11:20:01.578  1621  2194 W WindowManager: 	at android.os.BinderProxy.transact(BinderProxy.java:682)
03-02 11:20:01.578  1621  2194 W WindowManager: 	at android.view.IWindow$Stub$Proxy.dispatchAppVisibility(IWindow.java:655)
03-02 11:20:01.578  1621  2194 W WindowManager: 	at com.android.server.wm.WindowState.sendAppVisibilityToClients(WindowState.java:3529)
03-02 11:20:01.578  1621  2194 W WindowManager: 	at com.android.server.wm.WindowContainer.sendAppVisibilityToClients(WindowContainer.java:1387)
03-02 11:20:01.578  1621  2194 W WindowManager: 	at com.android.server.wm.WindowToken.setClientVisible(WindowToken.java:423)
03-02 11:20:01.578  1621  2194 W WindowManager: 	at com.android.server.wm.ActivityRecord.setClientVisible(ActivityRecord.java:8426)
03-02 11:20:01.578  1621  2194 W WindowManager: 	at com.android.server.wm.ActivityRecord.postApplyAnimation(ActivityRecord.java:6989)
03-02 11:20:01.578  1621  2194 W WindowManager: 	at com.android.server.wm.ActivityRecord.commitVisibility(ActivityRecord.java:6931)
03-02 11:20:01.578  1621  2194 W WindowManager: 	at com.android.server.wm.Transition.finishTransition(Transition.java:1589)
03-02 11:20:01.578  1621  2194 W WindowManager: 	at com.android.server.wm.TransitionController.finishTransition(TransitionController.java:1153)
03-02 11:20:01.578  1621  2194 W WindowManager: 	at com.android.server.wm.WindowOrganizerController.finishTransition(WindowOrganizerController.java:578)
03-02 11:20:01.578  1621  2194 W WindowManager: 	at android.window.IWindowOrganizerController$Stub.onTransact(IWindowOrganizerController.java:324)
03-02 11:20:01.578  1621  2194 W WindowManager: 	at com.android.server.wm.WindowOrganizerController.onTransact(WindowOrganizerController.java:234)
03-02 11:20:01.578  1621  2194 W WindowManager: 	at android.os.Binder.execTransactInternal(Binder.java:1507)
03-02 11:20:01.578  1621  2194 W WindowManager: 	at android.os.Binder.execTransact(Binder.java:1451)
03-02 11:20:01.578  1621  2194 W Process : Unable to open /proc/15743/status
03-02 11:20:01.579  1621  2194 I Transition: finishTransition: updateLastSurfacePosition tf=Task{7900b11 #37036 type=standard A=10337:com.softnation.Ojam}
03-02 11:20:01.580  1621  2194 I Transition: finishTransition: updateLastSurfacePosition tf=Task{ba1f32f #37027 type=standard I=com.google.android.googlequicksearchbox/com.google.android.apps.search.assistant.surfaces.voice.robin.ui.floaty.activity.FloatyActivity}
03-02 11:20:01.580   921   921 I SurfaceFlinger: onHandleDestroyed: name=Transition Root #10166: Task=37027#134063, layerId=134063, parentId=0
03-02 11:20:01.580  1999  1999 E RotationHelper: setCurrentTransitionRequest: request=0
03-02 11:20:01.582  1621  2194 D MiuiRefreshRatePolicy: reset
03-02 11:20:01.584  1621  2194 I PowerManagerServiceImpl: Release wakelock: SCREEN_BRIGHT_WAKE_LOCK           'WindowManager/displayId:0' ON_AFTER_RELEASE DISABLED ACQ=-4m5s655ms (uid=1000 pid=1621 pkg=android ws=WorkSource{10337 com.softnation.Ojam})
03-02 11:20:01.587  1621  2194 D WindowManager: setParent old=ActivityRecord{2e7df9b u0 com.softnation.Ojam/.MainActivity t37036 f} isExiting},new=null,this window=Window{4aa8822 u0 com.softnation.Ojam/com.softnation.Ojam.MainActivity EXITING},callers=com.android.server.wm.WindowContainer.removeChild:897 com.android.server.wm.ActivityRecord.removeChild:5518 com.android.server.wm.ActivityRecord.removeChild:505 com.android.server.wm.WindowContainer.removeImmediately:967 com.android.server.wm.WindowState.removeImmediately:2526 com.android.server.wm.WindowContainer.removeImmediately:931 
03-02 11:20:01.589  1621  2194 D MiuiRefreshRatePolicy: reset
03-02 11:20:01.591  7123  7128 I adbd    : jdwp connection from 17988
03-02 11:20:01.591  1621  2194 D WindowManager: setParent old=Task{7900b11 #37036 type=standard A=10337:com.softnation.Ojam},new=null,this window=ActivityRecord{2e7df9b u0 com.softnation.Ojam/.MainActivity t37036 f} isExiting},callers=com.android.server.wm.WindowContainer.removeChild:897 com.android.server.wm.TaskFragment.removeChild:3337 com.android.server.wm.Task.removeChild:1929 com.android.server.wm.Task.removeChild:1908 com.android.server.wm.WindowContainer.removeImmediately:967 com.android.server.wm.WindowToken.removeImmediately:374 
03-02 11:20:01.592   921  1500 I BufferQueueDebug: [Task=37036#134074](this:0xb400007bcec8c358,id:-1,api:0,p:-1,c:-1) BufferQueue core=(921:/system/bin/surfaceflinger)
03-02 11:20:01.593  1621  2194 D WindowManager: setParent old=DefaultTaskDisplayArea@262819365,new=null,this window=Task{7900b11 #37036 type=standard A=10337:com.softnation.Ojam},callers=com.android.server.wm.WindowContainer.removeChild:897 com.android.server.wm.TaskDisplayArea.removeChildTask:360 com.android.server.wm.TaskDisplayArea.removeChild:351 com.android.server.wm.WindowContainer.removeImmediately:967 com.android.server.wm.TaskFragment.removeImmediately:3417 com.android.server.wm.Task.removeImmediately:3408 
03-02 11:20:01.594  1621  2194 D MiuiMultiWindowUtils: DeviceLevel.IS_MIUI_LITE_VERSION 2.0 not support miui multiWindowtides
03-02 11:20:01.594  1621  2194 D MiuiMultiWindowUtils: DeviceLevel.IS_MIUI_LITE_VERSION 2.0 not support miui multiWindowtides
03-02 11:20:01.594  2363  2477 I RemoteTransitionHandlerStubImpl: invokeAndRemoveWctCB transition is null, curWctCB: null
03-02 11:20:01.595  2363  2477 I MultiTaskingTaskRepository: needSkip: is home task
03-02 11:20:01.595  2363  2477 W MultiTaskingTaskRepository: onToBackTransitionReady putOrUpdateTaskInfo skip
03-02 11:20:01.595  2363  2477 D MultiTaskingTaskRepository: addOrMoveFullscreenTaskToTop taskId=37037
03-02 11:20:01.596  2363  2477 D MultiTaskingTaskRepository: putOrUpdateTaskInfo: taskInfo.taskId: 37037 current mMultiTaskingTaskInfoList:  ,37036 ,37027 ,37019 ,36980 ,36770 ,36289 ,5 ,4
03-02 11:20:01.596  2363  2477 D MultiTaskingTaskRepository: java.lang.Throwable
03-02 11:20:01.596  2363  2477 D MultiTaskingTaskRepository: 	at com.android.wm.shell.multitasking.taskmanager.MultiTaskingTaskRepository.updateMultiTaskingTaskInfo(go/retraceme 5c05439c20823397c9aaa04c8ad244598257e2a7e5bd06f03af131ffaee2a4a9:82)
03-02 11:20:01.596  2363  2477 D MultiTaskingTaskRepository: 	at com.android.wm.shell.multitasking.taskmanager.MultiTaskingTaskRepository.putOrUpdateTaskInfo(go/retraceme 5c05439c20823397c9aaa04c8ad244598257e2a7e5bd06f03af131ffaee2a4a9:41)
03-02 11:20:01.596  2363  2477 D MultiTaskingTaskRepository: 	at com.android.wm.shell.multitasking.taskmanager.MultiTaskingTransitionObserver.onTransitionReady(go/retraceme 5c05439c20823397c9aaa04c8ad244598257e2a7e5bd06f03af131ffaee2a4a9:166)
03-02 11:20:01.596  2363  2477 D MultiTaskingTaskRepository: 	at com.android.wm.shell.transition.Transitions.dispatchReady(go/retraceme 5c05439c20823397c9aaa04c8ad244598257e2a7e5bd06f03af131ffaee2a4a9:169)
03-02 11:20:01.596  2363  2477 D MultiTaskingTaskRepository: 	at com.android.wm.shell.transition.Transitions.onTransitionReady(go/retraceme 5c05439c20823397c9aaa04c8ad244598257e2a7e5bd06f03af131ffaee2a4a9:248)
03-02 11:20:01.596  2363  2477 D MultiTaskingTaskRepository: 	at com.android.wm.shell.transition.Transitions$TransitionPlayerImpl$$ExternalSyntheticLambda1.run(go/retraceme 5c05439c20823397c9aaa04c8ad244598257e2a7e5bd06f03af131ffaee2a4a9:47)
03-02 11:20:01.596  2363  2477 D MultiTaskingTaskRepository: 	at android.os.Handler.handleCallback(Handler.java:959)
03-02 11:20:01.596  2363  2477 D MultiTaskingTaskRepository: 	at android.os.Handler.dispatchMessage(Handler.java:100)
03-02 11:20:01.596  2363  2477 D MultiTaskingTaskRepository: 	at android.os.Looper.loopOnce(Looper.java:249)
03-02 11:20:01.596  2363  2477 D MultiTaskingTaskRepository: 	at android.os.Looper.loop(Looper.java:337)
03-02 11:20:01.596  2363  2477 D MultiTaskingTaskRepository: 	at android.os.HandlerThread.run(HandlerThread.java:85)
03-02 11:20:01.596  2363  2477 D MultiTaskingTaskInfo: initFolmeControl::task id = 37037, mBounds = Rect(0, 0 - 1080, 2460)
03-02 11:20:01.597   921   921 I BufferQueueDebug: [Transition Root #10166: Task=37027#134063](this:0xb400007bceca2fd8,id:-1,api:0,p:-1,c:921) onDestructor()
03-02 11:20:01.597  1999  2684 D TaskSnapshotCompatVV: getIsInvalidateFromTaskSnapshot, return, mTaskSnapshot=null, mTaskSnapshotClazz=null
03-02 11:20:01.597  2363  2477 I ShellTransitions: Is abandon offsetY: false
03-02 11:20:01.597  2363  2477 I ShellTransitions: Is abandon offsetY: false
03-02 11:20:01.597  2363  2477 I ShellTransitions: Is abandon offsetY: false
03-02 11:20:01.597  2363  2477 E TaskViewTransitions: Found a launching TaskView in the wrong transition. All TaskView launches should be initiated by shell and in their own transition: 37037
03-02 11:20:01.598  2363  2477 E KeyguardTransitionHandlerImpl: activityCount = 0
03-02 11:20:01.598  2363  2477 E KeyguardTransitionHandlerImpl: activityCount = 0
03-02 11:20:01.598  1621  2194 W UserManagerService: Requested status bar icon for non-badged user 0
03-02 11:20:01.598  2363  2477 D MiuiFreeformModeAnimation: startAnimation change: {WCT{android.window.IWindowContainerToken$Stub$Proxy@ff8abd7} m=OPEN f=NONE leash=Surface(name=Task=37037#134067)/@0xbbff48a sb=Rect(0, 0 - 1080, 2460) eb=Rect(0, 0 - 1080, 2460) d=0 taskParent=-1} info.getType(): 1
03-02 11:20:01.598  2363  2477 D MiuiFreeformModeAnimation: startAnimation change: {WCT{android.window.IWindowContainerToken$Stub$Proxy@86dcc4} m=TO_BACK f=TRANSLUCENT leash=Surface(name=Task=37027#133407)/@0x9f95afb sb=Rect(0, 0 - 1080, 2460) eb=Rect(0, 0 - 1080, 2460) d=0 taskParent=-1} info.getType(): 1
03-02 11:20:01.598  2363  2477 D MiuiFreeformModeAnimation: startAnimation change: {WCT{android.window.IWindowContainerToken$Stub$Proxy@447e7ad} m=TO_BACK f=SHOW_WALLPAPER leash=Surface(name=Task=1#47)/@0x2066718 sb=Rect(0, 0 - 1080, 2460) eb=Rect(0, 0 - 1080, 2460) d=0 taskParent=-1} info.getType(): 1
03-02 11:20:01.598  2363  2477 D SoScStageCoordinator: inCloseTransition:false pairsStartedWithCloseTransition:false isRequestCloseTriggerTask:false inSingleSoScState:false inSoScUnactivie:true closeStage:null
03-02 11:20:01.599  1621  1729 W UserManagerService: Requested status bar icon for non-badged user 0
03-02 11:20:01.600  2363  2477 D TransitionAnimationHelper:  load default animation  type = 1 enter = false animAttr = 19 isTask = true translucent = false
03-02 11:20:01.602  1621  1636 W UserManagerService: Requested status bar icon for non-badged user 0
03-02 11:20:01.603  2363  2477 D TransitionAnimationHelper:  load default animation  type = 1 enter = false animAttr = 19 isTask = true translucent = false
03-02 11:20:01.604  2363  2477 D TransitionAnimationHelper:  load default animation  type = 1 enter = true animAttr = 18 isTask = true translucent = false
03-02 11:20:01.604  1999  2684 D TaskSnapshotCompatVV: getIsInvalidateFromTaskSnapshot, isInvalidate=false
03-02 11:20:01.604  1999  1999 D TaskSnapshotCompatVV: getIsInvalidateFromTaskSnapshot, isInvalidate=false
03-02 11:20:01.604  1999  2684 D RecentsModel: onTaskStackChangedBackground    MSG_TASK_STACK_CHANGE
03-02 11:20:01.605  1999  2684 D RecentsModel: boostTaskStackChangedThread, don't boost
03-02 11:20:01.605  1999  1999 D EventBus: No subscribers registered for event class com.miui.home.recents.messages.TaskSnapshotChangedEvent
03-02 11:20:01.605  1999  1999 D EventBus: No subscribers registered for event class org.greenrobot.eventbus.NoSubscriberEvent
03-02 11:20:01.605  1621  2194 W UserManagerService: Requested status bar icon for non-badged user 0
03-02 11:20:01.606  1621  1648 D Aurogon :  uid = 10166 switch to BG
03-02 11:20:01.606  1621  1636 I ATMSImpl: cacheTasksForDefaultDisplay size=5
03-02 11:20:01.606  2363  2540 D ShellTransitions: speed ui!!!!!!!!!!!
03-02 11:20:01.606  2363  2477 D MulWinSwitchDecorViewModel: handleEventReceiverIfMultiWinSwitchIsUnsupported: removeEventReceiver, callers=com.android.wm.shell.multitasking.miuimultiwinswitch.miuiwindowdecor.MulWinSwitchDecorViewModel.onTaskOpening:7 com.android.wm.shell.fullscreen.FullscreenTaskListener.onTaskAppeared:97 com.android.wm.shell.ShellTaskOrganizer.onTaskAppeared:9 com.android.wm.shell.ShellTaskOrganizer.onTaskAppeared:3 android.window.TaskOrganizer$1.lambda$onTaskAppeared$5:312 
03-02 11:20:01.607  2363  2477 D MultiTaskingTaskRepository: addOrMoveFullscreenTaskToTop taskId=37037
03-02 11:20:01.608  2363  2477 I MultiTaskingTaskRepository: no MULTI_WINDOW, but base activity is null
03-02 11:20:01.609  1621  1651 I ActivityTaskManager: visible for Task{27e6aff #2 type=home I=com.miui.home/.launcher.Launcher} visible = true isAnimating = false TRANSITION = false PARENTS = false CHILDREN = false
03-02 11:20:01.609  1999  1817 D EventBus: No subscribers registered for event class com.miui.home.recents.messages.RecentTasksChangedEvent
03-02 11:20:01.609  1999  1817 D EventBus: No subscribers registered for event class org.greenrobot.eventbus.NoSubscriberEvent
03-02 11:20:01.609  1999  1817 D EventBus: No subscribers registered for event class com.miui.home.recents.messages.RecentTasksChangedEvent
03-02 11:20:01.610   921  2359 I BufferQueueDebug: [17d72be ActivityRecordInputSink com.softnation.Ojam/.MainActivity#134075](this:0xb400007bceca2fd8,id:-1,api:0,p:-1,c:-1) BufferQueue core=(921:/system/bin/surfaceflinger)
03-02 11:20:01.610  1999  1817 D EventBus: No subscribers registered for event class org.greenrobot.eventbus.NoSubscriberEvent
03-02 11:20:01.611  1621  1894 D Aurogon :  onForegroundActivitiesChanged packageName = com.miui.home
03-02 11:20:01.611  1999  2684 D RecentsModel: getRunningTask ignoreActivityType : 2 ,ignoreWindowMode:5
03-02 11:20:01.611  1999  2684 W RecentsModel: getRunningTask   taskInfo=TaskInfo{userId=0 taskId=37027 displayId=0 isRunning=true baseIntent=Intent { flg=0x14850000 pkg=com.google.android.googlequicksearchbox cmp=com.google.android.googlequicksearchbox/com.google.android.apps.search.assistant.surfaces.voice.robin.ui.floaty.activity.FloatyActivity } baseActivity=ComponentInfo{com.google.android.googlequicksearchbox/com.google.android.apps.search.assistant.surfaces.voice.robin.ui.floaty.activity.FloatyActivity} topActivity=ComponentInfo{com.google.android.googlequicksearchbox/com.google.android.apps.search.assistant.surfaces.voice.robin.ui.floaty.activity.FloatyActivity} origActivity=null realActivity=ComponentInfo{com.google.android.googlequicksearchbox/com.google.android.apps.search.assistant.surfaces.voice.robin.ui.floaty.activity.FloatyActivity} numActivities=1 lastActiveTime=1029761030 supportsSplitScreenMultiWindow=true supportsMultiWindow=true resizeMode=2 isResizeable=true minWidth=-1 minHeight=-1 defaultMinSize=200 token=WCT{android.window.IWindowContainerToken$Stub$Proxy@fdee23d} topActivityType=1 pictureInPictureParams=null shouldDockBigOverlays=false launchIntoPipHostTaskId=-1 lastParentTaskIdBeforePip=-1 displayCutoutSafeInsets=Rect(0, 104 - 0, 0) topActivityInfo=ActivityInfo{3031a32 com.google.android.apps.search.assistant.surfaces.voice.robin.ui.floaty.activity.FloatyActivity} launchCookies=[] positionInParent=Point(0, 0) parentTaskId=-1 isFocused=true isVisible=true isVisibleRequested=false isSleeping=false locusId=null displayAreaFeatureId=1 isTopActivityTransparent=true appCompatTaskInfo=AppCompatTaskInfo { topActivityInSizeCompat=false topActivityEligibleForLetterboxEducation= falseisLetterboxEducationEnabled= false isLetterboxDoubleTapEnabled= false topActivityEligibleForUserAspectRatioButton= false topActivityBoundsLetterboxed= false isFromLetterboxDoubleTap= false topActivityLetterboxVerticalPosition= -1 topActivityLetterboxHorizontalPosition= -1 topActivityLetterboxWidth=1080 topActivityLetterboxHeight=2460 isUserFullscreenOverrideEnabled=false isSystemFullscreenOverrideEnabled=false cameraCompatTaskInfo=CameraCompatTaskInfo { cameraCompatControlState=hidden freeformCameraCompatMode=inactive}} isImmersive=false mTopActivityRequestOrientation=-2 mBehindAppLockPkg=null mOriginatingUid=0 isEmbedded=false shouldBeVisible=false mIsCastMode=false mTopActivityMediaSize=null mTopActivityRecordName=ActivityRecord{6d71709 u0 com.google.android.googlequicksearchbox/com.google.android.apps.search.assistant.surfaces.voice.robin.ui.floaty.activity.FloatyActivity t37027} mTopActivityOrientation=-2}
03-02 11:20:01.611  1999  2684 D RecentsModel: preloadRecents runningTaskId:37027, mCurrentRunningTaskId:-1, mRecentsTaskLoadPlan=com.android.systemui.shared.recents.model.RecentsTaskLoadPlan@ef99383
03-02 11:20:01.613  6027 26949 I SCTaskStackListener: onTaskStackChanged! inSplit = false
03-02 11:20:01.614  1621  1842 I MiuiNetworkPolicy: updateUidState uid = 99351, uidState = 5
03-02 11:20:01.614  1621  1842 I MiuiNetworkPolicy: updateUidState uid = 10337, uidState = 19
03-02 11:20:01.614  1621  1842 I MiuiNetworkPolicy: updateUidState uid = 10200, uidState = 5
03-02 11:20:01.614  1621  1842 I MiuiNetworkPolicy: updateUidState uid = 10181, uidState = 4
03-02 11:20:01.614  1621  1842 I MiuiNetworkPolicy: updateUidState uid = 10168, uidState = 4
03-02 11:20:01.614  1621  1842 I MiuiNetworkPolicy: updateUidState uid = 10166, uidState = 5
03-02 11:20:01.614  1621  1842 I MiuiNetworkPolicy: updateUidState uid = 10162, uidState = 5
03-02 11:20:01.615 27809 27809 D BoundBrokerSvc: onRebind: Intent { act=com.google.android.gms.clearcut.sampler.service.START dat=chimera-action:/... cmp=com.google.android.gms/.chimera.PersistentDirectBootAwareApiService }
03-02 11:20:01.616  1999  2684 E ActivityManagerWrapper: get all recent tasks force including 37027
03-02 11:20:01.620   921  1166 D SurfaceFlinger: [SF client] REMOVE (0xb400007caea407e0) for (1621:system_server)
03-02 11:20:01.621  1621  1651 W ActivityTaskManager: Can't find TaskDisplayArea to determine support for multi window. Task id=37036 attached=false
03-02 11:20:01.623 13966 14104 V ClearcutMetricXmitter: Transmission is done.
03-02 11:20:01.624  1621  1651 D MiuiRefreshRatePolicy: reset
03-02 11:20:01.627  1621  1651 I ActivityTaskManager: visible for Task{27e6aff #2 type=home I=com.miui.home/.launcher.Launcher} visible = true isAnimating = false TRANSITION = false PARENTS = false CHILDREN = false
03-02 11:20:01.630  1621  4430 I ATMSImpl: cacheTasksForDefaultDisplay size=5
03-02 11:20:01.630   921   921 I SurfaceFlinger: onHandleDestroyed: name=ActivityRecord{2e7df9b u0 com.softnation.Ojam/.MainActivity t37036}#134011, layerId=134011, parentId=0
03-02 11:20:01.631   921   921 I SurfaceFlinger: onHandleDestroyed: name=4aa8822 com.softnation.Ojam/com.softnation.Ojam.MainActivity#134019, layerId=134019, parentId=0
03-02 11:20:01.631   921   921 I SurfaceFlinger: onHandleDestroyed: name=com.softnation.Ojam/com.softnation.Ojam.MainActivity#134020, layerId=134020, parentId=0
03-02 11:20:01.631   921   921 I SurfaceFlinger: onHandleDestroyed: name=1475a95 ActivityRecordInputSink com.softnation.Ojam/.MainActivity#134018, layerId=134018, parentId=0
03-02 11:20:01.631   921   921 I SurfaceFlinger: onHandleDestroyed: name=Task=37036#134074, layerId=134074, parentId=0
03-02 11:20:01.631   921   921 I SurfaceFlinger: onHandleDestroyed: name=Surface(name=77d8129 NavigationBar0#101614)/@0x3faba4f - animation-leash of insets_animation#134062, layerId=134062, parentId=0
03-02 11:20:01.631   921   921 I SurfaceFlinger: onHandleDestroyed: name=Surface(name=5b2ee94 StatusBar#103)/@0xf6cf932 - animation-leash of insets_animation#134061, layerId=134061, parentId=0
03-02 11:20:01.632  2363  2363 I FocusedNotifPromptContr: onTopActivityMayChanged: isSupportPip false, isFocus true
03-02 11:20:01.632  2363  2363 I FocusedNotifPromptContr: onTopActivityMayChanged: topActivity=com.google.android.googlequicksearchbox
03-02 11:20:01.632  2363  2363 I PromptViewAnimState: topActivityMayChanged: topActivity=com.softnation.Ojam --> com.google.android.googlequicksearchbox
03-02 11:20:01.632  2363  2363 D KeyguardEditorHelper: onTopActivityMayChanged, topActivity=ComponentInfo{com.google.android.googlequicksearchbox/com.google.android.apps.search.assistant.surfaces.voice.robin.ui.floaty.activity.FloatyActivity}; mState=IDEL
03-02 11:20:01.634  1621  2834 I ATMSImpl: cacheTasksForDefaultDisplay size=5
03-02 11:20:01.638  1621  1651 I ActivityTaskManager: visible for Task{27e6aff #2 type=home I=com.miui.home/.launcher.Launcher} visible = true isAnimating = false TRANSITION = false PARENTS = false CHILDREN = false
03-02 11:20:01.638  2363  2477 D MulWinSwitchDecorViewModel: destroyWindowDecoration: taskId=37036 windowingMode=1 mWindowDecorByTaskId.size()=0 callers=com.android.wm.shell.fullscreen.FullscreenTaskListener.onTaskVanished:104 com.android.wm.shell.ShellTaskOrganizer.onTaskVanished:128 android.window.TaskOrganizer$1.lambda$onTaskVanished$6:317 android.window.TaskOrganizer$1.$r8$lambda$8ODi_1s42Z5SmyxWXsgMLDG64pA:0 android.window.TaskOrganizer$1$$ExternalSyntheticLambda0.run:0 
03-02 11:20:01.638  2363  2477 D MulWinSwitchDecorViewModel: handleEventReceiverIfMultiWinSwitchIsUnsupported: removeEventReceiver, callers=com.android.wm.shell.multitasking.miuimultiwinswitch.miuiwindowdecor.MulWinSwitchDecorViewModel.destroyWindowDecoration:82 com.android.wm.shell.fullscreen.FullscreenTaskListener.onTaskVanished:104 com.android.wm.shell.ShellTaskOrganizer.onTaskVanished:128 android.window.TaskOrganizer$1.lambda$onTaskVanished$6:317 android.window.TaskOrganizer$1.$r8$lambda$8ODi_1s42Z5SmyxWXsgMLDG64pA:0 
03-02 11:20:01.639  2363  2477 D MultiTaskingTaskRepository: onTaskVanished: taskInfo.taskId: 37036 current mMultiTaskingTaskInfoList: { ,37037 ,37036 ,37027 ,37019 ,36980 ,36770 ,36289 ,5 ,4 }
03-02 11:20:01.639  2363  2477 D MultiTaskingTaskRepository: removeFullscreenTask taskId=37036
03-02 11:20:01.639  2363  2477 D MiuiFreeformModeCornerTipHandler: task#37036 onTaskVanished
03-02 11:20:01.639  2363  2477 I MiuiBubbleController: removeBubble: 37036 reason=2
03-02 11:20:01.639  2363  2477 I MultiTaskingTaskInfo: before call clearMaskControl task id = 37036, CoverLayerController = null, callers=com.android.wm.shell.multitasking.taskmanager.MultiTaskingTaskListener.onTaskVanished:148 com.android.wm.shell.ShellTaskOrganizer.onTaskVanished:141 android.window.TaskOrganizer$1.lambda$onTaskVanished$6:317 android.window.TaskOrganizer$1.$r8$lambda$8ODi_1s42Z5SmyxWXsgMLDG64pA:0 android.window.TaskOrganizer$1$$ExternalSyntheticLambda0.run:0 
03-02 11:20:01.640  2363  2477 I MultiTaskingTaskRepository: onTaskVanish multi list = [5, 4], full = [37037, 37027, 37019, 36980]
03-02 11:20:01.641  1999  2684 D ActivityManagerWrapper: groupedRecentTaskInfoCompat.getMainTaskId :37027, isExcluded is True
03-02 11:20:01.641  1999  1817 D EventBus: No subscribers registered for event class com.miui.home.recents.messages.RecentTasksChangedEvent
03-02 11:20:01.641  1999  1817 D EventBus: No subscribers registered for event class org.greenrobot.eventbus.NoSubscriberEvent
03-02 11:20:01.641  1999  2684 E ActivityManagerWrapper: getRecentTasksForceIncludingTaskIdIfValid: getRecentTasks: size=4
03-02 11:20:01.641  1999  2684 E ActivityManagerWrapper:  mainTaskId=37037   userId=0   windowMode=1   baseIntent=Intent { act=null flag=268435456 cmp=ComponentInfo{com.softnation.Ojam/com.softnation.Ojam.MainActivity} }
03-02 11:20:01.641  1999  2684 E ActivityManagerWrapper:  mainTaskId=37027   userId=0   windowMode=1   baseIntent=Intent { act=null flag=344260608 cmp=ComponentInfo{com.google.android.googlequicksearchbox/com.google.android.apps.search.assistant.surfaces.voice.robin.ui.floaty.activity.FloatyActivity} }
03-02 11:20:01.641  1999  2684 E ActivityManagerWrapper:  mainTaskId=37019   userId=0   windowMode=1   baseIntent=Intent { act=null flag=268435456 cmp=ComponentInfo{com.whatsapp/com.whatsapp.home.ui.HomeActivity} }
03-02 11:20:01.641  1999  2684 E ActivityManagerWrapper:  mainTaskId=36980   userId=0   windowMode=1   baseIntent=Intent { act=android.intent.action.MAIN flag=270532608 cmp=ComponentInfo{com.twitter.android/com.twitter.android.StartActivity} }
03-02 11:20:01.641 17988 17988 D nativeloader: Load libframework-connectivity-tiramisu-jni.so using APEX ns com_android_tethering for caller /apex/com.android.tethering/javalib/framework-connectivity-t.jar: ok
03-02 11:20:01.647   921   921 I BufferQueueDebug: [ActivityRecord{2e7df9b u0 com.softnation.Ojam/.MainActivity t37036}#134011](this:0xb400007bcec561a8,id:-1,api:0,p:-1,c:921) onDestructor()
03-02 11:20:01.648   921   921 I BufferQueueDebug: [Surface(name=5b2ee94 StatusBar#103)/@0xf6cf932 - animation-leash of insets_animation#134061](this:0xb400007bcec58f38,id:-1,api:0,p:-1,c:921) onDestructor()
03-02 11:20:01.648   921   921 I BufferQueueDebug: [com.softnation.Ojam/com.softnation.Ojam.MainActivity#134020](this:0xb400007bcec5ea58,id:-1,api:0,p:-1,c:921) onDestructor()
03-02 11:20:01.648   921  1484 E BpTransactionCompletedListener: Failed to transact (-32)
03-02 11:20:01.648  1621  1918 E HyperSentinel: -------------------------------------------------------
03-02 11:20:01.648  1621  1918 E HyperSentinel: Event_ThreadAmount
03-02 11:20:01.648  1621  1918 E HyperSentinel: -> audit event by proc 17988 "usap64": running threads amount, 0 -> 12
03-02 11:20:01.649   921   921 I BufferQueueDebug: [Task=37036#134074](this:0xb400007bcec8c358,id:-1,api:0,p:-1,c:921) onDestructor()
03-02 11:20:01.649   921   921 I BufferQueueDebug: [4aa8822 com.softnation.Ojam/com.softnation.Ojam.MainActivity#134019](this:0xb400007bcecc2508,id:-1,api:0,p:-1,c:921) onDestructor()
03-02 11:20:01.649   921   921 I BufferQueueDebug: [Surface(name=77d8129 NavigationBar0#101614)/@0x3faba4f - animation-leash of insets_animation#134062](this:0xb400007bcecc8028,id:-1,api:0,p:-1,c:921) onDestructor()
03-02 11:20:01.649   921   921 I BufferQueueDebug: [1475a95 ActivityRecordInputSink com.softnation.Ojam/.MainActivity#134018](this:0xb400007bceccdb48,id:-1,api:0,p:-1,c:921) onDestructor()
03-02 11:20:01.652 17988 17988 I MessageMonitor: Load libmiui_runtime
03-02 11:20:01.652  1621  1918 E HyperSentinel: -------------------------------------------------------
03-02 11:20:01.652  1621  1918 E HyperSentinel: Event_ResidentSize
03-02 11:20:01.652  1621  1918 E HyperSentinel: -> audit event by proc 17988 "usap64": RSS increasement, peak 74556kb -> 111848kb
03-02 11:20:01.656  1999  2684 D TaskSnapshotCompatVV: getIsInvalidateFromTaskSnapshot, return, mTaskSnapshot=null, mTaskSnapshotClazz=null
03-02 11:20:01.657  1999  2684 D TaskSnapshotCompatVV: getIsInvalidateFromTaskSnapshot, isInvalidate=false
03-02 11:20:01.658  1999  2684 D RecentsModel: onTaskStackChangedBackground    MSG_TASK_STACK_CHANGE
03-02 11:20:01.658  1999  2684 D RecentsModel: boostTaskStackChangedThread, don't boost
03-02 11:20:01.662  1621  2834 I ATMSImpl: cacheTasksForDefaultDisplay size=5
03-02 11:20:01.662 23098 23098 V GraphicsEnvironment: Currently set values for:
03-02 11:20:01.663 23098 23098 V GraphicsEnvironment:   angle_gl_driver_selection_pkgs=[]
03-02 11:20:01.663 23098 23098 V GraphicsEnvironment:   angle_gl_driver_selection_values=[]
03-02 11:20:01.663 23098 23098 V GraphicsEnvironment: Global.Settings values are invalid: number of packages: 0, number of values: 0
03-02 11:20:01.663 23098 23098 V GraphicsEnvironment: Neither updatable production driver nor prerelease driver is supported.
03-02 11:20:01.663  1621  4426 D SymlinkUtils: attachApplication file op go pass: 0 ms
03-02 11:20:01.664  1999  2684 D RecentsModel: getRunningTask ignoreActivityType : 2 ,ignoreWindowMode:5
03-02 11:20:01.664  1999  2684 W RecentsModel: getRunningTask   taskInfo=TaskInfo{userId=0 taskId=37027 displayId=0 isRunning=true baseIntent=Intent { flg=0x14850000 pkg=com.google.android.googlequicksearchbox cmp=com.google.android.googlequicksearchbox/com.google.android.apps.search.assistant.surfaces.voice.robin.ui.floaty.activity.FloatyActivity } baseActivity=ComponentInfo{com.google.android.googlequicksearchbox/com.google.android.apps.search.assistant.surfaces.voice.robin.ui.floaty.activity.FloatyActivity} topActivity=ComponentInfo{com.google.android.googlequicksearchbox/com.google.android.apps.search.assistant.surfaces.voice.robin.ui.floaty.activity.FloatyActivity} origActivity=null realActivity=ComponentInfo{com.google.android.googlequicksearchbox/com.google.android.apps.search.assistant.surfaces.voice.robin.ui.floaty.activity.FloatyActivity} numActivities=1 lastActiveTime=1029761084 supportsSplitScreenMultiWindow=true supportsMultiWindow=true resizeMode=2 isResizeable=true minWidth=-1 minHeight=-1 defaultMinSize=200 token=WCT{android.window.IWindowContainerToken$Stub$Proxy@7e88271} topActivityType=1 pictureInPictureParams=null shouldDockBigOverlays=false launchIntoPipHostTaskId=-1 lastParentTaskIdBeforePip=-1 displayCutoutSafeInsets=Rect(0, 104 - 0, 0) topActivityInfo=ActivityInfo{a242856 com.google.android.apps.search.assistant.surfaces.voice.robin.ui.floaty.activity.FloatyActivity} launchCookies=[] positionInParent=Point(0, 0) parentTaskId=-1 isFocused=true isVisible=true isVisibleRequested=false isSleeping=false locusId=null displayAreaFeatureId=1 isTopActivityTransparent=true appCompatTaskInfo=AppCompatTaskInfo { topActivityInSizeCompat=false topActivityEligibleForLetterboxEducation= falseisLetterboxEducationEnabled= false isLetterboxDoubleTapEnabled= false topActivityEligibleForUserAspectRatioButton= false topActivityBoundsLetterboxed= false isFromLetterboxDoubleTap= false topActivityLetterboxVerticalPosition= -1 topActivityLetterboxHorizontalPosition= -1 topActivityLetterboxWidth=1080 topActivityLetterboxHeight=2460 isUserFullscreenOverrideEnabled=false isSystemFullscreenOverrideEnabled=false cameraCompatTaskInfo=CameraCompatTaskInfo { cameraCompatControlState=hidden freeformCameraCompatMode=inactive}} isImmersive=false mTopActivityRequestOrientation=-2 mBehindAppLockPkg=null mOriginatingUid=0 isEmbedded=false shouldBeVisible=false mIsCastMode=false mTopActivityMediaSize=null mTopActivityRecordName=ActivityRecord{6d71709 u0 com.google.android.googlequicksearchbox/com.google.android.apps.search.assistant.surfaces.voice.robin.ui.floaty.activity.FloatyActivity t37027} mTopActivityOrientation=-2}
03-02 11:20:01.665  1999  2684 D RecentsModel: preloadRecents runningTaskId:37027, mCurrentRunningTaskId:-1, mRecentsTaskLoadPlan=com.android.systemui.shared.recents.model.RecentsTaskLoadPlan@e3390d7
03-02 11:20:01.665  1999  2684 E ActivityManagerWrapper: get all recent tasks force including 37027
03-02 11:20:01.666 23098 23098 I ActivityThread: TrafficStats init done
03-02 11:20:01.668 23098 23098 I ForceDarkHelperStubImpl: initialize for com.xiaomi.mipicks , ForceDarkOrigin
03-02 11:20:01.675  1621  1648 D Aurogon :  uid = 10337 switch to FG
03-02 11:20:01.676 23098 23098 D nativeloader: Load libforcedarkimpl.so using system ns (caller=/system_ext/framework/miui-framework.jar): ok
03-02 11:20:01.677  1621  4426 W MiuiBoosterUtils: enable_miuibooster_launch : false
03-02 11:20:01.677  1999  2684 D ActivityManagerWrapper: groupedRecentTaskInfoCompat.getMainTaskId :37027, isExcluded is True
03-02 11:20:01.677  1999  2684 E ActivityManagerWrapper: getRecentTasksForceIncludingTaskIdIfValid: getRecentTasks: size=4
03-02 11:20:01.677  1999  2684 E ActivityManagerWrapper:  mainTaskId=37037   userId=0   windowMode=1   baseIntent=Intent { act=null flag=268435456 cmp=ComponentInfo{com.softnation.Ojam/com.softnation.Ojam.MainActivity} }
03-02 11:20:01.677  1999  2684 E ActivityManagerWrapper:  mainTaskId=37027   userId=0   windowMode=1   baseIntent=Intent { act=null flag=344260608 cmp=ComponentInfo{com.google.android.googlequicksearchbox/com.google.android.apps.search.assistant.surfaces.voice.robin.ui.floaty.activity.FloatyActivity} }
03-02 11:20:01.677  1999  2684 E ActivityManagerWrapper:  mainTaskId=37019   userId=0   windowMode=1   baseIntent=Intent { act=null flag=268435456 cmp=ComponentInfo{com.whatsapp/com.whatsapp.home.ui.HomeActivity} }
03-02 11:20:01.677  1999  2684 E ActivityManagerWrapper:  mainTaskId=36980   userId=0   windowMode=1   baseIntent=Intent { act=android.intent.action.MAIN flag=270532608 cmp=ComponentInfo{com.twitter.android/com.twitter.android.StartActivity} }
03-02 11:20:01.677  1621  1894 D isUidValid: uid = 10337
03-02 11:20:01.678 23098 23098 D HWUI    : JNI_OnLoad success
03-02 11:20:01.678 23098 23098 I MiuiForceDarkConfig: setConfig density:2.750000, mainRule:0, secondaryRule:0, tertiaryRule:0
03-02 11:20:01.681  1621  1842 I MiuiNetworkPolicy: updateUidState uid = 10337, uidState = 2
03-02 11:20:01.686 17988 17988 I JavaheapMonitor: Disabled. Process name: <pre-initialized>
03-02 11:20:01.690 23098 23098 I ActivityThread: Miui Feature Init done
03-02 11:20:01.694 17988 23142 D MiuiDownscaleImpl: set override inverted scale : 1.0
03-02 11:20:01.695  1999  2684 D TaskSnapshotCompatVV: getIsInvalidateFromTaskSnapshot, return, mTaskSnapshot=null, mTaskSnapshotClazz=null
03-02 11:20:01.695   863   958 I mtkpower@impl: [powerd_req] TIMER_MSG_PERF_LOCK_TIMEOUT hdl:367145
03-02 11:20:01.696   863   958 I libPowerHal: [perfLockRel] hdl:367145, idx:1
03-02 11:20:01.696 17988 17988 D MiuiMonitorThread: Shared singleton Thread for stability monitor start
03-02 11:20:01.697   863   958 I libPowerHal: [PD] MTKPOWER_HINT_PACK_SWITCH update ONESHOT(unset) cmd:10000700 param:16129 pr:3
03-02 11:20:01.697   863   958 I libPowerHal: [perfLockRel] Done for hdl : 367145
03-02 11:20:01.697 17988 23142 D AppScoutStateMachine: 17988-ScoutStateMachinecreated
03-02 11:20:01.741 17988 17988 D ActivityThread: setEmbeddedParam packageName=com.softnation.Ojam processName=com.softnation.Ojam isEmbedded=false isIsolated=false
03-02 11:20:01.842 23098 23098 D TaskSortUtil: task analyse cost makeTime 21
03-02 11:20:01.843 23098 23098 D TaskSortUtil: BridgeTask
03-02 11:20:01.875  1621  4426 I ClipboardServiceI: checkProviderWakePathForClipboard: primaryClip is null
03-02 11:20:01.922 23098 23098 I MMKV    : Disable checkProcessMode()
03-02 11:20:01.944 23098 23098 D nativeloader: Load /data/app/~~FVqF6h2ldNmCnMl0N8H-cQ==/com.xiaomi.mipicks-d1so7Mq-1Mt8qtMhOz41VQ==/base.apk!/lib/arm64-v8a/libmmkv.so using class loader ns clns-7 (caller=/data/app/~~FVqF6h2ldNmCnMl0N8H-cQ==/com.xiaomi.mipicks-d1so7Mq-1Mt8qtMhOz41VQ==/base.apk!classes3.dex): ok
03-02 11:20:01.945 23098 23098 I MMKV    : current API level = 35, libc++_shared=0
03-02 11:20:01.947 23098 23098 I MMKV    : <MMKV.cpp:165::initialize> version v1.2.15, page size 4096, arch arm64-v8a
03-02 11:20:01.947 23098 23098 I MMKV    : <MMKV.cpp:176::initialize> armv8 AES instructions is supported
03-02 11:20:01.947 23098 23098 I MMKV    : <MMKV.cpp:184::initialize> armv8 CRC32 instructions is supported
03-02 11:20:01.948 23098 23098 I MMKV    : <MMKV.cpp:208::initializeMMKV> root dir: /data/user/0/com.xiaomi.mipicks/files/mmkv
03-02 11:20:01.950 23098 23098 I MMKV    : <MemoryFile.cpp:97::open> open fd[0x84], /data/user/0/com.xiaomi.mipicks/files/mmkv/com.xiaomi.mipicks_preferences
03-02 11:20:01.951 23098 23098 I MMKV    : <MemoryFile.cpp:97::open> open fd[0x85], /data/user/0/com.xiaomi.mipicks/files/mmkv/com.xiaomi.mipicks_preferences.crc
03-02 11:20:01.952 23098 23098 I MMKV    : <MMKV_IO.cpp:81::loadFromFile> loading [com.xiaomi.mipicks_preferences] with 6007 actual size, file size 8192, InterProcess 1, meta info version:3
03-02 11:20:01.952 23098 23098 I MMKV    : <MMKV_IO.cpp:86::loadFromFile> loading [com.xiaomi.mipicks_preferences] with crc 2533958989 sequence 1575 version 3
03-02 11:20:01.953 23098 23098 I MMKV    : <MMKV_IO.cpp:130::loadFromFile> loaded [com.xiaomi.mipicks_preferences] with 62 key-values
03-02 11:20:01.953 23098 23098 E MiPicks-MMKVManager: init useMMKV : true
03-02 11:20:01.958 23098 23098 E MiPicks-PrefUtils: Unknown sharedpreferences file name dynamic_host
03-02 11:20:01.959 23098 23098 I MMKV    : <MemoryFile.cpp:97::open> open fd[0x86], /data/user/0/com.xiaomi.mipicks/files/mmkv/dynamic_host
03-02 11:20:01.959 23098 23098 I MMKV    : <MemoryFile.cpp:97::open> open fd[0x87], /data/user/0/com.xiaomi.mipicks/files/mmkv/dynamic_host.crc
03-02 11:20:01.961 23098 23098 I MMKV    : <MMKV_IO.cpp:81::loadFromFile> loading [dynamic_host] with 1124 actual size, file size 4096, InterProcess 1, meta info version:3
03-02 11:20:01.961 23098 23098 I MMKV    : <MMKV_IO.cpp:86::loadFromFile> loading [dynamic_host] with crc 1262207297 sequence 4 version 3
03-02 11:20:01.961 23098 23098 I MMKV    : <MMKV_IO.cpp:130::loadFromFile> loaded [dynamic_host] with 1 key-values
03-02 11:20:01.990  1621  4426 D AS.BtHelper: isBluetoothScoOn() mBluetoothHeadset is null: falsemBluetoothHeadsetDevice is null: true
03-02 11:20:01.991  1621  4426 V AS.AudioDeviceBroker: requestedCommunicationDevice: null mAudioModeOwner: AudioModeInfo: mMode=MODE_NORMAL, mPid=0, mUid=0
03-02 11:20:01.991  1621  4426 D AS.BtHelper: isBluetoothScoOn() mBluetoothHeadset is null: falsemBluetoothHeadsetDevice is null: true
03-02 11:20:01.991  1621  4426 V AS.AudioDeviceBroker: requestedCommunicationDevice: null mAudioModeOwner: AudioModeInfo: mMode=MODE_NORMAL, mPid=0, mUid=0
03-02 11:20:02.045  1621  1918 E HyperSentinel: -------------------------------------------------------
03-02 11:20:02.045  1621  1918 E HyperSentinel: Event_OpenFileFDSize
03-02 11:20:02.045  1621  1918 E HyperSentinel: -> audit event by proc 1621 "system_server": Fd increasement, peak, 972 -> 1116
03-02 11:20:02.045  1621  1917 D MiuiSentinelService: begin judgment FdAmountLeakException
03-02 11:20:02.058   861   947 I libPerfCtl: xgfGetFPS pid:921 fps:-1
03-02 11:20:02.058   861   947 I libPerfCtl: xgfGetFPS pid:2363 fps:-1
03-02 11:20:02.058   861   947 I libPerfCtl: xgfGetFPS pid:13966 fps:-1
03-02 11:20:02.059 23098 23098 D TaskSortUtil: task analyse cost makeTime 0
03-02 11:20:02.060 23098 23098 D TaskSortUtil: DebugTask
03-02 11:20:02.060 23098 23098 D TaskSortUtil: GAIDTask
03-02 11:20:02.060 23098 23098 D TaskSortUtil: OperatorTask
03-02 11:20:02.060 23098 23098 D TaskSortUtil: ArouterTask
03-02 11:20:02.060 23098 23098 D TaskSortUtil: ChangeAliasTask
03-02 11:20:02.061 23098 23098 I MiPicks-OperatorTask: init
03-02 11:20:02.074 23098 23098 E MiPicks-PrefUtils: Unknown sharedpreferences file name firebase_config
03-02 11:20:02.077 23098 23098 I MMKV    : <MemoryFile.cpp:97::open> open fd[0x8c], /data/user/0/com.xiaomi.mipicks/files/mmkv/firebase_config
03-02 11:20:02.077 23098 23098 I MMKV    : <MemoryFile.cpp:97::open> open fd[0x8d], /data/user/0/com.xiaomi.mipicks/files/mmkv/firebase_config.crc
03-02 11:20:02.080 23098 23098 I MMKV    : <MMKV_IO.cpp:81::loadFromFile> loading [firebase_config] with 2822 actual size, file size 4096, InterProcess 1, meta info version:3
03-02 11:20:02.080 23098 23098 I MMKV    : <MMKV_IO.cpp:86::loadFromFile> loading [firebase_config] with crc 2546752734 sequence 115 version 3
03-02 11:20:02.080 23098 23098 I MMKV    : <MMKV_IO.cpp:130::loadFromFile> loaded [firebase_config] with 38 key-values
03-02 11:20:02.080  1621  4426 D CompatChangeReporter: Compat change id reported: 319471980; UID 10217; state: ENABLED
03-02 11:20:02.082 23098 23098 E MiPicks-ModuleInterceptor: current operator:default
03-02 11:20:02.082 23098 23098 E MiPicks-OperatorTask: initMiSdk
03-02 11:20:02.083 23098 23098 D TaskSortUtil: task analyse cost makeTime 0
03-02 11:20:02.083 23098 23098 D TaskSortUtil: UiConfigTask
03-02 11:20:02.083 23098 23098 D TaskSortUtil: PatchTask
03-02 11:20:02.083 23098 23098 D TaskSortUtil: CloudConfigTask
03-02 11:20:02.083 23098 23098 D TaskSortUtil: MiBusinessTask
03-02 11:20:02.083 23098 23098 D TaskSortUtil: DownloadInstallTask
03-02 11:20:02.083 23098 23098 D TaskSortUtil: ActivityMonitorTask
03-02 11:20:02.085 23098 23098 I MiPicks-UiConfigTask: UiConfigTask init
03-02 11:20:02.088 23098 23098 D AutoDensity: autodensity debugEnable = 
03-02 11:20:02.092 23098 23153 I MiPicks-LocalAppManager: load local apps from system : begin
03-02 11:20:02.093 17840 18081 E msys    : E[N mns]_OnDiskCacheGetData(632)=>Start post callback cache refresh DNS resolution
03-02 11:20:02.093 23098 23153 I MiPicks-PkgUtils: getSignature: using flags,134217728
03-02 11:20:02.099 17840 18081 E msys    : E[N mns]_LogError(228)=>Failed to resolve using system DNS resolver, getaddrinfo(): No address associated with hostname
03-02 11:20:02.102   849   849 I hwcomposer: [HWCDisplay] (0 updateFps():3667), (type:1, mode:2) fps:58.774086,dur:1003.84,max:25.90,min:9.64  
03-02 11:20:02.109  1621  4426 D FileUtils: Rounded bytes from 8055762944 to 16000000000
03-02 11:20:02.111 23098 23152 D CompatChangeReporter: Compat change id reported: 312399441; UID 10217; state: ENABLED
03-02 11:20:02.118 23098 23149 I DeviceLevelUtils: platform∩╝Ümt6768
03-02 11:20:02.118 23098 23149 I MiSpeedRecord: Connecting to PerfShielder service.
03-02 11:20:02.125  2363  2540 E SurfaceComposerClient: SurfaceComposerClient::Transaction::setAlpha: invalid alpha 1.000008, clamping
03-02 11:20:02.130 23098 23098 D AutoDensity: 	getAccessibilityDpi Exception: android.provider.Settings$SettingNotFoundException: display_density_forced
03-02 11:20:02.130 13966 14104 V ClearcutMetricXmitter: Transmission is done.
03-02 11:20:02.131 23098 23152 I MiPicks-WebResourceManager: some Tabs are invalid.
03-02 11:20:02.131  1621  2834 W ParceledListSlice: Element #15 is 24504 bytes.
03-02 11:20:02.141 23098 23151 D SessionsDependencies: Dependency to CRASHLYTICS added.
03-02 11:20:02.142  2363  2540 E SurfaceComposerClient: SurfaceComposerClient::Transaction::setAlpha: invalid alpha 1.000044, clamping
03-02 11:20:02.143  1621  2834 W ParceledListSlice: Element #27 is 16724 bytes.
03-02 11:20:02.144 23098 23151 I FirebaseApp: Device unlocked: initializing all Firebase APIs for app [DEFAULT]
03-02 11:20:02.156 23098 23098 D TaskSortUtil: task analyse cost makeTime 0
03-02 11:20:02.156 23098 23098 D TaskSortUtil: FirebaseTask
03-02 11:20:02.156 23098 23098 D TaskSortUtil: PrivacyTask
03-02 11:20:02.156 23098 23098 D TaskSortUtil: TraceTask
03-02 11:20:02.158 23098 23098 D TaskSortUtil: DeviceInfoTask
03-02 11:20:02.158 23098 23098 D TaskSortUtil: LoginTask
03-02 11:20:02.158 23098 23098 D TaskSortUtil: RegisterGlobalMonitorTask
03-02 11:20:02.158 23098 23098 D TaskSortUtil: MsaOnDeviceScoreTask
03-02 11:20:02.158 23098 23098 D TaskSortUtil: EnableDisabledVerdictsComponentsTask
03-02 11:20:02.158 23098 23098 D TaskSortUtil: ApmTask
03-02 11:20:02.158 23098 23098 D TaskSortUtil: NetworkTask
03-02 11:20:02.158 23098 23098 D TaskSortUtil: MsgBusTask
03-02 11:20:02.158 23098 23098 D TaskSortUtil: DbTask
03-02 11:20:02.158 23098 23098 D TaskSortUtil: AbTestTask
03-02 11:20:02.158 23098 23098 D TaskSortUtil: LoginTask
03-02 11:20:02.158 23098 23098 D TaskSortUtil: ImageLoadTask
03-02 11:20:02.158 23098 23098 D TaskSortUtil: CompatibleOldVersionTask
03-02 11:20:02.158 23098 23098 D TaskSortUtil: UpdateAppTask
03-02 11:20:02.158 23098 23098 D TaskSortUtil: DownloadAppTask
03-02 11:20:02.158 23098 23098 D TaskSortUtil: SpTask
03-02 11:20:02.158 23098 23098 D TaskSortUtil: AppChooserTask
03-02 11:20:02.158 23098 23098 D TaskSortUtil: DesktopHotAppsTask
03-02 11:20:02.158 23098 23098 D TaskSortUtil: LocalCacheTask
03-02 11:20:02.158 23098 23098 D TaskSortUtil: MiCTBrowserTask
03-02 11:20:02.158 23098 23098 D TaskSortUtil: PushTask
03-02 11:20:02.159  2363  2540 E SurfaceComposerClient: SurfaceComposerClient::Transaction::setAlpha: invalid alpha 1.000064, clamping
03-02 11:20:02.159 23098 23151 I FirebaseCrashlytics: Initializing Firebase Crashlytics 19.0.0 for com.xiaomi.mipicks
03-02 11:20:02.161  2363  2540 E SurfaceComposerClient: SurfaceComposerClient::Transaction::setAlpha: invalid alpha 1.000064, clamping
03-02 11:20:02.162  2363  2477 D SoScUtils: monitorTransitionFinished transition:android.os.BinderProxy@5f4f0a6 transaction: android.view.SurfaceControl$Transaction@6a51660 mRequestCloseTransition:null mRequestOpenTransition:null mRequestOpenTransitionWithSameTask size:0 mPairsOpenTransition:null mPairsOpenTransitionNull:null mRequestOpenTriggerTask:-1 mRequestCloseTriggerTask:-1 mOrientationTransition: null mMainStartingTask:-1 mSideStartingTask:-1
03-02 11:20:02.169 23098 23166 D OT-PubSub-Sdk: updateDebugSwitch sEnable: false sDebugMode∩╝Üfalse sDebugProperty∩╝Üfalse
03-02 11:20:02.174  1621  1638 D WindowManager: Finish Transition (#10167): created at 03-02 11:20:01.350 collect-started=0.059ms request-sent=33.667ms started=42.645ms ready=134.432ms sent=153.556ms finished=817.409ms
03-02 11:20:02.175 23098 23167 E MiPicks-ReflectUtilsForMiui: getMethod miui.util.FeatureParser.support_ar_core java.lang.NoSuchMethodException: miui.util.FeatureParser.support_ar_core [class java.lang.String, boolean]
03-02 11:20:02.176 13966 13966 D VRI[FloatyActivity]: visibilityChanged oldVisibility=true newVisibility=false
03-02 11:20:02.177 14013 14013 D VRI[LauncherMinusOneScreen]: visibilityChanged oldVisibility=true newVisibility=false
03-02 11:20:02.178 23098 23176 I MiPicks-AutoUpdateScheduler: [Update] scheduleAutoUpdateOnAppStart
03-02 11:20:02.178 11917 11917 D VRI[globalminusscreen]: visibilityChanged oldVisibility=true newVisibility=false
03-02 11:20:02.178  1999  1999 D VRI[Launcher]: visibilityChanged oldVisibility=true newVisibility=false
03-02 11:20:02.179 23098 23169 I MMKV    : Disable checkProcessMode()
03-02 11:20:02.180  1621  1729 I Transition: finishTransition: updateLastSurfacePosition tf=Task{19fcca #37037 type=standard A=10337:com.softnation.Ojam}
03-02 11:20:02.180   921   921 I SurfaceFlinger: onHandleDestroyed: name=Transition Root #10167: Task=37037#134071, layerId=134071, parentId=0
03-02 11:20:02.182 23098 23176 E MiPicks-PrefUtils: Unknown sharedpreferences file name ab_test
03-02 11:20:02.182 23098 23176 I MMKV    : <MemoryFile.cpp:97::open> open fd[0x98], /data/user/0/com.xiaomi.mipicks/files/mmkv/ab_test
03-02 11:20:02.182 23098 23176 I MMKV    : <MemoryFile.cpp:97::open> open fd[0x99], /data/user/0/com.xiaomi.mipicks/files/mmkv/ab_test.crc
03-02 11:20:02.185   921   921 I MI-SF   : surfaceflinger setAffinity mode=0
03-02 11:20:02.185   921   921 E MI-SF   : surfaceflinger setAffinity success
03-02 11:20:02.188 23098 23169 I MMKV    : <MMKV.cpp:208::initializeMMKV> root dir: /data/user/0/com.xiaomi.mipicks/files/mmkv
03-02 11:20:02.191  2061  2061 I MiuiWallpaper-MiuiKeyguardPictorialWallpaper: onVisibilityChanged, visible = false, ret=true
03-02 11:20:02.195 23098 23176 I MMKV    : <MMKV_IO.cpp:81::loadFromFile> loading [ab_test] with 52792 actual size, file size 65536, InterProcess 1, meta info version:3
03-02 11:20:02.195 23098 23176 I MMKV    : <MMKV_IO.cpp:86::loadFromFile> loading [ab_test] with crc 3997169435 sequence 72 version 3
03-02 11:20:02.195  2061  2061 I MiuiWallpaper-ImageWallpaper: onVisibilityChanged, visible = false, ret=true
03-02 11:20:02.195 23098 23176 I MMKV    : <MMKV_IO.cpp:130::loadFromFile> loaded [ab_test] with 6 key-values
03-02 11:20:02.197 23098 23169 I MMKV    : <MemoryFile.cpp:97::open> open fd[0x9a], /data/user/0/com.xiaomi.mipicks/files/mmkv/overseas_100009
03-02 11:20:02.197 23098 23169 I MMKV    : <MemoryFile.cpp:97::open> open fd[0x9b], /data/user/0/com.xiaomi.mipicks/files/mmkv/overseas_100009.crc
03-02 11:20:02.198   921   921 I BufferQueueDebug: [Transition Root #10167: Task=37037#134071](this:0xb400007bcecb13a8,id:-1,api:0,p:-1,c:921) onDestructor()
03-02 11:20:02.208 23098 23169 I MMKV    : <MMKV_IO.cpp:81::loadFromFile> loading [overseas_100009] with 0 actual size, file size 4096, InterProcess 1, meta info version:1
03-02 11:20:02.208 23098 23169 I MMKV    : <MMKV_IO.cpp:130::loadFromFile> loaded [overseas_100009] with 0 key-values
03-02 11:20:02.210 23098 23174 D MarketSdk-MarketManager: currVersion: OS2.0.201.0.VNTMIXM
03-02 11:20:02.210 23098 23174 D MarketSdk-MarketManager: targetVersion: V10.0.0.0
03-02 11:20:02.220 23098 23182 I MiPicks-AutoDownloadScheduler: [AutoDownload] scheduleAutoDownloadOnAppStart
03-02 11:20:02.221 23098 23169 D OT-PubSub-Sdk: updateDebugSwitch sEnable: false sDebugMode∩╝Üfalse sDebugProperty∩╝Üfalse
03-02 11:20:02.248  1621  4289 I system_server: IncrementDisableThreadFlip blocked for 39.718ms
03-02 11:20:02.249  1177  1177 I thermal_src: recvmsg_expect 5, but get 2 
03-02 11:20:02.249  1177  1177 V thermal_src: TA_DAEMON_CMD_GET_TPCB:ERROR ret=-1
03-02 11:20:02.249  1177  1177 E thermal_src: get_tpcb_from_kernel:error -1. retry...
03-02 11:20:02.249  1177  1177 I thermal_src: recvmsg_expect 5, but get 2 
03-02 11:20:02.249  1177  1177 V thermal_src: TA_DAEMON_CMD_GET_TPCB:ERROR ret=-1
03-02 11:20:02.250  1177  1177 E thermal_src: get_tpcb_from_kernel:error -1. retry...
03-02 11:20:02.250  1177  1177 I thermal_src: recvmsg_expect 5, but get 2 
03-02 11:20:02.250  1177  1177 V thermal_src: TA_DAEMON_CMD_GET_TPCB:ERROR ret=-1
03-02 11:20:02.250  1177  1177 E thermal_src: get_tpcb_from_kernel:error -1. retry...
03-02 11:20:02.250  1177  1177 I thermal_src: recvmsg_expect 4, but get 5 
03-02 11:20:02.250  1177  1177 V thermal_src: TA_DAEMON_CMD_SET_TTJ:ERROR ret=-1
03-02 11:20:02.250  1177  1177 E thermal_src: set_ttj_to_kernel 1:error -1
03-02 11:20:02.250  1177  1177 I thermal_src: recvmsg_expect 2, but get 5 
