03-02 11:20:03.453  2246  2407 E NetlinkUtils: receiveNetlinkAck, errmsg=NetlinkErrorMessage{ nlmsghdr{StructNlMsgHdr{ nlmsg_len{100}, nlmsg_type{2()}, nlmsg_flags{0()}, nlmsg_seq{1}, nlmsg_pid{-1730436092} }}, nlmsgerr{StructNlMsgErr{ error{-2}, msg{StructNlMsgHdr{ nlmsg_len{80}, nlmsg_type{256()}, nlmsg_flags{261(NLM_F_REQUEST|NLM_F_ACK|NLM_F_ROOT)}, nlmsg_seq{1}, nlmsg_pid{0} }} }} }
03-02 11:20:03.453  2246  2407 W Tethering: [BpfCoordinator] WARN Failed to update conntrack entry (proto: 6, src4: /10.45.118.132, srcPort: 65243, dst4: /104.18.4.104, dstPort: 443), msg: 50000000000105010100000000000000020000003400018014000180080001000A2D768408000200681204681C000280050001000600000006000200FEDB00000600030001BB00000800070000069780, e: android.system.ErrnoException: NetlinkErrorMessage{ nlmsghdr{StructNlMsgHdr{ nlmsg_len{100}, nlmsg_type{2()}, nlmsg_flags{0()}, nlmsg_seq{1}, nlmsg_pid{-1730436092} }}, nlmsgerr{StructNlMsgErr{ error{-2}, msg{StructNlMsgHdr{ nlmsg_len{80}, nlmsg_type{256()}, nlmsg_flags{261(NLM_F_REQUEST|NLM_F_ACK|NLM_F_ROOT)}, nlmsg_seq{1}, nlmsg_pid{0} }} }} } failed: ENOENT (No such file or directory)
03-02 11:20:03.464 17988 17988 D nativeloader: Load /data/app/~~Bh61wenJZi6JNVEuOkVQfQ==/com.softnation.Ojam-nnCVAdHxKfOmup5FCuBDYQ==/base.apk!/lib/arm64-v8a/libreact_codegen_RNCSlider.so using class loader ns clns-7 (caller=/data/app/~~Bh61wenJZi6JNVEuOkVQfQ==/com.softnation.Ojam-nnCVAdHxKfOmup5FCuBDYQ==/base.apk!classes20.dex): ok
03-02 11:20:03.465  2246  2407 E NetlinkUtils: receiveNetlinkAck, errmsg=NetlinkErrorMessage{ nlmsghdr{StructNlMsgHdr{ nlmsg_len{100}, nlmsg_type{2()}, nlmsg_flags{0()}, nlmsg_seq{1}, nlmsg_pid{-1393066303} }}, nlmsgerr{StructNlMsgErr{ error{-2}, msg{StructNlMsgHdr{ nlmsg_len{80}, nlmsg_type{256()}, nlmsg_flags{261(NLM_F_REQUEST|NLM_F_ACK|NLM_F_ROOT)}, nlmsg_seq{1}, nlmsg_pid{0} }} }} }
03-02 11:20:03.466  2246  2407 W Tethering: [BpfCoordinator] WARN Failed to update conntrack entry (proto: 6, src4: /10.45.118.132, srcPort: 65241, dst4: /140.82.113.22, dstPort: 443), msg: 50000000000105010100000000000000020000003400018014000180080001000A2D7684080002008C5271161C000280050001000600000006000200FED900000600030001BB00000800070000069780, e: android.system.ErrnoException: NetlinkErrorMessage{ nlmsghdr{StructNlMsgHdr{ nlmsg_len{100}, nlmsg_type{2()}, nlmsg_flags{0()}, nlmsg_seq{1}, nlmsg_pid{-1393066303} }}, nlmsgerr{StructNlMsgErr{ error{-2}, msg{StructNlMsgHdr{ nlmsg_len{80}, nlmsg_type{256()}, nlmsg_flags{261(NLM_F_REQUEST|NLM_F_ACK|NLM_F_ROOT)}, nlmsg_seq{1}, nlmsg_pid{0} }} }} } failed: ENOENT (No such file or directory)
03-02 11:20:03.468  2246  2407 E NetlinkUtils: receiveNetlinkAck, errmsg=NetlinkErrorMessage{ nlmsghdr{StructNlMsgHdr{ nlmsg_len{100}, nlmsg_type{2()}, nlmsg_flags{0()}, nlmsg_seq{1}, nlmsg_pid{-390879137} }}, nlmsgerr{StructNlMsgErr{ error{-2}, msg{StructNlMsgHdr{ nlmsg_len{80}, nlmsg_type{256()}, nlmsg_flags{261(NLM_F_REQUEST|NLM_F_ACK|NLM_F_ROOT)}, nlmsg_seq{1}, nlmsg_pid{0} }} }} }
03-02 11:20:03.468  2246  2407 W Tethering: [BpfCoordinator] WARN Failed to update conntrack entry (proto: 6, src4: /10.45.118.132, srcPort: 65238, dst4: /140.82.113.22, dstPort: 443), msg: 50000000000105010100000000000000020000003400018014000180080001000A2D7684080002008C5271161C000280050001000600000006000200FED600000600030001BB00000800070000069780, e: android.system.ErrnoException: NetlinkErrorMessage{ nlmsghdr{StructNlMsgHdr{ nlmsg_len{100}, nlmsg_type{2()}, nlmsg_flags{0()}, nlmsg_seq{1}, nlmsg_pid{-390879137} }}, nlmsgerr{StructNlMsgErr{ error{-2}, msg{StructNlMsgHdr{ nlmsg_len{80}, nlmsg_type{256()}, nlmsg_flags{261(NLM_F_REQUEST|NLM_F_ACK|NLM_F_ROOT)}, nlmsg_seq{1}, nlmsg_pid{0} }} }} } failed: ENOENT (No such file or directory)
03-02 11:20:03.481 17988 17988 D nativeloader: Load /data/app/~~Bh61wenJZi6JNVEuOkVQfQ==/com.softnation.Ojam-nnCVAdHxKfOmup5FCuBDYQ==/base.apk!/lib/arm64-v8a/libreact_codegen_rnsvg.so using class loader ns clns-7 (caller=/data/app/~~Bh61wenJZi6JNVEuOkVQfQ==/com.softnation.Ojam-nnCVAdHxKfOmup5FCuBDYQ==/base.apk!classes20.dex): ok
03-02 11:20:03.481 17988 17988 D jni_lib_merge: Entering merged library JNI_OnLoad.
03-02 11:20:03.481 17988 17988 D jni_lib_merge: Preparing 12 pre-merged libs (including stub)
03-02 11:20:03.481 17988 17988 D jni_lib_merge: Preparing to register libfabricjni_so.  onload_func: 0x7894e76ce0
03-02 11:20:03.481 17988 17988 D jni_lib_merge: Preparing to register libreact_devsupportjni_so.  onload_func: 0x7895070fc8
03-02 11:20:03.481 17988 17988 D jni_lib_merge: Preparing to register libreact_featureflagsjni_so.  onload_func: 0x789507f518
03-02 11:20:03.481 17988 17988 D jni_lib_merge: Preparing to register libreact_newarchdefaults_so.  onload_func: 0x78950e76a8
03-02 11:20:03.481 17988 17988 D jni_lib_merge: Preparing to register libreactnativeblob_so.  onload_func: 0x78952d7cb4
03-02 11:20:03.481 17988 17988 D jni_lib_merge: Preparing to register libreactnativejni_so.  onload_func: 0x78953256bc
03-02 11:20:03.481 17988 17988 D jni_lib_merge: Preparing to register libreactnativejni_common_so.  onload_func: 0x7895336044
03-02 11:20:03.481 17988 17988 D jni_lib_merge: Preparing to register librninstance_so.  onload_func: 0x789537d764
03-02 11:20:03.481 17988 17988 D jni_lib_merge: Preparing to register libturbomodulejsijni_so.  onload_func: 0x7895495f68
03-02 11:20:03.481 17988 17988 D jni_lib_merge: Preparing to register libuimanagerjni_so.  onload_func: 0x78954aefb8
03-02 11:20:03.481 17988 17988 D jni_lib_merge: Preparing to register libyoga_so.  onload_func: 0x78954bea3c
03-02 11:20:03.481 17988 17988 D jni_lib_merge: About to register 11 actual methods.
03-02 11:20:03.488  2246  2407 E NetlinkUtils: receiveNetlinkAck, errmsg=NetlinkErrorMessage{ nlmsghdr{StructNlMsgHdr{ nlmsg_len{100}, nlmsg_type{2()}, nlmsg_flags{0()}, nlmsg_seq{1}, nlmsg_pid{-2011395277} }}, nlmsgerr{StructNlMsgErr{ error{-2}, msg{StructNlMsgHdr{ nlmsg_len{80}, nlmsg_type{256()}, nlmsg_flags{261(NLM_F_REQUEST|NLM_F_ACK|NLM_F_ROOT)}, nlmsg_seq{1}, nlmsg_pid{0} }} }} }
03-02 11:20:03.488  2246  2407 W Tethering: [BpfCoordinator] WARN Failed to update conntrack entry (proto: 6, src4: /10.45.118.132, srcPort: 65237, dst4: /140.82.113.22, dstPort: 443), msg: 50000000000105010100000000000000020000003400018014000180080001000A2D7684080002008C5271161C000280050001000600000006000200FED500000600030001BB00000800070000069780, e: android.system.ErrnoException: NetlinkErrorMessage{ nlmsghdr{StructNlMsgHdr{ nlmsg_len{100}, nlmsg_type{2()}, nlmsg_flags{0()}, nlmsg_seq{1}, nlmsg_pid{-2011395277} }}, nlmsgerr{StructNlMsgErr{ error{-2}, msg{StructNlMsgHdr{ nlmsg_len{80}, nlmsg_type{256()}, nlmsg_flags{261(NLM_F_REQUEST|NLM_F_ACK|NLM_F_ROOT)}, nlmsg_seq{1}, nlmsg_pid{0} }} }} } failed: ENOENT (No such file or directory)
03-02 11:20:03.498 17988 17988 D nativeloader: Load /data/app/~~Bh61wenJZi6JNVEuOkVQfQ==/com.softnation.Ojam-nnCVAdHxKfOmup5FCuBDYQ==/base.apk!/lib/arm64-v8a/libreact_codegen_safeareacontext.so using class loader ns clns-7 (caller=/data/app/~~Bh61wenJZi6JNVEuOkVQfQ==/com.softnation.Ojam-nnCVAdHxKfOmup5FCuBDYQ==/base.apk!classes20.dex): ok
03-02 11:20:03.499 23098 23172 E MiPicks-ModuleInterceptor: isOperatorSdkInited operator:default  status:null
03-02 11:20:03.501 23098 23153 E MiPicks-ReflectUtilsForMiui: invoke android.app.DownloadManager.setAccessFilename java.lang.NullPointerException: null receiver
03-02 11:20:03.502 23098 23172 I MiPicks-SystemSettingsManager: extraSettingsSecureGetInt key: com.xiaomi.market.need_update_game_count, value: 0
03-02 11:20:03.502 23098 23172 E MiPicks-PrefUtils: Unknown sharedpreferences file name app_update
03-02 11:20:03.502 23098 23172 I MMKV    : <MemoryFile.cpp:97::open> open fd[0xda], /data/user/0/com.xiaomi.mipicks/files/mmkv/app_update
03-02 11:20:03.503 23098 23172 I MMKV    : <MemoryFile.cpp:97::open> open fd[0xdb], /data/user/0/com.xiaomi.mipicks/files/mmkv/app_update.crc
03-02 11:20:03.503  1621  2655 I ClipboardServiceI: checkProviderWakePathForClipboard: primaryClip is null
03-02 11:20:03.504  2246  2407 E NetlinkUtils: receiveNetlinkAck, errmsg=NetlinkErrorMessage{ nlmsghdr{StructNlMsgHdr{ nlmsg_len{100}, nlmsg_type{2()}, nlmsg_flags{0()}, nlmsg_seq{1}, nlmsg_pid{-1792932208} }}, nlmsgerr{StructNlMsgErr{ error{-2}, msg{StructNlMsgHdr{ nlmsg_len{80}, nlmsg_type{256()}, nlmsg_flags{261(NLM_F_REQUEST|NLM_F_ACK|NLM_F_ROOT)}, nlmsg_seq{1}, nlmsg_pid{0} }} }} }
03-02 11:20:03.504  2246  2407 W Tethering: [BpfCoordinator] WARN Failed to update conntrack entry (proto: 6, src4: /10.45.118.132, srcPort: 65240, dst4: /140.82.113.22, dstPort: 443), msg: 50000000000105010100000000000000020000003400018014000180080001000A2D7684080002008C5271161C000280050001000600000006000200FED800000600030001BB00000800070000069780, e: android.system.ErrnoException: NetlinkErrorMessage{ nlmsghdr{StructNlMsgHdr{ nlmsg_len{100}, nlmsg_type{2()}, nlmsg_flags{0()}, nlmsg_seq{1}, nlmsg_pid{-1792932208} }}, nlmsgerr{StructNlMsgErr{ error{-2}, msg{StructNlMsgHdr{ nlmsg_len{80}, nlmsg_type{256()}, nlmsg_flags{261(NLM_F_REQUEST|NLM_F_ACK|NLM_F_ROOT)}, nlmsg_seq{1}, nlmsg_pid{0} }} }} } failed: ENOENT (No such file or directory)
03-02 11:20:03.505 23098 23153 I ActivityThread: installProviderAuthoritiesLocked allowBlocking downloads
03-02 11:20:03.505  2246  2407 E NetlinkUtils: receiveNetlinkAck, errmsg=NetlinkErrorMessage{ nlmsghdr{StructNlMsgHdr{ nlmsg_len{100}, nlmsg_type{2()}, nlmsg_flags{0()}, nlmsg_seq{1}, nlmsg_pid{-588786920} }}, nlmsgerr{StructNlMsgErr{ error{-2}, msg{StructNlMsgHdr{ nlmsg_len{80}, nlmsg_type{256()}, nlmsg_flags{261(NLM_F_REQUEST|NLM_F_ACK|NLM_F_ROOT)}, nlmsg_seq{1}, nlmsg_pid{0} }} }} }
03-02 11:20:03.505  2246  2407 W Tethering: [BpfCoordinator] WARN Failed to update conntrack entry (proto: 6, src4: /10.45.118.132, srcPort: 65243, dst4: /104.18.4.104, dstPort: 443), msg: 50000000000105010100000000000000020000003400018014000180080001000A2D768408000200681204681C000280050001000600000006000200FEDB00000600030001BB00000800070000069780, e: android.system.ErrnoException: NetlinkErrorMessage{ nlmsghdr{StructNlMsgHdr{ nlmsg_len{100}, nlmsg_type{2()}, nlmsg_flags{0()}, nlmsg_seq{1}, nlmsg_pid{-588786920} }}, nlmsgerr{StructNlMsgErr{ error{-2}, msg{StructNlMsgHdr{ nlmsg_len{80}, nlmsg_type{256()}, nlmsg_flags{261(NLM_F_REQUEST|NLM_F_ACK|NLM_F_ROOT)}, nlmsg_seq{1}, nlmsg_pid{0} }} }} } failed: ENOENT (No such file or directory)
03-02 11:20:03.506 17988 17988 D nativeloader: Load /data/app/~~Bh61wenJZi6JNVEuOkVQfQ==/com.softnation.Ojam-nnCVAdHxKfOmup5FCuBDYQ==/base.apk!/lib/arm64-v8a/libappmodules.so using class loader ns clns-7 (caller=/data/app/~~Bh61wenJZi6JNVEuOkVQfQ==/com.softnation.Ojam-nnCVAdHxKfOmup5FCuBDYQ==/base.apk!classes20.dex): ok
03-02 11:20:03.506 23098 23172 I MMKV    : <MMKV_IO.cpp:81::loadFromFile> loading [app_update] with 59641 actual size, file size 65536, InterProcess 1, meta info version:3
03-02 11:20:03.506 23098 23172 I MMKV    : <MMKV_IO.cpp:86::loadFromFile> loading [app_update] with crc 2508323569 sequence 3 version 3
03-02 11:20:03.507 23098 23172 I MMKV    : <MMKV_IO.cpp:130::loadFromFile> loaded [app_update] with 5 key-values
03-02 11:20:03.507 23098 23172 I MiPicks-PkgUtils: getSignature: using flags,134217728
03-02 11:20:03.510 23098 23172 I MiPicks-PkgUtils: getSignature: using flags,134217728
03-02 11:20:03.512 23098 23172 I MiPicks-PkgUtils: getSignature: using flags,134217728
03-02 11:20:03.513  2363  2477 D MiuiFreeformModeCornerTipHandler: task#37037 onTaskVanished
03-02 11:20:03.513  2363  2477 I MiuiBubbleController: removeBubble: 37037 reason=2
03-02 11:20:03.513  2363  2477 I MultiTaskingTaskRepository: onTaskInfoChanged multi list = [5, 4], full = [37037, 37027, 37019, 36980]
03-02 11:20:03.514  1621  2740 I PowerHalWrapper: amsBoostNotify pid:17988,activity:com.softnation.Ojam.MainActivity, package:com.softnation.Ojam, mProcessCreatePackcom.softnation.Ojam 
03-02 11:20:03.514  1621  2740 I PowerHalWrapper: state: 1 
03-02 11:20:03.514 23098 23172 I MiPicks-PkgUtils: getSignature: using flags,134217728
03-02 11:20:03.515  1621  2740 I ScnModule: [GameDetection] packname: com.softnation.Ojam, apkSize: 113045479. 
03-02 11:20:03.516  1621  2740 I mtkpower_client: [PowerHal_Wrap_notifyAppState] com.softnation.Ojam/com.softnation.Ojam.MainActivity pid=17988 activityId:261255788 state:1
03-02 11:20:03.516  2246  2407 E NetlinkUtils: receiveNetlinkAck, errmsg=NetlinkErrorMessage{ nlmsghdr{StructNlMsgHdr{ nlmsg_len{100}, nlmsg_type{2()}, nlmsg_flags{0()}, nlmsg_seq{1}, nlmsg_pid{-238984006} }}, nlmsgerr{StructNlMsgErr{ error{-2}, msg{StructNlMsgHdr{ nlmsg_len{80}, nlmsg_type{256()}, nlmsg_flags{261(NLM_F_REQUEST|NLM_F_ACK|NLM_F_ROOT)}, nlmsg_seq{1}, nlmsg_pid{0} }} }} }
03-02 11:20:03.516   861   861 I vendor.mediatek.hardware.mtkpower_applist-service.mediatek: packName: com.softnation.Ojam actName: com.softnation.Ojam.MainActivity pid: 17988 activityId: 261255788 uid: 10337 state: 1
03-02 11:20:03.516   861   861 I MTK_APPList: [notifyAPPstate] com.softnation.Ojam/com.softnation.Ojam.MainActivity, pid=17988, activityId=261255788, uid=10337, state:RESUMED, fps:-1, win:0
03-02 11:20:03.516   861   861 I MTK_APPList: [notifyAPPstate] multi_resumed_app_count: 2
03-02 11:20:03.516   861   861 I MTK_APPList: [notifyAPPstate] multi_resumed_app_info[0] com.android.systemui/com.android.systemui._190038181, pid:2363, activityId:-1, fps:-1, isMultiWindow:0
03-02 11:20:03.516   861   861 I MTK_APPList: [notifyAPPstate] multi_resumed_app_info[1] com.softnation.Ojam/com.softnation.Ojam.MainActivity, pid:17988, activityId:261255788, fps:-1, isMultiWindow:0
03-02 11:20:03.516  2246  2407 W Tethering: [BpfCoordinator] WARN Failed to update conntrack entry (proto: 6, src4: /10.45.118.132, srcPort: 65238, dst4: /140.82.113.22, dstPort: 443), msg: 50000000000105010100000000000000020000003400018014000180080001000A2D7684080002008C5271161C000280050001000600000006000200FED600000600030001BB00000800070000069780, e: android.system.ErrnoException: NetlinkErrorMessage{ nlmsghdr{StructNlMsgHdr{ nlmsg_len{100}, nlmsg_type{2()}, nlmsg_flags{0()}, nlmsg_seq{1}, nlmsg_pid{-238984006} }}, nlmsgerr{StructNlMsgErr{ error{-2}, msg{StructNlMsgHdr{ nlmsg_len{80}, nlmsg_type{256()}, nlmsg_flags{261(NLM_F_REQUEST|NLM_F_ACK|NLM_F_ROOT)}, nlmsg_seq{1}, nlmsg_pid{0} }} }} } failed: ENOENT (No such file or directory)
03-02 11:20:03.516   861   861 I MTK_APPList: [getForegroundAPPCount] 2
03-02 11:20:03.516   861   861 I MTK_APPList: [notifyAPPstate] foreground:com.softnation.Ojam, pid:17988, activityId:261255788, uid:10337
03-02 11:20:03.516   861   861 I MTK_APPList: [notifyNetdUID] 10337
03-02 11:20:03.516 23098 23172 I MiPicks-PkgUtils: getSignature: using flags,134217728
03-02 11:20:03.517  1621  2740 I PowerHalWrapper: amsBoostNotify AMS_BOOST_PROCESS_CREATE_BOOST:true 
03-02 11:20:03.518   861   861 I MTK_APPList: [notifyPID] 17988
03-02 11:20:03.518  1621  1621 D MBrainLocalService: isVendorFreezeConditionPass is false
03-02 11:20:03.518  1621  1621 E MBrainLocalService: notifyAppSwitch failed
03-02 11:20:03.519 23098 23172 I MiPicks-PkgUtils: getSignature: using flags,134217728
03-02 11:20:03.519  1621  1650 D ActivityManager: mediaResourceManagerBinder get success
03-02 11:20:03.520   863   958 I libPowerHal: [perfSetSysInfo] pid type:24, 17988
03-02 11:20:03.520   861   861 I MTK_APPList: [notifyAPPstate] pc:0, com.google.android.googlequicksearchbox => com.softnation.Ojam
03-02 11:20:03.521 23098 23172 I MiPicks-PkgUtils: getSignature: using flags,134217728
03-02 11:20:03.521  1124  1124 D ResourceManagerServiceNew: update package name: com.softnation.Ojam
03-02 11:20:03.523  1124  1124 D ResourceManagerServiceNew: packageName: com.softnation.Ojam, uid : 10337, hashCode : 72506939
03-02 11:20:03.523  1124  1124 D ResourceManagerServiceNew: ResourceManagerService::setCodecsVppModeWithLock
03-02 11:20:03.523  6515  9989 D PerfEngineController: ForegroundInfo{mForegroundPackageName='com.softnation.Ojam', mForegroundUid=10337, mForegroundPid=17988, mLastForegroundPackageName='com.google.android.googlequicksearchbox', mLastForegroundUid=10165, mLastForegroundPid=13966, mMultiWindowForegroundPackageName='com.softnation.Ojam', mMultiWindowForegroundUid=10337, mFlags=1}
03-02 11:20:03.523  1124  1124 D ResourceManagerServiceNew: all codecs setVppMode return fail
03-02 11:20:03.524 23098 23172 I MiPicks-PkgUtils: getSignature: using flags,134217728
03-02 11:20:03.524  6027 26949 D v1      : myUserId = 0	currentUserId0
03-02 11:20:03.525  6027 20777 I ProcessMonitor: onForegroundInfoChanged: ForegroundInfo{mForegroundPackageName='com.softnation.Ojam', mForegroundUid=10337, mForegroundPid=17988, mLastForegroundPackageName='com.google.android.googlequicksearchbox', mLastForegroundUid=10165, mLastForegroundPid=13966, mMultiWindowForegroundPackageName='com.softnation.Ojam', mMultiWindowForegroundUid=10337, mFlags=1}
03-02 11:20:03.525  1621  1907 D MiuiMultiWindowUtils: DeviceLevel.IS_MIUI_LITE_VERSION 2.0 not support miui multiWindowtides
03-02 11:20:03.525  6027 20777 I VideoBoxUtils: isSupportVideoBox: false
03-02 11:20:03.525  6027 20777 I VideoToolBoxService: vtb is closed!!!
03-02 11:20:03.525  1621  1907 D BluetoothAdapter: getActiveDevices(profile= A2DP)
03-02 11:20:03.526  1621  1745 W AlarmManager: Unrecognized alarm listener com.android.server.usage.AppTimeLimitController$SessionUsageGroup@f45889f
03-02 11:20:03.526 23098 23172 I MiPicks-PkgUtils: getSignature: using flags,134217728
03-02 11:20:03.529 23098 23172 I MiPicks-PkgUtils: getSignature: using flags,134217728
03-02 11:20:03.531 23098 23172 I MiPicks-PkgUtils: getSignature: using flags,134217728
03-02 11:20:03.531  2246  2407 E NetlinkUtils: receiveNetlinkAck, errmsg=NetlinkErrorMessage{ nlmsghdr{StructNlMsgHdr{ nlmsg_len{100}, nlmsg_type{2()}, nlmsg_flags{0()}, nlmsg_seq{1}, nlmsg_pid{-33714427} }}, nlmsgerr{StructNlMsgErr{ error{-2}, msg{StructNlMsgHdr{ nlmsg_len{80}, nlmsg_type{256()}, nlmsg_flags{261(NLM_F_REQUEST|NLM_F_ACK|NLM_F_ROOT)}, nlmsg_seq{1}, nlmsg_pid{0} }} }} }
03-02 11:20:03.531  2246  2407 W Tethering: [BpfCoordinator] WARN Failed to update conntrack entry (proto: 6, src4: /10.45.118.132, srcPort: 65237, dst4: /140.82.113.22, dstPort: 443), msg: 50000000000105010100000000000000020000003400018014000180080001000A2D7684080002008C5271161C000280050001000600000006000200FED500000600030001BB00000800070000069780, e: android.system.ErrnoException: NetlinkErrorMessage{ nlmsghdr{StructNlMsgHdr{ nlmsg_len{100}, nlmsg_type{2()}, nlmsg_flags{0()}, nlmsg_seq{1}, nlmsg_pid{-33714427} }}, nlmsgerr{StructNlMsgErr{ error{-2}, msg{StructNlMsgHdr{ nlmsg_len{80}, nlmsg_type{256()}, nlmsg_flags{261(NLM_F_REQUEST|NLM_F_ACK|NLM_F_ROOT)}, nlmsg_seq{1}, nlmsg_pid{0} }} }} } failed: ENOENT (No such file or directory)
03-02 11:20:03.532 17988 17988 W Looper  : PerfMonitor longMsg : seq=3 plan=11:20:01.694 late=1ms wall=1824ms h=android.app.ActivityThread$H w=110 procState=-1
03-02 11:20:03.533 23098 23153 I MiPicks-IManager: MCC+MNC: 62120
03-02 11:20:03.533 17988 17988 W libc    : Access denied finding property "ro.vendor.perf.scroll_opt"
03-02 11:20:03.533 23098 23172 I MiPicks-PkgUtils: getSignature: using flags,134217728
03-02 11:20:03.535  1621  1907 D BluetoothAdapter: getActiveDevices(profile= HEADSET)
03-02 11:20:03.534 23098 23153 W FirebaseRemoteConfig: No value of type 'FirebaseRemoteConfigValue' exists for parameter key 'maxDownTaskNum'.
03-02 11:20:03.535 23098 23172 I MiPicks-PkgUtils: getSignature: using flags,134217728
03-02 11:20:03.535 23098 23153 W FirebaseRemoteConfig: No value of type 'FirebaseRemoteConfigValue' exists for parameter key 'parallelDownNum'.
03-02 11:20:03.536 23098 23153 W FirebaseRemoteConfig: No value of type 'FirebaseRemoteConfigValue' exists for parameter key 'taskThreadNum'.
03-02 11:20:03.537  1621  1907 D BluetoothAdapter: getActiveDevices(profile= LE_AUDIO)
03-02 11:20:03.537 13966  4780 I cn_CronetUrlRequestContext: destroyNativeStreamLocked android.net.connectivity.org.chromium.net.impl.CronetBidirectionalStream@a1bef46
03-02 11:20:03.538 23098 23172 I MiPicks-PkgUtils: getSignature: using flags,134217728
03-02 11:20:03.539 18562 13630 E BluetoothAdapterService: getActiveDevices: LeAudioService is null
03-02 11:20:03.540  1621  1907 D AudioSystem: +setParameters(): foregroundUid=10337;bluetoothlowlatencystatus=false 
03-02 11:20:03.540  1621  1907 D AudioSystem: start get log level!
03-02 11:20:03.540 23098 23172 I MiPicks-PkgUtils: getSignature: using flags,134217728
03-02 11:20:03.542   843  1378 D AudioALSAHardware: +setParameters(): bluetoothlowlatencystatus=false;foregroundUid=10337
03-02 11:20:03.542   843  1378 D AudioALSAHardware: -setParameters(): bluetoothlowlatencystatus=false;foregroundUid=10337
03-02 11:20:03.542 23098 23172 I MiPicks-PkgUtils: getSignature: using flags,134217728
03-02 11:20:03.542   843  1378 E AHAL_Module: setVendorParameters: default: unrecognized parameter "bluetoothlowlatencystatus=false;foregroundUid=10337"
03-02 11:20:03.542   894  2683 E ConversionHelperAidl: Function: parseAndSetVendorParameters Line: 97 Failed 
03-02 11:20:03.544 23098 23172 I MiPicks-PkgUtils: getSignature: using flags,134217728
03-02 11:20:03.545   843 14567 D AHAL_ModuleBluetooth: setVendorParameters: parameter count 1, async: 0
03-02 11:20:03.545   843 14567 D AHAL_ModuleBluetooth: setVendorParameters: bluetoothlowlatencystatus=false;foregroundUid=10337
03-02 11:20:03.546 23098 23172 I MiPicks-PkgUtils: getSignature: using flags,134217728
03-02 11:20:03.547 17988 17988 D nativeloader: Load libpowerhalwrap_jni.so using system ns (caller=/system_ext/framework/mediatek-framework.jar): ok
03-02 11:20:03.548 17988 17988 I PowerHalWrapper: PowerHalWrapper.getInstance 
03-02 11:20:03.548 23098 23172 I MiPicks-PkgUtils: getSignature: using flags,134217728
03-02 11:20:03.548 17988 17988 I M-ProMotion: M-ProMotion is disabled
03-02 11:20:03.551 23098 23172 I MiPicks-PkgUtils: getSignature: using flags,134217728
03-02 11:20:03.553 23098 23172 I MiPicks-PkgUtils: getSignature: using flags,134217728
03-02 11:20:03.554 23098 23153 W FirebaseRemoteConfig: No value of type 'FirebaseRemoteConfigValue' exists for parameter key 'minRefragmentSize'.
03-02 11:20:03.555 23098 23172 I MiPicks-PkgUtils: getSignature: using flags,134217728
03-02 11:20:03.555 18562 13630 D BluetoothLatencyMode: ForegroundInfo{mForegroundPackageName='com.softnation.Ojam', mForegroundUid=10337, mForegroundPid=17988, mLastForegroundPackageName='com.google.android.googlequicksearchbox', mLastForegroundUid=10165, mLastForegroundPid=13966, mMultiWindowForegroundPackageName='com.softnation.Ojam', mMultiWindowForegroundUid=10337, mFlags=1}
03-02 11:20:03.555 18562 13630 W LeAudioService: getLeAudioService(): service is NULL
03-02 11:20:03.555 18562 13630 D BluetoothLatencyMode: isWiredAudioHeadset.type: 1
03-02 11:20:03.555 18562 13630 D BluetoothLatencyMode: isWiredAudioHeadset.type: 2
03-02 11:20:03.555 18562 13630 D BluetoothLatencyMode: isWiredAudioHeadset.type: 18
03-02 11:20:03.555 18562 13630 D BluetoothLatencyMode: isWiredAudioHeadset.type: 14
03-02 11:20:03.556 13966 14007 I amto    : (REDACTED) Network status %s
03-02 11:20:03.557 23098 23153 W FirebaseRemoteConfig: No value of type 'FirebaseRemoteConfigValue' exists for parameter key 'taskFragmentNum'.
03-02 11:20:03.557  6515  6997 D MilletUtils: setUidState, uid = 10337 allow = true
03-02 11:20:03.557 23098 23153 I MiPicks-ProgressManager: [Download/Install] init progress of com.qycrazypuzzledom.game,main,standalone with superTask=SuperTask(uri=https://h3.market.xiaomi.com/appstorev/0d6bc5486ea0d42b19f78a501e3af80804a39f534, localFileUri=/storage/emulated/0/Android/data/com.xiaomi.mipicks/files/apk/com.qycrazypuzzledom.game/NoWiFi - Relaxing Arcade Games_1.0.4.MI_5_com.qycrazypuzzledom.game_main_standalone.apk.zstd, allowedOverMetered=true, mimeType=application/vnd.android.package-archive, totalBytes=77340830, currentBytes=718478, notificationVisibility=true, fileIconUri=null, title=NoWiFi - Relaxing Arcade Games, description=null, packageName=com.qycrazypuzzledom.game, status=paused, reason=1006, reasonMsg=null, pausedByUser=true, deletedByUser=false, validFile=true, validSpace=true, invalidFileRefreshed=false, invalidSpaceRefreshed=false, visibleInDownloadsUi=true, lastModifyTimeStamp=1737320848715, multiSourceHosts=[], priority=100, originRangeSupport=SUPPORT, threadCount=3, fragmentCount=3, cachedFragmentList=[], lastNetworkType=-1, networkChange=UNKNOWN, notifyLastProgress=0, notifyId=0, pendingIntent=null, wakeLock=null, wifiLock=null, lastCheckTime=0, lastUpdateTime=0, exceptionRefreshed=false, fragmentFailCount=0, rangeSupportChange=UNCHANGED)
03-02 11:20:03.558 23098 23172 I MiPicks-PkgUtils: getSignature: using flags,134217728
03-02 11:20:03.558 23098 23153 I MiPicks-DownloadInstallManager: [Download/Install] reload app com.qycrazypuzzledom.game/0 with state=-3
03-02 11:20:03.558  1621  4230 D MiSensorServiceImpl: PowerKeeperSensor resume iUid:10337 but app has not in Controlled
03-02 11:20:03.560  2246  2407 E NetlinkUtils: receiveNetlinkAck, errmsg=NetlinkErrorMessage{ nlmsghdr{StructNlMsgHdr{ nlmsg_len{100}, nlmsg_type{2()}, nlmsg_flags{0()}, nlmsg_seq{1}, nlmsg_pid{-1214484310} }}, nlmsgerr{StructNlMsgErr{ error{-2}, msg{StructNlMsgHdr{ nlmsg_len{80}, nlmsg_type{256()}, nlmsg_flags{261(NLM_F_REQUEST|NLM_F_ACK|NLM_F_ROOT)}, nlmsg_seq{1}, nlmsg_pid{0} }} }} }
03-02 11:20:03.561  2246  2407 W Tethering: [BpfCoordinator] WARN Failed to update conntrack entry (proto: 6, src4: /10.45.118.132, srcPort: 65240, dst4: /140.82.113.22, dstPort: 443), msg: 50000000000105010100000000000000020000003400018014000180080001000A2D7684080002008C5271161C000280050001000600000006000200FED800000600030001BB00000800070000069780, e: android.system.ErrnoException: NetlinkErrorMessage{ nlmsghdr{StructNlMsgHdr{ nlmsg_len{100}, nlmsg_type{2()}, nlmsg_flags{0()}, nlmsg_seq{1}, nlmsg_pid{-1214484310} }}, nlmsgerr{StructNlMsgErr{ error{-2}, msg{StructNlMsgHdr{ nlmsg_len{80}, nlmsg_type{256()}, nlmsg_flags{261(NLM_F_REQUEST|NLM_F_ACK|NLM_F_ROOT)}, nlmsg_seq{1}, nlmsg_pid{0} }} }} } failed: ENOENT (No such file or directory)
03-02 11:20:03.561 23098 23172 I MiPicks-PkgUtils: getSignature: using flags,134217728
03-02 11:20:03.563 23098 23153 W FirebaseRemoteConfig: No value of type 'FirebaseRemoteConfigValue' exists for parameter key 'enableDownloadPriority'.
03-02 11:20:03.564 17988 17988 D FramePredict: FramePredict init: true
03-02 11:20:03.561  1055  1186 D connsyslogger: SD_LOG_ROOT is /data/debuglogger/connsyslog/fw.
03-02 11:20:03.565 17988 17988 D UserSceneDetector: invoke error.
03-02 11:20:03.565   921  1166 D MI-SF   : updateScene: module = 258 (TpIdle), value = 0, pkg = com.softnation.Ojam
03-02 11:20:03.565  1055  1186 D connsyslogger: systemReady:1
03-02 11:20:03.565   921  1166 D MI-SF   : updateScene mSetTpIdleFlag 0
03-02 11:20:03.565 23098 23153 I MiPicks-IManager: MCC+MNC: 62120
03-02 11:20:03.566 23098 23172 I MiPicks-PkgUtils: getSignature: using flags,134217728
03-02 11:20:03.566 23098 23153 I MiPicks-TaskManager: handleNetworkChanged: true
03-02 11:20:03.567 23098 23153 I MiPicks-IManager: MCC+MNC: 62120
03-02 11:20:03.568 17988 17988 W Looper  : PerfMonitor doFrame : time=4ms vsyncFrame=19847873 latency=423ms procState=-1 historyMsgCount=3 (msgIndex=1 wall=1824ms seq=3 late=1ms h=android.app.ActivityThread$H w=110)
03-02 11:20:03.568 23098 23172 I MiPicks-PkgUtils: getSignature: using flags,134217728
03-02 11:20:03.571 23098 23172 I MiPicks-PkgUtils: getSignature: using flags,134217728
03-02 11:20:03.573 23098 23172 I MiPicks-PkgUtils: getSignature: using flags,134217728
03-02 11:20:03.574 17988 17988 I ActivityThread: HardwareRenderer preload  done
03-02 11:20:03.575 23098 23172 I MiPicks-PkgUtils: getSignature: using flags,134217728
03-02 11:20:03.576 23098 23264 W FirebaseRemoteConfig: No value of type 'FirebaseRemoteConfigValue' exists for parameter key 'taskFragmentNum'.
03-02 11:20:03.576 23098 23264 I MiPicks-ProgressManager: [Download/Install] update progress status of com.qycrazypuzzledom.game from STATUS_NONE -> STATUS_PAUSED
03-02 11:20:03.577 17988 23271 D vulkan  : searching for layers in '/data/app/~~Bh61wenJZi6JNVEuOkVQfQ==/com.softnation.Ojam-nnCVAdHxKfOmup5FCuBDYQ==/lib/arm64'
03-02 11:20:03.578 23098 23264 I MiPicks-ProgressManager: [Download/Install] auto resume selfEngine paused task
03-02 11:20:03.579 17988 23271 D vulkan  : searching for layers in '/data/app/~~Bh61wenJZi6JNVEuOkVQfQ==/com.softnation.Ojam-nnCVAdHxKfOmup5FCuBDYQ==/base.apk!/lib/arm64-v8a'
03-02 11:20:03.579 23098 23172 I MiPicks-PkgUtils: getSignature: using flags,134217728
03-02 11:20:03.580  2246  2407 E NetlinkUtils: receiveNetlinkAck, errmsg=NetlinkErrorMessage{ nlmsghdr{StructNlMsgHdr{ nlmsg_len{100}, nlmsg_type{2()}, nlmsg_flags{0()}, nlmsg_seq{1}, nlmsg_pid{-379435282} }}, nlmsgerr{StructNlMsgErr{ error{-2}, msg{StructNlMsgHdr{ nlmsg_len{80}, nlmsg_type{256()}, nlmsg_flags{261(NLM_F_REQUEST|NLM_F_ACK|NLM_F_ROOT)}, nlmsg_seq{1}, nlmsg_pid{0} }} }} }
03-02 11:20:03.580  2246  2407 W Tethering: [BpfCoordinator] WARN Failed to update conntrack entry (proto: 6, src4: /10.45.118.132, srcPort: 65241, dst4: /140.82.113.22, dstPort: 443), msg: 50000000000105010100000000000000020000003400018014000180080001000A2D7684080002008C5271161C000280050001000600000006000200FED900000600030001BB00000800070000069780, e: android.system.ErrnoException: NetlinkErrorMessage{ nlmsghdr{StructNlMsgHdr{ nlmsg_len{100}, nlmsg_type{2()}, nlmsg_flags{0()}, nlmsg_seq{1}, nlmsg_pid{-379435282} }}, nlmsgerr{StructNlMsgErr{ error{-2}, msg{StructNlMsgHdr{ nlmsg_len{80}, nlmsg_type{256()}, nlmsg_flags{261(NLM_F_REQUEST|NLM_F_ACK|NLM_F_ROOT)}, nlmsg_seq{1}, nlmsg_pid{0} }} }} } failed: ENOENT (No such file or directory)
03-02 11:20:03.582 23098 23172 I MiPicks-PkgUtils: getSignature: using flags,134217728
03-02 11:20:03.583 17988 23271 D vulkan  : searching for layers in '/data/app/~~Bh61wenJZi6JNVEuOkVQfQ==/com.softnation.Ojam-nnCVAdHxKfOmup5FCuBDYQ==/lib/arm64'
03-02 11:20:03.584 23098 23172 I MiPicks-PkgUtils: getSignature: using flags,134217728
03-02 11:20:03.584 17988 23271 D vulkan  : searching for layers in '/data/app/~~Bh61wenJZi6JNVEuOkVQfQ==/com.softnation.Ojam-nnCVAdHxKfOmup5FCuBDYQ==/base.apk!/lib/arm64-v8a'
03-02 11:20:03.586 23098 23172 E MiPicks-ModuleInterceptor: isOperatorSdkInited operator:default  status:null
03-02 11:20:03.589 13966  4780 I cn_CronetUrlRequestContext: destroyNativeStreamLocked android.net.connectivity.org.chromium.net.impl.CronetBidirectionalStream@d8d5634
03-02 11:20:03.592 23098 23172 I MiPicks-UpdateAppList: update app list do not change, don't notify: pkg (32) = com.truecaller,com.milink.service,com.xiaomi.account,video.player.videoplayer,com.android.updater,com.miui.securityadd,com.miui.gallery,com.miui.securitycenter,com.miui.thirdappassistant,com.miui.guardprovider,com.reddit.frontpage,com.xiaomi.simactivate.service,com.miui.cleaner,com.audiomack,com.upwork.android.apps.main,com.miui.bugreport,com.instagram.barcelona,com.twitter.android,com.xiaomi.mipicks,com.mi.global.bbs,com.transsion.phoenix,com.miui.notes,com.community.oneroom,com.MadOut.BIG,com.facebook.stella,com.linkedin.android,cn.xender,com.miui.mediaeditor,com.android.deskclock,com.android.thememanager,homeworkout.homeworkouts.noequipment,com.miui.home
03-02 11:20:03.596 13966  4112 I amto    : (REDACTED) Network status %s
03-02 11:20:03.597  6027  6027 D AppUpdateReceiver: receive broadcast
03-02 11:20:03.599 17988 23271 D MMUD    : mtk_memory_debug_init com.softnation.Ojam 0xb400007c0895a5d0
03-02 11:20:03.633 13966  4112 I apaf    : (REDACTED) #TRIGGER_TYPE type is: %s
03-02 11:20:03.634 13966  4112 I apaf    : (REDACTED) #TRIGGER_TYPE islockscreen is: %s
03-02 11:20:03.640 13966  4112 W aign    : #bnb# Bonobo client flag is not enabled
03-02 11:20:03.640 13966  4112 W aign    : #bnb# Permission status: Not eligible for Bonobo
03-02 11:20:03.642 13966  4112 I allc    : ClockLookupExecutor is not enabled.
03-02 11:20:03.647  1621  2197 I BroadcastQueue: BOOT_COMPLETED_BROADCAST_COMPLETION_LATENCY_REPORTED action:android.intent.action.BOOT_COMPLETED dispatchLatency:1 completeLatency:1970 dispatchRealLatency:1 completeRealLatency:1970 receiversSize:1 userId:0 userType:android.os.usertype.full.SYSTEM
03-02 11:20:03.647 13966  4112 I afwc    : (REDACTED) FCF System FeatureName to check: %s
03-02 11:20:03.648 13966  4112 I afwc    : (REDACTED) FCF: Device model check status : %s
03-02 11:20:03.649 13966 14142 I alwd    : (REDACTED) getRequiredCapabilities: Providing screen context, uiSource=%s
03-02 11:20:03.651  1621  1640 D AudioSystem: +setParameters(): gamebooster=false 
03-02 11:20:03.651  1621  1640 D AudioSystem: start get log level!
03-02 11:20:03.652   843 14567 D AudioALSAHardware: +setParameters(): gamebooster=false
03-02 11:20:03.652 13966 14142 I djzh    : (REDACTED) isAppDefaultAssistant setting: %s
03-02 11:20:03.652   843 14567 D AudioALSAHardware: -setParameters(): gamebooster=false
03-02 11:20:03.652   843 14567 E AHAL_Module: setVendorParameters: default: unrecognized parameter "gamebooster=false"
03-02 11:20:03.652 13966 14142 I djzh    : (REDACTED) isAppDefaultAssistant defaultComponentName: %s
03-02 11:20:03.652  8942 23105 E FA-SVC  : Too many unique user properties are set. Ignoring user property: is_miui_go, false
03-02 11:20:03.653   894  2683 E ConversionHelperAidl: Function: parseAndSetVendorParameters Line: 97 Failed 
03-02 11:20:03.654   843 14567 D AHAL_ModuleBluetooth: setVendorParameters: parameter count 1, async: 0
03-02 11:20:03.655   843 14567 D AHAL_ModuleBluetooth: setVendorParameters: gamebooster=false
03-02 11:20:03.659 27809 27809 D WearableService: Creating wearable service asynchronously.
03-02 11:20:03.659 13966 14142 I djzh    : (REDACTED) isAppDefaultAssistant setting: %s
03-02 11:20:03.659 13966 14142 I djzh    : (REDACTED) isAppDefaultAssistant defaultComponentName: %s
03-02 11:20:03.661 13966 14142 I djzh    : (REDACTED) isAppDefaultAssistant setting: %s
03-02 11:20:03.661 13966 14142 I djzh    : (REDACTED) isAppDefaultAssistant defaultComponentName: %s
03-02 11:20:03.663 13966 14142 I alhs    : CreateCalendarEventExecutor is not enabled.
03-02 11:20:03.663 13966 14142 I alil    : DeleteNoteExecutor is not enabled.
03-02 11:20:03.663 13966 14142 I aljv    : UpdateNoteExecutor is not enabled.
03-02 11:20:03.663 13966 14142 I aljv    : UpdateNoteExecutor is not enabled.
03-02 11:20:03.664 23098 23098 I MiPicks-PrivacyUtils: Privacy upload success!
03-02 11:20:03.664 27809 28402 D WearableService: onGetService: waiting for onCreate to be completed.
03-02 11:20:03.665 13966 14009 I djzh    : (REDACTED) isAppDefaultAssistant setting: %s
03-02 11:20:03.665 13966 14009 I djzh    : (REDACTED) isAppDefaultAssistant defaultComponentName: %s
03-02 11:20:03.667 13966 14009 I afze    : (REDACTED) #FCF: Managed profile check status : %s
03-02 11:20:03.667 17988 17988 D AppCompatDelegate: Checking for metadata for AppLocalesMetadataHolderService : Service not found
03-02 11:20:03.667  1621  2197 I ClipboardServiceI: checkProviderWakePathForClipboard: primaryClip is null
03-02 11:20:03.675 27809 27809 D BoundBrokerSvc: onRebind: Intent { act=com.google.android.gms.common.telemetry.service.START dat=chimera-action:/... cmp=com.google.android.gms/.chimera.PersistentApiService }
03-02 11:20:03.684  1999  2756 D TaskStackChangeListeners: onTaskDescriptionChanged =  taskId = 37037
03-02 11:20:03.688  8942 23105 E FA-SVC  : Too many unique user properties are set. Ignoring user property: channel_sdk_state, 0
03-02 11:20:03.690  1999  2756 D TaskStackChangeListeners: onTaskDescriptionChanged =  taskId = 37037
03-02 11:20:03.698  1621  1918 E HyperSentinel: -------------------------------------------------------
03-02 11:20:03.698  1621  1918 E HyperSentinel: Event_ThreadAmount
03-02 11:20:03.698  1621  1918 E HyperSentinel: -> audit event by proc 17988 "usap64": running threads amount, 12 -> 23
03-02 11:20:03.701 17988 23275 D MMUD    : get_leak_baseline 3246391296
03-02 11:20:03.706 27809 28168 I Wear_Controller: Wearable module requires a companion app to be installed.
03-02 11:20:03.706 27809 28168 I WearableService: onCreate: Wearable Services not starting. Wear is not available on this device.
03-02 11:20:03.707 27809 28402 W WearableService: onGetService: Wear is not available on this device.
03-02 11:20:03.709 13966 14000 W GoogleApiManager: Not showing notification since connectionResult is not user-facing: ConnectionResult{statusCode=API_UNAVAILABLE, resolution=null, message=null, clientMethodKey=null}
03-02 11:20:03.710 13966 13966 W aoix    : (REDACTED) DataItem[%s] failed to save
03-02 11:20:03.710 13966 13966 W aoix    : cdrq: 17: API: Wearable.API is not available on this device. Connection failed with: ConnectionResult{statusCode=API_UNAVAILABLE, resolution=null, message=null, clientMethodKey=null}
03-02 11:20:03.710 13966 13966 W aoix    : 	at cdyt.r(PG:15)
03-02 11:20:03.710 13966 13966 W aoix    : 	at cdyo.a(PG:33)
03-02 11:20:03.710 13966 13966 W aoix    : 	at com.google.android.gms.common.api.internal.BasePendingResult.s(PG:72)
03-02 11:20:03.710 13966 13966 W aoix    : 	at com.google.android.gms.common.api.internal.BasePendingResult.o(PG:29)
03-02 11:20:03.710 13966 13966 W aoix    : 	at cdta.k(PG:16)
03-02 11:20:03.710 13966 13966 W aoix    : 	at cdsr.e(PG:3)
03-02 11:20:03.710 13966 13966 W aoix    : 	at cdut.s(PG:48)
03-02 11:20:03.710 13966 13966 W aoix    : 	at cdut.g(PG:10)
03-02 11:20:03.710 13966 13966 W aoix    : 	at cdut.j(PG:158)
03-02 11:20:03.710 13966 13966 W aoix    : 	at cdut.b(PG:2)
03-02 11:20:03.710 13966 13966 W aoix    : 	at cdxs.c(PG:3)
03-02 11:20:03.710 13966 13966 W aoix    : 	at cdxe.a(PG:7)
03-02 11:20:03.710 13966 13966 W aoix    : 	at cdww.c(PG:67)
03-02 11:20:03.710 13966 13966 W aoix    : 	at cdwz.handleMessage(PG:272)
03-02 11:20:03.710 13966 13966 W aoix    : 	at android.os.Handler.dispatchMessage(Handler.java:107)
03-02 11:20:03.710 13966 13966 W aoix    : 	at cetl.b(PG:1)
03-02 11:20:03.710 13966 13966 W aoix    : 	at cetl.dispatchMessage(PG:1)
03-02 11:20:03.710 13966 13966 W aoix    : 	at android.os.Looper.loopOnce(Looper.java:249)
03-02 11:20:03.710 13966 13966 W aoix    : 	at android.os.Looper.loop(Looper.java:337)
03-02 11:20:03.710 13966 13966 W aoix    : 	at android.os.HandlerThread.run(HandlerThread.java:85)
03-02 11:20:03.710 13966 13966 W aoix    : (REDACTED) DataItem[%s] failed to save
03-02 11:20:03.710 13966 13966 W aoix    : cdrq: 17: API: Wearable.API is not available on this device. Connection failed with: ConnectionResult{statusCode=API_UNAVAILABLE, resolution=null, message=null, clientMethodKey=null}
03-02 11:20:03.710 13966 13966 W aoix    : 	at cdyt.r(PG:15)
03-02 11:20:03.710 13966 13966 W aoix    : 	at cdyo.a(PG:33)
03-02 11:20:03.710 13966 13966 W aoix    : 	at com.google.android.gms.common.api.internal.BasePendingResult.s(PG:72)
03-02 11:20:03.710 13966 13966 W aoix    : 	at com.google.android.gms.common.api.internal.BasePendingResult.o(PG:29)
03-02 11:20:03.710 13966 13966 W aoix    : 	at cdta.k(PG:16)
03-02 11:20:03.710 13966 13966 W aoix    : 	at cdsr.e(PG:3)
03-02 11:20:03.710 13966 13966 W aoix    : 	at cdut.s(PG:48)
03-02 11:20:03.710 13966 13966 W aoix    : 	at cdut.g(PG:10)
03-02 11:20:03.710 13966 13966 W aoix    : 	at cdut.j(PG:158)
03-02 11:20:03.710 13966 13966 W aoix    : 	at cdut.b(PG:2)
03-02 11:20:03.710 13966 13966 W aoix    : 	at cdxs.c(PG:3)
03-02 11:20:03.710 13966 13966 W aoix    : 	at cdxe.a(PG:7)
03-02 11:20:03.710 13966 13966 W aoix    : 	at cdww.c(PG:67)
03-02 11:20:03.710 13966 13966 W aoix    : 	at cdwz.handleMessage(PG:272)
03-02 11:20:03.710 13966 13966 W aoix    : 	at android.os.Handler.dispatchMessage(Handler.java:107)
03-02 11:20:03.710 13966 13966 W aoix    : 	at cetl.b(PG:1)
03-02 11:20:03.710 13966 13966 W aoix    : 	at cetl.dispatchMessage(PG:1)
03-02 11:20:03.710 13966 13966 W aoix    : 	at android.os.Looper.loopOnce(Looper.java:249)
03-02 11:20:03.710 13966 13966 W aoix    : 	at android.os.Looper.loop(Looper.java:337)
03-02 11:20:03.710 13966 13966 W aoix    : 	at android.os.HandlerThread.run(HandlerThread.java:85)
03-02 11:20:03.730 27809 27809 D BoundBrokerSvc: onRebind: Intent { act=com.google.android.gms.presencemanager.service.START dat=chimera-action:/... cmp=com.google.android.gms/.chimera.PersistentApiService }
03-02 11:20:03.733 17988 17988 I softnation.Ojam: hiddenapi: Accessing hidden method Landroid/view/ViewGroup;->makeOptionalFitsSystemWindows()V (runtime_flags=0, domain=platform, api=unsupported) from Landroidx/appcompat/widget/ViewUtils; (domain=app, TargetSdkVersion=36) using reflection: allowed
03-02 11:20:03.746 27809 27809 D BoundBrokerSvc: onRebind: Intent { act=com.google.android.gms.presencemanager.service.INTERNAL_IDENTITY dat=chimera-action:/... cmp=com.google.android.gms/.chimera.PersistentApiService }
03-02 11:20:03.781 27809 22829 I NetworkScheduler: (REDACTED) Error inserting %s
03-02 11:20:03.790  8942 23105 W FA-SVC  : Event created with reverse previous/current timestamps. appId, name: com.xiaomi.mipicks, _err
03-02 11:20:03.800  8942 23105 E FA-SVC  : Too many unique user properties are set. Ignoring user property: fcm_topic, mipicks
03-02 11:20:03.800 27809 23062 I NetworkScheduler: (REDACTED) Error inserting %s
03-02 11:20:03.807  8942 23105 E FA-SVC  : Too many unique user properties are set. Ignoring user property: exp_id, 157860,156777,156729,159955
03-02 11:20:03.834 18562 13630 D BluetoothDevice: getAddress: mAddress=XX:XX:XX:XX:E1:4F
03-02 11:20:03.834 18562 13630 D BluetoothDevice: getAddress: mAddress=XX:XX:XX:XX:94:A5
03-02 11:20:03.834 18562 13630 D BluetoothDevice: getAddress: mAddress=XX:XX:XX:XX:6E:27
03-02 11:20:03.834 18562 13630 D BluetoothDevice: getAddress: mAddress=XX:XX:XX:XX:9D:81
03-02 11:20:03.834 18562 13630 D BluetoothDevice: getAddress: mAddress=XX:XX:XX:XX:EE:F9
03-02 11:20:03.834 18562 13630 D BluetoothDevice: getAddress: mAddress=XX:XX:XX:XX:C8:A7
03-02 11:20:03.834 18562 13630 D BluetoothDevice: getAddress: mAddress=XX:XX:XX:XX:2F:74
03-02 11:20:03.834 18562 13630 D BluetoothDevice: getAddress: mAddress=XX:XX:XX:XX:69:70
03-02 11:20:03.834 18562 13630 D BluetoothDevice: getAddress: mAddress=XX:XX:XX:XX:C0:39
03-02 11:20:03.836 18562 13630 D BluetoothDevice: getAddress: mAddress=XX:XX:XX:XX:E1:4F
03-02 11:20:03.837 18562 13630 D BluetoothDevice: getAddress: mAddress=XX:XX:XX:XX:94:A5
03-02 11:20:03.837 18562 13630 D BluetoothDevice: getAddress: mAddress=XX:XX:XX:XX:6E:27
03-02 11:20:03.837 18562 13630 D BluetoothDevice: getAddress: mAddress=XX:XX:XX:XX:9D:81
03-02 11:20:03.837 18562 13630 D BluetoothDevice: getAddress: mAddress=XX:XX:XX:XX:EE:F9
03-02 11:20:03.837 18562 13630 D BluetoothDevice: getAddress: mAddress=XX:XX:XX:XX:C8:A7
03-02 11:20:03.837 18562 13630 D BluetoothDevice: getAddress: mAddress=XX:XX:XX:XX:2F:74
03-02 11:20:03.837 18562 13630 D BluetoothDevice: getAddress: mAddress=XX:XX:XX:XX:69:70
03-02 11:20:03.837 18562 13630 D BluetoothDevice: getAddress: mAddress=XX:XX:XX:XX:C0:39
03-02 11:20:03.839 27809 22829 I NetworkScheduler: (REDACTED) Error inserting %s
03-02 11:20:03.839 18562 13630 D BluetoothDevice: getAddress: mAddress=XX:XX:XX:XX:E1:4F
03-02 11:20:03.840 18562 13630 D BluetoothDevice: getAddress: mAddress=XX:XX:XX:XX:94:A5
03-02 11:20:03.840 18562 13630 D BluetoothDevice: getAddress: mAddress=XX:XX:XX:XX:6E:27
03-02 11:20:03.840 18562 13630 D BluetoothDevice: getAddress: mAddress=XX:XX:XX:XX:9D:81
03-02 11:20:03.840 18562 13630 D BluetoothDevice: getAddress: mAddress=XX:XX:XX:XX:EE:F9
03-02 11:20:03.840 18562 13630 D BluetoothDevice: getAddress: mAddress=XX:XX:XX:XX:C8:A7
03-02 11:20:03.840 18562 13630 D BluetoothDevice: getAddress: mAddress=XX:XX:XX:XX:2F:74
03-02 11:20:03.840 18562 13630 D BluetoothDevice: getAddress: mAddress=XX:XX:XX:XX:69:70
03-02 11:20:03.840 18562 13630 D BluetoothDevice: getAddress: mAddress=XX:XX:XX:XX:C0:39
03-02 11:20:03.850  8942 23105 E FA-SVC  : Too many unique user properties are set. Ignoring user property: brand, Redmi
03-02 11:20:03.852  1621  2655 D CompatChangeReporter: Compat change id reported: 161145287; UID 1000; state: ENABLED
03-02 11:20:03.854  8942 23105 E FA-SVC  : Too many unique user properties are set. Ignoring user property: base_channel_key, defaults
03-02 11:20:03.858  8942 23105 E FA-SVC  : Too many unique user properties are set. Ignoring user property: user_experience_plan, 1
03-02 11:20:03.873  8942 23105 E FA-SVC  : Too many unique user properties are set. Ignoring user property: personal_switch, true
03-02 11:20:03.874 27809 23062 I NetworkScheduler: (REDACTED) Error inserting %s
03-02 11:20:03.877  8942 23105 E FA-SVC  : Too many unique user properties are set. Ignoring user property: rsa_key, RSA4.0
03-02 11:20:03.887  8942 23105 E FA-SVC  : Too many unique user properties are set. Ignoring user property: mi_id, 6600741689
03-02 11:20:03.899  1621  1676 D SsruManagerImpl: MiSsru Sensor not init!!!!
03-02 11:20:03.900   853   853 I Accelerometer: flush, flushCnt:1
03-02 11:20:03.900  8942 23105 E FA-SVC  : Too many unique user properties are set. Ignoring user property: rom_sku, global
03-02 11:20:03.903   853   923 I Accelerometer: flush complete, flushCnt:0
03-02 11:20:03.922 17988 17988 W unknown:BridgelessReact: ReactHost{0}.startSurface(surfaceId = 0): Schedule
03-02 11:20:03.922 17988 17988 W unknown:BridgelessReact: ReactHost{0}.attachSurface(surfaceId = 0)
03-02 11:20:03.923  8942 23105 W FA-SVC  : Event created with reverse previous/current timestamps. appId, name: com.xiaomi.mipicks, _err
03-02 11:20:03.924 17988 23300 W unknown:BridgelessReact: ReactHost{0}.getOrCreateReactInstanceTask()
03-02 11:20:03.924 17988 23300 W unknown:BridgelessReact: ReactHost{0}.getOrCreateReactInstanceTask(): Start
03-02 11:20:03.924 17988 23300 W unknown:BridgelessReact: ReactHost{0}.getJSBundleLoader()
03-02 11:20:03.925 17988 23300 W unknown:BridgelessReact: ReactHost{0}.isMetroRunning()
03-02 11:20:03.934 27809 23062 I NetworkScheduler: (REDACTED) Error inserting %s
03-02 11:20:03.936  8942 23105 E FA-SVC  : Too many unique user properties are set. Ignoring user property: boot_wizard_end, -1
03-02 11:20:03.948 17988 17988 W libc    : Access denied finding property "ro.vendor.df.effect.conflict"
03-02 11:20:03.952  1621  4230 D AppLock_AccessControlImpl: activityResume packageName: com.softnation.Ojam userId: 0 enabled: true
03-02 11:20:03.952  1621  4230 D AppLock_AccessControlImpl: activityResume lockMode: 1
03-02 11:20:03.953 17988 17988 D SecurityManager: checkAccessControl flag1
03-02 11:20:03.955 17988 17988 W unknown:BridgelessReact: ReactHost{0}.onHostResume(activity)
03-02 11:20:03.961 17988 23267 I PowerHalWrapper: PowerHalWrapper.getInstance 
03-02 11:20:03.967 17988 17988 I SurfaceFactory: [static] sSurfaceFactory = com.mediatek.view.impl.SurfaceFactoryImpl@fb99dc2
03-02 11:20:03.968   921  2359 D SurfaceFlinger: [SF client] NEW(0xb400007caea3efb0) for (17988:com.softnation.Ojam)
03-02 11:20:03.978 27809 23062 I NetworkScheduler: (REDACTED) Error inserting %s
03-02 11:20:03.980  8942 23105 E FA-SVC  : Too many unique user properties are set. Ignoring user property: channel_key, defaults
03-02 11:20:03.985 17988 17988 D MiuiCameraCoveredManager: java.lang.NullPointerException: Attempt to invoke virtual method 'java.lang.String android.provider.MiuiSettings$SettingsCloudData$CloudData.getString(java.lang.String, java.lang.String)' on a null object reference
03-02 11:20:03.985 23098 23244 W BpBinder: Slow Binder: BpBinder transact took 268 ms, interface=com.google.android.gms.measurement.internal.IMeasurementService, code=11 oneway=false
03-02 11:20:03.986 17988 17988 D FramePredict: init success
03-02 11:20:03.987  1621  4230 W ActivityManager: Permission Denial: getCurrentUser() from pid=17988, uid=10337 requires android.permission.INTERACT_ACROSS_USERS
03-02 11:20:03.989 17988 23312 E FramePredict: registerContentObserver fail
03-02 11:20:03.991 17988 23301 W unknown:BridgelessReact: ReactHost{0}.isMetroRunning(): Async result = true
03-02 11:20:03.993 17988 23300 W unknown:BridgelessReact: ReactHost{0}.loadJSBundleFromMetro()
03-02 11:20:03.994 17988 23271 W libc    : Access denied finding property "ro.vendor.display.iris_x7.support"
03-02 11:20:04.000  1621  4230 D AS.BtHelper: isBluetoothScoOn() mBluetoothHeadset is null: falsemBluetoothHeadsetDevice is null: true
03-02 11:20:04.000  1621  4230 V AS.AudioDeviceBroker: requestedCommunicationDevice: null mAudioModeOwner: AudioModeInfo: mMode=MODE_NORMAL, mPid=0, mUid=0
03-02 11:20:04.001 17988 17988 I ForceDarkHelperStubImpl: setViewRootImplForceDark: false for com.softnation.Ojam.MainActivity@db08fa, reason: AppDarkModeEnable
03-02 11:20:04.001  1621  2655 D AS.BtHelper: isBluetoothScoOn() mBluetoothHeadset is null: falsemBluetoothHeadsetDevice is null: true
03-02 11:20:04.001  1621  2655 V AS.AudioDeviceBroker: requestedCommunicationDevice: null mAudioModeOwner: AudioModeInfo: mMode=MODE_NORMAL, mPid=0, mUid=0
03-02 11:20:04.001 17988 17988 D VRI[MainActivity]: hardware acceleration = true, forceHwAccelerated = false
03-02 11:20:04.004 27809 23062 I NetworkScheduler: (REDACTED) Error inserting %s
03-02 11:20:04.005   921  2359 D SurfaceFlinger: [SF client] NEW(0xb400007caea43450) for (1621:system_server)
03-02 11:20:04.007   921  2359 I BufferQueueDebug: [8f836d7 com.softnation.Ojam/com.softnation.Ojam.MainActivity#134076](this:0xb400007bcecd08d8,id:-1,api:0,p:-1,c:-1) BufferQueue core=(921:/system/bin/surfaceflinger)
03-02 11:20:04.011 13966  4780 I cn_CronetUrlRequestContext: destroyNativeStreamLocked android.net.connectivity.org.chromium.net.impl.CronetBidirectionalStream@72fd930
