03-02 11:20:16.772  2363  3215 I ActiveAudioSessionManager_export-api: dispatchSessionsExistsChangeCallbackLocked :false
03-02 11:20:16.772  2363  3215 I ActiveAudioSessionManager_export-api: controllerSize:0
03-02 11:20:16.772  2363  3215 I ActiveAudioSessionManager_export-api: stopPositionCallbackTask
03-02 11:20:16.772  2363  3215 I ActiveAudioSessionManager_export-api: dispatchSessionsExistsChangeCallbackLocked :false
03-02 11:20:16.772  2363 19600 I ActiveAudioSessionManager_export-api: stopPositionCallbackTask
03-02 11:20:16.772  2363 19600 I ActiveAudioSessionManager_export-api: dispatchSessionsExistsChangeCallbackLocked :false
03-02 11:20:16.772  2363 19600 I MiPlayServiceAdapter: markSessionKilled
03-02 11:20:16.772  2363 19600 I ActiveAudioSessionManager_export-api: controllerSize:0
03-02 11:20:16.772  2363 19600 I ActiveAudioSessionManager_export-api: stopPositionCallbackTask
03-02 11:20:16.772  2363 19600 I ActiveAudioSessionManager_export-api: dispatchSessionsExistsChangeCallbackLocked :false
03-02 11:20:16.772  2363 19600 I MiPlayServiceAdapter: markSessionKilled
03-02 11:20:16.774 18562 18562 I MediaPlayerList: Adding wrapped media player: com.softnation.Ojam at key: 1
03-02 11:20:16.774 18562 18562 I MediaPlayerList: onMediaKeyEventSessionChanged: token=com.softnation.Ojam
03-02 11:20:16.777 18562 18562 D MediaPlayerList: setActivePlayer(): setting player to com.softnation.Ojam
03-02 11:20:16.778  1621  1731 I MediaSessionService: tempAllowlistTargetPkgIfPossible callingPackage:com.android.bluetooth targetPackage:com.softnation.Ojam reason:MediaSessionRecord:android.support.v4.media.session.command.GET_EXTRA_BINDER [WIU] [FGS]
03-02 11:20:16.783  1621  1746 E JobScheduler.Background: Couldn't determine stopped state for unknown package: com.google.android.apps.turbo
03-02 11:20:16.783  1621  1746 E JobScheduler.Background: Couldn't determine stopped state for unknown package: com.google.android.apps.turbo
03-02 11:20:16.783  1621  1746 E JobScheduler.Background: Couldn't determine stopped state for unknown package: com.google.android.apps.turbo
03-02 11:20:16.783  1621  1746 E JobScheduler.Background: Couldn't determine stopped state for unknown package: com.google.android.apps.turbo
03-02 11:20:16.784  1621  1746 E JobScheduler.Background: Couldn't determine stopped state for unknown package: com.google.android.apps.turbo
03-02 11:20:16.784 18562 18562 D MediaPlayerList: sendMediaUpdate
03-02 11:20:16.785 18562 18562 I MediaPlayerList: sendMediaUpdate: Creating a one item queue for a player with no queue
03-02 11:20:16.785 18562 18562 D MediaPlayerList: sendMediaUpdate state=null
03-02 11:20:16.785 18562 18562 D AvrcpTargetService: onMediaUpdated: track_changed=true state=false queue=true
03-02 11:20:16.785 18562 18562 D AvrcpNativeInterface: sendMediaUpdate: metadata=true playStatus=false queue=true
03-02 11:20:16.785 18562 18562 I bluetooth: avrcp_service.cc:648 SendMediaUpdate: track_changed=true :  play_state=false :  queue=true
03-02 11:20:16.785 18562 18562 V MediaPlayerList: onActiveSessionsChanged: number of controllers: 0
03-02 11:20:16.786 18562 18562 I PlayerSettingsManager: getPlayerRepeatMode: no active player
03-02 11:20:16.786 18562 18562 I PlayerSettingsManager: getPlayerShuffleMode: no active player
03-02 11:20:16.786 18562 18562 I PlayerSettingsManager: updateRemoteDevice: STATE_REPEAT_OFF, STATE_SHUFFLE_OFF
03-02 11:20:16.786 18562 18562 I bluetooth: avrcp_service.cc:685 SendPlayerSettingsChanged: 
03-02 11:20:16.786 18562 18562 I bluetooth: avrcp_service.cc:699 SendPlayerSettingsChanged: attribute=PlayerAttribute::REPEAT : value=PlayerRepeatValue::OFF
03-02 11:20:16.786 18562 18562 I bluetooth: attribute=PlayerAttribute::SHUFFLE : value=PlayerShuffleValue::OFF
03-02 11:20:16.787 18562 18562 V MediaPlayerList: onActiveSessionsChanged: number of controllers: 0
03-02 11:20:16.787 18562 18562 I PlayerSettingsManager: getPlayerRepeatMode: no active player
03-02 11:20:16.787 18562 18562 I PlayerSettingsManager: getPlayerShuffleMode: no active player
03-02 11:20:16.787 18562 18562 I PlayerSettingsManager: updateRemoteDevice: STATE_REPEAT_OFF, STATE_SHUFFLE_OFF
03-02 11:20:16.787 18562 18562 I bluetooth: avrcp_service.cc:685 SendPlayerSettingsChanged: 
03-02 11:20:16.787 18562 18562 I bluetooth: avrcp_service.cc:699 SendPlayerSettingsChanged: attribute=PlayerAttribute::REPEAT : value=PlayerRepeatValue::OFF
03-02 11:20:16.787 18562 18562 I bluetooth: attribute=PlayerAttribute::SHUFFLE : value=PlayerShuffleValue::OFF
03-02 11:20:16.793 18562 18562 D AudioMediaPlayerWrapper: com.softnation.Ojam: isPlaybackStateReady(): PlaybackState is null
03-02 11:20:16.793 18562 18562 V AudioMediaPlayerWrapper: onQueueChanged(): com.softnation.Ojam tried to update with no queue
03-02 11:20:16.802  1621  1776 I whetstone.activity: Power Event callback listener is empty for resId=128
03-02 11:20:16.802  1621  1776 D BatteryStatsManagerStub: notifyEvent for resId=128 used 0ms
03-02 11:20:16.803  1621  1666 D CompatChangeReporter: Compat change id reported: 151861875; UID 10304; state: ENABLED
03-02 11:20:16.804  1621  1666 V GrammaticalInflectionUtils: AttributionSource: android.content.AttributionSource@e142506c does not have READ_SYSTEM_GRAMMATICAL_GENDER permission.
03-02 11:20:16.811  6515  6515 I PowerKeeperBackgroundService: onStartCommand()
03-02 11:20:16.811  6515  6515 I PowerKeeperService: onAlarm
03-02 11:20:16.816  1621  2655 D MediaSessionService: onSessionPlaybackStateChanged: record=com.softnation.Ojam/androidx.media3.session.id./89 (userId=0) playbackState=PlaybackState {state=NONE(0), position=0, buffered position=0, speed=0.0, updated=1029776233, actions=7339653, custom actions=[], active item id=0, error=null}
03-02 11:20:16.817  1621  2655 D MediaSessionService: onSessionActiveStateChanged: record=com.softnation.Ojam/androidx.media3.session.id./89 (userId=0) playbackState=PlaybackState {state=NONE(0), position=0, buffered position=0, speed=0.0, updated=1029776233, actions=7339653, custom actions=[], active item id=0, error=null}
03-02 11:20:16.818 18562 18562 D AudioMediaPlayerWrapper: onPlaybackStateChanged(): com.softnation.Ojam : PlaybackState {state=NONE(0), position=0, buffered position=0, speed=0.0, updated=1029776233, actions=7339653, custom actions=[], active item id=0, error=null}
03-02 11:20:16.819 18562 18562 V AudioMediaPlayerWrapper: Waiting to send update as controller has no playback state
03-02 11:20:16.821  2363 19600 I ActiveAudioSessionManager_export-api: controllerSize:1
03-02 11:20:16.821  2363 19600 I ActiveAudioSessionManager_export-api: packageName:com.softnation.Ojam
03-02 11:20:16.821 18562 18562 V MediaPlayerList: onActiveSessionsChanged: number of controllers: 1
03-02 11:20:16.821  2363  3215 I ActiveAudioSessionManager_export-api: controllerSize:1
03-02 11:20:16.821  2363  3215 I ActiveAudioSessionManager_export-api: packageName:com.softnation.Ojam
03-02 11:20:16.822  1621  4230 D MediaSessionService: onSessionPlaybackStateChanged: record=com.softnation.Ojam/androidx.media3.session.id./89 (userId=0) playbackState=PlaybackState {state=NONE(0), position=0, buffered position=0, speed=0.0, updated=1029776241, actions=7339653, custom actions=[], active item id=0, error=null}
03-02 11:20:16.823 18562 18562 D MediaPlayerList: onActiveSessionsChanged: controller: com.softnation.Ojam
03-02 11:20:16.823 18562 18562 D MediaPlayerList: Already have a controller for the player: com.softnation.Ojam, updating instead
03-02 11:20:16.823  2363  3215 I ActiveAudioSessionManager_export-api: stopPositionCallbackTask
03-02 11:20:16.823  2363  3215 I ActiveAudioSessionManager_export-api: dispatchSessionsExistsChangeCallbackLocked :true
03-02 11:20:16.823  2363 19600 I ActiveAudioSessionManager_export-api: stopPositionCallbackTask
03-02 11:20:16.823  2363 19600 I ActiveAudioSessionManager_export-api: dispatchSessionsExistsChangeCallbackLocked :true
03-02 11:20:16.823  2363 19600 I MiPlayServiceAdapter: markSessionChange
03-02 11:20:16.823  2363 19600 I MiPlayServiceAdapter: intent to startService : 0
03-02 11:20:16.824  2363  3215 I ActiveSessionRecord_export-api: onPlaybackStateChanged: PlaybackState {state=NONE(0), position=0, buffered position=0, speed=0.0, updated=1029776241, actions=7339653, custom actions=[], active item id=0, error=null}
03-02 11:20:16.824  2363 19600 I ActiveSessionRecord_export-api: onPlaybackStateChanged: PlaybackState {state=NONE(0), position=0, buffered position=0, speed=0.0, updated=1029776241, actions=7339653, custom actions=[], active item id=0, error=null}
03-02 11:20:16.825 18562 18562 D AudioMediaPlayerWrapper: com.softnation.Ojam: Controller for com.softnation.Ojam was updated.
03-02 11:20:16.826 18562 18562 D MediaPlayerList: sendMediaUpdate
03-02 11:20:16.826 18562 18562 I MediaPlayerList: sendMediaUpdate: Creating a one item queue for a player with no queue
03-02 11:20:16.826 18562 18562 D MediaPlayerList: sendMediaUpdate state=PlaybackState {state=NONE(0), position=0, buffered position=0, speed=0.0, updated=1029776241, actions=7339653, custom actions=[], active item id=0, error=null}
03-02 11:20:16.827 18562 18562 D AvrcpTargetService: onMediaUpdated: track_changed=false state=true queue=false
03-02 11:20:16.827 18562 18562 D AvrcpNativeInterface: sendMediaUpdate: metadata=false playStatus=true queue=false
03-02 11:20:16.827 18562 18562 I bluetooth: avrcp_service.cc:648 SendMediaUpdate: track_changed=false :  play_state=true :  queue=false
03-02 11:20:16.830  1621  4230 D ActivityManager: getProcessesInErrorState callingUid=10126, CallingPid=18142
03-02 11:20:16.836 17988 17988 D RNTP-com.doublesymmetry.trackplayer.service.MusicService:onBind: intentAction = null
03-02 11:20:16.837   835   835 D Zygote  : Forked child process 23405
03-02 11:20:16.840 17988 17988 D RNTP-com.doublesymmetry.trackplayer.service.MusicService:onBind: intentAction = androidx.media3.session.MediaSessionService
03-02 11:20:16.843  1621  1667 I ActivityManager: Start proc 23405:com.transsion.phoenix:service/u0a304 for broadcast {com.transsion.phoenix/com.cloudview.daemon.way.alarm.NewAlarmBroadcastReceiver} caller=com.transsion.phoenix
03-02 11:20:16.849 17988 17988 D UserSceneDetector: invoke error.
03-02 11:20:16.855 23405 23405 E Zygote  : process_name_ptr:23405 com.transsion.phoenix:service
03-02 11:20:16.856 23405 23405 E Zygote  : SetMemoryProtected process_name_ptr:23405 com.transsion.phoenix:service
03-02 11:20:16.876 23405 23405 I phoenix:service: Using CollectorTypeCMC GC.
03-02 11:20:16.888 17988 17988 D ScrollerOptimizationManager: registerConfigChangedListener
03-02 11:20:16.893  7123  7128 I adbd    : jdwp connection from 23405
03-02 11:20:16.905 23405 23405 D nativeloader: Load libframework-connectivity-tiramisu-jni.so using APEX ns com_android_tethering for caller /apex/com.android.tethering/javalib/framework-connectivity-t.jar: ok
03-02 11:20:16.919 23405 23405 I MessageMonitor: Load libmiui_runtime
03-02 11:20:16.929  1621  4230 D SymlinkUtils: attachApplication file op go pass: 1 ms
03-02 11:20:16.931  1621  4230 I SmartPower: com.transsion.phoenix:service/10304(23405): died->background(1421714ms) R(process start ) adj=-10000.
03-02 11:20:16.942  1621  1842 I MiuiNetworkPolicy: updateUidState uid = 10304, uidState = 19
03-02 11:20:16.945 23405 23428 D MiuiDownscaleImpl: set override inverted scale : 1.0
03-02 11:20:16.948 23405 23405 I JavaheapMonitor: Disabled. Process name: <pre-initialized>
03-02 11:20:16.950 23405 23405 D MiuiMonitorThread: Shared singleton Thread for stability monitor start
03-02 11:20:16.965 17988 17988 W Looper  : PerfMonitor doFrame : time=116ms vsyncFrame=19848628 latency=416ms procState=-1 historyMsgCount=27 (msgIndex=12 wall=373ms seq=824 late=303ms h=android.app.ActivityThread$H w=114)
03-02 11:20:16.979 23405 23405 D ActivityThread: setEmbeddedParam packageName=com.transsion.phoenix processName=com.transsion.phoenix:service isEmbedded=false isIsolated=false
03-02 11:20:16.985 23405 23405 D ApplicationLoaders: Returning zygote-cached class loader: /system/framework/org.apache.http.legacy.jar
03-02 11:20:16.985 23405 23405 D ApplicationLoaders: Returning zygote-cached class loader: /system_ext/framework/androidx.window.extensions.jar
03-02 11:20:16.985 23405 23405 D ApplicationLoaders: Returning zygote-cached class loader: /system_ext/framework/androidx.window.sidecar.jar
03-02 11:20:16.985 17988 17988 D RNTP-com.doublesymmetry.trackplayer.service.MusicService:setupPlayer: Setting up player
03-02 11:20:16.986 23405 23405 D CompatChangeReporter: Compat change id reported: 202956589; UID 10304; state: ENABLED
03-02 11:20:17.017 17988 17988 I ExoPlayerImpl: Init e4c04a [AndroidXMedia3/1.8.0] [tides, 2404ARN45A, Xiaomi, 35]
03-02 11:20:17.027 17988 17988 I ExoPlayerImpl: Release f9280e8 [AndroidXMedia3/1.8.0] [tides, 2404ARN45A, Xiaomi, 35] [media3.common, media3.session, media3.exoplayer, media3.decoder, media3.database]
03-02 11:20:17.032  1621  4230 D MediaSessionService: onSessionPlaybackStateChanged: record=com.softnation.Ojam/androidx.media3.session.id./89 (userId=0) playbackState=PlaybackState {state=NONE(0), position=0, buffered position=0, speed=0.0, updated=1029776451, actions=7339653, custom actions=[], active item id=0, error=null}
03-02 11:20:17.033  2363  3215 I ActiveSessionRecord_export-api: onPlaybackStateChanged: PlaybackState {state=NONE(0), position=0, buffered position=0, speed=0.0, updated=1029776451, actions=7339653, custom actions=[], active item id=0, error=null}
03-02 11:20:17.034  2363 19600 I ActiveSessionRecord_export-api: onPlaybackStateChanged: PlaybackState {state=NONE(0), position=0, buffered position=0, speed=0.0, updated=1029776451, actions=7339653, custom actions=[], active item id=0, error=null}
03-02 11:20:17.034 18562 18562 D AudioMediaPlayerWrapper: onPlaybackStateChanged(): com.softnation.Ojam : PlaybackState {state=NONE(0), position=0, buffered position=0, speed=0.0, updated=1029776451, actions=7339653, custom actions=[], active item id=0, error=null}
03-02 11:20:17.035 18562 18562 W AudioMediaPlayerWrapper: onPlaybackStateChanged(): com.softnation.Ojam tried to update with no new data
03-02 11:20:17.037  1621  4230 D MediaSessionService: onSessionPlaybackStateChanged: record=com.softnation.Ojam/androidx.media3.session.id./89 (userId=0) playbackState=PlaybackState {state=NONE(0), position=0, buffered position=0, speed=0.0, updated=1029776456, actions=7339653, custom actions=[], active item id=0, error=null}
03-02 11:20:17.038  2363  3215 I ActiveSessionRecord_export-api: onPlaybackStateChanged: PlaybackState {state=NONE(0), position=0, buffered position=0, speed=0.0, updated=1029776456, actions=7339653, custom actions=[], active item id=0, error=null}
03-02 11:20:17.038  2363 19600 I ActiveSessionRecord_export-api: onPlaybackStateChanged: PlaybackState {state=NONE(0), position=0, buffered position=0, speed=0.0, updated=1029776456, actions=7339653, custom actions=[], active item id=0, error=null}
03-02 11:20:17.038 18562 18562 D AudioMediaPlayerWrapper: onPlaybackStateChanged(): com.softnation.Ojam : PlaybackState {state=NONE(0), position=0, buffered position=0, speed=0.0, updated=1029776456, actions=7339653, custom actions=[], active item id=0, error=null}
03-02 11:20:17.039 18562 18562 W AudioMediaPlayerWrapper: onPlaybackStateChanged(): com.softnation.Ojam tried to update with no new data
03-02 11:20:17.044 17988 17988 D RNTP-com.doublesymmetry.trackplayer.service.MusicService:onGetSession: com.softnation.Ojam
03-02 11:20:17.049 17988 17988 I MediaController: Init 67c9020 [AndroidXMedia3/1.8.0] [tides, 2404ARN45A, Xiaomi, 35]
03-02 11:20:17.051 17988 17988 D RNTP-com.doublesymmetry.trackplayer.service.MusicService$InnerMediaSessionCallback:onConnect: com.softnation.Ojam
03-02 11:20:17.055  1621  2740 D MediaSessionService: onSessionPlaybackStateChanged: record=com.softnation.Ojam/androidx.media3.session.id./89 (userId=0) playbackState=PlaybackState {state=NONE(0), position=0, buffered position=0, speed=0.0, updated=1029776474, actions=7339653, custom actions=[], active item id=0, error=null}
03-02 11:20:17.056  2363 19600 I ActiveSessionRecord_export-api: onPlaybackStateChanged: PlaybackState {state=NONE(0), position=0, buffered position=0, speed=0.0, updated=1029776474, actions=7339653, custom actions=[], active item id=0, error=null}
03-02 11:20:17.056  2363  3215 I ActiveSessionRecord_export-api: onPlaybackStateChanged: PlaybackState {state=NONE(0), position=0, buffered position=0, speed=0.0, updated=1029776474, actions=7339653, custom actions=[], active item id=0, error=null}
03-02 11:20:17.057 18562 18562 D AudioMediaPlayerWrapper: onPlaybackStateChanged(): com.softnation.Ojam : PlaybackState {state=NONE(0), position=0, buffered position=0, speed=0.0, updated=1029776474, actions=7339653, custom actions=[], active item id=0, error=null}
03-02 11:20:17.057  1621  1731 D AS.BtHelper: isBluetoothScoOn() mBluetoothHeadset is null: falsemBluetoothHeadsetDevice is null: true
03-02 11:20:17.057  1621  1731 V AS.AudioDeviceBroker: requestedCommunicationDevice: null mAudioModeOwner: AudioModeInfo: mMode=MODE_NORMAL, mPid=0, mUid=0
03-02 11:20:17.058  1621  2655 D AS.BtHelper: isBluetoothScoOn() mBluetoothHeadset is null: falsemBluetoothHeadsetDevice is null: true
03-02 11:20:17.058  1621  2655 V AS.AudioDeviceBroker: requestedCommunicationDevice: null mAudioModeOwner: AudioModeInfo: mMode=MODE_NORMAL, mPid=0, mUid=0
03-02 11:20:17.058 18562 18562 W AudioMediaPlayerWrapper: onPlaybackStateChanged(): com.softnation.Ojam tried to update with no new data
03-02 11:20:17.072 17988 17988 D RNTP-com.doublesymmetry.trackplayer.service.MusicService$InnerMediaSessionCallback:onConnect: com.softnation.Ojam
03-02 11:20:17.093   861   947 I libPerfCtl: xgfGetFPS pid:921 fps:-1
03-02 11:20:17.093   861   947 I libPerfCtl: xgfGetFPS pid:2363 fps:-1
03-02 11:20:17.104 23405 23405 W phoenix:service: Failed to find entry 'classes.dex': Entry not found
03-02 11:20:17.109 23405 23405 D nativeloader: Configuring clns-7 for other apk /data/app/~~8pr16HvZDzwRyOt7doiwfQ==/com.transsion.phoenix-C0krKMd6aZso-35o5BqEUA==/base.apk:/data/app/~~8pr16HvZDzwRyOt7doiwfQ==/com.transsion.phoenix-C0krKMd6aZso-35o5BqEUA==/split_config.arm64_v8a.apk. target_sdk_version=35, uses_libraries=, library_path=/data/app/~~8pr16HvZDzwRyOt7doiwfQ==/com.transsion.phoenix-C0krKMd6aZso-35o5BqEUA==/lib/arm64:/data/app/~~8pr16HvZDzwRyOt7doiwfQ==/com.transsion.phoenix-C0krKMd6aZso-35o5BqEUA==/base.apk!/lib/arm64-v8a:/data/app/~~8pr16HvZDzwRyOt7doiwfQ==/com.transsion.phoenix-C0krKMd6aZso-35o5BqEUA==/split_config.arm64_v8a.apk!/lib/arm64-v8a, permitted_path=/data:/mnt/expand:/data/user/0/com.transsion.phoenix
03-02 11:20:17.119   921   921 I BufferQueueProducer: [StatusBar#109](this:0xb400007bcec4ab68,id:-1,api:0,p:-1,c:921) queueBuffer: fps=1.00 dur=2005.83 max=1014.28 min=991.54
03-02 11:20:17.121 17988 23331 W unknown:ReactNative: StatusBarModule: Ignored status bar change, current activity is edge-to-edge.
03-02 11:20:17.121 17988 23331 W unknown:ReactNative: StatusBarModule: Ignored status bar change, current activity is edge-to-edge.
03-02 11:20:17.123   849   849 I hwcomposer: [HWCDisplay] (0 updateFps():3667), (type:1, mode:2) fps:1.971424,dur:1014.50,max:761.04,min:253.46  
03-02 11:20:17.125   921   921 I MI-SF   : surfaceflinger setAffinity mode=0
03-02 11:20:17.126   921   921 E MI-SF   : surfaceflinger setAffinity success
03-02 11:20:17.163 23405 23405 V GraphicsEnvironment: Currently set values for:
03-02 11:20:17.163 23405 23405 V GraphicsEnvironment:   angle_gl_driver_selection_pkgs=[]
03-02 11:20:17.163 23405 23405 V GraphicsEnvironment:   angle_gl_driver_selection_values=[]
03-02 11:20:17.163 23405 23405 V GraphicsEnvironment: Global.Settings values are invalid: number of packages: 0, number of values: 0
03-02 11:20:17.163 23405 23405 V GraphicsEnvironment: Neither updatable production driver nor prerelease driver is supported.
03-02 11:20:17.166 23405 23405 I ActivityThread: TrafficStats init done
03-02 11:20:17.168  1621  4230 I ClipboardServiceI: checkProviderWakePathForClipboard: primaryClip is null
03-02 11:20:17.174 23405 23405 D ActivityThread: useGrowthLimitOutExpendMethod invoke error.
03-02 11:20:17.180  1621  4230 D ForceDarkAppConfigProvider: cloudConfigVersion: -1   localConfigVersion:20250515
03-02 11:20:17.180  1621  4230 I UiModeManager: systemserver package:com.transsion.phoenix null
03-02 11:20:17.181 23405 23405 I ForceDarkHelperStubImpl: initialize for com.transsion.phoenix , ForceDarkAppConfig: null
03-02 11:20:17.182  1167  1167 I thermal_repeater: [recvMdThermalInfo] ret=25, strLen=127,  3, 37, -3, 196, 32767, 0
03-02 11:20:17.188 23405 23405 D nativeloader: Load libforcedarkimpl.so using system ns (caller=/system_ext/framework/miui-framework.jar): ok
03-02 11:20:17.189 23405 23405 D HWUI    : JNI_OnLoad success
03-02 11:20:17.189 23405 23405 I MiuiForceDarkConfig: setConfig density:2.750000, mainRule:0, secondaryRule:0, tertiaryRule:0
03-02 11:20:17.201 23405 23405 I ActivityThread: Miui Feature Init done
03-02 11:20:17.286 17988 23330 D nativeloader: Load /data/app/~~Bh61wenJZi6JNVEuOkVQfQ==/com.softnation.Ojam-nnCVAdHxKfOmup5FCuBDYQ==/base.apk!/lib/arm64-v8a/libgesturehandler.so using class loader ns clns-7 (caller=/data/app/~~Bh61wenJZi6JNVEuOkVQfQ==/com.softnation.Ojam-nnCVAdHxKfOmup5FCuBDYQ==/base.apk!classes20.dex): ok
03-02 11:20:17.286 17988 23330 D jni_lib_merge: Entering merged library JNI_OnLoad.
03-02 11:20:17.286 17988 23330 D jni_lib_merge: Preparing 12 pre-merged libs (including stub)
03-02 11:20:17.286 17988 23330 D jni_lib_merge: Preparing to register libfabricjni_so.  onload_func: 0x7894e76ce0
03-02 11:20:17.286 17988 23330 D jni_lib_merge: Preparing to register libreact_devsupportjni_so.  onload_func: 0x7895070fc8
03-02 11:20:17.287 17988 23330 D jni_lib_merge: Preparing to register libreact_featureflagsjni_so.  onload_func: 0x789507f518
03-02 11:20:17.287 17988 23330 D jni_lib_merge: Preparing to register libreact_newarchdefaults_so.  onload_func: 0x78950e76a8
03-02 11:20:17.287 17988 23330 D jni_lib_merge: Preparing to register libreactnativeblob_so.  onload_func: 0x78952d7cb4
03-02 11:20:17.287 17988 23330 D jni_lib_merge: Preparing to register libreactnativejni_so.  onload_func: 0x78953256bc
03-02 11:20:17.287 17988 23330 D jni_lib_merge: Preparing to register libreactnativejni_common_so.  onload_func: 0x7895336044
03-02 11:20:17.287 17988 23330 D jni_lib_merge: Preparing to register librninstance_so.  onload_func: 0x789537d764
03-02 11:20:17.287 17988 23330 D jni_lib_merge: Preparing to register libturbomodulejsijni_so.  onload_func: 0x7895495f68
03-02 11:20:17.287 17988 23330 D jni_lib_merge: Preparing to register libuimanagerjni_so.  onload_func: 0x78954aefb8
03-02 11:20:17.287 17988 23330 D jni_lib_merge: Preparing to register libyoga_so.  onload_func: 0x78954bea3c
03-02 11:20:17.287 17988 23330 D jni_lib_merge: About to register 11 actual methods.
03-02 11:20:17.318 17988 17988 D VRI[MainActivity]: Setup new sync=wmsSync-VRI[MainActivity]#0
03-02 11:20:17.321 17988 17988 D UserSceneDetector: invoke error.
03-02 11:20:17.347   849  1430 I hwcomposer: [HWC] (0)fire a callback of refresh to SF[4]  
03-02 11:20:17.362   921   921 I MI-SF   : surfaceflinger setAffinity mode=1
03-02 11:20:17.362   921   921 E MI-SF   : surfaceflinger setAffinity success
03-02 11:20:17.362   921   921 I MI-SF   : surfaceflinger setreAffinity reTid=1207
03-02 11:20:17.362   921   921 E MI-SF   : surfaceflinger setAffinity success
03-02 11:20:17.453 17988 17988 W libc    : Access denied finding property "ro.vendor.display.iris_x7.support"
03-02 11:20:17.457 17988 23271 D HWUI    : makeCurrent grContext:0xb4000079f1a12350 reset mTextureAvailable
03-02 11:20:17.471  1621  1918 E HyperSentinel: -------------------------------------------------------
03-02 11:20:17.473  1621  1918 E HyperSentinel: Event_ResidentSize
03-02 11:20:17.473  1621  1918 E HyperSentinel: -> audit event by proc 17988 "usap64": RSS increasement, peak 377524kb -> 568172kb
03-02 11:20:17.474  1621  1917 D MiuiSentinelService: begin judgmentRssLeakException
03-02 11:20:17.474  1621  1917 E MiuiSentinelMemoryManager: getRSSinfo: usap64#17988
03-02 11:20:17.474  1621  1917 D MiuiSentinelMemoryManager: cmdline: usap64, pid: 17988, RSSsize:568172
03-02 11:20:17.476  1621  1917 W MiuiSentinelMemoryManager: The current process type does not meet reporting requirements
03-02 11:20:17.520 17988 23271 D softnation.Ojam: MiuiProcessManagerServiceStub setSchedFifo
03-02 11:20:17.520 17988 23271 I MiuiProcessManagerImpl: setSchedFifo pid:17988, mode:3
03-02 11:20:17.521  1621  2655 D ProcessManager: beginSchedThreads is not Enabled
03-02 11:20:17.521 17988 23271 D MAGT_SYNC_FRAME: MAGT Sync: MAGT is not supported. Disabling Sync.
03-02 11:20:17.522 17988 23271 D softnation.Ojam: Can't load libmbrainSDK
03-02 11:20:17.525 17988 23271 I GrallocExtra: gralloc_extra_query:is_SW3D 0
03-02 11:20:17.526 17988 23271 W libc    : Access denied finding property "ro.vendor.display.iris_x7.support"
03-02 11:20:17.535  1621  4230 I ClipboardServiceI: checkProviderWakePathForClipboard: primaryClip is null
03-02 11:20:17.546 23405 23440 W phoenix:service: ClassLoaderContext classpath size mismatch. expected=1, found=0 (DLC[];PCL[base.apk*1150104373]{PCL[/system/framework/org.apache.http.legacy.jar*4025584831]#PCL[/system/framework/com.android.location.provider.jar*3414091812]#PCL[/system/framework/com.android.media.remotedisplay.jar*2042759013]#PCL[/system_ext/framework/androidx.window.extensions.jar*3622430006]#PCL[/system_ext/framework/androidx.window.sidecar.jar*2958050178]} | DLC[];PCL[])
03-02 11:20:17.550  1621  4230 D CompatChangeReporter: Compat change id reported: 319471980; UID 10304; state: ENABLED
03-02 11:20:17.552 23405 23442 D AppOpsManager: Noted app header size: 36
03-02 11:20:17.563 23405 23440 W System  : ClassLoader referenced unknown path: 
03-02 11:20:17.564 23405 23440 D nativeloader: Configuring clns-8 for other apk . target_sdk_version=36, uses_libraries=, library_path=/data/app/~~PNgoFDHBmGdMmQt2moPCLQ==/com.google.android.gms-wSL8VlioUsna9-KnDrZN3A==/lib/arm64:/data/app/~~PNgoFDHBmGdMmQt2moPCLQ==/com.google.android.gms-wSL8VlioUsna9-KnDrZN3A==/base.apk!/lib/arm64-v8a, permitted_path=/data:/mnt/expand:/data/user/0/com.google.android.gms
03-02 11:20:17.568  1055  1186 D connsyslogger: SD_LOG_ROOT is /data/debuglogger/connsyslog/fw.
03-02 11:20:17.568  1055  1186 D connsyslogger: systemReady:1
03-02 11:20:17.575  1621  1842 I MiuiNetworkPolicy: updateUidState uid = 10304, uidState = 11
03-02 11:20:17.580 23405 23440 W phoenix:service: ClassLoaderContext classpath element checksum mismatch. expected=1150104373, found=3691308901 (DLC[];PCL[base.apk*1150104373]{PCL[/system/framework/org.apache.http.legacy.jar*4025584831]#PCL[/system/framework/com.android.location.provider.jar*3414091812]#PCL[/system/framework/com.android.media.remotedisplay.jar*2042759013]#PCL[/system_ext/framework/androidx.window.extensions.jar*3622430006]#PCL[/system_ext/framework/androidx.window.sidecar.jar*2958050178]} | DLC[];PCL[/data/app/~~8pr16HvZDzwRyOt7doiwfQ==/com.transsion.phoenix-C0krKMd6aZso-35o5BqEUA==/base.apk*3691308901]{PCL[/system/framework/org.apache.http.legacy.jar*4025584831]#PCL[/system_ext/framework/androidx.window.extensions.jar*3622430006]#PCL[/system_ext/framework/androidx.window.sidecar.jar*2958050178]})
03-02 11:20:17.583  1621  1842 I MiuiNetworkPolicy: updateUidState uid = 10304, uidState = 19
03-02 11:20:17.588 17988 23271 E LB      : fail to open file: No such file or directory
03-02 11:20:17.588 17988 23271 E LB      : fail to open node: No such file or directory
03-02 11:20:17.588 17988 23271 E LB      : fail to open node: No such file or directory
03-02 11:20:17.589 17988 23271 I GrallocExtra: gralloc_extra_query:is_SW3D 0
03-02 11:20:17.589 17988 23271 W libc    : Access denied finding property "ro.vendor.display.iris_x7.support"
03-02 11:20:17.590 17988 23271 D BLASTBufferQueue: [VRI[MainActivity]#0](f:0,a:1) acquireNextBufferLocked size=1080x2460 mFrameNumber=1 applyTransaction=true mTimestamp=612011137989016(auto) mPendingTransactions.size=0 graphicBufferId=77257871720453 transform=0
03-02 11:20:17.591 17988 23271 D softnation.Ojam: Can't load libmbrainSDK
03-02 11:20:17.593 17988 17988 D VRI[MainActivity]: vri.reportDrawFinished
03-02 11:20:17.595 17988 17988 W Looper  : PerfMonitor doFrame : time=479ms vsyncFrame=19848636 latency=1ms procState=-1
03-02 11:20:17.595  1621  2740 D WindowManager: wms.finishDrawingLocked: mDrawState=COMMIT_DRAW_PENDING Window{8f836d7 u0 com.softnation.Ojam/com.softnation.Ojam.MainActivity} in Surface(name=com.softnation.Ojam/com.softnation.Ojam.MainActivity#134077)/@0x549bb3a
03-02 11:20:17.597  1621  1651 D MiuiRefreshRatePolicy: reset
03-02 11:20:17.600  1621  1651 I WindowManager: onFirstWindowDrawn, try to remove startingWindow. this = ActivityRecord{f92726c u0 com.softnation.Ojam/.MainActivity t37037} associatedTask = null isMainWindow = true mStartingWindow = Window{ff6d0ed u0 Splash Screen com.softnation.Ojam} mStartingData = SplashScreenStartingData{daa3ab1 waitForSyncTransactionCommit=false removeAfterTransaction= 0}
03-02 11:20:17.603  1621  1651 I PowerManagerServiceImpl: Acquire wakelock: SCREEN_BRIGHT_WAKE_LOCK           'WindowManager/displayId:0' ON_AFTER_RELEASE (uid=1000 pid=1621 pkg=android ws=WorkSource{10337 com.softnation.Ojam})
03-02 11:20:17.606   921   921 I MI-SF   : surfaceflinger setAffinity mode=0
03-02 11:20:17.606   921   921 E MI-SF   : surfaceflinger setAffinity success
03-02 11:20:17.607  1621  1638 I ActivityTaskManager: Displayed com.softnation.Ojam/.MainActivity for user 0: +16s291ms
03-02 11:20:17.611  1621  2655 D MediaSessionService: onSessionPlaybackStateChanged: record=com.softnation.Ojam/androidx.media3.session.id./89 (userId=0) playbackState=PlaybackState {state=NONE(0), position=0, buffered position=0, speed=0.0, updated=1029777029, actions=7339653, custom actions=[], active item id=0, error=null}
03-02 11:20:17.612  1621  1651 D MiuiRefreshRatePolicy: reset
03-02 11:20:17.616  2363 19600 I ActiveSessionRecord_export-api: onPlaybackStateChanged: PlaybackState {state=NONE(0), position=0, buffered position=0, speed=0.0, updated=1029777029, actions=7339653, custom actions=[], active item id=0, error=null}
03-02 11:20:17.616  2363  3215 I ActiveSessionRecord_export-api: onPlaybackStateChanged: PlaybackState {state=NONE(0), position=0, buffered position=0, speed=0.0, updated=1029777029, actions=7339653, custom actions=[], active item id=0, error=null}
03-02 11:20:17.618  1621  1651 I WindowManager: wms.showSurfaceRobustly mWin:Window{8f836d7 u0 com.softnation.Ojam/com.softnation.Ojam.MainActivity}
03-02 11:20:17.618  1621  1636 D MediaSessionService: onSessionPlaybackStateChanged: record=com.softnation.Ojam/androidx.media3.session.id./89 (userId=0) playbackState=PlaybackState {state=NONE(0), position=0, buffered position=0, speed=0.0, updated=1029777036, actions=261765, custom actions=[Action:mName='Previous, mIcon=2131231060, mExtras=Bundle[EMPTY_PARCEL], Action:mName='Next, mIcon=2131231044, mExtras=Bundle[EMPTY_PARCEL]], active item id=0, error=null}
03-02 11:20:17.620 18562 18562 D AudioMediaPlayerWrapper: onPlaybackStateChanged(): com.softnation.Ojam : PlaybackState {state=NONE(0), position=0, buffered position=0, speed=0.0, updated=1029777029, actions=7339653, custom actions=[], active item id=0, error=null}
03-02 11:20:17.620  1621  1651 I ActivityTaskManager: visible for Task{19fcca #37037 type=standard A=10337:com.softnation.Ojam} visible = true isAnimating = false TRANSITION = false PARENTS = false CHILDREN = false
03-02 11:20:17.623 18562 18562 W AudioMediaPlayerWrapper: onPlaybackStateChanged(): com.softnation.Ojam tried to update with no new data
03-02 11:20:17.625  2363 19600 I ActiveSessionRecord_export-api: onPlaybackStateChanged: PlaybackState {state=NONE(0), position=0, buffered position=0, speed=0.0, updated=1029777036, actions=261765, custom actions=[Action:mName='Previous, mIcon=2131231060, mExtras=Bundle[EMPTY_PARCEL], Action:mName='Next, mIcon=2131231044, mExtras=Bundle[EMPTY_PARCEL]], active item id=0, error=null}
03-02 11:20:17.629  2363  3215 I ActiveSessionRecord_export-api: onPlaybackStateChanged: PlaybackState {state=NONE(0), position=0, buffered position=0, speed=0.0, updated=1029777036, actions=261765, custom actions=[Action:mName='Previous, mIcon=2131231060, mExtras=Bundle[EMPTY_PARCEL], Action:mName='Next, mIcon=2131231044, mExtras=Bundle[EMPTY_PARCEL]], active item id=0, error=null}
03-02 11:20:17.631 18562 18562 D AudioMediaPlayerWrapper: onPlaybackStateChanged(): com.softnation.Ojam : PlaybackState {state=NONE(0), position=0, buffered position=0, speed=0.0, updated=1029777036, actions=261765, custom actions=[Action:mName='Previous, mIcon=2131231060, mExtras=Bundle[EMPTY_PARCEL], Action:mName='Next, mIcon=2131231044, mExtras=Bundle[EMPTY_PARCEL]], active item id=0, error=null}
03-02 11:20:17.631 17988 17988 D UserSceneDetector: invoke error.
03-02 11:20:17.632 18562 18562 W AudioMediaPlayerWrapper: onPlaybackStateChanged(): com.softnation.Ojam tried to update with no new data
03-02 11:20:17.633   921  1587 I BufferQueueDebug: [Surface(name=ff6d0ed Splash Screen com.softnation.Ojam#134069)/@0x5aceb70 - animation-leash of starting_reveal#134080](this:0xb400007bcecb4138,id:-1,api:0,p:-1,c:-1) BufferQueue core=(921:/system/bin/surfaceflinger)
03-02 11:20:17.635   849  1423 W hwcomposer: [DRMDEV] paramIsSame(), id 34854, w 1080/1080, h 2460/2460, pitch 1088/1088, format 0x2/0x1, secure 0/0  
03-02 11:20:17.645 23405 23460 D nativeloader: Load /data/app/~~8pr16HvZDzwRyOt7doiwfQ==/com.transsion.phoenix-C0krKMd6aZso-35o5BqEUA==/split_config.arm64_v8a.apk!/lib/arm64-v8a/libmmkv.so using class loader ns clns-7 (caller=/data/app/~~8pr16HvZDzwRyOt7doiwfQ==/com.transsion.phoenix-C0krKMd6aZso-35o5BqEUA==/base.apk!classes2.dex): ok
03-02 11:20:17.660 23405 23461 D nativeloader: Load /data/app/~~8pr16HvZDzwRyOt7doiwfQ==/com.transsion.phoenix-C0krKMd6aZso-35o5BqEUA==/split_config.arm64_v8a.apk!/lib/arm64-v8a/libcv_analytics.so using class loader ns clns-7 (caller=/data/app/~~8pr16HvZDzwRyOt7doiwfQ==/com.transsion.phoenix-C0krKMd6aZso-35o5BqEUA==/base.apk!classes2.dex): ok
03-02 11:20:17.682  1621  1731 D PackageManager: set app component=ComponentInfo{com.transsion.phoenix/com.cloudview.daemon.way.account.AccountProvider} enabled state: 0 from com.transsion.phoenix,uid=10304,pid=23405
03-02 11:20:17.684  1621  2655 D PackageManager: set app component=ComponentInfo{com.transsion.phoenix/com.cloudview.daemon.way.account.AuthenticatorService} enabled state: 0 from com.transsion.phoenix,uid=10304,pid=23405
03-02 11:20:17.684  1621  1731 D PackageManager: set app component=ComponentInfo{com.transsion.phoenix/com.cloudview.daemon.way.account.SyncService} enabled state: 0 from com.transsion.phoenix,uid=10304,pid=23405
03-02 11:20:17.685  1621  2655 D ConnectivityService: requestNetwork for uid/pid:10304/23405 activeRequest: null callbackRequest: 242493 [NetworkRequest [ REQUEST id=242494, [ Capabilities: INTERNET&NOT_RESTRICTED&TRUSTED&NOT_VCN_MANAGED&NOT_BANDWIDTH_CONSTRAINED Uid: 10304 RequestorUid: 10304 RequestorPkg: com.transsion.phoenix UnderlyingNetworks: Null] ]] callback flags: 0 order: 2147483647 isUidTracked: false declaredMethods: AVAIL|LOST|NC|LP
03-02 11:20:17.686  1621  4230 V AccountManagerService: addAccountExplicitly: caller's uid=10304, pid=23405, packageName=com.transsion.phoenix, accountType=com.transsion.phoenix.account.type
03-02 11:20:17.688  1621  4230 W AccountManagerService: insertAccountIntoDatabase: Account {name=xxxxxxx, type=com.transsion.phoenix.account.type}, skipping since the account already exists
03-02 11:20:17.688 17840 18081 E msys    : E[N mns]_OnDiskCacheGetData(632)=>Start post callback cache refresh DNS resolution
03-02 11:20:17.689  1621  4230 D PackageManager: set app component=ComponentInfo{com.transsion.phoenix/com.cloudview.daemon.way.broadcast.DaemonBroadCastReceiver} enabled state: 0 from com.transsion.phoenix,uid=10304,pid=23405
03-02 11:20:17.691 17988 17988 I HandWritingStubImpl: refreshLastKeyboardType: 1
03-02 11:20:17.692 17988 17988 I HandWritingStubImpl: getCurrentKeyboardType: 1
03-02 11:20:17.695  1621  4230 W ActivityManager: Background start not allowed: service Intent { cmp=com.transsion.phoenix/com.cloudview.daemon.way.service.DaemonServiceA } to com.transsion.phoenix/com.cloudview.daemon.way.service.DaemonServiceA from pid=23405 uid=10304 pkg=com.transsion.phoenix startFg?=false
03-02 11:20:17.695  1159  1606 D ULogGuard: Monitoring: 18 threads, 0 requests, 0 time-bombs; 1 guards. ResetFlags = 0x7
03-02 11:20:17.696  1621  1806 I ImeTracker: com.softnation.Ojam:ef202cd0: onRequestHide at ORIGIN_SERVER reason HIDE_UNSPECIFIED_WINDOW fromUser false
03-02 11:20:17.696  1621  1806 I ImeTracker: com.softnation.Ojam:ef202cd0: onCancelled at PHASE_SERVER_SHOULD_HIDE
03-02 11:20:17.698  1621  1856 D ConnectivityService: NetReassign [242494 : null ΓåÆ 255] [c 1] [a 1] [i 9]
03-02 11:20:17.698  6515 10078 D MirrorManager:  sendAcceptInput 0 0
03-02 11:20:17.702 17840 18081 E msys    : E[N mns]_LogError(228)=>Failed to resolve using system DNS resolver, getaddrinfo(): No address associated with hostname
03-02 11:20:17.702  2526  2526 D InputEventReceiver: Input log is disabled in InputEventReceiver.
03-02 11:20:17.708  1621  1843 D WifiNetworkFactory: got request NetworkRequest [ REQUEST id=242494, [ Capabilities: INTERNET&NOT_RESTRICTED&TRUSTED&NOT_VCN_MANAGED&NOT_BANDWIDTH_CONSTRAINED Uid: 10304 RequestorUid: 10304 RequestorPkg: com.transsion.phoenix UnderlyingNetworks: Null] ]
03-02 11:20:17.708  1621  2740 D PreStartingManager: Not init when use PreStartingManager!
03-02 11:20:17.708  1621  1843 D UntrustedWifiNetworkFactory: got request NetworkRequest [ REQUEST id=242494, [ Capabilities: INTERNET&NOT_RESTRICTED&TRUSTED&NOT_VCN_MANAGED&NOT_BANDWIDTH_CONSTRAINED Uid: 10304 RequestorUid: 10304 RequestorPkg: com.transsion.phoenix UnderlyingNetworks: Null] ]
03-02 11:20:17.708  1621  1843 D OemPaidWifiNetworkFactory: got request NetworkRequest [ REQUEST id=242494, [ Capabilities: INTERNET&NOT_RESTRICTED&TRUSTED&NOT_VCN_MANAGED&NOT_BANDWIDTH_CONSTRAINED Uid: 10304 RequestorUid: 10304 RequestorPkg: com.transsion.phoenix UnderlyingNetworks: Null] ]
03-02 11:20:17.708  1621  1843 D MultiInternetWifiNetworkFactory: got request NetworkRequest [ REQUEST id=242494, [ Capabilities: INTERNET&NOT_RESTRICTED&TRUSTED&NOT_VCN_MANAGED&NOT_BANDWIDTH_CONSTRAINED Uid: 10304 RequestorUid: 10304 RequestorPkg: com.transsion.phoenix UnderlyingNetworks: Null] ]
03-02 11:20:17.710  1621  1731 I ClipboardServiceI: checkProviderWakePathForClipboard: primaryClip is null
03-02 11:20:17.712  1621  1731 V GrammaticalInflectionUtils: AttributionSource: android.content.AttributionSource@e142506c does not have READ_SYSTEM_GRAMMATICAL_GENDER permission.
03-02 11:20:17.714  1621  1651 D MiuiRefreshRatePolicy: reset
03-02 11:20:17.717  2526  2526 I GoogleInputMethodService: GoogleInputMethodService.onFinishInput():2113 
03-02 11:20:17.718   921  1587 I BufferQueueDebug: [Surface(name=751ea6d InputMethod#71915)/@0xaafc069 - animation-leash of insets_animation#134081](this:0xb400007bcecc8028,id:-1,api:0,p:-1,c:-1) BufferQueue core=(921:/system/bin/surfaceflinger)
03-02 11:20:17.719  2363  2577 D View    : [Warning] assignParent to null: this = android.widget.FrameLayout{1013ae7 G.E...... ......ID 0,0-1080,2460}
03-02 11:20:17.721  2526  2526 I Module  : DeviceLockedStatusModuleProvider$Module.updateDeviceLockedStatus():103 repeatCheckTimes = 0, locked = false
03-02 11:20:17.724  2526  2526 I GoogleInputMethodService: GoogleInputMethodService.onStartInput():1384 onStartInput(EditorInfo{EditorInfo{packageName=com.softnation.Ojam, inputType=0, inputTypeString=NULL, enableLearning=false, autoCorrection=false, autoComplete=false, imeOptions=0, privateImeOptions=null, actionName=UNSPECIFIED, actionLabel=null, initialSelStart=-1, initialSelEnd=-1, initialCapsMode=0, label=null, fieldId=0, fieldName=null, extras=Bundle[mParcelledData.dataSize=72], hintText=null, hintLocales=[]}}, false)
03-02 11:20:17.724 27809 30974 I PhenotypeResourceReader: unable to find any Phenotype resource metadata for com.transsion.phoenix
03-02 11:20:17.725 17988 17988 I HandWritingStubImpl: getCurrentKeyboardType: 1
03-02 11:20:17.726  1621  2740 D MiuiRefreshRatePolicy: reset
03-02 11:20:17.728  2526  2526 I Module  : DeviceLockedStatusModuleProvider$Module.updateDeviceLockedStatus():103 repeatCheckTimes = 1, locked = false
03-02 11:20:17.730  2363  2577 D BLASTBufferQueue: [VRI[Ojam]#5840](f:0,a:1) destructor()
03-02 11:20:17.730   921  1500 I BpBinder: onLastStrongRef automatically unlinking death recipients: 
03-02 11:20:17.731  2363  2577 D BufferQueueConsumer: [VRI[Ojam]#5840(BLAST Consumer)5840](id:93b00001ae5,api:0,p:-1,c:2363) disconnect
03-02 11:20:17.732 17988 23271 W libc    : Access denied finding property "ro.vendor.display.iris_x7.support"
03-02 11:20:17.733  2363  2577 W WindowOnBackDispatcher: sendCancelIfRunning: isInProgress=false callback=android.view.ViewRootImpl$$ExternalSyntheticLambda12@bcd9800
03-02 11:20:17.733  1621  1651 D MiuiRefreshRatePolicy: reset
03-02 11:20:17.735  1621  4230 I PowerHalWrapper: amsBoostStop AMS_BOOST_PACK_SWITCH:false, AMS_BOOST_ACT_SWITCH:false, AMS_BOOST_PROCESS_CREATE:true, AMS_BOOST_PROCESS_CREATE_FOR_GAME:false, AMS_BOOST_HOT_LAUNCH:false 
03-02 11:20:17.738   863   958 I libPowerHal: [perfLockRel] hdl:367147, idx:-1
03-02 11:20:17.747  1621  4426 W PackageConfigPersister: App-specific configuration not found for packageName: com.softnation.Ojam and userId: 0
03-02 11:20:17.748  1621  1651 I ActivityTaskManager: visible for Task{19fcca #37037 type=standard A=10337:com.softnation.Ojam} visible = true isAnimating = false TRANSITION = false PARENTS = false CHILDREN = false
03-02 11:20:17.754  1621  1731 D WindowManager: Starting window removed Window{ff6d0ed u0 Splash Screen com.softnation.Ojam}
03-02 11:20:17.755  1621  1731 W InputManager-JNI: Input channel object 'ff6d0ed Splash Screen com.softnation.Ojam (client)' was disposed without first being removed with the input manager!
03-02 11:20:17.756  1621  1731 D WindowManager: setParent old=ActivityRecord{f92726c u0 com.softnation.Ojam/.MainActivity t37037},new=null,this window=Window{ff6d0ed u0 Splash Screen com.softnation.Ojam},callers=com.android.server.wm.WindowContainer.removeChild:897 com.android.server.wm.ActivityRecord.removeChild:5518 com.android.server.wm.ActivityRecord.removeChild:505 com.android.server.wm.WindowContainer.removeImmediately:967 com.android.server.wm.WindowState.removeImmediately:2526 com.android.server.wm.WindowState.removeIfPossible:2714 
03-02 11:20:17.757  1621  1731 D WindowManager: postWindowRemoveCleanupLocked: Removing startingWindow Window{ff6d0ed u0 Splash Screen com.softnation.Ojam} from ActivityRecord{f92726c u0 com.softnation.Ojam/.MainActivity t37037} activity = ActivityRecord{f92726c u0 com.softnation.Ojam/.MainActivity t37037}
03-02 11:20:17.760   921  1500 I SurfaceFlinger: onHandleDestroyed: name=Surface(name=751ea6d InputMethod#71915)/@0xaafc069 - animation-leash of insets_animation#134066, layerId=134066, parentId=0
03-02 11:20:17.761  1621  1731 D MiuiRefreshRatePolicy: reset
03-02 11:20:17.764  1621  2197 W WindowManager: Failed looking up window session=Session{c29f389 2363:1000} callers=com.android.server.wm.WindowManagerService.windowForClientLocked:7045 com.android.server.wm.Session.setOnBackInvokedCallbackInfo:1106 android.view.IWindowSession$Stub.onTransact:1282 
03-02 11:20:17.764  1621  2197 I WindowManager: setOnBackInvokedCallback(): No window state for package:com.android.systemui
03-02 11:20:17.766  1621  1651 I ActivityTaskManager: visible for Task{19fcca #37037 type=standard A=10337:com.softnation.Ojam} visible = true isAnimating = false TRANSITION = false PARENTS = false CHILDREN = false
03-02 11:20:17.774   921   921 I BufferQueueDebug: [Surface(name=751ea6d InputMethod#71915)/@0xaafc069 - animation-leash of insets_animation#134066](this:0xb400007bcec6fbb8,id:-1,api:0,p:-1,c:921) onDestructor()
03-02 11:20:17.774  3510  3510 W libc    : Unable to set property "persist.vendor.accelerate.charge" to "false": PROP_ERROR_PERMISSION_DENIED (0x18)
03-02 11:20:17.774   921   921 I SurfaceFlinger: onHandleDestroyed: name=ff6d0ed Splash Screen com.softnation.Ojam#134069, layerId=134069, parentId=0
03-02 11:20:17.774   921   921 I SurfaceFlinger: onHandleDestroyed: name=Splash Screen com.softnation.Ojam#134070, layerId=134070, parentId=0
03-02 11:20:17.780  2363  2363 D Utilities:  oldHints : 0 backDisposition : 0 imeShown : false hints 0
03-02 11:20:17.784   835   835 D Zygote  : Forked child process 23482
03-02 11:20:17.789  1621  1621 D UiModeManager: updateConfigurationLocked: mDockState=0; mCarMode=false; mCar=false; mPowerSave=false; mOverrideNightModeOn=false; mOverrideNightModeOff=false; mComputedNightMode=true; mNightModeValue=2; uiMode=42
03-02 11:20:17.792  1621  1667 W ActivityManager: Slow operation: 80ms so far, now at startProcess: returned from zygote!
03-02 11:20:17.793   921   921 I BufferQueueDebug: [Splash Screen com.softnation.Ojam#134070](this:0xb400007bcec80d18,id:-1,api:0,p:-1,c:921) onDestructor()
03-02 11:20:17.794   921   921 I BufferQueueDebug: [ff6d0ed Splash Screen com.softnation.Ojam#134069](this:0xb400007bceca8af8,id:-1,api:0,p:-1,c:921) onDestructor()
03-02 11:20:17.798  6515  8177 D PowerCheckerService: onBatteryChanged, mBatteryLevel = 43, status = 2, level = 43, plug = 2, scale = 100
03-02 11:20:17.798  6515  8142 D PowerKeeper.Thermal: mBatteryTemperature: 40
03-02 11:20:17.800  1621  1667 W ActivityManager: Slow operation: 88ms so far, now at startProcess: done updating battery stats
03-02 11:20:17.800  6515  6997 I ProcAudioPowerManager: onBatteryChanged, onBattery is false
03-02 11:20:17.800  6515  6997 D PowerKeeper.FrozenApp: onBatteryChanged plug=true mBatteryPlugged=2
03-02 11:20:17.801  6027  6027 I PowerSaveService: onReceive: android.intent.action.BATTERY_CHANGED
03-02 11:20:17.802  6027  6027 I PowerNoticeUI: handleBatteryChanged oldPlugType 2 mPlugType 2 oldBatteryLevel 43 mBatteryLevel 43 temperature 400
03-02 11:20:17.802  6027  6027 I ChargerBatteryIntelligenceReceiver: onBatteryChanged temperature∩╝Ü40,plugType:2
03-02 11:20:17.802  6027  6027 D BaseChargeProtect_HighTemp: mCountByMinute:0,isScreenOn:true
03-02 11:20:17.803  1621  1667 W ActivityManager: Slow operation: 91ms so far, now at startProcess: building log message
03-02 11:20:17.803  1621  1667 I ActivityManager: Start proc 23482:com.transsion.phoenix/u0a304 for content provider {com.transsion.phoenix/com.cloudview.ipc.common.IPCMainProvider} caller=com.transsion.phoenix
03-02 11:20:17.803  1621  1667 W ActivityManager: Slow operation: 91ms so far, now at startProcess: starting to update pids map
03-02 11:20:17.803  1621  1667 W ActivityManager: Slow operation: 91ms so far, now at startProcess: done updating pids map
03-02 11:20:17.806 23482 23482 E Zygote  : process_name_ptr:23482 com.transsion.phoenix
03-02 11:20:17.807 23482 23482 E Zygote  : SetMemoryProtected process_name_ptr:23482 com.transsion.phoenix
03-02 11:20:17.812  6027  6027 I android_os_HwBinder: HwBinder: Starting thread pool for getting: vendor.xiaomi.hardware.micharge@1.0::IMiCharge/default
03-02 11:20:17.817   872 24120 I vendor.xiaomi.hardware.micharge@1.0-service: ReadFilePathValue path = /sys/class/power_supply/usb/real_type value = USB
03-02 11:20:17.819  6027  6027 I IMiChargeUtils: getIMiChargeStringValue method:getBatteryChargeType,value:USB
03-02 11:20:17.819  6027  6027 I IMiChargeUtils: getBatteryChargeType : USB
03-02 11:20:17.819  6027  6027 I ChargeTimeUtilsV2: chargeType:USB
03-02 11:20:17.819  6027  6027 I PowerFeatureUtils: getVendorName:mediatek
03-02 11:20:17.819  6027  6027 I PowerFeatureUtils: getVendorName:mediatek
03-02 11:20:17.834 23482 23482 I anssion.phoenix: Using CollectorTypeCMC GC.
03-02 11:20:17.849  7123  7128 I adbd    : jdwp connection from 23482
03-02 11:20:17.858 23482 23482 D nativeloader: Load libframework-connectivity-tiramisu-jni.so using APEX ns com_android_tethering for caller /apex/com.android.tethering/javalib/framework-connectivity-t.jar: ok
03-02 11:20:17.864 23405 23468 E phoenix:service: No package ID 6b found for resource ID 0x6b0b0013.
03-02 11:20:17.866 23405 23468 I FA      : App measurement initialized, version: 155007
03-02 11:20:17.867 23405 23468 I FA      : To enable debug logging run: adb shell setprop log.tag.FA VERBOSE
03-02 11:20:17.867 23405 23468 I FA      : To enable faster debug mode event logging run:
03-02 11:20:17.867 23405 23468 I FA      :   adb shell setprop debug.firebase.analytics.app com.transsion.phoenix
03-02 11:20:17.879 23482 23482 I MessageMonitor: Load libmiui_runtime
03-02 11:20:17.887  1621  4230 D SymlinkUtils: attachApplication file op go pass: 1 ms
03-02 11:20:17.889  1621  4230 I SmartPower: com.transsion.phoenix/10304(23482): died->background(1201325ms) R(process start ) adj=-10000.
03-02 11:20:17.890 17988 23331 W unknown:ReactNative: StatusBarModule: Ignored status bar change, current activity is edge-to-edge.
03-02 11:20:17.891 17988 23331 W unknown:ReactNative: StatusBarModule: Ignored status bar change, current activity is edge-to-edge.
03-02 11:20:17.903 23482 23497 D MiuiDownscaleImpl: set override inverted scale : 1.0
03-02 11:20:17.904 23482 23482 I JavaheapMonitor: Disabled. Process name: <pre-initialized>
03-02 11:20:17.906 23482 23482 D MiuiMonitorThread: Shared singleton Thread for stability monitor start
