03-02 11:06:37.544 18562  7948 D BluetoothDevice: getAddress: mAddress=XX:XX:XX:XX:9D:81
03-02 11:06:37.544 18562  7948 D BluetoothDevice: getAddress: mAddress=XX:XX:XX:XX:EE:F9
03-02 11:06:37.544 18562  7948 D BluetoothDevice: getAddress: mAddress=XX:XX:XX:XX:C8:A7
03-02 11:06:37.544 18562  7948 D BluetoothDevice: getAddress: mAddress=XX:XX:XX:XX:2F:74
03-02 11:06:37.544 18562  7948 D BluetoothDevice: getAddress: mAddress=XX:XX:XX:XX:69:70
03-02 11:06:37.544 18562  7948 D BluetoothDevice: getAddress: mAddress=XX:XX:XX:XX:C0:39
03-02 11:06:37.623 31638 31697 D WM-SystemJobScheduler: Scheduling work ID 0f2be4ef-4574-4cd6-bd8f-e728741390cfJob ID 261517
03-02 11:06:37.629  1621  4763 E JobScheduler: ResourceBudgetManagerInternal is null
03-02 11:06:37.634  1621  1842 I MiuiNetworkPolicy: updateUidState uid = 10300, uidState = 8
03-02 11:06:37.634  5969  6034 I ebcv    : (REDACTED) appOpsListener %s %s
03-02 11:06:37.635  5969  6034 I ebcv    : (REDACTED) Ignoring irrelevant audio permission changes for package %s
03-02 11:06:37.636  1621  4763 I whetstone.activity: Power Event callback listener is empty for resId=256
03-02 11:06:37.636  1621  4763 D BatteryStatsManagerStub: notifyEvent for resId=256 used 1ms
03-02 11:06:37.637  1621  1638 D GnssSsruImpl: onLocationPermissionsChanged provider:network packageName:com.whatsapp
03-02 11:06:37.637  1621  1638 D GnssSsruImpl: onLocationPermissionsChanged provider:passive packageName:com.whatsapp
03-02 11:06:37.638 31638 31697 D WM-GreedyScheduler: Starting tracking for 0f2be4ef-4574-4cd6-bd8f-e728741390cf,64e29e4d-a65e-42e4-8f5e-7e3ec5d0702f
03-02 11:06:37.641 31638 31697 D WM-GreedyScheduler: Constraints met: Scheduling work ID WorkGenerationalId(workSpecId=0f2be4ef-4574-4cd6-bd8f-e728741390cf, generation=0)
03-02 11:06:37.643 31638 31697 D WM-Processor: Fr5: processing WorkGenerationalId(workSpecId=0f2be4ef-4574-4cd6-bd8f-e728741390cf, generation=0)
03-02 11:06:37.647 31638 31638 D WM-SystemJobService: onStartJob for WorkGenerationalId(workSpecId=0f2be4ef-4574-4cd6-bd8f-e728741390cf, generation=0)
03-02 11:06:37.651 31638 31638 D WM-WorkerWrapper: Starting work for com.whatsapp.xmpp.messaging.XmppLifecycleWorker
03-02 11:06:37.654 31638 31692 D WM-Processor: Work WorkGenerationalId(workSpecId=0f2be4ef-4574-4cd6-bd8f-e728741390cf, generation=0) is already enqueued for processing
03-02 11:06:37.692  1621  1922 I SmartPower: com.google.android.gms/10147(8942): background->idle(5593ms) R(service end com.google.android.gms/.chimera.PersistentDirectBootAwareApiService) adj=500.
03-02 11:06:37.754   861   947 I libPerfCtl: xgfGetFPS pid:2363 fps:-1
03-02 11:06:37.759  1205  2027 D AidlBufferPoolAcc: evictor expired: 1, evicted: 0
03-02 11:06:37.877 12515 15474 W softnation.Ojam: userfaultfd: MOVE ioctl seems unsupported: Try again
03-02 11:06:37.913  1201  1298 D AALService: [CRTC_114] onALIChanged: 8 -> 7
03-02 11:06:37.918   921  1170 D SurfaceFlinger: [SF client] REMOVE (0xb400007caea5b900) for (12515:com.softnation.Ojam)
03-02 11:06:38.073 12515 15687 I ExpoModulesCore: Γ£à AppContext was initialized
03-02 11:06:38.113  1201  1298 D AALService: [CRTC_114] onALIChanged: 7 -> 8
03-02 11:06:38.202 12515 15687 W unknown:BridgelessReact: ReactHost{0}.getOrCreateReactInstanceTask(): Loading JS Bundle
03-02 11:06:38.203 12515 15687 W unknown:BridgelessReact: ReactHost{0}.getOrCreateReactInstanceTask(): Calling DevSupportManagerBase.onNewReactContextCreated(reactContext)
03-02 11:06:38.214 12515 15687 W unknown:BridgelessReact: ReactHost{0}.startSurface(surfaceId = 0): Execute
03-02 11:06:38.218 12515 12515 W unknown:ReactNative: Packager connection already open, nooping.
03-02 11:06:38.219 12515 12515 W unknown:BridgelessReact: ReactContext.onHostResume()
03-02 11:06:38.225 12515 12515 W unknown:BridgelessReact: ReactHost{0}.getOrCreateReactInstanceTask(): Executing ReactInstanceEventListeners
03-02 11:06:38.282  1621  1621 D UiModeManager: updateConfigurationLocked: mDockState=0; mCarMode=false; mCar=false; mPowerSave=false; mOverrideNightModeOn=false; mOverrideNightModeOff=false; mComputedNightMode=true; mNightModeValue=2; uiMode=42
03-02 11:06:38.283  6027  6027 I PowerSaveService: onReceive: android.intent.action.BATTERY_CHANGED
03-02 11:06:38.284  6515  6997 I ProcAudioPowerManager: onBatteryChanged, onBattery is false
03-02 11:06:38.284  6515  8177 D PowerCheckerService: onBatteryChanged, mBatteryLevel = 43, status = 2, level = 43, plug = 2, scale = 100
03-02 11:06:38.284  6515  6997 D PowerKeeper.FrozenApp: onBatteryChanged plug=true mBatteryPlugged=2
03-02 11:06:38.284  6515  8142 D PowerKeeper.Thermal: mBatteryTemperature: 40
03-02 11:06:38.285  6027  6027 I PowerNoticeUI: handleBatteryChanged oldPlugType 2 mPlugType 2 oldBatteryLevel 43 mBatteryLevel 43 temperature 400
03-02 11:06:38.285  6027  6027 I ChargerBatteryIntelligenceReceiver: onBatteryChanged temperature∩╝Ü40,plugType:2
03-02 11:06:38.285  6027  6027 D BaseChargeProtect_HighTemp: mCountByMinute:0,isScreenOn:true
03-02 11:06:38.287  6027  6027 I android_os_HwBinder: HwBinder: Starting thread pool for getting: vendor.xiaomi.hardware.micharge@1.0::IMiCharge/default
03-02 11:06:38.289   872   908 I vendor.xiaomi.hardware.micharge@1.0-service: ReadFilePathValue path = /sys/class/power_supply/usb/real_type value = USB
03-02 11:06:38.289  6027  6027 I IMiChargeUtils: getIMiChargeStringValue method:getBatteryChargeType,value:USB
03-02 11:06:38.290  6027  6027 I IMiChargeUtils: getBatteryChargeType : USB
03-02 11:06:38.290  6027  6027 I ChargeTimeUtilsV2: chargeType:USB
03-02 11:06:38.290  6027  6027 I PowerFeatureUtils: getVendorName:mediatek
03-02 11:06:38.290  6027  6027 I PowerFeatureUtils: getVendorName:mediatek
03-02 11:06:38.291  1055  1186 D connsyslogger: SD_LOG_ROOT is /data/debuglogger/connsyslog/fw.
03-02 11:06:38.291  1055  1186 D connsyslogger: systemReady:1
03-02 11:06:38.306  3510  3510 W libc    : Unable to set property "persist.vendor.accelerate.charge" to "false": PROP_ERROR_PERMISSION_DENIED (0x18)
03-02 11:06:38.320  1621  1621 D UiModeManager: updateConfigurationLocked: mDockState=0; mCarMode=false; mCar=false; mPowerSave=false; mOverrideNightModeOn=false; mOverrideNightModeOff=false; mComputedNightMode=true; mNightModeValue=2; uiMode=42
03-02 11:06:38.322  6027  6027 I PowerSaveService: onReceive: android.intent.action.BATTERY_CHANGED
03-02 11:06:38.323  6027  6027 I PowerNoticeUI: handleBatteryChanged oldPlugType 2 mPlugType 2 oldBatteryLevel 43 mBatteryLevel 43 temperature 400
03-02 11:06:38.323  6515  8142 D PowerKeeper.Thermal: mBatteryTemperature: 40
03-02 11:06:38.323  6027  6027 I ChargerBatteryIntelligenceReceiver: onBatteryChanged temperature∩╝Ü40,plugType:2
03-02 11:06:38.323  6027  6027 D BaseChargeProtect_HighTemp: mCountByMinute:0,isScreenOn:true
03-02 11:06:38.324  6515  8177 D PowerCheckerService: onBatteryChanged, mBatteryLevel = 43, status = 2, level = 43, plug = 2, scale = 100
03-02 11:06:38.324  6515  6997 I ProcAudioPowerManager: onBatteryChanged, onBattery is false
03-02 11:06:38.324  6515  6997 D PowerKeeper.FrozenApp: onBatteryChanged plug=true mBatteryPlugged=2
03-02 11:06:38.325  6027  6027 I android_os_HwBinder: HwBinder: Starting thread pool for getting: vendor.xiaomi.hardware.micharge@1.0::IMiCharge/default
03-02 11:06:38.327   872   908 I vendor.xiaomi.hardware.micharge@1.0-service: ReadFilePathValue path = /sys/class/power_supply/usb/real_type value = USB
03-02 11:06:38.328  6027  6027 I IMiChargeUtils: getIMiChargeStringValue method:getBatteryChargeType,value:USB
03-02 11:06:38.328  6027  6027 I IMiChargeUtils: getBatteryChargeType : USB
03-02 11:06:38.328  6027  6027 I ChargeTimeUtilsV2: chargeType:USB
03-02 11:06:38.328  6027  6027 I PowerFeatureUtils: getVendorName:mediatek
03-02 11:06:38.328  6027  6027 I PowerFeatureUtils: getVendorName:mediatek
03-02 11:06:38.345   835   835 D Zygote  : Forked child process 15766
03-02 11:06:38.349  1621  1667 I ActivityManager: Start proc 15766:com.google.android.apps.wellbeing/u0a156 for broadcast {com.google.android.apps.wellbeing/com.google.android.apps.wellbeing.appconfig.sessiontimer.impl.SessionStepBroadcastReceiver_Receiver} caller=com.google.android.apps.wellbeing
03-02 11:06:38.355 15766 15766 E Zygote  : process_name_ptr:15766 com.google.android.apps.wellbeing
03-02 11:06:38.355 15766 15766 E Zygote  : SetMemoryProtected process_name_ptr:15766 com.google.android.apps.wellbeing
03-02 11:06:38.368 15766 15766 I .apps.wellbeing: Using CollectorTypeCMC GC.
03-02 11:06:38.385 15766 15766 D nativeloader: Load libframework-connectivity-tiramisu-jni.so using APEX ns com_android_tethering for caller /apex/com.android.tethering/javalib/framework-connectivity-t.jar: ok
03-02 11:06:38.396 15766 15766 I MessageMonitor: Load libmiui_runtime
03-02 11:06:38.399  1621  4763 D AS.BtHelper: isBluetoothScoOn() mBluetoothHeadset is null: falsemBluetoothHeadsetDevice is null: true
03-02 11:06:38.400  1621  4763 V AS.AudioDeviceBroker: requestedCommunicationDevice: null mAudioModeOwner: AudioModeInfo: mMode=MODE_NORMAL, mPid=0, mUid=0
03-02 11:06:38.401  1621  4763 D AS.BtHelper: isBluetoothScoOn() mBluetoothHeadset is null: falsemBluetoothHeadsetDevice is null: true
03-02 11:06:38.401  1621  4763 V AS.AudioDeviceBroker: requestedCommunicationDevice: null mAudioModeOwner: AudioModeInfo: mMode=MODE_NORMAL, mPid=0, mUid=0
03-02 11:06:38.402  1621  4763 D SymlinkUtils: attachApplication file op go pass: 1 ms
03-02 11:06:38.403  1621  4763 I SmartPower: com.google.android.apps.wellbeing/10156(15766): died->background(104153ms) R(process start ) adj=-10000.
03-02 11:06:38.411  1621  1842 I MiuiNetworkPolicy: updateUidState uid = 10156, uidState = 19
03-02 11:06:38.414 15766 15781 D MiuiDownscaleImpl: set override inverted scale : 1.0
03-02 11:06:38.414 15766 15766 I JavaheapMonitor: Disabled. Process name: <pre-initialized>
03-02 11:06:38.415 15766 15766 D MiuiMonitorThread: Shared singleton Thread for stability monitor start
03-02 11:06:38.420 15766 15783 D ActivityThread: the event that target app starts is : AppLaunchEvent{mType='441', mProcessName='com.google.android.apps.wellbeing', mPackageName='com.google.android.apps.wellbeing', mIsMainProcess='true', mVersionCode='802217', mLaunchTime='2026-03-02'}
03-02 11:06:38.421  4243  5184 W MQSEventManager: occur
03-02 11:06:38.431 15766 15766 D ActivityThread: setEmbeddedParam packageName=com.google.android.apps.wellbeing processName=com.google.android.apps.wellbeing isEmbedded=false isIsolated=false
03-02 11:06:38.436 15766 15766 D ApplicationLoaders: Returning zygote-cached class loader: /system_ext/framework/androidx.window.extensions.jar
03-02 11:06:38.436 15766 15766 D ApplicationLoaders: Returning zygote-cached class loader: /system_ext/framework/androidx.window.sidecar.jar
03-02 11:06:38.469 15766 15766 W .apps.wellbeing: Failed to find entry 'classes.dex': Entry not found
03-02 11:06:38.470 15766 15766 D nativeloader: Configuring clns-7 for other apk /data/app/~~fqgkIBYliH0BZT_zgsHTUA==/com.google.android.apps.wellbeing-rFuV824e2GVsUqzMDhFV1w==/base.apk:/data/app/~~fqgkIBYliH0BZT_zgsHTUA==/com.google.android.apps.wellbeing-rFuV824e2GVsUqzMDhFV1w==/split_config.xxhdpi.apk. target_sdk_version=36, uses_libraries=, library_path=/data/app/~~fqgkIBYliH0BZT_zgsHTUA==/com.google.android.apps.wellbeing-rFuV824e2GVsUqzMDhFV1w==/lib/arm64:/data/app/~~fqgkIBYliH0BZT_zgsHTUA==/com.google.android.apps.wellbeing-rFuV824e2GVsUqzMDhFV1w==/base.apk!/lib/arm64-v8a:/data/app/~~fqgkIBYliH0BZT_zgsHTUA==/com.google.android.apps.wellbeing-rFuV824e2GVsUqzMDhFV1w==/split_config.xxhdpi.apk!/lib/arm64-v8a, permitted_path=/data:/mnt/expand:/data/user/0/com.google.android.apps.wellbeing
03-02 11:06:38.486 15766 15766 V GraphicsEnvironment: Currently set values for:
03-02 11:06:38.486 15766 15766 V GraphicsEnvironment:   angle_gl_driver_selection_pkgs=[]
03-02 11:06:38.486 15766 15766 V GraphicsEnvironment:   angle_gl_driver_selection_values=[]
03-02 11:06:38.486 15766 15766 V GraphicsEnvironment: Global.Settings values are invalid: number of packages: 0, number of values: 0
03-02 11:06:38.486 15766 15766 V GraphicsEnvironment: Neither updatable production driver nor prerelease driver is supported.
03-02 11:06:38.487 15766 15766 I ActivityThread: TrafficStats init done
03-02 11:06:38.489 15766 15766 I ForceDarkHelperStubImpl: initialize for com.google.android.apps.wellbeing , ForceDarkOrigin
03-02 11:06:38.492 15766 15766 D nativeloader: Load libforcedarkimpl.so using system ns (caller=/system_ext/framework/miui-framework.jar): ok
03-02 11:06:38.493 15766 15766 D HWUI    : JNI_OnLoad success
03-02 11:06:38.493 15766 15766 I MiuiForceDarkConfig: setConfig density:2.750000, mainRule:0, secondaryRule:0, tertiaryRule:0
03-02 11:06:38.499 15766 15766 I ActivityThread: Miui Feature Init done
03-02 11:06:38.503 15766 15766 I MultiDex: VM with version 2.1.0 has multidex support
03-02 11:06:38.503 15766 15766 I MultiDex: Installing application
03-02 11:06:38.503 15766 15766 I MultiDex: VM has multidex support, MultiDex support library is disabled.
03-02 11:06:38.535 15766 15766 I ljd     : SslGuard completed installation.
03-02 11:06:38.537  1621  4763 I ClipboardServiceI: checkProviderWakePathForClipboard: primaryClip is null
03-02 11:06:38.544  1621  1842 I MiuiNetworkPolicy: updateUidState uid = 10156, uidState = 11
03-02 11:06:38.548  1621  1922 I SmartPower: android.process.acore/10087(11854): background->idle(3000ms) R(content provider start ContentProviderRecord{b6359dc u0 com.android.providers.contacts/.ContactsProvider2}) adj=227.
03-02 11:06:38.556  1621  4763 D FileUtils: Rounded bytes from 8055762944 to 16000000000
03-02 11:06:38.617 15766 15796 W DynamiteModule: Local module descriptor class for com.google.android.gms.googlecertificates not found.
03-02 11:06:38.620  1621  5247 I ClipboardServiceI: checkProviderWakePathForClipboard: primaryClip is null
03-02 11:06:38.628  1621  5247 I ShortcutService: Detected launcher: com.miui.home user: 0 from callingPackage: com.google.android.apps.wellbeing u1000/1621
03-02 11:06:38.629 15766 15796 W .apps.wellbeing: ClassLoaderContext classpath size mismatch. expected=1, found=0 (DLC[];PCL[base.apk*1150104373]{PCL[/system/framework/org.apache.http.legacy.jar*4025584831]#PCL[/system/framework/com.android.location.provider.jar*3414091812]#PCL[/system/framework/com.android.media.remotedisplay.jar*2042759013]#PCL[/system_ext/framework/androidx.window.extensions.jar*3622430006]#PCL[/system_ext/framework/androidx.window.sidecar.jar*2958050178]} | DLC[];PCL[])
03-02 11:06:38.639 15766 15796 I DynamiteModule: Considering local module com.google.android.gms.googlecertificates:0 and remote module com.google.android.gms.googlecertificates:7
03-02 11:06:38.639 15766 15796 I DynamiteModule: Selected remote version of com.google.android.gms.googlecertificates, version >= 7
03-02 11:06:38.649 15766 15796 W System  : ClassLoader referenced unknown path: 
03-02 11:06:38.649 15766 15796 D nativeloader: Configuring clns-8 for other apk . target_sdk_version=36, uses_libraries=, library_path=/data/app/~~PNgoFDHBmGdMmQt2moPCLQ==/com.google.android.gms-wSL8VlioUsna9-KnDrZN3A==/lib/arm64:/data/app/~~PNgoFDHBmGdMmQt2moPCLQ==/com.google.android.gms-wSL8VlioUsna9-KnDrZN3A==/base.apk!/lib/arm64-v8a, permitted_path=/data:/mnt/expand:/data/user/0/com.google.android.gms
03-02 11:06:38.662 15766 15796 W .apps.wellbeing: ClassLoaderContext classpath element checksum mismatch. expected=1150104373, found=1142918097 (DLC[];PCL[base.apk*1150104373]{PCL[/system/framework/org.apache.http.legacy.jar*4025584831]#PCL[/system/framework/com.android.location.provider.jar*3414091812]#PCL[/system/framework/com.android.media.remotedisplay.jar*2042759013]#PCL[/system_ext/framework/androidx.window.extensions.jar*3622430006]#PCL[/system_ext/framework/androidx.window.sidecar.jar*2958050178]} | DLC[];PCL[/data/app/~~fqgkIBYliH0BZT_zgsHTUA==/com.google.android.apps.wellbeing-rFuV824e2GVsUqzMDhFV1w==/base.apk*1142918097]{PCL[/system_ext/framework/androidx.window.extensions.jar*3622430006]#PCL[/system_ext/framework/androidx.window.sidecar.jar*2958050178]})
03-02 11:06:38.671 15766 15804 W MindfulNudgeManager: <DWB> Mindful Nudge session timer triggered for com.softnation.Ojam but Optional[com.google.android.googlequicksearchbox] is in foreground
03-02 11:06:38.687   926   951 D ccci_mdinit: (1):monitor_time_update_thread round:37842 ########
03-02 11:06:38.693  1621  4763 I ClipboardServiceI: checkProviderWakePathForClipboard: primaryClip is null
03-02 11:06:38.700  1621  4763 V GrammaticalInflectionUtils: AttributionSource: android.content.AttributionSource@36c4fae does not have READ_SYSTEM_GRAMMATICAL_GENDER permission.
03-02 11:06:38.716  1201  1298 D AALService: [CRTC_114] onALIChanged: 8 -> 7
03-02 11:06:38.726   835   835 D Zygote  : Forked child process 15806
03-02 11:06:38.729  1621  4763 W AlarmManager: Unrecognized alarm listener com.android.server.usage.AppTimeLimitController$SessionUsageGroup@f45889f
03-02 11:06:38.734  1621  1667 I ActivityManager: Start proc 15806:com.android.chrome/u0a174 for service {com.android.chrome/org.chromium.chrome.browser.usage_stats.UsageStatsBrowserServiceProvider} caller=com.google.android.apps.wellbeing
03-02 11:06:38.740 15806 15806 E Zygote  : process_name_ptr:15806 com.android.chrome
03-02 11:06:38.741 15806 15806 E Zygote  : SetMemoryProtected process_name_ptr:15806 com.android.chrome
03-02 11:06:38.754   861   947 I libPerfCtl: xgfGetFPS pid:2363 fps:-1
03-02 11:06:38.757 15806 15806 I .android.chrome: Using CollectorTypeCMC GC.
03-02 11:06:38.769  1621  1842 I MiuiNetworkPolicy: updateUidState uid = 10156, uidState = 19
03-02 11:06:38.777 15806 15806 D nativeloader: Load libframework-connectivity-tiramisu-jni.so using APEX ns com_android_tethering for caller /apex/com.android.tethering/javalib/framework-connectivity-t.jar: ok
03-02 11:06:38.788 15806 15806 I MessageMonitor: Load libmiui_runtime
03-02 11:06:38.794  1621  5247 D SymlinkUtils: attachApplication file op go pass: 1 ms
03-02 11:06:38.794  1621  5247 I SmartPower: com.android.chrome/10174(15806): died->background(102751ms) R(process start ) adj=-10000.
03-02 11:06:38.804  1621  1842 I MiuiNetworkPolicy: updateUidState uid = 10174, uidState = 19
03-02 11:06:38.806 15806 15821 D MiuiDownscaleImpl: set override inverted scale : 1.0
03-02 11:06:38.808 15806 15806 I JavaheapMonitor: Disabled. Process name: <pre-initialized>
03-02 11:06:38.809 15806 15806 D MiuiMonitorThread: Shared singleton Thread for stability monitor start
03-02 11:06:38.814  1621  1666 I SmartPower: com.whatsapp/10300(31638): idle->background(2103ms) R(broadcast start Intent { act=android.intent.action.BATTERY_CHANGED flg=0x60000010 (has extras) }) adj=227.
03-02 11:06:38.815 15806 15823 D ActivityThread: the event that target app starts is : AppLaunchEvent{mType='441', mProcessName='com.android.chrome', mPackageName='com.android.chrome', mIsMainProcess='true', mVersionCode='763212033', mLaunchTime='2026-03-02'}
03-02 11:06:38.815  1621  1666 I SmartPower: com.facebook.katana/10287(15441): idle->background(2123ms) R(broadcast start Intent { act=android.intent.action.BATTERY_CHANGED flg=0x60000010 (has extras) }) adj=905.
03-02 11:06:38.816  4243  5184 W MQSEventManager: occur
03-02 11:06:38.817  1621  1666 I SmartPower: com.whatsapp/99910300(15426): idle->background(2599ms) R(broadcast start Intent { act=android.intent.action.BATTERY_CHANGED flg=0x60000010 (has extras) }) adj=227.
03-02 11:06:38.825 15806 15806 D ActivityThread: setEmbeddedParam packageName=com.android.chrome processName=com.android.chrome isEmbedded=false isIsolated=false
03-02 11:06:38.830 15806 15806 W .android.chrome: Failed to find entry 'classes.dex': Entry not found
03-02 11:06:38.833 15806 15806 D nativeloader: Configuring clns-7 for other apk /data/app/~~z536a82hOHNJcLw1NlH4Eg==/com.google.android.trichromelibrary_763212033-l2JzmffUOQlGj5rd69c5Bg==/base.apk. target_sdk_version=36, uses_libraries=ALL, library_path=/data/app/~~Ys2XHPs1K7PjM-0NMZQvFw==/com.android.chrome-tiIpI_0dd591uhJl91SkJg==/lib/arm64:/data/app/~~Ys2XHPs1K7PjM-0NMZQvFw==/com.android.chrome-tiIpI_0dd591uhJl91SkJg==/base.apk!/lib/arm64-v8a:/data/app/~~z536a82hOHNJcLw1NlH4Eg==/com.google.android.trichromelibrary_763212033-l2JzmffUOQlGj5rd69c5Bg==/base.apk!/lib/arm64-v8a, permitted_path=/data:/mnt/expand:/data/user/0/com.android.chrome
03-02 11:06:38.833 15806 15806 D nativeloader: Extending system_exposed_libraries: libapuwareapusys.mtk.so:libapuwareapusys_v2.mtk.so:libapuwarexrp.mtk.so:libapuwarexrp_v2.mtk.so:libapuwareutils.mtk.so:libapuwareutils_v2.mtk.so:libapuwarehmp.mtk.so:libneuron_graph_delegate.mtk.so:libneuronusdk_adapter.mtk.so:libtflite_mtk.mtk.so:libarmnn_ndk.mtk.so:libcmdl_ndk.mtk.so:libnir_neon_driver_ndk.mtk.so:libmvpu_runtime.mtk.so:libmvpu_runtime_pub.mtk.so:libmvpu_engine_pub.mtk.so:libmvpu_pattern_pub.mtk.so:libmvpuop_mtk_cv.mtk.so:libmvpuop_mtk_nn.mtk.so:libmvpu_runtime_25.mtk.so:libmvpu_runtime_25_pub.mtk.so:libmvpu_engine_25_pub.mtk.so:libmvpu_pattern_25_pub.mtk.so:libmvpuop25_mtk_cv.mtk.so:libmvpuop25_mtk_nn.mtk.so:libmvpu_config.mtk.so:libteeservice_client.trustonic.so:libmisys_jni.xiaomi.so:libpag.hyperos.so:libffavc.hyperos.so
03-02 11:06:38.836 15806 15806 D ApplicationLoaders: Returning zygote-cached class loader: /system_ext/framework/androidx.window.extensions.jar
03-02 11:06:38.836 15806 15806 D ApplicationLoaders: Returning zygote-cached class loader: /system_ext/framework/androidx.window.sidecar.jar
03-02 11:06:38.844  2350  2350 W Settings: Setting airplane_mode_on has moved from android.provider.Settings.System to android.provider.Settings.Global, returning read-only value.
03-02 11:06:38.846  2350  2350 W Settings: Setting airplane_mode_on has moved from android.provider.Settings.System to android.provider.Settings.Global, returning read-only value.
03-02 11:06:38.849  2350 29580 D NetworkSpeedTracker: updateSignalInfo lteRsrp=-70lteSnr=13,phoneId=1
03-02 11:06:38.852  2350 29580 D NetworkSpeedTracker: updateSignalInfo lteRsrp=-70lteSnr=13,phoneId=1
03-02 11:06:38.853 15806 15806 D nativeloader: Configuring clns-8 for other apk /data/app/~~Ys2XHPs1K7PjM-0NMZQvFw==/com.android.chrome-tiIpI_0dd591uhJl91SkJg==/base.apk. target_sdk_version=36, uses_libraries=, library_path=/data/app/~~Ys2XHPs1K7PjM-0NMZQvFw==/com.android.chrome-tiIpI_0dd591uhJl91SkJg==/lib/arm64:/data/app/~~Ys2XHPs1K7PjM-0NMZQvFw==/com.android.chrome-tiIpI_0dd591uhJl91SkJg==/base.apk!/lib/arm64-v8a:/data/app/~~z536a82hOHNJcLw1NlH4Eg==/com.google.android.trichromelibrary_763212033-l2JzmffUOQlGj5rd69c5Bg==/base.apk!/lib/arm64-v8a, permitted_path=/data:/mnt/expand:/data/user/0/com.android.chrome
03-02 11:06:38.878 15806 15806 V GraphicsEnvironment: Currently set values for:
03-02 11:06:38.878 15806 15806 V GraphicsEnvironment:   angle_gl_driver_selection_pkgs=[]
03-02 11:06:38.878 15806 15806 V GraphicsEnvironment:   angle_gl_driver_selection_values=[]
03-02 11:06:38.878 15806 15806 V GraphicsEnvironment: Global.Settings values are invalid: number of packages: 0, number of values: 0
03-02 11:06:38.878 15806 15806 V GraphicsEnvironment: Neither updatable production driver nor prerelease driver is supported.
03-02 11:06:38.880 15806 15806 I ActivityThread: TrafficStats init done
03-02 11:06:38.882 15806 15806 I ForceDarkHelperStubImpl: initialize for com.android.chrome , ForceDarkOrigin
03-02 11:06:38.885 15806 15806 D nativeloader: Load libforcedarkimpl.so using system ns (caller=/system_ext/framework/miui-framework.jar): ok
03-02 11:06:38.886 15806 15806 D HWUI    : JNI_OnLoad success
03-02 11:06:38.886 15806 15806 I MiuiForceDarkConfig: setConfig density:2.750000, mainRule:0, secondaryRule:0, tertiaryRule:0
03-02 11:06:38.893 15806 15806 I ActivityThread: Miui Feature Init done
03-02 11:06:38.894 15806 15806 I LoadedApk: No resource references to update in package com.google.android.trichromelibrary
03-02 11:06:38.897 15806 15806 I cr_SplitCompatApp: version=145.0.7632.120 (763212033) minSdkVersion=29 processName=com.android.chrome isIsolatedProcess=false splits=chrome,config.en,dev_ui,on_demand,stack_unwinder,test_dummy
03-02 11:06:38.926  1621  5247 I ClipboardServiceI: checkProviderWakePathForClipboard: primaryClip is null
03-02 11:06:38.954  1621  5247 I ClipboardServiceI: checkProviderWakePathForClipboard: primaryClip is null
03-02 11:06:38.956 15806 15832 I cr_LibraryLoader: Loading monochrome_64 from within /data/app/~~Ys2XHPs1K7PjM-0NMZQvFw==/com.android.chrome-tiIpI_0dd591uhJl91SkJg==/base.apk
03-02 11:06:38.956 27809 27828 I FontLog : (REDACTED) Received query %s, URI %s
03-02 11:06:38.956 27809 27828 I FontLog : (REDACTED) Query [%s] resolved to %s
03-02 11:06:38.958 27809 27828 I FontLog : (REDACTED) Font PFD returned from cache for %s
03-02 11:06:38.958 27809 27828 I FontLog : (REDACTED) Fetch %s end status %s
03-02 11:06:38.962 27809 27828 I FontLog : (REDACTED) Pulling font file for id = %d, cache size = %d
03-02 11:06:38.964 15806 15832 D nativeloader: Load /data/app/~~Ys2XHPs1K7PjM-0NMZQvFw==/com.android.chrome-tiIpI_0dd591uhJl91SkJg==/base.apk!/lib/arm64-v8a/libchromium_android_linker.so using class loader ns clns-8 (caller=/data/app/~~Ys2XHPs1K7PjM-0NMZQvFw==/com.android.chrome-tiIpI_0dd591uhJl91SkJg==/base.apk): ok
03-02 11:06:38.965 15806 15832 I cr_Linker: loadLibraryImplLocked: monochrome_64, relroMode=1
03-02 11:06:38.965  1621  1842 I MiuiNetworkPolicy: updateUidState uid = 10174, uidState = 10
03-02 11:06:38.973 27809 27828 I FontLog : (REDACTED) Received query %s, URI %s
03-02 11:06:38.974 27809 27828 I FontLog : (REDACTED) Query [%s] resolved to %s
03-02 11:06:38.975 27809 27828 I FontLog : (REDACTED) Font PFD returned from cache for %s
03-02 11:06:38.976 27809 27828 I FontLog : (REDACTED) Fetch %s end status %s
03-02 11:06:38.976 15441 15547 W facebook.katana: JNI RegisterNativeMethods: attempt to register 0 native methods for com.facebook.omnistore.OmnistoreCollectionFrontendHolder
03-02 11:06:38.979 27809 27828 I FontLog : (REDACTED) Pulling font file for id = %d, cache size = %d
03-02 11:06:38.983 15806 15806 I cr_DisplayManager: Is Display Topology available: false
03-02 11:06:38.987 27809 27828 I FontLog : (REDACTED) Received query %s, URI %s
03-02 11:06:38.987 27809 27828 I FontLog : (REDACTED) Query [%s] resolved to %s
03-02 11:06:38.989 27809 27828 I FontLog : (REDACTED) Font PFD returned from cache for %s
03-02 11:06:38.991 27809 27828 I FontLog : (REDACTED) Fetch %s end status %s
03-02 11:06:38.993  1621  4763 I ClipboardServiceI: checkProviderWakePathForClipboard: primaryClip is null
03-02 11:06:38.994 15806 15834 W DynamiteModule: Local module descriptor class for com.google.android.gms.googlecertificates not found.
03-02 11:06:38.998 27809 27828 I FontLog : (REDACTED) Pulling font file for id = %d, cache size = %d
03-02 11:06:38.999  1621  5247 I ClipboardServiceI: checkProviderWakePathForClipboard: primaryClip is null
03-02 11:06:39.003 15806 15832 D nativeloader: Load /data/app/~~z536a82hOHNJcLw1NlH4Eg==/com.google.android.trichromelibrary_763212033-l2JzmffUOQlGj5rd69c5Bg==/base.apk!/lib/arm64-v8a/libmonochrome_64.so using class loader ns clns-8 (caller=/data/app/~~Ys2XHPs1K7PjM-0NMZQvFw==/com.android.chrome-tiIpI_0dd591uhJl91SkJg==/base.apk): ok
03-02 11:06:39.008  1621  4426 D ConnectivityService: requestNetwork for uid/pid:10287/15441 activeRequest: null callbackRequest: 242359 [NetworkRequest [ REQUEST id=242360, [ Capabilities: INTERNET&NOT_RESTRICTED&TRUSTED&NOT_VCN_MANAGED&NOT_BANDWIDTH_CONSTRAINED Uid: 10287 RequestorUid: 10287 RequestorPkg: com.facebook.katana UnderlyingNetworks: Null] ]] callback flags: 0 order: 2147483647 isUidTracked: false declaredMethods: AVAIL|NC
03-02 11:06:39.008  8942  8942 D BoundBrokerSvc: onRebind: Intent { act=com.google.android.gms.safebrowsing.SafeBrowsingService.START dat=chimera-action:/... cmp=com.google.android.gms/.chimera.GmsBoundBrokerService }
03-02 11:06:39.009 27809 28201 I FontLog : (REDACTED) Received query %s, URI %s
03-02 11:06:39.009 27809 28201 I FontLog : (REDACTED) Query [%s] resolved to %s
03-02 11:06:39.009 15806 15832 I cr_LibraryLoader: Successfully loaded native library
03-02 11:06:39.009 15441 15839 W JobInfo : Job 'com.facebook.katana/com.facebook.analytics2.logger.legacy.uploader.LollipopUploadService#2131366151' has a deadline with functional constraints and an extremely short time window of 0 ms (delay=300000, deadline=300000). The functional constraints are not likely to be satisfied when the job runs.
03-02 11:06:39.010 27809 28201 I FontLog : (REDACTED) Font PFD returned from cache for %s
03-02 11:06:39.010 27809 28201 I FontLog : (REDACTED) Fetch %s end status %s
03-02 11:06:39.010  1621  4426 W JobInfo : Job 'com.facebook.katana/com.facebook.analytics2.logger.legacy.uploader.LollipopUploadService#2131366151' has a deadline with functional constraints and an extremely short time window of 0 ms (delay=300000, deadline=300000). The functional constraints are not likely to be satisfied when the job runs.
03-02 11:06:39.011 15806 15834 W .android.chrome: ClassLoaderContext classpath size mismatch. expected=1, found=0 (DLC[];PCL[base.apk*1150104373]{PCL[/system/framework/org.apache.http.legacy.jar*4025584831]#PCL[/system/framework/com.android.location.provider.jar*3414091812]#PCL[/system/framework/com.android.media.remotedisplay.jar*2042759013]#PCL[/system_ext/framework/androidx.window.extensions.jar*3622430006]#PCL[/system_ext/framework/androidx.window.sidecar.jar*2958050178]} | DLC[];PCL[])
03-02 11:06:39.011  1621  4426 W JobInfo : Job 'com.facebook.katana/com.facebook.analytics2.logger.legacy.uploader.LollipopUploadService#2131366151' has a deadline with functional constraints and an extremely short time window of 0 ms (delay=300000, deadline=300000). The functional constraints are not likely to be satisfied when the job runs.
03-02 11:06:39.015 15806 15832 I cr_CachingUmaRecorder: Flushed 14 samples from 13 histograms, 0 samples were dropped.
03-02 11:06:39.017  1621  1843 D WifiNetworkFactory: got request NetworkRequest [ REQUEST id=242360, [ Capabilities: INTERNET&NOT_RESTRICTED&TRUSTED&NOT_VCN_MANAGED&NOT_BANDWIDTH_CONSTRAINED Uid: 10287 RequestorUid: 10287 RequestorPkg: com.facebook.katana UnderlyingNetworks: Null] ]
03-02 11:06:39.017  1621  1843 D UntrustedWifiNetworkFactory: got request NetworkRequest [ REQUEST id=242360, [ Capabilities: INTERNET&NOT_RESTRICTED&TRUSTED&NOT_VCN_MANAGED&NOT_BANDWIDTH_CONSTRAINED Uid: 10287 RequestorUid: 10287 RequestorPkg: com.facebook.katana UnderlyingNetworks: Null] ]
03-02 11:06:39.017  1621  1843 D OemPaidWifiNetworkFactory: got request NetworkRequest [ REQUEST id=242360, [ Capabilities: INTERNET&NOT_RESTRICTED&TRUSTED&NOT_VCN_MANAGED&NOT_BANDWIDTH_CONSTRAINED Uid: 10287 RequestorUid: 10287 RequestorPkg: com.facebook.katana UnderlyingNetworks: Null] ]
03-02 11:06:39.018 15806 15834 I DynamiteModule: Considering local module com.google.android.gms.googlecertificates:0 and remote module com.google.android.gms.googlecertificates:7
03-02 11:06:39.018 15806 15834 I DynamiteModule: Selected remote version of com.google.android.gms.googlecertificates, version >= 7
03-02 11:06:39.018 27809 27828 I FontLog : (REDACTED) Pulling font file for id = %d, cache size = %d
03-02 11:06:39.019  1621  1843 D MultiInternetWifiNetworkFactory: got request NetworkRequest [ REQUEST id=242360, [ Capabilities: INTERNET&NOT_RESTRICTED&TRUSTED&NOT_VCN_MANAGED&NOT_BANDWIDTH_CONSTRAINED Uid: 10287 RequestorUid: 10287 RequestorPkg: com.facebook.katana UnderlyingNetworks: Null] ]
03-02 11:06:39.019  1621  1856 D ConnectivityService: NetReassign [242360 : null ΓåÆ 255] [c 1] [a 1] [i 8]
03-02 11:06:39.031 27809 27828 I FontLog : (REDACTED) Received query %s, URI %s
03-02 11:06:39.031 27809 27828 I FontLog : (REDACTED) Query [%s] resolved to %s
03-02 11:06:39.033 27809 27828 I FontLog : (REDACTED) Font PFD returned from cache for %s
03-02 11:06:39.033 27809 27828 I FontLog : (REDACTED) Fetch %s end status %s
03-02 11:06:39.035 15806 15834 W System  : ClassLoader referenced unknown path: 
03-02 11:06:39.035 15806 15834 D nativeloader: Configuring clns-9 for other apk . target_sdk_version=36, uses_libraries=, library_path=/data/app/~~PNgoFDHBmGdMmQt2moPCLQ==/com.google.android.gms-wSL8VlioUsna9-KnDrZN3A==/lib/arm64:/data/app/~~PNgoFDHBmGdMmQt2moPCLQ==/com.google.android.gms-wSL8VlioUsna9-KnDrZN3A==/base.apk!/lib/arm64-v8a, permitted_path=/data:/mnt/expand:/data/user/0/com.google.android.gms
03-02 11:06:39.037 27809 27828 I FontLog : (REDACTED) Pulling font file for id = %d, cache size = %d
03-02 11:06:39.048 15806 15834 W .android.chrome: ClassLoaderContext classpath element mismatch. expected=base.apk, found=/data/app/~~Ys2XHPs1K7PjM-0NMZQvFw==/com.android.chrome-tiIpI_0dd591uhJl91SkJg==/split_chrome.apk (DLC[];PCL[base.apk*1150104373]{PCL[/system/framework/org.apache.http.legacy.jar*4025584831]#PCL[/system/framework/com.android.location.provider.jar*3414091812]#PCL[/system/framework/com.android.media.remotedisplay.jar*2042759013]#PCL[/system_ext/framework/androidx.window.extensions.jar*3622430006]#PCL[/system_ext/framework/androidx.window.sidecar.jar*2958050178]} | DLC[];PCL[/data/app/~~Ys2XHPs1K7PjM-0NMZQvFw==/com.android.chrome-tiIpI_0dd591uhJl91SkJg==/split_chrome.apk*520855530];PCL[/data/app/~~Ys2XHPs1K7PjM-0NMZQvFw==/com.android.chrome-tiIpI_0dd591uhJl91SkJg==/base.apk*2158413103]{PCL[]#PCL[/system_ext/framework/androidx.window.extensions.jar*3622430006]#PCL[/system_ext/framework/androidx.window.sidecar.jar*2958050178]})
03-02 11:06:39.065 15806 15806 I cr_CombinedPProvider: #linkNativeInternal() 0
03-02 11:06:39.066 15806 15806 I cr_PolicyProvider: #setManagerAndSource() 0
03-02 11:06:39.068 15806 15806 I cr_PolicyCacheProvider: #refresh() true
03-02 11:06:39.113  1201  1298 D AALService: [CRTC_114] onALIChanged: 7 -> 8
03-02 11:06:39.155 15806 15806 I cr_SUCFiltersObserver: setting=browser_content_filters_enabled updating with false
03-02 11:06:39.158 15806 15806 I cr_SUCFiltersObserver: setting=search_content_filters_enabled updating with false
03-02 11:06:39.196 15806 15846 I PlayCore: UID: [10174]  PID: [15806] AppUpdateService : requestUpdateInfo(com.android.chrome)
03-02 11:06:39.199  1621  1746 E JobScheduler.Background: Couldn't determine stopped state for unknown package: com.google.android.apps.turbo
03-02 11:06:39.199 15806 15860 I PlayCore: UID: [10174]  PID: [15806] AppUpdateService : Initiate binding to the service.
03-02 11:06:39.199  1621  1746 E JobScheduler.Background: Couldn't determine stopped state for unknown package: com.google.android.apps.turbo
03-02 11:06:39.199  1621  1746 E JobScheduler.Background: Couldn't determine stopped state for unknown package: com.google.android.apps.turbo
03-02 11:06:39.199  1621  1746 E JobScheduler.Background: Couldn't determine stopped state for unknown package: com.google.android.apps.turbo
03-02 11:06:39.200  1621  1746 E JobScheduler.Background: Couldn't determine stopped state for unknown package: com.google.android.apps.turbo
03-02 11:06:39.202 15806 15806 I chromium: [INFO:components/enterprise/browser/controller/chrome_browser_cloud_management_controller.cc:302] Deferring CBCM Controller Initialization until it is unblocked.
03-02 11:06:39.205  1621  4763 I SmartPower: com.android.vending/10157(19536): idle->background(16543ms) R(service create com.android.vending/com.google.android.finsky.installservice.DevTriggeredUpdateService) adj=200.
03-02 11:06:39.208 15441 15547 E HiddenApis2: Failed to init DecodeJObjectFuncPtr
03-02 11:06:39.220  1621  4763 D FileUtils: Rounded bytes from 8055762944 to 16000000000
03-02 11:06:39.221  1621  4763 D FileUtils: Rounded bytes from 8055762944 to 16000000000
03-02 11:06:39.226 15441 15547 W fb4a.Fixie/ActivityStackResetterFixer: Enable Activity Stack Resetter
03-02 11:06:39.240  1621  4763 I ClipboardServiceI: checkProviderWakePathForClipboard: primaryClip is null
03-02 11:06:39.244 15441 15547 D nativeloader: Load /data/data/com.facebook.katana/lib-compressed/liblongsuspend.so using class loader ns clns-7 (caller=/data/app/~~D6pxJj0wCihn6bL7dRHGfw==/com.facebook.katana-ytDRDVfsDJQ7KNzIgYIFlA==/base.apk): ok
03-02 11:06:39.253 19536 19536 I Finsky  : [2] Setup::DSE: Phenotype experiments synced with status: NO_UPDATE
03-02 11:06:39.256 15806 15806 W cr_SearchEngineDelegate: ensureIsDeviceChoiceRequiredSupplier() called on ineligible device
03-02 11:06:39.268 15806 15855 E FilePhenotypeFlags: Config package com.google.android.gms.auth_account_client#com.android.chrome cannot use FILE backing without declarative registration. See go/phenotype-android-integration#phenotype for more information. This will lead to stale flags.
03-02 11:06:39.292  1621  1922 I SmartPower: com.mi.globalminusscreen/10162(11917): background->idle(6008ms) R(remove from whitelist) adj=100.
03-02 11:06:39.306  1159  1606 D ULogGuard: Monitoring: 18 threads, 0 requests, 0 time-bombs; 1 guards. ResetFlags = 0x7
03-02 11:06:39.307  5464 15866 W adservices: Skip logging because Cobalt logger is null
03-02 11:06:39.308  5464 15867 W adservices: Skip logging because Cobalt is disabled.
03-02 11:06:39.316  8942  8942 D BoundBrokerSvc: onBind: Intent { act=com.google.android.gms.auth.key.retrieval.service.START dat=chimera-action:/... cmp=com.google.android.gms/.chimera.GmsApiService }
03-02 11:06:39.317  8942  8942 D BoundBrokerSvc: Loading bound service for intent: Intent { act=com.google.android.gms.auth.key.retrieval.service.START dat=chimera-action:/... cmp=com.google.android.gms/.chimera.GmsApiService }
03-02 11:06:39.321  8942  8942 D BoundBrokerSvc: onBind: Intent { act=com.google.android.gms.credential.manager.service.firstparty.START dat=chimera-action:/... cmp=com.google.android.gms/.chimera.GmsApiService }
03-02 11:06:39.321  8942  8942 D BoundBrokerSvc: Loading bound service for intent: Intent { act=com.google.android.gms.credential.manager.service.firstparty.START dat=chimera-action:/... cmp=com.google.android.gms/.chimera.GmsApiService }
03-02 11:06:39.324 15806 15806 W chromium: [WARNING:components/gcm_driver/instance_id/instance_id_android.cc:101] Non-zero TTL requested for InstanceID token, while TTLs are not supported by Android Firebase IID API.
03-02 11:06:39.336 15806 15806 W chromium: [WARNING:components/gcm_driver/instance_id/instance_id_android.cc:101] Non-zero TTL requested for InstanceID token, while TTLs are not supported by Android Firebase IID API.
03-02 11:06:39.337 15806 15806 W chromium: [WARNING:components/gcm_driver/instance_id/instance_id_android.cc:101] Non-zero TTL requested for InstanceID token, while TTLs are not supported by Android Firebase IID API.
03-02 11:06:39.343 15806 15806 I cr_SmsProviderGms: construction successfull azm@622ff78, xym@58d8651
03-02 11:06:39.344 15806 15846 W InstanceID: Instance ID SDK is deprecated, com.android.chrome should update to use Firebase Instance ID
03-02 11:06:39.380 15441 15547 D nativeloader: Load /data/app/~~D6pxJj0wCihn6bL7dRHGfw==/com.facebook.katana-ytDRDVfsDJQ7KNzIgYIFlA==/lib/arm64/libc++_shared.so using class loader ns clns-7 (caller=/data/app/~~D6pxJj0wCihn6bL7dRHGfw==/com.facebook.katana-ytDRDVfsDJQ7KNzIgYIFlA==/base.apk): ok
03-02 11:06:39.384 15441 15547 D nativeloader: Load /data/data/com.facebook.katana/lib-compressed/libinterpcache_interceptor.so using class loader ns clns-7 (caller=/data/app/~~D6pxJj0wCihn6bL7dRHGfw==/com.facebook.katana-ytDRDVfsDJQ7KNzIgYIFlA==/base.apk): ok
03-02 11:06:39.384  1621  4426 D PackageManager: set app component=ComponentInfo{com.android.chrome/org.chromium.chrome.browser.quickactionsearchwidget.QuickActionSearchWidgetProvider$QuickActionSearchWidgetProviderSearch} enabled state: 1 from com.android.chrome,uid=10174,pid=15806
03-02 11:06:39.385  1621  4763 D PackageManager: set app component=ComponentInfo{com.android.chrome/org.chromium.chrome.browser.quickactionsearchwidget.QuickActionSearchWidgetProvider$QuickActionSearchWidgetProviderDino} enabled state: 1 from com.android.chrome,uid=10174,pid=15806
03-02 11:06:39.387 15441 15547 D nativeloader: Load /data/data/com.facebook.katana/lib-compressed/libinterpcache.so using class loader ns clns-7 (caller=/data/app/~~D6pxJj0wCihn6bL7dRHGfw==/com.facebook.katana-ytDRDVfsDJQ7KNzIgYIFlA==/base.apk): ok
03-02 11:06:39.394 15806 15806 W cr_KnoxSettingsProvider: Permission to read device policy denied.
03-02 11:06:39.394 15806 15806 I cr_CombinedPProvider: #registerProvider() provider:wdh@41136a8 isPolicyCacheEnabled:true policyProvidersSize:0
03-02 11:06:39.394 15806 15806 I cr_PolicyProvider: #setManagerAndSource() 0
03-02 11:06:39.395 15806 15806 I cr_CombinedPProvider: #registerProvider() provider:jq0@7eba5c1 isPolicyCacheEnabled:false policyProvidersSize:1
03-02 11:06:39.396 15806 15806 I cr_PolicyProvider: #setManagerAndSource() 1
03-02 11:06:39.397 15806 15806 I cr_AppResProvider: #getApplicationRestrictionsFromUserManager() Bundle[EMPTY_PARCEL]
03-02 11:06:39.397 15806 15806 I cr_PolicyProvider: #notifySettingsAvailable() 1
03-02 11:06:39.397 15806 15806 I cr_CombinedPProvider: #onSettingsAvailable() 1
03-02 11:06:39.403  1621  4426 D AS.BtHelper: isBluetoothScoOn() mBluetoothHeadset is null: falsemBluetoothHeadsetDevice is null: true
03-02 11:06:39.403  1621  4426 V AS.AudioDeviceBroker: requestedCommunicationDevice: null mAudioModeOwner: AudioModeInfo: mMode=MODE_NORMAL, mPid=0, mUid=0
03-02 11:06:39.403  1621  4426 D AS.BtHelper: isBluetoothScoOn() mBluetoothHeadset is null: falsemBluetoothHeadsetDevice is null: true
03-02 11:06:39.403  1621  4426 V AS.AudioDeviceBroker: requestedCommunicationDevice: null mAudioModeOwner: AudioModeInfo: mMode=MODE_NORMAL, mPid=0, mUid=0
03-02 11:06:39.418 27809 27809 D BoundBrokerSvc: onBind: Intent { act=com.google.android.gms.gmscompliance.service.START dat=chimera-action:/... cmp=com.google.android.gms/.chimera.PersistentBoundBrokerService }
03-02 11:06:39.418 27809 27809 D BoundBrokerSvc: Loading bound service for intent: Intent { act=com.google.android.gms.gmscompliance.service.START dat=chimera-action:/... cmp=com.google.android.gms/.chimera.PersistentBoundBrokerService }
03-02 11:06:39.437 12515 15755 I WebViewFactory: Loading com.google.android.webview version 145.0.7632.79 (code 763207903)
03-02 11:06:39.444 12515 15755 D ApplicationLoaders: Returning zygote-cached class loader: /system/framework/android.test.base.jar
03-02 11:06:39.444 12515 15755 D ApplicationLoaders: Returning zygote-cached class loader: /system_ext/framework/androidx.window.extensions.jar
03-02 11:06:39.448 12515 15755 W softnation.Ojam: Loading /data/app/~~6WQvy1g3uHyDFuZpDlez4A==/com.google.android.webview-LhKVE1I3zKkU3w5MlwC1TA==/oat/arm64/base.odex non-executable as it requires an image which we failed to load
03-02 11:06:39.449  1621  4426 D ConnectivityService: requestNetwork for uid/pid:10174/15806 activeRequest: null callbackRequest: 242361 [NetworkRequest [ REQUEST id=242362, [ Capabilities: INTERNET&NOT_RESTRICTED&TRUSTED&NOT_VCN_MANAGED&NOT_BANDWIDTH_CONSTRAINED Uid: 10174 RequestorUid: 10174 RequestorPkg: com.android.chrome UnderlyingNetworks: Null] ]] callback flags: 0 order: 2147483647 isUidTracked: false declaredMethods: AVAIL|LOST|NC|LP
03-02 11:06:39.451 12515 15755 D nativeloader: Configuring clns-8 for other apk /data/app/~~6WQvy1g3uHyDFuZpDlez4A==/com.google.android.webview-LhKVE1I3zKkU3w5MlwC1TA==/base.apk. target_sdk_version=36, uses_libraries=, library_path=/data/app/~~6WQvy1g3uHyDFuZpDlez4A==/com.google.android.webview-LhKVE1I3zKkU3w5MlwC1TA==/lib/arm64:/data/app/~~6WQvy1g3uHyDFuZpDlez4A==/com.google.android.webview-LhKVE1I3zKkU3w5MlwC1TA==/base.apk!/lib/arm64-v8a, permitted_path=/data:/mnt/expand
03-02 11:06:39.455  1621  1843 D WifiNetworkFactory: got request NetworkRequest [ REQUEST id=242362, [ Capabilities: INTERNET&NOT_RESTRICTED&TRUSTED&NOT_VCN_MANAGED&NOT_BANDWIDTH_CONSTRAINED Uid: 10174 RequestorUid: 10174 RequestorPkg: com.android.chrome UnderlyingNetworks: Null] ]
03-02 11:06:39.456  1621  1843 D UntrustedWifiNetworkFactory: got request NetworkRequest [ REQUEST id=242362, [ Capabilities: INTERNET&NOT_RESTRICTED&TRUSTED&NOT_VCN_MANAGED&NOT_BANDWIDTH_CONSTRAINED Uid: 10174 RequestorUid: 10174 RequestorPkg: com.android.chrome UnderlyingNetworks: Null] ]
03-02 11:06:39.457  1621  1856 D ConnectivityService: NetReassign [242362 : null ΓåÆ 255] [c 1] [a 1] [i 6]
03-02 11:06:39.459  1621  1843 D OemPaidWifiNetworkFactory: got request NetworkRequest [ REQUEST id=242362, [ Capabilities: INTERNET&NOT_RESTRICTED&TRUSTED&NOT_VCN_MANAGED&NOT_BANDWIDTH_CONSTRAINED Uid: 10174 RequestorUid: 10174 RequestorPkg: com.android.chrome UnderlyingNetworks: Null] ]
03-02 11:06:39.459  1621  1843 D MultiInternetWifiNetworkFactory: got request NetworkRequest [ REQUEST id=242362, [ Capabilities: INTERNET&NOT_RESTRICTED&TRUSTED&NOT_VCN_MANAGED&NOT_BANDWIDTH_CONSTRAINED Uid: 10174 RequestorUid: 10174 RequestorPkg: com.android.chrome UnderlyingNetworks: Null] ]
03-02 11:06:39.466  1621  1856 D ConnectivityService: NetReassign [no changes] [c 0] [a 2] [i 6]
03-02 11:06:39.510 12515 15755 I cr_WVCFactoryProvider: version=145.0.7632.79 (763207903) minSdkVersion=29 multiprocess=true packageId=127 splits=<none>
03-02 11:06:39.511 15441 15871 D libMEOW : meow new tls: 0xb400007981b50150
03-02 11:06:39.511 15441 15871 D libMEOW : applied 1 plugins for [com.facebook.katana]:
03-02 11:06:39.511 15441 15871 D libMEOW :   plugin 1: [libMEOW_gift.so]:
03-02 11:06:39.517 15441 15871 D libMEOW : meow delete tls: 0xb400007981b50150
03-02 11:06:39.519 15441 15873 D libMEOW : meow new tls: 0xb400007981ba01a0
03-02 11:06:39.519 15441 15873 D libMEOW : applied 1 plugins for [com.facebook.katana]:
03-02 11:06:39.519 15441 15873 D libMEOW :   plugin 1: [libMEOW_gift.so]:
03-02 11:06:39.521 12515 15755 D nativeloader: Load /data/app/~~6WQvy1g3uHyDFuZpDlez4A==/com.google.android.webview-LhKVE1I3zKkU3w5MlwC1TA==/base.apk!/lib/arm64-v8a/libwebviewchromium.so using class loader ns clns-8 (caller=/data/app/~~6WQvy1g3uHyDFuZpDlez4A==/com.google.android.webview-LhKVE1I3zKkU3w5MlwC1TA==/base.apk): ok
03-02 11:06:39.524 15441 15873 D libMEOW : meow delete tls: 0xb400007981ba01a0
03-02 11:06:39.527 12515 15755 D nativeloader: Load /system/lib64/libwebviewchromium_plat_support.so using class loader ns clns-8 (caller=/data/app/~~6WQvy1g3uHyDFuZpDlez4A==/com.google.android.webview-LhKVE1I3zKkU3w5MlwC1TA==/base.apk): ok
03-02 11:06:39.532 12515 15874 I chromium: [0302/110639.532261:INFO:android_webview/browser/variations/variations_seed_loader.cc:67] Failed to open file for reading.: No such file or directory (2)
03-02 11:06:39.547 15806 15875 I CameraManagerGlobal: Connecting to camera service
03-02 11:06:39.551 12515 15755 I cr_LibraryLoader: Successfully loaded native library
03-02 11:06:39.555 12515 15755 I cr_CachingUmaRecorder: Flushed 18 samples from 18 histograms, 0 samples were dropped.
03-02 11:06:39.558 15806 15875 D CameraExtStub: init android.hardware.camera2.impl.CameraExtImplXiaoMi
03-02 11:06:39.559 15806 15875 D CameraInjector: waitForResult: 
03-02 11:06:39.559 15806 15879 D CameraInjector: updateCloudCameraControllerInfoAsync: E
03-02 11:06:39.565  1621  4754 I ClipboardServiceI: checkProviderWakePathForClipboard: primaryClip is null
03-02 11:06:39.568  1621  1842 I MiuiNetworkPolicy: updateUidState uid = 10152, uidState = 10
03-02 11:06:39.568 19959 20500 D CAM_MiviInfoContentProvider: METHOD_CAMERA_CONTROLLER_INFO: E
03-02 11:06:39.570 19959 20500 D CAM_MiviConfigEngine: getCachedBean E >> /data/user/0/com.android.camera/cache/EcoCache
03-02 11:06:39.575 19959 20500 D CAM_MiviInfo4Helper: getDefaultEcoInfo E >> /odm/etc/camera/xiaomi/EcoInfo.json
03-02 11:06:39.576 19959 20500 D CAM_MiviInfo4Helper: getDefaultEcoInfo: X return null
03-02 11:06:39.576 19959 20500 E JavaBinder: *** Uncaught remote exception! Exceptions are not yet supported across processes. Client PID 15806 UID 10174.
03-02 11:06:39.576 19959 20500 E JavaBinder: java.lang.RuntimeException: org.json.JSONException: End of input at character 0 of 
03-02 11:06:39.576 19959 20500 E JavaBinder: 	at android.os.Parcel.writeException(Parcel.java:3026)
03-02 11:06:39.576 19959 20500 E JavaBinder: 	at android.database.DatabaseUtils.writeExceptionToParcel(DatabaseUtils.java:130)
03-02 11:06:39.576 19959 20500 E JavaBinder: 	at android.content.ContentProviderNative.onTransact(ContentProviderNative.java:442)
03-02 11:06:39.576 19959 20500 E JavaBinder: 	at android.os.Binder.execTransactInternal(Binder.java:1507)
03-02 11:06:39.576 19959 20500 E JavaBinder: 	at android.os.Binder.execTransact(Binder.java:1451)
03-02 11:06:39.576 19959 20500 E JavaBinder: Caused by: org.json.JSONException: End of input at character 0 of 
03-02 11:06:39.576 19959 20500 E JavaBinder: 	at org.json.JSONTokener.syntaxError(JSONTokener.java:469)
03-02 11:06:39.576 19959 20500 E JavaBinder: 	at org.json.JSONTokener.nextValue(JSONTokener.java:101)
03-02 11:06:39.576 19959 20500 E JavaBinder: 	at org.json.JSONObject.<init>(JSONObject.java:168)
03-02 11:06:39.576 19959 20500 E JavaBinder: 	at org.json.JSONObject.<init>(JSONObject.java:185)
03-02 11:06:39.576 19959 20500 E JavaBinder: 	at com.android.camera.external.mivi.MiviInfoContentProvider.call(Unknown Source:73)
03-02 11:06:39.576 19959 20500 E JavaBinder: 	at android.content.ContentProvider.call(ContentProvider.java:2736)
03-02 11:06:39.576 19959 20500 E JavaBinder: 	at android.content.ContentProvider$Transport.call(ContentProvider.java:639)
03-02 11:06:39.576 19959 20500 E JavaBinder: 	at android.content.ContentProviderNative.onTransact(ContentProviderNative.java:310)
03-02 11:06:39.576 19959 20500 E JavaBinder: 	... 2 more
03-02 11:06:39.577 15806 15879 D CameraInjector: updateCloudCameraControllerInfoAsync: X
03-02 11:06:39.578  1621  4426 W ActivityManager: pid 15806 com.android.chrome sent binder code 21 with flags 2 to frozen apps and got error -74
