--------- beginning of main
03-02 11:06:31.734 15346 15377 D WM-Processor: sci: processing WorkGenerationalId(workSpecId=09b4ac67-c4f6-4cd6-843d-f5c713f5c288, generation=0)
03-02 11:06:31.738 15346 15374 D MddListenableWorkerFactory: createWorker for class: com.google.android.apps.messaging.shared.datamodel.workqueue.WorkQueueWorkerShim
03-02 11:06:31.740 15346 15346 D WM-WorkerWrapper: Starting work for com.google.android.apps.messaging.shared.datamodel.workqueue.WorkQueueWorkerShim
03-02 11:06:31.742 15346 15378 D WM-ConstraintTracker: sgo: initial state = true
03-02 11:06:31.742 15346 15378 D WM-BrdcstRcvrCnstrntTrc: sgo: registering receiver
03-02 11:06:31.745 15346 15374 D WM-ConstraintTracker: sgq: initial state = true
03-02 11:06:31.745 15346 15374 D WM-BrdcstRcvrCnstrntTrc: sgq: registering receiver
03-02 11:06:31.749 15346 15379 D WM-ConstraintTracker: sgz: initial state = NetworkState(isConnected=true, isValidated=true, isMetered=true, isNotRoaming=true, isBlocked=false)
03-02 11:06:31.749 15346 15379 D WM-NetworkStateTracker: Registering network callback
03-02 11:06:31.753  1621  3051 D ConnectivityService: requestNetwork for uid/pid:10167/15346 activeRequest: null callbackRequest: 242338 [NetworkRequest [ TRACK_DEFAULT id=242339, [ Capabilities: INTERNET&NOT_RESTRICTED&TRUSTED&NOT_VCN_MANAGED&NOT_BANDWIDTH_CONSTRAINED Uid: 10167 RequestorUid: 10167 RequestorPkg: com.google.android.apps.messaging UnderlyingNetworks: Null] ], NetworkRequest [ REQUEST id=242340, [ Transports: SATELLITE Capabilities: INTERNET&TRUSTED&NOT_VCN_MANAGED Uid: 10167 RequestorUid: 10167 RequestorPkg: com.google.android.apps.messaging UnderlyingNetworks: Null] ]] callback flags: 0 order: 2147483647 isUidTracked: false declaredMethods: AVAIL|LOST|NC|BLK
03-02 11:06:31.753   861   947 I libPerfCtl: xgfGetFPS pid:921 fps:-1
03-02 11:06:31.754   861   947 I libPerfCtl: xgfGetFPS pid:2363 fps:-1
03-02 11:06:31.754   861   947 I libPerfCtl: xgfGetFPS pid:10571 fps:-1
03-02 11:06:31.757 15346 15402 D WM-NetworkStateTracker: Network capabilities changed: [ Transports: CELLULAR Capabilities: INTERNET&NOT_RESTRICTED&TRUSTED&NOT_VPN&VALIDATED&NOT_ROAMING&FOREGROUND&NOT_CONGESTED&NOT_SUSPENDED&NOT_VCN_MANAGED&NOT_BANDWIDTH_CONSTRAINED LinkUpBandwidth>=14Kbps LinkDnBandwidth>=14Kbps Specifier: <TelephonyNetworkSpecifier [mSubId = 2]> SubscriptionIds: {2} UnderlyingNetworks: Null]
03-02 11:06:31.758 15346 15402 D WM-NetworkStateTracker: Network blocked status changed: false
03-02 11:06:31.759  1621  1856 D ConnectivityService: NetReassign [242339 : null ΓåÆ 255] [c 1] [a 1] [i 3]
03-02 11:06:31.775 15346 15374 I WM-WorkerWrapper: Worker result SUCCESS for Work [ id=09b4ac67-c4f6-4cd6-843d-f5c713f5c288, tags={ com.google.android.apps.messaging.shared.datamodel.workqueue.WorkQueueWorkerShim,data_upgrade- } ]
03-02 11:06:31.777 15346 15346 D WM-Processor: sci 09b4ac67-c4f6-4cd6-843d-f5c713f5c288 executed; reschedule = false
03-02 11:06:31.778 15346 15374 D WM-PackageManagerHelper: Skipping component enablement for androidx.work.impl.background.systemalarm.RescheduleReceiver
03-02 11:06:31.778 15346 15374 D WM-GreedyScheduler: Constraints not met: Cancelling work ID WorkGenerationalId(workSpecId=099d8756-8579-49df-9f40-836b2e21b1d5, generation=11822)
03-02 11:06:31.781 15346 15374 D WM-GreedyScheduler: Cancelling work ID 09b4ac67-c4f6-4cd6-843d-f5c713f5c288
03-02 11:06:31.801 15346 15374 D WM-GreedyScheduler: Ignoring {WorkSpec: 8717a412-f994-46ae-975b-cd003c8532bc}. Requires ContentUri triggers.
03-02 11:06:31.802 15346 15374 D WM-GreedyScheduler: Ignoring {WorkSpec: 98a04891-24d2-4081-bb45-ba7719e0735c}. Requires device idle.
03-02 11:06:31.802 15346 15374 D WM-GreedyScheduler: Ignoring {WorkSpec: 338fec05-6d8b-4992-a379-eebbda50a3a3}. Requires ContentUri triggers.
03-02 11:06:31.802 15346 15374 D WM-GreedyScheduler: Ignoring {WorkSpec: df1c704e-3534-4090-a02c-273d9415ebb0}. Requires device idle.
03-02 11:06:31.802 15346 15374 D WM-GreedyScheduler: Ignoring {WorkSpec: 27b5d8d1-9557-4345-89d9-c117e7b387a0}. Requires device idle.
03-02 11:06:31.802 15346 15374 D WM-GreedyScheduler: Starting tracking for 099d8756-8579-49df-9f40-836b2e21b1d5,ea5e131f-70da-47f5-8af6-c0a69fd42816
03-02 11:06:31.802 15346 15374 D WM-GreedyScheduler: Constraints not met: Cancelling work ID WorkGenerationalId(workSpecId=ea5e131f-70da-47f5-8af6-c0a69fd42816, generation=3430)
--------- beginning of system
03-02 11:06:31.833  1621  3051 I ActivityManager: Force stopping com.softnation.Ojam appid=10337 user=0: from process:15405
03-02 11:06:31.835  1621  3051 I ATMSImpl: cacheTasksForDefaultDisplay size=5
03-02 11:06:31.836  1621  1907 E ProcessManager: error write exception log
03-02 11:06:31.840  1621  1638 I SensorService: 	>>> actuating h/w activate handle=0x1 enabled=0
03-02 11:06:31.840  6515  8185 D ElementListener: on smart scenario changed to 99
03-02 11:06:31.840  1621  3051 I ActivityManager: Killing 10571:com.softnation.Ojam/u0a337 (adj 0): stop com.softnation.Ojam due to from process:15405
03-02 11:06:31.840  6515  9363 D UidObserver: onUidGone entry uid = 10337
03-02 11:06:31.844   853   853 I Accelerometer: enable: handle:0, en:0

03-02 11:06:31.845  1621  1648 D MediaProjectionManagerServiceStubImpl: handleForegroundServicesChanged
03-02 11:06:31.845  1621  3051 I ActivityManager: Cancel FGS notification userId: 0 definingUid: 10337 packageName: com.softnation.Ojam processName:com.softnation.Ojam ChannelId:default_channel_id foregroundNotiWhen:1772445896240 Notiflags:104
03-02 11:06:31.847  1621  1856 D InetDiagMessage: Destroyed 0 sockets, proto=IPPROTO_TCP, family=AF_INET, states=14
03-02 11:06:31.848  1621  1842 I MiuiNetworkPolicy: removeUidState uid = 10337
03-02 11:06:31.848  1621  1638 D DisplayManagerService: Drop pending events for gone uid 10337
03-02 11:06:31.848  1124  2142 I ResourceManagerMetrics: pushConcurrentUsageReport: No Video Codec Entry for Application[pid(10571): uid(10337)]
03-02 11:06:31.848  6027 26949 I MIUISafety-Monitor: onUid 10337 gone
03-02 11:06:31.848  1124  2142 I ResourceManagerMetrics: pushConcurrentUsageReport: Concurrent Codec Usage Report for the Process[pid(10571): uid(10337)] is Peak { AudioDec[ SW: 1 ] } Peak Pixels: 0
03-02 11:06:31.849  1621  3051 I ScnModule: [GameDetection] packname: com.softnation.Ojam, apkSize: 113045479. 
03-02 11:06:31.849  1621  3051 I mtkpower_client: [PowerHal_Wrap_notifyAppState] com.softnation.Ojam/com.softnation.Ojam pid=10571 activityId:10571 state:3
03-02 11:06:31.850  1621  1856 D InetDiagMessage: Destroyed 1 sockets, proto=IPPROTO_TCP, family=AF_INET6, states=14
03-02 11:06:31.850   861   861 I vendor.mediatek.hardware.mtkpower_applist-service.mediatek: packName: com.softnation.Ojam actName: com.softnation.Ojam pid: 10571 activityId: 10571 uid: 10337 state: 3
03-02 11:06:31.850  1621  1856 D InetDiagMessage: Destroyed live tcp sockets for uids={10337} in 9ms
03-02 11:06:31.850   861   861 I MTK_APPList: [notifyAPPstate] com.softnation.Ojam/com.softnation.Ojam, pid=10571, activityId=10571, uid=10337, state:DEAD, fps:-1, win:1
03-02 11:06:31.850   861   861 I MTK_APPList: [notifyAPPstate] multi_resumed_app_count: 1
03-02 11:06:31.850   861   861 I MTK_APPList: [notifyAPPstate] multi_resumed_app_info[0] com.android.systemui/com.android.systemui._190038181, pid:2363, activityId:-1, fps:-1, isMultiWindow:0
03-02 11:06:31.850   861   861 I MTK_APPList: [getForegroundAPPCount] 1
03-02 11:06:31.850   861   861 I MTK_APPList: [notifyAPPstate] pack:com.softnation.Ojam, pid:10571, STATE_DEAD
03-02 11:06:31.850   861   861 I MTK_APPList: [notifyNetdUID] 10337
03-02 11:06:31.851  1621  3051 W ActivityTaskManager: Force removing ActivityRecord{17d606 u0 com.softnation.Ojam/.MainActivity t37033 f}}: app died, no saved state
03-02 11:06:31.852   861   861 I MTK_APPList: [notifyPID] 10571
03-02 11:06:31.852  1621  1856 D InetDiagMessage: Destroyed 0 sockets, proto=IPPROTO_TCP, family=AF_INET, states=14
03-02 11:06:31.852   863   958 I libPowerHal: [perfSetSysInfo] pid type:24, 10571
03-02 11:06:31.853  1621  3051 D WindowManager: Collecting in transition 10160: Task{2e7af4 #37033 type=standard A=10337:com.softnation.Ojam} init visibleRequested:true
03-02 11:06:31.853  1621  3051 D WindowManager: Collecting in transition 10160: ActivityRecord{17d606 u0 com.softnation.Ojam/.MainActivity t37033 f}} init visibleRequested:false
03-02 11:06:31.854  1621  1856 D InetDiagMessage: Destroyed 0 sockets, proto=IPPROTO_TCP, family=AF_INET6, states=14
03-02 11:06:31.854  1621  1856 D InetDiagMessage: Destroyed live tcp sockets for uids={20337} in 4ms
03-02 11:06:31.855  1621  3051 W WindowManager: Changing focus from Window{9bdb72d u0 com.softnation.Ojam/com.softnation.Ojam.MainActivity} to null displayId=0 Callers=com.android.server.wm.RootWindowContainer.updateFocusedWindowLocked:602 com.android.server.wm.WindowManagerService.updateFocusedWindowLocked:7168 com.android.server.wm.ActivityRecord.onRemovedFromDisplay:5446 com.android.server.wm.DisplayContent.removeAppToken:1789 
03-02 11:06:31.855  1621  3051 D WindowManager: wms.Input focus has changed to null display=0 updateInputWindows = true
03-02 11:06:31.855  1621  3051 I MultiSenceManagerInternalStub: getInstance
03-02 11:06:31.856  2363  2477 I SoScStageCoordinator: Transition requested:TransitionRequestInfo { type = CLOSE, triggerTask = TaskInfo{userId=0 taskId=37033 displayId=0 isRunning=false baseIntent=Intent { flg=0x10000000 cmp=com.softnation.Ojam/.MainActivity } baseActivity=null topActivity=null origActivity=null realActivity=ComponentInfo{com.softnation.Ojam/com.softnation.Ojam.MainActivity} numActivities=0 lastActiveTime=1028769939 supportsSplitScreenMultiWindow=true supportsMultiWindow=true resizeMode=1 isResizeable=true minWidth=-1 minHeight=-1 defaultMinSize=200 token=WCT{android.window.IWindowContainerToken$Stub$Proxy@ccc1063} topActivityType=1 pictureInPictureParams=null shouldDockBigOverlays=false launchIntoPipHostTaskId=-1 lastParentTaskIdBeforePip=-1 displayCutoutSafeInsets=null topActivityInfo=null launchCookies=[] positionInParent=Point(0, 0) parentTaskId=-1 isFocused=true isVisible=true isVisibleRequested=true isSleeping=false locusId=null displayAreaFeatureId=1 isTopActivityTransparent=false appCompatTaskInfo=AppCompatTaskInfo { topActivityInSizeCompat=false topActivityEligibleForLetterboxEducation= falseisLetterboxEducationEnabled= false isLetterboxDoubleTapEnabled= false topActivityEligibleForUserAspectRatioButton= false topActivityBoundsLetterboxed= false isFromLetterboxDoubleTap= false topActivityLetterboxVerticalPosition= -1 topActivityLetterboxHorizontalPosition= -1 topActivityLetterboxWidth=-1 topActivityLetterboxHeight=-1 isUserFullscreenOverrideEnabled=false isSystemFullscreenOverrideEnabled=false cameraCompatTaskInfo=CameraCompatTaskInfo { cameraCompatControlState=hidden freeformCameraCompatMode=inactive}} isImmersive=false mTopActivityRequestOrientation=-2 mBehindAppLockPkg=null mOriginatingUid=0 isEmbedded=false shouldBeVisible=false mIsCastMode=false mTopActivityMediaSize=null mTopActivityRecordName=null mTopActivityOrientation=-2}, pipTask = null, remoteTransition = null, displayChange = null, flags = 0, debugId = 10160 } isSoScActive:false triggerTask:TaskInfo{userId=0 taskId=37033 displayId=0 isRunning=false baseIntent=Intent { flg=0x10000000 cmp=com.softnation.Ojam/.MainActivity } baseActivity=null topActivity=null origActivity=null realActivity=ComponentInfo{com.softnation.Ojam/com.softnation.Ojam.MainActivity} numActivities=0 lastActiveTime=1028769939 supportsSplitScreenMultiWindow=true supportsMultiWindow=true resizeMode=1 isResizeable=true minWidth=-1 minHeight=-1 defaultMinSize=200 token=WCT{android.window.IWindowContainerToken$Stub$Proxy@ccc1063} topActivityType=1 pictureInPictureParams=null shouldDockBigOverlays=false launchIntoPipHostTaskId=-1 lastParentTaskIdBeforePip=-1 displayCutoutSafeInsets=null topActivityInfo=null launchCookies=[] positionInParent=Point(0, 0) parentTaskId=-1 isFocused=true isVisible=true isVisibleRequested=true isSleeping=false locusId=null displayAreaFeatureId=1 isTopActivityTransparent=false appCompatTaskInfo=AppCompatTaskInfo { topActivityInSizeCompat=false topActivityEligibleForLetterboxEducation= falseisLetterboxEducationEnabled= false isLetterboxDoubleTapEnabled= false topActivityEligibleForUserAspectRatioButton= false topActivityBoundsLetterboxed= false isFromLetterboxDoubleTap= false topActivityLetterboxVerticalPosition= -1 topActivityLetterboxHorizontalPosition= -1 topActivityLetterboxWidth=-1 topActivityLetterboxHeight=-1 isUserFullscreenOverrideEnabled=false isSystemFullscreenOverrideEnabled=false cameraCompatTaskInfo=CameraCompatTaskInfo { cameraCompatControlState=hidden freeformCameraCompatMode=inactive}} isImmersive=false mTopActivityRequestOrientation=-2 mBehindAppLockPkg=null mOriginatingUid=0 isEmbedded=false shouldBeVisible=false mIsCastMode=false mTopActivityMediaSize=null mTopActivityRecordName=null mTopActivityOrientation=-2}
03-02 11:06:31.857  1621  3051 D PerfMTKStubImpl: perfLockAcquire
03-02 11:06:31.857  1621  3051 I mtkpower_client: perf_lock_acq, hdl:0, dur:400, num:10, pid:1621, tid:3051
03-02 11:06:31.859  1621  3051 I mtkpower_client: ret_hdl:366241
03-02 11:06:31.859  1621  3051 I PowerHalWrapper: <amsBoostResume> last:null, next:com.google.android.googlequicksearchboxhasATProcess:true 
03-02 11:06:31.859   863   958 I libPowerHal: [perfLockAcq] idx:1 hdl:366241 hint:-1 pid:1621 tid:3051 duration:400 lock_user:system_server => ret_hdl:366241
03-02 11:06:31.859   863   958 I libPowerHal: [setGPUFreq] system_server user set gpu freq min:0, max:-1
03-02 11:06:31.859   863   958 I libPowerHal: system_server: set gpu opp level: 0
03-02 11:06:31.859  1621  3051 D WindowManager: Collecting in transition 10160: ActivityRecord{6d71709 u0 com.google.android.googlequicksearchbox/com.google.android.apps.search.assistant.surfaces.voice.robin.ui.floaty.activity.FloatyActivity t37027} init visibleRequested:false
03-02 11:06:31.860   863   958 I libPowerHal: system_server: set gpu opp level max: 0
03-02 11:06:31.860   863   958 I libPowerHal: [setGPUFreq] Soft min/max = (0, 0); Hard min/max = (31, 0)
03-02 11:06:31.860   863   958 I libPowerHal: [setGPUFreq] final min/max = (0, 0)
03-02 11:06:31.860   863   958 I libPowerHal: system_server: set gpu opp level: 0
03-02 11:06:31.860   863   958 I libPowerHal: system_server: set gpu opp level max: 0
03-02 11:06:31.860  1621  3051 I PowerHalWrapper: amsBoostNotify pid:13966,activity:com.google.android.apps.search.assistant.surfaces.voice.robin.ui.floaty.activity.FloatyActivity, package:com.google.android.googlequicksearchbox, mProcessCreatePackcom.softnation.Ojam 
03-02 11:06:31.860  1621  3051 I PowerHalWrapper: state: 1 
03-02 11:06:31.861   863   958 I libPowerHal: [PE] system_server update cmd:400000 param:3000000 pr:3
03-02 11:06:31.861   863   958 I libPowerHal: [PE] system_server update cmd:400100 param:3000000 pr:3
03-02 11:06:31.861   863   958 I libPowerHal: [PE] system_server update cmd:400200 param:3000000 pr:3
03-02 11:06:31.861  1621  3051 I mtkpower_client: [PowerHal_Wrap_notifyAppState] com.google.android.googlequicksearchbox/com.google.android.apps.search.assistant.surfaces.voice.robin.ui.floaty.activity.FloatyActivity pid=13966 activityId:114759433 state:1
03-02 11:06:31.861   863   958 I libPowerHal: [setDvfsrcDevFreqOpp] opp:0, freq:3600000000
03-02 11:06:31.861   863   958 I libPowerHal: [PE] system_server update cmd:1000000 param:0 pr:3
03-02 11:06:31.861   863   958 I libPowerHal: [recordCPUFreqInfo] set cluster[0] min(system_server): 1800000 max(-1): -1 cluster[1] min(system_server): 2000000 max(-1): -1
03-02 11:06:31.862   863   958 I libPowerHal: [perfLockAcq] Done for hdl : 366241
03-02 11:06:31.862   861   861 I vendor.mediatek.hardware.mtkpower_applist-service.mediatek: packName: com.google.android.googlequicksearchbox actName: com.google.android.apps.search.assistant.surfaces.voice.robin.ui.floaty.activity.FloatyActivity pid: 13966 activityId: 114759433 uid: 10165 state: 1
03-02 11:06:31.862   861   861 I MTK_APPList: [notifyAPPstate] com.google.android.googlequicksearchbox/com.google.android.apps.search.assistant.surfaces.voice.robin.ui.floaty.activity.FloatyActivity, pid=13966, activityId=114759433, uid=10165, state:RESUMED, fps:-1, win:0
03-02 11:06:31.862   861   861 I MTK_APPList: [notifyAPPstate] multi_resumed_app_count: 2
03-02 11:06:31.862   861   861 I MTK_APPList: [notifyAPPstate] multi_resumed_app_info[0] com.android.systemui/com.android.systemui._190038181, pid:2363, activityId:-1, fps:-1, isMultiWindow:0
03-02 11:06:31.862   861   861 I MTK_APPList: [notifyAPPstate] multi_resumed_app_info[1] com.google.android.googlequicksearchbox/com.google.android.apps.search.assistant.surfaces.voice.robin.ui.floaty.activity.FloatyActivity, pid:13966, activityId:114759433, fps:-1, isMultiWindow:0
03-02 11:06:31.862   861   861 I MTK_APPList: [getForegroundAPPCount] 2
03-02 11:06:31.862   861   861 I MTK_APPList: [notifyAPPstate] foreground:com.google.android.googlequicksearchbox, pid:13966, activityId:114759433, uid:10165
03-02 11:06:31.862   861   861 I MTK_APPList: [notifyNetdUID] 10165
03-02 11:06:31.862  1621  3051 I PowerHalWrapper: amsBoostNotify AMS_BOOST_PROCESS_CREATE_BOOST:true 
03-02 11:06:31.862  1621  1621 D MBrainLocalService: isVendorFreezeConditionPass is false
03-02 11:06:31.862  1621  1621 E MBrainLocalService: notifyAppSwitch failed
03-02 11:06:31.863   863   958 I libPowerHal: [perfLockAcq] idx:2 hdl:366242 hint:22 pid:863 tid:863 duration:10000 lock_user:vendor.mediatek => ret_hdl:366242
03-02 11:06:31.863  1621  3051 D WindowManager: Collecting in transition 10160: ActivityRecord{9880759 u0 com.miui.home/.launcher.Launcher t2} init visibleRequested:false
03-02 11:06:31.863 14013 14013 D VRI[LauncherMinusOneScreen]: visibilityChanged oldVisibility=false newVisibility=true
03-02 11:06:31.864   863   958 I libPowerHal: [PE] MTKPOWER_HINT_PACK_SWITCH update cmd:1408300, param:100, pr:3
03-02 11:06:31.864   863   958 I libPowerHal: [set_kswapd_affinity] set affinity = 16129
03-02 11:06:31.863 11917 11917 D VRI[globalminusscreen]: visibilityChanged oldVisibility=false newVisibility=true
03-02 11:06:31.864   863   958 I libPowerHal: [PE] MTKPOWER_HINT_PACK_SWITCH update ONESHOT(set) cmd:10000700 param:16129 pr:3
03-02 11:06:31.864   863   958 I libPowerHal: [perfLockAcq] Done for hdl : 366242
03-02 11:06:31.865   863   958 I libPowerHal: [perfLockRel] hdl:365877, idx:-1
03-02 11:06:31.865   861   861 I MTK_APPList: [notifyPID] 13966
03-02 11:06:31.865  1621  3051 I SmartPower: com.google.android.googlequicksearchbox:search/10165(13966): idle->invisible(179458ms) R(become foreground) adj=702.
03-02 11:06:31.865  1621  3051 I SmartPower: com.google.android.googlequicksearchbox:googleapp/10165(14013): idle->invisible(179458ms) R(become foreground) adj=800.
03-02 11:06:31.865  1621  3051 I SmartPower: com.google.android.googlequicksearchbox:interactor/10165(5969): background->invisible(182475ms) R(become foreground) adj=100.
03-02 11:06:31.865   863   958 I libPowerHal: [perfSetSysInfo] pid type:24, 13966
03-02 11:06:31.866   861   861 I MTK_APPList: [notifyAPPstate] pc:1, com.softnation.Ojam => com.google.android.googlequicksearchbox
03-02 11:06:31.867  1621  3051 D MiuiRefreshRatePolicy: reset
03-02 11:06:31.869 13966 13981 D AppScoutStateMachine: 13966-ScoutStateMachinecreated
03-02 11:06:31.869  1999  1999 D Launcher.Lifecycle: onStart:UserHandle{0},c143874,false
03-02 11:06:31.870  1999  1999 D LauncherAssistantCompatGoogle: onStart com.google.android.libraries.gsa.launcherclient.LauncherClient@b8351e8
03-02 11:06:31.870  1621  1651 I ActivityTaskManager: visible for Task{2e7af4 #37033 type=standard A=10337:com.softnation.Ojam} visible = true isAnimating = false TRANSITION = false PARENTS = false CHILDREN = false
03-02 11:06:31.870  1621  1651 D SurfaceComposerClient: Transaction::apply InputWindowCommands.focusRequests timestamp=611185418740736, windowName=<null>
03-02 11:06:31.873  1621  1648 D Aurogon :  uid = 10166 switch to FG
03-02 11:06:31.875  1621  1650 D ActivityManager: mediaResourceManagerBinder get success
03-02 11:06:31.875  1124  2142 D ResourceManagerServiceNew: update package name: com.google.android.googlequicksearchbox
03-02 11:06:31.876  1124  2142 D ResourceManagerServiceNew: packageName: com.google.android.googlequicksearchbox, uid : 10165, hashCode : 23530812
03-02 11:06:31.877  1124  2142 D ResourceManagerServiceNew: ResourceManagerService::setCodecsVppModeWithLock
03-02 11:06:31.877  1124  2142 D ResourceManagerServiceNew: all codecs setVppMode return fail
03-02 11:06:31.884   921   921 D SurfaceFlinger: Focus addInputWindowCommands timestamp=611185418740736, windowName=<null>
03-02 11:06:31.886   849   868 I hwcomposer: [HWCDisplay] (0 updateFps():3667), (type:1, mode:2) fps:2.356177,dur:1273.25,max:1010.32,min:24.19  
03-02 11:06:31.887   921   921 I MI-SF   : surfaceflinger setAffinity mode=0
03-02 11:06:31.888   921   921 E MI-SF   : surfaceflinger setAffinity success
03-02 11:06:31.889   921  1483 D SurfaceFlinger: updateWinowInfo=1, setFocusedWindow timestamp=611185418740736, windowName=<null>
03-02 11:06:31.890  1621  5056 D InputDispatcher: setFocusedWindow <null> on display 0 ignored, reason: already focused
03-02 11:06:31.908 13966 13966 I azdq    : #onStart (PageContainer)
03-02 11:06:31.908 13966 13966 W WindowOnBackDispatcher: OnBackInvokedCallback is not enabled for the application.
03-02 11:06:31.908 13966 13966 W WindowOnBackDispatcher: Set 'android:enableOnBackInvokedCallback="true"' in the application manifest.
03-02 11:06:31.909 13966 13966 I bgat    : [hasSecondaryDisplayAndMainDisplayIsDisabled] Main display is ON
03-02 11:06:31.909  6515  9363 D PerfEngineController: ForegroundInfo{mForegroundPackageName='com.google.android.googlequicksearchbox', mForegroundUid=10165, mForegroundPid=13966, mLastForegroundPackageName='com.softnation.Ojam', mLastForegroundUid=10337, mLastForegroundPid=10571, mMultiWindowForegroundPackageName='com.google.android.googlequicksearchbox', mMultiWindowForegroundUid=10165, mFlags=0}
03-02 11:06:31.910  1621  2192 D WindowManager: Set transition=TransitionRecord{d933308 id=10160 type=CLOSE flags=0x0}, ready=true, SyncId=10160 
03-02 11:06:31.910 13966 13966 I bgat    : [hasSecondaryDisplayAndMainDisplayIsDisabled] Main display is ON
03-02 11:06:31.910  1621  1907 D MiuiMultiWindowUtils: DeviceLevel.IS_MIUI_LITE_VERSION 2.0 not support miui multiWindowtides
03-02 11:06:31.910  1621  1907 D BluetoothAdapter: getActiveDevices(profile= A2DP)
03-02 11:06:31.910  6027 28224 I ProcessMonitor: onForegroundInfoChanged: ForegroundInfo{mForegroundPackageName='com.google.android.googlequicksearchbox', mForegroundUid=10165, mForegroundPid=13966, mLastForegroundPackageName='com.softnation.Ojam', mLastForegroundUid=10337, mLastForegroundPid=10571, mMultiWindowForegroundPackageName='com.google.android.googlequicksearchbox', mMultiWindowForegroundUid=10165, mFlags=0}
03-02 11:06:31.910  6027 26949 D v1      : myUserId = 0	currentUserId0
03-02 11:06:31.910  6027 28224 I VideoBoxUtils: isSupportVideoBox: false
03-02 11:06:31.910  6027 28224 I VideoToolBoxService: vtb is closed!!!
03-02 11:06:31.911  2363  2477 I MultiTaskingTaskRepository: no MULTI_WINDOW, but base activity is null
03-02 11:06:31.911  2363  2477 D MiuiFreeformModeCornerTipHandler: task#37027 onTaskVanished
03-02 11:06:31.911  2363  2477 I MiuiBubbleController: removeBubble: 37027 reason=2
03-02 11:06:31.911  1621  4238 I SmartPower: com.mi.globalminusscreen/10162(11917): idle->visible(23181ms) R(become visible) adj=100.
03-02 11:06:31.911  2363  2477 I MultiTaskingTaskInfo: before call clearMaskControl task id = 37027, CoverLayerController = null, callers=com.android.wm.shell.multitasking.taskmanager.MultiTaskingTaskListener.onTaskInfoChanged:268 com.android.wm.shell.ShellTaskOrganizer.onTaskInfoChanged:145 android.window.TaskOrganizer$1.lambda$onTaskInfoChanged$7:322 android.window.TaskOrganizer$1.$r8$lambda$WEHIPeFifg1My6LbK9dElRxchX4:0 android.window.TaskOrganizer$1$$ExternalSyntheticLambda7.run:0 
03-02 11:06:31.911  2363  2477 I MultiTaskingTaskRepository: onTaskInfoChanged multi list = [5, 4], full = [37033, 37027, 37019, 36980]
03-02 11:06:31.912  2363  2477 D MiuiFreeformModeController: onFocusTaskChanged taskInfo: TaskInfo{userId=0 taskId=37027 displayId=0 isRunning=true baseIntent=Intent { flg=0x14850000 pkg=com.google.android.googlequicksearchbox cmp=com.google.android.googlequicksearchbox/com.google.android.apps.search.assistant.surfaces.voice.robin.ui.floaty.activity.FloatyActivity } baseActivity=ComponentInfo{com.google.android.googlequicksearchbox/com.google.android.apps.search.assistant.surfaces.voice.robin.ui.floaty.activity.FloatyActivity} topActivity=ComponentInfo{com.google.android.googlequicksearchbox/com.google.android.apps.search.assistant.surfaces.voice.robin.ui.floaty.activity.FloatyActivity} origActivity=null realActivity=ComponentInfo{com.google.android.googlequicksearchbox/com.google.android.apps.search.assistant.surfaces.voice.robin.ui.floaty.activity.FloatyActivity} numActivities=1 lastActiveTime=1028951280 supportsSplitScreenMultiWindow=true supportsMultiWindow=true resizeMode=2 isResizeable=true minWidth=-1 minHeight=-1 defaultMinSize=200 token=WCT{android.window.IWindowContainerToken$Stub$Proxy@f735460} topActivityType=1 pictureInPictureParams=null shouldDockBigOverlays=false launchIntoPipHostTaskId=-1 lastParentTaskIdBeforePip=-1 displayCutoutSafeInsets=null topActivityInfo=ActivityInfo{a105d19 com.google.android.apps.search.assistant.surfaces.voice.robin.ui.floaty.activity.FloatyActivity} launchCookies=[] positionInParent=Point(0, 0) parentTaskId=-1 isFocused=true isVisible=false isVisibleRequested=true isSleeping=false locusId=null displayAreaFeatureId=1 isTopActivityTransparent=true appCompatTaskInfo=AppCompatTaskInfo { topActivityInSizeCompat=false topActivityEligibleForLetterboxEducation= falseisLetterboxEducationEnabled= false isLetterboxDoubleTapEnabled= false topActivityEligibleForUserAspectRatioButton= false topActivityBoundsLetterboxed= false isFromLetterboxDoubleTap= false topActivityLetterboxVerticalPosition= -1 topActivityLetterboxHorizontalPosition= -1 topActivityLetterboxWidth=1080 topActivityLetterboxHeight=2460 isUserFullscreenOverrideEnabled=false isSystemFullscreenOverrideEnabled=false cameraCompatTaskInfo=CameraCompatTaskInfo { cameraCompatControlState=hidden freeformCameraCompatMode=inactive}} isImmersive=false mTopActivityRequestOrientation=-2 mBehindAppLockPkg=null mOriginatingUid=0 isEmbedded=false shouldBeVisible=true mIsCastMode=false mTopActivityMediaSize=null mTopActivityRecordName=ActivityRecord{6d71709 u0 com.google.android.googlequicksearchbox/com.google.android.apps.search.assistant.surfaces.voice.robin.ui.floaty.activity.FloatyActivity t37027} mTopActivityOrientation=-1}
03-02 11:06:31.912  1621  1648 D Aurogon :  uid = 10165 switch to FG
03-02 11:06:31.912  2363  2477 D OneHandedController: stopOneHanded state is 0
03-02 11:06:31.912 13966 13966 I bgat    : [hasSecondaryDisplayAndMainDisplayIsDisabled] Main display is ON
03-02 11:06:31.912   921  1170 I BufferQueueDebug: [LauncherOverlayWindow:com.mi.globalminusscreen#133823](this:0xb400007bcecdeca8,id:-1,api:0,p:-1,c:-1) BufferQueue core=(921:/system/bin/surfaceflinger)
03-02 11:06:31.913  1999  2684 D RecentsModel: onTaskStackChangedBackground    MSG_TASK_STACK_CHANGE
03-02 11:06:31.913  1999  2684 D RecentsModel: boostTaskStackChangedThread once, tid=2684, recentResourceLoaderTid=2525
03-02 11:06:31.913  1999  2684 W MiBridge: Permission not granted !!
03-02 11:06:31.913  1999  2684 D Launcher.Boost: setDynamicVIPTaskIfNeeded::tid = 2684 duration = 500
03-02 11:06:31.914  1999  2756 D EventBus: No subscribers registered for event class com.miui.home.recents.messages.RecentTasksChangedEvent
03-02 11:06:31.914  1999  2756 D EventBus: No subscribers registered for event class org.greenrobot.eventbus.NoSubscriberEvent
03-02 11:06:31.914  1621  1907 D BluetoothAdapter: getActiveDevices(profile= HEADSET)
03-02 11:06:31.915  1621  4238 D MiuiRefreshRatePolicy: reset
03-02 11:06:31.916  1621  4238 I BLASTSyncEngine: SyncGroup 10160:  Unfinished container:ActivityRecord{9880759 u0 com.miui.home/.launcher.Launcher t2}
03-02 11:06:31.916  1621  4238 I BLASTSyncEngine: isActivitySyncFinished isSyncFinished false ActivityRecord{9880759 u0 com.miui.home/.launcher.Launcher t2}
03-02 11:06:31.917  1621  1907 D BluetoothAdapter: getActiveDevices(profile= LE_AUDIO)
03-02 11:06:31.917  1621  4238 I WindowManager: Relayout Window{ff9cdea u0 LauncherOverlayWindow:com.mi.globalminusscreen}: oldVis=8 newVis=0 focusMayChange = true requestedWidth = 1080 requestedHeight = 2460 outFrames = ClientWindowFrames{frame=[0,0][1080,2460] display=[0,0][1080,2460] parentFrame=[0,0][0,0]} outSurfaceControl = Surface(name=LauncherOverlayWindow:com.mi.globalminusscreen#133823)/@0x5ac77b4
03-02 11:06:31.918  1621  4427 I SmartPower: com.google.android.googlequicksearchbox:googleapp/10165(14013): invisible->visible(53ms) R(become visible) adj=800.
03-02 11:06:31.918 13966 14009 I ayzy    : (REDACTED) buildNewState: %s, %s
03-02 11:06:31.918 13966 14009 I azad    : #sendHideEvent
03-02 11:06:31.919  1621  3051 W ProcessStats: Tracking association SourceState{ef0c327 com.mi.globalminusscreen/10162 BTop #1374162} whose proc state 2 is better than process ProcessState{32b3553 com.miui.analytics/10168 pkg=com.miui.analytics} proc state 3 (5 skipped)
03-02 11:06:31.919   921  1500 I BufferQueueDebug: [LauncherMinusOneScreen#133824](this:0xb400007bcecb13a8,id:-1,api:0,p:-1,c:-1) BufferQueue core=(921:/system/bin/surfaceflinger)
03-02 11:06:31.919 11917 11917 D BufferQueueConsumer: [](id:2e8d00000026,api:0,p:-1,c:11917) connect: controlledByApp=false
03-02 11:06:31.920  1621  3051 E ClipboardServiceI: removeActivePermissionOwnerForPackage: mPrimaryClipPackage is null or get is null
03-02 11:06:31.920 13966 14009 I ayzy    : (REDACTED) #processEvent: %s
03-02 11:06:31.921 11917 11917 D BLASTBufferQueue: [VRI[globalminusscreen]#38](f:0,a:0) constructor()
03-02 11:06:31.921 11917 11917 D BLASTBufferQueue: [VRI[globalminusscreen]#38](f:0,a:0) update width=1080 height=2460 format=-2 mTransformHint=0
03-02 11:06:31.922 18562 20351 E BluetoothAdapterService: getActiveDevices: LeAudioService is null
03-02 11:06:31.922  1621  4427 D MiuiRefreshRatePolicy: reset
03-02 11:06:31.922  1621  1907 D AudioSystem: +setParameters(): foregroundUid=10165;bluetoothlowlatencystatus=false 
03-02 11:06:31.923  1621  1907 D AudioSystem: start get log level!
03-02 11:06:31.924  1621  4427 I BLASTSyncEngine: SyncGroup 10160:  Unfinished container:ActivityRecord{9880759 u0 com.miui.home/.launcher.Launcher t2}
03-02 11:06:31.924   843   968 D AudioALSAHardware: +setParameters(): bluetoothlowlatencystatus=false;foregroundUid=10165
03-02 11:06:31.925 11917 11917 D VRI[globalminusscreen]: vri.reportNextDraw android.view.ViewRootImpl.performTraversals:4984 android.view.ViewRootImpl.doTraversal:3564 android.view.ViewRootImpl$TraversalRunnable.run:11781 android.view.Choreographer$CallbackRecord.run:1804 android.view.Choreographer$CallbackRecord.run:1813 
03-02 11:06:31.925 11917 11917 D VRI[globalminusscreen]: Setup new sync=wmsSync-VRI[globalminusscreen]#76
03-02 11:06:31.925   843   968 D AudioALSAHardware: -setParameters(): bluetoothlowlatencystatus=false;foregroundUid=10165
03-02 11:06:31.925   843   968 E AHAL_Module: setVendorParameters: default: unrecognized parameter "bluetoothlowlatencystatus=false;foregroundUid=10165"
03-02 11:06:31.925   894 12821 E ConversionHelperAidl: Function: parseAndSetVendorParameters Line: 97 Failed 
03-02 11:06:31.927   843   968 D AHAL_ModuleBluetooth: setVendorParameters: parameter count 1, async: 0
03-02 11:06:31.927   843   968 D AHAL_ModuleBluetooth: setVendorParameters: bluetoothlowlatencystatus=false;foregroundUid=10165
03-02 11:06:31.927  1621  4427 I BLASTSyncEngine: isActivitySyncFinished isSyncFinished false ActivityRecord{9880759 u0 com.miui.home/.launcher.Launcher t2}
03-02 11:06:31.928  1621  4427 I WindowManager: Relayout Window{c20b10a u0 LauncherMinusOneScreen}: oldVis=8 newVis=0 focusMayChange = true requestedWidth = 1080 requestedHeight = 2460 outFrames = ClientWindowFrames{frame=[0,0][1080,2460] display=[0,0][1080,2460] parentFrame=[0,0][0,0]} outSurfaceControl = Surface(name=LauncherMinusOneScreen#133824)/@0xc735b20
03-02 11:06:31.928  1621  1842 I MiuiNetworkPolicy: updateUidState uid = 99351, uidState = 3
03-02 11:06:31.928  1621  1842 I MiuiNetworkPolicy: updateUidState uid = 10261, uidState = 3
03-02 11:06:31.929  1621  1842 I MiuiNetworkPolicy: updateUidState uid = 10200, uidState = 3
03-02 11:06:31.929  1621  1842 I MiuiNetworkPolicy: updateUidState uid = 10181, uidState = 3
03-02 11:06:31.929  1621  1842 I MiuiNetworkPolicy: updateUidState uid = 10168, uidState = 3
03-02 11:06:31.929  1621  1842 I MiuiNetworkPolicy: updateUidState uid = 10166, uidState = 2
03-02 11:06:31.929  1621  1842 I MiuiNetworkPolicy: updateUidState uid = 10165, uidState = 2
03-02 11:06:31.929  1621  1842 I MiuiNetworkPolicy: updateUidState uid = 10162, uidState = 3
03-02 11:06:31.929  1621  1842 I MiuiNetworkPolicy: updateUidState uid = 10152, uidState = 19
03-02 11:06:31.929  1621  1842 I MiuiNetworkPolicy: updateUidState uid = 10147, uidState = 3
03-02 11:06:31.930  1621  1651 D MiuiRefreshRatePolicy: reset
03-02 11:06:31.932  1621  1651 I BLASTSyncEngine: SyncGroup 10160:  Unfinished container:ActivityRecord{9880759 u0 com.miui.home/.launcher.Launcher t2}
03-02 11:06:31.932  1621  1651 I BLASTSyncEngine: isActivitySyncFinished isSyncFinished false ActivityRecord{9880759 u0 com.miui.home/.launcher.Launcher t2}
03-02 11:06:31.932   921   921 I BpBinder: onLastStrongRef automatically unlinking death recipients: 
03-02 11:06:31.936  1621  4246 I ATMSImpl: cacheTasksForDefaultDisplay size=4
03-02 11:06:31.936 14013 14013 D BufferQueueConsumer: [](id:36bd00000011,api:0,p:-1,c:14013) connect: controlledByApp=false
03-02 11:06:31.937 14013 14013 D BLASTBufferQueue: [VRI[LauncherMinusOneScreen]#17](f:0,a:0) constructor()
03-02 11:06:31.938 14013 14013 D BLASTBufferQueue: [VRI[LauncherMinusOneScreen]#17](f:0,a:0) update width=1080 height=2460 format=-2 mTransformHint=0
03-02 11:06:31.941  1621  5056 I ATMSImpl: cacheTasksForDefaultDisplay size=4
03-02 11:06:31.942 18562 20351 D BluetoothLatencyMode: ForegroundInfo{mForegroundPackageName='com.google.android.googlequicksearchbox', mForegroundUid=10165, mForegroundPid=13966, mLastForegroundPackageName='com.softnation.Ojam', mLastForegroundUid=10337, mLastForegroundPid=10571, mMultiWindowForegroundPackageName='com.google.android.googlequicksearchbox', mMultiWindowForegroundUid=10165, mFlags=0}
03-02 11:06:31.943  1999  2684 D RecentsModel: getRunningTask ignoreActivityType : 2 ,ignoreWindowMode:5
03-02 11:06:31.944 14013 14013 D VRI[LauncherMinusOneScreen]: vri.reportNextDraw android.view.ViewRootImpl.performTraversals:4984 android.view.ViewRootImpl.doTraversal:3564 android.view.ViewRootImpl$TraversalRunnable.run:11781 android.view.Choreographer$CallbackRecord.run:1804 android.view.Choreographer$CallbackRecord.run:1813 
03-02 11:06:31.944 14013 14013 D VRI[LauncherMinusOneScreen]: Setup new sync=wmsSync-VRI[LauncherMinusOneScreen]#36
03-02 11:06:31.944  1999  2684 W RecentsModel: getRunningTask   taskInfo=TaskInfo{userId=0 taskId=37027 displayId=0 isRunning=true baseIntent=Intent { flg=0x14850000 pkg=com.google.android.googlequicksearchbox cmp=com.google.android.googlequicksearchbox/com.google.android.apps.search.assistant.surfaces.voice.robin.ui.floaty.activity.FloatyActivity } baseActivity=ComponentInfo{com.google.android.googlequicksearchbox/com.google.android.apps.search.assistant.surfaces.voice.robin.ui.floaty.activity.FloatyActivity} topActivity=ComponentInfo{com.google.android.googlequicksearchbox/com.google.android.apps.search.assistant.surfaces.voice.robin.ui.floaty.activity.FloatyActivity} origActivity=null realActivity=ComponentInfo{com.google.android.googlequicksearchbox/com.google.android.apps.search.assistant.surfaces.voice.robin.ui.floaty.activity.FloatyActivity} numActivities=1 lastActiveTime=1028951363 supportsSplitScreenMultiWindow=true supportsMultiWindow=true resizeMode=2 isResizeable=true minWidth=-1 minHeight=-1 defaultMinSize=200 token=WCT{android.window.IWindowContainerToken$Stub$Proxy@b30f0e6} topActivityType=1 pictureInPictureParams=null shouldDockBigOverlays=false launchIntoPipHostTaskId=-1 lastParentTaskIdBeforePip=-1 displayCutoutSafeInsets=null topActivityInfo=ActivityInfo{520d627 com.google.android.apps.search.assistant.surfaces.voice.robin.ui.floaty.activity.FloatyActivity} launchCookies=[] positionInParent=Point(0, 0) parentTaskId=-1 isFocused=true isVisible=false isVisibleRequested=true isSleeping=false locusId=null displayAreaFeatureId=1 isTopActivityTransparent=true appCompatTaskInfo=AppCompatTaskInfo { topActivityInSizeCompat=false topActivityEligibleForLetterboxEducation= falseisLetterboxEducationEnabled= false isLetterboxDoubleTapEnabled= false topActivityEligibleForUserAspectRatioButton= false topActivityBoundsLetterboxed= false isFromLetterboxDoubleTap= false topActivityLetterboxVerticalPosition= -1 topActivityLetterboxHorizontalPosition= -1 topActivityLetterboxWidth=1080 topActivityLetterboxHeight=2460 isUserFullscreenOverrideEnabled=false isSystemFullscreenOverrideEnabled=false cameraCompatTaskInfo=CameraCompatTaskInfo { cameraCompatControlState=hidden freeformCameraCompatMode=inactive}} isImmersive=false mTopActivityRequestOrientation=-2 mBehindAppLockPkg=null mOriginatingUid=0 isEmbedded=false shouldBeVisible=true mIsCastMode=false mTopActivityMediaSize=null mTopActivityRecordName=ActivityRecord{6d71709 u0 com.google.android.googlequicksearchbox/com.google.android.apps.search.assistant.surfaces.voice.robin.ui.floaty.activity.FloatyActivity t37027} mTopActivityOrientation=-1}
03-02 11:06:31.944  1999  2684 D RecentsModel: preloadRecents runningTaskId:37027, mCurrentRunningTaskId:-1, mRecentsTaskLoadPlan=com.android.systemui.shared.recents.model.RecentsTaskLoadPlan@96540d4
03-02 11:06:31.944  1621  3051 D WindowManager: Set transition=TransitionRecord{d933308 id=10160 type=CLOSE flags=0x0}, ready=true, SyncId=10160 
03-02 11:06:31.944  1999  2684 E ActivityManagerWrapper: get all recent tasks force including 37027
03-02 11:06:31.945 11917 22576 D BLASTBufferQueue: [VRI[globalminusscreen]#38](f:0,a:1) acquireNextBufferLocked size=1080x2460 mFrameNumber=1 applyTransaction=true mTimestamp=611185489380659(auto) mPendingTransactions.size=0 graphicBufferId=51183125266660 transform=0
03-02 11:06:31.945  1621  3051 D WindowManager: Set transition=TransitionRecord{d933308 id=10160 type=CLOSE flags=0x0}, ready=true, SyncId=10160 
03-02 11:06:31.945  1621  3051 I AppsFilter: interaction: PackageSetting{131896e com.android.microdroid.empty_payload/10255} -> PackageSetting{a1f157f com.softnation.Ojam/10337} BLOCKED
03-02 11:06:31.947 11917 11917 D VRI[globalminusscreen]: vri.reportDrawFinished
03-02 11:06:31.947  1621  3051 W ActivityManager: Invalid packageName: com.softnation.Ojam
03-02 11:06:31.948  1621  1651 I ActivityTaskManager: visible for Task{2e7af4 #37033 type=standard A=10337:com.softnation.Ojam} visible = true isAnimating = false TRANSITION = false PARENTS = false CHILDREN = false
03-02 11:06:31.950  1621  1621 I NotificationService: Cancel FGS notification CallingUid: 10337 CallingPid: 0 Pkg: com.softnation.Ojam Id:1001 Tag:null UserId:0 MustHaveFlags:0 MustNotHaveFlags:0 Reason:8 foregroundNotiWhen:1772445896240 foregroundNotiFlags:104 foregroundNotiChannelId:default_channel_id
03-02 11:06:31.950  1621  5056 D WindowManager: wms.finishDrawingLocked: mDrawState=COMMIT_DRAW_PENDING Window{ff9cdea u0 LauncherOverlayWindow:com.mi.globalminusscreen} in Surface(name=LauncherOverlayWindow:com.mi.globalminusscreen#133823)/@0x4791c87
03-02 11:06:31.951  1621  1651 D MiuiRefreshRatePolicy: reset
03-02 11:06:31.953  1621  1651 I BLASTSyncEngine: SyncGroup 10160:  Unfinished container:ActivityRecord{9880759 u0 com.miui.home/.launcher.Launcher t2}
03-02 11:06:31.953  1621  1651 I BLASTSyncEngine: isActivitySyncFinished isSyncFinished false ActivityRecord{9880759 u0 com.miui.home/.launcher.Launcher t2}
03-02 11:06:31.954 18562 20351 W LeAudioService: getLeAudioService(): service is NULL
03-02 11:06:31.954  1621  2200 D ConnectivityService: requestNetwork for uid/pid:10165/13966 activeRequest: null callbackRequest: 242341 [NetworkRequest [ REQUEST id=242342, [ Capabilities: INTERNET&NOT_RESTRICTED&TRUSTED&NOT_VCN_MANAGED&NOT_BANDWIDTH_CONSTRAINED Uid: 10165 RequestorUid: 10165 RequestorPkg: com.google.android.googlequicksearchbox UnderlyingNetworks: Null] ]] callback flags: 0 order: 2147483647 isUidTracked: false declaredMethods: AVAIL|LOST
03-02 11:06:31.954 18562 20351 D BluetoothLatencyMode: isWiredAudioHeadset.type: 1
03-02 11:06:31.954 18562 20351 D BluetoothLatencyMode: isWiredAudioHeadset.type: 2
03-02 11:06:31.954 18562 20351 D BluetoothLatencyMode: isWiredAudioHeadset.type: 18
03-02 11:06:31.954 18562 20351 D BluetoothLatencyMode: isWiredAudioHeadset.type: 14
03-02 11:06:31.954  1621  1894 W system_server: Long monitor contention with owner binder:1621_11 (3051) at void com.android.server.am.ActivityManagerService.forceStopPackage(java.lang.String, int, int, java.lang.String)(ActivityManagerService.java:4406) waiters=1 in boolean com.android.server.am.ProcessManagerService.isAppHasForegroundServices(com.android.server.am.ProcessRecord) for 102ms
03-02 11:06:31.958  1621  2200 D AppLock_AccessControlImpl: activityResume packageName: com.google.android.googlequicksearchbox userId: 0 enabled: true
03-02 11:06:31.958  1621  2200 D AppLock_AccessControlImpl: activityResume lockMode: 1
03-02 11:06:31.958 13966 13966 D SecurityManager: checkAccessControl flag1
03-02 11:06:31.962 13966 13966 I azdq    : #onResume (PageContainer)
03-02 11:06:31.963 13966 13966 I aoyz    : Starting to execute activity foreground action
03-02 11:06:31.963 13966 13966 I aoyz    : Successfully executed activity foreground action
03-02 11:06:31.963 13966 13966 I aoyz    : Starting to execute activity foreground action
03-02 11:06:31.963 13966 13966 I aoyz    : Successfully executed activity foreground action
03-02 11:06:31.963 13966 13966 I aoyz    : Starting to execute activity foreground action
03-02 11:06:31.963 13966 13966 I aoyz    : Starting to execute activity foreground action
03-02 11:06:31.964 13966 13966 I aoyz    : Successfully executed activity foreground action
03-02 11:06:31.964 13966 13966 I aoyz    : Starting to execute activity foreground action
03-02 11:06:31.964 13966 13966 I aoyz    : Successfully executed activity foreground action
03-02 11:06:31.964 13966 13966 I aoyz    : Starting to execute activity foreground action
03-02 11:06:31.964 13966 13966 I aoyz    : Successfully executed activity foreground action
03-02 11:06:31.964 13966 13966 I aoyz    : Starting to execute activity foreground action
03-02 11:06:31.964 13966 13966 I amgy    : Triggering freemium quota refresh on startup
03-02 11:06:31.964 13966 13966 I aoyz    : Successfully executed activity foreground action
03-02 11:06:31.964 13966  4699 I anhl    : Reading app policies state from PDS
03-02 11:06:31.965 13966  4699 I anhl    : App policies state is still valid
03-02 11:06:31.965  1999  2684 D ActivityManagerWrapper: groupedRecentTaskInfoCompat.getMainTaskId :37027, isExcluded is True
03-02 11:06:31.965  1999  2684 E ActivityManagerWrapper: getRecentTasksForceIncludingTaskIdIfValid: getRecentTasks: size=4
03-02 11:06:31.965  1999  2684 E ActivityManagerWrapper:  mainTaskId=37027   userId=0   windowMode=1   baseIntent=Intent { act=null flag=344260608 cmp=ComponentInfo{com.google.android.googlequicksearchbox/com.google.android.apps.search.assistant.surfaces.voice.robin.ui.floaty.activity.FloatyActivity} }
03-02 11:06:31.965  1999  2684 E ActivityManagerWrapper:  mainTaskId=37033   userId=0   windowMode=1   baseIntent=Intent { act=null flag=268435456 cmp=ComponentInfo{com.softnation.Ojam/com.softnation.Ojam.MainActivity} }
03-02 11:06:31.965  1999  2684 E ActivityManagerWrapper:  mainTaskId=37019   userId=0   windowMode=1   baseIntent=Intent { act=null flag=268435456 cmp=ComponentInfo{com.whatsapp/com.whatsapp.home.ui.HomeActivity} }
03-02 11:06:31.965  1999  2684 E ActivityManagerWrapper:  mainTaskId=36980   userId=0   windowMode=1   baseIntent=Intent { act=android.intent.action.MAIN flag=270532608 cmp=ComponentInfo{com.twitter.android/com.twitter.android.StartActivity} }
03-02 11:06:31.966  6515  6997 D MilletUtils: setUidState, uid = 10165 allow = true
03-02 11:06:31.967 13966 13966 I aqtu    : Maybe Dispatching intercepted touch
03-02 11:06:31.967 13966 13966 I aqtu    : No intercepted taps.
03-02 11:06:31.967  1621  1651 I ActivityTaskManager: visible for Task{2e7af4 #37033 type=standard A=10337:com.softnation.Ojam} visible = true isAnimating = false TRANSITION = false PARENTS = false CHILDREN = false
03-02 11:06:31.967 13966 13966 I azdq    : #handleFloatyIntent - FloatyPageContainerFragmentPeer
03-02 11:06:31.968 13966 13966 I aznm    : #onResume
03-02 11:06:31.968 13966 13966 I ajvw    : (REDACTED) #onResume %s
03-02 11:06:31.971  1621  1843 D WifiNetworkFactory: got request NetworkRequest [ REQUEST id=242342, [ Capabilities: INTERNET&NOT_RESTRICTED&TRUSTED&NOT_VCN_MANAGED&NOT_BANDWIDTH_CONSTRAINED Uid: 10165 RequestorUid: 10165 RequestorPkg: com.google.android.googlequicksearchbox UnderlyingNetworks: Null] ]
03-02 11:06:31.972 11917 12034 D LauncherOverlay: setActivityState:1
03-02 11:06:31.972 13966 14007 I amgt    : (REDACTED) Limit not reached, shouldRefresh=%s
03-02 11:06:31.972 13966 14007 I apaf    : (REDACTED) #TRIGGER_TYPE type is: %s
03-02 11:06:31.972  1999  1999 D Launcher: Launcher.DeviceConfig onStart bounds = Rect(0, 0 - 1080, 2460)
03-02 11:06:31.972 13966 14007 I apaf    : (REDACTED) #TRIGGER_TYPE islockscreen is: %s
03-02 11:06:31.972  1999  1999 W Activity: PerfMonitor: Slow Operation: Activity com.miui.home/.launcher.Launcher onStart took 103ms
03-02 11:06:31.973 14013 14467 D BLASTBufferQueue: [VRI[LauncherMinusOneScreen]#17](f:0,a:1) acquireNextBufferLocked size=1080x2460 mFrameNumber=1 applyTransaction=true mTimestamp=611185521058890(auto) mPendingTransactions.size=0 graphicBufferId=60185376718952 transform=0
03-02 11:06:31.973 13966 13966 I ajpw    : (REDACTED) Primary locale found %s
03-02 11:06:31.974 13966 13966 I djzh    : (REDACTED) isAppDefaultAssistant setting: %s
03-02 11:06:31.974 13966 13966 I djzh    : (REDACTED) isAppDefaultAssistant defaultComponentName: %s
03-02 11:06:31.974 13966 13966 W behj    : (REDACTED) The setting %s has not been set, or the string value is not a number
03-02 11:06:31.974  1621  2200 D MiSensorServiceImpl: PowerKeeperSensor resume iUid:10165 but app has not in Controlled
03-02 11:06:31.974 13966 13966 W behj    : (REDACTED) The setting %s has not been set, or the string value is not a number
03-02 11:06:31.976 11917 11917 D LauncherOverlay.Window: onStart
03-02 11:06:31.977  1621  1843 D UntrustedWifiNetworkFactory: got request NetworkRequest [ REQUEST id=242342, [ Capabilities: INTERNET&NOT_RESTRICTED&TRUSTED&NOT_VCN_MANAGED&NOT_BANDWIDTH_CONSTRAINED Uid: 10165 RequestorUid: 10165 RequestorPkg: com.google.android.googlequicksearchbox UnderlyingNetworks: Null] ]
03-02 11:06:31.982  1999 17839 D Launcher.Utilities: select screen is:personal_assistant_google
03-02 11:06:31.982 13966 13966 I bgat    : [hasSecondaryDisplayAndMainDisplayIsDisabled] Main display is ON
03-02 11:06:31.982 13966 13966 I bgat    : [hasSecondaryDisplayAndMainDisplayIsDisabled] Main display is ON
03-02 11:06:31.983 13966 13966 I bgat    : [hasSecondaryDisplayAndMainDisplayIsDisabled] Main display is ON
03-02 11:06:31.983 13966 13966 I bgat    : [hasSecondaryDisplayAndMainDisplayIsDisabled] Main display is ON
03-02 11:06:31.984 14013 14013 D VRI[LauncherMinusOneScreen]: vri.reportDrawFinished
03-02 11:06:31.984 13966 13966 I aysr    : (REDACTED) Setting floaty + banner max height to: %s (the maximumContentHeight is: %s, and the extraAllowedHeight is: %s)
03-02 11:06:31.985 13966 13986 D ActivityThread: the event that target app starts is : AppLaunchEvent{mType='441', mProcessName='com.google.android.googlequicksearchbox:search', mPackageName='com.google.android.googlequicksearchbox', mIsMainProcess='false', mVersionCode='301702678', mLaunchTime='2026-03-02'}
03-02 11:06:31.985 13966 13966 I bgat    : [hasSecondaryDisplayAndMainDisplayIsDisabled] Main display is ON
03-02 11:06:31.986 13966 13966 I bgat    : [hasSecondaryDisplayAndMainDisplayIsDisabled] Main display is ON
03-02 11:06:31.987  1621  4427 D WindowManager: wms.finishDrawingLocked: mDrawState=COMMIT_DRAW_PENDING Window{c20b10a u0 LauncherMinusOneScreen} in Surface(name=LauncherMinusOneScreen#133824)/@0x4c0fa23
03-02 11:06:31.987  4243  5184 W MQSEventManager: occur
03-02 11:06:31.988   921  1500 I BufferQueueDebug: [com.google.android.googlequicksearchbox/com.google.android.apps.search.assistant.surfaces.voice.robin.ui.floaty.activity.FloatyActivity#133825](this:0xb400007bcec25b18,id:-1,api:0,p:-1,c:-1) BufferQueue core=(921:/system/bin/surfaceflinger)
03-02 11:06:31.989  1621  1746 E JobScheduler: ResourceBudgetManagerInternal is null
03-02 11:06:31.992 13966 13999 I ajoh    : Device not matched [CONTEXT ratelimit_period="10 SECONDS" skipped=1 ]
03-02 11:06:31.992  1621  2200 D MiuiRefreshRatePolicy: reset
03-02 11:06:31.993  1621  4427 D FileUtils: Rounded bytes from 8055762944 to 16000000000
