03-02 11:06:32.497  1999  2684 W RecentsModel: getRunningTask   taskInfo=TaskInfo{userId=0 taskId=37027 displayId=0 isRunning=true baseIntent=Intent { flg=0x14850000 pkg=com.google.android.googlequicksearchbox cmp=com.google.android.googlequicksearchbox/com.google.android.apps.search.assistant.surfaces.voice.robin.ui.floaty.activity.FloatyActivity } baseActivity=ComponentInfo{com.google.android.googlequicksearchbox/com.google.android.apps.search.assistant.surfaces.voice.robin.ui.floaty.activity.FloatyActivity} topActivity=ComponentInfo{com.google.android.googlequicksearchbox/com.google.android.apps.search.assistant.surfaces.voice.robin.ui.floaty.activity.FloatyActivity} origActivity=null realActivity=ComponentInfo{com.google.android.googlequicksearchbox/com.google.android.apps.search.assistant.surfaces.voice.robin.ui.floaty.activity.FloatyActivity} numActivities=1 lastActiveTime=1028951914 supportsSplitScreenMultiWindow=true supportsMultiWindow=true resizeMode=2 isResizeable=true minWidth=-1 minHeight=-1 defaultMinSize=200 token=WCT{android.window.IWindowContainerToken$Stub$Proxy@3b2d7} topActivityType=1 pictureInPictureParams=null shouldDockBigOverlays=false launchIntoPipHostTaskId=-1 lastParentTaskIdBeforePip=-1 displayCutoutSafeInsets=null topActivityInfo=ActivityInfo{b5ad7c4 com.google.android.apps.search.assistant.surfaces.voice.robin.ui.floaty.activity.FloatyActivity} launchCookies=[] positionInParent=Point(0, 0) parentTaskId=-1 isFocused=true isVisible=true isVisibleRequested=true isSleeping=false locusId=null displayAreaFeatureId=1 isTopActivityTransparent=true appCompatTaskInfo=AppCompatTaskInfo { topActivityInSizeCompat=false topActivityEligibleForLetterboxEducation= falseisLetterboxEducationEnabled= false isLetterboxDoubleTapEnabled= false topActivityEligibleForUserAspectRatioButton= false topActivityBoundsLetterboxed= false isFromLetterboxDoubleTap= false topActivityLetterboxVerticalPosition= -1 topActivityLetterboxHorizontalPosition= -1 topActivityLetterboxWidth=1080 topActivityLetterboxHeight=2460 isUserFullscreenOverrideEnabled=false isSystemFullscreenOverrideEnabled=false cameraCompatTaskInfo=CameraCompatTaskInfo { cameraCompatControlState=hidden freeformCameraCompatMode=inactive}} isImmersive=false mTopActivityRequestOrientation=-2 mBehindAppLockPkg=null mOriginatingUid=0 isEmbedded=false shouldBeVisible=true mIsCastMode=false mTopActivityMediaSize=null mTopActivityRecordName=ActivityRecord{6d71709 u0 com.google.android.googlequicksearchbox/com.google.android.apps.search.assistant.surfaces.voice.robin.ui.floaty.activity.FloatyActivity t37027} mTopActivityOrientation=-1}
03-02 11:06:32.497  1999  2684 D RecentsModel: preloadRecents runningTaskId:37027, mCurrentRunningTaskId:-1, mRecentsTaskLoadPlan=com.android.systemui.shared.recents.model.RecentsTaskLoadPlan@903c6ad
03-02 11:06:32.498   921  2359 I BufferQueueDebug: [Splash Screen com.softnation.Ojam#133836](this:0xb400007bceca8af8,id:-1,api:0,p:-1,c:-1) BufferQueue core=(921:/system/bin/surfaceflinger)
03-02 11:06:32.498  1999  2684 E ActivityManagerWrapper: get all recent tasks force including 37027
03-02 11:06:32.499 12515 12515 E Zygote  : process_name_ptr:12515 com.softnation.Ojam
03-02 11:06:32.500 12515 12515 E Zygote  : SetMemoryProtected process_name_ptr:12515 com.softnation.Ojam
03-02 11:06:32.501  1621  4763 D MiuiRefreshRatePolicy: reset
03-02 11:06:32.506  1621  5247 D CoreBackPreview: Window{43d6cdc u0 Splash Screen com.softnation.Ojam}: Setting back callback OnBackInvokedCallbackInfo{mCallback=android.window.IOnBackInvokedCallback$Stub$Proxy@bb7d747, mPriority=0, mIsAnimationCallback=false}
03-02 11:06:32.508  2363  2577 D BufferQueueConsumer: [](id:93b00001ae1,api:0,p:-1,c:2363) connect: controlledByApp=false
03-02 11:06:32.509  2363  2577 D BLASTBufferQueue: [VRI[Ojam]#5836](f:0,a:0) constructor()
03-02 11:06:32.509  2363  2577 D BLASTBufferQueue: [VRI[Ojam]#5836](f:0,a:0) update width=1080 height=2460 format=-3 mTransformHint=0
03-02 11:06:32.511  1621  5054 I AppsFilter: interaction: PackageSetting{131896e com.android.microdroid.empty_payload/10255} -> PackageSetting{8c87b74 com.softnation.Ojam/10337} BLOCKED
03-02 11:06:32.511  2363  2577 D VRI[Ojam]: vri.reportNextDraw android.view.ViewRootImpl.performTraversals:4984 android.view.ViewRootImpl.doTraversal:3564 android.view.ViewRootImpl$TraversalRunnable.run:11781 android.view.Choreographer$CallbackRecord.run:1804 android.view.Choreographer$CallbackRecord.run:1813 
03-02 11:06:32.511  2363  2577 D VRI[Ojam]: Setup new sync=wmsSync-VRI[Ojam]#12
03-02 11:06:32.512  1621  1918 E HyperSentinel: -------------------------------------------------------
03-02 11:06:32.513  1621  1918 E HyperSentinel: Event_OpenFileFDSize
03-02 11:06:32.513  1621  1918 E HyperSentinel: -> audit event by proc 1621 "system_server": Fd increasement, peak, 1064 -> 1173
03-02 11:06:32.513  1621  5054 D WindowManager: Collecting in transition 10161: ActivityRecord{358b7d6 u0 com.softnation.Ojam/.MainActivity t37034} init visibleRequested:false
03-02 11:06:32.513  2363  2648 D HWUI    : makeCurrent grContext:0xb4000079f1a172d0 reset mTextureAvailable
03-02 11:06:32.513  1621  1917 D MiuiSentinelService: begin judgment FdAmountLeakException
03-02 11:06:32.513  1621  5054 D WindowManager: Collecting in transition 10161: ActivityRecord{6d71709 u0 com.google.android.googlequicksearchbox/com.google.android.apps.search.assistant.surfaces.voice.robin.ui.floaty.activity.FloatyActivity t37027} init visibleRequested:true
03-02 11:06:32.514  1621  5054 D WindowManager: Collecting in transition 10161: ActivityRecord{9880759 u0 com.miui.home/.launcher.Launcher t2} init visibleRequested:true
03-02 11:06:32.515  1621  5054 D WindowManager: Collecting in transition 10161: Window{7986e4c u0 com.miui.miwallpaper.wallpaperservice.MiuiKeyguardPictorialWallpaper} init visibleRequested:true
03-02 11:06:32.515  1621  5054 D WindowManager: Collecting in transition 10161: Window{92602d4 u0 com.miui.miwallpaper.wallpaperservice.ImageWallpaper} init visibleRequested:true
03-02 11:06:32.518  1621  5054 D MiuiRefreshRatePolicy: reset
03-02 11:06:32.524 12515 12515 I softnation.Ojam: Late-enabling -Xcheck:jni
03-02 11:06:32.527 13966 13966 I aoyz    : Successfully executed activity foreground action
03-02 11:06:32.528  2363  2648 D BLASTBufferQueue: [VRI[Ojam]#5836](f:0,a:1) acquireNextBufferLocked size=1080x2460 mFrameNumber=1 applyTransaction=true mTimestamp=611186073906197(auto) mPendingTransactions.size=0 graphicBufferId=10149007875744 transform=0
03-02 11:06:32.530  2363  2577 D VRI[Ojam]: vri.reportDrawFinished
03-02 11:06:32.533  1621  1651 I ActivityTaskManager: visible for Task{27e6aff #2 type=home I=com.miui.home/.launcher.Launcher} visible = true isAnimating = false TRANSITION = false PARENTS = false CHILDREN = false
03-02 11:06:32.545  1999  2684 D ActivityManagerWrapper: groupedRecentTaskInfoCompat.getMainTaskId :37027, isExcluded is True
03-02 11:06:32.546  1999  2684 E ActivityManagerWrapper: getRecentTasksForceIncludingTaskIdIfValid: getRecentTasks: size=4
03-02 11:06:32.546  1999  2684 E ActivityManagerWrapper:  mainTaskId=37034   userId=0   windowMode=1   baseIntent=Intent { act=null flag=268435456 cmp=ComponentInfo{com.softnation.Ojam/com.softnation.Ojam.MainActivity} }
03-02 11:06:32.546  1999  2684 E ActivityManagerWrapper:  mainTaskId=37027   userId=0   windowMode=1   baseIntent=Intent { act=null flag=344260608 cmp=ComponentInfo{com.google.android.googlequicksearchbox/com.google.android.apps.search.assistant.surfaces.voice.robin.ui.floaty.activity.FloatyActivity} }
03-02 11:06:32.546  1999  2684 E ActivityManagerWrapper:  mainTaskId=37019   userId=0   windowMode=1   baseIntent=Intent { act=null flag=268435456 cmp=ComponentInfo{com.whatsapp/com.whatsapp.home.ui.HomeActivity} }
03-02 11:06:32.546  1999  2684 E ActivityManagerWrapper:  mainTaskId=36980   userId=0   windowMode=1   baseIntent=Intent { act=android.intent.action.MAIN flag=270532608 cmp=ComponentInfo{com.twitter.android/com.twitter.android.StartActivity} }
03-02 11:06:32.547  1621  1651 D WindowManager: wms.Focus not requested for window=Window{6009493 u0 com.google.android.googlequicksearchbox/com.google.android.apps.search.assistant.surfaces.voice.robin.ui.floaty.activity.FloatyActivity} because it has no surface or is not focusable.
03-02 11:06:32.550  2363  2477 D SoScUtils: monitorTransitionFinished transition:android.os.BinderProxy@d8ffe92 transaction: android.view.SurfaceControl$Transaction@3bd8614 mRequestCloseTransition:null mRequestOpenTransition:null mRequestOpenTransitionWithSameTask size:0 mPairsOpenTransition:null mPairsOpenTransitionNull:null mRequestOpenTriggerTask:-1 mRequestCloseTriggerTask:-1 mOrientationTransition: null mMainStartingTask:-1 mSideStartingTask:-1
03-02 11:06:32.551  1621  4426 I ClipboardServiceI: checkProviderWakePathForClipboard: primaryClip is null
03-02 11:06:32.556  1621  1651 I ActivityTaskManager: visible for Task{27e6aff #2 type=home I=com.miui.home/.launcher.Launcher} visible = true isAnimating = false TRANSITION = false PARENTS = false CHILDREN = false
03-02 11:06:32.565  1621  1651 D MiuiRefreshRatePolicy: reset
03-02 11:06:32.567  1621  1651 D PreStartingManager: Not init when use PreStartingManager!
03-02 11:06:32.569  1621  1651 D WindowManager: Set transition=TransitionRecord{cdf9ff1 id=10161 type=OPEN flags=0x0}, ready=true, SyncId=10161 
03-02 11:06:32.572  1621  1651 I SmartPower: com.softnation.Ojam/10337(0): died->visible(734ms) R(become visible) adj=-10000.
03-02 11:06:32.573  1621  1651 I WindowManager: wms.showSurfaceRobustly mWin:Window{43d6cdc u0 Splash Screen com.softnation.Ojam}
03-02 11:06:32.574  1621  1651 D WindowManager: Final targets: [Task{3423944 #37034 type=standard A=10337:com.softnation.Ojam}, Task{ba1f32f #37027 type=standard I=com.google.android.googlequicksearchbox/com.google.android.apps.search.assistant.surfaces.voice.robin.ui.floaty.activity.FloatyActivity}, Task{d151cdd #1 type=home}]
03-02 11:06:32.576   921  1166 I BufferQueueDebug: [Transition Root #10161: Task=37034#133837](this:0xb400007bcec7b1f8,id:-1,api:0,p:-1,c:-1) BufferQueue core=(921:/system/bin/surfaceflinger)
03-02 11:06:32.581 15426 15426 W com.whatsapp: Failed to find entry 'classes.dex': Entry not found
03-02 11:06:32.584 15426 15426 W com.whatsapp: Failed to find entry 'classes.dex': Entry not found
03-02 11:06:32.586 15426 15426 D nativeloader: Configuring clns-7 for other apk /data/app/~~NbyFFCUrG0uw66UNchIBFA==/com.whatsapp-3rTby1M3ihvblvEGiWbyFQ==/base.apk:/data/app/~~NbyFFCUrG0uw66UNchIBFA==/com.whatsapp-3rTby1M3ihvblvEGiWbyFQ==/split_config.arm64_v8a.apk:/data/app/~~NbyFFCUrG0uw66UNchIBFA==/com.whatsapp-3rTby1M3ihvblvEGiWbyFQ==/split_config.xxhdpi.apk. target_sdk_version=35, uses_libraries=, library_path=/data/app/~~NbyFFCUrG0uw66UNchIBFA==/com.whatsapp-3rTby1M3ihvblvEGiWbyFQ==/lib/arm64:/data/app/~~NbyFFCUrG0uw66UNchIBFA==/com.whatsapp-3rTby1M3ihvblvEGiWbyFQ==/base.apk!/lib/arm64-v8a:/data/app/~~NbyFFCUrG0uw66UNchIBFA==/com.whatsapp-3rTby1M3ihvblvEGiWbyFQ==/split_config.arm64_v8a.apk!/lib/arm64-v8a:/data/app/~~NbyFFCUrG0uw66UNchIBFA==/com.whatsapp-3rTby1M3ihvblvEGiWbyFQ==/split_config.xxhdpi.apk!/lib/arm64-v8a, permitted_path=/data:/mnt/expand:/data/user/999/com.whatsapp
03-02 11:06:32.597  1621  1651 D WindowManager: snapshot isNothing = false source = Task{ba1f32f #37027 type=standard I=com.google.android.googlequicksearchbox/com.google.android.apps.search.assistant.surfaces.voice.robin.ui.floaty.activity.FloatyActivity}
03-02 11:06:32.599  1621  1651 D MiuiRefreshRatePolicy: reset
03-02 11:06:32.606  1621  1638 D WindowManager: Finish Transition (#10160): created at 03-02 11:06:31.852 collect-started=0.099ms request-sent=0.65ms started=58.314ms ready=58.278ms sent=336.607ms finished=753.812ms
03-02 11:06:32.607  1621  4763 W ActivityManager: pid 1621 system sent binder code 7 with flags 1 to frozen apps and got error -32
03-02 11:06:32.608  1621  4763 W WindowManager: Exception thrown during dispatchAppVisibility Window{9bdb72d u0 com.softnation.Ojam/com.softnation.Ojam.MainActivity EXITING}
03-02 11:06:32.608  1621  4763 W WindowManager: android.os.DeadObjectException
03-02 11:06:32.608  1621  4763 W WindowManager: 	at android.os.BinderProxy.transactNative(Native Method)
03-02 11:06:32.608  1621  4763 W WindowManager: 	at android.os.BinderProxy.transact(BinderProxy.java:682)
03-02 11:06:32.608  1621  4763 W WindowManager: 	at android.view.IWindow$Stub$Proxy.dispatchAppVisibility(IWindow.java:655)
03-02 11:06:32.608  1621  4763 W WindowManager: 	at com.android.server.wm.WindowState.sendAppVisibilityToClients(WindowState.java:3529)
03-02 11:06:32.608  1621  4763 W WindowManager: 	at com.android.server.wm.WindowContainer.sendAppVisibilityToClients(WindowContainer.java:1387)
03-02 11:06:32.608  1621  4763 W WindowManager: 	at com.android.server.wm.WindowToken.setClientVisible(WindowToken.java:423)
03-02 11:06:32.608  1621  4763 W WindowManager: 	at com.android.server.wm.ActivityRecord.setClientVisible(ActivityRecord.java:8426)
03-02 11:06:32.608  1621  4763 W WindowManager: 	at com.android.server.wm.ActivityRecord.postApplyAnimation(ActivityRecord.java:6989)
03-02 11:06:32.608  1621  4763 W WindowManager: 	at com.android.server.wm.ActivityRecord.commitVisibility(ActivityRecord.java:6931)
03-02 11:06:32.608  1621  4763 W WindowManager: 	at com.android.server.wm.Transition.finishTransition(Transition.java:1589)
03-02 11:06:32.608  1621  4763 W WindowManager: 	at com.android.server.wm.TransitionController.finishTransition(TransitionController.java:1153)
03-02 11:06:32.608  1621  4763 W WindowManager: 	at com.android.server.wm.WindowOrganizerController.finishTransition(WindowOrganizerController.java:578)
03-02 11:06:32.608  1621  4763 W WindowManager: 	at android.window.IWindowOrganizerController$Stub.onTransact(IWindowOrganizerController.java:324)
03-02 11:06:32.608  1621  4763 W WindowManager: 	at com.android.server.wm.WindowOrganizerController.onTransact(WindowOrganizerController.java:234)
03-02 11:06:32.608  1621  4763 W WindowManager: 	at android.os.Binder.execTransactInternal(Binder.java:1507)
03-02 11:06:32.608  1621  4763 W WindowManager: 	at android.os.Binder.execTransact(Binder.java:1451)
03-02 11:06:32.608  1621  4763 W Process : Unable to open /proc/10571/status
03-02 11:06:32.609  1621  4763 I Transition: finishTransition: updateLastSurfacePosition tf=Task{2e7af4 #37033 type=standard A=10337:com.softnation.Ojam}
03-02 11:06:32.610  1621  4763 I Transition: finishTransition: updateLastSurfacePosition tf=Task{ba1f32f #37027 type=standard I=com.google.android.googlequicksearchbox/com.google.android.apps.search.assistant.surfaces.voice.robin.ui.floaty.activity.FloatyActivity}
03-02 11:06:32.611  1999  1999 E RotationHelper: setCurrentTransitionRequest: request=0
03-02 11:06:32.611  1621  4763 W WindowManager: Changing focus from Window{6009493 u0 com.google.android.googlequicksearchbox/com.google.android.apps.search.assistant.surfaces.voice.robin.ui.floaty.activity.FloatyActivity} to null displayId=0 Callers=com.android.server.wm.RootWindowContainer.updateFocusedWindowLocked:602 com.android.server.wm.WindowManagerService.updateFocusedWindowLocked:7168 com.android.server.wm.WindowState.setupWindowForRemoveOnExit:2741 com.android.server.wm.WindowState.removeIfPossible:2703 
03-02 11:06:32.613   921  1170 I BufferQueueDebug: [Surface(name=5b2ee94 StatusBar#103)/@0xf6cf932 - animation-leash of insets_animation#133838](this:0xb400007bcec58f38,id:-1,api:0,p:-1,c:-1) BufferQueue core=(921:/system/bin/surfaceflinger)
03-02 11:06:32.614   921   921 I SurfaceFlinger: onHandleDestroyed: name=Transition Root #10160: Task=37027#133829, layerId=133829, parentId=0
03-02 11:06:32.615   921  1170 I BufferQueueDebug: [Surface(name=77d8129 NavigationBar0#101614)/@0x3faba4f - animation-leash of insets_animation#133839](this:0xb400007bcec94c08,id:-1,api:0,p:-1,c:-1) BufferQueue core=(921:/system/bin/surfaceflinger)
03-02 11:06:32.616 12515 12515 I softnation.Ojam: Using CollectorTypeCMC GC.
03-02 11:06:32.617  1621  4763 D WindowManager: wms.Input focus has changed to null display=0 updateInputWindows = false
03-02 11:06:32.617  1621  4763 I MultiSenceManagerInternalStub: getInstance
03-02 11:06:32.619  1621  4763 D MiuiRefreshRatePolicy: reset
03-02 11:06:32.621  1621  4763 I PowerManagerServiceImpl: Release wakelock: SCREEN_BRIGHT_WAKE_LOCK           'WindowManager/displayId:0' ON_AFTER_RELEASE DISABLED ACQ=-2m48s355ms (uid=1000 pid=1621 pkg=android ws=WorkSource{10337 com.softnation.Ojam})
03-02 11:06:32.626  1621  4763 D WindowManager: setParent old=ActivityRecord{17d606 u0 com.softnation.Ojam/.MainActivity t37033 f} isExiting},new=null,this window=Window{9bdb72d u0 com.softnation.Ojam/com.softnation.Ojam.MainActivity EXITING},callers=com.android.server.wm.WindowContainer.removeChild:897 com.android.server.wm.ActivityRecord.removeChild:5518 com.android.server.wm.ActivityRecord.removeChild:505 com.android.server.wm.WindowContainer.removeImmediately:967 com.android.server.wm.WindowState.removeImmediately:2526 com.android.server.wm.WindowContainer.removeImmediately:931 
03-02 11:06:32.627  7123  7128 I adbd    : jdwp connection from 12515
03-02 11:06:32.627 15426 15426 V GraphicsEnvironment: Currently set values for:
03-02 11:06:32.627 15426 15426 V GraphicsEnvironment:   angle_gl_driver_selection_pkgs=[]
03-02 11:06:32.627 15426 15426 V GraphicsEnvironment:   angle_gl_driver_selection_values=[]
03-02 11:06:32.628 15426 15426 V GraphicsEnvironment: Global.Settings values are invalid: number of packages: 0, number of values: 0
03-02 11:06:32.628 15426 15426 V GraphicsEnvironment: Neither updatable production driver nor prerelease driver is supported.
03-02 11:06:32.628  1621  4763 D MiuiRefreshRatePolicy: reset
03-02 11:06:32.630  1621  4763 D WindowManager: setParent old=Task{2e7af4 #37033 type=standard A=10337:com.softnation.Ojam},new=null,this window=ActivityRecord{17d606 u0 com.softnation.Ojam/.MainActivity t37033 f} isExiting},callers=com.android.server.wm.WindowContainer.removeChild:897 com.android.server.wm.TaskFragment.removeChild:3337 com.android.server.wm.Task.removeChild:1929 com.android.server.wm.Task.removeChild:1908 com.android.server.wm.WindowContainer.removeImmediately:967 com.android.server.wm.WindowToken.removeImmediately:374 
03-02 11:06:32.631   921   921 I BufferQueueDebug: [Transition Root #10160: Task=37027#133829](this:0xb400007bcec72948,id:-1,api:0,p:-1,c:921) onDestructor()
03-02 11:06:32.631   921  1170 I BufferQueueDebug: [Task=37033#133840](this:0xb400007bceccdb48,id:-1,api:0,p:-1,c:-1) BufferQueue core=(921:/system/bin/surfaceflinger)
03-02 11:06:32.631 15426 15426 I ActivityThread: TrafficStats init done
03-02 11:06:32.633  1621  4763 D WindowManager: setParent old=DefaultTaskDisplayArea@262819365,new=null,this window=Task{2e7af4 #37033 type=standard A=10337:com.softnation.Ojam},callers=com.android.server.wm.WindowContainer.removeChild:897 com.android.server.wm.TaskDisplayArea.removeChildTask:360 com.android.server.wm.TaskDisplayArea.removeChild:351 com.android.server.wm.WindowContainer.removeImmediately:967 com.android.server.wm.TaskFragment.removeImmediately:3417 com.android.server.wm.Task.removeImmediately:3408 
03-02 11:06:32.633  1621  4763 D MiuiMultiWindowUtils: DeviceLevel.IS_MIUI_LITE_VERSION 2.0 not support miui multiWindowtides
03-02 11:06:32.633  1621  4763 D MiuiMultiWindowUtils: DeviceLevel.IS_MIUI_LITE_VERSION 2.0 not support miui multiWindowtides
03-02 11:06:32.634  1621  4426 W ContentProviderHelper: Slow operation: 136ms so far, now at getContentProviderImpl: done!
03-02 11:06:32.634  2363  2477 I RemoteTransitionHandlerStubImpl: invokeAndRemoveWctCB transition is null, curWctCB: null
03-02 11:06:32.634 15426 15426 I ForceDarkHelperStubImpl: initialize for com.whatsapp , ForceDarkOrigin
03-02 11:06:32.636  1999  2684 D TaskSnapshotCompatVV: getIsInvalidateFromTaskSnapshot, return, mTaskSnapshot=null, mTaskSnapshotClazz=null
03-02 11:06:32.638  2363  2477 I MultiTaskingTaskRepository: needSkip: is home task
03-02 11:06:32.638  2363  2477 W MultiTaskingTaskRepository: onToBackTransitionReady putOrUpdateTaskInfo skip
03-02 11:06:32.639  2363  2477 D MultiTaskingTaskRepository: addOrMoveFullscreenTaskToTop taskId=37034
03-02 11:06:32.639  1621  1651 I ActivityTaskManager: visible for Task{27e6aff #2 type=home I=com.miui.home/.launcher.Launcher} visible = true isAnimating = false TRANSITION = false PARENTS = false CHILDREN = false
03-02 11:06:32.639  2363  2477 D MultiTaskingTaskRepository: putOrUpdateTaskInfo: taskInfo.taskId: 37034 current mMultiTaskingTaskInfoList:  ,37033 ,37027 ,37019 ,36980 ,36770 ,36289 ,5 ,4
03-02 11:06:32.639  2363  2477 D MultiTaskingTaskRepository: java.lang.Throwable
03-02 11:06:32.639  2363  2477 D MultiTaskingTaskRepository: 	at com.android.wm.shell.multitasking.taskmanager.MultiTaskingTaskRepository.updateMultiTaskingTaskInfo(go/retraceme 5c05439c20823397c9aaa04c8ad244598257e2a7e5bd06f03af131ffaee2a4a9:82)
03-02 11:06:32.639  2363  2477 D MultiTaskingTaskRepository: 	at com.android.wm.shell.multitasking.taskmanager.MultiTaskingTaskRepository.putOrUpdateTaskInfo(go/retraceme 5c05439c20823397c9aaa04c8ad244598257e2a7e5bd06f03af131ffaee2a4a9:41)
03-02 11:06:32.639  2363  2477 D MultiTaskingTaskRepository: 	at com.android.wm.shell.multitasking.taskmanager.MultiTaskingTransitionObserver.onTransitionReady(go/retraceme 5c05439c20823397c9aaa04c8ad244598257e2a7e5bd06f03af131ffaee2a4a9:166)
03-02 11:06:32.639  2363  2477 D MultiTaskingTaskRepository: 	at com.android.wm.shell.transition.Transitions.dispatchReady(go/retraceme 5c05439c20823397c9aaa04c8ad244598257e2a7e5bd06f03af131ffaee2a4a9:169)
03-02 11:06:32.639  2363  2477 D MultiTaskingTaskRepository: 	at com.android.wm.shell.transition.Transitions.onTransitionReady(go/retraceme 5c05439c20823397c9aaa04c8ad244598257e2a7e5bd06f03af131ffaee2a4a9:248)
03-02 11:06:32.639  2363  2477 D MultiTaskingTaskRepository: 	at com.android.wm.shell.transition.Transitions$TransitionPlayerImpl$$ExternalSyntheticLambda1.run(go/retraceme 5c05439c20823397c9aaa04c8ad244598257e2a7e5bd06f03af131ffaee2a4a9:47)
03-02 11:06:32.639  2363  2477 D MultiTaskingTaskRepository: 	at android.os.Handler.handleCallback(Handler.java:959)
03-02 11:06:32.639  2363  2477 D MultiTaskingTaskRepository: 	at android.os.Handler.dispatchMessage(Handler.java:100)
03-02 11:06:32.639  2363  2477 D MultiTaskingTaskRepository: 	at android.os.Looper.loopOnce(Looper.java:249)
03-02 11:06:32.639  2363  2477 D MultiTaskingTaskRepository: 	at android.os.Looper.loop(Looper.java:337)
03-02 11:06:32.639  2363  2477 D MultiTaskingTaskRepository: 	at android.os.HandlerThread.run(HandlerThread.java:85)
03-02 11:06:32.640  2363  2477 D MultiTaskingTaskInfo: initFolmeControl::task id = 37034, mBounds = Rect(0, 0 - 1080, 2460)
03-02 11:06:32.640   921  1170 I BufferQueueDebug: [bacfb98 ActivityRecordInputSink com.softnation.Ojam/.MainActivity#133841](this:0xb400007bcec80d18,id:-1,api:0,p:-1,c:-1) BufferQueue core=(921:/system/bin/surfaceflinger)
03-02 11:06:32.640  2363  2477 I ShellTransitions: Is abandon offsetY: false
03-02 11:06:32.640  2363  2477 I ShellTransitions: Is abandon offsetY: false
03-02 11:06:32.640  1621  1699 W system_server: Long monitor contention with owner binder:1621_16 (4426) at android.app.ContentProviderHolder com.android.server.am.ContentProviderHelper.getContentProviderImpl(android.app.IApplicationThread, java.lang.String, android.os.IBinder, int, java.lang.String, java.lang.String, boolean, int)(ContentProviderHelper.java:770) waiters=0 in int com.android.server.am.ActivityManagerService$LocalService.broadcastIntent(android.content.Intent, android.content.IIntentReceiver, java.lang.String[], boolean, int, int[], java.util.function.BiFunction, android.os.Bundle) for 124ms
03-02 11:06:32.640  2363  2477 I ShellTransitions: Is abandon offsetY: false
03-02 11:06:32.641  2363  2477 E TaskViewTransitions: Found a launching TaskView in the wrong transition. All TaskView launches should be initiated by shell and in their own transition: 37034
03-02 11:06:32.641  2363  2477 E KeyguardTransitionHandlerImpl: activityCount = 0
03-02 11:06:32.641  2363  2477 E KeyguardTransitionHandlerImpl: activityCount = 0
03-02 11:06:32.641  2363  2477 D MiuiFreeformModeAnimation: startAnimation change: {WCT{android.window.IWindowContainerToken$Stub$Proxy@33751fe} m=OPEN f=NONE leash=Surface(name=Task=37034#133833)/@0xe045ebd sb=Rect(0, 0 - 1080, 2460) eb=Rect(0, 0 - 1080, 2460) d=0 taskParent=-1} info.getType(): 1
03-02 11:06:32.641  2363  2477 D MiuiFreeformModeAnimation: startAnimation change: {WCT{android.window.IWindowContainerToken$Stub$Proxy@1fd7d5f} m=TO_BACK f=TRANSLUCENT leash=Surface(name=Task=37027#133407)/@0xfe81cb2 sb=Rect(0, 0 - 1080, 2460) eb=Rect(0, 0 - 1080, 2460) d=0 taskParent=-1} info.getType(): 1
03-02 11:06:32.641  2363  2477 D MiuiFreeformModeAnimation: startAnimation change: {WCT{android.window.IWindowContainerToken$Stub$Proxy@b9b83ac} m=TO_BACK f=SHOW_WALLPAPER leash=Surface(name=Task=1#47)/@0x23ea403 sb=Rect(0, 0 - 1080, 2460) eb=Rect(0, 0 - 1080, 2460) d=0 taskParent=-1} info.getType(): 1
03-02 11:06:32.641  2363  2477 D SoScStageCoordinator: inCloseTransition:false pairsStartedWithCloseTransition:false isRequestCloseTriggerTask:false inSingleSoScState:false inSoScUnactivie:true closeStage:null
03-02 11:06:32.643  2363  2477 D TransitionAnimationHelper:  load default animation  type = 1 enter = false animAttr = 19 isTask = true translucent = false
03-02 11:06:32.644 15441 15441 W facebook.katana: Failed to find entry 'classes.dex': Entry not found
03-02 11:06:32.644   921  2359 D SurfaceFlinger: [SF client] REMOVE (0xb400007caea3b920) for (1621:system_server)
03-02 11:06:32.645  1621  1651 W ActivityTaskManager: Can't find TaskDisplayArea to determine support for multi window. Task id=37033 attached=false
03-02 11:06:32.645 15426 15426 D nativeloader: Load libforcedarkimpl.so using system ns (caller=/system_ext/framework/miui-framework.jar): ok
03-02 11:06:32.645 15426 15426 D HWUI    : JNI_OnLoad success
03-02 11:06:32.645  2363  2477 D TransitionAnimationHelper:  load default animation  type = 1 enter = false animAttr = 19 isTask = true translucent = false
03-02 11:06:32.646  2363  2477 D TransitionAnimationHelper:  load default animation  type = 1 enter = true animAttr = 18 isTask = true translucent = false
03-02 11:06:32.647   921   921 I SurfaceFlinger: onHandleDestroyed: name=Task=37033#133840, layerId=133840, parentId=0
03-02 11:06:32.647  1621  1648 D Aurogon :  uid = 10166 switch to BG
03-02 11:06:32.648   921   921 I SurfaceFlinger: onHandleDestroyed: name=ActivityRecord{17d606 u0 com.softnation.Ojam/.MainActivity t37033}#133766, layerId=133766, parentId=0
03-02 11:06:32.648   921   921 I SurfaceFlinger: onHandleDestroyed: name=9bdb72d com.softnation.Ojam/com.softnation.Ojam.MainActivity#133774, layerId=133774, parentId=0
03-02 11:06:32.648   921   921 I SurfaceFlinger: onHandleDestroyed: name=com.softnation.Ojam/com.softnation.Ojam.MainActivity#133775, layerId=133775, parentId=0
03-02 11:06:32.648   921   921 I SurfaceFlinger: onHandleDestroyed: name=27f8248 ActivityRecordInputSink com.softnation.Ojam/.MainActivity#133773, layerId=133773, parentId=0
03-02 11:06:32.648  1621  1894 D Aurogon :  onForegroundActivitiesChanged packageName = com.miui.home
03-02 11:06:32.648 15441 15441 W facebook.katana: Failed to find entry 'classes.dex': Entry not found
03-02 11:06:32.648  1621  1651 D MiuiRefreshRatePolicy: reset
03-02 11:06:32.648  2363  2540 D ShellTransitions: speed ui!!!!!!!!!!!
03-02 11:06:32.649 15426 15426 I MiuiForceDarkConfig: setConfig density:2.750000, mainRule:0, secondaryRule:0, tertiaryRule:0
03-02 11:06:32.649  2363  2477 D MulWinSwitchDecorViewModel: handleEventReceiverIfMultiWinSwitchIsUnsupported: removeEventReceiver, callers=com.android.wm.shell.multitasking.miuimultiwinswitch.miuiwindowdecor.MulWinSwitchDecorViewModel.onTaskOpening:7 com.android.wm.shell.fullscreen.FullscreenTaskListener.onTaskAppeared:97 com.android.wm.shell.ShellTaskOrganizer.onTaskAppeared:9 com.android.wm.shell.ShellTaskOrganizer.onTaskAppeared:3 android.window.TaskOrganizer$1.lambda$onTaskAppeared$5:312 
03-02 11:06:32.649  2363  2477 D MultiTaskingTaskRepository: addOrMoveFullscreenTaskToTop taskId=37034
03-02 11:06:32.650  2363  2477 I MultiTaskingTaskRepository: no MULTI_WINDOW, but base activity is null
03-02 11:06:32.650  2363  2477 D MulWinSwitchDecorViewModel: destroyWindowDecoration: taskId=37033 windowingMode=1 mWindowDecorByTaskId.size()=0 callers=com.android.wm.shell.fullscreen.FullscreenTaskListener.onTaskVanished:104 com.android.wm.shell.ShellTaskOrganizer.onTaskVanished:128 android.window.TaskOrganizer$1.lambda$onTaskVanished$6:317 android.window.TaskOrganizer$1.$r8$lambda$8ODi_1s42Z5SmyxWXsgMLDG64pA:0 android.window.TaskOrganizer$1$$ExternalSyntheticLambda0.run:0 
03-02 11:06:32.651  2363  2477 D MulWinSwitchDecorViewModel: handleEventReceiverIfMultiWinSwitchIsUnsupported: removeEventReceiver, callers=com.android.wm.shell.multitasking.miuimultiwinswitch.miuiwindowdecor.MulWinSwitchDecorViewModel.destroyWindowDecoration:82 com.android.wm.shell.fullscreen.FullscreenTaskListener.onTaskVanished:104 com.android.wm.shell.ShellTaskOrganizer.onTaskVanished:128 android.window.TaskOrganizer$1.lambda$onTaskVanished$6:317 android.window.TaskOrganizer$1.$r8$lambda$8ODi_1s42Z5SmyxWXsgMLDG64pA:0 
03-02 11:06:32.651 15441 15441 W facebook.katana: Failed to find entry 'classes.dex': Entry not found
03-02 11:06:32.651  2363  2477 D MultiTaskingTaskRepository: onTaskVanished: taskInfo.taskId: 37033 current mMultiTaskingTaskInfoList: { ,37034 ,37033 ,37027 ,37019 ,36980 ,36770 ,36289 ,5 ,4 }
03-02 11:06:32.651  2363  2477 D MultiTaskingTaskRepository: removeFullscreenTask taskId=37033
03-02 11:06:32.651  2363  2477 D MiuiFreeformModeCornerTipHandler: task#37033 onTaskVanished
03-02 11:06:32.651  2363  2477 I MiuiBubbleController: removeBubble: 37033 reason=2
03-02 11:06:32.652  2363  2477 I MultiTaskingTaskInfo: before call clearMaskControl task id = 37033, CoverLayerController = null, callers=com.android.wm.shell.multitasking.taskmanager.MultiTaskingTaskListener.onTaskVanished:148 com.android.wm.shell.ShellTaskOrganizer.onTaskVanished:141 android.window.TaskOrganizer$1.lambda$onTaskVanished$6:317 android.window.TaskOrganizer$1.$r8$lambda$8ODi_1s42Z5SmyxWXsgMLDG64pA:0 android.window.TaskOrganizer$1$$ExternalSyntheticLambda0.run:0 
03-02 11:06:32.652  2363  2477 I MultiTaskingTaskRepository: onTaskVanish multi list = [5, 4], full = [37034, 37027, 37019, 36980]
03-02 11:06:32.652  1621  4238 W UserManagerService: Requested status bar icon for non-badged user 0
03-02 11:06:32.653  1999  1817 D EventBus: No subscribers registered for event class com.miui.home.recents.messages.RecentTasksChangedEvent
03-02 11:06:32.653  1999  1817 D EventBus: No subscribers registered for event class org.greenrobot.eventbus.NoSubscriberEvent
03-02 11:06:32.653  1999  1817 D EventBus: No subscribers registered for event class com.miui.home.recents.messages.RecentTasksChangedEvent
03-02 11:06:32.653  1999  1817 D EventBus: No subscribers registered for event class org.greenrobot.eventbus.NoSubscriberEvent
03-02 11:06:32.654 15441 15441 W facebook.katana: Failed to find entry 'classes.dex': Entry not found
03-02 11:06:32.656  1621  1842 I MiuiNetworkPolicy: updateUidState uid = 99351, uidState = 5
03-02 11:06:32.656  1621  1842 I MiuiNetworkPolicy: updateUidState uid = 10337, uidState = 19
03-02 11:06:32.656  1621  1842 I MiuiNetworkPolicy: updateUidState uid = 10200, uidState = 5
03-02 11:06:32.656  1621  1842 I MiuiNetworkPolicy: updateUidState uid = 10181, uidState = 4
03-02 11:06:32.656  1621  1842 I MiuiNetworkPolicy: updateUidState uid = 10168, uidState = 4
03-02 11:06:32.656  1621  1842 I MiuiNetworkPolicy: updateUidState uid = 10166, uidState = 5
03-02 11:06:32.656  1621  1842 I MiuiNetworkPolicy: updateUidState uid = 10162, uidState = 5
03-02 11:06:32.656  1621  4763 I ATMSImpl: cacheTasksForDefaultDisplay size=5
03-02 11:06:32.658 15441 15441 W facebook.katana: Failed to find entry 'classes.dex': Entry not found
03-02 11:06:32.659  1621  1651 I ActivityTaskManager: visible for Task{27e6aff #2 type=home I=com.miui.home/.launcher.Launcher} visible = true isAnimating = false TRANSITION = false PARENTS = false CHILDREN = false
03-02 11:06:32.660 15441 15441 W facebook.katana: Failed to find entry 'classes.dex': Entry not found
03-02 11:06:32.661   921  1500 I SurfaceFlinger: onHandleDestroyed: name=Surface(name=5b2ee94 StatusBar#103)/@0xf6cf932 - animation-leash of insets_animation#133826, layerId=133826, parentId=0
03-02 11:06:32.661   921  1500 I SurfaceFlinger: onHandleDestroyed: name=Surface(name=77d8129 NavigationBar0#101614)/@0x3faba4f - animation-leash of insets_animation#133827, layerId=133827, parentId=0
03-02 11:06:32.661  1999  1999 D TaskSnapshotCompatVV: getIsInvalidateFromTaskSnapshot, isInvalidate=false
03-02 11:06:32.661  1621  1731 W UserManagerService: Requested status bar icon for non-badged user 0
03-02 11:06:32.661  1999  1999 D EventBus: No subscribers registered for event class com.miui.home.recents.messages.TaskSnapshotChangedEvent
03-02 11:06:32.661  1999  1999 D EventBus: No subscribers registered for event class org.greenrobot.eventbus.NoSubscriberEvent
03-02 11:06:32.662 15441 15441 W facebook.katana: Failed to find entry 'classes.dex': Entry not found
03-02 11:06:32.663  1621  1651 I ActivityTaskManager: visible for Task{27e6aff #2 type=home I=com.miui.home/.launcher.Launcher} visible = true isAnimating = false TRANSITION = false PARENTS = false CHILDREN = false
03-02 11:06:32.664  1999  2684 D TaskSnapshotCompatVV: getIsInvalidateFromTaskSnapshot, isInvalidate=false
03-02 11:06:32.664  1999  2684 D RecentsModel: onTaskStackChangedBackground    MSG_TASK_STACK_CHANGE
03-02 11:06:32.665  1999  2684 D RecentsModel: boostTaskStackChangedThread, don't boost
03-02 11:06:32.665 15441 15441 W facebook.katana: Failed to find entry 'classes.dex': Entry not found
03-02 11:06:32.665   921   921 I BufferQueueDebug: [Surface(name=5b2ee94 StatusBar#103)/@0xf6cf932 - animation-leash of insets_animation#133826](this:0xb400007bcebbf2d8,id:-1,api:0,p:-1,c:921) onDestructor()
03-02 11:06:32.665   921   921 I BufferQueueDebug: [com.softnation.Ojam/com.softnation.Ojam.MainActivity#133775](this:0xb400007bcec45048,id:-1,api:0,p:-1,c:921) onDestructor()
03-02 11:06:32.665   921  1484 E BpTransactionCompletedListener: Failed to transact (-32)
03-02 11:06:32.667   921   921 I BufferQueueDebug: [ActivityRecord{17d606 u0 com.softnation.Ojam/.MainActivity t37033}#133766](this:0xb400007bcec6a098,id:-1,api:0,p:-1,c:921) onDestructor()
03-02 11:06:32.667   921   921 I BufferQueueDebug: [Surface(name=77d8129 NavigationBar0#101614)/@0x3faba4f - animation-leash of insets_animation#133827](this:0xb400007bceca2fd8,id:-1,api:0,p:-1,c:921) onDestructor()
03-02 11:06:32.667   921   921 I BufferQueueDebug: [9bdb72d com.softnation.Ojam/com.softnation.Ojam.MainActivity#133774](this:0xb400007bcecbf778,id:-1,api:0,p:-1,c:921) onDestructor()
03-02 11:06:32.667   921   921 I BufferQueueDebug: [27f8248 ActivityRecordInputSink com.softnation.Ojam/.MainActivity#133773](this:0xb400007bcecc2508,id:-1,api:0,p:-1,c:921) onDestructor()
03-02 11:06:32.667   921   921 I BufferQueueDebug: [Task=37033#133840](this:0xb400007bceccdb48,id:-1,api:0,p:-1,c:921) onDestructor()
03-02 11:06:32.667  1999  2756 D EventBus: No subscribers registered for event class com.miui.home.recents.messages.RecentTasksChangedEvent
03-02 11:06:32.667 15441 15441 W facebook.katana: Failed to find entry 'classes.dex': Entry not found
03-02 11:06:32.668  1999  2756 D EventBus: No subscribers registered for event class org.greenrobot.eventbus.NoSubscriberEvent
03-02 11:06:32.668  6027 28224 I SCTaskStackListener: onTaskStackChanged! inSplit = false
03-02 11:06:32.670 15441 15441 W facebook.katana: Failed to find entry 'classes.dex': Entry not found
03-02 11:06:32.671  1621  4763 I ATMSImpl: cacheTasksForDefaultDisplay size=5
03-02 11:06:32.673 15441 15441 W facebook.katana: Failed to find entry 'classes.dex': Entry not found
03-02 11:06:32.675  1999  2684 D RecentsModel: getRunningTask ignoreActivityType : 2 ,ignoreWindowMode:5
03-02 11:06:32.675 15441 15441 W facebook.katana: Failed to find entry 'classes.dex': Entry not found
03-02 11:06:32.675  1999  2684 W RecentsModel: getRunningTask   taskInfo=TaskInfo{userId=0 taskId=37027 displayId=0 isRunning=true baseIntent=Intent { flg=0x14850000 pkg=com.google.android.googlequicksearchbox cmp=com.google.android.googlequicksearchbox/com.google.android.apps.search.assistant.surfaces.voice.robin.ui.floaty.activity.FloatyActivity } baseActivity=ComponentInfo{com.google.android.googlequicksearchbox/com.google.android.apps.search.assistant.surfaces.voice.robin.ui.floaty.activity.FloatyActivity} topActivity=ComponentInfo{com.google.android.googlequicksearchbox/com.google.android.apps.search.assistant.surfaces.voice.robin.ui.floaty.activity.FloatyActivity} origActivity=null realActivity=ComponentInfo{com.google.android.googlequicksearchbox/com.google.android.apps.search.assistant.surfaces.voice.robin.ui.floaty.activity.FloatyActivity} numActivities=1 lastActiveTime=1028952094 supportsSplitScreenMultiWindow=true supportsMultiWindow=true resizeMode=2 isResizeable=true minWidth=-1 minHeight=-1 defaultMinSize=200 token=WCT{android.window.IWindowContainerToken$Stub$Proxy@6b73d06} topActivityType=1 pictureInPictureParams=null shouldDockBigOverlays=false launchIntoPipHostTaskId=-1 lastParentTaskIdBeforePip=-1 displayCutoutSafeInsets=Rect(0, 104 - 0, 0) topActivityInfo=ActivityInfo{940ffc7 com.google.android.apps.search.assistant.surfaces.voice.robin.ui.floaty.activity.FloatyActivity} launchCookies=[] positionInParent=Point(0, 0) parentTaskId=-1 isFocused=true isVisible=true isVisibleRequested=false isSleeping=false locusId=null displayAreaFeatureId=1 isTopActivityTransparent=true appCompatTaskInfo=AppCompatTaskInfo { topActivityInSizeCompat=false topActivityEligibleForLetterboxEducation= falseisLetterboxEducationEnabled= false isLetterboxDoubleTapEnabled= false topActivityEligibleForUserAspectRatioButton= false topActivityBoundsLetterboxed= false isFromLetterboxDoubleTap= false topActivityLetterboxVerticalPosition= -1 topActivityLetterboxHorizontalPosition= -1 topActivityLetterboxWidth=1080 topActivityLetterboxHeight=2460 isUserFullscreenOverrideEnabled=false isSystemFullscreenOverrideEnabled=false cameraCompatTaskInfo=CameraCompatTaskInfo { cameraCompatControlState=hidden freeformCameraCompatMode=inactive}} isImmersive=false mTopActivityRequestOrientation=-2 mBehindAppLockPkg=null mOriginatingUid=0 isEmbedded=false shouldBeVisible=false mIsCastMode=false mTopActivityMediaSize=null mTopActivityRecordName=ActivityRecord{6d71709 u0 com.google.android.googlequicksearchbox/com.google.android.apps.search.assistant.surfaces.voice.robin.ui.floaty.activity.FloatyActivity t37027} mTopActivityOrientation=-2}
03-02 11:06:32.675  1999  2684 D RecentsModel: preloadRecents runningTaskId:37027, mCurrentRunningTaskId:-1, mRecentsTaskLoadPlan=com.android.systemui.shared.recents.model.RecentsTaskLoadPlan@985b9f4
03-02 11:06:32.677  1999  2684 E ActivityManagerWrapper: get all recent tasks force including 37027
03-02 11:06:32.678 15441 15441 W facebook.katana: Failed to find entry 'classes.dex': Entry not found
03-02 11:06:32.680 15441 15441 W facebook.katana: Failed to find entry 'classes.dex': Entry not found
03-02 11:06:32.682 15441 15441 W facebook.katana: Failed to find entry 'classes.dex': Entry not found
03-02 11:06:32.684  1621  4238 W UserManagerService: Requested status bar icon for non-badged user 0
03-02 11:06:32.685 27809 27809 D BoundBrokerSvc: onRebind: Intent { act=com.google.android.gms.clearcut.sampler.service.START dat=chimera-action:/... cmp=com.google.android.gms/.chimera.PersistentDirectBootAwareApiService }
03-02 11:06:32.686 15441 15441 D nativeloader: Configuring clns-7 for other apk /data/app/~~D6pxJj0wCihn6bL7dRHGfw==/com.facebook.katana-ytDRDVfsDJQ7KNzIgYIFlA==/base.apk:/data/app/~~D6pxJj0wCihn6bL7dRHGfw==/com.facebook.katana-ytDRDVfsDJQ7KNzIgYIFlA==/split_executorch.apk:/data/app/~~D6pxJj0wCihn6bL7dRHGfw==/com.facebook.katana-ytDRDVfsDJQ7KNzIgYIFlA==/split_heliumcore.apk:/data/app/~~D6pxJj0wCihn6bL7dRHGfw==/com.facebook.katana-ytDRDVfsDJQ7KNzIgYIFlA==/split_heliumiab.apk:/data/app/~~D6pxJj0wCihn6bL7dRHGfw==/com.facebook.katana-ytDRDVfsDJQ7KNzIgYIFlA==/split_i18n_en_GB.apk:/data/app/~~D6pxJj0wCihn6bL7dRHGfw==/com.facebook.katana-ytDRDVfsDJQ7KNzIgYIFlA==/split_instantgamesads.apk:/data/app/~~D6pxJj0wCihn6bL7dRHGfw==/com.facebook.katana-ytDRDVfsDJQ7KNzIgYIFlA==/split_papaya.apk:/data/app/~~D6pxJj0wCihn6bL7dRHGfw==/com.facebook.katana-ytDRDVfsDJQ7KNzIgYIFlA==/split_papayaanalyticstorch.apk:/data/app/~~D6pxJj0wCihn6bL7dRHGfw==/com.facebook.katana-ytDRDVfsDJQ7KNzIgYIFlA==/split_papayatorch.apk:/data/app/~~D6pxJj0wCihn6bL7dRHGfw==/com.facebook.katana-ytDRDVf
03-02 11:06:32.689 15426 15426 I ActivityThread: Miui Feature Init done
03-02 11:06:32.689  1621  4238 I ATMSImpl: cacheTasksForDefaultDisplay size=5
03-02 11:06:32.690  2363  2363 I FocusedNotifPromptContr: onTopActivityMayChanged: isSupportPip false, isFocus true
03-02 11:06:32.690  2363  2363 I FocusedNotifPromptContr: onTopActivityMayChanged: topActivity=com.google.android.googlequicksearchbox
03-02 11:06:32.690  2363  2363 I PromptViewAnimState: topActivityMayChanged: topActivity=com.softnation.Ojam --> com.google.android.googlequicksearchbox
03-02 11:06:32.690  2363  2363 D KeyguardEditorHelper: onTopActivityMayChanged, topActivity=ComponentInfo{com.google.android.googlequicksearchbox/com.google.android.apps.search.assistant.surfaces.voice.robin.ui.floaty.activity.FloatyActivity}; mState=IDEL
03-02 11:06:32.691  1621  4238 W UserManagerService: Requested status bar icon for non-badged user 0
03-02 11:06:32.692  1999  2684 D ActivityManagerWrapper: groupedRecentTaskInfoCompat.getMainTaskId :37027, isExcluded is True
03-02 11:06:32.692  1999  2684 E ActivityManagerWrapper: getRecentTasksForceIncludingTaskIdIfValid: getRecentTasks: size=4
03-02 11:06:32.692  1999  2684 E ActivityManagerWrapper:  mainTaskId=37034   userId=0   windowMode=1   baseIntent=Intent { act=null flag=268435456 cmp=ComponentInfo{com.softnation.Ojam/com.softnation.Ojam.MainActivity} }
03-02 11:06:32.692  1999  2684 E ActivityManagerWrapper:  mainTaskId=37027   userId=0   windowMode=1   baseIntent=Intent { act=null flag=344260608 cmp=ComponentInfo{com.google.android.googlequicksearchbox/com.google.android.apps.search.assistant.surfaces.voice.robin.ui.floaty.activity.FloatyActivity} }
03-02 11:06:32.692  1999  2684 E ActivityManagerWrapper:  mainTaskId=37019   userId=0   windowMode=1   baseIntent=Intent { act=null flag=268435456 cmp=ComponentInfo{com.whatsapp/com.whatsapp.home.ui.HomeActivity} }
03-02 11:06:32.692  1999  2684 E ActivityManagerWrapper:  mainTaskId=36980   userId=0   windowMode=1   baseIntent=Intent { act=android.intent.action.MAIN flag=270532608 cmp=ComponentInfo{com.twitter.android/com.twitter.android.StartActivity} }
03-02 11:06:32.710 13966 13981 V ClearcutMetricXmitter: Transmission is done.
03-02 11:06:32.712  1999  2684 D TaskSnapshotCompatVV: getIsInvalidateFromTaskSnapshot, return, mTaskSnapshot=null, mTaskSnapshotClazz=null
03-02 11:06:32.712  1999  2684 D RecentsModel: onTaskStackChangedBackground    MSG_TASK_STACK_CHANGE
03-02 11:06:32.712  1999  2684 D RecentsModel: boostTaskStackChangedThread, don't boost
03-02 11:06:32.713  1621  2197 I ATMSImpl: cacheTasksForDefaultDisplay size=5
03-02 11:06:32.715  1999  2684 D RecentsModel: getRunningTask ignoreActivityType : 2 ,ignoreWindowMode:5
03-02 11:06:32.715  1999  2684 W RecentsModel: getRunningTask   taskInfo=TaskInfo{userId=0 taskId=37027 displayId=0 isRunning=true baseIntent=Intent { flg=0x14850000 pkg=com.google.android.googlequicksearchbox cmp=com.google.android.googlequicksearchbox/com.google.android.apps.search.assistant.surfaces.voice.robin.ui.floaty.activity.FloatyActivity } baseActivity=ComponentInfo{com.google.android.googlequicksearchbox/com.google.android.apps.search.assistant.surfaces.voice.robin.ui.floaty.activity.FloatyActivity} topActivity=ComponentInfo{com.google.android.googlequicksearchbox/com.google.android.apps.search.assistant.surfaces.voice.robin.ui.floaty.activity.FloatyActivity} origActivity=null realActivity=ComponentInfo{com.google.android.googlequicksearchbox/com.google.android.apps.search.assistant.surfaces.voice.robin.ui.floaty.activity.FloatyActivity} numActivities=1 lastActiveTime=1028952137 supportsSplitScreenMultiWindow=true supportsMultiWindow=true resizeMode=2 isResizeable=true minWidth=-1 minHeight=-1 defaultMinSize=200 token=WCT{android.window.IWindowContainerToken$Stub$Proxy@5526ad5} topActivityType=1 pictureInPictureParams=null shouldDockBigOverlays=false launchIntoPipHostTaskId=-1 lastParentTaskIdBeforePip=-1 displayCutoutSafeInsets=Rect(0, 104 - 0, 0) topActivityInfo=ActivityInfo{66292ea com.google.android.apps.search.assistant.surfaces.voice.robin.ui.floaty.activity.FloatyActivity} launchCookies=[] positionInParent=Point(0, 0) parentTaskId=-1 isFocused=true isVisible=true isVisibleRequested=false isSleeping=false locusId=null displayAreaFeatureId=1 isTopActivityTransparent=true appCompatTaskInfo=AppCompatTaskInfo { topActivityInSizeCompat=false topActivityEligibleForLetterboxEducation= falseisLetterboxEducationEnabled= false isLetterboxDoubleTapEnabled= false topActivityEligibleForUserAspectRatioButton= false topActivityBoundsLetterboxed= false isFromLetterboxDoubleTap= false topActivityLetterboxVerticalPosition= -1 topActivityLetterboxHorizontalPosition= -1 topActivityLetterboxWidth=1080 topActivityLetterboxHeight=2460 isUserFullscreenOverrideEnabled=false isSystemFullscreenOverrideEnabled=false cameraCompatTaskInfo=CameraCompatTaskInfo { cameraCompatControlState=hidden freeformCameraCompatMode=inactive}} isImmersive=false mTopActivityRequestOrientation=-2 mBehindAppLockPkg=null mOriginatingUid=0 isEmbedded=false shouldBeVisible=false mIsCastMode=false mTopActivityMediaSize=null mTopActivityRecordName=ActivityRecord{6d71709 u0 com.google.android.googlequicksearchbox/com.google.android.apps.search.assistant.surfaces.voice.robin.ui.floaty.activity.FloatyActivity t37027} mTopActivityOrientation=-2}
03-02 11:06:32.715  1999  2684 D RecentsModel: preloadRecents runningTaskId:37027, mCurrentRunningTaskId:-1, mRecentsTaskLoadPlan=com.android.systemui.shared.recents.model.RecentsTaskLoadPlan@bb809db
03-02 11:06:32.717  1999  2684 E ActivityManagerWrapper: get all recent tasks force including 37027
03-02 11:06:32.725 12515 12515 D nativeloader: Load libframework-connectivity-tiramisu-jni.so using APEX ns com_android_tethering for caller /apex/com.android.tethering/javalib/framework-connectivity-t.jar: ok
03-02 11:06:32.726 15426 15485 D CompatChangeReporter: Compat change id reported: 279646685; UID 99910300; state: ENABLED
03-02 11:06:32.727  1999  2684 D ActivityManagerWrapper: groupedRecentTaskInfoCompat.getMainTaskId :37027, isExcluded is True
03-02 11:06:32.727  1999  2684 E ActivityManagerWrapper: getRecentTasksForceIncludingTaskIdIfValid: getRecentTasks: size=4
03-02 11:06:32.727  1999  2684 E ActivityManagerWrapper:  mainTaskId=37034   userId=0   windowMode=1   baseIntent=Intent { act=null flag=268435456 cmp=ComponentInfo{com.softnation.Ojam/com.softnation.Ojam.MainActivity} }
03-02 11:06:32.727  1999  2684 E ActivityManagerWrapper:  mainTaskId=37027   userId=0   windowMode=1   baseIntent=Intent { act=null flag=344260608 cmp=ComponentInfo{com.google.android.googlequicksearchbox/com.google.android.apps.search.assistant.surfaces.voice.robin.ui.floaty.activity.FloatyActivity} }
03-02 11:06:32.727  1999  2684 E ActivityManagerWrapper:  mainTaskId=37019   userId=0   windowMode=1   baseIntent=Intent { act=null flag=268435456 cmp=ComponentInfo{com.whatsapp/com.whatsapp.home.ui.HomeActivity} }
03-02 11:06:32.727  1999  2684 E ActivityManagerWrapper:  mainTaskId=36980   userId=0   windowMode=1   baseIntent=Intent { act=android.intent.action.MAIN flag=270532608 cmp=ComponentInfo{com.twitter.android/com.twitter.android.StartActivity} }
03-02 11:06:32.735 15441 15441 W ReflectionClassLoader:  Successfully install ReflectionClassLoader as parent!
03-02 11:06:32.735 12515 12515 I MessageMonitor: Load libmiui_runtime
03-02 11:06:32.744  1999  2684 D TaskSnapshotCompatVV: getIsInvalidateFromTaskSnapshot, return, mTaskSnapshot=null, mTaskSnapshotClazz=null
03-02 11:06:32.744  1621  2197 D SymlinkUtils: attachApplication file op go pass: 1 ms
03-02 11:06:32.751  1621  1648 D Aurogon :  uid = 10337 switch to FG
03-02 11:06:32.754  1621  2197 W MiuiBoosterUtils: enable_miuibooster_launch : false
03-02 11:06:32.754 15426 15426 I FirebaseApp: Device unlocked: initializing all Firebase APIs for app [DEFAULT]
03-02 11:06:32.753   861   947 I libPerfCtl: xgfGetFPS pid:921 fps:-1
03-02 11:06:32.756   861   947 I libPerfCtl: xgfGetFPS pid:1999 fps:-1
03-02 11:06:32.756   861   947 I libPerfCtl: xgfGetFPS pid:2363 fps:-1
03-02 11:06:32.756   861   947 I libPerfCtl: xgfGetFPS pid:11917 fps:-1
03-02 11:06:32.756   861   947 I libPerfCtl: xgfGetFPS pid:13966 fps:-1
03-02 11:06:32.756   861   947 I libPerfCtl: xgfGetFPS pid:14013 fps:-1
03-02 11:06:32.757  1621  1894 D isUidValid: uid = 10337
03-02 11:06:32.758  1621  1842 I MiuiNetworkPolicy: updateUidState uid = 10337, uidState = 2
03-02 11:06:32.765 12515 12515 I JavaheapMonitor: Disabled. Process name: <pre-initialized>
03-02 11:06:32.765  1621  4238 I ClipboardServiceI: checkProviderWakePathForClipboard: primaryClip is null
03-02 11:06:32.765 15426 15426 I FirebaseInitProvider: FirebaseApp initialization successful
