03-02 11:06:32.267   921   921 I BufferQueueDebug: [Surface(name=5b2ee94 StatusBar#103)/@0xf6cf932 - animation-leash of insets_animation#133810](this:0xb400007bcec80d18,id:-1,api:0,p:-1,c:921) onDestructor()
03-02 11:06:32.267   921   921 I BufferQueueDebug: [Surface(name=77d8129 NavigationBar0#101614)/@0x3faba4f - animation-leash of insets_animation#133811](this:0xb400007bcecb4138,id:-1,api:0,p:-1,c:921) onDestructor()
03-02 11:06:32.268   863   958 I libPowerHal: [recordCPUFreqInfo] set cluster[0] min(system_server): 1800000 max(-1): -1 cluster[1] min(system_server): 2000000 max(-1): -1
03-02 11:06:32.268   863   958 I libPowerHal: [perfLockRel] Done for hdl : 366241
03-02 11:06:32.270  1124  2142 E mediaserver: unlinkToDeath: removed reference to death recipient but unlink failed: DEAD_OBJECT
03-02 11:06:32.270  1124  2142 E IPCThreadState: attemptIncStrongHandle(14): Not supported
03-02 11:06:32.271   894  1349 D StreamHalAidl: setParameters: parameters: "MixerThreadSleep="
03-02 11:06:32.271   894  1349 D StreamHalAidl: setParameters: parameters: MixerThreadSleep=
03-02 11:06:32.271  2363 19600 I ActiveAudioSessionManager_export-api: controllerSize:0
03-02 11:06:32.271   921  1500 I BufferQueueDebug: [Surface(name=751ea6d InputMethod#71915)/@0xaafc069 - animation-leash of insets_animation#133832](this:0xb400007bcecc8028,id:-1,api:0,p:-1,c:-1) BufferQueue core=(921:/system/bin/surfaceflinger)
03-02 11:06:32.273 18562 18562 W AudioMediaPlayerWrapper: The session was destroyed com.softnation.Ojam
03-02 11:06:32.276 18562 18562 D MediaPlayerList: sessionUpdatedCallback(): packageName: com.softnation.Ojam
03-02 11:06:32.276   921   921 I BufferQueueProducer: [FramebufferSurface](this:0xb400007d8e9dff50,id:-1,api:1,p:921,c:921) queueBuffer: fps=0.71 dur=1401.75 max=1401.75 min=1401.75
03-02 11:06:32.280   921   921 I MI-SF   : surfaceflinger setAffinity mode=1
03-02 11:06:32.280   921   921 E MI-SF   : surfaceflinger setAffinity success
03-02 11:06:32.280   921   921 I MI-SF   : surfaceflinger setreAffinity reTid=1207
03-02 11:06:32.280   921   921 E MI-SF   : surfaceflinger setAffinity success
03-02 11:06:32.273  1621  1731 W MediaSessionRecord: error unlinking to binder death
03-02 11:06:32.273  1621  1731 W MediaSessionRecord: java.util.NoSuchElementException: Death link does not exist (NAME_NOT_FOUND)
03-02 11:06:32.273  1621  1731 W MediaSessionRecord: 	at android.os.BinderProxy.unlinkToDeathNative(Native Method)
03-02 11:06:32.273  1621  1731 W MediaSessionRecord: 	at android.os.BinderProxy.unlinkToDeath(BinderProxy.java:739)
03-02 11:06:32.273  1621  1731 W MediaSessionRecord: 	at com.android.server.media.MediaSessionRecord$ControllerStub.unregisterCallback(MediaSessionRecord.java:1892)
03-02 11:06:32.273  1621  1731 W MediaSessionRecord: 	at android.media.session.ISessionController$Stub.onTransact(ISessionController.java:392)
03-02 11:06:32.273  1621  1731 W MediaSessionRecord: 	at android.os.Binder.execTransactInternal(Binder.java:1507)
03-02 11:06:32.273  1621  1731 W MediaSessionRecord: 	at android.os.Binder.execTransact(Binder.java:1451)
03-02 11:06:32.283  1621  1651 D MiuiRefreshRatePolicy: reset
03-02 11:06:32.286   835   835 I Zygote  : Process 10571 exited due to signal 9 (Killed)
03-02 11:06:32.290  1055  1186 D connsyslogger: SD_LOG_ROOT is /data/debuglogger/connsyslog/fw.
03-02 11:06:32.290  1055  1186 D connsyslogger: systemReady:1
03-02 11:06:32.291  1621  1842 I MiuiNetworkPolicy: updateUidState uid = 99910300, uidState = 19
03-02 11:06:32.292  1999  1999 D TaskSnapshotCompatVV: getIsInvalidateFromTaskSnapshot, isInvalidate=false
03-02 11:06:32.292  1999  1999 D EventBus: No subscribers registered for event class com.miui.home.recents.messages.TaskSnapshotChangedEvent
03-02 11:06:32.292  1999  1999 D EventBus: No subscribers registered for event class org.greenrobot.eventbus.NoSubscriberEvent
03-02 11:06:32.293  1999  2684 D ActivityManagerWrapper: groupedRecentTaskInfoCompat.getMainTaskId :37027, isExcluded is True
03-02 11:06:32.293  1999  2684 E ActivityManagerWrapper: getRecentTasksForceIncludingTaskIdIfValid: getRecentTasks: size=4
03-02 11:06:32.293  1999  2684 E ActivityManagerWrapper:  mainTaskId=37027   userId=0   windowMode=1   baseIntent=Intent { act=null flag=344260608 cmp=ComponentInfo{com.google.android.googlequicksearchbox/com.google.android.apps.search.assistant.surfaces.voice.robin.ui.floaty.activity.FloatyActivity} }
03-02 11:06:32.293  1999  2684 E ActivityManagerWrapper:  mainTaskId=37033   userId=0   windowMode=1   baseIntent=Intent { act=null flag=268435456 cmp=ComponentInfo{com.softnation.Ojam/com.softnation.Ojam.MainActivity} }
03-02 11:06:32.293  1999  2684 E ActivityManagerWrapper:  mainTaskId=37019   userId=0   windowMode=1   baseIntent=Intent { act=null flag=268435456 cmp=ComponentInfo{com.whatsapp/com.whatsapp.home.ui.HomeActivity} }
03-02 11:06:32.293  1999  2684 E ActivityManagerWrapper:  mainTaskId=36980   userId=0   windowMode=1   baseIntent=Intent { act=android.intent.action.MAIN flag=270532608 cmp=ComponentInfo{com.twitter.android/com.twitter.android.StartActivity} }
03-02 11:06:32.295  1621  5054 D SymlinkUtils: attachApplication file op go pass: 0 ms
03-02 11:06:32.299  1621  1856 D ConnectivityService: releasing NetworkRequest [ REQUEST id=242310, [ Capabilities: INTERNET&NOT_RESTRICTED&TRUSTED&NOT_VCN_MANAGED&NOT_BANDWIDTH_CONSTRAINED Uid: 10337 RequestorUid: 10337 RequestorPkg: com.softnation.Ojam UnderlyingNetworks: Null] ] (release request)
03-02 11:06:32.300 18562 18562 D MediaPlayerList: sendMediaUpdate
03-02 11:06:32.300 18562 18562 D MediaPlayerList: sendMediaUpdate state=null
03-02 11:06:32.300 18562 18562 D AvrcpTargetService: onMediaUpdated: track_changed=true state=true queue=true
03-02 11:06:32.300 18562 18562 D AvrcpNativeInterface: sendMediaUpdate: metadata=true playStatus=true queue=true
03-02 11:06:32.300 18562 18562 I bluetooth: avrcp_service.cc:648 SendMediaUpdate: track_changed=true :  play_state=true :  queue=true
03-02 11:06:32.301 18562 18562 I MediaPlayerList: Removing media player com.softnation.Ojam
03-02 11:06:32.301 18562 18562 I AudioMediaPlayerWrapper: clean up
03-02 11:06:32.301 18562 18562 I MediaPlayerList: Recycle player ID.
03-02 11:06:32.301 18562 18562 V MediaPlayerList: onActiveSessionsChanged: number of controllers: 0
03-02 11:06:32.301 18562 18562 I PlayerSettingsManager: getPlayerRepeatMode: no active player
03-02 11:06:32.301 18562 18562 I PlayerSettingsManager: getPlayerShuffleMode: no active player
03-02 11:06:32.301 18562 18562 I PlayerSettingsManager: updateRemoteDevice: STATE_REPEAT_OFF, STATE_SHUFFLE_OFF
03-02 11:06:32.301 18562 18562 I bluetooth: avrcp_service.cc:685 SendPlayerSettingsChanged: 
03-02 11:06:32.301 18562 18562 I bluetooth: avrcp_service.cc:699 SendPlayerSettingsChanged: attribute=PlayerAttribute::REPEAT : value=PlayerRepeatValue::OFF
03-02 11:06:32.301 18562 18562 I bluetooth: attribute=PlayerAttribute::SHUFFLE : value=PlayerShuffleValue::OFF
03-02 11:06:32.301 18562 18562 V MediaPlayerList: onActiveSessionsChanged: number of controllers: 0
03-02 11:06:32.301 18562 18562 I PlayerSettingsManager: getPlayerRepeatMode: no active player
03-02 11:06:32.301 18562 18562 I PlayerSettingsManager: getPlayerShuffleMode: no active player
03-02 11:06:32.301 18562 18562 I PlayerSettingsManager: updateRemoteDevice: STATE_REPEAT_OFF, STATE_SHUFFLE_OFF
03-02 11:06:32.301 18562 18562 I bluetooth: avrcp_service.cc:685 SendPlayerSettingsChanged: 
03-02 11:06:32.306   894  1349 D StreamHalAidl: setParameters: parameters: "MixerThreadSleep="
03-02 11:06:32.307  1621  1651 I ActivityTaskManager: visible for Task{27e6aff #2 type=home I=com.miui.home/.launcher.Launcher} visible = true isAnimating = false TRANSITION = false PARENTS = false CHILDREN = false
03-02 11:06:32.307   894  1349 D StreamHalAidl: setParameters: parameters: MixerThreadSleep=
03-02 11:06:32.308  1621  5054 I SmartPower: com.facebook.katana/10287(15441): died->background(297414ms) R(process start ) adj=-10000.
03-02 11:06:32.309  1621  4238 W PackageConfigPersister: App-specific configuration not found for packageName: com.google.android.googlequicksearchbox and userId: 0
03-02 11:06:32.309 18562 18562 I bluetooth: avrcp_service.cc:699 SendPlayerSettingsChanged: attribute=PlayerAttribute::REPEAT : value=PlayerRepeatValue::OFF
03-02 11:06:32.309 18562 18562 I bluetooth: attribute=PlayerAttribute::SHUFFLE : value=PlayerShuffleValue::OFF
03-02 11:06:32.312  1621  1668 I libprocessgroup: Removed cgroup /sys/fs/cgroup/uid_10337/pid_10571
03-02 11:06:32.317  1621  1651 I ActivityTaskManager: visible for Task{27e6aff #2 type=home I=com.miui.home/.launcher.Launcher} visible = true isAnimating = false TRANSITION = false PARENTS = false CHILDREN = false
03-02 11:06:32.323   894  1349 D AudioFlinger_Threads: noteStopAudioInNeed
03-02 11:06:32.326  1999  2684 D TaskSnapshotCompatVV: getIsInvalidateFromTaskSnapshot, return, mTaskSnapshot=null, mTaskSnapshotClazz=null
03-02 11:06:32.326  1999  2684 D RecentsModel: onTaskStackChangedBackground    MSG_TASK_STACK_CHANGE
03-02 11:06:32.327  1999  2684 D RecentsModel: boostTaskStackChangedThread, don't boost
03-02 11:06:32.327  1201  1298 D AALLightSensor: oldLux=8 [SA:-1 LA:-1] newLux=7 (oriLux: 7)
03-02 11:06:32.327  1201  1298 D AALService: [CRTC_114] onALIChanged: 8 -> 7
03-02 11:06:32.329   894  1349 V AudioPolicyInterfaceImpl: stopOutput()
03-02 11:06:32.330   894  1349 V audio_utils::mutex: mutex_impl: audio_mutex initialized: ret:0  order:6
03-02 11:06:32.330  1621  4754 I ATMSImpl: cacheTasksForDefaultDisplay size=4
03-02 11:06:32.331   894  1284 V AudioPolicyInterfaceImpl: doStopOutput
03-02 11:06:32.331   894  1349 V AudioPolicyInterfaceImpl: releaseOutput()
03-02 11:06:32.331   894  1349 V audio_utils::mutex: mutex_impl: audio_mutex initialized: ret:0  order:6
03-02 11:06:32.331   894  1284 D APM_AudioPolicyManager: stopOutput() output 21, stream 3, session 57569
03-02 11:06:32.331   894  1349 D audioserver: logFgsApiEnd: FGS Logger Transaction failed, -129
03-02 11:06:32.332   894  1284 W AudioPolicyManagerCustomImpl: [MTK_APM_Route]setOutputDevices() mIoHandle 21 mId 6 device (0x2)(0x1, 0x2, 0x4, 0x8, 0x10, 0x20, 0x40, 0x4000, 0x4000000) delayMs 170 force 0 size 4
03-02 11:06:32.332   894  1349 D AudioFlinger_Threads: updateWakeLockUids_l AudioOut_15 uids:
03-02 11:06:32.332   843   968 D MTKAdapterStreamLayer: updateMetadataCommon(), 
03-02 11:06:32.332   894  1284 D APM::AudioPolicyEngine: getDevices ForStrategy() strategy 1, device 0x1 avadevice 0x1, 0x2, 0x10000, 0x100000 sfu [0]:0, [1]:0, [4]:11
03-02 11:06:32.332   843   968 I AudioALSAStreamOut: updateSourceMetadata(), do nothing source_metadata = 0x7720635ff8
03-02 11:06:32.332 13966  4780 I cn_CronetUrlRequestContext: destroyNativeStreamLocked android.net.connectivity.org.chromium.net.impl.CronetBidirectionalStream@8558742
03-02 11:06:32.334   894  1284 D APM::AudioPolicyEngine: getDevices ForStrategy() strategy 0, device 0x2 avadevice 0x1, 0x2, 0x10000, 0x100000 sfu [0]:0, [1]:0, [4]:11
03-02 11:06:32.337  6515 12042 I PowerKeeper.Event: noteStopAudioInNeed uid is 10337, sessionid is 57569, port is 8473, type is 2
03-02 11:06:32.337   894  1284 D APM::AudioPolicyEngine: getDevices ForStrategy() strategy 1, device 0x1 avadevice 0x1, 0x2, 0x10000, 0x100000 sfu [0]:0, [1]:0, [4]:11
03-02 11:06:32.338  2363  3215 I ActiveAudioSessionManager_export-api: dispatchTopActiveSessionChangeCallbackLocked, size:1
03-02 11:06:32.338  2363  3215 I ActiveAudioSessionManager_export-api: stopPositionCallbackTask
03-02 11:06:32.339  2363  3215 I ActiveAudioSessionManager_export-api: dispatchSessionsExistsChangeCallbackLocked :false
03-02 11:06:32.339  1621  2188 D AS.BtHelper: isBluetoothScoOn() mBluetoothHeadset is null: falsemBluetoothHeadsetDevice is null: true
03-02 11:06:32.339  1621  2188 V AS.AudioDeviceBroker: requestedCommunicationDevice: null mAudioModeOwner: AudioModeInfo: mMode=MODE_NORMAL, mPid=0, mUid=0
03-02 11:06:32.339   894  1284 D APM::AudioPolicyEngine: getDevices ForStrategy() strategy 0, device 0x2 avadevice 0x1, 0x2, 0x10000, 0x100000 sfu [0]:0, [1]:0, [4]:11
03-02 11:06:32.342   894  1284 D APM::AudioPolicyEngine: getDevices ForStrategy() strategy 1, device 0x1 avadevice 0x1, 0x2, 0x10000, 0x100000 sfu [0]:0, [1]:0, [4]:11
03-02 11:06:32.342  2363  3215 I ActiveAudioSessionManager_export-api: controllerSize:0
03-02 11:06:32.343  2363  3215 I ActiveAudioSessionManager_export-api: stopPositionCallbackTask
03-02 11:06:32.343  2363  3215 I ActiveAudioSessionManager_export-api: dispatchSessionsExistsChangeCallbackLocked :false
03-02 11:06:32.343   894  1284 D APM::AudioPolicyEngine: getDevices ForStrategy() strategy 0, device 0x2 avadevice 0x1, 0x2, 0x10000, 0x100000 sfu [0]:0, [1]:0, [4]:11
03-02 11:06:32.344  1999  2684 D RecentsModel: getRunningTask ignoreActivityType : 2 ,ignoreWindowMode:5
03-02 11:06:32.345   894  1284 D APM::AudioPolicyEngine: getDevices ForStrategy() strategy 0, device 0x2 avadevice 0x1, 0x2, 0x10000, 0x100000 sfu [0]:0, [1]:0, [4]:11
03-02 11:06:32.345   894  1284 I AudioFlinger_Threads: removeEffectChain_l() 0xb400007470cb30d0 from thread 0xb400007612805700 for session 0
03-02 11:06:32.345   894  1284 I AudioFlinger_Threads: removeEffect_l(): 0xb400007612805700, effect = 0xb400007410caab10, name = MiSound
03-02 11:06:32.345   843   968 D AHAL_EffectMisound: commandImplstop, disable!
03-02 11:06:32.346   843  3249 D AHAL_EffectMisound: MiSoundV2 skip process in state: IDLE
03-02 11:06:32.347  1621  2197 D AS.BtHelper: isBluetoothScoOn() mBluetoothHeadset is null: falsemBluetoothHeadsetDevice is null: true
03-02 11:06:32.347  1621  2197 V AS.AudioDeviceBroker: requestedCommunicationDevice: null mAudioModeOwner: AudioModeInfo: mMode=MODE_NORMAL, mPid=0, mUid=0
03-02 11:06:32.347   894  1284 I EffectChain: removeEffect_l() effect 0xb400007410caab10, removed from chain 0xb400007470cb30d0 at rank 0
03-02 11:06:32.347 15441 15457 D MiuiDownscaleImpl: set override inverted scale : 1.0
03-02 11:06:32.347   894  1284 I AudioFlinger_Threads: removeEffectChain_l() 0xb400007470cb30d0 from thread 0xb400007612805700 for session 0
03-02 11:06:32.347   894  1284 V audio_utils::mutex: mutex_impl: audio_mutex initialized: ret:0  order:15
03-02 11:06:32.347   894  1284 I EffectChain: EffectChain(): new EffectChain = 0xb400007470cb53b0
03-02 11:06:32.347   894  1284 I AudioFlinger_Threads: addEffect_ll: 0xb400007619f8e700 chain 0xb400007470cb53b0 effect 0xb400007410caab10,name = MiSound
03-02 11:06:32.348   894  1284 V EffectModule: setOffloaded_l offloaded 0 io 13 status 0
03-02 11:06:32.348   894  1284 I EffectChain: addEffect_l() effect 0xb400007410caab10, added in chain 0xb400007470cb53b0 at rank 0
03-02 11:06:32.348   894  1284 V EffectModule: configure_l 0xb400007410caab10 chain 0xb400007470cb53b0 buffer 0xb400007520cb5080 framecount 768
03-02 11:06:32.348 13966 13999 I amto    : (REDACTED) Network status %s
03-02 11:06:32.349   894  1284 V EffectChain: addEffect_l effect 0xb400007410caab10, added in chain 0xb400007470cb53b0 at rank 0
03-02 11:06:32.349   894  1284 V EffectModule: configure_l 0xb400007410caab10 chain 0xb400007470cb53b0 buffer 0xb400007360cbb580 framecount 768
03-02 11:06:32.349  6515  6921 I AppActiveChecker: uid:10337change to inactive
03-02 11:06:32.352   843 24566 I EffectMiSound: MiSound_updateState(), enable=1, hifi=0, device=0x2, headset=5, samplingRate=0
03-02 11:06:32.352   843 24566 I EffectMiSound: MiSound_updateState(), mode=0, music=0, movie=0, reset=1
03-02 11:06:32.352   843 24566 D EffectMiSound: MiSoundAurisys_SetParameter()
03-02 11:06:32.352   843 24566 I EffectMiSound: SetParam No.1
03-02 11:06:32.352  1621  5054 W ActivityManager: Slow operation: 51ms so far, now at attachApplicationLocked: after updateOomAdjLocked
03-02 11:06:32.352   843 24566 D EffectMiSound: MiSound_updateShareParam enter
03-02 11:06:32.352   843 24566 I EffectMiSound: MiSound_updateState(), Speaker Dual Mode
03-02 11:06:32.353  1999  2684 W RecentsModel: getRunningTask   taskInfo=TaskInfo{userId=0 taskId=37027 displayId=0 isRunning=true baseIntent=Intent { flg=0x14850000 pkg=com.google.android.googlequicksearchbox cmp=com.google.android.googlequicksearchbox/com.google.android.apps.search.assistant.surfaces.voice.robin.ui.floaty.activity.FloatyActivity } baseActivity=ComponentInfo{com.google.android.googlequicksearchbox/com.google.android.apps.search.assistant.surfaces.voice.robin.ui.floaty.activity.FloatyActivity} topActivity=ComponentInfo{com.google.android.googlequicksearchbox/com.google.android.apps.search.assistant.surfaces.voice.robin.ui.floaty.activity.FloatyActivity} origActivity=null realActivity=ComponentInfo{com.google.android.googlequicksearchbox/com.google.android.apps.search.assistant.surfaces.voice.robin.ui.floaty.activity.FloatyActivity} numActivities=1 lastActiveTime=1028951751 supportsSplitScreenMultiWindow=true supportsMultiWindow=true resizeMode=2 isResizeable=true minWidth=-1 minHeight=-1 defaultMinSize=200 token=WCT{android.window.IWindowContainerToken$Stub$Proxy@c158300} topActivityType=1 pictureInPictureParams=null shouldDockBigOverlays=false launchIntoPipHostTaskId=-1 lastParentTaskIdBeforePip=-1 displayCutoutSafeInsets=null topActivityInfo=ActivityInfo{512f739 com.google.android.apps.search.assistant.surfaces.voice.robin.ui.floaty.activity.FloatyActivity} launchCookies=[] positionInParent=Point(0, 0) parentTaskId=-1 isFocused=true isVisible=true isVisibleRequested=true isSleeping=false locusId=null displayAreaFeatureId=1 isTopActivityTransparent=true appCompatTaskInfo=AppCompatTaskInfo { topActivityInSizeCompat=false topActivityEligibleForLetterboxEducation= falseisLetterboxEducationEnabled= false isLetterboxDoubleTapEnabled= false topActivityEligibleForUserAspectRatioButton= false topActivityBoundsLetterboxed= false isFromLetterboxDoubleTap= false topActivityLetterboxVerticalPosition= -1 topActivityLetterboxHorizontalPosition= -1 topActivityLetterboxWidth=1080 topActivityLetterboxHeight=2460 isUserFullscreenOverrideEnabled=false isSystemFullscreenOverrideEnabled=false cameraCompatTaskInfo=CameraCompatTaskInfo { cameraCompatControlState=hidden freeformCameraCompatMode=inactive}} isImmersive=false mTopActivityRequestOrientation=-2 mBehindAppLockPkg=null mOriginatingUid=0 isEmbedded=false shouldBeVisible=true mIsCastMode=false mTopActivityMediaSize=null mTopActivityRecordName=ActivityRecord{6d71709 u0 com.google.android.googlequicksearchbox/com.google.android.apps.search.assistant.surfaces.voice.robin.ui.floaty.activity.FloatyActivity t37027} mTopActivityOrientation=-1}
03-02 11:06:32.353  1999  2684 D RecentsModel: preloadRecents runningTaskId:37027, mCurrentRunningTaskId:-1, mRecentsTaskLoadPlan=com.android.systemui.shared.recents.model.RecentsTaskLoadPlan@f7cd17e
03-02 11:06:32.354   843 24566 D AHAL_EffectMisound: commandImplstart, enable!
03-02 11:06:32.354  1621  1676 D ProcessManager: add temp remove audio inactive uid : 10337
03-02 11:06:32.354   843  3248 I EffectMiSound: MiSoundSetParameterThread: awake
03-02 11:06:32.354   843  3248 D EffectMiSound: Thread: setParam No.1 params MisoundEnable=1
03-02 11:06:32.354   843  3248 I EffectMiSound: MiSoundsetParameters_request: MisoundEnable=1
03-02 11:06:32.354   843  3248 D EffectMiSound: clientRequest: socket 32 write to server 264
03-02 11:06:32.355   894  1284 D AudioFlinger: moveEffectChain_ll: successful move of session 0 from srcThread 0xb400007612849fe8 to dstThread 0xb400007619fd2fe8 (1 effects moved, 1 effects started)
03-02 11:06:32.359   894  1284 W AudioFlinger: moveEffectChain_ll: effect chain for session 0 not on source thread 0xb400007612849fe8
03-02 11:06:32.360   894  1284 I APM_AudioPolicyManager: isSpecialScenarioGame ClientName com.softnation.Ojam
03-02 11:06:32.360  2363 19600 I ActiveAudioSessionManager_export-api: dispatchTopActiveSessionChangeCallbackLocked, size:1
03-02 11:06:32.361   894  1349 D audioserver: logFgsApiEnd: FGS Logger Transaction failed, -129
03-02 11:06:32.361  2363 19600 I GlobalMiPlayAudioManager: onActiveAudioSessionChange activeSession is null
03-02 11:06:32.361  2363 19600 D MiCastSDKImpl: setPlaybackState state -999
03-02 11:06:32.361   894  1349 I EffectChain: ~EffectChain(): delete EffectChain = 0xb400007470cb30d0
03-02 11:06:32.361  2363 19600 I GlobalMiPlayAudioManager: dispatchCallback, what, 1
03-02 11:06:32.361  2363 19600 I ActiveAudioSessionManager_export-api: stopPositionCallbackTask
03-02 11:06:32.361   894  1349 D StreamHalAidl: setParameters: parameters: "NoAudioTrack=1"
03-02 11:06:32.361   894  1349 D StreamHalAidl: setParameters: parameters: NoAudioTrack=1
03-02 11:06:32.361   894  1284 V audio_utils::mutex: mutex_impl: audio_mutex initialized: ret:0  order:6
03-02 11:06:32.362   894  1283 D AudioSystem: +setParameters(): app_name=-com.softnation.Ojam 
03-02 11:06:32.362   894  1283 D AudioSystem: start get log level!
03-02 11:06:32.363  1999  2684 E ActivityManagerWrapper: get all recent tasks force including 37027
03-02 11:06:32.363   843 24566 D AudioALSAHardware: +setParameters(): app_name=-com.softnation.Ojam
03-02 11:06:32.363   843 24566 D AudioALSAHardware: setParameters: [DEBUG] setParameters misound AppName: -com.softnation.Ojam
03-02 11:06:32.363   843 24566 I AudioALSAHardware: updateMisoundMode() mMisoundScenario 4, devices 0x23, mMisoundEnable 1, targetScenario ALL
03-02 11:06:32.363   843 24566 D AudioALSAHardware: -setParameters(): app_name=-com.softnation.Ojam
03-02 11:06:32.363  1621  1842 I MiuiNetworkPolicy: updateUidState uid = 10287, uidState = 19
03-02 11:06:32.365  2363 19600 I ActiveAudioSessionManager_export-api: dispatchSessionsExistsChangeCallbackLocked :false
03-02 11:06:32.365  2363 19600 I MiPlayServiceAdapter: markSessionKilled
03-02 11:06:32.365  2363 19600 I ActiveAudioSessionManager_export-api: controllerSize:0
03-02 11:06:32.365  2363 19600 I ActiveAudioSessionManager_export-api: stopPositionCallbackTask
03-02 11:06:32.365  2363 19600 I ActiveAudioSessionManager_export-api: dispatchSessionsExistsChangeCallbackLocked :false
03-02 11:06:32.365  2363 19600 I MiPlayServiceAdapter: markSessionKilled
03-02 11:06:32.365   843  1078 W audio_hw_con: audio_handle_client_sock received client connect 33
03-02 11:06:32.366   843 24566 D AHAL_ModuleBluetooth: setVendorParameters: parameter count 1, async: 0
03-02 11:06:32.366   843  1078 D audio_hw_con: [DEBUG] audio_con_thrad received param MisoundEnable=1
03-02 11:06:32.366   843 24566 D AHAL_ModuleBluetooth: setVendorParameters: app_name=-com.softnation.Ojam
03-02 11:06:32.366   843  1078 D AudioALSAHardware: +setParameters(): MisoundEnable=1
03-02 11:06:32.366   843  1078 D AudioALSAHardware: setParameters: [DEBUG] setParameters keyMisoundEnable: 1
03-02 11:06:32.366   843  1078 D AudioALSAHardware: -setParameters(): MisoundEnable=1
03-02 11:06:32.366   894  1284 V audio_utils::mutex: mutex_impl: audio_mutex initialized: ret:0  order:6
03-02 11:06:32.366   843  3248 I EffectMiSound: MiSoundSetParameterThread: sleep
03-02 11:06:32.368   894  1283 D AudioSystem: +setParameters(): app_name=-com.softnation.Ojam 
03-02 11:06:32.368   894  1283 D AudioSystem: start get log level!
03-02 11:06:32.368  1621  1650 W ActivityManager: setHasOverlayUi called on unknown pid: 10571
03-02 11:06:32.368   894  1283 V audio_utils::mutex: mutex_impl: audio_mutex initialized: ret:0  order:20
03-02 11:06:32.369 15426 15426 I JavaheapMonitor: Disabled. Process name: <pre-initialized>
03-02 11:06:32.373   843  1348 W audio_sw_mixer: sw_mixer_mix_fp_direct_write(-),   MIXER_PLAYBACK  , path T_DEEP=>T_PRIMARY   , size_out 16384, rb     0, latency/total: 42.666/50.722 (47.202+0.004+3.516) ms
03-02 11:06:32.374   894  1349 D StreamHalAidl: setParameters: parameters: "app_name=-com.softnation.Ojam"
03-02 11:06:32.374   894  1349 D StreamHalAidl: setParameters: parameters: app_name=-com.softnation.Ojam
03-02 11:06:32.374  1621  1650 D MiuiRefreshRatePolicy: reset
03-02 11:06:32.375   843 24566 D AudioALSAStreamOut: +setParameters(): flag 8
03-02 11:06:32.375   843 24566 W AudioALSAStreamOut: setParameters(), still have param.size() = 1
03-02 11:06:32.375   843 24566 E AHAL_Stream: setVendorParameters: unrecognized parameter "app_name=-com.softnation.Ojam"
03-02 11:06:32.375   894  1349 E ConversionHelperAidl: Function: parseAndSetVendorParameters Line: 107 Failed 
03-02 11:06:32.376  6515 12042 I ProcAudioPowerManager: noteStopAudioInNeed uid is 10337, pid is 10571, sessionid is 57569, port is 8473, type is 2
03-02 11:06:32.376   894  1284 V AudioPolicyInterfaceImpl: doStopOutput(): client portId 8473, active 0, ActiveClientRefCount 0
03-02 11:06:32.376  6515 12042 E RouteInfo: RouteInfo{ name=Phone, description=null, status=null, category=RouteCategory{ name=System types=ROUTE_TYPE_LIVE_AUDIO ROUTE_TYPE_LIVE_VIDEO  groupable=false }, supportedTypes=ROUTE_TYPE_LIVE_AUDIO ROUTE_TYPE_LIVE_VIDEO , presentationDisplay=null }
03-02 11:06:32.377  1999  2684 D ActivityManagerWrapper: groupedRecentTaskInfoCompat.getMainTaskId :37027, isExcluded is True
03-02 11:06:32.377 15441 15441 I JavaheapMonitor: Disabled. Process name: <pre-initialized>
03-02 11:06:32.377  1999  2684 E ActivityManagerWrapper: getRecentTasksForceIncludingTaskIdIfValid: getRecentTasks: size=4
03-02 11:06:32.377  1999  2684 E ActivityManagerWrapper:  mainTaskId=37027   userId=0   windowMode=1   baseIntent=Intent { act=null flag=344260608 cmp=ComponentInfo{com.google.android.googlequicksearchbox/com.google.android.apps.search.assistant.surfaces.voice.robin.ui.floaty.activity.FloatyActivity} }
03-02 11:06:32.377  1999  2684 E ActivityManagerWrapper:  mainTaskId=37033   userId=0   windowMode=1   baseIntent=Intent { act=null flag=268435456 cmp=ComponentInfo{com.softnation.Ojam/com.softnation.Ojam.MainActivity} }
03-02 11:06:32.377  1999  2684 E ActivityManagerWrapper:  mainTaskId=37019   userId=0   windowMode=1   baseIntent=Intent { act=null flag=268435456 cmp=ComponentInfo{com.whatsapp/com.whatsapp.home.ui.HomeActivity} }
03-02 11:06:32.377  1999  2684 E ActivityManagerWrapper:  mainTaskId=36980   userId=0   windowMode=1   baseIntent=Intent { act=android.intent.action.MAIN flag=270532608 cmp=ComponentInfo{com.twitter.android/com.twitter.android.StartActivity} }
03-02 11:06:32.377   894  1284 V AudioPolicyInterfaceImpl: doReleaseOutput from tid 1284
03-02 11:06:32.377   894  1284 D APM_AudioPolicyManager: releaseOutput() output 21, stream 3, session 57569 [uid=10337]
03-02 11:06:32.378 15441 15441 D MiuiMonitorThread: Shared singleton Thread for stability monitor start
03-02 11:06:32.379 14013 14039 W BpBinder: Slow Binder: BpBinder transact took 202 ms, interface=com.google.android.gms.inappreach.internal.IInAppReachService, code=3 oneway=false
03-02 11:06:32.381 15426 15444 D MiuiDownscaleImpl: set override inverted scale : 1.0
03-02 11:06:32.382  1621  5054 I PowerHalWrapper: amsBoostStop AMS_BOOST_PACK_SWITCH:true, AMS_BOOST_ACT_SWITCH:false, AMS_BOOST_PROCESS_CREATE:false, AMS_BOOST_PROCESS_CREATE_FOR_GAME:false, AMS_BOOST_HOT_LAUNCH:false 
03-02 11:06:32.382  2363  2363 D MiPlayDetailViewModel: onActiveAudioSessionChange(): audioSessionList?.size =0
03-02 11:06:32.382  2363  2363 D MiPlayController: miplay service state invalid = 0
03-02 11:06:32.382  2363  2363 D MiPlayDetailViewModel: isMiuiMusic:false null,releaseVersion:1
03-02 11:06:32.382  2363  2363 D MiPlayDetailViewModel: updateAudioSession true
03-02 11:06:32.382  2363  2363 D Utilities:  oldHints : 0 backDisposition : 0 imeShown : false hints 0
03-02 11:06:32.383   863   909 I libPowerHal: [mtkPowerHint] hint:22, hold:500, ext:0, ext_hold:0
03-02 11:06:32.383 19603 19603 W MultiDeviceManager: setPlaybackState state -999
03-02 11:06:32.383 19603 19603 I CastDeviceManager: setPlaybackState: state -999
03-02 11:06:32.383 19603 19603 W CastDeviceManager: setPlaybackState: castSession is null return
03-02 11:06:32.384 15426 15426 D MiuiMonitorThread: Shared singleton Thread for stability monitor start
03-02 11:06:32.385   863   958 I libPowerHal: [perfLockAcq] idx:1 hdl:366243 hint:22 pid:863 tid:863 duration:500 lock_user:vendor.mediatek => ret_hdl:366243
03-02 11:06:32.385  1621  2188 D MiuiRefreshRatePolicy: reset
03-02 11:06:32.386   863   958 I libPowerHal: [set_kswapd_affinity] set affinity = 16129
03-02 11:06:32.386   863   958 I libPowerHal: [PE] MTKPOWER_HINT_PACK_SWITCH update ONESHOT(set) cmd:10000700 param:16129 pr:3
03-02 11:06:32.386   863   958 I libPowerHal: [perfLockAcq] Done for hdl : 366243
03-02 11:06:32.388   863   958 I libPowerHal: [perfLockRel] hdl:366242, idx:2
03-02 11:06:32.388   863   958 I libPowerHal: [PD] MTKPOWER_HINT_PACK_SWITCH update ONESHOT(unset) cmd:10000700 param:16129 pr:3
03-02 11:06:32.388   863   958 I libPowerHal: [perfLockRel] Done for hdl : 366242
03-02 11:06:32.395  1621  4426 D MiuiRefreshRatePolicy: reset
03-02 11:06:32.399  1621  1651 I ActivityTaskManager: visible for Task{27e6aff #2 type=home I=com.miui.home/.launcher.Launcher} visible = true isAnimating = false TRANSITION = false PARENTS = false CHILDREN = false
03-02 11:06:32.402  1999  2684 D TaskSnapshotCompatVV: getIsInvalidateFromTaskSnapshot, return, mTaskSnapshot=null, mTaskSnapshotClazz=null
03-02 11:06:32.402  2350  2350 W Settings: Setting airplane_mode_on has moved from android.provider.Settings.System to android.provider.Settings.Global, returning read-only value.
03-02 11:06:32.409  2350  2350 W Settings: Setting airplane_mode_on has moved from android.provider.Settings.System to android.provider.Settings.Global, returning read-only value.
03-02 11:06:32.414 15426 15426 D ActivityThread: setEmbeddedParam packageName=com.whatsapp processName=com.whatsapp isEmbedded=false isIsolated=false
03-02 11:06:32.414  1621  1651 I ActivityTaskManager: visible for Task{27e6aff #2 type=home I=com.miui.home/.launcher.Launcher} visible = true isAnimating = false TRANSITION = false PARENTS = false CHILDREN = false
03-02 11:06:32.415  2350 29580 D NetworkSpeedTracker: updateNwSignalInfo not allowed ,ignore
03-02 11:06:32.418 15426 15426 D ApplicationLoaders: Returning zygote-cached class loader: /system/framework/org.apache.http.legacy.jar
03-02 11:06:32.419 15426 15426 D ApplicationLoaders: Returning zygote-cached class loader: /system_ext/framework/androidx.window.extensions.jar
03-02 11:06:32.419 15426 15426 D ApplicationLoaders: Returning zygote-cached class loader: /system_ext/framework/androidx.window.sidecar.jar
03-02 11:06:32.420  2350 29580 D NetworkSpeedTracker: updateNwSignalInfo not allowed ,ignore
03-02 11:06:32.421 15426 15426 D CompatChangeReporter: Compat change id reported: 202956589; UID 99910300; state: ENABLED
03-02 11:06:32.426 15441 15441 D ActivityThread: setEmbeddedParam packageName=com.facebook.katana processName=com.facebook.katana isEmbedded=false isIsolated=false
03-02 11:06:32.429 15441 15441 D ApplicationLoaders: Returning zygote-cached class loader: /system/framework/org.apache.http.legacy.jar
03-02 11:06:32.429 15441 15441 D ApplicationLoaders: Returning zygote-cached class loader: /system_ext/framework/androidx.window.extensions.jar
03-02 11:06:32.429 15441 15441 D ApplicationLoaders: Returning zygote-cached class loader: /system_ext/framework/androidx.window.sidecar.jar
03-02 11:06:32.433  1621  2188 W XSpaceManagerServiceImpl: checkXSpaceControl, from:com.android.shell, to:com.softnation.Ojam, with act:null, callingUserId:0, toUserId:0
03-02 11:06:32.434  1621  2188 W ActivityTaskManager: callingPackage for (uid=2000, pid=15462) has no WPC
03-02 11:06:32.437  1621  2188 D PreStartingManager: Not init when use PreStartingManager!
03-02 11:06:32.438  1621  2188 W OptProp : Cannot read opt property android.window.PROPERTY_COMPAT_ALLOW_ORIENTATION_OVERRIDE
03-02 11:06:32.441  1621  2188 V GrammaticalInflectionUtils: AttributionSource: android.content.AttributionSource@19923ceb does not have READ_SYSTEM_GRAMMATICAL_GENDER permission.
03-02 11:06:32.442  1621  2188 W OptProp : Cannot read opt property android.window.PROPERTY_COMPAT_ALLOW_RESIZEABLE_ACTIVITY_OVERRIDES
03-02 11:06:32.442  1621  2188 W OptProp : Cannot read opt property android.window.PROPERTY_COMPAT_ALLOW_MIN_ASPECT_RATIO_OVERRIDE
03-02 11:06:32.443  1621  2188 I ActivityTaskManager: isKeyguardEditor: false, newTransition: TransitionRecord{cdf9ff1 id=10161 type=OPEN flags=0x0}
03-02 11:06:32.444  1621  2188 D WindowManager: Collecting in transition 10161: ActivityRecord{358b7d6 u0 com.softnation.Ojam/.MainActivity init visibleRequested:false
03-02 11:06:32.444  1621  2188 D MiuiFreeformServiceImpl: addLaunchFreeformActivityOptionIfNeed skip due to not find sourceTask: null sourceFfas: null sourceFreeFormActivity: null
03-02 11:06:32.445  1621  2188 I PowerHalWrapper: PowerHalWrapper.getInstance 
03-02 11:06:32.445  1621  2188 D PerfMTKStubImpl: initBoostParamByDevice
03-02 11:06:32.446   921  1170 I BufferQueueDebug: [Task=37034#133833](this:0xb400007bcecb6ec8,id:-1,api:0,p:-1,c:-1) BufferQueue core=(921:/system/bin/surfaceflinger)
03-02 11:06:32.445  2363  2477 D OneHandedController: stopOneHanded state is 0
03-02 11:06:32.448  1621  2188 D WindowManager: setLockTaskAuth: task=Task{3423944 #37034 type=standard A=10337:com.softnation.Ojam} mLockTaskAuth=LOCK_TASK_AUTH_PINNABLE
03-02 11:06:32.448  1621  2188 D WindowManager: Collecting in transition 10161: Task{3423944 #37034 type=standard A=10337:com.softnation.Ojam} init visibleRequested:false
03-02 11:06:32.449   921  1170 I BufferQueueDebug: [ActivityRecord{358b7d6 u0 com.softnation.Ojam/.MainActivity t37034}#133834](this:0xb400007bcec561a8,id:-1,api:0,p:-1,c:-1) BufferQueue core=(921:/system/bin/surfaceflinger)
03-02 11:06:32.450  1621  2188 D WindowManager: setLockTaskAuth: task=Task{3423944 #37034 type=standard A=10337:com.softnation.Ojam} mLockTaskAuth=LOCK_TASK_AUTH_PINNABLE
03-02 11:06:32.450  1621  2188 D MiuiFreeFormManagerService: onStartActivityInner as = Task{3423944 #37034 type=standard A=10337:com.softnation.Ojam} op = null
03-02 11:06:32.452  1621  2188 D ActivityTaskManager: Task#startActivityLocked isOrhasTask=true newTask=true
03-02 11:06:32.452   863   909 I mtkpower@impl: [setMode] type:5, enabled:1
03-02 11:06:32.455   863   958 I libPowerHal: [perfLockAcq] idx:2 hdl:366244 hint:77 pid:863 tid:863 duration:30000 lock_user:vendor.mediatek => ret_hdl:366244
03-02 11:06:32.456   863   958 I ThermalBreakConfigReader: [getTargetfreqinfo] [getTargetfreqinfo] hint get target result freq:boost:1 cpu0:1800000 cpu6:2000000 cpumask:ff
03-02 11:06:32.456   863   958 I ExtendedPerfBoost: [thermalbreak_verification] needbreak curr breakmode 1, scence id 0, set: boost:1 cpu0:1800000 cpu6:2000000 cpumask:ff
03-02 11:06:32.456   863   958 I ExtendedPerfBoost: [triggerList_add] [triggerList_add] come into triggerList_add
03-02 11:06:32.456   863   958 I ExtendedPerfBoost: [triggerList_add] get item from freelist 0x6fcc5ba018
03-02 11:06:32.456   863   958 I ExtendedPerfBoost: [triggerList_add] init new item prio:2, duration:3000, param:boost:1 cpu0:1800000 cpu6:2000000 cpumask:ff
03-02 11:06:32.456   863   958 I ExtendedPerfBoost: [triggerList_add] add item prio in empty list
03-02 11:06:32.456   863   958 I ExtendedPerfBoost: [trig_thermalbreak] trigger one node
03-02 11:06:32.456   863   958 I ExtendedUtils: [timer_sampling_set] come in timer_sampling_set, duration :3000
03-02 11:06:32.456   863   958 I ExtendedUtils: [settimer] come in settimer, time_now :611186005, time_end: 611189005
03-02 11:06:32.456   863   958 I ExtendedPerfBoost: [setThermalBreak] [setThermalBreak] : boost:1 cpu0:1800000 cpu6:2000000 cpumask:ff
03-02 11:06:32.457   863   958 I libPowerHal: [perfLockAcq] Done for hdl : 366244
03-02 11:06:32.457  1621  2188 I WindowManager: Try to add startingWindow type = STARTING_WINDOW_TYPE_SPLASH_SCREEN this = ActivityRecord{358b7d6 u0 com.softnation.Ojam/.MainActivity t37034} preAllowTaskSnapshot = true afterAllowTaskSnapshot = true newTask = true taskSwitch = true processRunning = false activityCreated = false activityAllDrawn = false isSnapshotCompatible = false resolvedTheme = 2131952195 theme = 2131952195
03-02 11:06:32.458  1621  2188 D PreStartingManager: Not init when use PreStartingManager!
03-02 11:06:32.459  1621  2188 I PowerHalWrapper: amsBoostNotify pid:13966,activity:com.google.android.apps.search.assistant.surfaces.voice.robin.ui.floaty.activity.FloatyActivity, package:com.google.android.googlequicksearchbox, mProcessCreatePackcom.softnation.Ojam 
03-02 11:06:32.459  1621  2188 I PowerHalWrapper: state: 0 
03-02 11:06:32.460  1621  2188 I mtkpower_client: [PowerHal_Wrap_notifyAppState] com.google.android.googlequicksearchbox/com.google.android.apps.search.assistant.surfaces.voice.robin.ui.floaty.activity.FloatyActivity pid=13966 activityId:114759433 state:0
03-02 11:06:32.460   861   861 I vendor.mediatek.hardware.mtkpower_applist-service.mediatek: packName: com.google.android.googlequicksearchbox actName: com.google.android.apps.search.assistant.surfaces.voice.robin.ui.floaty.activity.FloatyActivity pid: 13966 activityId: 114759433 uid: 10165 state: 0
03-02 11:06:32.460 13966  4780 I cn_CronetUrlRequestContext: destroyNativeStreamLocked android.net.connectivity.org.chromium.net.impl.CronetBidirectionalStream@3c2e27c
03-02 11:06:32.460   861   861 I MTK_APPList: [notifyAPPstate] com.google.android.googlequicksearchbox/com.google.android.apps.search.assistant.surfaces.voice.robin.ui.floaty.activity.FloatyActivity, pid=13966, activityId=114759433, uid=10165, state:PAUSED, fps:-1, win:1
03-02 11:06:32.460   861   861 I MTK_APPList: [notifyAPPstate] multi_resumed_app_count: 1
03-02 11:06:32.460   861   861 I MTK_APPList: [notifyAPPstate] multi_resumed_app_info[0] com.android.systemui/com.android.systemui._190038181, pid:2363, activityId:-1, fps:-1, isMultiWindow:0
03-02 11:06:32.460   861   861 I MTK_APPList: [getForegroundAPPCount] 1
03-02 11:06:32.460   861   861 I MTK_APPList: [notifyNetdUID] 10165
03-02 11:06:32.461  1621  2188 I PowerHalWrapper: amsBoostNotify AMS_BOOST_PROCESS_CREATE_BOOST:false 
03-02 11:06:32.461   861   861 I MTK_APPList: [notifyPID] 13966
03-02 11:06:32.461  1621  2188 I ActivityTaskManager: Add Task{2e7af4 #37033 type=standard A=10337:com.softnation.Ojam} to hidden list because adding Task{3423944 #37034 type=standard A=10337:com.softnation.Ojam}
03-02 11:06:32.462  1621  2188 D WindowManager: Collecting in transition 10161: ActivityRecord{358b7d6 u0 com.softnation.Ojam/.MainActivity t37034} init visibleRequested:false
03-02 11:06:32.462   863   958 I libPowerHal: [perfSetSysInfo] pid type:24, 13966
03-02 11:06:32.463  1621  2188 I ActivityTaskManager: START u0 {flg=0x10000000 cmp=com.softnation.Ojam/.MainActivity} with LAUNCH_SINGLE_TASK from uid 2000 from pid 15462 callingPackage com.android.shell (BAL_ALLOW_PERMISSION) result code=0
03-02 11:06:32.464  1621  1651 I ActivityTaskManager: visible for Task{27e6aff #2 type=home I=com.miui.home/.launcher.Launcher} visible = true isAnimating = false TRANSITION = false PARENTS = false CHILDREN = false
03-02 11:06:32.465  2363  2477 I SoScStageCoordinator: Transition requested:TransitionRequestInfo { type = OPEN, triggerTask = TaskInfo{userId=0 taskId=37034 displayId=0 isRunning=true baseIntent=Intent { flg=0x10000000 cmp=com.softnation.Ojam/.MainActivity } baseActivity=ComponentInfo{com.softnation.Ojam/com.softnation.Ojam.MainActivity} topActivity=ComponentInfo{com.softnation.Ojam/com.softnation.Ojam.MainActivity} origActivity=null realActivity=ComponentInfo{com.softnation.Ojam/com.softnation.Ojam.MainActivity} numActivities=1 lastActiveTime=1028951881 supportsSplitScreenMultiWindow=true supportsMultiWindow=true resizeMode=1 isResizeable=true minWidth=-1 minHeight=-1 defaultMinSize=200 token=WCT{android.window.IWindowContainerToken$Stub$Proxy@8425250} topActivityType=1 pictureInPictureParams=null shouldDockBigOverlays=false launchIntoPipHostTaskId=-1 lastParentTaskIdBeforePip=-1 displayCutoutSafeInsets=Rect(0, 104 - 0, 0) topActivityInfo=ActivityInfo{3319c49 com.softnation.Ojam.MainActivity} launchCookies=[] positionInParent=Point(0, 0) parentTaskId=-1 isFocused=false isVisible=false isVisibleRequested=false isSleeping=false locusId=null displayAreaFeatureId=1 isTopActivityTransparent=false appCompatTaskInfo=AppCompatTaskInfo { topActivityInSizeCompat=false topActivityEligibleForLetterboxEducation= falseisLetterboxEducationEnabled= false isLetterboxDoubleTapEnabled= false topActivityEligibleForUserAspectRatioButton= false topActivityBoundsLetterboxed= false isFromLetterboxDoubleTap= false topActivityLetterboxVerticalPosition= -1 topActivityLetterboxHorizontalPosition= -1 topActivityLetterboxWidth=1080 topActivityLetterboxHeight=2460 isUserFullscreenOverrideEnabled=false isSystemFullscreenOverrideEnabled=false cameraCompatTaskInfo=CameraCompatTaskInfo { cameraCompatControlState=hidden freeformCameraCompatMode=inactive}} isImmersive=false mTopActivityRequestOrientation=-2 mBehindAppLockPkg=null mOriginatingUid=0 isEmbedded=false shouldBeVisible=true mIsCastMode=false mTopActivityMediaSize=null mTopActivityRecordName=ActivityRecord{358b7d6 u0 com.softnation.Ojam/.MainActivity t37034} mTopActivityOrientation=-2}, pipTask = null, remoteTransition = null, displayChange = null, flags = 0, debugId = 10161 } isSoScActive:false triggerTask:TaskInfo{userId=0 taskId=37034 displayId=0 isRunning=true baseIntent=Intent { flg=0x10000000 cmp=com.softnation.Ojam/.MainActivity } baseActivity=ComponentInfo{com.softnation.Ojam/com.softnation.Ojam.MainActivity} topActivity=ComponentInfo{com.softnation.Ojam/com.softnation.Ojam.MainActivity} origActivity=null realActivity=ComponentInfo{com.softnation.Ojam/com.softnation.Ojam.MainActivity} numActivities=1 lastActiveTime=1028951881 supportsSplitScreenMultiWindow=true supportsMultiWindow=true resizeMode=1 isResizeable=true minWidth=-1 minHeight=-1 defaultMinSize=200 token=WCT{android.window.IWindowContainerToken$Stub$Proxy@8425250} topActivityType=1 pictureInPictureParams=null shouldDockBigOverlays=false launchIntoPipHostTaskId=-1 lastParentTaskIdBeforePip=-1 displayCutoutSafeInsets=Rect(0, 104 - 0, 0) topActivityInfo=ActivityInfo{3319c49 com.softnation.Ojam.MainActivity} launchCookies=[] positionInParent=Point(0, 0) parentTaskId=-1 isFocused=false isVisible=false isVisibleRequested=false isSleeping=false locusId=null displayAreaFeatureId=1 isTopActivityTransparent=false appCompatTaskInfo=AppCompatTaskInfo { topActivityInSizeCompat=false topActivityEligibleForLetterboxEducation= falseisLetterboxEducationEnabled= false isLetterboxDoubleTapEnabled= false topActivityEligibleForUserAspectRatioButton= false topActivityBoundsLetterboxed= false isFromLetterboxDoubleTap= false topActivityLetterboxVerticalPosition= -1 topActivityLetterboxHorizontalPosition= -1 topActivityLetterboxWidth=1080 topActivityLetterboxHeight=2460 isUserFullscreenOverrideEnabled=false isSystemFullscreenOverrideEnabled=false cameraCompatTaskInfo=CameraCompatTaskInfo { cameraCompatControlState=hidden freeformCameraCompatMode=inactive}} isImmersive=false mTopActivityRequestOrientation=-2 mBehindAppLockPkg=null mOriginatingUid=0 isEmbed
03-02 11:06:32.465  2363  2477 I SoScUtils: monitorTransitionRequest mRequestOpenTransition:null mRequestOpenTriggerTask:-1 mRequestCloseTransition:null mRequestCloseTriggerTask:-1 mRequestCloseStageType:-1
03-02 11:06:32.465 13966 14142 I amto    : (REDACTED) Network status %s
03-02 11:06:32.466   921  1166 D SurfaceFlinger: [SF client] NEW(0xb400007caea591a0) for (2363:com.android.systemui)
03-02 11:06:32.468  1621  4426 D WindowManager: Set transition=TransitionRecord{cdf9ff1 id=10161 type=OPEN flags=0x0}, ready=false, SyncId=10161 used=true, override=false, defer=0, states=Display{#0 state=ON size=1080x2460 ROTATION_0}:false
03-02 11:06:32.469  2363  2477 D OneHandedController: stopOneHanded state is 0
03-02 11:06:32.469  2363  2477 D OneHandedController: stopOneHanded state is 0
03-02 11:06:32.470  2363  2363 I FocusedNotifPromptContr: onTopActivityMayChanged: isSupportPip false, isFocus false
03-02 11:06:32.471  2363  2363 I FocusedNotifPromptContr: onTopActivityMayChanged: topActivity=com.softnation.Ojam
03-02 11:06:32.471  2363  2363 I PromptViewAnimState: topActivityMayChanged: topActivity=com.google.android.googlequicksearchbox --> com.softnation.Ojam
03-02 11:06:32.471  2363  2363 D KeyguardEditorHelper: onTopActivityMayChanged, topActivity=ComponentInfo{com.softnation.Ojam/com.softnation.Ojam.MainActivity}; mState=IDEL
03-02 11:06:32.471 13966 13966 I aybl    : #onUserLeaveHint (FloatyActivityPeer)
03-02 11:06:32.473  1621  1650 V GrammaticalInflectionUtils: AttributionSource: android.content.AttributionSource@19923ceb does not have READ_SYSTEM_GRAMMATICAL_GENDER permission.
03-02 11:06:32.473  2363  2577 D MiuiCameraCoveredManager: java.lang.NullPointerException: Attempt to invoke virtual method 'java.lang.String android.provider.MiuiSettings$SettingsCloudData$CloudData.getString(java.lang.String, java.lang.String)' on a null object reference
03-02 11:06:32.475 13966 13966 I azce    : #onUserLeaveHint
03-02 11:06:32.475  1621  1650 I PowerHalWrapper: amsBoostProcessCreate package:com.softnation.Ojam 
03-02 11:06:32.476  2363  2648 W libc    : Access denied finding property "ro.vendor.display.iris_x7.support"
03-02 11:06:32.477   863   958 I libPowerHal: [perfLockAcq] idx:3 hdl:366245 hint:21 pid:863 tid:863 duration:10000 lock_user:vendor.mediatek => ret_hdl:366245
03-02 11:06:32.477   863   958 I libPowerHal: [PE] MTKPOWER_HINT_PROCESS_CREATE update cmd:2024000, param:100, pr:3
03-02 11:06:32.477   863   958 I libPowerHal: [set_kswapd_affinity] set affinity = 16129
03-02 11:06:32.478   863   958 I libPowerHal: [PE] MTKPOWER_HINT_PROCESS_CREATE update ONESHOT(set) cmd:10000700 param:16129 pr:3
03-02 11:06:32.478   863   958 I libPowerHal: [perfLockAcq] Done for hdl : 366245
03-02 11:06:32.478  1999 29002 D TaskStackChangeListeners: onTaskDescriptionChanged =  taskId = 37034
03-02 11:06:32.478  2363  2577 D VRI[Ojam]: hardware acceleration = true, forceHwAccelerated = false
03-02 11:06:32.478  1999  1817 D EventBus: No subscribers registered for event class com.miui.home.recents.messages.RecentTasksChangedEvent
03-02 11:06:32.479  1999  1817 D EventBus: No subscribers registered for event class org.greenrobot.eventbus.NoSubscriberEvent
03-02 11:06:32.479  1999  2684 D RecentsModel: onTaskStackChangedBackground    MSG_TASK_STACK_CHANGE
03-02 11:06:32.479  1999  2684 D RecentsModel: boostTaskStackChangedThread once, tid=2684, recentResourceLoaderTid=2525
03-02 11:06:32.479  1999  2684 W MiBridge: Permission not granted !!
03-02 11:06:32.479  1999  2684 D Launcher.Boost: setDynamicVIPTaskIfNeeded::tid = 2684 duration = 500
03-02 11:06:32.480  1621  1666 I SmartPower: com.milink.service:audio/10190(19603): idle->background(23755ms) R(broadcast start Intent { act=android.intent.action.PACKAGE_RESTARTED dat=package: flg=0x4000010 (has extras) }) adj=250.
03-02 11:06:32.480  2061  2061 I MiuiWallpaper-MiuiWallpaperManagerService: receive broadcast action = android.intent.action.PACKAGE_RESTARTED
03-02 11:06:32.482   921  1166 I BufferQueueDebug: [43d6cdc Splash Screen com.softnation.Ojam#133835](this:0xb400007bcecb4138,id:-1,api:0,p:-1,c:-1) BufferQueue core=(921:/system/bin/surfaceflinger)
03-02 11:06:32.483  1621  1731 D PreStartingManager: Not init when use PreStartingManager!
03-02 11:06:32.484  1999  1817 D EventBus: No subscribers registered for event class com.miui.home.recents.messages.RecentTasksChangedEvent
03-02 11:06:32.484  1999  1817 D EventBus: No subscribers registered for event class org.greenrobot.eventbus.NoSubscriberEvent
03-02 11:06:32.486  1621  1731 I WindowManager: Add startingWindow, surfaceControl = Surface(name=43d6cdc Splash Screen com.softnation.Ojam#133835)/@0xfc214ba layerId = 133835
03-02 11:06:32.487  1621  1667 I ActivityManager: Start proc 12515:com.softnation.Ojam/u0a337 for next-top-activity {com.softnation.Ojam/com.softnation.Ojam.MainActivity} caller=com.android.shell
03-02 11:06:32.492  2363  2577 D InputEventReceiver: Input log is disabled in InputEventReceiver.
03-02 11:06:32.493  1621  5054 I ATMSImpl: cacheTasksForDefaultDisplay size=5
03-02 11:06:32.494  1621  1651 I ActivityTaskManager: visible for Task{27e6aff #2 type=home I=com.miui.home/.launcher.Launcher} visible = true isAnimating = false TRANSITION = false PARENTS = false CHILDREN = false
03-02 11:06:32.494 13966 13966 I ajvw    : (REDACTED) #onPause %s
03-02 11:06:32.496  1999  2684 D RecentsModel: getRunningTask ignoreActivityType : 2 ,ignoreWindowMode:5
