03-02 11:32:58.773  2526  2526 I GoogleInputMethodService: GoogleInputMethodService.onStartInput():1384 onStartInput(EditorInfo{EditorInfo{packageName=com.softnation.Ojam, inputType=0, inputTypeString=NULL, enableLearning=false, autoCorrection=false, autoComplete=false, imeOptions=0, privateImeOptions=null, actionName=UNSPECIFIED, actionLabel=null, initialSelStart=-1, initialSelEnd=-1, initialCapsMode=0, label=null, fieldId=0, fieldName=null, extras=Bundle[mParcelledData.dataSize=72], hintText=null, hintLocales=[]}}, false)
03-02 11:32:58.774  1621  1651 D MiuiRefreshRatePolicy: reset
03-02 11:32:58.774  2526  2526 I Module  : DeviceLockedStatusModuleProvider$Module.updateDeviceLockedStatus():103 repeatCheckTimes = 1, locked = false
03-02 11:32:58.775  1621  4238 W PackageConfigPersister: App-specific configuration not found for packageName: com.softnation.Ojam and userId: 0
03-02 11:32:58.790  1621  1651 I ActivityTaskManager: visible for Task{9b18635 #37045 type=standard A=10337:com.softnation.Ojam} visible = true isAnimating = true TRANSITION = false PARENTS = false CHILDREN = true
03-02 11:32:58.792 25110 25110 I HandWritingStubImpl: getCurrentKeyboardType: 1
03-02 11:32:58.797  1621  4238 D PreStartingManager: Not init when use PreStartingManager!
03-02 11:32:58.798  1621  1651 D MiuiRefreshRatePolicy: reset
03-02 11:32:58.802  2363  2577 D View    : [Warning] assignParent to null: this = android.widget.FrameLayout{a7cf56d G.E...... ......ID 0,0-1080,2460}
03-02 11:32:58.805  1621  4764 D MiuiRefreshRatePolicy: reset
03-02 11:32:58.807  1621  1651 I ActivityTaskManager: visible for Task{9b18635 #37045 type=standard A=10337:com.softnation.Ojam} visible = true isAnimating = false TRANSITION = false PARENTS = false CHILDREN = false
03-02 11:32:58.808  2363  2577 D BLASTBufferQueue: [VRI[Ojam]#5849](f:0,a:1) destructor()
03-02 11:32:58.809   921  1500 I BpBinder: onLastStrongRef automatically unlinking death recipients: 
03-02 11:32:58.809   921   921 I SurfaceFlinger: onHandleDestroyed: name=Surface(name=751ea6d InputMethod#71915)/@0xaafc069 - animation-leash of insets_animation#134386, layerId=134386, parentId=0
03-02 11:32:58.810  2363  2577 D BufferQueueConsumer: [VRI[Ojam]#5849(BLAST Consumer)5849](id:93b00001aee,api:0,p:-1,c:2363) disconnect
03-02 11:32:58.812  1621  1651 D MiuiRefreshRatePolicy: reset
03-02 11:32:58.813  2363  2577 W WindowOnBackDispatcher: sendCancelIfRunning: isInProgress=false callback=android.view.ViewRootImpl$$ExternalSyntheticLambda12@dbdde8f
03-02 11:32:58.816  2363  2363 D Utilities:  oldHints : 0 backDisposition : 0 imeShown : false hints 0
03-02 11:32:58.817  1621  4238 D CoreBackPreview: Window{c5166a5 u0 Splash Screen com.softnation.Ojam}: Setting back callback null
03-02 11:32:58.818  1621  4764 D WindowManager: Starting window removed Window{c5166a5 u0 Splash Screen com.softnation.Ojam}
03-02 11:32:58.819  1621  4764 W InputManager-JNI: Input channel object 'c5166a5 Splash Screen com.softnation.Ojam (client)' was disposed without first being removed with the input manager!
03-02 11:32:58.819  1621  4764 D WindowManager: setParent old=ActivityRecord{125351f u0 com.softnation.Ojam/.MainActivity t37045},new=null,this window=Window{c5166a5 u0 Splash Screen com.softnation.Ojam},callers=com.android.server.wm.WindowContainer.removeChild:897 com.android.server.wm.ActivityRecord.removeChild:5518 com.android.server.wm.ActivityRecord.removeChild:505 com.android.server.wm.WindowContainer.removeImmediately:967 com.android.server.wm.WindowState.removeImmediately:2526 com.android.server.wm.WindowState.removeIfPossible:2714 
03-02 11:32:58.821  1621  4764 D WindowManager: postWindowRemoveCleanupLocked: Removing startingWindow Window{c5166a5 u0 Splash Screen com.softnation.Ojam} from ActivityRecord{125351f u0 com.softnation.Ojam/.MainActivity t37045} activity = ActivityRecord{125351f u0 com.softnation.Ojam/.MainActivity t37045}
03-02 11:32:58.822  1621  4764 D MiuiRefreshRatePolicy: reset
03-02 11:32:58.822   921  1468 W EventThreadInspector: slow VSync-appSf on display(4627039422300187648) count=1, avg=35 ms, max=35 ms.
03-02 11:32:58.825  1621  1651 I ActivityTaskManager: visible for Task{9b18635 #37045 type=standard A=10337:com.softnation.Ojam} visible = true isAnimating = false TRANSITION = false PARENTS = false CHILDREN = false
03-02 11:32:58.825   921   921 I BufferQueueDebug: [Surface(name=751ea6d InputMethod#71915)/@0xaafc069 - animation-leash of insets_animation#134386](this:0xb400007bcec5ea58,id:-1,api:0,p:-1,c:921) onDestructor()
03-02 11:32:58.833  1621  4764 I PowerHalWrapper: amsBoostStop AMS_BOOST_PACK_SWITCH:false, AMS_BOOST_ACT_SWITCH:false, AMS_BOOST_PROCESS_CREATE:true, AMS_BOOST_PROCESS_CREATE_FOR_GAME:false, AMS_BOOST_HOT_LAUNCH:false 
03-02 11:32:58.834   863   958 I libPowerHal: [perfLockRel] hdl:368257, idx:-1
03-02 11:32:58.841   921   921 I SurfaceFlinger: onHandleDestroyed: name=Splash Screen com.softnation.Ojam#134388, layerId=134388, parentId=0
03-02 11:32:58.841   921   921 I SurfaceFlinger: onHandleDestroyed: name=c5166a5 Splash Screen com.softnation.Ojam#134387, layerId=134387, parentId=0
03-02 11:32:58.856 25110  1797 W libc    : Access denied finding property "ro.vendor.display.iris_x7.support"
03-02 11:32:58.859   921   921 I BufferQueueDebug: [Splash Screen com.softnation.Ojam#134388](this:0xb400007bcec45048,id:-1,api:0,p:-1,c:921) onDestructor()
03-02 11:32:58.859   921   921 I BufferQueueDebug: [c5166a5 Splash Screen com.softnation.Ojam#134387](this:0xb400007bcec86838,id:-1,api:0,p:-1,c:921) onDestructor()
03-02 11:32:58.864 25110  2003 W unknown:ReactNative: StatusBarModule: Ignored status bar change, current activity is edge-to-edge.
03-02 11:32:58.865 25110  2003 W unknown:ReactNative: StatusBarModule: Ignored status bar change, current activity is edge-to-edge.
03-02 11:32:59.063  1621  1621 D UiModeManager: updateConfigurationLocked: mDockState=0; mCarMode=false; mCar=false; mPowerSave=false; mOverrideNightModeOn=false; mOverrideNightModeOff=false; mComputedNightMode=true; mNightModeValue=2; uiMode=42
03-02 11:32:59.068  6027  6027 I PowerSaveService: onReceive: android.intent.action.BATTERY_CHANGED
03-02 11:32:59.068  6515  8177 D PowerCheckerService: onBatteryChanged, mBatteryLevel = 43, status = 2, level = 43, plug = 2, scale = 100
03-02 11:32:59.069  6515  6997 I ProcAudioPowerManager: onBatteryChanged, onBattery is false
03-02 11:32:59.069  6515  6997 D PowerKeeper.FrozenApp: onBatteryChanged plug=true mBatteryPlugged=2
03-02 11:32:59.069  6027  6027 I PowerNoticeUI: handleBatteryChanged oldPlugType 2 mPlugType 2 oldBatteryLevel 43 mBatteryLevel 43 temperature 400
03-02 11:32:59.069  6515  8142 D PowerKeeper.Thermal: mBatteryTemperature: 40
03-02 11:32:59.069  6027  6027 I ChargerBatteryIntelligenceReceiver: onBatteryChanged temperature∩╝Ü40,plugType:2
03-02 11:32:59.069  6027  6027 D BaseChargeProtect_HighTemp: mCountByMinute:0,isScreenOn:true
03-02 11:32:59.072  6027  6027 I android_os_HwBinder: HwBinder: Starting thread pool for getting: vendor.xiaomi.hardware.micharge@1.0::IMiCharge/default
03-02 11:32:59.075   872 24120 I vendor.xiaomi.hardware.micharge@1.0-service: ReadFilePathValue path = /sys/class/power_supply/usb/real_type value = USB
03-02 11:32:59.076  6027  6027 I IMiChargeUtils: getIMiChargeStringValue method:getBatteryChargeType,value:USB
03-02 11:32:59.076  6027  6027 I IMiChargeUtils: getBatteryChargeType : USB
03-02 11:32:59.076  6027  6027 I ChargeTimeUtilsV2: chargeType:USB
03-02 11:32:59.076  6027  6027 I PowerFeatureUtils: getVendorName:mediatek
03-02 11:32:59.076  6027  6027 I PowerFeatureUtils: getVendorName:mediatek
03-02 11:32:59.216  2350  2350 W Settings: Setting airplane_mode_on has moved from android.provider.Settings.System to android.provider.Settings.Global, returning read-only value.
03-02 11:32:59.219  2350  2350 W Settings: Setting airplane_mode_on has moved from android.provider.Settings.System to android.provider.Settings.Global, returning read-only value.
03-02 11:32:59.221  2350 29580 D NetworkSpeedTracker: updateSignalInfo lteRsrp=-70lteSnr=19,phoneId=1
03-02 11:32:59.225  2350 29580 D NetworkSpeedTracker: updateSignalInfo lteRsrp=-70lteSnr=19,phoneId=1
03-02 11:32:59.231  1621  4764 D ConnectivityService: requestNetwork for uid/pid:10337/25110 activeRequest: null callbackRequest: 242681 [NetworkRequest [ REQUEST id=242682, [ Capabilities: INTERNET&NOT_RESTRICTED&TRUSTED&NOT_VCN_MANAGED&NOT_BANDWIDTH_CONSTRAINED Uid: 10337 RequestorUid: 10337 RequestorPkg: com.softnation.Ojam UnderlyingNetworks: Null] ]] callback flags: 0 order: 2147483647 isUidTracked: false declaredMethods: AVAIL|LOST
03-02 11:32:59.237  1621  1843 D WifiNetworkFactory: got request NetworkRequest [ REQUEST id=242682, [ Capabilities: INTERNET&NOT_RESTRICTED&TRUSTED&NOT_VCN_MANAGED&NOT_BANDWIDTH_CONSTRAINED Uid: 10337 RequestorUid: 10337 RequestorPkg: com.softnation.Ojam UnderlyingNetworks: Null] ]
03-02 11:32:59.237  1621  1843 D UntrustedWifiNetworkFactory: got request NetworkRequest [ REQUEST id=242682, [ Capabilities: INTERNET&NOT_RESTRICTED&TRUSTED&NOT_VCN_MANAGED&NOT_BANDWIDTH_CONSTRAINED Uid: 10337 RequestorUid: 10337 RequestorPkg: com.softnation.Ojam UnderlyingNetworks: Null] ]
03-02 11:32:59.238  1621  1843 D OemPaidWifiNetworkFactory: got request NetworkRequest [ REQUEST id=242682, [ Capabilities: INTERNET&NOT_RESTRICTED&TRUSTED&NOT_VCN_MANAGED&NOT_BANDWIDTH_CONSTRAINED Uid: 10337 RequestorUid: 10337 RequestorPkg: com.softnation.Ojam UnderlyingNetworks: Null] ]
03-02 11:32:59.239  1621  1843 D MultiInternetWifiNetworkFactory: got request NetworkRequest [ REQUEST id=242682, [ Capabilities: INTERNET&NOT_RESTRICTED&TRUSTED&NOT_VCN_MANAGED&NOT_BANDWIDTH_CONSTRAINED Uid: 10337 RequestorUid: 10337 RequestorPkg: com.softnation.Ojam UnderlyingNetworks: Null] ]
03-02 11:32:59.239  1621  1856 D ConnectivityService: NetReassign [242682 : null ΓåÆ 255] [c 1] [a 1] [i 4]
03-02 11:32:59.268  1621  1922 I SmartPower: com.twitter.android/10302(32544): background->idle(3002ms) R(broadcast start Intent { act=com.google.android.c2dm.intent.RECEIVE flg=0x1000010 pkg=com.twitter.android (has extras) }) adj=905.
03-02 11:32:59.280  1177  1177 I thermal_src: recvmsg_expect 5, but get 2 
03-02 11:32:59.280  1177  1177 V thermal_src: TA_DAEMON_CMD_GET_TPCB:ERROR ret=-1
03-02 11:32:59.280  1177  1177 E thermal_src: get_tpcb_from_kernel:error -1. retry...
03-02 11:32:59.280  1177  1177 I thermal_src: recvmsg_expect 5, but get 2 
03-02 11:32:59.280  1177  1177 V thermal_src: TA_DAEMON_CMD_GET_TPCB:ERROR ret=-1
03-02 11:32:59.280  1177  1177 E thermal_src: get_tpcb_from_kernel:error -1. retry...
03-02 11:32:59.281  1177  1177 I thermal_src: recvmsg_expect 5, but get 2 
03-02 11:32:59.281  1177  1177 V thermal_src: TA_DAEMON_CMD_GET_TPCB:ERROR ret=-1
03-02 11:32:59.281  1177  1177 E thermal_src: get_tpcb_from_kernel:error -1. retry...
03-02 11:32:59.281  1177  1177 I thermal_src: recvmsg_expect 4, but get 5 
03-02 11:32:59.281  1177  1177 V thermal_src: TA_DAEMON_CMD_SET_TTJ:ERROR ret=-1
03-02 11:32:59.281  1177  1177 E thermal_src: set_ttj_to_kernel 1:error -1
03-02 11:32:59.281  1177  1177 I thermal_src: recvmsg_expect 2, but get 5 
03-02 11:32:59.281  1177  1177 V thermal_src: waiting NOTIFY from kernel miss, -1
03-02 11:32:59.281  1177  1177 I thermal_src: recvmsg_expect 2, but get 5 
03-02 11:32:59.281  1177  1177 V thermal_src: waiting NOTIFY from kernel miss, -1
03-02 11:32:59.281  1177  1177 I thermal_src: recvmsg_expect 2, but get 4 
03-02 11:32:59.281  1177  1177 V thermal_src: waiting NOTIFY from kernel miss, -1
03-02 11:32:59.288  1621  1922 I SmartPower: com.whatsapp/10300(31638): background->idle(3001ms) R(broadcast start Intent { act=android.intent.action.BATTERY_CHANGED flg=0x60000010 (has extras) }) adj=227.
03-02 11:32:59.291  1621  1922 I SmartPower: com.android.chrome/10174(31865): background->idle(3001ms) R(broadcast start Intent { act=android.intent.action.BATTERY_CHANGED flg=0x60000010 (has extras) }) adj=905.
03-02 11:32:59.304  1621  4764 D AS.BtHelper: isBluetoothScoOn() mBluetoothHeadset is null: falsemBluetoothHeadsetDevice is null: true
03-02 11:32:59.304  1621  4764 V AS.AudioDeviceBroker: requestedCommunicationDevice: null mAudioModeOwner: AudioModeInfo: mMode=MODE_NORMAL, mPid=0, mUid=0
03-02 11:32:59.304  1621  4764 D AS.BtHelper: isBluetoothScoOn() mBluetoothHeadset is null: falsemBluetoothHeadsetDevice is null: true
03-02 11:32:59.305  1621  4764 V AS.AudioDeviceBroker: requestedCommunicationDevice: null mAudioModeOwner: AudioModeInfo: mMode=MODE_NORMAL, mPid=0, mUid=0
03-02 11:32:59.323   849  1430 I hwcomposer: [HWC] (0)fire a callback of refresh to SF[4]  
03-02 11:32:59.346   921   921 I BufferQueueProducer: [FramebufferSurface](this:0xb400007d8e9dff50,id:-1,api:1,p:921,c:921) queueBuffer: fps=0.44 dur=2266.30 max=2266.30 min=2266.30
03-02 11:32:59.349   921   921 I MI-SF   : surfaceflinger setAffinity mode=1
03-02 11:32:59.350   921   921 E MI-SF   : surfaceflinger setAffinity success
03-02 11:32:59.350   921   921 I MI-SF   : surfaceflinger setreAffinity reTid=1207
03-02 11:32:59.350   921   921 E MI-SF   : surfaceflinger setAffinity success
03-02 11:32:59.597 25110 25110 W Looper  : PerfMonitor doFrame : time=428ms vsyncFrame=19890308 latency=1ms procState=-1
03-02 11:32:59.607  1621  1918 E HyperSentinel: -------------------------------------------------------
03-02 11:32:59.607  1621  1918 E HyperSentinel: Event_OpenFileFDSize
03-02 11:32:59.607  1621  1918 E HyperSentinel: -> audit event by proc 1621 "system_server": Fd increasement, peak, 1131 -> 1068
03-02 11:32:59.608  1621  1917 D MiuiSentinelService: begin judgment FdAmountLeakException
03-02 11:32:59.611   921   921 I MI-SF   : surfaceflinger setAffinity mode=0
03-02 11:32:59.611   921   921 E MI-SF   : surfaceflinger setAffinity success
03-02 11:32:59.615  1621  1776 W ActivityManagerServiceImpl: Sending non-protected broadcast miui.intent.action.CYCLE_CHECK from system uid 1000 pkg android. Callers=com.android.server.am.ActivityManagerService.checkBroadcastFromSystem:16365 com.android.server.am.ActivityManagerService.broadcastIntentLockedTraced:17236 com.android.server.am.ActivityManagerService.broadcastIntentLocked:16425 com.android.server.am.ActivityManagerService.broadcastIntentInPackage:17497 com.android.server.am.ActivityManagerService$LocalService.broadcastIntentInPackage:20342 
03-02 11:32:59.625  1621  1746 E JobScheduler.Background: Couldn't determine stopped state for unknown package: com.google.android.apps.turbo
03-02 11:32:59.625  1621  1746 E JobScheduler.Background: Couldn't determine stopped state for unknown package: com.google.android.apps.turbo
03-02 11:32:59.626  1621  1746 E JobScheduler.Background: Couldn't determine stopped state for unknown package: com.google.android.apps.turbo
03-02 11:32:59.626  1621  1746 E JobScheduler.Background: Couldn't determine stopped state for unknown package: com.google.android.apps.turbo
03-02 11:32:59.626  1621  1746 E JobScheduler.Background: Couldn't determine stopped state for unknown package: com.google.android.apps.turbo
03-02 11:32:59.626  1621  1639 I android_os_HwBinder: HwBinder: Starting thread pool for getting: vendor.xiaomi.hardware.micharge@1.0::IMiCharge/default
03-02 11:32:59.629   872 24120 I vendor.xiaomi.hardware.micharge@1.0-service: ReadFilePathValue path = /sys/class/power_supply/battery/temp value = 400
03-02 11:32:59.632  1621  1639 I android_os_HwBinder: HwBinder: Starting thread pool for getting: vendor.xiaomi.hardware.micharge@1.0::IMiCharge/default
03-02 11:32:59.633   872 24120 I vendor.xiaomi.hardware.micharge@1.0-service: ReadFilePathValue path = /sys/class/power_supply/battery/charge_control_limit value = 10
03-02 11:32:59.663   861   947 I libPerfCtl: xgfGetFPS pid:921 fps:-1
03-02 11:32:59.663   861   947 I libPerfCtl: xgfGetFPS pid:2363 fps:-1
03-02 11:32:59.663   861   947 I libPerfCtl: xgfGetFPS pid:25110 fps:-1
03-02 11:32:59.828  1621  1922 I SmartPower: com.miui.home/10166(1999): background->idle(3001ms) R(broadcast start Intent { act=android.intent.action.APPLICATION_MESSAGE_UPDATE flg=0x10 (has extras) }) adj=100.
03-02 11:32:59.834 25110  2003 W unknown:ReactNative: StatusBarModule: Ignored status bar change, current activity is edge-to-edge.
03-02 11:32:59.835 25110  2003 W unknown:ReactNative: StatusBarModule: Ignored status bar change, current activity is edge-to-edge.
03-02 11:32:59.835   849  1430 I hwcomposer: [HWC] (0)fire a callback of refresh to SF[4]  
03-02 11:32:59.835  1621  1998 I mtkpower_client: perf_lock_acq, hdl:367951, dur:3000, num:4, pid:1621, tid:1998
03-02 11:32:59.838  1621  1998 I mtkpower_client: ret_hdl:368258
03-02 11:32:59.838  1621  1998 I mtkpower_client: perf_lock_rel, hdl:368258, tid:1998
03-02 11:32:59.838   863   958 I libPowerHal: [perfLockAcq] idx:1 hdl:368258 hint:-1 pid:1621 tid:1998 duration:3000 lock_user:system_server => ret_hdl:368258
03-02 11:32:59.838   863   958 I libPowerHal: end_default_hold_time HindID : 57
03-02 11:32:59.838   863   958 I libPowerHal: [disableScenarioByHintId] Disable HindID : 21
03-02 11:32:59.838   863   958 I libPowerHal: [disableScenarioByHintId] Disable HindID : 57
03-02 11:32:59.839   863   958 I libPowerHal: [PE] system_server update ONESHOT(set) cmd:3410300 param:57 pr:3
03-02 11:32:59.839   863   958 I libPowerHal: [perfLockAcq] Done for hdl : 368258
03-02 11:32:59.840   863   958 I libPowerHal: [perfLockRel] hdl:368258, idx:1
03-02 11:32:59.841   863   958 I libPowerHal: end_default_hold_time HindID : 57
03-02 11:32:59.841   863   958 I libPowerHal: [disableScenarioByHintId] Disable HindID : 21
03-02 11:32:59.841   863   958 I libPowerHal: [disableScenarioByHintId] Disable HindID : 57
03-02 11:32:59.841   863   958 I libPowerHal: [PD] system_server update ONESHOT(unset) cmd:3410300 param:57 pr:3
03-02 11:32:59.841   863   958 I libPowerHal: [perfLockRel] Done for hdl : 368258
03-02 11:32:59.844  1055  1186 D connsyslogger: SD_LOG_ROOT is /data/debuglogger/connsyslog/fw.
03-02 11:32:59.844  1055  1186 D connsyslogger: systemReady:1
03-02 11:32:59.846   849   849 I hwcomposer: [HWCDisplay] (0 updateFps():3667), (type:1, mode:2) fps:26.712357,dur:1160.51,max:261.97,min:13.50  
03-02 11:32:59.848   921   921 I MI-SF   : surfaceflinger setAffinity mode=1
03-02 11:32:59.849   921   921 E MI-SF   : surfaceflinger setAffinity success
03-02 11:32:59.849   921   921 I MI-SF   : surfaceflinger setreAffinity reTid=1207
03-02 11:32:59.849   921   921 E MI-SF   : surfaceflinger setAffinity success
03-02 11:33:00.002  2363  2363 D MiuiClockController: fixed clock timezone, clockTimezone is null mCurrentTimezone is Africa/Lagos
03-02 11:33:00.002  2363  2363 D DateFormatUtils: DataFormatUtils formatTime: libcore.util.ZoneInfo[mDstSavings=0,mUseDst=false,mDelegate=[id="Africa/Lagos",mRawOffset=3600000,mEarliestRawOffset=815000,transitions=4]]
03-02 11:33:00.004  2363  2363 I GlassNumberView: mZeroTextWidth = 210, density = 2.75
03-02 11:33:00.004  2363  2363 I GlassNumberView: setPercentages, percentages = [0.77, 0.18, 0.13, 0.13, 0.26, 0.11, 0.06]
03-02 11:33:00.004  2363  2363 I GlassNumberView: mZeroTextWidth = 210, density = 2.75
03-02 11:33:00.004  2363  2363 I GlassNumberView: setPercentages, percentages = [0.77, 0.18, 0.13, 0.13, 0.26, 0.11, 0.06]
03-02 11:33:00.005  2363  2363 I GlassNumberView: mZeroTextWidth = 335, density = 2.75
03-02 11:33:00.005  2363  2363 I GlassNumberView: setPercentages, percentages = [0.77, 0.18, 0.13, 0.13, 0.26, 0.11, 0.06]
03-02 11:33:00.005  2363  2363 I GlassNumberView: mZeroTextWidth = 335, density = 2.75
03-02 11:33:00.005  2363  2363 I GlassNumberView: setPercentages, percentages = [0.77, 0.18, 0.13, 0.13, 0.26, 0.11, 0.06]
03-02 11:33:00.005  2363  2363 D MiuiClockController: Listener updateTime
03-02 11:33:00.006  2363  2363 I GlassNumberView: mZeroTextWidth = 210, density = 2.75
03-02 11:33:00.006  2363  2363 I GlassNumberView: setPercentages, percentages = [0.77, 0.18, 0.13, 0.13, 0.26, 0.11, 0.06]
03-02 11:33:00.006  2363  2363 I GlassNumberView: mZeroTextWidth = 210, density = 2.75
03-02 11:33:00.007  2363  2363 I GlassNumberView: setPercentages, percentages = [0.77, 0.18, 0.13, 0.13, 0.26, 0.11, 0.06]
03-02 11:33:00.007  2363  2363 I GlassNumberView: mZeroTextWidth = 335, density = 2.75
03-02 11:33:00.007  2363  2363 I GlassNumberView: setPercentages, percentages = [0.77, 0.18, 0.13, 0.13, 0.26, 0.11, 0.06]
03-02 11:33:00.007  2363  2363 I GlassNumberView: mZeroTextWidth = 335, density = 2.75
03-02 11:33:00.007  2363  2363 I GlassNumberView: setPercentages, percentages = [0.77, 0.18, 0.13, 0.13, 0.26, 0.11, 0.06]
03-02 11:33:00.008  2363  2363 E AnimationHelper: updateTime mToAod:false mHasNotification: true, mClockType: rhombus
03-02 11:33:00.008  2363  2363 E AnimationHelper: com.android.keyguard.clock.animation.AnimationHelper@c8eddef doAnimationToNotification hasNotification: true, fromKeyguard: false, mHasNotification: true, mToAod: false
03-02 11:33:00.008  2363  2363 E ClockBaseAnimation: com.android.keyguard.clock.animation.rhombus.RhombusDefaultClockAnimation@345e470 doAnimationToNotification hasNotification: true, fromKeyguard: false   mFullTime.getWidth()=1080
03-02 11:33:00.009  2363  2363 D ClockBaseAnimation: updateColorLockState====   hour=#fff9fadf   min=#fff9fadf  colon=#ff97bf42
03-02 11:33:00.009  2363  2363 D ClockBaseAnimation: updateColorAodState====   aodHourColor=#ffdddfbf   aodMinColor=#ffdddfbf  aodColonColor=#ff95c622
03-02 11:33:00.009  2363  2363 D ClockBaseAnimation: updateColorFullAodState====   HourColor=#ffe0e2c3   MinColor=#ffe0e2c3
03-02 11:33:00.010  2363  2363 D ClockBaseAnimation: updateColorNoticeState====   noticeHourColor=#fff9fadf   noticeMinColor=#fff9fadf  noticeColonColor=#fff9fadf
03-02 11:33:00.010  2363  2363 D ClockBaseAnimation: updateAnimationState mFullTime: width = 1080 ,height = 1819 ,mHourParent: width = 1080 ,height = 1268 ,mMinParent: width = 1080 ,height = 1268 ,mHour1: width = 234 ,height = 441 ,mHour2: width = 234 ,height = 441 ,mMin1: width = 355 ,height = 441 ,mMin2: width = 355 ,height = 441 ,mColon: width = 99 ,height = 99 ,mDensity = 2.7570155 ,magazineY = 346.0  mTimeViewScale=1.0  mNotificationTransY=-15.0
03-02 11:33:00.011  2363  2363 I ClockBaseAnimation: clearBlurAndBlend
03-02 11:33:00.011  2363  2363 E backgroundBlur: setMiViewBlurMode disable com.miui.clock.MiuiClockNumberView
03-02 11:33:00.011  2363  2363 E backgroundBlur: setMiViewBlurMode disable com.miui.clock.MiuiClockNumberView
03-02 11:33:00.011  2363  2363 E backgroundBlur: setMiViewBlurMode disable android.view.View
03-02 11:33:00.011  2363  2363 E backgroundBlur: setMiViewBlurMode disable android.view.View
03-02 11:33:00.011  2363  2363 E backgroundBlur: setMiViewBlurMode disable com.miui.clock.MiuiClockNumberView
03-02 11:33:00.011  2363  2363 E backgroundBlur: setMiViewBlurMode disable com.miui.clock.MiuiClockNumberView
03-02 11:33:00.012  2363  2363 D MiuiBlurUtils: clearContainerPassBlur com.miui.clock.rhombus.MiuiRhombusClock{12d5a97 V.E...... ......ID 0,0-1080,2460 #7f0a06b3 app:id/miui_keyguard_rhombus_clock}
03-02 11:33:00.012  2363  2363 D MiuiBlurUtils: clearDiffEffectContainer com.miui.clock.rhombus.MiuiRhombusClock{12d5a97 V.E...... ......ID 0,0-1080,2460 #7f0a06b3 app:id/miui_keyguard_rhombus_clock}
03-02 11:33:00.012  2363  2363 D MiuiBlurUtils: setDiffEffectMethod view is null
03-02 11:33:00.012  2363  2363 D MiuiBlurUtils: clearDiffEffectMethod com.miui.clock.MiuiClockNumberView{9b3c484 V.ED..... ......ID 210,314-620,755 #7f0a04c2 app:id/hour1}
03-02 11:33:00.012  2363  2363 D MiuiBlurUtils: setDiffEffectMethod view is null
03-02 11:33:00.012  2363  2363 D MiuiBlurUtils: clearDiffEffectMethod com.miui.clock.MiuiClockNumberView{983146d V.ED..... ......ID 551,598-922,1039 #7f0a04c3 app:id/hour2}
03-02 11:33:00.012  2363  2363 D MiuiBlurUtils: setDiffEffectMethod view is null
03-02 11:33:00.012  2363  2363 D MiuiBlurUtils: clearDiffEffectMethod com.miui.clock.MiuiClockNumberView{65718a2 V.ED..... ......ID 138,226-548,667 #7f0a069c app:id/minute1}
03-02 11:33:00.012  2363  2363 D MiuiBlurUtils: setDiffEffectMethod view is null
03-02 11:33:00.012  2363  2363 D MiuiBlurUtils: clearDiffEffectMethod com.miui.clock.MiuiClockNumberView{be30933 V.ED..... ......ID 416,512-787,953 #7f0a069d app:id/minute2}
03-02 11:33:00.012  2363  2363 D MiuiBlurUtils: setDiffEffectMethod view is null
03-02 11:33:00.012  2363  2363 D MiuiBlurUtils: clearDiffEffectMethod android.widget.ImageView{ceaa4f0 G.ED..... ......I. 0,0-0,0 #7f0a0252 app:id/colon_view}
03-02 11:33:00.012  2363  2363 D MiuiBlurUtils: setDiffEffectMethod view is null
03-02 11:33:00.013  2363  2363 D MiuiBlurUtils: clearDiffEffectMethod android.widget.TextView{fc98a69 V.ED..... ......ID 407,220-673,275 #7f0a07a4 app:id/notification_date}
03-02 11:33:00.013  2363  2363 D MiuiBlurUtils: setDiffEffectMethod view is null
03-02 11:33:00.013  2363  2363 D MiuiBlurUtils: clearContainerPassBlur com.miui.clock.rhombus.MiuiRhombusClock{12d5a97 V.E...... ......ID 0,0-1080,2460 #7f0a06b3 app:id/miui_keyguard_rhombus_clock}
03-02 11:33:00.013  2363  2363 D MiuiBlurUtils: clearDiffEffectContainer com.miui.clock.rhombus.MiuiRhombusClock{12d5a97 V.E...... ......ID 0,0-1080,2460 #7f0a06b3 app:id/miui_keyguard_rhombus_clock}
03-02 11:33:00.013  2363  2363 D MiuiBlurUtils: setDiffEffectMethod view is null
03-02 11:33:00.013  2363  2363 D MiuiBlurUtils: clearDiffEffectMethod com.miui.clock.MiuiClockNumberView{9b3c484 V.ED..... ......ID 210,314-620,755 #7f0a04c2 app:id/hour1}
03-02 11:33:00.013  2363  2363 D MiuiBlurUtils: setDiffEffectMethod view is null
03-02 11:33:00.013  2363  2363 D MiuiBlurUtils: clearDiffEffectMethod com.miui.clock.MiuiClockNumberView{983146d V.ED..... ......ID 551,598-922,1039 #7f0a04c3 app:id/hour2}
03-02 11:33:00.013  2363  2363 D MiuiBlurUtils: setDiffEffectMethod view is null
03-02 11:33:00.013  2363  2363 D MiuiBlurUtils: clearDiffEffectMethod com.miui.clock.MiuiClockNumberView{65718a2 V.ED..... ......ID 138,226-548,667 #7f0a069c app:id/minute1}
03-02 11:33:00.013  2363  2363 D MiuiBlurUtils: setDiffEffectMethod view is null
03-02 11:33:00.013  2363  2363 D MiuiBlurUtils: clearDiffEffectMethod com.miui.clock.MiuiClockNumberView{be30933 V.ED..... ......ID 416,512-787,953 #7f0a069d app:id/minute2}
03-02 11:33:00.013  2363  2363 D MiuiBlurUtils: setDiffEffectMethod view is null
03-02 11:33:00.013  2363  2363 D MiuiBlurUtils: clearDiffEffectMethod android.widget.ImageView{ceaa4f0 G.ED..... ......I. 0,0-0,0 #7f0a0252 app:id/colon_view}
03-02 11:33:00.013  2363  2363 D MiuiBlurUtils: setDiffEffectMethod view is null
03-02 11:33:00.013  2363  2363 D MiuiBlurUtils: clearDiffEffectMethod android.widget.TextView{fc98a69 V.ED..... ......ID 407,220-673,275 #7f0a07a4 app:id/notification_date}
03-02 11:33:00.013  2363  2363 D MiuiBlurUtils: setDiffEffectMethod view is null
03-02 11:33:00.024  2363  2363 E StackScroller: updateSidePadding: viewWidth is zero
03-02 11:33:00.038  2363  2363 D NotificationHeaderExpandController: onExpansionChanged: progress =  0.0
03-02 11:33:00.041  2363  2363 D NotificationHeaderExpandController: onExpansionChanged: progress =  0.0
03-02 11:33:00.044  2363  2363 D MiuiClockController: fixed clock timezone, clockTimezone is null mCurrentTimezone is Africa/Lagos
03-02 11:33:00.044  2363  2363 D DateFormatUtils: DataFormatUtils formatTime: libcore.util.ZoneInfo[mDstSavings=0,mUseDst=false,mDelegate=[id="Africa/Lagos",mRawOffset=3600000,mEarliestRawOffset=815000,transitions=4]]
03-02 11:33:00.045  2363  2363 I GlassNumberView: mZeroTextWidth = 210, density = 2.75
03-02 11:33:00.045  2363  2363 I GlassNumberView: setPercentages, percentages = [0.77, 0.18, 0.13, 0.13, 0.26, 0.11, 0.06]
03-02 11:33:00.045  2363  2363 I GlassNumberView: mZeroTextWidth = 210, density = 2.75
03-02 11:33:00.045  2363  2363 I GlassNumberView: setPercentages, percentages = [0.77, 0.18, 0.13, 0.13, 0.26, 0.11, 0.06]
03-02 11:33:00.045  2363  2363 I GlassNumberView: mZeroTextWidth = 335, density = 2.75
03-02 11:33:00.045  2363  2363 I GlassNumberView: setPercentages, percentages = [0.77, 0.18, 0.13, 0.13, 0.26, 0.11, 0.06]
03-02 11:33:00.045  2363  2363 I GlassNumberView: mZeroTextWidth = 335, density = 2.75
03-02 11:33:00.045  2363  2363 I GlassNumberView: setPercentages, percentages = [0.77, 0.18, 0.13, 0.13, 0.26, 0.11, 0.06]
03-02 11:33:00.045  2363  2363 D MiuiClockController: Listener updateTime
03-02 11:33:00.046  2363  2363 I GlassNumberView: mZeroTextWidth = 210, density = 2.75
03-02 11:33:00.046  2363  2363 I GlassNumberView: setPercentages, percentages = [0.77, 0.18, 0.13, 0.13, 0.26, 0.11, 0.06]
03-02 11:33:00.046  2363  2363 I GlassNumberView: mZeroTextWidth = 210, density = 2.75
03-02 11:33:00.046  2363  2363 I GlassNumberView: setPercentages, percentages = [0.77, 0.18, 0.13, 0.13, 0.26, 0.11, 0.06]
03-02 11:33:00.046  2363  2363 I GlassNumberView: mZeroTextWidth = 335, density = 2.75
03-02 11:33:00.046  2363  2363 I GlassNumberView: setPercentages, percentages = [0.77, 0.18, 0.13, 0.13, 0.26, 0.11, 0.06]
03-02 11:33:00.046  2363  2363 I GlassNumberView: mZeroTextWidth = 335, density = 2.75
03-02 11:33:00.046  2363  2363 I GlassNumberView: setPercentages, percentages = [0.77, 0.18, 0.13, 0.13, 0.26, 0.11, 0.06]
03-02 11:33:00.046  2363  2363 E AnimationHelper: updateTime mToAod:false mHasNotification: true, mClockType: rhombus
03-02 11:33:00.046  2363  2363 E AnimationHelper: com.android.keyguard.clock.animation.AnimationHelper@c8eddef doAnimationToNotification hasNotification: true, fromKeyguard: false, mHasNotification: true, mToAod: false
03-02 11:33:00.046  2363  2363 E ClockBaseAnimation: com.android.keyguard.clock.animation.rhombus.RhombusDefaultClockAnimation@345e470 doAnimationToNotification hasNotification: true, fromKeyguard: false   mFullTime.getWidth()=1080
03-02 11:33:00.047  2363  2363 D ClockBaseAnimation: updateColorLockState====   hour=#fff9fadf   min=#fff9fadf  colon=#ff97bf42
03-02 11:33:00.047  2363  2363 D ClockBaseAnimation: updateColorAodState====   aodHourColor=#ffdddfbf   aodMinColor=#ffdddfbf  aodColonColor=#ff95c622
03-02 11:33:00.047  2363  2363 D ClockBaseAnimation: updateColorFullAodState====   HourColor=#ffe0e2c3   MinColor=#ffe0e2c3
03-02 11:33:00.047  2363  2363 D ClockBaseAnimation: updateColorNoticeState====   noticeHourColor=#fff9fadf   noticeMinColor=#fff9fadf  noticeColonColor=#fff9fadf
03-02 11:33:00.047  2363  2363 D ClockBaseAnimation: updateAnimationState mFullTime: width = 1080 ,height = 1819 ,mHourParent: width = 1080 ,height = 1268 ,mMinParent: width = 1080 ,height = 1268 ,mHour1: width = 234 ,height = 441 ,mHour2: width = 234 ,height = 441 ,mMin1: width = 355 ,height = 441 ,mMin2: width = 355 ,height = 441 ,mColon: width = 99 ,height = 99 ,mDensity = 2.7570155 ,magazineY = 346.0  mTimeViewScale=1.0  mNotificationTransY=-15.0
03-02 11:33:00.047  2363  2363 I ClockBaseAnimation: clearBlurAndBlend
03-02 11:33:00.047  2363  2363 E backgroundBlur: setMiViewBlurMode disable com.miui.clock.MiuiClockNumberView
03-02 11:33:00.047  2363  2363 E backgroundBlur: setMiViewBlurMode disable com.miui.clock.MiuiClockNumberView
03-02 11:33:00.048  2363  2363 E backgroundBlur: setMiViewBlurMode disable android.view.View
03-02 11:33:00.048  2363  2363 E backgroundBlur: setMiViewBlurMode disable android.view.View
03-02 11:33:00.048  2363  2363 E backgroundBlur: setMiViewBlurMode disable com.miui.clock.MiuiClockNumberView
03-02 11:33:00.048  2363  2363 E backgroundBlur: setMiViewBlurMode disable com.miui.clock.MiuiClockNumberView
03-02 11:33:00.048  2363  2363 D MiuiBlurUtils: clearContainerPassBlur com.miui.clock.rhombus.MiuiRhombusClock{12d5a97 V.E...... ......ID 0,0-1080,2460 #7f0a06b3 app:id/miui_keyguard_rhombus_clock}
03-02 11:33:00.048  2363  2363 D MiuiBlurUtils: clearDiffEffectContainer com.miui.clock.rhombus.MiuiRhombusClock{12d5a97 V.E...... ......ID 0,0-1080,2460 #7f0a06b3 app:id/miui_keyguard_rhombus_clock}
03-02 11:33:00.048  2363  2363 D MiuiBlurUtils: setDiffEffectMethod view is null
03-02 11:33:00.048  2363  2363 D MiuiBlurUtils: clearDiffEffectMethod com.miui.clock.MiuiClockNumberView{9b3c484 V.ED..... ......ID 210,314-620,755 #7f0a04c2 app:id/hour1}
03-02 11:33:00.048  2363  2363 D MiuiBlurUtils: setDiffEffectMethod view is null
03-02 11:33:00.048  2363  2363 D MiuiBlurUtils: clearDiffEffectMethod com.miui.clock.MiuiClockNumberView{983146d V.ED..... ......ID 551,598-922,1039 #7f0a04c3 app:id/hour2}
03-02 11:33:00.048  2363  2363 D MiuiBlurUtils: setDiffEffectMethod view is null
03-02 11:33:00.048  2363  2363 D MiuiBlurUtils: clearDiffEffectMethod com.miui.clock.MiuiClockNumberView{65718a2 V.ED..... ......ID 138,226-548,667 #7f0a069c app:id/minute1}
03-02 11:33:00.048  2363  2363 D MiuiBlurUtils: setDiffEffectMethod view is null
03-02 11:33:00.048  2363  2363 D MiuiBlurUtils: clearDiffEffectMethod com.miui.clock.MiuiClockNumberView{be30933 V.ED..... ......ID 416,512-787,953 #7f0a069d app:id/minute2}
03-02 11:33:00.048  2363  2363 D MiuiBlurUtils: setDiffEffectMethod view is null
03-02 11:33:00.048  2363  2363 D MiuiBlurUtils: clearDiffEffectMethod android.widget.ImageView{ceaa4f0 G.ED..... ......I. 0,0-0,0 #7f0a0252 app:id/colon_view}
03-02 11:33:00.048  2363  2363 D MiuiBlurUtils: setDiffEffectMethod view is null
03-02 11:33:00.048  2363  2363 D MiuiBlurUtils: clearDiffEffectMethod android.widget.TextView{fc98a69 V.ED..... ......ID 407,220-673,275 #7f0a07a4 app:id/notification_date}
03-02 11:33:00.048  2363  2363 D MiuiBlurUtils: setDiffEffectMethod view is null
03-02 11:33:00.049  2363  2363 D MiuiBlurUtils: clearContainerPassBlur com.miui.clock.rhombus.MiuiRhombusClock{12d5a97 V.E...... ......ID 0,0-1080,2460 #7f0a06b3 app:id/miui_keyguard_rhombus_clock}
03-02 11:33:00.049  2363  2363 D MiuiBlurUtils: clearDiffEffectContainer com.miui.clock.rhombus.MiuiRhombusClock{12d5a97 V.E...... ......ID 0,0-1080,2460 #7f0a06b3 app:id/miui_keyguard_rhombus_clock}
03-02 11:33:00.049  2363  2363 D MiuiBlurUtils: setDiffEffectMethod view is null
03-02 11:33:00.049  2363  2363 D MiuiBlurUtils: clearDiffEffectMethod com.miui.clock.MiuiClockNumberView{9b3c484 V.ED..... ......ID 210,314-620,755 #7f0a04c2 app:id/hour1}
03-02 11:33:00.049  2363  2363 D MiuiBlurUtils: setDiffEffectMethod view is null
03-02 11:33:00.049  2363  2363 D MiuiBlurUtils: clearDiffEffectMethod com.miui.clock.MiuiClockNumberView{983146d V.ED..... ......ID 551,598-922,1039 #7f0a04c3 app:id/hour2}
03-02 11:33:00.049  2363  2363 D MiuiBlurUtils: setDiffEffectMethod view is null
03-02 11:33:00.049  2363  2363 D MiuiBlurUtils: clearDiffEffectMethod com.miui.clock.MiuiClockNumberView{65718a2 V.ED..... ......ID 138,226-548,667 #7f0a069c app:id/minute1}
03-02 11:33:00.049  2363  2363 D MiuiBlurUtils: setDiffEffectMethod view is null
03-02 11:33:00.049  2363  2363 D MiuiBlurUtils: clearDiffEffectMethod com.miui.clock.MiuiClockNumberView{be30933 V.ED..... ......ID 416,512-787,953 #7f0a069d app:id/minute2}
03-02 11:33:00.049  2363  2363 D MiuiBlurUtils: setDiffEffectMethod view is null
03-02 11:33:00.049  2363  2363 D MiuiBlurUtils: clearDiffEffectMethod android.widget.ImageView{ceaa4f0 G.ED..... ......I. 0,0-0,0 #7f0a0252 app:id/colon_view}
03-02 11:33:00.049  2363  2363 D MiuiBlurUtils: setDiffEffectMethod view is null
03-02 11:33:00.049  2363  2363 D MiuiBlurUtils: clearDiffEffectMethod android.widget.TextView{fc98a69 V.ED..... ......ID 407,220-673,275 #7f0a07a4 app:id/notification_date}
03-02 11:33:00.049  2363  2363 D MiuiBlurUtils: setDiffEffectMethod view is null
03-02 11:33:00.054   921   921 I BufferQueueProducer: [StatusBar#109](this:0xb400007bcec4ab68,id:-1,api:0,p:-1,c:921) queueBuffer: fps=0.32 dur=3119.16 max=3119.16 min=3119.16
03-02 11:33:00.054  2363  2363 D NotificationHeaderExpandController: onExpansionChanged: progress =  0.0
03-02 11:33:00.056  2363  2363 D CollapsedStatusBarFragment: phone clockView new width = 89
03-02 11:33:00.058   921   921 I MI-SF   : surfaceflinger setAffinity mode=0
03-02 11:33:00.058   921   921 E MI-SF   : surfaceflinger setAffinity success
03-02 11:33:00.083 13966 13998 I earchbox:search: Explicit concurrent mark compact GC freed 10MB AllocSpace bytes, 12(560KB) LOS objects, 55% free, 19MB/43MB, paused 1.892ms,10.032ms total 410.990ms
03-02 11:33:00.271  1159  1606 D ULogGuard: Monitoring: 18 threads, 0 requests, 0 time-bombs; 1 guards. ResetFlags = 0x7
03-02 11:33:00.283   849  1430 I hwcomposer: [HWC] (0)fire a callback of refresh to SF[4]  
03-02 11:33:00.308  1621  4238 D AS.BtHelper: isBluetoothScoOn() mBluetoothHeadset is null: falsemBluetoothHeadsetDevice is null: true
03-02 11:33:00.308  1621  4238 V AS.AudioDeviceBroker: requestedCommunicationDevice: null mAudioModeOwner: AudioModeInfo: mMode=MODE_NORMAL, mPid=0, mUid=0
03-02 11:33:00.309   921   921 I MI-SF   : surfaceflinger setAffinity mode=1
03-02 11:33:00.309   921   921 E MI-SF   : surfaceflinger setAffinity success
03-02 11:33:00.309   921   921 I MI-SF   : surfaceflinger setreAffinity reTid=1207
03-02 11:33:00.309   921   921 E MI-SF   : surfaceflinger setAffinity success
03-02 11:33:00.309  1621  4238 D AS.BtHelper: isBluetoothScoOn() mBluetoothHeadset is null: falsemBluetoothHeadsetDevice is null: true
03-02 11:33:00.309  1621  4238 V AS.AudioDeviceBroker: requestedCommunicationDevice: null mAudioModeOwner: AudioModeInfo: mMode=MODE_NORMAL, mPid=0, mUid=0
03-02 11:33:00.424 25110  2117 D nativeloader: Load /data/app/~~Bh61wenJZi6JNVEuOkVQfQ==/com.softnation.Ojam-nnCVAdHxKfOmup5FCuBDYQ==/base.apk!/lib/arm64-v8a/libavif_android.so using class loader ns clns-7 (caller=/data/app/~~Bh61wenJZi6JNVEuOkVQfQ==/com.softnation.Ojam-nnCVAdHxKfOmup5FCuBDYQ==/base.apk!classes22.dex): ok
03-02 11:33:00.440 25110  2117 D skia    : SkJpegCodec::onGetPixels + (683, 1024)
03-02 11:33:00.441 25110  2117 I DMABUFHEAPS: Using DMA-BUF heap named: mtk_mm
03-02 11:33:00.442 25110  2117 D skia    : stream getLength() not supported, use temp buffer for loading stream, buffer addr 0x793a4bd000 length 143043
03-02 11:33:00.442 25110  2117 D skia    : LoadInputStreamToMem va 0x793a4bd000  size 145280
03-02 11:33:00.444 25110  2117 D libjpeg-alpha: Huffman Builder run in subthread
03-02 11:33:00.445 25110  2117 D libjpeg-alpha: Tile Decoder (#thread:4, size:512 256 256 341x512, alignment:256x16)
03-02 11:33:00.446 25110  2118 D libjpeg-alpha: Corrupt JPEG data: 41160 extraneous bytes before marker 0xda
03-02 11:33:00.503 25110  2123 D libjpeg-alpha: Corrupt JPEG data: premature end of data segment
03-02 11:33:00.507 25110  2117 D skia    : SkJpegCodec::onGetPixels -
03-02 11:33:00.510 13966 13998 I earchbox:search: Explicit concurrent mark compact GC freed 1932KB AllocSpace bytes, 0(0B) LOS objects, 55% free, 18MB/42MB, paused 1.719ms,8.119ms total 411.363ms
03-02 11:33:00.511 13966 13998 I app_process: Native memory cannot be purged, Android API level < 28.
03-02 11:33:00.547 25110  2117 D skia    : SkJpegCodec::onGetPixels + (682, 1024)
03-02 11:33:00.548 25110  2117 I DMABUFHEAPS: Using DMA-BUF heap named: mtk_mm
03-02 11:33:00.548 25110  2117 D skia    : stream getLength() not supported, use temp buffer for loading stream, buffer addr 0x7937dc3000 length 142613
03-02 11:33:00.549 25110  2117 D skia    : LoadInputStreamToMem va 0x7937dc3000  size 144896
03-02 11:33:00.550 25110  2117 D libjpeg-alpha: Huffman Builder run in subthread
03-02 11:33:00.553 25110  2124 D libjpeg-alpha: Corrupt JPEG data: 24090 extraneous bytes before marker 0xda
03-02 11:33:00.553 25110  2117 D libjpeg-alpha: Tile Decoder (#thread:4, size:512 256 256 340x512, alignment:256x16)
03-02 11:33:00.590 25110  2134 D libjpeg-alpha: Corrupt JPEG data: premature end of data segment
03-02 11:33:00.591 25110 25110 W Looper  : PerfMonitor doFrame : time=756ms vsyncFrame=19890323 latency=1ms procState=-1 historyMsgCount=1
03-02 11:33:00.596 25110  2117 D skia    : SkJpegCodec::onGetPixels -
03-02 11:33:00.602 25110 25110 D UserSceneDetector: invoke error.
03-02 11:33:00.608 25110 25110 W Looper  : PerfMonitor doFrame : time=7ms vsyncFrame=19890332 latency=456ms procState=-1 historyMsgCount=55 (msgIndex=1 wall=756ms seq=760 late=1ms h=android.view.Choreographer$FrameHandler c=android.view.Choreographer$FrameDisplayEventReceiver)
03-02 11:33:00.613 25110 25110 D Glide   : Finished loading BitmapDrawable from DATA_DISK_CACHE for https://sermon-sync.ojam.workers.dev/images/test-background-3.jpg with size [550x550] in 264.099693 ms
03-02 11:33:00.616   921   921 I BufferQueueProducer: [com.softnation.Ojam/com.softnation.Ojam.MainActivity#134395](this:0xb400007bcecbf778,id:-1,api:0,p:-1,c:921) queueBuffer: fps=13.43 dur=1935.99 max=982.25 min=16.00
03-02 11:33:00.620   921   921 I MI-SF   : surfaceflinger setAffinity mode=0
03-02 11:33:00.620   921   921 E MI-SF   : surfaceflinger setAffinity success
03-02 11:33:00.621 25110  1764 I HWUI    : Davey! duration=775ms; Flags=0, FrameTimelineVsyncId=183303489, IntendedVsync=612773383254138, Vsync=612773383254138, InputEventId=0, HandleInputStart=612773384304523, AnimationStart=612773384308446, PerformTraversalsStart=612774080738600, DrawStart=612774081380523, FrameDeadline=612773403254138, FrameInterval=612773384252753, FrameStartTime=16638971, SyncQueued=612774136900523, SyncStart=612774137082061, IssueDrawCommandsStart=612774138243830, SwapBuffers=612774153187907, FrameCompleted=612774158925369, DequeueBufferDuration=72231, QueueBufferDuration=771076, GpuCompleted=612774158925369, SwapBuffersCompleted=612774154480830, DisplayPresentTime=0, CommandSubmissionCompleted=612774153187907, 
03-02 11:33:00.628 25110 25110 D Glide   : Finished loading BitmapDrawable from DATA_DISK_CACHE for https://sermon-sync.ojam.workers.dev/images/test-background-3.jpg with size [550x550] in 239.513153 ms
03-02 11:33:00.638 25110  1753 I softnation.Ojam: NativeAlloc concurrent mark compact GC freed 14MB AllocSpace bytes, 110(3428KB) LOS objects, 66% free, 15MB/47MB, paused 1.948ms,6.480ms total 198.460ms
03-02 11:33:00.639 25110  2117 D skia    : SkJpegCodec::onGetPixels + (683, 1024)
03-02 11:33:00.640 25110  2117 I DMABUFHEAPS: Using DMA-BUF heap named: mtk_mm
03-02 11:33:00.640 25110  2117 D skia    : stream getLength() not supported, use temp buffer for loading stream, buffer addr 0x7c01e56000 length 86590
03-02 11:33:00.640 25110  2117 D skia    : LoadInputStreamToMem va 0x7c01e56000  size 88832
03-02 11:33:00.641 25110  2117 D libjpeg-alpha: Huffman Builder run in subthread
03-02 11:33:00.642   921  1166 I SurfaceFlinger: onHandleDestroyed: name=Surface(name=c5166a5 Splash Screen com.softnation.Ojam#134387)/@0x768722b - animation-leash of starting_reveal#134398, layerId=134398, parentId=0
03-02 11:33:00.642 25110  2117 D libjpeg-alpha: Tile Decoder (#thread:4, size:512 256 256 341x512, alignment:256x16)
03-02 11:33:00.643 25110  2137 D libjpeg-alpha: Corrupt JPEG data: 24740 extraneous bytes before marker 0xda
03-02 11:33:00.646   921   921 I BufferQueueDebug: [Surface(name=c5166a5 Splash Screen com.softnation.Ojam#134387)/@0x768722b - animation-leash of starting_reveal#134398](this:0xb400007bcec7b1f8,id:-1,api:0,p:-1,c:921) onDestructor()
03-02 11:33:00.663   861   947 I libPerfCtl: xgfGetFPS pid:2363 fps:-1
03-02 11:33:00.663   861   947 I libPerfCtl: xgfGetFPS pid:25110 fps:-1
03-02 11:33:00.687 25110  2138 D libjpeg-alpha: Corrupt JPEG data: premature end of data segment
03-02 11:33:00.690 25110  2117 D skia    : SkJpegCodec::onGetPixels -
03-02 11:33:00.709 25110  2117 D skia    : SkJpegCodec::onGetPixels + (683, 1024)
03-02 11:33:00.710 25110  2117 I DMABUFHEAPS: Using DMA-BUF heap named: mtk_mm
03-02 11:33:00.710 25110  2117 D skia    : stream getLength() not supported, use temp buffer for loading stream, buffer addr 0x7be707d000 length 90317
03-02 11:33:00.710 25110  2117 D skia    : LoadInputStreamToMem va 0x7be707d000  size 92544
03-02 11:33:00.711 25110  2117 D libjpeg-alpha: Huffman Builder run in subthread
03-02 11:33:00.712 25110  2117 D libjpeg-alpha: Tile Decoder (#thread:4, size:512 256 256 341x512, alignment:256x16)
03-02 11:33:00.713 25110  2151 D libjpeg-alpha: Corrupt JPEG data: 22223 extraneous bytes before marker 0xda
03-02 11:33:00.728 25110 25110 D Glide   : Finished loading BitmapDrawable from DATA_DISK_CACHE for https://sermon-sync.ojam.workers.dev/images/FB_IMG_1769020597451.jpg with size [550x550] in 366.444077 ms
03-02 11:33:00.731 25110 25110 D Glide   : Finished loading BitmapDrawable from DATA_DISK_CACHE for https://sermon-sync.ojam.workers.dev/images/FB_IMG_1769020597451.jpg with size [550x550] in 335.61846099999997 ms
03-02 11:33:00.740 25110 25110 D Glide   : Finished loading BitmapDrawable from DATA_DISK_CACHE for https://sermon-sync.ojam.workers.dev/images/FB_IMG_1769020740814.jpg with size [550x550] in 370.931 ms
03-02 11:33:00.745 25110 25110 D Glide   : Finished loading BitmapDrawable from DATA_DISK_CACHE for https://sermon-sync.ojam.workers.dev/images/FB_IMG_1769020740814.jpg with size [550x550] in 340.225461 ms
03-02 11:33:00.751 25110  2155 D libjpeg-alpha: Corrupt JPEG data: premature end of data segment
03-02 11:33:00.755 25110  2117 D skia    : SkJpegCodec::onGetPixels -
03-02 11:33:00.769 25110 25110 D Glide   : Finished loading BitmapDrawable from DATA_DISK_CACHE for https://sermon-sync.ojam.workers.dev/images/FB_IMG_1769020695132.jpg with size [550x550] in 392.053 ms
03-02 11:33:00.773 25110 25110 D Glide   : Finished loading BitmapDrawable from DATA_DISK_CACHE for https://sermon-sync.ojam.workers.dev/images/FB_IMG_1769020695132.jpg with size [550x550] in 358.57138499999996 ms
03-02 11:33:00.775 25110  2117 I DMABUFHEAPS: Using DMA-BUF heap named: mtk_mm
03-02 11:33:00.775 25110  2117 D skia    : stream getLength() not supported, use temp buffer for loading stream, buffer addr 0x7939daa000 length 129018
03-02 11:33:00.776 25110  2117 D skia    : LoadInputStreamToMem va 0x7939daa000  size 131200
03-02 11:33:00.776 25110  2117 D libjpeg-alpha: Huffman Builder run in subthread
03-02 11:33:00.777 25110  2117 D libjpeg-alpha: Tile Decoder (#thread:4, size:256 256 256 312x368, alignment:256x16)
03-02 11:33:00.785 25110 25110 D Glide   : Finished loading BitmapDrawable from DATA_DISK_CACHE for https://sermon-sync.ojam.workers.dev/images/second%20image.jpg with size [165x165] in 358.253538 ms
03-02 11:33:00.797 25110  2117 I DMABUFHEAPS: Using DMA-BUF heap named: mtk_mm
03-02 11:33:00.797 25110  2117 D skia    : stream getLength() not supported, use temp buffer for loading stream, buffer addr 0x7be7005000 length 90617
03-02 11:33:00.797 25110  2117 D skia    : LoadInputStreamToMem va 0x7be7005000  size 92800
03-02 11:33:00.798 25110  2117 D libjpeg-alpha: Huffman Builder run in subthread
03-02 11:33:00.799 25110  2117 D libjpeg-alpha: Tile Decoder (#thread:4, size:512 256 256 342x512, alignment:256x16)
03-02 11:33:00.800 25110  2162 D libjpeg-alpha: Corrupt JPEG data: 20260 extraneous bytes before marker 0xda
03-02 11:33:00.804 25110 25110 D Glide   : Finished loading BitmapDrawable from DATA_DISK_CACHE for http://localhost:8081/assets/?unstable_path=.%2Fassets%2Fimages/F.jpg?platform=android&hash=e8237b00aab882be9403cca3824a4900 with size [331x270] in 372.26915399999996 ms
03-02 11:33:00.808 25110 25110 D Glide   : Finished loading BitmapDrawable from DATA_DISK_CACHE for http://localhost:8081/assets/?unstable_path=.%2Fassets%2Fimages/F.jpg?platform=android&hash=e8237b00aab882be9403cca3824a4900 with size [331x270] in 340.569461 ms
03-02 11:33:00.812 25110 25110 D Glide   : Finished loading BitmapDrawable from DATA_DISK_CACHE for http://localhost:8081/assets/?unstable_path=.%2Fassets%2Fimages/F.jpg?platform=android&hash=e8237b00aab882be9403cca3824a4900 with size [331x270] in 311.866769 ms
03-02 11:33:00.815 25110 25110 D Glide   : Finished loading BitmapDrawable from DATA_DISK_CACHE for http://localhost:8081/assets/?unstable_path=.%2Fassets%2Fimages/F.jpg?platform=android&hash=e8237b00aab882be9403cca3824a4900 with size [331x270] in 301.51284599999997 ms
03-02 11:33:00.844 25110  2166 D libjpeg-alpha: Corrupt JPEG data: premature end of data segment
03-02 11:33:00.847  2350  2350 W Settings: Setting airplane_mode_on has moved from android.provider.Settings.System to android.provider.Settings.Global, returning read-only value.
03-02 11:33:00.854 25110 25110 D Glide   : Finished loading BitmapDrawable from DATA_DISK_CACHE for https://sermon-sync.ojam.workers.dev/images/default.jpg with size [165x165] in 408.40823 ms
03-02 11:33:00.855   849   849 I hwcomposer: [HWCDisplay] (0 updateFps():3667), (type:1, mode:2) fps:7.925225,dur:1009.44,max:312.44,min:17.01  
03-02 11:33:00.871 25110  2117 I DMABUFHEAPS: Using DMA-BUF heap named: mtk_mm
03-02 11:33:00.872 25110  2117 D skia    : stream getLength() not supported, use temp buffer for loading stream, buffer addr 0x7be14c0000 length 113251
03-02 11:33:00.872 25110  2117 D skia    : LoadInputStreamToMem va 0x7be14c0000  size 115456
03-02 11:33:00.873 25110  2117 D libjpeg-alpha: Huffman Builder run in subthread
03-02 11:33:00.874 25110  2117 D libjpeg-alpha: Tile Decoder (#thread:4, size:512 256 256 341x512, alignment:256x16)
03-02 11:33:00.874 25110  2169 D libjpeg-alpha: Corrupt JPEG data: 22830 extraneous bytes before marker 0xda
03-02 11:33:00.876 25110 25110 D Glide   : Finished loading BitmapDrawable from DATA_DISK_CACHE for http://localhost:8081/assets/?unstable_path=.%2Fassets%2Fimages/SS.jpg?platform=android&hash=2dfef26f4145b3236ef066a06ed696ba with size [323x283] in 423.558769 ms
03-02 11:33:00.906  1621  1621 D UiModeManager: updateConfigurationLocked: mDockState=0; mCarMode=false; mCar=false; mPowerSave=false; mOverrideNightModeOn=false; mOverrideNightModeOff=false; mComputedNightMode=true; mNightModeValue=2; uiMode=42
