--------- beginning of main
03-02 11:32:41.839  1055  1186 D connsyslogger: SD_LOG_ROOT is /data/debuglogger/connsyslog/fw.
03-02 11:32:41.840  1055  1186 D connsyslogger: systemReady:1
--------- beginning of system
03-02 11:32:41.858  1621  4246 D ShortcutService: rescanPackageIfNeeded 0@com.whatsapp, forceRescan=false , isNewApp=false
03-02 11:32:41.860  1621  1662 W NotificationHistory: Attempted to remove conversation for locked/gone/disabled user 0
03-02 11:32:41.870  1621  4246 D ShortcutService: rescanPackageIfNeeded 0@com.whatsapp, forceRescan=false , isNewApp=false
03-02 11:32:41.870  1621  4246 E ShortcutService: Invalid icon type in shortcut 202937271861333@lid. Bitmaps are not allowed in long-lived shortcuts. Use Resource icons, or Uri-based icons instead.
03-02 11:32:42.034  1621  1947 D ShortcutService: Getting shortcuts for launcher= com.android.systemuiuser=0 pkg=com.whatsapp
03-02 11:32:42.034  1621  1946 D ShortcutService: Saving package item com.whatsapp to /data/system_ce/0/shortcut_service/packages/com.whatsapp.xml
03-02 11:32:42.036  1621  1947 D ShortcutService: Getting shortcuts for launcher= com.miui.homeuser=0 pkg=com.whatsapp
03-02 11:32:42.043  1621  4246 I ActivityManager: Force stopping com.softnation.Ojam appid=10337 user=0: from process:1678
03-02 11:32:42.045  1621  4246 I ATMSImpl: cacheTasksForDefaultDisplay size=5
03-02 11:32:42.046  1621  1907 E ProcessManager: error write exception log
03-02 11:32:42.049  6515 20776 D UidObserver: onUidGone entry uid = 10337
03-02 11:32:42.050  1621  4246 I ActivityManager: Killing 23315:com.softnation.Ojam/u0a337 (adj 0): stop com.softnation.Ojam due to from process:1678
03-02 11:32:42.053  1124 16496 I ResourceManagerMetrics: pushConcurrentUsageReport: No Video Codec Entry for Application[pid(23315): uid(10337)]
03-02 11:32:42.053  1124 16496 I ResourceManagerMetrics: pushConcurrentUsageReport: Concurrent Codec Usage Report for the Process[pid(23315): uid(10337)] is Peak { AudioDec[ SW: 1 ] } Peak Pixels: 0
03-02 11:32:42.052  1621  1638 D DisplayManagerService: Drop pending events for gone uid 10337
03-02 11:32:42.054  6027 28224 I MIUISafety-Monitor: onUid 10337 gone
03-02 11:32:42.054  1621  1856 D InetDiagMessage: Destroyed 0 sockets, proto=IPPROTO_TCP, family=AF_INET, states=14
03-02 11:32:42.054  1621  1842 I MiuiNetworkPolicy: removeUidState uid = 10337
03-02 11:32:42.056  1999  1999 D Launcher.Model: LauncherAppsCallback onShortcutsChanged|com.whatsapp|UserHandle{0}|false
03-02 11:32:42.057  1621  1856 D InetDiagMessage: Destroyed 1 sockets, proto=IPPROTO_TCP, family=AF_INET6, states=14
03-02 11:32:42.057  1621  4246 I ActivityManager: Cancel FGS notification userId: 0 definingUid: 10337 packageName: com.softnation.Ojam processName:com.softnation.Ojam ChannelId:default_channel_id foregroundNotiWhen:0 Notiflags:104
03-02 11:32:42.057  1621  1856 D InetDiagMessage: Destroyed live tcp sockets for uids={10337} in 6ms
03-02 11:32:42.058  1621  1648 D MediaProjectionManagerServiceStubImpl: handleForegroundServicesChanged
03-02 11:32:42.060  1621  1856 D InetDiagMessage: Destroyed 0 sockets, proto=IPPROTO_TCP, family=AF_INET, states=14
03-02 11:32:42.060  1621  4246 I ScnModule: [GameDetection] packname: com.softnation.Ojam, apkSize: 113045479. 
03-02 11:32:42.060  1621  4246 I mtkpower_client: [PowerHal_Wrap_notifyAppState] com.softnation.Ojam/com.softnation.Ojam pid=23315 activityId:23315 state:3
03-02 11:32:42.060   861   861 I vendor.mediatek.hardware.mtkpower_applist-service.mediatek: packName: com.softnation.Ojam actName: com.softnation.Ojam pid: 23315 activityId: 23315 uid: 10337 state: 3
03-02 11:32:42.060   861   861 I MTK_APPList: [notifyAPPstate] com.softnation.Ojam/com.softnation.Ojam, pid=23315, activityId=23315, uid=10337, state:DEAD, fps:-1, win:1
03-02 11:32:42.060   861   861 I MTK_APPList: [notifyAPPstate] multi_resumed_app_count: 1
03-02 11:32:42.061   861   861 I MTK_APPList: [notifyAPPstate] multi_resumed_app_info[0] com.android.systemui/com.android.systemui._190038181, pid:2363, activityId:-1, fps:-1, isMultiWindow:0
03-02 11:32:42.061   861   861 I MTK_APPList: [getForegroundAPPCount] 1
03-02 11:32:42.061   861   861 I MTK_APPList: [notifyAPPstate] pack:com.softnation.Ojam, pid:23315, STATE_DEAD
03-02 11:32:42.061   861   861 I MTK_APPList: [notifyNetdUID] 10156
03-02 11:32:42.061  1621  4246 W ActivityTaskManager: Force removing ActivityRecord{ec8c5b7 u0 com.softnation.Ojam/.MainActivity t37044 f}}: app died, no saved state
03-02 11:32:42.061  1621  1856 D InetDiagMessage: Destroyed 0 sockets, proto=IPPROTO_TCP, family=AF_INET6, states=14
03-02 11:32:42.062  1621  1856 D InetDiagMessage: Destroyed live tcp sockets for uids={20337} in 4ms
03-02 11:32:42.062   861   861 I MTK_APPList: [notifyPID] 28218
03-02 11:32:42.062  1621  4246 D WindowManager: Collecting in transition 10180: Task{6f3448d #37044 type=standard A=10337:com.softnation.Ojam} init visibleRequested:true
03-02 11:32:42.062   863   958 I libPowerHal: [perfSetSysInfo] pid type:24, 28218
03-02 11:32:42.063  1621  4246 D WindowManager: Collecting in transition 10180: ActivityRecord{ec8c5b7 u0 com.softnation.Ojam/.MainActivity t37044 f}} init visibleRequested:false
03-02 11:32:42.064  1621  4246 W WindowManager: Changing focus from Window{467132f u0 com.softnation.Ojam/com.softnation.Ojam.MainActivity} to null displayId=0 Callers=com.android.server.wm.RootWindowContainer.updateFocusedWindowLocked:602 com.android.server.wm.WindowManagerService.updateFocusedWindowLocked:7168 com.android.server.wm.ActivityRecord.onRemovedFromDisplay:5446 com.android.server.wm.DisplayContent.removeAppToken:1789 
03-02 11:32:42.064  2363  2477 I SoScStageCoordinator: Transition requested:TransitionRequestInfo { type = CLOSE, triggerTask = TaskInfo{userId=0 taskId=37044 displayId=0 isRunning=false baseIntent=Intent { flg=0x10000000 cmp=com.softnation.Ojam/.MainActivity } baseActivity=null topActivity=null origActivity=null realActivity=ComponentInfo{com.softnation.Ojam/com.softnation.Ojam.MainActivity} numActivities=0 lastActiveTime=1030129221 supportsSplitScreenMultiWindow=true supportsMultiWindow=true resizeMode=1 isResizeable=true minWidth=-1 minHeight=-1 defaultMinSize=200 token=WCT{android.window.IWindowContainerToken$Stub$Proxy@2e526fb} topActivityType=1 pictureInPictureParams=null shouldDockBigOverlays=false launchIntoPipHostTaskId=-1 lastParentTaskIdBeforePip=-1 displayCutoutSafeInsets=null topActivityInfo=null launchCookies=[] positionInParent=Point(0, 0) parentTaskId=-1 isFocused=true isVisible=true isVisibleRequested=true isSleeping=false locusId=null displayAreaFeatureId=1 isTopActivityTransparent=false appCompatTaskInfo=AppCompatTaskInfo { topActivityInSizeCompat=false topActivityEligibleForLetterboxEducation= falseisLetterboxEducationEnabled= false isLetterboxDoubleTapEnabled= false topActivityEligibleForUserAspectRatioButton= false topActivityBoundsLetterboxed= false isFromLetterboxDoubleTap= false topActivityLetterboxVerticalPosition= -1 topActivityLetterboxHorizontalPosition= -1 topActivityLetterboxWidth=-1 topActivityLetterboxHeight=-1 isUserFullscreenOverrideEnabled=false isSystemFullscreenOverrideEnabled=false cameraCompatTaskInfo=CameraCompatTaskInfo { cameraCompatControlState=hidden freeformCameraCompatMode=inactive}} isImmersive=false mTopActivityRequestOrientation=-2 mBehindAppLockPkg=null mOriginatingUid=0 isEmbedded=false shouldBeVisible=false mIsCastMode=false mTopActivityMediaSize=null mTopActivityRecordName=null mTopActivityOrientation=-2}, pipTask = null, remoteTransition = null, displayChange = null, flags = 0, debugId = 10180 } isSoScActive:false triggerTask:TaskInfo{userId=0 taskId=37044 displayId=0 isRunning=false baseIntent=Intent { flg=0x10000000 cmp=com.softnation.Ojam/.MainActivity } baseActivity=null topActivity=null origActivity=null realActivity=ComponentInfo{com.softnation.Ojam/com.softnation.Ojam.MainActivity} numActivities=0 lastActiveTime=1030129221 supportsSplitScreenMultiWindow=true supportsMultiWindow=true resizeMode=1 isResizeable=true minWidth=-1 minHeight=-1 defaultMinSize=200 token=WCT{android.window.IWindowContainerToken$Stub$Proxy@2e526fb} topActivityType=1 pictureInPictureParams=null shouldDockBigOverlays=false launchIntoPipHostTaskId=-1 lastParentTaskIdBeforePip=-1 displayCutoutSafeInsets=null topActivityInfo=null launchCookies=[] positionInParent=Point(0, 0) parentTaskId=-1 isFocused=true isVisible=true isVisibleRequested=true isSleeping=false locusId=null displayAreaFeatureId=1 isTopActivityTransparent=false appCompatTaskInfo=AppCompatTaskInfo { topActivityInSizeCompat=false topActivityEligibleForLetterboxEducation= falseisLetterboxEducationEnabled= false isLetterboxDoubleTapEnabled= false topActivityEligibleForUserAspectRatioButton= false topActivityBoundsLetterboxed= false isFromLetterboxDoubleTap= false topActivityLetterboxVerticalPosition= -1 topActivityLetterboxHorizontalPosition= -1 topActivityLetterboxWidth=-1 topActivityLetterboxHeight=-1 isUserFullscreenOverrideEnabled=false isSystemFullscreenOverrideEnabled=false cameraCompatTaskInfo=CameraCompatTaskInfo { cameraCompatControlState=hidden freeformCameraCompatMode=inactive}} isImmersive=false mTopActivityRequestOrientation=-2 mBehindAppLockPkg=null mOriginatingUid=0 isEmbedded=false shouldBeVisible=false mIsCastMode=false mTopActivityMediaSize=null mTopActivityRecordName=null mTopActivityOrientation=-2}
03-02 11:32:42.065  1621  4246 D WindowManager: wms.Input focus has changed to null display=0 updateInputWindows = true
03-02 11:32:42.065  1621  4246 I MultiSenceManagerInternalStub: getInstance
03-02 11:32:42.066  1621  4246 D PerfMTKStubImpl: perfLockAcquire
03-02 11:32:42.066  1621  4246 I mtkpower_client: perf_lock_acq, hdl:0, dur:400, num:10, pid:1621, tid:4246
03-02 11:32:42.067  1621  4246 I mtkpower_client: ret_hdl:368253
03-02 11:32:42.067  1621  4246 I PowerHalWrapper: <amsBoostResume> last:null, next:com.google.android.googlequicksearchboxhasATProcess:true 
03-02 11:32:42.068   863   958 I libPowerHal: [perfLockAcq] idx:1 hdl:368253 hint:-1 pid:1621 tid:4246 duration:400 lock_user:system_server => ret_hdl:368253
03-02 11:32:42.068  1621  4246 D WindowManager: Collecting in transition 10180: ActivityRecord{6d71709 u0 com.google.android.googlequicksearchbox/com.google.android.apps.search.assistant.surfaces.voice.robin.ui.floaty.activity.FloatyActivity t37027} init visibleRequested:false
03-02 11:32:42.068   863   958 I libPowerHal: [setGPUFreq] system_server user set gpu freq min:0, max:-1
03-02 11:32:42.068   863   958 I libPowerHal: system_server: set gpu opp level: 0
03-02 11:32:42.068   863   958 I libPowerHal: system_server: set gpu opp level max: 0
03-02 11:32:42.069   863   958 I libPowerHal: [setGPUFreq] Soft min/max = (0, 0); Hard min/max = (31, 0)
03-02 11:32:42.069   863   958 I libPowerHal: [setGPUFreq] final min/max = (0, 0)
03-02 11:32:42.069   863   958 I libPowerHal: system_server: set gpu opp level: 0
03-02 11:32:42.069   863   958 I libPowerHal: system_server: set gpu opp level max: 0
03-02 11:32:42.069  1621  4246 I PowerHalWrapper: amsBoostNotify pid:13966,activity:com.google.android.apps.search.assistant.surfaces.voice.robin.ui.floaty.activity.FloatyActivity, package:com.google.android.googlequicksearchbox, mProcessCreatePackcom.softnation.Ojam 
03-02 11:32:42.069  1621  4246 I PowerHalWrapper: state: 1 
03-02 11:32:42.069   863   958 I libPowerHal: [PE] system_server update cmd:400000 param:3000000 pr:3
03-02 11:32:42.070   863   958 I libPowerHal: [PE] system_server update cmd:400100 param:3000000 pr:3
03-02 11:32:42.070   863   958 I libPowerHal: [PE] system_server update cmd:400200 param:3000000 pr:3
03-02 11:32:42.070  1621  4246 I mtkpower_client: [PowerHal_Wrap_notifyAppState] com.google.android.googlequicksearchbox/com.google.android.apps.search.assistant.surfaces.voice.robin.ui.floaty.activity.FloatyActivity pid=13966 activityId:114759433 state:1
03-02 11:32:42.070   863   958 I libPowerHal: [setDvfsrcDevFreqOpp] opp:0, freq:3600000000
03-02 11:32:42.070   863   958 I libPowerHal: [PE] system_server update cmd:1000000 param:0 pr:3
03-02 11:32:42.070   863   958 I libPowerHal: [recordCPUFreqInfo] set cluster[0] min(system_server): 1800000 max(-1): -1 cluster[1] min(system_server): 2000000 max(-1): -1
03-02 11:32:42.070   863   958 I libPowerHal: [perfLockAcq] Done for hdl : 368253
03-02 11:32:42.071   861   861 I vendor.mediatek.hardware.mtkpower_applist-service.mediatek: packName: com.google.android.googlequicksearchbox actName: com.google.android.apps.search.assistant.surfaces.voice.robin.ui.floaty.activity.FloatyActivity pid: 13966 activityId: 114759433 uid: 10165 state: 1
03-02 11:32:42.071  1621  4246 I PowerHalWrapper: amsBoostNotify AMS_BOOST_PROCESS_CREATE_BOOST:false 
03-02 11:32:42.071   861   861 I MTK_APPList: [notifyAPPstate] com.google.android.googlequicksearchbox/com.google.android.apps.search.assistant.surfaces.voice.robin.ui.floaty.activity.FloatyActivity, pid=13966, activityId=114759433, uid=10165, state:RESUMED, fps:-1, win:0
03-02 11:32:42.071   861   861 I MTK_APPList: [notifyAPPstate] multi_resumed_app_count: 2
03-02 11:32:42.071   861   861 I MTK_APPList: [notifyAPPstate] multi_resumed_app_info[0] com.android.systemui/com.android.systemui._190038181, pid:2363, activityId:-1, fps:-1, isMultiWindow:0
03-02 11:32:42.071   861   861 I MTK_APPList: [notifyAPPstate] multi_resumed_app_info[1] com.google.android.googlequicksearchbox/com.google.android.apps.search.assistant.surfaces.voice.robin.ui.floaty.activity.FloatyActivity, pid:13966, activityId:114759433, fps:-1, isMultiWindow:0
03-02 11:32:42.071  1621  1621 D MBrainLocalService: isVendorFreezeConditionPass is false
03-02 11:32:42.071   861   861 I MTK_APPList: [getForegroundAPPCount] 2
03-02 11:32:42.071   861   861 I MTK_APPList: [notifyAPPstate] foreground:com.google.android.googlequicksearchbox, pid:13966, activityId:114759433, uid:10165
03-02 11:32:42.071  1621  1621 E MBrainLocalService: notifyAppSwitch failed
03-02 11:32:42.071   861   861 I MTK_APPList: [notifyNetdUID] 10165
03-02 11:32:42.071   863   958 I libPowerHal: [perfLockRel] hdl:367943, idx:-1
03-02 11:32:42.071  1621  4246 D WindowManager: Collecting in transition 10180: ActivityRecord{9880759 u0 com.miui.home/.launcher.Launcher t2} init visibleRequested:false
03-02 11:32:42.072   863   958 I libPowerHal: [perfLockAcq] idx:2 hdl:368254 hint:22 pid:863 tid:863 duration:10000 lock_user:vendor.mediatek => ret_hdl:368254
03-02 11:32:42.072 27281 27281 D VRI[LauncherMinusOneScreen]: visibilityChanged oldVisibility=false newVisibility=true
03-02 11:32:42.072 11917 11917 D VRI[globalminusscreen]: visibilityChanged oldVisibility=false newVisibility=true
03-02 11:32:42.073   863   958 I libPowerHal: [PE] MTKPOWER_HINT_PACK_SWITCH update cmd:1408300, param:100, pr:3
03-02 11:32:42.073   863   958 I libPowerHal: [set_kswapd_affinity] set affinity = 16129
03-02 11:32:42.073  1621  4246 I SmartPower: com.google.android.googlequicksearchbox:search/10165(13966): idle->invisible(390568ms) R(become foreground) adj=700.
03-02 11:32:42.073   863   958 I libPowerHal: [PE] MTKPOWER_HINT_PACK_SWITCH update ONESHOT(set) cmd:10000700 param:16129 pr:3
03-02 11:32:42.073   863   958 I libPowerHal: [perfLockAcq] Done for hdl : 368254
03-02 11:32:42.073  1621  4246 I SmartPower: com.google.android.googlequicksearchbox:googleapp/10165(27281): idle->invisible(390568ms) R(become foreground) adj=800.
03-02 11:32:42.073  1621  4246 I SmartPower: com.google.android.googlequicksearchbox:interactor/10165(5969): background->invisible(393570ms) R(become foreground) adj=100.
03-02 11:32:42.074   863   958 I libPowerHal: [perfLockRel] hdl:367941, idx:-1
03-02 11:32:42.074   861   861 I MTK_APPList: [notifyPID] 13966
03-02 11:32:42.074   863   958 I libPowerHal: [perfSetSysInfo] pid type:24, 13966
03-02 11:32:42.075   861   861 I MTK_APPList: [notifyAPPstate] pc:0, com.google.android.apps.wellbeing => com.google.android.googlequicksearchbox
03-02 11:32:42.075  1621  4246 D MiuiRefreshRatePolicy: reset
03-02 11:32:42.078 13966 14104 D AppScoutStateMachine: 13966-ScoutStateMachinecreated
03-02 11:32:42.078  1999  1999 D Launcher.Lifecycle: onStart:UserHandle{0},c143874,false
03-02 11:32:42.078  1999  1999 D LauncherAssistantCompatGoogle: onStart com.google.android.libraries.gsa.launcherclient.LauncherClient@b8351e8
03-02 11:32:42.078  1621  2986 D WindowManager: Set transition=TransitionRecord{d08677f id=10180 type=CLOSE flags=0x0}, ready=true, SyncId=10180 
03-02 11:32:42.080  1621  1651 D MiuiRefreshRatePolicy: reset
03-02 11:32:42.080  1621  1648 D Aurogon :  uid = 10166 switch to FG
03-02 11:32:42.081  1621  1650 D ActivityManager: mediaResourceManagerBinder get success
03-02 11:32:42.081  1124 16496 D ResourceManagerServiceNew: update package name: com.google.android.googlequicksearchbox
03-02 11:32:42.081  2363  2477 I MultiTaskingTaskRepository: no MULTI_WINDOW, but base activity is null
03-02 11:32:42.081  1621  1651 I BLASTSyncEngine: SyncGroup 10180:  Unfinished container:ActivityRecord{9880759 u0 com.miui.home/.launcher.Launcher t2}
03-02 11:32:42.081  2363  2477 D MiuiFreeformModeCornerTipHandler: task#37027 onTaskVanished
03-02 11:32:42.081  1621  1651 I BLASTSyncEngine: isActivitySyncFinished isSyncFinished false ActivityRecord{9880759 u0 com.miui.home/.launcher.Launcher t2}
03-02 11:32:42.082  2363  2477 I MiuiBubbleController: removeBubble: 37027 reason=2
03-02 11:32:42.082  2363  2477 I MultiTaskingTaskInfo: before call clearMaskControl task id = 37027, CoverLayerController = null, callers=com.android.wm.shell.multitasking.taskmanager.MultiTaskingTaskListener.onTaskInfoChanged:268 com.android.wm.shell.ShellTaskOrganizer.onTaskInfoChanged:145 android.window.TaskOrganizer$1.lambda$onTaskInfoChanged$7:322 android.window.TaskOrganizer$1.$r8$lambda$WEHIPeFifg1My6LbK9dElRxchX4:0 android.window.TaskOrganizer$1$$ExternalSyntheticLambda7.run:0 
03-02 11:32:42.082  2363  2477 I MultiTaskingTaskRepository: onTaskInfoChanged multi list = [5, 4], full = [37044, 37027, 37019, 36980]
03-02 11:32:42.082  1124 16496 D ResourceManagerServiceNew: packageName: com.google.android.googlequicksearchbox, uid : 10165, hashCode : 23530812
03-02 11:32:42.082  1124 16496 D ResourceManagerServiceNew: ResourceManagerService::setCodecsVppModeWithLock
03-02 11:32:42.083  2363  2477 D MiuiFreeformModeController: onFocusTaskChanged taskInfo: TaskInfo{userId=0 taskId=37027 displayId=0 isRunning=true baseIntent=Intent { flg=0x14850000 pkg=com.google.android.googlequicksearchbox cmp=com.google.android.googlequicksearchbox/com.google.android.apps.search.assistant.surfaces.voice.robin.ui.floaty.activity.FloatyActivity } baseActivity=ComponentInfo{com.google.android.googlequicksearchbox/com.google.android.apps.search.assistant.surfaces.voice.robin.ui.floaty.activity.FloatyActivity} topActivity=ComponentInfo{com.google.android.googlequicksearchbox/com.google.android.apps.search.assistant.surfaces.voice.robin.ui.floaty.activity.FloatyActivity} origActivity=null realActivity=ComponentInfo{com.google.android.googlequicksearchbox/com.google.android.apps.search.assistant.surfaces.voice.robin.ui.floaty.activity.FloatyActivity} numActivities=1 lastActiveTime=1030521488 supportsSplitScreenMultiWindow=true supportsMultiWindow=true resizeMode=2 isResizeable=true minWidth=-1 minHeight=-1 defaultMinSize=200 token=WCT{android.window.IWindowContainerToken$Stub$Proxy@e944318} topActivityType=1 pictureInPictureParams=null shouldDockBigOverlays=false launchIntoPipHostTaskId=-1 lastParentTaskIdBeforePip=-1 displayCutoutSafeInsets=null topActivityInfo=ActivityInfo{e221171 com.google.android.apps.search.assistant.surfaces.voice.robin.ui.floaty.activity.FloatyActivity} launchCookies=[] positionInParent=Point(0, 0) parentTaskId=-1 isFocused=true isVisible=false isVisibleRequested=true isSleeping=false locusId=null displayAreaFeatureId=1 isTopActivityTransparent=true appCompatTaskInfo=AppCompatTaskInfo { topActivityInSizeCompat=false topActivityEligibleForLetterboxEducation= falseisLetterboxEducationEnabled= false isLetterboxDoubleTapEnabled= false topActivityEligibleForUserAspectRatioButton= false topActivityBoundsLetterboxed= false isFromLetterboxDoubleTap= false topActivityLetterboxVerticalPosition= -1 topActivityLetterboxHorizontalPosition= -1 topActivityLetterboxWidth=1080 topActivityLetterboxHeight=2460 isUserFullscreenOverrideEnabled=false isSystemFullscreenOverrideEnabled=false cameraCompatTaskInfo=CameraCompatTaskInfo { cameraCompatControlState=hidden freeformCameraCompatMode=inactive}} isImmersive=false mTopActivityRequestOrientation=-2 mBehindAppLockPkg=null mOriginatingUid=0 isEmbedded=false shouldBeVisible=true mIsCastMode=false mTopActivityMediaSize=null mTopActivityRecordName=ActivityRecord{6d71709 u0 com.google.android.googlequicksearchbox/com.google.android.apps.search.assistant.surfaces.voice.robin.ui.floaty.activity.FloatyActivity t37027} mTopActivityOrientation=-1}
03-02 11:32:42.083  1124 16496 D ResourceManagerServiceNew: all codecs setVppMode return fail
03-02 11:32:42.083  2363  2477 D OneHandedController: stopOneHanded state is 0
03-02 11:32:42.084 13966 13966 I azdq    : #onStart (PageContainer)
03-02 11:32:42.084  1621  1648 D Aurogon :  uid = 10165 switch to FG
03-02 11:32:42.084  1999  1817 D EventBus: No subscribers registered for event class com.miui.home.recents.messages.RecentTasksChangedEvent
03-02 11:32:42.084  1999  1817 D EventBus: No subscribers registered for event class org.greenrobot.eventbus.NoSubscriberEvent
03-02 11:32:42.085  1621  1907 D MiuiMultiWindowUtils: DeviceLevel.IS_MIUI_LITE_VERSION 2.0 not support miui multiWindowtides
03-02 11:32:42.085  6027  6068 D v1      : myUserId = 0	currentUserId0
03-02 11:32:42.085  6515 12042 D PerfEngineController: ForegroundInfo{mForegroundPackageName='com.google.android.googlequicksearchbox', mForegroundUid=10165, mForegroundPid=13966, mLastForegroundPackageName='com.softnation.Ojam', mLastForegroundUid=10337, mLastForegroundPid=23315, mMultiWindowForegroundPackageName='com.google.android.googlequicksearchbox', mMultiWindowForegroundUid=10165, mFlags=0}
03-02 11:32:42.085 13966 13966 W WindowOnBackDispatcher: OnBackInvokedCallback is not enabled for the application.
03-02 11:32:42.085 13966 13966 W WindowOnBackDispatcher: Set 'android:enableOnBackInvokedCallback="true"' in the application manifest.
03-02 11:32:42.085  6027 28224 I ProcessMonitor: onForegroundInfoChanged: ForegroundInfo{mForegroundPackageName='com.google.android.googlequicksearchbox', mForegroundUid=10165, mForegroundPid=13966, mLastForegroundPackageName='com.softnation.Ojam', mLastForegroundUid=10337, mLastForegroundPid=23315, mMultiWindowForegroundPackageName='com.google.android.googlequicksearchbox', mMultiWindowForegroundUid=10165, mFlags=0}
03-02 11:32:42.085  1999  2684 D RecentsModel: onTaskStackChangedBackground    MSG_TASK_STACK_CHANGE
03-02 11:32:42.085  1999  2684 D RecentsModel: boostTaskStackChangedThread once, tid=2684, recentResourceLoaderTid=2525
03-02 11:32:42.085  6027 28224 I VideoBoxUtils: isSupportVideoBox: false
03-02 11:32:42.085  1999  2684 W MiBridge: Permission not granted !!
03-02 11:32:42.085  6027 28224 I VideoToolBoxService: vtb is closed!!!
03-02 11:32:42.085  1999  2684 D Launcher.Boost: setDynamicVIPTaskIfNeeded::tid = 2684 duration = 500
03-02 11:32:42.085  1621  1907 D BluetoothAdapter: getActiveDevices(profile= A2DP)
03-02 11:32:42.086 13966 13966 I bgat    : [hasSecondaryDisplayAndMainDisplayIsDisabled] Main display is ON
03-02 11:32:42.086  1621  2986 I ATMSImpl: cacheTasksForDefaultDisplay size=4
03-02 11:32:42.087 13966 13966 I bgat    : [hasSecondaryDisplayAndMainDisplayIsDisabled] Main display is ON
03-02 11:32:42.088   921   921 I BpBinder: onLastStrongRef automatically unlinking death recipients: 
03-02 11:32:42.088  1621  1651 I ActivityTaskManager: visible for Task{6f3448d #37044 type=standard A=10337:com.softnation.Ojam} visible = true isAnimating = false TRANSITION = false PARENTS = false CHILDREN = false
03-02 11:32:42.089  1621  1651 D SurfaceComposerClient: Transaction::apply InputWindowCommands.focusRequests timestamp=612755627343291, windowName=<null>
03-02 11:32:42.089 13966 13966 I bgat    : [hasSecondaryDisplayAndMainDisplayIsDisabled] Main display is ON
03-02 11:32:42.090   849   849 I hwcomposer: [HWCDisplay] (0 updateFps():3667), (type:1, mode:2) fps:0.459243,dur:2177.50,max:2177.50,min:2177.50  
03-02 11:32:42.091  1621  1907 D BluetoothAdapter: getActiveDevices(profile= HEADSET)
03-02 11:32:42.091   921   921 I MI-SF   : surfaceflinger setAffinity mode=0
03-02 11:32:42.091  1621  4246 W ProcessStats: Tracking association SourceState{ef0c327 com.mi.globalminusscreen/10162 BTop #1378165} whose proc state 2 is better than process ProcessState{32b3553 com.miui.analytics/10168 pkg=com.miui.analytics} proc state 3 (4 skipped)
03-02 11:32:42.092   921   921 E MI-SF   : surfaceflinger setAffinity success
03-02 11:32:42.092  1621  4246 E ClipboardServiceI: removeActivePermissionOwnerForPackage: mPrimaryClipPackage is null or get is null
03-02 11:32:42.093  1621  4246 D WindowManager: Set transition=TransitionRecord{d08677f id=10180 type=CLOSE flags=0x0}, ready=true, SyncId=10180 
03-02 11:32:42.093  1621  1907 D BluetoothAdapter: getActiveDevices(profile= LE_AUDIO)
03-02 11:32:42.094  1621  4246 D WindowManager: Set transition=TransitionRecord{d08677f id=10180 type=CLOSE flags=0x0}, ready=true, SyncId=10180 
03-02 11:32:42.095  1621  4246 I AppsFilter: interaction: PackageSetting{131896e com.android.microdroid.empty_payload/10255} -> PackageSetting{2f998aa com.softnation.Ojam/10337} BLOCKED
03-02 11:32:42.095  1621  4246 W ActivityManager: Invalid packageName: com.softnation.Ojam
03-02 11:32:42.095 13966 14010 I ayzy    : (REDACTED) buildNewState: %s, %s
03-02 11:32:42.095 18562 29326 E BluetoothAdapterService: getActiveDevices: LeAudioService is null
03-02 11:32:42.096 13966 14010 I azad    : #sendHideEvent
03-02 11:32:42.096  1621  1907 D AudioSystem: +setParameters(): foregroundUid=10165;bluetoothlowlatencystatus=false 
03-02 11:32:42.096  1621  1907 D AudioSystem: start get log level!
03-02 11:32:42.098  1621  1842 I MiuiNetworkPolicy: updateUidState uid = 99351, uidState = 3
03-02 11:32:42.098  1621  1842 I MiuiNetworkPolicy: updateUidState uid = 10261, uidState = 3
03-02 11:32:42.098   843   968 D AudioALSAHardware: +setParameters(): bluetoothlowlatencystatus=false;foregroundUid=10165
03-02 11:32:42.098 13966 14010 I ayzy    : (REDACTED) #processEvent: %s
03-02 11:32:42.098  1621  1842 I MiuiNetworkPolicy: updateUidState uid = 10200, uidState = 3
03-02 11:32:42.098  1621  1842 I MiuiNetworkPolicy: updateUidState uid = 10181, uidState = 3
03-02 11:32:42.098  1621  1842 I MiuiNetworkPolicy: updateUidState uid = 10168, uidState = 3
03-02 11:32:42.098  1621  1842 I MiuiNetworkPolicy: updateUidState uid = 10166, uidState = 2
03-02 11:32:42.098   843   968 D AudioALSAHardware: -setParameters(): bluetoothlowlatencystatus=false;foregroundUid=10165
03-02 11:32:42.099  1621  1842 I MiuiNetworkPolicy: updateUidState uid = 10165, uidState = 2
03-02 11:32:42.099   843   968 E AHAL_Module: setVendorParameters: default: unrecognized parameter "bluetoothlowlatencystatus=false;foregroundUid=10165"
03-02 11:32:42.099   894  4413 E ConversionHelperAidl: Function: parseAndSetVendorParameters Line: 97 Failed 
03-02 11:32:42.099  1621  2986 I ATMSImpl: cacheTasksForDefaultDisplay size=4
03-02 11:32:42.101   843   968 D AHAL_ModuleBluetooth: setVendorParameters: parameter count 1, async: 0
03-02 11:32:42.101   843   968 D AHAL_ModuleBluetooth: setVendorParameters: bluetoothlowlatencystatus=false;foregroundUid=10165
03-02 11:32:42.102  1621  1621 I NotificationService: Cancel FGS notification CallingUid: 10337 CallingPid: 0 Pkg: com.softnation.Ojam Id:1001 Tag:null UserId:0 MustHaveFlags:0 MustNotHaveFlags:0 Reason:8 foregroundNotiWhen:0 foregroundNotiFlags:104 foregroundNotiChannelId:default_channel_id
03-02 11:32:42.105  1999  2684 D RecentsModel: getRunningTask ignoreActivityType : 2 ,ignoreWindowMode:5
03-02 11:32:42.106  1621  4427 I SmartPower: com.google.android.googlequicksearchbox:googleapp/10165(27281): invisible->visible(32ms) R(become visible) adj=100.
03-02 11:32:42.107 18562 29326 D BluetoothLatencyMode: ForegroundInfo{mForegroundPackageName='com.google.android.googlequicksearchbox', mForegroundUid=10165, mForegroundPid=13966, mLastForegroundPackageName='com.softnation.Ojam', mLastForegroundUid=10337, mLastForegroundPid=23315, mMultiWindowForegroundPackageName='com.google.android.googlequicksearchbox', mMultiWindowForegroundUid=10165, mFlags=0}
03-02 11:32:42.107 18562 29326 W LeAudioService: getLeAudioService(): service is NULL
03-02 11:32:42.107 18562 29326 D BluetoothLatencyMode: isWiredAudioHeadset.type: 1
03-02 11:32:42.107 18562 29326 D BluetoothLatencyMode: isWiredAudioHeadset.type: 2
03-02 11:32:42.107 18562 29326 D BluetoothLatencyMode: isWiredAudioHeadset.type: 18
03-02 11:32:42.107 18562 29326 D BluetoothLatencyMode: isWiredAudioHeadset.type: 14
03-02 11:32:42.107  1621  2655 D ConnectivityService: requestNetwork for uid/pid:10165/13966 activeRequest: null callbackRequest: 242673 [NetworkRequest [ REQUEST id=242674, [ Capabilities: INTERNET&NOT_RESTRICTED&TRUSTED&NOT_VCN_MANAGED&NOT_BANDWIDTH_CONSTRAINED Uid: 10165 RequestorUid: 10165 RequestorPkg: com.google.android.googlequicksearchbox UnderlyingNetworks: Null] ]] callback flags: 0 order: 2147483647 isUidTracked: false declaredMethods: AVAIL|LOST
03-02 11:32:42.108   921  1587 I BufferQueueDebug: [LauncherMinusOneScreen#134374](this:0xb400007bcebbf2d8,id:-1,api:0,p:-1,c:-1) BufferQueue core=(921:/system/bin/surfaceflinger)
03-02 11:32:42.108  1621  1842 I MiuiNetworkPolicy: updateUidState uid = 10162, uidState = 3
03-02 11:32:42.109  1621  1842 I MiuiNetworkPolicy: updateUidState uid = 10152, uidState = 19
03-02 11:32:42.109  1621  1842 I MiuiNetworkPolicy: updateUidState uid = 10147, uidState = 3
03-02 11:32:42.109  1621  1842 I MiuiNetworkPolicy: updateUidState uid = 10105, uidState = 19
03-02 11:32:42.111  1999  2684 W RecentsModel: getRunningTask   taskInfo=TaskInfo{userId=0 taskId=37027 displayId=0 isRunning=true baseIntent=Intent { flg=0x14850000 pkg=com.google.android.googlequicksearchbox cmp=com.google.android.googlequicksearchbox/com.google.android.apps.search.assistant.surfaces.voice.robin.ui.floaty.activity.FloatyActivity } baseActivity=ComponentInfo{com.google.android.googlequicksearchbox/com.google.android.apps.search.assistant.surfaces.voice.robin.ui.floaty.activity.FloatyActivity} topActivity=ComponentInfo{com.google.android.googlequicksearchbox/com.google.android.apps.search.assistant.surfaces.voice.robin.ui.floaty.activity.FloatyActivity} origActivity=null realActivity=ComponentInfo{com.google.android.googlequicksearchbox/com.google.android.apps.search.assistant.surfaces.voice.robin.ui.floaty.activity.FloatyActivity} numActivities=1 lastActiveTime=1030521518 supportsSplitScreenMultiWindow=true supportsMultiWindow=true resizeMode=2 isResizeable=true minWidth=-1 minHeight=-1 defaultMinSize=200 token=WCT{android.window.IWindowContainerToken$Stub$Proxy@38ae869} topActivityType=1 pictureInPictureParams=null shouldDockBigOverlays=false launchIntoPipHostTaskId=-1 lastParentTaskIdBeforePip=-1 displayCutoutSafeInsets=null topActivityInfo=ActivityInfo{f2b22ee com.google.android.apps.search.assistant.surfaces.voice.robin.ui.floaty.activity.FloatyActivity} launchCookies=[] positionInParent=Point(0, 0) parentTaskId=-1 isFocused=true isVisible=false isVisibleRequested=true isSleeping=false locusId=null displayAreaFeatureId=1 isTopActivityTransparent=true appCompatTaskInfo=AppCompatTaskInfo { topActivityInSizeCompat=false topActivityEligibleForLetterboxEducation= falseisLetterboxEducationEnabled= false isLetterboxDoubleTapEnabled= false topActivityEligibleForUserAspectRatioButton= false topActivityBoundsLetterboxed= false isFromLetterboxDoubleTap= false topActivityLetterboxVerticalPosition= -1 topActivityLetterboxHorizontalPosition= -1 topActivityLetterboxWidth=1080 topActivityLetterboxHeight=2460 isUserFullscreenOverrideEnabled=false isSystemFullscreenOverrideEnabled=false cameraCompatTaskInfo=CameraCompatTaskInfo { cameraCompatControlState=hidden freeformCameraCompatMode=inactive}} isImmersive=false mTopActivityRequestOrientation=-2 mBehindAppLockPkg=null mOriginatingUid=0 isEmbedded=false shouldBeVisible=true mIsCastMode=false mTopActivityMediaSize=null mTopActivityRecordName=ActivityRecord{6d71709 u0 com.google.android.googlequicksearchbox/com.google.android.apps.search.assistant.surfaces.voice.robin.ui.floaty.activity.FloatyActivity t37027} mTopActivityOrientation=-1}
03-02 11:32:42.112  1999  2684 D RecentsModel: preloadRecents runningTaskId:37027, mCurrentRunningTaskId:-1, mRecentsTaskLoadPlan=com.android.systemui.shared.recents.model.RecentsTaskLoadPlan@c16938f
03-02 11:32:42.112  1621  4238 D AppLock_AccessControlImpl: activityResume packageName: com.google.android.googlequicksearchbox userId: 0 enabled: true
03-02 11:32:42.112  1621  4238 D AppLock_AccessControlImpl: activityResume lockMode: 1
03-02 11:32:42.112 13966 13966 D SecurityManager: checkAccessControl flag1
03-02 11:32:42.113 11917 11932 D LauncherOverlay: setActivityState:1
03-02 11:32:42.113  1999  2684 E ActivityManagerWrapper: get all recent tasks force including 37027
03-02 11:32:42.113  1621  4427 D MiuiRefreshRatePolicy: reset
03-02 11:32:42.114  1621  4427 I BLASTSyncEngine: SyncGroup 10180:  Unfinished container:ActivityRecord{9880759 u0 com.miui.home/.launcher.Launcher t2}
03-02 11:32:42.115  1621  4427 I BLASTSyncEngine: isActivitySyncFinished isSyncFinished false ActivityRecord{9880759 u0 com.miui.home/.launcher.Launcher t2}
03-02 11:32:42.115 13966 13966 I azdq    : #onResume (PageContainer)
03-02 11:32:42.116 13966 13966 I aoyz    : Starting to execute activity foreground action
03-02 11:32:42.116 13966 13966 I aoyz    : Successfully executed activity foreground action
03-02 11:32:42.116  1621  4427 I WindowManager: Relayout Window{67c25e3 u0 LauncherMinusOneScreen}: oldVis=8 newVis=0 focusMayChange = true requestedWidth = 1080 requestedHeight = 2460 outFrames = ClientWindowFrames{frame=[0,0][1080,2460] display=[0,0][1080,2460] parentFrame=[0,0][0,0]} outSurfaceControl = Surface(name=LauncherMinusOneScreen#134374)/@0xc089302
03-02 11:32:42.116 13966 13966 I aoyz    : Starting to execute activity foreground action
03-02 11:32:42.116 13966 13966 I aoyz    : Successfully executed activity foreground action
03-02 11:32:42.116 13966 13966 I aoyz    : Starting to execute activity foreground action
03-02 11:32:42.117 13966 13966 I aoyz    : Starting to execute activity foreground action
03-02 11:32:42.118 13966 13966 I aoyz    : Successfully executed activity foreground action
03-02 11:32:42.118 13966 14010 I anhl    : Reading app policies state from PDS
03-02 11:32:42.118 13966 13966 I aoyz    : Starting to execute activity foreground action
03-02 11:32:42.118 13966 13966 I aoyz    : Successfully executed activity foreground action
03-02 11:32:42.118 13966 14010 I anhl    : App policies state is still valid
03-02 11:32:42.118 13966 13966 I aoyz    : Starting to execute activity foreground action
03-02 11:32:42.118   921   921 D SurfaceFlinger: Focus addInputWindowCommands timestamp=612755627343291, windowName=<null>
03-02 11:32:42.118 13966 13966 I aoyz    : Successfully executed activity foreground action
03-02 11:32:42.118 13966 13966 I aoyz    : Starting to execute activity foreground action
03-02 11:32:42.118 13966 13966 I amgy    : Triggering freemium quota refresh on startup
03-02 11:32:42.119  1621  4427 D FileUtils: Rounded bytes from 8055762944 to 16000000000
03-02 11:32:42.119 13966 13966 I aoyz    : Successfully executed activity foreground action
03-02 11:32:42.119  1621  1856 D ConnectivityService: NetReassign [242674 : null ΓåÆ 255] [c 1] [a 1] [i 8]
03-02 11:32:42.119 13966 13966 I aqtu    : Maybe Dispatching intercepted touch
03-02 11:32:42.119 13966 13966 I aqtu    : No intercepted taps.
03-02 11:32:42.119 27281 27281 D BufferQueueConsumer: [](id:6a9100000001,api:0,p:-1,c:27281) connect: controlledByApp=false
03-02 11:32:42.119 13966 13966 I azdq    : #handleFloatyIntent - FloatyPageContainerFragmentPeer
03-02 11:32:42.119  1621  1843 D WifiNetworkFactory: got request NetworkRequest [ REQUEST id=242674, [ Capabilities: INTERNET&NOT_RESTRICTED&TRUSTED&NOT_VCN_MANAGED&NOT_BANDWIDTH_CONSTRAINED Uid: 10165 RequestorUid: 10165 RequestorPkg: com.google.android.googlequicksearchbox UnderlyingNetworks: Null] ]
03-02 11:32:42.119  1621  1843 D UntrustedWifiNetworkFactory: got request NetworkRequest [ REQUEST id=242674, [ Capabilities: INTERNET&NOT_RESTRICTED&TRUSTED&NOT_VCN_MANAGED&NOT_BANDWIDTH_CONSTRAINED Uid: 10165 RequestorUid: 10165 RequestorPkg: com.google.android.googlequicksearchbox UnderlyingNetworks: Null] ]
03-02 11:32:42.120  1621  1843 D OemPaidWifiNetworkFactory: got request NetworkRequest [ REQUEST id=242674, [ Capabilities: INTERNET&NOT_RESTRICTED&TRUSTED&NOT_VCN_MANAGED&NOT_BANDWIDTH_CONSTRAINED Uid: 10165 RequestorUid: 10165 RequestorPkg: com.google.android.googlequicksearchbox UnderlyingNetworks: Null] ]
03-02 11:32:42.120  1621  1843 D MultiInternetWifiNetworkFactory: got request NetworkRequest [ REQUEST id=242674, [ Capabilities: INTERNET&NOT_RESTRICTED&TRUSTED&NOT_VCN_MANAGED&NOT_BANDWIDTH_CONSTRAINED Uid: 10165 RequestorUid: 10165 RequestorPkg: com.google.android.googlequicksearchbox UnderlyingNetworks: Null] ]
03-02 11:32:42.120 13966 13966 I aznm    : #onResume
03-02 11:32:42.120 13966 13966 I ajvw    : (REDACTED) #onResume %s
03-02 11:32:42.121 27281 27281 D BLASTBufferQueue: [VRI[LauncherMinusOneScreen]#1](f:0,a:0) constructor()
03-02 11:32:42.121 27281 27281 D BLASTBufferQueue: [VRI[LauncherMinusOneScreen]#1](f:0,a:0) update width=1080 height=2460 format=-2 mTransformHint=0
03-02 11:32:42.123  1621  1635 I SmartPower: com.mi.globalminusscreen/10162(11917): idle->visible(171817ms) R(become visible) adj=100.
03-02 11:32:42.123   921  1483 D SurfaceFlinger: updateWinowInfo=1, setFocusedWindow timestamp=612755627343291, windowName=<null>
03-02 11:32:42.123 13966 14007 I amgt    : (REDACTED) Limit not reached, shouldRefresh=%s
03-02 11:32:42.123 13966 14007 I apaf    : (REDACTED) #TRIGGER_TYPE type is: %s
03-02 11:32:42.123 13966 14007 I apaf    : (REDACTED) #TRIGGER_TYPE islockscreen is: %s
03-02 11:32:42.124  1999  1999 D Launcher: Launcher.DeviceConfig onStart bounds = Rect(0, 0 - 1080, 2460)
03-02 11:32:42.124   921  1170 I BufferQueueDebug: [LauncherOverlayWindow:com.mi.globalminusscreen#134375](this:0xb400007bcecb4138,id:-1,api:0,p:-1,c:-1) BufferQueue core=(921:/system/bin/surfaceflinger)
03-02 11:32:42.126 27281 27281 D VRI[LauncherMinusOneScreen]: vri.reportNextDraw android.view.ViewRootImpl.performTraversals:4984 android.view.ViewRootImpl.doTraversal:3564 android.view.ViewRootImpl$TraversalRunnable.run:11781 android.view.Choreographer$CallbackRecord.run:1804 android.view.Choreographer$CallbackRecord.run:1813 
03-02 11:32:42.127  1999 17839 D Launcher.Utilities: select screen is:personal_assistant_google
03-02 11:32:42.128 13966 13966 I ajpw    : (REDACTED) Primary locale found %s
03-02 11:32:42.128 27281 27281 D VRI[LauncherMinusOneScreen]: Setup new sync=wmsSync-VRI[LauncherMinusOneScreen]#2
03-02 11:32:42.129 13966 13966 I djzh    : (REDACTED) isAppDefaultAssistant setting: %s
03-02 11:32:42.129  1999  1999 I Launcher.DeviceConfig: getMiuiWidgetSizeSpec(2, 2, false) = (403, 474)
03-02 11:32:42.131  1621  1635 D MiuiRefreshRatePolicy: reset
03-02 11:32:42.132  1621  1635 I BLASTSyncEngine: SyncGroup 10180:  Unfinished container:ActivityRecord{9880759 u0 com.miui.home/.launcher.Launcher t2}
03-02 11:32:42.132  1621  1635 I BLASTSyncEngine: isActivitySyncFinished isSyncFinished false ActivityRecord{9880759 u0 com.miui.home/.launcher.Launcher t2}
03-02 11:32:42.133  1621  1635 I WindowManager: Relayout Window{ff9cdea u0 LauncherOverlayWindow:com.mi.globalminusscreen}: oldVis=8 newVis=0 focusMayChange = true requestedWidth = 1080 requestedHeight = 2460 outFrames = ClientWindowFrames{frame=[0,0][1080,2460] display=[0,0][1080,2460] parentFrame=[0,0][0,0]} outSurfaceControl = Surface(name=LauncherOverlayWindow:com.mi.globalminusscreen#134375)/@0xb47ff81
03-02 11:32:42.134   921  1170 D MI-SF   : updateScene: module = 258 (TpIdle), value = 1, pkg = com.google.android.googlequicksearchbox
03-02 11:32:42.134   921  1170 D MI-SF   : updateScene mSetTpIdleFlag 1
03-02 11:32:42.142  1621  1651 I ActivityTaskManager: visible for Task{6f3448d #37044 type=standard A=10337:com.softnation.Ojam} visible = true isAnimating = false TRANSITION = false PARENTS = false CHILDREN = false
03-02 11:32:42.142 11917 11917 D BufferQueueConsumer: [](id:2e8d0000002d,api:0,p:-1,c:11917) connect: controlledByApp=false
03-02 11:32:42.144 11917 11917 D BLASTBufferQueue: [VRI[globalminusscreen]#45](f:0,a:0) constructor()
03-02 11:32:42.145 11917 11917 D BLASTBufferQueue: [VRI[globalminusscreen]#45](f:0,a:0) update width=1080 height=2460 format=-2 mTransformHint=0
03-02 11:32:42.150  2350  2350 D CarrierSvcBindHelper: onHandleForceStop: [com.softnation.Ojam]
03-02 11:32:42.151 13966 13966 I djzh    : (REDACTED) isAppDefaultAssistant defaultComponentName: %s
03-02 11:32:42.151  1999  1999 D Launcher.Widget: name = AppWidgetProviderInfo(UserHandle{0}/ComponentInfo{com.google.android.apps.wellbeing/com.google.android.apps.wellbeing.widget.screentime.ScreenTimeWidgetProviderReceiver_Receiver}), scale = 1.0
03-02 11:32:42.151 13966 13966 W behj    : (REDACTED) The setting %s has not been set, or the string value is not a number
03-02 11:32:42.152  2350  2350 D CarrierSvcBindHelper: No carrier app for: 0
03-02 11:32:42.152 13966 13966 W behj    : (REDACTED) The setting %s has not been set, or the string value is not a number
03-02 11:32:42.152  1999  1999 I Launcher.DeviceConfig: getMiuiWidgetSizeSpec(2, 2, false) = (403, 474)
03-02 11:32:42.152  1999  1999 D Launcher.Widget: name = AppWidgetProviderInfo(UserHandle{0}/ComponentInfo{com.google.android.apps.wellbeing/com.google.android.apps.wellbeing.widget.screentime.ScreenTimeWidgetProviderReceiver_Receiver}), scale = 1.0
03-02 11:32:42.152  2350  2350 D CarrierSvcBindHelper: No carrier app for: 1
03-02 11:32:42.153  1999  2684 D ActivityManagerWrapper: groupedRecentTaskInfoCompat.getMainTaskId :37027, isExcluded is True
03-02 11:32:42.154  1999  2684 E ActivityManagerWrapper: getRecentTasksForceIncludingTaskIdIfValid: getRecentTasks: size=4
03-02 11:32:42.154  1999  2684 E ActivityManagerWrapper:  mainTaskId=37027   userId=0   windowMode=1   baseIntent=Intent { act=null flag=344260608 cmp=ComponentInfo{com.google.android.googlequicksearchbox/com.google.android.apps.search.assistant.surfaces.voice.robin.ui.floaty.activity.FloatyActivity} }
03-02 11:32:42.154  1999  2684 E ActivityManagerWrapper:  mainTaskId=37044   userId=0   windowMode=1   baseIntent=Intent { act=null flag=268435456 cmp=ComponentInfo{com.softnation.Ojam/com.softnation.Ojam.MainActivity} }
03-02 11:32:42.154  1999  2684 E ActivityManagerWrapper:  mainTaskId=37019   userId=0   windowMode=1   baseIntent=Intent { act=null flag=268435456 cmp=ComponentInfo{com.whatsapp/com.whatsapp.home.ui.HomeActivity} }
03-02 11:32:42.154  1999  2684 E ActivityManagerWrapper:  mainTaskId=36980   userId=0   windowMode=1   baseIntent=Intent { act=android.intent.action.MAIN flag=270532608 cmp=ComponentInfo{com.twitter.android/com.twitter.android.StartActivity} }
03-02 11:32:42.154 27281 27361 E chbox:googleapp: DynamicFPS DF open fail: Permission denied
03-02 11:32:42.154 27281 27361 E chbox:googleapp: FrameInsert open fail: Permission denied
03-02 11:32:42.155 13966 14007 I ajoh    : Device not matched [CONTEXT ratelimit_period="10 SECONDS" skipped=1 ]
03-02 11:32:42.156 13966 13986 D ActivityThread: the event that target app starts is : AppLaunchEvent{mType='441', mProcessName='com.google.android.googlequicksearchbox:search', mPackageName='com.google.android.googlequicksearchbox', mIsMainProcess='false', mVersionCode='301702678', mLaunchTime='2026-03-02'}
03-02 11:32:42.156  6515  6921 D PowerKeeper.Audio: pids 0
03-02 11:32:42.157 11917 11917 D VRI[globalminusscreen]: vri.reportNextDraw android.view.ViewRootImpl.performTraversals:4984 android.view.ViewRootImpl.doTraversal:3564 android.view.ViewRootImpl$TraversalRunnable.run:11781 android.view.Choreographer$CallbackRecord.run:1804 android.view.Choreographer$CallbackRecord.run:1813 
03-02 11:32:42.157 11917 11917 D VRI[globalminusscreen]: Setup new sync=wmsSync-VRI[globalminusscreen]#90
03-02 11:32:42.158  6515  6997 D MilletUtils: setUidState, uid = 10165 allow = true
03-02 11:32:42.159  1621  1635 D MiSensorServiceImpl: PowerKeeperSensor resume iUid:10165 but app has not in Controlled
03-02 11:32:42.160  4243 15996 W MQSEventManager: occur
03-02 11:32:42.160 13966 13966 I bgat    : [hasSecondaryDisplayAndMainDisplayIsDisabled] Main display is ON
03-02 11:32:42.160 13966 13966 I bgat    : [hasSecondaryDisplayAndMainDisplayIsDisabled] Main display is ON
03-02 11:32:42.161 13966 13966 I bgat    : [hasSecondaryDisplayAndMainDisplayIsDisabled] Main display is ON
03-02 11:32:42.161 13966 13966 I bgat    : [hasSecondaryDisplayAndMainDisplayIsDisabled] Main display is ON
03-02 11:32:42.162 13966 13966 I aysr    : (REDACTED) Setting floaty + banner max height to: %s (the maximumContentHeight is: %s, and the extraAllowedHeight is: %s)
03-02 11:32:42.162  1621  1746 E JobScheduler: ResourceBudgetManagerInternal is null
03-02 11:32:42.164 13966 13966 I bgat    : [hasSecondaryDisplayAndMainDisplayIsDisabled] Main display is ON
03-02 11:32:42.164  2363  2363 D HideDeletedFocusController: onNotificationRemoved 8 0|com.softnation.Ojam|1001|null|10337
03-02 11:32:42.164 27281 27361 D BLASTBufferQueue: [VRI[LauncherMinusOneScreen]#1](f:0,a:1) acquireNextBufferLocked size=1080x2460 mFrameNumber=1 applyTransaction=true mTimestamp=612755703996214(auto) mPendingTransactions.size=0 graphicBufferId=117171002802182 transform=0
03-02 11:32:42.164 13966 13966 I bgat    : [hasSecondaryDisplayAndMainDisplayIsDisabled] Main display is ON
03-02 11:32:42.164   921  1472 D MI-SF   : isTpIdleScene mSetTpIdleFlag 1, mSetLtpoTpIdleFlag 0
03-02 11:32:42.164   921  1472 D DisplayModeController: setDesiredMode 4627039422300187648 {mode={fps=60.00 Hz, modePtr={id=0, vsyncRate=60.00 Hz, peakRefreshRate=60.00 Hz}}, emitEvent=true, force=false}
03-02 11:32:42.165 13966 14007 W aign    : #bnb# Bonobo client flag is not enabled
03-02 11:32:42.165   921  1472 D Scheduler: MtkOverrideDuration: update vsync 60
03-02 11:32:42.165   921  1472 E SurfaceFlinger: MtkDuration override mode is disabled
03-02 11:32:42.165   921  1472 D Scheduler: MtkOverrideDuration: reset override duration
03-02 11:32:42.165   921  1472 I PowerHalWrapper: updateFps(): 60
03-02 11:32:42.165 13966 14007 W aign    : #bnb# Permission status: Not eligible for Bonobo
03-02 11:32:42.166   921  1170 I BufferQueueDebug: [com.google.android.googlequicksearchbox/com.google.android.apps.search.assistant.surfaces.voice.robin.ui.floaty.activity.FloatyActivity#134376](this:0xb400007bcec7b1f8,id:-1,api:0,p:-1,c:-1) BufferQueue core=(921:/system/bin/surfaceflinger)
03-02 11:32:42.166  2363  2363 D MiuiBubbleManager: onEntryRemoved: com.android.systemui.statusbar.notification.collection.NotificationEntry@eaf6584
03-02 11:32:42.167  2363  2363 D NotificationMediaManager: Not dismissing 0|com.softnation.Ojam|1001|null|10337 because it was removed by the system
03-02 11:32:42.169 13966 14007 I allc    : ClockLookupExecutor is not enabled.
03-02 11:32:42.170  1621  4427 D MiuiRefreshRatePolicy: reset
03-02 11:32:42.171  1621  4427 I BLASTSyncEngine: SyncGroup 10180:  Unfinished container:ActivityRecord{9880759 u0 com.miui.home/.launcher.Launcher t2}
03-02 11:32:42.171  1621  4427 I BLASTSyncEngine: isActivitySyncFinished isSyncFinished false ActivityRecord{9880759 u0 com.miui.home/.launcher.Launcher t2}
03-02 11:32:42.173  1621  4427 W WindowManager: Changing focus from null to Window{6009493 u0 com.google.android.googlequicksearchbox/com.google.android.apps.search.assistant.surfaces.voice.robin.ui.floaty.activity.FloatyActivity} displayId=0 Callers=com.android.server.wm.RootWindowContainer.updateFocusedWindowLocked:602 com.android.server.wm.WindowManagerService.updateFocusedWindowLocked:7168 com.android.server.wm.WindowManagerService.relayoutWindowInner:3076 com.android.server.wm.WindowManagerService.relayoutWindow:2724 
03-02 11:32:42.173  1621  4427 I whetstone.activity: Power Event callback listener is empty for resId=32
03-02 11:32:42.173  1621  4427 D BatteryStatsManagerStub: notifyEvent for resId=32 used 0ms
03-02 11:32:42.173   849   849 I hwcomposer: [HWCDisplay] (0 setActiveConfigWithConstraints():4114), config:0  
03-02 11:32:42.173   849   849 I hwcomposer: [HWCDisplay] (0 setActiveConfigWithConstraints():4164), now 612755722720522, diff 288923, estimated_applied_time 27777778 queued_size:0  
03-02 11:32:42.174   921  1587 I BufferQueueDebug: [Surface(name=5b2ee94 StatusBar#103)/@0xf6cf932 - animation-leash of insets_animation#134377](this:0xb400007bceccdb48,id:-1,api:0,p:-1,c:-1) BufferQueue core=(921:/system/bin/surfaceflinger)
03-02 11:32:42.177   921  1587 I BufferQueueDebug: [Surface(name=77d8129 NavigationBar0#101614)/@0x3faba4f - animation-leash of insets_animation#134378](this:0xb400007bcecc2508,id:-1,api:0,p:-1,c:-1) BufferQueue core=(921:/system/bin/surfaceflinger)
03-02 11:32:42.179  1621  4427 D WindowManager: wms.Input focus has changed to Window{6009493 u0 com.google.android.googlequicksearchbox/com.google.android.apps.search.assistant.surfaces.voice.robin.ui.floaty.activity.FloatyActivity} display=0 updateInputWindows = true
