03-02 11:32:42.179  1621  4427 I MultiSenceManagerInternalStub: getInstance
03-02 11:32:42.179 27281 27281 D VRI[LauncherMinusOneScreen]: vri.reportDrawFinished
03-02 11:32:42.180  1621  4427 I WindowManager: Relayout Window{6009493 u0 com.google.android.googlequicksearchbox/com.google.android.apps.search.assistant.surfaces.voice.robin.ui.floaty.activity.FloatyActivity}: oldVis=8 newVis=0 focusMayChange = true requestedWidth = 1080 requestedHeight = 2460 outFrames = ClientWindowFrames{frame=[0,0][1080,2460] display=[0,0][1080,2460] parentFrame=[0,0][0,0]} outSurfaceControl = Surface(name=com.google.android.googlequicksearchbox/com.google.android.apps.search.assistant.surfaces.voice.robin.ui.floaty.activity.FloatyActivity#134376)/@0xa05e47b
03-02 11:32:42.182 13966 13966 D BufferQueueConsumer: [](id:368e0000000d,api:0,p:-1,c:13966) connect: controlledByApp=false
03-02 11:32:42.182  1621  1651 I ActivityTaskManager: visible for Task{6f3448d #37044 type=standard A=10337:com.softnation.Ojam} visible = true isAnimating = false TRANSITION = false PARENTS = false CHILDREN = false
03-02 11:32:42.182 13966 13966 D BLASTBufferQueue: [VRI[FloatyActivity]#13](f:0,a:0) constructor()
03-02 11:32:42.183 13966 13966 D BLASTBufferQueue: [VRI[FloatyActivity]#13](f:0,a:0) update width=1080 height=2460 format=-2 mTransformHint=0
03-02 11:32:42.183  1621  1651 D SurfaceComposerClient: Transaction::apply InputWindowCommands.focusRequests timestamp=612755730558983, windowName=6009493 com.google.android.googlequicksearchbox/com.google.android.apps.search.assistant.surfaces.voice.robin.ui.floaty.activity.FloatyActivity
03-02 11:32:42.185  1621  3051 D WindowManager: wms.finishDrawingLocked: mDrawState=COMMIT_DRAW_PENDING Window{67c25e3 u0 LauncherMinusOneScreen} in Surface(name=LauncherMinusOneScreen#134374)/@0x9de5fe4
03-02 11:32:42.185  2363  2363 D MiuiMediaControlPanel: removeListener
03-02 11:32:42.186  1621  1842 I MiuiNetworkPolicy: updateUidState uid = 99406, uidState = 3
03-02 11:32:42.186  1621  1651 D MiuiRefreshRatePolicy: reset
03-02 11:32:42.186 13966 13966 D VRI[FloatyActivity]: vri.reportNextDraw android.view.ViewRootImpl.performTraversals:4984 android.view.ViewRootImpl.doTraversal:3564 android.view.ViewRootImpl$TraversalRunnable.run:11781 android.view.Choreographer$CallbackRecord.run:1804 android.view.Choreographer$CallbackRecord.run:1813 
03-02 11:32:42.187  1621  1651 I BLASTSyncEngine: SyncGroup 10180:  Unfinished container:ActivityRecord{9880759 u0 com.miui.home/.launcher.Launcher t2}
03-02 11:32:42.187  1621  1651 I BLASTSyncEngine: isActivitySyncFinished isSyncFinished false ActivityRecord{9880759 u0 com.miui.home/.launcher.Launcher t2}
03-02 11:32:42.188 13966 13966 D VRI[FloatyActivity]: Setup new sync=wmsSync-VRI[FloatyActivity]#26
03-02 11:32:42.189  1621  1928 I MultiSenceManagerInternalStubImpl: packageName = com.google.android.googlequicksearchbox
03-02 11:32:42.189  1621  1928 W ContextImpl: Calling a method in the system process without a qualified user: android.app.ContextImpl.sendBroadcast:1260 com.android.server.wm.MultiSenceManagerInternalStubImpl.sendFocusWindowsBroadcast:148 com.android.server.wm.MultiSenceManagerInternalStubImpl$UpdateScreenStatus.run:98 android.os.Handler.handleCallback:959 android.os.Handler.dispatchMessage:100 
03-02 11:32:42.190 11917 22576 D BLASTBufferQueue: [VRI[globalminusscreen]#45](f:0,a:1) acquireNextBufferLocked size=1080x2460 mFrameNumber=1 applyTransaction=true mTimestamp=612755738897752(auto) mPendingTransactions.size=0 graphicBufferId=51183125266702 transform=0
03-02 11:32:42.196 11917 11917 D VRI[globalminusscreen]: vri.reportDrawFinished
03-02 11:32:42.196  8942  8942 D BoundBrokerSvc: onBind: Intent { act=com.google.android.gms.measurement.START pkg=com.google.android.gms }
03-02 11:32:42.196  8942  8942 D BoundBrokerSvc: Loading bound service for intent: Intent { act=com.google.android.gms.measurement.START pkg=com.google.android.gms }
03-02 11:32:42.197 11917 11917 D LauncherOverlay.Window: onStart
03-02 11:32:42.198   849  1481 I hwcomposer: [HWCDisplay] (0 updateAppliedConfigState():4360), applied config complete[idx:612755750498300, config:0]  
03-02 11:32:42.198   921   921 I PowerHalWrapper: updateFps(): 60
03-02 11:32:42.199 27281 27281 I brdz    : onStart
03-02 11:32:42.201   921   921 D SurfaceFlinger: Focus addInputWindowCommands timestamp=612755730558983, windowName=6009493 com.google.android.googlequicksearchbox/com.google.android.apps.search.assistant.surfaces.voice.robin.ui.floaty.activity.FloatyActivity
03-02 11:32:42.203   921   921 I PowerHalWrapper: updateFps(): 60
03-02 11:32:42.204  1621  1928 W ActivityManagerServiceImpl: Sending non-protected broadcast com.xiaomi.multisence.action.FOCUSED_CHANGE from system 1621:system/1000 pkg android. Callers=com.android.server.am.ActivityManagerService.checkBroadcastFromSystem:16365 com.android.server.am.ActivityManagerService.broadcastIntentLockedTraced:17236 com.android.server.am.ActivityManagerService.broadcastIntentLocked:16425 com.android.server.am.ActivityManagerService.broadcastIntentWithFeature:17459 android.app.ContextImpl.sendBroadcast:1264 
03-02 11:32:42.204  1621  1651 I ActivityTaskManager: visible for Task{6f3448d #37044 type=standard A=10337:com.softnation.Ojam} visible = true isAnimating = false TRANSITION = false PARENTS = false CHILDREN = false
03-02 11:32:42.206  1621  1635 W ActivityManagerServiceImpl: Sending non-protected broadcast android.intent.action.APPLICATION_MESSAGE_UPDATE from system 2363:com.android.systemui/1000 pkg com.android.systemui. Callers=
03-02 11:32:42.207   921  1483 D SurfaceFlinger: updateWinowInfo=1, setFocusedWindow timestamp=612755730558983, windowName=6009493 com.google.android.googlequicksearchbox/com.google.android.apps.search.assistant.surfaces.voice.robin.ui.floaty.activity.FloatyActivity
03-02 11:32:42.211  1621  1666 I SmartPower: com.miui.home/10166(1999): idle->background(21981ms) R(broadcast start Intent { act=android.intent.action.APPLICATION_MESSAGE_UPDATE flg=0x10 pkg=com.miui.home (has extras) }) adj=100.
03-02 11:32:42.211  1621  4432 D WindowManager: wms.finishDrawingLocked: mDrawState=COMMIT_DRAW_PENDING Window{ff9cdea u0 LauncherOverlayWindow:com.mi.globalminusscreen} in Surface(name=LauncherOverlayWindow:com.mi.globalminusscreen#134375)/@0x9a3df68
03-02 11:32:42.213  1621  1746 I whetstone.activity: Power Event callback listener is empty for resId=256
03-02 11:32:42.213  1621  1746 D BatteryStatsManagerStub: notifyEvent for resId=256 used 0ms
03-02 11:32:42.216  1621  1651 D MiuiRefreshRatePolicy: reset
03-02 11:32:42.217  1621  1651 I BLASTSyncEngine: SyncGroup 10180:  Unfinished container:ActivityRecord{9880759 u0 com.miui.home/.launcher.Launcher t2}
03-02 11:32:42.217  1621  1651 I BLASTSyncEngine: isActivitySyncFinished isSyncFinished false ActivityRecord{9880759 u0 com.miui.home/.launcher.Launcher t2}
03-02 11:32:42.220  1621  1640 D AudioSystem: +setParameters(): gamebooster=false 
03-02 11:32:42.221  1621  1640 D AudioSystem: start get log level!
03-02 11:32:42.223   843   968 D AudioALSAHardware: +setParameters(): gamebooster=false
03-02 11:32:42.223   843   968 D AudioALSAHardware: -setParameters(): gamebooster=false
03-02 11:32:42.223   843   968 E AHAL_Module: setVendorParameters: default: unrecognized parameter "gamebooster=false"
03-02 11:32:42.223   894  7410 E ConversionHelperAidl: Function: parseAndSetVendorParameters Line: 97 Failed 
03-02 11:32:42.225  2363  2363 E StackScroller: updateSidePadding: viewWidth is zero
03-02 11:32:42.226   843 14567 D AHAL_ModuleBluetooth: setVendorParameters: parameter count 1, async: 0
03-02 11:32:42.227   843 14567 D AHAL_ModuleBluetooth: setVendorParameters: gamebooster=false
03-02 11:32:42.227 13966 14007 I afwc    : (REDACTED) FCF System FeatureName to check: %s
03-02 11:32:42.227 13966 14007 I afwc    : (REDACTED) FCF: Device model check status : %s
03-02 11:32:42.227  1621  1651 I ActivityTaskManager: visible for Task{6f3448d #37044 type=standard A=10337:com.softnation.Ojam} visible = true isAnimating = false TRANSITION = false PARENTS = false CHILDREN = false
03-02 11:32:42.228  1621  4427 D AS.BtHelper: isBluetoothScoOn() mBluetoothHeadset is null: falsemBluetoothHeadsetDevice is null: true
03-02 11:32:42.228  1621  4427 V AS.AudioDeviceBroker: requestedCommunicationDevice: null mAudioModeOwner: AudioModeInfo: mMode=MODE_NORMAL, mPid=0, mUid=0
03-02 11:32:42.229  1621  1635 D AS.BtHelper: isBluetoothScoOn() mBluetoothHeadset is null: falsemBluetoothHeadsetDevice is null: true
03-02 11:32:42.229  1621  1635 V AS.AudioDeviceBroker: requestedCommunicationDevice: null mAudioModeOwner: AudioModeInfo: mMode=MODE_NORMAL, mPid=0, mUid=0
03-02 11:32:42.234 13966 14007 I alwd    : (REDACTED) getRequiredCapabilities: Providing screen context, uiSource=%s
03-02 11:32:42.240  1999  2684 D TaskSnapshotCompatVV: getIsInvalidateFromTaskSnapshot, isInvalidate=false
03-02 11:32:42.241 13966 14007 I djzh    : (REDACTED) isAppDefaultAssistant setting: %s
03-02 11:32:42.241 13966 14007 I djzh    : (REDACTED) isAppDefaultAssistant defaultComponentName: %s
03-02 11:32:42.242  1999  2684 D TaskSnapshotCompatVV: getIsInvalidateFromTaskSnapshot, return, mTaskSnapshot=null, mTaskSnapshotClazz=null
03-02 11:32:42.247   921  1587 I BufferQueueDebug: [com.miui.home/com.miui.home.launcher.Launcher#134379](this:0xb400007bcecd3668,id:-1,api:0,p:-1,c:-1) BufferQueue core=(921:/system/bin/surfaceflinger)
03-02 11:32:42.250  1621  3051 D MiuiRefreshRatePolicy: reset
03-02 11:32:42.252 13966 14007 I djzh    : (REDACTED) isAppDefaultAssistant setting: %s
03-02 11:32:42.252 13966 14007 I djzh    : (REDACTED) isAppDefaultAssistant defaultComponentName: %s
03-02 11:32:42.252  1621  3051 I BLASTSyncEngine: SyncGroup 10180:  Unfinished container:ActivityRecord{9880759 u0 com.miui.home/.launcher.Launcher t2}
03-02 11:32:42.252  1621  3051 I BLASTSyncEngine: isActivitySyncFinished isSyncFinished false ActivityRecord{9880759 u0 com.miui.home/.launcher.Launcher t2}
03-02 11:32:42.253   921  1468 W EventThreadInspector: slow VSync-appSf on display(4627039422300187648) count=1, avg=38 ms, max=38 ms.
03-02 11:32:42.255  1621  3051 I WindowManager: Relayout Window{d85ca12 u0 com.miui.home/com.miui.home.launcher.Launcher}: oldVis=8 newVis=0 focusMayChange = true requestedWidth = 1080 requestedHeight = 2460 outFrames = ClientWindowFrames{frame=[0,0][1080,2460] display=[0,0][1080,2460] parentFrame=[0,0][0,0]} outSurfaceControl = Surface(name=com.miui.home/com.miui.home.launcher.Launcher#134379)/@0xd6c71e0
03-02 11:32:42.255  1621  1894 D GreezeManager:  report signal uid = 10337 pid = 23315is not frozen.
03-02 11:32:42.261 13966 14007 I djzh    : (REDACTED) isAppDefaultAssistant setting: %s
03-02 11:32:42.261 13966 14007 I djzh    : (REDACTED) isAppDefaultAssistant defaultComponentName: %s
03-02 11:32:42.263 13966 14007 I alhs    : CreateCalendarEventExecutor is not enabled.
03-02 11:32:42.263 13966 14007 I alil    : DeleteNoteExecutor is not enabled.
03-02 11:32:42.264 13966 14007 I aljv    : UpdateNoteExecutor is not enabled.
03-02 11:32:42.264 13966 14007 I aljv    : UpdateNoteExecutor is not enabled.
03-02 11:32:42.264  1141  7637 E IPCThreadState: Binder transaction failure. id: 355869075, BR_*: 29201, error: -1 (Operation not permitted)
03-02 11:32:42.264  1141  7637 W BpBinder: Large or Failed outgoing transaction of 108 bytes, interface descriptor , code 1
03-02 11:32:42.264  1159  1606 D ULogGuard: Monitoring: 18 threads, 0 requests, 0 time-bombs; 1 guards. ResetFlags = 0x7
03-02 11:32:42.265 13966 14007 I djzh    : (REDACTED) isAppDefaultAssistant setting: %s
03-02 11:32:42.266 13966 14007 I djzh    : (REDACTED) isAppDefaultAssistant defaultComponentName: %s
03-02 11:32:42.267  1999  1999 D BufferQueueConsumer: [](id:7cf0000057c,api:0,p:-1,c:1999) connect: controlledByApp=false
03-02 11:32:42.268 13966 14007 I aodf    : #getOobeStatus: OptedIn [CONTEXT ratelimit_period="10 SECONDS" skipped=8 ]
03-02 11:32:42.268  1999  1999 D BLASTBufferQueue: [VRI[Launcher]#1204](f:0,a:0) constructor()
03-02 11:32:42.268 13966 14007 I afze    : (REDACTED) #FCF: Managed profile check status : %s
03-02 11:32:42.269  1999  1999 D BLASTBufferQueue: [VRI[Launcher]#1204](f:0,a:0) update width=1080 height=2460 format=1 mTransformHint=0
03-02 11:32:42.285  1621  1651 I ActivityTaskManager: visible for Task{6f3448d #37044 type=standard A=10337:com.softnation.Ojam} visible = true isAnimating = false TRANSITION = false PARENTS = false CHILDREN = false
03-02 11:32:42.292  1621  1651 D WindowManager: Collecting in transition 10180: WallpaperWindowToken{d3319dd token=android.os.Binder@113b9b4} init visibleRequested:false
03-02 11:32:42.292  1621  1651 D WindowManager: Collecting in transition 10180: WallpaperWindowToken{d3319dd token=android.os.Binder@113b9b4} init visibleRequested:false
03-02 11:32:42.293  1621  1651 D WindowManager: Collecting in transition 10180: WallpaperWindowToken{2d6d85a token=android.os.Binder@8dfa005} init visibleRequested:false
03-02 11:32:42.293  1621  1651 D WindowManager: Collecting in transition 10180: WallpaperWindowToken{2d6d85a token=android.os.Binder@8dfa005} init visibleRequested:false
03-02 11:32:42.294  1621  1651 D MiuiRefreshRatePolicy: reset
03-02 11:32:42.304 13966  4712 D BLASTBufferQueue: [VRI[FloatyActivity]#13](f:0,a:1) acquireNextBufferLocked size=1080x2460 mFrameNumber=1 applyTransaction=true mTimestamp=612755851418983(auto) mPendingTransactions.size=0 graphicBufferId=59983513256020 transform=0
03-02 11:32:42.306 13966 13966 D VRI[FloatyActivity]: vri.reportDrawFinished
03-02 11:32:42.316  2061  2061 I MiuiWallpaper-MiuiKeyguardPictorialWallpaper: onVisibilityChanged, visible = true, ret=true
03-02 11:32:42.316  1621  1651 I BLASTSyncEngine: SyncGroup 10180:  Unfinished container:ActivityRecord{9880759 u0 com.miui.home/.launcher.Launcher t2}
03-02 11:32:42.316  1621  1651 I BLASTSyncEngine: isActivitySyncFinished isSyncFinished false ActivityRecord{9880759 u0 com.miui.home/.launcher.Launcher t2}
03-02 11:32:42.320  2061 12253 W HWUI    : Surface doesn't have any previously queued frames, nothing to readback from
03-02 11:32:42.321  1621  1651 D MiuiRefreshRatePolicy: reset
03-02 11:32:42.322  2061  2061 I MiuiWallpaper-ImageWallpaper: onVisibilityChanged, visible = true, ret=true
03-02 11:32:42.322  1621  1651 I BLASTSyncEngine: SyncGroup 10180:  Unfinished container:ActivityRecord{9880759 u0 com.miui.home/.launcher.Launcher t2}
03-02 11:32:42.322  1621  1651 I BLASTSyncEngine: isActivitySyncFinished isSyncFinished false ActivityRecord{9880759 u0 com.miui.home/.launcher.Launcher t2}
03-02 11:32:42.323  2061 12253 W HWUI    : Surface doesn't have any previously queued frames, nothing to readback from
03-02 11:32:42.325  1621  2665 D WindowManager: wms.finishDrawingLocked: mDrawState=COMMIT_DRAW_PENDING Window{6009493 u0 com.google.android.googlequicksearchbox/com.google.android.apps.search.assistant.surfaces.voice.robin.ui.floaty.activity.FloatyActivity} in Surface(name=com.google.android.googlequicksearchbox/com.google.android.apps.search.assistant.surfaces.voice.robin.ui.floaty.activity.FloatyActivity#134376)/@0x6ab40a
03-02 11:32:42.326  1621  1651 I WindowManager: wms.showSurfaceRobustly mWin:Window{92602d4 u0 com.miui.miwallpaper.wallpaperservice.ImageWallpaper}
03-02 11:32:42.327  1621  1651 I WindowManager: wms.showSurfaceRobustly mWin:Window{7986e4c u0 com.miui.miwallpaper.wallpaperservice.MiuiKeyguardPictorialWallpaper}
03-02 11:32:42.328  1621  1651 I ActivityTaskManager: visible for Task{6f3448d #37044 type=standard A=10337:com.softnation.Ojam} visible = true isAnimating = false TRANSITION = false PARENTS = false CHILDREN = false
03-02 11:32:42.334 13966 13966 I aoik    : Refreshing settings on activity start
03-02 11:32:42.337 13966  4112 I apaf    : (REDACTED) #TRIGGER_TYPE type is: %s
03-02 11:32:42.337 13966  4112 I apaf    : (REDACTED) #TRIGGER_TYPE islockscreen is: %s
03-02 11:32:42.346  1999  1999 D ColorFilter: button width = 110 , button height = 110
03-02 11:32:42.347  1205 26116 E mediaswcodec: unlinkToDeath: removed reference to death recipient but unlink failed: DEAD_OBJECT
03-02 11:32:42.348   894  4413 V AudioPolicyInterfaceImpl: releaseOutput()
03-02 11:32:42.348  1205  9214 D AidlBufferPool: bufferpool2 0xb400007362c7e8e8 : 3(13824 size) total buffers - 0(0 size) used buffers - 721/725 (recycle/alloc) - 5/725 (fetch/transfer)
03-02 11:32:42.348   894  4413 V audio_utils::mutex: mutex_impl: audio_mutex initialized: ret:0  order:6
03-02 11:32:42.348   921  1166 D SurfaceFlinger: [SF client] REMOVE (0xb400007caea43e70) for (23315:com.softnation.Ojam)
03-02 11:32:42.348   921  1166 D SurfaceFlinger: [SF client] REMOVE (0xb400007caea152e0) for (23315:com.softnation.Ojam)
03-02 11:32:42.348   921  1166 I SurfaceFlinger: onHandleDestroyed: name=Surface(name=5b2ee94 StatusBar#103)/@0xf6cf932 - animation-leash of insets_animation#134369, layerId=134369, parentId=0
03-02 11:32:42.348   921  1166 I SurfaceFlinger: onHandleDestroyed: name=Surface(name=77d8129 NavigationBar0#101614)/@0x3faba4f - animation-leash of insets_animation#134370, layerId=134370, parentId=0
03-02 11:32:42.349  1621  5056 I MediaFocusControl: AudioFocus  removeFocusStackEntryOnDeath(): removing entry for android.os.BinderProxy@6890a4
03-02 11:32:42.350  7123  7123 I adbd    : Remote process closed the socket (on MSG_PEEK)
03-02 11:32:42.352  1205 26116 D AidlBufferPool: Destruction - bufferpool2 0xb400007362c7e8e8 cached: 0/0M, 0/0% in use; allocs: 725, 99% recycled; transfers: 725, 99% unfetched
03-02 11:32:42.353  1205 26116 E mediaswcodec: unlinkToDeath: removed reference to death recipient but unlink failed: DEAD_OBJECT
03-02 11:32:42.353 13966 14009 W aign    : #bnb# Bonobo client flag is not enabled
03-02 11:32:42.353 13966 14009 W aign    : #bnb# Permission status: Not eligible for Bonobo
03-02 11:32:42.354  1621  2986 I ImeTracker: com.softnation.Ojam:bcefb5c5: onRequestHide at ORIGIN_SERVER reason HIDE_REMOVE_CLIENT fromUser false
03-02 11:32:42.354  1621  4426 I MediaSessionStack: removeSession | record: com.softnation.Ojam/androidx.media3.session.id./92 (userId=0)
03-02 11:32:42.354  1621  4426 D MediaSessionService: Media button session is changed to null
03-02 11:32:42.354 13966 14009 I allc    : ClockLookupExecutor is not enabled.
03-02 11:32:42.355   894  4413 D audioserver: logFgsApiEnd: FGS Logger Transaction failed, -129
03-02 11:32:42.355   894  1284 V AudioPolicyInterfaceImpl: doReleaseOutput from tid 1284
03-02 11:32:42.355   894  1284 D APM_AudioPolicyManager: releaseOutput() output 21, stream 3, session 57761 [uid=10337]
03-02 11:32:42.355  1621  1651 D MiuiRefreshRatePolicy: reset
03-02 11:32:42.355  1621  4426 D MediaSessionService: destroySessionLocked: record=com.softnation.Ojam/androidx.media3.session.id./92 (userId=0)
03-02 11:32:42.357  1621  1651 I BLASTSyncEngine: SyncGroup 10180:  Unfinished container:ActivityRecord{9880759 u0 com.miui.home/.launcher.Launcher t2}
03-02 11:32:42.357  1621  1651 I BLASTSyncEngine: isActivitySyncFinished isSyncFinished false ActivityRecord{9880759 u0 com.miui.home/.launcher.Launcher t2}
03-02 11:32:42.357 18562 18562 V MediaPlayerList: onActiveSessionsChanged: number of controllers: 0
03-02 11:32:42.357 18562 18562 I PlayerSettingsManager: getPlayerRepeatMode: no active player
03-02 11:32:42.358 18562 18562 I PlayerSettingsManager: getPlayerShuffleMode: no active player
03-02 11:32:42.358 18562 18562 I PlayerSettingsManager: updateRemoteDevice: STATE_REPEAT_OFF, STATE_SHUFFLE_OFF
03-02 11:32:42.358 18562 18562 I bluetooth: avrcp_service.cc:685 SendPlayerSettingsChanged: 
03-02 11:32:42.358 18562 18562 I bluetooth: avrcp_service.cc:699 SendPlayerSettingsChanged: attribute=PlayerAttribute::REPEAT : value=PlayerRepeatValue::OFF
03-02 11:32:42.358 18562 18562 I bluetooth: attribute=PlayerAttribute::SHUFFLE : value=PlayerShuffleValue::OFF
03-02 11:32:42.359  6515 20776 D MirrorManager:  sendAcceptInput 0 0
03-02 11:32:42.359  1621  1676 D SsruManagerImpl: MiSsru Sensor not init!!!!
03-02 11:32:42.360  1124 16496 E mediaserver: unlinkToDeath: removed reference to death recipient but unlink failed: DEAD_OBJECT
03-02 11:32:42.360  1124 16496 E IPCThreadState: attemptIncStrongHandle(14): Not supported
03-02 11:32:42.361  1621  2986 I ImeTracker: com.softnation.Ojam:bcefb5c5: onCancelled at PHASE_SERVER_SHOULD_HIDE
03-02 11:32:42.362  1621  1668 I libprocessgroup: Removed cgroup /sys/fs/cgroup/uid_10337/pid_23315
03-02 11:32:42.362  1621  1651 D MiuiRefreshRatePolicy: reset
03-02 11:32:42.362  1205 26116 D AidlBufferPool: bufferpool2 0xb400007362c76e58 : 0(0 size) total buffers - 0(0 size) used buffers - 0/0 (recycle/alloc) - 0/0 (fetch/transfer)
03-02 11:32:42.363  2363 19600 I ActiveSessionRecord_export-api: onSessionDestroyed
03-02 11:32:42.363  2363 19600 I ActiveAudioSessionManager_export-api: controllerSize:0
03-02 11:32:42.363  1999  1999 D ColorFilter: button width = 135 , button height = 110
03-02 11:32:42.364  1999  1999 D ColorFilter: button width = 135 , button height = 110
03-02 11:32:42.364  1999  1999 D ColorFilter: button width = 135 , button height = 110
03-02 11:32:42.364  1999  1999 D ColorFilter: button width = 135 , button height = 110
03-02 11:32:42.364  1999  1999 D ColorFilter: button width = 135 , button height = 110
03-02 11:32:42.364  1999  1999 D ColorFilter: button width = 135 , button height = 110
03-02 11:32:42.366  1621  1856 D ConnectivityService: releasing NetworkRequest [ REQUEST id=242612, [ Capabilities: INTERNET&NOT_RESTRICTED&TRUSTED&NOT_VCN_MANAGED&NOT_BANDWIDTH_CONSTRAINED Uid: 10337 RequestorUid: 10337 RequestorPkg: com.softnation.Ojam UnderlyingNetworks: Null] ] (release request)
03-02 11:32:42.366  1621  1651 I BLASTSyncEngine: SyncGroup 10180:  Unfinished container:ActivityRecord{9880759 u0 com.miui.home/.launcher.Launcher t2}
03-02 11:32:42.366  1621  1651 I BLASTSyncEngine: isActivitySyncFinished isSyncFinished false ActivityRecord{9880759 u0 com.miui.home/.launcher.Launcher t2}
03-02 11:32:42.367  2363  3215 I ActiveAudioSessionManager_export-api: controllerSize:0
03-02 11:32:42.367   921   921 I BufferQueueProducer: [NavigationBar0#101619](this:0xb400007bced454e8,id:-1,api:0,p:-1,c:921) queueBuffer: fps=0.37 dur=76628.19 max=76178.82 min=16.33
03-02 11:32:42.367  1621  1651 I ActivityTaskManager: visible for Task{6f3448d #37044 type=standard A=10337:com.softnation.Ojam} visible = true isAnimating = false TRANSITION = false PARENTS = false CHILDREN = false
03-02 11:32:42.368   835   835 I Zygote  : Process 23315 exited due to signal 9 (Killed)
03-02 11:32:42.368 13966 13966 I aznq    : (REDACTED) responseState: %s
03-02 11:32:42.368   921   921 I BufferQueueDebug: [Surface(name=77d8129 NavigationBar0#101614)/@0x3faba4f - animation-leash of insets_animation#134370](this:0xb400007bcecb6ec8,id:-1,api:0,p:-1,c:921) onDestructor()
03-02 11:32:42.368   921   921 I BufferQueueDebug: [Surface(name=5b2ee94 StatusBar#103)/@0xf6cf932 - animation-leash of insets_animation#134369](this:0xb400007bcecc8028,id:-1,api:0,p:-1,c:921) onDestructor()
03-02 11:32:42.369 13966 13966 I alzl    : (REDACTED) User SuwTosStatus: %s
03-02 11:32:42.369  1205 26116 D AidlBufferPool: Destruction - bufferpool2 0xb400007362c76e58 cached: 0/0M, 0/0% in use; allocs: 0, 0% recycled; transfers: 0, 0% unfetched
03-02 11:32:42.369 13966 13966 I alzl    : (REDACTED) shouldSkipBannerForRowSuw: %s
03-02 11:32:42.369  1205 26116 E IPCThreadState: attemptIncStrongHandle(5): Not supported
03-02 11:32:42.370 13966 13966 I amaf    : Samsung fast track experience disabled (not Samsung device).
03-02 11:32:42.370 13966 13966 I alzl    : Fast track banner was already dismissed.
03-02 11:32:42.370 18562 18562 W AudioMediaPlayerWrapper: The session was destroyed com.softnation.Ojam
03-02 11:32:42.370 18562 18562 D MediaPlayerList: sessionUpdatedCallback(): packageName: com.softnation.Ojam
03-02 11:32:42.370 13966 13966 I asio    : (REDACTED) updateIsFastTrackBannerVisible - isFastTrackBannerVisible : %s
03-02 11:32:42.370 13966 13966 I Ma-Robin-ScreenContextViewModel: (REDACTED) screenContextAttachmentState: %s
03-02 11:32:42.371  1621  1856 D ConnectivityService: releasing NetworkRequest [ REQUEST id=242633, [ Capabilities: INTERNET&NOT_RESTRICTED&TRUSTED&NOT_VCN_MANAGED&NOT_BANDWIDTH_CONSTRAINED Uid: 10337 RequestorUid: 10337 RequestorPkg: com.softnation.Ojam UnderlyingNetworks: Null] ] (release request)
03-02 11:32:42.371 18562 18562 D MediaPlayerList: sendMediaUpdate
03-02 11:32:42.371 18562 18562 D MediaPlayerList: sendMediaUpdate state=null
03-02 11:32:42.371 18562 18562 D AvrcpTargetService: onMediaUpdated: track_changed=true state=true queue=true
03-02 11:32:42.371 18562 18562 D AvrcpNativeInterface: sendMediaUpdate: metadata=true playStatus=true queue=true
03-02 11:32:42.371 18562 18562 I bluetooth: avrcp_service.cc:648 SendMediaUpdate: track_changed=true :  play_state=true :  queue=true
03-02 11:32:42.371 18562 18562 I MediaPlayerList: Removing media player com.softnation.Ojam
03-02 11:32:42.371 18562 18562 I AudioMediaPlayerWrapper: clean up
03-02 11:32:42.371 18562 18562 I MediaPlayerList: Recycle player ID.
03-02 11:32:42.371 13966 13966 I Ma-Robin-ScreenContextViewModel: (REDACTED) buttonVisibilityStatus: %s
03-02 11:32:42.372  1999  1999 D VRI[Launcher]: vri.reportNextDraw android.view.ViewRootImpl.performTraversals:4984 android.view.ViewRootImpl.doTraversal:3564 android.view.ViewRootImpl$TraversalRunnable.run:11781 android.view.Choreographer$CallbackRecord.run:1804 android.view.Choreographer$CallbackRecord.run:1813 
03-02 11:32:42.373  1999  1999 D VRI[Launcher]: Setup new sync=wmsSync-VRI[Launcher]#34
03-02 11:32:42.374  1621  4764 I WindowManager: WIN DEATH: Window{467132f u0 com.softnation.Ojam/com.softnation.Ojam.MainActivity}
03-02 11:32:42.374 18562 18562 V MediaPlayerList: onActiveSessionsChanged: number of controllers: 0
03-02 11:32:42.374 18562 18562 I PlayerSettingsManager: getPlayerRepeatMode: no active player
03-02 11:32:42.374 18562 18562 I PlayerSettingsManager: getPlayerShuffleMode: no active player
03-02 11:32:42.374 18562 18562 I PlayerSettingsManager: updateRemoteDevice: STATE_REPEAT_OFF, STATE_SHUFFLE_OFF
03-02 11:32:42.374 18562 18562 I bluetooth: avrcp_service.cc:685 SendPlayerSettingsChanged: 
03-02 11:32:42.374 18562 18562 I bluetooth: avrcp_service.cc:699 SendPlayerSettingsChanged: attribute=PlayerAttribute::REPEAT : value=PlayerRepeatValue::OFF
03-02 11:32:42.374 18562 18562 I bluetooth: attribute=PlayerAttribute::SHUFFLE : value=PlayerShuffleValue::OFF
03-02 11:32:42.375 13966 14009 I afwc    : (REDACTED) FCF System FeatureName to check: %s
03-02 11:32:42.375 13966 14009 I afwc    : (REDACTED) FCF: Device model check status : %s
03-02 11:32:42.376 13966 14009 I alwd    : (REDACTED) getRequiredCapabilities: Providing screen context, uiSource=%s
03-02 11:32:42.376  1621  4764 W InputManager-JNI: Input channel object '467132f com.softnation.Ojam/com.softnation.Ojam.MainActivity (client)' was disposed without first being removed with the input manager!
03-02 11:32:42.378   921  1500 I BufferQueueDebug: [Surface(name=467132f com.softnation.Ojam/com.softnation.Ojam.MainActivity#134368)/@0x56b3ac5 - animation-leash of window_animation#134380](this:0xb400007bcecdeca8,id:-1,api:0,p:-1,c:-1) BufferQueue core=(921:/system/bin/surfaceflinger)
03-02 11:32:42.379  1999  1999 D DragContainerLayout: dispatch draw with clip rect: null
03-02 11:32:42.385  2363  3215 I ActiveAudioSessionManager_export-api: dispatchTopActiveSessionChangeCallbackLocked, size:1
03-02 11:32:42.385  2363  3215 I ActiveAudioSessionManager_export-api: stopPositionCallbackTask
03-02 11:32:42.386  2363  3215 I ActiveAudioSessionManager_export-api: dispatchSessionsExistsChangeCallbackLocked :false
03-02 11:32:42.386  2363  3215 I ActiveAudioSessionManager_export-api: controllerSize:0
03-02 11:32:42.386  2363  3215 I ActiveAudioSessionManager_export-api: stopPositionCallbackTask
03-02 11:32:42.386  2363  3215 I ActiveAudioSessionManager_export-api: dispatchSessionsExistsChangeCallbackLocked :false
03-02 11:32:42.389 13966 14009 I djzh    : (REDACTED) isAppDefaultAssistant setting: %s
03-02 11:32:42.389 13966 14009 I djzh    : (REDACTED) isAppDefaultAssistant defaultComponentName: %s
03-02 11:32:42.390  1621  4764 D MiuiRefreshRatePolicy: reset
03-02 11:32:42.391 13966 13966 I aydv    : (REDACTED) setDisclaimerVisibility: %s
03-02 11:32:42.393  1621  4764 I BLASTSyncEngine: SyncGroup 10180:  Unfinished container:ActivityRecord{9880759 u0 com.miui.home/.launcher.Launcher t2}
03-02 11:32:42.394  2363 19600 I ActiveAudioSessionManager_export-api: dispatchTopActiveSessionChangeCallbackLocked, size:1
03-02 11:32:42.394  2363 19600 I GlobalMiPlayAudioManager: onActiveAudioSessionChange activeSession is null
03-02 11:32:42.394  2363 19600 D MiCastSDKImpl: setPlaybackState state -999
03-02 11:32:42.394  2363 19600 I GlobalMiPlayAudioManager: dispatchCallback, what, 1
03-02 11:32:42.395  2363 19600 I ActiveAudioSessionManager_export-api: stopPositionCallbackTask
03-02 11:32:42.395  2363 19600 I ActiveAudioSessionManager_export-api: dispatchSessionsExistsChangeCallbackLocked :false
03-02 11:32:42.395  2363 19600 I MiPlayServiceAdapter: markSessionKilled
03-02 11:32:42.396  2363 19600 I ActiveAudioSessionManager_export-api: controllerSize:0
03-02 11:32:42.397  2363 19600 I ActiveAudioSessionManager_export-api: stopPositionCallbackTask
03-02 11:32:42.397  2363 19600 I ActiveAudioSessionManager_export-api: dispatchSessionsExistsChangeCallbackLocked :false
03-02 11:32:42.397  2363 19600 I MiPlayServiceAdapter: markSessionKilled
03-02 11:32:42.397 19603 19603 W MultiDeviceManager: setPlaybackState state -999
03-02 11:32:42.397 19603 19603 I CastDeviceManager: setPlaybackState: state -999
03-02 11:32:42.398  2363  2363 D MiPlayDetailViewModel: onActiveAudioSessionChange(): audioSessionList?.size =0
03-02 11:32:42.398  2363  2363 D MiPlayController: miplay service state invalid = 0
03-02 11:32:42.398  2363  2363 D MiPlayDetailViewModel: isMiuiMusic:false null,releaseVersion:1
03-02 11:32:42.398  2363  2363 D MiPlayDetailViewModel: updateAudioSession true
03-02 11:32:42.399  1999  2551 D BLASTBufferQueue: [VRI[Launcher]#1204](f:0,a:1) acquireNextBufferLocked size=1080x2460 mFrameNumber=1 applyTransaction=true mTimestamp=612755947264137(auto) mPendingTransactions.size=0 graphicBufferId=8585639639163 transform=0
03-02 11:32:42.400 19603 19603 W CastDeviceManager: setPlaybackState: castSession is null return
03-02 11:32:42.401  1999  1999 D VRI[Launcher]: vri.reportDrawFinished
03-02 11:32:42.405  1999  1999 D RecentsImpl: mActivityStateObserver com.google.android.apps.search.assistant.surfaces.voice.robin.ui.floaty.activity.FloatyActivity
03-02 11:32:42.406  1999  1999 W RecentsImpl: onResumed className=com.google.android.apps.search.assistant.surfaces.voice.robin.ui.floaty.activity.FloatyActivity   forceUpdate=false   mIsInAnotherPro=false   isKeyguardLocked=false   mIsStatusBarExpansion=false   mSecuritySpaceGuideShown=false
03-02 11:32:42.407  1999 17839 I Launcher.ApplicationsMessage: onReceive true
03-02 11:32:42.407  1999 17839 I Launcher.ApplicationsMessage: update com.softnation.Ojam/ to null
03-02 11:32:42.409  1999  1999 D ShortcutIcon: setMessage textnull
03-02 11:32:42.410 13966  4809 V ClearcutMetricXmitter: Transmission is done.
03-02 11:32:42.410  1999  1999 D LauncherClient.Service: service already connected:com.mi.globalminusscreen
03-02 11:32:42.420  1621  4764 I BLASTSyncEngine: isActivitySyncFinished isSyncFinished false ActivityRecord{9880759 u0 com.miui.home/.launcher.Launcher t2}
03-02 11:32:42.431  1621  4764 I WindowManager: WIN DEATH: Window{b10aef8 u0 com.softnation.Ojam/com.softnation.Ojam.MainActivity}
03-02 11:32:42.432  1621  4764 W InputManager-JNI: Input channel object 'b10aef8 com.softnation.Ojam/com.softnation.Ojam.MainActivity (client)' was disposed without first being removed with the input manager!
03-02 11:32:42.432 13966 13966 D WM-SystemJobService: onStartJob for WorkGenerationalId(workSpecId=4e13008e-efe0-4084-9078-c3892c33f025, generation=3132)
03-02 11:32:42.438  1621  4764 D MiuiRefreshRatePolicy: reset
03-02 11:32:42.438 13966 14009 I djzh    : (REDACTED) isAppDefaultAssistant setting: %s
03-02 11:32:42.438 13966 14009 I djzh    : (REDACTED) isAppDefaultAssistant defaultComponentName: %s
03-02 11:32:42.443 13966 14009 I djzh    : (REDACTED) isAppDefaultAssistant setting: %s
03-02 11:32:42.443 13966 14009 I djzh    : (REDACTED) isAppDefaultAssistant defaultComponentName: %s
03-02 11:32:42.445  1621  4764 I BLASTSyncEngine: SyncGroup 10180:  Unfinished container:ActivityRecord{9880759 u0 com.miui.home/.launcher.Launcher t2}
03-02 11:32:42.445  1621  4764 I BLASTSyncEngine: isActivitySyncFinished isSyncFinished false ActivityRecord{9880759 u0 com.miui.home/.launcher.Launcher t2}
03-02 11:32:42.445 13966 14009 I alhs    : CreateCalendarEventExecutor is not enabled.
03-02 11:32:42.445 13966 14009 I alil    : DeleteNoteExecutor is not enabled.
03-02 11:32:42.445 13966 14009 I aljv    : UpdateNoteExecutor is not enabled.
03-02 11:32:42.446 13966 14009 I aljv    : UpdateNoteExecutor is not enabled.
03-02 11:32:42.447 13966 14142 I djzh    : (REDACTED) isAppDefaultAssistant setting: %s
03-02 11:32:42.447 13966 13966 I arvn    : Keyboard hidden. Hiding extension suggestions.
03-02 11:32:42.447 13966 14142 I djzh    : (REDACTED) isAppDefaultAssistant defaultComponentName: %s
03-02 11:32:42.448  1621  1650 W ActivityManager: setHasOverlayUi called on unknown pid: 23315
03-02 11:32:42.449 13966 13966 I alzl    : (REDACTED) User SuwTosStatus: %s
03-02 11:32:42.449 13966 13966 I alzl    : (REDACTED) shouldSkipBannerForRowSuw: %s
03-02 11:32:42.449 13966 13966 I amaf    : Samsung fast track experience disabled (not Samsung device).
03-02 11:32:42.449 13966 13966 I alzl    : Fast track banner was already dismissed.
03-02 11:32:42.449 13966 13966 I alzl    : (REDACTED) User SuwTosStatus: %s
03-02 11:32:42.449 13966 13966 I alzl    : (REDACTED) shouldSkipBannerForRowSuw: %s
03-02 11:32:42.449 13966 13966 I amaf    : Samsung fast track experience disabled (not Samsung device).
03-02 11:32:42.449 13966 13966 I alzl    : Fast track banner was already dismissed.
03-02 11:32:42.450  1621  1651 I ActivityTaskManager: visible for Task{6f3448d #37044 type=standard A=10337:com.softnation.Ojam} visible = true isAnimating = true TRANSITION = false PARENTS = false CHILDREN = true
03-02 11:32:42.451 13966 14142 I afze    : (REDACTED) #FCF: Managed profile check status : %s
03-02 11:32:42.456  1621  2197 D WindowManager: wms.finishDrawingLocked: mDrawState=COMMIT_DRAW_PENDING Window{d85ca12 u0 com.miui.home/com.miui.home.launcher.Launcher} in Surface(name=com.miui.home/com.miui.home.launcher.Launcher#134379)/@0xfa933e3
03-02 11:32:42.457  1621  1651 D MiuiRefreshRatePolicy: reset
03-02 11:32:42.458 13966 13999 D WM-Processor: ocn: processing WorkGenerationalId(workSpecId=4e13008e-efe0-4084-9078-c3892c33f025, generation=3132)
03-02 11:32:42.460  1621  1651 I SmartPower: com.miui.home/10166(1999): background->visible(249ms) R(become visible) adj=100.
03-02 11:32:42.463  1621  1651 I WindowManager: wms.showSurfaceRobustly mWin:Window{67c25e3 u0 LauncherMinusOneScreen}
03-02 11:32:42.464  1621  1651 I WindowManager: wms.showSurfaceRobustly mWin:Window{ff9cdea u0 LauncherOverlayWindow:com.mi.globalminusscreen}
03-02 11:32:42.464  1621  1651 I WindowManager: wms.showSurfaceRobustly mWin:Window{d85ca12 u0 com.miui.home/com.miui.home.launcher.Launcher}
03-02 11:32:42.465  1621  1651 I SmartPower: com.google.android.googlequicksearchbox:search/10165(13966): invisible->visible(392ms) R(become visible) adj=0.
03-02 11:32:42.468  1621  1922 I SmartPower: com.google.android.gms/10147(8942): idle->background(325808ms) R(add to whitelist) adj=250.
03-02 11:32:42.469  1621  1651 I WindowManager: wms.showSurfaceRobustly mWin:Window{6009493 u0 com.google.android.googlequicksearchbox/com.google.android.apps.search.assistant.surfaces.voice.robin.ui.floaty.activity.FloatyActivity}
03-02 11:32:42.472   863   958 I mtkpower@impl: [powerd_req] TIMER_MSG_PERF_LOCK_TIMEOUT hdl:368253
03-02 11:32:42.472   863   958 I libPowerHal: [perfLockRel] hdl:368253, idx:1
03-02 11:32:42.472   863   958 I libPowerHal: [unsetGPUFreq] current min:0, max:0; scn_gpu_min:0, scn_gpu_max:-1; scn_gpu_min(HL):-1, scn_gpu_max(HL):-1
03-02 11:32:42.472   863   958 I libPowerHal: system_server: set gpu opp level: 31
03-02 11:32:42.473   863   958 I libPowerHal: system_server: set gpu opp level max: 0
03-02 11:32:42.473   863   958 I libPowerHal: [setGPUFreq] Soft min/max = (31, 0); Hard min/max = (31, 0)
03-02 11:32:42.473   863   958 I libPowerHal: [setGPUFreq] final min/max = (31, 0)
03-02 11:32:42.473   863   958 I libPowerHal: system_server: set gpu opp level: 31
03-02 11:32:42.473   863   958 I libPowerHal: system_server: set gpu opp level max: 0
03-02 11:32:42.473   863   958 I libPowerHal: [PD] system_server update cmd:400200 param:-1 pr:6
03-02 11:32:42.474   863   958 I libPowerHal: [recordCPUFreqInfo] set cluster[0] min(system_server): 1800000 max(-1): -1 cluster[1] min(system_server): 2000000 max(-1): -1
03-02 11:32:42.474   863   958 I libPowerHal: [perfLockRel] Done for hdl : 368253
03-02 11:32:42.475  1621  1651 D WindowManager: Final targets: [Task{ba1f32f #37027 type=standard I=com.google.android.googlequicksearchbox/com.google.android.apps.search.assistant.surfaces.voice.robin.ui.floaty.activity.FloatyActivity}, Task{6f3448d #37044 type=standard A=10337:com.softnation.Ojam}, Task{d151cdd #1 type=home}, WallpaperWindowToken{2d6d85a token=android.os.Binder@8dfa005}, WallpaperWindowToken{d3319dd token=android.os.Binder@113b9b4}]
03-02 11:32:42.475   921  2359 I BufferQueueDebug: [Transition Root #10180: Task=37027#134381](this:0xb400007bceca8af8,id:-1,api:0,p:-1,c:-1) BufferQueue core=(921:/system/bin/surfaceflinger)
03-02 11:32:42.485 13966 13966 D WM-WorkerWrapper: Starting work for androidx.work.multiprocess.RemoteListenableDelegatingWorker
03-02 11:32:42.488 13966 13966 D WM-ListenableWorkerImpl: Binding to com.google.android.googlequicksearchbox, com.google.android.libraries.search.integrations.tiktok.RemoteWorkerService_search
03-02 11:32:42.498  2363  2477 I MultiTaskingTaskRepository: needSkip: is home task
03-02 11:32:42.498  2363  2477 W MultiTaskingTaskRepository: putOrUpdateTaskInfo skip
03-02 11:32:42.498  2363  2477 I MultiTaskingTaskRepository: needSkip: is home task
03-02 11:32:42.498  2363  2477 W MultiTaskingTaskRepository: onToBackTransitionReady putOrUpdateTaskInfo skip
03-02 11:32:42.499  2363  2477 D MultiTaskingTaskRepository: addOrMoveFullscreenTaskToTop taskId=37027
03-02 11:32:42.499  2363  2477 I ShellTransitions: Is abandon offsetY: false
03-02 11:32:42.499  2363  2477 I ShellTransitions: Is abandon offsetY: false
03-02 11:32:42.499  2363  2477 I ShellTransitions: Is abandon offsetY: false
03-02 11:32:42.500  2363  2477 I ShellTransitions: Is abandon offsetY: false
03-02 11:32:42.500  2363  2477 I ShellTransitions: Is abandon offsetY: false
03-02 11:32:42.500  2363  2477 E KeyguardTransitionHandlerImpl: activityCount = 0
03-02 11:32:42.500  2363  2477 E KeyguardTransitionHandlerImpl: activityCount = 0
03-02 11:32:42.501  2363  2477 D MiuiFreeformModeAnimation: startAnimation change: {WCT{android.window.IWindowContainerToken$Stub$Proxy@e62f8bc} m=TO_FRONT f=TRANSLUCENT|MOVE_TO_TOP leash=Surface(name=Task=37027#133407)/@0x9d61e42 sb=Rect(0, 0 - 1080, 2460) eb=Rect(0, 0 - 1080, 2460) d=0 taskParent=-1} info.getType(): 2
03-02 11:32:42.501  2363  2477 D MiuiFreeformModeAnimation: startAnimation change: {WCT{android.window.IWindowContainerToken$Stub$Proxy@5556045} m=CLOSE f=NONE leash=Surface(name=Task=37044#134288)/@0x66f2e53 sb=Rect(0, 0 - 1080, 2460) eb=Rect(0, 0 - 1080, 2460) d=0 taskParent=-1} info.getType(): 2
03-02 11:32:42.501  2363  2477 D MiuiFreeformModeAnimation: startAnimation change: {WCT{android.window.IWindowContainerToken$Stub$Proxy@30d339a} m=TO_FRONT f=SHOW_WALLPAPER leash=Surface(name=Task=1#47)/@0x4a63390 sb=Rect(0, 0 - 1080, 2460) eb=Rect(0, 0 - 1080, 2460) d=0 taskParent=-1} info.getType(): 2
03-02 11:32:42.501  2363  2477 D MiuiFreeformModeAnimation: startAnimation change: {null m=TO_FRONT f=IS_WALLPAPER leash=Surface(name=WallpaperWindowToken{2d6d85a token=android.os.Binder@8dfa005}#66)/@0xfda0489 sb=Rect(0, 0 - 1080, 2460) eb=Rect(0, 0 - 1080, 2460) d=0} info.getType(): 2
03-02 11:32:42.501  2363  2477 D MiuiFreeformModeAnimation: startAnimation change: {null m=TO_FRONT f=IS_WALLPAPER|IS_OCCLUDED leash=Surface(name=WallpaperWindowToken{d3319dd token=android.os.Binder@113b9b4}#64)/@0x82bdc8e sb=Rect(0, 0 - 1080, 2460) eb=Rect(0, 0 - 1080, 2460) d=0} info.getType(): 2
03-02 11:32:42.501  2363  2477 D SoScStageCoordinator: inCloseTransition:false pairsStartedWithCloseTransition:false isRequestCloseTriggerTask:false inSingleSoScState:false inSoScUnactivie:true closeStage:null
03-02 11:32:42.504  2363  2477 D TransitionAnimationHelper:  load default animation  type = 2 enter = true animAttr = 16 isTask = true translucent = false
03-02 11:32:42.507  2363  2477 D TransitionAnimationHelper:  load default animation  type = 2 enter = false animAttr = 17 isTask = true translucent = false
03-02 11:32:42.508  1621  1651 D WindowManager: snapshot isNothing = false source = Task{6f3448d #37044 type=standard A=10337:com.softnation.Ojam}
03-02 11:32:42.510  2363  2477 D TransitionAnimationHelper:  load default animation  type = 2 enter = true animAttr = 16 isTask = true translucent = false
03-02 11:32:42.512  1621  1651 D MiuiRefreshRatePolicy: reset
03-02 11:32:42.516  2363  2477 I MultiTaskingTaskRepository: needSkip: is home task
03-02 11:32:42.516  1999  1817 D EventBus: No subscribers registered for event class com.miui.home.recents.messages.RecentTasksChangedEvent
03-02 11:32:42.516  2363  2477 D MiuiFreeformModeController: onFocusTaskChanged taskInfo: TaskInfo{userId=0 taskId=1 displayId=0 isRunning=true baseIntent=Intent { act=android.intent.action.MAIN cat=[android.intent.category.HOME] flg=0x10000100 cmp=com.miui.home/.launcher.Launcher } baseActivity=ComponentInfo{com.miui.home/com.miui.home.launcher.Launcher} topActivity=ComponentInfo{com.miui.home/com.miui.home.launcher.Launcher} origActivity=null realActivity=null numActivities=1 lastActiveTime=42083 supportsSplitScreenMultiWindow=true supportsMultiWindow=true resizeMode=2 isResizeable=true minWidth=-1 minHeight=-1 defaultMinSize=200 token=WCT{android.window.IWindowContainerToken$Stub$Proxy@3b69bf2} topActivityType=2 pictureInPictureParams=null shouldDockBigOverlays=false launchIntoPipHostTaskId=-1 lastParentTaskIdBeforePip=-1 displayCutoutSafeInsets=null topActivityInfo=ActivityInfo{7705243 com.miui.home.launcher.Launcher} launchCookies=[] positionInParent=Point(0, 0) parentTaskId=-1 isFocused=false isVisible=true isVisibleRequested=true isSleeping=false locusId=null displayAreaFeatureId=1 isTopActivityTransparent=false appCompatTaskInfo=AppCompatTaskInfo { topActivityInSizeCompat=false topActivityEligibleForLetterboxEducation= falseisLetterboxEducationEnabled= false isLetterboxDoubleTapEnabled= false topActivityEligibleForUserAspectRatioButton= false topActivityBoundsLetterboxed= false isFromLetterboxDoubleTap= false topActivityLetterboxVerticalPosition= -1 topActivityLetterboxHorizontalPosition= -1 topActivityLetterboxWidth=1080 topActivityLetterboxHeight=2460 isUserFullscreenOverrideEnabled=false isSystemFullscreenOverrideEnabled=false cameraCompatTaskInfo=CameraCompatTaskInfo { cameraCompatControlState=hidden freeformCameraCompatMode=inactive}} isImmersive=false mTopActivityRequestOrientation=-2 mBehindAppLockPkg=null mOriginatingUid=0 isEmbedded=false shouldBeVisible=true mIsCastMode=false mTopActivityMediaSize=null mTopActivityRecordName=ActivityRecord{9880759 u0 com.miui.home/.launcher.Launcher t2} mTopActivityOrientation=1}
03-02 11:32:42.516  1999  1817 D EventBus: No subscribers registered for event class org.greenrobot.eventbus.NoSubscriberEvent
03-02 11:32:42.517  2363  2477 D MultiTaskingTaskRepository: addOrMoveFullscreenTaskToTop taskId=37027
03-02 11:32:42.517  2363  2477 D MiuiFreeformModeCornerTipHandler: task#37027 onTaskVanished
03-02 11:32:42.517  2363  2477 I MiuiBubbleController: removeBubble: 37027 reason=2
03-02 11:32:42.517  2363  2477 I MultiTaskingTaskRepository: onTaskInfoChanged multi list = [5, 4], full = [37027, 37044, 37019, 36980]
03-02 11:32:42.517  1999  2684 D RecentsModel: onTaskStackChangedBackground    MSG_TASK_STACK_CHANGE
03-02 11:32:42.517  1999  2684 D RecentsModel: boostTaskStackChangedThread, don't boost
03-02 11:32:42.517  1999  1817 D EventBus: No subscribers registered for event class com.miui.home.recents.messages.RecentTasksChangedEvent
03-02 11:32:42.517   921  1170 I BufferQueueDebug: [b724b3 ActivityRecordInputSink com.miui.home/.launcher.Launcher#134382](this:0xb400007bcecc8028,id:-1,api:0,p:-1,c:-1) BufferQueue core=(921:/system/bin/surfaceflinger)
03-02 11:32:42.518  2363  2477 D MiuiFreeformModeController: onFocusTaskChanged taskInfo: TaskInfo{userId=0 taskId=37027 displayId=0 isRunning=true baseIntent=Intent { flg=0x14850000 pkg=com.google.android.googlequicksearchbox cmp=com.google.android.googlequicksearchbox/com.google.android.apps.search.assistant.surfaces.voice.robin.ui.floaty.activity.FloatyActivity } baseActivity=ComponentInfo{com.google.android.googlequicksearchbox/com.google.android.apps.search.assistant.surfaces.voice.robin.ui.floaty.activity.FloatyActivity} topActivity=ComponentInfo{com.google.android.googlequicksearchbox/com.google.android.apps.search.assistant.surfaces.voice.robin.ui.floaty.activity.FloatyActivity} origActivity=null realActivity=ComponentInfo{com.google.android.googlequicksearchbox/com.google.android.apps.search.assistant.surfaces.voice.robin.ui.floaty.activity.FloatyActivity} numActivities=1 lastActiveTime=1030521488 supportsSplitScreenMultiWindow=true supportsMultiWindow=true resizeMode=2 isResizeable=true minWidth=-1 minHeight=-1 defaultMinSize=200 token=WCT{android.window.IWindowContainerToken$Stub$Proxy@6b5a0c0} topActivityType=1 pictureInPictureParams=null shouldDockBigOverlays=false launchIntoPipHostTaskId=-1 lastParentTaskIdBeforePip=-1 displayCutoutSafeInsets=null topActivityInfo=ActivityInfo{6d021f9 com.google.android.apps.search.assistant.surfaces.voice.robin.ui.floaty.activity.FloatyActivity} launchCookies=[] positionInParent=Point(0, 0) parentTaskId=-1 isFocused=true isVisible=true isVisibleRequested=true isSleeping=false locusId=null displayAreaFeatureId=1 isTopActivityTransparent=true appCompatTaskInfo=AppCompatTaskInfo { topActivityInSizeCompat=false topActivityEligibleForLetterboxEducation= falseisLetterboxEducationEnabled= false isLetterboxDoubleTapEnabled= false topActivityEligibleForUserAspectRatioButton= false topActivityBoundsLetterboxed= false isFromLetterboxDoubleTap= false topActivityLetterboxVerticalPosition= -1 topActivityLetterboxHorizontalPosition= -1 topActivityLetterboxWidth=1080 topActivityLetterboxHeight=2460 isUserFullscreenOverrideEnabled=false isSystemFullscreenOverrideEnabled=false cameraCompatTaskInfo=CameraCompatTaskInfo { cameraCompatControlState=hidden freeformCameraCompatMode=inactive}} isImmersive=false mTopActivityRequestOrientation=-2 mBehindAppLockPkg=null mOriginatingUid=0 isEmbedded=false shouldBeVisible=true mIsCastMode=false mTopActivityMediaSize=null mTopActivityRecordName=ActivityRecord{6d71709 u0 com.google.android.googlequicksearchbox/com.google.android.apps.search.assistant.surfaces.voice.robin.ui.floaty.activity.FloatyActivity t37027} mTopActivityOrientation=-1}
03-02 11:32:42.518  1999  1817 D EventBus: No subscribers registered for event class org.greenrobot.eventbus.NoSubscriberEvent
03-02 11:32:42.519  1621  1651 I ActivityTaskManager: visible for Task{27e6aff #2 type=home I=com.miui.home/.launcher.Launcher} visible = true isAnimating = false TRANSITION = false PARENTS = false CHILDREN = false
03-02 11:32:42.520   921  1500 I BufferQueueDebug: [cb85cd3 ActivityRecordInputSink com.google.android.googlequicksearchbox/com.google.android.apps.search.assistant.surfaces.voice.robin.ui.floaty.activity.FloatyActivity#134383](this:0xb400007bcecbf778,id:-1,api:0,p:-1,c:-1) BufferQueue core=(921:/system/bin/surfaceflinger)
03-02 11:32:42.524  2363  2540 D ShellTransitions: speed ui!!!!!!!!!!!
03-02 11:32:42.531  1621  1731 I ATMSImpl: cacheTasksForDefaultDisplay size=4
03-02 11:32:42.533  1999  2684 D RecentsModel: getRunningTask ignoreActivityType : 2 ,ignoreWindowMode:5
03-02 11:32:42.534   861   947 I libPerfCtl: xgfGetFPS pid:1999 fps:-1
03-02 11:32:42.534   861   947 I libPerfCtl: xgfGetFPS pid:2363 fps:-1
03-02 11:32:42.534   861   947 I libPerfCtl: xgfGetFPS pid:11917 fps:-1
03-02 11:32:42.534  1621  4764 I PowerHalWrapper: amsBoostStop AMS_BOOST_PACK_SWITCH:true, AMS_BOOST_ACT_SWITCH:false, AMS_BOOST_PROCESS_CREATE:false, AMS_BOOST_PROCESS_CREATE_FOR_GAME:false, AMS_BOOST_HOT_LAUNCH:false 
03-02 11:32:42.534   861   947 I libPerfCtl: xgfGetFPS pid:13966 fps:-1
03-02 11:32:42.534   861   947 I libPerfCtl: xgfGetFPS pid:27281 fps:-1
03-02 11:32:42.535   863   909 I libPowerHal: [mtkPowerHint] hint:22, hold:500, ext:0, ext_hold:0
03-02 11:32:42.535   863   958 I libPowerHal: [perfLockAcq] idx:1 hdl:368255 hint:22 pid:863 tid:863 duration:500 lock_user:vendor.mediatek => ret_hdl:368255
03-02 11:32:42.535   863   958 I libPowerHal: [set_kswapd_affinity] set affinity = 16129
03-02 11:32:42.535   863   958 I libPowerHal: [PE] MTKPOWER_HINT_PACK_SWITCH update ONESHOT(set) cmd:10000700 param:16129 pr:3
03-02 11:32:42.536   863   958 I libPowerHal: [perfLockAcq] Done for hdl : 368255
03-02 11:32:42.536   863   958 I libPowerHal: [perfLockRel] hdl:368254, idx:2
