03-02 11:32:42.879  1621  2192 W WindowManager: 	at com.android.server.wm.ActivityRecord.postApplyAnimation(ActivityRecord.java:6989)
03-02 11:32:42.879  1621  2192 W WindowManager: 	at com.android.server.wm.ActivityRecord.commitVisibility(ActivityRecord.java:6931)
03-02 11:32:42.879  1621  2192 W WindowManager: 	at com.android.server.wm.Transition.finishTransition(Transition.java:1589)
03-02 11:32:42.879  1621  2192 W WindowManager: 	at com.android.server.wm.TransitionController.finishTransition(TransitionController.java:1153)
03-02 11:32:42.879  1621  2192 W WindowManager: 	at com.android.server.wm.WindowOrganizerController.finishTransition(WindowOrganizerController.java:578)
03-02 11:32:42.879  1621  2192 W WindowManager: 	at android.window.IWindowOrganizerController$Stub.onTransact(IWindowOrganizerController.java:324)
03-02 11:32:42.879  1621  2192 W WindowManager: 	at com.android.server.wm.WindowOrganizerController.onTransact(WindowOrganizerController.java:234)
03-02 11:32:42.879  1621  2192 W WindowManager: 	at android.os.Binder.execTransactInternal(Binder.java:1507)
03-02 11:32:42.879  1621  2192 W WindowManager: 	at android.os.Binder.execTransact(Binder.java:1451)
03-02 11:32:42.879  1621  2192 W Process : Unable to open /proc/23315/status
03-02 11:32:42.879  1621  2192 I Transition: finishTransition: updateLastSurfacePosition tf=Task{6f3448d #37044 type=standard A=10337:com.softnation.Ojam}
03-02 11:32:42.879  1621  2192 I Transition: finishTransition: updateLastSurfacePosition tf=Task{ba1f32f #37027 type=standard I=com.google.android.googlequicksearchbox/com.google.android.apps.search.assistant.surfaces.voice.robin.ui.floaty.activity.FloatyActivity}
03-02 11:32:42.882  1621  2192 D MiuiRefreshRatePolicy: reset
03-02 11:32:42.882   921   921 I BufferQueueDebug: [467132f com.softnation.Ojam/com.softnation.Ojam.MainActivity#134368](this:0xb400007bcec67308,id:-1,api:0,p:-1,c:921) onDestructor()
03-02 11:32:42.882   921   921 I BufferQueueDebug: [Surface(name=467132f com.softnation.Ojam/com.softnation.Ojam.MainActivity#134368)/@0x56b3ac5 - animation-leash of window_animation#134380](this:0xb400007bcecdeca8,id:-1,api:0,p:-1,c:921) onDestructor()
03-02 11:32:42.882   921   921 I SurfaceFlinger: onHandleDestroyed: name=Transition Root #10180: Task=37027#134381, layerId=134381, parentId=0
03-02 11:32:42.885 13966  4112 I afwc    : (REDACTED) FCF System FeatureName to check: %s
03-02 11:32:42.887  1999  1999 E RotationHelper: setCurrentTransitionRequest: request=0
03-02 11:32:42.887 13966  4112 I afwc    : (REDACTED) FCF: Device model check status : %s
03-02 11:32:42.889  1621  2192 D WindowManager: setParent old=ActivityRecord{ec8c5b7 u0 com.softnation.Ojam/.MainActivity t37044 f} isExiting},new=null,this window=Window{b10aef8 u0 com.softnation.Ojam/com.softnation.Ojam.MainActivity EXITING},callers=com.android.server.wm.WindowContainer.removeChild:897 com.android.server.wm.ActivityRecord.removeChild:5518 com.android.server.wm.ActivityRecord.removeChild:505 com.android.server.wm.WindowContainer.removeImmediately:967 com.android.server.wm.WindowState.removeImmediately:2526 com.android.server.wm.WindowContainer.removeImmediately:931 
03-02 11:32:42.890 13966  4112 I alwd    : (REDACTED) getRequiredCapabilities: Providing screen context, uiSource=%s
03-02 11:32:42.891  1621  1648 D Aurogon :  uid = 10166 switch to BG
03-02 11:32:42.892  1621  1842 I MiuiNetworkPolicy: updateUidState uid = 99351, uidState = 5
03-02 11:32:42.892  1621  1842 I MiuiNetworkPolicy: updateUidState uid = 10337, uidState = 19
03-02 11:32:42.892  1621  1842 I MiuiNetworkPolicy: updateUidState uid = 10200, uidState = 5
03-02 11:32:42.892  1621  1842 I MiuiNetworkPolicy: updateUidState uid = 10181, uidState = 4
03-02 11:32:42.892  1621  1842 I MiuiNetworkPolicy: updateUidState uid = 10168, uidState = 4
03-02 11:32:42.892  1621  1842 I MiuiNetworkPolicy: updateUidState uid = 10166, uidState = 5
03-02 11:32:42.892  1621  1842 I MiuiNetworkPolicy: updateUidState uid = 10162, uidState = 5
03-02 11:32:42.893  1621  2192 D MiuiRefreshRatePolicy: reset
03-02 11:32:42.894  1621  1894 D Aurogon :  onForegroundActivitiesChanged packageName = com.miui.home
03-02 11:32:42.896  1177  1177 I thermal_src: recvmsg_expect 5, but get 2 
03-02 11:32:42.898   921   921 I BufferQueueDebug: [Transition Root #10180: Task=37027#134381](this:0xb400007bceca8af8,id:-1,api:0,p:-1,c:921) onDestructor()
03-02 11:32:42.898   921  1170 I SurfaceFlinger: onHandleDestroyed: name=Surface(name=5b2ee94 StatusBar#103)/@0xf6cf932 - animation-leash of insets_animation#134377, layerId=134377, parentId=0
03-02 11:32:42.899   921  1170 I SurfaceFlinger: onHandleDestroyed: name=Surface(name=77d8129 NavigationBar0#101614)/@0x3faba4f - animation-leash of insets_animation#134378, layerId=134378, parentId=0
03-02 11:32:42.896  1177  1177 V thermal_src: TA_DAEMON_CMD_GET_TPCB:ERROR ret=-1
03-02 11:32:42.900  1177  1177 E thermal_src: get_tpcb_from_kernel:error -1. retry...
03-02 11:32:42.900  1177  1177 I thermal_src: recvmsg_expect 4, but get 2 
03-02 11:32:42.900  1177  1177 V thermal_src: TA_DAEMON_CMD_SET_TTJ:ERROR ret=-1
03-02 11:32:42.900  1177  1177 E thermal_src: set_ttj_to_kernel 1:error -1
03-02 11:32:42.900  1177  1177 I thermal_src: recvmsg_expect 2, but get 5 
03-02 11:32:42.900  1177  1177 V thermal_src: waiting NOTIFY from kernel miss, -1
03-02 11:32:42.900  1177  1177 I thermal_src: recvmsg_expect 2, but get 4 
03-02 11:32:42.900  1177  1177 V thermal_src: waiting NOTIFY from kernel miss, -1
03-02 11:32:42.913 25110 25110 D nativeloader: Load libframework-connectivity-tiramisu-jni.so using APEX ns com_android_tethering for caller /apex/com.android.tethering/javalib/framework-connectivity-t.jar: ok
03-02 11:32:42.916   921   921 I BufferQueueDebug: [Surface(name=77d8129 NavigationBar0#101614)/@0x3faba4f - animation-leash of insets_animation#134378](this:0xb400007bcecc2508,id:-1,api:0,p:-1,c:921) onDestructor()
03-02 11:32:42.916   921   921 I BufferQueueDebug: [Surface(name=5b2ee94 StatusBar#103)/@0xf6cf932 - animation-leash of insets_animation#134377](this:0xb400007bceccdb48,id:-1,api:0,p:-1,c:921) onDestructor()
03-02 11:32:42.916  1621  2192 D WindowManager: setParent old=Task{6f3448d #37044 type=standard A=10337:com.softnation.Ojam},new=null,this window=ActivityRecord{ec8c5b7 u0 com.softnation.Ojam/.MainActivity t37044 f} isExiting},callers=com.android.server.wm.WindowContainer.removeChild:897 com.android.server.wm.TaskFragment.removeChild:3337 com.android.server.wm.Task.removeChild:1929 com.android.server.wm.Task.removeChild:1908 com.android.server.wm.WindowContainer.removeImmediately:967 com.android.server.wm.WindowToken.removeImmediately:374 
03-02 11:32:42.921 13966  4112 I djzh    : (REDACTED) isAppDefaultAssistant setting: %s
03-02 11:32:42.922   921  1587 I BufferQueueDebug: [Task=37044#134393](this:0xb400007bcec6a098,id:-1,api:0,p:-1,c:-1) BufferQueue core=(921:/system/bin/surfaceflinger)
03-02 11:32:42.923 13966  4112 I djzh    : (REDACTED) isAppDefaultAssistant defaultComponentName: %s
03-02 11:32:42.923  6027 28224 I SCTaskStackListener: onTaskStackChanged! inSplit = false
03-02 11:32:42.925  1621  2192 D WindowManager: setParent old=DefaultTaskDisplayArea@262819365,new=null,this window=Task{6f3448d #37044 type=standard A=10337:com.softnation.Ojam},callers=com.android.server.wm.WindowContainer.removeChild:897 com.android.server.wm.TaskDisplayArea.removeChildTask:360 com.android.server.wm.TaskDisplayArea.removeChild:351 com.android.server.wm.WindowContainer.removeImmediately:967 com.android.server.wm.TaskFragment.removeImmediately:3417 com.android.server.wm.Task.removeImmediately:3408 
03-02 11:32:42.926  1621  2192 D MiuiMultiWindowUtils: DeviceLevel.IS_MIUI_LITE_VERSION 2.0 not support miui multiWindowtides
03-02 11:32:42.926 25110 25110 I MessageMonitor: Load libmiui_runtime
03-02 11:32:42.926  1621  2192 D MiuiMultiWindowUtils: DeviceLevel.IS_MIUI_LITE_VERSION 2.0 not support miui multiWindowtides
03-02 11:32:42.930  2363  2477 I RemoteTransitionHandlerStubImpl: invokeAndRemoveWctCB transition is null, curWctCB: null
03-02 11:32:42.930  2363  2477 I ShellTransitions: Is abandon offsetY: false
03-02 11:32:42.930  2363  2477 I ShellTransitions: Is abandon offsetY: false
03-02 11:32:42.930  2363  2477 I ShellTransitions: Is abandon offsetY: false
03-02 11:32:42.930  2363  2477 E TaskViewTransitions: Found a launching TaskView in the wrong transition. All TaskView launches should be initiated by shell and in their own transition: 37045
03-02 11:32:42.930  2363  2477 E KeyguardTransitionHandlerImpl: activityCount = 0
03-02 11:32:42.930  2363  2477 E KeyguardTransitionHandlerImpl: activityCount = 0
03-02 11:32:42.930  2363  2477 D MiuiFreeformModeAnimation: startAnimation change: {WCT{android.window.IWindowContainerToken$Stub$Proxy@33c2e23} m=OPEN f=NONE leash=Surface(name=Task=37045#134384)/@0x76fd708 sb=Rect(0, 0 - 1080, 2460) eb=Rect(0, 0 - 1080, 2460) d=0 taskParent=-1} info.getType(): 1
03-02 11:32:42.931  2363  2477 D MiuiFreeformModeAnimation: startAnimation change: {WCT{android.window.IWindowContainerToken$Stub$Proxy@8c07f20} m=TO_BACK f=TRANSLUCENT leash=Surface(name=Task=37027#133407)/@0x6532ea1 sb=Rect(0, 0 - 1080, 2460) eb=Rect(0, 0 - 1080, 2460) d=0 taskParent=-1} info.getType(): 1
03-02 11:32:42.931  2363  2477 D MiuiFreeformModeAnimation: startAnimation change: {WCT{android.window.IWindowContainerToken$Stub$Proxy@37210d9} m=TO_BACK f=SHOW_WALLPAPER leash=Surface(name=Task=1#47)/@0xb2618c6 sb=Rect(0, 0 - 1080, 2460) eb=Rect(0, 0 - 1080, 2460) d=0 taskParent=-1} info.getType(): 1
03-02 11:32:42.931  2363  2477 D SoScStageCoordinator: inCloseTransition:false pairsStartedWithCloseTransition:false isRequestCloseTriggerTask:false inSingleSoScState:false inSoScUnactivie:true closeStage:null
03-02 11:32:42.931  1621  1651 I ActivityTaskManager: visible for Task{27e6aff #2 type=home I=com.miui.home/.launcher.Launcher} visible = true isAnimating = false TRANSITION = false PARENTS = false CHILDREN = false
03-02 11:32:42.932  2363  2477 D TransitionAnimationHelper:  load default animation  type = 1 enter = false animAttr = 19 isTask = true translucent = false
03-02 11:32:42.934  2363  2477 D TransitionAnimationHelper:  load default animation  type = 1 enter = false animAttr = 19 isTask = true translucent = false
03-02 11:32:42.935   921  1500 D SurfaceFlinger: [SF client] REMOVE (0xb400007caea36dc0) for (1621:system_server)
03-02 11:32:42.935  2363  2477 D TransitionAnimationHelper:  load default animation  type = 1 enter = true animAttr = 18 isTask = true translucent = false
03-02 11:32:42.935 13966  4112 I djzh    : (REDACTED) isAppDefaultAssistant setting: %s
03-02 11:32:42.935 13966  4112 I djzh    : (REDACTED) isAppDefaultAssistant defaultComponentName: %s
03-02 11:32:42.936  1621  1651 W ActivityTaskManager: Can't find TaskDisplayArea to determine support for multi window. Task id=37044 attached=false
03-02 11:32:42.937  2363  2540 D ShellTransitions: speed ui!!!!!!!!!!!
03-02 11:32:42.937  1621  1651 D MiuiRefreshRatePolicy: reset
03-02 11:32:42.938  1621  2192 D SymlinkUtils: attachApplication file op go pass: 1 ms
03-02 11:32:42.938  2363  2477 D MulWinSwitchDecorViewModel: handleEventReceiverIfMultiWinSwitchIsUnsupported: removeEventReceiver, callers=com.android.wm.shell.multitasking.miuimultiwinswitch.miuiwindowdecor.MulWinSwitchDecorViewModel.onTaskOpening:7 com.android.wm.shell.fullscreen.FullscreenTaskListener.onTaskAppeared:97 com.android.wm.shell.ShellTaskOrganizer.onTaskAppeared:9 com.android.wm.shell.ShellTaskOrganizer.onTaskAppeared:3 android.window.TaskOrganizer$1.lambda$onTaskAppeared$5:312 
03-02 11:32:42.938  2363  2477 D MultiTaskingTaskRepository: addOrMoveFullscreenTaskToTop taskId=37045
03-02 11:32:42.939  2363  2477 I MultiTaskingTaskRepository: no MULTI_WINDOW, but base activity is null
03-02 11:32:42.940 13966  4112 I djzh    : (REDACTED) isAppDefaultAssistant setting: %s
03-02 11:32:42.940  1621  1651 I ActivityTaskManager: visible for Task{27e6aff #2 type=home I=com.miui.home/.launcher.Launcher} visible = true isAnimating = false TRANSITION = false PARENTS = false CHILDREN = false
03-02 11:32:42.940 13966  4112 I djzh    : (REDACTED) isAppDefaultAssistant defaultComponentName: %s
03-02 11:32:42.940  2363  2477 D MulWinSwitchDecorViewModel: destroyWindowDecoration: taskId=37044 windowingMode=1 mWindowDecorByTaskId.size()=0 callers=com.android.wm.shell.fullscreen.FullscreenTaskListener.onTaskVanished:104 com.android.wm.shell.ShellTaskOrganizer.onTaskVanished:128 android.window.TaskOrganizer$1.lambda$onTaskVanished$6:317 android.window.TaskOrganizer$1.$r8$lambda$8ODi_1s42Z5SmyxWXsgMLDG64pA:0 android.window.TaskOrganizer$1$$ExternalSyntheticLambda0.run:0 
03-02 11:32:42.940  2363  2477 D MulWinSwitchDecorViewModel: handleEventReceiverIfMultiWinSwitchIsUnsupported: removeEventReceiver, callers=com.android.wm.shell.multitasking.miuimultiwinswitch.miuiwindowdecor.MulWinSwitchDecorViewModel.destroyWindowDecoration:82 com.android.wm.shell.fullscreen.FullscreenTaskListener.onTaskVanished:104 com.android.wm.shell.ShellTaskOrganizer.onTaskVanished:128 android.window.TaskOrganizer$1.lambda$onTaskVanished$6:317 android.window.TaskOrganizer$1.$r8$lambda$8ODi_1s42Z5SmyxWXsgMLDG64pA:0 
03-02 11:32:42.940  2363  2477 D MultiTaskingTaskRepository: onTaskVanished: taskInfo.taskId: 37044 current mMultiTaskingTaskInfoList: { ,37045 ,37044 ,37027 ,37019 ,36980 ,36770 ,36289 ,5 ,4 }
03-02 11:32:42.940  2363  2477 D MultiTaskingTaskRepository: removeFullscreenTask taskId=37044
03-02 11:32:42.940  2363  2477 D MiuiFreeformModeCornerTipHandler: task#37044 onTaskVanished
03-02 11:32:42.940  2363  2477 I MiuiBubbleController: removeBubble: 37044 reason=2
03-02 11:32:42.941 13966  4112 I alhs    : CreateCalendarEventExecutor is not enabled.
03-02 11:32:42.941  2363  2477 I MultiTaskingTaskInfo: before call clearMaskControl task id = 37044, CoverLayerController = null, callers=com.android.wm.shell.multitasking.taskmanager.MultiTaskingTaskListener.onTaskVanished:148 com.android.wm.shell.ShellTaskOrganizer.onTaskVanished:141 android.window.TaskOrganizer$1.lambda$onTaskVanished$6:317 android.window.TaskOrganizer$1.$r8$lambda$8ODi_1s42Z5SmyxWXsgMLDG64pA:0 android.window.TaskOrganizer$1$$ExternalSyntheticLambda0.run:0 
03-02 11:32:42.941  2363  2477 I MultiTaskingTaskRepository: onTaskVanish multi list = [5, 4], full = [37045, 37027, 37019, 36980]
03-02 11:32:42.941 13966  4112 I alil    : DeleteNoteExecutor is not enabled.
03-02 11:32:42.941 13966  4112 I aljv    : UpdateNoteExecutor is not enabled.
03-02 11:32:42.942 13966  4112 I aljv    : UpdateNoteExecutor is not enabled.
03-02 11:32:42.942 13966  4112 I djzh    : (REDACTED) isAppDefaultAssistant setting: %s
03-02 11:32:42.942 13966  4112 I djzh    : (REDACTED) isAppDefaultAssistant defaultComponentName: %s
03-02 11:32:42.943  1999  1817 D EventBus: No subscribers registered for event class com.miui.home.recents.messages.RecentTasksChangedEvent
03-02 11:32:42.943  1999  1817 D EventBus: No subscribers registered for event class org.greenrobot.eventbus.NoSubscriberEvent
03-02 11:32:42.944 13966  4112 I afze    : (REDACTED) #FCF: Managed profile check status : %s
03-02 11:32:42.944  1999  2756 D EventBus: No subscribers registered for event class com.miui.home.recents.messages.RecentTasksChangedEvent
03-02 11:32:42.944  1999  2756 D EventBus: No subscribers registered for event class org.greenrobot.eventbus.NoSubscriberEvent
03-02 11:32:42.944  1999  2756 D EventBus: No subscribers registered for event class com.miui.home.recents.messages.RecentTasksChangedEvent
03-02 11:32:42.944  1999  2756 D EventBus: No subscribers registered for event class org.greenrobot.eventbus.NoSubscriberEvent
03-02 11:32:42.947  1999  2684 D TaskSnapshotCompatVV: getIsInvalidateFromTaskSnapshot, return, mTaskSnapshot=null, mTaskSnapshotClazz=null
03-02 11:32:42.947  1999  2684 D RecentsModel: onTaskStackChangedBackground    MSG_TASK_STACK_CHANGE
03-02 11:32:42.947  1999  2684 D RecentsModel: boostTaskStackChangedThread, don't boost
03-02 11:32:42.949   921   921 I SurfaceFlinger: onHandleDestroyed: name=Task=37044#134393, layerId=134393, parentId=0
03-02 11:32:42.949  1621  2834 W UserManagerService: Requested status bar icon for non-badged user 0
03-02 11:32:42.949   921   921 I SurfaceFlinger: onHandleDestroyed: name=ActivityRecord{ec8c5b7 u0 com.softnation.Ojam/.MainActivity t37044}#134289, layerId=134289, parentId=0
03-02 11:32:42.949   921   921 I SurfaceFlinger: onHandleDestroyed: name=b10aef8 com.softnation.Ojam/com.softnation.Ojam.MainActivity#134300, layerId=134300, parentId=0
03-02 11:32:42.949   921   921 I SurfaceFlinger: onHandleDestroyed: name=com.softnation.Ojam/com.softnation.Ojam.MainActivity#134301, layerId=134301, parentId=0
03-02 11:32:42.949   921   921 I SurfaceFlinger: onHandleDestroyed: name=ca8b451 ActivityRecordInputSink com.softnation.Ojam/.MainActivity#134296, layerId=134296, parentId=0
03-02 11:32:42.951  1999  1999 D TaskSnapshotCompatVV: getIsInvalidateFromTaskSnapshot, isInvalidate=false
03-02 11:32:42.952  1621  4238 I ATMSImpl: cacheTasksForDefaultDisplay size=5
03-02 11:32:42.952  1999  1999 D EventBus: No subscribers registered for event class com.miui.home.recents.messages.TaskSnapshotChangedEvent
03-02 11:32:42.952  1999  1999 D EventBus: No subscribers registered for event class org.greenrobot.eventbus.NoSubscriberEvent
03-02 11:32:42.953  1999  2684 D RecentsModel: getRunningTask ignoreActivityType : 2 ,ignoreWindowMode:5
03-02 11:32:42.953  1999  2684 W RecentsModel: getRunningTask   taskInfo=TaskInfo{userId=0 taskId=37027 displayId=0 isRunning=true baseIntent=Intent { flg=0x14850000 pkg=com.google.android.googlequicksearchbox cmp=com.google.android.googlequicksearchbox/com.google.android.apps.search.assistant.surfaces.voice.robin.ui.floaty.activity.FloatyActivity } baseActivity=ComponentInfo{com.google.android.googlequicksearchbox/com.google.android.apps.search.assistant.surfaces.voice.robin.ui.floaty.activity.FloatyActivity} topActivity=ComponentInfo{com.google.android.googlequicksearchbox/com.google.android.apps.search.assistant.surfaces.voice.robin.ui.floaty.activity.FloatyActivity} origActivity=null realActivity=ComponentInfo{com.google.android.googlequicksearchbox/com.google.android.apps.search.assistant.surfaces.voice.robin.ui.floaty.activity.FloatyActivity} numActivities=1 lastActiveTime=1030522373 supportsSplitScreenMultiWindow=true supportsMultiWindow=true resizeMode=2 isResizeable=true minWidth=-1 minHeight=-1 defaultMinSize=200 token=WCT{android.window.IWindowContainerToken$Stub$Proxy@7b6b441} topActivityType=1 pictureInPictureParams=null shouldDockBigOverlays=false launchIntoPipHostTaskId=-1 lastParentTaskIdBeforePip=-1 displayCutoutSafeInsets=Rect(0, 104 - 0, 0) topActivityInfo=ActivityInfo{efcbde6 com.google.android.apps.search.assistant.surfaces.voice.robin.ui.floaty.activity.FloatyActivity} launchCookies=[] positionInParent=Point(0, 0) parentTaskId=-1 isFocused=true isVisible=true isVisibleRequested=false isSleeping=false locusId=null displayAreaFeatureId=1 isTopActivityTransparent=true appCompatTaskInfo=AppCompatTaskInfo { topActivityInSizeCompat=false topActivityEligibleForLetterboxEducation= falseisLetterboxEducationEnabled= false isLetterboxDoubleTapEnabled= false topActivityEligibleForUserAspectRatioButton= false topActivityBoundsLetterboxed= false isFromLetterboxDoubleTap= false topActivityLetterboxVerticalPosition= -1 topActivityLetterboxHorizontalPosition= -1 topActivityLetterboxWidth=1080 topActivityLetterboxHeight=2460 isUserFullscreenOverrideEnabled=false isSystemFullscreenOverrideEnabled=false cameraCompatTaskInfo=CameraCompatTaskInfo { cameraCompatControlState=hidden freeformCameraCompatMode=inactive}} isImmersive=false mTopActivityRequestOrientation=-2 mBehindAppLockPkg=null mOriginatingUid=0 isEmbedded=false shouldBeVisible=false mIsCastMode=false mTopActivityMediaSize=null mTopActivityRecordName=ActivityRecord{6d71709 u0 com.google.android.googlequicksearchbox/com.google.android.apps.search.assistant.surfaces.voice.robin.ui.floaty.activity.FloatyActivity t37027} mTopActivityOrientation=-2}
03-02 11:32:42.953  1999  2684 D RecentsModel: preloadRecents runningTaskId:37027, mCurrentRunningTaskId:-1, mRecentsTaskLoadPlan=com.android.systemui.shared.recents.model.RecentsTaskLoadPlan@95d1f27
03-02 11:32:42.954  1621  1651 I ActivityTaskManager: visible for Task{27e6aff #2 type=home I=com.miui.home/.launcher.Launcher} visible = true isAnimating = false TRANSITION = false PARENTS = false CHILDREN = false
03-02 11:32:42.955  1999  2684 E ActivityManagerWrapper: get all recent tasks force including 37027
03-02 11:32:42.955  1621  4764 W UserManagerService: Requested status bar icon for non-badged user 0
03-02 11:32:42.956  1621  5056 I ATMSImpl: cacheTasksForDefaultDisplay size=5
03-02 11:32:42.960  1621  1918 E HyperSentinel: -------------------------------------------------------
03-02 11:32:42.960  1621  1918 E HyperSentinel: Event_ThreadAmount
03-02 11:32:42.960  1621  1918 E HyperSentinel: -> audit event by proc 25110 "usap64": running threads amount, 0 -> 12
03-02 11:32:42.962  1999  2414 W com.miui.home: ApkAssets: Deleting an ApkAssets object '<empty> and /data/app/~~Bh61wenJZi6JNVEuOkVQfQ==/com.softnation.Ojam-nnCVAdHxKfOmup5FCuBDYQ==/base.apk' with 1 weak references
03-02 11:32:42.965  1621  1918 E HyperSentinel: -------------------------------------------------------
03-02 11:32:42.965  1621  1918 E HyperSentinel: Event_ResidentSize
03-02 11:32:42.965  1621  1918 E HyperSentinel: -> audit event by proc 25110 "usap64": RSS increasement, peak 73396kb -> 110100kb
03-02 11:32:42.965   921   921 I BufferQueueDebug: [ca8b451 ActivityRecordInputSink com.softnation.Ojam/.MainActivity#134296](this:0xb400007bcec58f38,id:-1,api:0,p:-1,c:921) onDestructor()
03-02 11:32:42.965   921   921 I BufferQueueDebug: [Task=37044#134393](this:0xb400007bcec6a098,id:-1,api:0,p:-1,c:921) onDestructor()
03-02 11:32:42.966   921   921 I BufferQueueDebug: [ActivityRecord{ec8c5b7 u0 com.softnation.Ojam/.MainActivity t37044}#134289](this:0xb400007bcec6fbb8,id:-1,api:0,p:-1,c:921) onDestructor()
03-02 11:32:42.966   921   921 I BufferQueueDebug: [com.softnation.Ojam/com.softnation.Ojam.MainActivity#134301](this:0xb400007bcec94c08,id:-1,api:0,p:-1,c:921) onDestructor()
03-02 11:32:42.966   921  1484 E BpTransactionCompletedListener: Failed to transact (-32)
03-02 11:32:42.967   921   921 I BufferQueueDebug: [b10aef8 com.softnation.Ojam/com.softnation.Ojam.MainActivity#134300](this:0xb400007bcecb13a8,id:-1,api:0,p:-1,c:921) onDestructor()
03-02 11:32:42.968 25110  1762 D MiuiDownscaleImpl: set override inverted scale : 1.0
03-02 11:32:42.970  1999  2414 W com.miui.home: ApkAssets: Deleting an ApkAssets object '<empty> and /data/app/~~FVqF6h2ldNmCnMl0N8H-cQ==/com.xiaomi.mipicks-d1so7Mq-1Mt8qtMhOz41VQ==/base.apk' with 1 weak references
03-02 11:32:42.974 25110  1762 D AppScoutStateMachine: 25110-ScoutStateMachinecreated
03-02 11:32:42.977  1999  2414 W com.miui.home: ApkAssets: Deleting an ApkAssets object '<empty> and /data/app/~~oIjnrBTtgvZY39sVcpiyyA==/com.twitter.android-bVGUa6Y_AsmsaPK_zNNUfw==/base.apk' with 1 weak references
03-02 11:32:42.978  1999  2414 W com.miui.home: ApkAssets: Deleting an ApkAssets object '<empty> and /data/app/~~oIjnrBTtgvZY39sVcpiyyA==/com.twitter.android-bVGUa6Y_AsmsaPK_zNNUfw==/split_config.arm64_v8a.apk' with 1 weak references
03-02 11:32:42.979  1999  2414 W com.miui.home: ApkAssets: Deleting an ApkAssets object '<empty> and /data/app/~~oIjnrBTtgvZY39sVcpiyyA==/com.twitter.android-bVGUa6Y_AsmsaPK_zNNUfw==/split_config.en.apk' with 1 weak references
03-02 11:32:42.980  1999  2414 W com.miui.home: ApkAssets: Deleting an ApkAssets object '<empty> and /data/app/~~oIjnrBTtgvZY39sVcpiyyA==/com.twitter.android-bVGUa6Y_AsmsaPK_zNNUfw==/split_config.xxhdpi.apk' with 1 weak references
03-02 11:32:42.983  1621  4764 W UserManagerService: Requested status bar icon for non-badged user 0
03-02 11:32:42.986  1621  1648 D Aurogon :  uid = 10337 switch to FG
03-02 11:32:42.986  1999  2414 W com.miui.home: ApkAssets: Deleting an ApkAssets object '<empty> and /data/app/~~g46GNjNnkm9CBfK9EiJJxA==/com.truecaller-PGGCGv0_mUqE9N0ZGhRbtw==/base.apk' with 1 weak references
03-02 11:32:42.989  1999  2414 W com.miui.home: ApkAssets: Deleting an ApkAssets object '<empty> and /data/app/~~g46GNjNnkm9CBfK9EiJJxA==/com.truecaller-PGGCGv0_mUqE9N0ZGhRbtw==/split_config.arm64_v8a.apk' with 1 weak references
03-02 11:32:42.990  1999  2414 W com.miui.home: ApkAssets: Deleting an ApkAssets object '<empty> and /data/app/~~g46GNjNnkm9CBfK9EiJJxA==/com.truecaller-PGGCGv0_mUqE9N0ZGhRbtw==/split_config.xxhdpi.apk' with 1 weak references
03-02 11:32:42.994  1999  2414 W com.miui.home: ApkAssets: Deleting an ApkAssets object '<empty> and /data/app/~~g46GNjNnkm9CBfK9EiJJxA==/com.truecaller-PGGCGv0_mUqE9N0ZGhRbtw==/split_insights_category_model.apk' with 1 weak references
03-02 11:32:42.994  1999  2414 W com.miui.home: ApkAssets: Deleting an ApkAssets object '<empty> and /data/app/~~g46GNjNnkm9CBfK9EiJJxA==/com.truecaller-PGGCGv0_mUqE9N0ZGhRbtw==/split_insights_category_model.config.arm64_v8a.apk' with 1 weak references
03-02 11:32:42.995  1621  1917 D MiuiSentinelService: begin judgment ThreadAmountLeakException
03-02 11:32:42.996  1621  1842 I MiuiNetworkPolicy: updateUidState uid = 10337, uidState = 2
03-02 11:32:42.996  1621  1894 D isUidValid: uid = 10337
03-02 11:32:42.998  1621  2192 W ActivityManager: Slow operation: 59ms so far, now at attachApplicationLocked: after updateOomAdjLocked
03-02 11:32:42.998  1621  2192 W MiuiBoosterUtils: enable_miuibooster_launch : false
03-02 11:32:43.000  1621  2740 I ATMSImpl: cacheTasksForDefaultDisplay size=5
03-02 11:32:43.001  1621  1917 E MiuiSentinelMemoryManager: getThreadinfo: usap64#25110
03-02 11:32:43.003  2363  2363 I FocusedNotifPromptContr: onTopActivityMayChanged: isSupportPip false, isFocus true
03-02 11:32:43.003  2363  2363 I FocusedNotifPromptContr: onTopActivityMayChanged: topActivity=com.google.android.googlequicksearchbox
03-02 11:32:43.003  2363  2363 I PromptViewAnimState: topActivityMayChanged: topActivity=com.softnation.Ojam --> com.google.android.googlequicksearchbox
03-02 11:32:43.003  2363  2363 D KeyguardEditorHelper: onTopActivityMayChanged, topActivity=ComponentInfo{com.google.android.googlequicksearchbox/com.google.android.apps.search.assistant.surfaces.voice.robin.ui.floaty.activity.FloatyActivity}; mState=IDEL
03-02 11:32:43.008  1999  2684 D ActivityManagerWrapper: groupedRecentTaskInfoCompat.getMainTaskId :37027, isExcluded is True
03-02 11:32:43.008  1999  2684 E ActivityManagerWrapper: getRecentTasksForceIncludingTaskIdIfValid: getRecentTasks: size=4
03-02 11:32:43.008  1999  2684 E ActivityManagerWrapper:  mainTaskId=37045   userId=0   windowMode=1   baseIntent=Intent { act=null flag=268435456 cmp=ComponentInfo{com.softnation.Ojam/com.softnation.Ojam.MainActivity} }
03-02 11:32:43.008  1999  2684 E ActivityManagerWrapper:  mainTaskId=37027   userId=0   windowMode=1   baseIntent=Intent { act=null flag=344260608 cmp=ComponentInfo{com.google.android.googlequicksearchbox/com.google.android.apps.search.assistant.surfaces.voice.robin.ui.floaty.activity.FloatyActivity} }
03-02 11:32:43.008  1999  2684 E ActivityManagerWrapper:  mainTaskId=37019   userId=0   windowMode=1   baseIntent=Intent { act=null flag=268435456 cmp=ComponentInfo{com.whatsapp/com.whatsapp.home.ui.HomeActivity} }
03-02 11:32:43.008  1999  2684 E ActivityManagerWrapper:  mainTaskId=36980   userId=0   windowMode=1   baseIntent=Intent { act=android.intent.action.MAIN flag=270532608 cmp=ComponentInfo{com.twitter.android/com.twitter.android.StartActivity} }
03-02 11:32:43.017 25110 25110 I JavaheapMonitor: Disabled. Process name: <pre-initialized>
03-02 11:32:43.023 27809 27809 D BoundBrokerSvc: onRebind: Intent { act=com.google.android.gms.clearcut.sampler.service.START dat=chimera-action:/... cmp=com.google.android.gms/.chimera.PersistentDirectBootAwareApiService }
03-02 11:32:43.030 25110 25110 D MiuiMonitorThread: Shared singleton Thread for stability monitor start
03-02 11:32:43.037   863   958 I mtkpower@impl: [powerd_req] TIMER_MSG_PERF_LOCK_TIMEOUT hdl:368255
03-02 11:32:43.037   863   958 I libPowerHal: [perfLockRel] hdl:368255, idx:1
03-02 11:32:43.039   863   958 I libPowerHal: [PD] MTKPOWER_HINT_PACK_SWITCH update ONESHOT(unset) cmd:10000700 param:16129 pr:3
03-02 11:32:43.039   863   958 I libPowerHal: [perfLockRel] Done for hdl : 368255
03-02 11:32:43.040 13966 13981 V ClearcutMetricXmitter: Transmission is done.
03-02 11:32:43.041  1999  2684 D TaskSnapshotCompatVV: getIsInvalidateFromTaskSnapshot, return, mTaskSnapshot=null, mTaskSnapshotClazz=null
03-02 11:32:43.042  1999  2684 D TaskSnapshotCompatVV: getIsInvalidateFromTaskSnapshot, isInvalidate=false
03-02 11:32:43.050 27809 27809 D WearableService: Creating wearable service asynchronously.
03-02 11:32:43.083 27809 28618 D WearableService: onGetService: waiting for onCreate to be completed.
03-02 11:32:43.084 13966 14006 I eliu    : (REDACTED) Running synclets: %s
03-02 11:32:43.090 25110 25110 D ActivityThread: setEmbeddedParam packageName=com.softnation.Ojam processName=com.softnation.Ojam isEmbedded=false isIsolated=false
03-02 11:32:43.097   849   849 I hwcomposer: [HWCDisplay] (0 updateFps():3667), (type:1, mode:2) fps:48.645348,dur:1007.29,max:59.74,min:11.30  
03-02 11:32:43.145 13966  4112 I eliu    : (REDACTED) Starting synclet: %s
03-02 11:32:43.169 27809 28168 I Wear_Controller: Wearable module requires a companion app to be installed.
03-02 11:32:43.169 27809 28168 I WearableService: onCreate: Wearable Services not starting. Wear is not available on this device.
03-02 11:32:43.171 27809 28618 W WearableService: onGetService: Wear is not available on this device.
03-02 11:32:43.177 13966 14000 W GoogleApiManager: Not showing notification since connectionResult is not user-facing: ConnectionResult{statusCode=API_UNAVAILABLE, resolution=null, message=null, clientMethodKey=null}
03-02 11:32:43.179 13966 13966 W aoix    : (REDACTED) DataItem[%s] failed to save
03-02 11:32:43.179 13966 13966 W aoix    : cdrq: 17: API: Wearable.API is not available on this device. Connection failed with: ConnectionResult{statusCode=API_UNAVAILABLE, resolution=null, message=null, clientMethodKey=null}
03-02 11:32:43.179 13966 13966 W aoix    : 	at cdyt.r(PG:15)
03-02 11:32:43.179 13966 13966 W aoix    : 	at cdyo.a(PG:33)
03-02 11:32:43.179 13966 13966 W aoix    : 	at com.google.android.gms.common.api.internal.BasePendingResult.s(PG:72)
03-02 11:32:43.179 13966 13966 W aoix    : 	at com.google.android.gms.common.api.internal.BasePendingResult.o(PG:29)
03-02 11:32:43.179 13966 13966 W aoix    : 	at cdta.k(PG:16)
03-02 11:32:43.179 13966 13966 W aoix    : 	at cdsr.e(PG:3)
03-02 11:32:43.179 13966 13966 W aoix    : 	at cdut.s(PG:48)
03-02 11:32:43.179 13966 13966 W aoix    : 	at cdut.g(PG:10)
03-02 11:32:43.179 13966 13966 W aoix    : 	at cdut.j(PG:158)
03-02 11:32:43.179 13966 13966 W aoix    : 	at cdut.b(PG:2)
03-02 11:32:43.179 13966 13966 W aoix    : 	at cdxs.c(PG:3)
03-02 11:32:43.179 13966 13966 W aoix    : 	at cdxe.a(PG:7)
03-02 11:32:43.179 13966 13966 W aoix    : 	at cdww.c(PG:67)
03-02 11:32:43.179 13966 13966 W aoix    : 	at cdwz.handleMessage(PG:272)
03-02 11:32:43.179 13966 13966 W aoix    : 	at android.os.Handler.dispatchMessage(Handler.java:107)
03-02 11:32:43.179 13966 13966 W aoix    : 	at cetl.b(PG:1)
03-02 11:32:43.179 13966 13966 W aoix    : 	at cetl.dispatchMessage(PG:1)
03-02 11:32:43.179 13966 13966 W aoix    : 	at android.os.Looper.loopOnce(Looper.java:249)
03-02 11:32:43.179 13966 13966 W aoix    : 	at android.os.Looper.loop(Looper.java:337)
03-02 11:32:43.179 13966 13966 W aoix    : 	at android.os.HandlerThread.run(HandlerThread.java:85)
03-02 11:32:43.181 13966 13966 W aoix    : (REDACTED) DataItem[%s] failed to save
03-02 11:32:43.181 13966 13966 W aoix    : cdrq: 17: API: Wearable.API is not available on this device. Connection failed with: ConnectionResult{statusCode=API_UNAVAILABLE, resolution=null, message=null, clientMethodKey=null}
03-02 11:32:43.181 13966 13966 W aoix    : 	at cdyt.r(PG:15)
03-02 11:32:43.181 13966 13966 W aoix    : 	at cdyo.a(PG:33)
03-02 11:32:43.181 13966 13966 W aoix    : 	at com.google.android.gms.common.api.internal.BasePendingResult.s(PG:72)
03-02 11:32:43.181 13966 13966 W aoix    : 	at com.google.android.gms.common.api.internal.BasePendingResult.o(PG:29)
03-02 11:32:43.181 13966 13966 W aoix    : 	at cdta.k(PG:16)
03-02 11:32:43.181 13966 13966 W aoix    : 	at cdsr.e(PG:3)
03-02 11:32:43.181 13966 13966 W aoix    : 	at cdut.s(PG:48)
03-02 11:32:43.181 13966 13966 W aoix    : 	at cdut.g(PG:10)
03-02 11:32:43.181 13966 13966 W aoix    : 	at cdut.j(PG:158)
03-02 11:32:43.181 13966 13966 W aoix    : 	at cdut.b(PG:2)
03-02 11:32:43.181 13966 13966 W aoix    : 	at cdxs.c(PG:3)
03-02 11:32:43.181 13966 13966 W aoix    : 	at cdxe.a(PG:7)
03-02 11:32:43.181 13966 13966 W aoix    : 	at cdww.c(PG:67)
03-02 11:32:43.181 13966 13966 W aoix    : 	at cdwz.handleMessage(PG:272)
03-02 11:32:43.181 13966 13966 W aoix    : 	at android.os.Handler.dispatchMessage(Handler.java:107)
03-02 11:32:43.181 13966 13966 W aoix    : 	at cetl.b(PG:1)
03-02 11:32:43.181 13966 13966 W aoix    : 	at cetl.dispatchMessage(PG:1)
03-02 11:32:43.181 13966 13966 W aoix    : 	at android.os.Looper.loopOnce(Looper.java:249)
03-02 11:32:43.181 13966 13966 W aoix    : 	at android.os.Looper.loop(Looper.java:337)
03-02 11:32:43.181 13966 13966 W aoix    : 	at android.os.HandlerThread.run(HandlerThread.java:85)
03-02 11:32:43.209 13966  4780 I cn_CronetUrlRequestContext: destroyNativeStreamLocked android.net.connectivity.org.chromium.net.impl.CronetBidirectionalStream@e9b56c5
03-02 11:32:43.216 13966  4112 I amto    : (REDACTED) Network status %s
03-02 11:32:43.222 13966 13966 I aoyz    : Successfully executed activity foreground action
03-02 11:32:43.223 13966 14142 I eliu    : Scheduling next wakeup
03-02 11:32:43.226 13966 14142 I eljx    : Scheduling next periodic WorkManager workers
03-02 11:32:43.233  1621  2192 D AS.BtHelper: isBluetoothScoOn() mBluetoothHeadset is null: falsemBluetoothHeadsetDevice is null: true
03-02 11:32:43.233  1621  2192 V AS.AudioDeviceBroker: requestedCommunicationDevice: null mAudioModeOwner: AudioModeInfo: mMode=MODE_NORMAL, mPid=0, mUid=0
03-02 11:32:43.234  1621  2188 D AS.BtHelper: isBluetoothScoOn() mBluetoothHeadset is null: falsemBluetoothHeadsetDevice is null: true
03-02 11:32:43.234  1621  2188 V AS.AudioDeviceBroker: requestedCommunicationDevice: null mAudioModeOwner: AudioModeInfo: mMode=MODE_NORMAL, mPid=0, mUid=0
03-02 11:32:43.265 13966 13999 D WM-GreedyScheduler: Cancelling work ID ee041626-2741-4bb2-bdee-52802543b7a2
03-02 11:32:43.269  1621  1631 I system_server: Background young concurrent mark compact GC freed 32MB AllocSpace bytes, 6(120KB) LOS objects, 19% free, 145MB/181MB, paused 8.900ms,22.245ms total 437.786ms
03-02 11:32:43.301 13966 13999 D WM-SystemJobScheduler: Scheduling work ID ee041626-2741-4bb2-bdee-52802543b7a2Job ID 81431
03-02 11:32:43.306 13966 13999 D WM-GreedyScheduler: Ignoring {WorkSpec: 81f14494-7074-40cf-ac14-81e9e2c7798d}. Requires device idle.
03-02 11:32:43.306 13966 13999 D WM-GreedyScheduler: Ignoring {WorkSpec: cc0dfbad-6330-43bc-8f77-26dd744cd5e6}. Requires device idle.
03-02 11:32:43.307 13966 13999 D WM-GreedyScheduler: Ignoring {WorkSpec: a51481c7-e4c9-451c-bdc2-2e4eb997ab34}. Requires device idle.
03-02 11:32:43.307 13966 13999 D WM-GreedyScheduler: Ignoring {WorkSpec: 29e606aa-76ab-486e-8858-ed98221a2d42}. Requires device idle.
03-02 11:32:43.307 13966 13999 D WM-GreedyScheduler: Starting tracking for deddbb12-6e2c-4dd3-88ea-d081317b1d61,2b2eb860-868a-4a9b-ba23-1c24e4c765ff,84f577ae-1a52-43f8-8689-34785215562a,f6a2dace-f791-4b4d-9d57-f4ff41ceeee8,ef8f816e-bee9-4c4a-bbf3-a471075e5cc2,901d1342-c407-4bf1-90a8-8351c1c5362d
03-02 11:32:43.324  1621  2192 D FileUtils: Rounded bytes from 8055762944 to 16000000000
03-02 11:32:43.329 13966 13999 D WM-GreedyScheduler: Cancelling work ID 84f577ae-1a52-43f8-8689-34785215562a
03-02 11:32:43.362 13966 13999 D WM-SystemJobScheduler: Scheduling work ID 84f577ae-1a52-43f8-8689-34785215562aJob ID 81432
03-02 11:32:43.370 13966 13999 D WM-GreedyScheduler: Ignoring {WorkSpec: 81f14494-7074-40cf-ac14-81e9e2c7798d}. Requires device idle.
03-02 11:32:43.371 13966 13999 D WM-GreedyScheduler: Ignoring {WorkSpec: cc0dfbad-6330-43bc-8f77-26dd744cd5e6}. Requires device idle.
03-02 11:32:43.371 13966 13999 D WM-GreedyScheduler: Ignoring {WorkSpec: a51481c7-e4c9-451c-bdc2-2e4eb997ab34}. Requires device idle.
03-02 11:32:43.371 13966 13999 D WM-GreedyScheduler: Ignoring {WorkSpec: 29e606aa-76ab-486e-8858-ed98221a2d42}. Requires device idle.
03-02 11:32:43.371 13966 13999 D WM-GreedyScheduler: Starting tracking for deddbb12-6e2c-4dd3-88ea-d081317b1d61,2b2eb860-868a-4a9b-ba23-1c24e4c765ff,f6a2dace-f791-4b4d-9d57-f4ff41ceeee8,ef8f816e-bee9-4c4a-bbf3-a471075e5cc2,901d1342-c407-4bf1-90a8-8351c1c5362d
03-02 11:32:43.385 13966 13999 D WM-GreedyScheduler: Cancelling work ID 013360bb-07f0-4a1c-a78b-9ea063d26c6a
03-02 11:32:43.400 13966 13999 D WM-SystemJobScheduler: Scheduling work ID 013360bb-07f0-4a1c-a78b-9ea063d26c6aJob ID 81433
03-02 11:32:43.405 13966 13999 D WM-GreedyScheduler: Ignoring {WorkSpec: 81f14494-7074-40cf-ac14-81e9e2c7798d}. Requires device idle.
03-02 11:32:43.406 13966 13999 D WM-GreedyScheduler: Ignoring {WorkSpec: cc0dfbad-6330-43bc-8f77-26dd744cd5e6}. Requires device idle.
03-02 11:32:43.406 13966 13999 D WM-GreedyScheduler: Ignoring {WorkSpec: a51481c7-e4c9-451c-bdc2-2e4eb997ab34}. Requires device idle.
03-02 11:32:43.406 13966 13999 D WM-GreedyScheduler: Ignoring {WorkSpec: 29e606aa-76ab-486e-8858-ed98221a2d42}. Requires device idle.
03-02 11:32:43.406 13966 13999 D WM-GreedyScheduler: Starting tracking for deddbb12-6e2c-4dd3-88ea-d081317b1d61,2b2eb860-868a-4a9b-ba23-1c24e4c765ff,f6a2dace-f791-4b4d-9d57-f4ff41ceeee8,ef8f816e-bee9-4c4a-bbf3-a471075e5cc2,901d1342-c407-4bf1-90a8-8351c1c5362d
03-02 11:32:43.423 13966 13999 D WM-GreedyScheduler: Cancelling work ID 84f577ae-1a52-43f8-8689-34785215562a
03-02 11:32:43.442 13966 13999 D WM-SystemJobScheduler: Scheduling work ID 84f577ae-1a52-43f8-8689-34785215562aJob ID 81434
03-02 11:32:43.447 13966 13999 D WM-GreedyScheduler: Ignoring {WorkSpec: 81f14494-7074-40cf-ac14-81e9e2c7798d}. Requires device idle.
03-02 11:32:43.448 13966 13999 D WM-GreedyScheduler: Ignoring {WorkSpec: cc0dfbad-6330-43bc-8f77-26dd744cd5e6}. Requires device idle.
03-02 11:32:43.448 13966 13999 D WM-GreedyScheduler: Ignoring {WorkSpec: a51481c7-e4c9-451c-bdc2-2e4eb997ab34}. Requires device idle.
03-02 11:32:43.448 13966 13999 D WM-GreedyScheduler: Ignoring {WorkSpec: 29e606aa-76ab-486e-8858-ed98221a2d42}. Requires device idle.
03-02 11:32:43.448 13966 13999 D WM-GreedyScheduler: Starting tracking for deddbb12-6e2c-4dd3-88ea-d081317b1d61,2b2eb860-868a-4a9b-ba23-1c24e4c765ff,f6a2dace-f791-4b4d-9d57-f4ff41ceeee8,ef8f816e-bee9-4c4a-bbf3-a471075e5cc2,901d1342-c407-4bf1-90a8-8351c1c5362d
03-02 11:32:43.454 13966  4112 I eljx    : Successfully scheduled next periodic workers
03-02 11:32:43.458 13966 13998 I eliu    : #sync() complete
03-02 11:32:43.461  2363  2540 E SurfaceComposerClient: SurfaceComposerClient::Transaction::setAlpha: invalid alpha 1.000005, clamping
03-02 11:32:43.465 13966 13981 V ClearcutMetricXmitter: Transmission is done.
03-02 11:32:43.468 13966 13981 V ClearcutMetricXmitter: Transmission is done.
03-02 11:32:43.468 13966 13998 D RemoteListenableDelegatingWorker: Cleaning up
03-02 11:32:43.472 13966 13998 I WM-WorkerWrapper: Worker result SUCCESS for Work [ id=4e13008e-efe0-4084-9078-c3892c33f025, tags={ com.google.apps.tiktok.contrib.work.TikTokListenableWorker,com.google.apps.tiktok.sync.impl.workmanager.SyncPeriodicWorker_proc<search>,sync_constraint:charger,TikTokWorker#com.google.apps.tiktok.sync.impl.workmanager.SyncPeriodicWorker } ]
03-02 11:32:43.477  2363  2540 E SurfaceComposerClient: SurfaceComposerClient::Transaction::setAlpha: invalid alpha 1.000044, clamping
03-02 11:32:43.478 13966 13966 D WM-Processor: ocn 4e13008e-efe0-4084-9078-c3892c33f025 executed; reschedule = false
03-02 11:32:43.478 13966 13966 D WM-GreedyScheduler: Stopping tracking for WorkGenerationalId(workSpecId=4e13008e-efe0-4084-9078-c3892c33f025, generation=3132)
03-02 11:32:43.478 13966 13966 D WM-SystemJobService: 4e13008e-efe0-4084-9078-c3892c33f025 executed on JobScheduler
03-02 11:32:43.480  1621  2188 I whetstone.activity: Power Event callback listener is empty for resId=256
03-02 11:32:43.480  1621  2188 D BatteryStatsManagerStub: notifyEvent for resId=256 used 1ms
03-02 11:32:43.485 13966 13998 D WM-GreedyScheduler: Cancelling work ID 4e13008e-efe0-4084-9078-c3892c33f025
03-02 11:32:43.494 13966 13998 D WM-SystemJobScheduler: Scheduling work ID 4e13008e-efe0-4084-9078-c3892c33f025Job ID 81435
03-02 11:32:43.494  2363  2540 E SurfaceComposerClient: SurfaceComposerClient::Transaction::setAlpha: invalid alpha 1.000064, clamping
03-02 11:32:43.496  2363  2540 E SurfaceComposerClient: SurfaceComposerClient::Transaction::setAlpha: invalid alpha 1.000064, clamping
03-02 11:32:43.497  2363  2477 D SoScUtils: monitorTransitionFinished transition:android.os.BinderProxy@949e5a2 transaction: android.view.SurfaceControl$Transaction@8edd06f mRequestCloseTransition:null mRequestOpenTransition:null mRequestOpenTransitionWithSameTask size:0 mPairsOpenTransition:null mPairsOpenTransitionNull:null mRequestOpenTriggerTask:-1 mRequestCloseTriggerTask:-1 mOrientationTransition: null mMainStartingTask:-1 mSideStartingTask:-1
03-02 11:32:43.497 13966 13998 D WM-GreedyScheduler: Ignoring {WorkSpec: 81f14494-7074-40cf-ac14-81e9e2c7798d}. Requires device idle.
03-02 11:32:43.497 13966 13998 D WM-GreedyScheduler: Ignoring {WorkSpec: cc0dfbad-6330-43bc-8f77-26dd744cd5e6}. Requires device idle.
03-02 11:32:43.497 13966 13998 D WM-GreedyScheduler: Ignoring {WorkSpec: a51481c7-e4c9-451c-bdc2-2e4eb997ab34}. Requires device idle.
03-02 11:32:43.497 13966 13998 D WM-GreedyScheduler: Ignoring {WorkSpec: 29e606aa-76ab-486e-8858-ed98221a2d42}. Requires device idle.
03-02 11:32:43.498 13966 13998 D WM-GreedyScheduler: Starting tracking for deddbb12-6e2c-4dd3-88ea-d081317b1d61,2b2eb860-868a-4a9b-ba23-1c24e4c765ff,f6a2dace-f791-4b4d-9d57-f4ff41ceeee8,ef8f816e-bee9-4c4a-bbf3-a471075e5cc2,901d1342-c407-4bf1-90a8-8351c1c5362d
03-02 11:32:43.500  1621  1638 D WindowManager: Finish Transition (#10181): created at 03-02 11:32:42.554 collect-started=0.037ms request-sent=29.438ms started=36.888ms ready=236.35ms sent=247.447ms finished=946.095ms
03-02 11:32:43.502 27281 27281 D VRI[LauncherMinusOneScreen]: visibilityChanged oldVisibility=true newVisibility=false
03-02 11:32:43.503 11917 11917 D VRI[globalminusscreen]: visibilityChanged oldVisibility=true newVisibility=false
03-02 11:32:43.503  1999  1999 D VRI[Launcher]: visibilityChanged oldVisibility=true newVisibility=false
03-02 11:32:43.503  1621  2188 I Transition: finishTransition: updateLastSurfacePosition tf=Task{9b18635 #37045 type=standard A=10337:com.softnation.Ojam}
03-02 11:32:43.504 13966 13966 D VRI[FloatyActivity]: visibilityChanged oldVisibility=true newVisibility=false
03-02 11:32:43.505   921  1166 W VsyncModulator: setTransactionSchedule: Unexpected EarlyEnd
03-02 11:32:43.505  2363  2477 I RemoteTransitionHandlerStubImpl: invokeAndRemoveWctCB transition is null, curWctCB: null
03-02 11:32:43.506  2061  2061 I MiuiWallpaper-MiuiKeyguardPictorialWallpaper: onVisibilityChanged, visible = false, ret=true
03-02 11:32:43.506  1621  2834 W UserManagerService: Requested status bar icon for non-badged user 0
03-02 11:32:43.507  1621  2834 W UserManagerService: Requested status bar icon for non-badged user 0
03-02 11:32:43.507  2061  2061 I MiuiWallpaper-ImageWallpaper: onVisibilityChanged, visible = false, ret=true
03-02 11:32:43.511  1621  2192 W UserManagerService: Requested status bar icon for non-badged user 0
03-02 11:32:43.518  1621  1651 I ActivityTaskManager: visible for Task{9b18635 #37045 type=standard A=10337:com.softnation.Ojam} visible = true isAnimating = false TRANSITION = false PARENTS = false CHILDREN = false
03-02 11:32:43.519   921   921 I SurfaceFlinger: onHandleDestroyed: name=Transition Root #10181: Task=37045#134389, layerId=134389, parentId=0
03-02 11:32:43.525   921   921 I MI-SF   : surfaceflinger setAffinity mode=0
03-02 11:32:43.526   921   921 E MI-SF   : surfaceflinger setAffinity success
03-02 11:32:43.528  2363  2477 D MiuiFreeformModeCornerTipHandler: task#37027 onTaskVanished
03-02 11:32:43.528  2363  2477 I MiuiBubbleController: removeBubble: 37027 reason=2
03-02 11:32:43.530  2363  2477 I MultiTaskingTaskInfo: before call clearMaskControl task id = 37027, CoverLayerController = null, callers=com.android.wm.shell.multitasking.taskmanager.MultiTaskingTaskListener.onTaskInfoChanged:268 com.android.wm.shell.ShellTaskOrganizer.onTaskInfoChanged:145 android.window.TaskOrganizer$1.lambda$onTaskInfoChanged$7:322 android.window.TaskOrganizer$1.$r8$lambda$WEHIPeFifg1My6LbK9dElRxchX4:0 android.window.TaskOrganizer$1$$ExternalSyntheticLambda7.run:0 
03-02 11:32:43.531  2363  2477 I MultiTaskingTaskRepository: onTaskInfoChanged multi list = [5, 4], full = [37045, 37027, 37019, 36980]
03-02 11:32:43.532  1621  1651 D MiuiRefreshRatePolicy: reset
03-02 11:32:43.533  1999  2759 D EventBus: No subscribers registered for event class com.miui.home.recents.messages.RecentTasksChangedEvent
03-02 11:32:43.533  1999  2759 D EventBus: No subscribers registered for event class org.greenrobot.eventbus.NoSubscriberEvent
03-02 11:32:43.534  2363  2477 I MultiTaskingTaskRepository: needSkip: is home task
03-02 11:32:43.534  1999  2684 D RecentsModel: onTaskStackChangedBackground    MSG_TASK_STACK_CHANGE
03-02 11:32:43.534  1999  2684 D RecentsModel: boostTaskStackChangedThread once, tid=2684, recentResourceLoaderTid=2525
03-02 11:32:43.535  1621  1651 I ActivityTaskManager: visible for Task{9b18635 #37045 type=standard A=10337:com.softnation.Ojam} visible = true isAnimating = false TRANSITION = false PARENTS = false CHILDREN = false
03-02 11:32:43.534   861   947 I libPerfCtl: xgfGetFPS pid:921 fps:-1
03-02 11:32:43.535  1999  2684 W MiBridge: Permission not granted !!
03-02 11:32:43.535  1999  2684 D Launcher.Boost: setDynamicVIPTaskIfNeeded::tid = 2684 duration = 500
03-02 11:32:43.535   861   947 I libPerfCtl: xgfGetFPS pid:2363 fps:-1
03-02 11:32:43.535   861   947 I libPerfCtl: xgfGetFPS pid:13966 fps:-1
03-02 11:32:43.535   921   921 I BufferQueueDebug: [Transition Root #10181: Task=37045#134389](this:0xb400007bcecc5298,id:-1,api:0,p:-1,c:921) onDestructor()
03-02 11:32:43.536   921   921 I SurfaceFlinger: onHandleDestroyed: name=b724b3 ActivityRecordInputSink com.miui.home/.launcher.Launcher#134382, layerId=134382, parentId=0
03-02 11:32:43.537   921   921 I SurfaceFlinger: onHandleDestroyed: name=cb85cd3 ActivityRecordInputSink com.google.android.googlequicksearchbox/com.google.android.apps.search.assistant.surfaces.voice.robin.ui.floaty.activity.FloatyActivity#134383, layerId=134383, parentId=0
03-02 11:32:43.537  1999  2759 D EventBus: No subscribers registered for event class com.miui.home.recents.messages.RecentTasksChangedEvent
03-02 11:32:43.537  1999  2759 D EventBus: No subscribers registered for event class org.greenrobot.eventbus.NoSubscriberEvent
03-02 11:32:43.539  1621  2188 D MiuiRefreshRatePolicy: reset
03-02 11:32:43.546  1621  4764 D MiuiRefreshRatePolicy: reset
03-02 11:32:43.546  1999  1999 D BLASTBufferQueue: [VRI[Launcher]#1204](f:0,a:1) destructor()
03-02 11:32:43.547   921  1587 I BpBinder: onLastStrongRef automatically unlinking death recipients: 
03-02 11:32:43.547  1999  1999 D BufferQueueConsumer: [VRI[Launcher]#1204(BLAST Consumer)1204](id:7cf0000057c,api:0,p:-1,c:1999) disconnect
03-02 11:32:43.551   921   921 I BufferQueueDebug: [cb85cd3 ActivityRecordInputSink com.google.android.googlequicksearchbox/com.google.android.apps.search.assistant.surfaces.voice.robin.ui.floaty.activity.FloatyActivity#134383](this:0xb400007bcecbf778,id:-1,api:0,p:-1,c:921) onDestructor()
03-02 11:32:43.552   921   921 I BufferQueueDebug: [b724b3 ActivityRecordInputSink com.miui.home/.launcher.Launcher#134382](this:0xb400007bcecc8028,id:-1,api:0,p:-1,c:921) onDestructor()
03-02 11:32:43.553  1621  2834 I SmartPower: com.mi.globalminusscreen/10162(11917): visible->invisible(1430ms) R(become invisible) adj=100.
03-02 11:32:43.553  1621  2834 I SmartPower: com.mi.globalminusscreen/10162(11917): invisible->background(1ms) R(become background) adj=100.
03-02 11:32:43.553  1621  2834 I SmartPower: com.google.android.googlequicksearchbox:search/10165(13966): visible->invisible(1088ms) R(become invisible) adj=0.
03-02 11:32:43.554  1621  2834 I SmartPower: com.miui.home/10166(1999): visible->invisible(1094ms) R(become invisible) adj=100.
03-02 11:32:43.554 13966 13966 D BLASTBufferQueue: [VRI[FloatyActivity]#13](f:0,a:3) destructor()
03-02 11:32:43.555  1621  1922 I SmartPower: com.google.android.adservices.api/10261(5464): idle->background(392058ms) R(add to whitelist) adj=0.
03-02 11:32:43.555  1621  2834 I SmartPower: com.miui.home/10166(1999): invisible->background(1ms) R(become background) adj=100.
03-02 11:32:43.555  1621  1922 I SmartPower: com.google.android.webview:sandboxed_process0:org.chromium.content.app.SandboxedPridle->background(392058ms) R(add to whitelist) adj=100.
03-02 11:32:43.555   921  1587 I BpBinder: onLastStrongRef automatically unlinking death recipients: 
03-02 11:32:43.557 13966 13966 D BufferQueueConsumer: [VRI[FloatyActivity]#13(BLAST Consumer)13](id:368e0000000d,api:0,p:-1,c:13966) disconnect
