03-02 11:03:29.208   843  1348 I AHAL_Stream: pause()
03-02 11:03:29.208   843  1348 D MTKAdapterStreamLayer: pause(), 
03-02 11:03:29.208   843  1348 D AudioALSAStreamOut: pause() 0xb40000786189f7d0
03-02 11:03:29.209   843  1348 D AHAL_Stream: cycle: writing reply Reply{status: 0, fmqByteCount: 0, observable: Position{frames: 4786380864, timeNs: 611002743239109}, hardware: Position{frames: -1, timeNs: -1}, latencyMs: 85, xrunFrames: 0, state: PAUSED}
03-02 11:03:29.209   894  1349 D StreamHalAidl: 0xb400007450ca2e50 StreamOutHalAidl::flush
03-02 11:03:29.209   843  1348 D AHAL_Stream: cycle: received command Command{flush: Void{}} in writer
03-02 11:03:29.209   843  1348 I AHAL_Stream: flush()
03-02 11:03:29.209   843  1348 D MTKAdapterStreamLayer: flush(), 
03-02 11:03:29.209   843  1348 D AudioALSAStreamOut: flush() 0xb40000786189f7d0
03-02 11:03:29.209   843  1348 D AHAL_Stream: cycle: writing reply Reply{status: 0, fmqByteCount: 0, observable: Position{frames: 4786380864, timeNs: 611002743239109}, hardware: Position{frames: -1, timeNs: -1}, latencyMs: 85, xrunFrames: 0, state: IDLE}
03-02 11:03:29.209   843  1348 D AHAL_Stream: cycle: received command Command{standby: Void{}} in writer
03-02 11:03:29.209   843  1348 D AudioALSAStreamOut: standby(), flag 8
03-02 11:03:29.209   843  1348 D AudioALSAStreamOut: standbyStreamOut(), halRequest 0, mDestroy 0, flag 8
03-02 11:03:29.209   843  1348 D AudioALSAStreamOut: close_l(), flags 8
03-02 11:03:29.209   843  1348 D AudioALSAHardware: [DEBUG] setDeviceStatusChanged: devices=[0x2], isOpen=[0], isFast=[0]
03-02 11:03:29.209   843  1348 D AudioALSAPlaybackHandlerMixer: close(+), source flag 8, mDevice = 0x2, buffer_size 16384
03-02 11:03:29.209   843  1348 D audio_sw_mixer: sw_mixer_source_detach(), MIXER_PLAYBACK  , name T_DEEP
03-02 11:03:29.209   843  1348 D audio_sw_mixer: sw_mixer_manager_destroy_path(), MIXER_PLAYBACK  , path T_DEEP=>T_PRIMARY
03-02 11:03:29.209   843  1348 D audio_sw_mixer: dump_path_list(), MIXER_PLAYBACK  , no path
03-02 11:03:29.209   843  1348 W audio_sw_mixer: sw_mixer_manager_destroy_path(-), MIXER_PLAYBACK  , path T_DEEP=>T_PRIMARY, rb cnt 32768, conv close 0.002 ms
03-02 11:03:29.210   843  1348 D audio_sw_mixer: sw_mixer_target_detach(), MIXER_PLAYBACK  , name T_PRIMARY
03-02 11:03:29.215   849   868 I hwcomposer: [HWCDisplay] (0 updateFps():3667), (type:1, mode:2) fps:56.882896,dur:1002.06,max:49.46,min:11.86  
03-02 11:03:29.236   843  1058 D audio_sw_mixer: sw_mixer_mix_thread(), thread mix1:0 idle
03-02 11:03:29.237   843  1348 D AudioALSAPlaybackHandlerNormal: +close(), flag = 8, mDevice = 0x2
03-02 11:03:29.237   843  1348 D AudioALSAHardwareResourceManager: +stopOutputDevice(), mOutputDevices = 0x2, mStartOutputDevicesCount = 69
03-02 11:03:29.239   843  1348 D AudioALSAPlaybackHandlerBase: -closePcmDriver(), mPcm = 0x0
03-02 11:03:29.239   843  1348 D AudioALSADeviceConfigManager: ApplyDeviceTurnoffSequenceByName(), DeviceName = PLAYBACK2_TO_ADDA_DL descriptor->DeviceStatusCounter = 1, Ctlsize=4
03-02 11:03:29.239   843  1348 D AudioALSAPlaybackHandlerBase: DestroyAurisysLibManager()
03-02 11:03:29.239   843  1348 D aurisys_lib_handler: aurisys_arsi_destroy_handler(), lib_name aurisys_demo, 0xb40000788189bac0, arsi_destroy_handler, arsi_handler = 0xb40000788189bf10, retval = 0
03-02 11:03:29.239   843  1348 D sixth_if_gift: sixth_arsi_destroy_handler : run !!!
03-02 11:03:29.239   843  1348 E sixth_if_gift: sixth_vdd_timer_stop, timer not start
03-02 11:03:29.239   843  1348 D sixth_if_gift: tuning_misc_dev_close : run !!!
03-02 11:03:29.239   843  1348 D sixth_core: size = 307168
03-02 11:03:29.239   843  1348 D sixth_core: [sixth_core_if_exit]  : done 
03-02 11:03:29.239   843  1348 D sixth_if_gift: sixth_arsi_destroy_handler : done !!!
03-02 11:03:29.239   843  1348 D aurisys_lib_handler: aurisys_arsi_destroy_handler(), lib_name sia81xx_sixth, 0xb4000078818975c0, arsi_destroy_handler, arsi_handler = 0xb4000079bcf14eb0, retval = 0
03-02 11:03:29.240   843  1348 D aurisys_lib_manager: delete_aurisys_lib_manager(), manager 0xb4000077d18b1250
03-02 11:03:29.240   843  1348 D AudioALSAPlaybackHandlerNormal: -close()
03-02 11:03:29.240   843  1348 D AudioALSAPlaybackHandlerBase: DestroyAurisysLibManager()
03-02 11:03:29.240   843  1348 I android.hardware.audio.service-aidl.mediatek: misound4_arsi_destroy_handler misound_arsi_destroy_handler
03-02 11:03:29.240   843  1348 D aurisys_lib_handler: aurisys_arsi_destroy_handler(), lib_name misound, 0xb400007881891290, arsi_destroy_handler, arsi_handler = 0xb4000078f196cb70, retval = 0
03-02 11:03:29.241   843  1348 D aurisys_lib_manager: delete_aurisys_lib_manager(), manager 0xb4000077d18b1bf0
03-02 11:03:29.241   843  1348 D AudioALSAPlaybackHandlerMixer: close(-)
03-02 11:03:29.241   843  1348 D AudioALSAStreamManager: routingOutputDeviceForIEMs()
03-02 11:03:29.241   843  1348 D AHAL_Stream: cycle: writing reply Reply{status: 0, fmqByteCount: 0, observable: Position{frames: 4786380864, timeNs: 611002743239109}, hardware: Position{frames: -1, timeNs: -1}, latencyMs: 85, xrunFrames: 0, state: STANDBY}
03-02 11:03:29.255  1621  2986 D FileUtils: Rounded bytes from 8055762944 to 16000000000
03-02 11:03:29.261 13966  4809 V ClearcutMetricXmitter: Transmission is done.
03-02 11:03:29.271  2363  2540 E SurfaceComposerClient: SurfaceComposerClient::Transaction::setAlpha: invalid alpha 1.000005, clamping
03-02 11:03:29.272 13966  4809 V ClearcutMetricXmitter: Transmission is done.
03-02 11:03:29.287  2363  2540 E SurfaceComposerClient: SurfaceComposerClient::Transaction::setAlpha: invalid alpha 1.000044, clamping
03-02 11:03:29.292   861   947 I libPerfCtl: xgfGetFPS pid:921 fps:-1
03-02 11:03:29.292   861   947 I libPerfCtl: xgfGetFPS pid:1999 fps:-1
03-02 11:03:29.292   861   947 I libPerfCtl: xgfGetFPS pid:2363 fps:-1
03-02 11:03:29.292   861   947 I libPerfCtl: xgfGetFPS pid:13966 fps:-1
03-02 11:03:29.304  2363  2540 E SurfaceComposerClient: SurfaceComposerClient::Transaction::setAlpha: invalid alpha 1.000063, clamping
03-02 11:03:29.321  2363  2540 E SurfaceComposerClient: SurfaceComposerClient::Transaction::setAlpha: invalid alpha 1.000064, clamping
03-02 11:03:29.322  2363  2540 E SurfaceComposerClient: SurfaceComposerClient::Transaction::setAlpha: invalid alpha 1.000064, clamping
03-02 11:03:29.323  2363  2477 D SoScUtils: monitorTransitionFinished transition:android.os.BinderProxy@e4d5847 transaction: android.view.SurfaceControl$Transaction@42a438c mRequestCloseTransition:null mRequestOpenTransition:null mRequestOpenTransitionWithSameTask size:0 mPairsOpenTransition:null mPairsOpenTransitionNull:null mRequestOpenTriggerTask:-1 mRequestCloseTriggerTask:-1 mOrientationTransition: null mMainStartingTask:-1 mSideStartingTask:-1
03-02 11:03:29.326  1621  1638 D WindowManager: Finish Transition (#10159): created at 03-02 11:03:28.519 collect-started=0.059ms request-sent=18.354ms started=25.065ms ready=121.961ms sent=146.615ms finished=805.935ms
03-02 11:03:29.328 14013 14013 D VRI[LauncherMinusOneScreen]: visibilityChanged oldVisibility=true newVisibility=false
03-02 11:03:29.328  1999  1999 D VRI[Launcher]: visibilityChanged oldVisibility=true newVisibility=false
03-02 11:03:29.328  1621  2986 I Transition: finishTransition: updateLastSurfacePosition tf=Task{2e7af4 #37033 type=standard A=10337:com.softnation.Ojam}
03-02 11:03:29.329 13966 13966 D VRI[FloatyActivity]: visibilityChanged oldVisibility=true newVisibility=false
03-02 11:03:29.330   921  1166 W VsyncModulator: setTransactionSchedule: Unexpected EarlyEnd
03-02 11:03:29.330 11917 11917 D VRI[globalminusscreen]: visibilityChanged oldVisibility=true newVisibility=false
03-02 11:03:29.331  2363  2477 I RemoteTransitionHandlerStubImpl: invokeAndRemoveWctCB transition is null, curWctCB: null
03-02 11:03:29.336  1621  2662 W UserManagerService: Requested status bar icon for non-badged user 0
03-02 11:03:29.336  2061  2061 I MiuiWallpaper-ImageWallpaper: onVisibilityChanged, visible = false, ret=true
03-02 11:03:29.336  1621  2662 W UserManagerService: Requested status bar icon for non-badged user 0
03-02 11:03:29.338  1621  2986 W UserManagerService: Requested status bar icon for non-badged user 0
03-02 11:03:29.339  2061  2061 I MiuiWallpaper-MiuiKeyguardPictorialWallpaper: onVisibilityChanged, visible = false, ret=true
03-02 11:03:29.341  1621  2986 I SmartPower: com.mi.globalminusscreen/10162(11917): visible->invisible(1309ms) R(become invisible) adj=100.
03-02 11:03:29.342  1621  2986 I SmartPower: com.mi.globalminusscreen/10162(11917): invisible->background(1ms) R(become background) adj=100.
03-02 11:03:29.342   921   921 I SurfaceFlinger: onHandleDestroyed: name=Transition Root #10159: Task=37033#133769, layerId=133769, parentId=0
03-02 11:03:29.342  1621  2986 I SmartPower: com.google.android.googlequicksearchbox:search/10165(13966): visible->invisible(996ms) R(become invisible) adj=0.
03-02 11:03:29.343  1621  2986 I SmartPower: com.miui.home/10166(1999): visible->invisible(998ms) R(become invisible) adj=100.
03-02 11:03:29.343  1621  2986 I SmartPower: com.miui.home/10166(1999): invisible->background(0ms) R(become background) adj=100.
03-02 11:03:29.349  1621  2986 D MiuiRefreshRatePolicy: reset
03-02 11:03:29.351   921   921 I MI-SF   : surfaceflinger setAffinity mode=0
03-02 11:03:29.351   921   921 E MI-SF   : surfaceflinger setAffinity success
03-02 11:03:29.357  2363  2477 D MiuiFreeformModeCornerTipHandler: task#37027 onTaskVanished
03-02 11:03:29.358  2363  2477 I MiuiBubbleController: removeBubble: 37027 reason=2
03-02 11:03:29.359  2363  2477 I MultiTaskingTaskInfo: before call clearMaskControl task id = 37027, CoverLayerController = null, callers=com.android.wm.shell.multitasking.taskmanager.MultiTaskingTaskListener.onTaskInfoChanged:268 com.android.wm.shell.ShellTaskOrganizer.onTaskInfoChanged:145 android.window.TaskOrganizer$1.lambda$onTaskInfoChanged$7:322 android.window.TaskOrganizer$1.$r8$lambda$WEHIPeFifg1My6LbK9dElRxchX4:0 android.window.TaskOrganizer$1$$ExternalSyntheticLambda7.run:0 
03-02 11:03:29.359  2363  2477 I MultiTaskingTaskRepository: onTaskInfoChanged multi list = [5, 4], full = [37033, 37027, 37019, 36980]
03-02 11:03:29.361  2363  2477 I MultiTaskingTaskRepository: needSkip: is home task
03-02 11:03:29.362  1999  2756 D EventBus: No subscribers registered for event class com.miui.home.recents.messages.RecentTasksChangedEvent
03-02 11:03:29.363   921   921 I BufferQueueDebug: [Transition Root #10159: Task=37033#133769](this:0xb400007bcecb13a8,id:-1,api:0,p:-1,c:921) onDestructor()
03-02 11:03:29.364  1999  2756 D EventBus: No subscribers registered for event class org.greenrobot.eventbus.NoSubscriberEvent
03-02 11:03:29.365  1999  2756 D EventBus: No subscribers registered for event class com.miui.home.recents.messages.RecentTasksChangedEvent
03-02 11:03:29.365  1999  2756 D EventBus: No subscribers registered for event class org.greenrobot.eventbus.NoSubscriberEvent
03-02 11:03:29.365  1999  2684 D RecentsModel: onTaskStackChangedBackground    MSG_TASK_STACK_CHANGE
03-02 11:03:29.365  1999  2684 D RecentsModel: boostTaskStackChangedThread once, tid=2684, recentResourceLoaderTid=2525
03-02 11:03:29.365  1999  2684 W MiBridge: Permission not granted !!
03-02 11:03:29.365  1999  2684 D Launcher.Boost: setDynamicVIPTaskIfNeeded::tid = 2684 duration = 500
03-02 11:03:29.365 11917 11917 D BLASTBufferQueue: [VRI[globalminusscreen]#37](f:0,a:1) destructor()
03-02 11:03:29.366   921  1587 I BpBinder: onLastStrongRef automatically unlinking death recipients: 
03-02 11:03:29.367 11917 11917 D BufferQueueConsumer: [VRI[globalminusscreen]#37(BLAST Consumer)37](id:2e8d00000025,api:0,p:-1,c:11917) disconnect
03-02 11:03:29.369  1621  2986 I ATMSImpl: cacheTasksForDefaultDisplay size=5
03-02 11:03:29.372  1621  1651 I ActivityTaskManager: visible for Task{2e7af4 #37033 type=standard A=10337:com.softnation.Ojam} visible = true isAnimating = false TRANSITION = false PARENTS = false CHILDREN = false
03-02 11:03:29.378  1621  2665 D MiuiRefreshRatePolicy: reset
03-02 11:03:29.382  1621  2188 D MiuiRefreshRatePolicy: reset
03-02 11:03:29.383  1999  1999 D BLASTBufferQueue: [VRI[Launcher]#1196](f:0,a:1) destructor()
03-02 11:03:29.383   921  1587 I BpBinder: onLastStrongRef automatically unlinking death recipients: 
03-02 11:03:29.383  1999  1999 D BufferQueueConsumer: [VRI[Launcher]#1196(BLAST Consumer)1196](id:7cf00000574,api:0,p:-1,c:1999) disconnect
03-02 11:03:29.387  1621  4427 I ATMSImpl: cacheTasksForDefaultDisplay size=5
03-02 11:03:29.387 13966 13966 D BLASTBufferQueue: [VRI[FloatyActivity]#5](f:0,a:3) destructor()
03-02 11:03:29.387   921  1587 I BpBinder: onLastStrongRef automatically unlinking death recipients: 
03-02 11:03:29.389 13966 13966 D BufferQueueConsumer: [VRI[FloatyActivity]#5(BLAST Consumer)5](id:368e00000005,api:0,p:-1,c:13966) disconnect
03-02 11:03:29.389  1621  2662 I SmartPower: com.google.android.googlequicksearchbox:googleapp/10165(14013): visible->invisible(1378ms) R(become invisible) adj=100.
03-02 11:03:29.390  1621  2662 I SmartPower: com.google.android.googlequicksearchbox:search/10165(13966): invisible->background(48ms) R(become background) adj=0.
03-02 11:03:29.390  1621  2662 I SmartPower: com.google.android.googlequicksearchbox:googleapp/10165(14013): invisible->background(1ms) R(become background) adj=100.
03-02 11:03:29.390  1621  2662 I SmartPower: com.google.android.googlequicksearchbox:interactor/10165(5969): invisible->background(1393ms) R(become background) adj=100.
03-02 11:03:29.391  1621  2662 D MiuiRefreshRatePolicy: reset
03-02 11:03:29.392  1999  2684 D RecentsModel: getRunningTask ignoreActivityType : 2 ,ignoreWindowMode:5
03-02 11:03:29.393  1999  2684 W RecentsModel: getRunningTask   taskInfo=TaskInfo{userId=0 taskId=37033 displayId=0 isRunning=true baseIntent=Intent { flg=0x10000000 cmp=com.softnation.Ojam/.MainActivity } baseActivity=ComponentInfo{com.softnation.Ojam/com.softnation.Ojam.MainActivity} topActivity=ComponentInfo{com.softnation.Ojam/com.softnation.Ojam.MainActivity} origActivity=null realActivity=ComponentInfo{com.softnation.Ojam/com.softnation.Ojam.MainActivity} numActivities=1 lastActiveTime=1028768810 supportsSplitScreenMultiWindow=true supportsMultiWindow=true resizeMode=1 isResizeable=true minWidth=-1 minHeight=-1 defaultMinSize=200 token=WCT{android.window.IWindowContainerToken$Stub$Proxy@d9c14bc} topActivityType=1 pictureInPictureParams=null shouldDockBigOverlays=false launchIntoPipHostTaskId=-1 lastParentTaskIdBeforePip=-1 displayCutoutSafeInsets=null topActivityInfo=ActivityInfo{f2e4c45 com.softnation.Ojam.MainActivity} launchCookies=[] positionInParent=Point(0, 0) parentTaskId=-1 isFocused=false isVisible=true isVisibleRequested=true isSleeping=false locusId=null displayAreaFeatureId=1 isTopActivityTransparent=false appCompatTaskInfo=AppCompatTaskInfo { topActivityInSizeCompat=false topActivityEligibleForLetterboxEducation= falseisLetterboxEducationEnabled= false isLetterboxDoubleTapEnabled= false topActivityEligibleForUserAspectRatioButton= false topActivityBoundsLetterboxed= false isFromLetterboxDoubleTap= false topActivityLetterboxVerticalPosition= -1 topActivityLetterboxHorizontalPosition= -1 topActivityLetterboxWidth=1080 topActivityLetterboxHeight=2460 isUserFullscreenOverrideEnabled=false isSystemFullscreenOverrideEnabled=false cameraCompatTaskInfo=CameraCompatTaskInfo { cameraCompatControlState=hidden freeformCameraCompatMode=inactive}} isImmersive=false mTopActivityRequestOrientation=1 mBehindAppLockPkg=null mOriginatingUid=0 isEmbedded=false shouldBeVisible=true mIsCastMode=false mTopActivityMediaSize=null mTopActivityRecordName=ActivityRecord{17d606 u0 com.softnation.Ojam/.MainActivity t37033} mTopActivityOrientation=1}
03-02 11:03:29.393  1999  2684 D RecentsModel: preloadRecents runningTaskId:37033, mCurrentRunningTaskId:-1, mRecentsTaskLoadPlan=com.android.systemui.shared.recents.model.RecentsTaskLoadPlan@451af9a
03-02 11:03:29.393   921   921 I SurfaceFlinger: onHandleDestroyed: name=b724b3 ActivityRecordInputSink com.miui.home/.launcher.Launcher#133762, layerId=133762, parentId=0
03-02 11:03:29.394   921   921 I SurfaceFlinger: onHandleDestroyed: name=cb85cd3 ActivityRecordInputSink com.google.android.googlequicksearchbox/com.google.android.apps.search.assistant.surfaces.voice.robin.ui.floaty.activity.FloatyActivity#133763, layerId=133763, parentId=0
03-02 11:03:29.396  1999  2684 E ActivityManagerWrapper: get all recent tasks force including 37033
03-02 11:03:29.397 14013 14013 D BLASTBufferQueue: [VRI[LauncherMinusOneScreen]#16](f:0,a:1) destructor()
03-02 11:03:29.397  1621  2986 I ATMSImpl: cacheTasksForDefaultDisplay size=5
03-02 11:03:29.397   921  1587 I BpBinder: onLastStrongRef automatically unlinking death recipients: 
03-02 11:03:29.398   849  1423 W hwcomposer: [DRMDEV] paramIsSame(), id 34789, w 1080/1080, h 2460/2460, pitch 1088/1088, format 0x1/0x2, secure 0/0  
03-02 11:03:29.399 14013 14013 D BufferQueueConsumer: [VRI[LauncherMinusOneScreen]#16(BLAST Consumer)16](id:36bd00000010,api:0,p:-1,c:14013) disconnect
03-02 11:03:29.402  1621  1651 I ActivityTaskManager: visible for Task{2e7af4 #37033 type=standard A=10337:com.softnation.Ojam} visible = true isAnimating = false TRANSITION = false PARENTS = false CHILDREN = false
03-02 11:03:29.405  1999  2684 D ActivityManagerWrapper: groupedRecentTaskInfoCompat.getMainTaskId :37027, isExcluded is True
03-02 11:03:29.405  1999  2684 E ActivityManagerWrapper: getRecentTasksForceIncludingTaskIdIfValid: getRecentTasks: size=4
03-02 11:03:29.405  1999  2684 E ActivityManagerWrapper:  mainTaskId=37033   userId=0   windowMode=1   baseIntent=Intent { act=null flag=268435456 cmp=ComponentInfo{com.softnation.Ojam/com.softnation.Ojam.MainActivity} }
03-02 11:03:29.405  1999  2684 E ActivityManagerWrapper:  mainTaskId=37027   userId=0   windowMode=1   baseIntent=Intent { act=null flag=344260608 cmp=ComponentInfo{com.google.android.googlequicksearchbox/com.google.android.apps.search.assistant.surfaces.voice.robin.ui.floaty.activity.FloatyActivity} }
03-02 11:03:29.405  1999  2684 E ActivityManagerWrapper:  mainTaskId=37019   userId=0   windowMode=1   baseIntent=Intent { act=null flag=268435456 cmp=ComponentInfo{com.whatsapp/com.whatsapp.home.ui.HomeActivity} }
03-02 11:03:29.405  1999  2684 E ActivityManagerWrapper:  mainTaskId=36980   userId=0   windowMode=1   baseIntent=Intent { act=android.intent.action.MAIN flag=270532608 cmp=ComponentInfo{com.twitter.android/com.twitter.android.StartActivity} }
03-02 11:03:29.406  1621  1922 I SmartPower: com.google.android.adservices.api/10261(5464): idle->background(256544ms) R(add to whitelist) adj=0.
03-02 11:03:29.406  1621  1922 I SmartPower: com.google.android.webview:sandboxed_process0:org.chromium.content.app.SandboxedPridle->background(256544ms) R(add to whitelist) adj=100.
03-02 11:03:29.407  1621  1666 I SmartPower: com.whatsapp/10300(31638): idle->background(2157ms) R(broadcast start Intent { act=android.intent.action.BATTERY_CHANGED flg=0x60000010 (has extras) }) adj=227.
03-02 11:03:29.409   921   921 I BufferQueueDebug: [b724b3 ActivityRecordInputSink com.miui.home/.launcher.Launcher#133762](this:0xb400007bcec45048,id:-1,api:0,p:-1,c:921) onDestructor()
03-02 11:03:29.409   921   921 I BufferQueueDebug: [cb85cd3 ActivityRecordInputSink com.google.android.googlequicksearchbox/com.google.android.apps.search.assistant.surfaces.voice.robin.ui.floaty.activity.FloatyActivity#133763](this:0xb400007bcecbf778,id:-1,api:0,p:-1,c:921) onDestructor()
03-02 11:03:29.410  1621  1666 I SmartPower: com.facebook.stella/10126(31485): idle->background(2159ms) R(broadcast start Intent { act=android.intent.action.BATTERY_CHANGED flg=0x60000010 (has extras) }) adj=925.
03-02 11:03:29.412  1621  1666 I SmartPower: com.whatsapp/99910300(29736): idle->background(2160ms) R(broadcast start Intent { act=android.intent.action.BATTERY_CHANGED flg=0x60000010 (has extras) }) adj=500.
03-02 11:03:29.413  1621  1666 I SmartPower: com.android.chrome/10174(13210): idle->background(2162ms) R(broadcast start Intent { act=android.intent.action.BATTERY_CHANGED flg=0x60000010 (has extras) }) adj=905.
03-02 11:03:29.413  1999  2684 D TaskSnapshotCompatVV: getIsInvalidateFromTaskSnapshot, return, mTaskSnapshot=null, mTaskSnapshotClazz=null
03-02 11:03:29.417  1621  2986 D skia    : SkJpegCodec::onGetPixels + (648, 1476)
03-02 11:03:29.432  1621  2986 D skia    : SkJpegCodec::onGetPixels -
03-02 11:03:29.432  1621  4427 D AS.BtHelper: isBluetoothScoOn() mBluetoothHeadset is null: falsemBluetoothHeadsetDevice is null: true
03-02 11:03:29.432  1621  4427 V AS.AudioDeviceBroker: requestedCommunicationDevice: null mAudioModeOwner: AudioModeInfo: mMode=MODE_NORMAL, mPid=0, mUid=0
03-02 11:03:29.433  1621  4427 D AS.BtHelper: isBluetoothScoOn() mBluetoothHeadset is null: falsemBluetoothHeadsetDevice is null: true
03-02 11:03:29.433  1621  4427 V AS.AudioDeviceBroker: requestedCommunicationDevice: null mAudioModeOwner: AudioModeInfo: mMode=MODE_NORMAL, mPid=0, mUid=0
03-02 11:03:29.441   921   921 I BufferQueueProducer: [NavigationBar0#101619](this:0xb400007bced454e8,id:-1,api:0,p:-1,c:921) queueBuffer: fps=13.46 dur=1114.59 max=882.20 min=15.73
03-02 11:03:29.446  1999  2684 D TaskSnapshotCompatVV: getIsInvalidateFromTaskSnapshot, isInvalidate=false
03-02 11:03:29.447  1999  2684 D RecentsModel: onTaskStackChangedBackground    MSG_TASK_STACK_CHANGE
03-02 11:03:29.447  1999  2684 D RecentsModel: boostTaskStackChangedThread, don't boost
03-02 11:03:29.449  1621  2986 I ATMSImpl: cacheTasksForDefaultDisplay size=5
03-02 11:03:29.451  1999  2684 D RecentsModel: getRunningTask ignoreActivityType : 2 ,ignoreWindowMode:5
03-02 11:03:29.451  1999  2684 W RecentsModel: getRunningTask   taskInfo=TaskInfo{userId=0 taskId=37033 displayId=0 isRunning=true baseIntent=Intent { flg=0x10000000 cmp=com.softnation.Ojam/.MainActivity } baseActivity=ComponentInfo{com.softnation.Ojam/com.softnation.Ojam.MainActivity} topActivity=ComponentInfo{com.softnation.Ojam/com.softnation.Ojam.MainActivity} origActivity=null realActivity=ComponentInfo{com.softnation.Ojam/com.softnation.Ojam.MainActivity} numActivities=1 lastActiveTime=1028768872 supportsSplitScreenMultiWindow=true supportsMultiWindow=true resizeMode=1 isResizeable=true minWidth=-1 minHeight=-1 defaultMinSize=200 token=WCT{android.window.IWindowContainerToken$Stub$Proxy@18e97f2} topActivityType=1 pictureInPictureParams=null shouldDockBigOverlays=false launchIntoPipHostTaskId=-1 lastParentTaskIdBeforePip=-1 displayCutoutSafeInsets=null topActivityInfo=ActivityInfo{32e9e43 com.softnation.Ojam.MainActivity} launchCookies=[] positionInParent=Point(0, 0) parentTaskId=-1 isFocused=false isVisible=true isVisibleRequested=true isSleeping=false locusId=null displayAreaFeatureId=1 isTopActivityTransparent=false appCompatTaskInfo=AppCompatTaskInfo { topActivityInSizeCompat=false topActivityEligibleForLetterboxEducation= falseisLetterboxEducationEnabled= false isLetterboxDoubleTapEnabled= false topActivityEligibleForUserAspectRatioButton= false topActivityBoundsLetterboxed= false isFromLetterboxDoubleTap= false topActivityLetterboxVerticalPosition= -1 topActivityLetterboxHorizontalPosition= -1 topActivityLetterboxWidth=1080 topActivityLetterboxHeight=2460 isUserFullscreenOverrideEnabled=false isSystemFullscreenOverrideEnabled=false cameraCompatTaskInfo=CameraCompatTaskInfo { cameraCompatControlState=hidden freeformCameraCompatMode=inactive}} isImmersive=false mTopActivityRequestOrientation=1 mBehindAppLockPkg=null mOriginatingUid=0 isEmbedded=false shouldBeVisible=true mIsCastMode=false mTopActivityMediaSize=null mTopActivityRecordName=ActivityRecord{17d606 u0 com.softnation.Ojam/.MainActivity t37033} mTopActivityOrientation=1}
03-02 11:03:29.451  1999  2684 D RecentsModel: preloadRecents runningTaskId:37033, mCurrentRunningTaskId:-1, mRecentsTaskLoadPlan=com.android.systemui.shared.recents.model.RecentsTaskLoadPlan@9e3fcc0
03-02 11:03:29.452  1999  2684 E ActivityManagerWrapper: get all recent tasks force including 37033
03-02 11:03:29.459  1999  2684 D ActivityManagerWrapper: groupedRecentTaskInfoCompat.getMainTaskId :37027, isExcluded is True
03-02 11:03:29.459  1999  2684 E ActivityManagerWrapper: getRecentTasksForceIncludingTaskIdIfValid: getRecentTasks: size=4
03-02 11:03:29.459  1999  2684 E ActivityManagerWrapper:  mainTaskId=37033   userId=0   windowMode=1   baseIntent=Intent { act=null flag=268435456 cmp=ComponentInfo{com.softnation.Ojam/com.softnation.Ojam.MainActivity} }
03-02 11:03:29.459  1999  2684 E ActivityManagerWrapper:  mainTaskId=37027   userId=0   windowMode=1   baseIntent=Intent { act=null flag=344260608 cmp=ComponentInfo{com.google.android.googlequicksearchbox/com.google.android.apps.search.assistant.surfaces.voice.robin.ui.floaty.activity.FloatyActivity} }
03-02 11:03:29.459  1999  2684 E ActivityManagerWrapper:  mainTaskId=37019   userId=0   windowMode=1   baseIntent=Intent { act=null flag=268435456 cmp=ComponentInfo{com.whatsapp/com.whatsapp.home.ui.HomeActivity} }
03-02 11:03:29.459  1999  2684 E ActivityManagerWrapper:  mainTaskId=36980   userId=0   windowMode=1   baseIntent=Intent { act=android.intent.action.MAIN flag=270532608 cmp=ComponentInfo{com.twitter.android/com.twitter.android.StartActivity} }
03-02 11:03:29.467  1999  2684 D TaskSnapshotCompatVV: getIsInvalidateFromTaskSnapshot, return, mTaskSnapshot=null, mTaskSnapshotClazz=null
03-02 11:03:29.528  1621  1918 E HyperSentinel: -------------------------------------------------------
03-02 11:03:29.529  1621  1918 E HyperSentinel: Event_ResidentSize
03-02 11:03:29.529  1621  1918 E HyperSentinel: -> audit event by proc 10571 "usap64": RSS increasement, peak 110848kb -> 166276kb
03-02 11:03:29.807   921   921 I BufferQueueProducer: [StatusBar#109](this:0xb400007bcec4ab68,id:-1,api:0,p:-1,c:921) queueBuffer: fps=0.88 dur=1131.63 max=1131.63 min=1131.63
03-02 11:03:29.807  1177  1177 I thermal_src: recvmsg_expect 5, but get 2 
03-02 11:03:29.807  1177  1177 V thermal_src: TA_DAEMON_CMD_GET_TPCB:ERROR ret=-1
03-02 11:03:29.807  1177  1177 E thermal_src: get_tpcb_from_kernel:error -1. retry...
03-02 11:03:29.808  1177  1177 I thermal_src: recvmsg_expect 4, but get 2 
03-02 11:03:29.808  1177  1177 V thermal_src: TA_DAEMON_CMD_SET_TTJ:ERROR ret=-1
03-02 11:03:29.808  1177  1177 E thermal_src: set_ttj_to_kernel 1:error -1
03-02 11:03:29.808  1177  1177 I thermal_src: recvmsg_expect 2, but get 5 
03-02 11:03:29.808  1177  1177 V thermal_src: waiting NOTIFY from kernel miss, -1
03-02 11:03:29.808  1177  1177 I thermal_src: recvmsg_expect 5, but get 4 
03-02 11:03:29.808  1177  1177 V thermal_src: TA_DAEMON_CMD_GET_TPCB:ERROR ret=-1
03-02 11:03:29.808  1177  1177 E thermal_src: get_tpcb_from_kernel:error -1. retry...
03-02 11:03:29.808  1177  1177 I thermal_src: recvmsg_expect 4, but get 2 
03-02 11:03:29.808  1177  1177 V thermal_src: TA_DAEMON_CMD_SET_TTJ:ERROR ret=-1
03-02 11:03:29.808  1177  1177 E thermal_src: set_ttj_to_kernel 1:error -1
03-02 11:03:29.808  1177  1177 I thermal_src: recvmsg_expect 2, but get 5 
03-02 11:03:29.808  1177  1177 V thermal_src: waiting NOTIFY from kernel miss, -1
03-02 11:03:29.808  1177  1177 I thermal_src: recvmsg_expect 2, but get 4 
03-02 11:03:29.808  1177  1177 V thermal_src: waiting NOTIFY from kernel miss, -1
03-02 11:03:30.005 10571 10571 D nativeloader: Configuring clns-7 for other apk /data/app/~~Bh61wenJZi6JNVEuOkVQfQ==/com.softnation.Ojam-nnCVAdHxKfOmup5FCuBDYQ==/base.apk. target_sdk_version=36, uses_libraries=, library_path=/data/app/~~Bh61wenJZi6JNVEuOkVQfQ==/com.softnation.Ojam-nnCVAdHxKfOmup5FCuBDYQ==/lib/arm64:/data/app/~~Bh61wenJZi6JNVEuOkVQfQ==/com.softnation.Ojam-nnCVAdHxKfOmup5FCuBDYQ==/base.apk!/lib/arm64-v8a, permitted_path=/data:/mnt/expand:/data/user/0/com.softnation.Ojam
03-02 11:03:30.023 10571 10571 V GraphicsEnvironment: Currently set values for:
03-02 11:03:30.023 10571 10571 V GraphicsEnvironment:   angle_gl_driver_selection_pkgs=[]
03-02 11:03:30.023 10571 10571 V GraphicsEnvironment:   angle_gl_driver_selection_values=[]
03-02 11:03:30.023 10571 10571 V GraphicsEnvironment: Global.Settings values are invalid: number of packages: 0, number of values: 0
03-02 11:03:30.023 10571 10571 V GraphicsEnvironment: Neither updatable production driver nor prerelease driver is supported.
03-02 11:03:30.026 10571 10571 I ActivityThread: TrafficStats init done
03-02 11:03:30.029  1621  2986 D ForceDarkAppConfigProvider: cloudConfigVersion: -1   localConfigVersion:20250515
03-02 11:03:30.029  1621  2986 I UiModeManager: systemserver package:com.softnation.Ojam null
03-02 11:03:30.029 10571 10571 I ForceDarkHelperStubImpl: initialize for com.softnation.Ojam , ForceDarkAppConfig: null
03-02 11:03:30.032 10571 10571 D nativeloader: Load libforcedarkimpl.so using system ns (caller=/system_ext/framework/miui-framework.jar): ok
03-02 11:03:30.033 10571 10571 D HWUI    : JNI_OnLoad success
03-02 11:03:30.033 10571 10571 I MiuiForceDarkConfig: setConfig density:2.750000, mainRule:0, secondaryRule:0, tertiaryRule:0
03-02 11:03:30.036 10571 10571 I ActivityThread: Miui Feature Init done
03-02 11:03:30.165 10571 10571 W FirebaseApp: Default FirebaseApp failed to initialize because no default options were found. This usually means that com.google.gms:google-services was not applied to your gradle project.
03-02 11:03:30.165 10571 10571 I FirebaseInitProvider: FirebaseApp initialization unsuccessful
03-02 11:03:30.193  1621  2986 I ClipboardServiceI: checkProviderWakePathForClipboard: primaryClip is null
03-02 11:03:30.205 10571 10571 W SoLoader: Initializing SoLoader: 0
03-02 11:03:30.209 10571 10571 W SoLoader: Recording new base apk path: /data/app/~~Bh61wenJZi6JNVEuOkVQfQ==/com.softnation.Ojam-nnCVAdHxKfOmup5FCuBDYQ==/base.apk
03-02 11:03:30.209 10571 10571 W SoLoader: Previously recorded 0 base apk paths.
03-02 11:03:30.212 10571 10571 I SoLoader: Preparing SO source: DirectorySoSource[root = /vendor/lib64 flags = 2]
03-02 11:03:30.213 10571 10571 I SoLoader: Preparing SO source: DirectorySoSource[root = /system/lib64 flags = 2]
03-02 11:03:30.213 10571 10571 I SoLoader: Preparing SO source: DirectApkSoSource[root = [/data/app/~~Bh61wenJZi6JNVEuOkVQfQ==/com.softnation.Ojam-nnCVAdHxKfOmup5FCuBDYQ==/base.apk!/lib/arm64-v8a]]
03-02 11:03:30.225   849   868 I hwcomposer: [HWCDisplay] (0 updateFps():3667), (type:1, mode:2) fps:58.448872,dur:1009.43,max:32.11,min:13.90  
03-02 11:03:30.227  1055  1186 D connsyslogger: SD_LOG_ROOT is /data/debuglogger/connsyslog/fw.
03-02 11:03:30.227  1055  1186 D connsyslogger: systemReady:1
03-02 11:03:30.231  1159  1606 D ULogGuard: Monitoring: 18 threads, 0 requests, 0 time-bombs; 1 guards. ResetFlags = 0x7
03-02 11:03:30.270  2061 12253 W HWUI    : Surface doesn't have any previously queued frames, nothing to readback from
03-02 11:03:30.284  2061 12253 W HWUI    : Surface doesn't have any previously queued frames, nothing to readback from
03-02 11:03:30.292   861   947 I libPerfCtl: xgfGetFPS pid:921 fps:-1
03-02 11:03:30.292   861   947 I libPerfCtl: xgfGetFPS pid:2363 fps:-1
03-02 11:03:30.292   861   947 I libPerfCtl: xgfGetFPS pid:13966 fps:-1
03-02 11:03:30.314  1621  1842 I MiuiNetworkPolicy: updateUidState uid = 10087, uidState = 19
03-02 11:03:30.335 10571 10571 I SoLoader: Preparing SO source: ApplicationSoSource[DirectorySoSource[root = /data/app/~~Bh61wenJZi6JNVEuOkVQfQ==/com.softnation.Ojam-nnCVAdHxKfOmup5FCuBDYQ==/lib/arm64 flags = 0]]
03-02 11:03:30.335 10571 10571 I SoLoader: init finish: 4 SO sources prepared
03-02 11:03:30.336 10571 10571 W SoLoader: SoLoader initialized: 8
03-02 11:03:30.375 10571 10571 D nativeloader: Load /data/app/~~Bh61wenJZi6JNVEuOkVQfQ==/com.softnation.Ojam-nnCVAdHxKfOmup5FCuBDYQ==/base.apk!/lib/arm64-v8a/libc++_shared.so using class loader ns clns-7 (caller=/data/app/~~Bh61wenJZi6JNVEuOkVQfQ==/com.softnation.Ojam-nnCVAdHxKfOmup5FCuBDYQ==/base.apk!classes20.dex): ok
03-02 11:03:30.392 10571 10571 D nativeloader: Load /data/app/~~Bh61wenJZi6JNVEuOkVQfQ==/com.softnation.Ojam-nnCVAdHxKfOmup5FCuBDYQ==/base.apk!/lib/arm64-v8a/libjsi.so using class loader ns clns-7 (caller=/data/app/~~Bh61wenJZi6JNVEuOkVQfQ==/com.softnation.Ojam-nnCVAdHxKfOmup5FCuBDYQ==/base.apk!classes20.dex): ok
03-02 11:03:30.408 10571 10571 D nativeloader: Load /data/app/~~Bh61wenJZi6JNVEuOkVQfQ==/com.softnation.Ojam-nnCVAdHxKfOmup5FCuBDYQ==/base.apk!/lib/arm64-v8a/libfbjni.so using class loader ns clns-7 (caller=/data/app/~~Bh61wenJZi6JNVEuOkVQfQ==/com.softnation.Ojam-nnCVAdHxKfOmup5FCuBDYQ==/base.apk!classes20.dex): ok
03-02 11:03:30.421 10571 10571 D nativeloader: Load /data/app/~~Bh61wenJZi6JNVEuOkVQfQ==/com.softnation.Ojam-nnCVAdHxKfOmup5FCuBDYQ==/base.apk!/lib/arm64-v8a/libreactnative.so using class loader ns clns-7 (caller=/data/app/~~Bh61wenJZi6JNVEuOkVQfQ==/com.softnation.Ojam-nnCVAdHxKfOmup5FCuBDYQ==/base.apk!classes20.dex): ok
03-02 11:03:30.421 10571 10571 D jni_lib_merge: Entering merged library JNI_OnLoad.
03-02 11:03:30.421 10571 10571 D jni_lib_merge: Preparing 12 pre-merged libs (including stub)
03-02 11:03:30.421 10571 10571 D jni_lib_merge: Preparing to register libfabricjni_so.  onload_func: 0x7891e4fce0
03-02 11:03:30.421 10571 10571 D jni_lib_merge: Preparing to register libreact_devsupportjni_so.  onload_func: 0x7892049fc8
03-02 11:03:30.421 10571 10571 D jni_lib_merge: Preparing to register libreact_featureflagsjni_so.  onload_func: 0x7892058518
03-02 11:03:30.421 10571 10571 D jni_lib_merge: Preparing to register libreact_newarchdefaults_so.  onload_func: 0x78920c06a8
03-02 11:03:30.421 10571 10571 D jni_lib_merge: Preparing to register libreactnativeblob_so.  onload_func: 0x78922b0cb4
03-02 11:03:30.421 10571 10571 D jni_lib_merge: Preparing to register libreactnativejni_so.  onload_func: 0x78922fe6bc
03-02 11:03:30.421 10571 10571 D jni_lib_merge: Preparing to register libreactnativejni_common_so.  onload_func: 0x789230f044
03-02 11:03:30.421 10571 10571 D jni_lib_merge: Preparing to register librninstance_so.  onload_func: 0x7892356764
03-02 11:03:30.421 10571 10571 D jni_lib_merge: Preparing to register libturbomodulejsijni_so.  onload_func: 0x789246ef68
03-02 11:03:30.421 10571 10571 D jni_lib_merge: Preparing to register libuimanagerjni_so.  onload_func: 0x7892487fb8
03-02 11:03:30.421 10571 10571 D jni_lib_merge: Preparing to register libyoga_so.  onload_func: 0x7892497a3c
03-02 11:03:30.421 10571 10571 D jni_lib_merge: About to register 11 actual methods.
03-02 11:03:30.436  1621  2986 D AS.BtHelper: isBluetoothScoOn() mBluetoothHeadset is null: falsemBluetoothHeadsetDevice is null: true
03-02 11:03:30.436  1621  2986 V AS.AudioDeviceBroker: requestedCommunicationDevice: null mAudioModeOwner: AudioModeInfo: mMode=MODE_NORMAL, mPid=0, mUid=0
03-02 11:03:30.436  1621  2986 D AS.BtHelper: isBluetoothScoOn() mBluetoothHeadset is null: falsemBluetoothHeadsetDevice is null: true
03-02 11:03:30.436  1621  2986 V AS.AudioDeviceBroker: requestedCommunicationDevice: null mAudioModeOwner: AudioModeInfo: mMode=MODE_NORMAL, mPid=0, mUid=0
03-02 11:03:30.456   921   921 I BufferQueueProducer: [NavigationBar0#101619](this:0xb400007bced454e8,id:-1,api:0,p:-1,c:921) queueBuffer: fps=60.07 dur=1015.54 max=17.34 min=16.13
03-02 11:03:30.458 10571 10571 D nativeloader: Load /data/app/~~Bh61wenJZi6JNVEuOkVQfQ==/com.softnation.Ojam-nnCVAdHxKfOmup5FCuBDYQ==/base.apk!/lib/arm64-v8a/libreact_codegen_rnscreens.so using class loader ns clns-7 (caller=/data/app/~~Bh61wenJZi6JNVEuOkVQfQ==/com.softnation.Ojam-nnCVAdHxKfOmup5FCuBDYQ==/base.apk!classes20.dex): ok
03-02 11:03:30.458 10571 10571 D jni_lib_merge: Entering merged library JNI_OnLoad.
03-02 11:03:30.458 10571 10571 D jni_lib_merge: Preparing 12 pre-merged libs (including stub)
03-02 11:03:30.458 10571 10571 D jni_lib_merge: Preparing to register libfabricjni_so.  onload_func: 0x7891e4fce0
03-02 11:03:30.458 10571 10571 D jni_lib_merge: Preparing to register libreact_devsupportjni_so.  onload_func: 0x7892049fc8
03-02 11:03:30.458 10571 10571 D jni_lib_merge: Preparing to register libreact_featureflagsjni_so.  onload_func: 0x7892058518
03-02 11:03:30.458 10571 10571 D jni_lib_merge: Preparing to register libreact_newarchdefaults_so.  onload_func: 0x78920c06a8
03-02 11:03:30.458 10571 10571 D jni_lib_merge: Preparing to register libreactnativeblob_so.  onload_func: 0x78922b0cb4
03-02 11:03:30.458 10571 10571 D jni_lib_merge: Preparing to register libreactnativejni_so.  onload_func: 0x78922fe6bc
03-02 11:03:30.458 10571 10571 D jni_lib_merge: Preparing to register libreactnativejni_common_so.  onload_func: 0x789230f044
03-02 11:03:30.458 10571 10571 D jni_lib_merge: Preparing to register librninstance_so.  onload_func: 0x7892356764
03-02 11:03:30.458 10571 10571 D jni_lib_merge: Preparing to register libturbomodulejsijni_so.  onload_func: 0x789246ef68
03-02 11:03:30.458 10571 10571 D jni_lib_merge: Preparing to register libuimanagerjni_so.  onload_func: 0x7892487fb8
03-02 11:03:30.458 10571 10571 D jni_lib_merge: Preparing to register libyoga_so.  onload_func: 0x7892497a3c
03-02 11:03:30.458 10571 10571 D jni_lib_merge: About to register 11 actual methods.
03-02 11:03:30.474 10571 10571 D nativeloader: Load /data/app/~~Bh61wenJZi6JNVEuOkVQfQ==/com.softnation.Ojam-nnCVAdHxKfOmup5FCuBDYQ==/base.apk!/lib/arm64-v8a/libreact_codegen_RNCSlider.so using class loader ns clns-7 (caller=/data/app/~~Bh61wenJZi6JNVEuOkVQfQ==/com.softnation.Ojam-nnCVAdHxKfOmup5FCuBDYQ==/base.apk!classes20.dex): ok
03-02 11:03:30.491 10571 10571 D nativeloader: Load /data/app/~~Bh61wenJZi6JNVEuOkVQfQ==/com.softnation.Ojam-nnCVAdHxKfOmup5FCuBDYQ==/base.apk!/lib/arm64-v8a/libreact_codegen_rnsvg.so using class loader ns clns-7 (caller=/data/app/~~Bh61wenJZi6JNVEuOkVQfQ==/com.softnation.Ojam-nnCVAdHxKfOmup5FCuBDYQ==/base.apk!classes20.dex): ok
03-02 11:03:30.491 10571 10571 D jni_lib_merge: Entering merged library JNI_OnLoad.
03-02 11:03:30.491 10571 10571 D jni_lib_merge: Preparing 12 pre-merged libs (including stub)
03-02 11:03:30.491 10571 10571 D jni_lib_merge: Preparing to register libfabricjni_so.  onload_func: 0x7891e4fce0
03-02 11:03:30.491 10571 10571 D jni_lib_merge: Preparing to register libreact_devsupportjni_so.  onload_func: 0x7892049fc8
03-02 11:03:30.491 10571 10571 D jni_lib_merge: Preparing to register libreact_featureflagsjni_so.  onload_func: 0x7892058518
03-02 11:03:30.491 10571 10571 D jni_lib_merge: Preparing to register libreact_newarchdefaults_so.  onload_func: 0x78920c06a8
03-02 11:03:30.491 10571 10571 D jni_lib_merge: Preparing to register libreactnativeblob_so.  onload_func: 0x78922b0cb4
03-02 11:03:30.491 10571 10571 D jni_lib_merge: Preparing to register libreactnativejni_so.  onload_func: 0x78922fe6bc
03-02 11:03:30.491 10571 10571 D jni_lib_merge: Preparing to register libreactnativejni_common_so.  onload_func: 0x789230f044
03-02 11:03:30.491 10571 10571 D jni_lib_merge: Preparing to register librninstance_so.  onload_func: 0x7892356764
03-02 11:03:30.491 10571 10571 D jni_lib_merge: Preparing to register libturbomodulejsijni_so.  onload_func: 0x789246ef68
03-02 11:03:30.491 10571 10571 D jni_lib_merge: Preparing to register libuimanagerjni_so.  onload_func: 0x7892487fb8
03-02 11:03:30.491 10571 10571 D jni_lib_merge: Preparing to register libyoga_so.  onload_func: 0x7892497a3c
03-02 11:03:30.491 10571 10571 D jni_lib_merge: About to register 11 actual methods.
03-02 11:03:30.507 10571 10571 D nativeloader: Load /data/app/~~Bh61wenJZi6JNVEuOkVQfQ==/com.softnation.Ojam-nnCVAdHxKfOmup5FCuBDYQ==/base.apk!/lib/arm64-v8a/libreact_codegen_safeareacontext.so using class loader ns clns-7 (caller=/data/app/~~Bh61wenJZi6JNVEuOkVQfQ==/com.softnation.Ojam-nnCVAdHxKfOmup5FCuBDYQ==/base.apk!classes20.dex): ok
03-02 11:03:30.514 10571 10571 D nativeloader: Load /data/app/~~Bh61wenJZi6JNVEuOkVQfQ==/com.softnation.Ojam-nnCVAdHxKfOmup5FCuBDYQ==/base.apk!/lib/arm64-v8a/libappmodules.so using class loader ns clns-7 (caller=/data/app/~~Bh61wenJZi6JNVEuOkVQfQ==/com.softnation.Ojam-nnCVAdHxKfOmup5FCuBDYQ==/base.apk!classes20.dex): ok
03-02 11:03:30.519  2363  2477 D MiuiFreeformModeCornerTipHandler: task#37033 onTaskVanished
03-02 11:03:30.519  2363  2477 I MiuiBubbleController: removeBubble: 37033 reason=2
03-02 11:03:30.519  2363  2477 I MultiTaskingTaskRepository: onTaskInfoChanged multi list = [5, 4], full = [37033, 37027, 37019, 36980]
03-02 11:03:30.521  1621  2986 I PowerHalWrapper: amsBoostNotify pid:10571,activity:com.softnation.Ojam.MainActivity, package:com.softnation.Ojam, mProcessCreatePackcom.softnation.Ojam 
03-02 11:03:30.521  1621  2986 I PowerHalWrapper: state: 1 
03-02 11:03:30.522  1621  2986 I ScnModule: [GameDetection] packname: com.softnation.Ojam, apkSize: 113045479. 
03-02 11:03:30.523  1621  2986 I mtkpower_client: [PowerHal_Wrap_notifyAppState] com.softnation.Ojam/com.softnation.Ojam.MainActivity pid=10571 activityId:1562118 state:1
03-02 11:03:30.523   861   861 I vendor.mediatek.hardware.mtkpower_applist-service.mediatek: packName: com.softnation.Ojam actName: com.softnation.Ojam.MainActivity pid: 10571 activityId: 1562118 uid: 10337 state: 1
03-02 11:03:30.523   861   861 I MTK_APPList: [notifyAPPstate] com.softnation.Ojam/com.softnation.Ojam.MainActivity, pid=10571, activityId=1562118, uid=10337, state:RESUMED, fps:-1, win:0
03-02 11:03:30.523   861   861 I MTK_APPList: [notifyAPPstate] multi_resumed_app_count: 2
03-02 11:03:30.523   861   861 I MTK_APPList: [notifyAPPstate] multi_resumed_app_info[0] com.android.systemui/com.android.systemui._190038181, pid:2363, activityId:-1, fps:-1, isMultiWindow:0
03-02 11:03:30.523   861   861 I MTK_APPList: [notifyAPPstate] multi_resumed_app_info[1] com.softnation.Ojam/com.softnation.Ojam.MainActivity, pid:10571, activityId:1562118, fps:-1, isMultiWindow:0
03-02 11:03:30.523   861   861 I MTK_APPList: [getForegroundAPPCount] 2
03-02 11:03:30.523   861   861 I MTK_APPList: [notifyAPPstate] foreground:com.softnation.Ojam, pid:10571, activityId:1562118, uid:10337
03-02 11:03:30.523   861   861 I MTK_APPList: [notifyNetdUID] 10337
03-02 11:03:30.524  1621  2986 I PowerHalWrapper: amsBoostNotify AMS_BOOST_PROCESS_CREATE_BOOST:true 
03-02 11:03:30.524  1621  1621 D MBrainLocalService: isVendorFreezeConditionPass is false
03-02 11:03:30.524  1621  1621 E MBrainLocalService: notifyAppSwitch failed
03-02 11:03:30.524   861   861 I MTK_APPList: [notifyPID] 10571
03-02 11:03:30.525   863   958 I libPowerHal: [perfSetSysInfo] pid type:24, 10571
03-02 11:03:30.525   861   861 I MTK_APPList: [notifyAPPstate] pc:0, com.google.android.googlequicksearchbox => com.softnation.Ojam
03-02 11:03:30.525  1621  1650 D ActivityManager: mediaResourceManagerBinder get success
03-02 11:03:30.525  1124  2140 D ResourceManagerServiceNew: update package name: com.softnation.Ojam
03-02 11:03:30.526  1621  1745 W AlarmManager: Unrecognized alarm listener com.android.server.usage.AppTimeLimitController$SessionUsageGroup@e23a43e
03-02 11:03:30.527  1124  2140 D ResourceManagerServiceNew: packageName: com.softnation.Ojam, uid : 10337, hashCode : 167305757
03-02 11:03:30.527  1124  2140 D ResourceManagerServiceNew: ResourceManagerService::setCodecsVppModeWithLock
03-02 11:03:30.527  1621  1907 D MiuiMultiWindowUtils: DeviceLevel.IS_MIUI_LITE_VERSION 2.0 not support miui multiWindowtides
03-02 11:03:30.527  1124  2140 D ResourceManagerServiceNew: all codecs setVppMode return fail
03-02 11:03:30.527  6027 26949 I ProcessMonitor: onForegroundInfoChanged: ForegroundInfo{mForegroundPackageName='com.softnation.Ojam', mForegroundUid=10337, mForegroundPid=10571, mLastForegroundPackageName='com.google.android.googlequicksearchbox', mLastForegroundUid=10165, mLastForegroundPid=13966, mMultiWindowForegroundPackageName='com.softnation.Ojam', mMultiWindowForegroundUid=10337, mFlags=1}
03-02 11:03:30.527  6515 12042 D PerfEngineController: ForegroundInfo{mForegroundPackageName='com.softnation.Ojam', mForegroundUid=10337, mForegroundPid=10571, mLastForegroundPackageName='com.google.android.googlequicksearchbox', mLastForegroundUid=10165, mLastForegroundPid=13966, mMultiWindowForegroundPackageName='com.softnation.Ojam', mMultiWindowForegroundUid=10337, mFlags=1}
03-02 11:03:30.528  6027 26949 I VideoBoxUtils: isSupportVideoBox: false
03-02 11:03:30.528  6027 26949 I VideoToolBoxService: vtb is closed!!!
03-02 11:03:30.528  6027  3111 D v1      : myUserId = 0	currentUserId0
03-02 11:03:30.529  1621  1907 D BluetoothAdapter: getActiveDevices(profile= A2DP)
03-02 11:03:30.531  1621  1907 D BluetoothAdapter: getActiveDevices(profile= HEADSET)
03-02 11:03:30.532 10571 10571 W Looper  : PerfMonitor longMsg : seq=3 plan=11:03:28.891 late=2ms wall=1633ms h=android.app.ActivityThread$H w=110 procState=-1
03-02 11:03:30.533  1621  1907 D BluetoothAdapter: getActiveDevices(profile= LE_AUDIO)
03-02 11:03:30.533 10571 10571 W libc    : Access denied finding property "ro.vendor.perf.scroll_opt"
03-02 11:03:30.534 18562 12259 E BluetoothAdapterService: getActiveDevices: LeAudioService is null
03-02 11:03:30.535  1621  1907 D AudioSystem: +setParameters(): foregroundUid=10337;bluetoothlowlatencystatus=false 
03-02 11:03:30.535  1621  1907 D AudioSystem: start get log level!
03-02 11:03:30.536   843   968 D AudioALSAHardware: +setParameters(): bluetoothlowlatencystatus=false;foregroundUid=10337
03-02 11:03:30.536   843   968 D AudioALSAHardware: -setParameters(): bluetoothlowlatencystatus=false;foregroundUid=10337
03-02 11:03:30.536   843   968 E AHAL_Module: setVendorParameters: default: unrecognized parameter "bluetoothlowlatencystatus=false;foregroundUid=10337"
03-02 11:03:30.537   894  7410 E ConversionHelperAidl: Function: parseAndSetVendorParameters Line: 97 Failed 
03-02 11:03:30.538   843   968 D AHAL_ModuleBluetooth: setVendorParameters: parameter count 1, async: 0
03-02 11:03:30.538   843   968 D AHAL_ModuleBluetooth: setVendorParameters: bluetoothlowlatencystatus=false;foregroundUid=10337
03-02 11:03:30.539 18562 12259 D BluetoothLatencyMode: ForegroundInfo{mForegroundPackageName='com.softnation.Ojam', mForegroundUid=10337, mForegroundPid=10571, mLastForegroundPackageName='com.google.android.googlequicksearchbox', mLastForegroundUid=10165, mLastForegroundPid=13966, mMultiWindowForegroundPackageName='com.softnation.Ojam', mMultiWindowForegroundUid=10337, mFlags=1}
03-02 11:03:30.539 18562 12259 W LeAudioService: getLeAudioService(): service is NULL
03-02 11:03:30.539 18562 12259 D BluetoothLatencyMode: isWiredAudioHeadset.type: 1
03-02 11:03:30.539 18562 12259 D BluetoothLatencyMode: isWiredAudioHeadset.type: 2
03-02 11:03:30.539 18562 12259 D BluetoothLatencyMode: isWiredAudioHeadset.type: 18
03-02 11:03:30.539 18562 12259 D BluetoothLatencyMode: isWiredAudioHeadset.type: 14
03-02 11:03:30.540  6515  6997 D MilletUtils: setUidState, uid = 10337 allow = true
03-02 11:03:30.541  1621  4427 D MiSensorServiceImpl: PowerKeeperSensor resume iUid:10337 but app has not in Controlled
03-02 11:03:30.541 10571 10571 D nativeloader: Load libpowerhalwrap_jni.so using system ns (caller=/system_ext/framework/mediatek-framework.jar): ok
03-02 11:03:30.542 10571 10571 I PowerHalWrapper: PowerHalWrapper.getInstance 
03-02 11:03:30.542 10571 10571 I M-ProMotion: M-ProMotion is disabled
03-02 11:03:30.548   921  1587 D MI-SF   : updateScene: module = 258 (TpIdle), value = 0, pkg = com.softnation.Ojam
03-02 11:03:30.548   921  1587 D MI-SF   : updateScene mSetTpIdleFlag 0
03-02 11:03:30.551 10571 10571 D FramePredict: FramePredict init: true
03-02 11:03:30.552 10571 10571 D UserSceneDetector: invoke error.
03-02 11:03:30.554 10571 10571 W Looper  : PerfMonitor doFrame : time=3ms vsyncFrame=19795913 latency=365ms procState=-1 historyMsgCount=3 (msgIndex=1 wall=1633ms seq=3 late=2ms h=android.app.ActivityThread$H w=110)
03-02 11:03:30.557 10571 10571 I ActivityThread: HardwareRenderer preload  done
03-02 11:03:30.561 10571 13464 D vulkan  : searching for layers in '/data/app/~~Bh61wenJZi6JNVEuOkVQfQ==/com.softnation.Ojam-nnCVAdHxKfOmup5FCuBDYQ==/lib/arm64'
03-02 11:03:30.561  1621  1918 E HyperSentinel: -------------------------------------------------------
03-02 11:03:30.561  1621  1918 E HyperSentinel: Event_ThreadAmount
03-02 11:03:30.561  1621  1918 E HyperSentinel: -> audit event by proc 10571 "usap64": running threads amount, 12 -> 23
03-02 11:03:30.561 13966 13412 I FA      : Application backgrounded at: timestamp_millis: 1772445808559
03-02 11:03:30.561 10571 13464 D vulkan  : searching for layers in '/data/app/~~Bh61wenJZi6JNVEuOkVQfQ==/com.softnation.Ojam-nnCVAdHxKfOmup5FCuBDYQ==/base.apk!/lib/arm64-v8a'
03-02 11:03:30.567 10571 13464 D vulkan  : searching for layers in '/data/app/~~Bh61wenJZi6JNVEuOkVQfQ==/com.softnation.Ojam-nnCVAdHxKfOmup5FCuBDYQ==/lib/arm64'
03-02 11:03:30.568 10571 13464 D vulkan  : searching for layers in '/data/app/~~Bh61wenJZi6JNVEuOkVQfQ==/com.softnation.Ojam-nnCVAdHxKfOmup5FCuBDYQ==/base.apk!/lib/arm64-v8a'
03-02 11:03:30.577 10571 13464 D MMUD    : mtk_memory_debug_init com.softnation.Ojam 0xb400007c0895a5d0
03-02 11:03:30.620  1621  4427 I BroadcastQueue: BOOT_COMPLETED_BROADCAST_COMPLETION_LATENCY_REPORTED action:android.intent.action.BOOT_COMPLETED dispatchLatency:3 completeLatency:1758 dispatchRealLatency:2 completeRealLatency:1758 receiversSize:1 userId:0 userType:android.os.usertype.full.SYSTEM
03-02 11:03:30.629 10571 10571 D AppCompatDelegate: Checking for metadata for AppLocalesMetadataHolderService : Service not found
03-02 11:03:30.639  1621  1640 D AudioSystem: +setParameters(): gamebooster=false 
03-02 11:03:30.639  1621  1640 D AudioSystem: start get log level!
03-02 11:03:30.640   843   968 D AudioALSAHardware: +setParameters(): gamebooster=false
03-02 11:03:30.640   843   968 D AudioALSAHardware: -setParameters(): gamebooster=false
