03-02 11:03:30.640   843   968 E AHAL_Module: setVendorParameters: default: unrecognized parameter "gamebooster=false"
03-02 11:03:30.641   894  7410 E ConversionHelperAidl: Function: parseAndSetVendorParameters Line: 97 Failed 
03-02 11:03:30.641  1999  2756 D TaskStackChangeListeners: onTaskDescriptionChanged =  taskId = 37033
03-02 11:03:30.642   843   968 D AHAL_ModuleBluetooth: setVendorParameters: parameter count 1, async: 0
03-02 11:03:30.642   843   968 D AHAL_ModuleBluetooth: setVendorParameters: gamebooster=false
03-02 11:03:30.647  1999  2756 D TaskStackChangeListeners: onTaskDescriptionChanged =  taskId = 37033
03-02 11:03:30.679 10571 13471 D MMUD    : get_leak_baseline 3246391296
03-02 11:03:30.684 10571 10571 I softnation.Ojam: hiddenapi: Accessing hidden method Landroid/view/ViewGroup;->makeOptionalFitsSystemWindows()V (runtime_flags=0, domain=platform, api=unsupported) from Landroidx/appcompat/widget/ViewUtils; (domain=app, TargetSdkVersion=36) using reflection: allowed
03-02 11:03:30.823   921   921 I BufferQueueProducer: [StatusBar#109](this:0xb400007bcec4ab68,id:-1,api:0,p:-1,c:921) queueBuffer: fps=0.98 dur=1016.08 max=1016.08 min=1016.08
03-02 11:03:30.838  1621  1676 D SsruManagerImpl: MiSsru Sensor not init!!!!
03-02 11:03:30.839   853   853 I Accelerometer: flush, flushCnt:1
03-02 11:03:30.842   853   923 I Accelerometer: flush complete, flushCnt:0
03-02 11:03:30.861  1055  1191 D connsyslogger: data recycle:time out
03-02 11:03:30.861  1055  1191 D connsyslogger: idx=0 Bootup Log: 2 log files! filecount=3 
03-02 11:03:30.861 10571 10571 W unknown:BridgelessReact: ReactHost{0}.startSurface(surfaceId = 0): Schedule
03-02 11:03:30.861 10571 10571 W unknown:BridgelessReact: ReactHost{0}.attachSurface(surfaceId = 0)
03-02 11:03:30.863 10571 13489 W unknown:BridgelessReact: ReactHost{0}.getOrCreateReactInstanceTask()
03-02 11:03:30.863 10571 13489 W unknown:BridgelessReact: ReactHost{0}.getOrCreateReactInstanceTask(): Start
03-02 11:03:30.863 10571 13489 W unknown:BridgelessReact: ReactHost{0}.getJSBundleLoader()
03-02 11:03:30.863 10571 13489 W unknown:BridgelessReact: ReactHost{0}.isMetroRunning()
03-02 11:03:30.881 10571 10571 W libc    : Access denied finding property "ro.vendor.df.effect.conflict"
03-02 11:03:30.884  1621  4427 D AppLock_AccessControlImpl: activityResume packageName: com.softnation.Ojam userId: 0 enabled: true
03-02 11:03:30.884  1621  4427 D AppLock_AccessControlImpl: activityResume lockMode: 1
03-02 11:03:30.885 10571 10571 D SecurityManager: checkAccessControl flag1
03-02 11:03:30.887 10571 10571 W unknown:BridgelessReact: ReactHost{0}.onHostResume(activity)
03-02 11:03:30.887 10571 10571 W unknown:ReactNative: Packager connection already open, nooping.
03-02 11:03:30.891 10571 13462 I PowerHalWrapper: PowerHalWrapper.getInstance 
03-02 11:03:30.898 10571 10571 I SurfaceFactory: [static] sSurfaceFactory = com.mediatek.view.impl.SurfaceFactoryImpl@fb6585b
03-02 11:03:30.899   921  1587 D SurfaceFlinger: [SF client] NEW(0xb400007caea015a0) for (10571:com.softnation.Ojam)
03-02 11:03:30.914 10571 10571 D MiuiCameraCoveredManager: java.lang.NullPointerException: Attempt to invoke virtual method 'java.lang.String android.provider.MiuiSettings$SettingsCloudData$CloudData.getString(java.lang.String, java.lang.String)' on a null object reference
03-02 11:03:30.915 10571 10571 D FramePredict: init success
03-02 11:03:30.917  1621  4427 W ActivityManager: Permission Denial: getCurrentUser() from pid=10571, uid=10337 requires android.permission.INTERACT_ACROSS_USERS
03-02 11:03:30.917 10571 13497 E FramePredict: registerContentObserver fail
03-02 11:03:30.920 10571 13464 W libc    : Access denied finding property "ro.vendor.display.iris_x7.support"
03-02 11:03:30.924 10571 13490 W unknown:BridgelessReact: ReactHost{0}.isMetroRunning(): Async result = true
03-02 11:03:30.924 10571 13489 W unknown:BridgelessReact: ReactHost{0}.loadJSBundleFromMetro()
03-02 11:03:30.926 10571 10571 I ForceDarkHelperStubImpl: setViewRootImplForceDark: false for com.softnation.Ojam.MainActivity@db08fa, reason: AppDarkModeEnable
03-02 11:03:30.926 10571 10571 D VRI[MainActivity]: hardware acceleration = true, forceHwAccelerated = false
03-02 11:03:30.928   921  1587 D SurfaceFlinger: [SF client] NEW(0xb400007caea3b920) for (1621:system_server)
03-02 11:03:30.930   921  2359 I BufferQueueDebug: [9bdb72d com.softnation.Ojam/com.softnation.Ojam.MainActivity#133774](this:0xb400007bcecbf778,id:-1,api:0,p:-1,c:-1) BufferQueue core=(921:/system/bin/surfaceflinger)
03-02 11:03:30.940  1621  1651 I ActivityTaskManager: visible for Task{2e7af4 #37033 type=standard A=10337:com.softnation.Ojam} visible = true isAnimating = false TRANSITION = false PARENTS = false CHILDREN = false
03-02 11:03:30.942  2363  2477 D MiuiFreeformModeCornerTipHandler: task#37027 onTaskVanished
03-02 11:03:30.942  2363  2477 I MiuiBubbleController: removeBubble: 37027 reason=2
03-02 11:03:30.943  2363  2477 I MultiTaskingTaskInfo: before call clearMaskControl task id = 37027, CoverLayerController = null, callers=com.android.wm.shell.multitasking.taskmanager.MultiTaskingTaskListener.onTaskInfoChanged:268 com.android.wm.shell.ShellTaskOrganizer.onTaskInfoChanged:145 android.window.TaskOrganizer$1.lambda$onTaskInfoChanged$7:322 android.window.TaskOrganizer$1.$r8$lambda$WEHIPeFifg1My6LbK9dElRxchX4:0 android.window.TaskOrganizer$1$$ExternalSyntheticLambda7.run:0 
03-02 11:03:30.943  2363  2477 I MultiTaskingTaskRepository: onTaskInfoChanged multi list = [5, 4], full = [37033, 37027, 37019, 36980]
03-02 11:03:30.943  1621  2986 I ATMSImpl: cacheTasksForDefaultDisplay size=5
03-02 11:03:30.943  2363  2477 D MultiTaskingTaskRepository: addOrMoveFullscreenTaskToTop taskId=37033
03-02 11:03:30.943  2363  2477 D MiuiFreeformModeCornerTipHandler: task#37033 onTaskVanished
03-02 11:03:30.943  2363  2477 I MiuiBubbleController: removeBubble: 37033 reason=2
03-02 11:03:30.943  2363  2477 I MultiTaskingTaskRepository: onTaskInfoChanged multi list = [5, 4], full = [37033, 37027, 37019, 36980]
03-02 11:03:30.944  2363  2477 D MiuiFreeformModeController: onFocusTaskChanged taskInfo: TaskInfo{userId=0 taskId=37033 displayId=0 isRunning=true baseIntent=Intent { flg=0x10000000 cmp=com.softnation.Ojam/.MainActivity } baseActivity=ComponentInfo{com.softnation.Ojam/com.softnation.Ojam.MainActivity} topActivity=ComponentInfo{com.softnation.Ojam/com.softnation.Ojam.MainActivity} origActivity=null realActivity=ComponentInfo{com.softnation.Ojam/com.softnation.Ojam.MainActivity} numActivities=1 lastActiveTime=1028769939 supportsSplitScreenMultiWindow=true supportsMultiWindow=true resizeMode=1 isResizeable=true minWidth=-1 minHeight=-1 defaultMinSize=200 token=WCT{android.window.IWindowContainerToken$Stub$Proxy@b437824} topActivityType=1 pictureInPictureParams=null shouldDockBigOverlays=false launchIntoPipHostTaskId=-1 lastParentTaskIdBeforePip=-1 displayCutoutSafeInsets=null topActivityInfo=ActivityInfo{a2d4f8d com.softnation.Ojam.MainActivity} launchCookies=[] positionInParent=Point(0, 0) parentTaskId=-1 isFocused=true isVisible=true isVisibleRequested=true isSleeping=false locusId=null displayAreaFeatureId=1 isTopActivityTransparent=false appCompatTaskInfo=AppCompatTaskInfo { topActivityInSizeCompat=false topActivityEligibleForLetterboxEducation= falseisLetterboxEducationEnabled= false isLetterboxDoubleTapEnabled= false topActivityEligibleForUserAspectRatioButton= false topActivityBoundsLetterboxed= false isFromLetterboxDoubleTap= false topActivityLetterboxVerticalPosition= -1 topActivityLetterboxHorizontalPosition= -1 topActivityLetterboxWidth=1080 topActivityLetterboxHeight=2460 isUserFullscreenOverrideEnabled=false isSystemFullscreenOverrideEnabled=false cameraCompatTaskInfo=CameraCompatTaskInfo { cameraCompatControlState=hidden freeformCameraCompatMode=inactive}} isImmersive=false mTopActivityRequestOrientation=1 mBehindAppLockPkg=null mOriginatingUid=0 isEmbedded=false shouldBeVisible=true mIsCastMode=false mTopActivityMediaSize=null mTopActivityRecordName=ActivityRecord{17d606 u0 com.softnation.Ojam/.MainActivity t37033} mTopActivityOrientation=1}
03-02 11:03:30.945 10571 10571 D InputEventReceiver: Input log is disabled in InputEventReceiver.
03-02 11:03:30.948  1999  1999 D RecentsImpl: mActivityStateObserver com.softnation.Ojam.MainActivity
03-02 11:03:30.948 10571 10571 W Looper  : PerfMonitor looperActivity : package=com.softnation.Ojam/.MainActivity time=0ms latency=427ms  procState=-1  historyMsgCount=5 (msgIndex=1 wall=1633ms seq=3 late=2ms h=android.app.ActivityThread$H w=110) (msgIndex=5 wall=392ms seq=7 late=33ms h=android.app.ActivityThread$H w=159)
03-02 11:03:30.948  1999  1999 W RecentsImpl: onResumed className=com.softnation.Ojam.MainActivity   forceUpdate=false   mIsInAnotherPro=false   isKeyguardLocked=false   mIsStatusBarExpansion=false   mSecuritySpaceGuideShown=false
03-02 11:03:30.950 10571 10571 D DecorViewImmersiveImpl: onAttachedToWindow:com.softnation.Ojam/com.softnation.Ojam.MainActivity
03-02 11:03:30.958  1621  1918 E HyperSentinel: -------------------------------------------------------
03-02 11:03:30.958  1621  1918 E HyperSentinel: Event_ThreadAmount
03-02 11:03:30.958  1621  1918 E HyperSentinel: -> audit event by proc 10571 "usap64": running threads amount, 23 -> 45
03-02 11:03:30.961  1621  2986 D CoreBackPreview: Window{9bdb72d u0 com.softnation.Ojam/com.softnation.Ojam.MainActivity}: Setting back callback OnBackInvokedCallbackInfo{mCallback=android.window.IOnBackInvokedCallback$Stub$Proxy@692924f, mPriority=0, mIsAnimationCallback=false}
03-02 11:03:30.967   921  2359 I BufferQueueDebug: [com.softnation.Ojam/com.softnation.Ojam.MainActivity#133775](this:0xb400007bcec45048,id:-1,api:0,p:-1,c:-1) BufferQueue core=(921:/system/bin/surfaceflinger)
03-02 11:03:30.970  1621  2986 D MiuiRefreshRatePolicy: reset
03-02 11:03:30.972  1621  2986 W WindowManager: Changing focus from null to Window{9bdb72d u0 com.softnation.Ojam/com.softnation.Ojam.MainActivity} displayId=0 Callers=com.android.server.wm.RootWindowContainer.updateFocusedWindowLocked:602 com.android.server.wm.WindowManagerService.updateFocusedWindowLocked:7168 com.android.server.wm.WindowManagerService.relayoutWindowInner:3076 com.android.server.wm.WindowManagerService.relayoutWindow:2724 
03-02 11:03:30.973  1621  2986 I whetstone.activity: Power Event callback listener is empty for resId=32
03-02 11:03:30.973  1621  2986 D BatteryStatsManagerStub: notifyEvent for resId=32 used 0ms
03-02 11:03:30.974   921  2359 I BufferQueueDebug: [Surface(name=5b2ee94 StatusBar#103)/@0xf6cf932 - animation-leash of insets_animation#133776](this:0xb400007bcebbf2d8,id:-1,api:0,p:-1,c:-1) BufferQueue core=(921:/system/bin/surfaceflinger)
03-02 11:03:30.975   921  2359 I BufferQueueDebug: [Surface(name=77d8129 NavigationBar0#101614)/@0x3faba4f - animation-leash of insets_animation#133777](this:0xb400007bcecb13a8,id:-1,api:0,p:-1,c:-1) BufferQueue core=(921:/system/bin/surfaceflinger)
03-02 11:03:30.977  1621  2986 D WindowManager: wms.Input focus has changed to Window{9bdb72d u0 com.softnation.Ojam/com.softnation.Ojam.MainActivity} display=0 updateInputWindows = true
03-02 11:03:30.977  1621  2986 I MultiSenceManagerInternalStub: getInstance
03-02 11:03:30.977  1621  1928 I MultiSenceManagerInternalStubImpl: packageName = com.softnation.Ojam
03-02 11:03:30.977  1621  1928 W ContextImpl: Calling a method in the system process without a qualified user: android.app.ContextImpl.sendBroadcast:1260 com.android.server.wm.MultiSenceManagerInternalStubImpl.sendFocusWindowsBroadcast:148 com.android.server.wm.MultiSenceManagerInternalStubImpl$UpdateScreenStatus.run:98 android.os.Handler.handleCallback:959 android.os.Handler.dispatchMessage:100 
03-02 11:03:30.978  1621  2986 I WindowManager: Relayout Window{9bdb72d u0 com.softnation.Ojam/com.softnation.Ojam.MainActivity}: oldVis=4 newVis=0 focusMayChange = true requestedWidth = 1080 requestedHeight = 2460 outFrames = ClientWindowFrames{frame=[0,0][1080,2460] display=[0,0][1080,2460] parentFrame=[0,0][0,0]} outSurfaceControl = Surface(name=com.softnation.Ojam/com.softnation.Ojam.MainActivity#133775)/@0xc90046b
03-02 11:03:30.978  1621  1928 W ActivityManagerServiceImpl: Sending non-protected broadcast com.xiaomi.multisence.action.FOCUSED_CHANGE from system 1621:system/1000 pkg android. Callers=com.android.server.am.ActivityManagerService.checkBroadcastFromSystem:16365 com.android.server.am.ActivityManagerService.broadcastIntentLockedTraced:17236 com.android.server.am.ActivityManagerService.broadcastIntentLocked:16425 com.android.server.am.ActivityManagerService.broadcastIntentWithFeature:17459 android.app.ContextImpl.sendBroadcast:1264 
03-02 11:03:30.981 10571 10571 D BufferQueueConsumer: [](id:294b00000000,api:0,p:-1,c:10571) connect: controlledByApp=false
03-02 11:03:30.983 10571 10571 D BLASTBufferQueue: [VRI[MainActivity]#0](f:0,a:0) constructor()
03-02 11:03:30.983 10571 10571 D BLASTBufferQueue: [VRI[MainActivity]#0](f:0,a:0) update width=1080 height=2460 format=-1 mTransformHint=0
03-02 11:03:30.990  1621  1651 I ActivityTaskManager: visible for Task{2e7af4 #37033 type=standard A=10337:com.softnation.Ojam} visible = true isAnimating = false TRANSITION = false PARENTS = false CHILDREN = false
03-02 11:03:30.991  1621  1651 D SurfaceComposerClient: Transaction::apply InputWindowCommands.focusRequests timestamp=611004527619110, windowName=9bdb72d com.softnation.Ojam/com.softnation.Ojam.MainActivity
03-02 11:03:30.991 10571 10571 D VRI[MainActivity]: vri.reportNextDraw android.view.ViewRootImpl.performTraversals:4984 android.view.ViewRootImpl.doTraversal:3564 android.view.ViewRootImpl$TraversalRunnable.run:11781 android.view.Choreographer$CallbackRecord.run:1804 android.view.Choreographer$CallbackRecord.run:1813 
03-02 11:03:31.007   921   921 D SurfaceFlinger: Focus addInputWindowCommands timestamp=611004527619110, windowName=9bdb72d com.softnation.Ojam/com.softnation.Ojam.MainActivity
03-02 11:03:31.008   921   921 I SurfaceFlinger: onHandleDestroyed: name=Surface(name=77d8129 NavigationBar0#101614)/@0x3faba4f - animation-leash of insets_animation#133771, layerId=133771, parentId=0
03-02 11:03:31.008   921   921 I SurfaceFlinger: onHandleDestroyed: name=Surface(name=5b2ee94 StatusBar#103)/@0xf6cf932 - animation-leash of insets_animation#133770, layerId=133770, parentId=0
03-02 11:03:31.011  1621  1918 E HyperSentinel: -------------------------------------------------------
03-02 11:03:31.011  1621  1918 E HyperSentinel: Event_ResidentSize
03-02 11:03:31.011  1621  1918 E HyperSentinel: -> audit event by proc 10571 "usap64": RSS increasement, peak 166276kb -> 249424kb
03-02 11:03:31.012   921  1483 D SurfaceFlinger: updateWinowInfo=1, setFocusedWindow timestamp=611004527619110, windowName=9bdb72d com.softnation.Ojam/com.softnation.Ojam.MainActivity
03-02 11:03:31.017  1621  4427 D ActivityManager: getProcessesInErrorState callingUid=10126, CallingPid=31485
03-02 11:03:31.021   921  1166 D SurfaceFlinger: [SF client] NEW(0xb400007caea52990) for (10571:com.softnation.Ojam)
03-02 11:03:31.024   921   921 I BufferQueueDebug: [Surface(name=77d8129 NavigationBar0#101614)/@0x3faba4f - animation-leash of insets_animation#133771](this:0xb400007bcec561a8,id:-1,api:0,p:-1,c:921) onDestructor()
03-02 11:03:31.024   921   921 I BufferQueueDebug: [Surface(name=5b2ee94 StatusBar#103)/@0xf6cf932 - animation-leash of insets_animation#133770](this:0xb400007bcecb6ec8,id:-1,api:0,p:-1,c:921) onDestructor()
03-02 11:03:31.025 10571 10571 D MiuiCameraCoveredManager: java.lang.NullPointerException: Attempt to invoke virtual method 'java.lang.String android.provider.MiuiSettings$SettingsCloudData$CloudData.getString(java.lang.String, java.lang.String)' on a null object reference
03-02 11:03:31.026 10571 13464 W libc    : Access denied finding property "ro.vendor.display.iris_x7.support"
03-02 11:03:31.027 10571 10571 I ForceDarkHelperStubImpl: setViewRootImplForceDark: false for com.softnation.Ojam.MainActivity@db08fa, reason: AppDarkModeEnable
03-02 11:03:31.028 10571 10571 D VRI[PopupWindow:5e886ca]: hardware acceleration = true, forceHwAccelerated = false
03-02 11:03:31.029   921  1166 I BufferQueueDebug: [86b2be0 PopupWindow:5e886ca#133778](this:0xb400007bcec80d18,id:-1,api:0,p:-1,c:-1) BufferQueue core=(921:/system/bin/surfaceflinger)
03-02 11:03:31.030  1141  7637 E IPCThreadState: Binder transaction failure. id: 354786236, BR_*: 29201, error: -1 (Operation not permitted)
03-02 11:03:31.030  1141  7637 W BpBinder: Large or Failed outgoing transaction of 108 bytes, interface descriptor , code 1
03-02 11:03:31.033 10571 10571 D InputEventReceiver: Input log is disabled in InputEventReceiver.
03-02 11:03:31.037  1621  2986 D CoreBackPreview: Window{86b2be0 u0 PopupWindow:5e886ca}: Setting back callback OnBackInvokedCallbackInfo{mCallback=android.window.IOnBackInvokedCallback$Stub$Proxy@b62ad3f, mPriority=0, mIsAnimationCallback=false}
03-02 11:03:31.040  1621  1651 I ActivityTaskManager: visible for Task{2e7af4 #37033 type=standard A=10337:com.softnation.Ojam} visible = true isAnimating = false TRANSITION = false PARENTS = false CHILDREN = false
03-02 11:03:31.043   921  1166 I BufferQueueDebug: [PopupWindow:5e886ca#133779](this:0xb400007bcecc8028,id:-1,api:0,p:-1,c:-1) BufferQueue core=(921:/system/bin/surfaceflinger)
03-02 11:03:31.046  1621  2986 D MiuiRefreshRatePolicy: reset
03-02 11:03:31.052 10571 10571 D BufferQueueConsumer: [](id:294b00000001,api:0,p:-1,c:10571) connect: controlledByApp=false
03-02 11:03:31.052 10571 10571 D BLASTBufferQueue: [VRI[PopupWindow:5e886ca]#1](f:0,a:0) constructor()
03-02 11:03:31.052 10571 10571 D BLASTBufferQueue: [VRI[PopupWindow:5e886ca]#1](f:0,a:0) update width=1080 height=65 format=-3 mTransformHint=0
03-02 11:03:31.054 10571 10571 I ForceDarkHelperStubImpl: setViewRootImplForceDark: false for com.softnation.Ojam.MainActivity@db08fa, reason: AppDarkModeEnable
03-02 11:03:31.056 10571 10571 D VRI[PopupWindow:5e886ca]: vri.reportNextDraw android.view.ViewRootImpl.performTraversals:4984 android.view.ViewRootImpl.doTraversal:3564 android.view.ViewRootImpl$TraversalRunnable.run:11781 android.view.Choreographer$CallbackRecord.run:1804 android.view.Choreographer$CallbackRecord.run:1813 
03-02 11:03:31.056  1621  1651 I ActivityTaskManager: visible for Task{2e7af4 #37033 type=standard A=10337:com.softnation.Ojam} visible = true isAnimating = false TRANSITION = false PARENTS = false CHILDREN = false
03-02 11:03:31.057 10571 10571 D VRI[PopupWindow:5e886ca]: Setup new sync=wmsSync-VRI[PopupWindow:5e886ca]#0
03-02 11:03:31.059 10571 10571 D UserSceneDetector: invoke error.
03-02 11:03:31.063 18562 12259 D BluetoothDevice: getAddress: mAddress=XX:XX:XX:XX:E1:4F
03-02 11:03:31.063 18562 12259 D BluetoothDevice: getAddress: mAddress=XX:XX:XX:XX:94:A5
03-02 11:03:31.063 18562 12259 D BluetoothDevice: getAddress: mAddress=XX:XX:XX:XX:6E:27
03-02 11:03:31.063 18562 12259 D BluetoothDevice: getAddress: mAddress=XX:XX:XX:XX:9D:81
03-02 11:03:31.063 18562 12259 D BluetoothDevice: getAddress: mAddress=XX:XX:XX:XX:EE:F9
03-02 11:03:31.064 18562 12259 D BluetoothDevice: getAddress: mAddress=XX:XX:XX:XX:C8:A7
03-02 11:03:31.064 18562 12259 D BluetoothDevice: getAddress: mAddress=XX:XX:XX:XX:2F:74
03-02 11:03:31.064 18562 12259 D BluetoothDevice: getAddress: mAddress=XX:XX:XX:XX:69:70
03-02 11:03:31.064 18562 12259 D BluetoothDevice: getAddress: mAddress=XX:XX:XX:XX:C0:39
03-02 11:03:31.065 10571 13464 D HWUI    : makeCurrent grContext:0xb4000079f1a12b90 reset mTextureAvailable
03-02 11:03:31.066 18562 12259 D BluetoothDevice: getAddress: mAddress=XX:XX:XX:XX:E1:4F
03-02 11:03:31.066 18562 12259 D BluetoothDevice: getAddress: mAddress=XX:XX:XX:XX:94:A5
03-02 11:03:31.066 18562 12259 D BluetoothDevice: getAddress: mAddress=XX:XX:XX:XX:6E:27
03-02 11:03:31.066 18562 12259 D BluetoothDevice: getAddress: mAddress=XX:XX:XX:XX:9D:81
03-02 11:03:31.066 18562 12259 D BluetoothDevice: getAddress: mAddress=XX:XX:XX:XX:EE:F9
03-02 11:03:31.066 18562 12259 D BluetoothDevice: getAddress: mAddress=XX:XX:XX:XX:C8:A7
03-02 11:03:31.066 18562 12259 D BluetoothDevice: getAddress: mAddress=XX:XX:XX:XX:2F:74
03-02 11:03:31.066 18562 12259 D BluetoothDevice: getAddress: mAddress=XX:XX:XX:XX:69:70
03-02 11:03:31.066 18562 12259 D BluetoothDevice: getAddress: mAddress=XX:XX:XX:XX:C0:39
03-02 11:03:31.067 10571 13464 D softnation.Ojam: MiuiProcessManagerServiceStub setSchedFifo
03-02 11:03:31.067 10571 13464 I MiuiProcessManagerImpl: setSchedFifo pid:10571, mode:3
03-02 11:03:31.068  1621  4427 D ProcessManager: beginSchedThreads is not Enabled
03-02 11:03:31.068 10571 13464 D MAGT_SYNC_FRAME: MAGT Sync: MAGT is not supported. Disabling Sync.
03-02 11:03:31.068 18562 12259 D BluetoothDevice: getAddress: mAddress=XX:XX:XX:XX:E1:4F
03-02 11:03:31.068 10571 13464 D softnation.Ojam: Can't load libmbrainSDK
03-02 11:03:31.068 18562 12259 D BluetoothDevice: getAddress: mAddress=XX:XX:XX:XX:94:A5
03-02 11:03:31.068 18562 12259 D BluetoothDevice: getAddress: mAddress=XX:XX:XX:XX:6E:27
03-02 11:03:31.068 18562 12259 D BluetoothDevice: getAddress: mAddress=XX:XX:XX:XX:9D:81
03-02 11:03:31.069 18562 12259 D BluetoothDevice: getAddress: mAddress=XX:XX:XX:XX:EE:F9
03-02 11:03:31.069 18562 12259 D BluetoothDevice: getAddress: mAddress=XX:XX:XX:XX:C8:A7
03-02 11:03:31.069 18562 12259 D BluetoothDevice: getAddress: mAddress=XX:XX:XX:XX:2F:74
03-02 11:03:31.069 18562 12259 D BluetoothDevice: getAddress: mAddress=XX:XX:XX:XX:69:70
03-02 11:03:31.069 18562 12259 D BluetoothDevice: getAddress: mAddress=XX:XX:XX:XX:C0:39
03-02 11:03:31.071 10571 13464 I GrallocExtra: gralloc_extra_query:is_SW3D 0
03-02 11:03:31.072 10571 13464 W libc    : Access denied finding property "ro.vendor.display.iris_x7.support"
03-02 11:03:31.110 10571 13464 E LB      : fail to open file: No such file or directory
03-02 11:03:31.110 10571 13464 E LB      : fail to open node: No such file or directory
03-02 11:03:31.110 10571 13464 E LB      : fail to open node: No such file or directory
03-02 11:03:31.111 10571 13464 I GrallocExtra: gralloc_extra_query:is_SW3D 0
03-02 11:03:31.112 10571 13464 W libc    : Access denied finding property "ro.vendor.display.iris_x7.support"
03-02 11:03:31.113 10571 13464 D BLASTBufferQueue: [VRI[PopupWindow:5e886ca]#1](f:0,a:1) acquireNextBufferLocked size=1080x65 mFrameNumber=1 applyTransaction=true mTimestamp=611004660181879(auto) mPendingTransactions.size=0 graphicBufferId=45402099286027 transform=0
03-02 11:03:31.114 10571 13464 D softnation.Ojam: Can't load libmbrainSDK
03-02 11:03:31.116 10571 10571 D VRI[PopupWindow:5e886ca]: vri.reportDrawFinished
03-02 11:03:31.118  1621  2986 D WindowManager: wms.finishDrawingLocked: mDrawState=COMMIT_DRAW_PENDING Window{86b2be0 u0 PopupWindow:5e886ca} in Surface(name=PopupWindow:5e886ca#133779)/@0xb6b0b55
03-02 11:03:31.119  1621  1651 D MiuiRefreshRatePolicy: reset
03-02 11:03:31.120  1621  1651 I WindowManager: onFirstWindowDrawn, try to remove startingWindow. this = ActivityRecord{17d606 u0 com.softnation.Ojam/.MainActivity t37033} associatedTask = null isMainWindow = false mStartingWindow = Window{da348c u0 Splash Screen com.softnation.Ojam} mStartingData = SplashScreenStartingData{3504663 waitForSyncTransactionCommit=false removeAfterTransaction= 0}
03-02 11:03:31.123  1621  1651 I WindowManager: onFirstWindowDrawn, try to remove startingWindow. this = ActivityRecord{17d606 u0 com.softnation.Ojam/.MainActivity t37033} associatedTask = null isMainWindow = false mStartingWindow = Window{da348c u0 Splash Screen com.softnation.Ojam} mStartingData = SplashScreenStartingData{3504663 waitForSyncTransactionCommit=false removeAfterTransaction= 0}
03-02 11:03:31.123  1621  1651 I ActivityTaskManager: visible for Task{2e7af4 #37033 type=standard A=10337:com.softnation.Ojam} visible = true isAnimating = false TRANSITION = false PARENTS = false CHILDREN = false
03-02 11:03:31.126 10571 10571 D VRI[PopupWindow:5e886ca]: vri.reportNextDraw android.view.ViewRootImpl.handleResized:2771 android.view.ViewRootImpl.-$$Nest$mhandleResized:0 android.view.ViewRootImpl$W.resized:12932 android.app.servertransaction.WindowStateResizeItem.execute:64 android.app.servertransaction.WindowStateTransactionItem.execute:59 
03-02 11:03:31.135  6515  7167 E PowerKeeper.Thermal: ProcessInfo java.lang.NumberFormatException: For input string: "CPU usage from 255273ms to 207033ms ago (2026-03-02 10"
03-02 11:03:31.137 10571 10571 D VRI[PopupWindow:5e886ca]: Setup new sync=wmsSync-VRI[PopupWindow:5e886ca]#2
03-02 11:03:31.138 10571 10571 D VRI[PopupWindow:5e886ca]: vri.reportDrawFinished
03-02 11:03:31.140  1621  1651 D MiuiRefreshRatePolicy: reset
03-02 11:03:31.141  1621  1651 I WindowManager: onFirstWindowDrawn, try to remove startingWindow. this = ActivityRecord{17d606 u0 com.softnation.Ojam/.MainActivity t37033} associatedTask = null isMainWindow = false mStartingWindow = Window{da348c u0 Splash Screen com.softnation.Ojam} mStartingData = SplashScreenStartingData{3504663 waitForSyncTransactionCommit=false removeAfterTransaction= 0}
03-02 11:03:31.156  1621  1651 I WindowManager: onFirstWindowDrawn, try to remove startingWindow. this = ActivityRecord{17d606 u0 com.softnation.Ojam/.MainActivity t37033} associatedTask = null isMainWindow = false mStartingWindow = Window{da348c u0 Splash Screen com.softnation.Ojam} mStartingData = SplashScreenStartingData{3504663 waitForSyncTransactionCommit=false removeAfterTransaction= 0}
03-02 11:03:31.157  1621  1651 I ActivityTaskManager: visible for Task{2e7af4 #37033 type=standard A=10337:com.softnation.Ojam} visible = true isAnimating = false TRANSITION = false PARENTS = false CHILDREN = false
03-02 11:03:31.165 31638 31695 I WM-WorkerWrapper: Worker result SUCCESS for Work [ id=e12d7a25-71b0-4a47-a176-207e2c287c28, tags={ com.whatsapp.xmpp.messaging.XmppLifecycleWorker } ]
03-02 11:03:31.172 31638 31638 D WM-Processor: Fr5 e12d7a25-71b0-4a47-a176-207e2c287c28 executed; reschedule = false
03-02 11:03:31.172 31638 31638 D WM-GreedyScheduler: Stopping tracking for WorkGenerationalId(workSpecId=e12d7a25-71b0-4a47-a176-207e2c287c28, generation=0)
03-02 11:03:31.174 31638 31638 D WM-SystemJobService: e12d7a25-71b0-4a47-a176-207e2c287c28 executed on JobScheduler
03-02 11:03:31.175  1621  4427 I whetstone.activity: Power Event callback listener is empty for resId=256
03-02 11:03:31.175  1621  4427 D BatteryStatsManagerStub: notifyEvent for resId=256 used 1ms
03-02 11:03:31.178  1621  1842 I MiuiNetworkPolicy: updateUidState uid = 10300, uidState = 10
03-02 11:03:31.179  5969  6034 I ebcv    : (REDACTED) appOpsListener %s %s
03-02 11:03:31.179  5969  6034 I ebcv    : (REDACTED) Ignoring irrelevant audio permission changes for package %s
03-02 11:03:31.180  1621  1638 D GnssSsruImpl: onLocationPermissionsChanged provider:network packageName:com.whatsapp
03-02 11:03:31.180  1621  1638 D GnssSsruImpl: onLocationPermissionsChanged provider:passive packageName:com.whatsapp
03-02 11:03:31.181 31638 31695 D WM-GreedyScheduler: Cancelling work ID e12d7a25-71b0-4a47-a176-207e2c287c28
03-02 11:03:31.188 31638 31695 D WM-GreedyScheduler: Starting tracking for 64e29e4d-a65e-42e4-8f5e-7e3ec5d0702f
03-02 11:03:31.292   861   947 I libPerfCtl: xgfGetFPS pid:921 fps:-1
03-02 11:03:31.292   861   947 I libPerfCtl: xgfGetFPS pid:2363 fps:-1
03-02 11:03:31.292   861   947 I libPerfCtl: xgfGetFPS pid:10571 fps:-1
03-02 11:03:31.299   849  1430 I hwcomposer: [HWC] (0)fire a callback of refresh to SF[4]  
03-02 11:03:31.311   921   921 I BufferQueueProducer: [FramebufferSurface](this:0xb400007d8e9dff50,id:-1,api:1,p:921,c:921) queueBuffer: fps=19.14 dur=2873.47 max=1980.34 min=12.54
03-02 11:03:31.312   849   868 I hwcomposer: [HWCDisplay] (0 updateFps():3667), (type:1, mode:2) fps:47.843922,dur:1086.87,max:186.23,min:15.02  
03-02 11:03:31.314   921   921 I MI-SF   : surfaceflinger setAffinity mode=1
03-02 11:03:31.314   921   921 E MI-SF   : surfaceflinger setAffinity success
03-02 11:03:31.314   921   921 I MI-SF   : surfaceflinger setreAffinity reTid=1207
03-02 11:03:31.314   921   921 E MI-SF   : surfaceflinger setAffinity success
03-02 11:03:31.357  2350  2350 W Settings: Setting airplane_mode_on has moved from android.provider.Settings.System to android.provider.Settings.Global, returning read-only value.
03-02 11:03:31.359  2350  2350 W Settings: Setting airplane_mode_on has moved from android.provider.Settings.System to android.provider.Settings.Global, returning read-only value.
03-02 11:03:31.361  2350 29580 D NetworkSpeedTracker: updateSignalInfo lteRsrp=-91lteSnr=14,phoneId=1
03-02 11:03:31.363  2350 29580 D NetworkSpeedTracker: updateSignalInfo lteRsrp=-91lteSnr=14,phoneId=1
03-02 11:03:31.400  1621  2986 I ClipboardServiceI: checkProviderWakePathForClipboard: primaryClip is null
03-02 11:03:31.402 27809 28618 I FontLog : (REDACTED) Received query %s, URI %s
03-02 11:03:31.402 27809 28618 I FontLog : (REDACTED) Query [%s] resolved to %s
03-02 11:03:31.405 27809 28618 I FontLog : (REDACTED) Fetch %s end status %s
03-02 11:03:31.410 27809 28618 I FontLog : (REDACTED) Pulling font file for id = %d, cache size = %d
03-02 11:03:31.415 27809 28618 I FontLog : (REDACTED) Pulling font file for id = %d, cache size = %d
03-02 11:03:31.438  1621  2986 D AS.BtHelper: isBluetoothScoOn() mBluetoothHeadset is null: falsemBluetoothHeadsetDevice is null: true
03-02 11:03:31.438  1621  2986 V AS.AudioDeviceBroker: requestedCommunicationDevice: null mAudioModeOwner: AudioModeInfo: mMode=MODE_NORMAL, mPid=0, mUid=0
03-02 11:03:31.439  1621  2986 D AS.BtHelper: isBluetoothScoOn() mBluetoothHeadset is null: falsemBluetoothHeadsetDevice is null: true
03-02 11:03:31.439  1621  2986 V AS.AudioDeviceBroker: requestedCommunicationDevice: null mAudioModeOwner: AudioModeInfo: mMode=MODE_NORMAL, mPid=0, mUid=0
03-02 11:03:31.529   863   935 I ExtendedUtils: [timer_thread_start] epoll wait thread while start
03-02 11:03:31.529   863   935 I ExtendedPerfBoost: [restore_callback_expires] thermalbreak callback
03-02 11:03:31.529   863   935 I ExtendedPerfBoost: [triggerList_update] del one node to freelist
03-02 11:03:31.529   863   935 I ExtendedPerfBoost: [triggerList_update] now trigger boost:0  info
03-02 11:03:31.529   863   935 I ExtendedPerfBoost: [trig_thermalbreak] curr target time is same last target time
03-02 11:03:31.529   863   935 I ExtendedPerfBoost: [setThermalBreak] [setThermalBreak] : boost:0
03-02 11:03:31.567  1621  1922 I SmartPower: com.milink.service:audio/10190(19603): background->idle(3001ms) R(broadcast start Intent { act=android.intent.action.PACKAGE_RESTARTED dat=package: flg=0x4000010 (has extras) }) adj=250.
03-02 11:03:31.575   835   835 I zygote  : Delayed USAP Pool refill. New USAPs: 1
03-02 11:03:31.597   835   835 D Zygote  : Forked child process 13515
03-02 11:03:31.723   921  1471 D MI-SF   : isTpIdleScene mSetTpIdleFlag 0, mSetLtpoTpIdleFlag 0
03-02 11:03:31.725 10571 13443 I softnation.Ojam: Compiler allocated 6783KB to compile void android.view.ViewRootImpl.performTraversals()
03-02 11:03:31.825   921   921 I MI-SF   : surfaceflinger setAffinity mode=0
03-02 11:03:31.825   921   921 E MI-SF   : surfaceflinger setAffinity success
03-02 11:03:32.055   849  1430 I hwcomposer: [HWC] (0)fire a callback of refresh to SF[4]  
03-02 11:03:32.079   921   921 I MI-SF   : surfaceflinger setAffinity mode=1
03-02 11:03:32.079   921   921 E MI-SF   : surfaceflinger setAffinity success
03-02 11:03:32.080   921   921 I MI-SF   : surfaceflinger setreAffinity reTid=1207
03-02 11:03:32.080   921   921 E MI-SF   : surfaceflinger setAffinity success
03-02 11:03:32.228  1055  1186 D connsyslogger: SD_LOG_ROOT is /data/debuglogger/connsyslog/fw.
03-02 11:03:32.228  1055  1186 D connsyslogger: systemReady:1
03-02 11:03:32.258   921  1472 D DisplayModeController: setDesiredMode 4627039422300187648 {mode={fps=36.00 Hz, modePtr={id=3, vsyncRate=36.00 Hz, peakRefreshRate=36.00 Hz}}, emitEvent=false, force=false}
03-02 11:03:32.259   921  1472 D Scheduler: MtkOverrideDuration: update vsync 36
03-02 11:03:32.259   921  1472 E SurfaceFlinger: MtkDuration override mode is disabled
03-02 11:03:32.259   921  1472 D Scheduler: MtkOverrideDuration: reset override duration
03-02 11:03:32.260   921  1472 I PowerHalWrapper: updateFps(): 36
03-02 11:03:32.271   849   868 I hwcomposer: [HWCDisplay] (0 setActiveConfigWithConstraints():4114), config:3  
03-02 11:03:32.271   849   868 I hwcomposer: [HWCDisplay] (0 setActiveConfigWithConstraints():4164), now 611005820576340, diff 302384, estimated_applied_time 16666667 queued_size:0  
03-02 11:03:32.274   921   921 I MI-SF   : surfaceflinger setAffinity mode=0
03-02 11:03:32.274   921   921 E MI-SF   : surfaceflinger setAffinity success
03-02 11:03:32.281   849  1481 I hwcomposer: [HWCDisplay] (0 updateAppliedConfigState():4360), applied config complete[idx:611005837243007, config:3]  
03-02 11:03:32.287   921   921 I PowerHalWrapper: updateFps(): 36
03-02 11:03:32.288   921   921 I PowerHalWrapper: updateFps(): 36
03-02 11:03:32.292   861   947 I libPerfCtl: xgfGetFPS pid:921 fps:-1
03-02 11:03:32.292   861   947 I libPerfCtl: xgfGetFPS pid:2363 fps:-1
03-02 11:03:32.407  1621  1922 I SmartPower: com.miui.home/10166(1999): background->idle(3064ms) R(become background) adj=100.
03-02 11:03:32.407  1621  1922 I SmartPower: com.google.android.googlequicksearchbox:search/10165(13966): background->idle(3017ms) R(add to whitelist) adj=0.
03-02 11:03:32.407  1621  1922 I SmartPower: com.google.android.googlequicksearchbox:googleapp/10165(14013): background->idle(3017ms) R(add to whitelist) adj=100.
03-02 11:03:32.407  1621  1922 I SmartPower: com.google.android.adservices.api/10261(5464): background->idle(3001ms) R(add to whitelist) adj=0.
03-02 11:03:32.408  1621  1922 I SmartPower: com.google.android.webview:sandboxed_process0:org.chromium.content.app.SandboxedPrbackground->idle(3002ms) R(add to whitelist) adj=100.
03-02 11:03:32.408  1621  1922 I SmartPower: com.whatsapp/10300(31638): background->idle(3001ms) R(broadcast start Intent { act=android.intent.action.BATTERY_CHANGED flg=0x60000010 (has extras) }) adj=905.
03-02 11:03:32.411  1621  1922 I SmartPower: com.facebook.stella/10126(31485): background->idle(3001ms) R(broadcast start Intent { act=android.intent.action.BATTERY_CHANGED flg=0x60000010 (has extras) }) adj=925.
03-02 11:03:32.413  1621  1922 I SmartPower: com.whatsapp/99910300(29736): background->idle(3001ms) R(broadcast start Intent { act=android.intent.action.BATTERY_CHANGED flg=0x60000010 (has extras) }) adj=500.
03-02 11:03:32.414  1621  1922 I SmartPower: com.android.chrome/10174(13210): background->idle(3001ms) R(broadcast start Intent { act=android.intent.action.BATTERY_CHANGED flg=0x60000010 (has extras) }) adj=905.
03-02 11:03:32.441  1621  4427 D AS.BtHelper: isBluetoothScoOn() mBluetoothHeadset is null: falsemBluetoothHeadsetDevice is null: true
03-02 11:03:32.441  1621  4427 V AS.AudioDeviceBroker: requestedCommunicationDevice: null mAudioModeOwner: AudioModeInfo: mMode=MODE_NORMAL, mPid=0, mUid=0
03-02 11:03:32.441  1621  4427 D AS.BtHelper: isBluetoothScoOn() mBluetoothHeadset is null: falsemBluetoothHeadsetDevice is null: true
03-02 11:03:32.441  1621  4427 V AS.AudioDeviceBroker: requestedCommunicationDevice: null mAudioModeOwner: AudioModeInfo: mMode=MODE_NORMAL, mPid=0, mUid=0
03-02 11:03:32.444   921  1467 W EventThreadInspector: slow VSync-app on display(4627039422300187648) count=1, avg=32 ms, max=32 ms.
03-02 11:03:32.584 10571 13490 W unknown:BridgelessReact: ReactHost{0}.loadJSBundleFromMetro(): Creating BundleLoader
03-02 11:03:32.586 10571 13489 W unknown:BridgelessReact: ReactHost{0}.getOrCreateReactContext(): Creating BridgelessReactContext
03-02 11:03:32.588 10571 13489 W unknown:BridgelessReact: ReactHost{0}.getOrCreateReactInstanceTask(): Creating ReactInstance
03-02 11:03:32.595   849  1430 I hwcomposer: [HWC] (0)fire a callback of refresh to SF[4]  
03-02 11:03:32.608   921   921 I BufferQueueProducer: [FramebufferSurface](this:0xb400007d8e9dff50,id:-1,api:1,p:921,c:921) queueBuffer: fps=1.54 dur=1297.54 max=765.16 min=532.38
03-02 11:03:32.609   849   868 I hwcomposer: [HWCDisplay] (0 updateFps():3667), (type:1, mode:2) fps:3.853279,dur:1297.60,max:512.21,min:15.93  
03-02 11:03:32.612   921   921 I MI-SF   : surfaceflinger setAffinity mode=1
03-02 11:03:32.612   921   921 E MI-SF   : surfaceflinger setAffinity success
03-02 11:03:32.612   921   921 I MI-SF   : surfaceflinger setreAffinity reTid=1207
03-02 11:03:32.612   921   921 E MI-SF   : surfaceflinger setAffinity success
03-02 11:03:32.614 10571 10571 W WindowOnBackDispatcher: sendCancelIfRunning: isInProgress=false callback=android.view.ViewRootImpl$$ExternalSyntheticLambda12@a704596
03-02 11:03:32.615  1621  4427 D CoreBackPreview: Window{86b2be0 u0 PopupWindow:5e886ca}: Setting back callback null
03-02 11:03:32.617 10571 13464 W libc    : Access denied finding property "ro.vendor.display.iris_x7.support"
03-02 11:03:32.620 10571 10571 D View    : [Warning] assignParent to null: this = android.widget.PopupWindow$PopupDecorView{74f203b V.E...... R......D 0,0-1080,65}
03-02 11:03:32.620 10571 10571 D BLASTBufferQueue: [VRI[PopupWindow:5e886ca]#1](f:0,a:1) destructor()
03-02 11:03:32.621   921  1587 I BpBinder: onLastStrongRef automatically unlinking death recipients: 
03-02 11:03:32.621 10571 10571 D BufferQueueConsumer: [VRI[PopupWindow:5e886ca]#1(BLAST Consumer)1](id:294b00000001,api:0,p:-1,c:10571) disconnect
03-02 11:03:32.622  1621  4427 W InputManager-JNI: Input channel object '86b2be0 PopupWindow:5e886ca (client)' was disposed without first being removed with the input manager!
03-02 11:03:32.625  1621  4427 D WindowManager: setParent old=Window{9bdb72d u0 com.softnation.Ojam/com.softnation.Ojam.MainActivity},new=null,this window=Window{86b2be0 u0 PopupWindow:5e886ca},callers=com.android.server.wm.WindowContainer.removeChild:897 com.android.server.wm.WindowContainer.removeImmediately:967 com.android.server.wm.WindowState.removeImmediately:2526 com.android.server.wm.WindowState.removeIfPossible:2714 com.android.server.wm.WindowManagerService.removeClientToken:2462 com.android.server.wm.Session.remove:297 
03-02 11:03:32.626  1621  4427 D MiuiRefreshRatePolicy: reset
03-02 11:03:32.631  1621  1651 I ActivityTaskManager: visible for Task{2e7af4 #37033 type=standard A=10337:com.softnation.Ojam} visible = true isAnimating = false TRANSITION = false PARENTS = false CHILDREN = false
03-02 11:03:32.643 10571 13489 D nativeloader: Load /data/app/~~Bh61wenJZi6JNVEuOkVQfQ==/com.softnation.Ojam-nnCVAdHxKfOmup5FCuBDYQ==/base.apk!/lib/arm64-v8a/libhermes.so using class loader ns clns-7 (caller=/data/app/~~Bh61wenJZi6JNVEuOkVQfQ==/com.softnation.Ojam-nnCVAdHxKfOmup5FCuBDYQ==/base.apk!classes20.dex): ok
03-02 11:03:32.646 10571 13489 D nativeloader: Load /data/app/~~Bh61wenJZi6JNVEuOkVQfQ==/com.softnation.Ojam-nnCVAdHxKfOmup5FCuBDYQ==/base.apk!/lib/arm64-v8a/libhermestooling.so using class loader ns clns-7 (caller=/data/app/~~Bh61wenJZi6JNVEuOkVQfQ==/com.softnation.Ojam-nnCVAdHxKfOmup5FCuBDYQ==/base.apk!classes20.dex): ok
03-02 11:03:32.647 10571 13489 D jni_lib_merge: Entering merged library JNI_OnLoad.
03-02 11:03:32.647 10571 13489 D jni_lib_merge: Preparing 4 pre-merged libs (including stub)
03-02 11:03:32.647 10571 13489 D jni_lib_merge: Preparing to register libhermes_executor_so.  onload_func: 0x77e88747e0
03-02 11:03:32.647 10571 13489 D jni_lib_merge: Preparing to register libhermesinstancejni_so.  onload_func: 0x77e88aa26c
03-02 11:03:32.647 10571 13489 D jni_lib_merge: Preparing to register libjsijniprofiler_so.  onload_func: 0x77e88ac2bc
03-02 11:03:32.647 10571 13489 D jni_lib_merge: About to register 3 actual methods.
03-02 11:03:32.659   921   921 I SurfaceFlinger: onHandleDestroyed: name=86b2be0 PopupWindow:5e886ca#133778, layerId=133778, parentId=0
03-02 11:03:32.659   921   921 I SurfaceFlinger: onHandleDestroyed: name=PopupWindow:5e886ca#133779, layerId=133779, parentId=0
03-02 11:03:32.661   921   921 I MI-SF   : surfaceflinger setAffinity mode=0
03-02 11:03:32.662   921   921 E MI-SF   : surfaceflinger setAffinity success
03-02 11:03:32.687   921   921 I BufferQueueDebug: [86b2be0 PopupWindow:5e886ca#133778](this:0xb400007bcec80d18,id:-1,api:0,p:-1,c:921) onDestructor()
03-02 11:03:32.687   921   921 I BufferQueueDebug: [PopupWindow:5e886ca#133779](this:0xb400007bcecc8028,id:-1,api:0,p:-1,c:921) onDestructor()
03-02 11:03:32.707 10571 13489 D nativeloader: Load /data/app/~~Bh61wenJZi6JNVEuOkVQfQ==/com.softnation.Ojam-nnCVAdHxKfOmup5FCuBDYQ==/base.apk!/lib/arm64-v8a/libexpo-av.so using class loader ns clns-7 (caller=/data/app/~~Bh61wenJZi6JNVEuOkVQfQ==/com.softnation.Ojam-nnCVAdHxKfOmup5FCuBDYQ==/base.apk!classes21.dex): ok
03-02 11:03:32.831  1621  1918 E HyperSentinel: -------------------------------------------------------
03-02 11:03:32.831  1621  1918 E HyperSentinel: Event_OpenFileFDSize
03-02 11:03:32.831  1621  1918 E HyperSentinel: -> audit event by proc 1621 "system_server": Fd increasement, peak, 1156 -> 1211
03-02 11:03:32.832  1621  1917 D MiuiSentinelService: begin judgment FdAmountLeakException
03-02 11:03:32.839   849  1430 I hwcomposer: [HWC] (0)fire a callback of refresh to SF[4]  
03-02 11:03:32.861   921   921 I MI-SF   : surfaceflinger setAffinity mode=1
03-02 11:03:32.861   921   921 E MI-SF   : surfaceflinger setAffinity success
03-02 11:03:32.861   921   921 I MI-SF   : surfaceflinger setreAffinity reTid=1207
03-02 11:03:32.861   921   921 E MI-SF   : surfaceflinger setAffinity success
03-02 11:03:32.913  1201  1298 D AALLightSensor: oldLux=30 [SA:-1 LA:-1] newLux=30 (oriLux: 31)
03-02 11:03:32.942 12755 12755 D WM-DelayedWorkTracker: Scheduling work 441f3276-1615-4c4f-abaf-43c6c320ff86
03-02 11:03:32.942 12755 12755 D WM-GreedyScheduler: Starting tracking for 441f3276-1615-4c4f-abaf-43c6c320ff86
03-02 11:03:32.946 12755 12832 D WM-ConstraintTracker: j: initial state = NetworkState(isConnected=false, isValidated=false, isMetered=true, isNotRoaming=true)
03-02 11:03:32.946 12755 12832 D WM-NetworkStateTracker: Registering network callback
03-02 11:03:32.948  1621  2188 D ConnectivityService: requestNetwork for uid/pid:10302/12755 activeRequest: null callbackRequest: 242303 [NetworkRequest [ TRACK_DEFAULT id=242304, [ Capabilities: INTERNET&NOT_RESTRICTED&TRUSTED&NOT_VCN_MANAGED&NOT_BANDWIDTH_CONSTRAINED Uid: 10302 RequestorUid: 10302 RequestorPkg: com.twitter.android UnderlyingNetworks: Null] ], NetworkRequest [ REQUEST id=242305, [ Transports: SATELLITE Capabilities: INTERNET&NOT_RESTRICTED&TRUSTED&NOT_VCN_MANAGED Uid: 10302 RequestorUid: 10302 RequestorPkg: com.twitter.android UnderlyingNetworks: Null] ]] callback flags: 0 order: 2147483647 isUidTracked: false declaredMethods: AVAIL|LOST|NC
03-02 11:03:32.949 12755 12832 D WM-GreedyScheduler: Constraints not met: Cancelling work ID WorkGenerationalId(workSpecId=441f3276-1615-4c4f-abaf-43c6c320ff86, generation=0)
03-02 11:03:32.951 12755 12829 D WM-NetworkStateTracker: Network capabilities changed: [ Transports: CELLULAR Capabilities: INTERNET&NOT_RESTRICTED&TRUSTED&NOT_VPN&VALIDATED&NOT_ROAMING&FOREGROUND&NOT_CONGESTED&NOT_SUSPENDED&NOT_VCN_MANAGED&NOT_BANDWIDTH_CONSTRAINED LinkUpBandwidth>=14Kbps LinkDnBandwidth>=14Kbps Specifier: <TelephonyNetworkSpecifier [mSubId = 2]> SubscriptionIds: {2} UnderlyingNetworks: Null]
03-02 11:03:32.952 12755 12830 D WM-GreedyScheduler: Constraints met: Scheduling work ID WorkGenerationalId(workSpecId=441f3276-1615-4c4f-abaf-43c6c320ff86, generation=0)
03-02 11:03:32.954 12755 12830 D WM-Processor: r: processing WorkGenerationalId(workSpecId=441f3276-1615-4c4f-abaf-43c6c320ff86, generation=0)
03-02 11:03:32.954  1621  1856 D ConnectivityService: NetReassign [242304 : null ΓåÆ 255] [c 1] [a 1] [i 3]
03-02 11:03:32.959 12755 12755 D WM-WorkerWrapper: Starting work for com.twitter.analytics.service.core.workmanager.AnalyticsFlushWorker
03-02 11:03:32.962 12755 12830 I WM-WorkerWrapper: Worker result SUCCESS for Work [ id=441f3276-1615-4c4f-abaf-43c6c320ff86, tags={ com.twitter.analytics.service.core.workmanager.AnalyticsFlushWorker } ]
03-02 11:03:32.963 12755 12755 D WM-Processor: r 441f3276-1615-4c4f-abaf-43c6c320ff86 executed; reschedule = false
03-02 11:03:32.963 12755 12755 D WM-GreedyScheduler: Stopping tracking for WorkGenerationalId(workSpecId=441f3276-1615-4c4f-abaf-43c6c320ff86, generation=0)
03-02 11:03:32.970 12755 12830 D WM-SystemJobScheduler: Scheduling work ID ca394654-4727-44ff-9b23-98928050bb72Job ID 137065
03-02 11:03:32.983 12755 12830 D WM-GreedyScheduler: Cancelling work ID 441f3276-1615-4c4f-abaf-43c6c320ff86
03-02 11:03:32.985 12755 12830 D WM-NetworkStateTracker: Unregistering network callback
03-02 11:03:33.018  1621  2188 D ActivityManager: getProcessesInErrorState callingUid=10126, CallingPid=31485
03-02 11:03:33.156  2350  2350 W Settings: Setting airplane_mode_on has moved from android.provider.Settings.System to android.provider.Settings.Global, returning read-only value.
03-02 11:03:33.158  2350  2350 W Settings: Setting airplane_mode_on has moved from android.provider.Settings.System to android.provider.Settings.Global, returning read-only value.
03-02 11:03:33.160  2350 29580 D NetworkSpeedTracker: updateNwSignalInfo not allowed ,ignore
03-02 11:03:33.163  2350 29580 D NetworkSpeedTracker: updateNwSignalInfo not allowed ,ignore
03-02 11:03:33.232  1159  1606 D ULogGuard: Monitoring: 18 threads, 0 requests, 0 time-bombs; 1 guards. ResetFlags = 0x7
03-02 11:03:33.292   861   947 I libPerfCtl: xgfGetFPS pid:2363 fps:-1
03-02 11:03:33.444  1621  4427 D AS.BtHelper: isBluetoothScoOn() mBluetoothHeadset is null: falsemBluetoothHeadsetDevice is null: true
03-02 11:03:33.444  1621  4427 V AS.AudioDeviceBroker: requestedCommunicationDevice: null mAudioModeOwner: AudioModeInfo: mMode=MODE_NORMAL, mPid=0, mUid=0
03-02 11:03:33.444  1621  4427 D AS.BtHelper: isBluetoothScoOn() mBluetoothHeadset is null: falsemBluetoothHeadsetDevice is null: true
03-02 11:03:33.444  1621  4427 V AS.AudioDeviceBroker: requestedCommunicationDevice: null mAudioModeOwner: AudioModeInfo: mMode=MODE_NORMAL, mPid=0, mUid=0
03-02 11:03:33.547 18562 12259 D BluetoothDevice: getAddress: mAddress=XX:XX:XX:XX:E1:4F
03-02 11:03:33.547 18562 12259 D BluetoothDevice: getAddress: mAddress=XX:XX:XX:XX:94:A5
03-02 11:03:33.547 18562 12259 D BluetoothDevice: getAddress: mAddress=XX:XX:XX:XX:6E:27
03-02 11:03:33.547 18562 12259 D BluetoothDevice: getAddress: mAddress=XX:XX:XX:XX:9D:81
03-02 11:03:33.547 18562 12259 D BluetoothDevice: getAddress: mAddress=XX:XX:XX:XX:EE:F9
03-02 11:03:33.547 18562 12259 D BluetoothDevice: getAddress: mAddress=XX:XX:XX:XX:C8:A7
03-02 11:03:33.547 18562 12259 D BluetoothDevice: getAddress: mAddress=XX:XX:XX:XX:2F:74
03-02 11:03:33.547 18562 12259 D BluetoothDevice: getAddress: mAddress=XX:XX:XX:XX:69:70
03-02 11:03:33.547 18562 12259 D BluetoothDevice: getAddress: mAddress=XX:XX:XX:XX:C0:39
03-02 11:03:33.549 18562 12259 D BluetoothDevice: getAddress: mAddress=XX:XX:XX:XX:E1:4F
03-02 11:03:33.549 18562 12259 D BluetoothDevice: getAddress: mAddress=XX:XX:XX:XX:94:A5
03-02 11:03:33.549 18562 12259 D BluetoothDevice: getAddress: mAddress=XX:XX:XX:XX:6E:27
03-02 11:03:33.549 18562 12259 D BluetoothDevice: getAddress: mAddress=XX:XX:XX:XX:9D:81
03-02 11:03:33.549 18562 12259 D BluetoothDevice: getAddress: mAddress=XX:XX:XX:XX:EE:F9
03-02 11:03:33.549 18562 12259 D BluetoothDevice: getAddress: mAddress=XX:XX:XX:XX:C8:A7
03-02 11:03:33.549 18562 12259 D BluetoothDevice: getAddress: mAddress=XX:XX:XX:XX:2F:74
03-02 11:03:33.550 18562 12259 D BluetoothDevice: getAddress: mAddress=XX:XX:XX:XX:69:70
03-02 11:03:33.550 18562 12259 D BluetoothDevice: getAddress: mAddress=XX:XX:XX:XX:C0:39
03-02 11:03:33.551 18562 12259 D BluetoothDevice: getAddress: mAddress=XX:XX:XX:XX:E1:4F
03-02 11:03:33.551 18562 12259 D BluetoothDevice: getAddress: mAddress=XX:XX:XX:XX:94:A5
03-02 11:03:33.552 18562 12259 D BluetoothDevice: getAddress: mAddress=XX:XX:XX:XX:6E:27
03-02 11:03:33.552 18562 12259 D BluetoothDevice: getAddress: mAddress=XX:XX:XX:XX:9D:81
03-02 11:03:33.552 18562 12259 D BluetoothDevice: getAddress: mAddress=XX:XX:XX:XX:EE:F9
03-02 11:03:33.552 18562 12259 D BluetoothDevice: getAddress: mAddress=XX:XX:XX:XX:C8:A7
03-02 11:03:33.552 18562 12259 D BluetoothDevice: getAddress: mAddress=XX:XX:XX:XX:2F:74
03-02 11:03:33.552 18562 12259 D BluetoothDevice: getAddress: mAddress=XX:XX:XX:XX:69:70
03-02 11:03:33.552 18562 12259 D BluetoothDevice: getAddress: mAddress=XX:XX:XX:XX:C0:39
03-02 11:03:33.606  6515  7167 E PowerKeeper.Thermal: ProcessInfo java.lang.NumberFormatException: For input string: "CPU usage from 257749ms to 209509ms ago (2026-03-02 10"
03-02 11:03:33.631  1621  1922 I SmartPower: com.google.android.gms/10147(8942): background->idle(5356ms) R(service end com.google.android.gms/.chimera.PersistentDirectBootAwareApiService) adj=250.
03-02 11:03:33.675  2350  2350 W Settings: Setting airplane_mode_on has moved from android.provider.Settings.System to android.provider.Settings.Global, returning read-only value.
03-02 11:03:33.677  2350  2350 W Settings: Setting airplane_mode_on has moved from android.provider.Settings.System to android.provider.Settings.Global, returning read-only value.
03-02 11:03:33.679  2350 29580 D NetworkSpeedTracker: updateSignalInfo lteRsrp=-91lteSnr=15,phoneId=1
03-02 11:03:33.682  2350 29580 D NetworkSpeedTracker: updateSignalInfo lteRsrp=-91lteSnr=15,phoneId=1
03-02 11:03:33.703  1205  2027 D AidlBufferPoolAcc: evictor expired: 3, evicted: 0
03-02 11:03:33.729 10571 13444 W softnation.Ojam: userfaultfd: MOVE ioctl seems unsupported: Try again
03-02 11:03:33.770   921  2359 D SurfaceFlinger: [SF client] REMOVE (0xb400007caea52990) for (10571:com.softnation.Ojam)
