03-02 11:03:44.308  2363  3215 I ActiveSessionRecord_export-api: onPlaybackStateChanged: PlaybackState {state=NONE(0), position=0, buffered position=0, speed=0.0, updated=1028783726, actions=7339653, custom actions=[], active item id=0, error=null}
03-02 11:03:44.309 18562 18562 D AudioMediaPlayerWrapper: onPlaybackStateChanged(): com.softnation.Ojam : PlaybackState {state=NONE(0), position=0, buffered position=0, speed=0.0, updated=1028783726, actions=7339653, custom actions=[], active item id=0, error=null}
03-02 11:03:44.309 18562 18562 W AudioMediaPlayerWrapper: onPlaybackStateChanged(): com.softnation.Ojam tried to update with no new data
03-02 11:03:44.310  1621  2986 D MediaSessionService: onSessionPlaybackStateChanged: record=com.softnation.Ojam/androidx.media3.session.id./85 (userId=0) playbackState=PlaybackState {state=NONE(0), position=0, buffered position=0, speed=0.0, updated=1028783729, actions=7339653, custom actions=[], active item id=0, error=null}
03-02 11:03:44.310  2363 19600 I ActiveSessionRecord_export-api: onPlaybackStateChanged: PlaybackState {state=NONE(0), position=0, buffered position=0, speed=0.0, updated=1028783729, actions=7339653, custom actions=[], active item id=0, error=null}
03-02 11:03:44.310  2363  3215 I ActiveSessionRecord_export-api: onPlaybackStateChanged: PlaybackState {state=NONE(0), position=0, buffered position=0, speed=0.0, updated=1028783729, actions=7339653, custom actions=[], active item id=0, error=null}
03-02 11:03:44.311 18562 18562 D AudioMediaPlayerWrapper: onPlaybackStateChanged(): com.softnation.Ojam : PlaybackState {state=NONE(0), position=0, buffered position=0, speed=0.0, updated=1028783729, actions=7339653, custom actions=[], active item id=0, error=null}
03-02 11:03:44.312 18562 18562 W AudioMediaPlayerWrapper: onPlaybackStateChanged(): com.softnation.Ojam tried to update with no new data
03-02 11:03:44.329 10571 10571 D RNTP-com.doublesymmetry.trackplayer.service.MusicService:onGetSession: com.softnation.Ojam
03-02 11:03:44.334 10571 10571 I MediaController: Init 71fde44 [AndroidXMedia3/1.8.0] [tides, 2404ARN45A, Xiaomi, 35]
03-02 11:03:44.336 10571 10571 D RNTP-com.doublesymmetry.trackplayer.service.MusicService$InnerMediaSessionCallback:onConnect: com.softnation.Ojam
03-02 11:03:44.338  1621  4427 D MediaSessionService: onSessionPlaybackStateChanged: record=com.softnation.Ojam/androidx.media3.session.id./85 (userId=0) playbackState=PlaybackState {state=NONE(0), position=0, buffered position=0, speed=0.0, updated=1028783757, actions=7339653, custom actions=[], active item id=0, error=null}
03-02 11:03:44.339  2363 19600 I ActiveSessionRecord_export-api: onPlaybackStateChanged: PlaybackState {state=NONE(0), position=0, buffered position=0, speed=0.0, updated=1028783757, actions=7339653, custom actions=[], active item id=0, error=null}
03-02 11:03:44.339  2363  3215 I ActiveSessionRecord_export-api: onPlaybackStateChanged: PlaybackState {state=NONE(0), position=0, buffered position=0, speed=0.0, updated=1028783757, actions=7339653, custom actions=[], active item id=0, error=null}
03-02 11:03:44.340 18562 18562 D AudioMediaPlayerWrapper: onPlaybackStateChanged(): com.softnation.Ojam : PlaybackState {state=NONE(0), position=0, buffered position=0, speed=0.0, updated=1028783757, actions=7339653, custom actions=[], active item id=0, error=null}
03-02 11:03:44.340 18562 18562 W AudioMediaPlayerWrapper: onPlaybackStateChanged(): com.softnation.Ojam tried to update with no new data
03-02 11:03:44.345 10571 10571 D RNTP-com.doublesymmetry.trackplayer.service.MusicService$InnerMediaSessionCallback:onConnect: com.softnation.Ojam
03-02 11:03:44.370 10571 10571 I HandWritingStubImpl: refreshLastKeyboardType: 1
03-02 11:03:44.372 10571 10571 I HandWritingStubImpl: getCurrentKeyboardType: 1
03-02 11:03:44.374  1621  1806 I ImeTracker: com.softnation.Ojam:4e7ab1c: onRequestHide at ORIGIN_SERVER reason HIDE_UNSPECIFIED_WINDOW fromUser false
03-02 11:03:44.375  6515 12042 D MirrorManager:  sendAcceptInput 0 0
03-02 11:03:44.375  1621  1806 I ImeTracker: com.softnation.Ojam:4e7ab1c: onCancelled at PHASE_SERVER_SHOULD_HIDE
03-02 11:03:44.377  2526  2526 D InputEventReceiver: Input log is disabled in InputEventReceiver.
03-02 11:03:44.381  2526  2526 I GoogleInputMethodService: GoogleInputMethodService.onFinishInput():2113 
03-02 11:03:44.381  1621  2662 D MediaSessionService: onSessionPlaybackStateChanged: record=com.softnation.Ojam/androidx.media3.session.id./85 (userId=0) playbackState=PlaybackState {state=NONE(0), position=0, buffered position=0, speed=0.0, updated=1028783800, actions=7339653, custom actions=[], active item id=0, error=null}
03-02 11:03:44.382  2526  2526 I Module  : DeviceLockedStatusModuleProvider$Module.updateDeviceLockedStatus():103 repeatCheckTimes = 0, locked = false
03-02 11:03:44.382   921  2359 I BufferQueueDebug: [Surface(name=751ea6d InputMethod#71915)/@0xaafc069 - animation-leash of insets_animation#133781](this:0xb400007bcecd08d8,id:-1,api:0,p:-1,c:-1) BufferQueue core=(921:/system/bin/surfaceflinger)
03-02 11:03:44.382  2363 19600 I ActiveSessionRecord_export-api: onPlaybackStateChanged: PlaybackState {state=NONE(0), position=0, buffered position=0, speed=0.0, updated=1028783800, actions=7339653, custom actions=[], active item id=0, error=null}
03-02 11:03:44.383  2363  3215 I ActiveSessionRecord_export-api: onPlaybackStateChanged: PlaybackState {state=NONE(0), position=0, buffered position=0, speed=0.0, updated=1028783800, actions=7339653, custom actions=[], active item id=0, error=null}
03-02 11:03:44.383  2526  2526 I GoogleInputMethodService: GoogleInputMethodService.onStartInput():1384 onStartInput(EditorInfo{EditorInfo{packageName=com.softnation.Ojam, inputType=0, inputTypeString=NULL, enableLearning=false, autoCorrection=false, autoComplete=false, imeOptions=0, privateImeOptions=null, actionName=UNSPECIFIED, actionLabel=null, initialSelStart=-1, initialSelEnd=-1, initialCapsMode=0, label=null, fieldId=0, fieldName=null, extras=Bundle[mParcelledData.dataSize=72], hintText=null, hintLocales=[]}}, false)
03-02 11:03:44.384 18562 18562 D AudioMediaPlayerWrapper: onPlaybackStateChanged(): com.softnation.Ojam : PlaybackState {state=NONE(0), position=0, buffered position=0, speed=0.0, updated=1028783800, actions=7339653, custom actions=[], active item id=0, error=null}
03-02 11:03:44.385 18562 18562 W AudioMediaPlayerWrapper: onPlaybackStateChanged(): com.softnation.Ojam tried to update with no new data
03-02 11:03:44.385  1621  1651 D MiuiRefreshRatePolicy: reset
03-02 11:03:44.385  2526  2526 I Module  : DeviceLockedStatusModuleProvider$Module.updateDeviceLockedStatus():103 repeatCheckTimes = 1, locked = false
03-02 11:03:44.387  1621  4427 W PackageConfigPersister: App-specific configuration not found for packageName: com.softnation.Ojam and userId: 0
03-02 11:03:44.391  1621  4427 D MediaSessionService: onSessionPlaybackStateChanged: record=com.softnation.Ojam/androidx.media3.session.id./85 (userId=0) playbackState=PlaybackState {state=NONE(0), position=0, buffered position=0, speed=0.0, updated=1028783809, actions=261765, custom actions=[Action:mName='Previous, mIcon=2131231060, mExtras=Bundle[EMPTY_PARCEL], Action:mName='Next, mIcon=2131231044, mExtras=Bundle[EMPTY_PARCEL]], active item id=0, error=null}
03-02 11:03:44.392  2363 19600 I ActiveSessionRecord_export-api: onPlaybackStateChanged: PlaybackState {state=NONE(0), position=0, buffered position=0, speed=0.0, updated=1028783809, actions=261765, custom actions=[Action:mName='Previous, mIcon=2131231060, mExtras=Bundle[EMPTY_PARCEL], Action:mName='Next, mIcon=2131231044, mExtras=Bundle[EMPTY_PARCEL]], active item id=0, error=null}
03-02 11:03:44.392  2363  3215 I ActiveSessionRecord_export-api: onPlaybackStateChanged: PlaybackState {state=NONE(0), position=0, buffered position=0, speed=0.0, updated=1028783809, actions=261765, custom actions=[Action:mName='Previous, mIcon=2131231060, mExtras=Bundle[EMPTY_PARCEL], Action:mName='Next, mIcon=2131231044, mExtras=Bundle[EMPTY_PARCEL]], active item id=0, error=null}
03-02 11:03:44.393 18562 18562 D AudioMediaPlayerWrapper: onPlaybackStateChanged(): com.softnation.Ojam : PlaybackState {state=NONE(0), position=0, buffered position=0, speed=0.0, updated=1028783809, actions=261765, custom actions=[Action:mName='Previous, mIcon=2131231060, mExtras=Bundle[EMPTY_PARCEL], Action:mName='Next, mIcon=2131231044, mExtras=Bundle[EMPTY_PARCEL]], active item id=0, error=null}
03-02 11:03:44.393 18562 18562 W AudioMediaPlayerWrapper: onPlaybackStateChanged(): com.softnation.Ojam tried to update with no new data
03-02 11:03:44.396  1621  1651 I ActivityTaskManager: visible for Task{2e7af4 #37033 type=standard A=10337:com.softnation.Ojam} visible = true isAnimating = true TRANSITION = false PARENTS = false CHILDREN = true
03-02 11:03:44.414   921   921 I SurfaceFlinger: onHandleDestroyed: name=Surface(name=751ea6d InputMethod#71915)/@0xaafc069 - animation-leash of insets_animation#133764, layerId=133764, parentId=0
03-02 11:03:44.415 10571 13522 W unknown:ReactNative: StatusBarModule: Ignored status bar change, current activity is edge-to-edge.
03-02 11:03:44.415 10571 13522 W unknown:ReactNative: StatusBarModule: Ignored status bar change, current activity is edge-to-edge.
03-02 11:03:44.425 10571 10571 I HandWritingStubImpl: getCurrentKeyboardType: 1
03-02 11:03:44.429   921  1468 W EventThreadInspector: slow VSync-appSf on display(4627039422300187648) count=1, avg=32 ms, max=32 ms.
03-02 11:03:44.432   921   921 I BufferQueueDebug: [Surface(name=751ea6d InputMethod#71915)/@0xaafc069 - animation-leash of insets_animation#133764](this:0xb400007bcec6fbb8,id:-1,api:0,p:-1,c:921) onDestructor()
03-02 11:03:44.450  2363  2363 D Utilities:  oldHints : 0 backDisposition : 0 imeShown : false hints 0
03-02 11:03:44.464  1621  5247 D PreStartingManager: Not init when use PreStartingManager!
03-02 11:03:44.466  1621  1651 D MiuiRefreshRatePolicy: reset
03-02 11:03:44.470  2363  2577 D View    : [Warning] assignParent to null: this = android.widget.FrameLayout{89397e0 G.E...... ......ID 0,0-1080,2460}
03-02 11:03:44.479  1621  5247 D MiuiRefreshRatePolicy: reset
03-02 11:03:44.483  1621  2986 D AS.BtHelper: isBluetoothScoOn() mBluetoothHeadset is null: falsemBluetoothHeadsetDevice is null: true
03-02 11:03:44.483  1621  2986 V AS.AudioDeviceBroker: requestedCommunicationDevice: null mAudioModeOwner: AudioModeInfo: mMode=MODE_NORMAL, mPid=0, mUid=0
03-02 11:03:44.483  1621  1651 I ActivityTaskManager: visible for Task{2e7af4 #37033 type=standard A=10337:com.softnation.Ojam} visible = true isAnimating = false TRANSITION = false PARENTS = false CHILDREN = false
03-02 11:03:44.484  2363  2577 D BLASTBufferQueue: [VRI[Ojam]#5833](f:0,a:1) destructor()
03-02 11:03:44.484   921  1166 I BpBinder: onLastStrongRef automatically unlinking death recipients: 
03-02 11:03:44.484  1621  2986 D AS.BtHelper: isBluetoothScoOn() mBluetoothHeadset is null: falsemBluetoothHeadsetDevice is null: true
03-02 11:03:44.485  1621  2986 V AS.AudioDeviceBroker: requestedCommunicationDevice: null mAudioModeOwner: AudioModeInfo: mMode=MODE_NORMAL, mPid=0, mUid=0
03-02 11:03:44.485  2363  2577 D BufferQueueConsumer: [VRI[Ojam]#5833(BLAST Consumer)5833](id:93b00001ade,api:0,p:-1,c:2363) disconnect
03-02 11:03:44.486  1621  1651 D MiuiRefreshRatePolicy: reset
03-02 11:03:44.486  2363  2577 W WindowOnBackDispatcher: sendCancelIfRunning: isInProgress=false callback=android.view.ViewRootImpl$$ExternalSyntheticLambda12@347093f
03-02 11:03:44.488  1621  2986 D CoreBackPreview: Window{da348c u0 Splash Screen com.softnation.Ojam}: Setting back callback null
03-02 11:03:44.489  1621  2986 D WindowManager: Starting window removed Window{da348c u0 Splash Screen com.softnation.Ojam}
03-02 11:03:44.489  1621  2986 W InputManager-JNI: Input channel object 'da348c Splash Screen com.softnation.Ojam (client)' was disposed without first being removed with the input manager!
03-02 11:03:44.490  1621  2986 D WindowManager: setParent old=ActivityRecord{17d606 u0 com.softnation.Ojam/.MainActivity t37033},new=null,this window=Window{da348c u0 Splash Screen com.softnation.Ojam},callers=com.android.server.wm.WindowContainer.removeChild:897 com.android.server.wm.ActivityRecord.removeChild:5518 com.android.server.wm.ActivityRecord.removeChild:505 com.android.server.wm.WindowContainer.removeImmediately:967 com.android.server.wm.WindowState.removeImmediately:2526 com.android.server.wm.WindowState.removeIfPossible:2714 
03-02 11:03:44.491  1621  2986 D WindowManager: postWindowRemoveCleanupLocked: Removing startingWindow Window{da348c u0 Splash Screen com.softnation.Ojam} from ActivityRecord{17d606 u0 com.softnation.Ojam/.MainActivity t37033} activity = ActivityRecord{17d606 u0 com.softnation.Ojam/.MainActivity t37033}
03-02 11:03:44.492  1621  2986 D MiuiRefreshRatePolicy: reset
03-02 11:03:44.495  1621  5247 I PowerHalWrapper: amsBoostStop AMS_BOOST_PACK_SWITCH:false, AMS_BOOST_ACT_SWITCH:false, AMS_BOOST_PROCESS_CREATE:true, AMS_BOOST_PROCESS_CREATE_FOR_GAME:false, AMS_BOOST_HOT_LAUNCH:false 
03-02 11:03:44.497   863   958 I libPowerHal: [perfLockRel] hdl:365879, idx:-1
03-02 11:03:44.498  1621  1651 I ActivityTaskManager: visible for Task{2e7af4 #37033 type=standard A=10337:com.softnation.Ojam} visible = true isAnimating = false TRANSITION = false PARENTS = false CHILDREN = false
03-02 11:03:44.505 10571 13464 W libc    : Access denied finding property "ro.vendor.display.iris_x7.support"
03-02 11:03:44.515   921   921 I SurfaceFlinger: onHandleDestroyed: name=Splash Screen com.softnation.Ojam#133768, layerId=133768, parentId=0
03-02 11:03:44.516   921   921 I SurfaceFlinger: onHandleDestroyed: name=da348c Splash Screen com.softnation.Ojam#133767, layerId=133767, parentId=0
03-02 11:03:44.532   921   921 I BufferQueueDebug: [da348c Splash Screen com.softnation.Ojam#133767](this:0xb400007bcec72948,id:-1,api:0,p:-1,c:921) onDestructor()
03-02 11:03:44.533   921   921 I BufferQueueDebug: [Splash Screen com.softnation.Ojam#133768](this:0xb400007bceca2fd8,id:-1,api:0,p:-1,c:921) onDestructor()
03-02 11:03:44.723  1621  1666 I SmartPower: com.whatsapp/10300(31638): idle->background(2104ms) R(broadcast start Intent { act=android.intent.action.BATTERY_CHANGED flg=0x60000010 (has extras) }) adj=905.
03-02 11:03:44.725  1621  1666 I SmartPower: com.facebook.stella/10126(31485): idle->background(2105ms) R(broadcast start Intent { act=android.intent.action.BATTERY_CHANGED flg=0x60000010 (has extras) }) adj=935.
03-02 11:03:44.727  1621  1666 I SmartPower: com.whatsapp/99910300(29736): idle->background(2103ms) R(broadcast start Intent { act=android.intent.action.BATTERY_CHANGED flg=0x60000010 (has extras) }) adj=500.
03-02 11:03:44.728  1621  1666 I SmartPower: com.android.chrome/10174(13210): idle->background(2104ms) R(broadcast start Intent { act=android.intent.action.BATTERY_CHANGED flg=0x60000010 (has extras) }) adj=905.
03-02 11:03:44.765  1621  2986 D ConnectivityService: requestNetwork for uid/pid:10337/10571 activeRequest: null callbackRequest: 242309 [NetworkRequest [ REQUEST id=242310, [ Capabilities: INTERNET&NOT_RESTRICTED&TRUSTED&NOT_VCN_MANAGED&NOT_BANDWIDTH_CONSTRAINED Uid: 10337 RequestorUid: 10337 RequestorPkg: com.softnation.Ojam UnderlyingNetworks: Null] ]] callback flags: 0 order: 2147483647 isUidTracked: false declaredMethods: AVAIL|LOST
03-02 11:03:44.772  1621  1843 D WifiNetworkFactory: got request NetworkRequest [ REQUEST id=242310, [ Capabilities: INTERNET&NOT_RESTRICTED&TRUSTED&NOT_VCN_MANAGED&NOT_BANDWIDTH_CONSTRAINED Uid: 10337 RequestorUid: 10337 RequestorPkg: com.softnation.Ojam UnderlyingNetworks: Null] ]
03-02 11:03:44.773  1621  1843 D UntrustedWifiNetworkFactory: got request NetworkRequest [ REQUEST id=242310, [ Capabilities: INTERNET&NOT_RESTRICTED&TRUSTED&NOT_VCN_MANAGED&NOT_BANDWIDTH_CONSTRAINED Uid: 10337 RequestorUid: 10337 RequestorPkg: com.softnation.Ojam UnderlyingNetworks: Null] ]
03-02 11:03:44.775  1621  1843 D OemPaidWifiNetworkFactory: got request NetworkRequest [ REQUEST id=242310, [ Capabilities: INTERNET&NOT_RESTRICTED&TRUSTED&NOT_VCN_MANAGED&NOT_BANDWIDTH_CONSTRAINED Uid: 10337 RequestorUid: 10337 RequestorPkg: com.softnation.Ojam UnderlyingNetworks: Null] ]
03-02 11:03:44.775  1621  1843 D MultiInternetWifiNetworkFactory: got request NetworkRequest [ REQUEST id=242310, [ Capabilities: INTERNET&NOT_RESTRICTED&TRUSTED&NOT_VCN_MANAGED&NOT_BANDWIDTH_CONSTRAINED Uid: 10337 RequestorUid: 10337 RequestorPkg: com.softnation.Ojam UnderlyingNetworks: Null] ]
03-02 11:03:44.776  1621  1856 D ConnectivityService: NetReassign [242310 : null ΓåÆ 255] [c 1] [a 1] [i 8]
03-02 11:03:44.845   861   947 I libPerfCtl: xgfGetFPS pid:2363 fps:-1
03-02 11:03:44.845   861   947 I libPerfCtl: xgfGetFPS pid:10571 fps:-1
03-02 11:03:44.915  1201  1298 D AALLightSensor: oldLux=30 [SA:-1 LA:-1] newLux=30 (oriLux: 32)
03-02 11:03:44.919   849  1430 I hwcomposer: [HWC] (0)fire a callback of refresh to SF[4]  
03-02 11:03:44.938   921   921 I BufferQueueProducer: [FramebufferSurface](this:0xb400007d8e9dff50,id:-1,api:1,p:921,c:921) queueBuffer: fps=0.34 dur=2919.17 max=2919.17 min=2919.17
03-02 11:03:44.942   921   921 I MI-SF   : surfaceflinger setAffinity mode=1
03-02 11:03:44.942   921   921 E MI-SF   : surfaceflinger setAffinity success
03-02 11:03:44.942   921   921 I MI-SF   : surfaceflinger setreAffinity reTid=1207
03-02 11:03:44.943   921   921 E MI-SF   : surfaceflinger setAffinity success
03-02 11:03:45.028  1621  2986 D ActivityManager: getProcessesInErrorState callingUid=10126, CallingPid=31485
03-02 11:03:45.047  2350  2350 W Settings: Setting airplane_mode_on has moved from android.provider.Settings.System to android.provider.Settings.Global, returning read-only value.
03-02 11:03:45.053  2350  2350 W Settings: Setting airplane_mode_on has moved from android.provider.Settings.System to android.provider.Settings.Global, returning read-only value.
03-02 11:03:45.057  2350 29580 D NetworkSpeedTracker: updateSignalInfo lteRsrp=-91lteSnr=15,phoneId=1
03-02 11:03:45.062  2350 29580 D NetworkSpeedTracker: updateSignalInfo lteRsrp=-91lteSnr=15,phoneId=1
03-02 11:03:45.119 10571 10571 W Looper  : PerfMonitor doFrame : time=409ms vsyncFrame=19796437 latency=2ms procState=-1
03-02 11:03:45.150   921   921 I MI-SF   : surfaceflinger setAffinity mode=0
03-02 11:03:45.150   921   921 E MI-SF   : surfaceflinger setAffinity success
03-02 11:03:45.237  1159  1606 D ULogGuard: Monitoring: 18 threads, 0 requests, 0 time-bombs; 1 guards. ResetFlags = 0x7
03-02 11:03:45.371   849  1430 I hwcomposer: [HWC] (0)fire a callback of refresh to SF[4]  
03-02 11:03:45.384   849   868 I hwcomposer: [HWCDisplay] (0 updateFps():3667), (type:1, mode:2) fps:22.349661,dur:1118.59,max:225.19,min:11.96  
03-02 11:03:45.386   921   921 I MI-SF   : surfaceflinger setAffinity mode=1
03-02 11:03:45.387   921   921 E MI-SF   : surfaceflinger setAffinity success
03-02 11:03:45.387   921   921 I MI-SF   : surfaceflinger setreAffinity reTid=1207
03-02 11:03:45.387   921   921 E MI-SF   : surfaceflinger setAffinity success
03-02 11:03:45.397 10571 13522 W unknown:ReactNative: StatusBarModule: Ignored status bar change, current activity is edge-to-edge.
03-02 11:03:45.397 10571 13522 W unknown:ReactNative: StatusBarModule: Ignored status bar change, current activity is edge-to-edge.
03-02 11:03:45.451  1621  1912 D HyperStabilitySdkService: checkDmabufStatus done, exceedLimitsList:[], totalDmabufSize:0
03-02 11:03:45.488  1621  5247 D AS.BtHelper: isBluetoothScoOn() mBluetoothHeadset is null: falsemBluetoothHeadsetDevice is null: true
03-02 11:03:45.489  1621  5247 V AS.AudioDeviceBroker: requestedCommunicationDevice: null mAudioModeOwner: AudioModeInfo: mMode=MODE_NORMAL, mPid=0, mUid=0
03-02 11:03:45.490  1621  5247 D AS.BtHelper: isBluetoothScoOn() mBluetoothHeadset is null: falsemBluetoothHeadsetDevice is null: true
03-02 11:03:45.490  1621  5247 V AS.AudioDeviceBroker: requestedCommunicationDevice: null mAudioModeOwner: AudioModeInfo: mMode=MODE_NORMAL, mPid=0, mUid=0
03-02 11:03:45.497  1621  1998 I mtkpower_client: perf_lock_acq, hdl:365585, dur:3000, num:4, pid:1621, tid:1998
03-02 11:03:45.501  1621  1998 I mtkpower_client: ret_hdl:365880
03-02 11:03:45.501  1621  1998 I mtkpower_client: perf_lock_rel, hdl:365880, tid:1998
03-02 11:03:45.502   863   958 I libPowerHal: [perfLockAcq] idx:1 hdl:365880 hint:-1 pid:1621 tid:1998 duration:3000 lock_user:system_server => ret_hdl:365880
03-02 11:03:45.503   863   958 I libPowerHal: end_default_hold_time HindID : 57
03-02 11:03:45.503   863   958 I libPowerHal: [disableScenarioByHintId] Disable HindID : 21
03-02 11:03:45.503   863   958 I libPowerHal: [disableScenarioByHintId] Disable HindID : 57
03-02 11:03:45.503   863   958 I libPowerHal: [PE] system_server update ONESHOT(set) cmd:3410300 param:57 pr:3
03-02 11:03:45.503   863   958 I libPowerHal: [perfLockAcq] Done for hdl : 365880
03-02 11:03:45.505   863   958 I libPowerHal: [perfLockRel] hdl:365880, idx:1
03-02 11:03:45.507   863   958 I libPowerHal: end_default_hold_time HindID : 57
03-02 11:03:45.507   863   958 I libPowerHal: [disableScenarioByHintId] Disable HindID : 21
03-02 11:03:45.507   863   958 I libPowerHal: [disableScenarioByHintId] Disable HindID : 57
03-02 11:03:45.507   863   958 I libPowerHal: [PD] system_server update ONESHOT(unset) cmd:3410300 param:57 pr:3
03-02 11:03:45.508   863   958 I libPowerHal: [perfLockRel] Done for hdl : 365880
03-02 11:03:45.706  1167  1167 I thermal_repeater: [recvMdThermalInfo] ret=25, strLen=127,  3, 36, -8, 196, 32767, 0
03-02 11:03:45.712 10571 13444 I softnation.Ojam: NativeAlloc concurrent mark compact GC freed 14MB AllocSpace bytes, 104(2784KB) LOS objects, 66% free, 14MB/44MB, paused 1.510ms,6.044ms total 151.408ms
03-02 11:03:45.716   921  1166 I SurfaceFlinger: onHandleDestroyed: name=Surface(name=da348c Splash Screen com.softnation.Ojam#133767)/@0x98fdbea - animation-leash of starting_reveal#133780, layerId=133780, parentId=0
03-02 11:03:45.725   921   921 I BufferQueueDebug: [Surface(name=da348c Splash Screen com.softnation.Ojam#133767)/@0x98fdbea - animation-leash of starting_reveal#133780](this:0xb400007bcecdeca8,id:-1,api:0,p:-1,c:921) onDestructor()
03-02 11:03:45.728   921   921 I MI-SF   : surfaceflinger setAffinity mode=0
03-02 11:03:45.728   921   921 E MI-SF   : surfaceflinger setAffinity success
03-02 11:03:45.730  2350  2350 W Settings: Setting airplane_mode_on has moved from android.provider.Settings.System to android.provider.Settings.Global, returning read-only value.
03-02 11:03:45.733  2350  2350 W Settings: Setting airplane_mode_on has moved from android.provider.Settings.System to android.provider.Settings.Global, returning read-only value.
03-02 11:03:45.735  2350 29580 D NetworkSpeedTracker: updateSignalInfo lteRsrp=-91lteSnr=15,phoneId=1
03-02 11:03:45.740  2350 29580 D NetworkSpeedTracker: updateSignalInfo lteRsrp=-91lteSnr=15,phoneId=1
03-02 11:03:45.845   861   947 I libPerfCtl: xgfGetFPS pid:921 fps:-1
03-02 11:03:45.845   861   947 I libPerfCtl: xgfGetFPS pid:2363 fps:-1
03-02 11:03:45.845   861   947 I libPerfCtl: xgfGetFPS pid:10571 fps:-1
03-02 11:03:45.872   921   921 I BufferQueueProducer: [StatusBar#109](this:0xb400007bcec4ab68,id:-1,api:0,p:-1,c:921) queueBuffer: fps=0.25 dur=3999.76 max=3999.76 min=3999.76
03-02 11:03:45.952 13966 14007 I earchbox:search: Explicit concurrent mark compact GC freed 7664KB AllocSpace bytes, 12(560KB) LOS objects, 56% free, 18MB/42MB, paused 1.426ms,8.264ms total 407.684ms
03-02 11:03:45.973 10571 13609 D nativeloader: Load /data/app/~~Bh61wenJZi6JNVEuOkVQfQ==/com.softnation.Ojam-nnCVAdHxKfOmup5FCuBDYQ==/base.apk!/lib/arm64-v8a/libavif_android.so using class loader ns clns-7 (caller=/data/app/~~Bh61wenJZi6JNVEuOkVQfQ==/com.softnation.Ojam-nnCVAdHxKfOmup5FCuBDYQ==/base.apk!classes22.dex): ok
03-02 11:03:45.986 10571 13609 D skia    : SkJpegCodec::onGetPixels + (683, 1024)
03-02 11:03:45.987 10571 13609 I DMABUFHEAPS: Using DMA-BUF heap named: mtk_mm
03-02 11:03:45.988 10571 13609 D skia    : stream getLength() not supported, use temp buffer for loading stream, buffer addr 0x793a4bd000 length 143043
03-02 11:03:45.988 10571 13609 D skia    : LoadInputStreamToMem va 0x793a4bd000  size 145280
03-02 11:03:45.989 10571 13609 D libjpeg-alpha: Huffman Builder run in subthread
03-02 11:03:45.990 10571 13609 D libjpeg-alpha: Tile Decoder (#thread:4, size:512 256 256 341x512, alignment:256x16)
03-02 11:03:45.991 10571 13610 D libjpeg-alpha: Corrupt JPEG data: 41160 extraneous bytes before marker 0xda
03-02 11:03:46.029 10571 13613 D libjpeg-alpha: Corrupt JPEG data: premature end of data segment
03-02 11:03:46.030 10571 13609 D skia    : SkJpegCodec::onGetPixels -
03-02 11:03:46.051 10571 13609 D skia    : SkJpegCodec::onGetPixels + (682, 1024)
03-02 11:03:46.052 10571 13609 I DMABUFHEAPS: Using DMA-BUF heap named: mtk_mm
03-02 11:03:46.052 10571 13609 D skia    : stream getLength() not supported, use temp buffer for loading stream, buffer addr 0x7938143000 length 142613
03-02 11:03:46.052 10571 13609 D skia    : LoadInputStreamToMem va 0x7938143000  size 144896
03-02 11:03:46.053 10571 13609 D libjpeg-alpha: Huffman Builder run in subthread
03-02 11:03:46.054 10571 13609 D libjpeg-alpha: Tile Decoder (#thread:4, size:512 256 256 340x512, alignment:256x16)
03-02 11:03:46.055 10571 13615 D libjpeg-alpha: Corrupt JPEG data: 24090 extraneous bytes before marker 0xda
03-02 11:03:46.063   849  1430 I hwcomposer: [HWC] (0)fire a callback of refresh to SF[4]  
03-02 11:03:46.080   921   921 I BufferQueueProducer: [FramebufferSurface](this:0xb400007d8e9dff50,id:-1,api:1,p:921,c:921) queueBuffer: fps=1.75 dur=1141.97 max=697.13 min=444.84
03-02 11:03:46.082 10571 10571 W Looper  : PerfMonitor doFrame : time=677ms vsyncFrame=19796455 latency=1ms procState=-1
03-02 11:03:46.083   921   921 I MI-SF   : surfaceflinger setAffinity mode=1
03-02 11:03:46.083   921   921 E MI-SF   : surfaceflinger setAffinity success
03-02 11:03:46.083   921   921 I MI-SF   : surfaceflinger setreAffinity reTid=1207
03-02 11:03:46.083   921   921 E MI-SF   : surfaceflinger setAffinity success
03-02 11:03:46.093 10571 10571 D UserSceneDetector: invoke error.
03-02 11:03:46.094 10571 13617 D libjpeg-alpha: Corrupt JPEG data: premature end of data segment
03-02 11:03:46.096 10571 10571 W Looper  : PerfMonitor doFrame : time=3ms vsyncFrame=19796459 latency=406ms procState=-1 historyMsgCount=49 (msgIndex=1 wall=677ms seq=763 late=1ms h=android.view.Choreographer$FrameHandler c=android.view.Choreographer$FrameDisplayEventReceiver)
03-02 11:03:46.100 10571 10571 D Glide   : Finished loading BitmapDrawable from DATA_DISK_CACHE for https://sermon-sync.ojam.workers.dev/images/test-background-3.jpg with size [550x550] in 200.241769 ms
03-02 11:03:46.101 10571 13609 D skia    : SkJpegCodec::onGetPixels -
03-02 11:03:46.105   921   921 I BufferQueueProducer: [com.softnation.Ojam/com.softnation.Ojam.MainActivity#133775](this:0xb400007bcec45048,id:-1,api:0,p:-1,c:921) queueBuffer: fps=10.31 dur=1843.48 max=931.43 min=14.82
03-02 11:03:46.106 10571 10571 D Glide   : Finished loading BitmapDrawable from DATA_DISK_CACHE for https://sermon-sync.ojam.workers.dev/images/test-background-3.jpg with size [550x550] in 163.634077 ms
03-02 11:03:46.109   921   921 I MI-SF   : surfaceflinger setAffinity mode=0
03-02 11:03:46.109   921   921 E MI-SF   : surfaceflinger setAffinity success
03-02 11:03:46.126 10571 13609 D skia    : SkJpegCodec::onGetPixels + (683, 1024)
03-02 11:03:46.127 10571 13609 I DMABUFHEAPS: Using DMA-BUF heap named: mtk_mm
03-02 11:03:46.127 10571 13609 D skia    : stream getLength() not supported, use temp buffer for loading stream, buffer addr 0x7bef7ca000 length 86590
03-02 11:03:46.127 10571 13609 D skia    : LoadInputStreamToMem va 0x7bef7ca000  size 88832
03-02 11:03:46.128 10571 13609 D libjpeg-alpha: Huffman Builder run in subthread
03-02 11:03:46.129 10571 13609 D libjpeg-alpha: Tile Decoder (#thread:4, size:512 256 256 341x512, alignment:256x16)
03-02 11:03:46.129 10571 13620 D libjpeg-alpha: Corrupt JPEG data: 24740 extraneous bytes before marker 0xda
03-02 11:03:46.168 10571 13622 D libjpeg-alpha: Corrupt JPEG data: premature end of data segment
03-02 11:03:46.171 10571 13609 D skia    : SkJpegCodec::onGetPixels -
03-02 11:03:46.193 10571 13609 D skia    : SkJpegCodec::onGetPixels + (683, 1024)
03-02 11:03:46.194 10571 13609 I DMABUFHEAPS: Using DMA-BUF heap named: mtk_mm
03-02 11:03:46.194 10571 13609 D skia    : stream getLength() not supported, use temp buffer for loading stream, buffer addr 0x7beea14000 length 90317
03-02 11:03:46.194 10571 13609 D skia    : LoadInputStreamToMem va 0x7beea14000  size 92544
03-02 11:03:46.195 10571 13609 D libjpeg-alpha: Huffman Builder run in subthread
03-02 11:03:46.196 10571 13609 D libjpeg-alpha: Tile Decoder (#thread:4, size:512 256 256 341x512, alignment:256x16)
03-02 11:03:46.197 10571 13625 D libjpeg-alpha: Corrupt JPEG data: 22223 extraneous bytes before marker 0xda
03-02 11:03:46.206 10571 10571 D Glide   : Finished loading BitmapDrawable from DATA_DISK_CACHE for https://sermon-sync.ojam.workers.dev/images/FB_IMG_1769020597451.jpg with size [550x550] in 293.001461 ms
03-02 11:03:46.210 10571 10571 D Glide   : Finished loading BitmapDrawable from DATA_DISK_CACHE for https://sermon-sync.ojam.workers.dev/images/FB_IMG_1769020597451.jpg with size [550x550] in 260.264846 ms
03-02 11:03:46.213 10571 10571 D Glide   : Finished loading BitmapDrawable from DATA_DISK_CACHE for https://sermon-sync.ojam.workers.dev/images/FB_IMG_1769020740814.jpg with size [550x550] in 291.501307 ms
03-02 11:03:46.217 10571 10571 D Glide   : Finished loading BitmapDrawable from DATA_DISK_CACHE for https://sermon-sync.ojam.workers.dev/images/FB_IMG_1769020740814.jpg with size [550x550] in 260.25823099999997 ms
03-02 11:03:46.232  1055  1186 D connsyslogger: SD_LOG_ROOT is /data/debuglogger/connsyslog/fw.
03-02 11:03:46.232  1055  1186 D connsyslogger: systemReady:1
03-02 11:03:46.238 10571 13628 D libjpeg-alpha: Corrupt JPEG data: premature end of data segment
03-02 11:03:46.240 10571 13609 D skia    : SkJpegCodec::onGetPixels -
03-02 11:03:46.253 10571 10571 D Glide   : Finished loading BitmapDrawable from DATA_DISK_CACHE for https://sermon-sync.ojam.workers.dev/images/FB_IMG_1769020695132.jpg with size [550x550] in 323.684846 ms
03-02 11:03:46.258 10571 10571 D Glide   : Finished loading BitmapDrawable from DATA_DISK_CACHE for https://sermon-sync.ojam.workers.dev/images/FB_IMG_1769020695132.jpg with size [550x550] in 293.201308 ms
03-02 11:03:46.260 10571 13609 I DMABUFHEAPS: Using DMA-BUF heap named: mtk_mm
03-02 11:03:46.260 10571 13609 D skia    : stream getLength() not supported, use temp buffer for loading stream, buffer addr 0x7937dc6000 length 129018
03-02 11:03:46.261 10571 13609 D skia    : LoadInputStreamToMem va 0x7937dc6000  size 131200
03-02 11:03:46.261 10571 13609 D libjpeg-alpha: Huffman Builder run in subthread
03-02 11:03:46.262 10571 13609 D libjpeg-alpha: Tile Decoder (#thread:4, size:256 256 256 312x368, alignment:256x16)
03-02 11:03:46.271 10571 10571 D Glide   : Finished loading BitmapDrawable from DATA_DISK_CACHE for https://sermon-sync.ojam.workers.dev/images/second%20image.jpg with size [165x165] in 294.767385 ms
03-02 11:03:46.283 10571 13609 I DMABUFHEAPS: Using DMA-BUF heap named: mtk_mm
03-02 11:03:46.283 10571 13609 D skia    : stream getLength() not supported, use temp buffer for loading stream, buffer addr 0x7be73e9000 length 90617
03-02 11:03:46.283 10571 13609 D skia    : LoadInputStreamToMem va 0x7be73e9000  size 92800
03-02 11:03:46.284 10571 13609 D libjpeg-alpha: Huffman Builder run in subthread
03-02 11:03:46.285 10571 13609 D libjpeg-alpha: Tile Decoder (#thread:4, size:512 256 256 342x512, alignment:256x16)
03-02 11:03:46.287 10571 13639 D libjpeg-alpha: Corrupt JPEG data: 20260 extraneous bytes before marker 0xda
03-02 11:03:46.290 10571 10571 D Glide   : Finished loading BitmapDrawable from DATA_DISK_CACHE for http://localhost:8081/assets/?unstable_path=.%2Fassets%2Fimages/F.jpg?platform=android&hash=e8237b00aab882be9403cca3824a4900 with size [331x270] in 309.785847 ms
03-02 11:03:46.294 10571 10571 D Glide   : Finished loading BitmapDrawable from DATA_DISK_CACHE for http://localhost:8081/assets/?unstable_path=.%2Fassets%2Fimages/F.jpg?platform=android&hash=e8237b00aab882be9403cca3824a4900 with size [331x270] in 290.867616 ms
03-02 11:03:46.298 10571 10571 D Glide   : Finished loading BitmapDrawable from DATA_DISK_CACHE for http://localhost:8081/assets/?unstable_path=.%2Fassets%2Fimages/F.jpg?platform=android&hash=e8237b00aab882be9403cca3824a4900 with size [331x270] in 272.27877 ms
03-02 11:03:46.305 10571 10571 D Glide   : Finished loading BitmapDrawable from DATA_DISK_CACHE for http://localhost:8081/assets/?unstable_path=.%2Fassets%2Fimages/F.jpg?platform=android&hash=e8237b00aab882be9403cca3824a4900 with size [331x270] in 269.64123 ms
03-02 11:03:46.325 10571 13643 D libjpeg-alpha: Corrupt JPEG data: premature end of data segment
03-02 11:03:46.331 10571 10571 D Glide   : Finished loading BitmapDrawable from DATA_DISK_CACHE for https://sermon-sync.ojam.workers.dev/images/default.jpg with size [165x165] in 343.728 ms
03-02 11:03:46.344 10571 13609 I DMABUFHEAPS: Using DMA-BUF heap named: mtk_mm
03-02 11:03:46.345 10571 13609 D skia    : stream getLength() not supported, use temp buffer for loading stream, buffer addr 0x7bde9fa000 length 113251
03-02 11:03:46.345 10571 13609 D skia    : LoadInputStreamToMem va 0x7bde9fa000  size 115456
03-02 11:03:46.346 10571 13609 D libjpeg-alpha: Huffman Builder run in subthread
03-02 11:03:46.347 10571 13609 D libjpeg-alpha: Tile Decoder (#thread:4, size:512 256 256 341x512, alignment:256x16)
03-02 11:03:46.348 10571 13644 D libjpeg-alpha: Corrupt JPEG data: 22830 extraneous bytes before marker 0xda
03-02 11:03:46.356 10571 10571 D Glide   : Finished loading BitmapDrawable from DATA_DISK_CACHE for http://localhost:8081/assets/?unstable_path=.%2Fassets%2Fimages/SS.jpg?platform=android&hash=2dfef26f4145b3236ef066a06ed696ba with size [323x283] in 363.88777 ms
03-02 11:03:46.380 10571 13646 D libjpeg-alpha: Corrupt JPEG data: premature end of data segment
03-02 11:03:46.385   849   868 I hwcomposer: [HWCDisplay] (0 updateFps():3667), (type:1, mode:2) fps:7.991777,dur:1001.03,max:343.45,min:15.80  
03-02 11:03:46.388 10571 10571 D Glide   : Finished loading BitmapDrawable from DATA_DISK_CACHE for https://sermon-sync.ojam.workers.dev/images/FB_IMG_1768761113299.jpg with size [165x165] in 388.979385 ms
03-02 11:03:46.394 10571 13609 I DMABUFHEAPS: Using DMA-BUF heap named: mtk_mm
03-02 11:03:46.394 10571 13609 D skia    : stream getLength() not supported, use temp buffer for loading stream, buffer addr 0x7bdcfe1000 length 121404
03-02 11:03:46.394 10571 13609 D skia    : LoadInputStreamToMem va 0x7bdcfe1000  size 123648
03-02 11:03:46.395 10571 13609 D libjpeg-alpha: Huffman Builder run in subthread
03-02 11:03:46.396 10571 13609 D libjpeg-alpha: Tile Decoder (#thread:4, size:512 256 256 439x512, alignment:256x16)
03-02 11:03:46.398 10571 13649 D libjpeg-alpha: Corrupt JPEG data: 29640 extraneous bytes before marker 0xda
03-02 11:03:46.398 13966 14007 I earchbox:search: Explicit concurrent mark compact GC freed 1844KB AllocSpace bytes, 0(0B) LOS objects, 56% free, 18MB/42MB, paused 1.645ms,8.803ms total 428.159ms
03-02 11:03:46.399 13966 14007 I app_process: Native memory cannot be purged, Android API level < 28.
03-02 11:03:46.433 10571 13652 D libjpeg-alpha: Corrupt JPEG data: premature end of data segment
03-02 11:03:46.440 10571 10571 D Glide   : Finished loading BitmapDrawable from DATA_DISK_CACHE for https://sermon-sync.ojam.workers.dev/images/FB_IMG_1769021712909.jpg with size [165x165] in 429.640923 ms
03-02 11:03:46.448 10571 10571 D Glide   : Finished loading BitmapDrawable from DATA_DISK_CACHE for http://localhost:8081/assets/?unstable_path=.%2Fassets%2Fimages/T.jpg?platform=android&hash=b69d57ce8d764d4bf8d734c0bd0b4fc8 with size [339x287] in 433.795077 ms
03-02 11:03:46.452 10571 13609 I DMABUFHEAPS: Using DMA-BUF heap named: mtk_mm
03-02 11:03:46.453 10571 13609 D skia    : stream getLength() not supported, use temp buffer for loading stream, buffer addr 0x7934a04000 length 137724
03-02 11:03:46.453 10571 13609 D skia    : LoadInputStreamToMem va 0x7934a04000  size 139904
03-02 11:03:46.453 10571 13609 D libjpeg-alpha: Huffman Builder run in subthread
03-02 11:03:46.455 10571 13609 D libjpeg-alpha: Tile Decoder (#thread:4, size:512 256 256 341x512, alignment:256x16)
03-02 11:03:46.456 10571 13654 D libjpeg-alpha: Corrupt JPEG data: 24770 extraneous bytes before marker 0xda
03-02 11:03:46.487 10571 13656 D libjpeg-alpha: Corrupt JPEG data: premature end of data segment
03-02 11:03:46.496  1621  5247 D AS.BtHelper: isBluetoothScoOn() mBluetoothHeadset is null: falsemBluetoothHeadsetDevice is null: true
03-02 11:03:46.496  1621  5247 V AS.AudioDeviceBroker: requestedCommunicationDevice: null mAudioModeOwner: AudioModeInfo: mMode=MODE_NORMAL, mPid=0, mUid=0
03-02 11:03:46.497  1621  5247 D AS.BtHelper: isBluetoothScoOn() mBluetoothHeadset is null: falsemBluetoothHeadsetDevice is null: true
03-02 11:03:46.497  1621  5247 V AS.AudioDeviceBroker: requestedCommunicationDevice: null mAudioModeOwner: AudioModeInfo: mMode=MODE_NORMAL, mPid=0, mUid=0
03-02 11:03:46.500 10571 10571 D Glide   : Finished loading BitmapDrawable from DATA_DISK_CACHE for https://sermon-sync.ojam.workers.dev/images/FB_IMG_1769021691916.jpg with size [165x165] in 478.43884599999996 ms
03-02 11:03:46.509 10571 13609 I DMABUFHEAPS: Using DMA-BUF heap named: mtk_mm
03-02 11:03:46.509 10571 13609 D skia    : stream getLength() not supported, use temp buffer for loading stream, buffer addr 0x7be72ed000 length 86590
03-02 11:03:46.509 10571 13609 D skia    : LoadInputStreamToMem va 0x7be72ed000  size 88832
03-02 11:03:46.510 10571 13609 D libjpeg-alpha: Huffman Builder run in subthread
03-02 11:03:46.511 10571 13609 D libjpeg-alpha: Tile Decoder (#thread:4, size:512 256 256 341x512, alignment:256x16)
03-02 11:03:46.512 10571 13662 D libjpeg-alpha: Corrupt JPEG data: 24740 extraneous bytes before marker 0xda
03-02 11:03:46.527   849  1430 I hwcomposer: [HWC] (0)fire a callback of refresh to SF[4]  
03-02 11:03:46.542   921   921 I MI-SF   : surfaceflinger setAffinity mode=1
03-02 11:03:46.542   921   921 E MI-SF   : surfaceflinger setAffinity success
03-02 11:03:46.542   921   921 I MI-SF   : surfaceflinger setreAffinity reTid=1207
03-02 11:03:46.542   921   921 E MI-SF   : surfaceflinger setAffinity success
03-02 11:03:46.545 10571 13663 D libjpeg-alpha: Corrupt JPEG data: premature end of data segment
03-02 11:03:46.553 10571 10571 D Glide   : Finished loading BitmapDrawable from DATA_DISK_CACHE for https://sermon-sync.ojam.workers.dev/images/FB_IMG_1769020740814.jpg with size [165x165] in 521.121462 ms
03-02 11:03:46.844  1621  1918 E HyperSentinel: -------------------------------------------------------
03-02 11:03:46.844  1621  1918 E HyperSentinel: Event_OpenFileFDSize
03-02 11:03:46.844  1621  1918 E HyperSentinel: -> audit event by proc 1621 "system_server": Fd increasement, peak, 1211 -> 931
03-02 11:03:46.845  1621  1917 D MiuiSentinelService: begin judgment FdAmountLeakException
03-02 11:03:46.845   861   947 I libPerfCtl: xgfGetFPS pid:921 fps:-1
03-02 11:03:46.845   861   947 I libPerfCtl: xgfGetFPS pid:2363 fps:-1
03-02 11:03:46.845   861   947 I libPerfCtl: xgfGetFPS pid:10571 fps:-1
