03-02 11:03:33.891 10571 13489 I ExpoModulesCore: Γ£à AppContext was initialized
03-02 11:03:33.960  1621  1621 D UiModeManager: updateConfigurationLocked: mDockState=0; mCarMode=false; mCar=false; mPowerSave=false; mOverrideNightModeOn=false; mOverrideNightModeOff=false; mComputedNightMode=true; mNightModeValue=2; uiMode=42
03-02 11:03:33.963  6027  6027 I PowerSaveService: onReceive: android.intent.action.BATTERY_CHANGED
03-02 11:03:33.964  6515  8177 D PowerCheckerService: onBatteryChanged, mBatteryLevel = 43, status = 2, level = 43, plug = 2, scale = 100
03-02 11:03:33.964  6027  6027 I PowerNoticeUI: handleBatteryChanged oldPlugType 2 mPlugType 2 oldBatteryLevel 43 mBatteryLevel 43 temperature 400
03-02 11:03:33.964  6515  6997 I ProcAudioPowerManager: onBatteryChanged, onBattery is false
03-02 11:03:33.964  6515  6997 D PowerKeeper.FrozenApp: onBatteryChanged plug=true mBatteryPlugged=2
03-02 11:03:33.964  6027  6027 I ChargerBatteryIntelligenceReceiver: onBatteryChanged temperature∩╝Ü40,plugType:2
03-02 11:03:33.964  6027  6027 D BaseChargeProtect_HighTemp: mCountByMinute:0,isScreenOn:true
03-02 11:03:33.965  6515  8142 D PowerKeeper.Thermal: mBatteryTemperature: 40
03-02 11:03:33.966  6027  6027 I android_os_HwBinder: HwBinder: Starting thread pool for getting: vendor.xiaomi.hardware.micharge@1.0::IMiCharge/default
03-02 11:03:33.969   872 24120 I vendor.xiaomi.hardware.micharge@1.0-service: ReadFilePathValue path = /sys/class/power_supply/usb/real_type value = USB
03-02 11:03:33.969  6027  6027 I IMiChargeUtils: getIMiChargeStringValue method:getBatteryChargeType,value:USB
03-02 11:03:33.969  6027  6027 I IMiChargeUtils: getBatteryChargeType : USB
03-02 11:03:33.969  6027  6027 I ChargeTimeUtilsV2: chargeType:USB
03-02 11:03:33.969  6027  6027 I PowerFeatureUtils: getVendorName:mediatek
03-02 11:03:33.969  6027  6027 I PowerFeatureUtils: getVendorName:mediatek
03-02 11:03:33.978  3510  3510 W libc    : Unable to set property "persist.vendor.accelerate.charge" to "false": PROP_ERROR_PERMISSION_DENIED (0x18)
03-02 11:03:33.996  1621  1621 D UiModeManager: updateConfigurationLocked: mDockState=0; mCarMode=false; mCar=false; mPowerSave=false; mOverrideNightModeOn=false; mOverrideNightModeOff=false; mComputedNightMode=true; mNightModeValue=2; uiMode=42
03-02 11:03:33.999  6027  6027 I PowerSaveService: onReceive: android.intent.action.BATTERY_CHANGED
03-02 11:03:34.000  6515  8177 D PowerCheckerService: onBatteryChanged, mBatteryLevel = 43, status = 2, level = 43, plug = 2, scale = 100
03-02 11:03:34.000  6027  6027 I PowerNoticeUI: handleBatteryChanged oldPlugType 2 mPlugType 2 oldBatteryLevel 43 mBatteryLevel 43 temperature 400
03-02 11:03:34.000  6515  6997 I ProcAudioPowerManager: onBatteryChanged, onBattery is false
03-02 11:03:34.000  6515  6997 D PowerKeeper.FrozenApp: onBatteryChanged plug=true mBatteryPlugged=2
03-02 11:03:34.001  6027  6027 I ChargerBatteryIntelligenceReceiver: onBatteryChanged temperature∩╝Ü40,plugType:2
03-02 11:03:34.001  6027  6027 D BaseChargeProtect_HighTemp: mCountByMinute:0,isScreenOn:true
03-02 11:03:34.001  6515  8142 D PowerKeeper.Thermal: mBatteryTemperature: 40
03-02 11:03:34.003  6027  6027 I android_os_HwBinder: HwBinder: Starting thread pool for getting: vendor.xiaomi.hardware.micharge@1.0::IMiCharge/default
03-02 11:03:34.005   872 24120 I vendor.xiaomi.hardware.micharge@1.0-service: ReadFilePathValue path = /sys/class/power_supply/usb/real_type value = USB
03-02 11:03:34.006  6027  6027 I IMiChargeUtils: getIMiChargeStringValue method:getBatteryChargeType,value:USB
03-02 11:03:34.006  6027  6027 I IMiChargeUtils: getBatteryChargeType : USB
03-02 11:03:34.006  6027  6027 I ChargeTimeUtilsV2: chargeType:USB
03-02 11:03:34.006  6027  6027 I PowerFeatureUtils: getVendorName:mediatek
03-02 11:03:34.006  6027  6027 I PowerFeatureUtils: getVendorName:mediatek
03-02 11:03:34.022 10571 13489 W unknown:BridgelessReact: ReactHost{0}.getOrCreateReactInstanceTask(): Loading JS Bundle
03-02 11:03:34.023 10571 13489 W unknown:BridgelessReact: ReactHost{0}.getOrCreateReactInstanceTask(): Calling DevSupportManagerBase.onNewReactContextCreated(reactContext)
03-02 11:03:34.029 10571 13489 W unknown:BridgelessReact: ReactHost{0}.startSurface(surfaceId = 0): Execute
03-02 11:03:34.051 10571 10571 W unknown:ReactNative: Packager connection already open, nooping.
03-02 11:03:34.052 10571 10571 W unknown:BridgelessReact: ReactContext.onHostResume()
03-02 11:03:34.057 10571 10571 W unknown:BridgelessReact: ReactHost{0}.getOrCreateReactInstanceTask(): Executing ReactInstanceEventListeners
03-02 11:03:34.150  1177  1177 I thermal_src: recvmsg_expect 5, but get 2 
03-02 11:03:34.150  1177  1177 V thermal_src: TA_DAEMON_CMD_GET_TPCB:ERROR ret=-1
03-02 11:03:34.150  1177  1177 E thermal_src: get_tpcb_from_kernel:error -1. retry...
03-02 11:03:34.150  1177  1177 I thermal_src: recvmsg_expect 5, but get 2 
03-02 11:03:34.150  1177  1177 V thermal_src: TA_DAEMON_CMD_GET_TPCB:ERROR ret=-1
03-02 11:03:34.150  1177  1177 E thermal_src: get_tpcb_from_kernel:error -1. retry...
03-02 11:03:34.150  1177  1177 I thermal_src: recvmsg_expect 5, but get 2 
03-02 11:03:34.150  1177  1177 V thermal_src: TA_DAEMON_CMD_GET_TPCB:ERROR ret=-1
03-02 11:03:34.150  1177  1177 E thermal_src: get_tpcb_from_kernel:error -1. retry...
03-02 11:03:34.150  1177  1177 I thermal_src: recvmsg_expect 4, but get 5 
03-02 11:03:34.150  1177  1177 V thermal_src: TA_DAEMON_CMD_SET_TTJ:ERROR ret=-1
03-02 11:03:34.150  1177  1177 E thermal_src: set_ttj_to_kernel 1:error -1
03-02 11:03:34.150  1177  1177 I thermal_src: recvmsg_expect 2, but get 5 
03-02 11:03:34.150  1177  1177 V thermal_src: waiting NOTIFY from kernel miss, -1
03-02 11:03:34.150  1177  1177 I thermal_src: recvmsg_expect 2, but get 5 
03-02 11:03:34.150  1177  1177 V thermal_src: waiting NOTIFY from kernel miss, -1
03-02 11:03:34.150  1177  1177 I thermal_src: recvmsg_expect 2, but get 4 
03-02 11:03:34.150  1177  1177 V thermal_src: waiting NOTIFY from kernel miss, -1
03-02 11:03:34.228  1055  1186 D connsyslogger: SD_LOG_ROOT is /data/debuglogger/connsyslog/fw.
03-02 11:03:34.228  1055  1186 D connsyslogger: systemReady:1
03-02 11:03:34.292   861   947 I libPerfCtl: xgfGetFPS pid:2363 fps:-1
03-02 11:03:34.447  1621  4427 D AS.BtHelper: isBluetoothScoOn() mBluetoothHeadset is null: falsemBluetoothHeadsetDevice is null: true
03-02 11:03:34.447  1621  4427 V AS.AudioDeviceBroker: requestedCommunicationDevice: null mAudioModeOwner: AudioModeInfo: mMode=MODE_NORMAL, mPid=0, mUid=0
03-02 11:03:34.447  1621  4427 D AS.BtHelper: isBluetoothScoOn() mBluetoothHeadset is null: falsemBluetoothHeadsetDevice is null: true
03-02 11:03:34.447  1621  4427 V AS.AudioDeviceBroker: requestedCommunicationDevice: null mAudioModeOwner: AudioModeInfo: mMode=MODE_NORMAL, mPid=0, mUid=0
03-02 11:03:34.489  1621  1666 I SmartPower: com.whatsapp/10300(31638): idle->background(2080ms) R(broadcast start Intent { act=android.intent.action.BATTERY_CHANGED flg=0x60000010 (has extras) }) adj=905.
03-02 11:03:34.489  1621  1666 I SmartPower: com.facebook.stella/10126(31485): idle->background(2078ms) R(broadcast start Intent { act=android.intent.action.BATTERY_CHANGED flg=0x60000010 (has extras) }) adj=925.
03-02 11:03:34.491  1621  1666 I SmartPower: com.whatsapp/99910300(29736): idle->background(2078ms) R(broadcast start Intent { act=android.intent.action.BATTERY_CHANGED flg=0x60000010 (has extras) }) adj=500.
03-02 11:03:34.492  1621  1666 I SmartPower: com.android.chrome/10174(13210): idle->background(2078ms) R(broadcast start Intent { act=android.intent.action.BATTERY_CHANGED flg=0x60000010 (has extras) }) adj=905.
03-02 11:03:34.706  2350  2350 W Settings: Setting airplane_mode_on has moved from android.provider.Settings.System to android.provider.Settings.Global, returning read-only value.
03-02 11:03:34.709  2350  2350 W Settings: Setting airplane_mode_on has moved from android.provider.Settings.System to android.provider.Settings.Global, returning read-only value.
03-02 11:03:34.711  2350 29580 D NetworkSpeedTracker: updateSignalInfo lteRsrp=-90lteSnr=15,phoneId=1
03-02 11:03:34.713  2350 29580 D NetworkSpeedTracker: updateSignalInfo lteRsrp=-90lteSnr=15,phoneId=1
03-02 11:03:34.807  1621  1918 E HyperSentinel: -------------------------------------------------------
03-02 11:03:34.807  1621  1918 E HyperSentinel: Event_ResidentSize
03-02 11:03:34.807  1621  1918 E HyperSentinel: -> audit event by proc 10571 "usap64": RSS increasement, peak 249424kb -> 374148kb
03-02 11:03:35.019  1621  4427 D ActivityManager: getProcessesInErrorState callingUid=10126, CallingPid=31485
03-02 11:03:35.132 10571 13522 I WebViewFactory: Loading com.google.android.webview version 145.0.7632.79 (code 763207903)
03-02 11:03:35.139 10571 13522 D ApplicationLoaders: Returning zygote-cached class loader: /system/framework/android.test.base.jar
03-02 11:03:35.139 10571 13522 D ApplicationLoaders: Returning zygote-cached class loader: /system_ext/framework/androidx.window.extensions.jar
03-02 11:03:35.145 10571 13522 W softnation.Ojam: Loading /data/app/~~6WQvy1g3uHyDFuZpDlez4A==/com.google.android.webview-LhKVE1I3zKkU3w5MlwC1TA==/oat/arm64/base.odex non-executable as it requires an image which we failed to load
03-02 11:03:35.151 10571 13522 D nativeloader: Configuring clns-8 for other apk /data/app/~~6WQvy1g3uHyDFuZpDlez4A==/com.google.android.webview-LhKVE1I3zKkU3w5MlwC1TA==/base.apk. target_sdk_version=36, uses_libraries=, library_path=/data/app/~~6WQvy1g3uHyDFuZpDlez4A==/com.google.android.webview-LhKVE1I3zKkU3w5MlwC1TA==/lib/arm64:/data/app/~~6WQvy1g3uHyDFuZpDlez4A==/com.google.android.webview-LhKVE1I3zKkU3w5MlwC1TA==/base.apk!/lib/arm64-v8a, permitted_path=/data:/mnt/expand
03-02 11:03:35.196 10571 13522 I cr_WVCFactoryProvider: version=145.0.7632.79 (763207903) minSdkVersion=29 multiprocess=true packageId=127 splits=<none>
03-02 11:03:35.207 10571 13522 D nativeloader: Load /data/app/~~6WQvy1g3uHyDFuZpDlez4A==/com.google.android.webview-LhKVE1I3zKkU3w5MlwC1TA==/base.apk!/lib/arm64-v8a/libwebviewchromium.so using class loader ns clns-8 (caller=/data/app/~~6WQvy1g3uHyDFuZpDlez4A==/com.google.android.webview-LhKVE1I3zKkU3w5MlwC1TA==/base.apk): ok
03-02 11:03:35.211 10571 13522 D nativeloader: Load /system/lib64/libwebviewchromium_plat_support.so using class loader ns clns-8 (caller=/data/app/~~6WQvy1g3uHyDFuZpDlez4A==/com.google.android.webview-LhKVE1I3zKkU3w5MlwC1TA==/base.apk): ok
03-02 11:03:35.218 10571 13537 I chromium: [0302/110335.217791:INFO:android_webview/browser/variations/variations_seed_loader.cc:67] Failed to open file for reading.: No such file or directory (2)
03-02 11:03:35.226 10571 13522 I cr_LibraryLoader: Successfully loaded native library
03-02 11:03:35.228 10571 13522 I cr_CachingUmaRecorder: Flushed 18 samples from 18 histograms, 0 samples were dropped.
03-02 11:03:35.261  1621  1621 D UiModeManager: updateConfigurationLocked: mDockState=0; mCarMode=false; mCar=false; mPowerSave=false; mOverrideNightModeOn=false; mOverrideNightModeOff=false; mComputedNightMode=true; mNightModeValue=2; uiMode=42
03-02 11:03:35.264  6027  6027 I PowerSaveService: onReceive: android.intent.action.BATTERY_CHANGED
03-02 11:03:35.265  6027  6027 I PowerNoticeUI: handleBatteryChanged oldPlugType 2 mPlugType 2 oldBatteryLevel 43 mBatteryLevel 43 temperature 400
03-02 11:03:35.265  6515  8177 D PowerCheckerService: onBatteryChanged, mBatteryLevel = 43, status = 2, level = 43, plug = 2, scale = 100
03-02 11:03:35.265  6027  6027 I ChargerBatteryIntelligenceReceiver: onBatteryChanged temperature∩╝Ü40,plugType:2
03-02 11:03:35.265  6027  6027 D BaseChargeProtect_HighTemp: mCountByMinute:0,isScreenOn:true
03-02 11:03:35.265  6515  6997 I ProcAudioPowerManager: onBatteryChanged, onBattery is false
03-02 11:03:35.265  6515  6997 D PowerKeeper.FrozenApp: onBatteryChanged plug=true mBatteryPlugged=2
03-02 11:03:35.265  6515  8142 D PowerKeeper.Thermal: mBatteryTemperature: 40
03-02 11:03:35.266  6027  6027 I android_os_HwBinder: HwBinder: Starting thread pool for getting: vendor.xiaomi.hardware.micharge@1.0::IMiCharge/default
03-02 11:03:35.268   872 24120 I vendor.xiaomi.hardware.micharge@1.0-service: ReadFilePathValue path = /sys/class/power_supply/usb/real_type value = USB
03-02 11:03:35.269  6027  6027 I IMiChargeUtils: getIMiChargeStringValue method:getBatteryChargeType,value:USB
03-02 11:03:35.269  6027  6027 I IMiChargeUtils: getBatteryChargeType : USB
03-02 11:03:35.269  6027  6027 I ChargeTimeUtilsV2: chargeType:USB
03-02 11:03:35.269  6027  6027 I PowerFeatureUtils: getVendorName:mediatek
03-02 11:03:35.269  6027  6027 I PowerFeatureUtils: getVendorName:mediatek
03-02 11:03:35.294 10571 13521 D nativeloader: Load /data/app/~~Bh61wenJZi6JNVEuOkVQfQ==/com.softnation.Ojam-nnCVAdHxKfOmup5FCuBDYQ==/base.apk!/lib/arm64-v8a/libexpo-modules-core.so using class loader ns clns-7 (caller=/data/app/~~Bh61wenJZi6JNVEuOkVQfQ==/com.softnation.Ojam-nnCVAdHxKfOmup5FCuBDYQ==/base.apk!classes20.dex): ok
03-02 11:03:35.372 10571 13521 W unknown:ViewManagerPropertyUpdater: Could not find generated setter for class com.th3rdwave.safeareacontext.SafeAreaProviderManager
03-02 11:03:35.379 10571 13521 W unknown:ViewManagerPropertyUpdater: Could not find generated setter for class com.facebook.react.uimanager.LayoutShadowNode
03-02 11:03:35.383 10571 13521 W unknown:ViewManagerPropertyUpdater: Could not find generated setter for class com.swmansion.rnscreens.SearchBarManager
03-02 11:03:35.385 10571 13521 W unknown:ViewManagerPropertyUpdater: Could not find generated setter for class com.swmansion.rnscreens.ScreenFooterManager
03-02 11:03:35.387 10571 13521 W unknown:ViewManagerPropertyUpdater: Could not find generated setter for class com.swmansion.rnscreens.gamma.tabs.TabScreenViewManager
03-02 11:03:35.390 10571 13521 W unknown:ViewManagerPropertyUpdater: Could not find generated setter for class expo.modules.kotlin.views.GroupViewManagerWrapper
03-02 11:03:35.396 10571 13521 W unknown:ViewManagerPropertyUpdater: Could not find generated setter for class com.swmansion.rnscreens.ScreenContainerViewManager
03-02 11:03:35.397 10571 13521 W unknown:ViewManagerPropertyUpdater: Could not find generated setter for class com.reactnativecommunity.slider.ReactSliderManager
03-02 11:03:35.404 10571 13521 W unknown:ViewManagerPropertyUpdater: Could not find generated setter for class com.swmansion.rnscreens.gamma.tabs.TabsHostViewManager
03-02 11:03:35.407 10571 13521 W unknown:ViewManagerPropertyUpdater: Could not find generated setter for class com.swmansion.rnscreens.ModalScreenViewManager
03-02 11:03:35.409  1621  1922 I SmartPower: com.mi.globalminusscreen/10162(11917): background->idle(6067ms) R(remove from whitelist) adj=100.
03-02 11:03:35.412 10571 13521 W unknown:ViewManagerPropertyUpdater: Could not find generated setter for class com.swmansion.rnscreens.ScreenStackHeaderConfigViewManager
03-02 11:03:35.417 10571 13521 W unknown:ViewManagerPropertyUpdater: Could not find generated setter for class com.swmansion.rnscreens.ScreenContentWrapperManager
03-02 11:03:35.418 10571 13521 W unknown:ViewManagerPropertyUpdater: Could not find generated setter for class com.th3rdwave.safeareacontext.SafeAreaViewManager
03-02 11:03:35.421 10571 13521 W unknown:ViewManagerPropertyUpdater: Could not find generated setter for class com.th3rdwave.safeareacontext.SafeAreaViewShadowNode
03-02 11:03:35.423 10571 13521 W unknown:ViewManagerPropertyUpdater: Could not find generated setter for class com.swmansion.rnscreens.ScreenViewManager
03-02 11:03:35.427 10571 13521 W unknown:ViewManagerPropertyUpdater: Could not find generated setter for class expo.modules.kotlin.views.SimpleViewManagerWrapper
03-02 11:03:35.429 10571 13521 W unknown:ViewManagerPropertyUpdater: Could not find generated setter for class com.swmansion.rnscreens.ScreenStackHeaderSubviewManager
03-02 11:03:35.433 10571 13521 W unknown:ViewManagerPropertyUpdater: Could not find generated setter for class com.swmansion.rnscreens.ScreenStackViewManager
03-02 11:03:35.450  1621  2986 D AS.BtHelper: isBluetoothScoOn() mBluetoothHeadset is null: falsemBluetoothHeadsetDevice is null: true
03-02 11:03:35.450  1621  2986 V AS.AudioDeviceBroker: requestedCommunicationDevice: null mAudioModeOwner: AudioModeInfo: mMode=MODE_NORMAL, mPid=0, mUid=0
03-02 11:03:35.450  1621  2986 D AS.BtHelper: isBluetoothScoOn() mBluetoothHeadset is null: falsemBluetoothHeadsetDevice is null: true
03-02 11:03:35.450  1621  2986 V AS.AudioDeviceBroker: requestedCommunicationDevice: null mAudioModeOwner: AudioModeInfo: mMode=MODE_NORMAL, mPid=0, mUid=0
03-02 11:03:35.686  1167  1167 I thermal_repeater: [recvMdThermalInfo] ret=25, strLen=127,  3, 36, -6, 196, 32767, 0
03-02 11:03:35.698 10571 13521 W unknown:ViewManagerPropertyUpdater: Could not find generated setter for class com.horcrux.svg.RenderableViewManager$FeMergeManager
03-02 11:03:35.701 10571 13521 W unknown:ViewManagerPropertyUpdater: Could not find generated setter for class com.horcrux.svg.VirtualViewManager$RenderableShadowNode
03-02 11:03:35.714 10571 13521 W unknown:ViewManagerPropertyUpdater: Could not find generated setter for class com.facebook.react.views.safeareaview.ReactSafeAreaViewManager
03-02 11:03:35.715 10571 13521 W unknown:ViewManagerPropertyUpdater: Could not find generated setter for class com.facebook.react.views.safeareaview.ReactSafeAreaViewShadowNode
03-02 11:03:35.726 10571 13521 W unknown:ViewManagerPropertyUpdater: Could not find generated setter for class com.horcrux.svg.RenderableViewManager$LinearGradientManager
03-02 11:03:35.741 10571 13521 W unknown:ViewManagerPropertyUpdater: Could not find generated setter for class com.facebook.react.views.progressbar.ReactProgressBarViewManager
03-02 11:03:35.742 10571 13521 W unknown:ViewManagerPropertyUpdater: Could not find generated setter for class com.facebook.react.views.progressbar.ProgressBarShadowNode
03-02 11:03:35.754 10571 13521 W unknown:ViewManagerPropertyUpdater: Could not find generated setter for class com.horcrux.svg.RenderableViewManager$FeColorMatrixManager
03-02 11:03:35.767 10571 13521 W unknown:ViewManagerPropertyUpdater: Could not find generated setter for class com.horcrux.svg.RenderableViewManager$SymbolManager
03-02 11:03:35.783 10571 13521 W unknown:ViewManagerPropertyUpdater: Could not find generated setter for class com.horcrux.svg.RenderableViewManager$PatternManager
03-02 11:03:35.799 10571 13521 W unknown:ViewManagerPropertyUpdater: Could not find generated setter for class com.horcrux.svg.SvgViewManager
03-02 11:03:35.817 10571 13521 W unknown:ViewManagerPropertyUpdater: Could not find generated setter for class com.facebook.react.views.switchview.ReactSwitchManager
03-02 11:03:35.818 10571 13521 W unknown:ViewManagerPropertyUpdater: Could not find generated setter for class com.facebook.react.views.switchview.ReactSwitchShadowNode
03-02 11:03:35.830 10571 13521 W unknown:ViewManagerPropertyUpdater: Could not find generated setter for class com.horcrux.svg.RenderableViewManager$UseViewManager
03-02 11:03:35.841   921   921 I BufferQueueProducer: [StatusBar#109](this:0xb400007bcec4ab68,id:-1,api:0,p:-1,c:921) queueBuffer: fps=0.40 dur=5017.70 max=4018.97 min=998.72
03-02 11:03:35.843   849   868 I hwcomposer: [HWCDisplay] (0 updateFps():3667), (type:1, mode:2) fps:1.236851,dur:3234.02,max:2984.89,min:28.11  
03-02 11:03:35.845   921   921 I MI-SF   : surfaceflinger setAffinity mode=0
03-02 11:03:35.845   921   921 E MI-SF   : surfaceflinger setAffinity success
03-02 11:03:35.845 10571 13521 W unknown:ViewManagerPropertyUpdater: Could not find generated setter for class com.horcrux.svg.RenderableViewManager$TSpanViewManager
03-02 11:03:35.861 10571 13521 W unknown:ViewManagerPropertyUpdater: Could not find generated setter for class com.horcrux.svg.RenderableViewManager$FilterManager
03-02 11:03:35.874 10571 13521 W unknown:ViewManagerPropertyUpdater: Could not find generated setter for class com.horcrux.svg.RenderableViewManager$MarkerManager
03-02 11:03:35.890 10571 13521 W unknown:ViewManagerPropertyUpdater: Could not find generated setter for class com.swmansion.gesturehandler.react.RNGestureHandlerButtonViewManager
03-02 11:03:35.903 10571 13521 W unknown:ViewManagerPropertyUpdater: Could not find generated setter for class com.horcrux.svg.RenderableViewManager$ForeignObjectManager
03-02 11:03:35.918 10571 13521 W unknown:ViewManagerPropertyUpdater: Could not find generated setter for class com.horcrux.svg.RenderableViewManager$GroupViewManager
03-02 11:03:35.932 10571 13521 W unknown:ViewManagerPropertyUpdater: Could not find generated setter for class com.horcrux.svg.RenderableViewManager$TextViewManager
03-02 11:03:35.947 10571 13521 W unknown:ViewManagerPropertyUpdater: Could not find generated setter for class com.horcrux.svg.RenderableViewManager$ImageViewManager
03-02 11:03:35.961 10571 13521 W unknown:ViewManagerPropertyUpdater: Could not find generated setter for class com.horcrux.svg.RenderableViewManager$FeCompositeManager
03-02 11:03:35.963   849  1430 I hwcomposer: [HWC] (0)fire a callback of refresh to SF[4]  
03-02 11:03:35.974 10571 13521 W unknown:ViewManagerPropertyUpdater: Could not find generated setter for class com.horcrux.svg.RenderableViewManager$RadialGradientManager
03-02 11:03:35.985   921   921 I BufferQueueProducer: [FramebufferSurface](this:0xb400007d8e9dff50,id:-1,api:1,p:921,c:921) queueBuffer: fps=0.59 dur=3376.36 max=3126.90 min=249.46
03-02 11:03:35.988   921   921 I MI-SF   : surfaceflinger setAffinity mode=1
03-02 11:03:35.988   921   921 E MI-SF   : surfaceflinger setAffinity success
03-02 11:03:35.988   921   921 I MI-SF   : surfaceflinger setreAffinity reTid=1207
03-02 11:03:35.988   921   921 E MI-SF   : surfaceflinger setAffinity success
03-02 11:03:35.992 10571 13521 W unknown:ViewManagerPropertyUpdater: Could not find generated setter for class com.facebook.react.views.unimplementedview.ReactUnimplementedViewManager
03-02 11:03:36.003 10571 13521 W unknown:ViewManagerPropertyUpdater: Could not find generated setter for class com.horcrux.svg.RenderableViewManager$FeOffsetManager
03-02 11:03:36.016 10571 13521 W unknown:ViewManagerPropertyUpdater: Could not find generated setter for class com.horcrux.svg.RenderableViewManager$PathViewManager
03-02 11:03:36.031 10571 13521 W unknown:ViewManagerPropertyUpdater: Could not find generated setter for class com.facebook.react.views.drawer.ReactDrawerLayoutManager
03-02 11:03:36.050 10571 13521 W unknown:ViewManagerPropertyUpdater: Could not find generated setter for class com.facebook.react.views.textinput.ReactTextInputManager
03-02 11:03:36.054 10571 13521 W unknown:ViewManagerPropertyUpdater: Could not find generated setter for class com.facebook.react.views.textinput.ReactTextInputShadowNode
03-02 11:03:36.057 10571 13542 D ProfileInstaller: Installing profile for com.softnation.Ojam
03-02 11:03:36.073 10571 13521 W unknown:ViewManagerPropertyUpdater: Could not find generated setter for class com.horcrux.svg.RenderableViewManager$DefsViewManager
03-02 11:03:36.085 10571 13521 W unknown:ViewManagerPropertyUpdater: Could not find generated setter for class com.facebook.react.views.debuggingoverlay.DebuggingOverlayManager
03-02 11:03:36.096 10571 13521 W unknown:ViewManagerPropertyUpdater: Could not find generated setter for class com.horcrux.svg.RenderableViewManager$FeGaussianBlurManager
03-02 11:03:36.111 10571 13521 W unknown:ViewManagerPropertyUpdater: Could not find generated setter for class com.facebook.react.views.scroll.ReactHorizontalScrollViewManager
03-02 11:03:36.127 10571 13521 W unknown:ViewManagerPropertyUpdater: Could not find generated setter for class com.facebook.react.views.text.ReactTextViewManager
03-02 11:03:36.129 10571 13521 W unknown:ViewManagerPropertyUpdater: Could not find generated setter for class com.facebook.react.views.text.ReactTextShadowNode
03-02 11:03:36.143 10571 13521 W unknown:ViewManagerPropertyUpdater: Could not find generated setter for class com.facebook.react.views.scroll.ReactHorizontalScrollContainerViewManager
03-02 11:03:36.152  1177  1177 I thermal_src: recvmsg_expect 5, but get 2 
03-02 11:03:36.152  1177  1177 V thermal_src: TA_DAEMON_CMD_GET_TPCB:ERROR ret=-1
03-02 11:03:36.152  1177  1177 E thermal_src: get_tpcb_from_kernel:error -1. retry...
03-02 11:03:36.152  1177  1177 I thermal_src: recvmsg_expect 4, but get 2 
03-02 11:03:36.152  1177  1177 V thermal_src: TA_DAEMON_CMD_SET_TTJ:ERROR ret=-1
03-02 11:03:36.152  1177  1177 E thermal_src: set_ttj_to_kernel 1:error -1
03-02 11:03:36.152  1177  1177 I thermal_src: recvmsg_expect 2, but get 5 
03-02 11:03:36.152  1177  1177 V thermal_src: waiting NOTIFY from kernel miss, -1
03-02 11:03:36.152  1177  1177 I thermal_src: recvmsg_expect 2, but get 4 
03-02 11:03:36.152  1177  1177 V thermal_src: waiting NOTIFY from kernel miss, -1
03-02 11:03:36.157 10571 13521 W unknown:ViewManagerPropertyUpdater: Could not find generated setter for class com.horcrux.svg.RenderableViewManager$ClipPathViewManager
03-02 11:03:36.170 10571 13521 W unknown:ViewManagerPropertyUpdater: Could not find generated setter for class com.horcrux.svg.RenderableViewManager$FeBlendManager
03-02 11:03:36.182 10571 13521 W unknown:ViewManagerPropertyUpdater: Could not find generated setter for class com.facebook.react.views.view.ReactViewManager
03-02 11:03:36.195 10571 13521 W unknown:ViewManagerPropertyUpdater: Could not find generated setter for class com.horcrux.svg.RenderableViewManager$CircleViewManager
03-02 11:03:36.211 10571 13521 W unknown:ViewManagerPropertyUpdater: Could not find generated setter for class com.facebook.react.views.modal.ReactModalHostManager
03-02 11:03:36.224 10571 13521 W unknown:ViewManagerPropertyUpdater: Could not find generated setter for class com.horcrux.svg.RenderableViewManager$EllipseViewManager
03-02 11:03:36.229  1055  1186 D connsyslogger: SD_LOG_ROOT is /data/debuglogger/connsyslog/fw.
03-02 11:03:36.229  1055  1186 D connsyslogger: systemReady:1
03-02 11:03:36.233  1159  1606 D ULogGuard: Monitoring: 18 threads, 0 requests, 0 time-bombs; 1 guards. ResetFlags = 0x7
03-02 11:03:36.238 10571 13521 W unknown:ViewManagerPropertyUpdater: Could not find generated setter for class com.horcrux.svg.RenderableViewManager$LineViewManager
03-02 11:03:36.252 10571 13521 W unknown:ViewManagerPropertyUpdater: Could not find generated setter for class com.facebook.react.views.text.frescosupport.FrescoBasedReactTextInlineImageViewManager
03-02 11:03:36.253 10571 13521 W unknown:ViewManagerPropertyUpdater: Could not find generated setter for class com.facebook.react.views.text.frescosupport.FrescoBasedReactTextInlineImageShadowNode
03-02 11:03:36.264 10571 13521 W unknown:ViewManagerPropertyUpdater: Could not find generated setter for class com.horcrux.svg.RenderableViewManager$FeFloodManager
03-02 11:03:36.277 10571 13521 W unknown:ViewManagerPropertyUpdater: Could not find generated setter for class com.facebook.react.views.image.ReactImageManager
03-02 11:03:36.291 10571 13521 W unknown:ViewManagerPropertyUpdater: Could not find generated setter for class com.horcrux.svg.RenderableViewManager$MaskManager
03-02 11:03:36.306 10571 13521 W unknown:ViewManagerPropertyUpdater: Could not find generated setter for class com.horcrux.svg.RenderableViewManager$RectViewManager
03-02 11:03:36.320 10571 13521 W unknown:ViewManagerPropertyUpdater: Could not find generated setter for class com.horcrux.svg.RenderableViewManager$TextPathViewManager
03-02 11:03:36.336 10571 13521 W unknown:ViewManagerPropertyUpdater: Could not find generated setter for class com.facebook.react.views.scroll.ReactScrollViewManager
03-02 11:03:36.352 10571 13521 W unknown:ViewManagerPropertyUpdater: Could not find generated setter for class com.facebook.react.views.text.ReactVirtualTextViewManager
03-02 11:03:36.352 10571 13521 W unknown:ViewManagerPropertyUpdater: Could not find generated setter for class com.facebook.react.views.text.ReactVirtualTextShadowNode
03-02 11:03:36.366 10571 13521 W unknown:ViewManagerPropertyUpdater: Could not find generated setter for class com.facebook.react.views.swiperefresh.SwipeRefreshLayoutManager
03-02 11:03:36.378 10571 13521 W unknown:ViewManagerPropertyUpdater: Could not find generated setter for class com.facebook.react.views.text.ReactRawTextManager
03-02 11:03:36.378 10571 13521 W unknown:ViewManagerPropertyUpdater: Could not find generated setter for class com.facebook.react.views.text.ReactRawTextShadowNode
03-02 11:03:36.381 10571 13521 W unknown:ViewManagerPropertyUpdater: Could not find generated setter for class com.swmansion.gesturehandler.react.RNGestureHandlerRootViewManager
03-02 11:03:36.453  1621  2986 D AS.BtHelper: isBluetoothScoOn() mBluetoothHeadset is null: falsemBluetoothHeadsetDevice is null: true
03-02 11:03:36.453  1621  2986 V AS.AudioDeviceBroker: requestedCommunicationDevice: null mAudioModeOwner: AudioModeInfo: mMode=MODE_NORMAL, mPid=0, mUid=0
03-02 11:03:36.453  1621  2986 D AS.BtHelper: isBluetoothScoOn() mBluetoothHeadset is null: falsemBluetoothHeadsetDevice is null: true
03-02 11:03:36.454  1621  2986 V AS.AudioDeviceBroker: requestedCommunicationDevice: null mAudioModeOwner: AudioModeInfo: mMode=MODE_NORMAL, mPid=0, mUid=0
03-02 11:03:36.549 10571 13521 E AVManager: Cannot install JSI bindings for AV module because JS context is not available
03-02 11:03:36.550 10571 13521 W BridgelessReactContext: [WARNING] Bridgeless doesn't support CatalystInstance. Accessing an API that's not part of the new architecture is not encouraged usage.
03-02 11:03:36.564 10571 13521 I ExpoModulesCore: Γ£à JSI interop was installed
03-02 11:03:36.573 10571 13521 I ExpoModulesCore: Γ£à Constants were exported
03-02 11:03:36.612 10571 13521 I dev.expo.updates: {"timestamp":1772445816611,"message":"UpdatesModule: getConstants called","code":"None","level":"info"}
03-02 11:03:36.828   861   947 I libPerfCtl: xgfGetFPS pid:921 fps:-1
03-02 11:03:36.828   861   947 I libPerfCtl: xgfGetFPS pid:2363 fps:-1
03-02 11:03:36.839   921   921 I MI-SF   : surfaceflinger setAffinity mode=0
03-02 11:03:36.839   921   921 E MI-SF   : surfaceflinger setAffinity success
03-02 11:03:36.913  1201  1298 D AALLightSensor: oldLux=30 [SA:-1 LA:-1] newLux=30 (oriLux: 32)
03-02 11:03:36.959   849  1430 I hwcomposer: [HWC] (0)fire a callback of refresh to SF[4]  
03-02 11:03:36.981   849   868 I hwcomposer: [HWCDisplay] (0 updateFps():3667), (type:1, mode:2) fps:2.636920,dur:1137.69,max:852.19,min:142.17  
03-02 11:03:36.983   921   921 I MI-SF   : surfaceflinger setAffinity mode=1
03-02 11:03:36.984   921   921 E MI-SF   : surfaceflinger setAffinity success
03-02 11:03:36.984   921   921 I MI-SF   : surfaceflinger setreAffinity reTid=1207
03-02 11:03:36.984   921   921 E MI-SF   : surfaceflinger setAffinity success
03-02 11:03:37.021  1621  4427 D ActivityManager: getProcessesInErrorState callingUid=10126, CallingPid=31485
03-02 11:03:37.266  2350  2350 W Settings: Setting airplane_mode_on has moved from android.provider.Settings.System to android.provider.Settings.Global, returning read-only value.
03-02 11:03:37.269  2350  2350 W Settings: Setting airplane_mode_on has moved from android.provider.Settings.System to android.provider.Settings.Global, returning read-only value.
03-02 11:03:37.271  2350 29580 D NetworkSpeedTracker: updateSignalInfo lteRsrp=-90lteSnr=16,phoneId=1
03-02 11:03:37.274  2350 29580 D NetworkSpeedTracker: updateSignalInfo lteRsrp=-90lteSnr=16,phoneId=1
03-02 11:03:37.306 10571 13521 D nativeloader: Load /data/app/~~Bh61wenJZi6JNVEuOkVQfQ==/com.softnation.Ojam-nnCVAdHxKfOmup5FCuBDYQ==/base.apk!/lib/arm64-v8a/librnscreens.so using class loader ns clns-7 (caller=/data/app/~~Bh61wenJZi6JNVEuOkVQfQ==/com.softnation.Ojam-nnCVAdHxKfOmup5FCuBDYQ==/base.apk!classes16.dex): ok
03-02 11:03:37.456  1621  2986 D AS.BtHelper: isBluetoothScoOn() mBluetoothHeadset is null: falsemBluetoothHeadsetDevice is null: true
03-02 11:03:37.457  1621  2986 V AS.AudioDeviceBroker: requestedCommunicationDevice: null mAudioModeOwner: AudioModeInfo: mMode=MODE_NORMAL, mPid=0, mUid=0
03-02 11:03:37.457  1621  2986 D AS.BtHelper: isBluetoothScoOn() mBluetoothHeadset is null: falsemBluetoothHeadsetDevice is null: true
03-02 11:03:37.457  1621  2986 V AS.AudioDeviceBroker: requestedCommunicationDevice: null mAudioModeOwner: AudioModeInfo: mMode=MODE_NORMAL, mPid=0, mUid=0
03-02 11:03:37.501 10571 13521 I ReactNativeJS: Running "main" with {"rootTag":1,"initialProps":{},"fabric":true}
03-02 11:03:37.517  1621  1922 I SmartPower: com.whatsapp/10300(31638): background->idle(3029ms) R(broadcast start Intent { act=android.intent.action.BATTERY_CHANGED flg=0x60000010 (has extras) }) adj=905.
03-02 11:03:37.517  1621  1922 I SmartPower: com.facebook.stella/10126(31485): background->idle(3028ms) R(broadcast start Intent { act=android.intent.action.BATTERY_CHANGED flg=0x60000010 (has extras) }) adj=925.
03-02 11:03:37.517  1621  1922 I SmartPower: com.whatsapp/99910300(29736): background->idle(3027ms) R(broadcast start Intent { act=android.intent.action.BATTERY_CHANGED flg=0x60000010 (has extras) }) adj=500.
03-02 11:03:37.517  1621  1922 I SmartPower: com.android.chrome/10174(13210): background->idle(3025ms) R(broadcast start Intent { act=android.intent.action.BATTERY_CHANGED flg=0x60000010 (has extras) }) adj=905.
03-02 11:03:37.828   861   947 I libPerfCtl: xgfGetFPS pid:921 fps:-1
03-02 11:03:37.828   861   947 I libPerfCtl: xgfGetFPS pid:2363 fps:-1
03-02 11:03:38.155  1177  1177 I thermal_src: recvmsg_expect 5, but get 2 
03-02 11:03:38.155  1177  1177 V thermal_src: TA_DAEMON_CMD_GET_TPCB:ERROR ret=-1
03-02 11:03:38.155  1177  1177 E thermal_src: get_tpcb_from_kernel:error -1. retry...
03-02 11:03:38.155  1177  1177 I thermal_src: recvmsg_expect 5, but get 2 
03-02 11:03:38.155  1177  1177 V thermal_src: TA_DAEMON_CMD_GET_TPCB:ERROR ret=-1
03-02 11:03:38.155  1177  1177 E thermal_src: get_tpcb_from_kernel:error -1. retry...
03-02 11:03:38.155  1177  1177 I thermal_src: recvmsg_expect 4, but get 2 
03-02 11:03:38.155  1177  1177 V thermal_src: TA_DAEMON_CMD_SET_TTJ:ERROR ret=-1
03-02 11:03:38.155  1177  1177 E thermal_src: set_ttj_to_kernel 1:error -1
03-02 11:03:38.155  1177  1177 I thermal_src: recvmsg_expect 2, but get 5 
03-02 11:03:38.155  1177  1177 V thermal_src: waiting NOTIFY from kernel miss, -1
03-02 11:03:38.155  1177  1177 I thermal_src: recvmsg_expect 2, but get 5 
03-02 11:03:38.155  1177  1177 V thermal_src: waiting NOTIFY from kernel miss, -1
03-02 11:03:38.155  1177  1177 I thermal_src: recvmsg_expect 2, but get 4 
03-02 11:03:38.155  1177  1177 V thermal_src: waiting NOTIFY from kernel miss, -1
03-02 11:03:38.229  1055  1186 D connsyslogger: SD_LOG_ROOT is /data/debuglogger/connsyslog/fw.
03-02 11:03:38.229  1055  1186 D connsyslogger: systemReady:1
03-02 11:03:38.280  2350  2350 W Settings: Setting airplane_mode_on has moved from android.provider.Settings.System to android.provider.Settings.Global, returning read-only value.
03-02 11:03:38.282  2350  2350 W Settings: Setting airplane_mode_on has moved from android.provider.Settings.System to android.provider.Settings.Global, returning read-only value.
03-02 11:03:38.284  2350 29580 D NetworkSpeedTracker: updateNwSignalInfo not allowed ,ignore
03-02 11:03:38.287  2350 29580 D NetworkSpeedTracker: updateNwSignalInfo not allowed ,ignore
03-02 11:03:38.459  1621  2986 D AS.BtHelper: isBluetoothScoOn() mBluetoothHeadset is null: falsemBluetoothHeadsetDevice is null: true
03-02 11:03:38.460  1621  2986 V AS.AudioDeviceBroker: requestedCommunicationDevice: null mAudioModeOwner: AudioModeInfo: mMode=MODE_NORMAL, mPid=0, mUid=0
03-02 11:03:38.460  1621  2986 D AS.BtHelper: isBluetoothScoOn() mBluetoothHeadset is null: falsemBluetoothHeadsetDevice is null: true
03-02 11:03:38.460  1621  2986 V AS.AudioDeviceBroker: requestedCommunicationDevice: null mAudioModeOwner: AudioModeInfo: mMode=MODE_NORMAL, mPid=0, mUid=0
03-02 11:03:38.539  1621  1650 W ActivityTaskManager: Launch timeout has expired, giving up wake lock!
03-02 11:03:38.544  7123  7123 W adbd    : timeout expired while flushing socket, closing
03-02 11:03:38.559   863   958 I mtkpower@impl: [powerd_req] TIMER_MSG_PERF_LOCK_TIMEOUT hdl:365879
03-02 11:03:38.559   863   958 I libPowerHal: [perfLockRel] hdl:365879, idx:2
03-02 11:03:38.559   863   958 I libPowerHal: [PD] MTKPOWER_HINT_PROCESS_CREATE update cmd:2024000 param:5, pr:6
03-02 11:03:38.560   863   958 I libPowerHal: [PD] MTKPOWER_HINT_PROCESS_CREATE update ONESHOT(unset) cmd:10000700 param:16129 pr:3
03-02 11:03:38.561   863   958 I libPowerHal: [perfLockRel] Done for hdl : 365879
03-02 11:03:38.567   926   951 D ccci_mdinit: (1):monitor_time_update_thread round:37836 ########
03-02 11:03:38.828   861   947 I libPerfCtl: xgfGetFPS pid:2363 fps:-1
03-02 11:03:38.856   921   921 I BufferQueueProducer: [StatusBar#109](this:0xb400007bcec4ab68,id:-1,api:0,p:-1,c:921) queueBuffer: fps=0.66 dur=3014.78 max=2019.95 min=994.83
03-02 11:03:38.858   849   868 I hwcomposer: [HWCDisplay] (0 updateFps():3667), (type:1, mode:2) fps:0.532827,dur:1876.78,max:1876.78,min:1876.78  
03-02 11:03:38.859   921   921 I MI-SF   : surfaceflinger setAffinity mode=0
03-02 11:03:38.859   921   921 E MI-SF   : surfaceflinger setAffinity success
03-02 11:03:38.979   849  1430 I hwcomposer: [HWC] (0)fire a callback of refresh to SF[4]  
03-02 11:03:39.000   921   921 I BufferQueueProducer: [FramebufferSurface](this:0xb400007d8e9dff50,id:-1,api:1,p:921,c:921) queueBuffer: fps=0.66 dur=3015.23 max=2019.61 min=995.62
03-02 11:03:39.003   921   921 I MI-SF   : surfaceflinger setAffinity mode=1
03-02 11:03:39.003   921   921 E MI-SF   : surfaceflinger setAffinity success
03-02 11:03:39.003   921   921 I MI-SF   : surfaceflinger setreAffinity reTid=1207
03-02 11:03:39.003   921   921 E MI-SF   : surfaceflinger setAffinity success
03-02 11:03:39.022  1621  4427 D ActivityManager: getProcessesInErrorState callingUid=10126, CallingPid=31485
03-02 11:03:39.083  1621  1621 D UiModeManager: updateConfigurationLocked: mDockState=0; mCarMode=false; mCar=false; mPowerSave=false; mOverrideNightModeOn=false; mOverrideNightModeOff=false; mComputedNightMode=true; mNightModeValue=2; uiMode=42
03-02 11:03:39.083 31485 31768 I BatteryEventDispatcherImpl: [_waitingForDispatchEvent] processing BatteryEventDispatcherImpl$DispatchEvent$OnPollTimeout
03-02 11:03:39.086  6027  6027 I PowerSaveService: onReceive: android.intent.action.BATTERY_CHANGED
03-02 11:03:39.087  6515  8177 D PowerCheckerService: onBatteryChanged, mBatteryLevel = 43, status = 2, level = 43, plug = 2, scale = 100
03-02 11:03:39.087  6515  6997 I ProcAudioPowerManager: onBatteryChanged, onBattery is false
03-02 11:03:39.087  6515  6997 D PowerKeeper.FrozenApp: onBatteryChanged plug=true mBatteryPlugged=2
03-02 11:03:39.088  6515  8142 D PowerKeeper.Thermal: mBatteryTemperature: 40
03-02 11:03:39.089  6027  6027 I PowerNoticeUI: handleBatteryChanged oldPlugType 2 mPlugType 2 oldBatteryLevel 43 mBatteryLevel 43 temperature 400
03-02 11:03:39.089  6027  6027 I ChargerBatteryIntelligenceReceiver: onBatteryChanged temperature∩╝Ü40,plugType:2
03-02 11:03:39.089  6027  6027 D BaseChargeProtect_HighTemp: mCountByMinute:0,isScreenOn:true
03-02 11:03:39.090  6027  6027 I android_os_HwBinder: HwBinder: Starting thread pool for getting: vendor.xiaomi.hardware.micharge@1.0::IMiCharge/default
03-02 11:03:39.093   872 24120 I vendor.xiaomi.hardware.micharge@1.0-service: ReadFilePathValue path = /sys/class/power_supply/usb/real_type value = USB
03-02 11:03:39.093  6027  6027 I IMiChargeUtils: getIMiChargeStringValue method:getBatteryChargeType,value:USB
03-02 11:03:39.093  6027  6027 I IMiChargeUtils: getBatteryChargeType : USB
03-02 11:03:39.093  6027  6027 I ChargeTimeUtilsV2: chargeType:USB
03-02 11:03:39.093  6027  6027 I PowerFeatureUtils: getVendorName:mediatek
03-02 11:03:39.093  6027  6027 I PowerFeatureUtils: getVendorName:mediatek
03-02 11:03:39.102  3510  3510 W libc    : Unable to set property "persist.vendor.accelerate.charge" to "false": PROP_ERROR_PERMISSION_DENIED (0x18)
03-02 11:03:39.127  1621  1621 D UiModeManager: updateConfigurationLocked: mDockState=0; mCarMode=false; mCar=false; mPowerSave=false; mOverrideNightModeOn=false; mOverrideNightModeOff=false; mComputedNightMode=true; mNightModeValue=2; uiMode=42
03-02 11:03:39.130  6027  6027 I PowerSaveService: onReceive: android.intent.action.BATTERY_CHANGED
03-02 11:03:39.131  6515  6997 I ProcAudioPowerManager: onBatteryChanged, onBattery is false
03-02 11:03:39.132  6027  6027 I PowerNoticeUI: handleBatteryChanged oldPlugType 2 mPlugType 2 oldBatteryLevel 43 mBatteryLevel 43 temperature 400
03-02 11:03:39.132  6515  8177 D PowerCheckerService: onBatteryChanged, mBatteryLevel = 43, status = 2, level = 43, plug = 2, scale = 100
03-02 11:03:39.132  6027  6027 I ChargerBatteryIntelligenceReceiver: onBatteryChanged temperature∩╝Ü40,plugType:2
03-02 11:03:39.132  6515  6997 D PowerKeeper.FrozenApp: onBatteryChanged plug=true mBatteryPlugged=2
03-02 11:03:39.132  6027  6027 D BaseChargeProtect_HighTemp: mCountByMinute:0,isScreenOn:true
03-02 11:03:39.132  6515  8142 D PowerKeeper.Thermal: mBatteryTemperature: 40
03-02 11:03:39.133  6027  6027 I android_os_HwBinder: HwBinder: Starting thread pool for getting: vendor.xiaomi.hardware.micharge@1.0::IMiCharge/default
03-02 11:03:39.135   872 24120 I vendor.xiaomi.hardware.micharge@1.0-service: ReadFilePathValue path = /sys/class/power_supply/usb/real_type value = USB
03-02 11:03:39.135  6027  6027 I IMiChargeUtils: getIMiChargeStringValue method:getBatteryChargeType,value:USB
03-02 11:03:39.136  6027  6027 I IMiChargeUtils: getBatteryChargeType : USB
03-02 11:03:39.136  6027  6027 I ChargeTimeUtilsV2: chargeType:USB
03-02 11:03:39.136  6027  6027 I PowerFeatureUtils: getVendorName:mediatek
03-02 11:03:39.136  6027  6027 I PowerFeatureUtils: getVendorName:mediatek
03-02 11:03:39.162  1621  1746 E JobScheduler.Background: Couldn't determine stopped state for unknown package: com.google.android.apps.turbo
03-02 11:03:39.162  1621  1746 E JobScheduler.Background: Couldn't determine stopped state for unknown package: com.google.android.apps.turbo
03-02 11:03:39.162  1621  1746 E JobScheduler.Background: Couldn't determine stopped state for unknown package: com.google.android.apps.turbo
03-02 11:03:39.162  1621  1746 E JobScheduler.Background: Couldn't determine stopped state for unknown package: com.google.android.apps.turbo
03-02 11:03:39.162  1621  1746 E JobScheduler.Background: Couldn't determine stopped state for unknown package: com.google.android.apps.turbo
03-02 11:03:39.207 10571 13521 D nativeloader: Load /data/app/~~Bh61wenJZi6JNVEuOkVQfQ==/com.softnation.Ojam-nnCVAdHxKfOmup5FCuBDYQ==/base.apk!/lib/arm64-v8a/libworklets.so using class loader ns clns-7 (caller=/data/app/~~Bh61wenJZi6JNVEuOkVQfQ==/com.softnation.Ojam-nnCVAdHxKfOmup5FCuBDYQ==/base.apk!classes20.dex): ok
03-02 11:03:39.235  1159  1606 D ULogGuard: Monitoring: 18 threads, 0 requests, 0 time-bombs; 1 guards. ResetFlags = 0x7
03-02 11:03:39.255  1621  2986 D FileUtils: Rounded bytes from 8055762944 to 16000000000
03-02 11:03:39.264 13966  4111 V ClearcutMetricXmitter: Transmission is done.
03-02 11:03:39.411 10571 13521 D nativeloader: Load /data/app/~~Bh61wenJZi6JNVEuOkVQfQ==/com.softnation.Ojam-nnCVAdHxKfOmup5FCuBDYQ==/base.apk!/lib/arm64-v8a/libreanimated.so using class loader ns clns-7 (caller=/data/app/~~Bh61wenJZi6JNVEuOkVQfQ==/com.softnation.Ojam-nnCVAdHxKfOmup5FCuBDYQ==/base.apk!classes20.dex): ok
03-02 11:03:39.463  1621  2986 D AS.BtHelper: isBluetoothScoOn() mBluetoothHeadset is null: falsemBluetoothHeadsetDevice is null: true
03-02 11:03:39.463  1621  2986 V AS.AudioDeviceBroker: requestedCommunicationDevice: null mAudioModeOwner: AudioModeInfo: mMode=MODE_NORMAL, mPid=0, mUid=0
03-02 11:03:39.463  1621  2986 D AS.BtHelper: isBluetoothScoOn() mBluetoothHeadset is null: falsemBluetoothHeadsetDevice is null: true
03-02 11:03:39.463  1621  2986 V AS.AudioDeviceBroker: requestedCommunicationDevice: null mAudioModeOwner: AudioModeInfo: mMode=MODE_NORMAL, mPid=0, mUid=0
03-02 11:03:39.619  1621  1666 I SmartPower: com.whatsapp/10300(31638): idle->background(2102ms) R(broadcast start Intent { act=android.intent.action.BATTERY_CHANGED flg=0x60000010 (has extras) }) adj=905.
03-02 11:03:39.620  1621  1666 I SmartPower: com.facebook.stella/10126(31485): idle->background(2103ms) R(broadcast start Intent { act=android.intent.action.BATTERY_CHANGED flg=0x60000010 (has extras) }) adj=925.
03-02 11:03:39.621  1621  1666 I SmartPower: com.whatsapp/99910300(29736): idle->background(2104ms) R(broadcast start Intent { act=android.intent.action.BATTERY_CHANGED flg=0x60000010 (has extras) }) adj=500.
03-02 11:03:39.622  1621  1666 I SmartPower: com.android.chrome/10174(13210): idle->background(2105ms) R(broadcast start Intent { act=android.intent.action.BATTERY_CHANGED flg=0x60000010 (has extras) }) adj=905.
03-02 11:03:39.843   861   947 I libPerfCtl: xgfGetFPS pid:921 fps:-1
03-02 11:03:39.844   861   947 I libPerfCtl: xgfGetFPS pid:2363 fps:-1
03-02 11:03:39.846  2350  2350 W Settings: Setting airplane_mode_on has moved from android.provider.Settings.System to android.provider.Settings.Global, returning read-only value.
03-02 11:03:39.848  2350  2350 W Settings: Setting airplane_mode_on has moved from android.provider.Settings.System to android.provider.Settings.Global, returning read-only value.
03-02 11:03:39.850  2350 29580 D NetworkSpeedTracker: updateSignalInfo lteRsrp=-90lteSnr=15,phoneId=1
03-02 11:03:39.853  2350 29580 D NetworkSpeedTracker: updateSignalInfo lteRsrp=-90lteSnr=15,phoneId=1
03-02 11:03:39.855   921   921 I MI-SF   : surfaceflinger setAffinity mode=0
03-02 11:03:39.855   921   921 E MI-SF   : surfaceflinger setAffinity success
03-02 11:03:39.975   849  1430 I hwcomposer: [HWC] (0)fire a callback of refresh to SF[4]  
03-02 11:03:39.997   849   868 I hwcomposer: [HWCDisplay] (0 updateFps():3667), (type:1, mode:2) fps:2.633433,dur:1139.20,max:853.07,min:142.99  
03-02 11:03:39.999   921   921 I MI-SF   : surfaceflinger setAffinity mode=1
03-02 11:03:40.000   921   921 E MI-SF   : surfaceflinger setAffinity success
03-02 11:03:40.000   921   921 I MI-SF   : surfaceflinger setreAffinity reTid=1207
03-02 11:03:40.000   921   921 E MI-SF   : surfaceflinger setAffinity success
03-02 11:03:40.157  1177  1177 I thermal_src: recvmsg_expect 5, but get 2 
03-02 11:03:40.157  1177  1177 V thermal_src: TA_DAEMON_CMD_GET_TPCB:ERROR ret=-1
03-02 11:03:40.157  1177  1177 E thermal_src: get_tpcb_from_kernel:error -1. retry...
03-02 11:03:40.157  1177  1177 I thermal_src: recvmsg_expect 5, but get 2 
03-02 11:03:40.158  1177  1177 V thermal_src: TA_DAEMON_CMD_GET_TPCB:ERROR ret=-1
03-02 11:03:40.158  1177  1177 E thermal_src: get_tpcb_from_kernel:error -1. retry...
03-02 11:03:40.158  1177  1177 I thermal_src: recvmsg_expect 5, but get 2 
03-02 11:03:40.158  1177  1177 V thermal_src: TA_DAEMON_CMD_GET_TPCB:ERROR ret=-1
03-02 11:03:40.158  1177  1177 E thermal_src: get_tpcb_from_kernel:error -1. retry...
03-02 11:03:40.158  1177  1177 I thermal_src: recvmsg_expect 4, but get 5 
03-02 11:03:40.158  1177  1177 V thermal_src: TA_DAEMON_CMD_SET_TTJ:ERROR ret=-1
03-02 11:03:40.158  1177  1177 E thermal_src: set_ttj_to_kernel 1:error -1
03-02 11:03:40.158  1177  1177 I thermal_src: recvmsg_expect 2, but get 5 
03-02 11:03:40.158  1177  1177 V thermal_src: waiting NOTIFY from kernel miss, -1
03-02 11:03:40.158  1177  1177 I thermal_src: recvmsg_expect 2, but get 5 
03-02 11:03:40.158  1177  1177 V thermal_src: waiting NOTIFY from kernel miss, -1
03-02 11:03:40.158  1177  1177 I thermal_src: recvmsg_expect 2, but get 4 
03-02 11:03:40.158  1177  1177 V thermal_src: waiting NOTIFY from kernel miss, -1
03-02 11:03:40.230  1055  1186 D connsyslogger: SD_LOG_ROOT is /data/debuglogger/connsyslog/fw.
03-02 11:03:40.230  1055  1186 D connsyslogger: systemReady:1
03-02 11:03:40.466  1621  2986 D AS.BtHelper: isBluetoothScoOn() mBluetoothHeadset is null: falsemBluetoothHeadsetDevice is null: true
03-02 11:03:40.466  1621  2986 V AS.AudioDeviceBroker: requestedCommunicationDevice: null mAudioModeOwner: AudioModeInfo: mMode=MODE_NORMAL, mPid=0, mUid=0
03-02 11:03:40.466  1621  2986 D AS.BtHelper: isBluetoothScoOn() mBluetoothHeadset is null: falsemBluetoothHeadsetDevice is null: true
03-02 11:03:40.466  1621  2986 V AS.AudioDeviceBroker: requestedCommunicationDevice: null mAudioModeOwner: AudioModeInfo: mMode=MODE_NORMAL, mPid=0, mUid=0
03-02 11:03:40.527   863   909 I mtkpower@impl: [setMode] type:5, enabled:0
03-02 11:03:40.527  1621  1650 I PowerHalWrapper: amsBoostNotify pid:13966,activity:com.google.android.apps.search.assistant.surfaces.voice.robin.ui.floaty.activity.FloatyActivity, package:com.google.android.googlequicksearchbox, mProcessCreatePackcom.softnation.Ojam 
03-02 11:03:40.528  1621  1650 I PowerHalWrapper: state: 0 
03-02 11:03:40.528   863   958 I libPowerHal: [perfLockRel] hdl:365878, idx:1
03-02 11:03:40.528  1621  1650 I mtkpower_client: [PowerHal_Wrap_notifyAppState] com.google.android.googlequicksearchbox/com.google.android.apps.search.assistant.surfaces.voice.robin.ui.floaty.activity.FloatyActivity pid=13966 activityId:114759433 state:0
03-02 11:03:40.528   863   958 I libPowerHal: [PD] LAUNCH update cmd:1408300 param:0, pr:6
03-02 11:03:40.529   861   861 I vendor.mediatek.hardware.mtkpower_applist-service.mediatek: packName: com.google.android.googlequicksearchbox actName: com.google.android.apps.search.assistant.surfaces.voice.robin.ui.floaty.activity.FloatyActivity pid: 13966 activityId: 114759433 uid: 10165 state: 0
