03-02 12:01:31.913  1999  2684 W RecentsModel: getRunningTask   taskInfo=TaskInfo{userId=0 taskId=37019 displayId=0 isRunning=true baseIntent=Intent { flg=0x10000000 cmp=com.whatsapp/.home.ui.HomeActivity } baseActivity=ComponentInfo{com.whatsapp/com.whatsapp.home.ui.HomeActivity} topActivity=ComponentInfo{com.whatsapp/com.whatsapp.home.ui.HomeActivity} origActivity=null realActivity=ComponentInfo{com.whatsapp/com.whatsapp.home.ui.HomeActivity} numActivities=1 lastActiveTime=1025268869 supportsSplitScreenMultiWindow=true supportsMultiWindow=true resizeMode=1 isResizeable=true minWidth=-1 minHeight=-1 defaultMinSize=200 token=WCT{android.window.IWindowContainerToken$Stub$Proxy@1489c3f} topActivityType=1 pictureInPictureParams=null shouldDockBigOverlays=false launchIntoPipHostTaskId=-1 lastParentTaskIdBeforePip=-1 displayCutoutSafeInsets=Rect(0, 104 - 0, 0) topActivityInfo=ActivityInfo{33fe90c com.whatsapp.home.ui.HomeActivity} launchCookies=[] positionInParent=Point(0, 0) parentTaskId=-1 isFocused=false isVisible=false isVisibleRequested=false isSleeping=false locusId=null displayAreaFeatureId=1 isTopActivityTransparent=false appCompatTaskInfo=AppCompatTaskInfo { topActivityInSizeCompat=false topActivityEligibleForLetterboxEducation= falseisLetterboxEducationEnabled= false isLetterboxDoubleTapEnabled= false topActivityEligibleForUserAspectRatioButton= false topActivityBoundsLetterboxed= false isFromLetterboxDoubleTap= false topActivityLetterboxVerticalPosition= -1 topActivityLetterboxHorizontalPosition= -1 topActivityLetterboxWidth=1080 topActivityLetterboxHeight=2460 isUserFullscreenOverrideEnabled=false isSystemFullscreenOverrideEnabled=false cameraCompatTaskInfo=CameraCompatTaskInfo { cameraCompatControlState=hidden freeformCameraCompatMode=inactive}} isImmersive=false mTopActivityRequestOrientation=-2 mBehindAppLockPkg=null mOriginatingUid=0 isEmbedded=false shouldBeVisible=false mIsCastMode=false mTopActivityMediaSize=null mTopActivityRecordName=ActivityRecord{fc958f0 u0 com.whatsapp/.home.ui.HomeActivity t37019} mTopActivityOrientation=-2}
03-02 12:01:31.913  1999  2684 D RecentsModel: preloadRecents runningTaskId:37019, mCurrentRunningTaskId:-1, mRecentsTaskLoadPlan=com.android.systemui.shared.recents.model.RecentsTaskLoadPlan@6801255
03-02 12:01:31.914  1999  1999 D TAG     : obtainElement: false
03-02 12:01:31.914  1999  1999 D TAG     : java.lang.RuntimeException
03-02 12:01:31.914  1999  1999 D TAG     : 	at com.android.systemui.shared.recents.system.RemoteAnimationTargetCompat.obtainElement(RemoteAnimationTargetCompat.java:116)
03-02 12:01:31.914  1999  1999 D TAG     : 	at com.android.systemui.shared.recents.system.RemoteAnimationTargetCompat.<init>(RemoteAnimationTargetCompat.java:94)
03-02 12:01:31.914  1999  1999 D TAG     : 	at com.android.systemui.shared.recents.system.RemoteAnimationTargetCompat.wrap(RemoteAnimationTargetCompat.java:188)
03-02 12:01:31.914  1999  1999 D TAG     : 	at com.android.systemui.shared.recents.system.RemoteAnimationTargetCompat.wrapAppsForCompat(RemoteAnimationTargetCompat.java:233)
03-02 12:01:31.914  1999  1999 D TAG     : 	at com.android.systemui.shared.recents.system.WindowTransitionCompat$2.lambda$startAnimation$0(WindowTransitionCompat.java:120)
03-02 12:01:31.914  1999  1999 D TAG     : 	at com.android.systemui.shared.recents.system.WindowTransitionCompat$2.$r8$lambda$hcqKCUwnRuMqtvMJ6DPLae5xnFA(Unknown Source:0)
03-02 12:01:31.914  1999  1999 D TAG     : 	at com.android.systemui.shared.recents.system.WindowTransitionCompat$2$$ExternalSyntheticLambda0.run(Unknown Source:10)
03-02 12:01:31.914  1999  1999 D TAG     : 	at com.miui.home.library.utils.LooperExecutor.execute(LooperExecutor.java:43)
03-02 12:01:31.914  1999  1999 D TAG     : 	at com.android.systemui.shared.recents.system.WindowTransitionCompat$2.startAnimation(WindowTransitionCompat.java:267)
03-02 12:01:31.914  1999  1999 D TAG     : 	at com.android.systemui.shared.recents.system.WindowTransitionCompat.wrapRemoteTransition(WindowTransitionCompat.java:745)
03-02 12:01:31.914  1999  1999 D TAG     : 	at com.miui.home.recents.anim.WindowElement.injectRemoteTransition(WindowElement.kt:687)
03-02 12:01:31.914  1999  1999 D TAG     : 	at com.miui.home.recents.anim.StateManager$CommonState.handleEvent(StateManager.kt:1291)
03-02 12:01:31.914  1999  1999 D TAG     : 	at com.miui.home.recents.anim.StateManager.handleEventActually(StateManager.kt:112)
03-02 12:01:31.914  1999  1999 D TAG     : 	at com.miui.home.recents.anim.StateManager.sendEventActually$lambda-0(StateManager.kt:99)
03-02 12:01:31.914  1999  1999 D TAG     : 	at com.miui.home.recents.anim.StateManager.$r8$lambda$C-kZp_X93nanDwYsUFIjH_GwEtM(Unknown Source:0)
03-02 12:01:31.914  1999  1999 D TAG     : 	at com.miui.home.recents.anim.StateManager$$ExternalSyntheticLambda3.run(Unknown Source:4)
03-02 12:01:31.914  1999  1999 D TAG     : 	at android.os.Handler.handleCallback(Handler.java:959)
03-02 12:01:31.914  1999  1999 D TAG     : 	at android.os.Handler.dispatchMessage(Handler.java:100)
03-02 12:01:31.914  1999  1999 D TAG     : 	at android.os.Looper.loopOnce(Looper.java:249)
03-02 12:01:31.914  1999  1999 D TAG     : 	at android.os.Looper.loop(Looper.java:337)
03-02 12:01:31.914  1999  1999 D TAG     : 	at android.app.ActivityThread.main(ActivityThread.java:9500)
03-02 12:01:31.914  1999  1999 D TAG     : 	at java.lang.reflect.Method.invoke(Native Method)
03-02 12:01:31.914  1999  1999 D TAG     : 	at com.android.internal.os.RuntimeInit$MethodAndArgsCaller.run(RuntimeInit.java:636)
03-02 12:01:31.914  1999  1999 D TAG     : 	at com.android.internal.os.ZygoteInit.main(ZygoteInit.java:1005)
03-02 12:01:31.915  1999  1999 D TAG     : obtainElement: 0.0
03-02 12:01:31.915  1999  1999 D TAG     : java.lang.RuntimeException
03-02 12:01:31.915  1999  1999 D TAG     : 	at com.android.systemui.shared.recents.system.RemoteAnimationTargetCompat.obtainCornerRadius(RemoteAnimationTargetCompat.java:104)
03-02 12:01:31.915  1999  1999 D TAG     : 	at com.android.systemui.shared.recents.system.RemoteAnimationTargetCompat.<init>(RemoteAnimationTargetCompat.java:95)
03-02 12:01:31.915  1999  1999 D TAG     : 	at com.android.systemui.shared.recents.system.RemoteAnimationTargetCompat.wrap(RemoteAnimationTargetCompat.java:188)
03-02 12:01:31.915  1999  1999 D TAG     : 	at com.android.systemui.shared.recents.system.RemoteAnimationTargetCompat.wrapAppsForCompat(RemoteAnimationTargetCompat.java:233)
03-02 12:01:31.915  1999  1999 D TAG     : 	at com.android.systemui.shared.recents.system.WindowTransitionCompat$2.lambda$startAnimation$0(WindowTransitionCompat.java:120)
03-02 12:01:31.915  1999  1999 D TAG     : 	at com.android.systemui.shared.recents.system.WindowTransitionCompat$2.$r8$lambda$hcqKCUwnRuMqtvMJ6DPLae5xnFA(Unknown Source:0)
03-02 12:01:31.915  1999  1999 D TAG     : 	at com.android.systemui.shared.recents.system.WindowTransitionCompat$2$$ExternalSyntheticLambda0.run(Unknown Source:10)
03-02 12:01:31.915  1999  1999 D TAG     : 	at com.miui.home.library.utils.LooperExecutor.execute(LooperExecutor.java:43)
03-02 12:01:31.915  1999  1999 D TAG     : 	at com.android.systemui.shared.recents.system.WindowTransitionCompat$2.startAnimation(WindowTransitionCompat.java:267)
03-02 12:01:31.915  1999  1999 D TAG     : 	at com.android.systemui.shared.recents.system.WindowTransitionCompat.wrapRemoteTransition(WindowTransitionCompat.java:745)
03-02 12:01:31.915  1999  1999 D TAG     : 	at com.miui.home.recents.anim.WindowElement.injectRemoteTransition(WindowElement.kt:687)
03-02 12:01:31.915  1999  1999 D TAG     : 	at com.miui.home.recents.anim.StateManager$CommonState.handleEvent(StateManager.kt:1291)
03-02 12:01:31.915  1999  1999 D TAG     : 	at com.miui.home.recents.anim.StateManager.handleEventActually(StateManager.kt:112)
03-02 12:01:31.915  1999  1999 D TAG     : 	at com.miui.home.recents.anim.StateManager.sendEventActually$lambda-0(StateManager.kt:99)
03-02 12:01:31.915  1999  1999 D TAG     : 	at com.miui.home.recents.anim.StateManager.$r8$lambda$C-kZp_X93nanDwYsUFIjH_GwEtM(Unknown Source:0)
03-02 12:01:31.915  1999  1999 D TAG     : 	at com.miui.home.recents.anim.StateManager$$ExternalSyntheticLambda3.run(Unknown Source:4)
03-02 12:01:31.915  1999  1999 D TAG     : 	at android.os.Handler.handleCallback(Handler.java:959)
03-02 12:01:31.915  1999  1999 D TAG     : 	at android.os.Handler.dispatchMessage(Handler.java:100)
03-02 12:01:31.915  1999  1999 D TAG     : 	at android.os.Looper.loopOnce(Looper.java:249)
03-02 12:01:31.915  1999  1999 D TAG     : 	at android.os.Looper.loop(Looper.java:337)
03-02 12:01:31.915  1999  1999 D TAG     : 	at android.app.ActivityThread.main(ActivityThread.java:9500)
03-02 12:01:31.915  1999  1999 D TAG     : 	at java.lang.reflect.Method.invoke(Native Method)
03-02 12:01:31.915  1999  1999 D TAG     : 	at com.android.internal.os.RuntimeInit$MethodAndArgsCaller.run(RuntimeInit.java:636)
03-02 12:01:31.915  1999  1999 D TAG     : 	at com.android.internal.os.ZygoteInit.main(ZygoteInit.java:1005)
03-02 12:01:31.916  1999  1999 I TransitionUtil: rootLeash = Surface(name=Transition Root #10191: Task=1#134739)/@0xb9e88f3
03-02 12:01:31.916  1999  2684 E ActivityManagerWrapper: get all recent tasks force including 37019
03-02 12:01:31.917   921  1166 I BufferQueueDebug: [TL_Surface(name=WallpaperWindowToken{2d6d85a token=android.os.Binder@8dfa005}#66)/@0x5cd1e2d_transition-leash#134743](this:0xb400007bcecc5298,id:-1,api:0,p:-1,c:-1) BufferQueue core=(921:/system/bin/surfaceflinger)
03-02 12:01:31.919  1999  1999 I TransitionUtil: setupLeash isAppOpening = false
03-02 12:01:31.920  1999  1999 I TransitionUtil: setLayer leash2 = Surface(name=TL_Surface(name=WallpaperWindowToken{2d6d85a token=android.os.Binder@8dfa005}#66)/@0x5cd1e2d_transition-leash#134743)/@0x8889f8, layer = -2
03-02 12:01:31.922  1999  1999 D ReflectUtils: callObjectMethod
03-02 12:01:31.922  1999  1999 D ReflectUtils: java.lang.NoSuchMethodException: android.window.TransitionInfo$Change.getAllowEnterPip []
03-02 12:01:31.922  1999  1999 D ReflectUtils: 	at java.lang.Class.getMethod(Class.java:2934)
03-02 12:01:31.922  1999  1999 D ReflectUtils: 	at java.lang.Class.getDeclaredMethod(Class.java:2913)
03-02 12:01:31.922  1999  1999 D ReflectUtils: 	at com.miui.launcher.utils.ReflectUtils.callObjectMethod(ReflectUtils.java:35)
03-02 12:01:31.922  1999  1999 D ReflectUtils: 	at com.android.hideapi.TransitionInfoExpose$ChangeExpose.getAllowEnterPip(TransitionInfoExpose.java:119)
03-02 12:01:31.922  1999  1999 D ReflectUtils: 	at com.android.wm.shell.util.TransitionUtil.newTarget(TransitionUtil.java:556)
03-02 12:01:31.922  1999  1999 D ReflectUtils: 	at com.android.wm.shell.util.TransitionUtil.newTarget(TransitionUtil.java:493)
03-02 12:01:31.922  1999  1999 D ReflectUtils: 	at com.android.wm.shell.util.TransitionUtil.newTarget(TransitionUtil.java:484)
03-02 12:01:31.922  1999  1999 D ReflectUtils: 	at com.android.systemui.shared.recents.system.RemoteAnimationTargetCompat.wrap(RemoteAnimationTargetCompat.java:212)
03-02 12:01:31.922  1999  1999 D ReflectUtils: 	at com.android.systemui.shared.recents.system.RemoteAnimationTargetCompat.wrapNonAppsForCompat(RemoteAnimationTargetCompat.java:252)
03-02 12:01:31.922  1999  1999 D ReflectUtils: 	at com.android.systemui.shared.recents.system.WindowTransitionCompat$2.lambda$startAnimation$0(WindowTransitionCompat.java:122)
03-02 12:01:31.922  1999  1999 D ReflectUtils: 	at com.android.systemui.shared.recents.system.WindowTransitionCompat$2.$r8$lambda$hcqKCUwnRuMqtvMJ6DPLae5xnFA(Unknown Source:0)
03-02 12:01:31.922  1999  1999 D ReflectUtils: 	at com.android.systemui.shared.recents.system.WindowTransitionCompat$2$$ExternalSyntheticLambda0.run(Unknown Source:10)
03-02 12:01:31.922  1999  1999 D ReflectUtils: 	at com.miui.home.library.utils.LooperExecutor.execute(LooperExecutor.java:43)
03-02 12:01:31.922  1999  1999 D ReflectUtils: 	at com.android.systemui.shared.recents.system.WindowTransitionCompat$2.startAnimation(WindowTransitionCompat.java:267)
03-02 12:01:31.922  1999  1999 D ReflectUtils: 	at com.android.systemui.shared.recents.system.WindowTransitionCompat.wrapRemoteTransition(WindowTransitionCompat.java:745)
03-02 12:01:31.922  1999  1999 D ReflectUtils: 	at com.miui.home.recents.anim.WindowElement.injectRemoteTransition(WindowElement.kt:687)
03-02 12:01:31.922  1999  1999 D ReflectUtils: 	at com.miui.home.recents.anim.StateManager$CommonState.handleEvent(StateManager.kt:1291)
03-02 12:01:31.922  1999  1999 D ReflectUtils: 	at com.miui.home.recents.anim.StateManager.handleEventActually(StateManager.kt:112)
03-02 12:01:31.922  1999  1999 D ReflectUtils: 	at com.miui.home.recents.anim.StateManager.sendEventActually$lambda-0(StateManager.kt:99)
03-02 12:01:31.922  1999  1999 D ReflectUtils: 	at com.miui.home.recents.anim.StateManager.$r8$lambda$C-kZp_X93nanDwYsUFIjH_GwEtM(Unknown Source:0)
03-02 12:01:31.922  1999  1999 D ReflectUtils: 	at com.miui.home.recents.anim.StateManager$$ExternalSyntheticLambda3.run(Unknown Source:4)
03-02 12:01:31.922  1999  1999 D ReflectUtils: 	at android.os.Handler.handleCallback(Handler.java:959)
03-02 12:01:31.922  1999  1999 D ReflectUtils: 	at android.os.Handler.dispatchMessage(Handler.java:100)
03-02 12:01:31.922  1999  1999 D ReflectUtils: 	at android.os.Looper.loopOnce(Looper.java:249)
03-02 12:01:31.922  1999  1999 D ReflectUtils: 	at android.os.Looper.loop(Looper.java:337)
03-02 12:01:31.922  1999  1999 D ReflectUtils: 	at android.app.ActivityThread.main(ActivityThread.java:9500)
03-02 12:01:31.922  1999  1999 D ReflectUtils: 	at java.lang.reflect.Method.invoke(Native Method)
03-02 12:01:31.922  1999  1999 D ReflectUtils: 	at com.android.internal.os.RuntimeInit$MethodAndArgsCaller.run(RuntimeInit.java:636)
03-02 12:01:31.922  1999  1999 D ReflectUtils: 	at com.android.internal.os.ZygoteInit.main(ZygoteInit.java:1005)
03-02 12:01:31.922  1999  1999 W TransitionInfoExpose.ChangeExpose: getAllowEnterPip: return null from reflection, use default value false
03-02 12:01:31.922  1999  1999 I TransitionUtil: rootLeash = Surface(name=Transition Root #10191: Task=1#134739)/@0xb9e88f3
03-02 12:01:31.924   921  1170 I BufferQueueDebug: [TL_Surface(name=WallpaperWindowToken{d3319dd token=android.os.Binder@113b9b4}#64)/@0xb55bf62_transition-leash#134744](this:0xb400007bcecc2508,id:-1,api:0,p:-1,c:-1) BufferQueue core=(921:/system/bin/surfaceflinger)
03-02 12:01:31.924  1621  2200 W ActivityManagerServiceImpl: Sending non-protected broadcast android.intent.action.APPLICATION_MESSAGE_UPDATE from system 2363:com.android.systemui/1000 pkg com.android.systemui. Callers=
03-02 12:01:31.926  1999  2684 E ActivityManagerWrapper: getRecentTasksForceIncludingTaskIdIfValid: getRecentTasks: size=3
03-02 12:01:31.926  1999  2684 E ActivityManagerWrapper:  mainTaskId=37050   userId=0   windowMode=1   baseIntent=Intent { act=null flag=268435456 cmp=ComponentInfo{com.softnation.Ojam/com.softnation.Ojam.MainActivity} }
03-02 12:01:31.926  1999  2684 E ActivityManagerWrapper:  mainTaskId=37019   userId=0   windowMode=1   baseIntent=Intent { act=null flag=268435456 cmp=ComponentInfo{com.whatsapp/com.whatsapp.home.ui.HomeActivity} }
03-02 12:01:31.926  1999  2684 E ActivityManagerWrapper:  mainTaskId=36980   userId=0   windowMode=1   baseIntent=Intent { act=android.intent.action.MAIN flag=270532608 cmp=ComponentInfo{com.twitter.android/com.twitter.android.StartActivity} }
03-02 12:01:31.928  1999  1999 I TransitionUtil: setupLeash isAppOpening = false
03-02 12:01:31.929  1999  1999 I TransitionUtil: setLayer leash2 = Surface(name=TL_Surface(name=WallpaperWindowToken{d3319dd token=android.os.Binder@113b9b4}#64)/@0xb55bf62_transition-leash#134744)/@0xdcbdd36, layer = -3
03-02 12:01:31.931   921   921 I BufferQueueProducer: [NavigationBar0#101619](this:0xb400007bced454e8,id:-1,api:0,p:-1,c:921) queueBuffer: fps=1.13 dur=24731.36 max=24281.93 min=16.34
03-02 12:01:31.931  1999  1999 D ReflectUtils: callObjectMethod
03-02 12:01:31.931  1999  1999 D ReflectUtils: java.lang.NoSuchMethodException: android.window.TransitionInfo$Change.getAllowEnterPip []
03-02 12:01:31.931  1999  1999 D ReflectUtils: 	at java.lang.Class.getMethod(Class.java:2934)
03-02 12:01:31.931  1999  1999 D ReflectUtils: 	at java.lang.Class.getDeclaredMethod(Class.java:2913)
03-02 12:01:31.931  1999  1999 D ReflectUtils: 	at com.miui.launcher.utils.ReflectUtils.callObjectMethod(ReflectUtils.java:35)
03-02 12:01:31.931  1999  1999 D ReflectUtils: 	at com.android.hideapi.TransitionInfoExpose$ChangeExpose.getAllowEnterPip(TransitionInfoExpose.java:119)
03-02 12:01:31.931  1999  1999 D ReflectUtils: 	at com.android.wm.shell.util.TransitionUtil.newTarget(TransitionUtil.java:556)
03-02 12:01:31.931  1999  1999 D ReflectUtils: 	at com.android.wm.shell.util.TransitionUtil.newTarget(TransitionUtil.java:493)
03-02 12:01:31.931  1999  1999 D ReflectUtils: 	at com.android.wm.shell.util.TransitionUtil.newTarget(TransitionUtil.java:484)
03-02 12:01:31.931  1999  1999 D ReflectUtils: 	at com.android.systemui.shared.recents.system.RemoteAnimationTargetCompat.wrap(RemoteAnimationTargetCompat.java:212)
03-02 12:01:31.931  1999  1999 D ReflectUtils: 	at com.android.systemui.shared.recents.system.RemoteAnimationTargetCompat.wrapNonAppsForCompat(RemoteAnimationTargetCompat.java:252)
03-02 12:01:31.931  1999  1999 D ReflectUtils: 	at com.android.systemui.shared.recents.system.WindowTransitionCompat$2.lambda$startAnimation$0(WindowTransitionCompat.java:122)
03-02 12:01:31.931  1999  1999 D ReflectUtils: 	at com.android.systemui.shared.recents.system.WindowTransitionCompat$2.$r8$lambda$hcqKCUwnRuMqtvMJ6DPLae5xnFA(Unknown Source:0)
03-02 12:01:31.931  1999  1999 D ReflectUtils: 	at com.android.systemui.shared.recents.system.WindowTransitionCompat$2$$ExternalSyntheticLambda0.run(Unknown Source:10)
03-02 12:01:31.931  1999  1999 D ReflectUtils: 	at com.miui.home.library.utils.LooperExecutor.execute(LooperExecutor.java:43)
03-02 12:01:31.931  1999  1999 D ReflectUtils: 	at com.android.systemui.shared.recents.system.WindowTransitionCompat$2.startAnimation(WindowTransitionCompat.java:267)
03-02 12:01:31.931  1999  1999 D ReflectUtils: 	at com.android.systemui.shared.recents.system.WindowTransitionCompat.wrapRemoteTransition(WindowTransitionCompat.java:745)
03-02 12:01:31.931  1999  1999 D ReflectUtils: 	at com.miui.home.recents.anim.WindowElement.injectRemoteTransition(WindowElement.kt:687)
03-02 12:01:31.931  1999  1999 D ReflectUtils: 	at com.miui.home.recents.anim.StateManager$CommonState.handleEvent(StateManager.kt:1291)
03-02 12:01:31.931  1999  1999 D ReflectUtils: 	at com.miui.home.recents.anim.StateManager.handleEventActually(StateManager.kt:112)
03-02 12:01:31.931  1999  1999 D ReflectUtils: 	at com.miui.home.recents.anim.StateManager.sendEventActually$lambda-0(StateManager.kt:99)
03-02 12:01:31.931  1999  1999 D ReflectUtils: 	at com.miui.home.recents.anim.StateManager.$r8$lambda$C-kZp_X93nanDwYsUFIjH_GwEtM(Unknown Source:0)
03-02 12:01:31.931  1999  1999 D ReflectUtils: 	at com.miui.home.recents.anim.StateManager$$ExternalSyntheticLambda3.run(Unknown Source:4)
03-02 12:01:31.931  1999  1999 D ReflectUtils: 	at android.os.Handler.handleCallback(Handler.java:959)
03-02 12:01:31.931  1999  1999 D ReflectUtils: 	at android.os.Handler.dispatchMessage(Handler.java:100)
03-02 12:01:31.931  1999  1999 D ReflectUtils: 	at android.os.Looper.loopOnce(Looper.java:249)
03-02 12:01:31.931  1999  1999 D ReflectUtils: 	at android.os.Looper.loop(Looper.java:337)
03-02 12:01:31.931  1999  1999 D ReflectUtils: 	at android.app.ActivityThread.main(ActivityThread.java:9500)
03-02 12:01:31.931  1999  1999 D ReflectUtils: 	at java.lang.reflect.Method.invoke(Native Method)
03-02 12:01:31.931  1999  1999 D ReflectUtils: 	at com.android.internal.os.RuntimeInit$MethodAndArgsCaller.run(RuntimeInit.java:636)
03-02 12:01:31.931  1999  1999 D ReflectUtils: 	at com.android.internal.os.ZygoteInit.main(ZygoteInit.java:1005)
03-02 12:01:31.931  1999  1999 W TransitionInfoExpose.ChangeExpose: getAllowEnterPip: return null from reflection, use default value false
03-02 12:01:31.931  1621  2665 I SmartPower: com.google.android.apps.photos/10204(17861): died->background(580684ms) R(process start ) adj=-10000.
03-02 12:01:31.932  1999  1999 D TAG     : obtainElement: false
03-02 12:01:31.932  1999  1999 D TAG     : java.lang.RuntimeException
03-02 12:01:31.932  1999  1999 D TAG     : 	at com.android.systemui.shared.recents.system.RemoteAnimationTargetCompat.obtainElement(RemoteAnimationTargetCompat.java:116)
03-02 12:01:31.932  1999  1999 D TAG     : 	at com.android.systemui.shared.recents.system.RemoteAnimationTargetCompat.<init>(RemoteAnimationTargetCompat.java:94)
03-02 12:01:31.932  1999  1999 D TAG     : 	at com.android.systemui.shared.recents.system.RemoteAnimationTargetCompat.wrap(RemoteAnimationTargetCompat.java:188)
03-02 12:01:31.932  1999  1999 D TAG     : 	at com.android.systemui.shared.recents.system.RemoteAnimationTargetCompat.wrapNonAppsForCompat(RemoteAnimationTargetCompat.java:254)
03-02 12:01:31.932  1999  1999 D TAG     : 	at com.android.systemui.shared.recents.system.WindowTransitionCompat$2.lambda$startAnimation$0(WindowTransitionCompat.java:122)
03-02 12:01:31.932  1999  1999 D TAG     : 	at com.android.systemui.shared.recents.system.WindowTransitionCompat$2.$r8$lambda$hcqKCUwnRuMqtvMJ6DPLae5xnFA(Unknown Source:0)
03-02 12:01:31.932  1999  1999 D TAG     : 	at com.android.systemui.shared.recents.system.WindowTransitionCompat$2$$ExternalSyntheticLambda0.run(Unknown Source:10)
03-02 12:01:31.932  1999  1999 D TAG     : 	at com.miui.home.library.utils.LooperExecutor.execute(LooperExecutor.java:43)
03-02 12:01:31.932  1999  1999 D TAG     : 	at com.android.systemui.shared.recents.system.WindowTransitionCompat$2.startAnimation(WindowTransitionCompat.java:267)
03-02 12:01:31.932  1999  1999 D TAG     : 	at com.android.systemui.shared.recents.system.WindowTransitionCompat.wrapRemoteTransition(WindowTransitionCompat.java:745)
03-02 12:01:31.932  1999  1999 D TAG     : 	at com.miui.home.recents.anim.WindowElement.injectRemoteTransition(WindowElement.kt:687)
03-02 12:01:31.932  1999  1999 D TAG     : 	at com.miui.home.recents.anim.StateManager$CommonState.handleEvent(StateManager.kt:1291)
03-02 12:01:31.932  1999  1999 D TAG     : 	at com.miui.home.recents.anim.StateManager.handleEventActually(StateManager.kt:112)
03-02 12:01:31.932  1999  1999 D TAG     : 	at com.miui.home.recents.anim.StateManager.sendEventActually$lambda-0(StateManager.kt:99)
03-02 12:01:31.932  1999  1999 D TAG     : 	at com.miui.home.recents.anim.StateManager.$r8$lambda$C-kZp_X93nanDwYsUFIjH_GwEtM(Unknown Source:0)
03-02 12:01:31.932  1999  1999 D TAG     : 	at com.miui.home.recents.anim.StateManager$$ExternalSyntheticLambda3.run(Unknown Source:4)
03-02 12:01:31.932  1999  1999 D TAG     : 	at android.os.Handler.handleCallback(Handler.java:959)
03-02 12:01:31.932  1999  1999 D TAG     : 	at android.os.Handler.dispatchMessage(Handler.java:100)
03-02 12:01:31.932  1999  1999 D TAG     : 	at android.os.Looper.loopOnce(Looper.java:249)
03-02 12:01:31.932  1999  1999 D TAG     : 	at android.os.Looper.loop(Looper.java:337)
03-02 12:01:31.932  1999  1999 D TAG     : 	at android.app.ActivityThread.main(ActivityThread.java:9500)
03-02 12:01:31.932  1999  1999 D TAG     : 	at java.lang.reflect.Method.invoke(Native Method)
03-02 12:01:31.932  1999  1999 D TAG     : 	at com.android.internal.os.RuntimeInit$MethodAndArgsCaller.run(RuntimeInit.java:636)
03-02 12:01:31.932  1999  1999 D TAG     : 	at com.android.internal.os.ZygoteInit.main(ZygoteInit.java:1005)
03-02 12:01:31.933  1999  1999 D TAG     : obtainElement: 0.0
03-02 12:01:31.933  1999  1999 D TAG     : java.lang.RuntimeException
03-02 12:01:31.933  1999  1999 D TAG     : 	at com.android.systemui.shared.recents.system.RemoteAnimationTargetCompat.obtainCornerRadius(RemoteAnimationTargetCompat.java:104)
03-02 12:01:31.933  1999  1999 D TAG     : 	at com.android.systemui.shared.recents.system.RemoteAnimationTargetCompat.<init>(RemoteAnimationTargetCompat.java:95)
03-02 12:01:31.933  1999  1999 D TAG     : 	at com.android.systemui.shared.recents.system.RemoteAnimationTargetCompat.wrap(RemoteAnimationTargetCompat.java:188)
03-02 12:01:31.933  1999  1999 D TAG     : 	at com.android.systemui.shared.recents.system.RemoteAnimationTargetCompat.wrapNonAppsForCompat(RemoteAnimationTargetCompat.java:254)
03-02 12:01:31.933  1999  1999 D TAG     : 	at com.android.systemui.shared.recents.system.WindowTransitionCompat$2.lambda$startAnimation$0(WindowTransitionCompat.java:122)
03-02 12:01:31.933  1999  1999 D TAG     : 	at com.android.systemui.shared.recents.system.WindowTransitionCompat$2.$r8$lambda$hcqKCUwnRuMqtvMJ6DPLae5xnFA(Unknown Source:0)
03-02 12:01:31.933  1999  1999 D TAG     : 	at com.android.systemui.shared.recents.system.WindowTransitionCompat$2$$ExternalSyntheticLambda0.run(Unknown Source:10)
03-02 12:01:31.933  1999  1999 D TAG     : 	at com.miui.home.library.utils.LooperExecutor.execute(LooperExecutor.java:43)
03-02 12:01:31.933  1999  1999 D TAG     : 	at com.android.systemui.shared.recents.system.WindowTransitionCompat$2.startAnimation(WindowTransitionCompat.java:267)
03-02 12:01:31.933  1999  1999 D TAG     : 	at com.android.systemui.shared.recents.system.WindowTransitionCompat.wrapRemoteTransition(WindowTransitionCompat.java:745)
03-02 12:01:31.933  1999  1999 D TAG     : 	at com.miui.home.recents.anim.WindowElement.injectRemoteTransition(WindowElement.kt:687)
03-02 12:01:31.933  1999  1999 D TAG     : 	at com.miui.home.recents.anim.StateManager$CommonState.handleEvent(StateManager.kt:1291)
03-02 12:01:31.933  1999  1999 D TAG     : 	at com.miui.home.recents.anim.StateManager.handleEventActually(StateManager.kt:112)
03-02 12:01:31.933  1999  1999 D TAG     : 	at com.miui.home.recents.anim.StateManager.sendEventActually$lambda-0(StateManager.kt:99)
03-02 12:01:31.933  1999  1999 D TAG     : 	at com.miui.home.recents.anim.StateManager.$r8$lambda$C-kZp_X93nanDwYsUFIjH_GwEtM(Unknown Source:0)
03-02 12:01:31.933  1999  1999 D TAG     : 	at com.miui.home.recents.anim.StateManager$$ExternalSyntheticLambda3.run(Unknown Source:4)
03-02 12:01:31.933  1999  1999 D TAG     : 	at android.os.Handler.handleCallback(Handler.java:959)
03-02 12:01:31.933  1999  1999 D TAG     : 	at android.os.Handler.dispatchMessage(Handler.java:100)
03-02 12:01:31.933  1999  1999 D TAG     : 	at android.os.Looper.loopOnce(Looper.java:249)
03-02 12:01:31.933  1999  1999 D TAG     : 	at android.os.Looper.loop(Looper.java:337)
03-02 12:01:31.933  1999  1999 D TAG     : 	at android.app.ActivityThread.main(ActivityThread.java:9500)
03-02 12:01:31.933  1999  1999 D TAG     : 	at java.lang.reflect.Method.invoke(Native Method)
03-02 12:01:31.933  1999  1999 D TAG     : 	at com.android.internal.os.RuntimeInit$MethodAndArgsCaller.run(RuntimeInit.java:636)
03-02 12:01:31.933  1999  1999 D TAG     : 	at com.android.internal.os.ZygoteInit.main(ZygoteInit.java:1005)
03-02 12:01:31.934  1999  1999 D TAG     : obtainElement: false
03-02 12:01:31.934  1999  1999 D TAG     : java.lang.RuntimeException
03-02 12:01:31.934  1999  1999 D TAG     : 	at com.android.systemui.shared.recents.system.RemoteAnimationTargetCompat.obtainElement(RemoteAnimationTargetCompat.java:116)
03-02 12:01:31.934  1999  1999 D TAG     : 	at com.android.systemui.shared.recents.system.RemoteAnimationTargetCompat.<init>(RemoteAnimationTargetCompat.java:94)
03-02 12:01:31.934  1999  1999 D TAG     : 	at com.android.systemui.shared.recents.system.RemoteAnimationTargetCompat.wrap(RemoteAnimationTargetCompat.java:188)
03-02 12:01:31.934  1999  1999 D TAG     : 	at com.android.systemui.shared.recents.system.RemoteAnimationTargetCompat.wrapNonAppsForCompat(RemoteAnimationTargetCompat.java:254)
03-02 12:01:31.934  1999  1999 D TAG     : 	at com.android.systemui.shared.recents.system.WindowTransitionCompat$2.lambda$startAnimation$0(WindowTransitionCompat.java:122)
03-02 12:01:31.934  1999  1999 D TAG     : 	at com.android.systemui.shared.recents.system.WindowTransitionCompat$2.$r8$lambda$hcqKCUwnRuMqtvMJ6DPLae5xnFA(Unknown Source:0)
03-02 12:01:31.934  1999  1999 D TAG     : 	at com.android.systemui.shared.recents.system.WindowTransitionCompat$2$$ExternalSyntheticLambda0.run(Unknown Source:10)
03-02 12:01:31.934  1999  1999 D TAG     : 	at com.miui.home.library.utils.LooperExecutor.execute(LooperExecutor.java:43)
03-02 12:01:31.934  1999  1999 D TAG     : 	at com.android.systemui.shared.recents.system.WindowTransitionCompat$2.startAnimation(WindowTransitionCompat.java:267)
03-02 12:01:31.934  1999  1999 D TAG     : 	at com.android.systemui.shared.recents.system.WindowTransitionCompat.wrapRemoteTransition(WindowTransitionCompat.java:745)
03-02 12:01:31.934  1999  1999 D TAG     : 	at com.miui.home.recents.anim.WindowElement.injectRemoteTransition(WindowElement.kt:687)
03-02 12:01:31.934  1999  1999 D TAG     : 	at com.miui.home.recents.anim.StateManager$CommonState.handleEvent(StateManager.kt:1291)
03-02 12:01:31.934  1999  1999 D TAG     : 	at com.miui.home.recents.anim.StateManager.handleEventActually(StateManager.kt:112)
03-02 12:01:31.934  1999  1999 D TAG     : 	at com.miui.home.recents.anim.StateManager.sendEventActually$lambda-0(StateManager.kt:99)
03-02 12:01:31.934  1999  1999 D TAG     : 	at com.miui.home.recents.anim.StateManager.$r8$lambda$C-kZp_X93nanDwYsUFIjH_GwEtM(Unknown Source:0)
03-02 12:01:31.934  1999  1999 D TAG     : 	at com.miui.home.recents.anim.StateManager$$ExternalSyntheticLambda3.run(Unknown Source:4)
03-02 12:01:31.934  1999  1999 D TAG     : 	at android.os.Handler.handleCallback(Handler.java:959)
03-02 12:01:31.934  1999  1999 D TAG     : 	at android.os.Handler.dispatchMessage(Handler.java:100)
03-02 12:01:31.934  1999  1999 D TAG     : 	at android.os.Looper.loopOnce(Looper.java:249)
03-02 12:01:31.934  1999  1999 D TAG     : 	at android.os.Looper.loop(Looper.java:337)
03-02 12:01:31.934  1999  1999 D TAG     : 	at android.app.ActivityThread.main(ActivityThread.java:9500)
03-02 12:01:31.934  1999  1999 D TAG     : 	at java.lang.reflect.Method.invoke(Native Method)
03-02 12:01:31.934  1999  1999 D TAG     : 	at com.android.internal.os.RuntimeInit$MethodAndArgsCaller.run(RuntimeInit.java:636)
03-02 12:01:31.934  1999  1999 D TAG     : 	at com.android.internal.os.ZygoteInit.main(ZygoteInit.java:1005)
03-02 12:01:31.934   849   849 I hwcomposer: [HWCDisplay] (0 updateFps():3667), (type:1, mode:2) fps:13.767360,dur:1016.90,max:355.97,min:13.67  
03-02 12:01:31.934  1999  1999 D TAG     : obtainElement: 0.0
03-02 12:01:31.934  1999  1999 D TAG     : java.lang.RuntimeException
03-02 12:01:31.934  1999  1999 D TAG     : 	at com.android.systemui.shared.recents.system.RemoteAnimationTargetCompat.obtainCornerRadius(RemoteAnimationTargetCompat.java:104)
03-02 12:01:31.934  1999  1999 D TAG     : 	at com.android.systemui.shared.recents.system.RemoteAnimationTargetCompat.<init>(RemoteAnimationTargetCompat.java:95)
03-02 12:01:31.934  1999  1999 D TAG     : 	at com.android.systemui.shared.recents.system.RemoteAnimationTargetCompat.wrap(RemoteAnimationTargetCompat.java:188)
03-02 12:01:31.934  1999  1999 D TAG     : 	at com.android.systemui.shared.recents.system.RemoteAnimationTargetCompat.wrapNonAppsForCompat(RemoteAnimationTargetCompat.java:254)
03-02 12:01:31.934  1999  1999 D TAG     : 	at com.android.systemui.shared.recents.system.WindowTransitionCompat$2.lambda$startAnimation$0(WindowTransitionCompat.java:122)
03-02 12:01:31.934  1999  1999 D TAG     : 	at com.android.systemui.shared.recents.system.WindowTransitionCompat$2.$r8$lambda$hcqKCUwnRuMqtvMJ6DPLae5xnFA(Unknown Source:0)
03-02 12:01:31.934  1999  1999 D TAG     : 	at com.android.systemui.shared.recents.system.WindowTransitionCompat$2$$ExternalSyntheticLambda0.run(Unknown Source:10)
03-02 12:01:31.934  1999  1999 D TAG     : 	at com.miui.home.library.utils.LooperExecutor.execute(LooperExecutor.java:43)
03-02 12:01:31.934  1999  1999 D TAG     : 	at com.android.systemui.shared.recents.system.WindowTransitionCompat$2.startAnimation(WindowTransitionCompat.java:267)
03-02 12:01:31.934  1999  1999 D TAG     : 	at com.android.systemui.shared.recents.system.WindowTransitionCompat.wrapRemoteTransition(WindowTransitionCompat.java:745)
03-02 12:01:31.934  1999  1999 D TAG     : 	at com.miui.home.recents.anim.WindowElement.injectRemoteTransition(WindowElement.kt:687)
03-02 12:01:31.934  1999  1999 D TAG     : 	at com.miui.home.recents.anim.StateManager$CommonState.handleEvent(StateManager.kt:1291)
03-02 12:01:31.934  1999  1999 D TAG     : 	at com.miui.home.recents.anim.StateManager.handleEventActually(StateManager.kt:112)
03-02 12:01:31.934  1999  1999 D TAG     : 	at com.miui.home.recents.anim.StateManager.sendEventActually$lambda-0(StateManager.kt:99)
03-02 12:01:31.934  1999  1999 D TAG     : 	at com.miui.home.recents.anim.StateManager.$r8$lambda$C-kZp_X93nanDwYsUFIjH_GwEtM(Unknown Source:0)
03-02 12:01:31.934  1999  1999 D TAG     : 	at com.miui.home.recents.anim.StateManager$$ExternalSyntheticLambda3.run(Unknown Source:4)
03-02 12:01:31.934  1999  1999 D TAG     : 	at android.os.Handler.handleCallback(Handler.java:959)
03-02 12:01:31.934  1999  1999 D TAG     : 	at android.os.Handler.dispatchMessage(Handler.java:100)
03-02 12:01:31.934  1999  1999 D TAG     : 	at android.os.Looper.loopOnce(Looper.java:249)
03-02 12:01:31.934  1999  1999 D TAG     : 	at android.os.Looper.loop(Looper.java:337)
03-02 12:01:31.934  1999  1999 D TAG     : 	at android.app.ActivityThread.main(ActivityThread.java:9500)
03-02 12:01:31.934  1999  1999 D TAG     : 	at java.lang.reflect.Method.invoke(Native Method)
03-02 12:01:31.934  1999  1999 D TAG     : 	at com.android.internal.os.RuntimeInit$MethodAndArgsCaller.run(RuntimeInit.java:636)
03-02 12:01:31.934  1999  1999 D TAG     : 	at com.android.internal.os.ZygoteInit.main(ZygoteInit.java:1005)
03-02 12:01:31.935  8942  8942 D BoundBrokerSvc: onBind: Intent { act=com.google.android.gms.inappreach.service.START dat=chimera-action:/... cmp=com.google.android.gms/.chimera.GmsApiService }
03-02 12:01:31.935  8942  8942 D BoundBrokerSvc: Loading bound service for intent: Intent { act=com.google.android.gms.inappreach.service.START dat=chimera-action:/... cmp=com.google.android.gms/.chimera.GmsApiService }
03-02 12:01:31.939   921  1166 E LayerState: Stripped attempt to set eInputInfoChanged in sanitize
03-02 12:01:31.943  1999  2684 D TaskSnapshotCompatVV: getIsInvalidateFromTaskSnapshot, isInvalidate=false
03-02 12:01:31.945  1621  1842 I MiuiNetworkPolicy: updateUidState uid = 10204, uidState = 19
03-02 12:01:31.950  1621  1842 I MiuiNetworkPolicy: updateUidState uid = 10308, uidState = 19
03-02 12:01:31.951   835   835 D Zygote  : Forked child process 17880
03-02 12:01:31.954  1999  1999 I WindowTransitionCompat: onAnimationStart appsCompat size = 2, isWallpaperTransition=true, isReturnToHome=true
03-02 12:01:31.956 17861 17879 D MiuiDownscaleImpl: set override inverted scale : 1.0
03-02 12:01:31.958 17861 17861 I JavaheapMonitor: Disabled. Process name: <pre-initialized>
03-02 12:01:31.959  1999  1999 I WindowElement: f2c89b0 onClosingWindowTransitionStart
03-02 12:01:31.959 17861 17861 D MiuiMonitorThread: Shared singleton Thread for stability monitor start
03-02 12:01:31.960  1999  1999 I WindowElement: f2c89b0 getClosingWindowAnimParams closingTarget=RemoteAnimationTargetCompat{taskId=37050, mode=1, isTranslucent=false, clipRect=Rect(0, 0 - 0, 0), position=Point(0, 0), sourceContainerBounds=Rect(0, 0 - 1080, 2460), prefixOrderIndex=3, isNotInRecents=true, contentInsets=Rect(0, 0 - 0, 0), activityType=1, packageName=, startBounds=Rect(0, 0 - 1080, 2460), windowType=-1}, closingTargets.homeTarget=RemoteAnimationTargetCompat{taskId=1, mode=0, isTranslucent=false, clipRect=Rect(0, 0 - 0, 0), position=Point(0, 0), sourceContainerBounds=Rect(0, 0 - 1080, 2460), prefixOrderIndex=4, isNotInRecents=false, contentInsets=Rect(0, 0 - 0, 0), activityType=2, packageName=, startBounds=Rect(0, 0 - 1080, 2460), windowType=-1}
03-02 12:01:31.960  1999  1999 D BoostRtHelper: boostGesture priority
03-02 12:01:31.961  1999  1999 D Launcher.Boost: setTurboSchedActionWithPriority::threadIds = [1999, 2551, 2652]
03-02 12:01:31.961  1999  1999 D WindowAnimParamsProvider: getClosingAnimParams, sosc.isHalfSplitMode=false, sosc.isMinimized=false, sosc.preIsMinimized=false
03-02 12:01:31.961  1999  1999 D LauncherStateManager: exitOverviewStateIfNeed, mState=NormalState, mLastStateExcludeOverride=NormalState, animated=false
03-02 12:01:31.962  1621  1908 D PerfMTKStubImpl: perfLockAcquire
03-02 12:01:31.962  1999  1999 I WindowAnimParamsProvider: getClosingWindowAnimParams closingTarget=RemoteAnimationTargetCompat{taskId=37050, mode=1, isTranslucent=false, clipRect=Rect(0, 0 - 0, 0), position=Point(0, 0), sourceContainerBounds=Rect(0, 0 - 1080, 2460), prefixOrderIndex=3, isNotInRecents=true, contentInsets=Rect(0, 0 - 0, 0), activityType=1, packageName=, startBounds=Rect(0, 0 - 1080, 2460), windowType=-1}, closingTargets.homeTarget=RemoteAnimationTargetCompat{taskId=1, mode=0, isTranslucent=false, clipRect=Rect(0, 0 - 0, 0), position=Point(0, 0), sourceContainerBounds=Rect(0, 0 - 1080, 2460), prefixOrderIndex=4, isNotInRecents=false, contentInsets=Rect(0, 0 - 0, 0), activityType=2, packageName=, startBounds=Rect(0, 0 - 1080, 2460), windowType=-1}, closingTargets.secondTarget=null
03-02 12:01:31.962  1999  1999 D AnimatorDurationScaleHelper: isCloseAnimator=false
03-02 12:01:31.962  1621  1908 I mtkpower_client: perf_lock_acq, hdl:369798, dur:1000, num:8, pid:1621, tid:1908
03-02 12:01:31.962   894  1349 D StreamHalAidl: setParameters: parameters: "MixerThreadSleep="
03-02 12:01:31.962   894  1349 D StreamHalAidl: setParameters: parameters: MixerThreadSleep=
03-02 12:01:31.962  1999  1999 E WindowAnimParamsProvider: getWindowTargetBounds    bounds=Rect(0, 0 - 1080, 2460)
03-02 12:01:31.962  1999  1999 I WindowAnimParamsProvider: getClosingWindowAnimParams isIgnoreAnimTarget=false, isStartLockScreen=false, hasMultiTask=false, isSingleSideBack=false, currentRotation=0, isElementParam=false, isShowingUserPresentAnimation=false
03-02 12:01:31.962  1999  1999 D WindowAnimParamsProvider: isIconLayoutFromSoscChange: isIconLayout = false
03-02 12:01:31.962  1999  1999 I WindowAnimParamsProvider: getClosingWindowAnimParams target =RemoteAnimationTargetCompat{taskId=37050, mode=1, isTranslucent=false, clipRect=Rect(0, 0 - 0, 0), position=Point(0, 0), sourceContainerBounds=Rect(0, 0 - 1080, 2460), prefixOrderIndex=3, isNotInRecents=true, contentInsets=Rect(0, 0 - 0, 0), activityType=1, packageName=, startBounds=Rect(0, 0 - 1080, 2460), windowType=-1}
03-02 12:01:31.962  1999  1999 D RecentsModel: getSmartRecentsTaskLoadPlan runningTaskId 37050
03-02 12:01:31.962  1999  1999 D RecentsModel: getSmartRecentsTaskLoadPlan, loadPlan=com.android.systemui.shared.recents.model.RecentsTaskLoadPlan@6801255
03-02 12:01:31.962  1999  1999 D RecentsTaskLoadPlan: updatePlan, isAcquireLockSuccess=true
03-02 12:01:31.963   894  1349 D MtkAudioResamplerDyn: MtkAudioResamplerDyn InBuffer::reset!!
03-02 12:01:31.964  1621  1908 I mtkpower_client: ret_hdl:369802
03-02 12:01:31.964  1621  1908 D SchedBoost: startBoostInternal 1000
03-02 12:01:31.964   863   958 I libPowerHal: [perfLockAcq] idx:2 hdl:369802 hint:-1 pid:1621 tid:1908 duration:1000 lock_user:system_server => ret_hdl:369802
03-02 12:01:31.964   863   958 I libPowerHal: [setGPUFreq] system_server user set gpu freq min:0, max:-1
03-02 12:01:31.964   863   958 I libPowerHal: system_server: set gpu opp level max: 0
03-02 12:01:31.964   863   958 I libPowerHal: [setGPUFreq] Soft min/max = (0, 0); Hard min/max = (31, 0)
03-02 12:01:31.964   863   958 I libPowerHal: [setGPUFreq] final min/max = (0, 0)
03-02 12:01:31.964   863   958 I libPowerHal: system_server: set gpu opp level: 0
03-02 12:01:31.965   863   958 I libPowerHal: system_server: set gpu opp level max: 0
03-02 12:01:31.965   863   958 I libPowerHal: [perfLockAcq] Done for hdl : 369802
03-02 12:01:31.967  1999  1999 D RecentsModel: getSmartRecentsTaskLoadPlan isUpdateSuccess true
03-02 12:01:31.967  1999  1999 D RecentsModel: getSmartRecentsTaskLoadPlan cost 5
03-02 12:01:31.967  1999  1999 I WindowAnimParamsProvider: getClosingWindowAnimParams getClosingShortcutIcon target= RemoteAnimationTargetCompat{taskId=37050, mode=1, isTranslucent=false, clipRect=Rect(0, 0 - 0, 0), position=Point(0, 0), sourceContainerBounds=Rect(0, 0 - 1080, 2460), prefixOrderIndex=3, isNotInRecents=true, contentInsets=Rect(0, 0 - 0, 0), activityType=1, packageName=, startBounds=Rect(0, 0 - 1080, 2460), windowType=-1}
03-02 12:01:31.968  1999  1999 I WindowAnimParamsProvider: getClosingWindowAnimParams getClosingShortcutIcon data invalid return null 
03-02 12:01:31.968  1999  1999 I WindowAnimParamsProvider: getClosingWindowAnimParams secondTarget=null, launchAppAndBackHomeAnimTarget=null
03-02 12:01:31.968  1999  1999 D Launcher.DeviceConfig: getClosingAppDefaultDisappearRect, Rotation=0
03-02 12:01:31.968  1999  1999 E ClipAnimationHelper: updateSourceStack  mSourceInsets=Rect(0, 0 - 0, 0), mSourceStackBounds=Rect(0, 0 - 1080, 2460)
03-02 12:01:31.968  1999  1999 D ClipAnimationHelper: updateSourceStackBounds, mSourceStackBounds=Rect(0, 0 - 1080, 2460)
03-02 12:01:31.968  1999  1999 E ClipAnimationHelper: updateHomeStack  mSourceInsets=Rect(0, 0 - 0, 0), mHomeStackBounds=Rect(0, 0 - 1080, 2460)
03-02 12:01:31.968  1999 17839 E StateNotifyUtils: sendFsStateBroadCast state=closeWindow   channel=navigation_bar   packageName=
03-02 12:01:31.968  1999  1999 E ClipAnimationHelper: updateTargetRect  mSourceRect=RectF(0.0, 0.0, 1080.0, 2460.0)   mTargetRect=RectF(0.0, 0.0, 1080.0, 2460.0)   mSourceWindowClipInsets=RectF(0.0, 0.0, 0.0, 0.0)   mHomeStackBounds=Rect(0, 0 - 1080, 2460)   targetRect=Rect(0, 0 - 1080, 2460)
03-02 12:01:31.968  1999  1999 I WindowAnimParamsProvider: startClosingWindowAnimators:startRect=RectF(0.0, 0.0, 1080.0, 2460.0), targetRect=Rect(504, 784 - 576, 856), startRadius=110.0, endRadius=20.0, animType==CLOSE_TO_HOME_CENTER, isMultiProcessMinusScreenShowing=false, currentRotation=0, homeRotation=0, isUseSimpleAnim=true, isSingleSideBack= false, withoutShortcutAnim= false
03-02 12:01:31.969  1999  1999 D HomeLayerElement: bindHomeLeash com.android.systemui.shared.recents.system.SurfaceControlCompat@a2e6128
03-02 12:01:31.969  1999  1999 D HomeLayerElement: java.lang.Exception
03-02 12:01:31.969  1999  1999 D HomeLayerElement: 	at com.miui.home.recents.anim.HomeLayerElement.bindHomeLeash(HomeLayerElement.kt:85)
03-02 12:01:31.969  1999  1999 D HomeLayerElement: 	at com.miui.home.recents.anim.WindowElement.onClosingWindowTransitionExecute$lambda-9(WindowElement.kt:416)
03-02 12:01:31.969  1999  1999 D HomeLayerElement: 	at com.miui.home.recents.anim.WindowElement.$r8$lambda$4vBY0vyx5GyPPzPO6CeZtw3aGOs(Unknown Source:0)
03-02 12:01:31.969  1999  1999 D HomeLayerElement: 	at com.miui.home.recents.anim.WindowElement$$ExternalSyntheticLambda11.run(Unknown Source:8)
03-02 12:01:31.969  1999  1999 D HomeLayerElement: 	at com.miui.home.library.utils.LooperExecutor.execute(LooperExecutor.java:43)
03-02 12:01:31.969  1999  1999 D HomeLayerElement: 	at com.miui.home.recents.anim.WindowElement.onClosingWindowTransitionExecute(WindowElement.kt:397)
03-02 12:01:31.969  1999  1999 D HomeLayerElement: 	at com.miui.home.recents.anim.WindowElement.onClosingWindowTransitionExecute$default(WindowElement.kt:395)
03-02 12:01:31.969  1999  1999 D HomeLayerElement: 	at com.miui.home.recents.anim.WindowElement$init$1.onClosingWindowTransitionStart(WindowElement.kt:1162)
03-02 12:01:31.969  1999  1999 D HomeLayerElement: 	at com.android.systemui.shared.recents.system.WindowTransitionCompat$2.lambda$startAnimation$0(WindowTransitionCompat.java:257)
03-02 12:01:31.969  1999  1999 D HomeLayerElement: 	at com.android.systemui.shared.recents.system.WindowTransitionCompat$2.$r8$lambda$hcqKCUwnRuMqtvMJ6DPLae5xnFA(Unknown Source:0)
03-02 12:01:31.969  1999  1999 D HomeLayerElement: 	at com.android.systemui.shared.recents.system.WindowTransitionCompat$2$$ExternalSyntheticLambda0.run(Unknown Source:10)
03-02 12:01:31.969  1999  1999 D HomeLayerElement: 	at com.miui.home.library.utils.LooperExecutor.execute(LooperExecutor.java:43)
03-02 12:01:31.969  1999  1999 D HomeLayerElement: 	at com.android.systemui.shared.recents.system.WindowTransitionCompat$2.startAnimation(WindowTransitionCompat.java:267)
03-02 12:01:31.969  1999  1999 D HomeLayerElement: 	at com.android.systemui.shared.recents.system.WindowTransitionCompat.wrapRemoteTransition(WindowTransitionCompat.java:745)
03-02 12:01:31.969  1999  1999 D HomeLayerElement: 	at com.miui.home.recents.anim.WindowElement.injectRemoteTransition(WindowElement.kt:687)
03-02 12:01:31.969  1999  1999 D HomeLayerElement: 	at com.miui.home.recents.anim.StateManager$CommonState.handleEvent(StateManager.kt:1291)
03-02 12:01:31.969  1999  1999 D HomeLayerElement: 	at com.miui.home.recents.anim.StateManager.handleEventActually(StateManager.kt:112)
03-02 12:01:31.969  1999  1999 D HomeLayerElement: 	at com.miui.home.recents.anim.StateManager.sendEventActually$lambda-0(StateManager.kt:99)
03-02 12:01:31.969  1999  1999 D HomeLayerElement: 	at com.miui.home.recents.anim.StateManager.$r8$lambda$C-kZp_X93nanDwYsUFIjH_GwEtM(Unknown Source:0)
03-02 12:01:31.969  1999  1999 D HomeLayerElement: 	at com.miui.home.recents.anim.StateManager$$ExternalSyntheticLambda3.run(Unknown Source:4)
03-02 12:01:31.969  1999  1999 D HomeLayerElement: 	at android.os.Handler.handleCallback(Handler.java:959)
03-02 12:01:31.969  1999  1999 D HomeLayerElement: 	at android.os.Handler.dispatchMessage(Handler.java:100)
03-02 12:01:31.969  1999  1999 D HomeLayerElement: 	at android.os.Looper.loopOnce(Looper.java:249)
03-02 12:01:31.969  1999  1999 D HomeLayerElement: 	at android.os.Looper.loop(Looper.java:337)
03-02 12:01:31.969  1999  1999 D HomeLayerElement: 	at android.app.ActivityThread.main(ActivityThread.java:9500)
03-02 12:01:31.969  1999  1999 D HomeLayerElement: 	at java.lang.reflect.Method.invoke(Native Method)
03-02 12:01:31.969  1999  1999 D HomeLayerElement: 	at com.android.internal.os.RuntimeInit$MethodAndArgsCaller.run(RuntimeInit.java:636)
03-02 12:01:31.969  1999  1999 D HomeLayerElement: 	at com.android.internal.os.ZygoteInit.main(ZygoteInit.java:1005)
03-02 12:01:31.969  1999  1999 I AnimStateManager: onAnimParamsReady windowElement = com.miui.home.recents.anim.WindowElement@f2c89b0
03-02 12:01:31.969  1999  1999 D WallpaperElement: setTo   zoomOut=1.14 useWallpaperAnim = false
03-02 12:01:31.969  1999  1999 D RecentBlurViewElement: setTo: params = RecentBlurParams(blurRadius=0.0, dimming=1.0, dampingRatio=0.95, response=0.3) blurView = null
03-02 12:01:31.969  1999  1999 D WindowElement: f2c89b0 animTo, params=RectFParams(targetApps=com.miui.home.recents.util.RemoteAnimationTargetSet@2a3ffe6, startRect=RectF(0.0, 0.0, 1080.0, 2460.0), targetRect=RectF(504.0, 784.0, 576.0, 856.0), startRadius=110.0, endRadius=20.0, startAlpha=1.0, endAlpha=0.0, animType=CLOSE_TO_HOME_CENTER, ignoreIcon=false, showTask=false, isQuickSwitchMode=false, targetView=null, animListener=com.miui.home.recents.anim.WindowAnimParamsProvider$getClosingWindowAnimParams$animListener$1@9b03927, clipAnimationHelper=com.miui.home.recents.util.ClipAnimationHelper@c9c67d4, clearLastListener=false, currentDisplayRotation=0, homeRotation=0, needFinishOnAnimEnd=true, currentTaskIndex=0, isSplitModeBack=false, isUseTranslucentAnim=false, runningTaskId=0, touchRange=2, hasAnimTarget=false), isRunning()=false
03-02 12:01:31.969  1999  1999 D WindowElement: f2c89b0 updateFloatingIconView, animType=CLOSE_TO_HOME_CENTER
03-02 12:01:31.969  1999  1999 D WindowElement: f2c89b0 updateFloatingIconView, oldTargetView=null, params.targetView=null
03-02 12:01:31.970  1999  1999 D WindowElement: f2c89b0 updateFloatingIconView, targetView is same
03-02 12:01:31.970  1999  1999 D WindowElement: f2c89b0 bindIconLayerLeashIfNeeded false  null  Surface(name=TL_Surface(name=Task=1#47)/@0x9c5e57_transition-leash#134741)/@0x6deec9d target = null
03-02 12:01:31.970  1999  1999 D WindowAnimImplementorDispatcher: f2c89b0 animTo by com.miui.home.recents.anim.windowanim.LocalWindowAnimImplementor@832fd7d
03-02 12:01:31.970  1999  2652 D LocalWindowAnimImplementor: animTo, params=RectFParams(targetApps=com.miui.home.recents.util.RemoteAnimationTargetSet@2a3ffe6, startRect=RectF(0.0, 0.0, 1080.0, 2460.0), targetRect=RectF(504.0, 784.0, 576.0, 856.0), startRadius=110.0, endRadius=20.0, startAlpha=1.0, endAlpha=0.0, animType=CLOSE_TO_HOME_CENTER, ignoreIcon=false, showTask=false, isQuickSwitchMode=false, targetView=null, animListener=com.miui.home.recents.anim.WindowAnimParamsProvider$getClosingWindowAnimParams$animListener$1@9b03927, clipAnimationHelper=com.miui.home.recents.util.ClipAnimationHelper@c9c67d4, clearLastListener=false, currentDisplayRotation=0, homeRotation=0, needFinishOnAnimEnd=true, currentTaskIndex=0, isSplitModeBack=false, isUseTranslucentAnim=false, runningTaskId=0, touchRange=2, hasAnimTarget=false), isRunningAndNotRequestEndOrCancel()=false
03-02 12:01:31.970  1999  2652 I RectFSpringAnim: setStartRect = RectF(0.0, 0.0, 1080.0, 2460.0)
03-02 12:01:31.970  1999  2652 I RectFSpringAnim: java.lang.Exception
03-02 12:01:31.970  1999  2652 I RectFSpringAnim: 	at com.miui.home.recents.util.RectFSpringAnim.setStartRect(RectFSpringAnim.java:384)
03-02 12:01:31.970  1999  2652 I RectFSpringAnim: 	at com.miui.home.recents.util.RectFSpringAnim.resetAnimValue(RectFSpringAnim.java:283)
03-02 12:01:31.970  1999  2652 I RectFSpringAnim: 	at com.miui.home.recents.util.RectFSpringAnim.reset(RectFSpringAnim.java:301)
