03-02 12:01:31.970  1999  2652 I RectFSpringAnim: 	at com.miui.home.recents.anim.windowanim.LocalWindowAnimImplementor.animResetReady(LocalWindowAnimImplementor.kt:291)
03-02 12:01:31.970  1999  2652 I RectFSpringAnim: 	at com.miui.home.recents.anim.windowanim.LocalWindowAnimImplementor.animTo$lambda-2(LocalWindowAnimImplementor.kt:147)
03-02 12:01:31.970  1999  2652 I RectFSpringAnim: 	at com.miui.home.recents.anim.windowanim.LocalWindowAnimImplementor.$r8$lambda$Ewy9u0e__x-TZvI2w2yZMTdFjGs(Unknown Source:0)
03-02 12:01:31.970  1999  2652 I RectFSpringAnim: 	at com.miui.home.recents.anim.windowanim.LocalWindowAnimImplementor$$ExternalSyntheticLambda1.run(Unknown Source:4)
03-02 12:01:31.970  1999  2652 I RectFSpringAnim: 	at android.os.Handler.handleCallback(Handler.java:959)
03-02 12:01:31.970  1999  2652 I RectFSpringAnim: 	at android.os.Handler.dispatchMessage(Handler.java:100)
03-02 12:01:31.970  1999  2652 I RectFSpringAnim: 	at android.os.Looper.loopOnce(Looper.java:249)
03-02 12:01:31.970  1999  2652 I RectFSpringAnim: 	at android.os.Looper.loop(Looper.java:337)
03-02 12:01:31.970  1999  2652 I RectFSpringAnim: 	at android.os.HandlerThread.run(HandlerThread.java:85)
03-02 12:01:31.970  1999  1999 D ShortcutMenuLayerElement: animTo, params=ShortcutMenuLayerParams(alpha=1.0, scaleX=1.0, scaleY=1.0, dampingRation=1.2, response=0.5, isSurfaceChange=true)
03-02 12:01:31.970  1999  1999 D ShortcutMenuLayerElement: java.lang.Exception
03-02 12:01:31.970  1999  1999 D ShortcutMenuLayerElement: 	at com.miui.home.recents.anim.ShortcutMenuLayerElement.animTo(ShortcutMenuLayerElement.kt:247)
03-02 12:01:31.970  1999  1999 D ShortcutMenuLayerElement: 	at com.miui.home.recents.anim.StateManager.handleAllElementParams(StateManager.kt:308)
03-02 12:01:31.970  1999  1999 D ShortcutMenuLayerElement: 	at com.miui.home.recents.anim.StateManager.onAnimParamsReady(StateManager.kt:240)
03-02 12:01:31.970  1999  1999 D ShortcutMenuLayerElement: 	at com.miui.home.recents.anim.StateManager.onAnimParamsReady$default(StateManager.kt:237)
03-02 12:01:31.970  1999  1999 D ShortcutMenuLayerElement: 	at com.miui.home.recents.anim.WindowElement.onClosingWindowTransitionExecute$lambda-9(WindowElement.kt:427)
03-02 12:01:31.970  1999  1999 D ShortcutMenuLayerElement: 	at com.miui.home.recents.anim.WindowElement.$r8$lambda$4vBY0vyx5GyPPzPO6CeZtw3aGOs(Unknown Source:0)
03-02 12:01:31.970  1999  1999 D ShortcutMenuLayerElement: 	at com.miui.home.recents.anim.WindowElement$$ExternalSyntheticLambda11.run(Unknown Source:8)
03-02 12:01:31.970  1999  1999 D ShortcutMenuLayerElement: 	at com.miui.home.library.utils.LooperExecutor.execute(LooperExecutor.java:43)
03-02 12:01:31.970  1999  1999 D ShortcutMenuLayerElement: 	at com.miui.home.recents.anim.WindowElement.onClosingWindowTransitionExecute(WindowElement.kt:397)
03-02 12:01:31.970  1999  1999 D ShortcutMenuLayerElement: 	at com.miui.home.recents.anim.WindowElement.onClosingWindowTransitionExecute$default(WindowElement.kt:395)
03-02 12:01:31.970  1999  1999 D ShortcutMenuLayerElement: 	at com.miui.home.recents.anim.WindowElement$init$1.onClosingWindowTransitionStart(WindowElement.kt:1162)
03-02 12:01:31.970  1999  1999 D ShortcutMenuLayerElement: 	at com.android.systemui.shared.recents.system.WindowTransitionCompat$2.lambda$startAnimation$0(WindowTransitionCompat.java:257)
03-02 12:01:31.970  1999  1999 D ShortcutMenuLayerElement: 	at com.android.systemui.shared.recents.system.WindowTransitionCompat$2.$r8$lambda$hcqKCUwnRuMqtvMJ6DPLae5xnFA(Unknown Source:0)
03-02 12:01:31.970  1999  1999 D ShortcutMenuLayerElement: 	at com.android.systemui.shared.recents.system.WindowTransitionCompat$2$$ExternalSyntheticLambda0.run(Unknown Source:10)
03-02 12:01:31.970  1999  1999 D ShortcutMenuLayerElement: 	at com.miui.home.library.utils.LooperExecutor.execute(LooperExecutor.java:43)
03-02 12:01:31.970  1999  1999 D ShortcutMenuLayerElement: 	at com.android.systemui.shared.recents.system.WindowTransitionCompat$2.startAnimation(WindowTransitionCompat.java:267)
03-02 12:01:31.970  1999  1999 D ShortcutMenuLayerElement: 	at com.android.systemui.shared.recents.system.WindowTransitionCompat.wrapRemoteTransition(WindowTransitionCompat.java:745)
03-02 12:01:31.970  1999  1999 D ShortcutMenuLayerElement: 	at com.miui.home.recents.anim.WindowElement.injectRemoteTransition(WindowElement.kt:687)
03-02 12:01:31.970  1999  1999 D ShortcutMenuLayerElement: 	at com.miui.home.recents.anim.StateManager$CommonState.handleEvent(StateManager.kt:1291)
03-02 12:01:31.970  1999  1999 D ShortcutMenuLayerElement: 	at com.miui.home.recents.anim.StateManager.handleEventActually(StateManager.kt:112)
03-02 12:01:31.970  1999  1999 D ShortcutMenuLayerElement: 	at com.miui.home.recents.anim.StateManager.sendEventActually$lambda-0(StateManager.kt:99)
03-02 12:01:31.970  1999  1999 D ShortcutMenuLayerElement: 	at com.miui.home.recents.anim.StateManager.$r8$lambda$C-kZp_X93nanDwYsUFIjH_GwEtM(Unknown Source:0)
03-02 12:01:31.970  1999  1999 D ShortcutMenuLayerElement: 	at com.miui.home.recents.anim.StateManager$$ExternalSyntheticLambda3.run(Unknown Source:4)
03-02 12:01:31.970  1999  1999 D ShortcutMenuLayerElement: 	at android.os.Handler.handleCallback(Handler.java:959)
03-02 12:01:31.970  1999  1999 D ShortcutMenuLayerElement: 	at android.os.Handler.dispatchMessage(Handler.java:100)
03-02 12:01:31.970  1999  1999 D ShortcutMenuLayerElement: 	at android.os.Looper.loopOnce(Looper.java:249)
03-02 12:01:31.970  1999  1999 D ShortcutMenuLayerElement: 	at android.os.Looper.loop(Looper.java:337)
03-02 12:01:31.970  1999  1999 D ShortcutMenuLayerElement: 	at android.app.ActivityThread.main(ActivityThread.java:9500)
03-02 12:01:31.970  1999  1999 D ShortcutMenuLayerElement: 	at java.lang.reflect.Method.invoke(Native Method)
03-02 12:01:31.970  1999  1999 D ShortcutMenuLayerElement: 	at com.android.internal.os.RuntimeInit$MethodAndArgsCaller.run(RuntimeInit.java:636)
03-02 12:01:31.970  1999  1999 D ShortcutMenuLayerElement: 	at com.android.internal.os.ZygoteInit.main(ZygoteInit.java:1005)
03-02 12:01:31.970  1999  2652 I RectFSpringAnim: resetAnimValue KEY_SURFACE_EXT_ALPHA mTargetRect = RectF(504.0, 784.0, 576.0, 856.0) endAlpha=0.0
03-02 12:01:31.970  1999  1999 D WallpaperElement: animTo   zoomOut=1.0 useWallpaperAnim=false
03-02 12:01:31.971  1999  1999 D RecentBlurViewElement: animTo: params = RecentBlurParams(blurRadius=0.0, dimming=0.0, dampingRatio=0.95, response=0.45) blurView = null
03-02 12:01:31.971  1999  2652 D RectFSpringAnim: clearRectFSpringAnimListener
03-02 12:01:31.971  1999  2652 I RectFSpringAnim: changeAnimStart start=false
03-02 12:01:31.971  1999  2652 D LocalWindowAnimImplementor: animResetReady, reset mAnim=RectFSpringAnim{mStartRect=RectF(0.0, 0.0, 1080.0, 2460.0), mTargetRect=RectF(504.0, 784.0, 576.0, 856.0), mStartAlpha=1.0, mEndAlpha=0.0}
03-02 12:01:31.971  1999  2652 I RectFSpringAnim: setAnimParamByType = CLOSE_TO_HOME_CENTER
03-02 12:01:31.971  1999  2652 E MultiSpringDynamicAnimation60a7029: ERROR Not Found Bundle Radius
03-02 12:01:31.971  1999  2652 E MultiSpringDynamicAnimation60a7029: ERROR Not Found Bundle SurfaceExtAlpha
03-02 12:01:31.971  1999  2652 D RectFSpringAnim: addAnimatorListener
03-02 12:01:31.971  1999  2652 D WindowElement: f2c89b0 bindIconLayerLeashIfNeeded false  null  Surface(name=TL_Surface(name=Task=1#47)/@0x9c5e57_transition-leash#134741)/@0x6deec9d target = null
03-02 12:01:31.971  1999  2652 I RectFSpringAnim: startInGestureThread
03-02 12:01:31.971  1999  2652 E MultiSpringDynamicAnimation60a7029: ERROR Not Found Bundle SurfaceExtAlpha
03-02 12:01:31.971  1999  2652 E MultiSpringDynamicAnimation60a7029: ERROR Not Found Bundle SurfaceExtAlpha
03-02 12:01:31.971  1999  2652 I RectFSpringAnim: changeAnimStart start=true
03-02 12:01:31.972  1999  1999 D HomeLayerElement: animTo, ennable = true params=HomeLayerParams(startAlpha=0.0, startScale=0.95, endAlpha=1.0, endScale=1.0)
03-02 12:01:31.972  1999  1999 D HomeLayerElement: java.lang.Exception
03-02 12:01:31.972  1999  1999 D HomeLayerElement: 	at com.miui.home.recents.anim.HomeLayerElement.animTo(HomeLayerElement.kt:163)
03-02 12:01:31.972  1999  1999 D HomeLayerElement: 	at com.miui.home.recents.anim.StateManager.handleAllElementParams(StateManager.kt:312)
03-02 12:01:31.972  1999  1999 D HomeLayerElement: 	at com.miui.home.recents.anim.StateManager.onAnimParamsReady(StateManager.kt:240)
03-02 12:01:31.972  1999  1999 D HomeLayerElement: 	at com.miui.home.recents.anim.StateManager.onAnimParamsReady$default(StateManager.kt:237)
03-02 12:01:31.972  1999  1999 D HomeLayerElement: 	at com.miui.home.recents.anim.WindowElement.onClosingWindowTransitionExecute$lambda-9(WindowElement.kt:427)
03-02 12:01:31.972  1999  1999 D HomeLayerElement: 	at com.miui.home.recents.anim.WindowElement.$r8$lambda$4vBY0vyx5GyPPzPO6CeZtw3aGOs(Unknown Source:0)
03-02 12:01:31.972  1999  1999 D HomeLayerElement: 	at com.miui.home.recents.anim.WindowElement$$ExternalSyntheticLambda11.run(Unknown Source:8)
03-02 12:01:31.972  1999  1999 D HomeLayerElement: 	at com.miui.home.library.utils.LooperExecutor.execute(LooperExecutor.java:43)
03-02 12:01:31.972  1999  1999 D HomeLayerElement: 	at com.miui.home.recents.anim.WindowElement.onClosingWindowTransitionExecute(WindowElement.kt:397)
03-02 12:01:31.972  1999  1999 D HomeLayerElement: 	at com.miui.home.recents.anim.WindowElement.onClosingWindowTransitionExecute$default(WindowElement.kt:395)
03-02 12:01:31.972  1999  1999 D HomeLayerElement: 	at com.miui.home.recents.anim.WindowElement$init$1.onClosingWindowTransitionStart(WindowElement.kt:1162)
03-02 12:01:31.972  1999  1999 D HomeLayerElement: 	at com.android.systemui.shared.recents.system.WindowTransitionCompat$2.lambda$startAnimation$0(WindowTransitionCompat.java:257)
03-02 12:01:31.972  1999  1999 D HomeLayerElement: 	at com.android.systemui.shared.recents.system.WindowTransitionCompat$2.$r8$lambda$hcqKCUwnRuMqtvMJ6DPLae5xnFA(Unknown Source:0)
03-02 12:01:31.972  1999  1999 D HomeLayerElement: 	at com.android.systemui.shared.recents.system.WindowTransitionCompat$2$$ExternalSyntheticLambda0.run(Unknown Source:10)
03-02 12:01:31.972  1999  1999 D HomeLayerElement: 	at com.miui.home.library.utils.LooperExecutor.execute(LooperExecutor.java:43)
03-02 12:01:31.972  1999  1999 D HomeLayerElement: 	at com.android.systemui.shared.recents.system.WindowTransitionCompat$2.startAnimation(WindowTransitionCompat.java:267)
03-02 12:01:31.972  1999  1999 D HomeLayerElement: 	at com.android.systemui.shared.recents.system.WindowTransitionCompat.wrapRemoteTransition(WindowTransitionCompat.java:745)
03-02 12:01:31.972  1999  1999 D HomeLayerElement: 	at com.miui.home.recents.anim.WindowElement.injectRemoteTransition(WindowElement.kt:687)
03-02 12:01:31.972  1999  1999 D HomeLayerElement: 	at com.miui.home.recents.anim.StateManager$CommonState.handleEvent(StateManager.kt:1291)
03-02 12:01:31.972  1999  1999 D HomeLayerElement: 	at com.miui.home.recents.anim.StateManager.handleEventActually(StateManager.kt:112)
03-02 12:01:31.972  1999  1999 D HomeLayerElement: 	at com.miui.home.recents.anim.StateManager.sendEventActually$lambda-0(StateManager.kt:99)
03-02 12:01:31.972  1999  1999 D HomeLayerElement: 	at com.miui.home.recents.anim.StateManager.$r8$lambda$C-kZp_X93nanDwYsUFIjH_GwEtM(Unknown Source:0)
03-02 12:01:31.972  1999  1999 D HomeLayerElement: 	at com.miui.home.recents.anim.StateManager$$ExternalSyntheticLambda3.run(Unknown Source:4)
03-02 12:01:31.972  1999  1999 D HomeLayerElement: 	at android.os.Handler.handleCallback(Handler.java:959)
03-02 12:01:31.972  1999  1999 D HomeLayerElement: 	at android.os.Handler.dispatchMessage(Handler.java:100)
03-02 12:01:31.972  1999  1999 D HomeLayerElement: 	at android.os.Looper.loopOnce(Looper.java:249)
03-02 12:01:31.972  1999  1999 D HomeLayerElement: 	at android.os.Looper.loop(Looper.java:337)
03-02 12:01:31.972  1999  1999 D HomeLayerElement: 	at android.app.ActivityThread.main(ActivityThread.java:9500)
03-02 12:01:31.972  1999  1999 D HomeLayerElement: 	at java.lang.reflect.Method.invoke(Native Method)
03-02 12:01:31.972  1999  1999 D HomeLayerElement: 	at com.android.internal.os.RuntimeInit$MethodAndArgsCaller.run(RuntimeInit.java:636)
03-02 12:01:31.972  1999  1999 D HomeLayerElement: 	at com.android.internal.os.ZygoteInit.main(ZygoteInit.java:1005)
03-02 12:01:31.972  1999  1999 I AnimStateManager: go to state com.miui.home.recents.anim.StateManager$HomeState@601bf45
03-02 12:01:31.972  1999  2652 E MultiSpringDynamicAnimationccf4de7: ERROR Not Found Bundle scaleY
03-02 12:01:31.972  1999  1999 D WindowTransitionCompat: startAnimation end
03-02 12:01:31.973  2363  2477 D MiuiFreeformModeObserver: handleFreeFormReceiver intent = Intent { act=com.miui.fullscreen_state_change flg=0x10 (has extras) }, action = com.miui.fullscreen_state_change
03-02 12:01:31.973  2363  2477 D MiuiFreeformModeObserver: ACTION_FULLSCREEN_STATE_CHANGE stateName: closeWindow
03-02 12:01:31.973  1999  1999 D TaskSnapshotCompatVV: getIsInvalidateFromTaskSnapshot, isInvalidate=false
03-02 12:01:31.974  1999  1999 D EventBus: No subscribers registered for event class com.miui.home.recents.messages.TaskSnapshotChangedEvent
03-02 12:01:31.974  1999  1999 D EventBus: No subscribers registered for event class org.greenrobot.eventbus.NoSubscriberEvent
03-02 12:01:31.974  1999 17839 I Launcher.ApplicationsMessage: onReceive true
03-02 12:01:31.974  1999 17839 I Launcher.ApplicationsMessage: update com.softnation.Ojam/ to null
03-02 12:01:31.974  1999  1999 D Launcher.Lifecycle: onWindowFocusChanged:true,UserHandle{0},c143874,false
03-02 12:01:31.975  1999  1999 D Launcher_UnlockAnimationStateMachine: onWindowFocus:IDLE
03-02 12:01:31.975  1999  1999 D Launcher_UnlockAnimationStateMachine: showAnimation = IDLE
03-02 12:01:31.975  1621  1667 W ActivityManager: Slow operation: 239ms so far, now at startProcess: returned from zygote!
03-02 12:01:31.976  1621  1667 W ActivityManager: Slow operation: 240ms so far, now at startProcess: done updating battery stats
03-02 12:01:31.977  7123  7123 I adbd    : Remote process closed the socket (on MSG_PEEK)
03-02 12:01:31.977  1999  1999 I HandWritingStubImpl: refreshLastKeyboardType: 1
03-02 12:01:31.977  1999  1999 I HandWritingStubImpl: getCurrentKeyboardType: 1
03-02 12:01:31.978  1621  4289 I WindowManager: WIN DEATH: Window{8b58de8 u0 com.softnation.Ojam/com.softnation.Ojam.MainActivity}
03-02 12:01:31.978  1621  4289 W InputManager-JNI: Input channel object '8b58de8 com.softnation.Ojam/com.softnation.Ojam.MainActivity (client)' was disposed without first being removed with the input manager!
03-02 12:01:31.979  1621  2197 I MediaSessionStack: removeSession | record: com.softnation.Ojam/androidx.media3.session.id./98 (userId=0)
03-02 12:01:31.981  1124 14459 E mediaserver: unlinkToDeath: removed reference to death recipient but unlink failed: DEAD_OBJECT
03-02 12:01:31.981 17880 17880 E Zygote  : process_name_ptr:17880 com.google.android.apps.nbu.files
03-02 12:01:31.982 17880 17880 E Zygote  : SetMemoryProtected process_name_ptr:17880 com.google.android.apps.nbu.files
03-02 12:01:31.981  1124 14459 E IPCThreadState: attemptIncStrongHandle(11): Not supported
03-02 12:01:31.982   921  1170 I SurfaceFlinger: onHandleDestroyed: name=Surface(name=5b2ee94 StatusBar#103)/@0xf6cf932 - animation-leash of insets_animation#134730, layerId=134730, parentId=0
03-02 12:01:31.982  1205 24079 E mediaswcodec: unlinkToDeath: removed reference to death recipient but unlink failed: DEAD_OBJECT
03-02 12:01:31.982   921  1170 I SurfaceFlinger: onHandleDestroyed: name=Surface(name=77d8129 NavigationBar0#101614)/@0x3faba4f - animation-leash of insets_animation#134731, layerId=134731, parentId=0
03-02 12:01:31.983   921  1587 D SurfaceFlinger: [SF client] REMOVE (0xb400007caea13cf0) for (11113:com.softnation.Ojam)
03-02 12:01:31.983  1205 25456 D AidlBufferPool: bufferpool2 0xb400007362c7dfa8 : 0(0 size) total buffers - 0(0 size) used buffers - 302/306 (recycle/alloc) - 6/306 (fetch/transfer)
03-02 12:01:31.983  1205 25456 D AidlBufferPool: Destruction - bufferpool2 0xb400007362c7dfa8 cached: 0/0M, 0/0% in use; allocs: 306, 99% recycled; transfers: 306, 98% unfetched
03-02 12:01:31.984  1205 24079 D AidlBufferPool: Destruction - bufferpool2 0xb400007362c85c88 cached: 0/0M, 0/0% in use; allocs: 704, 99% recycled; transfers: 704, 99% unfetched
03-02 12:01:31.984  1205 24079 E mediaswcodec: unlinkToDeath: removed reference to death recipient but unlink failed: DEAD_OBJECT
03-02 12:01:31.989  1999  1999 D ShortcutIcon: setMessage textnull
03-02 12:01:31.992   921   921 I MI-SF   : surfaceflinger setAffinity mode=1
03-02 12:01:31.992   921   921 E MI-SF   : surfaceflinger setAffinity success
03-02 12:01:31.992   921   921 I MI-SF   : surfaceflinger setreAffinity reTid=1207
03-02 12:01:31.992   894  1349 D StreamHalAidl: setParameters: parameters: "MixerThreadSleep="
03-02 12:01:31.992   921   921 E MI-SF   : surfaceflinger setAffinity success
03-02 12:01:31.992   894  1349 D StreamHalAidl: setParameters: parameters: MixerThreadSleep=
03-02 12:01:31.993   863   958 I mtkpower@impl: [powerd_req] TIMER_MSG_PERF_LOCK_TIMEOUT hdl:369799
03-02 12:01:31.993   863   958 I libPowerHal: [perfLockRel] hdl:369799, idx:1
03-02 12:01:31.993   863   958 I libPowerHal: [unsetGPUFreq] current min:0, max:0; scn_gpu_min:0, scn_gpu_max:-1; scn_gpu_min(HL):-1, scn_gpu_max(HL):-1
03-02 12:01:31.993   863   958 I libPowerHal: [setGPUFreq] Soft min/max = (0, 0); Hard min/max = (31, 0)
03-02 12:01:31.993   863   958 I libPowerHal: [setGPUFreq] final min/max = (0, 0)
03-02 12:01:31.993   863   958 I libPowerHal: system_server: set gpu opp level: 0
03-02 12:01:31.993   863   958 I libPowerHal: system_server: set gpu opp level max: 0
03-02 12:01:31.994   863   958 I libPowerHal: [PD] system_server update cmd:400200 param:-1 pr:6
03-02 12:01:31.994   835   835 I Zygote  : Process 11113 exited due to signal 9 (Killed)
03-02 12:01:31.995   863   958 I libPowerHal: [recordCPUFreqInfo] set cluster[0] min(system_server): 1800000 max(-1): -1 cluster[1] min(system_server): 2000000 max(-1): -1
03-02 12:01:31.995   863   958 I libPowerHal: [perfLockRel] Done for hdl : 369799
03-02 12:01:31.996   921   921 I BufferQueueDebug: [Surface(name=77d8129 NavigationBar0#101614)/@0x3faba4f - animation-leash of insets_animation#134731](this:0xb400007bcec8c358,id:-1,api:0,p:-1,c:921) onDestructor()
03-02 12:01:31.996   921   921 I BufferQueueDebug: [Surface(name=5b2ee94 StatusBar#103)/@0xf6cf932 - animation-leash of insets_animation#134730](this:0xb400007bceca8af8,id:-1,api:0,p:-1,c:921) onDestructor()
03-02 12:01:32.003  1621  5247 I MediaFocusControl: AudioFocus  removeFocusStackEntryOnDeath(): removing entry for android.os.BinderProxy@e045b58
03-02 12:01:32.003  1621  1676 D SsruManagerImpl: MiSsru Sensor not init!!!!
03-02 12:01:32.004  1621  1856 D ConnectivityService: releasing NetworkRequest [ REQUEST id=243017, [ Capabilities: INTERNET&NOT_RESTRICTED&TRUSTED&NOT_VCN_MANAGED&NOT_BANDWIDTH_CONSTRAINED Uid: 10337 RequestorUid: 10337 RequestorPkg: com.softnation.Ojam UnderlyingNetworks: Null] ] (release request)
03-02 12:01:32.007  1621  2197 D MediaSessionService: Media button session is changed to null
03-02 12:01:32.007  1621  1729 I ImeTracker: com.softnation.Ojam:ba0ab7f6: onRequestHide at ORIGIN_SERVER reason HIDE_REMOVE_CLIENT fromUser false
03-02 12:01:32.009  1621  2197 D MediaSessionService: destroySessionLocked: record=com.softnation.Ojam/androidx.media3.session.id./98 (userId=0)
03-02 12:01:32.010  1621  1729 I ImeTracker: com.softnation.Ojam:ba0ab7f6: onCancelled at PHASE_SERVER_SHOULD_HIDE
03-02 12:01:32.012  1205 24079 D AidlBufferPool: bufferpool2 0xb400007362c8bda8 : 0(0 size) total buffers - 0(0 size) used buffers - 0/0 (recycle/alloc) - 0/0 (fetch/transfer)
03-02 12:01:32.012  2363  3215 I ActiveSessionRecord_export-api: onSessionDestroyed
03-02 12:01:32.014 17861 17886 D ActivityThread: the event that target app starts is : AppLaunchEvent{mType='441', mProcessName='com.google.android.apps.photos', mPackageName='com.google.android.apps.photos', mIsMainProcess='true', mVersionCode='51259338', mLaunchTime='2026-03-02'}
03-02 12:01:32.015  1205 24079 D AidlBufferPool: Destruction - bufferpool2 0xb400007362c8bda8 cached: 0/0M, 0/0% in use; allocs: 0, 0% recycled; transfers: 0, 0% unfetched
03-02 12:01:32.014 17880 17880 I .apps.nbu.files: Using CollectorTypeCMC GC.
03-02 12:01:32.015  2363 19600 I ActiveSessionRecord_export-api: onSessionDestroyed
03-02 12:01:32.015  1621  1856 D ConnectivityService: releasing NetworkRequest [ REQUEST id=243020, [ Capabilities: INTERNET&NOT_RESTRICTED&TRUSTED&NOT_VCN_MANAGED&NOT_BANDWIDTH_CONSTRAINED Uid: 10337 RequestorUid: 10337 RequestorPkg: com.softnation.Ojam UnderlyingNetworks: Null] ] (release request)
03-02 12:01:32.016  1205 24079 E IPCThreadState: attemptIncStrongHandle(3): Not supported
03-02 12:01:32.017  1621  1667 W ActivityManager: Slow operation: 249ms so far, now at startProcess: building log message
03-02 12:01:32.018  1621  1667 I ActivityManager: Start proc 17880:com.google.android.apps.nbu.files/u0a308 for service {com.google.android.apps.nbu.files/androidx.work.impl.background.systemjob.SystemJobService} caller=android
03-02 12:01:32.018  1621  1667 W ActivityManager: Slow operation: 282ms so far, now at startProcess: starting to update pids map
03-02 12:01:32.017  4243 15996 W MQSEventManager: occur
03-02 12:01:32.021  2363 19600 I ActiveAudioSessionManager_export-api: controllerSize:0
03-02 12:01:32.023  6515  6799 D MirrorManager:  sendAcceptInput 0 0
03-02 12:01:32.024 18562 18562 W AudioMediaPlayerWrapper: The session was destroyed com.softnation.Ojam
03-02 12:01:32.024 18562 18562 D MediaPlayerList: sessionUpdatedCallback(): packageName: com.softnation.Ojam
03-02 12:01:32.025 18562 18562 D MediaPlayerList: sendMediaUpdate
03-02 12:01:32.025 18562 18562 D MediaPlayerList: sendMediaUpdate state=null
03-02 12:01:32.025 18562 18562 D AvrcpTargetService: onMediaUpdated: track_changed=true state=true queue=true
03-02 12:01:32.025  1621  1668 I libprocessgroup: Removed cgroup /sys/fs/cgroup/uid_10337/pid_11113
03-02 12:01:32.026  1621  4289 D MiuiRefreshRatePolicy: reset
03-02 12:01:32.028   894  1349 D StreamHalAidl: setParameters: parameters: "MixerThreadSleep="
03-02 12:01:32.028   894  1349 D StreamHalAidl: setParameters: parameters: MixerThreadSleep=
03-02 12:01:32.030 17861 17861 D ActivityThread: setEmbeddedParam packageName=com.google.android.apps.photos processName=com.google.android.apps.photos isEmbedded=false isIsolated=false
03-02 12:01:32.032  1621  1806 W InputMethodManagerService: Clear show forced flag.
03-02 12:01:32.032  1621  1806 I ImeTracker: com.miui.home:86c2f28e: onRequestHide at ORIGIN_SERVER reason HIDE_UNSPECIFIED_WINDOW fromUser false
03-02 12:01:32.033  1621  1806 I ImeTracker: com.miui.home:86c2f28e: onCancelled at PHASE_SERVER_SHOULD_HIDE
03-02 12:01:32.034 18562 18562 D AvrcpNativeInterface: sendMediaUpdate: metadata=true playStatus=true queue=true
03-02 12:01:32.034 18562 18562 I bluetooth: avrcp_service.cc:648 SendMediaUpdate: track_changed=true :  play_state=true :  queue=true
03-02 12:01:32.035 18562 18562 I MediaPlayerList: Removing media player com.softnation.Ojam
03-02 12:01:32.035 18562 18562 I AudioMediaPlayerWrapper: clean up
03-02 12:01:32.035 18562 18562 I MediaPlayerList: Recycle player ID.
03-02 12:01:32.035 18562 18562 V MediaPlayerList: onActiveSessionsChanged: number of controllers: 0
03-02 12:01:32.035 18562 18562 I PlayerSettingsManager: getPlayerRepeatMode: no active player
03-02 12:01:32.035 18562 18562 I PlayerSettingsManager: getPlayerShuffleMode: no active player
03-02 12:01:32.035 18562 18562 I PlayerSettingsManager: updateRemoteDevice: STATE_REPEAT_OFF, STATE_SHUFFLE_OFF
03-02 12:01:32.035 18562 18562 I bluetooth: avrcp_service.cc:685 SendPlayerSettingsChanged: 
03-02 12:01:32.035 18562 18562 I bluetooth: avrcp_service.cc:699 SendPlayerSettingsChanged: attribute=PlayerAttribute::REPEAT : value=PlayerRepeatValue::OFF
03-02 12:01:32.035 18562 18562 I bluetooth: attribute=PlayerAttribute::SHUFFLE : value=PlayerShuffleValue::OFF
03-02 12:01:32.037  1621  1667 W ActivityManager: Slow operation: 301ms so far, now at startProcess: done updating pids map
03-02 12:01:32.037 17861 17861 D ApplicationLoaders: Returning zygote-cached class loader: /system/framework/org.apache.http.legacy.jar
03-02 12:01:32.038 17861 17861 D ApplicationLoaders: Returning zygote-cached class loader: /system_ext/framework/androidx.window.extensions.jar
03-02 12:01:32.038 17861 17861 D ApplicationLoaders: Returning zygote-cached class loader: /system_ext/framework/androidx.window.sidecar.jar
03-02 12:01:32.040  1621  1650 W ActivityManager: setHasOverlayUi called on unknown pid: 11113
03-02 12:01:32.040  6515  6799 D MirrorManager:  sendAcceptInput 0 0
03-02 12:01:32.045  2526  2526 I GoogleInputMethodService: GoogleInputMethodService.onFinishInput():2113 
03-02 12:01:32.046  1621  1651 I ActivityTaskManager: visible for Task{27e6aff #2 type=home I=com.miui.home/.launcher.Launcher} visible = true isAnimating = false TRANSITION = false PARENTS = false CHILDREN = false
03-02 12:01:32.046  2526  2526 I Module  : DeviceLockedStatusModuleProvider$Module.updateDeviceLockedStatus():103 repeatCheckTimes = 0, locked = false
03-02 12:01:32.047  2526  2526 I GoogleInputMethodService: GoogleInputMethodService.onStartInput():1384 onStartInput(EditorInfo{EditorInfo{packageName=com.miui.home, inputType=0, inputTypeString=NULL, enableLearning=false, autoCorrection=false, autoComplete=false, imeOptions=0, privateImeOptions=null, actionName=UNSPECIFIED, actionLabel=null, initialSelStart=-1, initialSelEnd=-1, initialCapsMode=0, label=null, fieldId=0, fieldName=null, extras=Bundle[mParcelledData.dataSize=72], hintText=null, hintLocales=[]}}, false)
03-02 12:01:32.051  2526  2526 I Module  : DeviceLockedStatusModuleProvider$Module.updateDeviceLockedStatus():103 repeatCheckTimes = 1, locked = false
03-02 12:01:32.057  1621  2655 W PackageConfigPersister: App-specific configuration not found for packageName: com.miui.home and userId: 0
03-02 12:01:32.057   921  1166 I BufferQueueDebug: [Surface(name=751ea6d InputMethod#71915)/@0xaafc069 - animation-leash of insets_animation#134745](this:0xb400007bceca8af8,id:-1,api:0,p:-1,c:-1) BufferQueue core=(921:/system/bin/surfaceflinger)
03-02 12:01:32.057  2363  3215 I ActiveAudioSessionManager_export-api: controllerSize:0
03-02 12:01:32.061   894  1349 D StreamHalAidl: setParameters: parameters: "MixerThreadSleep="
03-02 12:01:32.061   894  1349 D StreamHalAidl: setParameters: parameters: MixerThreadSleep=
03-02 12:01:32.062  1621  1651 D MiuiRefreshRatePolicy: reset
03-02 12:01:32.063 17880 17880 D nativeloader: Load libframework-connectivity-tiramisu-jni.so using APEX ns com_android_tethering for caller /apex/com.android.tethering/javalib/framework-connectivity-t.jar: ok
03-02 12:01:32.071  1621  1651 I ActivityTaskManager: visible for Task{27e6aff #2 type=home I=com.miui.home/.launcher.Launcher} visible = true isAnimating = false TRANSITION = false PARENTS = false CHILDREN = false
03-02 12:01:32.077  1621  1650 D MiuiRefreshRatePolicy: reset
03-02 12:01:32.087  1621  1651 I ActivityTaskManager: visible for Task{27e6aff #2 type=home I=com.miui.home/.launcher.Launcher} visible = true isAnimating = false TRANSITION = false PARENTS = false CHILDREN = false
03-02 12:01:32.093  2363 19600 I ActiveAudioSessionManager_export-api: dispatchTopActiveSessionChangeCallbackLocked, size:1
03-02 12:01:32.094  2363 19600 I GlobalMiPlayAudioManager: onActiveAudioSessionChange activeSession is null
03-02 12:01:32.094   894  1349 D StreamHalAidl: setParameters: parameters: "MixerThreadSleep="
03-02 12:01:32.094   894  1349 D StreamHalAidl: setParameters: parameters: MixerThreadSleep=
03-02 12:01:32.094  2363 19600 D MiCastSDKImpl: setPlaybackState state -999
03-02 12:01:32.094  2363 19600 I GlobalMiPlayAudioManager: dispatchCallback, what, 1
03-02 12:01:32.094  2363 19600 I ActiveAudioSessionManager_export-api: stopPositionCallbackTask
03-02 12:01:32.095  2363 19600 I ActiveAudioSessionManager_export-api: dispatchSessionsExistsChangeCallbackLocked :false
03-02 12:01:32.095  2363 19600 I MiPlayServiceAdapter: markSessionKilled
03-02 12:01:32.095 17880 17880 I MessageMonitor: Load libmiui_runtime
03-02 12:01:32.095  1621  5247 D MiuiRefreshRatePolicy: reset
03-02 12:01:32.098  2363  2363 D MiPlayDetailViewModel: onActiveAudioSessionChange(): audioSessionList?.size =0
03-02 12:01:32.099  2363  2363 D MiPlayController: miplay service state invalid = 0
03-02 12:01:32.098 19603 19603 W MultiDeviceManager: setPlaybackState state -999
03-02 12:01:32.100  2363  2363 D MiPlayDetailViewModel: isMiuiMusic:false null,releaseVersion:1
03-02 12:01:32.100 19603 19603 I CastDeviceManager: setPlaybackState: state -999
03-02 12:01:32.100  2363  2363 D MiPlayDetailViewModel: updateAudioSession true
03-02 12:01:32.100 19603 19603 W CastDeviceManager: setPlaybackState: castSession is null return
03-02 12:01:32.102  2363  3215 I ActiveAudioSessionManager_export-api: dispatchTopActiveSessionChangeCallbackLocked, size:1
03-02 12:01:32.103  2363  3215 I ActiveAudioSessionManager_export-api: stopPositionCallbackTask
03-02 12:01:32.103  2363  3215 I ActiveAudioSessionManager_export-api: dispatchSessionsExistsChangeCallbackLocked :false
03-02 12:01:32.104  2363  2363 D Utilities:  oldHints : 0 backDisposition : 0 imeShown : false hints 0
03-02 12:01:32.106  1621  2655 D MiuiRefreshRatePolicy: reset
03-02 12:01:32.113  1621  1651 I ActivityTaskManager: visible for Task{27e6aff #2 type=home I=com.miui.home/.launcher.Launcher} visible = true isAnimating = false TRANSITION = false PARENTS = false CHILDREN = false
03-02 12:01:32.116  1621  2655 D SymlinkUtils: attachApplication file op go pass: 1 ms
03-02 12:01:32.116   894  1349 D AudioFlinger_Threads: noteStopAudioInNeed
03-02 12:01:32.116  1621  2655 I SmartPower: com.google.android.apps.nbu.files/10308(17880): died->background(508769ms) R(process start ) adj=-10000.
03-02 12:01:32.117   894  1349 V AudioPolicyInterfaceImpl: stopOutput()
03-02 12:01:32.117   894  1349 V audio_utils::mutex: mutex_impl: audio_mutex initialized: ret:0  order:6
03-02 12:01:32.118  6515  6799 I PowerKeeper.Event: noteStopAudioInNeed uid is 10337, sessionid is 57865, port is 8513, type is 2
03-02 12:01:32.119   894  1284 V AudioPolicyInterfaceImpl: doStopOutput
03-02 12:01:32.119   894  1349 V AudioPolicyInterfaceImpl: releaseOutput()
03-02 12:01:32.119   894  1349 V audio_utils::mutex: mutex_impl: audio_mutex initialized: ret:0  order:6
03-02 12:01:32.119   894  1284 D APM_AudioPolicyManager: stopOutput() output 21, stream 3, session 57865
03-02 12:01:32.120   894  1349 D audioserver: logFgsApiEnd: FGS Logger Transaction failed, -129
03-02 12:01:32.120   894  1284 W AudioPolicyManagerCustomImpl: [MTK_APM_Route]setOutputDevices() mIoHandle 21 mId 6 device (0x2)(0x1, 0x2, 0x4, 0x8, 0x10, 0x20, 0x40, 0x4000, 0x4000000) delayMs 170 force 0 size 4
03-02 12:01:32.120   894  1349 D AudioFlinger_Threads: updateWakeLockUids_l AudioOut_15 uids:
03-02 12:01:32.121   894  1284 D APM::AudioPolicyEngine: getDevices ForStrategy() strategy 1, device 0x1 avadevice 0x1, 0x2, 0x10000, 0x100000 sfu [0]:0, [1]:0, [4]:11
03-02 12:01:32.121   843 14567 D MTKAdapterStreamLayer: updateMetadataCommon(), 
03-02 12:01:32.121   843 14567 I AudioALSAStreamOut: updateSourceMetadata(), do nothing source_metadata = 0x77048fcff8
03-02 12:01:32.122   894  1284 D APM::AudioPolicyEngine: getDevices ForStrategy() strategy 0, device 0x2 avadevice 0x1, 0x2, 0x10000, 0x100000 sfu [0]:0, [1]:0, [4]:11
03-02 12:01:32.123   894  1284 D APM::AudioPolicyEngine: getDevices ForStrategy() strategy 1, device 0x1 avadevice 0x1, 0x2, 0x10000, 0x100000 sfu [0]:0, [1]:0, [4]:11
03-02 12:01:32.119  6515  6921 I AppActiveChecker: uid:10337change to inactive
03-02 12:01:32.124  6515  6799 I ProcAudioPowerManager: noteStopAudioInNeed uid is 10337, pid is 11113, sessionid is 57865, port is 8513, type is 2
03-02 12:01:32.124  6515  6799 E RouteInfo: RouteInfo{ name=Phone, description=null, status=null, category=RouteCategory{ name=System types=ROUTE_TYPE_LIVE_AUDIO ROUTE_TYPE_LIVE_VIDEO  groupable=false }, supportedTypes=ROUTE_TYPE_LIVE_AUDIO ROUTE_TYPE_LIVE_VIDEO , presentationDisplay=null }
03-02 12:01:32.125  1621  1676 D ProcessManager: add temp remove audio inactive uid : 10337
03-02 12:01:32.127   894  1284 D APM::AudioPolicyEngine: getDevices ForStrategy() strategy 0, device 0x2 avadevice 0x1, 0x2, 0x10000, 0x100000 sfu [0]:0, [1]:0, [4]:11
03-02 12:01:32.130   894  1284 D APM::AudioPolicyEngine: getDevices ForStrategy() strategy 1, device 0x1 avadevice 0x1, 0x2, 0x10000, 0x100000 sfu [0]:0, [1]:0, [4]:11
03-02 12:01:32.131   894  1284 D APM::AudioPolicyEngine: getDevices ForStrategy() strategy 0, device 0x2 avadevice 0x1, 0x2, 0x10000, 0x100000 sfu [0]:0, [1]:0, [4]:11
03-02 12:01:32.132   894  1284 D APM::AudioPolicyEngine: getDevices ForStrategy() strategy 0, device 0x2 avadevice 0x1, 0x2, 0x10000, 0x100000 sfu [0]:0, [1]:0, [4]:11
03-02 12:01:32.133   894  1284 I AudioFlinger_Threads: removeEffectChain_l() 0xb400007470cacb90 from thread 0xb400007612805700 for session 0
03-02 12:01:32.133   894  1284 I AudioFlinger_Threads: removeEffect_l(): 0xb400007612805700, effect = 0xb400007410caab10, name = MiSound
03-02 12:01:32.133   843 14567 D AHAL_EffectMisound: commandImplstop, disable!
03-02 12:01:32.134   843  3249 D AHAL_EffectMisound: MiSoundV2 skip process in state: IDLE
03-02 12:01:32.134 17880 17898 D MiuiDownscaleImpl: set override inverted scale : 1.0
03-02 12:01:32.134   894  1284 I EffectChain: removeEffect_l() effect 0xb400007410caab10, removed from chain 0xb400007470cacb90 at rank 0
03-02 12:01:32.135   894  1284 I AudioFlinger_Threads: removeEffectChain_l() 0xb400007470cacb90 from thread 0xb400007612805700 for session 0
03-02 12:01:32.135   894  1284 V audio_utils::mutex: mutex_impl: audio_mutex initialized: ret:0  order:15
03-02 12:01:32.135   894  1284 I EffectChain: EffectChain(): new EffectChain = 0xb400007470ca7f10
03-02 12:01:32.135   894  1284 I AudioFlinger_Threads: addEffect_ll: 0xb400007619f8e700 chain 0xb400007470ca7f10 effect 0xb400007410caab10,name = MiSound
03-02 12:01:32.135   894  1284 V EffectModule: setOffloaded_l offloaded 0 io 13 status 0
03-02 12:01:32.135   894  1284 I EffectChain: addEffect_l() effect 0xb400007410caab10, added in chain 0xb400007470ca7f10 at rank 0
03-02 12:01:32.135   894  1284 V EffectModule: configure_l 0xb400007410caab10 chain 0xb400007470ca7f10 buffer 0xb400007520cbe0a0 framecount 768
03-02 12:01:32.136   894  1284 V EffectChain: addEffect_l effect 0xb400007410caab10, added in chain 0xb400007470ca7f10 at rank 0
03-02 12:01:32.137   894  1284 V EffectModule: configure_l 0xb400007410caab10 chain 0xb400007470ca7f10 buffer 0xb400007360cdaa20 framecount 768
03-02 12:01:32.138   843 14567 I EffectMiSound: MiSound_updateState(), enable=1, hifi=0, device=0x2, headset=5, samplingRate=0
03-02 12:01:32.138   843 14567 I EffectMiSound: MiSound_updateState(), mode=0, music=0, movie=0, reset=1
03-02 12:01:32.138   843 14567 D EffectMiSound: MiSoundAurisys_SetParameter()
03-02 12:01:32.139   843 14567 I EffectMiSound: SetParam No.1
03-02 12:01:32.139   843 14567 D EffectMiSound: MiSound_updateShareParam enter
03-02 12:01:32.139 17880 17880 I JavaheapMonitor: Disabled. Process name: <pre-initialized>
03-02 12:01:32.140   843 14567 I EffectMiSound: MiSound_updateState(), Speaker Dual Mode
03-02 12:01:32.140   843  3248 I EffectMiSound: MiSoundSetParameterThread: awake
03-02 12:01:32.140   843  3248 D EffectMiSound: Thread: setParam No.1 params MisoundEnable=1
03-02 12:01:32.140   843  3248 I EffectMiSound: MiSoundsetParameters_request: MisoundEnable=1
03-02 12:01:32.141   843  3248 D EffectMiSound: clientRequest: socket 32 write to server 264
03-02 12:01:32.142   843 14567 D AHAL_EffectMisound: commandImplstart, enable!
03-02 12:01:32.142   843  1078 W audio_hw_con: audio_handle_client_sock received client connect 33
03-02 12:01:32.142   843  1078 D audio_hw_con: [DEBUG] audio_con_thrad received param MisoundEnable=1
03-02 12:01:32.142   843  1078 D AudioALSAHardware: +setParameters(): MisoundEnable=1
03-02 12:01:32.142   843  1078 D AudioALSAHardware: setParameters: [DEBUG] setParameters keyMisoundEnable: 1
03-02 12:01:32.142   843  1078 D AudioALSAHardware: -setParameters(): MisoundEnable=1
03-02 12:01:32.142   843  3248 I EffectMiSound: MiSoundSetParameterThread: sleep
03-02 12:01:32.143   894  1284 D AudioFlinger: moveEffectChain_ll: successful move of session 0 from srcThread 0xb400007612849fe8 to dstThread 0xb400007619fd2fe8 (1 effects moved, 1 effects started)
03-02 12:01:32.143   894  1284 W AudioFlinger: moveEffectChain_ll: effect chain for session 0 not on source thread 0xb400007612849fe8
03-02 12:01:32.144 17880 17880 D MiuiMonitorThread: Shared singleton Thread for stability monitor start
03-02 12:01:32.145   894  1349 D audioserver: logFgsApiEnd: FGS Logger Transaction failed, -129
03-02 12:01:32.145   894  1284 I APM_AudioPolicyManager: isSpecialScenarioGame ClientName com.softnation.Ojam
03-02 12:01:32.145   894  1349 I EffectChain: ~EffectChain(): delete EffectChain = 0xb400007470cacb90
03-02 12:01:32.145   894  1349 D StreamHalAidl: setParameters: parameters: "NoAudioTrack=1"
03-02 12:01:32.145   894  1349 D StreamHalAidl: setParameters: parameters: NoAudioTrack=1
03-02 12:01:32.146   894  1284 V audio_utils::mutex: mutex_impl: audio_mutex initialized: ret:0  order:6
03-02 12:01:32.148   894  1283 D AudioSystem: +setParameters(): app_name=-com.softnation.Ojam 
03-02 12:01:32.148   894  1283 D AudioSystem: start get log level!
03-02 12:01:32.150   843 14567 D AudioALSAHardware: +setParameters(): app_name=-com.softnation.Ojam
03-02 12:01:32.150   843 14567 D AudioALSAHardware: setParameters: [DEBUG] setParameters misound AppName: -com.softnation.Ojam
03-02 12:01:32.150   843 14567 I AudioALSAHardware: updateMisoundMode() mMisoundScenario 4, devices 0x23, mMisoundEnable 1, targetScenario ALL
03-02 12:01:32.150   843 14567 D AudioALSAHardware: -setParameters(): app_name=-com.softnation.Ojam
03-02 12:01:32.153   843 14567 D AHAL_ModuleBluetooth: setVendorParameters: parameter count 1, async: 0
03-02 12:01:32.153   843 14567 D AHAL_ModuleBluetooth: setVendorParameters: app_name=-com.softnation.Ojam
03-02 12:01:32.154  2363  2393 I ndroid.systemui: NativeAlloc concurrent mark compact GC freed 3168KB AllocSpace bytes, 11(220KB) LOS objects, 36% free, 62MB/98MB, paused 2.621ms,10.239ms total 960.943ms
03-02 12:01:32.155   894  1284 V audio_utils::mutex: mutex_impl: audio_mutex initialized: ret:0  order:6
03-02 12:01:32.156   894  1283 D AudioSystem: +setParameters(): app_name=-com.softnation.Ojam 
03-02 12:01:32.156   894  1283 D AudioSystem: start get log level!
03-02 12:01:32.156   894  1283 V audio_utils::mutex: mutex_impl: audio_mutex initialized: ret:0  order:20
03-02 12:01:32.159   894  1349 D StreamHalAidl: setParameters: parameters: "app_name=-com.softnation.Ojam"
03-02 12:01:32.159   894  1349 D StreamHalAidl: setParameters: parameters: app_name=-com.softnation.Ojam
03-02 12:01:32.160   843 14567 D AudioALSAStreamOut: +setParameters(): flag 8
03-02 12:01:32.160   843 14567 W AudioALSAStreamOut: setParameters(), still have param.size() = 1
03-02 12:01:32.160   843 14567 E AHAL_Stream: setVendorParameters: unrecognized parameter "app_name=-com.softnation.Ojam"
03-02 12:01:32.160   894  1349 E ConversionHelperAidl: Function: parseAndSetVendorParameters Line: 107 Failed 
03-02 12:01:32.161   894  1284 V AudioPolicyInterfaceImpl: doStopOutput(): client portId 8513, active 0, ActiveClientRefCount 0
03-02 12:01:32.161   894  1284 V AudioPolicyInterfaceImpl: doReleaseOutput from tid 1284
03-02 12:01:32.161   894  1284 D APM_AudioPolicyManager: releaseOutput() output 21, stream 3, session 57865 [uid=10337]
03-02 12:01:32.178 17880 17880 D ActivityThread: setEmbeddedParam packageName=com.google.android.apps.nbu.files processName=com.google.android.apps.nbu.files isEmbedded=false isIsolated=false
03-02 12:01:32.187 17880 17880 D ApplicationLoaders: Returning zygote-cached class loader: /system_ext/framework/androidx.window.extensions.jar
03-02 12:01:32.187 17880 17880 D ApplicationLoaders: Returning zygote-cached class loader: /system_ext/framework/androidx.window.sidecar.jar
03-02 12:01:32.188  2061  2061 I MiuiWallpaper-MiuiWallpaperManagerService: receive broadcast action = android.intent.action.PACKAGE_RESTARTED
03-02 12:01:32.188  1621  1666 I SmartPower: com.milink.service:audio/10190(19603): idle->background(103449ms) R(broadcast start Intent { act=android.intent.action.PACKAGE_RESTARTED dat=package: flg=0x4000010 (has extras) }) adj=100.
03-02 12:01:32.190   861   947 I libPerfCtl: xgfGetFPS pid:921 fps:-1
03-02 12:01:32.191   861   947 I libPerfCtl: xgfGetFPS pid:1999 fps:-1
03-02 12:01:32.191   861   947 I libPerfCtl: xgfGetFPS pid:2363 fps:-1
03-02 12:01:32.191   861   947 I libPerfCtl: xgfGetFPS pid:11917 fps:-1
03-02 12:01:32.191   861   947 I libPerfCtl: xgfGetFPS pid:27281 fps:-1
03-02 12:01:32.208  1621  1730 D AS.BtHelper: isBluetoothScoOn() mBluetoothHeadset is null: falsemBluetoothHeadsetDevice is null: true
03-02 12:01:32.208  1621  1730 V AS.AudioDeviceBroker: requestedCommunicationDevice: null mAudioModeOwner: AudioModeInfo: mMode=MODE_NORMAL, mPid=0, mUid=0
03-02 12:01:32.208  1621  1730 D AS.BtHelper: isBluetoothScoOn() mBluetoothHeadset is null: falsemBluetoothHeadsetDevice is null: true
03-02 12:01:32.209  1621  1730 V AS.AudioDeviceBroker: requestedCommunicationDevice: null mAudioModeOwner: AudioModeInfo: mMode=MODE_NORMAL, mPid=0, mUid=0
03-02 12:01:32.225  1621  1918 E HyperSentinel: -------------------------------------------------------
03-02 12:01:32.226  1621  1918 E HyperSentinel: Event_OpenFileFDSize
03-02 12:01:32.226  1621  1918 E HyperSentinel: -> audit event by proc 1621 "system_server": Fd increasement, peak, 844 -> 1051
03-02 12:01:32.226  1621  1917 D MiuiSentinelService: begin judgment FdAmountLeakException
03-02 12:01:32.232   921   921 I MI-SF   : surfaceflinger setAffinity mode=0
03-02 12:01:32.233   921   921 E MI-SF   : surfaceflinger setAffinity success
03-02 12:01:32.246   921   921 I BufferQueueProducer: [StatusBar#109](this:0xb400007bcec4ab68,id:-1,api:0,p:-1,c:921) queueBuffer: fps=0.33 dur=3014.80 max=3014.80 min=3014.80
03-02 12:01:32.250 17861 17861 W oid.apps.photos: Failed to find entry 'classes.dex': Entry not found
03-02 12:01:32.253 17861 17861 W oid.apps.photos: Failed to find entry 'classes.dex': Entry not found
03-02 12:01:32.258 17861 17861 W oid.apps.photos: Failed to find entry 'classes.dex': Entry not found
03-02 12:01:32.263 17861 17861 D nativeloader: Configuring clns-7 for other apk /data/app/~~eFQJQrXi9rcujl59WTF5pA==/com.google.android.apps.photos-lcd7avm9C4hx-h2uSVnu1g==/base.apk:/data/app/~~eFQJQrXi9rcujl59WTF5pA==/com.google.android.apps.photos-lcd7avm9C4hx-h2uSVnu1g==/split_config.arm64_v8a.apk:/data/app/~~eFQJQrXi9rcujl59WTF5pA==/com.google.android.apps.photos-lcd7avm9C4hx-h2uSVnu1g==/split_config.en.apk:/data/app/~~eFQJQrXi9rcujl59WTF5pA==/com.google.android.apps.photos-lcd7avm9C4hx-h2uSVnu1g==/split_config.xxhdpi.apk. target_sdk_version=36, uses_libraries=libOpenCL.so, library_path=/data/app/~~eFQJQrXi9rcujl59WTF5pA==/com.google.android.apps.photos-lcd7avm9C4hx-h2uSVnu1g==/lib/arm64:/data/app/~~eFQJQrXi9rcujl59WTF5pA==/com.google.android.apps.photos-lcd7avm9C4hx-h2uSVnu1g==/base.apk!/lib/arm64-v8a:/data/app/~~eFQJQrXi9rcujl59WTF5pA==/com.google.android.apps.photos-lcd7avm9C4hx-h2uSVnu1g==/split_config.arm64_v8a.apk!/lib/arm64-v8a:/data/app/~~eFQJQrXi9rcujl59WTF5pA==/com.google.android.apps.photos-lcd7avm9C4hx-h2uSVnu1g==/split_config.en.apk!/lib
03-02 12:01:32.276  2363  2395 D MediaPlayer: finalize() native_finalize called
03-02 12:01:32.276  2363  2395 D MediaPlayer: finalize() native_finalize finished
03-02 12:01:32.293 17880 17880 W .apps.nbu.files: Failed to find entry 'classes.dex': Entry not found
03-02 12:01:32.295 17880 17880 W .apps.nbu.files: Failed to find entry 'classes.dex': Entry not found
03-02 12:01:32.296 17880 17880 W .apps.nbu.files: Failed to find entry 'classes.dex': Entry not found
03-02 12:01:32.298 17880 17880 D nativeloader: Configuring clns-7 for other apk /data/app/~~tUDAqJplkXFY7fGcXiSC3w==/com.google.android.apps.nbu.files-V_FwCkGR4Sz3BY259UciRA==/base.apk:/data/app/~~tUDAqJplkXFY7fGcXiSC3w==/com.google.android.apps.nbu.files-V_FwCkGR4Sz3BY259UciRA==/split_config.arm64_v8a.apk:/data/app/~~tUDAqJplkXFY7fGcXiSC3w==/com.google.android.apps.nbu.files-V_FwCkGR4Sz3BY259UciRA==/split_config.en.apk:/data/app/~~tUDAqJplkXFY7fGcXiSC3w==/com.google.android.apps.nbu.files-V_FwCkGR4Sz3BY259UciRA==/split_config.xxhdpi.apk. target_sdk_version=36, uses_libraries=, library_path=/data/app/~~tUDAqJplkXFY7fGcXiSC3w==/com.google.android.apps.nbu.files-V_FwCkGR4Sz3BY259UciRA==/lib/arm64:/data/app/~~tUDAqJplkXFY7fGcXiSC3w==/com.google.android.apps.nbu.files-V_FwCkGR4Sz3BY259UciRA==/base.apk!/lib/arm64-v8a:/data/app/~~tUDAqJplkXFY7fGcXiSC3w==/com.google.android.apps.nbu.files-V_FwCkGR4Sz3BY259UciRA==/split_config.arm64_v8a.apk!/lib/arm64-v8a:/data/app/~~tUDAqJplkXFY7fGcXiSC3w==/com.google.android.apps.nbu.files-V_FwCkGR4Sz3BY259UciRA==/split_config
03-02 12:01:32.302 17861 17861 V GraphicsEnvironment: Currently set values for:
03-02 12:01:32.302 17861 17861 V GraphicsEnvironment:   angle_gl_driver_selection_pkgs=[]
03-02 12:01:32.302 17861 17861 V GraphicsEnvironment:   angle_gl_driver_selection_values=[]
03-02 12:01:32.302 17861 17861 V GraphicsEnvironment: Global.Settings values are invalid: number of packages: 0, number of values: 0
03-02 12:01:32.302 17861 17861 V GraphicsEnvironment: Neither updatable production driver nor prerelease driver is supported.
03-02 12:01:32.304 17861 17861 I ActivityThread: TrafficStats init done
03-02 12:01:32.306  1621  1730 I ClipboardServiceI: checkProviderWakePathForClipboard: primaryClip is null
03-02 12:01:32.311 17861 17861 D ActivityThread: useGrowthLimitOutExpendMethod invoke error.
03-02 12:01:32.312 17861 17861 I ForceDarkHelperStubImpl: initialize for com.google.android.apps.photos , ForceDarkOrigin
03-02 12:01:32.315  1621  5247 W XSpaceManagerServiceImpl: checkXSpaceControl, from:com.android.shell, to:com.softnation.Ojam, with act:null, callingUserId:0, toUserId:0
03-02 12:01:32.316  1621  5247 W ActivityTaskManager: callingPackage for (uid=2000, pid=17904) has no WPC
03-02 12:01:32.317 17861 17861 D nativeloader: Load libforcedarkimpl.so using system ns (caller=/system_ext/framework/miui-framework.jar): ok
03-02 12:01:32.317 17861 17861 D HWUI    : JNI_OnLoad success
03-02 12:01:32.318 17861 17861 I MiuiForceDarkConfig: setConfig density:2.750000, mainRule:0, secondaryRule:0, tertiaryRule:0
03-02 12:01:32.319  1621  5247 D PreStartingManager: Not init when use PreStartingManager!
03-02 12:01:32.319  1621  5247 W OptProp : Cannot read opt property android.window.PROPERTY_COMPAT_ALLOW_ORIENTATION_OVERRIDE
03-02 12:01:32.320  1621  5247 V GrammaticalInflectionUtils: AttributionSource: android.content.AttributionSource@19923ceb does not have READ_SYSTEM_GRAMMATICAL_GENDER permission.
03-02 12:01:32.321  1621  5247 W OptProp : Cannot read opt property android.window.PROPERTY_COMPAT_ALLOW_RESIZEABLE_ACTIVITY_OVERRIDES
03-02 12:01:32.322  1621  5247 W OptProp : Cannot read opt property android.window.PROPERTY_COMPAT_ALLOW_MIN_ASPECT_RATIO_OVERRIDE
03-02 12:01:32.324  1621  5247 I ActivityTaskManager: isKeyguardEditor: false, newTransition: TransitionRecord{10ce2a0 id=10192 type=OPEN flags=0x0}
03-02 12:01:32.324  1621  5247 D WindowManager: Collecting in transition 10192: ActivityRecord{7496e59 u0 com.softnation.Ojam/.MainActivity init visibleRequested:false
03-02 12:01:32.325  1621  5247 D MiuiFreeformServiceImpl: addLaunchFreeformActivityOptionIfNeed skip due to not find sourceTask: null sourceFfas: null sourceFreeFormActivity: null
03-02 12:01:32.326 17861 17861 I ActivityThread: Miui Feature Init done
03-02 12:01:32.326  1621  5247 I PowerHalWrapper: PowerHalWrapper.getInstance 
03-02 12:01:32.326  1621  5247 D PerfMTKStubImpl: initBoostParamByDevice
03-02 12:01:32.327  2363  2477 D OneHandedController: stopOneHanded state is 0
03-02 12:01:32.328   921  1500 I BufferQueueDebug: [Task=37051#134746](this:0xb400007bcec8c358,id:-1,api:0,p:-1,c:-1) BufferQueue core=(921:/system/bin/surfaceflinger)
03-02 12:01:32.329 17880 17880 V GraphicsEnvironment: Currently set values for:
03-02 12:01:32.329 17880 17880 V GraphicsEnvironment:   angle_gl_driver_selection_pkgs=[]
03-02 12:01:32.329 17880 17880 V GraphicsEnvironment:   angle_gl_driver_selection_values=[]
03-02 12:01:32.329 17880 17880 V GraphicsEnvironment: Global.Settings values are invalid: number of packages: 0, number of values: 0
03-02 12:01:32.329 17880 17880 V GraphicsEnvironment: Neither updatable production driver nor prerelease driver is supported.
03-02 12:01:32.330  1621  5247 D WindowManager: setLockTaskAuth: task=Task{c6d88cc #37051 type=standard A=10337:com.softnation.Ojam} mLockTaskAuth=LOCK_TASK_AUTH_PINNABLE
03-02 12:01:32.330  1621  5247 D WindowManager: Collecting in transition 10192: Task{c6d88cc #37051 type=standard A=10337:com.softnation.Ojam} init visibleRequested:false
03-02 12:01:32.331 17880 17880 I ActivityThread: TrafficStats init done
03-02 12:01:32.331   921  1500 I BufferQueueDebug: [ActivityRecord{7496e59 u0 com.softnation.Ojam/.MainActivity t37051}#134747](this:0xb400007bcec8f0e8,id:-1,api:0,p:-1,c:-1) BufferQueue core=(921:/system/bin/surfaceflinger)
