03-02 12:01:32.427  1999  1999 D ShortcutMenuLayerElement: 	at com.android.internal.os.RuntimeInit$MethodAndArgsCaller.run(RuntimeInit.java:636)
03-02 12:01:32.427  1999  1999 D ShortcutMenuLayerElement: 	at com.android.internal.os.ZygoteInit.main(ZygoteInit.java:1005)
03-02 12:01:32.427  1999  1999 D WallpaperElement: setTo   zoomOut=1.0 useWallpaperAnim = false
03-02 12:01:32.427  1999  1999 D RecentBlurViewElement: setTo: params = RecentBlurParams(blurRadius=0.0, dimming=0.0, dampingRatio=0.95, response=0.45) blurView = null
03-02 12:01:32.428  1621  1651 I ActivityTaskManager: visible for Task{27e6aff #2 type=home I=com.miui.home/.launcher.Launcher} visible = true isAnimating = false TRANSITION = false PARENTS = false CHILDREN = false
03-02 12:01:32.430  1999  2684 D TaskSnapshotCompatVV: getIsInvalidateFromTaskSnapshot, return, mTaskSnapshot=null, mTaskSnapshotClazz=null
03-02 12:01:32.430   921   921 I SurfaceFlinger: onHandleDestroyed: name=Surface(name=77d8129 NavigationBar0#101614)/@0x3faba4f - animation-leash of insets_animation#134738, layerId=134738, parentId=0
03-02 12:01:32.430   921   921 I SurfaceFlinger: onHandleDestroyed: name=Surface(name=5b2ee94 StatusBar#103)/@0xf6cf932 - animation-leash of insets_animation#134737, layerId=134737, parentId=0
03-02 12:01:32.436  1999  1999 E WindowTransitionCompat: com.android.systemui.shared.recents.system.WindowTransitionCompat@dabc8f5 finishTransition toHome = true
03-02 12:01:32.436  1999  1999 D TransitionCallback: call executeFinishCallback, toHome = true
03-02 12:01:32.436  1999  1999 D TransitionCallback: java.lang.Exception
03-02 12:01:32.436  1999  1999 D TransitionCallback: 	at com.android.systemui.shared.recents.utilities.WindowTransitionCallbackHelper.executeFinishCallback(WindowTransitionCallbackHelper.java:227)
03-02 12:01:32.436  1999  1999 D TransitionCallback: 	at com.android.systemui.shared.recents.utilities.WindowTransitionCallbackHelper.executeFinishCallback(WindowTransitionCallbackHelper.java:163)
03-02 12:01:32.436  1999  1999 D TransitionCallback: 	at com.android.systemui.shared.recents.system.WindowTransitionCompat.finishTransition(WindowTransitionCompat.java:718)
03-02 12:01:32.436  1999  1999 D TransitionCallback: 	at com.miui.home.recents.anim.WindowElement.finishTransitionCompat(WindowElement.kt:344)
03-02 12:01:32.436  1999  1999 D TransitionCallback: 	at com.miui.home.recents.anim.WindowElement.finishTransition$lambda-4(WindowElement.kt:335)
03-02 12:01:32.436  1999  1999 D TransitionCallback: 	at com.miui.home.recents.anim.WindowElement.$r8$lambda$UZ5TJoxl6FF6JNmPqASbjBBP00o(Unknown Source:0)
03-02 12:01:32.436  1999  1999 D TransitionCallback: 	at com.miui.home.recents.anim.WindowElement$$ExternalSyntheticLambda10.run(Unknown Source:8)
03-02 12:01:32.436  1999  1999 D TransitionCallback: 	at android.os.Handler.handleCallback(Handler.java:959)
03-02 12:01:32.436  1999  1999 D TransitionCallback: 	at android.os.Handler.dispatchMessage(Handler.java:100)
03-02 12:01:32.436  1999  1999 D TransitionCallback: 	at android.os.Looper.loopOnce(Looper.java:249)
03-02 12:01:32.436  1999  1999 D TransitionCallback: 	at android.os.Looper.loop(Looper.java:337)
03-02 12:01:32.436  1999  1999 D TransitionCallback: 	at android.app.ActivityThread.main(ActivityThread.java:9500)
03-02 12:01:32.436  1999  1999 D TransitionCallback: 	at java.lang.reflect.Method.invoke(Native Method)
03-02 12:01:32.436  1999  1999 D TransitionCallback: 	at com.android.internal.os.RuntimeInit$MethodAndArgsCaller.run(RuntimeInit.java:636)
03-02 12:01:32.436  1999  1999 D TransitionCallback: 	at com.android.internal.os.ZygoteInit.main(ZygoteInit.java:1005)
03-02 12:01:32.436  1999  1999 I TransitionCallback: addCallbackListenerSync callBack:com.android.systemui.shared.recents.system.WindowTransitionCompat$1@b3ee4fb
03-02 12:01:32.436  1999  1999 I TransitionCallback: mNeedShowLauncher = false
03-02 12:01:32.436  1999  1999 I TransitionCallback: addCallbackListenerSync callBack:null
03-02 12:01:32.436  1999  1999 I TransitionCallback: com.android.systemui.shared.recents.utilities.WindowTransitionCallbackHelper@9141f74 call finishMainCallback, wct = null, sct = android.view.SurfaceControl$Transaction@8ae2918, callback = android.window.IRemoteTransitionFinishedCallback$Stub$Proxy@abbdec8, mCounterRotatorList.size = 0, mInfoExposeList.size = 1, token = android.os.BinderProxy@ac890dc
03-02 12:01:32.437  1999  1999 I TransitionCallback: call onTransitionFinishedWithCallback end
03-02 12:01:32.437  2363  2477 I RemoteTransitionHandlerStubImpl: putCallback transition: android.os.BinderProxy@4f7ec1a, wctCB: android.window.IWindowContainerTransactionCallback$Stub$Proxy@3f8e873
03-02 12:01:32.437  1999  1999 I TransitionCallback: execute finishMainCallbackSync return, no need post delay
03-02 12:01:32.437  2363  2477 D SoScUtils: monitorTransitionFinished transition:android.os.BinderProxy@4f7ec1a transaction: android.view.SurfaceControl$Transaction@3c03330 mRequestCloseTransition:null mRequestOpenTransition:null mRequestOpenTransitionWithSameTask size:0 mPairsOpenTransition:null mPairsOpenTransitionNull:null mRequestOpenTriggerTask:-1 mRequestCloseTriggerTask:-1 mOrientationTransition: null mMainStartingTask:-1 mSideStartingTask:-1
03-02 12:01:32.440  1621  1638 D WindowManager: Finish Transition (#10191): created at 03-02 12:01:31.570 collect-started=0.741ms request-sent=1.435ms started=29.82ms ready=29.783ms sent=288.928ms finished=869.82ms
03-02 12:01:32.440  1621  2655 W ActivityManager: pid 1621 system sent binder code 7 with flags 1 to frozen apps and got error -32
03-02 12:01:32.441  1621  2655 W WindowManager: Exception thrown during dispatchAppVisibility Window{8b58de8 u0 com.softnation.Ojam/com.softnation.Ojam.MainActivity EXITING}
03-02 12:01:32.441  1621  2655 W WindowManager: android.os.DeadObjectException
03-02 12:01:32.441  1621  2655 W WindowManager: 	at android.os.BinderProxy.transactNative(Native Method)
03-02 12:01:32.441  1621  2655 W WindowManager: 	at android.os.BinderProxy.transact(BinderProxy.java:682)
03-02 12:01:32.441  1621  2655 W WindowManager: 	at android.view.IWindow$Stub$Proxy.dispatchAppVisibility(IWindow.java:655)
03-02 12:01:32.441  1621  2655 W WindowManager: 	at com.android.server.wm.WindowState.sendAppVisibilityToClients(WindowState.java:3529)
03-02 12:01:32.441  1621  2655 W WindowManager: 	at com.android.server.wm.WindowContainer.sendAppVisibilityToClients(WindowContainer.java:1387)
03-02 12:01:32.441  1621  2655 W WindowManager: 	at com.android.server.wm.WindowToken.setClientVisible(WindowToken.java:423)
03-02 12:01:32.441  1621  2655 W WindowManager: 	at com.android.server.wm.ActivityRecord.setClientVisible(ActivityRecord.java:8426)
03-02 12:01:32.441  1621  2655 W WindowManager: 	at com.android.server.wm.ActivityRecord.postApplyAnimation(ActivityRecord.java:6989)
03-02 12:01:32.441  1621  2655 W WindowManager: 	at com.android.server.wm.ActivityRecord.commitVisibility(ActivityRecord.java:6931)
03-02 12:01:32.441  1621  2655 W WindowManager: 	at com.android.server.wm.Transition.finishTransition(Transition.java:1589)
03-02 12:01:32.441  1621  2655 W WindowManager: 	at com.android.server.wm.TransitionController.finishTransition(TransitionController.java:1153)
03-02 12:01:32.441  1621  2655 W WindowManager: 	at com.android.server.wm.WindowOrganizerController.finishTransition(WindowOrganizerController.java:578)
03-02 12:01:32.441  1621  2655 W WindowManager: 	at android.window.IWindowOrganizerController$Stub.onTransact(IWindowOrganizerController.java:324)
03-02 12:01:32.441  1621  2655 W WindowManager: 	at com.android.server.wm.WindowOrganizerController.onTransact(WindowOrganizerController.java:234)
03-02 12:01:32.441  1621  2655 W WindowManager: 	at android.os.Binder.execTransactInternal(Binder.java:1507)
03-02 12:01:32.441  1621  2655 W WindowManager: 	at android.os.Binder.execTransact(Binder.java:1451)
03-02 12:01:32.442  1621  2655 W Process : Unable to open /proc/11113/status
03-02 12:01:32.442  1621  2655 I Transition: finishTransition: updateLastSurfacePosition tf=Task{27e6aff #2 type=home I=com.miui.home/.launcher.Launcher}
03-02 12:01:32.442  1999  2652 I RectFSpringAnim: TransitionTest MultiSpringDynamicAnimation on end. this=com.miui.home.recents.util.RectFSpringAnim@33cff71
03-02 12:01:32.442  1999  2652 I RectFSpringAnim: changeAnimStart start=false
03-02 12:01:32.442  1999  2652 I WindowElement: f2c89b0 reset mDisableStateManagerListener false.
03-02 12:01:32.442  1999  2652 I WindowElement: f2c89b0 com.miui.home.recents.anim.WindowElement@f2c89b0 TransitionTest onAnimationEnd AnimType = CLOSE_TO_HOME_CENTER allowShellListener = true, isDuringMerge=false, mUserAnimListener=com.miui.home.recents.anim.WindowAnimParamsProvider$getClosingWindowAnimParams$animListener$1@9b03927
03-02 12:01:32.442  1621  2655 I Transition: finishTransition: updateLastSurfacePosition tf=Task{bc41d12 #37050 type=standard A=10337:com.softnation.Ojam}
03-02 12:01:32.442  1621  2655 I Transition: finishTransition: updateLastSurfacePosition tf=Task{d151cdd #1 type=home}
03-02 12:01:32.444  1999  1999 W WindowElement: f2c89b0 Calling onShellAnimationEnd() and couldExecuteShellAnimEnd is false
03-02 12:01:32.444  1999  1999 E RotationHelper: setCurrentTransitionRequest: request=0
03-02 12:01:32.444  1621  2655 D MiuiRefreshRatePolicy: reset
03-02 12:01:32.445   921   921 I BufferQueueDebug: [Surface(name=5b2ee94 StatusBar#103)/@0xf6cf932 - animation-leash of insets_animation#134737](this:0xb400007bcec561a8,id:-1,api:0,p:-1,c:921) onDestructor()
03-02 12:01:32.445   921   921 I BufferQueueDebug: [Surface(name=77d8129 NavigationBar0#101614)/@0x3faba4f - animation-leash of insets_animation#134738](this:0xb400007bceccadb8,id:-1,api:0,p:-1,c:921) onDestructor()
03-02 12:01:32.446  1621  2655 I PowerManagerServiceImpl: Release wakelock: SCREEN_BRIGHT_WAKE_LOCK           'WindowManager/displayId:0' ON_AFTER_RELEASE DISABLED ACQ=-1m29s606ms (uid=1000 pid=1621 pkg=android ws=WorkSource{10337 com.softnation.Ojam})
03-02 12:01:32.449  1621  2655 D WindowManager: setParent old=ActivityRecord{5f1b774 u0 com.softnation.Ojam/.MainActivity t37050 f} isExiting},new=null,this window=Window{8b58de8 u0 com.softnation.Ojam/com.softnation.Ojam.MainActivity EXITING},callers=com.android.server.wm.WindowContainer.removeChild:897 com.android.server.wm.ActivityRecord.removeChild:5518 com.android.server.wm.ActivityRecord.removeChild:505 com.android.server.wm.WindowContainer.removeImmediately:967 com.android.server.wm.WindowState.removeImmediately:2526 com.android.server.wm.WindowContainer.removeImmediately:931 
03-02 12:01:32.451 27281 27281 I brdz    : onPause
03-02 12:01:32.451  1621  2655 D MiuiRefreshRatePolicy: reset
03-02 12:01:32.453  1621  2655 D WindowManager: setParent old=Task{bc41d12 #37050 type=standard A=10337:com.softnation.Ojam},new=null,this window=ActivityRecord{5f1b774 u0 com.softnation.Ojam/.MainActivity t37050 f} isExiting},callers=com.android.server.wm.WindowContainer.removeChild:897 com.android.server.wm.TaskFragment.removeChild:3337 com.android.server.wm.Task.removeChild:1929 com.android.server.wm.Task.removeChild:1908 com.android.server.wm.WindowContainer.removeImmediately:967 com.android.server.wm.WindowToken.removeImmediately:374 
03-02 12:01:32.454   921  1166 I BufferQueueDebug: [Task=37050#134754](this:0xb400007bcec72948,id:-1,api:0,p:-1,c:-1) BufferQueue core=(921:/system/bin/surfaceflinger)
03-02 12:01:32.454  1999  2684 D RecentsModel: onTaskStackChangedBackground    MSG_TASK_STACK_CHANGE
03-02 12:01:32.454  1999  2684 D RecentsModel: boostTaskStackChangedThread, don't boost
03-02 12:01:32.455  1621  2655 D WindowManager: setParent old=DefaultTaskDisplayArea@262819365,new=null,this window=Task{bc41d12 #37050 type=standard A=10337:com.softnation.Ojam},callers=com.android.server.wm.WindowContainer.removeChild:897 com.android.server.wm.TaskDisplayArea.removeChildTask:360 com.android.server.wm.TaskDisplayArea.removeChild:351 com.android.server.wm.WindowContainer.removeImmediately:967 com.android.server.wm.TaskFragment.removeImmediately:3417 com.android.server.wm.Task.removeImmediately:3408 
03-02 12:01:32.455  6027 26949 I SCTaskStackListener: onTaskStackChanged! inSplit = false
03-02 12:01:32.455  1621  2655 D MiuiMultiWindowUtils: DeviceLevel.IS_MIUI_LITE_VERSION 2.0 not support miui multiWindowtides
03-02 12:01:32.455  1621  2655 D MiuiMultiWindowUtils: DeviceLevel.IS_MIUI_LITE_VERSION 2.0 not support miui multiWindowtides
03-02 12:01:32.456  2363  2477 I RemoteTransitionHandlerStubImpl: invokeAndRemoveWctCB transition: android.os.BinderProxy@4f7ec1a, wctCB: android.window.IWindowContainerTransactionCallback$Stub$Proxy@3f8e873
03-02 12:01:32.456  1999  2759 D TransitionCallback: Transitions all anim call WindowOrganizer.finishTransition end
03-02 12:01:32.456  1999  2759 I TransitionCallback: checkCallbackSync, size = 1
03-02 12:01:32.456  2363  2477 I ShellTransitions: Is abandon offsetY: false
03-02 12:01:32.456  1999  2759 I WindowElement: f2c89b0 onFinishCompleted mDisableStateManagerListener = false
03-02 12:01:32.456  1621  1730 W UserManagerService: Requested status bar icon for non-badged user 0
03-02 12:01:32.456  2363  2477 I ShellTransitions: Is abandon offsetY: false
03-02 12:01:32.456  2363  2477 E TaskViewTransitions: Found a launching TaskView in the wrong transition. All TaskView launches should be initiated by shell and in their own transition: 37051
03-02 12:01:32.456  1999  1999 D HomeLayerElement: releaseHomeLeash null
03-02 12:01:32.456  1999  1999 D HomeLayerElement: java.lang.Exception
03-02 12:01:32.456  1999  1999 D HomeLayerElement: 	at com.miui.home.recents.anim.HomeLayerElement.releaseHomeLeash(HomeLayerElement.kt:93)
03-02 12:01:32.456  1999  1999 D HomeLayerElement: 	at com.miui.home.recents.anim.WindowElement.onFinishCompleted$lambda-17(WindowElement.kt:1218)
03-02 12:01:32.456  1999  1999 D HomeLayerElement: 	at com.miui.home.recents.anim.WindowElement.$r8$lambda$9rzf3fTArGCTg2V355uRTOGSaa0(Unknown Source:0)
03-02 12:01:32.456  1999  1999 D HomeLayerElement: 	at com.miui.home.recents.anim.WindowElement$$ExternalSyntheticLambda2.run(Unknown Source:2)
03-02 12:01:32.456  1999  1999 D HomeLayerElement: 	at android.os.Handler.handleCallback(Handler.java:959)
03-02 12:01:32.456  1999  1999 D HomeLayerElement: 	at android.os.Handler.dispatchMessage(Handler.java:100)
03-02 12:01:32.456  1999  1999 D HomeLayerElement: 	at android.os.Looper.loopOnce(Looper.java:249)
03-02 12:01:32.456  1999  1999 D HomeLayerElement: 	at android.os.Looper.loop(Looper.java:337)
03-02 12:01:32.456  1999  1999 D HomeLayerElement: 	at android.app.ActivityThread.main(ActivityThread.java:9500)
03-02 12:01:32.456  1999  1999 D HomeLayerElement: 	at java.lang.reflect.Method.invoke(Native Method)
03-02 12:01:32.456  1999  1999 D HomeLayerElement: 	at com.android.internal.os.RuntimeInit$MethodAndArgsCaller.run(RuntimeInit.java:636)
03-02 12:01:32.456  1999  1999 D HomeLayerElement: 	at com.android.internal.os.ZygoteInit.main(ZygoteInit.java:1005)
03-02 12:01:32.457  1999  1999 I AnimStateManager: onAnimationEnd animSymbols(com.miui.home.recents.util.RectFSpringAnim@33cff71 com.miui.home.recents.util.RectFSpringAnim@33cff71)
03-02 12:01:32.457  1999  1999 I AnimStateManager: go to state com.miui.home.recents.anim.StateManager$IdleState@75a357d
03-02 12:01:32.457  2363  2477 E KeyguardTransitionHandlerImpl: activityCount = 0
03-02 12:01:32.457  2363  2477 E KeyguardTransitionHandlerImpl: activityCount = 0
03-02 12:01:32.457  2363  2477 D MiuiFreeformModeAnimation: startAnimation change: {WCT{android.window.IWindowContainerToken$Stub$Proxy@ae41156} m=OPEN f=NONE leash=Surface(name=Task=37051#134746)/@0xae3168a sb=Rect(0, 0 - 1080, 2460) eb=Rect(0, 0 - 1080, 2460) d=0 taskParent=-1} info.getType(): 1
03-02 12:01:32.457  2363  2477 D MiuiFreeformModeAnimation: startAnimation change: {WCT{android.window.IWindowContainerToken$Stub$Proxy@ee7c5d7} m=TO_BACK f=SHOW_WALLPAPER leash=Surface(name=Task=1#47)/@0xc4ad4fb sb=Rect(0, 0 - 1080, 2460) eb=Rect(0, 0 - 1080, 2460) d=0 taskParent=-1} info.getType(): 1
03-02 12:01:32.457  2363  2477 D SoScStageCoordinator: inCloseTransition:false pairsStartedWithCloseTransition:false isRequestCloseTriggerTask:false inSingleSoScState:false inSoScUnactivie:true closeStage:null
03-02 12:01:32.458  1621  2197 I ATMSImpl: cacheTasksForDefaultDisplay size=4
03-02 12:01:32.458  1621  1651 I ActivityTaskManager: visible for Task{27e6aff #2 type=home I=com.miui.home/.launcher.Launcher} visible = true isAnimating = false TRANSITION = false PARENTS = false CHILDREN = false
03-02 12:01:32.459  2363  2477 D TransitionAnimationHelper:  load default animation  type = 1 enter = false animAttr = 19 isTask = true translucent = false
03-02 12:01:32.460   921  1166 D SurfaceFlinger: [SF client] REMOVE (0xb400007caea0af30) for (1621:system_server)
03-02 12:01:32.460  1621  1651 W ActivityTaskManager: Can't find TaskDisplayArea to determine support for multi window. Task id=37050 attached=false
03-02 12:01:32.460  1999  2684 D RecentsModel: getRunningTask ignoreActivityType : 2 ,ignoreWindowMode:5
03-02 12:01:32.461  1999  2684 W RecentsModel: getRunningTask   taskInfo=TaskInfo{userId=0 taskId=37051 displayId=0 isRunning=true baseIntent=Intent { flg=0x10000000 cmp=com.softnation.Ojam/.MainActivity } baseActivity=ComponentInfo{com.softnation.Ojam/com.softnation.Ojam.MainActivity} topActivity=ComponentInfo{com.softnation.Ojam/com.softnation.Ojam.MainActivity} origActivity=null realActivity=ComponentInfo{com.softnation.Ojam/com.softnation.Ojam.MainActivity} numActivities=1 lastActiveTime=1032251879 supportsSplitScreenMultiWindow=true supportsMultiWindow=true resizeMode=1 isResizeable=true minWidth=-1 minHeight=-1 defaultMinSize=200 token=WCT{android.window.IWindowContainerToken$Stub$Proxy@10cd5d7} topActivityType=1 pictureInPictureParams=null shouldDockBigOverlays=false launchIntoPipHostTaskId=-1 lastParentTaskIdBeforePip=-1 displayCutoutSafeInsets=null topActivityInfo=ActivityInfo{6e8bec4 com.softnation.Ojam.MainActivity} launchCookies=[] positionInParent=Point(0, 0) parentTaskId=-1 isFocused=false isVisible=true isVisibleRequested=true isSleeping=false locusId=null displayAreaFeatureId=1 isTopActivityTransparent=false appCompatTaskInfo=AppCompatTaskInfo { topActivityInSizeCompat=false topActivityEligibleForLetterboxEducation= falseisLetterboxEducationEnabled= false isLetterboxDoubleTapEnabled= false topActivityEligibleForUserAspectRatioButton= false topActivityBoundsLetterboxed= false isFromLetterboxDoubleTap= false topActivityLetterboxVerticalPosition= -1 topActivityLetterboxHorizontalPosition= -1 topActivityLetterboxWidth=1080 topActivityLetterboxHeight=2460 isUserFullscreenOverrideEnabled=false isSystemFullscreenOverrideEnabled=false cameraCompatTaskInfo=CameraCompatTaskInfo { cameraCompatControlState=hidden freeformCameraCompatMode=inactive}} isImmersive=false mTopActivityRequestOrientation=1 mBehindAppLockPkg=null mOriginatingUid=0 isEmbedded=false shouldBeVisible=true mIsCastMode=false mTopActivityMediaSize=null mTopActivityRecordName=ActivityRecord{7496e59 u0 com.softnation.Ojam/.MainActivity t37051} mTopActivityOrientation=1}
03-02 12:01:32.461  1999  2684 D RecentsModel: preloadRecents runningTaskId:37051, mCurrentRunningTaskId:-1, mRecentsTaskLoadPlan=com.android.systemui.shared.recents.model.RecentsTaskLoadPlan@ad121ad
03-02 12:01:32.461  1621  2197 W UserManagerService: Requested status bar icon for non-badged user 0
03-02 12:01:32.461  1621  1651 D MiuiRefreshRatePolicy: reset
03-02 12:01:32.462  1999  2684 E ActivityManagerWrapper: get all recent tasks force including 37051
03-02 12:01:32.463  1621  1651 I ActivityTaskManager: visible for Task{27e6aff #2 type=home I=com.miui.home/.launcher.Launcher} visible = true isAnimating = false TRANSITION = false PARENTS = false CHILDREN = false
03-02 12:01:32.463   921   921 I SurfaceFlinger: onHandleDestroyed: name=Task=37050#134754, layerId=134754, parentId=0
03-02 12:01:32.464   921   921 I SurfaceFlinger: onHandleDestroyed: name=ActivityRecord{5f1b774 u0 com.softnation.Ojam/.MainActivity t37050}#134688, layerId=134688, parentId=0
03-02 12:01:32.464   921   921 I SurfaceFlinger: onHandleDestroyed: name=8b58de8 com.softnation.Ojam/com.softnation.Ojam.MainActivity#134696, layerId=134696, parentId=0
03-02 12:01:32.464   921   921 I SurfaceFlinger: onHandleDestroyed: name=com.softnation.Ojam/com.softnation.Ojam.MainActivity#134697, layerId=134697, parentId=0
03-02 12:01:32.464   921   921 I SurfaceFlinger: onHandleDestroyed: name=acc9e86 ActivityRecordInputSink com.softnation.Ojam/.MainActivity#134694, layerId=134694, parentId=0
03-02 12:01:32.464  2363  2477 D TransitionAnimationHelper:  load default animation  type = 1 enter = true animAttr = 18 isTask = true translucent = false
03-02 12:01:32.466  2363  2540 D ShellTransitions: speed ui!!!!!!!!!!!
03-02 12:01:32.466  2363  2477 I MultiTaskingTaskRepository: no MULTI_WINDOW, but base activity is null
03-02 12:01:32.467  1999  2759 D EventBus: No subscribers registered for event class com.miui.home.recents.messages.RecentTasksChangedEvent
03-02 12:01:32.467  1999  2759 D EventBus: No subscribers registered for event class org.greenrobot.eventbus.NoSubscriberEvent
03-02 12:01:32.467  1999  2759 D EventBus: No subscribers registered for event class com.miui.home.recents.messages.RecentTasksChangedEvent
03-02 12:01:32.467 16497 16497 I softnation.Ojam: Using CollectorTypeCMC GC.
03-02 12:01:32.467  1999  2759 D EventBus: No subscribers registered for event class org.greenrobot.eventbus.NoSubscriberEvent
03-02 12:01:32.467  2363  2477 D MulWinSwitchDecorViewModel: destroyWindowDecoration: taskId=37050 windowingMode=1 mWindowDecorByTaskId.size()=0 callers=com.android.wm.shell.fullscreen.FullscreenTaskListener.onTaskVanished:104 com.android.wm.shell.ShellTaskOrganizer.onTaskVanished:128 android.window.TaskOrganizer$1.lambda$onTaskVanished$6:317 android.window.TaskOrganizer$1.$r8$lambda$8ODi_1s42Z5SmyxWXsgMLDG64pA:0 android.window.TaskOrganizer$1$$ExternalSyntheticLambda0.run:0 
03-02 12:01:32.467  2363  2477 D MulWinSwitchDecorViewModel: handleEventReceiverIfMultiWinSwitchIsUnsupported: removeEventReceiver, callers=com.android.wm.shell.multitasking.miuimultiwinswitch.miuiwindowdecor.MulWinSwitchDecorViewModel.destroyWindowDecoration:82 com.android.wm.shell.fullscreen.FullscreenTaskListener.onTaskVanished:104 com.android.wm.shell.ShellTaskOrganizer.onTaskVanished:128 android.window.TaskOrganizer$1.lambda$onTaskVanished$6:317 android.window.TaskOrganizer$1.$r8$lambda$8ODi_1s42Z5SmyxWXsgMLDG64pA:0 
03-02 12:01:32.467  2363  2477 D MultiTaskingTaskRepository: onTaskVanished: taskInfo.taskId: 37050 current mMultiTaskingTaskInfoList: { ,37051 ,37050 ,37019 ,36980 ,36770 ,36289 ,5 ,4 }
03-02 12:01:32.467  2363  2477 D MultiTaskingTaskRepository: removeFullscreenTask taskId=37050
03-02 12:01:32.468  2363  2477 D MiuiFreeformModeCornerTipHandler: task#37050 onTaskVanished
03-02 12:01:32.468  2363  2477 I MiuiBubbleController: removeBubble: 37050 reason=2
03-02 12:01:32.468  1621  2197 I ATMSImpl: cacheTasksForDefaultDisplay size=4
03-02 12:01:32.468  2363  2477 I MultiTaskingTaskInfo: before call clearMaskControl task id = 37050, CoverLayerController = null, callers=com.android.wm.shell.multitasking.taskmanager.MultiTaskingTaskListener.onTaskVanished:148 com.android.wm.shell.ShellTaskOrganizer.onTaskVanished:141 android.window.TaskOrganizer$1.lambda$onTaskVanished$6:317 android.window.TaskOrganizer$1.$r8$lambda$8ODi_1s42Z5SmyxWXsgMLDG64pA:0 android.window.TaskOrganizer$1$$ExternalSyntheticLambda0.run:0 
03-02 12:01:32.468  2363  2477 I MultiTaskingTaskRepository: onTaskVanish multi list = [5, 4], full = [37051, 37019, 36980]
03-02 12:01:32.468  1999  2759 D EventBus: No subscribers registered for event class com.miui.home.recents.messages.RecentTasksChangedEvent
03-02 12:01:32.469  1999  2759 D EventBus: No subscribers registered for event class org.greenrobot.eventbus.NoSubscriberEvent
03-02 12:01:32.472  1999  2684 E ActivityManagerWrapper: getRecentTasksForceIncludingTaskIdIfValid: getRecentTasks: size=3
03-02 12:01:32.472  1999  2684 E ActivityManagerWrapper:  mainTaskId=37051   userId=0   windowMode=1   baseIntent=Intent { act=null flag=268435456 cmp=ComponentInfo{com.softnation.Ojam/com.softnation.Ojam.MainActivity} }
03-02 12:01:32.472  1999  2684 E ActivityManagerWrapper:  mainTaskId=37019   userId=0   windowMode=1   baseIntent=Intent { act=null flag=268435456 cmp=ComponentInfo{com.whatsapp/com.whatsapp.home.ui.HomeActivity} }
03-02 12:01:32.472  1999  2684 E ActivityManagerWrapper:  mainTaskId=36980   userId=0   windowMode=1   baseIntent=Intent { act=android.intent.action.MAIN flag=270532608 cmp=ComponentInfo{com.twitter.android/com.twitter.android.StartActivity} }
03-02 12:01:32.474  7123  7128 I adbd    : jdwp connection from 16497
03-02 12:01:32.478  1621  1651 I ActivityTaskManager: visible for Task{27e6aff #2 type=home I=com.miui.home/.launcher.Launcher} visible = true isAnimating = false TRANSITION = false PARENTS = false CHILDREN = false
03-02 12:01:32.479   921   921 I BufferQueueDebug: [ActivityRecord{5f1b774 u0 com.softnation.Ojam/.MainActivity t37050}#134688](this:0xb400007bcec58f38,id:-1,api:0,p:-1,c:921) onDestructor()
03-02 12:01:32.479   921   921 I BufferQueueDebug: [acc9e86 ActivityRecordInputSink com.softnation.Ojam/.MainActivity#134694](this:0xb400007bcec6a098,id:-1,api:0,p:-1,c:921) onDestructor()
03-02 12:01:32.479   921   921 I BufferQueueDebug: [Task=37050#134754](this:0xb400007bcec72948,id:-1,api:0,p:-1,c:921) onDestructor()
03-02 12:01:32.479   921   921 I BufferQueueDebug: [com.softnation.Ojam/com.softnation.Ojam.MainActivity#134697](this:0xb400007bcecd3668,id:-1,api:0,p:-1,c:921) onDestructor()
03-02 12:01:32.479   921  1484 E BpTransactionCompletedListener: Failed to transact (-32)
03-02 12:01:32.480   921   921 I BufferQueueDebug: [8b58de8 com.softnation.Ojam/com.softnation.Ojam.MainActivity#134696](this:0xb400007bcecdeca8,id:-1,api:0,p:-1,c:921) onDestructor()
03-02 12:01:32.482  1999  2684 D TaskSnapshotCompatVV: getIsInvalidateFromTaskSnapshot, return, mTaskSnapshot=null, mTaskSnapshotClazz=null
03-02 12:01:32.483  1999  2684 D RecentsModel: onTaskStackChangedBackground    MSG_TASK_STACK_CHANGE
03-02 12:01:32.483  1999  2684 D RecentsModel: boostTaskStackChangedThread, don't boost
03-02 12:01:32.485  1621  2197 I ATMSImpl: cacheTasksForDefaultDisplay size=4
03-02 12:01:32.487  1999  2684 D RecentsModel: getRunningTask ignoreActivityType : 2 ,ignoreWindowMode:5
03-02 12:01:32.487  1999  2684 W RecentsModel: getRunningTask   taskInfo=TaskInfo{userId=0 taskId=37051 displayId=0 isRunning=true baseIntent=Intent { flg=0x10000000 cmp=com.softnation.Ojam/.MainActivity } baseActivity=ComponentInfo{com.softnation.Ojam/com.softnation.Ojam.MainActivity} topActivity=ComponentInfo{com.softnation.Ojam/com.softnation.Ojam.MainActivity} origActivity=null realActivity=ComponentInfo{com.softnation.Ojam/com.softnation.Ojam.MainActivity} numActivities=1 lastActiveTime=1032251906 supportsSplitScreenMultiWindow=true supportsMultiWindow=true resizeMode=1 isResizeable=true minWidth=-1 minHeight=-1 defaultMinSize=200 token=WCT{android.window.IWindowContainerToken$Stub$Proxy@fc5452e} topActivityType=1 pictureInPictureParams=null shouldDockBigOverlays=false launchIntoPipHostTaskId=-1 lastParentTaskIdBeforePip=-1 displayCutoutSafeInsets=null topActivityInfo=ActivityInfo{1a6a8cf com.softnation.Ojam.MainActivity} launchCookies=[] positionInParent=Point(0, 0) parentTaskId=-1 isFocused=false isVisible=true isVisibleRequested=true isSleeping=false locusId=null displayAreaFeatureId=1 isTopActivityTransparent=false appCompatTaskInfo=AppCompatTaskInfo { topActivityInSizeCompat=false topActivityEligibleForLetterboxEducation= falseisLetterboxEducationEnabled= false isLetterboxDoubleTapEnabled= false topActivityEligibleForUserAspectRatioButton= false topActivityBoundsLetterboxed= false isFromLetterboxDoubleTap= false topActivityLetterboxVerticalPosition= -1 topActivityLetterboxHorizontalPosition= -1 topActivityLetterboxWidth=1080 topActivityLetterboxHeight=2460 isUserFullscreenOverrideEnabled=false isSystemFullscreenOverrideEnabled=false cameraCompatTaskInfo=CameraCompatTaskInfo { cameraCompatControlState=hidden freeformCameraCompatMode=inactive}} isImmersive=false mTopActivityRequestOrientation=1 mBehindAppLockPkg=null mOriginatingUid=0 isEmbedded=false shouldBeVisible=true mIsCastMode=false mTopActivityMediaSize=null mTopActivityRecordName=ActivityRecord{7496e59 u0 com.softnation.Ojam/.MainActivity t37051} mTopActivityOrientation=1}
03-02 12:01:32.487  1999  2684 D RecentsModel: preloadRecents runningTaskId:37051, mCurrentRunningTaskId:-1, mRecentsTaskLoadPlan=com.android.systemui.shared.recents.model.RecentsTaskLoadPlan@a7f225c
03-02 12:01:32.488  1999  2684 E ActivityManagerWrapper: get all recent tasks force including 37051
03-02 12:01:32.493  1999  2684 E ActivityManagerWrapper: getRecentTasksForceIncludingTaskIdIfValid: getRecentTasks: size=3
03-02 12:01:32.493  1999  2684 E ActivityManagerWrapper:  mainTaskId=37051   userId=0   windowMode=1   baseIntent=Intent { act=null flag=268435456 cmp=ComponentInfo{com.softnation.Ojam/com.softnation.Ojam.MainActivity} }
03-02 12:01:32.493  1999  2684 E ActivityManagerWrapper:  mainTaskId=37019   userId=0   windowMode=1   baseIntent=Intent { act=null flag=268435456 cmp=ComponentInfo{com.whatsapp/com.whatsapp.home.ui.HomeActivity} }
03-02 12:01:32.493  1999  2684 E ActivityManagerWrapper:  mainTaskId=36980   userId=0   windowMode=1   baseIntent=Intent { act=android.intent.action.MAIN flag=270532608 cmp=ComponentInfo{com.twitter.android/com.twitter.android.StartActivity} }
03-02 12:01:32.503 16497 16497 D nativeloader: Load libframework-connectivity-tiramisu-jni.so using APEX ns com_android_tethering for caller /apex/com.android.tethering/javalib/framework-connectivity-t.jar: ok
03-02 12:01:32.503  1999  2684 D TaskSnapshotCompatVV: getIsInvalidateFromTaskSnapshot, return, mTaskSnapshot=null, mTaskSnapshotClazz=null
03-02 12:01:32.510 16497 16497 I MessageMonitor: Load libmiui_runtime
03-02 12:01:32.515  1621  1730 D ActivityManager: getProcessesInErrorState callingUid=10383, CallingPid=10222
03-02 12:01:32.516  1621  5056 D SymlinkUtils: attachApplication file op go pass: 0 ms
03-02 12:01:32.517  1621  1918 E HyperSentinel: -------------------------------------------------------
03-02 12:01:32.517  1621  1918 E HyperSentinel: Event_ResidentSize
03-02 12:01:32.517  1621  1918 E HyperSentinel: -> audit event by proc 16497 "usap64": RSS increasement, peak 72200kb -> 108316kb
03-02 12:01:32.517  1621  1918 E HyperSentinel: -------------------------------------------------------
03-02 12:01:32.518  1621  1918 E HyperSentinel: Event_ThreadAmount
03-02 12:01:32.518  1621  1918 E HyperSentinel: -> audit event by proc 16497 "usap64": running threads amount, 0 -> 12
03-02 12:01:32.520   921   921 I BufferQueueProducer: [FramebufferSurface](this:0xb400007d8e9dff50,id:-1,api:1,p:921,c:921) queueBuffer: fps=12.75 dur=1255.14 max=722.03 min=9.17
03-02 12:01:32.524   921   921 I MI-SF   : surfaceflinger setAffinity mode=1
03-02 12:01:32.524   921   921 E MI-SF   : surfaceflinger setAffinity success
03-02 12:01:32.524   921   921 I MI-SF   : surfaceflinger setreAffinity reTid=1207
03-02 12:01:32.524   921   921 E MI-SF   : surfaceflinger setAffinity success
03-02 12:01:32.526  1621  1648 D Aurogon :  uid = 10337 switch to FG
03-02 12:01:32.528  1621  5056 W MiuiBoosterUtils: enable_miuibooster_launch : false
03-02 12:01:32.529  1621  1894 D isUidValid: uid = 10337
03-02 12:01:32.530  1621  1842 I MiuiNetworkPolicy: updateUidState uid = 10337, uidState = 2
03-02 12:01:32.538 16497 16497 I JavaheapMonitor: Disabled. Process name: <pre-initialized>
03-02 12:01:32.541 16497 17927 D MiuiDownscaleImpl: set override inverted scale : 1.0
03-02 12:01:32.544 16497 17927 D AppScoutStateMachine: 16497-ScoutStateMachinecreated
03-02 12:01:32.550 16497 16497 D MiuiMonitorThread: Shared singleton Thread for stability monitor start
03-02 12:01:32.565  1621  2197 I ClipboardServiceI: checkProviderWakePathForClipboard: primaryClip is null
03-02 12:01:32.588 17880 17933 W .apps.nbu.files: ClassLoaderContext classpath size mismatch. expected=1, found=0 (DLC[];PCL[base.apk*1150104373]{PCL[/system/framework/org.apache.http.legacy.jar*4025584831]#PCL[/system/framework/com.android.location.provider.jar*3414091812]#PCL[/system/framework/com.android.media.remotedisplay.jar*2042759013]#PCL[/system_ext/framework/androidx.window.extensions.jar*3622430006]#PCL[/system_ext/framework/androidx.window.sidecar.jar*2958050178]} | DLC[];PCL[])
03-02 12:01:32.588 16497 16497 D ActivityThread: setEmbeddedParam packageName=com.softnation.Ojam processName=com.softnation.Ojam isEmbedded=false isIsolated=false
03-02 12:01:32.607 17880 17933 W System  : ClassLoader referenced unknown path: 
03-02 12:01:32.608 17880 17933 D nativeloader: Configuring clns-8 for other apk . target_sdk_version=36, uses_libraries=, library_path=/data/app/~~PNgoFDHBmGdMmQt2moPCLQ==/com.google.android.gms-wSL8VlioUsna9-KnDrZN3A==/lib/arm64:/data/app/~~PNgoFDHBmGdMmQt2moPCLQ==/com.google.android.gms-wSL8VlioUsna9-KnDrZN3A==/base.apk!/lib/arm64-v8a, permitted_path=/data:/mnt/expand:/data/user/0/com.google.android.gms
03-02 12:01:32.653 17880 17933 W .apps.nbu.files: ClassLoaderContext classpath element checksum mismatch. expected=1150104373, found=4064642004 (DLC[];PCL[base.apk*1150104373]{PCL[/system/framework/org.apache.http.legacy.jar*4025584831]#PCL[/system/framework/com.android.location.provider.jar*3414091812]#PCL[/system/framework/com.android.media.remotedisplay.jar*2042759013]#PCL[/system_ext/framework/androidx.window.extensions.jar*3622430006]#PCL[/system_ext/framework/androidx.window.sidecar.jar*2958050178]} | DLC[];PCL[/data/app/~~tUDAqJplkXFY7fGcXiSC3w==/com.google.android.apps.nbu.files-V_FwCkGR4Sz3BY259UciRA==/base.apk*4064642004]{PCL[/system_ext/framework/androidx.window.extensions.jar*3622430006]#PCL[/system_ext/framework/androidx.window.sidecar.jar*2958050178]})
03-02 12:01:32.704  1621  2655 I ClipboardServiceI: checkProviderWakePathForClipboard: primaryClip is null
03-02 12:01:32.711  1621  1842 I MiuiNetworkPolicy: updateUidState uid = 10308, uidState = 8
03-02 12:01:32.726  1621  2197 I ClipboardServiceI: checkProviderWakePathForClipboard: primaryClip is null
03-02 12:01:32.726  1621  1907 D ProcessManager: real remove inactive uid : 10337 flag : 1
03-02 12:01:32.727  1621  1621 D BatteryStatsManagerStub: audio off uid=10337
03-02 12:01:32.728  1177  1177 I thermal_src: recvmsg_expect 5, but get 2 
03-02 12:01:32.728  1177  1177 V thermal_src: TA_DAEMON_CMD_GET_TPCB:ERROR ret=-1
03-02 12:01:32.728  1177  1177 E thermal_src: get_tpcb_from_kernel:error -1. retry...
03-02 12:01:32.728  1177  1177 I thermal_src: recvmsg_expect 5, but get 2 
03-02 12:01:32.728  1177  1177 V thermal_src: TA_DAEMON_CMD_GET_TPCB:ERROR ret=-1
03-02 12:01:32.728  1177  1177 E thermal_src: get_tpcb_from_kernel:error -1. retry...
03-02 12:01:32.728  1177  1177 I thermal_src: recvmsg_expect 5, but get 2 
03-02 12:01:32.728  1177  1177 V thermal_src: TA_DAEMON_CMD_GET_TPCB:ERROR ret=-1
03-02 12:01:32.728  1177  1177 E thermal_src: get_tpcb_from_kernel:error -1. retry...
03-02 12:01:32.728  1177  1177 I thermal_src: recvmsg_expect 4, but get 5 
03-02 12:01:32.728  1177  1177 V thermal_src: TA_DAEMON_CMD_SET_TTJ:ERROR ret=-1
03-02 12:01:32.728  1177  1177 E thermal_src: set_ttj_to_kernel 1:error -1
03-02 12:01:32.728  1177  1177 I thermal_src: recvmsg_expect 2, but get 5 
03-02 12:01:32.728  1177  1177 V thermal_src: waiting NOTIFY from kernel miss, -1
03-02 12:01:32.728  1177  1177 I thermal_src: recvmsg_expect 2, but get 5 
03-02 12:01:32.728  1177  1177 V thermal_src: waiting NOTIFY from kernel miss, -1
03-02 12:01:32.728  1177  1177 I thermal_src: recvmsg_expect 2, but get 4 
03-02 12:01:32.728  1177  1177 V thermal_src: waiting NOTIFY from kernel miss, -1
03-02 12:01:32.748  1999  1999 D Launcher_UnlockAnimationStateMachine: mResetIdleStateRunnable
03-02 12:01:32.759  1621  1730 D FileUtils: Rounded bytes from 8055762944 to 16000000000
03-02 12:01:32.801 17861 17861 I ContentProvider: com.google.android.apps.photos.cloudpicker onCreate use 258 ms!
03-02 12:01:32.826 17880 17946 E .apps.nbu.files: No package ID 6b found for resource ID 0x6b0b0013.
03-02 12:01:32.827 17880 17946 I FA      : App measurement initialized, version: 155007
03-02 12:01:32.828 17880 17946 I FA      : To enable debug logging run: adb shell setprop log.tag.FA VERBOSE
03-02 12:01:32.828 17880 17946 I FA      : To enable faster debug mode event logging run:
03-02 12:01:32.828 17880 17946 I FA      :   adb shell setprop debug.firebase.analytics.app com.google.android.apps.nbu.files
03-02 12:01:32.845 17861 17954 D nativeloader: Load /data/app/~~eFQJQrXi9rcujl59WTF5pA==/com.google.android.apps.photos-lcd7avm9C4hx-h2uSVnu1g==/lib/arm64/libnative_crash_handler_jni.so using class loader ns clns-7 (caller=/data/app/~~eFQJQrXi9rcujl59WTF5pA==/com.google.android.apps.photos-lcd7avm9C4hx-h2uSVnu1g==/base.apk!classes2.dex): ok
03-02 12:01:32.922  8942 17889 D AdvertisingIdClient: AdvertisingIdClient already created.
03-02 12:01:32.923  8942 17889 D AdvertisingIdClient: AdvertisingIdClient is not bounded. Starting to bind it...
03-02 12:01:32.934   849   849 I hwcomposer: [HWCDisplay] (0 updateFps():3667), (type:1, mode:2) fps:59.987652,dur:1000.21,max:24.20,min:9.13  
03-02 12:01:32.939  8942 17889 D AdvertisingIdClient: AdvertisingIdClient is bounded
03-02 12:01:32.940  8942 17889 W AdvertisingIdSettings: Package com.google.android.apps.nbu.files failed Ad Id permission check. Apps that target Android SDK 33 or higher should declare com.google.android.gms.permission.AD_ID in the app manifest to access Ad Id.
03-02 12:01:32.941 12297 12471 E msys    : E[N mns]_OnDiskCacheGetData(632)=>Start post callback cache refresh DNS resolution
03-02 12:01:32.941  8942 17889 I AdvertisingIdClient: shouldSendLog 1031360427
03-02 12:01:32.942  8942 17889 I AdvertisingIdClient: GetInfoInternal elapse 19ms
03-02 12:01:32.952 12297 12471 E msys    : E[N mns]_LogError(228)=>Failed to resolve using system DNS resolver, getaddrinfo(): No address associated with hostname
03-02 12:01:32.953 12297 12471 E msys    : E[N mns]_OnDiskCacheGetData(632)=>Start post callback cache refresh DNS resolution
03-02 12:01:32.956 12297 12471 E msys    : E[N mns]_LogError(228)=>Failed to resolve using system DNS resolver, getaddrinfo(): No address associated with hostname
03-02 12:01:32.957  1621  1842 I MiuiNetworkPolicy: updateUidState uid = 10204, uidState = 8
03-02 12:01:32.961  1621  1908 D PerfMTKStubImpl: perfLockReleaseHandler: 369802
03-02 12:01:32.961  1621  1908 I mtkpower_client: perf_lock_rel, hdl:369802, tid:1908
03-02 12:01:32.962  1621  1908 D SchedBoost: stopBoostInternal
03-02 12:01:32.962   863   958 I libPowerHal: [perfLockRel] hdl:369802, idx:2
03-02 12:01:32.962   863   958 I libPowerHal: [unsetGPUFreq] current min:0, max:0; scn_gpu_min:0, scn_gpu_max:-1; scn_gpu_min(HL):-1, scn_gpu_max(HL):-1
03-02 12:01:32.962   863   958 I libPowerHal: system_server: set gpu opp level: 31
03-02 12:01:32.963   863   958 I libPowerHal: system_server: set gpu opp level max: 0
03-02 12:01:32.963   863   958 I libPowerHal: [setGPUFreq] Soft min/max = (31, 0); Hard min/max = (31, 0)
03-02 12:01:32.963   863   958 I libPowerHal: [setGPUFreq] final min/max = (31, 0)
03-02 12:01:32.963   863   958 I libPowerHal: system_server: set gpu opp level: 31
03-02 12:01:32.963   863   958 I libPowerHal: system_server: set gpu opp level max: 0
03-02 12:01:32.963  1621  1908 D SchedBoost: thread tid=1999, priority is set to -10
03-02 12:01:32.964   863   958 I libPowerHal: [perfLockRel] Done for hdl : 369802
03-02 12:01:32.965  1621  1908 D SchedBoost: thread tid=2551, priority is set to -10
03-02 12:01:32.965  1621  1908 D SchedBoost: thread tid=2652, priority is set to -20
03-02 12:01:32.968 17861 17968 W JobInfo : Job 'com.google.android.apps.photos/com.google.android.libraries.social.async.BackgroundTaskJobService#1043' has a deadline with no functional constraints. The deadline won't improve job execution latency. Consider removing the deadline.
03-02 12:01:32.981   894  1349 D StreamHalAidl: 0xb400007450ca2e50 StreamOutHalAidl::standby
03-02 12:01:32.982   894  1349 D StreamHalAidl: 0xb400007450ca2e50 StreamOutHalAidl::pause
03-02 12:01:32.982   843  1348 D AHAL_Stream: cycle: received command Command{pause: Void{}} in writer
03-02 12:01:32.982   843  1348 I AHAL_Stream: pause()
03-02 12:01:32.982   843  1348 D MTKAdapterStreamLayer: pause(), 
03-02 12:01:32.982   843  1348 D AudioALSAStreamOut: pause() 0xb40000786189e480
03-02 12:01:32.982   843  1348 D AHAL_Stream: cycle: writing reply Reply{status: 0, fmqByteCount: 0, observable: Position{frames: 4844150852, timeNs: 614486517030086}, hardware: Position{frames: -1, timeNs: -1}, latencyMs: 85, xrunFrames: 0, state: PAUSED}
03-02 12:01:32.982   894  1349 D StreamHalAidl: 0xb400007450ca2e50 StreamOutHalAidl::flush
03-02 12:01:32.983   843  1348 D AHAL_Stream: cycle: received command Command{flush: Void{}} in writer
03-02 12:01:32.983   843  1348 I AHAL_Stream: flush()
03-02 12:01:32.983   843  1348 D MTKAdapterStreamLayer: flush(), 
03-02 12:01:32.983   843  1348 D AudioALSAStreamOut: flush() 0xb40000786189e480
03-02 12:01:32.983   843  1348 D AHAL_Stream: cycle: writing reply Reply{status: 0, fmqByteCount: 0, observable: Position{frames: 4844150852, timeNs: 614486517030086}, hardware: Position{frames: -1, timeNs: -1}, latencyMs: 85, xrunFrames: 0, state: IDLE}
03-02 12:01:32.984   843  1348 D AHAL_Stream: cycle: received command Command{standby: Void{}} in writer
03-02 12:01:32.984   843  1348 D AudioALSAStreamOut: standby(), flag 8
03-02 12:01:32.984   843  1348 D AudioALSAStreamOut: standbyStreamOut(), halRequest 0, mDestroy 0, flag 8
03-02 12:01:32.984   843  1348 D AudioALSAStreamOut: close_l(), flags 8
03-02 12:01:32.984   843  1348 D AudioALSAHardware: [DEBUG] setDeviceStatusChanged: devices=[0x2], isOpen=[0], isFast=[0]
03-02 12:01:32.984   843  1348 D AudioALSAPlaybackHandlerMixer: close(+), source flag 8, mDevice = 0x2, buffer_size 16384
03-02 12:01:32.984   843  1348 D audio_sw_mixer: sw_mixer_source_detach(), MIXER_PLAYBACK  , name T_DEEP
03-02 12:01:32.984   843  1348 D audio_sw_mixer: sw_mixer_manager_destroy_path(), MIXER_PLAYBACK  , path T_DEEP=>T_PRIMARY
03-02 12:01:32.985   843  1348 D audio_sw_mixer: dump_path_list(), MIXER_PLAYBACK  , no path
03-02 12:01:32.985   843  1348 W audio_sw_mixer: sw_mixer_manager_destroy_path(-), MIXER_PLAYBACK  , path T_DEEP=>T_PRIMARY, rb cnt 32768, conv close 0.005 ms
03-02 12:01:32.985   843  1348 D audio_sw_mixer: sw_mixer_target_detach(), MIXER_PLAYBACK  , name T_PRIMARY
03-02 12:01:32.991  2363  2540 E SurfaceComposerClient: SurfaceComposerClient::Transaction::setAlpha: invalid alpha 1.000005, clamping
03-02 12:01:33.007  2363  2540 E SurfaceComposerClient: SurfaceComposerClient::Transaction::setAlpha: invalid alpha 1.000044, clamping
03-02 12:01:33.010   843  1058 D audio_sw_mixer: sw_mixer_mix_thread(), thread mix1:0 idle
03-02 12:01:33.011   843  1348 D AudioALSAPlaybackHandlerNormal: +close(), flag = 8, mDevice = 0x2
03-02 12:01:33.011   843  1348 D AudioALSAHardwareResourceManager: +stopOutputDevice(), mOutputDevices = 0x2, mStartOutputDevicesCount = 69
03-02 12:01:33.013   843  1348 D AudioALSAPlaybackHandlerBase: -closePcmDriver(), mPcm = 0x0
03-02 12:01:33.013   843  1348 D AudioALSADeviceConfigManager: ApplyDeviceTurnoffSequenceByName(), DeviceName = PLAYBACK2_TO_ADDA_DL descriptor->DeviceStatusCounter = 1, Ctlsize=4
03-02 12:01:33.013   843  1348 D AudioALSAPlaybackHandlerBase: DestroyAurisysLibManager()
03-02 12:01:33.013   843  1348 D aurisys_lib_handler: aurisys_arsi_destroy_handler(), lib_name aurisys_demo, 0xb40000788189d8f0, arsi_destroy_handler, arsi_handler = 0xb4000078818905a0, retval = 0
03-02 12:01:33.013   843  1348 D sixth_if_gift: sixth_arsi_destroy_handler : run !!!
03-02 12:01:33.014   843  1348 E sixth_if_gift: sixth_vdd_timer_stop, timer not start
03-02 12:01:33.014   843  1348 D sixth_if_gift: tuning_misc_dev_close : run !!!
03-02 12:01:33.014   843  1348 D sixth_core: size = 307168
03-02 12:01:33.014   843  1348 D sixth_core: [sixth_core_if_exit]  : done 
03-02 12:01:33.014   843  1348 D sixth_if_gift: sixth_arsi_destroy_handler : done !!!
03-02 12:01:33.014   843  1348 D aurisys_lib_handler: aurisys_arsi_destroy_handler(), lib_name sia81xx_sixth, 0xb40000788188f460, arsi_destroy_handler, arsi_handler = 0xb4000079bcf14eb0, retval = 0
03-02 12:01:33.014   843  1348 D aurisys_lib_manager: delete_aurisys_lib_manager(), manager 0xb4000077d18afc70
03-02 12:01:33.015   843  1348 D AudioALSAPlaybackHandlerNormal: -close()
03-02 12:01:33.015   843  1348 D AudioALSAPlaybackHandlerBase: DestroyAurisysLibManager()
03-02 12:01:33.015   843  1348 I android.hardware.audio.service-aidl.mediatek: misound4_arsi_destroy_handler misound_arsi_destroy_handler
03-02 12:01:33.015   843  1348 D aurisys_lib_handler: aurisys_arsi_destroy_handler(), lib_name misound, 0xb400007881896030, arsi_destroy_handler, arsi_handler = 0xb4000078f18922f0, retval = 0
03-02 12:01:33.015   843  1348 D aurisys_lib_manager: delete_aurisys_lib_manager(), manager 0xb4000077d18b0d10
03-02 12:01:33.016   843  1348 D AudioALSAPlaybackHandlerMixer: close(-)
03-02 12:01:33.016   843  1348 D AudioALSAStreamManager: routingOutputDeviceForIEMs()
03-02 12:01:33.016   843  1348 D AHAL_Stream: cycle: writing reply Reply{status: 0, fmqByteCount: 0, observable: Position{frames: 4844150852, timeNs: 614486517030086}, hardware: Position{frames: -1, timeNs: -1}, latencyMs: 85, xrunFrames: 0, state: STANDBY}
03-02 12:01:33.024  2363  2540 E SurfaceComposerClient: SurfaceComposerClient::Transaction::setAlpha: invalid alpha 1.000063, clamping
03-02 12:01:33.038  1621  5056 D ConnectivityService: requestNetwork for uid/pid:10204/17861 activeRequest: null callbackRequest: 243021 [NetworkRequest [ REQUEST id=243022, [ Capabilities: INTERNET&NOT_RESTRICTED&TRUSTED&NOT_VCN_MANAGED&NOT_BANDWIDTH_CONSTRAINED Uid: 10204 RequestorUid: 10204 RequestorPkg: com.google.android.apps.photos UnderlyingNetworks: Null] ]] callback flags: 0 order: 2147483647 isUidTracked: false declaredMethods: AVAIL|LOST
03-02 12:01:33.041  2363  2540 E SurfaceComposerClient: SurfaceComposerClient::Transaction::setAlpha: invalid alpha 1.000064, clamping
03-02 12:01:33.042  2363  2540 E SurfaceComposerClient: SurfaceComposerClient::Transaction::setAlpha: invalid alpha 1.000064, clamping
03-02 12:01:33.043  2363  2477 D SoScUtils: monitorTransitionFinished transition:android.os.BinderProxy@1918401 transaction: android.view.SurfaceControl$Transaction@af6f2eb mRequestCloseTransition:null mRequestOpenTransition:null mRequestOpenTransitionWithSameTask size:0 mPairsOpenTransition:null mPairsOpenTransitionNull:null mRequestOpenTriggerTask:-1 mRequestCloseTriggerTask:-1 mOrientationTransition: null mMainStartingTask:-1 mSideStartingTask:-1
03-02 12:01:33.045  1621  1856 D ConnectivityService: NetReassign [243022 : null ΓåÆ 255] [c 0] [a 1] [i 5]
03-02 12:01:33.045  1621  1843 D WifiNetworkFactory: got request NetworkRequest [ REQUEST id=243022, [ Capabilities: INTERNET&NOT_RESTRICTED&TRUSTED&NOT_VCN_MANAGED&NOT_BANDWIDTH_CONSTRAINED Uid: 10204 RequestorUid: 10204 RequestorPkg: com.google.android.apps.photos UnderlyingNetworks: Null] ]
03-02 12:01:33.046  1621  1843 D UntrustedWifiNetworkFactory: got request NetworkRequest [ REQUEST id=243022, [ Capabilities: INTERNET&NOT_RESTRICTED&TRUSTED&NOT_VCN_MANAGED&NOT_BANDWIDTH_CONSTRAINED Uid: 10204 RequestorUid: 10204 RequestorPkg: com.google.android.apps.photos UnderlyingNetworks: Null] ]
03-02 12:01:33.046  1621  1843 D OemPaidWifiNetworkFactory: got request NetworkRequest [ REQUEST id=243022, [ Capabilities: INTERNET&NOT_RESTRICTED&TRUSTED&NOT_VCN_MANAGED&NOT_BANDWIDTH_CONSTRAINED Uid: 10204 RequestorUid: 10204 RequestorPkg: com.google.android.apps.photos UnderlyingNetworks: Null] ]
03-02 12:01:33.046  1621  1843 D MultiInternetWifiNetworkFactory: got request NetworkRequest [ REQUEST id=243022, [ Capabilities: INTERNET&NOT_RESTRICTED&TRUSTED&NOT_VCN_MANAGED&NOT_BANDWIDTH_CONSTRAINED Uid: 10204 RequestorUid: 10204 RequestorPkg: com.google.android.apps.photos UnderlyingNetworks: Null] ]
03-02 12:01:33.047  1621  1638 D WindowManager: Finish Transition (#10192): created at 03-02 12:01:32.324 collect-started=0.08ms request-sent=16.771ms started=21.485ms ready=68.591ms sent=77.926ms finished=722.155ms
03-02 12:01:33.049 27281 27281 D VRI[LauncherMinusOneScreen]: visibilityChanged oldVisibility=true newVisibility=false
03-02 12:01:33.050  1999  1999 D VRI[Launcher]: visibilityChanged oldVisibility=true newVisibility=false
03-02 12:01:33.051  1621  5056 I Transition: finishTransition: updateLastSurfacePosition tf=Task{c6d88cc #37051 type=standard A=10337:com.softnation.Ojam}
03-02 12:01:33.051 11917 11917 D VRI[globalminusscreen]: visibilityChanged oldVisibility=true newVisibility=false
03-02 12:01:33.055   921  2359 W VsyncModulator: setTransactionSchedule: Unexpected EarlyEnd
03-02 12:01:33.056  2363  2477 I RemoteTransitionHandlerStubImpl: invokeAndRemoveWctCB transition is null, curWctCB: null
03-02 12:01:33.057  2061  2061 I MiuiWallpaper-ImageWallpaper: onVisibilityChanged, visible = false, ret=true
03-02 12:01:33.061  1621  5056 W UserManagerService: Requested status bar icon for non-badged user 0
03-02 12:01:33.061  2061  2061 I MiuiWallpaper-MiuiKeyguardPictorialWallpaper: onVisibilityChanged, visible = false, ret=true
