03-02 12:01:33.064  1621  1651 I ActivityTaskManager: visible for Task{c6d88cc #37051 type=standard A=10337:com.softnation.Ojam} visible = true isAnimating = false TRANSITION = false PARENTS = false CHILDREN = false
03-02 12:01:33.065   921   921 I MI-SF   : surfaceflinger setAffinity mode=0
03-02 12:01:33.066   921   921 E MI-SF   : surfaceflinger setAffinity success
03-02 12:01:33.068  1159  1606 D ULogGuard: Monitoring: 18 threads, 0 requests, 0 time-bombs; 1 guards. ResetFlags = 0x7
03-02 12:01:33.072  2363  2477 I MultiTaskingTaskRepository: needSkip: is home task
03-02 12:01:33.075  1999  2759 D EventBus: No subscribers registered for event class com.miui.home.recents.messages.RecentTasksChangedEvent
03-02 12:01:33.076  1999  2684 D RecentsModel: onTaskStackChangedBackground    MSG_TASK_STACK_CHANGE
03-02 12:01:33.076  1999  2684 D RecentsModel: boostTaskStackChangedThread once, tid=2684, recentResourceLoaderTid=2525
03-02 12:01:33.076  1999  2684 W MiBridge: Permission not granted !!
03-02 12:01:33.076  1621  1651 D MiuiRefreshRatePolicy: reset
03-02 12:01:33.076  1999  2684 D Launcher.Boost: setDynamicVIPTaskIfNeeded::tid = 2684 duration = 500
03-02 12:01:33.077  1999  2759 D EventBus: No subscribers registered for event class org.greenrobot.eventbus.NoSubscriberEvent
03-02 12:01:33.081  1621  1651 I ActivityTaskManager: visible for Task{c6d88cc #37051 type=standard A=10337:com.softnation.Ojam} visible = true isAnimating = false TRANSITION = false PARENTS = false CHILDREN = false
03-02 12:01:33.084   921   921 I SurfaceFlinger: onHandleDestroyed: name=b724b3 ActivityRecordInputSink com.miui.home/.launcher.Launcher#134740, layerId=134740, parentId=0
03-02 12:01:33.085  1621  4289 I SmartPower: com.google.android.googlequicksearchbox:googleapp/10165(27281): visible->invisible(1479ms) R(become invisible) adj=0.
03-02 12:01:33.086  1621  4289 I SmartPower: com.google.android.googlequicksearchbox:googleapp/10165(27281): invisible->background(1ms) R(become background) adj=0.
03-02 12:01:33.086  1621  4289 I SmartPower: com.google.android.googlequicksearchbox:interactor/10165(5969): invisible->background(1480ms) R(become background) adj=100.
03-02 12:01:33.087  1621  4289 I SmartPower: com.miui.home/10166(1999): visible->invisible(1246ms) R(become invisible) adj=0.
03-02 12:01:33.088  1621  4289 I SmartPower: com.miui.home/10166(1999): invisible->background(1ms) R(become background) adj=0.
03-02 12:01:33.088  1621  1922 I SmartPower: com.google.android.gms/10147(8942): idle->background(33556ms) R(add to whitelist) adj=250.
03-02 12:01:33.090  1621  4289 D MiuiRefreshRatePolicy: reset
03-02 12:01:33.091   849  1423 W hwcomposer: [DRMDEV] paramIsSame(), id 34979, w 1080/1080, h 2460/2460, pitch 1088/1088, format 0x1/0x2, secure 0/0  
03-02 12:01:33.099   921   921 I BufferQueueDebug: [b724b3 ActivityRecordInputSink com.miui.home/.launcher.Launcher#134740](this:0xb400007bceca2fd8,id:-1,api:0,p:-1,c:921) onDestructor()
03-02 12:01:33.100 27281 27281 D BLASTBufferQueue: [VRI[LauncherMinusOneScreen]#6](f:0,a:1) destructor()
03-02 12:01:33.100   921  1166 I BpBinder: onLastStrongRef automatically unlinking death recipients: 
03-02 12:01:33.101  1621  2655 D MiuiRefreshRatePolicy: reset
03-02 12:01:33.101 27281 27281 D BufferQueueConsumer: [VRI[LauncherMinusOneScreen]#6(BLAST Consumer)6](id:6a9100000006,api:0,p:-1,c:27281) disconnect
03-02 12:01:33.105  1621  2197 I ATMSImpl: cacheTasksForDefaultDisplay size=4
03-02 12:01:33.106  1621  5056 W UserManagerService: Requested status bar icon for non-badged user 0
03-02 12:01:33.106  1999  1999 D BLASTBufferQueue: [VRI[Launcher]#1209](f:0,a:1) destructor()
03-02 12:01:33.107   921  1166 I BpBinder: onLastStrongRef automatically unlinking death recipients: 
03-02 12:01:33.107  1999  1999 D BufferQueueConsumer: [VRI[Launcher]#1209(BLAST Consumer)1209](id:7cf00000581,api:0,p:-1,c:1999) disconnect
03-02 12:01:33.107  1621  2188 I ATMSImpl: cacheTasksForDefaultDisplay size=4
03-02 12:01:33.108  1621  1730 I SmartPower: com.mi.globalminusscreen/10162(11917): visible->invisible(1494ms) R(become invisible) adj=0.
03-02 12:01:33.108  1621  1730 I SmartPower: com.mi.globalminusscreen/10162(11917): invisible->background(0ms) R(become background) adj=0.
03-02 12:01:33.109  1621  1922 I SmartPower: com.google.android.adservices.api/10261(5464): idle->background(98721ms) R(add to whitelist) adj=0.
03-02 12:01:33.109  1621  1922 I SmartPower: com.google.android.webview:sandboxed_process0:org.chromium.content.app.SandboxedPridle->background(98721ms) R(add to whitelist) adj=0.
03-02 12:01:33.109  1621  1730 D MiuiRefreshRatePolicy: reset
03-02 12:01:33.110  1999  2684 D RecentsModel: getRunningTask ignoreActivityType : 2 ,ignoreWindowMode:5
03-02 12:01:33.110  1999  2684 W RecentsModel: getRunningTask   taskInfo=TaskInfo{userId=0 taskId=37051 displayId=0 isRunning=true baseIntent=Intent { flg=0x10000000 cmp=com.softnation.Ojam/.MainActivity } baseActivity=ComponentInfo{com.softnation.Ojam/com.softnation.Ojam.MainActivity} topActivity=ComponentInfo{com.softnation.Ojam/com.softnation.Ojam.MainActivity} origActivity=null realActivity=ComponentInfo{com.softnation.Ojam/com.softnation.Ojam.MainActivity} numActivities=1 lastActiveTime=1032252530 supportsSplitScreenMultiWindow=true supportsMultiWindow=true resizeMode=1 isResizeable=true minWidth=-1 minHeight=-1 defaultMinSize=200 token=WCT{android.window.IWindowContainerToken$Stub$Proxy@784cc06} topActivityType=1 pictureInPictureParams=null shouldDockBigOverlays=false launchIntoPipHostTaskId=-1 lastParentTaskIdBeforePip=-1 displayCutoutSafeInsets=null topActivityInfo=ActivityInfo{c58e2c7 com.softnation.Ojam.MainActivity} launchCookies=[] positionInParent=Point(0, 0) parentTaskId=-1 isFocused=false isVisible=true isVisibleRequested=true isSleeping=false locusId=null displayAreaFeatureId=1 isTopActivityTransparent=false appCompatTaskInfo=AppCompatTaskInfo { topActivityInSizeCompat=false topActivityEligibleForLetterboxEducation= falseisLetterboxEducationEnabled= false isLetterboxDoubleTapEnabled= false topActivityEligibleForUserAspectRatioButton= false topActivityBoundsLetterboxed= false isFromLetterboxDoubleTap= false topActivityLetterboxVerticalPosition= -1 topActivityLetterboxHorizontalPosition= -1 topActivityLetterboxWidth=1080 topActivityLetterboxHeight=2460 isUserFullscreenOverrideEnabled=false isSystemFullscreenOverrideEnabled=false cameraCompatTaskInfo=CameraCompatTaskInfo { cameraCompatControlState=hidden freeformCameraCompatMode=inactive}} isImmersive=false mTopActivityRequestOrientation=1 mBehindAppLockPkg=null mOriginatingUid=0 isEmbedded=false shouldBeVisible=true mIsCastMode=false mTopActivityMediaSize=null mTopActivityRecordName=ActivityRecord{7496e59 u0 com.softnation.Ojam/.MainActivity t37051} mTopActivityOrientation=1}
03-02 12:01:33.110  1999  2684 D RecentsModel: preloadRecents runningTaskId:37051, mCurrentRunningTaskId:-1, mRecentsTaskLoadPlan=com.android.systemui.shared.recents.model.RecentsTaskLoadPlan@3db60f4
03-02 12:01:33.112  1999  2684 E ActivityManagerWrapper: get all recent tasks force including 37051
03-02 12:01:33.113  1621  1651 I ActivityTaskManager: visible for Task{c6d88cc #37051 type=standard A=10337:com.softnation.Ojam} visible = true isAnimating = false TRANSITION = false PARENTS = false CHILDREN = false
03-02 12:01:33.113 11917 11917 D BLASTBufferQueue: [VRI[globalminusscreen]#50](f:0,a:1) destructor()
03-02 12:01:33.113   921  1166 I BpBinder: onLastStrongRef automatically unlinking death recipients: 
03-02 12:01:33.115 11917 11917 D BufferQueueConsumer: [VRI[globalminusscreen]#50(BLAST Consumer)50](id:2e8d00000032,api:0,p:-1,c:11917) disconnect
03-02 12:01:33.118  1999  2684 E ActivityManagerWrapper: getRecentTasksForceIncludingTaskIdIfValid: getRecentTasks: size=3
03-02 12:01:33.118  1999  2684 E ActivityManagerWrapper:  mainTaskId=37051   userId=0   windowMode=1   baseIntent=Intent { act=null flag=268435456 cmp=ComponentInfo{com.softnation.Ojam/com.softnation.Ojam.MainActivity} }
03-02 12:01:33.118  1999  2684 E ActivityManagerWrapper:  mainTaskId=37019   userId=0   windowMode=1   baseIntent=Intent { act=null flag=268435456 cmp=ComponentInfo{com.whatsapp/com.whatsapp.home.ui.HomeActivity} }
03-02 12:01:33.118  1999  2684 E ActivityManagerWrapper:  mainTaskId=36980   userId=0   windowMode=1   baseIntent=Intent { act=android.intent.action.MAIN flag=270532608 cmp=ComponentInfo{com.twitter.android/com.twitter.android.StartActivity} }
03-02 12:01:33.128  1999  2684 D TaskSnapshotCompatVV: getIsInvalidateFromTaskSnapshot, return, mTaskSnapshot=null, mTaskSnapshotClazz=null
03-02 12:01:33.150  1621  1918 E HyperSentinel: -------------------------------------------------------
03-02 12:01:33.150  1621  1918 E HyperSentinel: Event_ResidentSize
03-02 12:01:33.150  1621  1918 E HyperSentinel: -> audit event by proc 16497 "usap64": RSS increasement, peak 108316kb -> 162484kb
03-02 12:01:33.161   921   921 I BufferQueueProducer: [NavigationBar0#101619](this:0xb400007bced454e8,id:-1,api:0,p:-1,c:921) queueBuffer: fps=12.20 dur=1229.39 max=998.55 min=15.12
03-02 12:01:33.190   861   947 I libPerfCtl: xgfGetFPS pid:921 fps:-1
03-02 12:01:33.190   861   947 I libPerfCtl: xgfGetFPS pid:2363 fps:-1
03-02 12:01:33.198  1621  1918 E HyperSentinel: -------------------------------------------------------
03-02 12:01:33.198  1621  1918 E HyperSentinel: Event_OpenFileFDSize
03-02 12:01:33.198  1621  1918 E HyperSentinel: -> audit event by proc 2363 "com.android.systemui": Fd increasement, peak, 808 -> 1377
03-02 12:01:33.199  1621  1917 D MiuiSentinelService: begin judgment FdAmountLeakException
03-02 12:01:33.214  1621  1730 D AS.BtHelper: isBluetoothScoOn() mBluetoothHeadset is null: falsemBluetoothHeadsetDevice is null: true
03-02 12:01:33.214  1621  1730 V AS.AudioDeviceBroker: requestedCommunicationDevice: null mAudioModeOwner: AudioModeInfo: mMode=MODE_NORMAL, mPid=0, mUid=0
03-02 12:01:33.215  1621  1730 D AS.BtHelper: isBluetoothScoOn() mBluetoothHeadset is null: falsemBluetoothHeadsetDevice is null: true
03-02 12:01:33.215  1621  1730 V AS.AudioDeviceBroker: requestedCommunicationDevice: null mAudioModeOwner: AudioModeInfo: mMode=MODE_NORMAL, mPid=0, mUid=0
03-02 12:01:33.251  2363  2363 D InsetsController: hide(ime(), fromIme=false)
03-02 12:01:33.252  2363  2363 I ImeTracker: com.android.systemui:f1f41456: onRequestHide at ORIGIN_CLIENT reason HIDE_SOFT_INPUT_BY_INSETS_API fromUser false
03-02 12:01:33.252  2363  2363 I ImeTracker: com.android.systemui:f1f41456: onCancelled at PHASE_CLIENT_APPLY_ANIMATION
03-02 12:01:33.257  1999  1999 I TransitionCallback: clear leash = Surface(name=TL_Surface(name=Task=1#47)/@0x9c5e57_transition-leash#134741)/@0x6deec9d, key = ComponentInfo{com.miui.home/com.miui.home.launcher.Launcher}#1
03-02 12:01:33.257  1999  1999 I TransitionCallback: clear leash = Surface(name=TL_Surface(name=Task=37050#134687)/@0x59cdd44_transition-leash#134742)/@0x4fb94e3, key = ComponentInfo{com.softnation.Ojam/com.softnation.Ojam.MainActivity}#37050
03-02 12:01:33.259  1999  1999 D TransitionCallback: mNoCacheLeashList recycle Surface(name=TL_Surface(name=WallpaperWindowToken{2d6d85a token=android.os.Binder@8dfa005}#66)/@0x5cd1e2d_transition-leash#134743)/@0x8889f8
03-02 12:01:33.259  1999  1999 D TransitionCallback: mNoCacheLeashList recycle Surface(name=TL_Surface(name=WallpaperWindowToken{d3319dd token=android.os.Binder@113b9b4}#64)/@0xb55bf62_transition-leash#134744)/@0xdcbdd36
03-02 12:01:33.262   921   921 I SurfaceFlinger: onHandleDestroyed: name=TL_Surface(name=WallpaperWindowToken{2d6d85a token=android.os.Binder@8dfa005}#66)/@0x5cd1e2d_transition-leash#134743, layerId=134743, parentId=0
03-02 12:01:33.262   921   921 I SurfaceFlinger: onHandleDestroyed: name=TL_Surface(name=WallpaperWindowToken{d3319dd token=android.os.Binder@113b9b4}#64)/@0xb55bf62_transition-leash#134744, layerId=134744, parentId=0
03-02 12:01:33.262   921   921 I SurfaceFlinger: onHandleDestroyed: name=TL_Surface(name=Task=1#47)/@0x9c5e57_transition-leash#134741, layerId=134741, parentId=0
03-02 12:01:33.262   921   921 I SurfaceFlinger: onHandleDestroyed: name=TL_Surface(name=Task=37050#134687)/@0x59cdd44_transition-leash#134742, layerId=134742, parentId=0
03-02 12:01:33.268  2363  2363 E StackScroller: updateSidePadding: viewWidth is zero
03-02 12:01:33.279   921   921 I BufferQueueDebug: [TL_Surface(name=Task=1#47)/@0x9c5e57_transition-leash#134741](this:0xb400007bcec64578,id:-1,api:0,p:-1,c:921) onDestructor()
03-02 12:01:33.280   921   921 I BufferQueueDebug: [TL_Surface(name=Task=37050#134687)/@0x59cdd44_transition-leash#134742](this:0xb400007bcecbc9e8,id:-1,api:0,p:-1,c:921) onDestructor()
03-02 12:01:33.280   921   921 I BufferQueueDebug: [TL_Surface(name=WallpaperWindowToken{d3319dd token=android.os.Binder@113b9b4}#64)/@0xb55bf62_transition-leash#134744](this:0xb400007bcecc2508,id:-1,api:0,p:-1,c:921) onDestructor()
03-02 12:01:33.280   921   921 I BufferQueueDebug: [TL_Surface(name=WallpaperWindowToken{2d6d85a token=android.os.Binder@8dfa005}#66)/@0x5cd1e2d_transition-leash#134743](this:0xb400007bcecc5298,id:-1,api:0,p:-1,c:921) onDestructor()
03-02 12:01:33.453  1055  1186 D connsyslogger: SD_LOG_ROOT is /data/debuglogger/connsyslog/fw.
03-02 12:01:33.454  1055  1186 D connsyslogger: systemReady:1
03-02 12:01:33.476  2350  2350 W Settings: Setting airplane_mode_on has moved from android.provider.Settings.System to android.provider.Settings.Global, returning read-only value.
03-02 12:01:33.478  2350  2350 W Settings: Setting airplane_mode_on has moved from android.provider.Settings.System to android.provider.Settings.Global, returning read-only value.
03-02 12:01:33.480  2350 29580 D NetworkSpeedTracker: updateNwSignalInfo not allowed ,ignore
03-02 12:01:33.482  2350 29580 D NetworkSpeedTracker: updateNwSignalInfo not allowed ,ignore
03-02 12:01:33.578  2350  2350 W Settings: Setting airplane_mode_on has moved from android.provider.Settings.System to android.provider.Settings.Global, returning read-only value.
03-02 12:01:33.580  2350  2350 W Settings: Setting airplane_mode_on has moved from android.provider.Settings.System to android.provider.Settings.Global, returning read-only value.
03-02 12:01:33.583  2350 29580 D NetworkSpeedTracker: updateSignalInfo lteRsrp=-75lteSnr=19,phoneId=1
03-02 12:01:33.586  2350 29580 D NetworkSpeedTracker: updateSignalInfo lteRsrp=-75lteSnr=19,phoneId=1
03-02 12:01:33.630  1621  2188 I whetstone.activity: Power Event callback listener is empty for resId=256
03-02 12:01:33.631  1621  2188 D BatteryStatsManagerStub: notifyEvent for resId=256 used 0ms
03-02 12:01:33.633 16497 16497 D nativeloader: Configuring clns-7 for other apk /data/app/~~Bh61wenJZi6JNVEuOkVQfQ==/com.softnation.Ojam-nnCVAdHxKfOmup5FCuBDYQ==/base.apk. target_sdk_version=36, uses_libraries=, library_path=/data/app/~~Bh61wenJZi6JNVEuOkVQfQ==/com.softnation.Ojam-nnCVAdHxKfOmup5FCuBDYQ==/lib/arm64:/data/app/~~Bh61wenJZi6JNVEuOkVQfQ==/com.softnation.Ojam-nnCVAdHxKfOmup5FCuBDYQ==/base.apk!/lib/arm64-v8a, permitted_path=/data:/mnt/expand:/data/user/0/com.softnation.Ojam
03-02 12:01:33.634  1621  1842 I MiuiNetworkPolicy: updateUidState uid = 10204, uidState = 10
03-02 12:01:33.635  1621  2188 W JobScheduler: Job didn't exist in JobStore: 
03-02 12:01:33.639  1621  1842 I MiuiNetworkPolicy: updateUidState uid = 10204, uidState = 19
03-02 12:01:33.649  1621  2188 I ClipboardServiceI: checkProviderWakePathForClipboard: primaryClip is null
03-02 12:01:33.649 16497 16497 V GraphicsEnvironment: Currently set values for:
03-02 12:01:33.649 16497 16497 V GraphicsEnvironment:   angle_gl_driver_selection_pkgs=[]
03-02 12:01:33.649 16497 16497 V GraphicsEnvironment:   angle_gl_driver_selection_values=[]
03-02 12:01:33.649 16497 16497 V GraphicsEnvironment: Global.Settings values are invalid: number of packages: 0, number of values: 0
03-02 12:01:33.649 16497 16497 V GraphicsEnvironment: Neither updatable production driver nor prerelease driver is supported.
03-02 12:01:33.652 16497 16497 I ActivityThread: TrafficStats init done
03-02 12:01:33.655  1621  2188 D ForceDarkAppConfigProvider: cloudConfigVersion: -1   localConfigVersion:20250515
03-02 12:01:33.655  1621  2188 I UiModeManager: systemserver package:com.softnation.Ojam null
03-02 12:01:33.655 16497 16497 I ForceDarkHelperStubImpl: initialize for com.softnation.Ojam , ForceDarkAppConfig: null
03-02 12:01:33.658 16497 16497 D nativeloader: Load libforcedarkimpl.so using system ns (caller=/system_ext/framework/miui-framework.jar): ok
03-02 12:01:33.659 16497 16497 D HWUI    : JNI_OnLoad success
03-02 12:01:33.659 16497 16497 I MiuiForceDarkConfig: setConfig density:2.750000, mainRule:0, secondaryRule:0, tertiaryRule:0
03-02 12:01:33.663 16497 16497 I ActivityThread: Miui Feature Init done
03-02 12:01:33.674  1621  2188 I ClipboardServiceI: checkProviderWakePathForClipboard: primaryClip is null
03-02 12:01:33.695  1621  2188 I ClipboardServiceI: checkProviderWakePathForClipboard: primaryClip is null
03-02 12:01:33.705 19959 20013 V CAM_ParallelProcessProvider: query uri: content://com.xiaomi.camera.parallelservice.provider.SpecialTypesProvider/processing
03-02 12:01:33.705 19959 20013 V CAM_ParallelProcessProvider: getDbItemSaveTask
03-02 12:01:33.706 19959 20013 E SQLiteLog: (1) no such column: special_type_id in "SELECT media_store_id, progress_status, progress_percentage, special_type_id FROM tasks"
03-02 12:01:33.710 19959 20013 E DatabaseUtils: Writing exception to parcel
03-02 12:01:33.710 19959 20013 E DatabaseUtils: android.database.sqlite.SQLiteException: no such column: special_type_id (code 1 SQLITE_ERROR): , while compiling: SELECT media_store_id, progress_status, progress_percentage, special_type_id FROM tasks
03-02 12:01:33.710 19959 20013 E DatabaseUtils: 	at android.database.sqlite.SQLiteConnection.nativePrepareStatement(Native Method)
03-02 12:01:33.710 19959 20013 E DatabaseUtils: 	at android.database.sqlite.SQLiteConnection.-$$Nest$smnativePrepareStatement(Unknown Source:0)
03-02 12:01:33.710 19959 20013 E DatabaseUtils: 	at android.database.sqlite.SQLiteConnection$PreparedStatementCache.createStatement(SQLiteConnection.java:1562)
03-02 12:01:33.710 19959 20013 E DatabaseUtils: 	at android.database.sqlite.SQLiteConnection.acquirePreparedStatementLI(SQLiteConnection.java:1098)
03-02 12:01:33.710 19959 20013 E DatabaseUtils: 	at android.database.sqlite.SQLiteConnection.acquirePreparedStatement(SQLiteConnection.java:1126)
03-02 12:01:33.710 19959 20013 E DatabaseUtils: 	at android.database.sqlite.SQLiteConnection.prepare(SQLiteConnection.java:686)
03-02 12:01:33.710 19959 20013 E DatabaseUtils: 	at android.database.sqlite.SQLiteSession.prepare(SQLiteSession.java:614)
03-02 12:01:33.710 19959 20013 E DatabaseUtils: 	at android.database.sqlite.SQLiteProgram.<init>(SQLiteProgram.java:62)
03-02 12:01:33.710 19959 20013 E DatabaseUtils: 	at android.database.sqlite.SQLiteQuery.<init>(SQLiteQuery.java:37)
03-02 12:01:33.710 19959 20013 E DatabaseUtils: 	at android.database.sqlite.SQLiteDirectCursorDriver.query(SQLiteDirectCursorDriver.java:46)
03-02 12:01:33.710 19959 20013 E DatabaseUtils: 	at android.database.sqlite.SQLiteDatabase.rawQueryWithFactory(SQLiteDatabase.java:1823)
03-02 12:01:33.710 19959 20013 E DatabaseUtils: 	at android.database.sqlite.SQLiteDatabase.queryWithFactory(SQLiteDatabase.java:1655)
03-02 12:01:33.710 19959 20013 E DatabaseUtils: 	at android.database.sqlite.SQLiteDatabase.query(SQLiteDatabase.java:1512)
03-02 12:01:33.710 19959 20013 E DatabaseUtils: 	at android.database.sqlite.SQLiteDatabase.query(SQLiteDatabase.java:1738)
03-02 12:01:33.710 19959 20013 E DatabaseUtils: 	at com.xiaomi.camera.parallelservice.provider.ParallelProcessProvider.f(Unknown Source:187)
03-02 12:01:33.710 19959 20013 E DatabaseUtils: 	at com.xiaomi.camera.parallelservice.provider.ParallelProcessProvider.query(Unknown Source:86)
03-02 12:01:33.710 19959 20013 E DatabaseUtils: 	at android.content.ContentProvider.query(ContentProvider.java:1633)
03-02 12:01:33.710 19959 20013 E DatabaseUtils: 	at android.content.ContentProvider.query(ContentProvider.java:1729)
03-02 12:01:33.710 19959 20013 E DatabaseUtils: 	at android.content.ContentProvider$Transport.query(ContentProvider.java:301)
03-02 12:01:33.710 19959 20013 E DatabaseUtils: 	at android.content.ContentProviderNative.onTransact(ContentProviderNative.java:110)
03-02 12:01:33.710 19959 20013 E DatabaseUtils: 	at android.os.Binder.execTransactInternal(Binder.java:1507)
03-02 12:01:33.710 19959 20013 E DatabaseUtils: 	at android.os.Binder.execTransact(Binder.java:1451)
03-02 12:01:33.717  1621  2188 W UriGrantsManagerService: No permission grants found for com.google.android.apps.photos
03-02 12:01:33.717  1621  2188 W UriGrantsManagerService: No permission grants found for com.google.android.apps.photos
03-02 12:01:33.759  2061 12253 W HWUI    : Surface doesn't have any previously queued frames, nothing to readback from
03-02 12:01:33.769  2061 12253 W HWUI    : Surface doesn't have any previously queued frames, nothing to readback from
03-02 12:01:33.796 16497 16497 W FirebaseApp: Default FirebaseApp failed to initialize because no default options were found. This usually means that com.google.gms:google-services was not applied to your gradle project.
03-02 12:01:33.796 16497 16497 I FirebaseInitProvider: FirebaseApp initialization unsuccessful
03-02 12:01:33.818  1621  1842 I MiuiNetworkPolicy: updateUidState uid = 10383, uidState = 19
03-02 12:01:33.823  1621  1842 I MiuiNetworkPolicy: updateUidState uid = 10383, uidState = 11
03-02 12:01:33.827  1621  2188 I ClipboardServiceI: checkProviderWakePathForClipboard: primaryClip is null
03-02 12:01:33.841 16497 16497 W SoLoader: Initializing SoLoader: 0
03-02 12:01:33.844 16497 16497 W SoLoader: Recording new base apk path: /data/app/~~Bh61wenJZi6JNVEuOkVQfQ==/com.softnation.Ojam-nnCVAdHxKfOmup5FCuBDYQ==/base.apk
03-02 12:01:33.844 16497 16497 W SoLoader: Previously recorded 0 base apk paths.
03-02 12:01:33.846 16497 16497 I SoLoader: Preparing SO source: DirectorySoSource[root = /vendor/lib64 flags = 2]
03-02 12:01:33.847 16497 16497 I SoLoader: Preparing SO source: DirectorySoSource[root = /system/lib64 flags = 2]
03-02 12:01:33.847 16497 16497 I SoLoader: Preparing SO source: DirectApkSoSource[root = [/data/app/~~Bh61wenJZi6JNVEuOkVQfQ==/com.softnation.Ojam-nnCVAdHxKfOmup5FCuBDYQ==/base.apk!/lib/arm64-v8a]]
03-02 12:01:33.915  1621  2188 I ClipboardServiceI: checkProviderWakePathForClipboard: primaryClip is null
03-02 12:01:33.945   849   849 I hwcomposer: [HWCDisplay] (0 updateFps():3667), (type:1, mode:2) fps:57.374237,dur:1010.91,max:61.63,min:11.58  
03-02 12:01:33.968 16497 16497 I SoLoader: Preparing SO source: ApplicationSoSource[DirectorySoSource[root = /data/app/~~Bh61wenJZi6JNVEuOkVQfQ==/com.softnation.Ojam-nnCVAdHxKfOmup5FCuBDYQ==/lib/arm64 flags = 0]]
03-02 12:01:33.968 16497 16497 I SoLoader: init finish: 4 SO sources prepared
03-02 12:01:33.968 16497 16497 W SoLoader: SoLoader initialized: 8
03-02 12:01:34.005 16497 16497 D nativeloader: Load /data/app/~~Bh61wenJZi6JNVEuOkVQfQ==/com.softnation.Ojam-nnCVAdHxKfOmup5FCuBDYQ==/base.apk!/lib/arm64-v8a/libc++_shared.so using class loader ns clns-7 (caller=/data/app/~~Bh61wenJZi6JNVEuOkVQfQ==/com.softnation.Ojam-nnCVAdHxKfOmup5FCuBDYQ==/base.apk!classes20.dex): ok
03-02 12:01:34.022 16497 16497 D nativeloader: Load /data/app/~~Bh61wenJZi6JNVEuOkVQfQ==/com.softnation.Ojam-nnCVAdHxKfOmup5FCuBDYQ==/base.apk!/lib/arm64-v8a/libjsi.so using class loader ns clns-7 (caller=/data/app/~~Bh61wenJZi6JNVEuOkVQfQ==/com.softnation.Ojam-nnCVAdHxKfOmup5FCuBDYQ==/base.apk!classes20.dex): ok
03-02 12:01:34.038 16497 16497 D nativeloader: Load /data/app/~~Bh61wenJZi6JNVEuOkVQfQ==/com.softnation.Ojam-nnCVAdHxKfOmup5FCuBDYQ==/base.apk!/lib/arm64-v8a/libfbjni.so using class loader ns clns-7 (caller=/data/app/~~Bh61wenJZi6JNVEuOkVQfQ==/com.softnation.Ojam-nnCVAdHxKfOmup5FCuBDYQ==/base.apk!classes20.dex): ok
03-02 12:01:34.052 16497 16497 D nativeloader: Load /data/app/~~Bh61wenJZi6JNVEuOkVQfQ==/com.softnation.Ojam-nnCVAdHxKfOmup5FCuBDYQ==/base.apk!/lib/arm64-v8a/libreactnative.so using class loader ns clns-7 (caller=/data/app/~~Bh61wenJZi6JNVEuOkVQfQ==/com.softnation.Ojam-nnCVAdHxKfOmup5FCuBDYQ==/base.apk!classes20.dex): ok
03-02 12:01:34.052 16497 16497 D jni_lib_merge: Entering merged library JNI_OnLoad.
03-02 12:01:34.052 16497 16497 D jni_lib_merge: Preparing 12 pre-merged libs (including stub)
03-02 12:01:34.052 16497 16497 D jni_lib_merge: Preparing to register libfabricjni_so.  onload_func: 0x78950a2ce0
03-02 12:01:34.052 16497 16497 D jni_lib_merge: Preparing to register libreact_devsupportjni_so.  onload_func: 0x789529cfc8
03-02 12:01:34.052 16497 16497 D jni_lib_merge: Preparing to register libreact_featureflagsjni_so.  onload_func: 0x78952ab518
03-02 12:01:34.052 16497 16497 D jni_lib_merge: Preparing to register libreact_newarchdefaults_so.  onload_func: 0x78953136a8
03-02 12:01:34.052 16497 16497 D jni_lib_merge: Preparing to register libreactnativeblob_so.  onload_func: 0x7895503cb4
03-02 12:01:34.052 16497 16497 D jni_lib_merge: Preparing to register libreactnativejni_so.  onload_func: 0x78955516bc
03-02 12:01:34.052 16497 16497 D jni_lib_merge: Preparing to register libreactnativejni_common_so.  onload_func: 0x7895562044
03-02 12:01:34.052 16497 16497 D jni_lib_merge: Preparing to register librninstance_so.  onload_func: 0x78955a9764
03-02 12:01:34.052 16497 16497 D jni_lib_merge: Preparing to register libturbomodulejsijni_so.  onload_func: 0x78956c1f68
03-02 12:01:34.052 16497 16497 D jni_lib_merge: Preparing to register libuimanagerjni_so.  onload_func: 0x78956dafb8
03-02 12:01:34.052 16497 16497 D jni_lib_merge: Preparing to register libyoga_so.  onload_func: 0x78956eaa3c
03-02 12:01:34.052 16497 16497 D jni_lib_merge: About to register 11 actual methods.
03-02 12:01:34.086 16497 16497 D nativeloader: Load /data/app/~~Bh61wenJZi6JNVEuOkVQfQ==/com.softnation.Ojam-nnCVAdHxKfOmup5FCuBDYQ==/base.apk!/lib/arm64-v8a/libreact_codegen_rnscreens.so using class loader ns clns-7 (caller=/data/app/~~Bh61wenJZi6JNVEuOkVQfQ==/com.softnation.Ojam-nnCVAdHxKfOmup5FCuBDYQ==/base.apk!classes20.dex): ok
03-02 12:01:34.086 16497 16497 D jni_lib_merge: Entering merged library JNI_OnLoad.
03-02 12:01:34.086 16497 16497 D jni_lib_merge: Preparing 12 pre-merged libs (including stub)
03-02 12:01:34.086 16497 16497 D jni_lib_merge: Preparing to register libfabricjni_so.  onload_func: 0x78950a2ce0
03-02 12:01:34.087 16497 16497 D jni_lib_merge: Preparing to register libreact_devsupportjni_so.  onload_func: 0x789529cfc8
03-02 12:01:34.087 16497 16497 D jni_lib_merge: Preparing to register libreact_featureflagsjni_so.  onload_func: 0x78952ab518
03-02 12:01:34.087 16497 16497 D jni_lib_merge: Preparing to register libreact_newarchdefaults_so.  onload_func: 0x78953136a8
03-02 12:01:34.087 16497 16497 D jni_lib_merge: Preparing to register libreactnativeblob_so.  onload_func: 0x7895503cb4
03-02 12:01:34.087 16497 16497 D jni_lib_merge: Preparing to register libreactnativejni_so.  onload_func: 0x78955516bc
03-02 12:01:34.087 16497 16497 D jni_lib_merge: Preparing to register libreactnativejni_common_so.  onload_func: 0x7895562044
03-02 12:01:34.087 16497 16497 D jni_lib_merge: Preparing to register librninstance_so.  onload_func: 0x78955a9764
03-02 12:01:34.087 16497 16497 D jni_lib_merge: Preparing to register libturbomodulejsijni_so.  onload_func: 0x78956c1f68
03-02 12:01:34.087 16497 16497 D jni_lib_merge: Preparing to register libuimanagerjni_so.  onload_func: 0x78956dafb8
03-02 12:01:34.087 16497 16497 D jni_lib_merge: Preparing to register libyoga_so.  onload_func: 0x78956eaa3c
03-02 12:01:34.087 16497 16497 D jni_lib_merge: About to register 11 actual methods.
03-02 12:01:34.103 16497 16497 D nativeloader: Load /data/app/~~Bh61wenJZi6JNVEuOkVQfQ==/com.softnation.Ojam-nnCVAdHxKfOmup5FCuBDYQ==/base.apk!/lib/arm64-v8a/libreact_codegen_RNCSlider.so using class loader ns clns-7 (caller=/data/app/~~Bh61wenJZi6JNVEuOkVQfQ==/com.softnation.Ojam-nnCVAdHxKfOmup5FCuBDYQ==/base.apk!classes20.dex): ok
03-02 12:01:34.119 16497 16497 D nativeloader: Load /data/app/~~Bh61wenJZi6JNVEuOkVQfQ==/com.softnation.Ojam-nnCVAdHxKfOmup5FCuBDYQ==/base.apk!/lib/arm64-v8a/libreact_codegen_rnsvg.so using class loader ns clns-7 (caller=/data/app/~~Bh61wenJZi6JNVEuOkVQfQ==/com.softnation.Ojam-nnCVAdHxKfOmup5FCuBDYQ==/base.apk!classes20.dex): ok
03-02 12:01:34.119 16497 16497 D jni_lib_merge: Entering merged library JNI_OnLoad.
03-02 12:01:34.119 16497 16497 D jni_lib_merge: Preparing 12 pre-merged libs (including stub)
03-02 12:01:34.119 16497 16497 D jni_lib_merge: Preparing to register libfabricjni_so.  onload_func: 0x78950a2ce0
03-02 12:01:34.119 16497 16497 D jni_lib_merge: Preparing to register libreact_devsupportjni_so.  onload_func: 0x789529cfc8
03-02 12:01:34.119 16497 16497 D jni_lib_merge: Preparing to register libreact_featureflagsjni_so.  onload_func: 0x78952ab518
03-02 12:01:34.119 16497 16497 D jni_lib_merge: Preparing to register libreact_newarchdefaults_so.  onload_func: 0x78953136a8
03-02 12:01:34.119 16497 16497 D jni_lib_merge: Preparing to register libreactnativeblob_so.  onload_func: 0x7895503cb4
03-02 12:01:34.120 16497 16497 D jni_lib_merge: Preparing to register libreactnativejni_so.  onload_func: 0x78955516bc
03-02 12:01:34.120 16497 16497 D jni_lib_merge: Preparing to register libreactnativejni_common_so.  onload_func: 0x7895562044
03-02 12:01:34.120 16497 16497 D jni_lib_merge: Preparing to register librninstance_so.  onload_func: 0x78955a9764
03-02 12:01:34.120 16497 16497 D jni_lib_merge: Preparing to register libturbomodulejsijni_so.  onload_func: 0x78956c1f68
03-02 12:01:34.120 16497 16497 D jni_lib_merge: Preparing to register libuimanagerjni_so.  onload_func: 0x78956dafb8
03-02 12:01:34.120 16497 16497 D jni_lib_merge: Preparing to register libyoga_so.  onload_func: 0x78956eaa3c
03-02 12:01:34.120 16497 16497 D jni_lib_merge: About to register 11 actual methods.
03-02 12:01:34.136 16497 16497 D nativeloader: Load /data/app/~~Bh61wenJZi6JNVEuOkVQfQ==/com.softnation.Ojam-nnCVAdHxKfOmup5FCuBDYQ==/base.apk!/lib/arm64-v8a/libreact_codegen_safeareacontext.so using class loader ns clns-7 (caller=/data/app/~~Bh61wenJZi6JNVEuOkVQfQ==/com.softnation.Ojam-nnCVAdHxKfOmup5FCuBDYQ==/base.apk!classes20.dex): ok
03-02 12:01:34.143 16497 16497 D nativeloader: Load /data/app/~~Bh61wenJZi6JNVEuOkVQfQ==/com.softnation.Ojam-nnCVAdHxKfOmup5FCuBDYQ==/base.apk!/lib/arm64-v8a/libappmodules.so using class loader ns clns-7 (caller=/data/app/~~Bh61wenJZi6JNVEuOkVQfQ==/com.softnation.Ojam-nnCVAdHxKfOmup5FCuBDYQ==/base.apk!classes20.dex): ok
03-02 12:01:34.148  2363  2477 D MiuiFreeformModeCornerTipHandler: task#37051 onTaskVanished
03-02 12:01:34.148  2363  2477 I MiuiBubbleController: removeBubble: 37051 reason=2
03-02 12:01:34.148  2363  2477 I MultiTaskingTaskRepository: onTaskInfoChanged multi list = [5, 4], full = [37051, 37019, 36980]
03-02 12:01:34.149  1621  2188 I PowerHalWrapper: amsBoostNotify pid:16497,activity:com.softnation.Ojam.MainActivity, package:com.softnation.Ojam, mProcessCreatePackcom.softnation.Ojam 
03-02 12:01:34.149  1621  2188 I PowerHalWrapper: state: 1 
03-02 12:01:34.150  1621  2188 I ScnModule: [GameDetection] packname: com.softnation.Ojam, apkSize: 113045479. 
03-02 12:01:34.150  1621  2188 I mtkpower_client: [PowerHal_Wrap_notifyAppState] com.softnation.Ojam/com.softnation.Ojam.MainActivity pid=16497 activityId:122252889 state:1
03-02 12:01:34.150   861   861 I vendor.mediatek.hardware.mtkpower_applist-service.mediatek: packName: com.softnation.Ojam actName: com.softnation.Ojam.MainActivity pid: 16497 activityId: 122252889 uid: 10337 state: 1
03-02 12:01:34.150   861   861 I MTK_APPList: [notifyAPPstate] com.softnation.Ojam/com.softnation.Ojam.MainActivity, pid=16497, activityId=122252889, uid=10337, state:RESUMED, fps:-1, win:0
03-02 12:01:34.150   861   861 I MTK_APPList: [notifyAPPstate] multi_resumed_app_count: 2
03-02 12:01:34.150   861   861 I MTK_APPList: [notifyAPPstate] multi_resumed_app_info[0] com.android.systemui/com.android.systemui._190038181, pid:2363, activityId:-1, fps:-1, isMultiWindow:0
03-02 12:01:34.150   861   861 I MTK_APPList: [notifyAPPstate] multi_resumed_app_info[1] com.softnation.Ojam/com.softnation.Ojam.MainActivity, pid:16497, activityId:122252889, fps:-1, isMultiWindow:0
03-02 12:01:34.150   861   861 I MTK_APPList: [getForegroundAPPCount] 2
03-02 12:01:34.150   861   861 I MTK_APPList: [notifyAPPstate] foreground:com.softnation.Ojam, pid:16497, activityId:122252889, uid:10337
03-02 12:01:34.150   861   861 I MTK_APPList: [notifyNetdUID] 10337
03-02 12:01:34.151  1621  2188 I PowerHalWrapper: amsBoostNotify AMS_BOOST_PROCESS_CREATE_BOOST:true 
03-02 12:01:34.151  1621  1621 D MBrainLocalService: isVendorFreezeConditionPass is false
03-02 12:01:34.151  1621  1621 E MBrainLocalService: notifyAppSwitch failed
03-02 12:01:34.151   861   861 I MTK_APPList: [notifyPID] 16497
03-02 12:01:34.152  1621  1650 D ActivityManager: mediaResourceManagerBinder get success
03-02 12:01:34.152  1124 14459 D ResourceManagerServiceNew: update package name: com.softnation.Ojam
03-02 12:01:34.152   863   958 I libPowerHal: [perfSetSysInfo] pid type:24, 16497
03-02 12:01:34.152  1621  1745 W AlarmManager: Unrecognized alarm listener com.android.server.usage.AppTimeLimitController$SessionUsageGroup@6b056c0
03-02 12:01:34.153   861   861 I MTK_APPList: [notifyAPPstate] pc:0, com.miui.home => com.softnation.Ojam
03-02 12:01:34.154  6515 23085 D PerfEngineController: ForegroundInfo{mForegroundPackageName='com.softnation.Ojam', mForegroundUid=10337, mForegroundPid=16497, mLastForegroundPackageName='com.miui.home', mLastForegroundUid=10166, mLastForegroundPid=1999, mMultiWindowForegroundPackageName='com.softnation.Ojam', mMultiWindowForegroundUid=10337, mFlags=1}
03-02 12:01:34.155  6027 26949 D v1      : myUserId = 0	currentUserId0
03-02 12:01:34.155  1124 14459 D ResourceManagerServiceNew: packageName: com.softnation.Ojam, uid : 10337, hashCode : 68785941
03-02 12:01:34.155  1124 14459 D ResourceManagerServiceNew: ResourceManagerService::setCodecsVppModeWithLock
03-02 12:01:34.155  1124 14459 D ResourceManagerServiceNew: all codecs setVppMode return fail
03-02 12:01:34.155  6027 30298 I ProcessMonitor: onForegroundInfoChanged: ForegroundInfo{mForegroundPackageName='com.softnation.Ojam', mForegroundUid=10337, mForegroundPid=16497, mLastForegroundPackageName='com.miui.home', mLastForegroundUid=10166, mLastForegroundPid=1999, mMultiWindowForegroundPackageName='com.softnation.Ojam', mMultiWindowForegroundUid=10337, mFlags=1}
03-02 12:01:34.155  1621  1907 D MiuiMultiWindowUtils: DeviceLevel.IS_MIUI_LITE_VERSION 2.0 not support miui multiWindowtides
03-02 12:01:34.155  6027 30298 I VideoBoxUtils: isSupportVideoBox: false
03-02 12:01:34.155  6027 30298 I VideoToolBoxService: vtb is closed!!!
03-02 12:01:34.155  1621  1907 D BluetoothAdapter: getActiveDevices(profile= A2DP)
03-02 12:01:34.158 16497 16497 W Looper  : PerfMonitor longMsg : seq=3 plan=12:01:32.541 late=8ms wall=1603ms h=android.app.ActivityThread$H w=110 procState=-1
03-02 12:01:34.158  1621  1907 D BluetoothAdapter: getActiveDevices(profile= HEADSET)
03-02 12:01:34.159 16497 16497 W libc    : Access denied finding property "ro.vendor.perf.scroll_opt"
03-02 12:01:34.160  1621  1907 D BluetoothAdapter: getActiveDevices(profile= LE_AUDIO)
03-02 12:01:34.162 18562 18580 E BluetoothAdapterService: getActiveDevices: LeAudioService is null
03-02 12:01:34.162  1621  1907 D AudioSystem: +setParameters(): foregroundUid=10337;bluetoothlowlatencystatus=false 
03-02 12:01:34.163  1621  1907 D AudioSystem: start get log level!
03-02 12:01:34.164   843 14567 D AudioALSAHardware: +setParameters(): bluetoothlowlatencystatus=false;foregroundUid=10337
03-02 12:01:34.164   843 14567 D AudioALSAHardware: -setParameters(): bluetoothlowlatencystatus=false;foregroundUid=10337
03-02 12:01:34.164   843 14567 E AHAL_Module: setVendorParameters: default: unrecognized parameter "bluetoothlowlatencystatus=false;foregroundUid=10337"
03-02 12:01:34.165   894  2683 E ConversionHelperAidl: Function: parseAndSetVendorParameters Line: 97 Failed 
03-02 12:01:34.167   843 14567 D AHAL_ModuleBluetooth: setVendorParameters: parameter count 1, async: 0
03-02 12:01:34.167   843 14567 D AHAL_ModuleBluetooth: setVendorParameters: bluetoothlowlatencystatus=false;foregroundUid=10337
03-02 12:01:34.167 16497 16497 D nativeloader: Load libpowerhalwrap_jni.so using system ns (caller=/system_ext/framework/mediatek-framework.jar): ok
03-02 12:01:34.167 16497 16497 I PowerHalWrapper: PowerHalWrapper.getInstance 
03-02 12:01:34.168 16497 16497 I M-ProMotion: M-ProMotion is disabled
03-02 12:01:34.168 18562 18580 D BluetoothLatencyMode: ForegroundInfo{mForegroundPackageName='com.softnation.Ojam', mForegroundUid=10337, mForegroundPid=16497, mLastForegroundPackageName='com.miui.home', mLastForegroundUid=10166, mLastForegroundPid=1999, mMultiWindowForegroundPackageName='com.softnation.Ojam', mMultiWindowForegroundUid=10337, mFlags=1}
03-02 12:01:34.168 18562 18580 W LeAudioService: getLeAudioService(): service is NULL
03-02 12:01:34.169 18562 18580 D BluetoothLatencyMode: isWiredAudioHeadset.type: 1
03-02 12:01:34.169 18562 18580 D BluetoothLatencyMode: isWiredAudioHeadset.type: 2
03-02 12:01:34.169 18562 18580 D BluetoothLatencyMode: isWiredAudioHeadset.type: 18
03-02 12:01:34.169 18562 18580 D BluetoothLatencyMode: isWiredAudioHeadset.type: 14
03-02 12:01:34.169  6515  6997 D MilletUtils: setUidState, uid = 10337 allow = true
03-02 12:01:34.170  1621  4289 D MiSensorServiceImpl: PowerKeeperSensor resume iUid:10337 but app has not in Controlled
03-02 12:01:34.177   921   921 I BufferQueueProducer: [NavigationBar0#101619](this:0xb400007bced454e8,id:-1,api:0,p:-1,c:921) queueBuffer: fps=59.06 dur=1016.00 max=34.69 min=15.11
03-02 12:01:34.178 16497 16497 D FramePredict: FramePredict init: true
03-02 12:01:34.179 16497 16497 D UserSceneDetector: invoke error.
03-02 12:01:34.181 16497 16497 W Looper  : PerfMonitor doFrame : time=3ms vsyncFrame=19966710 latency=355ms procState=-1 historyMsgCount=3 (msgIndex=1 wall=1603ms seq=3 late=8ms h=android.app.ActivityThread$H w=110)
03-02 12:01:34.184 16497 16497 I ActivityThread: HardwareRenderer preload  done
03-02 12:01:34.187 16497 17989 D vulkan  : searching for layers in '/data/app/~~Bh61wenJZi6JNVEuOkVQfQ==/com.softnation.Ojam-nnCVAdHxKfOmup5FCuBDYQ==/lib/arm64'
03-02 12:01:34.188 16497 17989 D vulkan  : searching for layers in '/data/app/~~Bh61wenJZi6JNVEuOkVQfQ==/com.softnation.Ojam-nnCVAdHxKfOmup5FCuBDYQ==/base.apk!/lib/arm64-v8a'
03-02 12:01:34.190 16497 17989 D vulkan  : searching for layers in '/data/app/~~Bh61wenJZi6JNVEuOkVQfQ==/com.softnation.Ojam-nnCVAdHxKfOmup5FCuBDYQ==/lib/arm64'
03-02 12:01:34.190   861   947 I libPerfCtl: xgfGetFPS pid:921 fps:-1
03-02 12:01:34.191   861   947 I libPerfCtl: xgfGetFPS pid:2363 fps:-1
03-02 12:01:34.191 16497 17989 D vulkan  : searching for layers in '/data/app/~~Bh61wenJZi6JNVEuOkVQfQ==/com.softnation.Ojam-nnCVAdHxKfOmup5FCuBDYQ==/base.apk!/lib/arm64-v8a'
03-02 12:01:34.202 16497 17989 D MMUD    : mtk_memory_debug_init com.softnation.Ojam 0xb400007c0895a5d0
03-02 12:01:34.218  1621  2188 D AS.BtHelper: isBluetoothScoOn() mBluetoothHeadset is null: falsemBluetoothHeadsetDevice is null: true
03-02 12:01:34.218  1621  2188 V AS.AudioDeviceBroker: requestedCommunicationDevice: null mAudioModeOwner: AudioModeInfo: mMode=MODE_NORMAL, mPid=0, mUid=0
03-02 12:01:34.219  1621  2188 D AS.BtHelper: isBluetoothScoOn() mBluetoothHeadset is null: falsemBluetoothHeadsetDevice is null: true
03-02 12:01:34.219  1621  2188 V AS.AudioDeviceBroker: requestedCommunicationDevice: null mAudioModeOwner: AudioModeInfo: mMode=MODE_NORMAL, mPid=0, mUid=0
03-02 12:01:34.219  1621  1918 E HyperSentinel: -------------------------------------------------------
03-02 12:01:34.219  1621  1918 E HyperSentinel: Event_ThreadAmount
03-02 12:01:34.219  1621  1918 E HyperSentinel: -> audit event by proc 16497 "usap64": running threads amount, 12 -> 23
03-02 12:01:34.244   921   921 I BufferQueueProducer: [StatusBar#109](this:0xb400007bcec4ab68,id:-1,api:0,p:-1,c:921) queueBuffer: fps=0.50 dur=1997.62 max=1997.62 min=1997.62
03-02 12:01:34.258 16497 16497 D AppCompatDelegate: Checking for metadata for AppLocalesMetadataHolderService : Service not found
03-02 12:01:34.259  1621  2188 I BroadcastQueue: BOOT_COMPLETED_BROADCAST_COMPLETION_LATENCY_REPORTED action:android.intent.action.BOOT_COMPLETED dispatchLatency:1 completeLatency:1730 dispatchRealLatency:1 completeRealLatency:1730 receiversSize:1 userId:0 userType:android.os.usertype.full.SYSTEM
03-02 12:01:34.267  1621  1640 D AudioSystem: +setParameters(): gamebooster=false 
03-02 12:01:34.267  1621  1640 D AudioSystem: start get log level!
03-02 12:01:34.268   843 14567 D AudioALSAHardware: +setParameters(): gamebooster=false
03-02 12:01:34.268   843 14567 D AudioALSAHardware: -setParameters(): gamebooster=false
03-02 12:01:34.268   843 14567 E AHAL_Module: setVendorParameters: default: unrecognized parameter "gamebooster=false"
03-02 12:01:34.269   894  2683 E ConversionHelperAidl: Function: parseAndSetVendorParameters Line: 97 Failed 
03-02 12:01:34.270   843 14567 D AHAL_ModuleBluetooth: setVendorParameters: parameter count 1, async: 0
03-02 12:01:34.270   843 14567 D AHAL_ModuleBluetooth: setVendorParameters: gamebooster=false
03-02 12:01:34.271  1999  1817 D TaskStackChangeListeners: onTaskDescriptionChanged =  taskId = 37051
03-02 12:01:34.278  1999  1817 D TaskStackChangeListeners: onTaskDescriptionChanged =  taskId = 37051
03-02 12:01:34.304 16497 17993 D MMUD    : get_leak_baseline 3246391296
03-02 12:01:34.318 16497 16497 I softnation.Ojam: hiddenapi: Accessing hidden method Landroid/view/ViewGroup;->makeOptionalFitsSystemWindows()V (runtime_flags=0, domain=platform, api=unsupported) from Landroidx/appcompat/widget/ViewUtils; (domain=app, TargetSdkVersion=36) using reflection: allowed
03-02 12:01:34.404 12297 12471 E msys    : E[N mns]_OnDiskCacheGetData(632)=>Start post callback cache refresh DNS resolution
03-02 12:01:34.409 12297 12471 E msys    : E[N mns]_LogError(228)=>Failed to resolve using system DNS resolver, getaddrinfo(): No address associated with hostname
03-02 12:01:34.479  1621  1676 D SsruManagerImpl: MiSsru Sensor not init!!!!
03-02 12:01:34.479   853   853 I Accelerometer: batch: handle:0, flag:0,samplingPeriodNs:66667000 maxBatchReportLatencyNs:0

03-02 12:01:34.481  1621  2188 I SensorService: 	>>> actuating h/w activate handle=0x1 enabled=1
03-02 12:01:34.482   853   853 I Accelerometer: enable: handle:0, en:1

03-02 12:01:34.505 16497 16497 W unknown:BridgelessReact: ReactHost{0}.startSurface(surfaceId = 0): Schedule
03-02 12:01:34.505 16497 16497 W unknown:BridgelessReact: ReactHost{0}.attachSurface(surfaceId = 0)
03-02 12:01:34.507 16497 18012 W unknown:BridgelessReact: ReactHost{0}.getOrCreateReactInstanceTask()
03-02 12:01:34.507 16497 18012 W unknown:BridgelessReact: ReactHost{0}.getOrCreateReactInstanceTask(): Start
03-02 12:01:34.507 16497 18012 W unknown:BridgelessReact: ReactHost{0}.getJSBundleLoader()
03-02 12:01:34.508 16497 18012 W unknown:BridgelessReact: ReactHost{0}.isMetroRunning()
03-02 12:01:34.517  1621  2188 D ActivityManager: getProcessesInErrorState callingUid=10383, CallingPid=10222
03-02 12:01:34.526 16497 16497 W libc    : Access denied finding property "ro.vendor.df.effect.conflict"
03-02 12:01:34.529  1621  2188 D AppLock_AccessControlImpl: activityResume packageName: com.softnation.Ojam userId: 0 enabled: true
03-02 12:01:34.529  1621  2188 D AppLock_AccessControlImpl: activityResume lockMode: 1
03-02 12:01:34.529 16497 16497 D SecurityManager: checkAccessControl flag1
03-02 12:01:34.531 16497 16497 W unknown:BridgelessReact: ReactHost{0}.onHostResume(activity)
03-02 12:01:34.535 16497 17987 I PowerHalWrapper: PowerHalWrapper.getInstance 
03-02 12:01:34.543 16497 16497 I SurfaceFactory: [static] sSurfaceFactory = com.mediatek.view.impl.SurfaceFactoryImpl@3781f37
03-02 12:01:34.544   921  2359 D SurfaceFlinger: [SF client] NEW(0xb400007caea56410) for (16497:com.softnation.Ojam)
03-02 12:01:34.558 16497 16497 D MiuiCameraCoveredManager: java.lang.NullPointerException: Attempt to invoke virtual method 'java.lang.String android.provider.MiuiSettings$SettingsCloudData$CloudData.getString(java.lang.String, java.lang.String)' on a null object reference
03-02 12:01:34.560 16497 16497 D FramePredict: init success
03-02 12:01:34.561  1621  4289 W ActivityManager: Permission Denial: getCurrentUser() from pid=16497, uid=10337 requires android.permission.INTERACT_ACROSS_USERS
03-02 12:01:34.561 16497 18023 E FramePredict: registerContentObserver fail
03-02 12:01:34.566 16497 17989 W libc    : Access denied finding property "ro.vendor.display.iris_x7.support"
03-02 12:01:34.570  1621  1918 E HyperSentinel: -------------------------------------------------------
03-02 12:01:34.570  1621  1918 E HyperSentinel: Event_ResidentSize
03-02 12:01:34.570  1621  1918 E HyperSentinel: -> audit event by proc 16497 "usap64": RSS increasement, peak 162484kb -> 243736kb
03-02 12:01:34.571  1621  1918 E HyperSentinel: -------------------------------------------------------
03-02 12:01:34.571  1621  1918 E HyperSentinel: Event_ThreadAmount
03-02 12:01:34.571  1621  1918 E HyperSentinel: -> audit event by proc 16497 "usap64": running threads amount, 23 -> 45
03-02 12:01:34.571 16497 18013 W unknown:BridgelessReact: ReactHost{0}.isMetroRunning(): Async result = true
03-02 12:01:34.572 16497 18012 W unknown:BridgelessReact: ReactHost{0}.loadJSBundleFromMetro()
03-02 12:01:34.573 16497 16497 I ForceDarkHelperStubImpl: setViewRootImplForceDark: false for com.softnation.Ojam.MainActivity@db08fa, reason: AppDarkModeEnable
03-02 12:01:34.573 16497 16497 D VRI[MainActivity]: hardware acceleration = true, forceHwAccelerated = false
03-02 12:01:34.576   921  2359 D SurfaceFlinger: [SF client] NEW(0xb400007caea4db60) for (1621:system_server)
03-02 12:01:34.578   921  1500 I BufferQueueDebug: [e554e9d com.softnation.Ojam/com.softnation.Ojam.MainActivity#134755](this:0xb400007bceca2fd8,id:-1,api:0,p:-1,c:-1) BufferQueue core=(921:/system/bin/surfaceflinger)
03-02 12:01:34.593  1621  1651 I ActivityTaskManager: visible for Task{c6d88cc #37051 type=standard A=10337:com.softnation.Ojam} visible = true isAnimating = false TRANSITION = false PARENTS = false CHILDREN = false
03-02 12:01:34.595 16497 16497 D InputEventReceiver: Input log is disabled in InputEventReceiver.
03-02 12:01:34.596  2363  2477 I MultiTaskingTaskRepository: needSkip: is home task
03-02 12:01:34.596  2363  2477 D MultiTaskingTaskRepository: addOrMoveFullscreenTaskToTop taskId=37051
03-02 12:01:34.596  2363  2477 D MiuiFreeformModeCornerTipHandler: task#37051 onTaskVanished
03-02 12:01:34.596  2363  2477 I MiuiBubbleController: removeBubble: 37051 reason=2
03-02 12:01:34.597  2363  2477 I MultiTaskingTaskRepository: onTaskInfoChanged multi list = [5, 4], full = [37051, 37019, 36980]
03-02 12:01:34.597  2363  2477 D MiuiFreeformModeController: onFocusTaskChanged taskInfo: TaskInfo{userId=0 taskId=37051 displayId=0 isRunning=true baseIntent=Intent { flg=0x10000000 cmp=com.softnation.Ojam/.MainActivity } baseActivity=ComponentInfo{com.softnation.Ojam/com.softnation.Ojam.MainActivity} topActivity=ComponentInfo{com.softnation.Ojam/com.softnation.Ojam.MainActivity} origActivity=null realActivity=ComponentInfo{com.softnation.Ojam/com.softnation.Ojam.MainActivity} numActivities=1 lastActiveTime=1032253568 supportsSplitScreenMultiWindow=true supportsMultiWindow=true resizeMode=1 isResizeable=true minWidth=-1 minHeight=-1 defaultMinSize=200 token=WCT{android.window.IWindowContainerToken$Stub$Proxy@1014378} topActivityType=1 pictureInPictureParams=null shouldDockBigOverlays=false launchIntoPipHostTaskId=-1 lastParentTaskIdBeforePip=-1 displayCutoutSafeInsets=null topActivityInfo=ActivityInfo{6e87a51 com.softnation.Ojam.MainActivity} launchCookies=[] positionInParent=Point(0, 0) parentTaskId=-1 isFocused=true isVisible=true isVisibleRequested=true isSleeping=false locusId=null displayAreaFeatureId=1 isTopActivityTransparent=false appCompatTaskInfo=AppCompatTaskInfo { topActivityInSizeCompat=false topActivityEligibleForLetterboxEducation= falseisLetterboxEducationEnabled= false isLetterboxDoubleTapEnabled= false topActivityEligibleForUserAspectRatioButton= false topActivityBoundsLetterboxed= false isFromLetterboxDoubleTap= false topActivityLetterboxVerticalPosition= -1 topActivityLetterboxHorizontalPosition= -1 topActivityLetterboxWidth=1080 topActivityLetterboxHeight=2460 isUserFullscreenOverrideEnabled=false isSystemFullscreenOverrideEnabled=false cameraCompatTaskInfo=CameraCompatTaskInfo { cameraCompatControlState=hidden freeformCameraCompatMode=inactive}} isImmersive=false mTopActivityRequestOrientation=1 mBehindAppLockPkg=null mOriginatingUid=0 isEmbedded=false shouldBeVisible=true mIsCastMode=false mTopActivityMediaSize=null mTopActivityRecordName=ActivityRecord{7496e59 u0 com.softnation.Ojam/.MainActivity t37051} mTopActivityOrientation=1}
03-02 12:01:34.598 16497 16497 W Looper  : PerfMonitor looperActivity : package=com.softnation.Ojam/.MainActivity time=0ms latency=447ms  procState=-1  historyMsgCount=5 (msgIndex=1 wall=1603ms seq=3 late=8ms h=android.app.ActivityThread$H w=110) (msgIndex=5 wall=415ms seq=7 late=31ms h=android.app.ActivityThread$H w=159)
03-02 12:01:34.598  1621  4289 I ATMSImpl: cacheTasksForDefaultDisplay size=4
03-02 12:01:34.599  1999  1999 D RecentsImpl: mActivityStateObserver com.softnation.Ojam.MainActivity
