03-02 10:11:13.412  2363  2477 D MultiTaskingTaskRepository: 	at com.android.wm.shell.transition.Transitions$TransitionPlayerImpl$$ExternalSyntheticLambda1.run(go/retraceme 5c05439c20823397c9aaa04c8ad244598257e2a7e5bd06f03af131ffaee2a4a9:47)
03-02 10:11:13.412  2363  2477 D MultiTaskingTaskRepository: 	at android.os.Handler.handleCallback(Handler.java:959)
03-02 10:11:13.412  2363  2477 D MultiTaskingTaskRepository: 	at android.os.Handler.dispatchMessage(Handler.java:100)
03-02 10:11:13.412  2363  2477 D MultiTaskingTaskRepository: 	at android.os.Looper.loopOnce(Looper.java:249)
03-02 10:11:13.412  2363  2477 D MultiTaskingTaskRepository: 	at android.os.Looper.loop(Looper.java:337)
03-02 10:11:13.412  2363  2477 D MultiTaskingTaskRepository: 	at android.os.HandlerThread.run(HandlerThread.java:85)
03-02 10:11:13.412  2363  2477 D MultiTaskingTaskInfo: initFolmeControl::task id = 37022, mBounds = Rect(0, 0 - 1080, 2460)
03-02 10:11:13.412  2363  2477 E KeyguardTransitionHandlerImpl: activityCount = 0
03-02 10:11:13.412  1621  1651 D MiuiRefreshRatePolicy: reset
03-02 10:11:13.413  2363  2477 I ShellTransitions: getMaybeHandlerType active = (#10138) android.os.BinderProxy@9291f26@0, type = 0
03-02 10:11:13.415  1621  1651 I ActivityTaskManager: visible for Task{27e6aff #2 type=home I=com.miui.home/.launcher.Launcher} visible = true isAnimating = false TRANSITION = false PARENTS = false CHILDREN = false
03-02 10:11:13.416  2363  2477 D MulWinSwitchDecorViewModel: handleEventReceiverIfMultiWinSwitchIsUnsupported: removeEventReceiver, callers=com.android.wm.shell.multitasking.miuimultiwinswitch.miuiwindowdecor.MulWinSwitchDecorViewModel.onTaskOpening:7 com.android.wm.shell.fullscreen.FullscreenTaskListener.onTaskAppeared:97 com.android.wm.shell.ShellTaskOrganizer.onTaskAppeared:9 com.android.wm.shell.ShellTaskOrganizer.onTaskAppeared:3 android.window.TaskOrganizer$1.lambda$onTaskAppeared$5:312 
03-02 10:11:13.416  1999 26364 D AnimStateManager: send event 9001 currentState = HomeState windowElement = com.miui.home.recents.anim.WindowElement@7e112df
03-02 10:11:13.416  1999  1999 I AnimStateManager: HomeState handle event 9001
03-02 10:11:13.416   921  1500 I BufferQueueDebug: [39f154e ActivityRecordInputSink com.softnation.Ojam/.MainActivity#133051](this:0xb400007bceca8af8,id:-1,api:0,p:-1,c:-1) BufferQueue core=(921:/system/bin/surfaceflinger)
03-02 10:11:13.416  1999  1999 I AnimStateManager: CommonState handle event 9001
03-02 10:11:13.416  1999  1999 I TransitionCallback: get is waitFinishMainAnim = false
03-02 10:11:13.416  1999  1999 I AnimStateManager: onWindowElementChanged. initWindowElement windowElement= com.miui.home.recents.anim.WindowElement@7e112df
03-02 10:11:13.416  1999  1999 I WindowElement: 7e112df injectRemoteTransition params=RemoteTransitionInfo(token=android.os.BinderProxy@edef077, info={id=10138 t=OPEN f=0x0 trk=0 r=[0@Point(0, 0)] c=[{WCT{android.window.IWindowContainerToken$Stub$Proxy@53ad4e4} m=OPEN f=NONE leash=Surface(name=Task=37022#133044)/@0xab51d38 sb=Rect(0, 0 - 1080, 2460) eb=Rect(0, 0 - 1080, 2460) d=0 taskParent=-1},{WCT{android.window.IWindowContainerToken$Stub$Proxy@3424d4d} m=TO_BACK f=SHOW_WALLPAPER leash=Surface(name=Task=1#47)/@0xf54b111 sb=Rect(0, 0 - 1080, 2460) eb=Rect(0, 0 - 1080, 2460) d=0 taskParent=-1}] mk=[true] noAni=[false] df=[false] rsa=[false] oa=[false] iSync=[-1]}, t=android.view.SurfaceControl$Transaction@d569002, finishCallback=android.window.IRemoteTransitionFinishedCallback$Stub$Proxy@1481d13, isMerge=true, mergeTarget=android.os.BinderProxy@7edfdfb)
03-02 10:11:13.416  1999  1999 E WindowTransitionCompat: TransitionTest wrapRemoteTransition
03-02 10:11:13.416  1999  1999 I WindowTransitionCompat: HomeShellTransition IRemoteTransition mergeAnimation,expectHandlerType = 0 only ar = false
03-02 10:11:13.416  1999  1999 I WindowElement: 7e112df onTransitionMerged, done = false hasNewAnim = false
03-02 10:11:13.416  2363  2477 D MultiTaskingTaskRepository: addOrMoveFullscreenTaskToTop taskId=37022
03-02 10:11:13.417  1999  1999 D WindowTransitionCompat: printLeash::TransitionInfo = {id=10138 t=OPEN f=0x0 trk=0 r=[0@Point(0, 0)] c=[{WCT{android.window.IWindowContainerToken$Stub$Proxy@53ad4e4} m=OPEN f=NONE leash=Surface(name=Task=37022#133044)/@0xab51d38 sb=Rect(0, 0 - 1080, 2460) eb=Rect(0, 0 - 1080, 2460) d=0 taskParent=-1},{WCT{android.window.IWindowContainerToken$Stub$Proxy@3424d4d} m=TO_BACK f=SHOW_WALLPAPER leash=Surface(name=Task=1#47)/@0xf54b111 sb=Rect(0, 0 - 1080, 2460) eb=Rect(0, 0 - 1080, 2460) d=0 taskParent=-1}] mk=[true] noAni=[false] df=[false] rsa=[false] oa=[false] iSync=[-1]}
03-02 10:11:13.417  1999  1999 D WindowTransitionCompat: printLeash::index = 0, change = {WCT{android.window.IWindowContainerToken$Stub$Proxy@53ad4e4} m=OPEN f=NONE leash=Surface(name=Task=37022#133044)/@0xab51d38 sb=Rect(0, 0 - 1080, 2460) eb=Rect(0, 0 - 1080, 2460) d=0 taskParent=-1}
03-02 10:11:13.417  1999  1999 D WindowTransitionCompat: printLeash::taskInfo = TaskInfo{userId=0 taskId=37022 displayId=0 isRunning=true baseIntent=Intent { flg=0x10000000 cmp=com.softnation.Ojam/.MainActivity } baseActivity=ComponentInfo{com.softnation.Ojam/com.softnation.Ojam.MainActivity} topActivity=ComponentInfo{com.softnation.Ojam/com.softnation.Ojam.MainActivity} origActivity=null realActivity=ComponentInfo{com.softnation.Ojam/com.softnation.Ojam.MainActivity} numActivities=1 lastActiveTime=1025632749 supportsSplitScreenMultiWindow=true supportsMultiWindow=true resizeMode=1 isResizeable=true minWidth=-1 minHeight=-1 defaultMinSize=200 token=WCT{android.window.IWindowContainerToken$Stub$Proxy@4425b50} topActivityType=1 pictureInPictureParams=null shouldDockBigOverlays=false launchIntoPipHostTaskId=-1 lastParentTaskIdBeforePip=-1 displayCutoutSafeInsets=null topActivityInfo=ActivityInfo{7f37149 com.softnation.Ojam.MainActivity} launchCookies=[] positionInParent=Point(0, 0) parentTaskId=-1 isFocused=false isVisible=true isVisibleRequested=true isSleeping=false locusId=null displayAreaFeatureId=1 isTopActivityTransparent=false appCompatTaskInfo=AppCompatTaskInfo { topActivityInSizeCompat=false topActivityEligibleForLetterboxEducation= falseisLetterboxEducationEnabled= false isLetterboxDoubleTapEnabled= false topActivityEligibleForUserAspectRatioButton= false topActivityBoundsLetterboxed= false isFromLetterboxDoubleTap= false topActivityLetterboxVerticalPosition= -1 topActivityLetterboxHorizontalPosition= -1 topActivityLetterboxWidth=1080 topActivityLetterboxHeight=2460 isUserFullscreenOverrideEnabled=false isSystemFullscreenOverrideEnabled=false cameraCompatTaskInfo=CameraCompatTaskInfo { cameraCompatControlState=hidden freeformCameraCompatMode=inactive}} isImmersive=false mTopActivityRequestOrientation=1 mBehindAppLockPkg=null mOriginatingUid=0 isEmbedded=false shouldBeVisible=true mIsCastMode=false mTopActivityMediaSize=null mTopActivityRecordName=ActivityRecord{a48bf7c u0 com.softnation.Ojam/.MainActivity t37022} mTopActivityOrientation=1}
03-02 10:11:13.417  1999  1999 D WindowTransitionCompat: printLeash::index = 1, change = {WCT{android.window.IWindowContainerToken$Stub$Proxy@3424d4d} m=TO_BACK f=SHOW_WALLPAPER leash=Surface(name=Task=1#47)/@0xf54b111 sb=Rect(0, 0 - 1080, 2460) eb=Rect(0, 0 - 1080, 2460) d=0 taskParent=-1}
03-02 10:11:13.417  1999  1999 D WindowTransitionCompat: printLeash::taskInfo = TaskInfo{userId=0 taskId=1 displayId=0 isRunning=true baseIntent=Intent { act=android.intent.action.MAIN cat=[android.intent.category.HOME] flg=0x10000100 cmp=com.miui.home/.launcher.Launcher } baseActivity=ComponentInfo{com.miui.home/com.miui.home.launcher.Launcher} topActivity=ComponentInfo{com.miui.home/com.miui.home.launcher.Launcher} origActivity=null realActivity=null numActivities=1 lastActiveTime=42083 supportsSplitScreenMultiWindow=true supportsMultiWindow=true resizeMode=2 isResizeable=true minWidth=-1 minHeight=-1 defaultMinSize=200 token=WCT{android.window.IWindowContainerToken$Stub$Proxy@6a1aa4e} topActivityType=2 pictureInPictureParams=null shouldDockBigOverlays=false launchIntoPipHostTaskId=-1 lastParentTaskIdBeforePip=-1 displayCutoutSafeInsets=Rect(0, 104 - 0, 0) topActivityInfo=ActivityInfo{b0d776f com.miui.home.launcher.Launcher} launchCookies=[] positionInParent=Point(0, 0) parentTaskId=-1 isFocused=true isVisible=true isVisibleRequested=false isSleeping=false locusId=null displayAreaFeatureId=1 isTopActivityTransparent=false appCompatTaskInfo=AppCompatTaskInfo { topActivityInSizeCompat=false topActivityEligibleForLetterboxEducation= falseisLetterboxEducationEnabled= false isLetterboxDoubleTapEnabled= false topActivityEligibleForUserAspectRatioButton= false topActivityBoundsLetterboxed= false isFromLetterboxDoubleTap= false topActivityLetterboxVerticalPosition= -1 topActivityLetterboxHorizontalPosition= -1 topActivityLetterboxWidth=1080 topActivityLetterboxHeight=2460 isUserFullscreenOverrideEnabled=false isSystemFullscreenOverrideEnabled=false cameraCompatTaskInfo=CameraCompatTaskInfo { cameraCompatControlState=hidden freeformCameraCompatMode=inactive}} isImmersive=false mTopActivityRequestOrientation=-2 mBehindAppLockPkg=null mOriginatingUid=0 isEmbedded=false shouldBeVisible=false mIsCastMode=false mTopActivityMediaSize=null mTopActivityRecordName=ActivityRecord{9880759 u0 com.miui.home/.launcher.Launcher t2} mTopActivityOrientation=-2}
03-02 10:11:13.417  1999  1999 E WindowTransitionCompat: printLeash::index = 0, root = Surface(name=Transition Root #10138: Task=37022#133048)/@0x928c276
03-02 10:11:13.417  1999  1999 D Launcher.Boost: setDynamicVIPTaskIfNeeded::duration = 150
03-02 10:11:13.417  1999  1999 I TransitionCallback: mNeedShowLauncher = false
03-02 10:11:13.417  1999  1999 I TransitionCallback: get is waitFinishMainAnim = false
03-02 10:11:13.418  2363  2402 I RecentsTransitionHandler: getRecentsAnimationController fail, controllerIdx = -1
03-02 10:11:13.418  1999  1999 I WindowTransitionCompat: TransitionTest getIRecentsAnimationController = null
03-02 10:11:13.419  1999  1999 I WindowTransitionCompat: 0, check isClosingType type = 1, mode = 1, taskId = 37022, changes leash = Surface(name=Task=37022#133044)/@0xab51d38, change = {WCT{android.window.IWindowContainerToken$Stub$Proxy@53ad4e4} m=OPEN f=NONE leash=Surface(name=Task=37022#133044)/@0xab51d38 sb=Rect(0, 0 - 1080, 2460) eb=Rect(0, 0 - 1080, 2460) d=0 taskParent=-1}
03-02 10:11:13.419  1999  1999 I WindowTransitionCompat: 1, check isClosingType type = 2, mode = 4, taskId = 1, changes leash = Surface(name=Task=1#47)/@0xf54b111, change = {WCT{android.window.IWindowContainerToken$Stub$Proxy@3424d4d} m=TO_BACK f=SHOW_WALLPAPER leash=Surface(name=Task=1#47)/@0xf54b111 sb=Rect(0, 0 - 1080, 2460) eb=Rect(0, 0 - 1080, 2460) d=0 taskParent=-1}
03-02 10:11:13.419  1999  1999 I WindowTransitionCompat: has home
03-02 10:11:13.419  1999  1999 I WindowElement: 7e112df onTransitionMerged, done = true hasNewAnim = false
03-02 10:11:13.419  1999  1999 I WindowTransitionCompat: cancelAnimAndFinishMain,dont need handle transition type.type is 0
03-02 10:11:13.419  1999  1999 I WindowElement: 7e112df onAnimCancelByShellFinished needComplete = false
03-02 10:11:13.419  1999  1999 D HomeLayerElement: releaseHomeLeash com.android.systemui.shared.recents.system.SurfaceControlCompat@c0a34b7
03-02 10:11:13.419  1999  1999 D HomeLayerElement: java.lang.Exception
03-02 10:11:13.419  1999  1999 D HomeLayerElement: 	at com.miui.home.recents.anim.HomeLayerElement.releaseHomeLeash(HomeLayerElement.kt:93)
03-02 10:11:13.419  1999  1999 D HomeLayerElement: 	at com.miui.home.recents.anim.WindowElement.onAnimCancelByShellFinishedExecute(WindowElement.kt:455)
03-02 10:11:13.419  1999  1999 D HomeLayerElement: 	at com.miui.home.recents.anim.WindowElement$init$1.onAnimCancelByShellFinished(WindowElement.kt:1174)
03-02 10:11:13.419  1999  1999 D HomeLayerElement: 	at com.android.systemui.shared.recents.system.WindowTransitionCompat.cancelAnimAndFinishMain(WindowTransitionCompat.java:649)
03-02 10:11:13.419  1999  1999 D HomeLayerElement: 	at com.android.systemui.shared.recents.system.WindowTransitionCompat.cancelAnimAndFinishMain(WindowTransitionCompat.java:640)
03-02 10:11:13.419  1999  1999 D HomeLayerElement: 	at com.android.systemui.shared.recents.system.WindowTransitionCompat.access$900(WindowTransitionCompat.java:47)
03-02 10:11:13.419  1999  1999 D HomeLayerElement: 	at com.android.systemui.shared.recents.system.WindowTransitionCompat$2.mergeAnimation(WindowTransitionCompat.java:518)
03-02 10:11:13.419  1999  1999 D HomeLayerElement: 	at com.android.systemui.shared.recents.system.WindowTransitionCompat.wrapRemoteTransition(WindowTransitionCompat.java:740)
03-02 10:11:13.419  1999  1999 D HomeLayerElement: 	at com.miui.home.recents.anim.WindowElement.injectRemoteTransition(WindowElement.kt:687)
03-02 10:11:13.419  1999  1999 D HomeLayerElement: 	at com.miui.home.recents.anim.StateManager$CommonState.handleEvent(StateManager.kt:1291)
03-02 10:11:13.419  1999  1999 D HomeLayerElement: 	at com.miui.home.recents.anim.StateManager.handleEventActually(StateManager.kt:112)
03-02 10:11:13.419  1999  1999 D HomeLayerElement: 	at com.miui.home.recents.anim.StateManager.sendEventActually$lambda-0(StateManager.kt:99)
03-02 10:11:13.419  1999  1999 D HomeLayerElement: 	at com.miui.home.recents.anim.StateManager.$r8$lambda$C-kZp_X93nanDwYsUFIjH_GwEtM(Unknown Source:0)
03-02 10:11:13.419  1999  1999 D HomeLayerElement: 	at com.miui.home.recents.anim.StateManager$$ExternalSyntheticLambda3.run(Unknown Source:4)
03-02 10:11:13.419  1999  1999 D HomeLayerElement: 	at android.os.Handler.handleCallback(Handler.java:959)
03-02 10:11:13.419  1999  1999 D HomeLayerElement: 	at android.os.Handler.dispatchMessage(Handler.java:100)
03-02 10:11:13.419  1999  1999 D HomeLayerElement: 	at android.os.Looper.loopOnce(Looper.java:249)
03-02 10:11:13.419  1999  1999 D HomeLayerElement: 	at android.os.Looper.loop(Looper.java:337)
03-02 10:11:13.419  1999  1999 D HomeLayerElement: 	at android.app.ActivityThread.main(ActivityThread.java:9500)
03-02 10:11:13.419  1999  1999 D HomeLayerElement: 	at java.lang.reflect.Method.invoke(Native Method)
03-02 10:11:13.419  1999  1999 D HomeLayerElement: 	at com.android.internal.os.RuntimeInit$MethodAndArgsCaller.run(RuntimeInit.java:636)
03-02 10:11:13.419  1999  1999 D HomeLayerElement: 	at com.android.internal.os.ZygoteInit.main(ZygoteInit.java:1005)
03-02 10:11:13.419  1999  1999 D WindowAnimImplementorDispatcher: 7e112df cancelAnim by com.miui.home.recents.anim.windowanim.LocalWindowAnimImplementor@f039e90 withoutEndAndEndListener:false toHome:true
03-02 10:11:13.420  1999  1999 D LocalWindowAnimImplementor: com.miui.home.recents.anim.windowanim.LocalWindowAnimImplementor@f039e90 cancelAnim, onAnimCancelByShellFinished toHome:true withoutEndAndEndListener:false
03-02 10:11:13.420  1999  1999 D LocalWindowAnimImplementor: java.lang.Exception
03-02 10:11:13.420  1999  1999 D LocalWindowAnimImplementor: 	at com.miui.home.recents.anim.windowanim.LocalWindowAnimImplementor.cancelAnim(LocalWindowAnimImplementor.kt:168)
03-02 10:11:13.420  1999  1999 D LocalWindowAnimImplementor: 	at com.miui.home.recents.anim.windowanim.WindowAnimImplementorDispatcher.cancelAnim(WindowAnimImplementorDispatcher.kt:97)
03-02 10:11:13.420  1999  1999 D LocalWindowAnimImplementor: 	at com.miui.home.recents.anim.WindowElement.cancelAnim(WindowElement.kt:618)
03-02 10:11:13.420  1999  1999 D LocalWindowAnimImplementor: 	at com.miui.home.recents.anim.WindowElement.cancelAnim$default(WindowElement.kt:608)
03-02 10:11:13.420  1999  1999 D LocalWindowAnimImplementor: 	at com.miui.home.recents.anim.WindowElement.forceStop(WindowElement.kt:532)
03-02 10:11:13.420  1999  1999 D LocalWindowAnimImplementor: 	at com.miui.home.recents.anim.WindowElement.forceStop$default(WindowElement.kt:531)
03-02 10:11:13.420  1999  1999 D LocalWindowAnimImplementor: 	at com.miui.home.recents.anim.WindowElement.onAnimCancelByShellFinishedExecute(WindowElement.kt:457)
03-02 10:11:13.420  1999  1999 D LocalWindowAnimImplementor: 	at com.miui.home.recents.anim.WindowElement$init$1.onAnimCancelByShellFinished(WindowElement.kt:1174)
03-02 10:11:13.420  1999  1999 D LocalWindowAnimImplementor: 	at com.android.systemui.shared.recents.system.WindowTransitionCompat.cancelAnimAndFinishMain(WindowTransitionCompat.java:649)
03-02 10:11:13.420  1999  1999 D LocalWindowAnimImplementor: 	at com.android.systemui.shared.recents.system.WindowTransitionCompat.cancelAnimAndFinishMain(WindowTransitionCompat.java:640)
03-02 10:11:13.420  1999  1999 D LocalWindowAnimImplementor: 	at com.android.systemui.shared.recents.system.WindowTransitionCompat.access$900(WindowTransitionCompat.java:47)
03-02 10:11:13.420  1999  1999 D LocalWindowAnimImplementor: 	at com.android.systemui.shared.recents.system.WindowTransitionCompat$2.mergeAnimation(WindowTransitionCompat.java:518)
03-02 10:11:13.420  1999  1999 D LocalWindowAnimImplementor: 	at com.android.systemui.shared.recents.system.WindowTransitionCompat.wrapRemoteTransition(WindowTransitionCompat.java:740)
03-02 10:11:13.420  1999  1999 D LocalWindowAnimImplementor: 	at com.miui.home.recents.anim.WindowElement.injectRemoteTransition(WindowElement.kt:687)
03-02 10:11:13.420  1999  1999 D LocalWindowAnimImplementor: 	at com.miui.home.recents.anim.StateManager$CommonState.handleEvent(StateManager.kt:1291)
03-02 10:11:13.420  1999  1999 D LocalWindowAnimImplementor: 	at com.miui.home.recents.anim.StateManager.handleEventActually(StateManager.kt:112)
03-02 10:11:13.420  1999  1999 D LocalWindowAnimImplementor: 	at com.miui.home.recents.anim.StateManager.sendEventActually$lambda-0(StateManager.kt:99)
03-02 10:11:13.420  1999  1999 D LocalWindowAnimImplementor: 	at com.miui.home.recents.anim.StateManager.$r8$lambda$C-kZp_X93nanDwYsUFIjH_GwEtM(Unknown Source:0)
03-02 10:11:13.420  1999  1999 D LocalWindowAnimImplementor: 	at com.miui.home.recents.anim.StateManager$$ExternalSyntheticLambda3.run(Unknown Source:4)
03-02 10:11:13.420  1999  1999 D LocalWindowAnimImplementor: 	at android.os.Handler.handleCallback(Handler.java:959)
03-02 10:11:13.420  1999  1999 D LocalWindowAnimImplementor: 	at android.os.Handler.dispatchMessage(Handler.java:100)
03-02 10:11:13.420  1999  1999 D LocalWindowAnimImplementor: 	at android.os.Looper.loopOnce(Looper.java:249)
03-02 10:11:13.420  1999  1999 D LocalWindowAnimImplementor: 	at android.os.Looper.loop(Looper.java:337)
03-02 10:11:13.420  1999  1999 D LocalWindowAnimImplementor: 	at android.app.ActivityThread.main(ActivityThread.java:9500)
03-02 10:11:13.420  1999  1999 D LocalWindowAnimImplementor: 	at java.lang.reflect.Method.invoke(Native Method)
03-02 10:11:13.420  1999  1999 D LocalWindowAnimImplementor: 	at com.android.internal.os.RuntimeInit$MethodAndArgsCaller.run(RuntimeInit.java:636)
03-02 10:11:13.420  1999  1999 D LocalWindowAnimImplementor: 	at com.android.internal.os.ZygoteInit.main(ZygoteInit.java:1005)
03-02 10:11:13.420  1999  1999 D WindowElement: 7e112df com.miui.home.recents.anim.WindowElement@7e112df finishTransition toHome = true isHalf = com.miui.home.recents.anim.windowanim.WindowAnimContextImpl@3a4f9f5.isHalf runningTaskId = 0
03-02 10:11:13.420  1999  2652 I RectFSpringAnim: cancel mRequestCancel=false mLooperExecutor=com.miui.home.library.utils.LooperExecutor@cdf40c0
03-02 10:11:13.420  1999  2652 I RectFSpringAnim: endDirectly mRequestEnd end
03-02 10:11:13.420  1999  1999 D AnimStateManager: send event 8001 currentState = HomeState windowElement = com.miui.home.recents.anim.WindowElement@7e112df
03-02 10:11:13.420  1999  1999 I AnimStateManager: HomeState handle event 8001
03-02 10:11:13.420  1999  1999 I AnimStateManager: CommonState handle event 8001
03-02 10:11:13.420  1999  2652 I MultiSpringDynamicAnimation60f2b2c: TransitionTest endRequested=true
03-02 10:11:13.420  1999  1999 D ShortcutMenuLayerElement: setTo, params=ShortcutMenuLayerParams(alpha=1.0, scaleX=1.0, scaleY=1.0, dampingRation=1.2, response=0.5, isSurfaceChange=false)
03-02 10:11:13.420  1999  1999 D ShortcutMenuLayerElement: java.lang.Exception
03-02 10:11:13.420  1999  1999 D ShortcutMenuLayerElement: 	at com.miui.home.recents.anim.ShortcutMenuLayerElement.setTo(ShortcutMenuLayerElement.kt:231)
03-02 10:11:13.420  1999  1999 D ShortcutMenuLayerElement: 	at com.miui.home.recents.anim.StateManager$CommonState.handleEvent(StateManager.kt:1311)
03-02 10:11:13.420  1999  1999 D ShortcutMenuLayerElement: 	at com.miui.home.recents.anim.StateManager.handleEventActually(StateManager.kt:112)
03-02 10:11:13.420  1999  1999 D ShortcutMenuLayerElement: 	at com.miui.home.recents.anim.StateManager.sendEventActually(StateManager.kt:96)
03-02 10:11:13.420  1999  1999 D ShortcutMenuLayerElement: 	at com.miui.home.recents.anim.StateManager.sendEvent(StateManager.kt:122)
03-02 10:11:13.420  1999  1999 D ShortcutMenuLayerElement: 	at com.miui.home.recents.anim.WindowElement.onAnimCancelByShellFinishedExecute(WindowElement.kt:465)
03-02 10:11:13.420  1999  1999 D ShortcutMenuLayerElement: 	at com.miui.home.recents.anim.WindowElement$init$1.onAnimCancelByShellFinished(WindowElement.kt:1174)
03-02 10:11:13.420  1999  1999 D ShortcutMenuLayerElement: 	at com.android.systemui.shared.recents.system.WindowTransitionCompat.cancelAnimAndFinishMain(WindowTransitionCompat.java:649)
03-02 10:11:13.420  1999  1999 D ShortcutMenuLayerElement: 	at com.android.systemui.shared.recents.system.WindowTransitionCompat.cancelAnimAndFinishMain(WindowTransitionCompat.java:640)
03-02 10:11:13.420  1999  1999 D ShortcutMenuLayerElement: 	at com.android.systemui.shared.recents.system.WindowTransitionCompat.access$900(WindowTransitionCompat.java:47)
03-02 10:11:13.420  1999  1999 D ShortcutMenuLayerElement: 	at com.android.systemui.shared.recents.system.WindowTransitionCompat$2.mergeAnimation(WindowTransitionCompat.java:518)
03-02 10:11:13.420  1999  1999 D ShortcutMenuLayerElement: 	at com.android.systemui.shared.recents.system.WindowTransitionCompat.wrapRemoteTransition(WindowTransitionCompat.java:740)
03-02 10:11:13.420  1999  1999 D ShortcutMenuLayerElement: 	at com.miui.home.recents.anim.WindowElement.injectRemoteTransition(WindowElement.kt:687)
03-02 10:11:13.420  1999  1999 D ShortcutMenuLayerElement: 	at com.miui.home.recents.anim.StateManager$CommonState.handleEvent(StateManager.kt:1291)
03-02 10:11:13.420  1999  1999 D ShortcutMenuLayerElement: 	at com.miui.home.recents.anim.StateManager.handleEventActually(StateManager.kt:112)
03-02 10:11:13.420  1999  1999 D ShortcutMenuLayerElement: 	at com.miui.home.recents.anim.StateManager.sendEventActually$lambda-0(StateManager.kt:99)
03-02 10:11:13.420  1999  1999 D ShortcutMenuLayerElement: 	at com.miui.home.recents.anim.StateManager.$r8$lambda$C-kZp_X93nanDwYsUFIjH_GwEtM(Unknown Source:0)
03-02 10:11:13.420  1999  1999 D ShortcutMenuLayerElement: 	at com.miui.home.recents.anim.StateManager$$ExternalSyntheticLambda3.run(Unknown Source:4)
03-02 10:11:13.420  1999  1999 D ShortcutMenuLayerElement: 	at android.os.Handler.handleCallback(Handler.java:959)
03-02 10:11:13.420  1999  1999 D ShortcutMenuLayerElement: 	at android.os.Handler.dispatchMessage(Handler.java:100)
03-02 10:11:13.420  1999  1999 D ShortcutMenuLayerElement: 	at android.os.Looper.loopOnce(Looper.java:249)
03-02 10:11:13.420  1999  1999 D ShortcutMenuLayerElement: 	at android.os.Looper.loop(Looper.java:337)
03-02 10:11:13.420  1999  1999 D ShortcutMenuLayerElement: 	at android.app.ActivityThread.main(ActivityThread.java:9500)
03-02 10:11:13.420  1999  1999 D ShortcutMenuLayerElement: 	at java.lang.reflect.Method.invoke(Native Method)
03-02 10:11:13.420  1999  1999 D ShortcutMenuLayerElement: 	at com.android.internal.os.RuntimeInit$MethodAndArgsCaller.run(RuntimeInit.java:636)
03-02 10:11:13.420  1999  1999 D ShortcutMenuLayerElement: 	at com.android.internal.os.ZygoteInit.main(ZygoteInit.java:1005)
03-02 10:11:13.420  1999  1999 D WallpaperElement: setTo   zoomOut=1.0 useWallpaperAnim = false
03-02 10:11:13.420  1999  1999 D RecentBlurViewElement: setTo: params = RecentBlurParams(blurRadius=0.0, dimming=0.0, dampingRatio=0.95, response=0.45) blurView = null
03-02 10:11:13.422  1999  2684 D TaskSnapshotCompatVV: getIsInvalidateFromTaskSnapshot, return, mTaskSnapshot=null, mTaskSnapshotClazz=null
03-02 10:11:13.423  1621  1635 W UserManagerService: Requested status bar icon for non-badged user 0
03-02 10:11:13.424   921   921 I SurfaceFlinger: onHandleDestroyed: name=Surface(name=77d8129 NavigationBar0#101614)/@0x3faba4f - animation-leash of insets_animation#133036, layerId=133036, parentId=0
03-02 10:11:13.424   921   921 I SurfaceFlinger: onHandleDestroyed: name=Surface(name=5b2ee94 StatusBar#103)/@0xf6cf932 - animation-leash of insets_animation#133035, layerId=133035, parentId=0
03-02 10:11:13.430  1999  1999 E WindowTransitionCompat: com.android.systemui.shared.recents.system.WindowTransitionCompat@b464468 finishTransition toHome = true
03-02 10:11:13.430  1999  1999 D TransitionCallback: call executeFinishCallback, toHome = true
03-02 10:11:13.430  1999  1999 D TransitionCallback: java.lang.Exception
03-02 10:11:13.430  1999  1999 D TransitionCallback: 	at com.android.systemui.shared.recents.utilities.WindowTransitionCallbackHelper.executeFinishCallback(WindowTransitionCallbackHelper.java:227)
03-02 10:11:13.430  1999  1999 D TransitionCallback: 	at com.android.systemui.shared.recents.utilities.WindowTransitionCallbackHelper.executeFinishCallback(WindowTransitionCallbackHelper.java:163)
03-02 10:11:13.430  1999  1999 D TransitionCallback: 	at com.android.systemui.shared.recents.system.WindowTransitionCompat.finishTransition(WindowTransitionCompat.java:718)
03-02 10:11:13.430  1999  1999 D TransitionCallback: 	at com.miui.home.recents.anim.WindowElement.finishTransitionCompat(WindowElement.kt:344)
03-02 10:11:13.430  1999  1999 D TransitionCallback: 	at com.miui.home.recents.anim.WindowElement.finishTransition$lambda-4(WindowElement.kt:335)
03-02 10:11:13.430  1999  1999 D TransitionCallback: 	at com.miui.home.recents.anim.WindowElement.$r8$lambda$UZ5TJoxl6FF6JNmPqASbjBBP00o(Unknown Source:0)
03-02 10:11:13.430  1999  1999 D TransitionCallback: 	at com.miui.home.recents.anim.WindowElement$$ExternalSyntheticLambda10.run(Unknown Source:8)
03-02 10:11:13.430  1999  1999 D TransitionCallback: 	at android.os.Handler.handleCallback(Handler.java:959)
03-02 10:11:13.430  1999  1999 D TransitionCallback: 	at android.os.Handler.dispatchMessage(Handler.java:100)
03-02 10:11:13.430  1999  1999 D TransitionCallback: 	at android.os.Looper.loopOnce(Looper.java:249)
03-02 10:11:13.430  1999  1999 D TransitionCallback: 	at android.os.Looper.loop(Looper.java:337)
03-02 10:11:13.430  1999  1999 D TransitionCallback: 	at android.app.ActivityThread.main(ActivityThread.java:9500)
03-02 10:11:13.430  1999  1999 D TransitionCallback: 	at java.lang.reflect.Method.invoke(Native Method)
03-02 10:11:13.430  1999  1999 D TransitionCallback: 	at com.android.internal.os.RuntimeInit$MethodAndArgsCaller.run(RuntimeInit.java:636)
03-02 10:11:13.430  1999  1999 D TransitionCallback: 	at com.android.internal.os.ZygoteInit.main(ZygoteInit.java:1005)
03-02 10:11:13.430  1999  1999 I TransitionCallback: addCallbackListenerSync callBack:com.android.systemui.shared.recents.system.WindowTransitionCompat$1@2a4b526
03-02 10:11:13.430  1999  1999 I TransitionCallback: mNeedShowLauncher = false
03-02 10:11:13.430  1999  1999 I TransitionCallback: addCallbackListenerSync callBack:null
03-02 10:11:13.430  1999  1999 I TransitionCallback: com.android.systemui.shared.recents.utilities.WindowTransitionCallbackHelper@9b83173 call finishMainCallback, wct = null, sct = android.view.SurfaceControl$Transaction@b6e567, callback = android.window.IRemoteTransitionFinishedCallback$Stub$Proxy@c147ed7, mCounterRotatorList.size = 0, mInfoExposeList.size = 1, token = android.os.BinderProxy@7edfdfb
03-02 10:11:13.431  1999  1999 I TransitionCallback: call onTransitionFinishedWithCallback end
03-02 10:11:13.431  2363  2477 I RemoteTransitionHandlerStubImpl: putCallback transition: android.os.BinderProxy@ff6be84, wctCB: android.window.IWindowContainerTransactionCallback$Stub$Proxy@b695bb0
03-02 10:11:13.431  2363  2477 D SoScUtils: monitorTransitionFinished transition:android.os.BinderProxy@ff6be84 transaction: android.view.SurfaceControl$Transaction@febda29 mRequestCloseTransition:null mRequestOpenTransition:null mRequestOpenTransitionWithSameTask size:0 mPairsOpenTransition:null mPairsOpenTransitionNull:null mRequestOpenTriggerTask:-1 mRequestCloseTriggerTask:-1 mOrientationTransition: null mMainStartingTask:-1 mSideStartingTask:-1
03-02 10:11:13.431  1999  1999 I TransitionCallback: execute finishMainCallbackSync return, no need post delay
03-02 10:11:13.434  1621  1638 D WindowManager: Finish Transition (#10137): created at 03-02 10:11:12.750 collect-started=0.122ms request-sent=0.709ms started=30.519ms ready=30.455ms sent=238.899ms finished=683.056ms
03-02 10:11:13.434  1621  1635 W ActivityManager: pid 1621 system sent binder code 7 with flags 1 to frozen apps and got error -32
03-02 10:11:13.435  1621  1635 W WindowManager: Exception thrown during dispatchAppVisibility Window{118617e u0 com.softnation.Ojam/com.softnation.Ojam.MainActivity EXITING}
03-02 10:11:13.435  1621  1635 W WindowManager: android.os.DeadObjectException
03-02 10:11:13.435  1621  1635 W WindowManager: 	at android.os.BinderProxy.transactNative(Native Method)
03-02 10:11:13.435  1621  1635 W WindowManager: 	at android.os.BinderProxy.transact(BinderProxy.java:682)
03-02 10:11:13.435  1621  1635 W WindowManager: 	at android.view.IWindow$Stub$Proxy.dispatchAppVisibility(IWindow.java:655)
03-02 10:11:13.435  1621  1635 W WindowManager: 	at com.android.server.wm.WindowState.sendAppVisibilityToClients(WindowState.java:3529)
03-02 10:11:13.435  1621  1635 W WindowManager: 	at com.android.server.wm.WindowContainer.sendAppVisibilityToClients(WindowContainer.java:1387)
03-02 10:11:13.435  1621  1635 W WindowManager: 	at com.android.server.wm.WindowToken.setClientVisible(WindowToken.java:423)
03-02 10:11:13.435  1621  1635 W WindowManager: 	at com.android.server.wm.ActivityRecord.setClientVisible(ActivityRecord.java:8426)
03-02 10:11:13.435  1621  1635 W WindowManager: 	at com.android.server.wm.ActivityRecord.postApplyAnimation(ActivityRecord.java:6989)
03-02 10:11:13.435  1621  1635 W WindowManager: 	at com.android.server.wm.ActivityRecord.commitVisibility(ActivityRecord.java:6931)
03-02 10:11:13.435  1621  1635 W WindowManager: 	at com.android.server.wm.Transition.finishTransition(Transition.java:1589)
03-02 10:11:13.435  1621  1635 W WindowManager: 	at com.android.server.wm.TransitionController.finishTransition(TransitionController.java:1153)
03-02 10:11:13.435  1621  1635 W WindowManager: 	at com.android.server.wm.WindowOrganizerController.finishTransition(WindowOrganizerController.java:578)
03-02 10:11:13.435  1621  1635 W WindowManager: 	at android.window.IWindowOrganizerController$Stub.onTransact(IWindowOrganizerController.java:324)
03-02 10:11:13.435  1621  1635 W WindowManager: 	at com.android.server.wm.WindowOrganizerController.onTransact(WindowOrganizerController.java:234)
03-02 10:11:13.435  1621  1635 W WindowManager: 	at android.os.Binder.execTransactInternal(Binder.java:1507)
03-02 10:11:13.435  1621  1635 W WindowManager: 	at android.os.Binder.execTransact(Binder.java:1451)
03-02 10:11:13.435  1999  2652 I RectFSpringAnim: TransitionTest MultiSpringDynamicAnimation on end. this=com.miui.home.recents.util.RectFSpringAnim@c6f3f14
03-02 10:11:13.435  1999  2652 I RectFSpringAnim: changeAnimStart start=false
03-02 10:11:13.435  1999  2652 I WindowElement: 7e112df reset mDisableStateManagerListener false.
03-02 10:11:13.435  1999  2652 I WindowElement: 7e112df com.miui.home.recents.anim.WindowElement@7e112df TransitionTest onAnimationEnd AnimType = CLOSE_TO_HOME_CENTER allowShellListener = true, isDuringMerge=false, mUserAnimListener=com.miui.home.recents.anim.WindowAnimParamsProvider$getClosingWindowAnimParams$animListener$1@64cd142
03-02 10:11:13.435  1621  1635 W Process : Unable to open /proc/15673/status
03-02 10:11:13.435  1621  1635 I Transition: finishTransition: updateLastSurfacePosition tf=Task{1b84b4 #37021 type=standard A=10337:com.softnation.Ojam}
03-02 10:11:13.435  1621  1635 I Transition: finishTransition: updateLastSurfacePosition tf=Task{27e6aff #2 type=home I=com.miui.home/.launcher.Launcher}
03-02 10:11:13.436  1621  1635 I Transition: finishTransition: updateLastSurfacePosition tf=Task{d151cdd #1 type=home}
03-02 10:11:13.437  1999  1999 W WindowElement: 7e112df Calling onShellAnimationEnd() and couldExecuteShellAnimEnd is false
03-02 10:11:13.437  1999  1999 E RotationHelper: setCurrentTransitionRequest: request=0
03-02 10:11:13.437 14013 14013 I brdz    : onPause
03-02 10:11:13.437  1621  1635 D MiuiRefreshRatePolicy: reset
03-02 10:11:13.439  1621  1635 I PowerManagerServiceImpl: Release wakelock: SCREEN_BRIGHT_WAKE_LOCK           'WindowManager/displayId:0' ON_AFTER_RELEASE DISABLED ACQ=-1m51s465ms (uid=1000 pid=1621 pkg=android ws=WorkSource{10337 com.softnation.Ojam})
03-02 10:11:13.441   921   921 I BufferQueueDebug: [Surface(name=5b2ee94 StatusBar#103)/@0xf6cf932 - animation-leash of insets_animation#133035](this:0xb400007bcebbf2d8,id:-1,api:0,p:-1,c:921) onDestructor()
03-02 10:11:13.441   921   921 I BufferQueueDebug: [Surface(name=77d8129 NavigationBar0#101614)/@0x3faba4f - animation-leash of insets_animation#133036](this:0xb400007bcecbc9e8,id:-1,api:0,p:-1,c:921) onDestructor()
03-02 10:11:13.442  1621  1635 D WindowManager: setParent old=ActivityRecord{3b1d9c6 u0 com.softnation.Ojam/.MainActivity t37021 f} isExiting},new=null,this window=Window{118617e u0 com.softnation.Ojam/com.softnation.Ojam.MainActivity EXITING},callers=com.android.server.wm.WindowContainer.removeChild:897 com.android.server.wm.ActivityRecord.removeChild:5518 com.android.server.wm.ActivityRecord.removeChild:505 com.android.server.wm.WindowContainer.removeImmediately:967 com.android.server.wm.WindowState.removeImmediately:2526 com.android.server.wm.WindowContainer.removeImmediately:931 
03-02 10:11:13.442  1999  2684 D RecentsModel: onTaskStackChangedBackground    MSG_TASK_STACK_CHANGE
03-02 10:11:13.442  1999  2684 D RecentsModel: boostTaskStackChangedThread, don't boost
03-02 10:11:13.443  6027 20777 I SCTaskStackListener: onTaskStackChanged! inSplit = false
03-02 10:11:13.444  1621  1635 D MiuiRefreshRatePolicy: reset
03-02 10:11:13.446  1621  1635 D WindowManager: setParent old=Task{1b84b4 #37021 type=standard A=10337:com.softnation.Ojam},new=null,this window=ActivityRecord{3b1d9c6 u0 com.softnation.Ojam/.MainActivity t37021 f} isExiting},callers=com.android.server.wm.WindowContainer.removeChild:897 com.android.server.wm.TaskFragment.removeChild:3337 com.android.server.wm.Task.removeChild:1929 com.android.server.wm.Task.removeChild:1908 com.android.server.wm.WindowContainer.removeImmediately:967 com.android.server.wm.WindowToken.removeImmediately:374 
03-02 10:11:13.447   921  1500 I BufferQueueDebug: [Task=37021#133052](this:0xb400007bcec1fff8,id:-1,api:0,p:-1,c:-1) BufferQueue core=(921:/system/bin/surfaceflinger)
03-02 10:11:13.448  1621  1635 D WindowManager: setParent old=DefaultTaskDisplayArea@262819365,new=null,this window=Task{1b84b4 #37021 type=standard A=10337:com.softnation.Ojam},callers=com.android.server.wm.WindowContainer.removeChild:897 com.android.server.wm.TaskDisplayArea.removeChildTask:360 com.android.server.wm.TaskDisplayArea.removeChild:351 com.android.server.wm.WindowContainer.removeImmediately:967 com.android.server.wm.TaskFragment.removeImmediately:3417 com.android.server.wm.Task.removeImmediately:3408 
03-02 10:11:13.448  1621  1635 D MiuiMultiWindowUtils: DeviceLevel.IS_MIUI_LITE_VERSION 2.0 not support miui multiWindowtides
03-02 10:11:13.448  1621  1635 D MiuiMultiWindowUtils: DeviceLevel.IS_MIUI_LITE_VERSION 2.0 not support miui multiWindowtides
03-02 10:11:13.449  2363  2477 I RemoteTransitionHandlerStubImpl: invokeAndRemoveWctCB transition: android.os.BinderProxy@ff6be84, wctCB: android.window.IWindowContainerTransactionCallback$Stub$Proxy@b695bb0
03-02 10:11:13.449  2363  2477 I ShellTransitions: Is abandon offsetY: false
03-02 10:11:13.449  1621  1651 I ActivityTaskManager: visible for Task{27e6aff #2 type=home I=com.miui.home/.launcher.Launcher} visible = true isAnimating = false TRANSITION = false PARENTS = false CHILDREN = false
03-02 10:11:13.449  2363  2477 I ShellTransitions: Is abandon offsetY: false
03-02 10:11:13.449 17120 17120 I softnation.Ojam: Using CollectorTypeCMC GC.
03-02 10:11:13.449  1621  1635 W UserManagerService: Requested status bar icon for non-badged user 0
03-02 10:11:13.450  2363  2477 E TaskViewTransitions: Found a launching TaskView in the wrong transition. All TaskView launches should be initiated by shell and in their own transition: 37022
03-02 10:11:13.450  2363  2477 E KeyguardTransitionHandlerImpl: activityCount = 0
03-02 10:11:13.450  1999 26364 D TransitionCallback: Transitions all anim call WindowOrganizer.finishTransition end
03-02 10:11:13.450  2363  2477 E KeyguardTransitionHandlerImpl: activityCount = 0
03-02 10:11:13.450  1999 26364 I TransitionCallback: checkCallbackSync, size = 1
03-02 10:11:13.450  1999 26364 I WindowElement: 7e112df onFinishCompleted mDisableStateManagerListener = false
03-02 10:11:13.450  2363  2477 D MiuiFreeformModeAnimation: startAnimation change: {WCT{android.window.IWindowContainerToken$Stub$Proxy@18d9dd6} m=OPEN f=NONE leash=Surface(name=Task=37022#133044)/@0xaba7f7b sb=Rect(0, 0 - 1080, 2460) eb=Rect(0, 0 - 1080, 2460) d=0 taskParent=-1} info.getType(): 1
03-02 10:11:13.450  1999  1999 D HomeLayerElement: releaseHomeLeash null
03-02 10:11:13.450  1999  1999 D HomeLayerElement: java.lang.Exception
03-02 10:11:13.450  1999  1999 D HomeLayerElement: 	at com.miui.home.recents.anim.HomeLayerElement.releaseHomeLeash(HomeLayerElement.kt:93)
03-02 10:11:13.450  1999  1999 D HomeLayerElement: 	at com.miui.home.recents.anim.WindowElement.onFinishCompleted$lambda-17(WindowElement.kt:1218)
03-02 10:11:13.450  1999  1999 D HomeLayerElement: 	at com.miui.home.recents.anim.WindowElement.$r8$lambda$9rzf3fTArGCTg2V355uRTOGSaa0(Unknown Source:0)
03-02 10:11:13.450  1999  1999 D HomeLayerElement: 	at com.miui.home.recents.anim.WindowElement$$ExternalSyntheticLambda2.run(Unknown Source:2)
03-02 10:11:13.450  1999  1999 D HomeLayerElement: 	at android.os.Handler.handleCallback(Handler.java:959)
03-02 10:11:13.450  1999  1999 D HomeLayerElement: 	at android.os.Handler.dispatchMessage(Handler.java:100)
03-02 10:11:13.450  1999  1999 D HomeLayerElement: 	at android.os.Looper.loopOnce(Looper.java:249)
03-02 10:11:13.450  1999  1999 D HomeLayerElement: 	at android.os.Looper.loop(Looper.java:337)
03-02 10:11:13.450  1999  1999 D HomeLayerElement: 	at android.app.ActivityThread.main(ActivityThread.java:9500)
03-02 10:11:13.450  1999  1999 D HomeLayerElement: 	at java.lang.reflect.Method.invoke(Native Method)
03-02 10:11:13.450  1999  1999 D HomeLayerElement: 	at com.android.internal.os.RuntimeInit$MethodAndArgsCaller.run(RuntimeInit.java:636)
03-02 10:11:13.450  1999  1999 D HomeLayerElement: 	at com.android.internal.os.ZygoteInit.main(ZygoteInit.java:1005)
03-02 10:11:13.450  2363  2477 D MiuiFreeformModeAnimation: startAnimation change: {WCT{android.window.IWindowContainerToken$Stub$Proxy@8e79857} m=TO_BACK f=SHOW_WALLPAPER leash=Surface(name=Task=1#47)/@0x861f198 sb=Rect(0, 0 - 1080, 2460) eb=Rect(0, 0 - 1080, 2460) d=0 taskParent=-1} info.getType(): 1
03-02 10:11:13.450  1999  1999 I AnimStateManager: onAnimationEnd animSymbols(com.miui.home.recents.util.RectFSpringAnim@c6f3f14 com.miui.home.recents.util.RectFSpringAnim@c6f3f14)
03-02 10:11:13.450  1999  1999 I AnimStateManager: go to state com.miui.home.recents.anim.StateManager$IdleState@75a357d
03-02 10:11:13.450  2363  2477 D SoScStageCoordinator: inCloseTransition:false pairsStartedWithCloseTransition:false isRequestCloseTriggerTask:false inSingleSoScState:false inSoScUnactivie:true closeStage:null
03-02 10:11:13.451   921  1166 D SurfaceFlinger: [SF client] REMOVE (0xb400007caea43570) for (1621:system_server)
03-02 10:11:13.452  1621  1651 W ActivityTaskManager: Can't find TaskDisplayArea to determine support for multi window. Task id=37021 attached=false
03-02 10:11:13.452  2363  2477 D TransitionAnimationHelper:  load default animation  type = 1 enter = false animAttr = 19 isTask = true translucent = false
03-02 10:11:13.453  2363  2477 D TransitionAnimationHelper:  load default animation  type = 1 enter = true animAttr = 18 isTask = true translucent = false
03-02 10:11:13.455  2363  2540 D ShellTransitions: speed ui!!!!!!!!!!!
03-02 10:11:13.456  2363  2477 I MultiTaskingTaskRepository: no MULTI_WINDOW, but base activity is null
03-02 10:11:13.456  1621  4238 I ATMSImpl: cacheTasksForDefaultDisplay size=4
03-02 10:11:13.456  2363  2477 D MulWinSwitchDecorViewModel: destroyWindowDecoration: taskId=37021 windowingMode=1 mWindowDecorByTaskId.size()=0 callers=com.android.wm.shell.fullscreen.FullscreenTaskListener.onTaskVanished:104 com.android.wm.shell.ShellTaskOrganizer.onTaskVanished:128 android.window.TaskOrganizer$1.lambda$onTaskVanished$6:317 android.window.TaskOrganizer$1.$r8$lambda$8ODi_1s42Z5SmyxWXsgMLDG64pA:0 android.window.TaskOrganizer$1$$ExternalSyntheticLambda0.run:0 
03-02 10:11:13.457  2363  2477 D MulWinSwitchDecorViewModel: handleEventReceiverIfMultiWinSwitchIsUnsupported: removeEventReceiver, callers=com.android.wm.shell.multitasking.miuimultiwinswitch.miuiwindowdecor.MulWinSwitchDecorViewModel.destroyWindowDecoration:82 com.android.wm.shell.fullscreen.FullscreenTaskListener.onTaskVanished:104 com.android.wm.shell.ShellTaskOrganizer.onTaskVanished:128 android.window.TaskOrganizer$1.lambda$onTaskVanished$6:317 android.window.TaskOrganizer$1.$r8$lambda$8ODi_1s42Z5SmyxWXsgMLDG64pA:0 
03-02 10:11:13.457  2363  2477 D MultiTaskingTaskRepository: onTaskVanished: taskInfo.taskId: 37021 current mMultiTaskingTaskInfoList: { ,37022 ,37021 ,37019 ,36980 ,36770 ,36289 ,5 ,4 }
03-02 10:11:13.457  2363  2477 D MultiTaskingTaskRepository: removeFullscreenTask taskId=37021
03-02 10:11:13.457  2363  2477 D MiuiFreeformModeCornerTipHandler: task#37021 onTaskVanished
03-02 10:11:13.457  2363  2477 I MiuiBubbleController: removeBubble: 37021 reason=2
03-02 10:11:13.457  2363  2477 I MultiTaskingTaskInfo: before call clearMaskControl task id = 37021, CoverLayerController = null, callers=com.android.wm.shell.multitasking.taskmanager.MultiTaskingTaskListener.onTaskVanished:148 com.android.wm.shell.ShellTaskOrganizer.onTaskVanished:141 android.window.TaskOrganizer$1.lambda$onTaskVanished$6:317 android.window.TaskOrganizer$1.$r8$lambda$8ODi_1s42Z5SmyxWXsgMLDG64pA:0 android.window.TaskOrganizer$1$$ExternalSyntheticLambda0.run:0 
03-02 10:11:13.457  2363  2477 I MultiTaskingTaskRepository: onTaskVanish multi list = [5, 4], full = [37022, 37019, 36980]
03-02 10:11:13.458   921   921 I SurfaceFlinger: onHandleDestroyed: name=Task=37021#133052, layerId=133052, parentId=0
03-02 10:11:13.458   921   921 I SurfaceFlinger: onHandleDestroyed: name=ActivityRecord{3b1d9c6 u0 com.softnation.Ojam/.MainActivity t37021}#132993, layerId=132993, parentId=0
03-02 10:11:13.458   921   921 I SurfaceFlinger: onHandleDestroyed: name=118617e com.softnation.Ojam/com.softnation.Ojam.MainActivity#133001, layerId=133001, parentId=0
03-02 10:11:13.458  1999  2684 D RecentsModel: getRunningTask ignoreActivityType : 2 ,ignoreWindowMode:5
03-02 10:11:13.458   921   921 I SurfaceFlinger: onHandleDestroyed: name=com.softnation.Ojam/com.softnation.Ojam.MainActivity#133002, layerId=133002, parentId=0
03-02 10:11:13.458   921   921 I SurfaceFlinger: onHandleDestroyed: name=93b7008 ActivityRecordInputSink com.softnation.Ojam/.MainActivity#132999, layerId=132999, parentId=0
03-02 10:11:13.458  1999 26364 D EventBus: No subscribers registered for event class com.miui.home.recents.messages.RecentTasksChangedEvent
03-02 10:11:13.458  1999 26364 D EventBus: No subscribers registered for event class org.greenrobot.eventbus.NoSubscriberEvent
03-02 10:11:13.458  1999  2684 W RecentsModel: getRunningTask   taskInfo=TaskInfo{userId=0 taskId=37022 displayId=0 isRunning=true baseIntent=Intent { flg=0x10000000 cmp=com.softnation.Ojam/.MainActivity } baseActivity=ComponentInfo{com.softnation.Ojam/com.softnation.Ojam.MainActivity} topActivity=ComponentInfo{com.softnation.Ojam/com.softnation.Ojam.MainActivity} origActivity=null realActivity=ComponentInfo{com.softnation.Ojam/com.softnation.Ojam.MainActivity} numActivities=1 lastActiveTime=1025632876 supportsSplitScreenMultiWindow=true supportsMultiWindow=true resizeMode=1 isResizeable=true minWidth=-1 minHeight=-1 defaultMinSize=200 token=WCT{android.window.IWindowContainerToken$Stub$Proxy@c16fdb2} topActivityType=1 pictureInPictureParams=null shouldDockBigOverlays=false launchIntoPipHostTaskId=-1 lastParentTaskIdBeforePip=-1 displayCutoutSafeInsets=null topActivityInfo=ActivityInfo{c27103 com.softnation.Ojam.MainActivity} launchCookies=[] positionInParent=Point(0, 0) parentTaskId=-1 isFocused=false isVisible=true isVisibleRequested=true isSleeping=false locusId=null displayAreaFeatureId=1 isTopActivityTransparent=false appCompatTaskInfo=AppCompatTaskInfo { topActivityInSizeCompat=false topActivityEligibleForLetterboxEducation= falseisLetterboxEducationEnabled= false isLetterboxDoubleTapEnabled= false topActivityEligibleForUserAspectRatioButton= false topActivityBoundsLetterboxed= false isFromLetterboxDoubleTap= false topActivityLetterboxVerticalPosition= -1 topActivityLetterboxHorizontalPosition= -1 topActivityLetterboxWidth=1080 topActivityLetterboxHeight=2460 isUserFullscreenOverrideEnabled=false isSystemFullscreenOverrideEnabled=false cameraCompatTaskInfo=CameraCompatTaskInfo { cameraCompatControlState=hidden freeformCameraCompatMode=inactive}} isImmersive=false mTopActivityRequestOrientation=1 mBehindAppLockPkg=null mOriginatingUid=0 isEmbedded=false shouldBeVisible=true mIsCastMode=false mTopActivityMediaSize=null mTopActivityRecordName=ActivityRecord{a48bf7c u0 com.softnation.Ojam/.MainActivity t37022} mTopActivityOrientation=1}
03-02 10:11:13.458  1999  2684 D RecentsModel: preloadRecents runningTaskId:37022, mCurrentRunningTaskId:-1, mRecentsTaskLoadPlan=com.android.systemui.shared.recents.model.RecentsTaskLoadPlan@c8b3880
03-02 10:11:13.458  1621  1651 D MiuiRefreshRatePolicy: reset
03-02 10:11:13.458  1999 29002 D EventBus: No subscribers registered for event class com.miui.home.recents.messages.RecentTasksChangedEvent
03-02 10:11:13.458  1999 29002 D EventBus: No subscribers registered for event class org.greenrobot.eventbus.NoSubscriberEvent
03-02 10:11:13.458  1999 29002 D EventBus: No subscribers registered for event class com.miui.home.recents.messages.RecentTasksChangedEvent
03-02 10:11:13.458  1999 29002 D EventBus: No subscribers registered for event class org.greenrobot.eventbus.NoSubscriberEvent
03-02 10:11:13.459  1621  1635 W UserManagerService: Requested status bar icon for non-badged user 0
03-02 10:11:13.459  1999  2684 E ActivityManagerWrapper: get all recent tasks force including 37022
03-02 10:11:13.460  7123  7128 I adbd    : jdwp connection from 17120
03-02 10:11:13.461  1621  1651 I ActivityTaskManager: visible for Task{27e6aff #2 type=home I=com.miui.home/.launcher.Launcher} visible = true isAnimating = false TRANSITION = false PARENTS = false CHILDREN = false
03-02 10:11:13.462  1621  4764 I ATMSImpl: cacheTasksForDefaultDisplay size=4
03-02 10:11:13.468  1999  2684 E ActivityManagerWrapper: getRecentTasksForceIncludingTaskIdIfValid: getRecentTasks: size=3
03-02 10:11:13.468  1999  2684 E ActivityManagerWrapper:  mainTaskId=37022   userId=0   windowMode=1   baseIntent=Intent { act=null flag=268435456 cmp=ComponentInfo{com.softnation.Ojam/com.softnation.Ojam.MainActivity} }
03-02 10:11:13.468  1999  2684 E ActivityManagerWrapper:  mainTaskId=37019   userId=0   windowMode=1   baseIntent=Intent { act=null flag=268435456 cmp=ComponentInfo{com.whatsapp/com.whatsapp.home.ui.HomeActivity} }
03-02 10:11:13.468  1999  2684 E ActivityManagerWrapper:  mainTaskId=36980   userId=0   windowMode=1   baseIntent=Intent { act=android.intent.action.MAIN flag=270532608 cmp=ComponentInfo{com.twitter.android/com.twitter.android.StartActivity} }
03-02 10:11:13.472   857   857 D android.hardware.lights-service.mediatek: write 188 to /sys/class/leds/lcd-backlight/brightness, result: 0
03-02 10:11:13.472  1621  1651 I ActivityTaskManager: visible for Task{27e6aff #2 type=home I=com.miui.home/.launcher.Launcher} visible = true isAnimating = false TRANSITION = false PARENTS = false CHILDREN = false
03-02 10:11:13.473   857   857 D android.hardware.lights-service.mediatek: write 188 to /sys/class/mi_display/disp-DSI-0/brightness_clone, result: 0
03-02 10:11:13.474   921   921 I BufferQueueDebug: [Task=37021#133052](this:0xb400007bcec1fff8,id:-1,api:0,p:-1,c:921) onDestructor()
03-02 10:11:13.474   921   921 I BufferQueueDebug: [ActivityRecord{3b1d9c6 u0 com.softnation.Ojam/.MainActivity t37021}#132993](this:0xb400007bcec58f38,id:-1,api:0,p:-1,c:921) onDestructor()
03-02 10:11:13.474   921   921 I BufferQueueDebug: [93b7008 ActivityRecordInputSink com.softnation.Ojam/.MainActivity#132999](this:0xb400007bcec7b1f8,id:-1,api:0,p:-1,c:921) onDestructor()
03-02 10:11:13.475   921   921 I BufferQueueDebug: [com.softnation.Ojam/com.softnation.Ojam.MainActivity#133002](this:0xb400007bcec97998,id:-1,api:0,p:-1,c:921) onDestructor()
03-02 10:11:13.475   921  1484 E BpTransactionCompletedListener: Failed to transact (-32)
03-02 10:11:13.476   921   921 I BufferQueueDebug: [118617e com.softnation.Ojam/com.softnation.Ojam.MainActivity#133001](this:0xb400007bcecdbf18,id:-1,api:0,p:-1,c:921) onDestructor()
