03-02 10:11:23.015  1177  1177 E thermal_src: set_ttj_to_kernel 1:error -1
03-02 10:11:23.015  1177  1177 I thermal_src: recvmsg_expect 2, but get 5 
03-02 10:11:23.015  1177  1177 V thermal_src: waiting NOTIFY from kernel miss, -1
03-02 10:11:23.015  1177  1177 I thermal_src: recvmsg_expect 2, but get 5 
03-02 10:11:23.015  1177  1177 V thermal_src: waiting NOTIFY from kernel miss, -1
03-02 10:11:23.015  1177  1177 I thermal_src: recvmsg_expect 2, but get 4 
03-02 10:11:23.015  1177  1177 V thermal_src: waiting NOTIFY from kernel miss, -1
03-02 10:11:23.331  1621  1650 W ActivityTaskManager: Launch timeout has expired, giving up wake lock!
03-02 10:11:23.361   863   958 I mtkpower@impl: [powerd_req] TIMER_MSG_PERF_LOCK_TIMEOUT hdl:362392
03-02 10:11:23.362   863   958 I libPowerHal: [perfLockRel] hdl:362392, idx:4
03-02 10:11:23.362   863   958 I libPowerHal: [PD] MTKPOWER_HINT_PROCESS_CREATE update cmd:2024000 param:5, pr:6
03-02 10:11:23.363   863   958 I libPowerHal: [PD] MTKPOWER_HINT_PROCESS_CREATE update ONESHOT(unset) cmd:10000700 param:16129 pr:3
03-02 10:11:23.363   863   958 I libPowerHal: [perfLockRel] Done for hdl : 362392
03-02 10:11:23.662   921   921 I BufferQueueProducer: [StatusBar#109](this:0xb400007bcec4ab68,id:-1,api:0,p:-1,c:921) queueBuffer: fps=0.20 dur=5003.90 max=5003.90 min=5003.90
03-02 10:11:23.665   849   849 I hwcomposer: [HWCDisplay] (0 updateFps():3667), (type:1, mode:2) fps:0.399691,dur:5003.86,max:4757.03,min:246.84  
03-02 10:11:23.666   921   921 I MI-SF   : surfaceflinger setAffinity mode=0
03-02 10:11:23.667   921   921 E MI-SF   : surfaceflinger setAffinity success
03-02 10:11:23.752  1621  2740 D AS.BtHelper: isBluetoothScoOn() mBluetoothHeadset is null: falsemBluetoothHeadsetDevice is null: true
03-02 10:11:23.752  1621  2740 V AS.AudioDeviceBroker: requestedCommunicationDevice: null mAudioModeOwner: AudioModeInfo: mMode=MODE_NORMAL, mPid=0, mUid=0
03-02 10:11:23.753  1621  2740 D AS.BtHelper: isBluetoothScoOn() mBluetoothHeadset is null: falsemBluetoothHeadsetDevice is null: true
03-02 10:11:23.753  1621  2740 V AS.AudioDeviceBroker: requestedCommunicationDevice: null mAudioModeOwner: AudioModeInfo: mMode=MODE_NORMAL, mPid=0, mUid=0
03-02 10:11:23.907   849  1430 I hwcomposer: [HWC] (0)fire a callback of refresh to SF[4]  
03-02 10:11:23.913  1159  1606 D ULogGuard: Monitoring: 18 threads, 0 requests, 0 time-bombs; 1 guards. ResetFlags = 0x7
03-02 10:11:23.915   921   921 I BufferQueueProducer: [FramebufferSurface](this:0xb400007d8e9dff50,id:-1,api:1,p:921,c:921) queueBuffer: fps=0.20 dur=5008.94 max=5008.94 min=5008.94
03-02 10:11:23.918   921   921 I MI-SF   : surfaceflinger setAffinity mode=1
03-02 10:11:23.919   921   921 E MI-SF   : surfaceflinger setAffinity success
03-02 10:11:23.919   921   921 I MI-SF   : surfaceflinger setreAffinity reTid=1207
03-02 10:11:23.919   921   921 E MI-SF   : surfaceflinger setAffinity success
03-02 10:11:24.057  2363  2393 I ndroid.systemui: NativeAlloc concurrent mark compact GC freed 6095KB AllocSpace bytes, 47(1068KB) LOS objects, 42% free, 49MB/85MB, paused 1.602ms,6.036ms total 416.727ms
03-02 10:11:24.071 18523 18695 E msys    : E[N mns]_OnDiskCacheGetData(632)=>Start post callback cache refresh DNS resolution
03-02 10:11:24.077 18523 18695 E msys    : E[N mns]_LogError(228)=>Failed to resolve using system DNS resolver, getaddrinfo(): No address associated with hostname
03-02 10:11:24.078 18523 18695 E msys    : E[N mns]_OnDiskCacheGetData(632)=>Start post callback cache refresh DNS resolution
03-02 10:11:24.080 18523 18695 E msys    : E[N mns]_LogError(228)=>Failed to resolve using system DNS resolver, getaddrinfo(): No address associated with hostname
03-02 10:11:24.171 18523 18695 E msys    : E[N mns]_OnDiskCacheGetData(632)=>Start post callback cache refresh DNS resolution
03-02 10:11:24.177 18523 18695 E msys    : E[N mns]_LogError(228)=>Failed to resolve using system DNS resolver, getaddrinfo(): No address associated with hostname
03-02 10:11:24.189  1055  1186 D connsyslogger: SD_LOG_ROOT is /data/debuglogger/connsyslog/fw.
03-02 10:11:24.189  1055  1186 D connsyslogger: systemReady:1
03-02 10:11:24.370  1621  1621 D UiModeManager: updateConfigurationLocked: mDockState=0; mCarMode=false; mCar=false; mPowerSave=false; mOverrideNightModeOn=false; mOverrideNightModeOff=false; mComputedNightMode=true; mNightModeValue=2; uiMode=42
03-02 10:11:24.372  6027  6027 I PowerSaveService: onReceive: android.intent.action.BATTERY_CHANGED
03-02 10:11:24.373  6515  8177 D PowerCheckerService: onBatteryChanged, mBatteryLevel = 43, status = 2, level = 43, plug = 2, scale = 100
03-02 10:11:24.373  6515  6997 I ProcAudioPowerManager: onBatteryChanged, onBattery is false
03-02 10:11:24.373  6515  6997 D PowerKeeper.FrozenApp: onBatteryChanged plug=true mBatteryPlugged=2
03-02 10:11:24.373  6515  8142 D PowerKeeper.Thermal: mBatteryTemperature: 42
03-02 10:11:24.375  6027  6027 I PowerNoticeUI: handleBatteryChanged oldPlugType 2 mPlugType 2 oldBatteryLevel 43 mBatteryLevel 43 temperature 420
03-02 10:11:24.375  6027  6027 I ChargerBatteryIntelligenceReceiver: onBatteryChanged temperature∩╝Ü42,plugType:2
03-02 10:11:24.375  6027  6027 D BaseChargeProtect_HighTemp: mCountByMinute:0,isScreenOn:true
03-02 10:11:24.376  6027  6027 I android_os_HwBinder: HwBinder: Starting thread pool for getting: vendor.xiaomi.hardware.micharge@1.0::IMiCharge/default
03-02 10:11:24.379   872 24120 I vendor.xiaomi.hardware.micharge@1.0-service: ReadFilePathValue path = /sys/class/power_supply/usb/real_type value = USB
03-02 10:11:24.379  6027  6027 I IMiChargeUtils: getIMiChargeStringValue method:getBatteryChargeType,value:USB
03-02 10:11:24.379  6027  6027 I IMiChargeUtils: getBatteryChargeType : USB
03-02 10:11:24.379  6027  6027 I ChargeTimeUtilsV2: chargeType:USB
03-02 10:11:24.379  6027  6027 I PowerFeatureUtils: getVendorName:mediatek
03-02 10:11:24.379  6027  6027 I PowerFeatureUtils: getVendorName:mediatek
03-02 10:11:24.385  3510  3510 W libc    : Unable to set property "persist.vendor.accelerate.charge" to "false": PROP_ERROR_PERMISSION_DENIED (0x18)
03-02 10:11:24.397  1621  1621 D UiModeManager: updateConfigurationLocked: mDockState=0; mCarMode=false; mCar=false; mPowerSave=false; mOverrideNightModeOn=false; mOverrideNightModeOff=false; mComputedNightMode=true; mNightModeValue=2; uiMode=42
03-02 10:11:24.398  6027  6027 I PowerSaveService: onReceive: android.intent.action.BATTERY_CHANGED
03-02 10:11:24.399  6027  6027 I PowerNoticeUI: handleBatteryChanged oldPlugType 2 mPlugType 2 oldBatteryLevel 43 mBatteryLevel 43 temperature 420
03-02 10:11:24.399  6515  8177 D PowerCheckerService: onBatteryChanged, mBatteryLevel = 43, status = 2, level = 43, plug = 2, scale = 100
03-02 10:11:24.399  6515  6997 I ProcAudioPowerManager: onBatteryChanged, onBattery is false
03-02 10:11:24.399  6515  6997 D PowerKeeper.FrozenApp: onBatteryChanged plug=true mBatteryPlugged=2
03-02 10:11:24.400  6027  6027 I ChargerBatteryIntelligenceReceiver: onBatteryChanged temperature∩╝Ü42,plugType:2
03-02 10:11:24.400  6027  6027 D BaseChargeProtect_HighTemp: mCountByMinute:0,isScreenOn:true
03-02 10:11:24.400  6515  8142 D PowerKeeper.Thermal: mBatteryTemperature: 42
03-02 10:11:24.401  6027  6027 I android_os_HwBinder: HwBinder: Starting thread pool for getting: vendor.xiaomi.hardware.micharge@1.0::IMiCharge/default
03-02 10:11:24.403   872 24120 I vendor.xiaomi.hardware.micharge@1.0-service: ReadFilePathValue path = /sys/class/power_supply/usb/real_type value = USB
03-02 10:11:24.403  6027  6027 I IMiChargeUtils: getIMiChargeStringValue method:getBatteryChargeType,value:USB
03-02 10:11:24.403  6027  6027 I IMiChargeUtils: getBatteryChargeType : USB
03-02 10:11:24.403  6027  6027 I ChargeTimeUtilsV2: chargeType:USB
03-02 10:11:24.403  6027  6027 I PowerFeatureUtils: getVendorName:mediatek
03-02 10:11:24.404  6027  6027 I PowerFeatureUtils: getVendorName:mediatek
03-02 10:11:24.458   863   958 I libPowerHal: perfUserScnCheckAll
03-02 10:11:24.458   863   958 I libPowerHal: perfScnDumpAll cmd:0
03-02 10:11:24.458   863   958 I libPowerHal: ========================
03-02 10:11:24.459   863   958 I libPowerHal: LAUNCH - gpu freq min:-1, max:-1, scn_action:0
03-02 10:11:24.459   863   958 I libPowerHal: LAUNCH - gpu freq min:-1, max:-1, scn_action:0
03-02 10:11:24.459   863   958 I libPowerHal: LAUNCH cmd:1408300, param:100
03-02 10:11:24.459   863   958 I libPowerHal: LAUNCH cmd:400000 param:3000000
03-02 10:11:24.459   863   958 I libPowerHal: LAUNCH cmd:400100 param:3000000
03-02 10:11:24.459   863   958 I libPowerHal: LAUNCH cmd:1000000 param:0
03-02 10:11:24.459   863   958 I libPowerHal: ========================
03-02 10:11:24.559  1177  1177 I thermal_src: recvmsg_expect 5, but get 2 
03-02 10:11:24.560  1177  1177 V thermal_src: TA_DAEMON_CMD_GET_TPCB:ERROR ret=-1
03-02 10:11:24.560  1177  1177 E thermal_src: get_tpcb_from_kernel:error -1. retry...
03-02 10:11:24.560  1177  1177 I thermal_src: recvmsg_expect 4, but get 2 
03-02 10:11:24.560  1177  1177 V thermal_src: TA_DAEMON_CMD_SET_TTJ:ERROR ret=-1
03-02 10:11:24.560  1177  1177 E thermal_src: set_ttj_to_kernel 1:error -1
03-02 10:11:24.560  1177  1177 I thermal_src: recvmsg_expect 2, but get 5 
03-02 10:11:24.560  1177  1177 V thermal_src: waiting NOTIFY from kernel miss, -1
03-02 10:11:24.560  1177  1177 I thermal_src: recvmsg_expect 2, but get 4 
03-02 10:11:24.560  1177  1177 V thermal_src: waiting NOTIFY from kernel miss, -1
03-02 10:11:24.560  1177  1177 I thermal_src: recvmsg_expect 5, but get 2 
03-02 10:11:24.560  1177  1177 V thermal_src: TA_DAEMON_CMD_GET_TPCB:ERROR ret=-1
03-02 10:11:24.560  1177  1177 E thermal_src: get_tpcb_from_kernel:error -1. retry...
03-02 10:11:24.560  1177  1177 I thermal_src: recvmsg_expect 4, but get 5 
03-02 10:11:24.560  1177  1177 V thermal_src: TA_DAEMON_CMD_SET_TTJ:ERROR ret=-1
03-02 10:11:24.560  1177  1177 E thermal_src: set_ttj_to_kernel 1:error -1
03-02 10:11:24.560  1177  1177 I thermal_src: recvmsg_expect 2, but get 4 
03-02 10:11:24.560  1177  1177 V thermal_src: waiting NOTIFY from kernel miss, -1
03-02 10:11:24.658   861   947 I libPerfCtl: xgfGetFPS pid:921 fps:-1
03-02 10:11:24.658   861   947 I libPerfCtl: xgfGetFPS pid:2363 fps:-1
03-02 10:11:24.675   921   921 I BufferQueueProducer: [StatusBar#109](this:0xb400007bcec4ab68,id:-1,api:0,p:-1,c:921) queueBuffer: fps=0.99 dur=1012.83 max=1012.83 min=1012.83
03-02 10:11:24.677   849   849 I hwcomposer: [HWCDisplay] (0 updateFps():3667), (type:1, mode:2) fps:1.975514,dur:1012.39,max:760.54,min:251.86  
03-02 10:11:24.678   921   921 I MI-SF   : surfaceflinger setAffinity mode=0
03-02 10:11:24.679   921   921 E MI-SF   : surfaceflinger setAffinity success
03-02 10:11:24.741 17120 23530 D nativeloader: Load /data/app/~~Bh61wenJZi6JNVEuOkVQfQ==/com.softnation.Ojam-nnCVAdHxKfOmup5FCuBDYQ==/base.apk!/lib/arm64-v8a/libworklets.so using class loader ns clns-7 (caller=/data/app/~~Bh61wenJZi6JNVEuOkVQfQ==/com.softnation.Ojam-nnCVAdHxKfOmup5FCuBDYQ==/base.apk!classes20.dex): ok
03-02 10:11:24.756  1621  2740 D AS.BtHelper: isBluetoothScoOn() mBluetoothHeadset is null: falsemBluetoothHeadsetDevice is null: true
03-02 10:11:24.756  1621  2740 V AS.AudioDeviceBroker: requestedCommunicationDevice: null mAudioModeOwner: AudioModeInfo: mMode=MODE_NORMAL, mPid=0, mUid=0
03-02 10:11:24.757  1621  2740 D AS.BtHelper: isBluetoothScoOn() mBluetoothHeadset is null: falsemBluetoothHeadsetDevice is null: true
03-02 10:11:24.757  1621  2740 V AS.AudioDeviceBroker: requestedCommunicationDevice: null mAudioModeOwner: AudioModeInfo: mMode=MODE_NORMAL, mPid=0, mUid=0
03-02 10:11:24.894  1621  1666 I SmartPower: com.whatsapp/10300(31638): idle->background(2109ms) R(broadcast start Intent { act=android.intent.action.BATTERY_CHANGED flg=0x60000010 (has extras) }) adj=900.
03-02 10:11:24.896  1621  1666 I SmartPower: com.instagram.android/10301(18523): idle->background(2110ms) R(broadcast start Intent { act=android.intent.action.BATTERY_CHANGED flg=0x60000010 (has extras) }) adj=915.
03-02 10:11:24.897  1621  1666 I SmartPower: com.facebook.katana/10287(21983): idle->background(2110ms) R(broadcast start Intent { act=android.intent.action.BATTERY_CHANGED flg=0x60000010 (has extras) }) adj=905.
03-02 10:11:24.898  1621  1666 I SmartPower: com.android.chrome/10174(23296): idle->background(2110ms) R(broadcast start Intent { act=android.intent.action.BATTERY_CHANGED flg=0x60000010 (has extras) }) adj=905.
03-02 10:11:24.903   849  1430 I hwcomposer: [HWC] (0)fire a callback of refresh to SF[4]  
03-02 10:11:24.914   921   921 I MI-SF   : surfaceflinger setAffinity mode=1
03-02 10:11:24.914   921   921 E MI-SF   : surfaceflinger setAffinity success
03-02 10:11:24.914   921   921 I MI-SF   : surfaceflinger setreAffinity reTid=1207
03-02 10:11:24.914   921   921 E MI-SF   : surfaceflinger setAffinity success
03-02 10:11:24.987 17120 23530 D nativeloader: Load /data/app/~~Bh61wenJZi6JNVEuOkVQfQ==/com.softnation.Ojam-nnCVAdHxKfOmup5FCuBDYQ==/base.apk!/lib/arm64-v8a/libreanimated.so using class loader ns clns-7 (caller=/data/app/~~Bh61wenJZi6JNVEuOkVQfQ==/com.softnation.Ojam-nnCVAdHxKfOmup5FCuBDYQ==/base.apk!classes20.dex): ok
03-02 10:11:25.018  1177  1177 I thermal_src: recvmsg_expect 5, but get 2 
03-02 10:11:25.018  1177  1177 V thermal_src: TA_DAEMON_CMD_GET_TPCB:ERROR ret=-1
03-02 10:11:25.018  1177  1177 E thermal_src: get_tpcb_from_kernel:error -1. retry...
03-02 10:11:25.018  1177  1177 I thermal_src: recvmsg_expect 5, but get 2 
03-02 10:11:25.018  1177  1177 V thermal_src: TA_DAEMON_CMD_GET_TPCB:ERROR ret=-1
03-02 10:11:25.018  1177  1177 E thermal_src: get_tpcb_from_kernel:error -1. retry...
03-02 10:11:25.018  1177  1177 I thermal_src: recvmsg_expect 5, but get 2 
03-02 10:11:25.018  1177  1177 V thermal_src: TA_DAEMON_CMD_GET_TPCB:ERROR ret=-1
03-02 10:11:25.018  1177  1177 E thermal_src: get_tpcb_from_kernel:error -1. retry...
03-02 10:11:25.018  1177  1177 I thermal_src: recvmsg_expect 4, but get 5 
03-02 10:11:25.018  1177  1177 V thermal_src: TA_DAEMON_CMD_SET_TTJ:ERROR ret=-1
03-02 10:11:25.018  1177  1177 E thermal_src: set_ttj_to_kernel 1:error -1
03-02 10:11:25.018  1177  1177 I thermal_src: recvmsg_expect 2, but get 5 
03-02 10:11:25.018  1177  1177 V thermal_src: waiting NOTIFY from kernel miss, -1
03-02 10:11:25.018  1177  1177 I thermal_src: recvmsg_expect 2, but get 5 
03-02 10:11:25.018  1177  1177 V thermal_src: waiting NOTIFY from kernel miss, -1
03-02 10:11:25.018  1177  1177 I thermal_src: recvmsg_expect 2, but get 4 
03-02 10:11:25.018  1177  1177 V thermal_src: waiting NOTIFY from kernel miss, -1
03-02 10:11:25.171   863   909 I mtkpower@impl: [setMode] type:5, enabled:0
03-02 10:11:25.171  1621  1650 I PowerHalWrapper: amsBoostNotify pid:1999,activity:com.miui.home.launcher.Launcher, package:com.miui.home, mProcessCreatePackcom.softnation.Ojam 
03-02 10:11:25.171  1621  1650 I PowerHalWrapper: state: 0 
03-02 10:11:25.172   863   958 I libPowerHal: [perfLockRel] hdl:362391, idx:1
03-02 10:11:25.172   863   958 I libPowerHal: [PD] LAUNCH update cmd:1408300 param:0, pr:6
03-02 10:11:25.172  1621  1650 I mtkpower_client: [PowerHal_Wrap_notifyAppState] com.miui.home/com.miui.home.launcher.Launcher pid=1999 activityId:159909721 state:0
03-02 10:11:25.173   861   861 I vendor.mediatek.hardware.mtkpower_applist-service.mediatek: packName: com.miui.home actName: com.miui.home.launcher.Launcher pid: 1999 activityId: 159909721 uid: 10166 state: 0
03-02 10:11:25.173   861   861 I MTK_APPList: [notifyAPPstate] com.miui.home/com.miui.home.launcher.Launcher, pid=1999, activityId=159909721, uid=10166, state:PAUSED, fps:-1, win:1
03-02 10:11:25.173   861   861 I MTK_APPList: [notifyAPPstate] multi_resumed_app_count: 2
03-02 10:11:25.173   861   861 I MTK_APPList: [notifyAPPstate] multi_resumed_app_info[0] com.android.systemui/com.android.systemui._190038181, pid:2363, activityId:-1, fps:-1, isMultiWindow:0
03-02 10:11:25.173   861   861 I MTK_APPList: [notifyAPPstate] multi_resumed_app_info[1] com.softnation.Ojam/com.softnation.Ojam.MainActivity, pid:17120, activityId:172539772, fps:-1, isMultiWindow:0
03-02 10:11:25.173   861   861 I MTK_APPList: [getForegroundAPPCount] 2
03-02 10:11:25.173   861   861 I MTK_APPList: [notifyNetdUID] 10337
03-02 10:11:25.173  1621  1650 I PowerHalWrapper: amsBoostNotify AMS_BOOST_PROCESS_CREATE_BOOST:true 
03-02 10:11:25.174   863   958 I libPowerHal: [PD] LAUNCH update cmd:400000 param:-1 pr:6
03-02 10:11:25.175   863   958 I libPowerHal: [PD] LAUNCH update cmd:400100 param:-1 pr:6
03-02 10:11:25.175  1999  1999 D OnLongClickAgent: reset:   removeMessages MSG_LONG_CLICK
03-02 10:11:25.175  1999  1999 D OnLongClickAgent: reset:   removeMessages MSG_LONG_CLICK
03-02 10:11:25.175  1999  1999 D OnLongClickAgent: reset:   removeMessages MSG_LONG_CLICK
03-02 10:11:25.175  1999  1999 D OnLongClickAgent: reset:   removeMessages MSG_LONG_CLICK
03-02 10:11:25.176   863   958 I libPowerHal: [PD] LAUNCH update cmd:1000000 param:-1 pr:6
03-02 10:11:25.176  1999  1999 D OnLongClickAgent: reset:   removeMessages MSG_LONG_CLICK
03-02 10:11:25.176  1999  1999 D OnLongClickAgent: reset:   removeMessages MSG_LONG_CLICK
03-02 10:11:25.176  1999  1999 D OnLongClickAgent: reset:   removeMessages MSG_LONG_CLICK
03-02 10:11:25.176  1999  1999 D OnLongClickAgent: reset:   removeMessages MSG_LONG_CLICK
03-02 10:11:25.176  1999  1999 D OnLongClickAgent: reset:   removeMessages MSG_LONG_CLICK
03-02 10:11:25.176   863   958 I libPowerHal: [recordCPUFreqInfo] set cluster[0] min(-1): -1 max(-1): -1 cluster[1] min(-1): -1 max(-1): -1
03-02 10:11:25.176  1999  1999 D OnLongClickAgent: reset:   removeMessages MSG_LONG_CLICK
03-02 10:11:25.176  1999  1999 D OnLongClickAgent: reset:   removeMessages MSG_LONG_CLICK
03-02 10:11:25.176   863   958 I libPowerHal: [perfLockRel] Done for hdl : 362391
03-02 10:11:25.176  1999  1999 D OnLongClickAgent: reset:   removeMessages MSG_LONG_CLICK
03-02 10:11:25.176  1999  1999 D OnLongClickAgent: reset:   removeMessages MSG_LONG_CLICK
03-02 10:11:25.177  1999  1999 D OnLongClickAgent: reset:   removeMessages MSG_LONG_CLICK
03-02 10:11:25.177  1999  1999 D OnLongClickAgent: reset:   removeMessages MSG_LONG_CLICK
03-02 10:11:25.177  1999  1999 D OnLongClickAgent: reset:   removeMessages MSG_LONG_CLICK
03-02 10:11:25.177  1999  1999 D OnLongClickAgent: reset:   removeMessages MSG_LONG_CLICK
03-02 10:11:25.177  1999  1999 D OnLongClickAgent: reset:   removeMessages MSG_LONG_CLICK
03-02 10:11:25.177   861   861 I MTK_APPList: [notifyPID] 17120
03-02 10:11:25.178   863   958 I libPowerHal: [perfSetSysInfo] pid type:24, 17120
03-02 10:11:25.177 23452 23452 W BpBinder: Slow Binder: BpBinder transact took 11872 ms, interface=android.app.IActivityManager, code=1598246212 oneway=false
03-02 10:11:25.182  1999  1999 D Launcher.Lifecycle: onStop:UserHandle{0},c143874,false
03-02 10:11:25.182  1999  1999 D UninstallDialogWrapper: mUninstallDialogShowing != isShowfalse, mUninstallDialogShowingfalse,isShowfalse
03-02 10:11:25.184  1999  1999 D SoscSplitStateController: updateDividerFixedState: isFixed = false
03-02 10:11:25.184  1999  1999 D Launcher_UnlockAnimationStateMachine: onStop = IDLE
03-02 10:11:25.185  2363  2477 D SoScSplitScreenController: updateDividerFixedState isFixed:false
03-02 10:11:25.185  1999  1999 D LauncherAssistantCompatGoogle: onStop com.google.android.libraries.gsa.launcherclient.LauncherClient@b8351e8
03-02 10:11:25.187  1621  1842 I MiuiNetworkPolicy: updateUidState uid = 99351, uidState = 5
03-02 10:11:25.199 11917 12435 D LauncherOverlay: setActivityState:0
03-02 10:11:25.199  1999  1999 E Launcher.application: setClickAppWaitForCallback = false
03-02 10:11:25.200 14013 14013 I brdz    : onStop
03-02 10:11:25.200 11917 11917 D LauncherOverlay.Window: onStop
03-02 10:11:25.201  1621  1842 I MiuiNetworkPolicy: updateUidState uid = 10261, uidState = 5
03-02 10:11:25.201  1621  1842 I MiuiNetworkPolicy: updateUidState uid = 10200, uidState = 5
03-02 10:11:25.201  1621  1842 I MiuiNetworkPolicy: updateUidState uid = 10181, uidState = 4
03-02 10:11:25.201  1621  1842 I MiuiNetworkPolicy: updateUidState uid = 10168, uidState = 4
03-02 10:11:25.201  1621  1842 I MiuiNetworkPolicy: updateUidState uid = 10166, uidState = 5
03-02 10:11:25.201  1621  1842 I MiuiNetworkPolicy: updateUidState uid = 10165, uidState = 5
03-02 10:11:25.201  1621  1842 I MiuiNetworkPolicy: updateUidState uid = 10162, uidState = 5
03-02 10:11:25.201  1621  1842 I MiuiNetworkPolicy: updateUidState uid = 10147, uidState = 5
03-02 10:11:25.201 18562 18904 I BtGatt.ScanManager: msg.what = MSG_IMPORTANCE_CHANGE, msg.arg1 = IMPORTANCE_CHANGE
03-02 10:11:25.202 18562 18904 E BtGatt.ScanManager: scan data is null
03-02 10:11:25.206  1999  1999 D ActivityThread: Fail to check app heapsize due to java.lang.NoSuchMethodException: dalvik.system.VMRuntime.getBlockingGcCountForAlloc []
03-02 10:11:25.230  1621  1648 D Aurogon :  uid = 10166 switch to BG
03-02 10:11:25.231  1621  1894 D Aurogon :  onForegroundActivitiesChanged packageName = com.miui.home
03-02 10:11:25.240   921   921 I SurfaceFlinger: onHandleDestroyed: name=com.miui.home/com.miui.home.launcher.Launcher#133034, layerId=133034, parentId=0
03-02 10:11:25.240  1621  1651 I ActivityTaskManager: visible for Task{35b385a #37022 type=standard A=10337:com.softnation.Ojam} visible = true isAnimating = false TRANSITION = false PARENTS = false CHILDREN = false
03-02 10:11:25.240   921   921 I SurfaceFlinger: onHandleDestroyed: name=LauncherOverlayWindow:com.mi.globalminusscreen#133032, layerId=133032, parentId=0
03-02 10:11:25.240   921   921 I SurfaceFlinger: onHandleDestroyed: name=LauncherMinusOneScreen#133033, layerId=133033, parentId=0
03-02 10:11:25.243   921   921 I MI-SF   : surfaceflinger setAffinity mode=0
03-02 10:11:25.243   921   921 E MI-SF   : surfaceflinger setAffinity success
03-02 10:11:25.270   921   921 I BufferQueueDebug: [LauncherMinusOneScreen#133033](this:0xb400007bceca2fd8,id:-1,api:0,p:-1,c:921) onDestructor()
03-02 10:11:25.271   921   921 I BufferQueueDebug: [LauncherOverlayWindow:com.mi.globalminusscreen#133032](this:0xb400007bceca5d68,id:-1,api:0,p:-1,c:921) onDestructor()
03-02 10:11:25.271   921   921 I BufferQueueDebug: [com.miui.home/com.miui.home.launcher.Launcher#133034](this:0xb400007bcecc2508,id:-1,api:0,p:-1,c:921) onDestructor()
03-02 10:11:25.463   849  1430 I hwcomposer: [HWC] (0)fire a callback of refresh to SF[4]  
03-02 10:11:25.486   921   921 I BufferQueueProducer: [FramebufferSurface](this:0xb400007d8e9dff50,id:-1,api:1,p:921,c:921) queueBuffer: fps=1.27 dur=1570.19 max=995.69 min=574.50
03-02 10:11:25.490   921   921 I MI-SF   : surfaceflinger setAffinity mode=1
03-02 10:11:25.490   921   921 E MI-SF   : surfaceflinger setAffinity success
03-02 10:11:25.490   921   921 I MI-SF   : surfaceflinger setreAffinity reTid=1207
03-02 10:11:25.490   921   921 E MI-SF   : surfaceflinger setAffinity success
03-02 10:11:25.658   861   947 I libPerfCtl: xgfGetFPS pid:921 fps:-1
03-02 10:11:25.659   861   947 I libPerfCtl: xgfGetFPS pid:2363 fps:-1
03-02 10:11:25.760  1621  1636 D AS.BtHelper: isBluetoothScoOn() mBluetoothHeadset is null: falsemBluetoothHeadsetDevice is null: true
03-02 10:11:25.761  1621  1636 V AS.AudioDeviceBroker: requestedCommunicationDevice: null mAudioModeOwner: AudioModeInfo: mMode=MODE_NORMAL, mPid=0, mUid=0
03-02 10:11:25.762  1621  1636 D AS.BtHelper: isBluetoothScoOn() mBluetoothHeadset is null: falsemBluetoothHeadsetDevice is null: true
03-02 10:11:25.762  1621  1636 V AS.AudioDeviceBroker: requestedCommunicationDevice: null mAudioModeOwner: AudioModeInfo: mMode=MODE_NORMAL, mPid=0, mUid=0
03-02 10:11:25.881  2350  2350 W Settings: Setting airplane_mode_on has moved from android.provider.Settings.System to android.provider.Settings.Global, returning read-only value.
03-02 10:11:25.886  1621  1621 D MBrainLocalService: isVendorFreezeConditionPass is false
03-02 10:11:25.887  2350  2350 W Settings: Setting airplane_mode_on has moved from android.provider.Settings.System to android.provider.Settings.Global, returning read-only value.
03-02 10:11:25.887  1621  1621 D MBrainLocalService: notifyNetworkChange failed
03-02 10:11:25.889  2350 29580 D NetworkSpeedTracker: updateNwSignalInfo not allowed ,ignore
03-02 10:11:25.894  2350 29580 D NetworkSpeedTracker: updateNwSignalInfo not allowed ,ignore
03-02 10:11:25.944   921   921 I BufferQueueProducer: [StatusBar#109](this:0xb400007bcec4ab68,id:-1,api:0,p:-1,c:921) queueBuffer: fps=0.79 dur=1269.27 max=1269.27 min=1269.27
03-02 10:11:25.948   849   849 I hwcomposer: [HWCDisplay] (0 updateFps():3667), (type:1, mode:2) fps:3.933271,dur:1271.21,max:461.33,min:32.82  
03-02 10:11:25.950   921   921 I MI-SF   : surfaceflinger setAffinity mode=0
03-02 10:11:25.951   921   921 E MI-SF   : surfaceflinger setAffinity success
03-02 10:11:26.000 18562 18789 D BluetoothDevice: getAddress: mAddress=XX:XX:XX:XX:EC:0A
03-02 10:11:26.000 18562 18789 D BluetoothDevice: getAddress: mAddress=XX:XX:XX:XX:EC:0A
03-02 10:11:26.000 18562 18789 D BluetoothDevice: getAddress: mAddress=XX:XX:XX:XX:EC:0A
03-02 10:11:26.120  2350  2350 W Settings: Setting airplane_mode_on has moved from android.provider.Settings.System to android.provider.Settings.Global, returning read-only value.
03-02 10:11:26.123  2350  2350 W Settings: Setting airplane_mode_on has moved from android.provider.Settings.System to android.provider.Settings.Global, returning read-only value.
03-02 10:11:26.124  1621  1621 D MBrainLocalService: isVendorFreezeConditionPass is false
03-02 10:11:26.124  1621  1621 D MBrainLocalService: notifyNetworkChange failed
03-02 10:11:26.126  2350 29580 D NetworkSpeedTracker: updateNwSignalInfo not allowed ,ignore
03-02 10:11:26.129  2350 29580 D NetworkSpeedTracker: updateNwSignalInfo not allowed ,ignore
03-02 10:11:26.167   849  1430 I hwcomposer: [HWC] (0)fire a callback of refresh to SF[4]  
03-02 10:11:26.182   921   921 I MI-SF   : surfaceflinger setAffinity mode=1
03-02 10:11:26.182   921   921 E MI-SF   : surfaceflinger setAffinity success
03-02 10:11:26.182   921   921 I MI-SF   : surfaceflinger setreAffinity reTid=1207
03-02 10:11:26.182   921   921 E MI-SF   : surfaceflinger setAffinity success
03-02 10:11:26.189  1055  1186 D connsyslogger: SD_LOG_ROOT is /data/debuglogger/connsyslog/fw.
03-02 10:11:26.190  1055  1186 D connsyslogger: systemReady:1
03-02 10:11:26.659   861   947 I libPerfCtl: xgfGetFPS pid:921 fps:-1
03-02 10:11:26.659   861   947 I libPerfCtl: xgfGetFPS pid:2363 fps:-1
03-02 10:11:26.723  1621  2740 D ConnectivityService: requestNetwork for uid/pid:10337/17120 activeRequest: null callbackRequest: 241914 [NetworkRequest [ REQUEST id=241915, [ Capabilities: INTERNET&NOT_RESTRICTED&TRUSTED&NOT_VCN_MANAGED&NOT_BANDWIDTH_CONSTRAINED Uid: 10337 RequestorUid: 10337 RequestorPkg: com.softnation.Ojam UnderlyingNetworks: Null] ]] callback flags: 0 order: 2147483647 isUidTracked: false declaredMethods: AVAIL|LOSING|LOST|UNAVAIL|NC|LP
03-02 10:11:26.729  1621  1843 D WifiNetworkFactory: got request NetworkRequest [ REQUEST id=241915, [ Capabilities: INTERNET&NOT_RESTRICTED&TRUSTED&NOT_VCN_MANAGED&NOT_BANDWIDTH_CONSTRAINED Uid: 10337 RequestorUid: 10337 RequestorPkg: com.softnation.Ojam UnderlyingNetworks: Null] ]
03-02 10:11:26.730  1621  1843 D UntrustedWifiNetworkFactory: got request NetworkRequest [ REQUEST id=241915, [ Capabilities: INTERNET&NOT_RESTRICTED&TRUSTED&NOT_VCN_MANAGED&NOT_BANDWIDTH_CONSTRAINED Uid: 10337 RequestorUid: 10337 RequestorPkg: com.softnation.Ojam UnderlyingNetworks: Null] ]
03-02 10:11:26.731  1621  1843 D OemPaidWifiNetworkFactory: got request NetworkRequest [ REQUEST id=241915, [ Capabilities: INTERNET&NOT_RESTRICTED&TRUSTED&NOT_VCN_MANAGED&NOT_BANDWIDTH_CONSTRAINED Uid: 10337 RequestorUid: 10337 RequestorPkg: com.softnation.Ojam UnderlyingNetworks: Null] ]
03-02 10:11:26.732  1621  1843 D MultiInternetWifiNetworkFactory: got request NetworkRequest [ REQUEST id=241915, [ Capabilities: INTERNET&NOT_RESTRICTED&TRUSTED&NOT_VCN_MANAGED&NOT_BANDWIDTH_CONSTRAINED Uid: 10337 RequestorUid: 10337 RequestorPkg: com.softnation.Ojam UnderlyingNetworks: Null] ]
03-02 10:11:26.732  1621  1856 D ConnectivityService: NetReassign [241915 : null ΓåÆ 255] [c 1] [a 1] [i 5]
03-02 10:11:26.768  1621  1636 D AS.BtHelper: isBluetoothScoOn() mBluetoothHeadset is null: falsemBluetoothHeadsetDevice is null: true
03-02 10:11:26.768  1621  1636 V AS.AudioDeviceBroker: requestedCommunicationDevice: null mAudioModeOwner: AudioModeInfo: mMode=MODE_NORMAL, mPid=0, mUid=0
03-02 10:11:26.770  1621  1636 D AS.BtHelper: isBluetoothScoOn() mBluetoothHeadset is null: falsemBluetoothHeadsetDevice is null: true
03-02 10:11:26.770  1621  1636 V AS.AudioDeviceBroker: requestedCommunicationDevice: null mAudioModeOwner: AudioModeInfo: mMode=MODE_NORMAL, mPid=0, mUid=0
03-02 10:11:26.914  1159  1606 D ULogGuard: Monitoring: 18 threads, 0 requests, 0 time-bombs; 1 guards. ResetFlags = 0x7
03-02 10:11:27.224  1621  1636 D MiuiRefreshRatePolicy: reset
03-02 10:11:27.239  1621  1651 I ActivityTaskManager: visible for Task{35b385a #37022 type=standard A=10337:com.softnation.Ojam} visible = true isAnimating = false TRANSITION = false PARENTS = false CHILDREN = false
03-02 10:11:27.242 17120 17120 D VRI[MainActivity]: vri.reportNextDraw android.view.ViewRootImpl.performTraversals:4984 android.view.ViewRootImpl.doTraversal:3564 android.view.ViewRootImpl$TraversalRunnable.run:11781 android.view.Choreographer$CallbackRecord.run:1804 android.view.Choreographer$CallbackRecord.run:1813 
03-02 10:11:27.258   849   849 I hwcomposer: [HWCDisplay] (0 updateFps():3667), (type:1, mode:2) fps:1.527553,dur:1309.28,max:1078.47,min:230.81  
03-02 10:11:27.260   921   921 I MI-SF   : surfaceflinger setAffinity mode=0
03-02 10:11:27.261   921   921 E MI-SF   : surfaceflinger setAffinity success
03-02 10:11:27.495   849  1430 I hwcomposer: [HWC] (0)fire a callback of refresh to SF[4]  
03-02 10:11:27.508   921   921 I BufferQueueProducer: [FramebufferSurface](this:0xb400007d8e9dff50,id:-1,api:1,p:921,c:921) queueBuffer: fps=0.99 dur=2022.78 max=1330.17 min=692.61
03-02 10:11:27.512   921   921 I MI-SF   : surfaceflinger setAffinity mode=1
03-02 10:11:27.513   921   921 E MI-SF   : surfaceflinger setAffinity success
03-02 10:11:27.513   921   921 I MI-SF   : surfaceflinger setreAffinity reTid=1207
03-02 10:11:27.513   921   921 E MI-SF   : surfaceflinger setAffinity success
03-02 10:11:27.777  1621  1636 D AS.BtHelper: isBluetoothScoOn() mBluetoothHeadset is null: falsemBluetoothHeadsetDevice is null: true
03-02 10:11:27.777  1621  1636 V AS.AudioDeviceBroker: requestedCommunicationDevice: null mAudioModeOwner: AudioModeInfo: mMode=MODE_NORMAL, mPid=0, mUid=0
03-02 10:11:27.778  1621  1636 D AS.BtHelper: isBluetoothScoOn() mBluetoothHeadset is null: falsemBluetoothHeadsetDevice is null: true
03-02 10:11:27.778  1621  1636 V AS.AudioDeviceBroker: requestedCommunicationDevice: null mAudioModeOwner: AudioModeInfo: mMode=MODE_NORMAL, mPid=0, mUid=0
03-02 10:11:27.897  1621  1922 I SmartPower: com.whatsapp/10300(31638): background->idle(3003ms) R(broadcast start Intent { act=android.intent.action.BATTERY_CHANGED flg=0x60000010 (has extras) }) adj=900.
03-02 10:11:27.898  1621  1922 I SmartPower: com.instagram.android/10301(18523): background->idle(3001ms) R(broadcast start Intent { act=android.intent.action.BATTERY_CHANGED flg=0x60000010 (has extras) }) adj=915.
03-02 10:11:27.898  1621  1922 I SmartPower: com.facebook.katana/10287(21983): background->idle(3001ms) R(broadcast start Intent { act=android.intent.action.BATTERY_CHANGED flg=0x60000010 (has extras) }) adj=905.
03-02 10:11:27.899  1621  1922 I SmartPower: com.android.chrome/10174(23296): background->idle(3001ms) R(broadcast start Intent { act=android.intent.action.BATTERY_CHANGED flg=0x60000010 (has extras) }) adj=905.
03-02 10:11:28.038 17120 23460 I softnation.Ojam: NativeAlloc concurrent mark compact GC freed 27MB AllocSpace bytes, 25(1300KB) LOS objects, 68% free, 10MB/34MB, paused 1.635ms,5.159ms total 140.418ms
03-02 10:11:28.190  1055  1186 D connsyslogger: SD_LOG_ROOT is /data/debuglogger/connsyslog/fw.
03-02 10:11:28.190  1055  1186 D connsyslogger: systemReady:1
03-02 10:11:28.253  1621  1658 D HeapUsage Monitor: HeapAllocSize : 153MB; monitorSize : 500MB
03-02 10:11:28.253  1621  1658 D AES     : AEEIOCTL_GET/SET_SF_STATE IOCTL,cmd= 1074294797, lParam=0. 
03-02 10:11:28.253  1621  1658 D AES     : AEEIOCTL_RT_MON_Kick IOCTL,cmd= 2147774474, lParam=300. 
03-02 10:11:28.299  1621  1776 W ActivityManagerServiceImpl: Sending non-protected broadcast miui.intent.action.CYCLE_CHECK from system uid 1000 pkg android. Callers=com.android.server.am.ActivityManagerService.checkBroadcastFromSystem:16365 com.android.server.am.ActivityManagerService.broadcastIntentLockedTraced:17236 com.android.server.am.ActivityManagerService.broadcastIntentLocked:16425 com.android.server.am.ActivityManagerService.broadcastIntentInPackage:17497 com.android.server.am.ActivityManagerService$LocalService.broadcastIntentInPackage:20342 
03-02 10:11:28.307  1621  1639 I android_os_HwBinder: HwBinder: Starting thread pool for getting: vendor.xiaomi.hardware.micharge@1.0::IMiCharge/default
03-02 10:11:28.308  1621  1746 E JobScheduler.Background: Couldn't determine stopped state for unknown package: com.google.android.apps.turbo
03-02 10:11:28.308  1621  1746 E JobScheduler.Background: Couldn't determine stopped state for unknown package: com.google.android.apps.turbo
03-02 10:11:28.308  1621  1746 E JobScheduler.Background: Couldn't determine stopped state for unknown package: com.google.android.apps.turbo
03-02 10:11:28.308  1621  1746 E JobScheduler.Background: Couldn't determine stopped state for unknown package: com.google.android.apps.turbo
03-02 10:11:28.308  1621  1746 E JobScheduler.Background: Couldn't determine stopped state for unknown package: com.google.android.apps.turbo
03-02 10:11:28.310   872 24120 I vendor.xiaomi.hardware.micharge@1.0-service: ReadFilePathValue path = /sys/class/power_supply/battery/temp value = 420
03-02 10:11:28.312  1621  1639 I android_os_HwBinder: HwBinder: Starting thread pool for getting: vendor.xiaomi.hardware.micharge@1.0::IMiCharge/default
03-02 10:11:28.313   872 24120 I vendor.xiaomi.hardware.micharge@1.0-service: ReadFilePathValue path = /sys/class/power_supply/battery/charge_control_limit value = 14
03-02 10:11:28.481 17120 17120 D ScrollerOptimizationManager: registerConfigChangedListener
03-02 10:11:28.482 17120 17120 W libc    : Access denied finding property "ro.vendor.mi_sf.new_dynamic_refresh_rate"
03-02 10:11:28.482 17120 17120 D SplineOverScroller: dynamic params is false
03-02 10:11:28.485 17120 17120 I softnation.Ojam: hiddenapi: Accessing hidden field Landroid/widget/HorizontalScrollView;->mScroller:Landroid/widget/OverScroller; (runtime_flags=0, domain=platform, api=unsupported) from Lcom/facebook/react/views/scroll/ReactHorizontalScrollView; (domain=app, TargetSdkVersion=36) using reflection: allowed
03-02 10:11:28.509   861   947 I libPerfCtl: xgfGetFPS pid:921 fps:-1
03-02 10:11:28.509   861   947 I libPerfCtl: xgfGetFPS pid:2363 fps:-1
03-02 10:11:28.559  1621  1621 D UiModeManager: updateConfigurationLocked: mDockState=0; mCarMode=false; mCar=false; mPowerSave=false; mOverrideNightModeOn=false; mOverrideNightModeOff=false; mComputedNightMode=true; mNightModeValue=2; uiMode=42
03-02 10:11:28.562  6027  6027 I PowerSaveService: onReceive: android.intent.action.BATTERY_CHANGED
03-02 10:11:28.563  6515  6997 I ProcAudioPowerManager: onBatteryChanged, onBattery is false
03-02 10:11:28.563  6027  6027 I PowerNoticeUI: handleBatteryChanged oldPlugType 2 mPlugType 2 oldBatteryLevel 43 mBatteryLevel 43 temperature 420
03-02 10:11:28.563  6515  8177 D PowerCheckerService: onBatteryChanged, mBatteryLevel = 43, status = 2, level = 43, plug = 2, scale = 100
03-02 10:11:28.564  6515  6997 D PowerKeeper.FrozenApp: onBatteryChanged plug=true mBatteryPlugged=2
03-02 10:11:28.564  6027  6027 I ChargerBatteryIntelligenceReceiver: onBatteryChanged temperature∩╝Ü42,plugType:2
03-02 10:11:28.564  6027  6027 D BaseChargeProtect_HighTemp: mCountByMinute:0,isScreenOn:true
03-02 10:11:28.564  6515  8142 D PowerKeeper.Thermal: mBatteryTemperature: 42
03-02 10:11:28.566  6027  6027 I android_os_HwBinder: HwBinder: Starting thread pool for getting: vendor.xiaomi.hardware.micharge@1.0::IMiCharge/default
03-02 10:11:28.569   872 24120 I vendor.xiaomi.hardware.micharge@1.0-service: ReadFilePathValue path = /sys/class/power_supply/usb/real_type value = USB
03-02 10:11:28.570  6027  6027 I IMiChargeUtils: getIMiChargeStringValue method:getBatteryChargeType,value:USB
03-02 10:11:28.570  6027  6027 I IMiChargeUtils: getBatteryChargeType : USB
03-02 10:11:28.570  6027  6027 I ChargeTimeUtilsV2: chargeType:USB
03-02 10:11:28.570  6027  6027 I PowerFeatureUtils: getVendorName:mediatek
03-02 10:11:28.570  6027  6027 I PowerFeatureUtils: getVendorName:mediatek
03-02 10:11:28.571 17120 17120 D ScrollerOptimizationManager: registerConfigChangedListener
03-02 10:11:28.656  1177  1177 I thermal_src: recvmsg_expect 5, but get 2 
03-02 10:11:28.656  1177  1177 V thermal_src: TA_DAEMON_CMD_GET_TPCB:ERROR ret=-1
03-02 10:11:28.656  1177  1177 E thermal_src: get_tpcb_from_kernel:error -1. retry...
03-02 10:11:28.656  1177  1177 I thermal_src: recvmsg_expect 5, but get 2 
03-02 10:11:28.656  1177  1177 V thermal_src: TA_DAEMON_CMD_GET_TPCB:ERROR ret=-1
03-02 10:11:28.656  1177  1177 E thermal_src: get_tpcb_from_kernel:error -1. retry...
03-02 10:11:28.657  1177  1177 I thermal_src: recvmsg_expect 4, but get 5 
03-02 10:11:28.657  1177  1177 V thermal_src: TA_DAEMON_CMD_SET_TTJ:ERROR ret=-1
03-02 10:11:28.657  1177  1177 E thermal_src: set_ttj_to_kernel 1:error -1
03-02 10:11:28.657  1177  1177 I thermal_src: recvmsg_expect 2, but get 5 
03-02 10:11:28.657  1177  1177 V thermal_src: waiting NOTIFY from kernel miss, -1
03-02 10:11:28.657  1177  1177 I thermal_src: recvmsg_expect 2, but get 4 
03-02 10:11:28.657  1177  1177 V thermal_src: waiting NOTIFY from kernel miss, -1
03-02 10:11:28.665 17120 17120 D ScrollerOptimizationManager: registerConfigChangedListener
03-02 10:11:28.672 17120 17120 D ScrollerOptimizationManager: registerConfigChangedListener
03-02 10:11:28.673 17120 17120 I softnation.Ojam: hiddenapi: Accessing hidden field Landroid/widget/ScrollView;->mScroller:Landroid/widget/OverScroller; (runtime_flags=0, domain=platform, api=unsupported) from Lcom/facebook/react/views/scroll/ReactScrollView; (domain=app, TargetSdkVersion=36) using reflection: allowed
03-02 10:11:28.688 18562 18789 D BluetoothDevice: getAddress: mAddress=XX:XX:XX:XX:EC:0A
03-02 10:11:28.688 18562 18789 D BluetoothDevice: getAddress: mAddress=XX:XX:XX:XX:EC:0A
03-02 10:11:28.688 18562 18789 D BluetoothDevice: getAddress: mAddress=XX:XX:XX:XX:EC:0A
03-02 10:11:28.784  1621  1636 D AS.BtHelper: isBluetoothScoOn() mBluetoothHeadset is null: falsemBluetoothHeadsetDevice is null: true
03-02 10:11:28.784  1621  1636 V AS.AudioDeviceBroker: requestedCommunicationDevice: null mAudioModeOwner: AudioModeInfo: mMode=MODE_NORMAL, mPid=0, mUid=0
03-02 10:11:28.785  1621  1636 D AS.BtHelper: isBluetoothScoOn() mBluetoothHeadset is null: falsemBluetoothHeadsetDevice is null: true
03-02 10:11:28.785  1621  1636 V AS.AudioDeviceBroker: requestedCommunicationDevice: null mAudioModeOwner: AudioModeInfo: mMode=MODE_NORMAL, mPid=0, mUid=0
03-02 10:11:28.876 17120 23531 W unknown:ReactNative: StatusBarModule: Ignored status bar change, current activity is edge-to-edge.
03-02 10:11:28.877 17120 23531 W unknown:ReactNative: StatusBarModule: Ignored status bar change, current activity is edge-to-edge.
03-02 10:11:28.941 17120 17120 W [RNScreens]: backTitleVisible prop is not available on Android
03-02 10:11:28.941 17120 17120 W [RNScreens]: backTitleFontFamily prop is not available on Android
03-02 10:11:28.941 17120 17120 W [RNScreens]: disableBackButtonMenu prop is not available on Android
03-02 10:11:28.941 17120 17120 W [RNScreens]: largeTitleFontFamily prop is not available on Android
03-02 10:11:28.941 17120 17120 W [RNScreens]: largeTitleFontWeight prop is not available on Android
03-02 10:11:28.941 17120 17120 W [RNScreens]: largeTitleHideShadow prop is not available on Android
03-02 10:11:28.982 17120 17120 I ReactNative: [GESTURE HANDLER] Initialize gesture handler for root view com.facebook.react.runtime.ReactSurfaceView{701726e V.E...... ......ID 0,0-1080,2460 #1}
03-02 10:11:29.024  1177  1177 I thermal_src: recvmsg_expect 4, but get 2 
03-02 10:11:29.024  1177  1177 V thermal_src: TA_DAEMON_CMD_SET_TTJ:ERROR ret=-1
03-02 10:11:29.024  1177  1177 E thermal_src: set_ttj_to_kernel 1:error -1
03-02 10:11:29.024  1177  1177 I thermal_src: recvmsg_expect 2, but get 4 
03-02 10:11:29.024  1177  1177 V thermal_src: waiting NOTIFY from kernel miss, -1
03-02 10:11:29.049  1621  1666 I SmartPower: com.google.android.googlequicksearchbox:interactor/10165(5969): idle->background(11991ms) R(broadcast start Intent { act=android.intent.action.BATTERY_CHANGED flg=0x60000010 (has extras) }) adj=100.
03-02 10:11:29.124 17120 23565 D nativeloader: Load /data/app/~~Bh61wenJZi6JNVEuOkVQfQ==/com.softnation.Ojam-nnCVAdHxKfOmup5FCuBDYQ==/base.apk!/lib/arm64-v8a/libimagepipeline.so using class loader ns clns-7 (caller=/data/app/~~Bh61wenJZi6JNVEuOkVQfQ==/com.softnation.Ojam-nnCVAdHxKfOmup5FCuBDYQ==/base.apk!classes20.dex): ok
03-02 10:11:29.127 17120 23531 I MediaController: Init 65ec687 [AndroidXMedia3/1.8.0] [tides, 2404ARN45A, Xiaomi, 35]
03-02 10:11:29.339 17120 23565 D nativeloader: Load /data/app/~~Bh61wenJZi6JNVEuOkVQfQ==/com.softnation.Ojam-nnCVAdHxKfOmup5FCuBDYQ==/base.apk!/lib/arm64-v8a/libnative-imagetranscoder.so using class loader ns clns-7 (caller=/data/app/~~Bh61wenJZi6JNVEuOkVQfQ==/com.softnation.Ojam-nnCVAdHxKfOmup5FCuBDYQ==/base.apk!classes20.dex): ok
03-02 10:11:29.345 17120 23569 D skia    : SkJpegCodec::onGetPixels + (1080, 1447)
03-02 10:11:29.345 17120 23568 D skia    : SkJpegCodec::onGetPixels + (1365, 2048)
03-02 10:11:29.348 17120 23569 I DMABUFHEAPS: Using DMA-BUF heap named: mtk_mm
03-02 10:11:29.348 17120 23568 I DMABUFHEAPS: Using DMA-BUF heap named: mtk_mm
03-02 10:11:29.349 17120 23568 D skia    : stream getLength() not supported, use temp buffer for loading stream, buffer addr 0x7bed62a000 length 114202
03-02 10:11:29.349 17120 23569 D skia    : stream getLength() not supported, use temp buffer for loading stream, buffer addr 0x7bd6a1d000 length 129018
03-02 10:11:29.350  1621  2740 D MiuiRefreshRatePolicy: reset
03-02 10:11:29.350 17120 23568 D skia    : LoadInputStreamToMem va 0x7bed62a000  size 116480
03-02 10:11:29.350 17120 23569 D skia    : LoadInputStreamToMem va 0x7bd6a1d000  size 131200
03-02 10:11:29.351 17120 23568 D libjpeg-alpha: Huffman Builder run in subthread
03-02 10:11:29.352 17120 23569 D libjpeg-alpha: Huffman Builder run in subthread
03-02 10:11:29.352  1999  1999 D TouchInteractionService: onSystemUiFlagsChanged, mSystemUiStateFlags=10000000
03-02 10:11:29.355 17120 23568 D libjpeg-alpha: Tile Decoder (#thread:4, size:512 256 256 341x512, alignment:256x16)
03-02 10:11:29.355 17120 23569 D libjpeg-alpha: Tile Decoder (#thread:4, size:256 256 256 312x368, alignment:256x16)
03-02 10:11:29.355 17120 23570 D skia    : SkJpegCodec::onGetPixels + (1365, 2048)
03-02 10:11:29.356 17120 23571 D libjpeg-alpha: Corrupt JPEG data: 31326 extraneous bytes before marker 0xda
03-02 10:11:29.357 17120 17120 D VRI[MainActivity]: vri.reportNextDraw android.view.ViewRootImpl.performTraversals:4984 android.view.ViewRootImpl.doTraversal:3564 android.view.ViewRootImpl$TraversalRunnable.run:11781 android.view.Choreographer$CallbackRecord.run:1804 android.view.Choreographer$CallbackRecord.run:1813 
03-02 10:11:29.357 17120 23570 I DMABUFHEAPS: Using DMA-BUF heap named: mtk_mm
03-02 10:11:29.359 17120 23570 D skia    : stream getLength() not supported, use temp buffer for loading stream, buffer addr 0x7bde9fa000 length 115924
03-02 10:11:29.360 17120 17120 W Looper  : PerfMonitor doFrame : time=473ms vsyncFrame=19637710 latency=8ms procState=-1 historyMsgCount=4
03-02 10:11:29.363 17120 23570 D skia    : LoadInputStreamToMem va 0x7bde9fa000  size 118144
03-02 10:11:29.365 17120 23570 D libjpeg-alpha: Huffman Builder run in subthread
03-02 10:11:29.365 17120 17120 D UserSceneDetector: invoke error.
03-02 10:11:29.369  1621  1651 I ActivityTaskManager: visible for Task{35b385a #37022 type=standard A=10337:com.softnation.Ojam} visible = true isAnimating = false TRANSITION = false PARENTS = false CHILDREN = false
03-02 10:11:29.373 17120 23570 D libjpeg-alpha: Tile Decoder (#thread:4, size:512 256 256 341x512, alignment:256x16)
03-02 10:11:29.377 17120 23583 D libjpeg-alpha: Corrupt JPEG data: 33397 extraneous bytes before marker 0xda
03-02 10:11:29.385 17120 17120 W Looper  : PerfMonitor doFrame : time=19ms vsyncFrame=19637712 latency=386ms procState=-1 historyMsgCount=11 (msgIndex=1 wall=473ms seq=877 late=8ms h=android.view.Choreographer$FrameHandler c=android.view.Choreographer$FrameDisplayEventReceiver)
03-02 10:11:29.386 17120 23575 D libjpeg-alpha: Corrupt JPEG data: bad Huffman code
03-02 10:11:29.396  1621  1918 E HyperSentinel: -------------------------------------------------------
03-02 10:11:29.396  1621  1918 E HyperSentinel: Event_ThreadAmount
03-02 10:11:29.396  1621  1918 E HyperSentinel: -> audit event by proc 17120 "usap64": running threads amount, 45 -> 78
03-02 10:11:29.397  1621  1917 D MiuiSentinelService: begin judgment ThreadAmountLeakException
03-02 10:11:29.399  1621  1917 E MiuiSentinelMemoryManager: getThreadinfo: usap64#17120
03-02 10:11:29.417 17120 23569 D skia    : SkJpegCodec::onGetPixels -
03-02 10:11:29.445 17120 23573 D libjpeg-alpha: Corrupt JPEG data: premature end of data segment
03-02 10:11:29.452 17120 17120 I ExoPlayerImpl: Init 5e587d0 [AndroidXMedia3/1.8.0] [tides, 2404ARN45A, Xiaomi, 35]
03-02 10:11:29.474 17120 23568 D skia    : SkJpegCodec::onGetPixels -
03-02 10:11:29.481 17120 23586 D libjpeg-alpha: Corrupt JPEG data: premature end of data segment
03-02 10:11:29.487 17120 23570 D skia    : SkJpegCodec::onGetPixels -
03-02 10:11:29.504 17120 17120 I softnation.Ojam: hiddenapi: Accessing hidden method Landroid/media/AudioTrack;->getLatency()I (runtime_flags=0, domain=platform, api=unsupported) from Landroidx/media3/exoplayer/audio/AudioTrackPositionTracker; (domain=app, TargetSdkVersion=36) using reflection: allowed
03-02 10:11:29.509   861   947 I libPerfCtl: xgfGetFPS pid:2363 fps:-1
03-02 10:11:29.522  1621  1621 D UiModeManager: updateConfigurationLocked: mDockState=0; mCarMode=false; mCar=false; mPowerSave=false; mOverrideNightModeOn=false; mOverrideNightModeOff=false; mComputedNightMode=true; mNightModeValue=2; uiMode=42
03-02 10:11:29.523  3510  3510 W libc    : Unable to set property "persist.vendor.accelerate.charge" to "false": PROP_ERROR_PERMISSION_DENIED (0x18)
03-02 10:11:29.526  6027  6027 I PowerSaveService: onReceive: android.intent.action.BATTERY_CHANGED
03-02 10:11:29.528  6027  6027 I PowerNoticeUI: handleBatteryChanged oldPlugType 2 mPlugType 2 oldBatteryLevel 43 mBatteryLevel 43 temperature 420
03-02 10:11:29.528  6027  6027 I ChargerBatteryIntelligenceReceiver: onBatteryChanged temperature∩╝Ü42,plugType:2
03-02 10:11:29.528  6027  6027 D BaseChargeProtect_HighTemp: mCountByMinute:0,isScreenOn:true
03-02 10:11:29.530  6515  8142 D PowerKeeper.Thermal: mBatteryTemperature: 42
03-02 10:11:29.530  6515  8177 D PowerCheckerService: onBatteryChanged, mBatteryLevel = 43, status = 2, level = 43, plug = 2, scale = 100
03-02 10:11:29.530  6515  6997 I ProcAudioPowerManager: onBatteryChanged, onBattery is false
03-02 10:11:29.530  6515  6997 D PowerKeeper.FrozenApp: onBatteryChanged plug=true mBatteryPlugged=2
03-02 10:11:29.531  6027  6027 I android_os_HwBinder: HwBinder: Starting thread pool for getting: vendor.xiaomi.hardware.micharge@1.0::IMiCharge/default
03-02 10:11:29.535   872 24120 I vendor.xiaomi.hardware.micharge@1.0-service: ReadFilePathValue path = /sys/class/power_supply/usb/real_type value = USB
03-02 10:11:29.535  6027  6027 I IMiChargeUtils: getIMiChargeStringValue method:getBatteryChargeType,value:USB
03-02 10:11:29.536  6027  6027 I IMiChargeUtils: getBatteryChargeType : USB
03-02 10:11:29.536  6027  6027 I ChargeTimeUtilsV2: chargeType:USB
03-02 10:11:29.536  6027  6027 I PowerFeatureUtils: getVendorName:mediatek
03-02 10:11:29.536  6027  6027 I PowerFeatureUtils: getVendorName:mediatek
03-02 10:11:29.564  1621  1621 D UiModeManager: updateConfigurationLocked: mDockState=0; mCarMode=false; mCar=false; mPowerSave=false; mOverrideNightModeOn=false; mOverrideNightModeOff=false; mComputedNightMode=true; mNightModeValue=2; uiMode=42
03-02 10:11:29.572  6027  6027 I PowerSaveService: onReceive: android.intent.action.BATTERY_CHANGED
03-02 10:11:29.575  6027  6027 I PowerNoticeUI: handleBatteryChanged oldPlugType 2 mPlugType 2 oldBatteryLevel 43 mBatteryLevel 43 temperature 420
03-02 10:11:29.575  6515  8177 D PowerCheckerService: onBatteryChanged, mBatteryLevel = 43, status = 2, level = 43, plug = 2, scale = 100
03-02 10:11:29.576  6027  6027 I ChargerBatteryIntelligenceReceiver: onBatteryChanged temperature∩╝Ü42,plugType:2
03-02 10:11:29.576  6027  6027 D BaseChargeProtect_HighTemp: mCountByMinute:0,isScreenOn:true
03-02 10:11:29.576  6515  6997 I ProcAudioPowerManager: onBatteryChanged, onBattery is false
03-02 10:11:29.576  6515  6997 D PowerKeeper.FrozenApp: onBatteryChanged plug=true mBatteryPlugged=2
03-02 10:11:29.577  6515  8142 D PowerKeeper.Thermal: mBatteryTemperature: 42
03-02 10:11:29.579  6027  6027 I android_os_HwBinder: HwBinder: Starting thread pool for getting: vendor.xiaomi.hardware.micharge@1.0::IMiCharge/default
