03-02 10:11:13.066  1999  1999 D HomeLayerElement: 	at com.android.systemui.shared.recents.system.WindowTransitionCompat$2.startAnimation(WindowTransitionCompat.java:267)
03-02 10:11:13.066  1999  1999 D HomeLayerElement: 	at com.android.systemui.shared.recents.system.WindowTransitionCompat.wrapRemoteTransition(WindowTransitionCompat.java:745)
03-02 10:11:13.066  1999  1999 D HomeLayerElement: 	at com.miui.home.recents.anim.WindowElement.injectRemoteTransition(WindowElement.kt:687)
03-02 10:11:13.066  1999  1999 D HomeLayerElement: 	at com.miui.home.recents.anim.StateManager$CommonState.handleEvent(StateManager.kt:1291)
03-02 10:11:13.066  1999  1999 D HomeLayerElement: 	at com.miui.home.recents.anim.StateManager.handleEventActually(StateManager.kt:112)
03-02 10:11:13.066  1999  1999 D HomeLayerElement: 	at com.miui.home.recents.anim.StateManager.sendEventActually$lambda-0(StateManager.kt:99)
03-02 10:11:13.066  1999  1999 D HomeLayerElement: 	at com.miui.home.recents.anim.StateManager.$r8$lambda$C-kZp_X93nanDwYsUFIjH_GwEtM(Unknown Source:0)
03-02 10:11:13.066  1999  1999 D HomeLayerElement: 	at com.miui.home.recents.anim.StateManager$$ExternalSyntheticLambda3.run(Unknown Source:4)
03-02 10:11:13.066  1999  1999 D HomeLayerElement: 	at android.os.Handler.handleCallback(Handler.java:959)
03-02 10:11:13.066  1999  1999 D HomeLayerElement: 	at android.os.Handler.dispatchMessage(Handler.java:100)
03-02 10:11:13.066  1999  1999 D HomeLayerElement: 	at android.os.Looper.loopOnce(Looper.java:249)
03-02 10:11:13.066  1999  1999 D HomeLayerElement: 	at android.os.Looper.loop(Looper.java:337)
03-02 10:11:13.066  1999  1999 D HomeLayerElement: 	at android.app.ActivityThread.main(ActivityThread.java:9500)
03-02 10:11:13.066  1999  1999 D HomeLayerElement: 	at java.lang.reflect.Method.invoke(Native Method)
03-02 10:11:13.066  1999  1999 D HomeLayerElement: 	at com.android.internal.os.RuntimeInit$MethodAndArgsCaller.run(RuntimeInit.java:636)
03-02 10:11:13.066  1999  1999 D HomeLayerElement: 	at com.android.internal.os.ZygoteInit.main(ZygoteInit.java:1005)
03-02 10:11:13.066  1999  2652 I RectFSpringAnim: startInGestureThread
03-02 10:11:13.066  1999  1999 I AnimStateManager: go to state com.miui.home.recents.anim.StateManager$HomeState@601bf45
03-02 10:11:13.066  1999  2652 E MultiSpringDynamicAnimation60f2b2c: ERROR Not Found Bundle SurfaceExtAlpha
03-02 10:11:13.067  1999  1999 D WindowTransitionCompat: startAnimation end
03-02 10:11:13.067  1999  2652 E MultiSpringDynamicAnimation60f2b2c: ERROR Not Found Bundle SurfaceExtAlpha
03-02 10:11:13.067  1999  2652 I RectFSpringAnim: changeAnimStart start=true
03-02 10:11:13.067  1999  2652 E MultiSpringDynamicAnimationccf4de7: ERROR Not Found Bundle scaleY
03-02 10:11:13.067  1999  1999 D TaskSnapshotCompatVV: getIsInvalidateFromTaskSnapshot, isInvalidate=false
03-02 10:11:13.068  1999  1999 D EventBus: No subscribers registered for event class com.miui.home.recents.messages.TaskSnapshotChangedEvent
03-02 10:11:13.068  1999  1999 D EventBus: No subscribers registered for event class org.greenrobot.eventbus.NoSubscriberEvent
03-02 10:11:13.068  1999  1999 D Launcher.Lifecycle: onWindowFocusChanged:true,UserHandle{0},c143874,false
03-02 10:11:13.068  1999  1999 D Launcher_UnlockAnimationStateMachine: onWindowFocus:IDLE
03-02 10:11:13.068  1999  1999 D Launcher_UnlockAnimationStateMachine: showAnimation = IDLE
03-02 10:11:13.071  1999  1999 I HandWritingStubImpl: refreshLastKeyboardType: 1
03-02 10:11:13.071  1999  1999 I HandWritingStubImpl: getCurrentKeyboardType: 1
03-02 10:11:13.072  1621  1806 W InputMethodManagerService: Clear show forced flag.
03-02 10:11:13.072  1621  1806 I ImeTracker: com.miui.home:49a71694: onRequestHide at ORIGIN_SERVER reason HIDE_UNSPECIFIED_WINDOW fromUser false
03-02 10:11:13.073  1621  1806 I ImeTracker: com.miui.home:49a71694: onCancelled at PHASE_SERVER_SHOULD_HIDE
03-02 10:11:13.073  6515 14475 D MirrorManager:  sendAcceptInput 0 0
03-02 10:11:13.074  1621  1806 E IPCThreadState: Binder transaction failure. id: 353153946, BR_*: 29189, error: -3 (No such process)
03-02 10:11:13.075  1621  1806 W ActivityManager: pid 1621 system sent binder code 6 with flags 1 to frozen apps and got error -32
03-02 10:11:13.075  1621  1806 W ActivityManager: pid 1621 system sent binder code 4 with flags 1 to frozen apps and got error -32
03-02 10:11:13.078  2526  2526 I GoogleInputMethodService: GoogleInputMethodService.onFinishInput():2113 
03-02 10:11:13.080  7123  7123 I adbd    : Remote process closed the socket (on MSG_PEEK)
03-02 10:11:13.080  2526  2526 I Module  : DeviceLockedStatusModuleProvider$Module.updateDeviceLockedStatus():103 repeatCheckTimes = 0, locked = false
03-02 10:11:13.081   921  1500 I BufferQueueDebug: [Surface(name=751ea6d InputMethod#71915)/@0xaafc069 - animation-leash of insets_animation#133043](this:0xb400007bcec45048,id:-1,api:0,p:-1,c:-1) BufferQueue core=(921:/system/bin/surfaceflinger)
03-02 10:11:13.081  2526  2526 I GoogleInputMethodService: GoogleInputMethodService.onStartInput():1384 onStartInput(EditorInfo{EditorInfo{packageName=com.miui.home, inputType=0, inputTypeString=NULL, enableLearning=false, autoCorrection=false, autoComplete=false, imeOptions=0, privateImeOptions=null, actionName=UNSPECIFIED, actionLabel=null, initialSelStart=-1, initialSelEnd=-1, initialCapsMode=0, label=null, fieldId=0, fieldName=null, extras=Bundle[mParcelledData.dataSize=72], hintText=null, hintLocales=[]}}, false)
03-02 10:11:13.082   894  4413 V AudioPolicyInterfaceImpl: releaseOutput()
03-02 10:11:13.082   894  4413 V audio_utils::mutex: mutex_impl: audio_mutex initialized: ret:0  order:6
03-02 10:11:13.082   921   921 I BufferQueueProducer: [FramebufferSurface](this:0xb400007d8e9dff50,id:-1,api:1,p:921,c:921) queueBuffer: fps=0.08 dur=12780.82 max=12780.82 min=12780.82
03-02 10:11:13.082  1621  1729 I MediaSessionStack: removeSession | record: com.softnation.Ojam/androidx.media3.session.id./74 (userId=0)
03-02 10:11:13.083   921  1170 I SurfaceFlinger: onHandleDestroyed: name=Surface(name=5b2ee94 StatusBar#103)/@0xf6cf932 - animation-leash of insets_animation#133026, layerId=133026, parentId=0
03-02 10:11:13.083   921  1166 D SurfaceFlinger: [SF client] REMOVE (0xb400007caea40b40) for (15673:com.softnation.Ojam)
03-02 10:11:13.083  1621  1729 D MediaSessionService: Media button session is changed to null
03-02 10:11:13.083   921  1170 I SurfaceFlinger: onHandleDestroyed: name=Surface(name=77d8129 NavigationBar0#101614)/@0x3faba4f - animation-leash of insets_animation#133027, layerId=133027, parentId=0
03-02 10:11:13.083  1621  2200 I MediaFocusControl: AudioFocus  removeFocusStackEntryOnDeath(): removing entry for android.os.BinderProxy@7268795
03-02 10:11:13.084  1205  2709 E mediaswcodec: unlinkToDeath: removed reference to death recipient but unlink failed: DEAD_OBJECT
03-02 10:11:13.086   921   921 I MI-SF   : surfaceflinger setAffinity mode=1
03-02 10:11:13.086   921   921 E MI-SF   : surfaceflinger setAffinity success
03-02 10:11:13.086   921   921 I MI-SF   : surfaceflinger setreAffinity reTid=1207
03-02 10:11:13.086   921   921 E MI-SF   : surfaceflinger setAffinity success
03-02 10:11:13.086  1205  1488 D AidlBufferPool: bufferpool2 0xb400007362c84a08 : 0(0 size) total buffers - 0(0 size) used buffers - 343/347 (recycle/alloc) - 4/347 (fetch/transfer)
03-02 10:11:13.087  2526  2526 I Module  : DeviceLockedStatusModuleProvider$Module.updateDeviceLockedStatus():103 repeatCheckTimes = 1, locked = false
03-02 10:11:13.088  1621  5054 W PackageConfigPersister: App-specific configuration not found for packageName: com.miui.home and userId: 0
03-02 10:11:13.089  1621  1856 D ConnectivityService: releasing NetworkRequest [ REQUEST id=241903, [ Capabilities: INTERNET&NOT_RESTRICTED&TRUSTED&NOT_VCN_MANAGED&NOT_BANDWIDTH_CONSTRAINED Uid: 10337 RequestorUid: 10337 RequestorPkg: com.softnation.Ojam UnderlyingNetworks: Null] ] (release request)
03-02 10:11:13.089  1205  1488 D AidlBufferPool: Destruction - bufferpool2 0xb400007362c84a08 cached: 0/0M, 0/0% in use; allocs: 347, 99% recycled; transfers: 347, 99% unfetched
03-02 10:11:13.090   921   921 I BufferQueueDebug: [Surface(name=5b2ee94 StatusBar#103)/@0xf6cf932 - animation-leash of insets_animation#133026](this:0xb400007bcec756d8,id:-1,api:0,p:-1,c:921) onDestructor()
03-02 10:11:13.090   921   921 I BufferQueueDebug: [Surface(name=77d8129 NavigationBar0#101614)/@0x3faba4f - animation-leash of insets_animation#133027](this:0xb400007bcecb4138,id:-1,api:0,p:-1,c:921) onDestructor()
03-02 10:11:13.090  1621  1651 D MiuiRefreshRatePolicy: reset
03-02 10:11:13.091  1621  1729 D MediaSessionService: destroySessionLocked: record=com.softnation.Ojam/androidx.media3.session.id./74 (userId=0)
03-02 10:11:13.091  1205  2709 D AidlBufferPool: bufferpool2 0xb400007362c85c88 : 0(0 size) total buffers - 0(0 size) used buffers - 245/249 (recycle/alloc) - 4/249 (fetch/transfer)
03-02 10:11:13.092  1205  2709 E mediaswcodec: unlinkToDeath: removed reference to death recipient but unlink failed: DEAD_OBJECT
03-02 10:11:13.093   894  1284 V AudioPolicyInterfaceImpl: doReleaseOutput from tid 1284
03-02 10:11:13.093   894  1284 D APM_AudioPolicyManager: releaseOutput() output 21, stream 3, session 57297 [uid=10337]
03-02 10:11:13.093  1621  1676 D SsruManagerImpl: MiSsru Sensor not init!!!!
03-02 10:11:13.093  1621  2188 I WindowManager: WIN DEATH: Window{118617e u0 com.softnation.Ojam/com.softnation.Ojam.MainActivity}
03-02 10:11:13.093  1205  2026 E IPCThreadState: Binder transaction failure. id: 353154020, BR_*: 29189, error: -22 (Invalid argument)
03-02 10:11:13.093  1205  2026 D AidlBufferPoolAcc: During invalidation found 1 dead clients
03-02 10:11:13.093  1205  2026 D AidlBufferPool: Destruction - bufferpool2 0xb400007362c85c88 cached: 0/0M, 0/0% in use; allocs: 249, 98% recycled; transfers: 249, 98% unfetched
03-02 10:11:13.093  1205  2709 D AidlBufferPool: bufferpool2 0xb400007362c883d8 : 0(0 size) total buffers - 0(0 size) used buffers - 0/0 (recycle/alloc) - 0/0 (fetch/transfer)
03-02 10:11:13.093  1205  2709 D AidlBufferPool: Destruction - bufferpool2 0xb400007362c883d8 cached: 0/0M, 0/0% in use; allocs: 0, 0% recycled; transfers: 0, 0% unfetched
03-02 10:11:13.094  1621  2188 W InputManager-JNI: Input channel object '118617e com.softnation.Ojam/com.softnation.Ojam.MainActivity (client)' was disposed without first being removed with the input manager!
03-02 10:11:13.094  1621  1856 D ConnectivityService: releasing NetworkRequest [ REQUEST id=241906, [ Capabilities: INTERNET&NOT_RESTRICTED&TRUSTED&NOT_VCN_MANAGED&NOT_BANDWIDTH_CONSTRAINED Uid: 10337 RequestorUid: 10337 RequestorPkg: com.softnation.Ojam UnderlyingNetworks: Null] ] (release request)
03-02 10:11:13.094  1205  2709 E IPCThreadState: attemptIncStrongHandle(7): Not supported
03-02 10:11:13.096  2363  3215 I ActiveSessionRecord_export-api: onSessionDestroyed
03-02 10:11:13.096  1124  2136 E mediaserver: unlinkToDeath: removed reference to death recipient but unlink failed: DEAD_OBJECT
03-02 10:11:13.097  1124  2136 E IPCThreadState: attemptIncStrongHandle(14): Not supported
03-02 10:11:13.097  1621  2188 D MiuiRefreshRatePolicy: reset
03-02 10:11:13.098   894  4413 D audioserver: logFgsApiEnd: FGS Logger Transaction failed, -129
03-02 10:11:13.101  2363 19600 I ActiveAudioSessionManager_export-api: controllerSize:0
03-02 10:11:13.101 18562 18562 W AudioMediaPlayerWrapper: The session was destroyed com.softnation.Ojam
03-02 10:11:13.103 18562 18562 D MediaPlayerList: sessionUpdatedCallback(): packageName: com.softnation.Ojam
03-02 10:11:13.104 18562 18562 D MediaPlayerList: sendMediaUpdate
03-02 10:11:13.104 18562 18562 D MediaPlayerList: sendMediaUpdate state=null
03-02 10:11:13.104 18562 18562 D AvrcpTargetService: onMediaUpdated: track_changed=true state=true queue=true
03-02 10:11:13.104 18562 18562 D AvrcpNativeInterface: sendMediaUpdate: metadata=true playStatus=true queue=true
03-02 10:11:13.104 18562 18562 I bluetooth: avrcp_service.cc:648 SendMediaUpdate: track_changed=true :  play_state=true :  queue=true
03-02 10:11:13.104 18562 18562 I MediaPlayerList: Removing media player com.softnation.Ojam
03-02 10:11:13.104 18562 18562 I AudioMediaPlayerWrapper: clean up
03-02 10:11:13.106  1621  1651 I ActivityTaskManager: visible for Task{27e6aff #2 type=home I=com.miui.home/.launcher.Launcher} visible = true isAnimating = false TRANSITION = false PARENTS = false CHILDREN = false
03-02 10:11:13.109  2363  3215 I ActiveAudioSessionManager_export-api: controllerSize:0
03-02 10:11:13.109 18562 18562 I MediaPlayerList: Recycle player ID.
03-02 10:11:13.109 18562 18562 V MediaPlayerList: onActiveSessionsChanged: number of controllers: 0
03-02 10:11:13.109 18562 18562 I PlayerSettingsManager: getPlayerRepeatMode: no active player
03-02 10:11:13.109 18562 18562 I PlayerSettingsManager: getPlayerShuffleMode: no active player
03-02 10:11:13.109 18562 18562 I PlayerSettingsManager: updateRemoteDevice: STATE_REPEAT_OFF, STATE_SHUFFLE_OFF
03-02 10:11:13.109 18562 18562 I bluetooth: avrcp_service.cc:685 SendPlayerSettingsChanged: 
03-02 10:11:13.109 18562 18562 I bluetooth: avrcp_service.cc:699 SendPlayerSettingsChanged: attribute=PlayerAttribute::REPEAT : value=PlayerRepeatValue::OFF
03-02 10:11:13.109 18562 18562 I bluetooth: attribute=PlayerAttribute::SHUFFLE : value=PlayerShuffleValue::OFF
03-02 10:11:13.109 18562 18562 V MediaPlayerList: onActiveSessionsChanged: number of controllers: 0
03-02 10:11:13.109 18562 18562 I PlayerSettingsManager: getPlayerRepeatMode: no active player
03-02 10:11:13.109 18562 18562 I PlayerSettingsManager: getPlayerShuffleMode: no active player
03-02 10:11:13.109 18562 18562 I PlayerSettingsManager: updateRemoteDevice: STATE_REPEAT_OFF, STATE_SHUFFLE_OFF
03-02 10:11:13.109 18562 18562 I bluetooth: avrcp_service.cc:685 SendPlayerSettingsChanged: 
03-02 10:11:13.109 18562 18562 I bluetooth: avrcp_service.cc:699 SendPlayerSettingsChanged: attribute=PlayerAttribute::REPEAT : value=PlayerRepeatValue::OFF
03-02 10:11:13.109 18562 18562 I bluetooth: attribute=PlayerAttribute::SHUFFLE : value=PlayerShuffleValue::OFF
03-02 10:11:13.112  1999  1999 D Launcher.Lifecycle: onWindowFocusChanged:true,UserHandle{0},c143874,true
03-02 10:11:13.113  1999  1999 D Launcher_UnlockAnimationStateMachine: onWindowFocus:IDLE
03-02 10:11:13.113  1999  1999 D Launcher_UnlockAnimationStateMachine: showAnimation = IDLE
03-02 10:11:13.115  1621  1668 I libprocessgroup: Removed cgroup /sys/fs/cgroup/uid_10337/pid_15673
03-02 10:11:13.117  1999  1999 I HandWritingStubImpl: refreshLastKeyboardType: 1
03-02 10:11:13.117  1999  1999 I HandWritingStubImpl: getCurrentKeyboardType: 1
03-02 10:11:13.118   835   835 I Zygote  : Process 15673 exited due to signal 9 (Killed)
03-02 10:11:13.119  1621  1650 W ActivityManager: setHasOverlayUi called on unknown pid: 15673
03-02 10:11:13.120  1621  1806 W InputMethodManagerService: Clear show forced flag.
03-02 10:11:13.121  1621  1806 I ImeTracker: com.miui.home:2a9243c3: onRequestHide at ORIGIN_SERVER reason HIDE_SAME_WINDOW_FOCUSED_WITHOUT_EDITOR fromUser false
03-02 10:11:13.121  1621  1806 I ImeTracker: com.miui.home:2a9243c3: onCancelled at PHASE_SERVER_SHOULD_HIDE
03-02 10:11:13.122  6515 14475 D MirrorManager:  sendAcceptInput 0 0
03-02 10:11:13.122  1621  1650 D MiuiRefreshRatePolicy: reset
03-02 10:11:13.128  2363  3215 I ActiveAudioSessionManager_export-api: dispatchTopActiveSessionChangeCallbackLocked, size:1
03-02 10:11:13.128  2363  3215 I ActiveAudioSessionManager_export-api: stopPositionCallbackTask
03-02 10:11:13.128  2363  3215 I ActiveAudioSessionManager_export-api: dispatchSessionsExistsChangeCallbackLocked :false
03-02 10:11:13.129  2363  3215 I ActiveAudioSessionManager_export-api: controllerSize:0
03-02 10:11:13.129  2363 19600 I ActiveAudioSessionManager_export-api: dispatchTopActiveSessionChangeCallbackLocked, size:1
03-02 10:11:13.130  2363 19600 I GlobalMiPlayAudioManager: onActiveAudioSessionChange activeSession is null
03-02 10:11:13.130  2363 19600 D MiCastSDKImpl: setPlaybackState state -999
03-02 10:11:13.130  2363 19600 I GlobalMiPlayAudioManager: dispatchCallback, what, 1
03-02 10:11:13.130  2363 19600 I ActiveAudioSessionManager_export-api: stopPositionCallbackTask
03-02 10:11:13.130  2363 19600 I ActiveAudioSessionManager_export-api: dispatchSessionsExistsChangeCallbackLocked :false
03-02 10:11:13.131  2363 19600 I MiPlayServiceAdapter: markSessionKilled
03-02 10:11:13.132  2363  3215 I ActiveAudioSessionManager_export-api: stopPositionCallbackTask
03-02 10:11:13.132  2363 19600 I ActiveAudioSessionManager_export-api: controllerSize:0
03-02 10:11:13.133  2363  3215 I ActiveAudioSessionManager_export-api: dispatchSessionsExistsChangeCallbackLocked :false
03-02 10:11:13.133  2363 19600 I ActiveAudioSessionManager_export-api: stopPositionCallbackTask
03-02 10:11:13.133  2363 19600 I ActiveAudioSessionManager_export-api: dispatchSessionsExistsChangeCallbackLocked :false
03-02 10:11:13.133  2363 19600 I MiPlayServiceAdapter: markSessionKilled
03-02 10:11:13.134  2526  2526 I GoogleInputMethodService: GoogleInputMethodService.onFinishInput():2113 
03-02 10:11:13.134 19603 19603 W MultiDeviceManager: setPlaybackState state -999
03-02 10:11:13.134 19603 19603 I CastDeviceManager: setPlaybackState: state -999
03-02 10:11:13.134  1621  2740 D MiuiRefreshRatePolicy: reset
03-02 10:11:13.135  2526  2526 I Module  : DeviceLockedStatusModuleProvider$Module.updateDeviceLockedStatus():103 repeatCheckTimes = 0, locked = false
03-02 10:11:13.135  2363  2363 D MiPlayDetailViewModel: onActiveAudioSessionChange(): audioSessionList?.size =0
03-02 10:11:13.135  2363  2363 D MiPlayController: miplay service state invalid = 0
03-02 10:11:13.135 19603 19603 W CastDeviceManager: setPlaybackState: castSession is null return
03-02 10:11:13.135  2363  2363 D MiPlayDetailViewModel: isMiuiMusic:false null,releaseVersion:1
03-02 10:11:13.135  2363  2363 D MiPlayDetailViewModel: updateAudioSession true
03-02 10:11:13.137  2526  2526 I GoogleInputMethodService: GoogleInputMethodService.onStartInput():1384 onStartInput(EditorInfo{EditorInfo{packageName=com.miui.home, inputType=0, inputTypeString=NULL, enableLearning=false, autoCorrection=false, autoComplete=false, imeOptions=0, privateImeOptions=null, actionName=UNSPECIFIED, actionLabel=null, initialSelStart=-1, initialSelEnd=-1, initialCapsMode=0, label=null, fieldId=0, fieldName=null, extras=Bundle[mParcelledData.dataSize=72], hintText=null, hintLocales=[]}}, false)
03-02 10:11:13.137  2363  2363 D Utilities:  oldHints : 0 backDisposition : 0 imeShown : false hints 0
03-02 10:11:13.139  2526  2526 I Module  : DeviceLockedStatusModuleProvider$Module.updateDeviceLockedStatus():103 repeatCheckTimes = 1, locked = false
03-02 10:11:13.140  1621  4432 W PackageConfigPersister: App-specific configuration not found for packageName: com.miui.home and userId: 0
03-02 10:11:13.141  1621  1651 I ActivityTaskManager: visible for Task{27e6aff #2 type=home I=com.miui.home/.launcher.Launcher} visible = true isAnimating = false TRANSITION = false PARENTS = false CHILDREN = false
03-02 10:11:13.144  1621  4432 D MiuiRefreshRatePolicy: reset
03-02 10:11:13.150 18523 18695 E msys    : E[N mns]_OnDiskCacheGetData(632)=>Start post callback cache refresh DNS resolution
03-02 10:11:13.155   857   857 D android.hardware.lights-service.mediatek: write 191 to /sys/class/leds/lcd-backlight/brightness, result: 0
03-02 10:11:13.155   857   857 D android.hardware.lights-service.mediatek: write 191 to /sys/class/mi_display/disp-DSI-0/brightness_clone, result: 0
03-02 10:11:13.156  1621  1651 I ActivityTaskManager: visible for Task{27e6aff #2 type=home I=com.miui.home/.launcher.Launcher} visible = true isAnimating = false TRANSITION = false PARENTS = false CHILDREN = false
03-02 10:11:13.159 18523 18695 E msys    : E[N mns]_LogError(228)=>Failed to resolve using system DNS resolver, getaddrinfo(): No address associated with hostname
03-02 10:11:13.162   863   958 I mtkpower@impl: [powerd_req] TIMER_MSG_PERF_LOCK_TIMEOUT hdl:362387
03-02 10:11:13.163   863   958 I libPowerHal: [perfLockRel] hdl:362387, idx:1
03-02 10:11:13.163   863   958 I libPowerHal: [unsetGPUFreq] current min:0, max:0; scn_gpu_min:0, scn_gpu_max:-1; scn_gpu_min(HL):-1, scn_gpu_max(HL):-1
03-02 10:11:13.163   863   958 I libPowerHal: [setGPUFreq] Soft min/max = (0, 0); Hard min/max = (31, 0)
03-02 10:11:13.163   863   958 I libPowerHal: [setGPUFreq] final min/max = (0, 0)
03-02 10:11:13.163   863   958 I libPowerHal: system_server: set gpu opp level: 0
03-02 10:11:13.164   863   958 I libPowerHal: system_server: set gpu opp level max: 0
03-02 10:11:13.164   863   958 I libPowerHal: [PD] system_server update cmd:400200 param:-1 pr:6
03-02 10:11:13.165   863   958 I libPowerHal: [recordCPUFreqInfo] set cluster[0] min(system_server): 1800000 max(-1): -1 cluster[1] min(system_server): 2000000 max(-1): -1
03-02 10:11:13.165   863   958 I libPowerHal: [perfLockRel] Done for hdl : 362387
03-02 10:11:13.271   857   857 D android.hardware.lights-service.mediatek: write 190 to /sys/class/leds/lcd-backlight/brightness, result: 0
03-02 10:11:13.271   857   857 D android.hardware.lights-service.mediatek: write 190 to /sys/class/mi_display/disp-DSI-0/brightness_clone, result: 0
03-02 10:11:13.307  1621  1731 W XSpaceManagerServiceImpl: checkXSpaceControl, from:com.android.shell, to:com.softnation.Ojam, with act:null, callingUserId:0, toUserId:0
03-02 10:11:13.308  1621  1731 W ActivityTaskManager: callingPackage for (uid=2000, pid=23452) has no WPC
03-02 10:11:13.311  1621  1731 D PreStartingManager: Not init when use PreStartingManager!
03-02 10:11:13.312  1621  1731 W OptProp : Cannot read opt property android.window.PROPERTY_COMPAT_ALLOW_ORIENTATION_OVERRIDE
03-02 10:11:13.313  1621  1731 V GrammaticalInflectionUtils: AttributionSource: android.content.AttributionSource@19923ceb does not have READ_SYSTEM_GRAMMATICAL_GENDER permission.
03-02 10:11:13.314  1621  1731 W OptProp : Cannot read opt property android.window.PROPERTY_COMPAT_ALLOW_RESIZEABLE_ACTIVITY_OVERRIDES
03-02 10:11:13.314  1621  1731 W OptProp : Cannot read opt property android.window.PROPERTY_COMPAT_ALLOW_MIN_ASPECT_RATIO_OVERRIDE
03-02 10:11:13.315  1621  1731 I ActivityTaskManager: isKeyguardEditor: false, newTransition: TransitionRecord{b8e066f id=10138 type=OPEN flags=0x0}
03-02 10:11:13.315  1621  1731 D WindowManager: Collecting in transition 10138: ActivityRecord{a48bf7c u0 com.softnation.Ojam/.MainActivity init visibleRequested:false
03-02 10:11:13.316  1621  1731 D MiuiFreeformServiceImpl: addLaunchFreeformActivityOptionIfNeed skip due to not find sourceTask: null sourceFfas: null sourceFreeFormActivity: null
03-02 10:11:13.317  1621  1731 I PowerHalWrapper: PowerHalWrapper.getInstance 
03-02 10:11:13.317  1621  1731 D PerfMTKStubImpl: initBoostParamByDevice
03-02 10:11:13.317  2363  2477 D OneHandedController: stopOneHanded state is 0
03-02 10:11:13.318   921  1587 I BufferQueueDebug: [Task=37022#133044](this:0xb400007bcecb4138,id:-1,api:0,p:-1,c:-1) BufferQueue core=(921:/system/bin/surfaceflinger)
03-02 10:11:13.319  1621  1731 D WindowManager: setLockTaskAuth: task=Task{35b385a #37022 type=standard A=10337:com.softnation.Ojam} mLockTaskAuth=LOCK_TASK_AUTH_PINNABLE
03-02 10:11:13.319  1621  1731 D WindowManager: Collecting in transition 10138: Task{35b385a #37022 type=standard A=10337:com.softnation.Ojam} init visibleRequested:false
03-02 10:11:13.320   921  1587 I BufferQueueDebug: [ActivityRecord{a48bf7c u0 com.softnation.Ojam/.MainActivity t37022}#133045](this:0xb400007bcec756d8,id:-1,api:0,p:-1,c:-1) BufferQueue core=(921:/system/bin/surfaceflinger)
03-02 10:11:13.321  1621  1731 D WindowManager: setLockTaskAuth: task=Task{35b385a #37022 type=standard A=10337:com.softnation.Ojam} mLockTaskAuth=LOCK_TASK_AUTH_PINNABLE
03-02 10:11:13.322  1621  1731 D MiuiFreeFormManagerService: onStartActivityInner as = Task{35b385a #37022 type=standard A=10337:com.softnation.Ojam} op = null
03-02 10:11:13.323  1621  1731 D ActivityTaskManager: Task#startActivityLocked isOrhasTask=true newTask=true
03-02 10:11:13.323   863   909 I mtkpower@impl: [setMode] type:5, enabled:1
03-02 10:11:13.324   863   958 I libPowerHal: [perfLockAcq] idx:1 hdl:362391 hint:77 pid:863 tid:863 duration:30000 lock_user:vendor.mediatek => ret_hdl:362391
03-02 10:11:13.324  1621  1666 I SmartPower: com.milink.service:audio/10190(19603): idle->background(126938ms) R(broadcast start Intent { act=android.intent.action.PACKAGE_RESTARTED dat=package: flg=0x4000010 (has extras) }) adj=100.
03-02 10:11:13.325   863   958 I ThermalBreakConfigReader: [getTargetfreqinfo] [getTargetfreqinfo] hint get target result freq:boost:1 cpu0:1800000 cpu6:2000000 cpumask:ff
03-02 10:11:13.325  1621  1731 I WindowManager: Try to add startingWindow type = STARTING_WINDOW_TYPE_SPLASH_SCREEN this = ActivityRecord{a48bf7c u0 com.softnation.Ojam/.MainActivity t37022} preAllowTaskSnapshot = true afterAllowTaskSnapshot = true newTask = true taskSwitch = true processRunning = false activityCreated = false activityAllDrawn = false isSnapshotCompatible = false resolvedTheme = 2131952195 theme = 2131952195
03-02 10:11:13.325   863   958 I ExtendedPerfBoost: [thermalbreak_verification] needbreak curr breakmode 1, scence id 0, set: boost:1 cpu0:1800000 cpu6:2000000 cpumask:ff
03-02 10:11:13.325   863   958 I ExtendedPerfBoost: [triggerList_add] [triggerList_add] come into triggerList_add
03-02 10:11:13.325   863   958 I ExtendedPerfBoost: [triggerList_add] get item from freelist 0x6fcc5ba018
03-02 10:11:13.325   863   958 I ExtendedPerfBoost: [triggerList_add] init new item prio:2, duration:3000, param:boost:1 cpu0:1800000 cpu6:2000000 cpumask:ff
03-02 10:11:13.325   863   958 I ExtendedPerfBoost: [triggerList_add] add item prio in empty list
03-02 10:11:13.325   863   958 I ExtendedPerfBoost: [trig_thermalbreak] trigger one node
03-02 10:11:13.325   863   958 I ExtendedUtils: [timer_sampling_set] come in timer_sampling_set, duration :3000
03-02 10:11:13.325  2061  2061 I MiuiWallpaper-MiuiWallpaperManagerService: receive broadcast action = android.intent.action.PACKAGE_RESTARTED
03-02 10:11:13.325   863   958 I ExtendedUtils: [settimer] come in settimer, time_now :607866874, time_end: 607869874
03-02 10:11:13.325   863   958 I ExtendedPerfBoost: [setThermalBreak] [setThermalBreak] : boost:1 cpu0:1800000 cpu6:2000000 cpumask:ff
03-02 10:11:13.325   863   958 I libPowerHal: [perfLockAcq] Done for hdl : 362391
03-02 10:11:13.326  1621  1731 D PreStartingManager: Not init when use PreStartingManager!
03-02 10:11:13.326   921   921 I MI-SF   : surfaceflinger setAffinity mode=0
03-02 10:11:13.326   921   921 E MI-SF   : surfaceflinger setAffinity success
03-02 10:11:13.326  1621  1731 I PowerHalWrapper: amsBoostNotify pid:1999,activity:com.miui.home.launcher.Launcher, package:com.miui.home, mProcessCreatePackcom.softnation.Ojam 
03-02 10:11:13.327  1621  1731 I PowerHalWrapper: state: 0 
03-02 10:11:13.327  1621  1731 I mtkpower_client: [PowerHal_Wrap_notifyAppState] com.miui.home/com.miui.home.launcher.Launcher pid=1999 activityId:159909721 state:0
03-02 10:11:13.328   861   861 I vendor.mediatek.hardware.mtkpower_applist-service.mediatek: packName: com.miui.home actName: com.miui.home.launcher.Launcher pid: 1999 activityId: 159909721 uid: 10166 state: 0
03-02 10:11:13.328   861   861 I MTK_APPList: [notifyAPPstate] com.miui.home/com.miui.home.launcher.Launcher, pid=1999, activityId=159909721, uid=10166, state:PAUSED, fps:-1, win:1
03-02 10:11:13.328   861   861 I MTK_APPList: [notifyAPPstate] multi_resumed_app_count: 1
03-02 10:11:13.328   861   861 I MTK_APPList: [notifyAPPstate] multi_resumed_app_info[0] com.android.systemui/com.android.systemui._190038181, pid:2363, activityId:-1, fps:-1, isMultiWindow:0
03-02 10:11:13.328   861   861 I MTK_APPList: [getForegroundAPPCount] 1
03-02 10:11:13.328   861   861 I MTK_APPList: [notifyNetdUID] 10166
03-02 10:11:13.328  1621  1731 I PowerHalWrapper: amsBoostNotify AMS_BOOST_PROCESS_CREATE_BOOST:false 
03-02 10:11:13.329   861   861 I MTK_APPList: [notifyPID] 1999
03-02 10:11:13.329  1621  1731 I ActivityTaskManager: Add Task{1b84b4 #37021 type=standard A=10337:com.softnation.Ojam} to hidden list because adding Task{35b385a #37022 type=standard A=10337:com.softnation.Ojam}
03-02 10:11:13.330   863   958 I libPowerHal: [perfSetSysInfo] pid type:24, 1999
03-02 10:11:13.330  1621  1731 D WindowManager: Collecting in transition 10138: ActivityRecord{a48bf7c u0 com.softnation.Ojam/.MainActivity t37022} init visibleRequested:false
03-02 10:11:13.331  1621  1731 I ActivityTaskManager: START u0 {flg=0x10000000 cmp=com.softnation.Ojam/.MainActivity} with LAUNCH_SINGLE_TASK from uid 2000 from pid 23452 callingPackage com.android.shell (BAL_ALLOW_PERMISSION) result code=0
03-02 10:11:13.332  1621  1651 I ActivityTaskManager: visible for Task{27e6aff #2 type=home I=com.miui.home/.launcher.Launcher} visible = true isAnimating = false TRANSITION = false PARENTS = false CHILDREN = false
03-02 10:11:13.333  2363  2477 I SoScStageCoordinator: Transition requested:TransitionRequestInfo { type = OPEN, triggerTask = TaskInfo{userId=0 taskId=37022 displayId=0 isRunning=true baseIntent=Intent { flg=0x10000000 cmp=com.softnation.Ojam/.MainActivity } baseActivity=ComponentInfo{com.softnation.Ojam/com.softnation.Ojam.MainActivity} topActivity=ComponentInfo{com.softnation.Ojam/com.softnation.Ojam.MainActivity} origActivity=null realActivity=ComponentInfo{com.softnation.Ojam/com.softnation.Ojam.MainActivity} numActivities=1 lastActiveTime=1025632749 supportsSplitScreenMultiWindow=true supportsMultiWindow=true resizeMode=1 isResizeable=true minWidth=-1 minHeight=-1 defaultMinSize=200 token=WCT{android.window.IWindowContainerToken$Stub$Proxy@b640767} topActivityType=1 pictureInPictureParams=null shouldDockBigOverlays=false launchIntoPipHostTaskId=-1 lastParentTaskIdBeforePip=-1 displayCutoutSafeInsets=Rect(0, 104 - 0, 0) topActivityInfo=ActivityInfo{482b914 com.softnation.Ojam.MainActivity} launchCookies=[] positionInParent=Point(0, 0) parentTaskId=-1 isFocused=false isVisible=false isVisibleRequested=false isSleeping=false locusId=null displayAreaFeatureId=1 isTopActivityTransparent=false appCompatTaskInfo=AppCompatTaskInfo { topActivityInSizeCompat=false topActivityEligibleForLetterboxEducation= falseisLetterboxEducationEnabled= false isLetterboxDoubleTapEnabled= false topActivityEligibleForUserAspectRatioButton= false topActivityBoundsLetterboxed= false isFromLetterboxDoubleTap= false topActivityLetterboxVerticalPosition= -1 topActivityLetterboxHorizontalPosition= -1 topActivityLetterboxWidth=1080 topActivityLetterboxHeight=2460 isUserFullscreenOverrideEnabled=false isSystemFullscreenOverrideEnabled=false cameraCompatTaskInfo=CameraCompatTaskInfo { cameraCompatControlState=hidden freeformCameraCompatMode=inactive}} isImmersive=false mTopActivityRequestOrientation=-2 mBehindAppLockPkg=null mOriginatingUid=0 isEmbedded=false shouldBeVisible=true mIsCastMode=false mTopActivityMediaSize=null mTopActivityRecordName=ActivityRecord{a48bf7c u0 com.softnation.Ojam/.MainActivity t37022} mTopActivityOrientation=-2}, pipTask = null, remoteTransition = null, displayChange = null, flags = 0, debugId = 10138 } isSoScActive:false triggerTask:TaskInfo{userId=0 taskId=37022 displayId=0 isRunning=true baseIntent=Intent { flg=0x10000000 cmp=com.softnation.Ojam/.MainActivity } baseActivity=ComponentInfo{com.softnation.Ojam/com.softnation.Ojam.MainActivity} topActivity=ComponentInfo{com.softnation.Ojam/com.softnation.Ojam.MainActivity} origActivity=null realActivity=ComponentInfo{com.softnation.Ojam/com.softnation.Ojam.MainActivity} numActivities=1 lastActiveTime=1025632749 supportsSplitScreenMultiWindow=true supportsMultiWindow=true resizeMode=1 isResizeable=true minWidth=-1 minHeight=-1 defaultMinSize=200 token=WCT{android.window.IWindowContainerToken$Stub$Proxy@b640767} topActivityType=1 pictureInPictureParams=null shouldDockBigOverlays=false launchIntoPipHostTaskId=-1 lastParentTaskIdBeforePip=-1 displayCutoutSafeInsets=Rect(0, 104 - 0, 0) topActivityInfo=ActivityInfo{482b914 com.softnation.Ojam.MainActivity} launchCookies=[] positionInParent=Point(0, 0) parentTaskId=-1 isFocused=false isVisible=false isVisibleRequested=false isSleeping=false locusId=null displayAreaFeatureId=1 isTopActivityTransparent=false appCompatTaskInfo=AppCompatTaskInfo { topActivityInSizeCompat=false topActivityEligibleForLetterboxEducation= falseisLetterboxEducationEnabled= false isLetterboxDoubleTapEnabled= false topActivityEligibleForUserAspectRatioButton= false topActivityBoundsLetterboxed= false isFromLetterboxDoubleTap= false topActivityLetterboxVerticalPosition= -1 topActivityLetterboxHorizontalPosition= -1 topActivityLetterboxWidth=1080 topActivityLetterboxHeight=2460 isUserFullscreenOverrideEnabled=false isSystemFullscreenOverrideEnabled=false cameraCompatTaskInfo=CameraCompatTaskInfo { cameraCompatControlState=hidden freeformCameraCompatMode=inactive}} isImmersive=false mTopActivityRequestOrientation=-2 mBehindAppLockPkg=null mOriginatingUid=0 isEmbed
03-02 10:11:13.333  2363  2477 I SoScUtils: monitorTransitionRequest mRequestOpenTransition:null mRequestOpenTriggerTask:-1 mRequestCloseTransition:null mRequestCloseTriggerTask:-1 mRequestCloseStageType:-1
03-02 10:11:13.333  1621  4238 D WindowManager: Set transition=TransitionRecord{b8e066f id=10138 type=OPEN flags=0x0}, ready=false, SyncId=10138 used=true, override=false, defer=0, states=Display{#0 state=ON size=1080x2460 ROTATION_0}:false
03-02 10:11:13.334   921  1166 D SurfaceFlinger: [SF client] NEW(0xb400007caea18970) for (2363:com.android.systemui)
03-02 10:11:13.334  1999  1999 D Launcher.Lifecycle: onPause:UserHandle{0},c143874,true
03-02 10:11:13.334  1999  1999 D Launcher_UnlockAnimationStateMachine: onPause = IDLE
03-02 10:11:13.334  1999  1999 D Launcher_UnlockAnimationStateMachine: setState:PAUSE_WAIT
03-02 10:11:13.335  1999  1999 D LauncherAssistantCompatGoogle: onPause com.google.android.libraries.gsa.launcherclient.LauncherClient@b8351e8
03-02 10:11:13.335  1999  1999 D ServiceDeliveryReplaceHelper: onPause: widget to serviceDeliver isReplace false
03-02 10:11:13.336  1999  2508 D SessionLifecycleClient: Sending lifecycle 2 to service
03-02 10:11:13.336  1999  4922 D SessionLifecycleService: Activity backgrounding at 607866885
03-02 10:11:13.336  1999 29002 D TaskStackChangeListeners: onTaskDescriptionChanged =  taskId = 37022
03-02 10:11:13.337  2363  2477 D OneHandedController: stopOneHanded state is 0
03-02 10:11:13.337  2363  2477 D OneHandedController: stopOneHanded state is 0
03-02 10:11:13.337  2363  2363 I FocusedNotifPromptContr: onTopActivityMayChanged: isSupportPip false, isFocus false
03-02 10:11:13.337  2363  2363 I FocusedNotifPromptContr: onTopActivityMayChanged: topActivity=com.softnation.Ojam
03-02 10:11:13.337  2363  2363 I PromptViewAnimState: topActivityMayChanged: topActivity=com.miui.home --> com.softnation.Ojam
03-02 10:11:13.337  2363  2363 D KeyguardEditorHelper: onTopActivityMayChanged, topActivity=ComponentInfo{com.softnation.Ojam/com.softnation.Ojam.MainActivity}; mState=IDEL
03-02 10:11:13.337  2363  2577 D MiuiCameraCoveredManager: java.lang.NullPointerException: Attempt to invoke virtual method 'java.lang.String android.provider.MiuiSettings$SettingsCloudData$CloudData.getString(java.lang.String, java.lang.String)' on a null object reference
03-02 10:11:13.339  2363  2648 W libc    : Access denied finding property "ro.vendor.display.iris_x7.support"
03-02 10:11:13.340  1621  4764 I AppsFilter: interaction: PackageSetting{131896e com.android.microdroid.empty_payload/10255} -> PackageSetting{1578214 com.softnation.Ojam/10337} BLOCKED
03-02 10:11:13.340  2363  2577 D VRI[Ojam]: hardware acceleration = true, forceHwAccelerated = false
03-02 10:11:13.341  1621  4764 D WindowManager: Collecting in transition 10138: ActivityRecord{a48bf7c u0 com.softnation.Ojam/.MainActivity t37022} init visibleRequested:false
03-02 10:11:13.341  1621  4764 D WindowManager: Collecting in transition 10138: ActivityRecord{9880759 u0 com.miui.home/.launcher.Launcher t2} init visibleRequested:true
03-02 10:11:13.341  1621  4764 D WindowManager: Collecting in transition 10138: Window{7986e4c u0 com.miui.miwallpaper.wallpaperservice.MiuiKeyguardPictorialWallpaper} init visibleRequested:true
03-02 10:11:13.341  1621  4764 D WindowManager: Collecting in transition 10138: Window{92602d4 u0 com.miui.miwallpaper.wallpaperservice.ImageWallpaper} init visibleRequested:true
03-02 10:11:13.342  1621  4764 D MiuiRefreshRatePolicy: reset
03-02 10:11:13.344  1621  1651 I ActivityTaskManager: visible for Task{27e6aff #2 type=home I=com.miui.home/.launcher.Launcher} visible = true isAnimating = false TRANSITION = false PARENTS = false CHILDREN = false
03-02 10:11:13.344  1621  1650 V GrammaticalInflectionUtils: AttributionSource: android.content.AttributionSource@19923ceb does not have READ_SYSTEM_GRAMMATICAL_GENDER permission.
03-02 10:11:13.347   921  1587 I BufferQueueDebug: [12dd003 Splash Screen com.softnation.Ojam#133046](this:0xb400007bcec561a8,id:-1,api:0,p:-1,c:-1) BufferQueue core=(921:/system/bin/surfaceflinger)
03-02 10:11:13.348  1621  1635 D PreStartingManager: Not init when use PreStartingManager!
03-02 10:11:13.348  1621  1635 I WindowManager: Add startingWindow, surfaceControl = Surface(name=12dd003 Splash Screen com.softnation.Ojam#133046)/@0x6ae35b9 layerId = 133046
03-02 10:11:13.350  1621  1650 I PowerHalWrapper: amsBoostProcessCreate package:com.softnation.Ojam 
03-02 10:11:13.351  2363  2577 D InputEventReceiver: Input log is disabled in InputEventReceiver.
03-02 10:11:13.351  1621  1651 D WindowManager: wms.Focus not requested for window=Window{d85ca12 u0 com.miui.home/com.miui.home.launcher.Launcher} because it has no surface or is not focusable.
03-02 10:11:13.352   863   958 I libPowerHal: [perfLockAcq] idx:4 hdl:362392 hint:21 pid:863 tid:863 duration:10000 lock_user:vendor.mediatek => ret_hdl:362392
03-02 10:11:13.352   863   958 I libPowerHal: [PE] MTKPOWER_HINT_PROCESS_CREATE update cmd:2024000, param:100, pr:3
03-02 10:11:13.353   863   958 I libPowerHal: [set_kswapd_affinity] set affinity = 16129
03-02 10:11:13.353   863   958 I libPowerHal: [PE] MTKPOWER_HINT_PROCESS_CREATE update ONESHOT(set) cmd:10000700 param:16129 pr:3
03-02 10:11:13.353   863   958 I libPowerHal: [perfLockAcq] Done for hdl : 362392
03-02 10:11:13.354  1621  4432 D CoreBackPreview: Window{12dd003 u0 Splash Screen com.softnation.Ojam}: Setting back callback OnBackInvokedCallbackInfo{mCallback=android.window.IOnBackInvokedCallback$Stub$Proxy@2a16dfe, mPriority=0, mIsAnimationCallback=false}
03-02 10:11:13.355   921  1587 I BufferQueueDebug: [Splash Screen com.softnation.Ojam#133047](this:0xb400007bcecb13a8,id:-1,api:0,p:-1,c:-1) BufferQueue core=(921:/system/bin/surfaceflinger)
03-02 10:11:13.355  1999 26364 D EventBus: No subscribers registered for event class com.miui.home.recents.messages.RecentTasksChangedEvent
03-02 10:11:13.355  1999 26364 D EventBus: No subscribers registered for event class org.greenrobot.eventbus.NoSubscriberEvent
03-02 10:11:13.355  1999 26364 D EventBus: No subscribers registered for event class com.miui.home.recents.messages.RecentTasksChangedEvent
03-02 10:11:13.356  1999  2684 D RecentsModel: onTaskStackChangedBackground    MSG_TASK_STACK_CHANGE
03-02 10:11:13.356  1999  2684 D RecentsModel: boostTaskStackChangedThread once, tid=2684, recentResourceLoaderTid=2525
03-02 10:11:13.356  1999  2684 W MiBridge: Permission not granted !!
03-02 10:11:13.356  1999  2684 D Launcher.Boost: setDynamicVIPTaskIfNeeded::tid = 2684 duration = 500
03-02 10:11:13.356  1999 26364 D EventBus: No subscribers registered for event class org.greenrobot.eventbus.NoSubscriberEvent
03-02 10:11:13.357  1621  1842 I MiuiNetworkPolicy: updateUidState uid = 10174, uidState = 10
03-02 10:11:13.358  1621  1635 D MiuiRefreshRatePolicy: reset
03-02 10:11:13.360  1621  1635 W WindowManager: Changing focus from Window{d85ca12 u0 com.miui.home/com.miui.home.launcher.Launcher} to null displayId=0 Callers=com.android.server.wm.RootWindowContainer.updateFocusedWindowLocked:602 com.android.server.wm.WindowManagerService.updateFocusedWindowLocked:7168 com.android.server.wm.WindowManagerService.relayoutWindowInner:3076 com.android.server.wm.WindowManagerService.relayoutWindow:2724 
03-02 10:11:13.360  1621  1635 D WindowManager: wms.Input focus has changed to null display=0 updateInputWindows = true
03-02 10:11:13.360  1621  1635 I MultiSenceManagerInternalStub: getInstance
03-02 10:11:13.363  1621  1651 I ActivityTaskManager: visible for Task{27e6aff #2 type=home I=com.miui.home/.launcher.Launcher} visible = true isAnimating = false TRANSITION = false PARENTS = false CHILDREN = false
03-02 10:11:13.365  2363  2577 D BufferQueueConsumer: [](id:93b00001ac1,api:0,p:-1,c:2363) connect: controlledByApp=false
03-02 10:11:13.366  1621  1667 I ActivityManager: Start proc 17120:com.softnation.Ojam/u0a337 for next-top-activity {com.softnation.Ojam/com.softnation.Ojam.MainActivity} caller=com.android.shell
03-02 10:11:13.366  2363  2577 D BLASTBufferQueue: [VRI[Ojam]#5804](f:0,a:0) constructor()
03-02 10:11:13.367  2363  2577 D BLASTBufferQueue: [VRI[Ojam]#5804](f:0,a:0) update width=1080 height=2460 format=-3 mTransformHint=0
03-02 10:11:13.369  1621  4764 I ATMSImpl: cacheTasksForDefaultDisplay size=4
03-02 10:11:13.369 17120 17120 E Zygote  : process_name_ptr:17120 com.softnation.Ojam
03-02 10:11:13.371  2363  2577 D VRI[Ojam]: vri.reportNextDraw android.view.ViewRootImpl.performTraversals:4984 android.view.ViewRootImpl.doTraversal:3564 android.view.ViewRootImpl$TraversalRunnable.run:11781 android.view.Choreographer$CallbackRecord.run:1804 android.view.Choreographer$CallbackRecord.run:1813 
03-02 10:11:13.371 17120 17120 E Zygote  : SetMemoryProtected process_name_ptr:17120 com.softnation.Ojam
03-02 10:11:13.371  2363  2577 D VRI[Ojam]: Setup new sync=wmsSync-VRI[Ojam]#48
03-02 10:11:13.372  1999  2684 D RecentsModel: getRunningTask ignoreActivityType : 2 ,ignoreWindowMode:5
03-02 10:11:13.372  1999  2684 W RecentsModel: getRunningTask   taskInfo=TaskInfo{userId=0 taskId=37022 displayId=0 isRunning=true baseIntent=Intent { flg=0x10000000 cmp=com.softnation.Ojam/.MainActivity } baseActivity=ComponentInfo{com.softnation.Ojam/com.softnation.Ojam.MainActivity} topActivity=ComponentInfo{com.softnation.Ojam/com.softnation.Ojam.MainActivity} origActivity=null realActivity=ComponentInfo{com.softnation.Ojam/com.softnation.Ojam.MainActivity} numActivities=1 lastActiveTime=1025632787 supportsSplitScreenMultiWindow=true supportsMultiWindow=true resizeMode=1 isResizeable=true minWidth=-1 minHeight=-1 defaultMinSize=200 token=WCT{android.window.IWindowContainerToken$Stub$Proxy@bcbdbc6} topActivityType=1 pictureInPictureParams=null shouldDockBigOverlays=false launchIntoPipHostTaskId=-1 lastParentTaskIdBeforePip=-1 displayCutoutSafeInsets=null topActivityInfo=ActivityInfo{3e71787 com.softnation.Ojam.MainActivity} launchCookies=[] positionInParent=Point(0, 0) parentTaskId=-1 isFocused=false isVisible=false isVisibleRequested=true isSleeping=false locusId=null displayAreaFeatureId=1 isTopActivityTransparent=false appCompatTaskInfo=AppCompatTaskInfo { topActivityInSizeCompat=false topActivityEligibleForLetterboxEducation= falseisLetterboxEducationEnabled= false isLetterboxDoubleTapEnabled= false topActivityEligibleForUserAspectRatioButton= false topActivityBoundsLetterboxed= false isFromLetterboxDoubleTap= false topActivityLetterboxVerticalPosition= -1 topActivityLetterboxHorizontalPosition= -1 topActivityLetterboxWidth=1080 topActivityLetterboxHeight=2460 isUserFullscreenOverrideEnabled=false isSystemFullscreenOverrideEnabled=false cameraCompatTaskInfo=CameraCompatTaskInfo { cameraCompatControlState=hidden freeformCameraCompatMode=inactive}} isImmersive=false mTopActivityRequestOrientation=1 mBehindAppLockPkg=null mOriginatingUid=0 isEmbedded=false shouldBeVisible=true mIsCastMode=false mTopActivityMediaSize=null mTopActivityRecordName=ActivityRecord{a48bf7c u0 com.softnation.Ojam/.MainActivity t37022} mTopActivityOrientation=1}
03-02 10:11:13.372  1999  2684 D RecentsModel: preloadRecents runningTaskId:37022, mCurrentRunningTaskId:-1, mRecentsTaskLoadPlan=com.android.systemui.shared.recents.model.RecentsTaskLoadPlan@bfa56b4
03-02 10:11:13.373  2363  2648 D HWUI    : makeCurrent grContext:0xb4000079f1a172d0 reset mTextureAvailable
03-02 10:11:13.373  1621  1651 I ActivityTaskManager: visible for Task{27e6aff #2 type=home I=com.miui.home/.launcher.Launcher} visible = true isAnimating = false TRANSITION = false PARENTS = false CHILDREN = false
03-02 10:11:13.374  1999  2684 E ActivityManagerWrapper: get all recent tasks force including 37022
03-02 10:11:13.376  1621  1842 I MiuiNetworkPolicy: updateUidState uid = 10174, uidState = 19
03-02 10:11:13.378   857   857 D android.hardware.lights-service.mediatek: write 189 to /sys/class/leds/lcd-backlight/brightness, result: 0
03-02 10:11:13.378   857   857 D android.hardware.lights-service.mediatek: write 189 to /sys/class/mi_display/disp-DSI-0/brightness_clone, result: 0
03-02 10:11:13.381  1999  1999 D Launcher.Lifecycle: onWindowFocusChanged:false,UserHandle{0},c143874,true
03-02 10:11:13.385  1999  2684 E ActivityManagerWrapper: getRecentTasksForceIncludingTaskIdIfValid: getRecentTasks: size=3
03-02 10:11:13.385  1999  2684 E ActivityManagerWrapper:  mainTaskId=37022   userId=0   windowMode=1   baseIntent=Intent { act=null flag=268435456 cmp=ComponentInfo{com.softnation.Ojam/com.softnation.Ojam.MainActivity} }
03-02 10:11:13.385  1999  2684 E ActivityManagerWrapper:  mainTaskId=37019   userId=0   windowMode=1   baseIntent=Intent { act=null flag=268435456 cmp=ComponentInfo{com.whatsapp/com.whatsapp.home.ui.HomeActivity} }
03-02 10:11:13.385  1999  2684 E ActivityManagerWrapper:  mainTaskId=36980   userId=0   windowMode=1   baseIntent=Intent { act=android.intent.action.MAIN flag=270532608 cmp=ComponentInfo{com.twitter.android/com.twitter.android.StartActivity} }
03-02 10:11:13.386  2363  2648 D BLASTBufferQueue: [VRI[Ojam]#5804](f:0,a:1) acquireNextBufferLocked size=1080x2460 mFrameNumber=1 applyTransaction=true mTimestamp=607866934106923(auto) mPendingTransactions.size=0 graphicBufferId=10149007875250 transform=0
03-02 10:11:13.388  2363  2577 D VRI[Ojam]: vri.reportDrawFinished
03-02 10:11:13.389 17120 17120 I softnation.Ojam: Late-enabling -Xcheck:jni
03-02 10:11:13.394  1621  1651 D MiuiRefreshRatePolicy: reset
03-02 10:11:13.394  1621  1651 D PreStartingManager: Not init when use PreStartingManager!
03-02 10:11:13.395  1621  1842 I MiuiNetworkPolicy: updateUidState uid = 10337, uidState = 19
03-02 10:11:13.395  1621  1651 D WindowManager: Set transition=TransitionRecord{b8e066f id=10138 type=OPEN flags=0x0}, ready=true, SyncId=10138 
03-02 10:11:13.398  1621  1651 I SmartPower: com.softnation.Ojam/10337(0): died->visible(662ms) R(become visible) adj=-10000.
03-02 10:11:13.399  1621  1651 I WindowManager: wms.showSurfaceRobustly mWin:Window{12dd003 u0 Splash Screen com.softnation.Ojam}
03-02 10:11:13.399  1621  1651 D WindowManager: Final targets: [Task{35b385a #37022 type=standard A=10337:com.softnation.Ojam}, Task{d151cdd #1 type=home}]
03-02 10:11:13.400   921  1500 I BufferQueueDebug: [Transition Root #10138: Task=37022#133048](this:0xb400007bcec94c08,id:-1,api:0,p:-1,c:-1) BufferQueue core=(921:/system/bin/surfaceflinger)
03-02 10:11:13.409   921  1500 I BufferQueueDebug: [Surface(name=5b2ee94 StatusBar#103)/@0xf6cf932 - animation-leash of insets_animation#133049](this:0xb400007bceccadb8,id:-1,api:0,p:-1,c:-1) BufferQueue core=(921:/system/bin/surfaceflinger)
03-02 10:11:13.411   921  1500 I BufferQueueDebug: [Surface(name=77d8129 NavigationBar0#101614)/@0x3faba4f - animation-leash of insets_animation#133050](this:0xb400007bcecab888,id:-1,api:0,p:-1,c:-1) BufferQueue core=(921:/system/bin/surfaceflinger)
03-02 10:11:13.411  2363  2477 I MultiTaskingTaskRepository: needSkip: is home task
03-02 10:11:13.411  2363  2477 W MultiTaskingTaskRepository: onToBackTransitionReady putOrUpdateTaskInfo skip
03-02 10:11:13.412  2363  2477 D MultiTaskingTaskRepository: addOrMoveFullscreenTaskToTop taskId=37022
03-02 10:11:13.412  2363  2477 D MultiTaskingTaskRepository: putOrUpdateTaskInfo: taskInfo.taskId: 37022 current mMultiTaskingTaskInfoList:  ,37021 ,37019 ,36980 ,36770 ,36289 ,5 ,4
03-02 10:11:13.412  2363  2477 D MultiTaskingTaskRepository: java.lang.Throwable
03-02 10:11:13.412  2363  2477 D MultiTaskingTaskRepository: 	at com.android.wm.shell.multitasking.taskmanager.MultiTaskingTaskRepository.updateMultiTaskingTaskInfo(go/retraceme 5c05439c20823397c9aaa04c8ad244598257e2a7e5bd06f03af131ffaee2a4a9:82)
03-02 10:11:13.412  2363  2477 D MultiTaskingTaskRepository: 	at com.android.wm.shell.multitasking.taskmanager.MultiTaskingTaskRepository.putOrUpdateTaskInfo(go/retraceme 5c05439c20823397c9aaa04c8ad244598257e2a7e5bd06f03af131ffaee2a4a9:41)
03-02 10:11:13.412  2363  2477 D MultiTaskingTaskRepository: 	at com.android.wm.shell.multitasking.taskmanager.MultiTaskingTransitionObserver.onTransitionReady(go/retraceme 5c05439c20823397c9aaa04c8ad244598257e2a7e5bd06f03af131ffaee2a4a9:166)
03-02 10:11:13.412  2363  2477 D MultiTaskingTaskRepository: 	at com.android.wm.shell.transition.Transitions.dispatchReady(go/retraceme 5c05439c20823397c9aaa04c8ad244598257e2a7e5bd06f03af131ffaee2a4a9:169)
03-02 10:11:13.412  2363  2477 D MultiTaskingTaskRepository: 	at com.android.wm.shell.transition.Transitions.onTransitionReady(go/retraceme 5c05439c20823397c9aaa04c8ad244598257e2a7e5bd06f03af131ffaee2a4a9:248)
