03-02 10:11:29.583   872 24120 I vendor.xiaomi.hardware.micharge@1.0-service: ReadFilePathValue path = /sys/class/power_supply/usb/real_type value = USB
03-02 10:11:29.584  6027  6027 I IMiChargeUtils: getIMiChargeStringValue method:getBatteryChargeType,value:USB
03-02 10:11:29.584  6027  6027 I IMiChargeUtils: getBatteryChargeType : USB
03-02 10:11:29.584  6027  6027 I ChargeTimeUtilsV2: chargeType:USB
03-02 10:11:29.584  6027  6027 I PowerFeatureUtils: getVendorName:mediatek
03-02 10:11:29.584  6027  6027 I PowerFeatureUtils: getVendorName:mediatek
03-02 10:11:29.594   894 12766 V audio_utils::mutex: mutex_impl: audio_mutex initialized: ret:0  order:20
03-02 10:11:29.595   894 12766 V audio_utils::mutex: mutex_impl: audio_mutex initialized: ret:0  order:20
03-02 10:11:29.595   894 12766 V audio_utils::mutex: mutex_impl: audio_mutex initialized: ret:0  order:20
03-02 10:11:29.595   894 12766 V audio_utils::mutex: mutex_impl: audio_mutex initialized: ret:0  order:20
03-02 10:11:29.596   894  1351 D AudioFlinger_Threads: updateWakeLockUids_l AudioOut_1D uids:
03-02 10:11:29.596   894  1367 D AudioFlinger_Threads: updateWakeLockUids_l AudioOut_25 uids:
03-02 10:11:29.596   894  1349 D AudioFlinger_Threads: updateWakeLockUids_l AudioOut_15 uids:
03-02 10:11:29.596   894  1325 D AudioFlinger_Threads: updateWakeLockUids_l AudioOut_D uids:
03-02 10:11:29.628  1621  1856 D ConnectivityService: NetReassign [no changes] [c 1] [a 2] [i 4]
03-02 10:11:29.658 17120 17120 I MediaSessionImpl: Init ca8fbfb [AndroidXMedia3/1.8.0] [tides, 2404ARN45A, Xiaomi, 35]
03-02 10:11:29.707 17120 17120 I MediaSessionCompat: Couldn't find a unique registered media button receiver in the given context.
03-02 10:11:29.713  1621  2740 I MediaSessionStack: addSession to bottom of stack | record: com.softnation.Ojam/androidx.media3.session.id./75 (userId=0)
03-02 10:11:29.714  1621  2740 D MediaSessionService: Media button session is changed to com.softnation.Ojam/androidx.media3.session.id./75 (userId=0)
03-02 10:11:29.717   921   921 I BufferQueueProducer: [StatusBar#109](this:0xb400007bcec4ab68,id:-1,api:0,p:-1,c:921) queueBuffer: fps=0.27 dur=3772.42 max=3772.42 min=3772.42
03-02 10:11:29.717 18562 18562 W MediaPlayerList: onMediaKeyEventSessionChanged(Token): android.media.session.MediaSession$Token@ca70715
03-02 10:11:29.717  2363  3215 I ActiveAudioSessionManager_export-api: controllerSize:0
03-02 10:11:29.718  2363  3215 I ActiveAudioSessionManager_export-api: stopPositionCallbackTask
03-02 10:11:29.718  2363  3215 I ActiveAudioSessionManager_export-api: dispatchSessionsExistsChangeCallbackLocked :false
03-02 10:11:29.718  2363 19600 I ActiveAudioSessionManager_export-api: controllerSize:0
03-02 10:11:29.718  2363 19600 I ActiveAudioSessionManager_export-api: stopPositionCallbackTask
03-02 10:11:29.718  2363 19600 I ActiveAudioSessionManager_export-api: dispatchSessionsExistsChangeCallbackLocked :false
03-02 10:11:29.718  2363 19600 I MiPlayServiceAdapter: markSessionKilled
03-02 10:11:29.718  2363 19600 I ActiveAudioSessionManager_export-api: controllerSize:0
03-02 10:11:29.718  2363 19600 I ActiveAudioSessionManager_export-api: stopPositionCallbackTask
03-02 10:11:29.718  2363 19600 I ActiveAudioSessionManager_export-api: dispatchSessionsExistsChangeCallbackLocked :false
03-02 10:11:29.718  2363 19600 I MiPlayServiceAdapter: markSessionKilled
03-02 10:11:29.719  2363  3215 I ActiveAudioSessionManager_export-api: controllerSize:0
03-02 10:11:29.719  2363  3215 I ActiveAudioSessionManager_export-api: stopPositionCallbackTask
03-02 10:11:29.719  2363  3215 I ActiveAudioSessionManager_export-api: dispatchSessionsExistsChangeCallbackLocked :false
03-02 10:11:29.721 18562 18562 I MediaPlayerList: Adding wrapped media player: com.softnation.Ojam at key: 1
03-02 10:11:29.721   849   849 I hwcomposer: [HWCDisplay] (0 updateFps():3667), (type:1, mode:2) fps:0.811769,dur:2463.76,max:2211.78,min:251.98  
03-02 10:11:29.722 18562 18562 I MediaPlayerList: onMediaKeyEventSessionChanged: token=com.softnation.Ojam
03-02 10:11:29.725   921   921 I MI-SF   : surfaceflinger setAffinity mode=0
03-02 10:11:29.725   921   921 E MI-SF   : surfaceflinger setAffinity success
03-02 10:11:29.728 18562 18562 D MediaPlayerList: setActivePlayer(): setting player to com.softnation.Ojam
03-02 10:11:29.730  1621  1635 I MediaSessionService: tempAllowlistTargetPkgIfPossible callingPackage:com.android.bluetooth targetPackage:com.softnation.Ojam reason:MediaSessionRecord:android.support.v4.media.session.command.GET_EXTRA_BINDER [WIU] [FGS]
03-02 10:11:29.737  1621  1746 E JobScheduler.Background: Couldn't determine stopped state for unknown package: com.google.android.apps.turbo
03-02 10:11:29.738  1621  1746 E JobScheduler.Background: Couldn't determine stopped state for unknown package: com.google.android.apps.turbo
03-02 10:11:29.738  1621  1746 E JobScheduler.Background: Couldn't determine stopped state for unknown package: com.google.android.apps.turbo
03-02 10:11:29.739  1621  1746 E JobScheduler.Background: Couldn't determine stopped state for unknown package: com.google.android.apps.turbo
03-02 10:11:29.739 18562 18562 D MediaPlayerList: sendMediaUpdate
03-02 10:11:29.739  1621  1746 E JobScheduler.Background: Couldn't determine stopped state for unknown package: com.google.android.apps.turbo
03-02 10:11:29.739 18562 18562 I MediaPlayerList: sendMediaUpdate: Creating a one item queue for a player with no queue
03-02 10:11:29.739 18562 18562 D MediaPlayerList: sendMediaUpdate state=null
03-02 10:11:29.739 18562 18562 D AvrcpTargetService: onMediaUpdated: track_changed=true state=false queue=true
03-02 10:11:29.739 18562 18562 D AvrcpNativeInterface: sendMediaUpdate: metadata=true playStatus=false queue=true
03-02 10:11:29.739 18562 18562 I bluetooth: avrcp_service.cc:648 SendMediaUpdate: track_changed=true :  play_state=false :  queue=true
03-02 10:11:29.739 18562 18562 V MediaPlayerList: onActiveSessionsChanged: number of controllers: 0
03-02 10:11:29.740 18562 18562 I PlayerSettingsManager: getPlayerRepeatMode: no active player
03-02 10:11:29.740 18562 18562 I PlayerSettingsManager: getPlayerShuffleMode: no active player
03-02 10:11:29.741 18562 18562 I PlayerSettingsManager: updateRemoteDevice: STATE_REPEAT_OFF, STATE_SHUFFLE_OFF
03-02 10:11:29.741 18562 18562 I bluetooth: avrcp_service.cc:685 SendPlayerSettingsChanged: 
03-02 10:11:29.741 18562 18562 I bluetooth: avrcp_service.cc:699 SendPlayerSettingsChanged: attribute=PlayerAttribute::REPEAT : value=PlayerRepeatValue::OFF
03-02 10:11:29.741 18562 18562 I bluetooth: attribute=PlayerAttribute::SHUFFLE : value=PlayerShuffleValue::OFF
03-02 10:11:29.741 18562 18562 V MediaPlayerList: onActiveSessionsChanged: number of controllers: 0
03-02 10:11:29.741 18562 18562 I PlayerSettingsManager: getPlayerRepeatMode: no active player
03-02 10:11:29.741 18562 18562 I PlayerSettingsManager: getPlayerShuffleMode: no active player
03-02 10:11:29.741 18562 18562 I PlayerSettingsManager: updateRemoteDevice: STATE_REPEAT_OFF, STATE_SHUFFLE_OFF
03-02 10:11:29.741 18562 18562 I bluetooth: avrcp_service.cc:685 SendPlayerSettingsChanged: 
03-02 10:11:29.741 18562 18562 I bluetooth: avrcp_service.cc:699 SendPlayerSettingsChanged: attribute=PlayerAttribute::REPEAT : value=PlayerRepeatValue::OFF
03-02 10:11:29.741 18562 18562 I bluetooth: attribute=PlayerAttribute::SHUFFLE : value=PlayerShuffleValue::OFF
03-02 10:11:29.745 18562 18562 D AudioMediaPlayerWrapper: com.softnation.Ojam: isPlaybackStateReady(): PlaybackState is null
03-02 10:11:29.745 18562 18562 V AudioMediaPlayerWrapper: onQueueChanged(): com.softnation.Ojam tried to update with no queue
03-02 10:11:29.749  2350  2350 W Settings: Setting airplane_mode_on has moved from android.provider.Settings.System to android.provider.Settings.Global, returning read-only value.
03-02 10:11:29.752  2350  2350 W Settings: Setting airplane_mode_on has moved from android.provider.Settings.System to android.provider.Settings.Global, returning read-only value.
03-02 10:11:29.758  2350 29580 D NetworkSpeedTracker: updateSignalInfo lteRsrp=-79lteSnr=13,phoneId=1
03-02 10:11:29.762  2350 29580 D NetworkSpeedTracker: updateSignalInfo lteRsrp=-79lteSnr=13,phoneId=1
03-02 10:11:29.778  1621  1635 D MediaSessionService: onSessionPlaybackStateChanged: record=com.softnation.Ojam/androidx.media3.session.id./75 (userId=0) playbackState=PlaybackState {state=NONE(0), position=0, buffered position=0, speed=0.0, updated=1025649194, actions=7339653, custom actions=[], active item id=0, error=null}
03-02 10:11:29.780  1621  1636 D MediaSessionService: onSessionActiveStateChanged: record=com.softnation.Ojam/androidx.media3.session.id./75 (userId=0) playbackState=PlaybackState {state=NONE(0), position=0, buffered position=0, speed=0.0, updated=1025649194, actions=7339653, custom actions=[], active item id=0, error=null}
03-02 10:11:29.780 18562 18562 D AudioMediaPlayerWrapper: onPlaybackStateChanged(): com.softnation.Ojam : PlaybackState {state=NONE(0), position=0, buffered position=0, speed=0.0, updated=1025649194, actions=7339653, custom actions=[], active item id=0, error=null}
03-02 10:11:29.781 18562 18562 V AudioMediaPlayerWrapper: Waiting to send update as controller has no playback state
03-02 10:11:29.783  2363  3215 I ActiveAudioSessionManager_export-api: controllerSize:1
03-02 10:11:29.784 18562 18562 V MediaPlayerList: onActiveSessionsChanged: number of controllers: 1
03-02 10:11:29.784  2363 19600 I ActiveAudioSessionManager_export-api: controllerSize:1
03-02 10:11:29.784  2363 19600 I ActiveAudioSessionManager_export-api: packageName:com.softnation.Ojam
03-02 10:11:29.784  2363  3215 I ActiveAudioSessionManager_export-api: packageName:com.softnation.Ojam
03-02 10:11:29.785 18562 18562 D MediaPlayerList: onActiveSessionsChanged: controller: com.softnation.Ojam
03-02 10:11:29.786 18562 18562 D MediaPlayerList: Already have a controller for the player: com.softnation.Ojam, updating instead
03-02 10:11:29.786  1621  2740 D MediaSessionService: onSessionPlaybackStateChanged: record=com.softnation.Ojam/androidx.media3.session.id./75 (userId=0) playbackState=PlaybackState {state=NONE(0), position=0, buffered position=0, speed=0.0, updated=1025649205, actions=7339653, custom actions=[], active item id=0, error=null}
03-02 10:11:29.786  2363 19600 I ActiveAudioSessionManager_export-api: stopPositionCallbackTask
03-02 10:11:29.787  2363 19600 I ActiveAudioSessionManager_export-api: dispatchSessionsExistsChangeCallbackLocked :true
03-02 10:11:29.787  2363 19600 I MiPlayServiceAdapter: markSessionChange
03-02 10:11:29.787  2363 19600 I MiPlayServiceAdapter: intent to startService : 0
03-02 10:11:29.787  2363  3215 I ActiveAudioSessionManager_export-api: stopPositionCallbackTask
03-02 10:11:29.788  2363  3215 I ActiveAudioSessionManager_export-api: dispatchSessionsExistsChangeCallbackLocked :true
03-02 10:11:29.788  2363  3215 I ActiveSessionRecord_export-api: onPlaybackStateChanged: PlaybackState {state=NONE(0), position=0, buffered position=0, speed=0.0, updated=1025649205, actions=7339653, custom actions=[], active item id=0, error=null}
03-02 10:11:29.788  2363 19600 I ActiveSessionRecord_export-api: onPlaybackStateChanged: PlaybackState {state=NONE(0), position=0, buffered position=0, speed=0.0, updated=1025649205, actions=7339653, custom actions=[], active item id=0, error=null}
03-02 10:11:29.789  1621  1731 D AS.BtHelper: isBluetoothScoOn() mBluetoothHeadset is null: falsemBluetoothHeadsetDevice is null: true
03-02 10:11:29.789  1621  1731 V AS.AudioDeviceBroker: requestedCommunicationDevice: null mAudioModeOwner: AudioModeInfo: mMode=MODE_NORMAL, mPid=0, mUid=0
03-02 10:11:29.789  1621  4764 D AS.BtHelper: isBluetoothScoOn() mBluetoothHeadset is null: falsemBluetoothHeadsetDevice is null: true
03-02 10:11:29.789  1621  4764 V AS.AudioDeviceBroker: requestedCommunicationDevice: null mAudioModeOwner: AudioModeInfo: mMode=MODE_NORMAL, mPid=0, mUid=0
03-02 10:11:29.790 18562 18562 D AudioMediaPlayerWrapper: com.softnation.Ojam: Controller for com.softnation.Ojam was updated.
03-02 10:11:29.792 18562 18562 D MediaPlayerList: sendMediaUpdate
03-02 10:11:29.792 18562 18562 I MediaPlayerList: sendMediaUpdate: Creating a one item queue for a player with no queue
03-02 10:11:29.792 18562 18562 D MediaPlayerList: sendMediaUpdate state=PlaybackState {state=NONE(0), position=0, buffered position=0, speed=0.0, updated=1025649205, actions=7339653, custom actions=[], active item id=0, error=null}
03-02 10:11:29.792 18562 18562 D AvrcpTargetService: onMediaUpdated: track_changed=false state=true queue=false
03-02 10:11:29.792 18562 18562 D AvrcpNativeInterface: sendMediaUpdate: metadata=false playStatus=true queue=false
03-02 10:11:29.792 18562 18562 I bluetooth: avrcp_service.cc:648 SendMediaUpdate: track_changed=false :  play_state=true :  queue=false
03-02 10:11:29.801 17120 17120 D RNTP-com.doublesymmetry.trackplayer.service.MusicService:onBind: intentAction = null
03-02 10:11:29.810 17120 17120 D RNTP-com.doublesymmetry.trackplayer.service.MusicService:onBind: intentAction = androidx.media3.session.MediaSessionService
03-02 10:11:29.814 17120 17120 D UserSceneDetector: invoke error.
03-02 10:11:29.859 17120 17120 D ScrollerOptimizationManager: registerConfigChangedListener
03-02 10:11:29.914 17120 17120 W Looper  : PerfMonitor doFrame : time=101ms vsyncFrame=19637714 latency=434ms procState=-1 historyMsgCount=26 (msgIndex=12 wall=412ms seq=899 late=298ms h=android.app.ActivityThread$H w=114)
03-02 10:11:29.915  1159  1606 D ULogGuard: Monitoring: 18 threads, 0 requests, 0 time-bombs; 1 guards. ResetFlags = 0x7
03-02 10:11:29.942 17120 17120 D RNTP-com.doublesymmetry.trackplayer.service.MusicService:setupPlayer: Setting up player
03-02 10:11:29.959   849  1430 I hwcomposer: [HWC] (0)fire a callback of refresh to SF[4]  
03-02 10:11:29.967 17120 17120 I ExoPlayerImpl: Init 55059bc [AndroidXMedia3/1.8.0] [tides, 2404ARN45A, Xiaomi, 35]
03-02 10:11:29.971   921   921 I BufferQueueProducer: [FramebufferSurface](this:0xb400007d8e9dff50,id:-1,api:1,p:921,c:921) queueBuffer: fps=0.41 dur=2462.43 max=2462.43 min=2462.43
03-02 10:11:29.974   921   921 I MI-SF   : surfaceflinger setAffinity mode=1
03-02 10:11:29.975   921   921 E MI-SF   : surfaceflinger setAffinity success
03-02 10:11:29.975   921   921 I MI-SF   : surfaceflinger setreAffinity reTid=1207
03-02 10:11:29.975   921   921 E MI-SF   : surfaceflinger setAffinity success
03-02 10:11:29.986 17120 17120 I ExoPlayerImpl: Release 5e587d0 [AndroidXMedia3/1.8.0] [tides, 2404ARN45A, Xiaomi, 35] [media3.common, media3.session, media3.exoplayer, media3.decoder, media3.database]
03-02 10:11:29.992  1621  1731 D MediaSessionService: onSessionPlaybackStateChanged: record=com.softnation.Ojam/androidx.media3.session.id./75 (userId=0) playbackState=PlaybackState {state=NONE(0), position=0, buffered position=0, speed=0.0, updated=1025649411, actions=7339653, custom actions=[], active item id=0, error=null}
03-02 10:11:29.995  1621  1635 D MediaSessionService: onSessionPlaybackStateChanged: record=com.softnation.Ojam/androidx.media3.session.id./75 (userId=0) playbackState=PlaybackState {state=NONE(0), position=0, buffered position=0, speed=0.0, updated=1025649414, actions=7339653, custom actions=[], active item id=0, error=null}
03-02 10:11:29.995  2363 19600 I ActiveSessionRecord_export-api: onPlaybackStateChanged: PlaybackState {state=NONE(0), position=0, buffered position=0, speed=0.0, updated=1025649411, actions=7339653, custom actions=[], active item id=0, error=null}
03-02 10:11:29.996  2363  3215 I ActiveSessionRecord_export-api: onPlaybackStateChanged: PlaybackState {state=NONE(0), position=0, buffered position=0, speed=0.0, updated=1025649411, actions=7339653, custom actions=[], active item id=0, error=null}
03-02 10:11:29.997  2363 19600 I ActiveSessionRecord_export-api: onPlaybackStateChanged: PlaybackState {state=NONE(0), position=0, buffered position=0, speed=0.0, updated=1025649414, actions=7339653, custom actions=[], active item id=0, error=null}
03-02 10:11:29.997  2363  3215 I ActiveSessionRecord_export-api: onPlaybackStateChanged: PlaybackState {state=NONE(0), position=0, buffered position=0, speed=0.0, updated=1025649414, actions=7339653, custom actions=[], active item id=0, error=null}
03-02 10:11:29.997 18562 18562 D AudioMediaPlayerWrapper: onPlaybackStateChanged(): com.softnation.Ojam : PlaybackState {state=NONE(0), position=0, buffered position=0, speed=0.0, updated=1025649411, actions=7339653, custom actions=[], active item id=0, error=null}
03-02 10:11:29.998 18562 18562 W AudioMediaPlayerWrapper: onPlaybackStateChanged(): com.softnation.Ojam tried to update with no new data
03-02 10:11:29.999 18562 18562 D AudioMediaPlayerWrapper: onPlaybackStateChanged(): com.softnation.Ojam : PlaybackState {state=NONE(0), position=0, buffered position=0, speed=0.0, updated=1025649414, actions=7339653, custom actions=[], active item id=0, error=null}
03-02 10:11:30.000 18562 18562 W AudioMediaPlayerWrapper: onPlaybackStateChanged(): com.softnation.Ojam tried to update with no new data
03-02 10:11:30.008 17120 17120 D RNTP-com.doublesymmetry.trackplayer.service.MusicService:onGetSession: com.softnation.Ojam
03-02 10:11:30.014 17120 17120 I MediaController: Init 17f8743 [AndroidXMedia3/1.8.0] [tides, 2404ARN45A, Xiaomi, 35]
03-02 10:11:30.016 17120 17120 D RNTP-com.doublesymmetry.trackplayer.service.MusicService$InnerMediaSessionCallback:onConnect: com.softnation.Ojam
03-02 10:11:30.019  1621  1635 D MediaSessionService: onSessionPlaybackStateChanged: record=com.softnation.Ojam/androidx.media3.session.id./75 (userId=0) playbackState=PlaybackState {state=NONE(0), position=0, buffered position=0, speed=0.0, updated=1025649438, actions=7339653, custom actions=[], active item id=0, error=null}
03-02 10:11:30.020  2363 19600 I ActiveSessionRecord_export-api: onPlaybackStateChanged: PlaybackState {state=NONE(0), position=0, buffered position=0, speed=0.0, updated=1025649438, actions=7339653, custom actions=[], active item id=0, error=null}
03-02 10:11:30.020  2363  3215 I ActiveSessionRecord_export-api: onPlaybackStateChanged: PlaybackState {state=NONE(0), position=0, buffered position=0, speed=0.0, updated=1025649438, actions=7339653, custom actions=[], active item id=0, error=null}
03-02 10:11:30.021 18562 18562 D AudioMediaPlayerWrapper: onPlaybackStateChanged(): com.softnation.Ojam : PlaybackState {state=NONE(0), position=0, buffered position=0, speed=0.0, updated=1025649438, actions=7339653, custom actions=[], active item id=0, error=null}
03-02 10:11:30.022 18562 18562 W AudioMediaPlayerWrapper: onPlaybackStateChanged(): com.softnation.Ojam tried to update with no new data
03-02 10:11:30.036 17120 17120 D RNTP-com.doublesymmetry.trackplayer.service.MusicService$InnerMediaSessionCallback:onConnect: com.softnation.Ojam
03-02 10:11:30.045  1621  1666 I SmartPower: com.whatsapp/10300(31638): idle->background(2148ms) R(broadcast start Intent { act=android.intent.action.BATTERY_CHANGED flg=0x60000010 (has extras) }) adj=900.
03-02 10:11:30.050  1621  1666 I SmartPower: com.instagram.android/10301(18523): idle->background(2153ms) R(broadcast start Intent { act=android.intent.action.BATTERY_CHANGED flg=0x60000010 (has extras) }) adj=915.
03-02 10:11:30.055  1621  1666 I SmartPower: com.facebook.katana/10287(21983): idle->background(2156ms) R(broadcast start Intent { act=android.intent.action.BATTERY_CHANGED flg=0x60000010 (has extras) }) adj=905.
03-02 10:11:30.057  1621  1666 I SmartPower: com.android.chrome/10174(23296): idle->background(2158ms) R(broadcast start Intent { act=android.intent.action.BATTERY_CHANGED flg=0x60000010 (has extras) }) adj=905.
03-02 10:11:30.120 17120 23531 W unknown:ReactNative: StatusBarModule: Ignored status bar change, current activity is edge-to-edge.
03-02 10:11:30.120 17120 23531 W unknown:ReactNative: StatusBarModule: Ignored status bar change, current activity is edge-to-edge.
03-02 10:11:30.191  1055  1186 D connsyslogger: SD_LOG_ROOT is /data/debuglogger/connsyslog/fw.
03-02 10:11:30.191  1055  1186 D connsyslogger: systemReady:1
03-02 10:11:30.251 17120 23530 D nativeloader: Load /data/app/~~Bh61wenJZi6JNVEuOkVQfQ==/com.softnation.Ojam-nnCVAdHxKfOmup5FCuBDYQ==/base.apk!/lib/arm64-v8a/libgesturehandler.so using class loader ns clns-7 (caller=/data/app/~~Bh61wenJZi6JNVEuOkVQfQ==/com.softnation.Ojam-nnCVAdHxKfOmup5FCuBDYQ==/base.apk!classes20.dex): ok
03-02 10:11:30.251 17120 23530 D jni_lib_merge: Entering merged library JNI_OnLoad.
03-02 10:11:30.251 17120 23530 D jni_lib_merge: Preparing 12 pre-merged libs (including stub)
03-02 10:11:30.251 17120 23530 D jni_lib_merge: Preparing to register libfabricjni_so.  onload_func: 0x7892c80ce0
03-02 10:11:30.252 17120 23530 D jni_lib_merge: Preparing to register libreact_devsupportjni_so.  onload_func: 0x7892e7afc8
03-02 10:11:30.252 17120 23530 D jni_lib_merge: Preparing to register libreact_featureflagsjni_so.  onload_func: 0x7892e89518
03-02 10:11:30.252 17120 23530 D jni_lib_merge: Preparing to register libreact_newarchdefaults_so.  onload_func: 0x7892ef16a8
03-02 10:11:30.252 17120 23530 D jni_lib_merge: Preparing to register libreactnativeblob_so.  onload_func: 0x78930e1cb4
03-02 10:11:30.252 17120 23530 D jni_lib_merge: Preparing to register libreactnativejni_so.  onload_func: 0x789312f6bc
03-02 10:11:30.252 17120 23530 D jni_lib_merge: Preparing to register libreactnativejni_common_so.  onload_func: 0x7893140044
03-02 10:11:30.252 17120 23530 D jni_lib_merge: Preparing to register librninstance_so.  onload_func: 0x7893187764
03-02 10:11:30.252 17120 23530 D jni_lib_merge: Preparing to register libturbomodulejsijni_so.  onload_func: 0x789329ff68
03-02 10:11:30.252 17120 23530 D jni_lib_merge: Preparing to register libuimanagerjni_so.  onload_func: 0x78932b8fb8
03-02 10:11:30.252 17120 23530 D jni_lib_merge: Preparing to register libyoga_so.  onload_func: 0x78932c8a3c
03-02 10:11:30.252 17120 23530 D jni_lib_merge: About to register 11 actual methods.
03-02 10:11:30.300 23296 23359 W chromium: [WARNING:net/cert/ev_root_ca_metadata.cc:118] Not implemented
03-02 10:11:30.356 17120 17120 D VRI[MainActivity]: Setup new sync=wmsSync-VRI[MainActivity]#0
03-02 10:11:30.359 17120 17120 D UserSceneDetector: invoke error.
03-02 10:11:30.478 17120 17120 W libc    : Access denied finding property "ro.vendor.display.iris_x7.support"
03-02 10:11:30.482 17120 23483 D HWUI    : makeCurrent grContext:0xb4000079f1a12350 reset mTextureAvailable
03-02 10:11:30.500  1621  1918 E HyperSentinel: -------------------------------------------------------
03-02 10:11:30.500  1621  1918 E HyperSentinel: Event_ResidentSize
03-02 10:11:30.500  1621  1918 E HyperSentinel: -> audit event by proc 17120 "usap64": RSS increasement, peak 382552kb -> 573836kb
03-02 10:11:30.500  1621  1917 D MiuiSentinelService: begin judgmentRssLeakException
03-02 10:11:30.501  1621  1917 E MiuiSentinelMemoryManager: getRSSinfo: usap64#17120
03-02 10:11:30.501  1621  1917 D MiuiSentinelMemoryManager: cmdline: usap64, pid: 17120, RSSsize:573836
03-02 10:11:30.503  1621  1917 W MiuiSentinelMemoryManager: The current process type does not meet reporting requirements
03-02 10:11:30.509   861   947 I libPerfCtl: xgfGetFPS pid:921 fps:-1
03-02 10:11:30.509   861   947 I libPerfCtl: xgfGetFPS pid:2363 fps:-1
03-02 10:11:30.542 17120 23483 D softnation.Ojam: MiuiProcessManagerServiceStub setSchedFifo
03-02 10:11:30.542 17120 23483 I MiuiProcessManagerImpl: setSchedFifo pid:17120, mode:3
03-02 10:11:30.543  1621  1635 D ProcessManager: beginSchedThreads is not Enabled
03-02 10:11:30.544 17120 23483 D MAGT_SYNC_FRAME: MAGT Sync: MAGT is not supported. Disabling Sync.
03-02 10:11:30.544 17120 23483 D softnation.Ojam: Can't load libmbrainSDK
03-02 10:11:30.547 17120 23483 I GrallocExtra: gralloc_extra_query:is_SW3D 0
03-02 10:11:30.549 17120 23483 W libc    : Access denied finding property "ro.vendor.display.iris_x7.support"
03-02 10:11:30.605 17120 23483 E LB      : fail to open file: No such file or directory
03-02 10:11:30.605 17120 23483 E LB      : fail to open node: No such file or directory
03-02 10:11:30.605 17120 23483 E LB      : fail to open node: No such file or directory
03-02 10:11:30.605 17120 23483 I GrallocExtra: gralloc_extra_query:is_SW3D 0
03-02 10:11:30.606 17120 23483 W libc    : Access denied finding property "ro.vendor.display.iris_x7.support"
03-02 10:11:30.606 17120 23483 D BLASTBufferQueue: [VRI[MainActivity]#0](f:0,a:1) acquireNextBufferLocked size=1080x2460 mFrameNumber=1 applyTransaction=true mTimestamp=607884154430693(auto) mPendingTransactions.size=0 graphicBufferId=73529840107525 transform=0
03-02 10:11:30.607 17120 23483 D softnation.Ojam: Can't load libmbrainSDK
03-02 10:11:30.609 17120 17120 D VRI[MainActivity]: vri.reportDrawFinished
03-02 10:11:30.611  1621  1635 D WindowManager: wms.finishDrawingLocked: mDrawState=COMMIT_DRAW_PENDING Window{afeb196 u0 com.softnation.Ojam/com.softnation.Ojam.MainActivity} in Surface(name=com.softnation.Ojam/com.softnation.Ojam.MainActivity#133054)/@0xba2fea5
03-02 10:11:30.611 17120 17120 W Looper  : PerfMonitor doFrame : time=501ms vsyncFrame=19637724 latency=2ms procState=-1
03-02 10:11:30.613  1621  1651 D MiuiRefreshRatePolicy: reset
03-02 10:11:30.614  1621  1651 I WindowManager: onFirstWindowDrawn, try to remove startingWindow. this = ActivityRecord{a48bf7c u0 com.softnation.Ojam/.MainActivity t37022} associatedTask = null isMainWindow = true mStartingWindow = Window{12dd003 u0 Splash Screen com.softnation.Ojam} mStartingData = SplashScreenStartingData{7d71781 waitForSyncTransactionCommit=false removeAfterTransaction= 0}
03-02 10:11:30.617  1621  1651 I PowerManagerServiceImpl: Acquire wakelock: SCREEN_BRIGHT_WAKE_LOCK           'WindowManager/displayId:0' ON_AFTER_RELEASE (uid=1000 pid=1621 pkg=android ws=WorkSource{10337 com.softnation.Ojam})
03-02 10:11:30.617   921   921 I MI-SF   : surfaceflinger setAffinity mode=0
03-02 10:11:30.618   921   921 E MI-SF   : surfaceflinger setAffinity success
03-02 10:11:30.623  1621  1638 I ActivityTaskManager: Displayed com.softnation.Ojam/.MainActivity for user 0: +17s309ms
03-02 10:11:30.624  1621  1651 D MiuiRefreshRatePolicy: reset
03-02 10:11:30.625  1621  1635 D MediaSessionService: onSessionPlaybackStateChanged: record=com.softnation.Ojam/androidx.media3.session.id./75 (userId=0) playbackState=PlaybackState {state=NONE(0), position=0, buffered position=0, speed=0.0, updated=1025650044, actions=7339653, custom actions=[], active item id=0, error=null}
03-02 10:11:30.626  2363 19600 I ActiveSessionRecord_export-api: onPlaybackStateChanged: PlaybackState {state=NONE(0), position=0, buffered position=0, speed=0.0, updated=1025650044, actions=7339653, custom actions=[], active item id=0, error=null}
03-02 10:11:30.627  2363  3215 I ActiveSessionRecord_export-api: onPlaybackStateChanged: PlaybackState {state=NONE(0), position=0, buffered position=0, speed=0.0, updated=1025650044, actions=7339653, custom actions=[], active item id=0, error=null}
03-02 10:11:30.627 18562 18562 D AudioMediaPlayerWrapper: onPlaybackStateChanged(): com.softnation.Ojam : PlaybackState {state=NONE(0), position=0, buffered position=0, speed=0.0, updated=1025650044, actions=7339653, custom actions=[], active item id=0, error=null}
03-02 10:11:30.628 18562 18562 W AudioMediaPlayerWrapper: onPlaybackStateChanged(): com.softnation.Ojam tried to update with no new data
03-02 10:11:30.628  1621  1651 I WindowManager: wms.showSurfaceRobustly mWin:Window{afeb196 u0 com.softnation.Ojam/com.softnation.Ojam.MainActivity}
03-02 10:11:30.629  1621  1651 I ActivityTaskManager: visible for Task{35b385a #37022 type=standard A=10337:com.softnation.Ojam} visible = true isAnimating = false TRANSITION = false PARENTS = false CHILDREN = false
03-02 10:11:30.633  1621  4764 D MediaSessionService: onSessionPlaybackStateChanged: record=com.softnation.Ojam/androidx.media3.session.id./75 (userId=0) playbackState=PlaybackState {state=NONE(0), position=0, buffered position=0, speed=0.0, updated=1025650051, actions=261765, custom actions=[Action:mName='Previous, mIcon=2131231060, mExtras=Bundle[EMPTY_PARCEL], Action:mName='Next, mIcon=2131231044, mExtras=Bundle[EMPTY_PARCEL]], active item id=0, error=null}
03-02 10:11:30.634  2363 19600 I ActiveSessionRecord_export-api: onPlaybackStateChanged: PlaybackState {state=NONE(0), position=0, buffered position=0, speed=0.0, updated=1025650051, actions=261765, custom actions=[Action:mName='Previous, mIcon=2131231060, mExtras=Bundle[EMPTY_PARCEL], Action:mName='Next, mIcon=2131231044, mExtras=Bundle[EMPTY_PARCEL]], active item id=0, error=null}
03-02 10:11:30.634  2363  3215 I ActiveSessionRecord_export-api: onPlaybackStateChanged: PlaybackState {state=NONE(0), position=0, buffered position=0, speed=0.0, updated=1025650051, actions=261765, custom actions=[Action:mName='Previous, mIcon=2131231060, mExtras=Bundle[EMPTY_PARCEL], Action:mName='Next, mIcon=2131231044, mExtras=Bundle[EMPTY_PARCEL]], active item id=0, error=null}
03-02 10:11:30.636 18562 18562 D AudioMediaPlayerWrapper: onPlaybackStateChanged(): com.softnation.Ojam : PlaybackState {state=NONE(0), position=0, buffered position=0, speed=0.0, updated=1025650051, actions=261765, custom actions=[Action:mName='Previous, mIcon=2131231060, mExtras=Bundle[EMPTY_PARCEL], Action:mName='Next, mIcon=2131231044, mExtras=Bundle[EMPTY_PARCEL]], active item id=0, error=null}
03-02 10:11:30.636 18562 18562 W AudioMediaPlayerWrapper: onPlaybackStateChanged(): com.softnation.Ojam tried to update with no new data
03-02 10:11:30.641 17120 17120 D UserSceneDetector: invoke error.
03-02 10:11:30.648   849  1423 W hwcomposer: [DRMDEV] paramIsSame(), id 34635, w 1080/1080, h 2460/2460, pitch 1088/1088, format 0x2/0x1, secure 0/0  
03-02 10:11:30.649   921  1170 I BufferQueueDebug: [Surface(name=12dd003 Splash Screen com.softnation.Ojam#133046)/@0x6ae35b9 - animation-leash of starting_reveal#133057](this:0xb400007bceca2fd8,id:-1,api:0,p:-1,c:-1) BufferQueue core=(921:/system/bin/surfaceflinger)
03-02 10:11:30.696  2350  2350 D TelephonyManager: requestModemActivityInfo: Sending result to app: ModemActivityInfo{ mTimestamp=1025650115 mSleepTimeMs=619539161 mIdleTimeMs=398116537 mActivityStatsTechSpecificInfo=[{mRat=UNKNOWN,mFrequencyRange=UNKNOWN,mTxTimeMs[]=[42509, 90739, 159201, 400160, 488405],mRxTimeMs=9902365}]}
03-02 10:11:30.703  1055  1191 D connsyslogger: data recycle:time out
03-02 10:11:30.703  1055  1191 D connsyslogger: idx=0 Bootup Log: 2 log files! filecount=3 
03-02 10:11:30.710 17120 17120 I HandWritingStubImpl: refreshLastKeyboardType: 1
03-02 10:11:30.711 17120 17120 I HandWritingStubImpl: getCurrentKeyboardType: 1
03-02 10:11:30.713  1621  1806 I ImeTracker: com.softnation.Ojam:8e52c922: onRequestHide at ORIGIN_SERVER reason HIDE_UNSPECIFIED_WINDOW fromUser false
03-02 10:11:30.714  6515  9721 D MirrorManager:  sendAcceptInput 0 0
03-02 10:11:30.714  1621  1806 I ImeTracker: com.softnation.Ojam:8e52c922: onCancelled at PHASE_SERVER_SHOULD_HIDE
03-02 10:11:30.716  2526  2526 D InputEventReceiver: Input log is disabled in InputEventReceiver.
03-02 10:11:30.720  2526  2526 I GoogleInputMethodService: GoogleInputMethodService.onFinishInput():2113 
03-02 10:11:30.722  2526  2526 I Module  : DeviceLockedStatusModuleProvider$Module.updateDeviceLockedStatus():103 repeatCheckTimes = 0, locked = false
03-02 10:11:30.722   921  1170 I BufferQueueDebug: [Surface(name=751ea6d InputMethod#71915)/@0xaafc069 - animation-leash of insets_animation#133058](this:0xb400007bceccadb8,id:-1,api:0,p:-1,c:-1) BufferQueue core=(921:/system/bin/surfaceflinger)
03-02 10:11:30.723  2526  2526 I GoogleInputMethodService: GoogleInputMethodService.onStartInput():1384 onStartInput(EditorInfo{EditorInfo{packageName=com.softnation.Ojam, inputType=0, inputTypeString=NULL, enableLearning=false, autoCorrection=false, autoComplete=false, imeOptions=0, privateImeOptions=null, actionName=UNSPECIFIED, actionLabel=null, initialSelStart=-1, initialSelEnd=-1, initialCapsMode=0, label=null, fieldId=0, fieldName=null, extras=Bundle[mParcelledData.dataSize=72], hintText=null, hintLocales=[]}}, false)
03-02 10:11:30.724  1621  1651 D MiuiRefreshRatePolicy: reset
03-02 10:11:30.725  2526  2526 I Module  : DeviceLockedStatusModuleProvider$Module.updateDeviceLockedStatus():103 repeatCheckTimes = 1, locked = false
03-02 10:11:30.726  1621  1635 W PackageConfigPersister: App-specific configuration not found for packageName: com.softnation.Ojam and userId: 0
03-02 10:11:30.729 17120 17120 I HandWritingStubImpl: getCurrentKeyboardType: 1
03-02 10:11:30.734  1621  1651 I ActivityTaskManager: visible for Task{35b385a #37022 type=standard A=10337:com.softnation.Ojam} visible = true isAnimating = true TRANSITION = false PARENTS = false CHILDREN = true
03-02 10:11:30.738   849   849 I hwcomposer: [HWCDisplay] (0 updateFps():3667), (type:1, mode:2) fps:6.887749,dur:1016.30,max:643.53,min:19.19  
03-02 10:11:30.740  1621  1635 D PreStartingManager: Not init when use PreStartingManager!
03-02 10:11:30.741  1621  1651 D MiuiRefreshRatePolicy: reset
03-02 10:11:30.745  1621  1635 I PowerHalWrapper: amsBoostStop AMS_BOOST_PACK_SWITCH:false, AMS_BOOST_ACT_SWITCH:false, AMS_BOOST_PROCESS_CREATE:true, AMS_BOOST_PROCESS_CREATE_FOR_GAME:false, AMS_BOOST_HOT_LAUNCH:false 
03-02 10:11:30.745  2363  2577 D View    : [Warning] assignParent to null: this = android.widget.FrameLayout{61fb303 G.E...... ......ID 0,0-1080,2460}
03-02 10:11:30.748   863   958 I libPowerHal: [perfLockRel] hdl:362392, idx:-1
03-02 10:11:30.752  1621  1731 D MiuiRefreshRatePolicy: reset
03-02 10:11:30.755  1621  1651 I ActivityTaskManager: visible for Task{35b385a #37022 type=standard A=10337:com.softnation.Ojam} visible = true isAnimating = false TRANSITION = false PARENTS = false CHILDREN = false
03-02 10:11:30.756  2363  2577 D BLASTBufferQueue: [VRI[Ojam]#5804](f:0,a:1) destructor()
03-02 10:11:30.756   921  1587 I BpBinder: onLastStrongRef automatically unlinking death recipients: 
03-02 10:11:30.757  2363  2577 D BufferQueueConsumer: [VRI[Ojam]#5804(BLAST Consumer)5804](id:93b00001ac1,api:0,p:-1,c:2363) disconnect
03-02 10:11:30.757  2363  2363 D Utilities:  oldHints : 0 backDisposition : 0 imeShown : false hints 0
03-02 10:11:30.758  2363  2577 W WindowOnBackDispatcher: sendCancelIfRunning: isInProgress=false callback=android.view.ViewRootImpl$$ExternalSyntheticLambda12@b5aecfe
03-02 10:11:30.759  1621  1651 D MiuiRefreshRatePolicy: reset
03-02 10:11:30.762  1621  1635 D WindowManager: Starting window removed Window{12dd003 u0 Splash Screen com.softnation.Ojam}
03-02 10:11:30.762  1621  1635 W InputManager-JNI: Input channel object '12dd003 Splash Screen com.softnation.Ojam (client)' was disposed without first being removed with the input manager!
03-02 10:11:30.762  1621  1635 D WindowManager: setParent old=ActivityRecord{a48bf7c u0 com.softnation.Ojam/.MainActivity t37022},new=null,this window=Window{12dd003 u0 Splash Screen com.softnation.Ojam},callers=com.android.server.wm.WindowContainer.removeChild:897 com.android.server.wm.ActivityRecord.removeChild:5518 com.android.server.wm.ActivityRecord.removeChild:505 com.android.server.wm.WindowContainer.removeImmediately:967 com.android.server.wm.WindowState.removeImmediately:2526 com.android.server.wm.WindowState.removeIfPossible:2714 
03-02 10:11:30.763  1621  1635 D WindowManager: postWindowRemoveCleanupLocked: Removing startingWindow Window{12dd003 u0 Splash Screen com.softnation.Ojam} from ActivityRecord{a48bf7c u0 com.softnation.Ojam/.MainActivity t37022} activity = ActivityRecord{a48bf7c u0 com.softnation.Ojam/.MainActivity t37022}
03-02 10:11:30.764  1621  1635 D MiuiRefreshRatePolicy: reset
03-02 10:11:30.766  1621  1731 W WindowManager: Failed looking up window session=Session{c29f389 2363:1000} callers=com.android.server.wm.WindowManagerService.windowForClientLocked:7045 com.android.server.wm.Session.setOnBackInvokedCallbackInfo:1106 android.view.IWindowSession$Stub.onTransact:1282 
03-02 10:11:30.766  1621  1731 I WindowManager: setOnBackInvokedCallback(): No window state for package:com.android.systemui
03-02 10:11:30.767  1621  1651 I ActivityTaskManager: visible for Task{35b385a #37022 type=standard A=10337:com.softnation.Ojam} visible = true isAnimating = false TRANSITION = false PARENTS = false CHILDREN = false
03-02 10:11:30.768  1167  1167 I thermal_repeater: [recvMdThermalInfo] ret=25, strLen=127,  3, 38, -5, 196, 32767, 0
03-02 10:11:30.771 17120 23483 W libc    : Access denied finding property "ro.vendor.display.iris_x7.support"
03-02 10:11:30.786   921   921 I SurfaceFlinger: onHandleDestroyed: name=Splash Screen com.softnation.Ojam#133047, layerId=133047, parentId=0
03-02 10:11:30.786   921   921 I SurfaceFlinger: onHandleDestroyed: name=12dd003 Splash Screen com.softnation.Ojam#133046, layerId=133046, parentId=0
03-02 10:11:30.794  1621  1635 D AS.BtHelper: isBluetoothScoOn() mBluetoothHeadset is null: falsemBluetoothHeadsetDevice is null: true
03-02 10:11:30.794  1621  1635 V AS.AudioDeviceBroker: requestedCommunicationDevice: null mAudioModeOwner: AudioModeInfo: mMode=MODE_NORMAL, mPid=0, mUid=0
03-02 10:11:30.794  1621  1635 D AS.BtHelper: isBluetoothScoOn() mBluetoothHeadset is null: falsemBluetoothHeadsetDevice is null: true
03-02 10:11:30.795  1621  1635 V AS.AudioDeviceBroker: requestedCommunicationDevice: null mAudioModeOwner: AudioModeInfo: mMode=MODE_NORMAL, mPid=0, mUid=0
03-02 10:11:30.802   921   921 I BufferQueueDebug: [12dd003 Splash Screen com.softnation.Ojam#133046](this:0xb400007bcec561a8,id:-1,api:0,p:-1,c:921) onDestructor()
03-02 10:11:30.803   921   921 I BufferQueueDebug: [Splash Screen com.softnation.Ojam#133047](this:0xb400007bcecb13a8,id:-1,api:0,p:-1,c:921) onDestructor()
03-02 10:11:30.853 17120 23530 I ReactNativeJS: [DownloadsContext] Loaded downloads and reconciled local files
03-02 10:11:31.029  1177  1177 I thermal_src: recvmsg_expect 5, but get 2 
03-02 10:11:31.029  1177  1177 V thermal_src: TA_DAEMON_CMD_GET_TPCB:ERROR ret=-1
03-02 10:11:31.029  1177  1177 E thermal_src: get_tpcb_from_kernel:error -1. retry...
03-02 10:11:31.029  1177  1177 I thermal_src: recvmsg_expect 5, but get 2 
03-02 10:11:31.029  1177  1177 V thermal_src: TA_DAEMON_CMD_GET_TPCB:ERROR ret=-1
03-02 10:11:31.029  1177  1177 E thermal_src: get_tpcb_from_kernel:error -1. retry...
03-02 10:11:31.029  1177  1177 I thermal_src: recvmsg_expect 4, but get 5 
03-02 10:11:31.029  1177  1177 V thermal_src: TA_DAEMON_CMD_SET_TTJ:ERROR ret=-1
03-02 10:11:31.029  1177  1177 E thermal_src: set_ttj_to_kernel 1:error -1
03-02 10:11:31.030  1177  1177 I thermal_src: recvmsg_expect 2, but get 5 
03-02 10:11:31.030  1177  1177 V thermal_src: waiting NOTIFY from kernel miss, -1
03-02 10:11:31.030  1177  1177 I thermal_src: recvmsg_expect 2, but get 4 
03-02 10:11:31.030  1177  1177 V thermal_src: waiting NOTIFY from kernel miss, -1
03-02 10:11:31.248  2350  2350 W Settings: Setting airplane_mode_on has moved from android.provider.Settings.System to android.provider.Settings.Global, returning read-only value.
03-02 10:11:31.251  2350  2350 W Settings: Setting airplane_mode_on has moved from android.provider.Settings.System to android.provider.Settings.Global, returning read-only value.
03-02 10:11:31.253  2350 29580 D NetworkSpeedTracker: updateNwSignalInfo not allowed ,ignore
03-02 10:11:31.257  2350 29580 D NetworkSpeedTracker: updateNwSignalInfo not allowed ,ignore
03-02 10:11:31.262  1621  1635 D ConnectivityService: requestNetwork for uid/pid:10337/17120 activeRequest: null callbackRequest: 241917 [NetworkRequest [ REQUEST id=241918, [ Capabilities: INTERNET&NOT_RESTRICTED&TRUSTED&NOT_VCN_MANAGED&NOT_BANDWIDTH_CONSTRAINED Uid: 10337 RequestorUid: 10337 RequestorPkg: com.softnation.Ojam UnderlyingNetworks: Null] ]] callback flags: 0 order: 2147483647 isUidTracked: false declaredMethods: AVAIL|LOST
03-02 10:11:31.270  1621  1843 D WifiNetworkFactory: got request NetworkRequest [ REQUEST id=241918, [ Capabilities: INTERNET&NOT_RESTRICTED&TRUSTED&NOT_VCN_MANAGED&NOT_BANDWIDTH_CONSTRAINED Uid: 10337 RequestorUid: 10337 RequestorPkg: com.softnation.Ojam UnderlyingNetworks: Null] ]
03-02 10:11:31.271  1621  1843 D UntrustedWifiNetworkFactory: got request NetworkRequest [ REQUEST id=241918, [ Capabilities: INTERNET&NOT_RESTRICTED&TRUSTED&NOT_VCN_MANAGED&NOT_BANDWIDTH_CONSTRAINED Uid: 10337 RequestorUid: 10337 RequestorPkg: com.softnation.Ojam UnderlyingNetworks: Null] ]
03-02 10:11:31.272  1621  1843 D OemPaidWifiNetworkFactory: got request NetworkRequest [ REQUEST id=241918, [ Capabilities: INTERNET&NOT_RESTRICTED&TRUSTED&NOT_VCN_MANAGED&NOT_BANDWIDTH_CONSTRAINED Uid: 10337 RequestorUid: 10337 RequestorPkg: com.softnation.Ojam UnderlyingNetworks: Null] ]
03-02 10:11:31.272  1621  1843 D MultiInternetWifiNetworkFactory: got request NetworkRequest [ REQUEST id=241918, [ Capabilities: INTERNET&NOT_RESTRICTED&TRUSTED&NOT_VCN_MANAGED&NOT_BANDWIDTH_CONSTRAINED Uid: 10337 RequestorUid: 10337 RequestorPkg: com.softnation.Ojam UnderlyingNetworks: Null] ]
03-02 10:11:31.272  1621  1856 D ConnectivityService: NetReassign [241918 : null ΓåÆ 255] [c 1] [a 1] [i 7]
03-02 10:11:31.287 18523 18695 E msys    : E[N mns]_OnDiskCacheGetData(632)=>Start post callback cache refresh DNS resolution
03-02 10:11:31.296 18523 18695 E msys    : E[N mns]_LogError(228)=>Failed to resolve using system DNS resolver, getaddrinfo(): No address associated with hostname
03-02 10:11:31.296 18523 18695 E msys    : E[N mns]_OnDiskCacheGetData(632)=>Start post callback cache refresh DNS resolution
03-02 10:11:31.299 18523 18695 E msys    : E[N mns]_LogError(228)=>Failed to resolve using system DNS resolver, getaddrinfo(): No address associated with hostname
03-02 10:11:31.391   849  1430 I hwcomposer: [HWC] (0)fire a callback of refresh to SF[4]  
03-02 10:11:31.406   921   921 I BufferQueueProducer: [FramebufferSurface](this:0xb400007d8e9dff50,id:-1,api:1,p:921,c:921) queueBuffer: fps=0.70 dur=1435.46 max=1435.46 min=1435.46
03-02 10:11:31.410   921   921 I MI-SF   : surfaceflinger setAffinity mode=1
03-02 10:11:31.410   921   921 E MI-SF   : surfaceflinger setAffinity success
03-02 10:11:31.410   921   921 I MI-SF   : surfaceflinger setreAffinity reTid=1207
03-02 10:11:31.410   921   921 E MI-SF   : surfaceflinger setAffinity success
