03-02 10:59:23.382  1621  1666 I SmartPower: com.instagram.android/10301(31107): idle->background(2017ms) R(broadcast start Intent { act=android.intent.action.BATTERY_CHANGED flg=0x60000010 (has extras) }) adj=915.
03-02 10:59:23.384  1621  1666 I SmartPower: com.instagram.barcelona/10075(32592): idle->background(7206ms) R(broadcast start Intent { act=android.intent.action.BATTERY_CHANGED flg=0x60000010 (has extras) }) adj=905.
03-02 10:59:23.385  1621  1666 I SmartPower: com.whatsapp/99910300(29736): idle->background(7206ms) R(broadcast start Intent { act=android.intent.action.BATTERY_CHANGED flg=0x60000010 (has extras) }) adj=905.
03-02 10:59:23.406 13966 14006 I earchbox:search: Explicit concurrent mark compact GC freed 7015KB AllocSpace bytes, 12(560KB) LOS objects, 56% free, 18MB/42MB, paused 1.526ms,8.217ms total 398.656ms
03-02 10:59:23.411   857   857 D android.hardware.lights-service.mediatek: write 343 to /sys/class/leds/lcd-backlight/brightness, result: 0
03-02 10:59:23.411   857   857 D android.hardware.lights-service.mediatek: write 343 to /sys/class/mi_display/disp-DSI-0/brightness_clone, result: 0
03-02 10:59:23.439  2350  2350 W Settings: Setting airplane_mode_on has moved from android.provider.Settings.System to android.provider.Settings.Global, returning read-only value.
03-02 10:59:23.442  2350  2350 W Settings: Setting airplane_mode_on has moved from android.provider.Settings.System to android.provider.Settings.Global, returning read-only value.
03-02 10:59:23.447  2350 29580 D NetworkSpeedTracker: updateSignalInfo lteRsrp=-93lteSnr=10,phoneId=1
03-02 10:59:23.451  2350 29580 D NetworkSpeedTracker: updateSignalInfo lteRsrp=-93lteSnr=10,phoneId=1
03-02 10:59:23.455  1621  1998 I mtkpower_client: perf_lock_acq, hdl:365238, dur:3000, num:4, pid:1621, tid:1998
03-02 10:59:23.457  1621  1998 I mtkpower_client: ret_hdl:365585
03-02 10:59:23.457  1621  1998 I mtkpower_client: perf_lock_rel, hdl:365585, tid:1998
03-02 10:59:23.457   863   958 I libPowerHal: [perfLockAcq] idx:1 hdl:365585 hint:-1 pid:1621 tid:1998 duration:3000 lock_user:system_server => ret_hdl:365585
03-02 10:59:23.458   863   958 I libPowerHal: end_default_hold_time HindID : 57
03-02 10:59:23.458   863   958 I libPowerHal: [disableScenarioByHintId] Disable HindID : 21
03-02 10:59:23.458   863   958 I libPowerHal: [disableScenarioByHintId] Disable HindID : 57
03-02 10:59:23.458   863   958 I libPowerHal: [PE] system_server update ONESHOT(set) cmd:3410300 param:57 pr:3
03-02 10:59:23.458   863   958 I libPowerHal: [perfLockAcq] Done for hdl : 365585
03-02 10:59:23.458   863   958 I libPowerHal: [perfLockRel] hdl:365585, idx:1
03-02 10:59:23.459   863   958 I libPowerHal: end_default_hold_time HindID : 57
03-02 10:59:23.459   863   958 I libPowerHal: [disableScenarioByHintId] Disable HindID : 21
03-02 10:59:23.459   863   958 I libPowerHal: [disableScenarioByHintId] Disable HindID : 57
03-02 10:59:23.459   863   958 I libPowerHal: [PD] system_server update ONESHOT(unset) cmd:3410300 param:57 pr:3
03-02 10:59:23.460   863   958 I libPowerHal: [perfLockRel] Done for hdl : 365585
03-02 10:59:23.475   857   857 D android.hardware.lights-service.mediatek: write 344 to /sys/class/leds/lcd-backlight/brightness, result: 0
03-02 10:59:23.475   857   857 D android.hardware.lights-service.mediatek: write 344 to /sys/class/mi_display/disp-DSI-0/brightness_clone, result: 0
03-02 10:59:23.513  1201  1298 D AALService: [CRTC_114] onALIChanged: 32 -> 28
03-02 10:59:23.542   857   857 D android.hardware.lights-service.mediatek: write 345 to /sys/class/leds/lcd-backlight/brightness, result: 0
03-02 10:59:23.542   857   857 D android.hardware.lights-service.mediatek: write 345 to /sys/class/mi_display/disp-DSI-0/brightness_clone, result: 0
03-02 10:59:23.590  7645 11537 I softnation.Ojam: NativeAlloc concurrent mark compact GC freed 14MB AllocSpace bytes, 104(2784KB) LOS objects, 66% free, 14MB/44MB, paused 1.441ms,6.543ms total 165.828ms
03-02 10:59:23.608   857   857 D android.hardware.lights-service.mediatek: write 346 to /sys/class/leds/lcd-backlight/brightness, result: 0
03-02 10:59:23.609   857   857 D android.hardware.lights-service.mediatek: write 346 to /sys/class/mi_display/disp-DSI-0/brightness_clone, result: 0
03-02 10:59:23.675   857   857 D android.hardware.lights-service.mediatek: write 347 to /sys/class/leds/lcd-backlight/brightness, result: 0
03-02 10:59:23.675   857   857 D android.hardware.lights-service.mediatek: write 347 to /sys/class/mi_display/disp-DSI-0/brightness_clone, result: 0
03-02 10:59:23.742   857   857 D android.hardware.lights-service.mediatek: write 348 to /sys/class/leds/lcd-backlight/brightness, result: 0
03-02 10:59:23.742   857   857 D android.hardware.lights-service.mediatek: write 348 to /sys/class/mi_display/disp-DSI-0/brightness_clone, result: 0
03-02 10:59:23.746 32592   642 W LibevQuicAsyncUDPSocket.h: setTosOrTrafficClass not implemented in LibevQuicAsyncUDPSocket
03-02 10:59:23.752 32592   642 E MvfstCallbacks.cpp: onConnectionSetupError: error=TransportError: Internal Error, Error on socket write Operation not permitted, 
03-02 10:59:23.799 31107 31419 E msys    : E[N mns]_OnDiskCacheGetData(632)=>Start post callback cache refresh DNS resolution
03-02 10:59:23.802 13966 14006 I earchbox:search: Explicit concurrent mark compact GC freed 1684KB AllocSpace bytes, 0(0B) LOS objects, 56% free, 18MB/42MB, paused 1.368ms,8.151ms total 387.573ms
03-02 10:59:23.803 13966 14006 I app_process: Native memory cannot be purged, Android API level < 28.
03-02 10:59:23.805 31107 31419 E msys    : E[N mns]_LogError(228)=>Failed to resolve using system DNS resolver, getaddrinfo(): No address associated with hostname
03-02 10:59:23.805 31107 31419 E msys    : E[N mns]_OnDiskCacheGetData(632)=>Start post callback cache refresh DNS resolution
03-02 10:59:23.808 31107 31419 E msys    : E[N mns]_LogError(228)=>Failed to resolve using system DNS resolver, getaddrinfo(): No address associated with hostname
03-02 10:59:23.808   857   857 D android.hardware.lights-service.mediatek: write 349 to /sys/class/leds/lcd-backlight/brightness, result: 0
03-02 10:59:23.808   857   857 D android.hardware.lights-service.mediatek: write 349 to /sys/class/mi_display/disp-DSI-0/brightness_clone, result: 0
03-02 10:59:23.875   857   857 D android.hardware.lights-service.mediatek: write 350 to /sys/class/leds/lcd-backlight/brightness, result: 0
03-02 10:59:23.875   857   857 D android.hardware.lights-service.mediatek: write 350 to /sys/class/mi_display/disp-DSI-0/brightness_clone, result: 0
03-02 10:59:23.876   921   921 I BufferQueueProducer: [StatusBar#109](this:0xb400007bcec4ab68,id:-1,api:0,p:-1,c:921) queueBuffer: fps=0.33 dur=3020.04 max=3020.04 min=3020.04
03-02 10:59:23.879   849   868 I hwcomposer: [HWCDisplay] (0 updateFps():3667), (type:1, mode:2) fps:14.445724,dur:1661.39,max:751.02,min:14.68  
03-02 10:59:23.913  1201  1298 D AALService: [CRTC_114] onALIChanged: 28 -> 24
03-02 10:59:23.929  7645 11689 D nativeloader: Load /data/app/~~Bh61wenJZi6JNVEuOkVQfQ==/com.softnation.Ojam-nnCVAdHxKfOmup5FCuBDYQ==/base.apk!/lib/arm64-v8a/libavif_android.so using class loader ns clns-7 (caller=/data/app/~~Bh61wenJZi6JNVEuOkVQfQ==/com.softnation.Ojam-nnCVAdHxKfOmup5FCuBDYQ==/base.apk!classes22.dex): ok
03-02 10:59:23.942   857   857 D android.hardware.lights-service.mediatek: write 351 to /sys/class/leds/lcd-backlight/brightness, result: 0
03-02 10:59:23.942   857   857 D android.hardware.lights-service.mediatek: write 351 to /sys/class/mi_display/disp-DSI-0/brightness_clone, result: 0
03-02 10:59:23.944  7645 11689 D skia    : SkJpegCodec::onGetPixels + (683, 1024)
03-02 10:59:23.944  7645 11689 I DMABUFHEAPS: Using DMA-BUF heap named: mtk_mm
03-02 10:59:23.945  7645 11689 D skia    : stream getLength() not supported, use temp buffer for loading stream, buffer addr 0x7bd3731000 length 143043
03-02 10:59:23.945  7645 11689 D skia    : LoadInputStreamToMem va 0x7bd3731000  size 145280
03-02 10:59:23.946  7645 11689 D libjpeg-alpha: Huffman Builder run in subthread
03-02 10:59:23.947  7645 11689 D libjpeg-alpha: Tile Decoder (#thread:4, size:512 256 256 341x512, alignment:256x16)
03-02 10:59:23.949  7645 11690 D libjpeg-alpha: Corrupt JPEG data: 41160 extraneous bytes before marker 0xda
03-02 10:59:23.985  7645 11692 D libjpeg-alpha: Corrupt JPEG data: premature end of data segment
03-02 10:59:23.989  7645 11689 D skia    : SkJpegCodec::onGetPixels -
03-02 10:59:23.991   857   857 D android.hardware.lights-service.mediatek: write 352 to /sys/class/leds/lcd-backlight/brightness, result: 0
03-02 10:59:23.992   857   857 D android.hardware.lights-service.mediatek: write 352 to /sys/class/mi_display/disp-DSI-0/brightness_clone, result: 0
03-02 10:59:24.013  7645 11689 D skia    : SkJpegCodec::onGetPixels + (682, 1024)
03-02 10:59:24.013  7645 11689 I DMABUFHEAPS: Using DMA-BUF heap named: mtk_mm
03-02 10:59:24.013  7645 11689 D skia    : stream getLength() not supported, use temp buffer for loading stream, buffer addr 0x7937f13000 length 142613
03-02 10:59:24.014  7645 11689 D skia    : LoadInputStreamToMem va 0x7937f13000  size 144896
03-02 10:59:24.014  7645 11689 D libjpeg-alpha: Huffman Builder run in subthread
03-02 10:59:24.016  7645 11689 D libjpeg-alpha: Tile Decoder (#thread:4, size:512 256 256 340x512, alignment:256x16)
03-02 10:59:24.016  7645 11695 D libjpeg-alpha: Corrupt JPEG data: 24090 extraneous bytes before marker 0xda
03-02 10:59:24.045  7645  7645 W Looper  : PerfMonitor doFrame : time=689ms vsyncFrame=19783326 latency=1ms procState=-1
03-02 10:59:24.048  1177  1177 I thermal_src: recvmsg_expect 5, but get 2 
03-02 10:59:24.048  1177  1177 V thermal_src: TA_DAEMON_CMD_GET_TPCB:ERROR ret=-1
03-02 10:59:24.049  1177  1177 E thermal_src: get_tpcb_from_kernel:error -1. retry...
03-02 10:59:24.049  1177  1177 I thermal_src: recvmsg_expect 4, but get 5 
03-02 10:59:24.049  1177  1177 V thermal_src: TA_DAEMON_CMD_SET_TTJ:ERROR ret=-1
03-02 10:59:24.049  1177  1177 E thermal_src: set_ttj_to_kernel 1:error -1
03-02 10:59:24.049  1177  1177 I thermal_src: recvmsg_expect 2, but get 4 
03-02 10:59:24.049  1177  1177 V thermal_src: waiting NOTIFY from kernel miss, -1
03-02 10:59:24.055  7645 11697 D libjpeg-alpha: Corrupt JPEG data: premature end of data segment
03-02 10:59:24.056  7645  7645 D UserSceneDetector: invoke error.
03-02 10:59:24.058  7645 11689 D skia    : SkJpegCodec::onGetPixels -
03-02 10:59:24.058   857   857 D android.hardware.lights-service.mediatek: write 353 to /sys/class/leds/lcd-backlight/brightness, result: 0
03-02 10:59:24.058  7645  7645 W Looper  : PerfMonitor doFrame : time=2ms vsyncFrame=19783345 latency=384ms procState=-1 historyMsgCount=51 (msgIndex=1 wall=689ms seq=783 late=1ms h=android.view.Choreographer$FrameHandler c=android.view.Choreographer$FrameDisplayEventReceiver)
03-02 10:59:24.058   857   857 D android.hardware.lights-service.mediatek: write 353 to /sys/class/mi_display/disp-DSI-0/brightness_clone, result: 0
03-02 10:59:24.061  7645  7645 D Glide   : Finished loading BitmapDrawable from DATA_DISK_CACHE for https://sermon-sync.ojam.workers.dev/images/test-background-3.jpg with size [550x550] in 194.97207699999998 ms
03-02 10:59:24.068  7645  7645 D Glide   : Finished loading BitmapDrawable from DATA_DISK_CACHE for https://sermon-sync.ojam.workers.dev/images/test-background-3.jpg with size [550x550] in 163.031308 ms
03-02 10:59:24.076   921   921 I BufferQueueProducer: [com.softnation.Ojam/com.softnation.Ojam.MainActivity#133711](this:0xb400007bcebbf2d8,id:-1,api:0,p:-1,c:921) queueBuffer: fps=11.28 dur=1862.30 max=949.96 min=16.10
03-02 10:59:24.078  7645 11689 D skia    : SkJpegCodec::onGetPixels + (683, 1024)
03-02 10:59:24.079  7645 11689 I DMABUFHEAPS: Using DMA-BUF heap named: mtk_mm
03-02 10:59:24.079  7645 11689 D skia    : stream getLength() not supported, use temp buffer for loading stream, buffer addr 0x7bef7ca000 length 86590
03-02 10:59:24.079  7645 11689 D skia    : LoadInputStreamToMem va 0x7bef7ca000  size 88832
03-02 10:59:24.080  7645 11689 D libjpeg-alpha: Huffman Builder run in subthread
03-02 10:59:24.081  7645 11579 I HWUI    : Davey! duration=709ms; Flags=0, FrameTimelineVsyncId=182207301, IntendedVsync=610756904296140, Vsync=610756904296140, InputEventId=0, HandleInputStart=610756905417249, AnimationStart=610756905420633, PerformTraversalsStart=610757566524710, DrawStart=610757567239787, FrameDeadline=610756924296140, FrameInterval=610756905367787, FrameStartTime=16673556, SyncQueued=610757591806864, SyncStart=610757592172095, IssueDrawCommandsStart=610757593536326, SwapBuffers=610757608609633, FrameCompleted=610757614559172, DequeueBufferDuration=70847, QueueBufferDuration=1051307, GpuCompleted=610757614559172, SwapBuffersCompleted=610757610214864, DisplayPresentTime=0, CommandSubmissionCompleted=610757608609633, 
03-02 10:59:24.081  7645 11689 D libjpeg-alpha: Tile Decoder (#thread:4, size:512 256 256 341x512, alignment:256x16)
03-02 10:59:24.082  7645 11700 D libjpeg-alpha: Corrupt JPEG data: 24740 extraneous bytes before marker 0xda
03-02 10:59:24.116  1201  1298 D AALService: [CRTC_114] onALIChanged: 24 -> 19
03-02 10:59:24.119  1159  1606 D ULogGuard: Monitoring: 18 threads, 0 requests, 0 time-bombs; 1 guards. ResetFlags = 0x7
03-02 10:59:24.121  7645 11701 D libjpeg-alpha: Corrupt JPEG data: premature end of data segment
03-02 10:59:24.123  7645 11689 D skia    : SkJpegCodec::onGetPixels -
03-02 10:59:24.125   857   857 D android.hardware.lights-service.mediatek: write 354 to /sys/class/leds/lcd-backlight/brightness, result: 0
03-02 10:59:24.125   857   857 D android.hardware.lights-service.mediatek: write 354 to /sys/class/mi_display/disp-DSI-0/brightness_clone, result: 0
03-02 10:59:24.143  7645 11689 D skia    : SkJpegCodec::onGetPixels + (683, 1024)
03-02 10:59:24.143  7645 11689 I DMABUFHEAPS: Using DMA-BUF heap named: mtk_mm
03-02 10:59:24.143  7645 11689 D skia    : stream getLength() not supported, use temp buffer for loading stream, buffer addr 0x7be73e9000 length 90317
03-02 10:59:24.144  7645 11689 D skia    : LoadInputStreamToMem va 0x7be73e9000  size 92544
03-02 10:59:24.144  7645 11689 D libjpeg-alpha: Huffman Builder run in subthread
03-02 10:59:24.145  7645 11689 D libjpeg-alpha: Tile Decoder (#thread:4, size:512 256 256 341x512, alignment:256x16)
03-02 10:59:24.146  7645 11707 D libjpeg-alpha: Corrupt JPEG data: 22223 extraneous bytes before marker 0xda
03-02 10:59:24.146  1055  1186 D connsyslogger: SD_LOG_ROOT is /data/debuglogger/connsyslog/fw.
03-02 10:59:24.146  1055  1186 D connsyslogger: systemReady:1
03-02 10:59:24.167  7645  7645 D Glide   : Finished loading BitmapDrawable from DATA_DISK_CACHE for https://sermon-sync.ojam.workers.dev/images/FB_IMG_1769020597451.jpg with size [550x550] in 288.231 ms
03-02 10:59:24.175  1621  2834 D AS.BtHelper: isBluetoothScoOn() mBluetoothHeadset is null: falsemBluetoothHeadsetDevice is null: true
03-02 10:59:24.175  7645  7645 D Glide   : Finished loading BitmapDrawable from DATA_DISK_CACHE for https://sermon-sync.ojam.workers.dev/images/FB_IMG_1769020597451.jpg with size [550x550] in 263.160615 ms
03-02 10:59:24.175  1621  2834 V AS.AudioDeviceBroker: requestedCommunicationDevice: null mAudioModeOwner: AudioModeInfo: mMode=MODE_NORMAL, mPid=0, mUid=0
03-02 10:59:24.176  1621  2834 D AS.BtHelper: isBluetoothScoOn() mBluetoothHeadset is null: falsemBluetoothHeadsetDevice is null: true
03-02 10:59:24.176  1621  2834 V AS.AudioDeviceBroker: requestedCommunicationDevice: null mAudioModeOwner: AudioModeInfo: mMode=MODE_NORMAL, mPid=0, mUid=0
03-02 10:59:24.181  7645  7645 D Glide   : Finished loading BitmapDrawable from DATA_DISK_CACHE for https://sermon-sync.ojam.workers.dev/images/FB_IMG_1769020740814.jpg with size [550x550] in 294.60592299999996 ms
03-02 10:59:24.185  7645  7645 D Glide   : Finished loading BitmapDrawable from DATA_DISK_CACHE for https://sermon-sync.ojam.workers.dev/images/FB_IMG_1769020740814.jpg with size [550x550] in 266.029231 ms
03-02 10:59:24.192  7645 11709 D libjpeg-alpha: Corrupt JPEG data: premature end of data segment
03-02 10:59:24.193   857   857 D android.hardware.lights-service.mediatek: write 355 to /sys/class/leds/lcd-backlight/brightness, result: 0
03-02 10:59:24.193   857   857 D android.hardware.lights-service.mediatek: write 355 to /sys/class/mi_display/disp-DSI-0/brightness_clone, result: 0
03-02 10:59:24.194   861   947 I libPerfCtl: xgfGetFPS pid:2363 fps:-1
03-02 10:59:24.194   861   947 I libPerfCtl: xgfGetFPS pid:7645 fps:-1
03-02 10:59:24.196  7645 11689 D skia    : SkJpegCodec::onGetPixels -
