03-02 10:59:05.886 13966  4780 I cn_CronetUrlRequestContext: destroyNativeStreamLocked android.net.connectivity.org.chromium.net.impl.CronetBidirectionalStream@615af6a
03-02 10:59:05.890   863   958 I mtkpower@impl: [powerd_req] TIMER_MSG_PERF_LOCK_TIMEOUT hdl:365580
03-02 10:59:05.890   863   958 I libPowerHal: [perfLockRel] hdl:365580, idx:1
03-02 10:59:05.891   863   958 I libPowerHal: [unsetGPUFreq] current min:0, max:0; scn_gpu_min:0, scn_gpu_max:-1; scn_gpu_min(HL):-1, scn_gpu_max(HL):-1
03-02 10:59:05.891   863   958 I libPowerHal: system_server: set gpu opp level: 31
03-02 10:59:05.891   863   958 I libPowerHal: system_server: set gpu opp level max: 0
03-02 10:59:05.891   863   958 I libPowerHal: [setGPUFreq] Soft min/max = (31, 0); Hard min/max = (31, 0)
03-02 10:59:05.891   863   958 I libPowerHal: [setGPUFreq] final min/max = (31, 0)
03-02 10:59:05.891   863   958 I libPowerHal: system_server: set gpu opp level: 31
03-02 10:59:05.892   863   958 I libPowerHal: system_server: set gpu opp level max: 0
03-02 10:59:05.892   863   958 I libPowerHal: [PD] system_server update cmd:400200 param:-1 pr:6
03-02 10:59:05.893   863   958 I libPowerHal: [recordCPUFreqInfo] set cluster[0] min(system_server): 1800000 max(-1): -1 cluster[1] min(system_server): 2000000 max(-1): -1
03-02 10:59:05.893   863   958 I libPowerHal: [perfLockRel] Done for hdl : 365580
03-02 10:59:05.895   843  1348 W audio_sw_mixer: sw_mixer_mix_fp_direct_write(-),   MIXER_PLAYBACK  , path T_DEEP=>T_PRIMARY   , size_out 16384, rb     0, latency/total: 42.666/54.644 (51.449+0.003+3.192) ms
03-02 10:59:05.897 13966 13999 I amto    : (REDACTED) Network status %s
03-02 10:59:05.914  1621  1922 I SmartPower: com.android.chrome/10174(23296): background->idle(3002ms) R(broadcast start Intent { act=android.intent.action.BATTERY_CHANGED flg=0x60000010 (has extras) }) adj=915.
03-02 10:59:05.915  1621  1922 I SmartPower: com.instagram.android/10301(31107): background->idle(3002ms) R(broadcast start Intent { act=android.intent.action.BATTERY_CHANGED flg=0x60000010 (has extras) }) adj=915.
03-02 10:59:05.916  1621  1922 I SmartPower: com.facebook.stella/10126(31485): background->idle(3002ms) R(broadcast start Intent { act=android.intent.action.BATTERY_CHANGED flg=0x60000010 (has extras) }) adj=925.
03-02 10:59:05.917  1621  1922 I SmartPower: com.facebook.katana/10287(31850): background->idle(3003ms) R(broadcast start Intent { act=android.intent.action.BATTERY_CHANGED flg=0x60000010 (has extras) }) adj=915.
03-02 10:59:05.917   894  1349 D StreamHalAidl: setParameters: parameters: "MixerThreadSleep="
03-02 10:59:05.917   894  1349 D StreamHalAidl: setParameters: parameters: MixerThreadSleep=
03-02 10:59:05.918  1621  1922 I SmartPower: com.instagram.barcelona/10075(32592): background->idle(3002ms) R(broadcast start Intent { act=android.intent.action.BATTERY_CHANGED flg=0x60000010 (has extras) }) adj=905.
03-02 10:59:05.918  1621  1922 I SmartPower: com.whatsapp/99910300(29736): background->idle(3002ms) R(broadcast start Intent { act=android.intent.action.BATTERY_CHANGED flg=0x60000010 (has extras) }) adj=905.
03-02 10:59:05.942   894  1349 D StreamHalAidl: setParameters: parameters: "MixerThreadSleep="
03-02 10:59:05.942   894  1349 D StreamHalAidl: setParameters: parameters: MixerThreadSleep=
03-02 10:59:05.956  1621  1730 I MediaSessionStack: removeSession | record: com.softnation.Ojam/androidx.media3.session.id./83 (userId=0)
03-02 10:59:05.956  1621  1730 D MediaSessionService: Media button session is changed to null
03-02 10:59:05.957  1621  1730 D MediaSessionService: destroySessionLocked: record=com.softnation.Ojam/androidx.media3.session.id./83 (userId=0)
03-02 10:59:05.957  7123  7123 I adbd    : Remote process closed the socket (on MSG_PEEK)
03-02 10:59:05.957  1205  1488 E mediaswcodec: unlinkToDeath: removed reference to death recipient but unlink failed: DEAD_OBJECT
03-02 10:59:05.957   921  1587 I SurfaceFlinger: onHandleDestroyed: name=Surface(name=5b2ee94 StatusBar#103)/@0xf6cf932 - animation-leash of insets_animation#133688, layerId=133688, parentId=0
03-02 10:59:05.958   921  1587 I SurfaceFlinger: onHandleDestroyed: name=Surface(name=77d8129 NavigationBar0#101614)/@0x3faba4f - animation-leash of insets_animation#133689, layerId=133689, parentId=0
03-02 10:59:05.957   921  2359 D SurfaceFlinger: [SF client] REMOVE (0xb400007caea05ad0) for (5101:com.softnation.Ojam)
03-02 10:59:05.959 18562 18562 W AudioMediaPlayerWrapper: The session was destroyed com.softnation.Ojam
03-02 10:59:05.959 18562 18562 D MediaPlayerList: sessionUpdatedCallback(): packageName: com.softnation.Ojam
03-02 10:59:05.959  2363  3215 I ActiveSessionRecord_export-api: onSessionDestroyed
03-02 10:59:05.960  1621  2194 I MediaFocusControl: AudioFocus  removeFocusStackEntryOnDeath(): removing entry for android.os.BinderProxy@c55151
03-02 10:59:05.960  1621  2197 I WindowManager: WIN DEATH: Window{db4d1e1 u0 com.softnation.Ojam/com.softnation.Ojam.MainActivity}
03-02 10:59:05.961  1621  1676 D SsruManagerImpl: MiSsru Sensor not init!!!!
03-02 10:59:05.961  1621  2197 W InputManager-JNI: Input channel object 'db4d1e1 com.softnation.Ojam/com.softnation.Ojam.MainActivity (client)' was disposed without first being removed with the input manager!
03-02 10:59:05.964  2363  3215 I ActiveAudioSessionManager_export-api: controllerSize:0
03-02 10:59:05.964  2363 19600 I ActiveSessionRecord_export-api: onSessionDestroyed
03-02 10:59:05.965  1124 16496 E mediaserver: unlinkToDeath: removed reference to death recipient but unlink failed: DEAD_OBJECT
03-02 10:59:05.966  1621  1856 D ConnectivityService: releasing NetworkRequest [ REQUEST id=242253, [ Capabilities: INTERNET&NOT_RESTRICTED&TRUSTED&NOT_VCN_MANAGED&NOT_BANDWIDTH_CONSTRAINED Uid: 10337 RequestorUid: 10337 RequestorPkg: com.softnation.Ojam UnderlyingNetworks: Null] ] (release request)
03-02 10:59:05.966  1124 16496 E IPCThreadState: attemptIncStrongHandle(14): Not supported
03-02 10:59:05.967  1621  1856 D ConnectivityService: releasing NetworkRequest [ REQUEST id=242256, [ Capabilities: INTERNET&NOT_RESTRICTED&TRUSTED&NOT_VCN_MANAGED&NOT_BANDWIDTH_CONSTRAINED Uid: 10337 RequestorUid: 10337 RequestorPkg: com.softnation.Ojam UnderlyingNetworks: Null] ] (release request)
03-02 10:59:05.969 18562 18562 D MediaPlayerList: sendMediaUpdate
03-02 10:59:05.969 18562 18562 D MediaPlayerList: sendMediaUpdate state=null
03-02 10:59:05.969 18562 18562 D AvrcpTargetService: onMediaUpdated: track_changed=true state=true queue=true
03-02 10:59:05.970 18562 18562 D AvrcpNativeInterface: sendMediaUpdate: metadata=true playStatus=true queue=true
03-02 10:59:05.970 18562 18562 I bluetooth: avrcp_service.cc:648 SendMediaUpdate: track_changed=true :  play_state=true :  queue=true
03-02 10:59:05.970 18562 18562 I MediaPlayerList: Removing media player com.softnation.Ojam
03-02 10:59:05.970 18562 18562 I AudioMediaPlayerWrapper: clean up
03-02 10:59:05.970 18562 18562 I MediaPlayerList: Recycle player ID.
03-02 10:59:05.970 18562 18562 V MediaPlayerList: onActiveSessionsChanged: number of controllers: 0
03-02 10:59:05.970 18562 18562 I PlayerSettingsManager: getPlayerRepeatMode: no active player
03-02 10:59:05.970 18562 18562 I PlayerSettingsManager: getPlayerShuffleMode: no active player
03-02 10:59:05.970 18562 18562 I PlayerSettingsManager: updateRemoteDevice: STATE_REPEAT_OFF, STATE_SHUFFLE_OFF
03-02 10:59:05.970 18562 18562 I bluetooth: avrcp_service.cc:685 SendPlayerSettingsChanged: 
03-02 10:59:05.970  1205  9857 D AidlBufferPool: Destruction - bufferpool2 0xb400007362c883d8 cached: 0/0M, 0/0% in use; allocs: 774, 100% recycled; transfers: 774, 100% unfetched
03-02 10:59:05.970 18562 18562 I bluetooth: avrcp_service.cc:699 SendPlayerSettingsChanged: attribute=PlayerAttribute::REPEAT : value=PlayerRepeatValue::OFF
03-02 10:59:05.970 18562 18562 I bluetooth: attribute=PlayerAttribute::SHUFFLE : value=PlayerShuffleValue::OFF
03-02 10:59:05.971  1205  9857 E mediaswcodec: unlinkToDeath: removed reference to death recipient but unlink failed: DEAD_OBJECT
03-02 10:59:05.971  1621  2197 D MiuiRefreshRatePolicy: reset
03-02 10:59:05.972  2363 19600 I ActiveAudioSessionManager_export-api: controllerSize:0
03-02 10:59:05.972   921   921 I BufferQueueDebug: [Surface(name=5b2ee94 StatusBar#103)/@0xf6cf932 - animation-leash of insets_animation#133688](this:0xb400007bcec25b18,id:-1,api:0,p:-1,c:921) onDestructor()
03-02 10:59:05.972   921   921 I BufferQueueDebug: [Surface(name=77d8129 NavigationBar0#101614)/@0x3faba4f - animation-leash of insets_animation#133689](this:0xb400007bcecb4138,id:-1,api:0,p:-1,c:921) onDestructor()
03-02 10:59:05.974 18562 18562 V MediaPlayerList: onActiveSessionsChanged: number of controllers: 0
03-02 10:59:05.974 18562 18562 I PlayerSettingsManager: getPlayerRepeatMode: no active player
03-02 10:59:05.975 18562 18562 I PlayerSettingsManager: getPlayerShuffleMode: no active player
03-02 10:59:05.975 18562 18562 I PlayerSettingsManager: updateRemoteDevice: STATE_REPEAT_OFF, STATE_SHUFFLE_OFF
03-02 10:59:05.975 18562 18562 I bluetooth: avrcp_service.cc:685 SendPlayerSettingsChanged: 
03-02 10:59:05.975 18562 18562 I bluetooth: avrcp_service.cc:699 SendPlayerSettingsChanged: attribute=PlayerAttribute::REPEAT : value=PlayerRepeatValue::OFF
03-02 10:59:05.975 18562 18562 I bluetooth: attribute=PlayerAttribute::SHUFFLE : value=PlayerShuffleValue::OFF
03-02 10:59:05.975  1621  1650 W ActivityManager: setHasOverlayUi called on unknown pid: 5101
03-02 10:59:05.977  1205  9857 D AidlBufferPool: bufferpool2 0xb400007362c80008 : 0(0 size) total buffers - 0(0 size) used buffers - 0/0 (recycle/alloc) - 0/0 (fetch/transfer)
03-02 10:59:05.977  1205  9857 D AidlBufferPool: Destruction - bufferpool2 0xb400007362c80008 cached: 0/0M, 0/0% in use; allocs: 0, 0% recycled; transfers: 0, 0% unfetched
03-02 10:59:05.979  1205  9857 E IPCThreadState: attemptIncStrongHandle(5): Not supported
03-02 10:59:05.982  2363  3215 I ActiveAudioSessionManager_export-api: dispatchTopActiveSessionChangeCallbackLocked, size:1
03-02 10:59:05.982  2363  3215 I ActiveAudioSessionManager_export-api: stopPositionCallbackTask
03-02 10:59:05.982  2363  3215 I ActiveAudioSessionManager_export-api: dispatchSessionsExistsChangeCallbackLocked :false
03-02 10:59:05.983  2363  3215 I ActiveAudioSessionManager_export-api: controllerSize:0
03-02 10:59:05.983   835   835 I Zygote  : Process 5101 exited due to signal 9 (Killed)
03-02 10:59:05.984  2363  3215 I ActiveAudioSessionManager_export-api: stopPositionCallbackTask
03-02 10:59:05.984  2363  3215 I ActiveAudioSessionManager_export-api: dispatchSessionsExistsChangeCallbackLocked :false
03-02 10:59:05.984  1621  1668 I libprocessgroup: Removed cgroup /sys/fs/cgroup/uid_10337/pid_5101
03-02 10:59:05.986   894  1349 D StreamHalAidl: setParameters: parameters: "MixerThreadSleep="
03-02 10:59:05.986   894  1349 D StreamHalAidl: setParameters: parameters: MixerThreadSleep=
03-02 10:59:05.988  1621  1651 I ActivityTaskManager: visible for Task{27e6aff #2 type=home I=com.miui.home/.launcher.Launcher} visible = true isAnimating = false TRANSITION = false PARENTS = false CHILDREN = false
03-02 10:59:05.992  2363 19600 I ActiveAudioSessionManager_export-api: dispatchTopActiveSessionChangeCallbackLocked, size:1
03-02 10:59:05.993  2363 19600 I GlobalMiPlayAudioManager: onActiveAudioSessionChange activeSession is null
03-02 10:59:05.993  2363 19600 D MiCastSDKImpl: setPlaybackState state -999
03-02 10:59:05.993  2363 19600 I GlobalMiPlayAudioManager: dispatchCallback, what, 1
03-02 10:59:05.993  2363 19600 I ActiveAudioSessionManager_export-api: stopPositionCallbackTask
03-02 10:59:05.993  2363 19600 I ActiveAudioSessionManager_export-api: dispatchSessionsExistsChangeCallbackLocked :false
03-02 10:59:05.993  2363 19600 I MiPlayServiceAdapter: markSessionKilled
03-02 10:59:05.993  2363 19600 I ActiveAudioSessionManager_export-api: controllerSize:0
03-02 10:59:05.993  2363 19600 I ActiveAudioSessionManager_export-api: stopPositionCallbackTask
03-02 10:59:05.994  2363 19600 I ActiveAudioSessionManager_export-api: dispatchSessionsExistsChangeCallbackLocked :false
03-02 10:59:05.994  2363 19600 I MiPlayServiceAdapter: markSessionKilled
03-02 10:59:05.994 19603 19603 W MultiDeviceManager: setPlaybackState state -999
03-02 10:59:05.994  2363  2363 D MiPlayDetailViewModel: onActiveAudioSessionChange(): audioSessionList?.size =0
03-02 10:59:05.995 19603 19603 I CastDeviceManager: setPlaybackState: state -999
03-02 10:59:05.995  2363  2363 D MiPlayController: miplay service state invalid = 0
03-02 10:59:05.995  2363  2363 D MiPlayDetailViewModel: isMiuiMusic:false null,releaseVersion:1
03-02 10:59:05.995  2363  2363 D MiPlayDetailViewModel: updateAudioSession true
03-02 10:59:05.995 19603 19603 W CastDeviceManager: setPlaybackState: castSession is null return
03-02 10:59:06.029   894  1349 D StreamHalAidl: setParameters: parameters: "MixerThreadSleep="
03-02 10:59:06.030   894  1349 D StreamHalAidl: setParameters: parameters: MixerThreadSleep=
03-02 10:59:06.036  2363  2477 D SoScUtils: monitorTransitionFinished transition:android.os.BinderProxy@502dd5d transaction: android.view.SurfaceControl$Transaction@8574743 mRequestCloseTransition:null mRequestOpenTransition:null mRequestOpenTransitionWithSameTask size:0 mPairsOpenTransition:null mPairsOpenTransitionNull:null mRequestOpenTriggerTask:-1 mRequestCloseTriggerTask:-1 mOrientationTransition: null mMainStartingTask:-1 mSideStartingTask:-1
03-02 10:59:06.039  1621  1638 D WindowManager: Finish Transition (#10156): created at 03-02 10:59:05.475 collect-started=0.314ms request-sent=0.643ms started=22.532ms ready=22.499ms sent=211.509ms finished=563.245ms
03-02 10:59:06.040  1621  1636 W ActivityManager: pid 1621 system sent binder code 7 with flags 1 to frozen apps and got error -32
03-02 10:59:06.041  1621  1636 W WindowManager: Exception thrown during dispatchAppVisibility Window{db4d1e1 u0 com.softnation.Ojam/com.softnation.Ojam.MainActivity EXITING}
03-02 10:59:06.041  1621  1636 W WindowManager: android.os.DeadObjectException
03-02 10:59:06.041  1621  1636 W WindowManager: 	at android.os.BinderProxy.transactNative(Native Method)
03-02 10:59:06.041  1621  1636 W WindowManager: 	at android.os.BinderProxy.transact(BinderProxy.java:682)
03-02 10:59:06.041  1621  1636 W WindowManager: 	at android.view.IWindow$Stub$Proxy.dispatchAppVisibility(IWindow.java:655)
03-02 10:59:06.041  1621  1636 W WindowManager: 	at com.android.server.wm.WindowState.sendAppVisibilityToClients(WindowState.java:3529)
03-02 10:59:06.041  1621  1636 W WindowManager: 	at com.android.server.wm.WindowContainer.sendAppVisibilityToClients(WindowContainer.java:1387)
03-02 10:59:06.041  1621  1636 W WindowManager: 	at com.android.server.wm.WindowToken.setClientVisible(WindowToken.java:423)
03-02 10:59:06.041  1621  1636 W WindowManager: 	at com.android.server.wm.ActivityRecord.setClientVisible(ActivityRecord.java:8426)
03-02 10:59:06.041  1621  1636 W WindowManager: 	at com.android.server.wm.ActivityRecord.postApplyAnimation(ActivityRecord.java:6989)
03-02 10:59:06.041  1621  1636 W WindowManager: 	at com.android.server.wm.ActivityRecord.commitVisibility(ActivityRecord.java:6931)
03-02 10:59:06.041  1621  1636 W WindowManager: 	at com.android.server.wm.Transition.finishTransition(Transition.java:1589)
03-02 10:59:06.041  1621  1636 W WindowManager: 	at com.android.server.wm.TransitionController.finishTransition(TransitionController.java:1153)
03-02 10:59:06.041  1621  1636 W WindowManager: 	at com.android.server.wm.WindowOrganizerController.finishTransition(WindowOrganizerController.java:578)
03-02 10:59:06.041  1621  1636 W WindowManager: 	at android.window.IWindowOrganizerController$Stub.onTransact(IWindowOrganizerController.java:324)
03-02 10:59:06.041  1621  1636 W WindowManager: 	at com.android.server.wm.WindowOrganizerController.onTransact(WindowOrganizerController.java:234)
03-02 10:59:06.041  1621  1636 W WindowManager: 	at android.os.Binder.execTransactInternal(Binder.java:1507)
03-02 10:59:06.041  1621  1636 W WindowManager: 	at android.os.Binder.execTransact(Binder.java:1451)
03-02 10:59:06.041  1621  1636 W Process : Unable to open /proc/5101/status
03-02 10:59:06.041  1621  1636 I Transition: finishTransition: updateLastSurfacePosition tf=Task{69a0689 #37031 type=standard A=10337:com.softnation.Ojam}
03-02 10:59:06.042  1621  1636 I Transition: finishTransition: updateLastSurfacePosition tf=Task{ba1f32f #37027 type=standard I=com.google.android.googlequicksearchbox/com.google.android.apps.search.assistant.surfaces.voice.robin.ui.floaty.activity.FloatyActivity}
03-02 10:59:06.043  1999  1999 E RotationHelper: setCurrentTransitionRequest: request=0
03-02 10:59:06.046  1621  1636 D MiuiRefreshRatePolicy: reset
03-02 10:59:06.046  1621  1666 I SmartPower: com.milink.service:audio/10190(19603): idle->background(87554ms) R(broadcast start Intent { act=android.intent.action.PACKAGE_RESTARTED dat=package: flg=0x4000010 (has extras) }) adj=250.
03-02 10:59:06.046  2061  2061 I MiuiWallpaper-MiuiWallpaperManagerService: receive broadcast action = android.intent.action.PACKAGE_RESTARTED
03-02 10:59:06.047  1621  1636 I PowerManagerServiceImpl: Release wakelock: SCREEN_BRIGHT_WAKE_LOCK           'WindowManager/displayId:0' ON_AFTER_RELEASE DISABLED ACQ=-1m14s93ms (uid=1000 pid=1621 pkg=android ws=WorkSource{10337 com.softnation.Ojam})
03-02 10:59:06.051  1621  1636 D MiuiRefreshRatePolicy: reset
03-02 10:59:06.053  1621  1636 D WindowManager: setParent old=ActivityRecord{85ae053 u0 com.softnation.Ojam/.MainActivity t37031 f}},new=null,this window=Window{db4d1e1 u0 com.softnation.Ojam/com.softnation.Ojam.MainActivity EXITING},callers=com.android.server.wm.WindowContainer.removeChild:897 com.android.server.wm.ActivityRecord.removeChild:5518 com.android.server.wm.ActivityRecord.removeChild:505 com.android.server.wm.WindowContainer.removeImmediately:967 com.android.server.wm.WindowState.removeImmediately:2526 com.android.server.wm.WindowContainer.removeImmediately:931 
03-02 10:59:06.053   894  1349 D AudioFlinger_Threads: noteStopAudioInNeed
03-02 10:59:06.054   894  1349 V AudioPolicyInterfaceImpl: stopOutput()
03-02 10:59:06.054  1621  1636 D MiuiRefreshRatePolicy: reset
03-02 10:59:06.054   894  1349 V audio_utils::mutex: mutex_impl: audio_mutex initialized: ret:0  order:6
03-02 10:59:06.054  6515  9363 I PowerKeeper.Event: noteStopAudioInNeed uid is 10337, sessionid is 57521, port is 8467, type is 2
03-02 10:59:06.055  6515  6921 I AppActiveChecker: uid:10337change to inactive
03-02 10:59:06.055   921   921 I SurfaceFlinger: onHandleDestroyed: name=Transition Root #10156: Task=37027#133697, layerId=133697, parentId=0
03-02 10:59:06.055   894  1349 V AudioPolicyInterfaceImpl: releaseOutput()
03-02 10:59:06.055   894  1349 V audio_utils::mutex: mutex_impl: audio_mutex initialized: ret:0  order:6
03-02 10:59:06.056   894  1284 V AudioPolicyInterfaceImpl: doStopOutput
03-02 10:59:06.056   894  1284 D APM_AudioPolicyManager: stopOutput() output 21, stream 3, session 57521
03-02 10:59:06.056  1621  1636 D WindowManager: setParent old=Task{69a0689 #37031 type=standard A=10337:com.softnation.Ojam},new=null,this window=ActivityRecord{85ae053 u0 com.softnation.Ojam/.MainActivity t37031 f}},callers=com.android.server.wm.WindowContainer.removeChild:897 com.android.server.wm.TaskFragment.removeChild:3337 com.android.server.wm.Task.removeChild:1929 com.android.server.wm.Task.removeChild:1908 com.android.server.wm.WindowContainer.removeImmediately:967 com.android.server.wm.WindowToken.removeImmediately:374 
03-02 10:59:06.056   894  1349 D audioserver: logFgsApiEnd: FGS Logger Transaction failed, -129
03-02 10:59:06.056   894  1349 D AudioFlinger_Threads: updateWakeLockUids_l AudioOut_15 uids:
03-02 10:59:06.056   894  1284 W AudioPolicyManagerCustomImpl: [MTK_APM_Route]setOutputDevices() mIoHandle 21 mId 6 device (0x2)(0x1, 0x2, 0x4, 0x8, 0x10, 0x20, 0x40, 0x4000, 0x4000000) delayMs 170 force 0 size 4
03-02 10:59:06.056   843 14567 D MTKAdapterStreamLayer: updateMetadataCommon(), 
03-02 10:59:06.057   843 14567 I AudioALSAStreamOut: updateSourceMetadata(), do nothing source_metadata = 0x77048fcff8
03-02 10:59:06.057  1621  1676 D ProcessManager: add temp remove audio inactive uid : 10337
03-02 10:59:06.057   894  1284 D APM::AudioPolicyEngine: getDevices ForStrategy() strategy 1, device 0x1 avadevice 0x1, 0x2, 0x10000, 0x100000 sfu [0]:0, [1]:0, [4]:11
03-02 10:59:06.057   921  1500 I BufferQueueDebug: [Task=37031#133701](this:0xb400007bcecb4138,id:-1,api:0,p:-1,c:-1) BufferQueue core=(921:/system/bin/surfaceflinger)
03-02 10:59:06.057  6515  9363 I ProcAudioPowerManager: noteStopAudioInNeed uid is 10337, pid is 5101, sessionid is 57521, port is 8467, type is 2
03-02 10:59:06.057  6515  9363 E RouteInfo: RouteInfo{ name=Phone, description=null, status=null, category=RouteCategory{ name=System types=ROUTE_TYPE_LIVE_AUDIO ROUTE_TYPE_LIVE_VIDEO  groupable=false }, supportedTypes=ROUTE_TYPE_LIVE_AUDIO ROUTE_TYPE_LIVE_VIDEO , presentationDisplay=null }
03-02 10:59:06.058  1621  1636 D WindowManager: setParent old=DefaultTaskDisplayArea@262819365,new=null,this window=Task{69a0689 #37031 type=standard A=10337:com.softnation.Ojam},callers=com.android.server.wm.WindowContainer.removeChild:897 com.android.server.wm.TaskDisplayArea.removeChildTask:360 com.android.server.wm.TaskDisplayArea.removeChild:351 com.android.server.wm.WindowContainer.removeImmediately:967 com.android.server.wm.TaskFragment.removeImmediately:3417 com.android.server.wm.Task.removeImmediately:3408 
03-02 10:59:06.059   894  1284 D APM::AudioPolicyEngine: getDevices ForStrategy() strategy 0, device 0x2 avadevice 0x1, 0x2, 0x10000, 0x100000 sfu [0]:0, [1]:0, [4]:11
03-02 10:59:06.059  1621  1636 D MiuiMultiWindowUtils: DeviceLevel.IS_MIUI_LITE_VERSION 2.0 not support miui multiWindowtides
03-02 10:59:06.059  1621  1636 D MiuiMultiWindowUtils: DeviceLevel.IS_MIUI_LITE_VERSION 2.0 not support miui multiWindowtides
03-02 10:59:06.060   921  1500 W VsyncModulator: setTransactionSchedule: Unexpected EarlyEnd
03-02 10:59:06.060  2363  2477 I RemoteTransitionHandlerStubImpl: invokeAndRemoveWctCB transition is null, curWctCB: null
03-02 10:59:06.060   894  1284 D APM::AudioPolicyEngine: getDevices ForStrategy() strategy 1, device 0x1 avadevice 0x1, 0x2, 0x10000, 0x100000 sfu [0]:0, [1]:0, [4]:11
03-02 10:59:06.061  2363  2477 I MultiTaskingTaskRepository: no MULTI_WINDOW, but base activity is null
03-02 10:59:06.063  1621  1651 I ActivityTaskManager: visible for Task{27e6aff #2 type=home I=com.miui.home/.launcher.Launcher} visible = true isAnimating = false TRANSITION = false PARENTS = false CHILDREN = false
03-02 10:59:06.062  1999 29002 D EventBus: No subscribers registered for event class com.miui.home.recents.messages.RecentTasksChangedEvent
03-02 10:59:06.063   894  1284 D APM::AudioPolicyEngine: getDevices ForStrategy() strategy 0, device 0x2 avadevice 0x1, 0x2, 0x10000, 0x100000 sfu [0]:0, [1]:0, [4]:11
03-02 10:59:06.063  1621  1651 I ActivityTaskManager: visible for Task{d151cdd #1 type=home} visible = true isAnimating = false TRANSITION = false PARENTS = false CHILDREN = false
03-02 10:59:06.063  1999 29002 D EventBus: No subscribers registered for event class org.greenrobot.eventbus.NoSubscriberEvent
03-02 10:59:06.063  1621  1651 I ActivityTaskManager: visible for Task{ba1f32f #37027 type=standard I=com.google.android.googlequicksearchbox/com.google.android.apps.search.assistant.surfaces.voice.robin.ui.floaty.activity.FloatyActivity} visible = true isAnimating = false TRANSITION = false PARENTS = false CHILDREN = false
03-02 10:59:06.064  1621  4763 W UserManagerService: Requested status bar icon for non-badged user 0
03-02 10:59:06.064  1999  2684 D RecentsModel: onTaskStackChangedBackground    MSG_TASK_STACK_CHANGE
03-02 10:59:06.064  1999  2684 D RecentsModel: boostTaskStackChangedThread once, tid=2684, recentResourceLoaderTid=2525
03-02 10:59:06.064  1999  2684 W MiBridge: Permission not granted !!
03-02 10:59:06.064  1999  2684 D Launcher.Boost: setDynamicVIPTaskIfNeeded::tid = 2684 duration = 500
03-02 10:59:06.066   894  1284 D APM::AudioPolicyEngine: getDevices ForStrategy() strategy 1, device 0x1 avadevice 0x1, 0x2, 0x10000, 0x100000 sfu [0]:0, [1]:0, [4]:11
03-02 10:59:06.067   921  1170 D SurfaceFlinger: [SF client] REMOVE (0xb400007caea0cfd0) for (1621:system_server)
03-02 10:59:06.067   894  1284 D APM::AudioPolicyEngine: getDevices ForStrategy() strategy 0, device 0x2 avadevice 0x1, 0x2, 0x10000, 0x100000 sfu [0]:0, [1]:0, [4]:11
03-02 10:59:06.068  1621  1651 W ActivityTaskManager: Can't find TaskDisplayArea to determine support for multi window. Task id=37031 attached=false
03-02 10:59:06.068   894  1284 D APM::AudioPolicyEngine: getDevices ForStrategy() strategy 0, device 0x2 avadevice 0x1, 0x2, 0x10000, 0x100000 sfu [0]:0, [1]:0, [4]:11
03-02 10:59:06.068   894  1284 I AudioFlinger_Threads: removeEffectChain_l() 0xb400007470cabbd0 from thread 0xb400007612805700 for session 0
03-02 10:59:06.069   894  1284 I AudioFlinger_Threads: removeEffect_l(): 0xb400007612805700, effect = 0xb400007410caab10, name = MiSound
03-02 10:59:06.069   843 14567 D AHAL_EffectMisound: commandImplstop, disable!
03-02 10:59:06.069  2363  2477 D MulWinSwitchDecorViewModel: destroyWindowDecoration: taskId=37031 windowingMode=1 mWindowDecorByTaskId.size()=0 callers=com.android.wm.shell.fullscreen.FullscreenTaskListener.onTaskVanished:104 com.android.wm.shell.ShellTaskOrganizer.onTaskVanished:128 android.window.TaskOrganizer$1.lambda$onTaskVanished$6:317 android.window.TaskOrganizer$1.$r8$lambda$8ODi_1s42Z5SmyxWXsgMLDG64pA:0 android.window.TaskOrganizer$1$$ExternalSyntheticLambda0.run:0 
03-02 10:59:06.069   843  3249 D AHAL_EffectMisound: MiSoundV2 skip process in state: IDLE
03-02 10:59:06.069   894  1284 I EffectChain: removeEffect_l() effect 0xb400007410caab10, removed from chain 0xb400007470cabbd0 at rank 0
03-02 10:59:06.069   894  1284 I AudioFlinger_Threads: removeEffectChain_l() 0xb400007470cabbd0 from thread 0xb400007612805700 for session 0
03-02 10:59:06.069   894  1284 V audio_utils::mutex: mutex_impl: audio_mutex initialized: ret:0  order:15
03-02 10:59:06.069   894  1284 I EffectChain: EffectChain(): new EffectChain = 0xb400007470cba930
03-02 10:59:06.069  2363  2477 D MulWinSwitchDecorViewModel: handleEventReceiverIfMultiWinSwitchIsUnsupported: removeEventReceiver, callers=com.android.wm.shell.multitasking.miuimultiwinswitch.miuiwindowdecor.MulWinSwitchDecorViewModel.destroyWindowDecoration:82 com.android.wm.shell.fullscreen.FullscreenTaskListener.onTaskVanished:104 com.android.wm.shell.ShellTaskOrganizer.onTaskVanished:128 android.window.TaskOrganizer$1.lambda$onTaskVanished$6:317 android.window.TaskOrganizer$1.$r8$lambda$8ODi_1s42Z5SmyxWXsgMLDG64pA:0 
03-02 10:59:06.069   894  1284 I AudioFlinger_Threads: addEffect_ll: 0xb400007619f8e700 chain 0xb400007470cba930 effect 0xb400007410caab10,name = MiSound
03-02 10:59:06.069   894  1284 V EffectModule: setOffloaded_l offloaded 0 io 13 status 0
03-02 10:59:06.069   894  1284 I EffectChain: addEffect_l() effect 0xb400007410caab10, added in chain 0xb400007470cba930 at rank 0
03-02 10:59:06.069  2363  2477 D MultiTaskingTaskRepository: onTaskVanished: taskInfo.taskId: 37031 current mMultiTaskingTaskInfoList: { ,37031 ,37027 ,37019 ,36980 ,36770 ,36289 ,5 ,4 }
03-02 10:59:06.069   894  1284 V EffectModule: configure_l 0xb400007410caab10 chain 0xb400007470cba930 buffer 0xb400007520cac060 framecount 768
03-02 10:59:06.069  2363  2477 D MultiTaskingTaskRepository: removeFullscreenTask taskId=37031
03-02 10:59:06.069  2363  2477 D MiuiFreeformModeCornerTipHandler: task#37031 onTaskVanished
03-02 10:59:06.069  2363  2477 I MiuiBubbleController: removeBubble: 37031 reason=2
03-02 10:59:06.070  2363  2477 I MultiTaskingTaskInfo: before call clearMaskControl task id = 37031, CoverLayerController = null, callers=com.android.wm.shell.multitasking.taskmanager.MultiTaskingTaskListener.onTaskVanished:148 com.android.wm.shell.ShellTaskOrganizer.onTaskVanished:141 android.window.TaskOrganizer$1.lambda$onTaskVanished$6:317 android.window.TaskOrganizer$1.$r8$lambda$8ODi_1s42Z5SmyxWXsgMLDG64pA:0 android.window.TaskOrganizer$1$$ExternalSyntheticLambda0.run:0 
03-02 10:59:06.070  1621  4427 I ATMSImpl: cacheTasksForDefaultDisplay size=4
03-02 10:59:06.070  2363  2477 I MultiTaskingTaskRepository: onTaskVanish multi list = [5, 4], full = [37027, 37019, 36980]
03-02 10:59:06.070   894  1284 V EffectChain: addEffect_l effect 0xb400007410caab10, added in chain 0xb400007470cba930 at rank 0
03-02 10:59:06.070   894  1284 V EffectModule: configure_l 0xb400007410caab10 chain 0xb400007470cba930 buffer 0xb400007360ccafc0 framecount 768
03-02 10:59:06.071  1999 29002 D EventBus: No subscribers registered for event class com.miui.home.recents.messages.RecentTasksChangedEvent
03-02 10:59:06.071  1999 29002 D EventBus: No subscribers registered for event class org.greenrobot.eventbus.NoSubscriberEvent
03-02 10:59:06.071  1621  4763 W UserManagerService: Requested status bar icon for non-badged user 0
03-02 10:59:06.072   843 14567 I EffectMiSound: MiSound_updateState(), enable=1, hifi=0, device=0x2, headset=5, samplingRate=0
03-02 10:59:06.072   843 14567 I EffectMiSound: MiSound_updateState(), mode=0, music=0, movie=0, reset=1
03-02 10:59:06.072   843 14567 D EffectMiSound: MiSoundAurisys_SetParameter()
03-02 10:59:06.072   843 14567 I EffectMiSound: SetParam No.1
03-02 10:59:06.072   843 14567 D EffectMiSound: MiSound_updateShareParam enter
03-02 10:59:06.072   843 14567 I EffectMiSound: MiSound_updateState(), Speaker Dual Mode
03-02 10:59:06.072   843  3248 I EffectMiSound: MiSoundSetParameterThread: awake
03-02 10:59:06.072   921   921 I BufferQueueDebug: [Transition Root #10156: Task=37027#133697](this:0xb400007bcecdeca8,id:-1,api:0,p:-1,c:921) onDestructor()
03-02 10:59:06.072   843  3248 D EffectMiSound: Thread: setParam No.1 params MisoundEnable=1
03-02 10:59:06.072   843  3248 I EffectMiSound: MiSoundsetParameters_request: MisoundEnable=1
03-02 10:59:06.072   921   921 I SurfaceFlinger: onHandleDestroyed: name=ActivityRecord{85ae053 u0 com.softnation.Ojam/.MainActivity t37031}#133645, layerId=133645, parentId=0
03-02 10:59:06.072   921   921 I SurfaceFlinger: onHandleDestroyed: name=Task=37031#133701, layerId=133701, parentId=0
03-02 10:59:06.072   921   921 I SurfaceFlinger: onHandleDestroyed: name=db4d1e1 com.softnation.Ojam/com.softnation.Ojam.MainActivity#133652, layerId=133652, parentId=0
03-02 10:59:06.072   921   921 I SurfaceFlinger: onHandleDestroyed: name=com.softnation.Ojam/com.softnation.Ojam.MainActivity#133653, layerId=133653, parentId=0
03-02 10:59:06.072   921   921 I SurfaceFlinger: onHandleDestroyed: name=cce0e8d ActivityRecordInputSink com.softnation.Ojam/.MainActivity#133651, layerId=133651, parentId=0
03-02 10:59:06.073   843  3248 D EffectMiSound: clientRequest: socket 32 write to server 264
03-02 10:59:06.073   843  1078 W audio_hw_con: audio_handle_client_sock received client connect 33
03-02 10:59:06.073   843  1078 D audio_hw_con: [DEBUG] audio_con_thrad received param MisoundEnable=1
03-02 10:59:06.073  1621  4430 I ATMSImpl: cacheTasksForDefaultDisplay size=4
03-02 10:59:06.073   843  1078 D AudioALSAHardware: +setParameters(): MisoundEnable=1
03-02 10:59:06.073   843 14567 D AHAL_EffectMisound: commandImplstart, enable!
03-02 10:59:06.073   843  1078 D AudioALSAHardware: setParameters: [DEBUG] setParameters keyMisoundEnable: 1
03-02 10:59:06.074   894  1284 D AudioFlinger: moveEffectChain_ll: successful move of session 0 from srcThread 0xb400007612849fe8 to dstThread 0xb400007619fd2fe8 (1 effects moved, 1 effects started)
03-02 10:59:06.074   843  1078 D AudioALSAHardware: -setParameters(): MisoundEnable=1
03-02 10:59:06.074   894  1284 W AudioFlinger: moveEffectChain_ll: effect chain for session 0 not on source thread 0xb400007612849fe8
03-02 10:59:06.074   843  3248 I EffectMiSound: MiSoundSetParameterThread: sleep
03-02 10:59:06.074  1621  1651 D MiuiRefreshRatePolicy: reset
03-02 10:59:06.076   894  1284 I APM_AudioPolicyManager: isSpecialScenarioGame ClientName com.softnation.Ojam
03-02 10:59:06.076   894  1349 D audioserver: logFgsApiEnd: FGS Logger Transaction failed, -129
03-02 10:59:06.076   894  1349 I EffectChain: ~EffectChain(): delete EffectChain = 0xb400007470cabbd0
03-02 10:59:06.077   894  1349 D StreamHalAidl: setParameters: parameters: "NoAudioTrack=1"
03-02 10:59:06.077   894  1349 D StreamHalAidl: setParameters: parameters: NoAudioTrack=1
03-02 10:59:06.077   894  1284 V audio_utils::mutex: mutex_impl: audio_mutex initialized: ret:0  order:6
03-02 10:59:06.077  1999  2684 D RecentsModel: getRunningTask ignoreActivityType : 2 ,ignoreWindowMode:5
03-02 10:59:06.078  1999  2684 W RecentsModel: getRunningTask   taskInfo=TaskInfo{userId=0 taskId=37027 displayId=0 isRunning=true baseIntent=Intent { flg=0x14850000 pkg=com.google.android.googlequicksearchbox cmp=com.google.android.googlequicksearchbox/com.google.android.apps.search.assistant.surfaces.voice.robin.ui.floaty.activity.FloatyActivity } baseActivity=ComponentInfo{com.google.android.googlequicksearchbox/com.google.android.apps.search.assistant.surfaces.voice.robin.ui.floaty.activity.FloatyActivity} topActivity=ComponentInfo{com.google.android.googlequicksearchbox/com.google.android.apps.search.assistant.surfaces.voice.robin.ui.floaty.activity.FloatyActivity} origActivity=null realActivity=ComponentInfo{com.google.android.googlequicksearchbox/com.google.android.apps.search.assistant.surfaces.voice.robin.ui.floaty.activity.FloatyActivity} numActivities=1 lastActiveTime=1028505495 supportsSplitScreenMultiWindow=true supportsMultiWindow=true resizeMode=2 isResizeable=true minWidth=-1 minHeight=-1 defaultMinSize=200 token=WCT{android.window.IWindowContainerToken$Stub$Proxy@c121c90} topActivityType=1 pictureInPictureParams=null shouldDockBigOverlays=false launchIntoPipHostTaskId=-1 lastParentTaskIdBeforePip=-1 displayCutoutSafeInsets=null topActivityInfo=ActivityInfo{fca3989 com.google.android.apps.search.assistant.surfaces.voice.robin.ui.floaty.activity.FloatyActivity} launchCookies=[] positionInParent=Point(0, 0) parentTaskId=-1 isFocused=true isVisible=true isVisibleRequested=true isSleeping=false locusId=null displayAreaFeatureId=1 isTopActivityTransparent=true appCompatTaskInfo=AppCompatTaskInfo { topActivityInSizeCompat=false topActivityEligibleForLetterboxEducation= falseisLetterboxEducationEnabled= false isLetterboxDoubleTapEnabled= false topActivityEligibleForUserAspectRatioButton= false topActivityBoundsLetterboxed= false isFromLetterboxDoubleTap= false topActivityLetterboxVerticalPosition= -1 topActivityLetterboxHorizontalPosition= -1 topActivityLetterboxWidth=1080 topActivityLetterboxHeight=2460 isUserFullscreenOverrideEnabled=false isSystemFullscreenOverrideEnabled=false cameraCompatTaskInfo=CameraCompatTaskInfo { cameraCompatControlState=hidden freeformCameraCompatMode=inactive}} isImmersive=false mTopActivityRequestOrientation=-2 mBehindAppLockPkg=null mOriginatingUid=0 isEmbedded=false shouldBeVisible=true mIsCastMode=false mTopActivityMediaSize=null mTopActivityRecordName=ActivityRecord{6d71709 u0 com.google.android.googlequicksearchbox/com.google.android.apps.search.assistant.surfaces.voice.robin.ui.floaty.activity.FloatyActivity t37027} mTopActivityOrientation=-1}
03-02 10:59:06.078   894  1283 D AudioSystem: +setParameters(): app_name=-com.softnation.Ojam 
03-02 10:59:06.078   894  1283 D AudioSystem: start get log level!
03-02 10:59:06.078  1999  2684 D RecentsModel: preloadRecents runningTaskId:37027, mCurrentRunningTaskId:-1, mRecentsTaskLoadPlan=com.android.systemui.shared.recents.model.RecentsTaskLoadPlan@f986d8e
03-02 10:59:06.078  1621  1651 I ActivityTaskManager: visible for Task{27e6aff #2 type=home I=com.miui.home/.launcher.Launcher} visible = true isAnimating = false TRANSITION = false PARENTS = false CHILDREN = false
03-02 10:59:06.078  1621  1651 I ActivityTaskManager: visible for Task{d151cdd #1 type=home} visible = true isAnimating = false TRANSITION = false PARENTS = false CHILDREN = false
03-02 10:59:06.078  1621  1651 I ActivityTaskManager: visible for Task{ba1f32f #37027 type=standard I=com.google.android.googlequicksearchbox/com.google.android.apps.search.assistant.surfaces.voice.robin.ui.floaty.activity.FloatyActivity} visible = true isAnimating = false TRANSITION = false PARENTS = false CHILDREN = false
03-02 10:59:06.079  1999  2684 E ActivityManagerWrapper: get all recent tasks force including 37027
03-02 10:59:06.079   843 14567 D AudioALSAHardware: +setParameters(): app_name=-com.softnation.Ojam
03-02 10:59:06.079   843 14567 D AudioALSAHardware: setParameters: [DEBUG] setParameters misound AppName: -com.softnation.Ojam
03-02 10:59:06.079   843 14567 I AudioALSAHardware: updateMisoundMode() mMisoundScenario 4, devices 0x23, mMisoundEnable 1, targetScenario ALL
03-02 10:59:06.079   843 14567 D AudioALSAHardware: -setParameters(): app_name=-com.softnation.Ojam
03-02 10:59:06.081  1621  1636 W XSpaceManagerServiceImpl: checkXSpaceControl, from:com.android.shell, to:com.softnation.Ojam, with act:null, callingUserId:0, toUserId:0
03-02 10:59:06.081  1621  4427 W UserManagerService: Requested status bar icon for non-badged user 0
03-02 10:59:06.081   843 14567 D AHAL_ModuleBluetooth: setVendorParameters: parameter count 1, async: 0
03-02 10:59:06.081   843 14567 D AHAL_ModuleBluetooth: setVendorParameters: app_name=-com.softnation.Ojam
03-02 10:59:06.082   894  1284 V audio_utils::mutex: mutex_impl: audio_mutex initialized: ret:0  order:6
03-02 10:59:06.082  1621  1636 W ActivityTaskManager: callingPackage for (uid=2000, pid=11528) has no WPC
03-02 10:59:06.083   894  1283 D AudioSystem: +setParameters(): app_name=-com.softnation.Ojam 
03-02 10:59:06.083   894  1283 D AudioSystem: start get log level!
03-02 10:59:06.083   894  1283 V audio_utils::mutex: mutex_impl: audio_mutex initialized: ret:0  order:20
03-02 10:59:06.085  1621  1636 D PreStartingManager: Not init when use PreStartingManager!
03-02 10:59:06.085  1621  1636 W OptProp : Cannot read opt property android.window.PROPERTY_COMPAT_ALLOW_ORIENTATION_OVERRIDE
03-02 10:59:06.085  1621  4763 D AS.BtHelper: isBluetoothScoOn() mBluetoothHeadset is null: falsemBluetoothHeadsetDevice is null: true
03-02 10:59:06.085  1621  4763 V AS.AudioDeviceBroker: requestedCommunicationDevice: null mAudioModeOwner: AudioModeInfo: mMode=MODE_NORMAL, mPid=0, mUid=0
03-02 10:59:06.085  1999  2684 D ActivityManagerWrapper: groupedRecentTaskInfoCompat.getMainTaskId :37027, isExcluded is True
03-02 10:59:06.085  1621  1636 V GrammaticalInflectionUtils: AttributionSource: android.content.AttributionSource@19923ceb does not have READ_SYSTEM_GRAMMATICAL_GENDER permission.
03-02 10:59:06.086  1999  2684 E ActivityManagerWrapper: getRecentTasksForceIncludingTaskIdIfValid: getRecentTasks: size=4
03-02 10:59:06.086  1999  2684 E ActivityManagerWrapper:  mainTaskId=37027   userId=0   windowMode=1   baseIntent=Intent { act=null flag=344260608 cmp=ComponentInfo{com.google.android.googlequicksearchbox/com.google.android.apps.search.assistant.surfaces.voice.robin.ui.floaty.activity.FloatyActivity} }
03-02 10:59:06.086  1999  2684 E ActivityManagerWrapper:  mainTaskId=37031   userId=0   windowMode=1   baseIntent=Intent { act=null flag=268435456 cmp=ComponentInfo{com.softnation.Ojam/com.softnation.Ojam.MainActivity} }
03-02 10:59:06.086  1999  2684 E ActivityManagerWrapper:  mainTaskId=37019   userId=0   windowMode=1   baseIntent=Intent { act=null flag=268435456 cmp=ComponentInfo{com.whatsapp/com.whatsapp.home.ui.HomeActivity} }
03-02 10:59:06.086  1999  2684 E ActivityManagerWrapper:  mainTaskId=36980   userId=0   windowMode=1   baseIntent=Intent { act=android.intent.action.MAIN flag=270532608 cmp=ComponentInfo{com.twitter.android/com.twitter.android.StartActivity} }
03-02 10:59:06.086  1621  4763 D AS.BtHelper: isBluetoothScoOn() mBluetoothHeadset is null: falsemBluetoothHeadsetDevice is null: true
03-02 10:59:06.086  1621  4763 V AS.AudioDeviceBroker: requestedCommunicationDevice: null mAudioModeOwner: AudioModeInfo: mMode=MODE_NORMAL, mPid=0, mUid=0
03-02 10:59:06.086  1621  1636 W OptProp : Cannot read opt property android.window.PROPERTY_COMPAT_ALLOW_RESIZEABLE_ACTIVITY_OVERRIDES
03-02 10:59:06.086  1621  1636 W OptProp : Cannot read opt property android.window.PROPERTY_COMPAT_ALLOW_MIN_ASPECT_RATIO_OVERRIDE
03-02 10:59:06.088   921   921 I BufferQueueDebug: [ActivityRecord{85ae053 u0 com.softnation.Ojam/.MainActivity t37031}#133645](this:0xb400007bcec45048,id:-1,api:0,p:-1,c:921) onDestructor()
03-02 10:59:06.089   921   921 I BufferQueueDebug: [com.softnation.Ojam/com.softnation.Ojam.MainActivity#133653](this:0xb400007bcec64578,id:-1,api:0,p:-1,c:921) onDestructor()
03-02 10:59:06.089   921  1484 E BpTransactionCompletedListener: Failed to transact (-32)
03-02 10:59:06.089  1621  1636 I ActivityTaskManager: isKeyguardEditor: false, newTransition: TransitionRecord{9722fa7 id=10157 type=OPEN flags=0x0}
03-02 10:59:06.090  1621  1636 D WindowManager: Collecting in transition 10157: ActivityRecord{24d5c54 u0 com.softnation.Ojam/.MainActivity init visibleRequested:false
03-02 10:59:06.090   921   921 I BufferQueueDebug: [cce0e8d ActivityRecordInputSink com.softnation.Ojam/.MainActivity#133651](this:0xb400007bceca8af8,id:-1,api:0,p:-1,c:921) onDestructor()
03-02 10:59:06.090  1621  1636 D MiuiFreeformServiceImpl: addLaunchFreeformActivityOptionIfNeed skip due to not find sourceTask: null sourceFfas: null sourceFreeFormActivity: null
03-02 10:59:06.090   921   921 I BufferQueueDebug: [Task=37031#133701](this:0xb400007bcecb4138,id:-1,api:0,p:-1,c:921) onDestructor()
03-02 10:59:06.090   921   921 I BufferQueueDebug: [db4d1e1 com.softnation.Ojam/com.softnation.Ojam.MainActivity#133652](this:0xb400007bcecd08d8,id:-1,api:0,p:-1,c:921) onDestructor()
03-02 10:59:06.092  1621  1636 I PowerHalWrapper: PowerHalWrapper.getInstance 
03-02 10:59:06.092  1621  1636 D PerfMTKStubImpl: initBoostParamByDevice
03-02 10:59:06.093  2363  2477 D OneHandedController: stopOneHanded state is 0
03-02 10:59:06.093  1999  2684 D WorldCirculate: getWorldCirculateInfo, taskInfo.baseIntent=Intent { flg=0x10000000 cmp=com.softnation.Ojam/.MainActivity }, displayId=-1, but get Display failed
03-02 10:59:06.093   921  1166 I BufferQueueDebug: [Task=37032#133702](this:0xb400007bcec25b18,id:-1,api:0,p:-1,c:-1) BufferQueue core=(921:/system/bin/surfaceflinger)
03-02 10:59:06.094  1621  1636 D WindowManager: setLockTaskAuth: task=Task{c881f43 #37032 type=standard A=10337:com.softnation.Ojam} mLockTaskAuth=LOCK_TASK_AUTH_PINNABLE
03-02 10:59:06.094  1621  1636 D WindowManager: Collecting in transition 10157: Task{c881f43 #37032 type=standard A=10337:com.softnation.Ojam} init visibleRequested:false
03-02 10:59:06.096   921  1166 I BufferQueueDebug: [ActivityRecord{24d5c54 u0 com.softnation.Ojam/.MainActivity t37032}#133703](this:0xb400007bceca8af8,id:-1,api:0,p:-1,c:-1) BufferQueue core=(921:/system/bin/surfaceflinger)
03-02 10:59:06.096   894  1349 D StreamHalAidl: setParameters: parameters: "app_name=-com.softnation.Ojam"
03-02 10:59:06.096   894  1349 D StreamHalAidl: setParameters: parameters: app_name=-com.softnation.Ojam
03-02 10:59:06.097   843 14567 D AudioALSAStreamOut: +setParameters(): flag 8
03-02 10:59:06.097   843 14567 W AudioALSAStreamOut: setParameters(), still have param.size() = 1
03-02 10:59:06.097   843 14567 E AHAL_Stream: setVendorParameters: unrecognized parameter "app_name=-com.softnation.Ojam"
03-02 10:59:06.097  1621  1636 D WindowManager: setLockTaskAuth: task=Task{c881f43 #37032 type=standard A=10337:com.softnation.Ojam} mLockTaskAuth=LOCK_TASK_AUTH_PINNABLE
03-02 10:59:06.097   894  1349 E ConversionHelperAidl: Function: parseAndSetVendorParameters Line: 107 Failed 
03-02 10:59:06.097  1621  1636 D MiuiFreeFormManagerService: onStartActivityInner as = Task{c881f43 #37032 type=standard A=10337:com.softnation.Ojam} op = null
03-02 10:59:06.098   894  1284 V AudioPolicyInterfaceImpl: doStopOutput(): client portId 8467, active 0, ActiveClientRefCount 0
03-02 10:59:06.098   894  1284 V AudioPolicyInterfaceImpl: doReleaseOutput from tid 1284
03-02 10:59:06.098   894  1284 D APM_AudioPolicyManager: releaseOutput() output 21, stream 3, session 57521 [uid=10337]
03-02 10:59:06.099   863   909 I mtkpower@impl: [setMode] type:5, enabled:1
03-02 10:59:06.099  1621  1636 D ActivityTaskManager: Task#startActivityLocked isOrhasTask=true newTask=true
03-02 10:59:06.100   863   958 I libPowerHal: [perfLockAcq] idx:1 hdl:365583 hint:77 pid:863 tid:863 duration:30000 lock_user:vendor.mediatek => ret_hdl:365583
03-02 10:59:06.100   863   958 I ThermalBreakConfigReader: [getTargetfreqinfo] [getTargetfreqinfo] hint get target result freq:boost:1 cpu0:1800000 cpu6:2000000 cpumask:ff
03-02 10:59:06.100   863   958 I ExtendedPerfBoost: [thermalbreak_verification] needbreak curr breakmode 1, scence id 0, set: boost:1 cpu0:1800000 cpu6:2000000 cpumask:ff
03-02 10:59:06.100   863   958 I ExtendedPerfBoost: [triggerList_add] [triggerList_add] come into triggerList_add
03-02 10:59:06.100   863   958 I ExtendedPerfBoost: [triggerList_add] get item from freelist 0x6fcc5ba018
03-02 10:59:06.100   863   958 I ExtendedPerfBoost: [triggerList_add] init new item prio:2, duration:3000, param:boost:1 cpu0:1800000 cpu6:2000000 cpumask:ff
03-02 10:59:06.100   863   958 I ExtendedPerfBoost: [triggerList_add] add item prio in empty list
03-02 10:59:06.100   863   958 I ExtendedPerfBoost: [trig_thermalbreak] trigger one node
03-02 10:59:06.100   863   958 I ExtendedUtils: [timer_sampling_set] come in timer_sampling_set, duration :3000
03-02 10:59:06.100   863   958 I ExtendedUtils: [settimer] come in settimer, time_now :610739649, time_end: 610742649
03-02 10:59:06.100   863   958 I ExtendedPerfBoost: [setThermalBreak] [setThermalBreak] : boost:1 cpu0:1800000 cpu6:2000000 cpumask:ff
03-02 10:59:06.100  1999  2684 D RecentsModel: onTaskStackChangedBackground    MSG_TASK_STACK_CHANGE
03-02 10:59:06.100  1999  2684 D RecentsModel: boostTaskStackChangedThread, don't boost
03-02 10:59:06.101  1621  1636 I WindowManager: Try to add startingWindow type = STARTING_WINDOW_TYPE_SPLASH_SCREEN this = ActivityRecord{24d5c54 u0 com.softnation.Ojam/.MainActivity t37032} preAllowTaskSnapshot = true afterAllowTaskSnapshot = true newTask = true taskSwitch = true processRunning = false activityCreated = false activityAllDrawn = false isSnapshotCompatible = false resolvedTheme = 2131952195 theme = 2131952195
03-02 10:59:06.101   863   958 I libPowerHal: [perfLockAcq] Done for hdl : 365583
03-02 10:59:06.102  1621  1636 D PreStartingManager: Not init when use PreStartingManager!
03-02 10:59:06.102  1621  1636 I PowerHalWrapper: amsBoostNotify pid:13966,activity:com.google.android.apps.search.assistant.surfaces.voice.robin.ui.floaty.activity.FloatyActivity, package:com.google.android.googlequicksearchbox, mProcessCreatePackcom.softnation.Ojam 
03-02 10:59:06.102  1621  1636 I PowerHalWrapper: state: 0 
03-02 10:59:06.103  1621  1636 I mtkpower_client: [PowerHal_Wrap_notifyAppState] com.google.android.googlequicksearchbox/com.google.android.apps.search.assistant.surfaces.voice.robin.ui.floaty.activity.FloatyActivity pid=13966 activityId:114759433 state:0
03-02 10:59:06.104   861   861 I vendor.mediatek.hardware.mtkpower_applist-service.mediatek: packName: com.google.android.googlequicksearchbox actName: com.google.android.apps.search.assistant.surfaces.voice.robin.ui.floaty.activity.FloatyActivity pid: 13966 activityId: 114759433 uid: 10165 state: 0
03-02 10:59:06.104   861   861 I MTK_APPList: [notifyAPPstate] com.google.android.googlequicksearchbox/com.google.android.apps.search.assistant.surfaces.voice.robin.ui.floaty.activity.FloatyActivity, pid=13966, activityId=114759433, uid=10165, state:PAUSED, fps:-1, win:1
03-02 10:59:06.104   861   861 I MTK_APPList: [notifyAPPstate] multi_resumed_app_count: 1
03-02 10:59:06.104   861   861 I MTK_APPList: [notifyAPPstate] multi_resumed_app_info[0] com.android.systemui/com.android.systemui._190038181, pid:2363, activityId:-1, fps:-1, isMultiWindow:0
03-02 10:59:06.104   861   861 I MTK_APPList: [getForegroundAPPCount] 1
03-02 10:59:06.104   861   861 I MTK_APPList: [notifyNetdUID] 10165
03-02 10:59:06.104  1621  1636 I PowerHalWrapper: amsBoostNotify AMS_BOOST_PROCESS_CREATE_BOOST:false 
03-02 10:59:06.105   861   861 I MTK_APPList: [notifyPID] 13966
03-02 10:59:06.106  1621  1636 D WindowManager: Collecting in transition 10157: ActivityRecord{24d5c54 u0 com.softnation.Ojam/.MainActivity t37032} init visibleRequested:false
03-02 10:59:06.106   863   958 I libPowerHal: [perfSetSysInfo] pid type:24, 13966
03-02 10:59:06.107  1621  1636 I ActivityTaskManager: START u0 {flg=0x10000000 cmp=com.softnation.Ojam/.MainActivity} with LAUNCH_SINGLE_TASK from uid 2000 from pid 11528 callingPackage com.android.shell (BAL_ALLOW_PERMISSION) result code=0
03-02 10:59:06.108  1621  1651 I ActivityTaskManager: visible for Task{27e6aff #2 type=home I=com.miui.home/.launcher.Launcher} visible = true isAnimating = false TRANSITION = false PARENTS = false CHILDREN = false
03-02 10:59:06.108  1621  1651 I ActivityTaskManager: visible for Task{d151cdd #1 type=home} visible = true isAnimating = false TRANSITION = false PARENTS = false CHILDREN = false
03-02 10:59:06.109   921  1166 D SurfaceFlinger: [SF client] NEW(0xb400007caea3b890) for (2363:com.android.systemui)
