03-02 10:59:06.826 14013 14013 D BLASTBufferQueue: [VRI[LauncherMinusOneScreen]#15](f:0,a:1) destructor()
03-02 10:59:06.826   921  2359 I BpBinder: onLastStrongRef automatically unlinking death recipients: 
03-02 10:59:06.827  1999  2684 D RecentsModel: onTaskStackChangedBackground    MSG_TASK_STACK_CHANGE
03-02 10:59:06.827 14013 14013 D BufferQueueConsumer: [VRI[LauncherMinusOneScreen]#15(BLAST Consumer)15](id:36bd0000000f,api:0,p:-1,c:14013) disconnect
03-02 10:59:06.828  1999  2684 D RecentsModel: boostTaskStackChangedThread once, tid=2684, recentResourceLoaderTid=2525
03-02 10:59:06.828  1999  2684 W MiBridge: Permission not granted !!
03-02 10:59:06.828  1999  2684 D Launcher.Boost: setDynamicVIPTaskIfNeeded::tid = 2684 duration = 500
03-02 10:59:06.834  1621  4763 W UserManagerService: Requested status bar icon for non-badged user 0
03-02 10:59:06.836  1621  4430 D MiuiRefreshRatePolicy: reset
03-02 10:59:06.845   921   921 I SurfaceFlinger: onHandleDestroyed: name=b724b3 ActivityRecordInputSink com.miui.home/.launcher.Launcher#133698, layerId=133698, parentId=0
03-02 10:59:06.846   921   921 I SurfaceFlinger: onHandleDestroyed: name=cb85cd3 ActivityRecordInputSink com.google.android.googlequicksearchbox/com.google.android.apps.search.assistant.surfaces.voice.robin.ui.floaty.activity.FloatyActivity#133699, layerId=133699, parentId=0
03-02 10:59:06.847  1621  2197 D MiuiRefreshRatePolicy: reset
03-02 10:59:06.849  1999  1999 D BLASTBufferQueue: [VRI[Launcher]#1195](f:0,a:1) destructor()
03-02 10:59:06.849   849  1423 W hwcomposer: [DRMDEV] paramIsSame(), id 34775, w 1080/1080, h 2460/2460, pitch 1088/1088, format 0x1/0x2, secure 0/0  
03-02 10:59:06.849   921  1166 I BpBinder: onLastStrongRef automatically unlinking death recipients: 
03-02 10:59:06.849  1999  1999 D BufferQueueConsumer: [VRI[Launcher]#1195(BLAST Consumer)1195](id:7cf00000573,api:0,p:-1,c:1999) disconnect
03-02 10:59:06.852 13966 13966 D BLASTBufferQueue: [VRI[FloatyActivity]#4](f:0,a:3) destructor()
03-02 10:59:06.852  1621  2834 I ATMSImpl: cacheTasksForDefaultDisplay size=5
03-02 10:59:06.853   921  1500 I BpBinder: onLastStrongRef automatically unlinking death recipients: 
03-02 10:59:06.853 13966 13966 D BufferQueueConsumer: [VRI[FloatyActivity]#4(BLAST Consumer)4](id:368e00000004,api:0,p:-1,c:13966) disconnect
03-02 10:59:06.856  1621  1731 I ATMSImpl: cacheTasksForDefaultDisplay size=5
03-02 10:59:06.857   921   921 I BufferQueueDebug: [b724b3 ActivityRecordInputSink com.miui.home/.launcher.Launcher#133698](this:0xb400007bceca2fd8,id:-1,api:0,p:-1,c:921) onDestructor()
03-02 10:59:06.858   921   921 I BufferQueueDebug: [cb85cd3 ActivityRecordInputSink com.google.android.googlequicksearchbox/com.google.android.apps.search.assistant.surfaces.voice.robin.ui.floaty.activity.FloatyActivity#133699](this:0xb400007bcecc2508,id:-1,api:0,p:-1,c:921) onDestructor()
03-02 10:59:06.858  1621  2662 I SmartPower: com.mi.globalminusscreen/10162(11917): visible->invisible(1359ms) R(become invisible) adj=100.
03-02 10:59:06.858  1621  2662 I SmartPower: com.mi.globalminusscreen/10162(11917): invisible->background(0ms) R(become background) adj=100.
03-02 10:59:06.859  1999  2684 D RecentsModel: getRunningTask ignoreActivityType : 2 ,ignoreWindowMode:5
03-02 10:59:06.859  1999  2684 W RecentsModel: getRunningTask   taskInfo=TaskInfo{userId=0 taskId=37032 displayId=0 isRunning=true baseIntent=Intent { flg=0x10000000 cmp=com.softnation.Ojam/.MainActivity } baseActivity=ComponentInfo{com.softnation.Ojam/com.softnation.Ojam.MainActivity} topActivity=ComponentInfo{com.softnation.Ojam/com.softnation.Ojam.MainActivity} origActivity=null realActivity=ComponentInfo{com.softnation.Ojam/com.softnation.Ojam.MainActivity} numActivities=1 lastActiveTime=1028506277 supportsSplitScreenMultiWindow=true supportsMultiWindow=true resizeMode=1 isResizeable=true minWidth=-1 minHeight=-1 defaultMinSize=200 token=WCT{android.window.IWindowContainerToken$Stub$Proxy@8ad067f} topActivityType=1 pictureInPictureParams=null shouldDockBigOverlays=false launchIntoPipHostTaskId=-1 lastParentTaskIdBeforePip=-1 displayCutoutSafeInsets=null topActivityInfo=ActivityInfo{ee0a64c com.softnation.Ojam.MainActivity} launchCookies=[] positionInParent=Point(0, 0) parentTaskId=-1 isFocused=false isVisible=true isVisibleRequested=true isSleeping=false locusId=null displayAreaFeatureId=1 isTopActivityTransparent=false appCompatTaskInfo=AppCompatTaskInfo { topActivityInSizeCompat=false topActivityEligibleForLetterboxEducation= falseisLetterboxEducationEnabled= false isLetterboxDoubleTapEnabled= false topActivityEligibleForUserAspectRatioButton= false topActivityBoundsLetterboxed= false isFromLetterboxDoubleTap= false topActivityLetterboxVerticalPosition= -1 topActivityLetterboxHorizontalPosition= -1 topActivityLetterboxWidth=1080 topActivityLetterboxHeight=2460 isUserFullscreenOverrideEnabled=false isSystemFullscreenOverrideEnabled=false cameraCompatTaskInfo=CameraCompatTaskInfo { cameraCompatControlState=hidden freeformCameraCompatMode=inactive}} isImmersive=false mTopActivityRequestOrientation=1 mBehindAppLockPkg=null mOriginatingUid=0 isEmbedded=false shouldBeVisible=true mIsCastMode=false mTopActivityMediaSize=null mTopActivityRecordName=ActivityRecord{24d5c54 u0 com.softnation.Ojam/.MainActivity t37032} mTopActivityOrientation=1}
03-02 10:59:06.859  1999  2684 D RecentsModel: preloadRecents runningTaskId:37032, mCurrentRunningTaskId:-1, mRecentsTaskLoadPlan=com.android.systemui.shared.recents.model.RecentsTaskLoadPlan@31a2695
03-02 10:59:06.859  1621  1922 I SmartPower: com.google.android.adservices.api/10261(5464): idle->background(84361ms) R(add to whitelist) adj=0.
03-02 10:59:06.860  1621  2662 D MiuiRefreshRatePolicy: reset
03-02 10:59:06.860  1999  2684 E ActivityManagerWrapper: get all recent tasks force including 37032
03-02 10:59:06.860  1621  1922 I SmartPower: com.google.android.webview:sandboxed_process0:org.chromium.content.app.SandboxedPridle->background(84362ms) R(add to whitelist) adj=100.
03-02 10:59:06.861  1621  2188 D FileUtils: Rounded bytes from 8055762944 to 16000000000
03-02 10:59:06.864 11917 11917 D BLASTBufferQueue: [VRI[globalminusscreen]#36](f:0,a:1) destructor()
03-02 10:59:06.864   921  1500 I BpBinder: onLastStrongRef automatically unlinking death recipients: 
03-02 10:59:06.865 11917 11917 D BufferQueueConsumer: [VRI[globalminusscreen]#36(BLAST Consumer)36](id:2e8d00000024,api:0,p:-1,c:11917) disconnect
03-02 10:59:06.867  1621  1651 I ActivityTaskManager: visible for Task{c881f43 #37032 type=standard A=10337:com.softnation.Ojam} visible = true isAnimating = false TRANSITION = false PARENTS = false CHILDREN = false
03-02 10:59:06.868  1621  2192 W UserManagerService: Requested status bar icon for non-badged user 0
03-02 10:59:06.869 13966  4809 V ClearcutMetricXmitter: Transmission is done.
03-02 10:59:06.869  1621  2834 I ATMSImpl: cacheTasksForDefaultDisplay size=5
03-02 10:59:06.870  1621  2192 W UserManagerService: Requested status bar icon for non-badged user 0
03-02 10:59:06.872  1621  1651 I ActivityTaskManager: visible for Task{c881f43 #37032 type=standard A=10337:com.softnation.Ojam} visible = true isAnimating = false TRANSITION = false PARENTS = false CHILDREN = false
03-02 10:59:06.874  1999  2684 D ActivityManagerWrapper: groupedRecentTaskInfoCompat.getMainTaskId :37027, isExcluded is True
03-02 10:59:06.874  1999  2684 E ActivityManagerWrapper: getRecentTasksForceIncludingTaskIdIfValid: getRecentTasks: size=4
03-02 10:59:06.874  1999  2684 E ActivityManagerWrapper:  mainTaskId=37032   userId=0   windowMode=1   baseIntent=Intent { act=null flag=268435456 cmp=ComponentInfo{com.softnation.Ojam/com.softnation.Ojam.MainActivity} }
03-02 10:59:06.874  1999  2684 E ActivityManagerWrapper:  mainTaskId=37027   userId=0   windowMode=1   baseIntent=Intent { act=null flag=344260608 cmp=ComponentInfo{com.google.android.googlequicksearchbox/com.google.android.apps.search.assistant.surfaces.voice.robin.ui.floaty.activity.FloatyActivity} }
03-02 10:59:06.874  1999  2684 E ActivityManagerWrapper:  mainTaskId=37019   userId=0   windowMode=1   baseIntent=Intent { act=null flag=268435456 cmp=ComponentInfo{com.whatsapp/com.whatsapp.home.ui.HomeActivity} }
03-02 10:59:06.874  1999  2684 E ActivityManagerWrapper:  mainTaskId=36980   userId=0   windowMode=1   baseIntent=Intent { act=android.intent.action.MAIN flag=270532608 cmp=ComponentInfo{com.twitter.android/com.twitter.android.StartActivity} }
03-02 10:59:06.875 13966  4809 V ClearcutMetricXmitter: Transmission is done.
03-02 10:59:06.883  1999  2684 D TaskSnapshotCompatVV: getIsInvalidateFromTaskSnapshot, return, mTaskSnapshot=null, mTaskSnapshotClazz=null
03-02 10:59:06.886  1621  2834 D skia    : SkJpegCodec::onGetPixels + (648, 1476)
03-02 10:59:06.901  1621  2834 D skia    : SkJpegCodec::onGetPixels -
03-02 10:59:06.904   921   921 I BufferQueueProducer: [NavigationBar0#101619](this:0xb400007bced454e8,id:-1,api:0,p:-1,c:921) queueBuffer: fps=12.35 dur=1214.19 max=981.85 min=15.35
03-02 10:59:06.907   894  1349 D StreamHalAidl: 0xb400007450ca2e50 StreamOutHalAidl::standby
03-02 10:59:06.907   894  1349 D StreamHalAidl: 0xb400007450ca2e50 StreamOutHalAidl::pause
03-02 10:59:06.907   843  1348 D AHAL_Stream: cycle: received command Command{pause: Void{}} in writer
03-02 10:59:06.907   843  1348 I AHAL_Stream: pause()
03-02 10:59:06.907   843  1348 D MTKAdapterStreamLayer: pause(), 
03-02 10:59:06.908   843  1348 D AudioALSAStreamOut: pause() 0xb40000786189f7d0
03-02 10:59:06.908   843  1348 D AHAL_Stream: cycle: writing reply Reply{status: 0, fmqByteCount: 0, observable: Position{frames: 4777187440, timeNs: 610740457132632}, hardware: Position{frames: -1, timeNs: -1}, latencyMs: 85, xrunFrames: 0, state: PAUSED}
03-02 10:59:06.908   894  1349 D StreamHalAidl: 0xb400007450ca2e50 StreamOutHalAidl::flush
03-02 10:59:06.908   843  1348 D AHAL_Stream: cycle: received command Command{flush: Void{}} in writer
03-02 10:59:06.908   843  1348 I AHAL_Stream: flush()
03-02 10:59:06.908   843  1348 D MTKAdapterStreamLayer: flush(), 
03-02 10:59:06.908   843  1348 D AudioALSAStreamOut: flush() 0xb40000786189f7d0
03-02 10:59:06.908   843  1348 D AHAL_Stream: cycle: writing reply Reply{status: 0, fmqByteCount: 0, observable: Position{frames: 4777187468, timeNs: 610740457720632}, hardware: Position{frames: -1, timeNs: -1}, latencyMs: 85, xrunFrames: 0, state: IDLE}
03-02 10:59:06.909   843  1348 D AHAL_Stream: cycle: received command Command{standby: Void{}} in writer
03-02 10:59:06.909   843  1348 D AudioALSAStreamOut: standby(), flag 8
03-02 10:59:06.909   843  1348 D AudioALSAStreamOut: standbyStreamOut(), halRequest 0, mDestroy 0, flag 8
03-02 10:59:06.909   843  1348 D AudioALSAStreamOut: close_l(), flags 8
03-02 10:59:06.909   843  1348 D AudioALSAHardware: [DEBUG] setDeviceStatusChanged: devices=[0x2], isOpen=[0], isFast=[0]
03-02 10:59:06.910   843  1348 D AudioALSAPlaybackHandlerMixer: close(+), source flag 8, mDevice = 0x2, buffer_size 16384
03-02 10:59:06.910   843  1348 D audio_sw_mixer: sw_mixer_source_detach(), MIXER_PLAYBACK  , name T_DEEP
03-02 10:59:06.910   843  1348 D audio_sw_mixer: sw_mixer_manager_destroy_path(), MIXER_PLAYBACK  , path T_DEEP=>T_PRIMARY
03-02 10:59:06.910   843  1348 D audio_sw_mixer: dump_path_list(), MIXER_PLAYBACK  , no path
03-02 10:59:06.910   843  1348 D audio_sw_mixer: sw_mixer_target_detach(), MIXER_PLAYBACK  , name T_PRIMARY
03-02 10:59:06.910   843  1058 D audio_sw_mixer: sw_mixer_wait_to_mix(), MIXER_PLAYBACK  , target T_PRIMARY    thread exit direct mode
03-02 10:59:06.911   843  1058 D audio_sw_mixer: sw_mixer_mix_thread(), thread mix1:0 idle
03-02 10:59:06.911   843  1348 D AudioALSAPlaybackHandlerNormal: +close(), flag = 8, mDevice = 0x2
03-02 10:59:06.911   843  1348 D AudioALSAHardwareResourceManager: +stopOutputDevice(), mOutputDevices = 0x2, mStartOutputDevicesCount = 69
03-02 10:59:06.913  1999  2684 D TaskSnapshotCompatVV: getIsInvalidateFromTaskSnapshot, isInvalidate=false
03-02 10:59:06.914   843  1348 D AudioALSAPlaybackHandlerBase: -closePcmDriver(), mPcm = 0x0
03-02 10:59:06.914   843  1348 D AudioALSADeviceConfigManager: ApplyDeviceTurnoffSequenceByName(), DeviceName = PLAYBACK2_TO_ADDA_DL descriptor->DeviceStatusCounter = 1, Ctlsize=4
03-02 10:59:06.914   843  1348 D AudioALSAPlaybackHandlerBase: DestroyAurisysLibManager()
03-02 10:59:06.914   843  1348 D aurisys_lib_handler: aurisys_arsi_destroy_handler(), lib_name aurisys_demo, 0xb4000078818975c0, arsi_destroy_handler, arsi_handler = 0xb40000788189bf10, retval = 0
03-02 10:59:06.914   843  1348 D sixth_if_gift: sixth_arsi_destroy_handler : run !!!
03-02 10:59:06.914   843  1348 E sixth_if_gift: sixth_vdd_timer_stop, timer not start
03-02 10:59:06.914   843  1348 D sixth_if_gift: tuning_misc_dev_close : run !!!
03-02 10:59:06.914   843  1348 D sixth_core: size = 307168
03-02 10:59:06.914   843  1348 D sixth_core: [sixth_core_if_exit]  : done 
03-02 10:59:06.914   843  1348 D sixth_if_gift: sixth_arsi_destroy_handler : done !!!
03-02 10:59:06.914   843  1348 D aurisys_lib_handler: aurisys_arsi_destroy_handler(), lib_name sia81xx_sixth, 0xb40000788189bac0, arsi_destroy_handler, arsi_handler = 0xb4000079bcf14eb0, retval = 0
03-02 10:59:06.915   843  1348 D aurisys_lib_manager: delete_aurisys_lib_manager(), manager 0xb4000077d18b16b0
03-02 10:59:06.915   843  1348 D AudioALSAPlaybackHandlerNormal: -close()
03-02 10:59:06.915   843  1348 D AudioALSAPlaybackHandlerBase: DestroyAurisysLibManager()
03-02 10:59:06.915   843  1348 I android.hardware.audio.service-aidl.mediatek: misound4_arsi_destroy_handler misound_arsi_destroy_handler
03-02 10:59:06.916   843  1348 D aurisys_lib_handler: aurisys_arsi_destroy_handler(), lib_name misound, 0xb400007881891290, arsi_destroy_handler, arsi_handler = 0xb4000078f196cb70, retval = 0
03-02 10:59:06.916   843  1348 D aurisys_lib_manager: delete_aurisys_lib_manager(), manager 0xb4000077d18b1250
03-02 10:59:06.916   843  1348 D AudioALSAPlaybackHandlerMixer: close(-)
03-02 10:59:06.916   843  1348 D AudioALSAStreamManager: routingOutputDeviceForIEMs()
03-02 10:59:06.916   843  1348 D AHAL_Stream: cycle: writing reply Reply{status: 0, fmqByteCount: 0, observable: Position{frames: 4777187488, timeNs: 610740458137248}, hardware: Position{frames: -1, timeNs: -1}, latencyMs: 85, xrunFrames: 0, state: STANDBY}
03-02 10:59:06.918  1621  1918 E HyperSentinel: -------------------------------------------------------
03-02 10:59:06.918  1621  1918 E HyperSentinel: Event_ResidentSize
03-02 10:59:06.918  1621  1918 E HyperSentinel: -> audit event by proc 7645 "usap64": RSS increasement, peak 110660kb -> 166004kb
03-02 10:59:06.921  2350  2350 W Settings: Setting airplane_mode_on has moved from android.provider.Settings.System to android.provider.Settings.Global, returning read-only value.
03-02 10:59:06.923  2350  2350 W Settings: Setting airplane_mode_on has moved from android.provider.Settings.System to android.provider.Settings.Global, returning read-only value.
03-02 10:59:06.925  2350 29580 D NetworkSpeedTracker: updateNwSignalInfo not allowed ,ignore
03-02 10:59:06.928  2350 29580 D NetworkSpeedTracker: updateNwSignalInfo not allowed ,ignore
03-02 10:59:07.101  1621  2192 D AS.BtHelper: isBluetoothScoOn() mBluetoothHeadset is null: falsemBluetoothHeadsetDevice is null: true
03-02 10:59:07.102  1621  2192 V AS.AudioDeviceBroker: requestedCommunicationDevice: null mAudioModeOwner: AudioModeInfo: mMode=MODE_NORMAL, mPid=0, mUid=0
03-02 10:59:07.103  1621  2192 D AS.BtHelper: isBluetoothScoOn() mBluetoothHeadset is null: falsemBluetoothHeadsetDevice is null: true
03-02 10:59:07.103  1621  2192 V AS.AudioDeviceBroker: requestedCommunicationDevice: null mAudioModeOwner: AudioModeInfo: mMode=MODE_NORMAL, mPid=0, mUid=0
03-02 10:59:07.166  1621  1918 E HyperSentinel: -------------------------------------------------------
03-02 10:59:07.166  1621  1918 E HyperSentinel: Event_OpenFileFDSize
03-02 10:59:07.166  1621  1918 E HyperSentinel: -> audit event by proc 2363 "com.android.systemui": Fd increasement, peak, 802 -> 734
03-02 10:59:07.167  1621  1917 D MiuiSentinelService: begin judgment FdAmountLeakException
03-02 10:59:07.227  1621  1631 I system_server: Background young concurrent mark compact GC freed 32MB AllocSpace bytes, 109(3344KB) LOS objects, 19% free, 143MB/179MB, paused 5.559ms,14.094ms total 264.740ms
03-02 10:59:07.233  1621  1633 W System  : A resource failed to call HardwareBuffer.close. 
03-02 10:59:07.233  1621  1633 W System  : A resource failed to call HardwareBuffer.close. 
03-02 10:59:07.233  1621  1633 W System  : A resource failed to call HardwareBuffer.close. 
03-02 10:59:07.395  7645  7645 D nativeloader: Configuring clns-7 for other apk /data/app/~~Bh61wenJZi6JNVEuOkVQfQ==/com.softnation.Ojam-nnCVAdHxKfOmup5FCuBDYQ==/base.apk. target_sdk_version=36, uses_libraries=, library_path=/data/app/~~Bh61wenJZi6JNVEuOkVQfQ==/com.softnation.Ojam-nnCVAdHxKfOmup5FCuBDYQ==/lib/arm64:/data/app/~~Bh61wenJZi6JNVEuOkVQfQ==/com.softnation.Ojam-nnCVAdHxKfOmup5FCuBDYQ==/base.apk!/lib/arm64-v8a, permitted_path=/data:/mnt/expand:/data/user/0/com.softnation.Ojam
03-02 10:59:07.414  7645  7645 V GraphicsEnvironment: Currently set values for:
03-02 10:59:07.415  7645  7645 V GraphicsEnvironment:   angle_gl_driver_selection_pkgs=[]
03-02 10:59:07.415  7645  7645 V GraphicsEnvironment:   angle_gl_driver_selection_values=[]
03-02 10:59:07.415  7645  7645 V GraphicsEnvironment: Global.Settings values are invalid: number of packages: 0, number of values: 0
03-02 10:59:07.415  7645  7645 V GraphicsEnvironment: Neither updatable production driver nor prerelease driver is supported.
03-02 10:59:07.420  7645  7645 I ActivityThread: TrafficStats init done
03-02 10:59:07.425  1621  2192 D ForceDarkAppConfigProvider: cloudConfigVersion: -1   localConfigVersion:20250515
03-02 10:59:07.425  1621  2192 I UiModeManager: systemserver package:com.softnation.Ojam null
03-02 10:59:07.426  7645  7645 I ForceDarkHelperStubImpl: initialize for com.softnation.Ojam , ForceDarkAppConfig: null
03-02 10:59:07.432  7645  7645 D nativeloader: Load libforcedarkimpl.so using system ns (caller=/system_ext/framework/miui-framework.jar): ok
03-02 10:59:07.433  7645  7645 D HWUI    : JNI_OnLoad success
03-02 10:59:07.433  7645  7645 I MiuiForceDarkConfig: setConfig density:2.750000, mainRule:0, secondaryRule:0, tertiaryRule:0
03-02 10:59:07.438  7645  7645 I ActivityThread: Miui Feature Init done
03-02 10:59:07.469   861   947 I libPerfCtl: xgfGetFPS pid:921 fps:-1
03-02 10:59:07.469   861   947 I libPerfCtl: xgfGetFPS pid:2363 fps:-1
03-02 10:59:07.469   861   947 I libPerfCtl: xgfGetFPS pid:13966 fps:-1
03-02 10:59:07.478  1621  1621 D UiModeManager: updateConfigurationLocked: mDockState=0; mCarMode=false; mCar=false; mPowerSave=false; mOverrideNightModeOn=false; mOverrideNightModeOff=false; mComputedNightMode=true; mNightModeValue=2; uiMode=42
03-02 10:59:07.482  6027  6027 I PowerSaveService: onReceive: android.intent.action.BATTERY_CHANGED
03-02 10:59:07.482  6515  6997 I ProcAudioPowerManager: onBatteryChanged, onBattery is false
03-02 10:59:07.482  6515  8177 D PowerCheckerService: onBatteryChanged, mBatteryLevel = 44, status = 2, level = 44, plug = 2, scale = 100
03-02 10:59:07.482  6515  6997 D PowerKeeper.FrozenApp: onBatteryChanged plug=true mBatteryPlugged=2
03-02 10:59:07.483  6515  8142 D PowerKeeper.Thermal: mBatteryTemperature: 40
03-02 10:59:07.485  6027  6027 I PowerNoticeUI: handleBatteryChanged oldPlugType 2 mPlugType 2 oldBatteryLevel 44 mBatteryLevel 44 temperature 400
03-02 10:59:07.486  6027  6027 I ChargerBatteryIntelligenceReceiver: onBatteryChanged temperature∩╝Ü40,plugType:2
03-02 10:59:07.486  6027  6027 I ChargerBatteryIntelligenceReceiver: dissmissTempFastChargeReminder not support
03-02 10:59:07.486  6027  6027 D BaseChargeProtect_HighTemp: mCountByMinute:0,isScreenOn:true
03-02 10:59:07.488  3510  3510 W libc    : Unable to set property "persist.vendor.accelerate.charge" to "false": PROP_ERROR_PERMISSION_DENIED (0x18)
03-02 10:59:07.489  6027  6027 I android_os_HwBinder: HwBinder: Starting thread pool for getting: vendor.xiaomi.hardware.micharge@1.0::IMiCharge/default
03-02 10:59:07.494   872   908 I vendor.xiaomi.hardware.micharge@1.0-service: ReadFilePathValue path = /sys/class/power_supply/usb/real_type value = USB
03-02 10:59:07.494  6027  6027 I IMiChargeUtils: getIMiChargeStringValue method:getBatteryChargeType,value:USB
03-02 10:59:07.494  6027  6027 I IMiChargeUtils: getBatteryChargeType : USB
03-02 10:59:07.494  6027  6027 I ChargeTimeUtilsV2: chargeType:USB
03-02 10:59:07.494  6027  6027 I PowerFeatureUtils: getVendorName:mediatek
03-02 10:59:07.494  6027  6027 I PowerFeatureUtils: getVendorName:mediatek
03-02 10:59:07.517  1621  1621 D UiModeManager: updateConfigurationLocked: mDockState=0; mCarMode=false; mCar=false; mPowerSave=false; mOverrideNightModeOn=false; mOverrideNightModeOff=false; mComputedNightMode=true; mNightModeValue=2; uiMode=42
03-02 10:59:07.522  6027  6027 I PowerSaveService: onReceive: android.intent.action.BATTERY_CHANGED
03-02 10:59:07.523  6027  6027 I PowerNoticeUI: handleBatteryChanged oldPlugType 2 mPlugType 2 oldBatteryLevel 44 mBatteryLevel 44 temperature 400
03-02 10:59:07.523  6027  6027 I ChargerBatteryIntelligenceReceiver: onBatteryChanged temperature∩╝Ü40,plugType:2
03-02 10:59:07.523  6027  6027 D BaseChargeProtect_HighTemp: mCountByMinute:0,isScreenOn:true
03-02 10:59:07.524  6515  8177 D PowerCheckerService: onBatteryChanged, mBatteryLevel = 44, status = 2, level = 44, plug = 2, scale = 100
03-02 10:59:07.524  6515  6997 I ProcAudioPowerManager: onBatteryChanged, onBattery is false
03-02 10:59:07.524  6515  6997 D PowerKeeper.FrozenApp: onBatteryChanged plug=true mBatteryPlugged=2
03-02 10:59:07.524  6515  8142 D PowerKeeper.Thermal: mBatteryTemperature: 40
03-02 10:59:07.525  6027  6027 I android_os_HwBinder: HwBinder: Starting thread pool for getting: vendor.xiaomi.hardware.micharge@1.0::IMiCharge/default
03-02 10:59:07.527   872   908 I vendor.xiaomi.hardware.micharge@1.0-service: ReadFilePathValue path = /sys/class/power_supply/usb/real_type value = USB
03-02 10:59:07.528  6027  6027 I IMiChargeUtils: getIMiChargeStringValue method:getBatteryChargeType,value:USB
03-02 10:59:07.528  6027  6027 I IMiChargeUtils: getBatteryChargeType : USB
03-02 10:59:07.528  6027  6027 I ChargeTimeUtilsV2: chargeType:USB
03-02 10:59:07.528  6027  6027 I PowerFeatureUtils: getVendorName:mediatek
03-02 10:59:07.528  6027  6027 I PowerFeatureUtils: getVendorName:mediatek
03-02 10:59:07.596 32719 11548 W BpBinder: Slow Binder: BpBinder transact took 321 ms, interface=android.content.IContentProvider, code=1 oneway=false
03-02 10:59:07.611  7645  7645 W FirebaseApp: Default FirebaseApp failed to initialize because no default options were found. This usually means that com.google.gms:google-services was not applied to your gradle project.
03-02 10:59:07.611  7645  7645 I FirebaseInitProvider: FirebaseApp initialization unsuccessful
03-02 10:59:07.629  2061 12253 W HWUI    : Surface doesn't have any previously queued frames, nothing to readback from
03-02 10:59:07.636  2061 12253 W HWUI    : Surface doesn't have any previously queued frames, nothing to readback from
03-02 10:59:07.641  1621  2192 I ClipboardServiceI: checkProviderWakePathForClipboard: primaryClip is null
03-02 10:59:07.654  7645  7645 W SoLoader: Initializing SoLoader: 0
03-02 10:59:07.656  7645  7645 W SoLoader: Recording new base apk path: /data/app/~~Bh61wenJZi6JNVEuOkVQfQ==/com.softnation.Ojam-nnCVAdHxKfOmup5FCuBDYQ==/base.apk
03-02 10:59:07.656  7645  7645 W SoLoader: Previously recorded 0 base apk paths.
03-02 10:59:07.659  7645  7645 I SoLoader: Preparing SO source: DirectorySoSource[root = /vendor/lib64 flags = 2]
03-02 10:59:07.659  7645  7645 I SoLoader: Preparing SO source: DirectorySoSource[root = /system/lib64 flags = 2]
03-02 10:59:07.659  7645  7645 I SoLoader: Preparing SO source: DirectApkSoSource[root = [/data/app/~~Bh61wenJZi6JNVEuOkVQfQ==/com.softnation.Ojam-nnCVAdHxKfOmup5FCuBDYQ==/base.apk!/lib/arm64-v8a]]
03-02 10:59:07.664  1177  1177 I thermal_src: recvmsg_expect 5, but get 2 
03-02 10:59:07.664  1177  1177 V thermal_src: TA_DAEMON_CMD_GET_TPCB:ERROR ret=-1
03-02 10:59:07.664  1177  1177 E thermal_src: get_tpcb_from_kernel:error -1. retry...
03-02 10:59:07.664  1177  1177 I thermal_src: recvmsg_expect 5, but get 2 
03-02 10:59:07.664  1177  1177 V thermal_src: TA_DAEMON_CMD_GET_TPCB:ERROR ret=-1
03-02 10:59:07.664  1177  1177 E thermal_src: get_tpcb_from_kernel:error -1. retry...
03-02 10:59:07.664  1177  1177 I thermal_src: recvmsg_expect 5, but get 2 
03-02 10:59:07.664  1177  1177 V thermal_src: TA_DAEMON_CMD_GET_TPCB:ERROR ret=-1
03-02 10:59:07.664  1177  1177 E thermal_src: get_tpcb_from_kernel:error -1. retry...
03-02 10:59:07.664  1177  1177 I thermal_src: recvmsg_expect 5, but get 2 
03-02 10:59:07.664  1177  1177 V thermal_src: TA_DAEMON_CMD_GET_TPCB:ERROR ret=-1
03-02 10:59:07.664  1177  1177 E thermal_src: get_tpcb_from_kernel:error -1. retry...
03-02 10:59:07.664  1177  1177 I thermal_src: recvmsg_expect 4, but get 5 
03-02 10:59:07.664  1177  1177 V thermal_src: TA_DAEMON_CMD_SET_TTJ:ERROR ret=-1
03-02 10:59:07.664  1177  1177 E thermal_src: set_ttj_to_kernel 1:error -1
03-02 10:59:07.664  1177  1177 I thermal_src: recvmsg_expect 2, but get 5 
03-02 10:59:07.664  1177  1177 V thermal_src: waiting NOTIFY from kernel miss, -1
03-02 10:59:07.664  1177  1177 I thermal_src: recvmsg_expect 2, but get 5 
03-02 10:59:07.664  1177  1177 V thermal_src: waiting NOTIFY from kernel miss, -1
03-02 10:59:07.664  1177  1177 I thermal_src: recvmsg_expect 2, but get 5 
03-02 10:59:07.664  1177  1177 V thermal_src: waiting NOTIFY from kernel miss, -1
03-02 10:59:07.664  1177  1177 I thermal_src: recvmsg_expect 2, but get 4 
03-02 10:59:07.664  1177  1177 V thermal_src: waiting NOTIFY from kernel miss, -1
03-02 10:59:07.792  7645  7645 I SoLoader: Preparing SO source: ApplicationSoSource[DirectorySoSource[root = /data/app/~~Bh61wenJZi6JNVEuOkVQfQ==/com.softnation.Ojam-nnCVAdHxKfOmup5FCuBDYQ==/lib/arm64 flags = 0]]
03-02 10:59:07.792  7645  7645 I SoLoader: init finish: 4 SO sources prepared
03-02 10:59:07.792  7645  7645 W SoLoader: SoLoader initialized: 8
03-02 10:59:07.820  1621  2192 W UriGrantsManagerService: No permission grants found for com.google.android.apps.photos
03-02 10:59:07.820  1621  2192 W UriGrantsManagerService: No permission grants found for com.google.android.apps.photos
03-02 10:59:07.829  7645  7645 D nativeloader: Load /data/app/~~Bh61wenJZi6JNVEuOkVQfQ==/com.softnation.Ojam-nnCVAdHxKfOmup5FCuBDYQ==/base.apk!/lib/arm64-v8a/libc++_shared.so using class loader ns clns-7 (caller=/data/app/~~Bh61wenJZi6JNVEuOkVQfQ==/com.softnation.Ojam-nnCVAdHxKfOmup5FCuBDYQ==/base.apk!classes20.dex): ok
03-02 10:59:07.837   849   868 I hwcomposer: [HWCDisplay] (0 updateFps():3667), (type:1, mode:2) fps:58.214634,dur:1013.49,max:46.73,min:10.96  
03-02 10:59:07.845  7645  7645 D nativeloader: Load /data/app/~~Bh61wenJZi6JNVEuOkVQfQ==/com.softnation.Ojam-nnCVAdHxKfOmup5FCuBDYQ==/base.apk!/lib/arm64-v8a/libjsi.so using class loader ns clns-7 (caller=/data/app/~~Bh61wenJZi6JNVEuOkVQfQ==/com.softnation.Ojam-nnCVAdHxKfOmup5FCuBDYQ==/base.apk!classes20.dex): ok
03-02 10:59:07.861  7645  7645 D nativeloader: Load /data/app/~~Bh61wenJZi6JNVEuOkVQfQ==/com.softnation.Ojam-nnCVAdHxKfOmup5FCuBDYQ==/base.apk!/lib/arm64-v8a/libfbjni.so using class loader ns clns-7 (caller=/data/app/~~Bh61wenJZi6JNVEuOkVQfQ==/com.softnation.Ojam-nnCVAdHxKfOmup5FCuBDYQ==/base.apk!classes20.dex): ok
03-02 10:59:07.875  7645  7645 D nativeloader: Load /data/app/~~Bh61wenJZi6JNVEuOkVQfQ==/com.softnation.Ojam-nnCVAdHxKfOmup5FCuBDYQ==/base.apk!/lib/arm64-v8a/libreactnative.so using class loader ns clns-7 (caller=/data/app/~~Bh61wenJZi6JNVEuOkVQfQ==/com.softnation.Ojam-nnCVAdHxKfOmup5FCuBDYQ==/base.apk!classes20.dex): ok
03-02 10:59:07.875  7645  7645 D jni_lib_merge: Entering merged library JNI_OnLoad.
03-02 10:59:07.875  7645  7645 D jni_lib_merge: Preparing 12 pre-merged libs (including stub)
03-02 10:59:07.875  7645  7645 D jni_lib_merge: Preparing to register libfabricjni_so.  onload_func: 0x7895886ce0
03-02 10:59:07.875  7645  7645 D jni_lib_merge: Preparing to register libreact_devsupportjni_so.  onload_func: 0x7895a80fc8
03-02 10:59:07.875  7645  7645 D jni_lib_merge: Preparing to register libreact_featureflagsjni_so.  onload_func: 0x7895a8f518
03-02 10:59:07.875  7645  7645 D jni_lib_merge: Preparing to register libreact_newarchdefaults_so.  onload_func: 0x7895af76a8
03-02 10:59:07.875  7645  7645 D jni_lib_merge: Preparing to register libreactnativeblob_so.  onload_func: 0x7895ce7cb4
03-02 10:59:07.875  7645  7645 D jni_lib_merge: Preparing to register libreactnativejni_so.  onload_func: 0x7895d356bc
03-02 10:59:07.875  7645  7645 D jni_lib_merge: Preparing to register libreactnativejni_common_so.  onload_func: 0x7895d46044
03-02 10:59:07.875  7645  7645 D jni_lib_merge: Preparing to register librninstance_so.  onload_func: 0x7895d8d764
03-02 10:59:07.875  7645  7645 D jni_lib_merge: Preparing to register libturbomodulejsijni_so.  onload_func: 0x7895ea5f68
03-02 10:59:07.875  7645  7645 D jni_lib_merge: Preparing to register libuimanagerjni_so.  onload_func: 0x7895ebefb8
03-02 10:59:07.875  7645  7645 D jni_lib_merge: Preparing to register libyoga_so.  onload_func: 0x7895ecea3c
03-02 10:59:07.875  7645  7645 D jni_lib_merge: About to register 11 actual methods.
03-02 10:59:07.911  7645  7645 D nativeloader: Load /data/app/~~Bh61wenJZi6JNVEuOkVQfQ==/com.softnation.Ojam-nnCVAdHxKfOmup5FCuBDYQ==/base.apk!/lib/arm64-v8a/libreact_codegen_rnscreens.so using class loader ns clns-7 (caller=/data/app/~~Bh61wenJZi6JNVEuOkVQfQ==/com.softnation.Ojam-nnCVAdHxKfOmup5FCuBDYQ==/base.apk!classes20.dex): ok
03-02 10:59:07.911  7645  7645 D jni_lib_merge: Entering merged library JNI_OnLoad.
03-02 10:59:07.911  7645  7645 D jni_lib_merge: Preparing 12 pre-merged libs (including stub)
03-02 10:59:07.911  7645  7645 D jni_lib_merge: Preparing to register libfabricjni_so.  onload_func: 0x7895886ce0
03-02 10:59:07.911  7645  7645 D jni_lib_merge: Preparing to register libreact_devsupportjni_so.  onload_func: 0x7895a80fc8
03-02 10:59:07.911  7645  7645 D jni_lib_merge: Preparing to register libreact_featureflagsjni_so.  onload_func: 0x7895a8f518
03-02 10:59:07.911  7645  7645 D jni_lib_merge: Preparing to register libreact_newarchdefaults_so.  onload_func: 0x7895af76a8
03-02 10:59:07.911  7645  7645 D jni_lib_merge: Preparing to register libreactnativeblob_so.  onload_func: 0x7895ce7cb4
03-02 10:59:07.911  7645  7645 D jni_lib_merge: Preparing to register libreactnativejni_so.  onload_func: 0x7895d356bc
03-02 10:59:07.911  7645  7645 D jni_lib_merge: Preparing to register libreactnativejni_common_so.  onload_func: 0x7895d46044
03-02 10:59:07.911  7645  7645 D jni_lib_merge: Preparing to register librninstance_so.  onload_func: 0x7895d8d764
03-02 10:59:07.911  7645  7645 D jni_lib_merge: Preparing to register libturbomodulejsijni_so.  onload_func: 0x7895ea5f68
03-02 10:59:07.911  7645  7645 D jni_lib_merge: Preparing to register libuimanagerjni_so.  onload_func: 0x7895ebefb8
03-02 10:59:07.911  7645  7645 D jni_lib_merge: Preparing to register libyoga_so.  onload_func: 0x7895ecea3c
03-02 10:59:07.911  7645  7645 D jni_lib_merge: About to register 11 actual methods.
03-02 10:59:07.919   921   921 I BufferQueueProducer: [NavigationBar0#101619](this:0xb400007bced454e8,id:-1,api:0,p:-1,c:921) queueBuffer: fps=60.05 dur=1015.77 max=17.13 min=16.18
03-02 10:59:07.928  7645  7645 D nativeloader: Load /data/app/~~Bh61wenJZi6JNVEuOkVQfQ==/com.softnation.Ojam-nnCVAdHxKfOmup5FCuBDYQ==/base.apk!/lib/arm64-v8a/libreact_codegen_RNCSlider.so using class loader ns clns-7 (caller=/data/app/~~Bh61wenJZi6JNVEuOkVQfQ==/com.softnation.Ojam-nnCVAdHxKfOmup5FCuBDYQ==/base.apk!classes20.dex): ok
03-02 10:59:07.944  7645  7645 D nativeloader: Load /data/app/~~Bh61wenJZi6JNVEuOkVQfQ==/com.softnation.Ojam-nnCVAdHxKfOmup5FCuBDYQ==/base.apk!/lib/arm64-v8a/libreact_codegen_rnsvg.so using class loader ns clns-7 (caller=/data/app/~~Bh61wenJZi6JNVEuOkVQfQ==/com.softnation.Ojam-nnCVAdHxKfOmup5FCuBDYQ==/base.apk!classes20.dex): ok
03-02 10:59:07.944  7645  7645 D jni_lib_merge: Entering merged library JNI_OnLoad.
03-02 10:59:07.944  7645  7645 D jni_lib_merge: Preparing 12 pre-merged libs (including stub)
03-02 10:59:07.945  7645  7645 D jni_lib_merge: Preparing to register libfabricjni_so.  onload_func: 0x7895886ce0
03-02 10:59:07.945  7645  7645 D jni_lib_merge: Preparing to register libreact_devsupportjni_so.  onload_func: 0x7895a80fc8
03-02 10:59:07.945  7645  7645 D jni_lib_merge: Preparing to register libreact_featureflagsjni_so.  onload_func: 0x7895a8f518
03-02 10:59:07.945  7645  7645 D jni_lib_merge: Preparing to register libreact_newarchdefaults_so.  onload_func: 0x7895af76a8
03-02 10:59:07.945  7645  7645 D jni_lib_merge: Preparing to register libreactnativeblob_so.  onload_func: 0x7895ce7cb4
03-02 10:59:07.945  7645  7645 D jni_lib_merge: Preparing to register libreactnativejni_so.  onload_func: 0x7895d356bc
03-02 10:59:07.945  7645  7645 D jni_lib_merge: Preparing to register libreactnativejni_common_so.  onload_func: 0x7895d46044
03-02 10:59:07.945  7645  7645 D jni_lib_merge: Preparing to register librninstance_so.  onload_func: 0x7895d8d764
03-02 10:59:07.945  7645  7645 D jni_lib_merge: Preparing to register libturbomodulejsijni_so.  onload_func: 0x7895ea5f68
03-02 10:59:07.945  7645  7645 D jni_lib_merge: Preparing to register libuimanagerjni_so.  onload_func: 0x7895ebefb8
03-02 10:59:07.945  7645  7645 D jni_lib_merge: Preparing to register libyoga_so.  onload_func: 0x7895ecea3c
03-02 10:59:07.945  7645  7645 D jni_lib_merge: About to register 11 actual methods.
03-02 10:59:07.961  7645  7645 D nativeloader: Load /data/app/~~Bh61wenJZi6JNVEuOkVQfQ==/com.softnation.Ojam-nnCVAdHxKfOmup5FCuBDYQ==/base.apk!/lib/arm64-v8a/libreact_codegen_safeareacontext.so using class loader ns clns-7 (caller=/data/app/~~Bh61wenJZi6JNVEuOkVQfQ==/com.softnation.Ojam-nnCVAdHxKfOmup5FCuBDYQ==/base.apk!classes20.dex): ok
03-02 10:59:07.969  7645  7645 D nativeloader: Load /data/app/~~Bh61wenJZi6JNVEuOkVQfQ==/com.softnation.Ojam-nnCVAdHxKfOmup5FCuBDYQ==/base.apk!/lib/arm64-v8a/libappmodules.so using class loader ns clns-7 (caller=/data/app/~~Bh61wenJZi6JNVEuOkVQfQ==/com.softnation.Ojam-nnCVAdHxKfOmup5FCuBDYQ==/base.apk!classes20.dex): ok
03-02 10:59:07.974  2363  2477 D MiuiFreeformModeCornerTipHandler: task#37032 onTaskVanished
03-02 10:59:07.974  2363  2477 I MiuiBubbleController: removeBubble: 37032 reason=2
03-02 10:59:07.974  2363  2477 I MultiTaskingTaskRepository: onTaskInfoChanged multi list = [5, 4], full = [37032, 37027, 37019, 36980]
03-02 10:59:07.976  1621  2192 I PowerHalWrapper: amsBoostNotify pid:7645,activity:com.softnation.Ojam.MainActivity, package:com.softnation.Ojam, mProcessCreatePackcom.softnation.Ojam 
03-02 10:59:07.977  1621  2192 I PowerHalWrapper: state: 1 
03-02 10:59:07.978  1621  2192 I ScnModule: [GameDetection] packname: com.softnation.Ojam, apkSize: 113045479. 
03-02 10:59:07.978  1621  2192 I mtkpower_client: [PowerHal_Wrap_notifyAppState] com.softnation.Ojam/com.softnation.Ojam.MainActivity pid=7645 activityId:38624340 state:1
03-02 10:59:07.979   861   861 I vendor.mediatek.hardware.mtkpower_applist-service.mediatek: packName: com.softnation.Ojam actName: com.softnation.Ojam.MainActivity pid: 7645 activityId: 38624340 uid: 10337 state: 1
03-02 10:59:07.979   861   861 I MTK_APPList: [notifyAPPstate] com.softnation.Ojam/com.softnation.Ojam.MainActivity, pid=7645, activityId=38624340, uid=10337, state:RESUMED, fps:-1, win:0
03-02 10:59:07.979   861   861 I MTK_APPList: [notifyAPPstate] multi_resumed_app_count: 2
03-02 10:59:07.979   861   861 I MTK_APPList: [notifyAPPstate] multi_resumed_app_info[0] com.android.systemui/com.android.systemui._190038181, pid:2363, activityId:-1, fps:-1, isMultiWindow:0
03-02 10:59:07.979   861   861 I MTK_APPList: [notifyAPPstate] multi_resumed_app_info[1] com.softnation.Ojam/com.softnation.Ojam.MainActivity, pid:7645, activityId:38624340, fps:-1, isMultiWindow:0
03-02 10:59:07.979   861   861 I MTK_APPList: [getForegroundAPPCount] 2
03-02 10:59:07.979   861   861 I MTK_APPList: [notifyAPPstate] foreground:com.softnation.Ojam, pid:7645, activityId:38624340, uid:10337
03-02 10:59:07.979   861   861 I MTK_APPList: [notifyNetdUID] 10337
03-02 10:59:07.980  1621  2192 I PowerHalWrapper: amsBoostNotify AMS_BOOST_PROCESS_CREATE_BOOST:true 
03-02 10:59:07.981   861   861 I MTK_APPList: [notifyPID] 7645
03-02 10:59:07.982  1124 16496 D ResourceManagerServiceNew: update package name: com.softnation.Ojam
03-02 10:59:07.982   863   958 I libPowerHal: [perfSetSysInfo] pid type:24, 7645
03-02 10:59:07.983  1621  1650 D ActivityManager: mediaResourceManagerBinder get success
03-02 10:59:07.983   861   861 I MTK_APPList: [notifyAPPstate] pc:0, com.google.android.googlequicksearchbox => com.softnation.Ojam
03-02 10:59:07.983  1621  1621 D MBrainLocalService: isVendorFreezeConditionPass is false
03-02 10:59:07.983  1621  1621 E MBrainLocalService: notifyAppSwitch failed
03-02 10:59:07.983  1621  1907 D MiuiMultiWindowUtils: DeviceLevel.IS_MIUI_LITE_VERSION 2.0 not support miui multiWindowtides
03-02 10:59:07.984  1621  1907 D BluetoothAdapter: getActiveDevices(profile= A2DP)
03-02 10:59:07.984  6515  9721 D PerfEngineController: ForegroundInfo{mForegroundPackageName='com.softnation.Ojam', mForegroundUid=10337, mForegroundPid=7645, mLastForegroundPackageName='com.google.android.googlequicksearchbox', mLastForegroundUid=10165, mLastForegroundPid=13966, mMultiWindowForegroundPackageName='com.softnation.Ojam', mMultiWindowForegroundUid=10337, mFlags=1}
03-02 10:59:07.984  1124 16496 D ResourceManagerServiceNew: packageName: com.softnation.Ojam, uid : 10337, hashCode : 5106112
03-02 10:59:07.985  1124 16496 D ResourceManagerServiceNew: ResourceManagerService::setCodecsVppModeWithLock
03-02 10:59:07.985  1124 16496 D ResourceManagerServiceNew: all codecs setVppMode return fail
03-02 10:59:07.986  6027 28224 I ProcessMonitor: onForegroundInfoChanged: ForegroundInfo{mForegroundPackageName='com.softnation.Ojam', mForegroundUid=10337, mForegroundPid=7645, mLastForegroundPackageName='com.google.android.googlequicksearchbox', mLastForegroundUid=10165, mLastForegroundPid=13966, mMultiWindowForegroundPackageName='com.softnation.Ojam', mMultiWindowForegroundUid=10337, mFlags=1}
03-02 10:59:07.987  6027 28224 I VideoBoxUtils: isSupportVideoBox: false
03-02 10:59:07.987  6027 28224 I VideoToolBoxService: vtb is closed!!!
03-02 10:59:07.988  7645  7645 W Looper  : PerfMonitor longMsg : seq=3 plan=10:59:06.319 late=0ms wall=1662ms h=android.app.ActivityThread$H w=110 procState=-1
03-02 10:59:07.988  6027 20777 D v1      : myUserId = 0	currentUserId0
03-02 10:59:07.988  1621  1745 W AlarmManager: Unrecognized alarm listener com.android.server.usage.AppTimeLimitController$SessionUsageGroup@e4e6ff
03-02 10:59:07.988  7645  7645 W libc    : Access denied finding property "ro.vendor.perf.scroll_opt"
03-02 10:59:07.991  1621  1907 D BluetoothAdapter: getActiveDevices(profile= HEADSET)
03-02 10:59:07.993  1621  1907 D BluetoothAdapter: getActiveDevices(profile= LE_AUDIO)
03-02 10:59:07.995 18562 13194 E BluetoothAdapterService: getActiveDevices: LeAudioService is null
03-02 10:59:07.995  1621  1907 D AudioSystem: +setParameters(): foregroundUid=10337;bluetoothlowlatencystatus=false 
03-02 10:59:07.996  1621  1907 D AudioSystem: start get log level!
03-02 10:59:07.997  7645  7645 D nativeloader: Load libpowerhalwrap_jni.so using system ns (caller=/system_ext/framework/mediatek-framework.jar): ok
03-02 10:59:07.997   843 14567 D AudioALSAHardware: +setParameters(): bluetoothlowlatencystatus=false;foregroundUid=10337
03-02 10:59:07.998  7645  7645 I PowerHalWrapper: PowerHalWrapper.getInstance 
03-02 10:59:07.998   843 14567 D AudioALSAHardware: -setParameters(): bluetoothlowlatencystatus=false;foregroundUid=10337
03-02 10:59:07.998   843 14567 E AHAL_Module: setVendorParameters: default: unrecognized parameter "bluetoothlowlatencystatus=false;foregroundUid=10337"
03-02 10:59:07.998   894 12766 E ConversionHelperAidl: Function: parseAndSetVendorParameters Line: 97 Failed 
03-02 10:59:07.998  7645  7645 I M-ProMotion: M-ProMotion is disabled
03-02 10:59:08.000   843 14567 D AHAL_ModuleBluetooth: setVendorParameters: parameter count 1, async: 0
03-02 10:59:08.000   843 14567 D AHAL_ModuleBluetooth: setVendorParameters: bluetoothlowlatencystatus=false;foregroundUid=10337
03-02 10:59:08.001 18562 13194 D BluetoothLatencyMode: ForegroundInfo{mForegroundPackageName='com.softnation.Ojam', mForegroundUid=10337, mForegroundPid=7645, mLastForegroundPackageName='com.google.android.googlequicksearchbox', mLastForegroundUid=10165, mLastForegroundPid=13966, mMultiWindowForegroundPackageName='com.softnation.Ojam', mMultiWindowForegroundUid=10337, mFlags=1}
03-02 10:59:08.003  1621  1666 I SmartPower: com.whatsapp/10300(31638): idle->background(3235ms) R(broadcast start Intent { act=android.intent.action.BATTERY_CHANGED flg=0x60000010 (has extras) }) adj=227.
03-02 10:59:08.005 18562 13194 W LeAudioService: getLeAudioService(): service is NULL
03-02 10:59:08.005 18562 13194 D BluetoothLatencyMode: isWiredAudioHeadset.type: 1
03-02 10:59:08.005 18562 13194 D BluetoothLatencyMode: isWiredAudioHeadset.type: 2
03-02 10:59:08.005 18562 13194 D BluetoothLatencyMode: isWiredAudioHeadset.type: 18
03-02 10:59:08.005 18562 13194 D BluetoothLatencyMode: isWiredAudioHeadset.type: 14
03-02 10:59:08.010  1621  1666 I SmartPower: com.android.chrome/10174(23296): idle->background(2096ms) R(broadcast start Intent { act=android.intent.action.BATTERY_CHANGED flg=0x60000010 (has extras) }) adj=915.
03-02 10:59:08.010  7645  7645 D FramePredict: FramePredict init: true
03-02 10:59:08.011  7645  7645 D UserSceneDetector: invoke error.
03-02 10:59:08.013  1621  1666 I SmartPower: com.instagram.android/10301(31107): idle->background(2098ms) R(broadcast start Intent { act=android.intent.action.BATTERY_CHANGED flg=0x60000010 (has extras) }) adj=915.
03-02 10:59:08.015  7645  7645 W Looper  : PerfMonitor doFrame : time=5ms vsyncFrame=19782694 latency=377ms procState=-1 historyMsgCount=3 (msgIndex=1 wall=1662ms seq=3 h=android.app.ActivityThread$H w=110)
03-02 10:59:08.016  1621  1666 I SmartPower: com.facebook.stella/10126(31485): idle->background(2100ms) R(broadcast start Intent { act=android.intent.action.BATTERY_CHANGED flg=0x60000010 (has extras) }) adj=925.
03-02 10:59:08.016  6515  6997 D MilletUtils: setUidState, uid = 10337 allow = true
03-02 10:59:08.017  1621  1666 I SmartPower: com.facebook.katana/10287(31850): idle->background(2100ms) R(broadcast start Intent { act=android.intent.action.BATTERY_CHANGED flg=0x60000010 (has extras) }) adj=915.
03-02 10:59:08.018  1621  1666 I SmartPower: com.instagram.barcelona/10075(32592): idle->background(2101ms) R(broadcast start Intent { act=android.intent.action.BATTERY_CHANGED flg=0x60000010 (has extras) }) adj=905.
03-02 10:59:08.020  1621  2834 D MiSensorServiceImpl: PowerKeeperSensor resume iUid:10337 but app has not in Controlled
03-02 10:59:08.021  1621  1666 I SmartPower: com.whatsapp/99910300(29736): idle->background(2103ms) R(broadcast start Intent { act=android.intent.action.BATTERY_CHANGED flg=0x60000010 (has extras) }) adj=905.
03-02 10:59:08.021  7645  7645 I ActivityThread: HardwareRenderer preload  done
03-02 10:59:08.029  7645 11557 D vulkan  : searching for layers in '/data/app/~~Bh61wenJZi6JNVEuOkVQfQ==/com.softnation.Ojam-nnCVAdHxKfOmup5FCuBDYQ==/lib/arm64'
03-02 10:59:08.030  7645 11557 D vulkan  : searching for layers in '/data/app/~~Bh61wenJZi6JNVEuOkVQfQ==/com.softnation.Ojam-nnCVAdHxKfOmup5FCuBDYQ==/base.apk!/lib/arm64-v8a'
03-02 10:59:08.031   921  1166 D MI-SF   : updateScene: module = 258 (TpIdle), value = 0, pkg = com.softnation.Ojam
03-02 10:59:08.031   921  1166 D MI-SF   : updateScene mSetTpIdleFlag 0
03-02 10:59:08.032  7645 11557 D vulkan  : searching for layers in '/data/app/~~Bh61wenJZi6JNVEuOkVQfQ==/com.softnation.Ojam-nnCVAdHxKfOmup5FCuBDYQ==/lib/arm64'
03-02 10:59:08.033  7645 11557 D vulkan  : searching for layers in '/data/app/~~Bh61wenJZi6JNVEuOkVQfQ==/com.softnation.Ojam-nnCVAdHxKfOmup5FCuBDYQ==/base.apk!/lib/arm64-v8a'
03-02 10:59:08.046  7645 11557 D MMUD    : mtk_memory_debug_init com.softnation.Ojam 0xb400007c0895a5d0
03-02 10:59:08.066  1621  1918 E HyperSentinel: -------------------------------------------------------
03-02 10:59:08.067  1621  1918 E HyperSentinel: Event_ThreadAmount
03-02 10:59:08.067  1621  1918 E HyperSentinel: -> audit event by proc 7645 "usap64": running threads amount, 12 -> 23
03-02 10:59:08.080  1621  2192 I BroadcastQueue: BOOT_COMPLETED_BROADCAST_COMPLETION_LATENCY_REPORTED action:android.intent.action.BOOT_COMPLETED dispatchLatency:1 completeLatency:1777 dispatchRealLatency:1 completeRealLatency:1777 receiversSize:1 userId:0 userType:android.os.usertype.full.SYSTEM
03-02 10:59:08.101  1621  1640 D AudioSystem: +setParameters(): gamebooster=false 
03-02 10:59:08.101  1621  1640 D AudioSystem: start get log level!
03-02 10:59:08.103   843 14567 D AudioALSAHardware: +setParameters(): gamebooster=false
03-02 10:59:08.103   843 14567 D AudioALSAHardware: -setParameters(): gamebooster=false
03-02 10:59:08.103   843 14567 E AHAL_Module: setVendorParameters: default: unrecognized parameter "gamebooster=false"
03-02 10:59:08.103   894 12766 E ConversionHelperAidl: Function: parseAndSetVendorParameters Line: 97 Failed 
03-02 10:59:08.104  7645  7645 D AppCompatDelegate: Checking for metadata for AppLocalesMetadataHolderService : Service not found
03-02 10:59:08.104 32719 32731 I .apps.nbu.files: Background concurrent mark compact GC freed 24MB AllocSpace bytes, 0(0B) LOS objects, 76% free, 7639KB/31MB, paused 3.083ms,2.787ms total 129.057ms
03-02 10:59:08.105   843 14567 D AHAL_ModuleBluetooth: setVendorParameters: parameter count 1, async: 0
03-02 10:59:08.105   843 14567 D AHAL_ModuleBluetooth: setVendorParameters: gamebooster=false
03-02 10:59:08.108  1621  2192 D AS.BtHelper: isBluetoothScoOn() mBluetoothHeadset is null: falsemBluetoothHeadsetDevice is null: true
03-02 10:59:08.108  1621  2192 V AS.AudioDeviceBroker: requestedCommunicationDevice: null mAudioModeOwner: AudioModeInfo: mMode=MODE_NORMAL, mPid=0, mUid=0
03-02 10:59:08.108  1621  2192 D AS.BtHelper: isBluetoothScoOn() mBluetoothHeadset is null: falsemBluetoothHeadsetDevice is null: true
03-02 10:59:08.108  1621  2192 V AS.AudioDeviceBroker: requestedCommunicationDevice: null mAudioModeOwner: AudioModeInfo: mMode=MODE_NORMAL, mPid=0, mUid=0
03-02 10:59:08.117  1999  2756 D TaskStackChangeListeners: onTaskDescriptionChanged =  taskId = 37032
03-02 10:59:08.124  1999  2756 D TaskStackChangeListeners: onTaskDescriptionChanged =  taskId = 37032
03-02 10:59:08.132 13966 11508 I FA      : Application backgrounded at: timestamp_millis: 1772445546129
03-02 10:59:08.142  1055  1186 D connsyslogger: SD_LOG_ROOT is /data/debuglogger/connsyslog/fw.
03-02 10:59:08.142  1055  1186 D connsyslogger: systemReady:1
03-02 10:59:08.148  7645 11561 D MMUD    : get_leak_baseline 3246391296
03-02 10:59:08.168  1621  2192 I whetstone.activity: Power Event callback listener is empty for resId=256
03-02 10:59:08.168  1621  2192 D BatteryStatsManagerStub: notifyEvent for resId=256 used 0ms
03-02 10:59:08.170  7645  7645 I softnation.Ojam: hiddenapi: Accessing hidden method Landroid/view/ViewGroup;->makeOptionalFitsSystemWindows()V (runtime_flags=0, domain=platform, api=unsupported) from Landroidx/appcompat/widget/ViewUtils; (domain=app, TargetSdkVersion=36) using reflection: allowed
03-02 10:59:08.172  1621  1842 I MiuiNetworkPolicy: updateUidState uid = 10308, uidState = 10
03-02 10:59:08.173  1621  2192 W JobScheduler: Job didn't exist in JobStore: 
03-02 10:59:08.177  1621  1842 I MiuiNetworkPolicy: updateUidState uid = 10308, uidState = 19
03-02 10:59:08.315   926   951 D ccci_mdinit: (1):monitor_time_update_thread round:37827 ########
03-02 10:59:08.330  1621  1676 D SsruManagerImpl: MiSsru Sensor not init!!!!
03-02 10:59:08.330   853   853 I Accelerometer: flush, flushCnt:1
03-02 10:59:08.334   853   923 I Accelerometer: flush complete, flushCnt:0
03-02 10:59:08.358  7645  7645 W unknown:BridgelessReact: ReactHost{0}.startSurface(surfaceId = 0): Schedule
03-02 10:59:08.358  7645  7645 W unknown:BridgelessReact: ReactHost{0}.attachSurface(surfaceId = 0)
03-02 10:59:08.360  7645 11581 W unknown:BridgelessReact: ReactHost{0}.getOrCreateReactInstanceTask()
03-02 10:59:08.360  7645 11581 W unknown:BridgelessReact: ReactHost{0}.getOrCreateReactInstanceTask(): Start
03-02 10:59:08.361  7645 11581 W unknown:BridgelessReact: ReactHost{0}.getJSBundleLoader()
03-02 10:59:08.361  7645 11581 W unknown:BridgelessReact: ReactHost{0}.isMetroRunning()
03-02 10:59:08.380  7645  7645 W libc    : Access denied finding property "ro.vendor.df.effect.conflict"
03-02 10:59:08.383  1621  2192 D AppLock_AccessControlImpl: activityResume packageName: com.softnation.Ojam userId: 0 enabled: true
03-02 10:59:08.383  1621  2192 D AppLock_AccessControlImpl: activityResume lockMode: 1
03-02 10:59:08.384  7645  7645 D SecurityManager: checkAccessControl flag1
03-02 10:59:08.386  7645  7645 W unknown:BridgelessReact: ReactHost{0}.onHostResume(activity)
03-02 10:59:08.386  7645  7645 W unknown:ReactNative: Packager connection already open, nooping.
03-02 10:59:08.390  7645 11555 I PowerHalWrapper: PowerHalWrapper.getInstance 
03-02 10:59:08.397  7645  7645 I SurfaceFactory: [static] sSurfaceFactory = com.mediatek.view.impl.SurfaceFactoryImpl@8a87f10
