03-02 10:59:21.596  2363 19600 I ActiveAudioSessionManager_export-api: stopPositionCallbackTask
03-02 10:59:21.596  2363 19600 I ActiveAudioSessionManager_export-api: dispatchSessionsExistsChangeCallbackLocked :true
03-02 10:59:21.596  2363 19600 I MiPlayServiceAdapter: markSessionChange
03-02 10:59:21.596  2363 19600 I MiPlayServiceAdapter: intent to startService : 0
03-02 10:59:21.597  1621  2662 D MediaSessionService: onSessionPlaybackStateChanged: record=com.softnation.Ojam/androidx.media3.session.id./84 (userId=0) playbackState=PlaybackState {state=NONE(0), position=0, buffered position=0, speed=0.0, updated=1028521016, actions=7339653, custom actions=[], active item id=0, error=null}
03-02 10:59:21.597 18562 18562 D AudioMediaPlayerWrapper: com.softnation.Ojam: Controller for com.softnation.Ojam was updated.
03-02 10:59:21.598  2363  3215 I ActiveAudioSessionManager_export-api: stopPositionCallbackTask
03-02 10:59:21.598  2363  3215 I ActiveAudioSessionManager_export-api: dispatchSessionsExistsChangeCallbackLocked :true
03-02 10:59:21.599 18562 18562 D MediaPlayerList: sendMediaUpdate
03-02 10:59:21.599  2363 19600 I ActiveSessionRecord_export-api: onPlaybackStateChanged: PlaybackState {state=NONE(0), position=0, buffered position=0, speed=0.0, updated=1028521016, actions=7339653, custom actions=[], active item id=0, error=null}
03-02 10:59:21.599 18562 18562 I MediaPlayerList: sendMediaUpdate: Creating a one item queue for a player with no queue
03-02 10:59:21.599  2363  3215 I ActiveSessionRecord_export-api: onPlaybackStateChanged: PlaybackState {state=NONE(0), position=0, buffered position=0, speed=0.0, updated=1028521016, actions=7339653, custom actions=[], active item id=0, error=null}
03-02 10:59:21.599 18562 18562 D MediaPlayerList: sendMediaUpdate state=PlaybackState {state=NONE(0), position=0, buffered position=0, speed=0.0, updated=1028521016, actions=7339653, custom actions=[], active item id=0, error=null}
03-02 10:59:21.599 18562 18562 D AvrcpTargetService: onMediaUpdated: track_changed=false state=true queue=false
03-02 10:59:21.599 18562 18562 D AvrcpNativeInterface: sendMediaUpdate: metadata=false playStatus=true queue=false
03-02 10:59:21.599 18562 18562 I bluetooth: avrcp_service.cc:648 SendMediaUpdate: track_changed=false :  play_state=true :  queue=false
03-02 10:59:21.600 18562 18562 D AudioMediaPlayerWrapper: onPlaybackStateChanged(): com.softnation.Ojam : PlaybackState {state=NONE(0), position=0, buffered position=0, speed=0.0, updated=1028521016, actions=7339653, custom actions=[], active item id=0, error=null}
03-02 10:59:21.600 18562 18562 W AudioMediaPlayerWrapper: onPlaybackStateChanged(): com.softnation.Ojam tried to update with no new data
03-02 10:59:21.612  7645  7645 D RNTP-com.doublesymmetry.trackplayer.service.MusicService:onBind: intentAction = null
03-02 10:59:21.615  7645  7645 D UserSceneDetector: invoke error.
03-02 10:59:21.621   857   857 D android.hardware.lights-service.mediatek: write 375 to /sys/class/leds/lcd-backlight/brightness, result: 0
03-02 10:59:21.621   857   857 D android.hardware.lights-service.mediatek: write 375 to /sys/class/mi_display/disp-DSI-0/brightness_clone, result: 0
03-02 10:59:21.649  7645  7645 D ScrollerOptimizationManager: registerConfigChangedListener
03-02 10:59:21.676   857   857 D android.hardware.lights-service.mediatek: write 374 to /sys/class/leds/lcd-backlight/brightness, result: 0
03-02 10:59:21.676   857   857 D android.hardware.lights-service.mediatek: write 374 to /sys/class/mi_display/disp-DSI-0/brightness_clone, result: 0
03-02 10:59:21.713  1201  1298 D AALService: [CRTC_114] onALIChanged: 10 -> 15
03-02 10:59:21.738   857   857 D android.hardware.lights-service.mediatek: write 372 to /sys/class/leds/lcd-backlight/brightness, result: 0
03-02 10:59:21.738   857   857 D android.hardware.lights-service.mediatek: write 372 to /sys/class/mi_display/disp-DSI-0/brightness_clone, result: 0
03-02 10:59:21.787   857   857 D android.hardware.lights-service.mediatek: write 370 to /sys/class/leds/lcd-backlight/brightness, result: 0
03-02 10:59:21.787   857   857 D android.hardware.lights-service.mediatek: write 370 to /sys/class/mi_display/disp-DSI-0/brightness_clone, result: 0
03-02 10:59:21.799  7645 11615 W unknown:ReactNative: StatusBarModule: Ignored status bar change, current activity is edge-to-edge.
03-02 10:59:21.800  7645 11615 W unknown:ReactNative: StatusBarModule: Ignored status bar change, current activity is edge-to-edge.
03-02 10:59:21.801  1621  1636 D MiuiRefreshRatePolicy: reset
03-02 10:59:21.803  1999  1999 D TouchInteractionService: onSystemUiFlagsChanged, mSystemUiStateFlags=10000000
03-02 10:59:21.809  7645  7645 D VRI[MainActivity]: vri.reportNextDraw android.view.ViewRootImpl.performTraversals:4984 android.view.ViewRootImpl.doTraversal:3564 android.view.ViewRootImpl$TraversalRunnable.run:11781 android.view.Choreographer$CallbackRecord.run:1804 android.view.Choreographer$CallbackRecord.run:1813 
03-02 10:59:21.811  7645  7645 W Looper  : PerfMonitor doFrame : time=196ms vsyncFrame=19783214 latency=668ms procState=-1 historyMsgCount=39 (msgIndex=1 wall=557ms seq=554 late=1ms h=android.view.Choreographer$FrameHandler c=android.view.Choreographer$FrameDisplayEventReceiver) (msgIndex=35 wall=320ms seq=588 late=406ms h=android.app.ActivityThread$H w=114)
03-02 10:59:21.816  7645  7645 D RNTP-com.doublesymmetry.trackplayer.service.MusicService:onBind: intentAction = androidx.media3.session.MediaSessionService
03-02 10:59:21.825  1621  1651 I ActivityTaskManager: visible for Task{c881f43 #37032 type=standard A=10337:com.softnation.Ojam} visible = true isAnimating = false TRANSITION = false PARENTS = false CHILDREN = false
03-02 10:59:21.836   861   947 I libPerfCtl: xgfGetFPS pid:2363 fps:-1
03-02 10:59:21.843   857   857 D android.hardware.lights-service.mediatek: write 369 to /sys/class/leds/lcd-backlight/brightness, result: 0
03-02 10:59:21.844   857   857 D android.hardware.lights-service.mediatek: write 369 to /sys/class/mi_display/disp-DSI-0/brightness_clone, result: 0
03-02 10:59:21.857  7645 11614 D nativeloader: Load /data/app/~~Bh61wenJZi6JNVEuOkVQfQ==/com.softnation.Ojam-nnCVAdHxKfOmup5FCuBDYQ==/base.apk!/lib/arm64-v8a/libgesturehandler.so using class loader ns clns-7 (caller=/data/app/~~Bh61wenJZi6JNVEuOkVQfQ==/com.softnation.Ojam-nnCVAdHxKfOmup5FCuBDYQ==/base.apk!classes20.dex): ok
03-02 10:59:21.857  7645 11614 D jni_lib_merge: Entering merged library JNI_OnLoad.
03-02 10:59:21.857  7645 11614 D jni_lib_merge: Preparing 12 pre-merged libs (including stub)
03-02 10:59:21.857  7645 11614 D jni_lib_merge: Preparing to register libfabricjni_so.  onload_func: 0x7895886ce0
03-02 10:59:21.857  7645 11614 D jni_lib_merge: Preparing to register libreact_devsupportjni_so.  onload_func: 0x7895a80fc8
03-02 10:59:21.857  7645 11614 D jni_lib_merge: Preparing to register libreact_featureflagsjni_so.  onload_func: 0x7895a8f518
03-02 10:59:21.857  7645 11614 D jni_lib_merge: Preparing to register libreact_newarchdefaults_so.  onload_func: 0x7895af76a8
03-02 10:59:21.857  7645 11614 D jni_lib_merge: Preparing to register libreactnativeblob_so.  onload_func: 0x7895ce7cb4
03-02 10:59:21.857  7645 11614 D jni_lib_merge: Preparing to register libreactnativejni_so.  onload_func: 0x7895d356bc
03-02 10:59:21.857  7645 11614 D jni_lib_merge: Preparing to register libreactnativejni_common_so.  onload_func: 0x7895d46044
03-02 10:59:21.857  7645 11614 D jni_lib_merge: Preparing to register librninstance_so.  onload_func: 0x7895d8d764
03-02 10:59:21.857  7645 11614 D jni_lib_merge: Preparing to register libturbomodulejsijni_so.  onload_func: 0x7895ea5f68
03-02 10:59:21.857  7645 11614 D jni_lib_merge: Preparing to register libuimanagerjni_so.  onload_func: 0x7895ebefb8
03-02 10:59:21.857  7645 11614 D jni_lib_merge: Preparing to register libyoga_so.  onload_func: 0x7895ecea3c
03-02 10:59:21.857  7645 11614 D jni_lib_merge: About to register 11 actual methods.
03-02 10:59:21.861  2350  2350 W Settings: Setting airplane_mode_on has moved from android.provider.Settings.System to android.provider.Settings.Global, returning read-only value.
03-02 10:59:21.863  2350  2350 W Settings: Setting airplane_mode_on has moved from android.provider.Settings.System to android.provider.Settings.Global, returning read-only value.
03-02 10:59:21.866  2350 29580 D NetworkSpeedTracker: updateSignalInfo lteRsrp=-91lteSnr=16,phoneId=1
03-02 10:59:21.869  2350 29580 D NetworkSpeedTracker: updateSignalInfo lteRsrp=-91lteSnr=16,phoneId=1
03-02 10:59:21.914  1201  1298 D AALService: [CRTC_114] onALIChanged: 15 -> 25
03-02 10:59:21.925   857   857 D android.hardware.lights-service.mediatek: write 367 to /sys/class/leds/lcd-backlight/brightness, result: 0
03-02 10:59:21.926   857   857 D android.hardware.lights-service.mediatek: write 367 to /sys/class/mi_display/disp-DSI-0/brightness_clone, result: 0
03-02 10:59:21.981   857   857 D android.hardware.lights-service.mediatek: write 364 to /sys/class/leds/lcd-backlight/brightness, result: 0
03-02 10:59:21.981   857   857 D android.hardware.lights-service.mediatek: write 364 to /sys/class/mi_display/disp-DSI-0/brightness_clone, result: 0
03-02 10:59:22.032  7645  7645 D VRI[MainActivity]: Setup new sync=wmsSync-VRI[MainActivity]#4
03-02 10:59:22.036   857   857 D android.hardware.lights-service.mediatek: write 363 to /sys/class/leds/lcd-backlight/brightness, result: 0
03-02 10:59:22.037   857   857 D android.hardware.lights-service.mediatek: write 363 to /sys/class/mi_display/disp-DSI-0/brightness_clone, result: 0
03-02 10:59:22.091   857   857 D android.hardware.lights-service.mediatek: write 361 to /sys/class/leds/lcd-backlight/brightness, result: 0
03-02 10:59:22.092   857   857 D android.hardware.lights-service.mediatek: write 361 to /sys/class/mi_display/disp-DSI-0/brightness_clone, result: 0
03-02 10:59:22.115  1201  1298 D AALService: [CRTC_114] onALIChanged: 25 -> 47
03-02 10:59:22.119  7645 11557 D HWUI    : makeCurrent grContext:0xb4000079f1a12350 reset mTextureAvailable
03-02 10:59:22.145  1055  1186 D connsyslogger: SD_LOG_ROOT is /data/debuglogger/connsyslog/fw.
03-02 10:59:22.145  1055  1186 D connsyslogger: systemReady:1
03-02 10:59:22.147   857   857 D android.hardware.lights-service.mediatek: write 359 to /sys/class/leds/lcd-backlight/brightness, result: 0
03-02 10:59:22.147   857   857 D android.hardware.lights-service.mediatek: write 359 to /sys/class/mi_display/disp-DSI-0/brightness_clone, result: 0
03-02 10:59:22.166  1621  1636 D AS.BtHelper: isBluetoothScoOn() mBluetoothHeadset is null: falsemBluetoothHeadsetDevice is null: true
03-02 10:59:22.167  1621  1636 V AS.AudioDeviceBroker: requestedCommunicationDevice: null mAudioModeOwner: AudioModeInfo: mMode=MODE_NORMAL, mPid=0, mUid=0
03-02 10:59:22.167  1621  1636 D AS.BtHelper: isBluetoothScoOn() mBluetoothHeadset is null: falsemBluetoothHeadsetDevice is null: true
03-02 10:59:22.167  1621  1636 V AS.AudioDeviceBroker: requestedCommunicationDevice: null mAudioModeOwner: AudioModeInfo: mMode=MODE_NORMAL, mPid=0, mUid=0
03-02 10:59:22.192  7645 11557 E softnation.Ojam: DynamicFPS DF open fail: No such file or directory
03-02 10:59:22.192  7645 11557 E softnation.Ojam: FrameInsert open fail: No such file or directory
03-02 10:59:22.193  7645 11557 D BLASTBufferQueue: [VRI[MainActivity]#0](f:0,a:1) acquireNextBufferLocked size=1080x2460 mFrameNumber=1 applyTransaction=true mTimestamp=610755741715787(auto) mPendingTransactions.size=0 graphicBufferId=32835024977925 transform=0
03-02 10:59:22.194   921  1472 D MI-SF   : isTpIdleScene mSetTpIdleFlag 0, mSetLtpoTpIdleFlag 0
03-02 10:59:22.195   921  1472 D DisplayModeController: setDesiredMode 4627039422300187648 {mode={fps=60.00 Hz, modePtr={id=0, vsyncRate=60.00 Hz, peakRefreshRate=60.00 Hz}}, emitEvent=true, force=false}
03-02 10:59:22.195  7645  7645 D VRI[MainActivity]: vri.reportDrawFinished
03-02 10:59:22.195   921  1472 D Scheduler: MtkOverrideDuration: update vsync 60
03-02 10:59:22.195   921  1472 E SurfaceFlinger: MtkDuration override mode is disabled
03-02 10:59:22.195   921  1472 D Scheduler: MtkOverrideDuration: reset override duration
03-02 10:59:22.195   921  1472 I PowerHalWrapper: updateFps(): 60
03-02 10:59:22.197  1621  1636 D WindowManager: wms.finishDrawingLocked: mDrawState=COMMIT_DRAW_PENDING Window{c6fe0a8 u0 com.softnation.Ojam/com.softnation.Ojam.MainActivity} in Surface(name=com.softnation.Ojam/com.softnation.Ojam.MainActivity#133711)/@0xbbb70b5
03-02 10:59:22.198  7645  7645 W Looper  : PerfMonitor doFrame : time=355ms vsyncFrame=19783245 latency=38ms procState=-1 historyMsgCount=52 (msgIndex=1 wall=196ms seq=593 late=668ms h=android.view.Choreographer$FrameHandler c=android.view.Choreographer$FrameDisplayEventReceiver)
03-02 10:59:22.199  1621  1651 D MiuiRefreshRatePolicy: reset
03-02 10:59:22.200  1621  1651 I WindowManager: onFirstWindowDrawn, try to remove startingWindow. this = ActivityRecord{24d5c54 u0 com.softnation.Ojam/.MainActivity t37032} associatedTask = null isMainWindow = true mStartingWindow = Window{7f05097 u0 Splash Screen com.softnation.Ojam} mStartingData = SplashScreenStartingData{d07e1ec waitForSyncTransactionCommit=false removeAfterTransaction= 0}
03-02 10:59:22.203   857   857 D android.hardware.lights-service.mediatek: write 358 to /sys/class/leds/lcd-backlight/brightness, result: 0
03-02 10:59:22.203   857   857 D android.hardware.lights-service.mediatek: write 358 to /sys/class/mi_display/disp-DSI-0/brightness_clone, result: 0
03-02 10:59:22.203  1621  1651 I PowerManagerServiceImpl: Acquire wakelock: SCREEN_BRIGHT_WAKE_LOCK           'WindowManager/displayId:0' ON_AFTER_RELEASE (uid=1000 pid=1621 pkg=android ws=WorkSource{10337 com.softnation.Ojam})
03-02 10:59:22.206  1621  1651 D MiuiRefreshRatePolicy: reset
03-02 10:59:22.207  1621  1638 I ActivityTaskManager: Displayed com.softnation.Ojam/.MainActivity for user 0: +16s127ms
03-02 10:59:22.207  7645  7645 D RNTP-com.doublesymmetry.trackplayer.service.MusicService:setupPlayer: Setting up player
03-02 10:59:22.211  1621  1651 I WindowManager: wms.showSurfaceRobustly mWin:Window{c6fe0a8 u0 com.softnation.Ojam/com.softnation.Ojam.MainActivity}
03-02 10:59:22.212  1621  1651 I ActivityTaskManager: visible for Task{c881f43 #37032 type=standard A=10337:com.softnation.Ojam} visible = true isAnimating = false TRANSITION = false PARENTS = false CHILDREN = false
03-02 10:59:22.215   849   868 I hwcomposer: [HWCDisplay] (0 setActiveConfigWithConstraints():4114), config:0  
03-02 10:59:22.215   849   868 I hwcomposer: [HWCDisplay] (0 setActiveConfigWithConstraints():4164), now 610755764493249, diff 531385, estimated_applied_time 27777778 queued_size:0  
03-02 10:59:22.218   849   868 I hwcomposer: [HWCDisplay] (0 updateFps():3667), (type:1, mode:2) fps:0.735934,dur:1358.82,max:1358.82,min:1358.82  
03-02 10:59:22.230   921  1500 I BufferQueueDebug: [Surface(name=7f05097 Splash Screen com.softnation.Ojam#133704)/@0x375fa6d - animation-leash of starting_reveal#133716](this:0xb400007bcecb4138,id:-1,api:0,p:-1,c:-1) BufferQueue core=(921:/system/bin/surfaceflinger)
03-02 10:59:22.231  7645  7645 I ExoPlayerImpl: Init b660fe0 [AndroidXMedia3/1.8.0] [tides, 2404ARN45A, Xiaomi, 35]
03-02 10:59:22.240  7645  7645 I ExoPlayerImpl: Release c09348 [AndroidXMedia3/1.8.0] [tides, 2404ARN45A, Xiaomi, 35] [media3.common, media3.session, media3.exoplayer, media3.decoder, media3.database]
03-02 10:59:22.241   849  1481 I hwcomposer: [HWCDisplay] (0 updateAppliedConfigState():4360), applied config complete[idx:610755792271027, config:0]  
03-02 10:59:22.245  1621  1636 D MediaSessionService: onSessionPlaybackStateChanged: record=com.softnation.Ojam/androidx.media3.session.id./84 (userId=0) playbackState=PlaybackState {state=NONE(0), position=0, buffered position=0, speed=0.0, updated=1028521664, actions=7339653, custom actions=[], active item id=0, error=null}
03-02 10:59:22.246  2363 19600 I ActiveSessionRecord_export-api: onPlaybackStateChanged: PlaybackState {state=NONE(0), position=0, buffered position=0, speed=0.0, updated=1028521664, actions=7339653, custom actions=[], active item id=0, error=null}
03-02 10:59:22.246  2363  3215 I ActiveSessionRecord_export-api: onPlaybackStateChanged: PlaybackState {state=NONE(0), position=0, buffered position=0, speed=0.0, updated=1028521664, actions=7339653, custom actions=[], active item id=0, error=null}
03-02 10:59:22.246 18562 18562 D AudioMediaPlayerWrapper: onPlaybackStateChanged(): com.softnation.Ojam : PlaybackState {state=NONE(0), position=0, buffered position=0, speed=0.0, updated=1028521664, actions=7339653, custom actions=[], active item id=0, error=null}
03-02 10:59:22.247 18562 18562 W AudioMediaPlayerWrapper: onPlaybackStateChanged(): com.softnation.Ojam tried to update with no new data
03-02 10:59:22.247   921   921 I PowerHalWrapper: updateFps(): 60
03-02 10:59:22.247  1621  1636 D MediaSessionService: onSessionPlaybackStateChanged: record=com.softnation.Ojam/androidx.media3.session.id./84 (userId=0) playbackState=PlaybackState {state=NONE(0), position=0, buffered position=0, speed=0.0, updated=1028521666, actions=7339653, custom actions=[], active item id=0, error=null}
03-02 10:59:22.248  2363 19600 I ActiveSessionRecord_export-api: onPlaybackStateChanged: PlaybackState {state=NONE(0), position=0, buffered position=0, speed=0.0, updated=1028521666, actions=7339653, custom actions=[], active item id=0, error=null}
03-02 10:59:22.248  2363  3215 I ActiveSessionRecord_export-api: onPlaybackStateChanged: PlaybackState {state=NONE(0), position=0, buffered position=0, speed=0.0, updated=1028521666, actions=7339653, custom actions=[], active item id=0, error=null}
03-02 10:59:22.248 18562 18562 D AudioMediaPlayerWrapper: onPlaybackStateChanged(): com.softnation.Ojam : PlaybackState {state=NONE(0), position=0, buffered position=0, speed=0.0, updated=1028521666, actions=7339653, custom actions=[], active item id=0, error=null}
03-02 10:59:22.249 18562 18562 W AudioMediaPlayerWrapper: onPlaybackStateChanged(): com.softnation.Ojam tried to update with no new data
03-02 10:59:22.249   921   921 I PowerHalWrapper: updateFps(): 60
03-02 10:59:22.254   849  1423 W hwcomposer: [DRMDEV] paramIsSame(), id 34775, w 1080/1080, h 2460/2460, pitch 1088/1088, format 0x2/0x1, secure 0/0  
03-02 10:59:22.270  7645  7645 D RNTP-com.doublesymmetry.trackplayer.service.MusicService:onGetSession: com.softnation.Ojam
03-02 10:59:22.274   857   857 D android.hardware.lights-service.mediatek: write 356 to /sys/class/leds/lcd-backlight/brightness, result: 0
03-02 10:59:22.275   857   857 D android.hardware.lights-service.mediatek: write 356 to /sys/class/mi_display/disp-DSI-0/brightness_clone, result: 0
03-02 10:59:22.278  7645  7645 I MediaController: Init 179faf8 [AndroidXMedia3/1.8.0] [tides, 2404ARN45A, Xiaomi, 35]
03-02 10:59:22.279  7645  7645 D RNTP-com.doublesymmetry.trackplayer.service.MusicService$InnerMediaSessionCallback:onConnect: com.softnation.Ojam
03-02 10:59:22.282  1621  2662 D MediaSessionService: onSessionPlaybackStateChanged: record=com.softnation.Ojam/androidx.media3.session.id./84 (userId=0) playbackState=PlaybackState {state=NONE(0), position=0, buffered position=0, speed=0.0, updated=1028521701, actions=7339653, custom actions=[], active item id=0, error=null}
03-02 10:59:22.283  2363 19600 I ActiveSessionRecord_export-api: onPlaybackStateChanged: PlaybackState {state=NONE(0), position=0, buffered position=0, speed=0.0, updated=1028521701, actions=7339653, custom actions=[], active item id=0, error=null}
03-02 10:59:22.283  2363  3215 I ActiveSessionRecord_export-api: onPlaybackStateChanged: PlaybackState {state=NONE(0), position=0, buffered position=0, speed=0.0, updated=1028521701, actions=7339653, custom actions=[], active item id=0, error=null}
03-02 10:59:22.283  2350  2350 W Settings: Setting airplane_mode_on has moved from android.provider.Settings.System to android.provider.Settings.Global, returning read-only value.
03-02 10:59:22.285 18562 18562 D AudioMediaPlayerWrapper: onPlaybackStateChanged(): com.softnation.Ojam : PlaybackState {state=NONE(0), position=0, buffered position=0, speed=0.0, updated=1028521701, actions=7339653, custom actions=[], active item id=0, error=null}
03-02 10:59:22.285  2350  2350 W Settings: Setting airplane_mode_on has moved from android.provider.Settings.System to android.provider.Settings.Global, returning read-only value.
03-02 10:59:22.285 18562 18562 W AudioMediaPlayerWrapper: onPlaybackStateChanged(): com.softnation.Ojam tried to update with no new data
03-02 10:59:22.286  1621  1621 D MBrainLocalService: isVendorFreezeConditionPass is false
03-02 10:59:22.286  1621  1621 D MBrainLocalService: notifyNetworkChange failed
03-02 10:59:22.289  2350  2350 W AlarmManager: Unrecognized alarm listener com.android.internal.telephony.data.AutoDataSwitchController$$ExternalSyntheticLambda0@50f3fd1
03-02 10:59:22.289  2350 29580 D NetworkSpeedTracker: updateNwSignalInfo not allowed ,ignore
03-02 10:59:22.293  7645  7645 D RNTP-com.doublesymmetry.trackplayer.service.MusicService$InnerMediaSessionCallback:onConnect: com.softnation.Ojam
03-02 10:59:22.294  2350 29580 D NetworkSpeedTracker: updateNwSignalInfo not allowed ,ignore
03-02 10:59:22.310   921  1467 W EventThreadInspector: slow VSync-app on display(4627039422300187648) count=1, avg=38 ms, max=38 ms.
03-02 10:59:22.311   857   857 D android.hardware.lights-service.mediatek: write 354 to /sys/class/leds/lcd-backlight/brightness, result: 0
03-02 10:59:22.311   857   857 D android.hardware.lights-service.mediatek: write 354 to /sys/class/mi_display/disp-DSI-0/brightness_clone, result: 0
03-02 10:59:22.319  1621  2834 D MediaSessionService: onSessionPlaybackStateChanged: record=com.softnation.Ojam/androidx.media3.session.id./84 (userId=0) playbackState=PlaybackState {state=NONE(0), position=0, buffered position=0, speed=0.0, updated=1028521737, actions=7339653, custom actions=[], active item id=0, error=null}
03-02 10:59:22.319  2363 19600 I ActiveSessionRecord_export-api: onPlaybackStateChanged: PlaybackState {state=NONE(0), position=0, buffered position=0, speed=0.0, updated=1028521737, actions=7339653, custom actions=[], active item id=0, error=null}
03-02 10:59:22.320  2363  3215 I ActiveSessionRecord_export-api: onPlaybackStateChanged: PlaybackState {state=NONE(0), position=0, buffered position=0, speed=0.0, updated=1028521737, actions=7339653, custom actions=[], active item id=0, error=null}
03-02 10:59:22.320 18562 18562 D AudioMediaPlayerWrapper: onPlaybackStateChanged(): com.softnation.Ojam : PlaybackState {state=NONE(0), position=0, buffered position=0, speed=0.0, updated=1028521737, actions=7339653, custom actions=[], active item id=0, error=null}
03-02 10:59:22.321 18562 18562 W AudioMediaPlayerWrapper: onPlaybackStateChanged(): com.softnation.Ojam tried to update with no new data
03-02 10:59:22.327  1621  2188 D MediaSessionService: onSessionPlaybackStateChanged: record=com.softnation.Ojam/androidx.media3.session.id./84 (userId=0) playbackState=PlaybackState {state=NONE(0), position=0, buffered position=0, speed=0.0, updated=1028521745, actions=261765, custom actions=[Action:mName='Previous, mIcon=2131231060, mExtras=Bundle[EMPTY_PARCEL], Action:mName='Next, mIcon=2131231044, mExtras=Bundle[EMPTY_PARCEL]], active item id=0, error=null}
03-02 10:59:22.328  2363 19600 I ActiveSessionRecord_export-api: onPlaybackStateChanged: PlaybackState {state=NONE(0), position=0, buffered position=0, speed=0.0, updated=1028521745, actions=261765, custom actions=[Action:mName='Previous, mIcon=2131231060, mExtras=Bundle[EMPTY_PARCEL], Action:mName='Next, mIcon=2131231044, mExtras=Bundle[EMPTY_PARCEL]], active item id=0, error=null}
03-02 10:59:22.328  2363  3215 I ActiveSessionRecord_export-api: onPlaybackStateChanged: PlaybackState {state=NONE(0), position=0, buffered position=0, speed=0.0, updated=1028521745, actions=261765, custom actions=[Action:mName='Previous, mIcon=2131231060, mExtras=Bundle[EMPTY_PARCEL], Action:mName='Next, mIcon=2131231044, mExtras=Bundle[EMPTY_PARCEL]], active item id=0, error=null}
03-02 10:59:22.329 18562 18562 D AudioMediaPlayerWrapper: onPlaybackStateChanged(): com.softnation.Ojam : PlaybackState {state=NONE(0), position=0, buffered position=0, speed=0.0, updated=1028521745, actions=261765, custom actions=[Action:mName='Previous, mIcon=2131231060, mExtras=Bundle[EMPTY_PARCEL], Action:mName='Next, mIcon=2131231044, mExtras=Bundle[EMPTY_PARCEL]], active item id=0, error=null}
03-02 10:59:22.330 18562 18562 W AudioMediaPlayerWrapper: onPlaybackStateChanged(): com.softnation.Ojam tried to update with no new data
03-02 10:59:22.341   857   857 D android.hardware.lights-service.mediatek: write 353 to /sys/class/leds/lcd-backlight/brightness, result: 0
03-02 10:59:22.341   857   857 D android.hardware.lights-service.mediatek: write 353 to /sys/class/mi_display/disp-DSI-0/brightness_clone, result: 0
03-02 10:59:22.347  7645  7645 I HandWritingStubImpl: refreshLastKeyboardType: 1
03-02 10:59:22.349  7645  7645 I HandWritingStubImpl: getCurrentKeyboardType: 1
03-02 10:59:22.352  1621  1806 I ImeTracker: com.softnation.Ojam:cb06ce7e: onRequestHide at ORIGIN_SERVER reason HIDE_UNSPECIFIED_WINDOW fromUser false
03-02 10:59:22.353  1621  1806 I ImeTracker: com.softnation.Ojam:cb06ce7e: onCancelled at PHASE_SERVER_SHOULD_HIDE
03-02 10:59:22.353  6515  6798 D MirrorManager:  sendAcceptInput 0 0
03-02 10:59:22.355  2526  2526 D InputEventReceiver: Input log is disabled in InputEventReceiver.
03-02 10:59:22.358  7645 11615 W unknown:ReactNative: StatusBarModule: Ignored status bar change, current activity is edge-to-edge.
03-02 10:59:22.358  2526  2526 I GoogleInputMethodService: GoogleInputMethodService.onFinishInput():2113 
03-02 10:59:22.359  7645 11615 W unknown:ReactNative: StatusBarModule: Ignored status bar change, current activity is edge-to-edge.
03-02 10:59:22.360  2526  2526 I Module  : DeviceLockedStatusModuleProvider$Module.updateDeviceLockedStatus():103 repeatCheckTimes = 0, locked = false
03-02 10:59:22.360   921  1500 I BufferQueueDebug: [Surface(name=751ea6d InputMethod#71915)/@0xaafc069 - animation-leash of insets_animation#133717](this:0xb400007bcecc5298,id:-1,api:0,p:-1,c:-1) BufferQueue core=(921:/system/bin/surfaceflinger)
03-02 10:59:22.361  2526  2526 I GoogleInputMethodService: GoogleInputMethodService.onStartInput():1384 onStartInput(EditorInfo{EditorInfo{packageName=com.softnation.Ojam, inputType=0, inputTypeString=NULL, enableLearning=false, autoCorrection=false, autoComplete=false, imeOptions=0, privateImeOptions=null, actionName=UNSPECIFIED, actionLabel=null, initialSelStart=-1, initialSelEnd=-1, initialCapsMode=0, label=null, fieldId=0, fieldName=null, extras=Bundle[mParcelledData.dataSize=72], hintText=null, hintLocales=[]}}, false)
03-02 10:59:22.362  2526  2526 I Module  : DeviceLockedStatusModuleProvider$Module.updateDeviceLockedStatus():103 repeatCheckTimes = 1, locked = false
03-02 10:59:22.362  1621  1651 D MiuiRefreshRatePolicy: reset
03-02 10:59:22.364  1621  2834 W PackageConfigPersister: App-specific configuration not found for packageName: com.softnation.Ojam and userId: 0
03-02 10:59:22.365  1621  2188 D PreStartingManager: Not init when use PreStartingManager!
03-02 10:59:22.368  1621  1651 D MiuiRefreshRatePolicy: reset
03-02 10:59:22.371  2363  2577 D View    : [Warning] assignParent to null: this = android.widget.FrameLayout{65b804a G.E...... ......ID 0,0-1080,2460}
03-02 10:59:22.375   857   857 D android.hardware.lights-service.mediatek: write 352 to /sys/class/leds/lcd-backlight/brightness, result: 0
03-02 10:59:22.376   857   857 D android.hardware.lights-service.mediatek: write 352 to /sys/class/mi_display/disp-DSI-0/brightness_clone, result: 0
03-02 10:59:22.377  7645  7645 I HandWritingStubImpl: getCurrentKeyboardType: 1
03-02 10:59:22.381  1621  2188 D MiuiRefreshRatePolicy: reset
03-02 10:59:22.385  1621  1651 I ActivityTaskManager: visible for Task{c881f43 #37032 type=standard A=10337:com.softnation.Ojam} visible = true isAnimating = false TRANSITION = false PARENTS = false CHILDREN = false
03-02 10:59:22.386  2363  2577 D BLASTBufferQueue: [VRI[Ojam]#5830](f:0,a:1) destructor()
03-02 10:59:22.386   921  1500 I BpBinder: onLastStrongRef automatically unlinking death recipients: 
03-02 10:59:22.387  2363  2577 D BufferQueueConsumer: [VRI[Ojam]#5830(BLAST Consumer)5830](id:93b00001adb,api:0,p:-1,c:2363) disconnect
03-02 10:59:22.388  2363  2577 W WindowOnBackDispatcher: sendCancelIfRunning: isInProgress=false callback=android.view.ViewRootImpl$$ExternalSyntheticLambda12@c0e3431
03-02 10:59:22.390  1621  2188 D CoreBackPreview: Window{7f05097 u0 Splash Screen com.softnation.Ojam}: Setting back callback null
03-02 10:59:22.390  1621  2834 D WindowManager: Starting window removed Window{7f05097 u0 Splash Screen com.softnation.Ojam}
03-02 10:59:22.390  1621  2834 W InputManager-JNI: Input channel object '7f05097 Splash Screen com.softnation.Ojam (client)' was disposed without first being removed with the input manager!
03-02 10:59:22.391  1621  2834 D WindowManager: setParent old=ActivityRecord{24d5c54 u0 com.softnation.Ojam/.MainActivity t37032},new=null,this window=Window{7f05097 u0 Splash Screen com.softnation.Ojam},callers=com.android.server.wm.WindowContainer.removeChild:897 com.android.server.wm.ActivityRecord.removeChild:5518 com.android.server.wm.ActivityRecord.removeChild:505 com.android.server.wm.WindowContainer.removeImmediately:967 com.android.server.wm.WindowState.removeImmediately:2526 com.android.server.wm.WindowState.removeIfPossible:2714 
03-02 10:59:22.392  1621  2834 D WindowManager: postWindowRemoveCleanupLocked: Removing startingWindow Window{7f05097 u0 Splash Screen com.softnation.Ojam} from ActivityRecord{24d5c54 u0 com.softnation.Ojam/.MainActivity t37032} activity = ActivityRecord{24d5c54 u0 com.softnation.Ojam/.MainActivity t37032}
03-02 10:59:22.394  1621  2834 D MiuiRefreshRatePolicy: reset
03-02 10:59:22.394   921   921 I SurfaceFlinger: onHandleDestroyed: name=Surface(name=751ea6d InputMethod#71915)/@0xaafc069 - animation-leash of insets_animation#133700, layerId=133700, parentId=0
03-02 10:59:22.408   857   857 D android.hardware.lights-service.mediatek: write 351 to /sys/class/leds/lcd-backlight/brightness, result: 0
03-02 10:59:22.409   857   857 D android.hardware.lights-service.mediatek: write 351 to /sys/class/mi_display/disp-DSI-0/brightness_clone, result: 0
03-02 10:59:22.409  1621  1651 I ActivityTaskManager: visible for Task{c881f43 #37032 type=standard A=10337:com.softnation.Ojam} visible = true isAnimating = false TRANSITION = false PARENTS = false CHILDREN = false
03-02 10:59:22.410   921   921 I BufferQueueDebug: [Surface(name=751ea6d InputMethod#71915)/@0xaafc069 - animation-leash of insets_animation#133700](this:0xb400007bcecbf778,id:-1,api:0,p:-1,c:921) onDestructor()
03-02 10:59:22.426   921   921 I SurfaceFlinger: onHandleDestroyed: name=7f05097 Splash Screen com.softnation.Ojam#133704, layerId=133704, parentId=0
03-02 10:59:22.426   921   921 I SurfaceFlinger: onHandleDestroyed: name=Splash Screen com.softnation.Ojam#133705, layerId=133705, parentId=0
03-02 10:59:22.436  7645 11614 I ReactNativeJS: [DownloadsContext] Loaded downloads and reconciled local files
03-02 10:59:22.441   921  1468 W EventThreadInspector: slow VSync-appSf on display(4627039422300187648) count=1, avg=40 ms, max=40 ms.
03-02 10:59:22.444   921   921 I BufferQueueDebug: [Splash Screen com.softnation.Ojam#133705](this:0xb400007bcec45048,id:-1,api:0,p:-1,c:921) onDestructor()
03-02 10:59:22.444   921   921 I BufferQueueDebug: [7f05097 Splash Screen com.softnation.Ojam#133704](this:0xb400007bcec64578,id:-1,api:0,p:-1,c:921) onDestructor()
03-02 10:59:22.447  2363  2363 D Utilities:  oldHints : 0 backDisposition : 0 imeShown : false hints 0
03-02 10:59:22.452  1621  2834 I PowerHalWrapper: amsBoostStop AMS_BOOST_PACK_SWITCH:false, AMS_BOOST_ACT_SWITCH:false, AMS_BOOST_PROCESS_CREATE:true, AMS_BOOST_PROCESS_CREATE_FOR_GAME:false, AMS_BOOST_HOT_LAUNCH:false 
03-02 10:59:22.453   863   958 I libPowerHal: [perfLockRel] hdl:365584, idx:-1
03-02 10:59:22.457  7645 11557 W libc    : Access denied finding property "ro.vendor.display.iris_x7.support"
03-02 10:59:22.458   857   857 D android.hardware.lights-service.mediatek: write 350 to /sys/class/leds/lcd-backlight/brightness, result: 0
03-02 10:59:22.459   857   857 D android.hardware.lights-service.mediatek: write 350 to /sys/class/mi_display/disp-DSI-0/brightness_clone, result: 0
03-02 10:59:22.475   857   857 D android.hardware.lights-service.mediatek: write 348 to /sys/class/leds/lcd-backlight/brightness, result: 0
03-02 10:59:22.475   857   857 D android.hardware.lights-service.mediatek: write 348 to /sys/class/mi_display/disp-DSI-0/brightness_clone, result: 0
03-02 10:59:22.509   857   857 D android.hardware.lights-service.mediatek: write 347 to /sys/class/leds/lcd-backlight/brightness, result: 0
03-02 10:59:22.509   857   857 D android.hardware.lights-service.mediatek: write 347 to /sys/class/mi_display/disp-DSI-0/brightness_clone, result: 0
03-02 10:59:22.514  1201  1298 D AALService: [CRTC_114] onALIChanged: 47 -> 39
03-02 10:59:22.541   857   857 D android.hardware.lights-service.mediatek: write 346 to /sys/class/leds/lcd-backlight/brightness, result: 0
03-02 10:59:22.542   857   857 D android.hardware.lights-service.mediatek: write 346 to /sys/class/mi_display/disp-DSI-0/brightness_clone, result: 0
03-02 10:59:22.564  1621  2315 D SystemPressureControl: thermal temperature 40
03-02 10:59:22.575   857   857 D android.hardware.lights-service.mediatek: write 345 to /sys/class/leds/lcd-backlight/brightness, result: 0
03-02 10:59:22.576   857   857 D android.hardware.lights-service.mediatek: write 345 to /sys/class/mi_display/disp-DSI-0/brightness_clone, result: 0
03-02 10:59:22.608   857   857 D android.hardware.lights-service.mediatek: write 344 to /sys/class/leds/lcd-backlight/brightness, result: 0
03-02 10:59:22.609   857   857 D android.hardware.lights-service.mediatek: write 344 to /sys/class/mi_display/disp-DSI-0/brightness_clone, result: 0
03-02 10:59:22.641   857   857 D android.hardware.lights-service.mediatek: write 343 to /sys/class/leds/lcd-backlight/brightness, result: 0
03-02 10:59:22.642   857   857 D android.hardware.lights-service.mediatek: write 343 to /sys/class/mi_display/disp-DSI-0/brightness_clone, result: 0
03-02 10:59:22.675   857   857 D android.hardware.lights-service.mediatek: write 342 to /sys/class/leds/lcd-backlight/brightness, result: 0
03-02 10:59:22.676   857   857 D android.hardware.lights-service.mediatek: write 342 to /sys/class/mi_display/disp-DSI-0/brightness_clone, result: 0
03-02 10:59:22.709   857   857 D android.hardware.lights-service.mediatek: write 341 to /sys/class/leds/lcd-backlight/brightness, result: 0
03-02 10:59:22.710   857   857 D android.hardware.lights-service.mediatek: write 341 to /sys/class/mi_display/disp-DSI-0/brightness_clone, result: 0
03-02 10:59:22.730  1621  2188 D ConnectivityService: requestNetwork for uid/pid:10337/7645 activeRequest: null callbackRequest: 242269 [NetworkRequest [ REQUEST id=242270, [ Capabilities: INTERNET&NOT_RESTRICTED&TRUSTED&NOT_VCN_MANAGED&NOT_BANDWIDTH_CONSTRAINED Uid: 10337 RequestorUid: 10337 RequestorPkg: com.softnation.Ojam UnderlyingNetworks: Null] ]] callback flags: 0 order: 2147483647 isUidTracked: false declaredMethods: AVAIL|LOST
03-02 10:59:22.739  1621  1843 D WifiNetworkFactory: got request NetworkRequest [ REQUEST id=242270, [ Capabilities: INTERNET&NOT_RESTRICTED&TRUSTED&NOT_VCN_MANAGED&NOT_BANDWIDTH_CONSTRAINED Uid: 10337 RequestorUid: 10337 RequestorPkg: com.softnation.Ojam UnderlyingNetworks: Null] ]
03-02 10:59:22.740  1621  1843 D UntrustedWifiNetworkFactory: got request NetworkRequest [ REQUEST id=242270, [ Capabilities: INTERNET&NOT_RESTRICTED&TRUSTED&NOT_VCN_MANAGED&NOT_BANDWIDTH_CONSTRAINED Uid: 10337 RequestorUid: 10337 RequestorPkg: com.softnation.Ojam UnderlyingNetworks: Null] ]
03-02 10:59:22.741  1621  1843 D OemPaidWifiNetworkFactory: got request NetworkRequest [ REQUEST id=242270, [ Capabilities: INTERNET&NOT_RESTRICTED&TRUSTED&NOT_VCN_MANAGED&NOT_BANDWIDTH_CONSTRAINED Uid: 10337 RequestorUid: 10337 RequestorPkg: com.softnation.Ojam UnderlyingNetworks: Null] ]
03-02 10:59:22.741   857   857 D android.hardware.lights-service.mediatek: write 340 to /sys/class/leds/lcd-backlight/brightness, result: 0
03-02 10:59:22.742  1621  1843 D MultiInternetWifiNetworkFactory: got request NetworkRequest [ REQUEST id=242270, [ Capabilities: INTERNET&NOT_RESTRICTED&TRUSTED&NOT_VCN_MANAGED&NOT_BANDWIDTH_CONSTRAINED Uid: 10337 RequestorUid: 10337 RequestorPkg: com.softnation.Ojam UnderlyingNetworks: Null] ]
03-02 10:59:22.743  1621  1856 D ConnectivityService: NetReassign [242270 : null ΓåÆ 255] [c 1] [a 2] [i 8]
03-02 10:59:22.743   857   857 D android.hardware.lights-service.mediatek: write 340 to /sys/class/mi_display/disp-DSI-0/brightness_clone, result: 0
03-02 10:59:22.791   857   857 D android.hardware.lights-service.mediatek: write 339 to /sys/class/leds/lcd-backlight/brightness, result: 0
03-02 10:59:22.792   857   857 D android.hardware.lights-service.mediatek: write 339 to /sys/class/mi_display/disp-DSI-0/brightness_clone, result: 0
03-02 10:59:22.794  1621  1636 D ActivityManager: getProcessesInErrorState callingUid=10126, CallingPid=31485
03-02 10:59:22.803  2350  2350 W Settings: Setting airplane_mode_on has moved from android.provider.Settings.System to android.provider.Settings.Global, returning read-only value.
03-02 10:59:22.806  2350  2350 W Settings: Setting airplane_mode_on has moved from android.provider.Settings.System to android.provider.Settings.Global, returning read-only value.
03-02 10:59:22.810  2350 29580 D NetworkSpeedTracker: updateSignalInfo lteRsrp=-91lteSnr=14,phoneId=1
03-02 10:59:22.816  2350 29580 D NetworkSpeedTracker: updateSignalInfo lteRsrp=-91lteSnr=14,phoneId=1
03-02 10:59:22.825   857   857 D android.hardware.lights-service.mediatek: write 338 to /sys/class/leds/lcd-backlight/brightness, result: 0
03-02 10:59:22.825   857   857 D android.hardware.lights-service.mediatek: write 338 to /sys/class/mi_display/disp-DSI-0/brightness_clone, result: 0
03-02 10:59:22.853  3510  3510 W libc    : Unable to set property "persist.vendor.accelerate.charge" to "false": PROP_ERROR_PERMISSION_DENIED (0x18)
03-02 10:59:22.858  6027  6027 I PowerSaveService: onReceive: android.intent.action.BATTERY_CHANGED
03-02 10:59:22.858  6515  8177 D PowerCheckerService: onBatteryChanged, mBatteryLevel = 44, status = 2, level = 44, plug = 2, scale = 100
03-02 10:59:22.858   857   857 D android.hardware.lights-service.mediatek: write 337 to /sys/class/leds/lcd-backlight/brightness, result: 0
03-02 10:59:22.858  1621  1621 D UiModeManager: updateConfigurationLocked: mDockState=0; mCarMode=false; mCar=false; mPowerSave=false; mOverrideNightModeOn=false; mOverrideNightModeOff=false; mComputedNightMode=true; mNightModeValue=2; uiMode=42
03-02 10:59:22.858  6515  6997 I ProcAudioPowerManager: onBatteryChanged, onBattery is false
03-02 10:59:22.858   857   857 D android.hardware.lights-service.mediatek: write 337 to /sys/class/mi_display/disp-DSI-0/brightness_clone, result: 0
03-02 10:59:22.859  6515  6997 D PowerKeeper.FrozenApp: onBatteryChanged plug=true mBatteryPlugged=2
03-02 10:59:22.859  6027  6027 I PowerNoticeUI: handleBatteryChanged oldPlugType 2 mPlugType 2 oldBatteryLevel 44 mBatteryLevel 44 temperature 390
03-02 10:59:22.859  6515  8142 D PowerKeeper.Thermal: mBatteryTemperature: 39
03-02 10:59:22.859  6027  6027 I ChargerBatteryIntelligenceReceiver: onBatteryChanged temperature∩╝Ü39,plugType:2
03-02 10:59:22.859  6027  6027 I ChargerBatteryIntelligenceReceiver: dissmissTempFastChargeReminder not support
03-02 10:59:22.859  6027  6027 D BaseChargeProtect_HighTemp: mCountByMinute:0,isScreenOn:true
03-02 10:59:22.861  6027  6027 I android_os_HwBinder: HwBinder: Starting thread pool for getting: vendor.xiaomi.hardware.micharge@1.0::IMiCharge/default
03-02 10:59:22.863   872   908 I vendor.xiaomi.hardware.micharge@1.0-service: ReadFilePathValue path = /sys/class/power_supply/usb/real_type value = USB
03-02 10:59:22.864  6027  6027 I IMiChargeUtils: getIMiChargeStringValue method:getBatteryChargeType,value:USB
03-02 10:59:22.864  6027  6027 I IMiChargeUtils: getBatteryChargeType : USB
03-02 10:59:22.864  6027  6027 I ChargeTimeUtilsV2: chargeType:USB
03-02 10:59:22.864  6027  6027 I PowerFeatureUtils: getVendorName:mediatek
03-02 10:59:22.864  6027  6027 I PowerFeatureUtils: getVendorName:mediatek
03-02 10:59:22.889  1621  1621 D UiModeManager: updateConfigurationLocked: mDockState=0; mCarMode=false; mCar=false; mPowerSave=false; mOverrideNightModeOn=false; mOverrideNightModeOff=false; mComputedNightMode=true; mNightModeValue=2; uiMode=42
03-02 10:59:22.891   857   857 D android.hardware.lights-service.mediatek: write 336 to /sys/class/leds/lcd-backlight/brightness, result: 0
03-02 10:59:22.892   857   857 D android.hardware.lights-service.mediatek: write 336 to /sys/class/mi_display/disp-DSI-0/brightness_clone, result: 0
03-02 10:59:22.893  6027  6027 I PowerSaveService: onReceive: android.intent.action.BATTERY_CHANGED
03-02 10:59:22.894  6027  6027 I PowerNoticeUI: handleBatteryChanged oldPlugType 2 mPlugType 2 oldBatteryLevel 44 mBatteryLevel 44 temperature 390
03-02 10:59:22.894  6515  8177 D PowerCheckerService: onBatteryChanged, mBatteryLevel = 44, status = 2, level = 44, plug = 2, scale = 100
03-02 10:59:22.894  6515  6997 I ProcAudioPowerManager: onBatteryChanged, onBattery is false
03-02 10:59:22.894  6027  6027 I ChargerBatteryIntelligenceReceiver: onBatteryChanged temperature∩╝Ü39,plugType:2
03-02 10:59:22.894  6515  6997 D PowerKeeper.FrozenApp: onBatteryChanged plug=true mBatteryPlugged=2
03-02 10:59:22.894  6027  6027 D BaseChargeProtect_HighTemp: mCountByMinute:0,isScreenOn:true
03-02 10:59:22.894  6515  8142 D PowerKeeper.Thermal: mBatteryTemperature: 39
03-02 10:59:22.896  6027  6027 I android_os_HwBinder: HwBinder: Starting thread pool for getting: vendor.xiaomi.hardware.micharge@1.0::IMiCharge/default
03-02 10:59:22.898   872   908 I vendor.xiaomi.hardware.micharge@1.0-service: ReadFilePathValue path = /sys/class/power_supply/usb/real_type value = USB
03-02 10:59:22.899  6027  6027 I IMiChargeUtils: getIMiChargeStringValue method:getBatteryChargeType,value:USB
03-02 10:59:22.899  6027  6027 I IMiChargeUtils: getBatteryChargeType : USB
03-02 10:59:22.899  6027  6027 I ChargeTimeUtilsV2: chargeType:USB
03-02 10:59:22.899  6027  6027 I PowerFeatureUtils: getVendorName:mediatek
03-02 10:59:22.899  6027  6027 I PowerFeatureUtils: getVendorName:mediatek
03-02 10:59:22.913  1201  1298 D AALLightSensor: oldLux=39 [SA:-1 LA:-1] newLux=32 (oriLux: 32)
03-02 10:59:22.913  1201  1298 D AALService: [CRTC_114] onALIChanged: 39 -> 32
03-02 10:59:22.914  1621  1692 I AutomaticBrightnessController: AmbientLux=36.692646, mAmbientDarkeningThreshold=16.561834, mAmbientBrighteningThreshold=169.77573, mAmbientBrighteningSmallThreshold=116.542496
03-02 10:59:22.914  1621  1692 I AutomaticBrightnessController: updateAutoBrightness: mScreenAutoBrightness=0.03981004, newScreenAutoBrightness=0.10843395 (checkedAutoBrightness=445), mAmbientLux=36.692646, mUseDaemonSensorInProgress=false
03-02 10:59:22.915  1621  1692 D DisplayPowerControllerImpl: updateBrightnessChangeStatus: animating: true, displayState: 2, slowChange: true, appliedDimming: false, currentBrightness: 0.08164113, currentSdrBrightness: 0.08164113, targetBrightness: 0.09759055, targetSdrBrightness: 0.09759055, previousDisplayPolicy: 3, currentDisplayPolicy: 3
03-02 10:59:22.917  1621  1692 I DisplayPowerController2[0]: BrightnessEvent: disp=0, physDisp=local:4627039422300187648, displayState=ON, displayPolicy=BRIGHT, brt=0.09759055, initBrt=0.035829034, rcmdBrt=0.10843395, preBrt=0.03981004, lux=36.692646, preLux=10.070997, hbmMax=0.49975574, hbmMode=off, rbcStrength=50, thrmMax=1.0, powerFactor=0.9, wasShortTermModelActive=false, flags=low_power_mode , reason=automatic [ low_pwr ], autoBrightness=true, strategy=InvalidBrightnessStrategy, autoBrightnessMode=default
03-02 10:59:22.919  1621  1650 D DisplayManagerService: Ignore redundant display event 0/4 to 10310/2184
03-02 10:59:22.919  1621  1650 D DisplayManagerService: Ignore redundant display event 0/4 to 10122/2201
03-02 10:59:22.919  1621  1650 D DisplayManagerService: Ignore redundant display event 0/4 to 10289/2251
03-02 10:59:22.919  1621  1650 D DisplayManagerService: Ignore redundant display event 0/4 to 10217/7084
03-02 10:59:22.919  1621  1650 D DisplayManagerService: Ignore redundant display event 0/4 to 10304/7169
03-02 10:59:22.919  1621  1650 D DisplayManagerService: Ignore redundant display event 0/4 to 10329/9177
03-02 10:59:22.919  1621  1650 D DisplayManagerService: Ignore redundant display event 0/4 to 10302/9426
03-02 10:59:22.919  1621  1650 D DisplayManagerService: Ignore redundant display event 0/4 to 10174/23296
03-02 10:59:22.919  1621  1650 D DisplayManagerService: Ignore redundant display event 0/4 to 10301/31107
03-02 10:59:22.920  1621  1650 D DisplayManagerService: Ignore redundant display event 0/4 to 10126/31485
03-02 10:59:22.920  1621  1650 D DisplayManagerService: Ignore redundant display event 0/4 to 10156/32093
03-02 10:59:22.920  1621  1621 I BrightnessSynchronizer: [15417] New Update 0.10843395(f) set brightness values:  56(i)
03-02 10:59:22.920  1621  1650 D DisplayManagerService: Ignore redundant display event 0/4 to 10075/32592
03-02 10:59:22.922  1621  1621 I BrightnessSynchronizer: Swallowing update of 56(i) by update: {[15417] 0.10843395(f), mUpdatedTypes=1, mConfirmedTypes=1, mTimeUpdated=610756469}
03-02 10:59:22.922  1621  1621 I BrightnessSynchronizer: Completed Update: {[15417] 0.10843395(f), mUpdatedTypes=1, mConfirmedTypes=1, mTimeUpdated=610756469}
03-02 10:59:22.925   857   857 D android.hardware.lights-service.mediatek: write 335 to /sys/class/leds/lcd-backlight/brightness, result: 0
03-02 10:59:22.925   857   857 D android.hardware.lights-service.mediatek: write 335 to /sys/class/mi_display/disp-DSI-0/brightness_clone, result: 0
03-02 10:59:22.958   857   857 D android.hardware.lights-service.mediatek: write 336 to /sys/class/leds/lcd-backlight/brightness, result: 0
03-02 10:59:22.959   857   857 D android.hardware.lights-service.mediatek: write 336 to /sys/class/mi_display/disp-DSI-0/brightness_clone, result: 0
03-02 10:59:23.025   857   857 D android.hardware.lights-service.mediatek: write 337 to /sys/class/leds/lcd-backlight/brightness, result: 0
03-02 10:59:23.026   857   857 D android.hardware.lights-service.mediatek: write 337 to /sys/class/mi_display/disp-DSI-0/brightness_clone, result: 0
03-02 10:59:23.079  7645  7645 W Looper  : PerfMonitor doFrame : time=406ms vsyncFrame=19783285 latency=2ms procState=-1
03-02 10:59:23.092   857   857 D android.hardware.lights-service.mediatek: write 338 to /sys/class/leds/lcd-backlight/brightness, result: 0
03-02 10:59:23.092   857   857 D android.hardware.lights-service.mediatek: write 338 to /sys/class/mi_display/disp-DSI-0/brightness_clone, result: 0
03-02 10:59:23.158   857   857 D android.hardware.lights-service.mediatek: write 339 to /sys/class/leds/lcd-backlight/brightness, result: 0
03-02 10:59:23.159   857   857 D android.hardware.lights-service.mediatek: write 339 to /sys/class/mi_display/disp-DSI-0/brightness_clone, result: 0
03-02 10:59:23.171  1621  1636 D AS.BtHelper: isBluetoothScoOn() mBluetoothHeadset is null: falsemBluetoothHeadsetDevice is null: true
03-02 10:59:23.171  1621  1636 V AS.AudioDeviceBroker: requestedCommunicationDevice: null mAudioModeOwner: AudioModeInfo: mMode=MODE_NORMAL, mPid=0, mUid=0
03-02 10:59:23.172  1621  1636 D AS.BtHelper: isBluetoothScoOn() mBluetoothHeadset is null: falsemBluetoothHeadsetDevice is null: true
03-02 10:59:23.172  1621  1636 V AS.AudioDeviceBroker: requestedCommunicationDevice: null mAudioModeOwner: AudioModeInfo: mMode=MODE_NORMAL, mPid=0, mUid=0
03-02 10:59:23.194   861   947 I libPerfCtl: xgfGetFPS pid:2363 fps:-1
03-02 10:59:23.194   861   947 I libPerfCtl: xgfGetFPS pid:7645 fps:-1
03-02 10:59:23.225   857   857 D android.hardware.lights-service.mediatek: write 340 to /sys/class/leds/lcd-backlight/brightness, result: 0
03-02 10:59:23.225   857   857 D android.hardware.lights-service.mediatek: write 340 to /sys/class/mi_display/disp-DSI-0/brightness_clone, result: 0
03-02 10:59:23.292   857   857 D android.hardware.lights-service.mediatek: write 341 to /sys/class/leds/lcd-backlight/brightness, result: 0
03-02 10:59:23.292   857   857 D android.hardware.lights-service.mediatek: write 341 to /sys/class/mi_display/disp-DSI-0/brightness_clone, result: 0
03-02 10:59:23.342   857   857 D android.hardware.lights-service.mediatek: write 342 to /sys/class/leds/lcd-backlight/brightness, result: 0
03-02 10:59:23.342   857   857 D android.hardware.lights-service.mediatek: write 342 to /sys/class/mi_display/disp-DSI-0/brightness_clone, result: 0
03-02 10:59:23.346  7645 11615 W unknown:ReactNative: StatusBarModule: Ignored status bar change, current activity is edge-to-edge.
03-02 10:59:23.347  7645 11615 W unknown:ReactNative: StatusBarModule: Ignored status bar change, current activity is edge-to-edge.
03-02 10:59:23.380  1621  1666 I SmartPower: com.whatsapp/10300(31638): idle->background(2015ms) R(broadcast start Intent { act=android.intent.action.BATTERY_CHANGED flg=0x60000010 (has extras) }) adj=227.
03-02 10:59:23.382  1621  1666 I SmartPower: com.android.chrome/10174(23296): idle->background(2016ms) R(broadcast start Intent { act=android.intent.action.BATTERY_CHANGED flg=0x60000010 (has extras) }) adj=915.
