03-02 11:11:23.734  1621  1918 E HyperSentinel: Event_ThreadAmount
03-02 11:11:23.734  1621  1918 E HyperSentinel: -> audit event by proc 13515 "usap64": running threads amount, 12 -> 23
03-02 11:11:23.739 13839 13839 D nativeloader: Load /data/data/com.instagram.lite/lib-compressed/libeverythingmerged.so using class loader ns clns-7 (caller=/data/app/~~plM1wYri-X0O2Dyup_-7GQ==/com.instagram.lite-kFAotEKGbXEBaXpLnRlZRQ==/base.apk): ok
03-02 11:11:23.742 13839 13839 V v9p     : Not disabled
03-02 11:11:23.743 13839 13839 I rtvip   : done
03-02 11:11:23.745 17400 17400 W DaggerInfraApplicationD: [main] Cannot set the application tracking stack multiple times. Skipping assignment.
03-02 11:11:23.746 17400 17400 D GlobalSequence: Global Sequence already initialized. Ignoring
03-02 11:11:23.746  1999 27254 D TaskStackChangeListeners: onTaskDescriptionChanged =  taskId = 37035
03-02 11:11:23.749 13839 13839 W DexStoreUtils: Ignoring dex metadata pragma: .superpack_files 1
03-02 11:11:23.752 17400 17716 I LMDBLRUCache: Entry init duration: 14ms
03-02 11:11:23.763  1999 27254 D TaskStackChangeListeners: onTaskDescriptionChanged =  taskId = 37035
03-02 11:11:23.764 17417 17690 W eddit.frontpage: ClassLoaderContext classpath element checksum mismatch. expected=1150104373, found=1757515979 (DLC[];PCL[base.apk*1150104373]{PCL[/system/framework/org.apache.http.legacy.jar*4025584831]#PCL[/system/framework/com.android.location.provider.jar*3414091812]#PCL[/system/framework/com.android.media.remotedisplay.jar*2042759013]#PCL[/system_ext/framework/androidx.window.extensions.jar*3622430006]#PCL[/system_ext/framework/androidx.window.sidecar.jar*2958050178]} | DLC[];PCL[/data/app/~~hT8wMXxa5v7kMM6OG61NLQ==/com.reddit.frontpage-6EzIrJEHTmFUYvnFLXCNGQ==/base.apk*1757515979]{PCL[/system_ext/framework/androidx.window.extensions.jar*3622430006]#PCL[/system_ext/framework/androidx.window.sidecar.jar*2958050178]})
03-02 11:11:23.764 17400 17400 D LixManagerImpl: [main] Triggering sync for lix lixType 0
03-02 11:11:23.765 17400 17400 D LixNetworkManager: [main] Batch Fetch Lix url:/lix/lixFrontendTreatmentsV2?action=batchGet
03-02 11:11:23.772  1621  2740 I BroadcastQueue: BOOT_COMPLETED_BROADCAST_COMPLETION_LATENCY_REPORTED action:android.intent.action.BOOT_COMPLETED dispatchLatency:1 completeLatency:2280 dispatchRealLatency:1 completeRealLatency:2280 receiversSize:1 userId:0 userType:android.os.usertype.full.SYSTEM
03-02 11:11:23.780 17400 17400 I LixModule$Fakeable: [main] Custom granular phase guestLixManager_registerWithLixManager completed. Interval(startNanos=1772446283772000000ns, durationNanos=6000000ns)
03-02 11:11:23.787  1621  1918 E HyperSentinel: -------------------------------------------------------
03-02 11:11:23.789  1621  1918 E HyperSentinel: Event_ThreadAmount
03-02 11:11:23.789  1621  1918 E HyperSentinel: -> audit event by proc 17417 "com.reddit.frontpage": running threads amount, 0 -> 74
03-02 11:11:23.790 17400 17746 E CronetNetworkEngine: [Network-1] Request failed
03-02 11:11:23.790 17400 17746 E CronetNetworkEngine: org.chromium.net.impl.NetworkExceptionImpl: Exception in CronetUrlRequest: net::ERR_NAME_NOT_RESOLVED, ErrorCode=1, InternalErrorCode=-105, Retryable=false
03-02 11:11:23.790 17400 17746 E CronetNetworkEngine: 	at org.chromium.net.impl.CronetUrlRequest.onError(CronetUrlRequest.java:75)
03-02 11:11:23.791 17400 17746 I VoyagerNetworkRequestLo: [Network-1] Network request failed for url: POST:/lix/lixFrontendTreatmentsV2 with status code 0
03-02 11:11:23.791 17400 17746 I VoyagerNetworkRequestLo: com.linkedin.android.networking.NetworkRequestException
03-02 11:11:23.791 17400 17746 I VoyagerNetworkRequestLo: 	at com.linkedin.android.networking.engines.cronet.CronetNetworkEngine$$ExternalSyntheticLambda1.run(R8$$SyntheticClass:123)
03-02 11:11:23.791 17400 17746 I VoyagerNetworkRequestLo: 	at java.util.concurrent.ThreadPoolExecutor.runWorker(ThreadPoolExecutor.java:1154)
03-02 11:11:23.791 17400 17746 I VoyagerNetworkRequestLo: 	at java.util.concurrent.ThreadPoolExecutor$Worker.run(ThreadPoolExecutor.java:652)
03-02 11:11:23.791 17400 17746 I VoyagerNetworkRequestLo: 	at com.linkedin.android.networking.util.Util$threadFactory$1$$ExternalSyntheticLambda0.run(R8$$SyntheticClass:8)
03-02 11:11:23.791 17400 17746 I VoyagerNetworkRequestLo: 	at java.lang.Thread.run(Thread.java:1563)
03-02 11:11:23.799 17400 17755 W ThreadPoolExecutor: [ConnectionMonitor-1] ConnectionStateChangedListener added to ConnectionMonitor, but ConnectionMonitor has not been started.
03-02 11:11:23.805 17400 17400 D AppLaunchRateLimiter: [main] shouldLimitAppLaunchNetworkCalls: S600
03-02 11:11:23.806 17400 17400 D InfraAppLaunchOnAppProc: [main] onAppProcessStarted(): shouldLimitNetworkCalls=false
03-02 11:11:23.814 13515 13515 I softnation.Ojam: hiddenapi: Accessing hidden method Landroid/view/ViewGroup;->makeOptionalFitsSystemWindows()V (runtime_flags=0, domain=platform, api=unsupported) from Landroidx/appcompat/widget/ViewUtils; (domain=app, TargetSdkVersion=36) using reflection: allowed
03-02 11:11:23.817 13839 13839 W .instagram.lite: Opening an oat file without a class loader. Are you using the deprecated DexFile APIs?
03-02 11:11:23.830  1621  1731 I whetstone.activity: Power Event callback listener is empty for resId=256
03-02 11:11:23.830  1621  1731 D BatteryStatsManagerStub: notifyEvent for resId=256 used 0ms
03-02 11:11:23.831 13515 17720 D MMUD    : get_leak_baseline 3246391296
03-02 11:11:23.832 13839 13839 W .instagram.lite: hiddenapi: DexFile /data/app/~~plM1wYri-X0O2Dyup_-7GQ==/com.instagram.lite-kFAotEKGbXEBaXpLnRlZRQ==/base.apk is in boot class path but is not in a known location
03-02 11:11:23.846  2350  2350 D TelephonyManager: requestModemActivityInfo: Sending result to app: ModemActivityInfo{ mTimestamp=1029243265 mSleepTimeMs=620395324 mIdleTimeMs=400846760 mActivityStatsTechSpecificInfo=[{mRat=UNKNOWN,mFrequencyRange=UNKNOWN,mTxTimeMs[]=[42509, 90739, 159201, 400160, 488416],mRxTimeMs=9907698}]}
03-02 11:11:23.852   921   921 I BufferQueueProducer: [StatusBar#109](this:0xb400007bcec4ab68,id:-1,api:0,p:-1,c:921) queueBuffer: fps=0.99 dur=1015.21 max=1015.21 min=1015.21
03-02 11:11:23.856   921   921 I MI-SF   : surfaceflinger setAffinity mode=0
03-02 11:11:23.857   921   921 E MI-SF   : surfaceflinger setAffinity success
03-02 11:11:23.909 16634 16634 D WM-DelayedWorkTracker: Scheduling work a83e894f-c722-48a1-9604-9ce3282a67a7
03-02 11:11:23.909 16634 16634 D WM-GreedyScheduler: Starting tracking for a83e894f-c722-48a1-9604-9ce3282a67a7
03-02 11:11:23.914 16634 16710 D WM-ConstraintTracker: j: initial state = NetworkState(isConnected=false, isValidated=false, isMetered=true, isNotRoaming=true)
03-02 11:11:23.914 16634 16710 D WM-NetworkStateTracker: Registering network callback
03-02 11:11:23.915  1621  1731 D ConnectivityService: requestNetwork for uid/pid:10302/16634 activeRequest: null callbackRequest: 242408 [NetworkRequest [ TRACK_DEFAULT id=242409, [ Capabilities: INTERNET&NOT_RESTRICTED&TRUSTED&NOT_VCN_MANAGED&NOT_BANDWIDTH_CONSTRAINED Uid: 10302 RequestorUid: 10302 RequestorPkg: com.twitter.android UnderlyingNetworks: Null] ], NetworkRequest [ REQUEST id=242410, [ Transports: SATELLITE Capabilities: INTERNET&NOT_RESTRICTED&TRUSTED&NOT_VCN_MANAGED Uid: 10302 RequestorUid: 10302 RequestorPkg: com.twitter.android UnderlyingNetworks: Null] ]] callback flags: 0 order: 2147483647 isUidTracked: false declaredMethods: AVAIL|LOST|NC
03-02 11:11:23.916 16634 16710 D WM-GreedyScheduler: Constraints not met: Cancelling work ID WorkGenerationalId(workSpecId=a83e894f-c722-48a1-9604-9ce3282a67a7, generation=0)
03-02 11:11:23.918 16634 16715 D WM-NetworkStateTracker: Network capabilities changed: [ Transports: CELLULAR Capabilities: INTERNET&NOT_RESTRICTED&TRUSTED&NOT_VPN&VALIDATED&NOT_ROAMING&FOREGROUND&NOT_CONGESTED&NOT_SUSPENDED&NOT_VCN_MANAGED&NOT_BANDWIDTH_CONSTRAINED LinkUpBandwidth>=14Kbps LinkDnBandwidth>=14Kbps Specifier: <TelephonyNetworkSpecifier [mSubId = 2]> SubscriptionIds: {2} UnderlyingNetworks: Null]
03-02 11:11:23.919  1621  1856 D ConnectivityService: NetReassign [242409 : null ΓåÆ 255] [c 0] [a 1] [i 1]
03-02 11:11:23.920 16634 16721 D WM-GreedyScheduler: Constraints met: Scheduling work ID WorkGenerationalId(workSpecId=a83e894f-c722-48a1-9604-9ce3282a67a7, generation=0)
03-02 11:11:23.922 16634 16721 D WM-Processor: r: processing WorkGenerationalId(workSpecId=a83e894f-c722-48a1-9604-9ce3282a67a7, generation=0)
03-02 11:11:23.926 16634 16634 D WM-WorkerWrapper: Starting work for com.twitter.analytics.service.core.workmanager.AnalyticsFlushWorker
03-02 11:11:23.932 16634 16710 I WM-WorkerWrapper: Worker result SUCCESS for Work [ id=a83e894f-c722-48a1-9604-9ce3282a67a7, tags={ com.twitter.analytics.service.core.workmanager.AnalyticsFlushWorker } ]
03-02 11:11:23.934 16634 16634 D WM-Processor: r a83e894f-c722-48a1-9604-9ce3282a67a7 executed; reschedule = false
03-02 11:11:23.934 16634 16634 D WM-GreedyScheduler: Stopping tracking for WorkGenerationalId(workSpecId=a83e894f-c722-48a1-9604-9ce3282a67a7, generation=0)
03-02 11:11:23.942 16634 16710 D WM-GreedyScheduler: Cancelling work ID a83e894f-c722-48a1-9604-9ce3282a67a7
03-02 11:11:23.945 16634 16710 D WM-NetworkStateTracker: Unregistering network callback
03-02 11:11:23.958   863   935 I ExtendedUtils: [timer_thread_start] epoll wait thread while start
03-02 11:11:23.959   863   935 I ExtendedPerfBoost: [restore_callback_expires] thermalbreak callback
03-02 11:11:23.959   863   935 I ExtendedPerfBoost: [triggerList_update] del one node to freelist
03-02 11:11:23.959   863   935 I ExtendedPerfBoost: [triggerList_update] now trigger boost:0  info
03-02 11:11:23.959   863   935 I ExtendedPerfBoost: [trig_thermalbreak] curr target time is same last target time
03-02 11:11:23.959   863   935 I ExtendedPerfBoost: [setThermalBreak] [setThermalBreak] : boost:0
03-02 11:11:23.959  1621  4246 D ShortcutService: rescanPackageIfNeeded 0@com.linkedin.android, forceRescan=false , isNewApp=false
03-02 11:11:23.961  1621  1731 D ShortcutService: rescanPackageIfNeeded 0@com.linkedin.android, forceRescan=false , isNewApp=false
03-02 11:11:23.987 13839 13839 W ErrorReportingUtils: Lacrima init done in ErrorReportingUtils for: com.instagram.lite
03-02 11:11:23.998 13839 17694 D nativeloader: Load /data/app/~~plM1wYri-X0O2Dyup_-7GQ==/com.instagram.lite-kFAotEKGbXEBaXpLnRlZRQ==/lib/arm64/libbreakpad_cpp_helper.so using class loader ns clns-7 (caller=/data/app/~~plM1wYri-X0O2Dyup_-7GQ==/com.instagram.lite-kFAotEKGbXEBaXpLnRlZRQ==/base.apk): ok
03-02 11:11:24.000 13839 17786 W com.facebook.lite.deviceid.FbLitePhoneIdStore: is phone id synced: true
03-02 11:11:24.001 13839 17786 W com.facebook.lite.deviceid.FbLitePhoneIdStore: get Phone ID: 45a0a6be-8f4b-44f5-9fd9-1cd3e5d2e7dc : 1734717836058 : com.instagram.lite
03-02 11:11:24.001 13839 17786 W com.facebook.lite.deviceid.FbLitePhoneIdStore: get stable Phone ID: 45a0a6be-8f4b-44f5-9fd9-1cd3e5d2e7dc : 1734717836058 : com.instagram.lite
03-02 11:11:24.003 13839 17694 W lacrima : The minidump file is empty!
03-02 11:11:24.004 13839 17694 W lacrima : Start AnrDetector... X.01h
03-02 11:11:24.004 13839 17694 W ProcessAnrErrorMonitor: startMonitoring with delay: 4000
03-02 11:11:24.006 13839 17694 W ErrorReportingUtils: Lacrima later init done in ErrorReportingUtils for: com.instagram.lite
03-02 11:11:24.008 13839 17695 W lacrima : FixedLengthFiles.init() called twice.
03-02 11:11:24.008 13839 17695 W lacrima : FixedLengthFiles.init() called twice.
03-02 11:11:24.010 13839 17786 W PackageUtil: No appinfo found for com.facebook.mlite
03-02 11:11:24.023 17400 17400 D EventBus: No subscribers registered for event class com.linkedin.android.infra.events.VideoAutoPlaySettingChangedEvent
03-02 11:11:24.024 17400 17400 D EventBus: No subscribers registered for event class org.greenrobot.eventbus.NoSubscriberEvent
03-02 11:11:24.035  1621  1676 D SsruManagerImpl: MiSsru Sensor not init!!!!
03-02 11:11:24.035   853   853 I Accelerometer: batch: handle:0, flag:0,samplingPeriodNs:66667000 maxBatchReportLatencyNs:0

03-02 11:11:24.037  1621  4238 I SensorService: 	>>> actuating h/w activate handle=0x1 enabled=1
03-02 11:11:24.037   853   853 I Accelerometer: enable: handle:0, en:1

03-02 11:11:24.039 13839 17785 W AppEventHub: font-cache-ready-but-not-connected
03-02 11:11:24.046 17400 17400 D CompatChangeReporter: Compat change id reported: 311402873; UID 10289; state: ENABLED
03-02 11:11:24.046 17400 17400 D CompatChangeReporter: Compat change id reported: 323349338; UID 10289; state: ENABLED
03-02 11:11:24.046 17400 17400 W JobInfo : Job 'com.linkedin.android/.notifications.push.RegistrationJobIntentServiceImpl#-1173897311' has a deadline with no functional constraints. The deadline won't improve job execution latency. Consider removing the deadline.
03-02 11:11:24.046 13839 13839 W 0MW     : Ignoring dex metadata pragma: .superpack_files 1
03-02 11:11:24.048  1621  4246 D CompatChangeReporter: Compat change id reported: 311402873; UID 10289; state: ENABLED
03-02 11:11:24.048  1621  4246 D CompatChangeReporter: Compat change id reported: 323349338; UID 10289; state: ENABLED
03-02 11:11:24.049  1621  4246 W JobInfo : Job 'com.linkedin.android/.notifications.push.RegistrationJobIntentServiceImpl#-1173897311' has a deadline with no functional constraints. The deadline won't improve job execution latency. Consider removing the deadline.
03-02 11:11:24.050 13839 13839 W 0MW     : Ignoring dex metadata pragma: .locator_id 3
03-02 11:11:24.053  1621  4246 E JobScheduler: ResourceBudgetManagerInternal is null
03-02 11:11:24.054 13839 17786 D CompatChangeReporter: Compat change id reported: 352594277; UID 10383; state: ENABLED
03-02 11:11:24.056  1621  4246 I whetstone.activity: Power Event callback listener is empty for resId=256
03-02 11:11:24.056  1621  4246 D BatteryStatsManagerStub: notifyEvent for resId=256 used 1ms
03-02 11:11:24.062  1621  1922 I SmartPower: com.milink.service:audio/10190(19603): background->idle(3012ms) R(broadcast start Intent { act=android.intent.action.PACKAGE_RESTARTED dat=package: flg=0x4000010 (has extras) }) adj=250.
03-02 11:11:24.066 13839 13839 W 0MW     : Ignoring dex metadata pragma: .superpack_files 1
03-02 11:11:24.067 13839 13839 W 0MW     : Ignoring dex metadata pragma: .locator_id 17
03-02 11:11:24.070 13515 13515 W unknown:BridgelessReact: ReactHost{0}.startSurface(surfaceId = 0): Schedule
03-02 11:11:24.070 13515 13515 W unknown:BridgelessReact: ReactHost{0}.attachSurface(surfaceId = 0)
03-02 11:11:24.071 13839 13839 W FbSoLoader: FBSoLoader already initialiazed
03-02 11:11:24.071 13839 13839 W SoLoader: Registering application split s_fizz_mnshttp_msys split_s_fizz_mnshttp_msys.apk
03-02 11:11:24.072   849  1430 I hwcomposer: [HWC] (0)fire a callback of refresh to SF[4]  
03-02 11:11:24.072 13515 17801 W unknown:BridgelessReact: ReactHost{0}.getOrCreateReactInstanceTask()
03-02 11:11:24.072 13515 17801 W unknown:BridgelessReact: ReactHost{0}.getOrCreateReactInstanceTask(): Start
03-02 11:11:24.073 13515 17801 W unknown:BridgelessReact: ReactHost{0}.getJSBundleLoader()
03-02 11:11:24.073 13515 17801 W unknown:BridgelessReact: ReactHost{0}.isMetroRunning()
03-02 11:11:24.075  1621  4246 D AS.BtHelper: isBluetoothScoOn() mBluetoothHeadset is null: falsemBluetoothHeadsetDevice is null: true
03-02 11:11:24.075  1621  4246 V AS.AudioDeviceBroker: requestedCommunicationDevice: null mAudioModeOwner: AudioModeInfo: mMode=MODE_NORMAL, mPid=0, mUid=0
03-02 11:11:24.075  1621  4246 D AS.BtHelper: isBluetoothScoOn() mBluetoothHeadset is null: falsemBluetoothHeadsetDevice is null: true
03-02 11:11:24.075  1621  4246 V AS.AudioDeviceBroker: requestedCommunicationDevice: null mAudioModeOwner: AudioModeInfo: mMode=MODE_NORMAL, mPid=0, mUid=0
03-02 11:11:24.078  1621  5247 D ConnectivityService: requestNetwork for uid/pid:10289/17400 activeRequest: null callbackRequest: 242411 [NetworkRequest [ REQUEST id=242412, [ Capabilities: INTERNET&NOT_RESTRICTED&TRUSTED&NOT_VCN_MANAGED&NOT_BANDWIDTH_CONSTRAINED Uid: 10289 RequestorUid: 10289 RequestorPkg: com.linkedin.android UnderlyingNetworks: Null] ]] callback flags: 0 order: 2147483647 isUidTracked: false declaredMethods: AVAIL|LOST|NC
03-02 11:11:24.079 13839 13839 W SoLoader: Prepending SoSource s_fizz_mnshttp_msys-asset-libs: SuperpackSoSource[root = /data/data/com.instagram.lite/app_modules/s_fizz_mnshttp_msys_e465885976238d60eb7dab4cc914f00661c7f4aa1c43d9c437fbc63576c8ac0d/download/libs/arm64-v8a/882928580/asset-libs flags = 1 zipSource = /data/app/~~plM1wYri-X0O2Dyup_-7GQ==/com.instagram.lite-kFAotEKGbXEBaXpLnRlZRQ==/split_s_fizz_mnshttp_msys.apk compressedPath = assets/s_fizz_mnshttp_msys/libs.spk.xz identity = s_fizz_mnshttp_msys]
03-02 11:11:24.089  1621  1843 D WifiNetworkFactory: got request NetworkRequest [ REQUEST id=242412, [ Capabilities: INTERNET&NOT_RESTRICTED&TRUSTED&NOT_VCN_MANAGED&NOT_BANDWIDTH_CONSTRAINED Uid: 10289 RequestorUid: 10289 RequestorPkg: com.linkedin.android UnderlyingNetworks: Null] ]
03-02 11:11:24.090 13839 13839 W FbSoLoader: FBSoLoader already initialiazed
03-02 11:11:24.091 13839 13839 W SoLoader: Registering application split s_fizz_msys split_s_fizz_msys.apk
03-02 11:11:24.092  1621  1856 D ConnectivityService: NetReassign [242412 : null ΓåÆ 255] [c 0] [a 3] [i 9]
03-02 11:11:24.092  1621  1842 I MiuiNetworkPolicy: updateUidState uid = 10289, uidState = 8
03-02 11:11:24.094   921  1471 D MI-SF   : isTpIdleScene mSetTpIdleFlag 0, mSetLtpoTpIdleFlag 0
03-02 11:11:24.095  1621  1843 D UntrustedWifiNetworkFactory: got request NetworkRequest [ REQUEST id=242412, [ Capabilities: INTERNET&NOT_RESTRICTED&TRUSTED&NOT_VCN_MANAGED&NOT_BANDWIDTH_CONSTRAINED Uid: 10289 RequestorUid: 10289 RequestorPkg: com.linkedin.android UnderlyingNetworks: Null] ]
03-02 11:11:24.096  1621  1843 D OemPaidWifiNetworkFactory: got request NetworkRequest [ REQUEST id=242412, [ Capabilities: INTERNET&NOT_RESTRICTED&TRUSTED&NOT_VCN_MANAGED&NOT_BANDWIDTH_CONSTRAINED Uid: 10289 RequestorUid: 10289 RequestorPkg: com.linkedin.android UnderlyingNetworks: Null] ]
03-02 11:11:24.097  1621  1843 D MultiInternetWifiNetworkFactory: got request NetworkRequest [ REQUEST id=242412, [ Capabilities: INTERNET&NOT_RESTRICTED&TRUSTED&NOT_VCN_MANAGED&NOT_BANDWIDTH_CONSTRAINED Uid: 10289 RequestorUid: 10289 RequestorPkg: com.linkedin.android UnderlyingNetworks: Null] ]
03-02 11:11:24.100  1621  1746 W JobServiceContext: Sending onNetworkChanged for a job that isn't started. JobStatus{195cacf #u0a289/-2147483451 com.linkedin.android/androidx.work.impl.background.systemjob.SystemJobService u=0 s=10289 TIME=-2m18s71ms:none NET READY}
03-02 11:11:24.101   921   921 I MI-SF   : surfaceflinger setAffinity mode=1
03-02 11:11:24.101   921   921 E MI-SF   : surfaceflinger setAffinity success
03-02 11:11:24.101   921   921 I MI-SF   : surfaceflinger setreAffinity reTid=1207
03-02 11:11:24.101   921   921 E MI-SF   : surfaceflinger setAffinity success
03-02 11:11:24.102  1621  1746 W JobServiceContext: Sending onNetworkChanged for a job that isn't started. JobStatus{13ffa73 #u0a289/-2147483452 com.linkedin.android/androidx.work.impl.background.systemjob.SystemJobService u=0 s=10289 TIME=-2m18s114ms:none NET READY}
03-02 11:11:24.103  1621  4246 D ShortcutService: rescanPackageIfNeeded 0@com.linkedin.android, forceRescan=false , isNewApp=false
03-02 11:11:24.104 17400 17400 W Looper  : PerfMonitor longMsg : seq=2 plan=11:11:21.053 late=1ms wall=3041ms h=android.app.ActivityThread$H w=110 procState=-1
03-02 11:11:24.106 13839 13839 W SoLoader: Prepending SoSource s_fizz_msys-asset-libs: SuperpackSoSource[root = /data/data/com.instagram.lite/app_modules/s_fizz_msys_1d11d4e7f806b37d02a50a1d06a049ab69872dcc2b3a2860068e34affa17be27/download/libs/arm64-v8a/882928580/asset-libs flags = 1 zipSource = /data/app/~~plM1wYri-X0O2Dyup_-7GQ==/com.instagram.lite-kFAotEKGbXEBaXpLnRlZRQ==/split_s_fizz_msys.apk compressedPath = assets/s_fizz_msys/libs.spk.xz identity = s_fizz_msys]
03-02 11:11:24.107 17400 17400 W libc    : Access denied finding property "ro.vendor.perf.scroll_opt"
03-02 11:11:24.110 13515 13515 W libc    : Access denied finding property "ro.vendor.df.effect.conflict"
03-02 11:11:24.114  1621  4238 D AppLock_AccessControlImpl: activityResume packageName: com.softnation.Ojam userId: 0 enabled: true
03-02 11:11:24.114  1621  4238 D AppLock_AccessControlImpl: activityResume lockMode: 1
03-02 11:11:24.114 13839 13839 W FbSoLoader: FBSoLoader already initialiazed
03-02 11:11:24.114 13515 13515 D SecurityManager: checkAccessControl flag1
03-02 11:11:24.115 13839 13839 W SoLoader: Registering application split s_fizz_msysinfra split_s_fizz_msysinfra.apk
03-02 11:11:24.116 13515 13515 W unknown:BridgelessReact: ReactHost{0}.onHostResume(activity)
03-02 11:11:24.121 13839 13839 W SoLoader: Prepending SoSource s_fizz_msysinfra-asset-libs: SuperpackSoSource[root = /data/data/com.instagram.lite/app_modules/s_fizz_msysinfra_c110882d9a867b967a04aeed93dd648b20ee208fc6b56062b4a9e9d08afd2527/download/libs/arm64-v8a/882928580/asset-libs flags = 1 zipSource = /data/app/~~plM1wYri-X0O2Dyup_-7GQ==/com.instagram.lite-kFAotEKGbXEBaXpLnRlZRQ==/split_s_fizz_msysinfra.apk compressedPath = assets/s_fizz_msysinfra/libs.spk.xz identity = s_fizz_msysinfra]
03-02 11:11:24.126 13515 17687 I PowerHalWrapper: PowerHalWrapper.getInstance 
03-02 11:11:24.128 13839 13839 W .instagram.lite: Opening an oat file without a class loader. Are you using the deprecated DexFile APIs?
03-02 11:11:24.129 13515 13515 I SurfaceFactory: [static] sSurfaceFactory = com.mediatek.view.impl.SurfaceFactoryImpl@5d5e899
03-02 11:11:24.130   921  1166 D SurfaceFlinger: [SF client] NEW(0xb400007caea407e0) for (13515:com.softnation.Ojam)
03-02 11:11:24.131 13839 13839 W FbSoLoader: FBSoLoader already initialiazed
03-02 11:11:24.132 17400 17400 D nativeloader: Load libpowerhalwrap_jni.so using system ns (caller=/system_ext/framework/mediatek-framework.jar): ok
03-02 11:11:24.132 13839 13839 W SoLoader: Registering application split shared_fizz_ms_profilo split_shared_fizz_ms_profilo.apk
03-02 11:11:24.132 17400 17400 I PowerHalWrapper: PowerHalWrapper.getInstance 
03-02 11:11:24.132 17400 17400 I M-ProMotion: M-ProMotion is disabled
03-02 11:11:24.137 17400 17400 D FramePredict: FramePredict init: true
03-02 11:11:24.137 17400 17400 I Choreographer: Skipped 63 frames!  The application may be doing too much work on its main thread.
03-02 11:11:24.138 13839 13839 W SoLoader: Prepending SoSource shared_fizz_ms_profilo-asset-libs: SuperpackSoSource[root = /data/data/com.instagram.lite/app_modules/shared_fizz_ms_profilo_476192a2878d554b716f529d110e14836e1abd87bb880b4ec8e78e7bdc44108c/download/libs/arm64-v8a/882928580/asset-libs flags = 1 zipSource = /data/app/~~plM1wYri-X0O2Dyup_-7GQ==/com.instagram.lite-kFAotEKGbXEBaXpLnRlZRQ==/split_shared_fizz_ms_profilo.apk compressedPath = assets/shared_fizz_ms_profilo/libs.spk.xz identity = shared_fizz_ms_profilo]
03-02 11:11:24.139 17400 17400 D UserSceneDetector: invoke error.
03-02 11:11:24.142 17400 17400 W Looper  : PerfMonitor doFrame : time=5ms vsyncFrame=19820814 latency=1055ms procState=-1 historyMsgCount=2 (msgIndex=1 wall=3041ms seq=2 late=1ms h=android.app.ActivityThread$H w=110)
03-02 11:11:24.144 13515 13515 D MiuiCameraCoveredManager: java.lang.NullPointerException: Attempt to invoke virtual method 'java.lang.String android.provider.MiuiSettings$SettingsCloudData$CloudData.getString(java.lang.String, java.lang.String)' on a null object reference
03-02 11:11:24.146 13515 13515 D FramePredict: init success
03-02 11:11:24.147 13839 13839 W .instagram.lite: Opening an oat file without a class loader. Are you using the deprecated DexFile APIs?
03-02 11:11:24.149  1621  4246 W ActivityManager: Permission Denial: getCurrentUser() from pid=13515, uid=10337 requires android.permission.INTERACT_ACROSS_USERS
03-02 11:11:24.150 13839 13839 W FbSoLoader: FBSoLoader already initialiazed
03-02 11:11:24.150 13515 17808 E FramePredict: registerContentObserver fail
03-02 11:11:24.151 13839 13839 W SoLoader: Registering application split fizz split_fizz.apk
03-02 11:11:24.157 13515 17699 W libc    : Access denied finding property "ro.vendor.display.iris_x7.support"
03-02 11:11:24.157 13839 13839 W SoLoader: Prepending SoSource fizz-asset-libs: SuperpackSoSource[root = /data/data/com.instagram.lite/app_modules/fizz_dcd634b1624c1bce0c8a5b734b283de920c052f596dd2a0733c09b322ffa825c/download/libs/arm64-v8a/882928580/asset-libs flags = 1 zipSource = /data/app/~~plM1wYri-X0O2Dyup_-7GQ==/com.instagram.lite-kFAotEKGbXEBaXpLnRlZRQ==/split_fizz.apk compressedPath = assets/fizz/libs.spk.xz identity = fizz]
03-02 11:11:24.158  1177  1177 I thermal_src: recvmsg_expect 4, but get 2 
03-02 11:11:24.158  1177  1177 V thermal_src: TA_DAEMON_CMD_SET_TTJ:ERROR ret=-1
03-02 11:11:24.158  1177  1177 E thermal_src: set_ttj_to_kernel 1:error -1
03-02 11:11:24.158  1177  1177 I thermal_src: recvmsg_expect 2, but get 4 
03-02 11:11:24.158  1177  1177 V thermal_src: waiting NOTIFY from kernel miss, -1
03-02 11:11:24.163  1621  1731 I whetstone.activity: Power Event callback listener is empty for resId=256
03-02 11:11:24.163  1621  1731 D BatteryStatsManagerStub: notifyEvent for resId=256 used 0ms
03-02 11:11:24.165  1621  1731 D CompatChangeReporter: Compat change id reported: 311208629; UID 10289; state: ENABLED
03-02 11:11:24.165 13515 13515 I ForceDarkHelperStubImpl: setViewRootImplForceDark: false for com.softnation.Ojam.MainActivity@98d2569, reason: AppDarkModeEnable
03-02 11:11:24.165 13515 13515 D VRI[MainActivity]: hardware acceleration = true, forceHwAccelerated = false
03-02 11:11:24.166   861   947 I libPerfCtl: xgfGetFPS pid:921 fps:-1
03-02 11:11:24.166   861   947 I libPerfCtl: xgfGetFPS pid:2363 fps:-1
03-02 11:11:24.170   921  1166 D SurfaceFlinger: [SF client] NEW(0xb400007caea26440) for (1621:system_server)
03-02 11:11:24.171   921  1166 I BufferQueueDebug: [abddc6b com.softnation.Ojam/com.softnation.Ojam.MainActivity#133947](this:0xb400007bcec80d18,id:-1,api:0,p:-1,c:-1) BufferQueue core=(921:/system/bin/surfaceflinger)
03-02 11:11:24.175  1621  1651 I ActivityTaskManager: visible for Task{5f6e7c9 #37035 type=standard A=10337:com.softnation.Ojam} visible = true isAnimating = false TRANSITION = false PARENTS = false CHILDREN = false
03-02 11:11:24.176   921   921 I MI-SF   : surfaceflinger setAffinity mode=0
03-02 11:11:24.177   921   921 E MI-SF   : surfaceflinger setAffinity success
03-02 11:11:24.180  2363  2477 D MiuiFreeformModeCornerTipHandler: task#37027 onTaskVanished
03-02 11:11:24.180  2363  2477 I MiuiBubbleController: removeBubble: 37027 reason=2
03-02 11:11:24.181  2363  2477 I MultiTaskingTaskInfo: before call clearMaskControl task id = 37027, CoverLayerController = null, callers=com.android.wm.shell.multitasking.taskmanager.MultiTaskingTaskListener.onTaskInfoChanged:268 com.android.wm.shell.ShellTaskOrganizer.onTaskInfoChanged:145 android.window.TaskOrganizer$1.lambda$onTaskInfoChanged$7:322 android.window.TaskOrganizer$1.$r8$lambda$WEHIPeFifg1My6LbK9dElRxchX4:0 android.window.TaskOrganizer$1$$ExternalSyntheticLambda7.run:0 
03-02 11:11:24.181  2363  2477 I MultiTaskingTaskRepository: onTaskInfoChanged multi list = [5, 4], full = [37035, 37027, 37019, 36980]
03-02 11:11:24.181  2363  2477 D MultiTaskingTaskRepository: addOrMoveFullscreenTaskToTop taskId=37035
03-02 11:11:24.181  2363  2477 D MiuiFreeformModeCornerTipHandler: task#37035 onTaskVanished
03-02 11:11:24.181  2363  2477 I MiuiBubbleController: removeBubble: 37035 reason=2
03-02 11:11:24.181  2363  2477 I MultiTaskingTaskRepository: onTaskInfoChanged multi list = [5, 4], full = [37035, 37027, 37019, 36980]
03-02 11:11:24.181  2363  2477 D MiuiFreeformModeController: onFocusTaskChanged taskInfo: TaskInfo{userId=0 taskId=37035 displayId=0 isRunning=true baseIntent=Intent { flg=0x10000000 cmp=com.softnation.Ojam/.MainActivity } baseActivity=ComponentInfo{com.softnation.Ojam/com.softnation.Ojam.MainActivity} topActivity=ComponentInfo{com.softnation.Ojam/com.softnation.Ojam.MainActivity} origActivity=null realActivity=ComponentInfo{com.softnation.Ojam/com.softnation.Ojam.MainActivity} numActivities=1 lastActiveTime=1029242966 supportsSplitScreenMultiWindow=true supportsMultiWindow=true resizeMode=1 isResizeable=true minWidth=-1 minHeight=-1 defaultMinSize=200 token=WCT{android.window.IWindowContainerToken$Stub$Proxy@8456f2a} topActivityType=1 pictureInPictureParams=null shouldDockBigOverlays=false launchIntoPipHostTaskId=-1 lastParentTaskIdBeforePip=-1 displayCutoutSafeInsets=null topActivityInfo=ActivityInfo{1eb511b com.softnation.Ojam.MainActivity} launchCookies=[] positionInParent=Point(0, 0) parentTaskId=-1 isFocused=true isVisible=true isVisibleRequested=true isSleeping=false locusId=null displayAreaFeatureId=1 isTopActivityTransparent=false appCompatTaskInfo=AppCompatTaskInfo { topActivityInSizeCompat=false topActivityEligibleForLetterboxEducation= falseisLetterboxEducationEnabled= false isLetterboxDoubleTapEnabled= false topActivityEligibleForUserAspectRatioButton= false topActivityBoundsLetterboxed= false isFromLetterboxDoubleTap= false topActivityLetterboxVerticalPosition= -1 topActivityLetterboxHorizontalPosition= -1 topActivityLetterboxWidth=1080 topActivityLetterboxHeight=2460 isUserFullscreenOverrideEnabled=false isSystemFullscreenOverrideEnabled=false cameraCompatTaskInfo=CameraCompatTaskInfo { cameraCompatControlState=hidden freeformCameraCompatMode=inactive}} isImmersive=false mTopActivityRequestOrientation=1 mBehindAppLockPkg=null mOriginatingUid=0 isEmbedded=false shouldBeVisible=true mIsCastMode=false mTopActivityMediaSize=null mTopActivityRecordName=ActivityRecord{4300f93 u0 com.softnation.Ojam/.MainActivity t37035} mTopActivityOrientation=1}
03-02 11:11:24.183  1621  4238 I ATMSImpl: cacheTasksForDefaultDisplay size=5
03-02 11:11:24.187  1621  1918 E HyperSentinel: -------------------------------------------------------
03-02 11:11:24.187  1621  1918 E HyperSentinel: Event_ThreadAmount
03-02 11:11:24.187  1621  1918 E HyperSentinel: -> audit event by proc 13515 "usap64": running threads amount, 23 -> 45
03-02 11:11:24.193  1621  4238 D ActivityManager: getProcessesInErrorState callingUid=10075, CallingPid=17378
03-02 11:11:24.193 13515 13515 D InputEventReceiver: Input log is disabled in InputEventReceiver.
03-02 11:11:24.196  1999  1999 D RecentsImpl: mActivityStateObserver com.softnation.Ojam.MainActivity
03-02 11:11:24.197  1999  1999 W RecentsImpl: onResumed className=com.softnation.Ojam.MainActivity   forceUpdate=false   mIsInAnotherPro=false   isKeyguardLocked=false   mIsStatusBarExpansion=false   mSecuritySpaceGuideShown=false
03-02 11:11:24.197 13515 13515 W Looper  : PerfMonitor looperActivity : package=com.softnation.Ojam/.MainActivity time=0ms latency=642ms  procState=-1  historyMsgCount=5 (msgIndex=1 wall=2047ms seq=3 late=4ms h=android.app.ActivityThread$H w=110) (msgIndex=5 wall=595ms seq=7 late=46ms h=android.app.ActivityThread$H w=159)
03-02 11:11:24.201 13515 13515 D DecorViewImmersiveImpl: onAttachedToWindow:com.softnation.Ojam/com.softnation.Ojam.MainActivity
03-02 11:11:24.210  1621  5247 E JobScheduler: ResourceBudgetManagerInternal is null
03-02 11:11:24.213  1621  5247 I whetstone.activity: Power Event callback listener is empty for resId=256
03-02 11:11:24.213  1621  5247 D BatteryStatsManagerStub: notifyEvent for resId=256 used 0ms
03-02 11:11:24.214  1621  4238 D CoreBackPreview: Window{abddc6b u0 com.softnation.Ojam/com.softnation.Ojam.MainActivity}: Setting back callback OnBackInvokedCallbackInfo{mCallback=android.window.IOnBackInvokedCallback$Stub$Proxy@6723e0, mPriority=0, mIsAnimationCallback=false}
03-02 11:11:24.215 13839 13839 W X.0Ig   : Creating default notification channel, id=other, name=Other
03-02 11:11:24.217 13839 17831 W SoLoader[NativeDeps]: Couldn't find libeverythingmerged_fizz.so in native deps file
03-02 11:11:24.218 13839 17831 W SoLoader[NativeDeps]: Falling back to custom ELF parsing when loading libeverythingmerged_fizz.so, this can be slow
03-02 11:11:24.220   921  1166 I BufferQueueDebug: [com.softnation.Ojam/com.softnation.Ojam.MainActivity#133948](this:0xb400007bcebbf2d8,id:-1,api:0,p:-1,c:-1) BufferQueue core=(921:/system/bin/surfaceflinger)
03-02 11:11:24.223  1621  1731 D MiuiRefreshRatePolicy: reset
03-02 11:11:24.224 13839 17831 W SoLoader[NativeDeps]: Couldn't find libeverythingmerged_s_fizz_msys.so in native deps file
03-02 11:11:24.224 13839 17831 W SoLoader[NativeDeps]: Falling back to custom ELF parsing when loading libeverythingmerged_s_fizz_msys.so, this can be slow
03-02 11:11:24.226  1621  1731 W WindowManager: Changing focus from null to Window{abddc6b u0 com.softnation.Ojam/com.softnation.Ojam.MainActivity} displayId=0 Callers=com.android.server.wm.RootWindowContainer.updateFocusedWindowLocked:602 com.android.server.wm.WindowManagerService.updateFocusedWindowLocked:7168 com.android.server.wm.WindowManagerService.relayoutWindowInner:3076 com.android.server.wm.WindowManagerService.relayoutWindow:2724 
03-02 11:11:24.226  1621  1731 I whetstone.activity: Power Event callback listener is empty for resId=32
03-02 11:11:24.226  1621  1731 D BatteryStatsManagerStub: notifyEvent for resId=32 used 0ms
03-02 11:11:24.227   921  1587 I BufferQueueDebug: [Surface(name=5b2ee94 StatusBar#103)/@0xf6cf932 - animation-leash of insets_animation#133949](this:0xb400007bcecc2508,id:-1,api:0,p:-1,c:-1) BufferQueue core=(921:/system/bin/surfaceflinger)
03-02 11:11:24.229   921  1166 I BufferQueueDebug: [Surface(name=77d8129 NavigationBar0#101614)/@0x3faba4f - animation-leash of insets_animation#133950](this:0xb400007bcec561a8,id:-1,api:0,p:-1,c:-1) BufferQueue core=(921:/system/bin/surfaceflinger)
03-02 11:11:24.230  1621  1731 D WindowManager: wms.Input focus has changed to Window{abddc6b u0 com.softnation.Ojam/com.softnation.Ojam.MainActivity} display=0 updateInputWindows = true
03-02 11:11:24.230  1621  1731 I MultiSenceManagerInternalStub: getInstance
03-02 11:11:24.231  1621  1731 I WindowManager: Relayout Window{abddc6b u0 com.softnation.Ojam/com.softnation.Ojam.MainActivity}: oldVis=4 newVis=0 focusMayChange = true requestedWidth = 1080 requestedHeight = 2460 outFrames = ClientWindowFrames{frame=[0,0][1080,2460] display=[0,0][1080,2460] parentFrame=[0,0][0,0]} outSurfaceControl = Surface(name=com.softnation.Ojam/com.softnation.Ojam.MainActivity#133948)/@0xf4a9e0c
03-02 11:11:24.232  1621  1928 I MultiSenceManagerInternalStubImpl: packageName = com.softnation.Ojam
03-02 11:11:24.232  1621  1918 E HyperSentinel: -------------------------------------------------------
03-02 11:11:24.232  1621  1918 E HyperSentinel: Event_ThreadAmount
03-02 11:11:24.232  1621  1918 E HyperSentinel: -> audit event by proc 17400 "com.linkedin.android": running threads amount, 50 -> 83
03-02 11:11:24.232  1621  1928 W ContextImpl: Calling a method in the system process without a qualified user: android.app.ContextImpl.sendBroadcast:1260 com.android.server.wm.MultiSenceManagerInternalStubImpl.sendFocusWindowsBroadcast:148 com.android.server.wm.MultiSenceManagerInternalStubImpl$UpdateScreenStatus.run:98 android.os.Handler.handleCallback:959 android.os.Handler.dispatchMessage:100 
03-02 11:11:24.232 13839 17831 W SoLoader[NativeDeps]: Couldn't find libeverythingmerged_shared_fizz_ms_profilo.so in native deps file
03-02 11:11:24.232 13839 17831 W SoLoader[NativeDeps]: Falling back to custom ELF parsing when loading libeverythingmerged_shared_fizz_ms_profilo.so, this can be slow
03-02 11:11:24.233  1621  1928 W ActivityManagerServiceImpl: Sending non-protected broadcast com.xiaomi.multisence.action.FOCUSED_CHANGE from system 1621:system/1000 pkg android. Callers=com.android.server.am.ActivityManagerService.checkBroadcastFromSystem:16365 com.android.server.am.ActivityManagerService.broadcastIntentLockedTraced:17236 com.android.server.am.ActivityManagerService.broadcastIntentLocked:16425 com.android.server.am.ActivityManagerService.broadcastIntentWithFeature:17459 android.app.ContextImpl.sendBroadcast:1264 
03-02 11:11:24.233 13839 13839 D CompatChangeReporter: Compat change id reported: 311402873; UID 10383; state: ENABLED
03-02 11:11:24.233 13839 13839 D CompatChangeReporter: Compat change id reported: 323349338; UID 10383; state: ENABLED
03-02 11:11:24.235 17400 17672 I WM-WorkerWrapper: Worker result FAILURE for Work [ id=3f912158-e87a-4efc-b800-d403a59649c0, tags={ com.linkedin.android.litrackinglib.network.SendTrackingEventWorker, send_one_batch_events_work } ]
03-02 11:11:24.236  1621  1731 D CompatChangeReporter: Compat change id reported: 311402873; UID 10383; state: ENABLED
03-02 11:11:24.236  1621  1731 D CompatChangeReporter: Compat change id reported: 323349338; UID 10383; state: ENABLED
03-02 11:11:24.237 13515 13515 D BufferQueueConsumer: [](id:34cb00000000,api:0,p:-1,c:13515) connect: controlledByApp=false
03-02 11:11:24.239 13839 17831 W SoLoader[NativeDeps]: Couldn't find libfb.so in native deps file
03-02 11:11:24.239 13839 17831 W SoLoader[NativeDeps]: Falling back to custom ELF parsing when loading libfb.so, this can be slow
03-02 11:11:24.241 13839 17831 W SoLoader[NativeDeps]: Couldn't find libeverythingmerged_shared_fizz_ms_profilo_1.so in native deps file
03-02 11:11:24.242 13839 17831 W SoLoader[NativeDeps]: Falling back to custom ELF parsing when loading libeverythingmerged_shared_fizz_ms_profilo_1.so, this can be slow
03-02 11:11:24.243 13515 13515 D BLASTBufferQueue: [VRI[MainActivity]#0](f:0,a:0) constructor()
03-02 11:11:24.243 13515 13515 D BLASTBufferQueue: [VRI[MainActivity]#0](f:0,a:0) update width=1080 height=2460 format=-1 mTransformHint=0
03-02 11:11:24.244  1621  5247 I whetstone.activity: Power Event callback listener is empty for resId=256
03-02 11:11:24.244  1621  5247 D BatteryStatsManagerStub: notifyEvent for resId=256 used 0ms
03-02 11:11:24.245 13839 17831 W SoLoader[NativeDeps]: Couldn't find libc++_streams.so in native deps file
03-02 11:11:24.245 13839 17831 W SoLoader[NativeDeps]: Falling back to custom ELF parsing when loading libc++_streams.so, this can be slow
03-02 11:11:24.247 13839 17787 W .instagram.lite: Opening an oat file without a class loader. Are you using the deprecated DexFile APIs?
03-02 11:11:24.251 13839 17831 D nativeloader: Load /data/data/com.instagram.lite/app_modules/shared_fizz_ms_profilo_476192a2878d554b716f529d110e14836e1abd87bb880b4ec8e78e7bdc44108c/download/libs/arm64-v8a/882928580/asset-libs/libc++_streams.so using class loader ns clns-7 (caller=/data/app/~~plM1wYri-X0O2Dyup_-7GQ==/com.instagram.lite-kFAotEKGbXEBaXpLnRlZRQ==/base.apk): ok
03-02 11:11:24.253  1621  1651 I ActivityTaskManager: visible for Task{5f6e7c9 #37035 type=standard A=10337:com.softnation.Ojam} visible = true isAnimating = false TRANSITION = false PARENTS = false CHILDREN = false
03-02 11:11:24.254  1621  1651 D SurfaceComposerClient: Transaction::apply InputWindowCommands.focusRequests timestamp=611477783198907, windowName=abddc6b com.softnation.Ojam/com.softnation.Ojam.MainActivity
03-02 11:11:24.255 13839 17831 D nativeloader: Load /data/data/com.instagram.lite/app_modules/shared_fizz_ms_profilo_476192a2878d554b716f529d110e14836e1abd87bb880b4ec8e78e7bdc44108c/download/libs/arm64-v8a/882928580/asset-libs/libeverythingmerged_shared_fizz_ms_profilo_1.so using class loader ns clns-7 (caller=/data/app/~~plM1wYri-X0O2Dyup_-7GQ==/com.instagram.lite-kFAotEKGbXEBaXpLnRlZRQ==/base.apk): ok
03-02 11:11:24.257 13839 17831 W SoLoader[NativeDeps]: Couldn't find libfbsofterror.so in native deps file
03-02 11:11:24.257 13839 17831 W SoLoader[NativeDeps]: Falling back to custom ELF parsing when loading libfbsofterror.so, this can be slow
03-02 11:11:24.259  1621  1842 I MiuiNetworkPolicy: updateUidState uid = 10383, uidState = 11
03-02 11:11:24.260 13839 17831 W SoLoader[NativeDeps]: Couldn't find libfbjni.so in native deps file
03-02 11:11:24.260 13839 17831 W SoLoader[NativeDeps]: Falling back to custom ELF parsing when loading libfbjni.so, this can be slow
03-02 11:11:24.261 13515 13515 D VRI[MainActivity]: vri.reportNextDraw android.view.ViewRootImpl.performTraversals:4984 android.view.ViewRootImpl.doTraversal:3564 android.view.ViewRootImpl$TraversalRunnable.run:11781 android.view.Choreographer$CallbackRecord.run:1804 android.view.Choreographer$CallbackRecord.run:1813 
03-02 11:11:24.261 13839 13839 W Looper  : PerfMonitor longMsg : seq=2 plan=11:11:23.132 late=5ms wall=1117ms h=android.app.ActivityThread$H w=110 procState=-1
03-02 11:11:24.261  1621  1666 V GrammaticalInflectionUtils: AttributionSource: android.content.AttributionSource@dc23c68f does not have READ_SYSTEM_GRAMMATICAL_GENDER permission.
03-02 11:11:24.269   921   921 D SurfaceFlinger: Focus addInputWindowCommands timestamp=611477783198907, windowName=abddc6b com.softnation.Ojam/com.softnation.Ojam.MainActivity
03-02 11:11:24.271   921   921 I SurfaceFlinger: onHandleDestroyed: name=Surface(name=77d8129 NavigationBar0#101614)/@0x3faba4f - animation-leash of insets_animation#133945, layerId=133945, parentId=0
03-02 11:11:24.271   921   921 I SurfaceFlinger: onHandleDestroyed: name=Surface(name=5b2ee94 StatusBar#103)/@0xf6cf932 - animation-leash of insets_animation#133944, layerId=133944, parentId=0
03-02 11:11:24.274 13839 17835 W MnshttpProvider: MNS-HTTP module not loaded
03-02 11:11:24.275   921  1483 D SurfaceFlinger: updateWinowInfo=1, setFocusedWindow timestamp=611477783198907, windowName=abddc6b com.softnation.Ojam/com.softnation.Ojam.MainActivity
03-02 11:11:24.275 13839 17831 D nativeloader: Load /data/data/com.instagram.lite/app_modules/shared_fizz_ms_profilo_476192a2878d554b716f529d110e14836e1abd87bb880b4ec8e78e7bdc44108c/download/libs/arm64-v8a/882928580/asset-libs/libfbjni.so using class loader ns clns-7 (caller=/data/app/~~plM1wYri-X0O2Dyup_-7GQ==/com.instagram.lite-kFAotEKGbXEBaXpLnRlZRQ==/base.apk): ok
03-02 11:11:24.280 13839 17787 W .instagram.lite: hiddenapi: DexFile /data/app/~~plM1wYri-X0O2Dyup_-7GQ==/com.instagram.lite-kFAotEKGbXEBaXpLnRlZRQ==/base.apk is in boot class path but is not in a known location
03-02 11:11:24.280 13839 17787 W .instagram.lite: Opening an oat file without a class loader. Are you using the deprecated DexFile APIs?
03-02 11:11:24.281 13839 17831 D nativeloader: Load /data/data/com.instagram.lite/app_modules/shared_fizz_ms_profilo_476192a2878d554b716f529d110e14836e1abd87bb880b4ec8e78e7bdc44108c/download/libs/arm64-v8a/882928580/asset-libs/libfbsofterror.so using class loader ns clns-7 (caller=/data/app/~~plM1wYri-X0O2Dyup_-7GQ==/com.instagram.lite-kFAotEKGbXEBaXpLnRlZRQ==/base.apk): ok
03-02 11:11:24.282 13515 17809 W unknown:BridgelessReact: ReactHost{0}.isMetroRunning(): Async result = true
03-02 11:11:24.284 13515 17801 W unknown:BridgelessReact: ReactHost{0}.loadJSBundleFromMetro()
03-02 11:11:24.285   921   921 I BufferQueueDebug: [Surface(name=77d8129 NavigationBar0#101614)/@0x3faba4f - animation-leash of insets_animation#133945](this:0xb400007bcec94c08,id:-1,api:0,p:-1,c:921) onDestructor()
03-02 11:11:24.285   921   921 I BufferQueueDebug: [Surface(name=5b2ee94 StatusBar#103)/@0xf6cf932 - animation-leash of insets_animation#133944](this:0xb400007bcecc5298,id:-1,api:0,p:-1,c:921) onDestructor()
03-02 11:11:24.288  1141  7637 E IPCThreadState: Binder transaction failure. id: 355050537, BR_*: 29201, error: -1 (Operation not permitted)
03-02 11:11:24.288   835   835 D Zygote  : Forked child process 17840
03-02 11:11:24.289  1141  7637 W BpBinder: Large or Failed outgoing transaction of 108 bytes, interface descriptor , code 1
03-02 11:11:24.290 13839 17831 D nativeloader: Load /data/data/com.instagram.lite/app_modules/shared_fizz_ms_profilo_476192a2878d554b716f529d110e14836e1abd87bb880b4ec8e78e7bdc44108c/download/libs/arm64-v8a/882928580/asset-libs/libfb.so using class loader ns clns-7 (caller=/data/app/~~plM1wYri-X0O2Dyup_-7GQ==/com.instagram.lite-kFAotEKGbXEBaXpLnRlZRQ==/base.apk): ok
03-02 11:11:24.294 13839 17831 W SoLoader[NativeDeps]: Couldn't find libfb.so in native deps file
03-02 11:11:24.294 13839 17831 W SoLoader[NativeDeps]: Falling back to custom ELF parsing when loading libfb.so, this can be slow
03-02 11:11:24.297  1621  1918 E HyperSentinel: -------------------------------------------------------
03-02 11:11:24.297  1621  1918 E HyperSentinel: Event_ResidentSize
03-02 11:11:24.297  1621  1918 E HyperSentinel: -> audit event by proc 13515 "usap64": RSS increasement, peak 166764kb -> 250148kb
03-02 11:11:24.298 13839 17831 I .instagram.lite: Thread[27,tid=17831,Native,Thread*=0xb400007a61a59b40,peer=0x32b6d18,"Thread-11"] recursive attempt to load library "/data/data/com.instagram.lite/app_modules/shared_fizz_ms_profilo_476192a2878d554b716f529d110e14836e1abd87bb880b4ec8e78e7bdc44108c/download/libs/arm64-v8a/882928580/asset-libs/libfb.so"
03-02 11:11:24.298 13839 17787 W .instagram.lite: hiddenapi: DexFile /data/app/~~plM1wYri-X0O2Dyup_-7GQ==/com.instagram.lite-kFAotEKGbXEBaXpLnRlZRQ==/base.apk is in boot class path but is not in a known location
03-02 11:11:24.298  1621  1667 I ActivityManager: Start proc 17840:com.instagram.android/u0a301 for broadcast {com.instagram.android/com.instagram.notifications.push.fbns.IgPushSdkFbnsReceiverShim} caller=com.facebook.services
03-02 11:11:24.299 13839 17787 W .instagram.lite: Opening an oat file without a class loader. Are you using the deprecated DexFile APIs?
03-02 11:11:24.304 17840 17840 E Zygote  : process_name_ptr:17840 com.instagram.android
03-02 11:11:24.305 17840 17840 E Zygote  : SetMemoryProtected process_name_ptr:17840 com.instagram.android
03-02 11:11:24.317 13839 17787 W .instagram.lite: hiddenapi: DexFile /data/app/~~plM1wYri-X0O2Dyup_-7GQ==/com.instagram.lite-kFAotEKGbXEBaXpLnRlZRQ==/base.apk is in boot class path but is not in a known location
03-02 11:11:24.317 13839 17787 W .instagram.lite: Opening an oat file without a class loader. Are you using the deprecated DexFile APIs?
03-02 11:11:24.330 17840 17840 I stagram.android: Using CollectorTypeCMC GC.
03-02 11:11:24.331 13839 17787 W .instagram.lite: hiddenapi: DexFile /data/app/~~plM1wYri-X0O2Dyup_-7GQ==/com.instagram.lite-kFAotEKGbXEBaXpLnRlZRQ==/base.apk is in boot class path but is not in a known location
03-02 11:11:24.335  1621  1918 E HyperSentinel: -------------------------------------------------------
03-02 11:11:24.335  1621  1918 E HyperSentinel: Event_ResidentSize
03-02 11:11:24.336  1621  1918 E HyperSentinel: -> audit event by proc 13839 "usap64": RSS increasement, peak 111192kb -> 166804kb
03-02 11:11:24.336 13839 17831 D nativeloader: Load /data/data/com.instagram.lite/app_modules/shared_fizz_ms_profilo_476192a2878d554b716f529d110e14836e1abd87bb880b4ec8e78e7bdc44108c/download/libs/arm64-v8a/882928580/asset-libs/libeverythingmerged_shared_fizz_ms_profilo.so using class loader ns clns-7 (caller=/data/app/~~plM1wYri-X0O2Dyup_-7GQ==/com.instagram.lite-kFAotEKGbXEBaXpLnRlZRQ==/base.apk): ok
03-02 11:11:24.338 13839 17831 W SoLoader[NativeDeps]: Couldn't find libsodium.so in native deps file
03-02 11:11:24.338 13839 17831 W SoLoader[NativeDeps]: Falling back to custom ELF parsing when loading libsodium.so, this can be slow
03-02 11:11:24.339   921  1166 D SurfaceFlinger: [SF client] NEW(0xb400007caea1b040) for (13515:com.softnation.Ojam)
03-02 11:11:24.346 13515 13515 D MiuiCameraCoveredManager: java.lang.NullPointerException: Attempt to invoke virtual method 'java.lang.String android.provider.MiuiSettings$SettingsCloudData$CloudData.getString(java.lang.String, java.lang.String)' on a null object reference
03-02 11:11:24.349 13839 17831 D nativeloader: Load /data/data/com.instagram.lite/app_modules/s_fizz_msysinfra_c110882d9a867b967a04aeed93dd648b20ee208fc6b56062b4a9e9d08afd2527/download/libs/arm64-v8a/882928580/asset-libs/libsodium.so using class loader ns clns-7 (caller=/data/app/~~plM1wYri-X0O2Dyup_-7GQ==/com.instagram.lite-kFAotEKGbXEBaXpLnRlZRQ==/base.apk): ok
03-02 11:11:24.350 13515 17699 W libc    : Access denied finding property "ro.vendor.display.iris_x7.support"
03-02 11:11:24.352 17840 17840 D nativeloader: Load libframework-connectivity-tiramisu-jni.so using APEX ns com_android_tethering for caller /apex/com.android.tethering/javalib/framework-connectivity-t.jar: ok
03-02 11:11:24.352 13515 13515 I ForceDarkHelperStubImpl: setViewRootImplForceDark: false for com.softnation.Ojam.MainActivity@98d2569, reason: AppDarkModeEnable
03-02 11:11:24.352 13515 13515 D VRI[PopupWindow:ab0dd04]: hardware acceleration = true, forceHwAccelerated = false
03-02 11:11:24.355   921  1166 I BufferQueueDebug: [4068bc5 PopupWindow:ab0dd04#133951](this:0xb400007bcec45048,id:-1,api:0,p:-1,c:-1) BufferQueue core=(921:/system/bin/surfaceflinger)
03-02 11:11:24.362 13515 13515 D InputEventReceiver: Input log is disabled in InputEventReceiver.
03-02 11:11:24.364 17840 17840 I MessageMonitor: Load libmiui_runtime
03-02 11:11:24.367  1621  4238 D CoreBackPreview: Window{4068bc5 u0 PopupWindow:ab0dd04}: Setting back callback OnBackInvokedCallbackInfo{mCallback=android.window.IOnBackInvokedCallback$Stub$Proxy@d7aa628, mPriority=0, mIsAnimationCallback=false}
03-02 11:11:24.370 13839 17831 D nativeloader: Load /data/data/com.instagram.lite/app_modules/s_fizz_msys_1d11d4e7f806b37d02a50a1d06a049ab69872dcc2b3a2860068e34affa17be27/download/libs/arm64-v8a/882928580/asset-libs/libeverythingmerged_s_fizz_msys.so using class loader ns clns-7 (caller=/data/app/~~plM1wYri-X0O2Dyup_-7GQ==/com.instagram.lite-kFAotEKGbXEBaXpLnRlZRQ==/base.apk): ok
03-02 11:11:24.370  1621  1651 I ActivityTaskManager: visible for Task{5f6e7c9 #37035 type=standard A=10337:com.softnation.Ojam} visible = true isAnimating = false TRANSITION = false PARENTS = false CHILDREN = false
