03-02 11:11:23.376  1621  1843 D WifiNetworkFactory: got request NetworkRequest [ REQUEST id=242400, [ Capabilities: INTERNET&NOT_RESTRICTED&TRUSTED&NOT_VCN_MANAGED&NOT_BANDWIDTH_CONSTRAINED Uid: 10329 RequestorUid: 10329 RequestorPkg: com.reddit.frontpage UnderlyingNetworks: Null] ]
03-02 11:11:23.378  1621  1843 D UntrustedWifiNetworkFactory: got request NetworkRequest [ REQUEST id=242400, [ Capabilities: INTERNET&NOT_RESTRICTED&TRUSTED&NOT_VCN_MANAGED&NOT_BANDWIDTH_CONSTRAINED Uid: 10329 RequestorUid: 10329 RequestorPkg: com.reddit.frontpage UnderlyingNetworks: Null] ]
03-02 11:11:23.378  1621  1843 D OemPaidWifiNetworkFactory: got request NetworkRequest [ REQUEST id=242400, [ Capabilities: INTERNET&NOT_RESTRICTED&TRUSTED&NOT_VCN_MANAGED&NOT_BANDWIDTH_CONSTRAINED Uid: 10329 RequestorUid: 10329 RequestorPkg: com.reddit.frontpage UnderlyingNetworks: Null] ]
03-02 11:11:23.379  1621  1843 D MultiInternetWifiNetworkFactory: got request NetworkRequest [ REQUEST id=242400, [ Capabilities: INTERNET&NOT_RESTRICTED&TRUSTED&NOT_VCN_MANAGED&NOT_BANDWIDTH_CONSTRAINED Uid: 10329 RequestorUid: 10329 RequestorPkg: com.reddit.frontpage UnderlyingNetworks: Null] ]
03-02 11:11:23.379  1621  1856 D ConnectivityService: NetReassign [242400 : null ΓåÆ 255] [c 0] [a 1] [i 4]
03-02 11:11:23.380 13515 13515 D nativeloader: Load /data/app/~~Bh61wenJZi6JNVEuOkVQfQ==/com.softnation.Ojam-nnCVAdHxKfOmup5FCuBDYQ==/base.apk!/lib/arm64-v8a/libfbjni.so using class loader ns clns-7 (caller=/data/app/~~Bh61wenJZi6JNVEuOkVQfQ==/com.softnation.Ojam-nnCVAdHxKfOmup5FCuBDYQ==/base.apk!classes20.dex): ok
03-02 11:11:23.381 17400 17400 D WM-PackageManagerHelper: Skipping component enablement for androidx.work.impl.background.systemjob.SystemJobService
03-02 11:11:23.381 17400 17400 D WM-Schedulers: Created SystemJobScheduler and enabled SystemJobService
03-02 11:11:23.388 17400 17400 I TrackingModule$Fakeable: [main] Custom granular phase provideMetricsSensor completed. Interval(startNanos=1772446283368000000ns, durationNanos=14000000ns)
03-02 11:11:23.390  1055  1186 D connsyslogger: SD_LOG_ROOT is /data/debuglogger/connsyslog/fw.
03-02 11:11:23.390  1055  1186 D connsyslogger: systemReady:1
03-02 11:11:23.392 17378 17497 W DGWClientHolder: DGWClientConfig IG4A\B4A: {deviceOS:android,isWorkBuild:false,appVersion:411.0.0.22.255,appId:3419628305025917,streamIdleTimeoutMs:2700000,responseCompression:zstd,enableHTTP3:true,zeroRatingEnabled:false,zeroUrlRewritingV2Enabled:false,zeroRatingCachingEnabled:false,gatewayDomain:gateway.instagram.com,streamGroupPingPeriod:25,streamGroupPingTimeout:10,streamGroupStopBgPingDelay:300,debugCallbackCrashes2:true,useCachedStreamGroupsStatus:false,closeNetworkConnectionOnTimeout:true,connectivityManagerOptions:{enablePingInBackground:false,bgPingIntervalMs:260000,pingIntervalInMs:{HIGH:0,MID:0,LOW:0,DEFAULT:120000},pingTimeoutInMs:{HIGH:0,MID:0,LOW:0,DEFAULT:50000},pingLatencyInMs:{HIGH:70, MID:200},skipPingAfterIngressTraffic:true,disablePingWhileNoActiveStream:true,sendPingOnAppForeground:false,pingTrafficTracingSamplingRate:0,initAppStateAsBackground:true,ignoreOnNetworkDisconnectedSignalForPing:true,initialUnreachableDelayFastMode:1000,ignoreOnNetworkDisconnectedSignalAndSendPing:false,markDisconnectedInBackground:false,shouldSetNotStartedOnFg:false,enableNetworkMonitorV2:false,extendedFgIntervalSeconds:120,useExtendedFgInterval:false,disableTransportInitFromNetworkMonitor:false,useExtendedFgIntervalNetworkChangeOnly:false,useTigon:false,useTigonInDeprecatedMNSClient:false,enableDeviceDataSettingsGetter:false},personalizationConfig:null,eagerStreamGroupEnabled:true,keepStreamGroupAliveAfterLastStream:false,enableFetchRegionHintFromWww:false,regionHintCacheTtlHours:0,matchMqttWakeup:false,enableTunnelRetriableLayer:false,useExecutorProxies:false,useExecutorProxiesPhaseTwo:false,avoidCopyingBuffer:false,fallbackConfig:null,retryableLayerConfig:{useStreamGroupsForConnectivity: true, maxRetries: 10, connectTimeoutSeconds: 10, bgTeardownDelaySeconds: 0, connectSchedulerConfig: {numberOfFastModeRetries: 2, initialUnreachableDelayFastMode: 200, additionalBackgroundDelayFastMode: 100, additionalDelayPerTryFastMode: 100, initialReachableDelayBackOffMode: 500, initialUnreachableDelayBackOffMode: 1000, additionalBackgroundDelayBackOffMode: 300, maxDelayBackOffMode: 40000, randomizeFactorBackOffModeEnabled: true, triesOffsetBackOffMode: 0}, closeConnectionOnNetworkInterfaceChange: true, enableEarlyFailOnSuspended: false, bufferBgRequestsAfterTeardown: false, stopPingsOnSuspended: false},enableEligibilityHashHeader:false,userAgent:,removeAsyncExecutorFromTunnelNetworkCallbacks:false,enableCallingSgErrorOnlyOnceInSgt:false,msysStreamGroupTransportSampleRate:0,msysStreamLifecycleSampleRate:0,msysNotifyStreamGroupOnPubAckTimeout:false,closeNetworkRequestOnTunnelStreamDestruct:true,useTigon:true,useTigonInDeprecatedMNSClient:false,useTigonJava:false,useTigonZeroRating:false,allowRetriableWithConnectivityAwareLayer:false,msysBufferRequestWhileNoConnectivity:true, disableRetriableLayer:false, disableCancellationForTigonRequests:false, subscribeSgPingertoAppStatusCallbacks:false, triggerMsysHighSignalSyncOnAllConnections:true, h2MaxRequestsPerConnection:0, mvfstUseUDPSocketConnect:false, enableLogoutOnAuthFailure:false, useTunnelExecutor:false, tunnelConnectAckDisableConnectionClosure:false, mvfstKeepAliveTimeoutSeconds:0, enableSeparateHTTPClientForTunnel:false, forceHTTP2ForTunnel:false, enableCertificateRevocation:false, certificateRevocationListJSON:, mvfstMaximumPTOs0}
03-02 11:11:23.392 17378 17497 W DGWClientHolder: DGWMNSConfig IG4A\B4A: MNSDGWNetworkStackConfig: dnsCacheDir:/data/user/0/com.instagram.barcelona/files/android_ig_mns_dgw_dns_cache, quicEnabled:true, quicIdleTimeoutSec:30, quicKeepAliveTimeoutSec:0, quicHandshakeTimeoutSec:5, http2PingIntervalSec:260, http2MaxRequestsPerConnection:0, userAgent:Barcelona 411.0.0.22.255 Android (35/15; 440dpi; 1080x2460; Xiaomi/Redmi; 2404ARN45A; tides; mt6768; en_GB; 856427569), enableQuicEarlyData:true, tcpDelayMs:0, tcpConnectTimeoutSec:5, highPriorityEvLoopThread:false, enableHttpVersionCache:false, evLoopThreadPriority:0,  quicKnobs:, trustSandboxCertificates:false, quicUseMvfstMobileLibrary:false, enableQlog:false, maxQlogLines:500, mvfstUseHandshakeTimeout:false, preferIPv6ForBothTCPAndQUIC:false, closeWhenNoRequests:false,  closeConnectionThrottlingWindowMs:0, useTigon:true, useTigonInDeprecatedMNSClient:false, mvfstUseUDPSocketConnect:false, mvfstKeepAliveTimeoutSeconds:0, enableSeparateHTTPClientForTunnel:false, forceHTTP2ForTunnel:false, enableCertificateRevocation:false, certificateRevocationListJSON:, mvfstMaximumPTOs:0
03-02 11:11:23.393 17378 17497 W DGW     : W[reportSoftError:24] pingTimeout: value 50000 outside valid range [4000, 30000]
03-02 11:11:23.393 17378 17497 W soft_error.cpp: [DGWClientConfig] : pingTimeout: value 50000 outside valid range [4000, 30000] <force_oncall:mi_client_infra:force_oncall>
03-02 11:11:23.395 17378 17378 W BackgroundStartupDetector: coldStartMode=DEFINITELY_BACKGROUND
03-02 11:11:23.395 17378 17378 W BackgroundStartupDetector: bgMode=BACKGROUND
03-02 11:11:23.395  1621  5247 D ConnectivityService: requestNetwork for uid/pid:10075/17378 activeRequest: null callbackRequest: 242401 [NetworkRequest [ REQUEST id=242402, [ Capabilities: INTERNET&NOT_RESTRICTED&TRUSTED&NOT_VCN_MANAGED&NOT_BANDWIDTH_CONSTRAINED Uid: 10075 RequestorUid: 10075 RequestorPkg: com.instagram.barcelona UnderlyingNetworks: Null] ]] callback flags: 0 order: 2147483647 isUidTracked: false declaredMethods: AVAIL|LOST|NC|LP
03-02 11:11:23.397 17378 17378 D FramePredict: FramePredict init: true
03-02 11:11:23.397 17378 17378 I Choreographer: Skipped 69 frames!  The application may be doing too much work on its main thread.
03-02 11:11:23.398 17378 17378 D UserSceneDetector: invoke error.
03-02 11:11:23.400  1621  1843 D WifiNetworkFactory: got request NetworkRequest [ REQUEST id=242402, [ Capabilities: INTERNET&NOT_RESTRICTED&TRUSTED&NOT_VCN_MANAGED&NOT_BANDWIDTH_CONSTRAINED Uid: 10075 RequestorUid: 10075 RequestorPkg: com.instagram.barcelona UnderlyingNetworks: Null] ]
03-02 11:11:23.400  1621  1843 D UntrustedWifiNetworkFactory: got request NetworkRequest [ REQUEST id=242402, [ Capabilities: INTERNET&NOT_RESTRICTED&TRUSTED&NOT_VCN_MANAGED&NOT_BANDWIDTH_CONSTRAINED Uid: 10075 RequestorUid: 10075 RequestorPkg: com.instagram.barcelona UnderlyingNetworks: Null] ]
03-02 11:11:23.401 17378 17378 W Looper  : PerfMonitor doFrame : time=3ms vsyncFrame=19820763 latency=1164ms procState=-1 historyMsgCount=4 (msgIndex=1 wall=2431ms seq=2 late=116ms h=android.app.ActivityThread$H w=110)
03-02 11:11:23.401  1621  1843 D OemPaidWifiNetworkFactory: got request NetworkRequest [ REQUEST id=242402, [ Capabilities: INTERNET&NOT_RESTRICTED&TRUSTED&NOT_VCN_MANAGED&NOT_BANDWIDTH_CONSTRAINED Uid: 10075 RequestorUid: 10075 RequestorPkg: com.instagram.barcelona UnderlyingNetworks: Null] ]
03-02 11:11:23.401  1621  1856 D ConnectivityService: NetReassign [242402 : null ΓåÆ 255] [c 1] [a 1] [i 4]
03-02 11:11:23.403 18562 29326 D BluetoothDevice: getAddress: mAddress=XX:XX:XX:XX:E1:4F
03-02 11:11:23.403 18562 29326 D BluetoothDevice: getAddress: mAddress=XX:XX:XX:XX:94:A5
03-02 11:11:23.403 18562 29326 D BluetoothDevice: getAddress: mAddress=XX:XX:XX:XX:6E:27
03-02 11:11:23.403 18562 29326 D BluetoothDevice: getAddress: mAddress=XX:XX:XX:XX:9D:81
03-02 11:11:23.403 18562 29326 D BluetoothDevice: getAddress: mAddress=XX:XX:XX:XX:EE:F9
03-02 11:11:23.403 18562 29326 D BluetoothDevice: getAddress: mAddress=XX:XX:XX:XX:C8:A7
03-02 11:11:23.403 18562 29326 D BluetoothDevice: getAddress: mAddress=XX:XX:XX:XX:2F:74
03-02 11:11:23.403 18562 29326 D BluetoothDevice: getAddress: mAddress=XX:XX:XX:XX:69:70
03-02 11:11:23.403 18562 29326 D BluetoothDevice: getAddress: mAddress=XX:XX:XX:XX:C0:39
03-02 11:11:23.403  1621  1843 D MultiInternetWifiNetworkFactory: got request NetworkRequest [ REQUEST id=242402, [ Capabilities: INTERNET&NOT_RESTRICTED&TRUSTED&NOT_VCN_MANAGED&NOT_BANDWIDTH_CONSTRAINED Uid: 10075 RequestorUid: 10075 RequestorPkg: com.instagram.barcelona UnderlyingNetworks: Null] ]
03-02 11:11:23.404 17378 17378 E PendingMediaStoreSerializer: wait for deserialization lock
03-02 11:11:23.404 17378 17378 E PendingMediaStoreSerializer: calling callbacks
03-02 11:11:23.405 18562 13630 D BluetoothDevice: getAddress: mAddress=XX:XX:XX:XX:E1:4F
03-02 11:11:23.405 18562 13630 D BluetoothDevice: getAddress: mAddress=XX:XX:XX:XX:94:A5
03-02 11:11:23.406 18562 13630 D BluetoothDevice: getAddress: mAddress=XX:XX:XX:XX:6E:27
03-02 11:11:23.406 18562 13630 D BluetoothDevice: getAddress: mAddress=XX:XX:XX:XX:9D:81
03-02 11:11:23.406 18562 13630 D BluetoothDevice: getAddress: mAddress=XX:XX:XX:XX:EE:F9
03-02 11:11:23.406 18562 13630 D BluetoothDevice: getAddress: mAddress=XX:XX:XX:XX:C8:A7
03-02 11:11:23.406 18562 13630 D BluetoothDevice: getAddress: mAddress=XX:XX:XX:XX:2F:74
03-02 11:11:23.406 18562 13630 D BluetoothDevice: getAddress: mAddress=XX:XX:XX:XX:69:70
03-02 11:11:23.406 18562 13630 D BluetoothDevice: getAddress: mAddress=XX:XX:XX:XX:C0:39
03-02 11:11:23.408 18562 13630 D BluetoothDevice: getAddress: mAddress=XX:XX:XX:XX:E1:4F
03-02 11:11:23.408 18562 13630 D BluetoothDevice: getAddress: mAddress=XX:XX:XX:XX:94:A5
03-02 11:11:23.408 18562 13630 D BluetoothDevice: getAddress: mAddress=XX:XX:XX:XX:6E:27
03-02 11:11:23.408 18562 13630 D BluetoothDevice: getAddress: mAddress=XX:XX:XX:XX:9D:81
03-02 11:11:23.408 18562 13630 D BluetoothDevice: getAddress: mAddress=XX:XX:XX:XX:EE:F9
03-02 11:11:23.408 18562 13630 D BluetoothDevice: getAddress: mAddress=XX:XX:XX:XX:C8:A7
03-02 11:11:23.408 18562 13630 D BluetoothDevice: getAddress: mAddress=XX:XX:XX:XX:2F:74
03-02 11:11:23.408 18562 13630 D BluetoothDevice: getAddress: mAddress=XX:XX:XX:XX:69:70
03-02 11:11:23.408 18562 13630 D BluetoothDevice: getAddress: mAddress=XX:XX:XX:XX:C0:39
03-02 11:11:23.409 13839 13839 V GraphicsEnvironment: Currently set values for:
03-02 11:11:23.410 13839 13839 V GraphicsEnvironment:   angle_gl_driver_selection_pkgs=[]
03-02 11:11:23.410 13839 13839 V GraphicsEnvironment:   angle_gl_driver_selection_values=[]
03-02 11:11:23.410 13839 13839 V GraphicsEnvironment: Global.Settings values are invalid: number of packages: 0, number of values: 0
03-02 11:11:23.410 13839 13839 V GraphicsEnvironment: Neither updatable production driver nor prerelease driver is supported.
03-02 11:11:23.411 13839 13839 I ActivityThread: TrafficStats init done
03-02 11:11:23.411 13515 13515 D nativeloader: Load /data/app/~~Bh61wenJZi6JNVEuOkVQfQ==/com.softnation.Ojam-nnCVAdHxKfOmup5FCuBDYQ==/base.apk!/lib/arm64-v8a/libreactnative.so using class loader ns clns-7 (caller=/data/app/~~Bh61wenJZi6JNVEuOkVQfQ==/com.softnation.Ojam-nnCVAdHxKfOmup5FCuBDYQ==/base.apk!classes20.dex): ok
03-02 11:11:23.412 13515 13515 D jni_lib_merge: Entering merged library JNI_OnLoad.
03-02 11:11:23.412 13515 13515 D jni_lib_merge: Preparing 12 pre-merged libs (including stub)
03-02 11:11:23.412 13515 13515 D jni_lib_merge: Preparing to register libfabricjni_so.  onload_func: 0x789306fce0
03-02 11:11:23.412 13515 13515 D jni_lib_merge: Preparing to register libreact_devsupportjni_so.  onload_func: 0x7893269fc8
03-02 11:11:23.412 13515 13515 D jni_lib_merge: Preparing to register libreact_featureflagsjni_so.  onload_func: 0x7893278518
03-02 11:11:23.412 13515 13515 D jni_lib_merge: Preparing to register libreact_newarchdefaults_so.  onload_func: 0x78932e06a8
03-02 11:11:23.412 13515 13515 D jni_lib_merge: Preparing to register libreactnativeblob_so.  onload_func: 0x78934d0cb4
03-02 11:11:23.412 13515 13515 D jni_lib_merge: Preparing to register libreactnativejni_so.  onload_func: 0x789351e6bc
03-02 11:11:23.412 13515 13515 D jni_lib_merge: Preparing to register libreactnativejni_common_so.  onload_func: 0x789352f044
03-02 11:11:23.412 13515 13515 D jni_lib_merge: Preparing to register librninstance_so.  onload_func: 0x7893576764
03-02 11:11:23.412 13515 13515 D jni_lib_merge: Preparing to register libturbomodulejsijni_so.  onload_func: 0x789368ef68
03-02 11:11:23.412 13515 13515 D jni_lib_merge: Preparing to register libuimanagerjni_so.  onload_func: 0x78936a7fb8
03-02 11:11:23.412 13515 13515 D jni_lib_merge: Preparing to register libyoga_so.  onload_func: 0x78936b7a3c
03-02 11:11:23.412 13515 13515 D jni_lib_merge: About to register 11 actual methods.
03-02 11:11:23.412  1621  1621 I whetstone.activity: Power Event callback listener is empty for resId=256
03-02 11:11:23.413  1621  5247 I ClipboardServiceI: checkProviderWakePathForClipboard: primaryClip is null
03-02 11:11:23.414  1621  1621 D BatteryStatsManagerStub: notifyEvent for resId=256 used 1ms
03-02 11:11:23.414 17378 17659 E EmergencyPushPeriodicFetchWorker: Skipping fetch since app is backgrounded
03-02 11:11:23.415  1621  1621 W JobScheduler: Job didn't exist in JobStore: 
03-02 11:11:23.416  1621  1621 E JobScheduler: ResourceBudgetManagerInternal is null
03-02 11:11:23.417 17417 17433 W eddit.frontpage: userfaultfd: MOVE ioctl seems unsupported: Connection timed out
03-02 11:11:23.417  1621  1621 I whetstone.activity: Power Event callback listener is empty for resId=256
03-02 11:11:23.417  1621  1621 D BatteryStatsManagerStub: notifyEvent for resId=256 used 0ms
03-02 11:11:23.419 13839 13839 D ActivityThread: useGrowthLimitOutExpendMethod invoke error.
03-02 11:11:23.423  1621  1947 D ShortcutService: Getting shortcuts for launcher= com.android.systemuiuser=0 pkg=com.instagram.barcelona
03-02 11:11:23.423  1621  4764 D ForceDarkAppConfigProvider: cloudConfigVersion: -1   localConfigVersion:20250515
03-02 11:11:23.423  1621  4764 I UiModeManager: systemserver package:com.instagram.lite null
03-02 11:11:23.424  1621  1947 D ShortcutService: Getting shortcuts for launcher= com.miui.homeuser=0 pkg=com.instagram.barcelona
03-02 11:11:23.424 13839 13839 I ForceDarkHelperStubImpl: initialize for com.instagram.lite , ForceDarkAppConfig: null
03-02 11:11:23.424 17400 17400 I TrackingModule$Fakeable: [main] Custom granular phase provideTracker completed. Interval(startNanos=1772446283388000000ns, durationNanos=35000000ns)
03-02 11:11:23.425  1621  1946 D ShortcutService: Saving package item com.instagram.barcelona to /data/system_ce/0/shortcut_service/packages/com.instagram.barcelona.xml
03-02 11:11:23.428  1999  1999 D Launcher.Model: LauncherAppsCallback onShortcutsChanged|com.instagram.barcelona|UserHandle{0}|false
03-02 11:11:23.429 13839 13839 D nativeloader: Load libforcedarkimpl.so using system ns (caller=/system_ext/framework/miui-framework.jar): ok
03-02 11:11:23.429 13839 13839 D HWUI    : JNI_OnLoad success
03-02 11:11:23.429 13839 13839 I MiuiForceDarkConfig: setConfig density:2.750000, mainRule:0, secondaryRule:0, tertiaryRule:0
03-02 11:11:23.431   849  1430 I hwcomposer: [HWC] (0)fire a callback of refresh to SF[4]  
03-02 11:11:23.434 13839 13839 I ActivityThread: Miui Feature Init done
03-02 11:11:23.434 17400 17646 D nativeloader: Load /data/app/~~AgUKDpmqX3Gx0YmHSAnQCg==/com.linkedin.android-ta4YnOsv5O1G99lGR1xH0A==/lib/arm64/libcronet.127.0.6533.65.so using class loader ns clns-7 (caller=/data/app/~~AgUKDpmqX3Gx0YmHSAnQCg==/com.linkedin.android-ta4YnOsv5O1G99lGR1xH0A==/base.apk!classes7.dex): ok
03-02 11:11:23.439  1621  5247 D PackageManager: set app component=ComponentInfo{com.instagram.barcelona/com.instagram.push.FbnsInitBroadcastReceiver} enabled state: 1 from com.instagram.barcelona,uid=10075,pid=17378
03-02 11:11:23.440  1621  5247 D PackageManager: set app component=ComponentInfo{com.instagram.barcelona/com.facebook.rti.pushv2.inapp.InappFbnsService} enabled state: 1 from com.instagram.barcelona,uid=10075,pid=17378
03-02 11:11:23.442   921   921 I BufferQueueProducer: [FramebufferSurface](this:0xb400007d8e9dff50,id:-1,api:1,p:921,c:921) queueBuffer: fps=20.30 dur=2659.74 max=1732.58 min=11.48
03-02 11:11:23.445   849   849 I hwcomposer: [HWCDisplay] (0 updateFps():3667), (type:1, mode:2) fps:51.945484,dur:1039.55,max:156.87,min:15.09  
03-02 11:11:23.446  1621  5247 W ActivityManager: Background start not allowed: service Intent { act=Orca.START cmp=com.instagram.barcelona/com.facebook.rti.pushv2.inapp.InappFbnsService (has extras) } to com.instagram.barcelona/com.facebook.rti.pushv2.inapp.InappFbnsService from pid=17378 uid=10075 pkg=com.instagram.barcelona startFg?=false
03-02 11:11:23.446   921   921 I MI-SF   : surfaceflinger setAffinity mode=1
03-02 11:11:23.447  1621  1922 I SmartPower: com.whatsapp/10300(31638): background->idle(3010ms) R(broadcast start Intent { act=android.intent.action.BATTERY_CHANGED flg=0x60000010 (has extras) }) adj=905.
03-02 11:11:23.447   921   921 E MI-SF   : surfaceflinger setAffinity success
03-02 11:11:23.447   921   921 I MI-SF   : surfaceflinger setreAffinity reTid=1207
03-02 11:11:23.447   921   921 E MI-SF   : surfaceflinger setAffinity success
03-02 11:11:23.447  1621  1922 I SmartPower: com.whatsapp/99910300(15426): background->idle(3007ms) R(broadcast start Intent { act=android.intent.action.BATTERY_CHANGED flg=0x60000010 (has extras) }) adj=915.
03-02 11:11:23.448 17378 17378 W RtiGracefulSystemMethodHelper: [AI] Failed to start service due to IllegalStateException on Android O
03-02 11:11:23.448 17378 17378 W RtiGracefulSystemMethodHelper: android.app.BackgroundServiceStartNotAllowedException: Not allowed to start service Intent { act=Orca.START cmp=com.instagram.barcelona/com.facebook.rti.pushv2.inapp.InappFbnsService (has extras) }: app is in background uid UidRecord{1a2a82c u0a75 TRNB bg:+2s862ms idle change:uncachedprocstate procs:0 seq(5162221,5162219)} caps=-------
03-02 11:11:23.448 17378 17378 W RtiGracefulSystemMethodHelper: 	at android.app.ContextImpl.startServiceCommon(ContextImpl.java:2008)
03-02 11:11:23.448 17378 17378 W RtiGracefulSystemMethodHelper: 	at android.app.ContextImpl.startService(ContextImpl.java:1963)
03-02 11:11:23.448 17378 17378 W RtiGracefulSystemMethodHelper: 	at android.content.ContextWrapper.startService(ContextWrapper.java:864)
03-02 11:11:23.448 17378 17378 W RtiGracefulSystemMethodHelper: 	at X.6kq.A01(:30)
03-02 11:11:23.448 17378 17378 W RtiGracefulSystemMethodHelper: 	at X.1kD.A01(Unknown Source:12)
03-02 11:11:23.448 17378 17378 W RtiGracefulSystemMethodHelper: 	at X.1kD.A03(Unknown Source:70)
03-02 11:11:23.448 17378 17378 W RtiGracefulSystemMethodHelper: 	at X.6fp.CgQ(:251)
03-02 11:11:23.448 17378 17378 W RtiGracefulSystemMethodHelper: 	at X.6aM.onQueueIdle(:28)
03-02 11:11:23.448 17378 17378 W RtiGracefulSystemMethodHelper: 	at X.3sm.queueIdle(:33)
03-02 11:11:23.448 17378 17378 W RtiGracefulSystemMethodHelper: 	at android.os.MessageQueue.next(MessageQueue.java:433)
03-02 11:11:23.448 17378 17378 W RtiGracefulSystemMethodHelper: 	at android.os.Looper.loopOnce(Looper.java:203)
03-02 11:11:23.448 17378 17378 W RtiGracefulSystemMethodHelper: 	at android.os.Looper.loop(Looper.java:337)
03-02 11:11:23.448 17378 17378 W RtiGracefulSystemMethodHelper: 	at android.app.ActivityThread.main(ActivityThread.java:9500)
03-02 11:11:23.448 17378 17378 W RtiGracefulSystemMethodHelper: 	at java.lang.reflect.Method.invoke(Native Method)
03-02 11:11:23.448 17378 17378 W RtiGracefulSystemMethodHelper: 	at com.android.internal.os.RuntimeInit$MethodAndArgsCaller.run(RuntimeInit.java:636)
03-02 11:11:23.448 17378 17378 W RtiGracefulSystemMethodHelper: 	at com.android.internal.os.ZygoteInit.main(ZygoteInit.java:1005)
03-02 11:11:23.448 17400 17658 I cr_CronetLibraryLoader: HTTP flags log line: Using live production flag values from Google
03-02 11:11:23.448  1621  1922 I SmartPower: com.android.chrome/10174(15806): background->idle(3006ms) R(broadcast start Intent { act=android.intent.action.BATTERY_CHANGED flg=0x60000010 (has extras) }) adj=905.
03-02 11:11:23.454  1621  5247 I whetstone.activity: Power Event callback listener is empty for resId=256
03-02 11:11:23.454  1621  5247 D BatteryStatsManagerStub: notifyEvent for resId=256 used 1ms
03-02 11:11:23.455  1621  5247 W JobScheduler: Job didn't exist in JobStore: 
03-02 11:11:23.457  1621  2740 D ConnectivityService: requestNetwork for uid/pid:10289/17400 activeRequest: null callbackRequest: 242403 [NetworkRequest [ REQUEST id=242404, [ Capabilities: INTERNET&NOT_RESTRICTED&TRUSTED&NOT_VCN_MANAGED&NOT_BANDWIDTH_CONSTRAINED Uid: 10289 RequestorUid: 10289 RequestorPkg: com.linkedin.android UnderlyingNetworks: Null] ]] callback flags: 0 order: 2147483647 isUidTracked: false declaredMethods: AVAIL|LOST|NC|LP
03-02 11:11:23.457  1621  5247 E JobScheduler: ResourceBudgetManagerInternal is null
03-02 11:11:23.462  1621  5247 I whetstone.activity: Power Event callback listener is empty for resId=256
03-02 11:11:23.464  1621  5247 D BatteryStatsManagerStub: notifyEvent for resId=256 used 1ms
03-02 11:11:23.464 13515 13515 D nativeloader: Load /data/app/~~Bh61wenJZi6JNVEuOkVQfQ==/com.softnation.Ojam-nnCVAdHxKfOmup5FCuBDYQ==/base.apk!/lib/arm64-v8a/libreact_codegen_rnscreens.so using class loader ns clns-7 (caller=/data/app/~~Bh61wenJZi6JNVEuOkVQfQ==/com.softnation.Ojam-nnCVAdHxKfOmup5FCuBDYQ==/base.apk!classes20.dex): ok
03-02 11:11:23.464 13515 13515 D jni_lib_merge: Entering merged library JNI_OnLoad.
03-02 11:11:23.464 13515 13515 D jni_lib_merge: Preparing 12 pre-merged libs (including stub)
03-02 11:11:23.464 13515 13515 D jni_lib_merge: Preparing to register libfabricjni_so.  onload_func: 0x789306fce0
03-02 11:11:23.464 13515 13515 D jni_lib_merge: Preparing to register libreact_devsupportjni_so.  onload_func: 0x7893269fc8
03-02 11:11:23.464 13515 13515 D jni_lib_merge: Preparing to register libreact_featureflagsjni_so.  onload_func: 0x7893278518
03-02 11:11:23.464 13515 13515 D jni_lib_merge: Preparing to register libreact_newarchdefaults_so.  onload_func: 0x78932e06a8
03-02 11:11:23.464 13515 13515 D jni_lib_merge: Preparing to register libreactnativeblob_so.  onload_func: 0x78934d0cb4
03-02 11:11:23.464 13515 13515 D jni_lib_merge: Preparing to register libreactnativejni_so.  onload_func: 0x789351e6bc
03-02 11:11:23.464 13515 13515 D jni_lib_merge: Preparing to register libreactnativejni_common_so.  onload_func: 0x789352f044
03-02 11:11:23.464 13515 13515 D jni_lib_merge: Preparing to register librninstance_so.  onload_func: 0x7893576764
03-02 11:11:23.464 13515 13515 D jni_lib_merge: Preparing to register libturbomodulejsijni_so.  onload_func: 0x789368ef68
03-02 11:11:23.464 13515 13515 D jni_lib_merge: Preparing to register libuimanagerjni_so.  onload_func: 0x78936a7fb8
03-02 11:11:23.464 13515 13515 D jni_lib_merge: Preparing to register libyoga_so.  onload_func: 0x78936b7a3c
03-02 11:11:23.464 13515 13515 D jni_lib_merge: About to register 11 actual methods.
03-02 11:11:23.466  1621  1842 I MiuiNetworkPolicy: updateUidState uid = 10329, uidState = 8
03-02 11:11:23.472  1621  1731 I whetstone.activity: Power Event callback listener is empty for resId=256
03-02 11:11:23.472  1621  1731 D BatteryStatsManagerStub: notifyEvent for resId=256 used 0ms
03-02 11:11:23.473  1621  2740 D CompatChangeReporter: Compat change id reported: 319212206; UID 10289; state: ENABLED
03-02 11:11:23.476  2350  2350 W Settings: Setting airplane_mode_on has moved from android.provider.Settings.System to android.provider.Settings.Global, returning read-only value.
03-02 11:11:23.479  1621  1856 D ConnectivityService: NetReassign [242404 : null ΓåÆ 255] [c 0] [a 1] [i 5]
03-02 11:11:23.480  1621  1843 D WifiNetworkFactory: got request NetworkRequest [ REQUEST id=242404, [ Capabilities: INTERNET&NOT_RESTRICTED&TRUSTED&NOT_VCN_MANAGED&NOT_BANDWIDTH_CONSTRAINED Uid: 10289 RequestorUid: 10289 RequestorPkg: com.linkedin.android UnderlyingNetworks: Null] ]
03-02 11:11:23.481  1621  1843 D UntrustedWifiNetworkFactory: got request NetworkRequest [ REQUEST id=242404, [ Capabilities: INTERNET&NOT_RESTRICTED&TRUSTED&NOT_VCN_MANAGED&NOT_BANDWIDTH_CONSTRAINED Uid: 10289 RequestorUid: 10289 RequestorPkg: com.linkedin.android UnderlyingNetworks: Null] ]
03-02 11:11:23.481  1621  1843 D OemPaidWifiNetworkFactory: got request NetworkRequest [ REQUEST id=242404, [ Capabilities: INTERNET&NOT_RESTRICTED&TRUSTED&NOT_VCN_MANAGED&NOT_BANDWIDTH_CONSTRAINED Uid: 10289 RequestorUid: 10289 RequestorPkg: com.linkedin.android UnderlyingNetworks: Null] ]
03-02 11:11:23.481  1621  1843 D MultiInternetWifiNetworkFactory: got request NetworkRequest [ REQUEST id=242404, [ Capabilities: INTERNET&NOT_RESTRICTED&TRUSTED&NOT_VCN_MANAGED&NOT_BANDWIDTH_CONSTRAINED Uid: 10289 RequestorUid: 10289 RequestorPkg: com.linkedin.android UnderlyingNetworks: Null] ]
03-02 11:11:23.482 13515 13515 D nativeloader: Load /data/app/~~Bh61wenJZi6JNVEuOkVQfQ==/com.softnation.Ojam-nnCVAdHxKfOmup5FCuBDYQ==/base.apk!/lib/arm64-v8a/libreact_codegen_RNCSlider.so using class loader ns clns-7 (caller=/data/app/~~Bh61wenJZi6JNVEuOkVQfQ==/com.softnation.Ojam-nnCVAdHxKfOmup5FCuBDYQ==/base.apk!classes20.dex): ok
03-02 11:11:23.484  1621  1842 I MiuiNetworkPolicy: updateUidState uid = 10075, uidState = 11
03-02 11:11:23.484 13839 13839 W EarlyExceptionHandler: Early UncaughtException handler initialized
03-02 11:11:23.487  1621  1856 D ConnectivityService: NetReassign [no changes] [c 0] [a 5] [i 2]
03-02 11:11:23.488  2350  2350 W Settings: Setting airplane_mode_on has moved from android.provider.Settings.System to android.provider.Settings.Global, returning read-only value.
03-02 11:11:23.494  1621  4246 E JobScheduler: ResourceBudgetManagerInternal is null
03-02 11:11:23.496  2350 29580 D NetworkSpeedTracker: updateSignalInfo lteRsrp=-74lteSnr=13,phoneId=1
03-02 11:11:23.499  1621  1842 I MiuiNetworkPolicy: updateUidState uid = 10075, uidState = 8
03-02 11:11:23.503 13515 13515 D nativeloader: Load /data/app/~~Bh61wenJZi6JNVEuOkVQfQ==/com.softnation.Ojam-nnCVAdHxKfOmup5FCuBDYQ==/base.apk!/lib/arm64-v8a/libreact_codegen_rnsvg.so using class loader ns clns-7 (caller=/data/app/~~Bh61wenJZi6JNVEuOkVQfQ==/com.softnation.Ojam-nnCVAdHxKfOmup5FCuBDYQ==/base.apk!classes20.dex): ok
03-02 11:11:23.503 13515 13515 D jni_lib_merge: Entering merged library JNI_OnLoad.
03-02 11:11:23.503 13515 13515 D jni_lib_merge: Preparing 12 pre-merged libs (including stub)
03-02 11:11:23.503 13515 13515 D jni_lib_merge: Preparing to register libfabricjni_so.  onload_func: 0x789306fce0
03-02 11:11:23.503 13515 13515 D jni_lib_merge: Preparing to register libreact_devsupportjni_so.  onload_func: 0x7893269fc8
03-02 11:11:23.503 13515 13515 D jni_lib_merge: Preparing to register libreact_featureflagsjni_so.  onload_func: 0x7893278518
03-02 11:11:23.503 13515 13515 D jni_lib_merge: Preparing to register libreact_newarchdefaults_so.  onload_func: 0x78932e06a8
03-02 11:11:23.503 13515 13515 D jni_lib_merge: Preparing to register libreactnativeblob_so.  onload_func: 0x78934d0cb4
03-02 11:11:23.503 13515 13515 D jni_lib_merge: Preparing to register libreactnativejni_so.  onload_func: 0x789351e6bc
03-02 11:11:23.503 13515 13515 D jni_lib_merge: Preparing to register libreactnativejni_common_so.  onload_func: 0x789352f044
03-02 11:11:23.503 13515 13515 D jni_lib_merge: Preparing to register librninstance_so.  onload_func: 0x7893576764
03-02 11:11:23.503 13515 13515 D jni_lib_merge: Preparing to register libturbomodulejsijni_so.  onload_func: 0x789368ef68
03-02 11:11:23.503 13515 13515 D jni_lib_merge: Preparing to register libuimanagerjni_so.  onload_func: 0x78936a7fb8
03-02 11:11:23.503 13515 13515 D jni_lib_merge: Preparing to register libyoga_so.  onload_func: 0x78936b7a3c
03-02 11:11:23.503 13515 13515 D jni_lib_merge: About to register 11 actual methods.
03-02 11:11:23.503  1621  4246 I whetstone.activity: Power Event callback listener is empty for resId=256
03-02 11:11:23.503  1621  4246 D BatteryStatsManagerStub: notifyEvent for resId=256 used 0ms
03-02 11:11:23.507 17400 17508 D nativeloader: Load /data/app/~~AgUKDpmqX3Gx0YmHSAnQCg==/com.linkedin.android-ta4YnOsv5O1G99lGR1xH0A==/lib/arm64/libLMDBAndroid.so using class loader ns clns-7 (caller=/data/app/~~AgUKDpmqX3Gx0YmHSAnQCg==/com.linkedin.android-ta4YnOsv5O1G99lGR1xH0A==/base.apk!classes4.dex): ok
03-02 11:11:23.514  2350 29580 D NetworkSpeedTracker: updateSignalInfo lteRsrp=-74lteSnr=13,phoneId=1
03-02 11:11:23.517 13839 13839 W EarlyErrorReporting: Lacrima init done in EarlyErrorReporting for: com.instagram.lite
03-02 11:11:23.518 13839 13839 W SoLoader: Initializing SoLoader: 2
03-02 11:11:23.518 13839 13839 W SoLoader: context.getApplicationContext returned null, holding reference to original context.ApplicationSoSource fallbacks to: /data/app/~~plM1wYri-X0O2Dyup_-7GQ==/com.instagram.lite-kFAotEKGbXEBaXpLnRlZRQ==/lib/arm64
03-02 11:11:23.519 13839 17675 W lacrima : LacrimaConfigBuilder.setUserIdActorId not called, using 0
03-02 11:11:23.519 13839 17675 W lacrima : LacrimaConfigBuilder.setUserIdActingAccountId not called, using 0
03-02 11:11:23.519 13839 17675 W lacrima : LacrimaConfigBuilder.setIsEmployee not called, using false
03-02 11:11:23.521 17400 17646 I cr_CronetLibraryLoader: Cronet version: 127.0.6533.65, arch: aarch64
03-02 11:11:23.525 13515 13515 D nativeloader: Load /data/app/~~Bh61wenJZi6JNVEuOkVQfQ==/com.softnation.Ojam-nnCVAdHxKfOmup5FCuBDYQ==/base.apk!/lib/arm64-v8a/libreact_codegen_safeareacontext.so using class loader ns clns-7 (caller=/data/app/~~Bh61wenJZi6JNVEuOkVQfQ==/com.softnation.Ojam-nnCVAdHxKfOmup5FCuBDYQ==/base.apk!classes20.dex): ok
03-02 11:11:23.529 13839 13839 W SoLoader: SoLoader initialized: 2
03-02 11:11:23.538 13839 13839 W FbSoLoader: Will use precomputed native lib dependencies file, reading directly from the APK using AssetManager false
03-02 11:11:23.539 13515 13515 D nativeloader: Load /data/app/~~Bh61wenJZi6JNVEuOkVQfQ==/com.softnation.Ojam-nnCVAdHxKfOmup5FCuBDYQ==/base.apk!/lib/arm64-v8a/libappmodules.so using class loader ns clns-7 (caller=/data/app/~~Bh61wenJZi6JNVEuOkVQfQ==/com.softnation.Ojam-nnCVAdHxKfOmup5FCuBDYQ==/base.apk!classes20.dex): ok
03-02 11:11:23.540 13839 13839 D CompatChangeReporter: Compat change id reported: 312399441; UID 10383; state: ENABLED
03-02 11:11:23.544 17400 17669 W chromium: [0302/111123.544007:WARNING:dns_config_service_android.cc(81)] Failed to read DnsConfig.
03-02 11:11:23.545  2363  2477 D MiuiFreeformModeCornerTipHandler: task#37035 onTaskVanished
03-02 11:11:23.546  2363  2477 I MiuiBubbleController: removeBubble: 37035 reason=2
03-02 11:11:23.546  2363  2477 I MultiTaskingTaskRepository: onTaskInfoChanged multi list = [5, 4], full = [37035, 37027, 37019, 36980]
03-02 11:11:23.547  1621  1731 I PowerHalWrapper: amsBoostNotify pid:13515,activity:com.softnation.Ojam.MainActivity, package:com.softnation.Ojam, mProcessCreatePackcom.softnation.Ojam 
03-02 11:11:23.547  1621  1731 I PowerHalWrapper: state: 1 
03-02 11:11:23.548  1621  1731 I ScnModule: [GameDetection] packname: com.softnation.Ojam, apkSize: 113045479. 
03-02 11:11:23.549  1621  1731 I mtkpower_client: [PowerHal_Wrap_notifyAppState] com.softnation.Ojam/com.softnation.Ojam.MainActivity pid=13515 activityId:70258579 state:1
03-02 11:11:23.549   861   861 I vendor.mediatek.hardware.mtkpower_applist-service.mediatek: packName: com.softnation.Ojam actName: com.softnation.Ojam.MainActivity pid: 13515 activityId: 70258579 uid: 10337 state: 1
03-02 11:11:23.549   861   861 I MTK_APPList: [notifyAPPstate] com.softnation.Ojam/com.softnation.Ojam.MainActivity, pid=13515, activityId=70258579, uid=10337, state:RESUMED, fps:-1, win:0
03-02 11:11:23.549   861   861 I MTK_APPList: [notifyAPPstate] multi_resumed_app_count: 2
03-02 11:11:23.549   861   861 I MTK_APPList: [notifyAPPstate] multi_resumed_app_info[0] com.android.systemui/com.android.systemui._190038181, pid:2363, activityId:-1, fps:-1, isMultiWindow:0
03-02 11:11:23.549   861   861 I MTK_APPList: [notifyAPPstate] multi_resumed_app_info[1] com.softnation.Ojam/com.softnation.Ojam.MainActivity, pid:13515, activityId:70258579, fps:-1, isMultiWindow:0
03-02 11:11:23.549   861   861 I MTK_APPList: [getForegroundAPPCount] 2
03-02 11:11:23.549   861   861 I MTK_APPList: [notifyAPPstate] foreground:com.softnation.Ojam, pid:13515, activityId:70258579, uid:10337
03-02 11:11:23.549   861   861 I MTK_APPList: [notifyNetdUID] 10337
03-02 11:11:23.550   861   861 I MTK_APPList: [notifyPID] 13515
03-02 11:11:23.550  1621  1731 I PowerHalWrapper: amsBoostNotify AMS_BOOST_PROCESS_CREATE_BOOST:true 
03-02 11:11:23.551 13839 13839 W SoLoader: Prepending SoSource lib-compressed: SuperpackSoSource[root = /data/data/com.instagram.lite/lib-compressed flags = 1 zipSource = /data/app/~~plM1wYri-X0O2Dyup_-7GQ==/com.instagram.lite-kFAotEKGbXEBaXpLnRlZRQ==/base.apk compressedPath = assets/lib/libs.spk.xz identity = ]
03-02 11:11:23.551  1621  1621 D MBrainLocalService: isVendorFreezeConditionPass is false
03-02 11:11:23.551  1621  1621 E MBrainLocalService: notifyAppSwitch failed
03-02 11:11:23.551  1621  4246 I whetstone.activity: Power Event callback listener is empty for resId=256
03-02 11:11:23.551  1621  4246 D BatteryStatsManagerStub: notifyEvent for resId=256 used 0ms
03-02 11:11:23.551 17378 17391 W agram.barcelona: userfaultfd: MOVE ioctl seems unsupported: Connection timed out
03-02 11:11:23.552  1621  1650 D ActivityManager: mediaResourceManagerBinder get success
03-02 11:11:23.552   863   958 I libPowerHal: [perfSetSysInfo] pid type:24, 13515
03-02 11:11:23.552  1124  2142 D ResourceManagerServiceNew: update package name: com.softnation.Ojam
03-02 11:11:23.553   861   861 I MTK_APPList: [notifyAPPstate] pc:0, com.google.android.googlequicksearchbox => com.softnation.Ojam
03-02 11:11:23.553  1621  1745 W AlarmManager: Unrecognized alarm listener com.android.server.usage.AppTimeLimitController$SessionUsageGroup@f45889f
03-02 11:11:23.556  1124  2142 D ResourceManagerServiceNew: packageName: com.softnation.Ojam, uid : 10337, hashCode : 53878478
03-02 11:11:23.557  1124  2142 D ResourceManagerServiceNew: ResourceManagerService::setCodecsVppModeWithLock
03-02 11:11:23.557 17417 17433 I eddit.frontpage: CollectorTransition concurrent mark compact GC freed 26MB AllocSpace bytes, 24(780KB) LOS objects, 76% free, 7546KB/31MB, paused 14.896ms,5.377ms total 295.973ms
03-02 11:11:23.560  6515 13498 D PerfEngineController: ForegroundInfo{mForegroundPackageName='com.softnation.Ojam', mForegroundUid=10337, mForegroundPid=13515, mLastForegroundPackageName='com.google.android.googlequicksearchbox', mLastForegroundUid=10165, mLastForegroundPid=13966, mMultiWindowForegroundPackageName='com.softnation.Ojam', mMultiWindowForegroundUid=10337, mFlags=1}
03-02 11:11:23.560  1621  4246 W JobScheduler: Job didn't exist in JobStore: 
03-02 11:11:23.562  1124  2142 D ResourceManagerServiceNew: all codecs setVppMode return fail
03-02 11:11:23.565 13515 13515 W Looper  : PerfMonitor longMsg : seq=3 plan=11:11:21.505 late=4ms wall=2047ms h=android.app.ActivityThread$H w=110 procState=-1
03-02 11:11:23.566  1621  1842 I MiuiNetworkPolicy: updateUidState uid = 10075, uidState = 11
03-02 11:11:23.566 13515 13515 W libc    : Access denied finding property "ro.vendor.perf.scroll_opt"
03-02 11:11:23.567  1621  1907 D MiuiMultiWindowUtils: DeviceLevel.IS_MIUI_LITE_VERSION 2.0 not support miui multiWindowtides
03-02 11:11:23.568  6027  3111 D v1      : myUserId = 0	currentUserId0
03-02 11:11:23.569  1621  1907 D BluetoothAdapter: getActiveDevices(profile= A2DP)
03-02 11:11:23.569  6027 28224 I ProcessMonitor: onForegroundInfoChanged: ForegroundInfo{mForegroundPackageName='com.softnation.Ojam', mForegroundUid=10337, mForegroundPid=13515, mLastForegroundPackageName='com.google.android.googlequicksearchbox', mLastForegroundUid=10165, mLastForegroundPid=13966, mMultiWindowForegroundPackageName='com.softnation.Ojam', mMultiWindowForegroundUid=10337, mFlags=1}
03-02 11:11:23.569  6027 28224 I VideoBoxUtils: isSupportVideoBox: false
03-02 11:11:23.569  6027 28224 I VideoToolBoxService: vtb is closed!!!
03-02 11:11:23.571  1621  4764 E JobScheduler: ResourceBudgetManagerInternal is null
03-02 11:11:23.574  1621  4764 I whetstone.activity: Power Event callback listener is empty for resId=256
03-02 11:11:23.574  1621  4764 D BatteryStatsManagerStub: notifyEvent for resId=256 used 0ms
03-02 11:11:23.575  1621  1907 D BluetoothAdapter: getActiveDevices(profile= HEADSET)
03-02 11:11:23.580 13839 17675 W lacrima : Sending pending reports
03-02 11:11:23.580 13515 13515 D nativeloader: Load libpowerhalwrap_jni.so using system ns (caller=/system_ext/framework/mediatek-framework.jar): ok
03-02 11:11:23.581 13515 13515 I PowerHalWrapper: PowerHalWrapper.getInstance 
03-02 11:11:23.582 13515 13515 I M-ProMotion: M-ProMotion is disabled
03-02 11:11:23.582 13839 13839 W FbSoLoader: Initialized FBSoLoader
03-02 11:11:23.585  1621  1907 D BluetoothAdapter: getActiveDevices(profile= LE_AUDIO)
03-02 11:11:23.586 18562 13630 E BluetoothAdapterService: getActiveDevices: LeAudioService is null
03-02 11:11:23.586 13839 13839 W SoLoader: Loading verifier on the main thread
03-02 11:11:23.587  1621  1907 D AudioSystem: +setParameters(): foregroundUid=10337;bluetoothlowlatencystatus=false 
03-02 11:11:23.587  1621  1907 D AudioSystem: start get log level!
03-02 11:11:23.589   843  1378 D AudioALSAHardware: +setParameters(): bluetoothlowlatencystatus=false;foregroundUid=10337
03-02 11:11:23.590   843  1378 D AudioALSAHardware: -setParameters(): bluetoothlowlatencystatus=false;foregroundUid=10337
03-02 11:11:23.590   843  1378 E AHAL_Module: setVendorParameters: default: unrecognized parameter "bluetoothlowlatencystatus=false;foregroundUid=10337"
03-02 11:11:23.590   894  2683 E ConversionHelperAidl: Function: parseAndSetVendorParameters Line: 97 Failed 
03-02 11:11:23.590 13839 17675 W EarlyErrorReporting: Lacrima init executor done in EarlyErrorReporting for: com.instagram.lite
03-02 11:11:23.591   843  1378 D AHAL_ModuleBluetooth: setVendorParameters: parameter count 1, async: 0
03-02 11:11:23.591   843  1378 D AHAL_ModuleBluetooth: setVendorParameters: bluetoothlowlatencystatus=false;foregroundUid=10337
03-02 11:11:23.595 13515 13515 D FramePredict: FramePredict init: true
03-02 11:11:23.596 13515 13515 I Choreographer: Skipped 38 frames!  The application may be doing too much work on its main thread.
03-02 11:11:23.596 13515 13515 D UserSceneDetector: invoke error.
03-02 11:11:23.598 17400 17400 I LixModule$Fakeable: [main] Custom granular phase authenticatedLixManager_registerWithLixManager completed. Interval(startNanos=1772446283469000000ns, durationNanos=128000000ns)
03-02 11:11:23.600 13515 13515 W Looper  : PerfMonitor doFrame : time=5ms vsyncFrame=19820806 latency=646ms procState=-1 historyMsgCount=3 (msgIndex=1 wall=2047ms seq=3 late=4ms h=android.app.ActivityThread$H w=110)
03-02 11:11:23.604   921  1587 D MI-SF   : updateScene: module = 258 (TpIdle), value = 0, pkg = com.softnation.Ojam
03-02 11:11:23.604   921  1587 D MI-SF   : updateScene mSetTpIdleFlag 0
03-02 11:11:23.605  1621  2740 D FileUtils: Rounded bytes from 8055762944 to 16000000000
03-02 11:11:23.606 13515 13515 I ActivityThread: HardwareRenderer preload  done
03-02 11:11:23.607 18562 13630 D BluetoothLatencyMode: ForegroundInfo{mForegroundPackageName='com.softnation.Ojam', mForegroundUid=10337, mForegroundPid=13515, mLastForegroundPackageName='com.google.android.googlequicksearchbox', mLastForegroundUid=10165, mLastForegroundPid=13966, mMultiWindowForegroundPackageName='com.softnation.Ojam', mMultiWindowForegroundUid=10337, mFlags=1}
03-02 11:11:23.607 18562 13630 W LeAudioService: getLeAudioService(): service is NULL
03-02 11:11:23.607 18562 13630 D BluetoothLatencyMode: isWiredAudioHeadset.type: 1
03-02 11:11:23.607 18562 13630 D BluetoothLatencyMode: isWiredAudioHeadset.type: 2
03-02 11:11:23.607 18562 13630 D BluetoothLatencyMode: isWiredAudioHeadset.type: 18
03-02 11:11:23.607 18562 13630 D BluetoothLatencyMode: isWiredAudioHeadset.type: 14
03-02 11:11:23.608 17400 17679 W chromium: [0302/111123.608151:WARNING:dns_config_service_android.cc(81)] Failed to read DnsConfig.
03-02 11:11:23.610 13515 17699 D vulkan  : searching for layers in '/data/app/~~Bh61wenJZi6JNVEuOkVQfQ==/com.softnation.Ojam-nnCVAdHxKfOmup5FCuBDYQ==/lib/arm64'
03-02 11:11:23.612 17378 17391 I agram.barcelona: CollectorTransition concurrent mark compact GC freed 29MB AllocSpace bytes, 138(5540KB) LOS objects, 71% free, 9695KB/33MB, paused 7.198ms,5.862ms total 304.067ms
03-02 11:11:23.612 13515 17699 D vulkan  : searching for layers in '/data/app/~~Bh61wenJZi6JNVEuOkVQfQ==/com.softnation.Ojam-nnCVAdHxKfOmup5FCuBDYQ==/base.apk!/lib/arm64-v8a'
03-02 11:11:23.616  1621  1918 E HyperSentinel: -------------------------------------------------------
03-02 11:11:23.616  1621  1918 E HyperSentinel: Event_ThreadAmount
03-02 11:11:23.616  1621  1918 E HyperSentinel: -> audit event by proc 13839 "usap64": running threads amount, 12 -> 23
03-02 11:11:23.622 17378 17548 W LibevQuicAsyncUDPSocket.h: setTosOrTrafficClass not implemented in LibevQuicAsyncUDPSocket
03-02 11:11:23.623  1621  4246 D ConnectivityService: Returning UNBLOCKED NetworkInfo to uid=10075
03-02 11:11:23.626  6515  6997 D MilletUtils: setUidState, uid = 10337 allow = true
03-02 11:11:23.627  1621  4238 D MiSensorServiceImpl: PowerKeeperSensor resume iUid:10337 but app has not in Controlled
03-02 11:11:23.627  1621  4246 D ConnectivityService: requestNetwork for uid/pid:10075/17378 activeRequest: null callbackRequest: 242406 [NetworkRequest [ REQUEST id=242407, [ Capabilities: INTERNET&NOT_RESTRICTED&TRUSTED&NOT_VCN_MANAGED&NOT_BANDWIDTH_CONSTRAINED Uid: 10075 RequestorUid: 10075 RequestorPkg: com.instagram.barcelona UnderlyingNetworks: Null] ]] callback flags: 0 order: 2147483647 isUidTracked: false declaredMethods: AVAIL|LOST|NC
03-02 11:11:23.633  1621  1843 D WifiNetworkFactory: got request NetworkRequest [ REQUEST id=242407, [ Capabilities: INTERNET&NOT_RESTRICTED&TRUSTED&NOT_VCN_MANAGED&NOT_BANDWIDTH_CONSTRAINED Uid: 10075 RequestorUid: 10075 RequestorPkg: com.instagram.barcelona UnderlyingNetworks: Null] ]
03-02 11:11:23.636  1621  1856 D ConnectivityService: NetReassign [242407 : null ΓåÆ 255] [c 1] [a 1] [i 6]
03-02 11:11:23.637  1621  1843 D UntrustedWifiNetworkFactory: got request NetworkRequest [ REQUEST id=242407, [ Capabilities: INTERNET&NOT_RESTRICTED&TRUSTED&NOT_VCN_MANAGED&NOT_BANDWIDTH_CONSTRAINED Uid: 10075 RequestorUid: 10075 RequestorPkg: com.instagram.barcelona UnderlyingNetworks: Null] ]
03-02 11:11:23.637  1621  1843 D OemPaidWifiNetworkFactory: got request NetworkRequest [ REQUEST id=242407, [ Capabilities: INTERNET&NOT_RESTRICTED&TRUSTED&NOT_VCN_MANAGED&NOT_BANDWIDTH_CONSTRAINED Uid: 10075 RequestorUid: 10075 RequestorPkg: com.instagram.barcelona UnderlyingNetworks: Null] ]
03-02 11:11:23.637  1621  1843 D MultiInternetWifiNetworkFactory: got request NetworkRequest [ REQUEST id=242407, [ Capabilities: INTERNET&NOT_RESTRICTED&TRUSTED&NOT_VCN_MANAGED&NOT_BANDWIDTH_CONSTRAINED Uid: 10075 RequestorUid: 10075 RequestorPkg: com.instagram.barcelona UnderlyingNetworks: Null] ]
03-02 11:11:23.638 17378 17709 E EmergencyPushPeriodicFetchWorker: Skipping fetch since app is backgrounded
03-02 11:11:23.640 17378 17392 I BpBinder: onLastStrongRef automatically unlinking death recipients: 
03-02 11:11:23.645 13839 13839 D nativeloader: Load /data/data/com.instagram.lite/lib-compressed/libc++_shared.so using class loader ns clns-7 (caller=/data/app/~~plM1wYri-X0O2Dyup_-7GQ==/com.instagram.lite-kFAotEKGbXEBaXpLnRlZRQ==/base.apk): ok
03-02 11:11:23.663  1621  4246 D BiometricService: canAuthenticate: User=0, Caller=0, Authenticators=33023
03-02 11:11:23.663  1621  4246 D BiometricService/PreAuthInfo: Package: com.linkedin.android Sensor ID: 0 Modality: 2 Status: 1
03-02 11:11:23.664 17417 17581 W VideoCapabilities: Unrecognized profile/level 32768/256 for video/mp4v-es
03-02 11:11:23.667 17417 17581 W VideoCapabilities: Unrecognized profile/level 32768/256 for video/mp4v-es
03-02 11:11:23.667  1621  4246 D BiometricService/PreAuthInfo: getCanAuthenticateInternal Modality: 3 AuthenticatorStatus: 1
03-02 11:11:23.667  1621  4246 D AuthService: canAuthenticate, userId: 0, callingUserId: 0, authenticators: 33023, result: 0
03-02 11:11:23.673 17400 17400 I AuthModule$Fakeable: [main] Custom granular phase auth completed. Interval(startNanos=1772446283598000000ns, durationNanos=73000000ns)
03-02 11:11:23.680 17417 17690 W eddit.frontpage: ClassLoaderContext classpath size mismatch. expected=1, found=0 (DLC[];PCL[base.apk*1150104373]{PCL[/system/framework/org.apache.http.legacy.jar*4025584831]#PCL[/system/framework/com.android.location.provider.jar*3414091812]#PCL[/system/framework/com.android.media.remotedisplay.jar*2042759013]#PCL[/system_ext/framework/androidx.window.extensions.jar*3622430006]#PCL[/system_ext/framework/androidx.window.sidecar.jar*2958050178]} | DLC[];PCL[])
03-02 11:11:23.683  1621  1731 D ActivityManager: getProcessesInErrorState callingUid=10075, CallingPid=17378
03-02 11:11:23.684  1621  1918 E HyperSentinel: -------------------------------------------------------
03-02 11:11:23.685  1621  1918 E HyperSentinel: Event_ThreadAmount
03-02 11:11:23.685  1621  1918 E HyperSentinel: -> audit event by proc 17378 "com.instagram.barcelona": running threads amount, 0 -> 99
03-02 11:11:23.687 13839 13839 D nativeloader: Load /data/data/com.instagram.lite/lib-compressed/libbreakpad.so using class loader ns clns-7 (caller=/data/app/~~plM1wYri-X0O2Dyup_-7GQ==/com.instagram.lite-kFAotEKGbXEBaXpLnRlZRQ==/base.apk): ok
03-02 11:11:23.690 13515 17699 D vulkan  : searching for layers in '/data/app/~~Bh61wenJZi6JNVEuOkVQfQ==/com.softnation.Ojam-nnCVAdHxKfOmup5FCuBDYQ==/lib/arm64'
03-02 11:11:23.692 13515 17699 D vulkan  : searching for layers in '/data/app/~~Bh61wenJZi6JNVEuOkVQfQ==/com.softnation.Ojam-nnCVAdHxKfOmup5FCuBDYQ==/base.apk!/lib/arm64-v8a'
03-02 11:11:23.695 13839 17694 W lacrima : Start AnrAppDeathDetector... X.048
03-02 11:11:23.695 13839 17694 W lacrima : Cannot find registered detector
03-02 11:11:23.698  1621  1640 D AudioSystem: +setParameters(): gamebooster=false 
03-02 11:11:23.698  1621  1640 D AudioSystem: start get log level!
03-02 11:11:23.698   843  1378 D AudioALSAHardware: +setParameters(): gamebooster=false
03-02 11:11:23.699   843  1378 D AudioALSAHardware: -setParameters(): gamebooster=false
03-02 11:11:23.699   843  1378 E AHAL_Module: setVendorParameters: default: unrecognized parameter "gamebooster=false"
03-02 11:11:23.699   894  2683 E ConversionHelperAidl: Function: parseAndSetVendorParameters Line: 97 Failed 
03-02 11:11:23.700   843 20263 D AHAL_ModuleBluetooth: setVendorParameters: parameter count 1, async: 0
03-02 11:11:23.700   843 20263 D AHAL_ModuleBluetooth: setVendorParameters: gamebooster=false
03-02 11:11:23.715 17378 17393 W System  : A resource failed to call close. 
03-02 11:11:23.716  1621  1918 E HyperSentinel: -------------------------------------------------------
03-02 11:11:23.716  1621  1918 E HyperSentinel: Event_ThreadAmount
03-02 11:11:23.716  1621  1918 E HyperSentinel: -> audit event by proc 17400 "com.linkedin.android": running threads amount, 0 -> 50
03-02 11:11:23.719 17417 17690 W System  : ClassLoader referenced unknown path: 
03-02 11:11:23.720 17417 17690 D nativeloader: Configuring clns-8 for other apk . target_sdk_version=36, uses_libraries=, library_path=/data/app/~~PNgoFDHBmGdMmQt2moPCLQ==/com.google.android.gms-wSL8VlioUsna9-KnDrZN3A==/lib/arm64:/data/app/~~PNgoFDHBmGdMmQt2moPCLQ==/com.google.android.gms-wSL8VlioUsna9-KnDrZN3A==/base.apk!/lib/arm64-v8a, permitted_path=/data:/mnt/expand:/data/user/0/com.google.android.gms
03-02 11:11:23.721 13515 17699 D MMUD    : mtk_memory_debug_init com.softnation.Ojam 0xb400007c0895a5d0
03-02 11:11:23.728 13515 13515 D AppCompatDelegate: Checking for metadata for AppLocalesMetadataHolderService : Service not found
03-02 11:11:23.734  1621  1918 E HyperSentinel: -------------------------------------------------------
