03-02 11:11:21.017  1621  4246 D CoreBackPreview: Window{c144fe7 u0 Splash Screen com.softnation.Ojam}: Setting back callback OnBackInvokedCallbackInfo{mCallback=android.window.IOnBackInvokedCallback$Stub$Proxy@2419900, mPriority=0, mIsAnimationCallback=false}
03-02 11:11:21.024  1621  4430 D MiuiRefreshRatePolicy: reset
03-02 11:11:21.033  1621  4430 I AppsFilter: interaction: PackageSetting{131896e com.android.microdroid.empty_payload/10255} -> PackageSetting{da7452c com.softnation.Ojam/10337} BLOCKED
03-02 11:11:21.034  1621  4430 D WindowManager: Collecting in transition 10163: ActivityRecord{4300f93 u0 com.softnation.Ojam/.MainActivity t37035} init visibleRequested:false
03-02 11:11:21.034  1621  4430 D WindowManager: Collecting in transition 10163: ActivityRecord{6d71709 u0 com.google.android.googlequicksearchbox/com.google.android.apps.search.assistant.surfaces.voice.robin.ui.floaty.activity.FloatyActivity t37027} init visibleRequested:true
03-02 11:11:21.035  1621  4430 D WindowManager: Collecting in transition 10163: ActivityRecord{9880759 u0 com.miui.home/.launcher.Launcher t2} init visibleRequested:true
03-02 11:11:21.035  1621  4430 D WindowManager: Collecting in transition 10163: Window{7986e4c u0 com.miui.miwallpaper.wallpaperservice.MiuiKeyguardPictorialWallpaper} init visibleRequested:true
03-02 11:11:21.035  1621  4430 D WindowManager: Collecting in transition 10163: Window{92602d4 u0 com.miui.miwallpaper.wallpaperservice.ImageWallpaper} init visibleRequested:true
03-02 11:11:21.036  1621  4430 D MiuiRefreshRatePolicy: reset
03-02 11:11:21.041  1621  1651 D WindowManager: wms.Focus not requested for window=Window{6009493 u0 com.google.android.googlequicksearchbox/com.google.android.apps.search.assistant.surfaces.voice.robin.ui.floaty.activity.FloatyActivity} because it has no surface or is not focusable.
03-02 11:11:21.042  2363  2477 D SoScUtils: monitorTransitionFinished transition:android.os.BinderProxy@7a260e4 transaction: android.view.SurfaceControl$Transaction@877a16c mRequestCloseTransition:null mRequestOpenTransition:null mRequestOpenTransitionWithSameTask size:0 mPairsOpenTransition:null mPairsOpenTransitionNull:null mRequestOpenTriggerTask:-1 mRequestCloseTriggerTask:-1 mOrientationTransition: null mMainStartingTask:-1 mSideStartingTask:-1
03-02 11:11:21.051  1621  1666 I SmartPower: com.milink.service:audio/10190(19603): idle->background(140896ms) R(broadcast start Intent { act=android.intent.action.PACKAGE_RESTARTED dat=package: flg=0x4000010 (has extras) }) adj=250.
03-02 11:11:21.052 17400 17421 D MiuiDownscaleImpl: set override inverted scale : 1.0
03-02 11:11:21.053  1621  1638 D WindowManager: Finish Transition (#10162): created at 03-02 11:11:20.344 collect-started=0.42ms request-sent=1.532ms started=23.893ms ready=23.857ms sent=361.121ms finished=705.438ms
03-02 11:11:21.057  1621  2655 W ActivityManager: pid 1621 system sent binder code 7 with flags 1 to frozen apps and got error -32
03-02 11:11:21.058  1621  2655 W WindowManager: Exception thrown during dispatchAppVisibility Window{8efc867 u0 com.softnation.Ojam/com.softnation.Ojam.MainActivity EXITING}
03-02 11:11:21.058  1621  2655 W WindowManager: android.os.DeadObjectException
03-02 11:11:21.058  1621  2655 W WindowManager: 	at android.os.BinderProxy.transactNative(Native Method)
03-02 11:11:21.058  1621  2655 W WindowManager: 	at android.os.BinderProxy.transact(BinderProxy.java:682)
03-02 11:11:21.058  1621  2655 W WindowManager: 	at android.view.IWindow$Stub$Proxy.dispatchAppVisibility(IWindow.java:655)
03-02 11:11:21.058  1621  2655 W WindowManager: 	at com.android.server.wm.WindowState.sendAppVisibilityToClients(WindowState.java:3529)
03-02 11:11:21.058  1621  2655 W WindowManager: 	at com.android.server.wm.WindowContainer.sendAppVisibilityToClients(WindowContainer.java:1387)
03-02 11:11:21.058  1621  2655 W WindowManager: 	at com.android.server.wm.WindowToken.setClientVisible(WindowToken.java:423)
03-02 11:11:21.058  1621  2655 W WindowManager: 	at com.android.server.wm.ActivityRecord.setClientVisible(ActivityRecord.java:8426)
03-02 11:11:21.058  1621  2655 W WindowManager: 	at com.android.server.wm.ActivityRecord.postApplyAnimation(ActivityRecord.java:6989)
03-02 11:11:21.058  1621  2655 W WindowManager: 	at com.android.server.wm.ActivityRecord.commitVisibility(ActivityRecord.java:6931)
03-02 11:11:21.058  1621  2655 W WindowManager: 	at com.android.server.wm.Transition.finishTransition(Transition.java:1589)
03-02 11:11:21.058  1621  2655 W WindowManager: 	at com.android.server.wm.TransitionController.finishTransition(TransitionController.java:1153)
03-02 11:11:21.058  1621  2655 W WindowManager: 	at com.android.server.wm.WindowOrganizerController.finishTransition(WindowOrganizerController.java:578)
03-02 11:11:21.058  1621  2655 W WindowManager: 	at android.window.IWindowOrganizerController$Stub.onTransact(IWindowOrganizerController.java:324)
03-02 11:11:21.058  1621  2655 W WindowManager: 	at com.android.server.wm.WindowOrganizerController.onTransact(WindowOrganizerController.java:234)
03-02 11:11:21.058  1621  2655 W WindowManager: 	at android.os.Binder.execTransactInternal(Binder.java:1507)
03-02 11:11:21.058  1621  2655 W WindowManager: 	at android.os.Binder.execTransact(Binder.java:1451)
03-02 11:11:21.063  1621  2655 I Transition: finishTransition: updateLastSurfacePosition tf=Task{3423944 #37034 type=standard A=10337:com.softnation.Ojam}
03-02 11:11:21.069  1621  2655 I Transition: finishTransition: updateLastSurfacePosition tf=Task{ba1f32f #37027 type=standard I=com.google.android.googlequicksearchbox/com.google.android.apps.search.assistant.surfaces.voice.robin.ui.floaty.activity.FloatyActivity}
03-02 11:11:21.070  1621  2655 W WindowManager: Changing focus from Window{6009493 u0 com.google.android.googlequicksearchbox/com.google.android.apps.search.assistant.surfaces.voice.robin.ui.floaty.activity.FloatyActivity} to null displayId=0 Callers=com.android.server.wm.RootWindowContainer.updateFocusedWindowLocked:602 com.android.server.wm.WindowManagerService.updateFocusedWindowLocked:7168 com.android.server.wm.WindowState.setupWindowForRemoveOnExit:2741 com.android.server.wm.WindowState.removeIfPossible:2703 
03-02 11:11:21.085  1621  2655 D WindowManager: wms.Input focus has changed to null display=0 updateInputWindows = false
03-02 11:11:21.085  1621  2655 I MultiSenceManagerInternalStub: getInstance
03-02 11:11:21.086  1621  2655 D MiuiRefreshRatePolicy: reset
03-02 11:11:21.089  1621  2655 I PowerManagerServiceImpl: Release wakelock: SCREEN_BRIGHT_WAKE_LOCK           'WindowManager/displayId:0' ON_AFTER_RELEASE DISABLED ACQ=-4m31s429ms (uid=1000 pid=1621 pkg=android ws=WorkSource{10337 com.softnation.Ojam})
03-02 11:11:21.092  1621  2655 D WindowManager: Collecting in transition 10163: ActivityRecord{358b7d6 u0 com.softnation.Ojam/.MainActivity t37034 f}} init visibleRequested:false
03-02 11:11:21.094  1621  2655 D WindowManager: setParent old=ActivityRecord{358b7d6 u0 com.softnation.Ojam/.MainActivity t37034 f} isExiting},new=null,this window=Window{8efc867 u0 com.softnation.Ojam/com.softnation.Ojam.MainActivity EXITING},callers=com.android.server.wm.WindowContainer.removeChild:897 com.android.server.wm.ActivityRecord.removeChild:5518 com.android.server.wm.ActivityRecord.removeChild:505 com.android.server.wm.WindowContainer.removeImmediately:967 com.android.server.wm.WindowState.removeImmediately:2526 com.android.server.wm.WindowContainer.removeImmediately:931 
03-02 11:11:21.096  1621  2655 D MiuiRefreshRatePolicy: reset
03-02 11:11:21.097  1621  2655 D WindowManager: setParent old=Task{3423944 #37034 type=standard A=10337:com.softnation.Ojam},new=null,this window=ActivityRecord{358b7d6 u0 com.softnation.Ojam/.MainActivity t37034 f} isExiting},callers=com.android.server.wm.WindowContainer.removeChild:897 com.android.server.wm.TaskFragment.removeChild:3337 com.android.server.wm.Task.removeChild:1929 com.android.server.wm.Task.removeChild:1908 com.android.server.wm.WindowContainer.removeImmediately:967 com.android.server.wm.WindowToken.removeImmediately:374 
03-02 11:11:21.106  1621  2655 D WindowManager: setParent old=DefaultTaskDisplayArea@262819365,new=null,this window=Task{3423944 #37034 type=standard A=10337:com.softnation.Ojam},callers=com.android.server.wm.WindowContainer.removeChild:897 com.android.server.wm.TaskDisplayArea.removeChildTask:360 com.android.server.wm.TaskDisplayArea.removeChild:351 com.android.server.wm.WindowContainer.removeImmediately:967 com.android.server.wm.TaskFragment.removeImmediately:3417 com.android.server.wm.Task.removeImmediately:3408 
03-02 11:11:21.107  1621  2655 D MiuiMultiWindowUtils: DeviceLevel.IS_MIUI_LITE_VERSION 2.0 not support miui multiWindowtides
03-02 11:11:21.107  1621  2655 D MiuiMultiWindowUtils: DeviceLevel.IS_MIUI_LITE_VERSION 2.0 not support miui multiWindowtides
03-02 11:11:21.108  2363  2477 I RemoteTransitionHandlerStubImpl: invokeAndRemoveWctCB transition is null, curWctCB: null
03-02 11:11:21.108  1621  1651 I ActivityTaskManager: visible for Task{27e6aff #2 type=home I=com.miui.home/.launcher.Launcher} visible = true isAnimating = false TRANSITION = false PARENTS = false CHILDREN = false
03-02 11:11:21.108  1621  1651 I ActivityTaskManager: visible for Task{d151cdd #1 type=home} visible = true isAnimating = false TRANSITION = false PARENTS = false CHILDREN = false
03-02 11:11:21.108  2363  2477 I MultiTaskingTaskRepository: no MULTI_WINDOW, but base activity is null
03-02 11:11:21.108  1621  1651 I ActivityTaskManager: visible for Task{ba1f32f #37027 type=standard I=com.google.android.googlequicksearchbox/com.google.android.apps.search.assistant.surfaces.voice.robin.ui.floaty.activity.FloatyActivity} visible = true isAnimating = false TRANSITION = false PARENTS = false CHILDREN = false
03-02 11:11:21.112  1621  1651 W ActivityTaskManager: Can't find TaskDisplayArea to determine support for multi window. Task id=37034 attached=false
03-02 11:11:21.113  1621  1651 D MiuiRefreshRatePolicy: reset
03-02 11:11:21.113  2363  2477 D MulWinSwitchDecorViewModel: destroyWindowDecoration: taskId=37034 windowingMode=1 mWindowDecorByTaskId.size()=0 callers=com.android.wm.shell.fullscreen.FullscreenTaskListener.onTaskVanished:104 com.android.wm.shell.ShellTaskOrganizer.onTaskVanished:128 android.window.TaskOrganizer$1.lambda$onTaskVanished$6:317 android.window.TaskOrganizer$1.$r8$lambda$8ODi_1s42Z5SmyxWXsgMLDG64pA:0 android.window.TaskOrganizer$1$$ExternalSyntheticLambda0.run:0 
03-02 11:11:21.114  2363  2477 D MulWinSwitchDecorViewModel: handleEventReceiverIfMultiWinSwitchIsUnsupported: removeEventReceiver, callers=com.android.wm.shell.multitasking.miuimultiwinswitch.miuiwindowdecor.MulWinSwitchDecorViewModel.destroyWindowDecoration:82 com.android.wm.shell.fullscreen.FullscreenTaskListener.onTaskVanished:104 com.android.wm.shell.ShellTaskOrganizer.onTaskVanished:128 android.window.TaskOrganizer$1.lambda$onTaskVanished$6:317 android.window.TaskOrganizer$1.$r8$lambda$8ODi_1s42Z5SmyxWXsgMLDG64pA:0 
03-02 11:11:21.114  2363  2477 D MultiTaskingTaskRepository: onTaskVanished: taskInfo.taskId: 37034 current mMultiTaskingTaskInfoList: { ,37034 ,37027 ,37019 ,36980 ,36770 ,36289 ,5 ,4 }
03-02 11:11:21.114  2363  2477 D MultiTaskingTaskRepository: removeFullscreenTask taskId=37034
03-02 11:11:21.114  2363  2477 D MiuiFreeformModeCornerTipHandler: task#37034 onTaskVanished
03-02 11:11:21.114  2363  2477 I MiuiBubbleController: removeBubble: 37034 reason=2
03-02 11:11:21.115  2363  2477 I MultiTaskingTaskInfo: before call clearMaskControl task id = 37034, CoverLayerController = null, callers=com.android.wm.shell.multitasking.taskmanager.MultiTaskingTaskListener.onTaskVanished:148 com.android.wm.shell.ShellTaskOrganizer.onTaskVanished:141 android.window.TaskOrganizer$1.lambda$onTaskVanished$6:317 android.window.TaskOrganizer$1.$r8$lambda$8ODi_1s42Z5SmyxWXsgMLDG64pA:0 android.window.TaskOrganizer$1$$ExternalSyntheticLambda0.run:0 
03-02 11:11:21.115  2363  2477 I MultiTaskingTaskRepository: onTaskVanish multi list = [5, 4], full = [37027, 37019, 36980]
03-02 11:11:21.118  1621  2655 I ATMSImpl: cacheTasksForDefaultDisplay size=5
03-02 11:11:21.119  1621  1651 D MiuiRefreshRatePolicy: reset
03-02 11:11:21.120  1621  1651 D PreStartingManager: Not init when use PreStartingManager!
03-02 11:11:21.120  1621  1651 D WindowManager: Set transition=TransitionRecord{cf4bc82 id=10163 type=OPEN flags=0x0}, ready=true, SyncId=10163 
03-02 11:11:21.121  1621  1651 I SmartPower: com.softnation.Ojam/10337(0): died->visible(798ms) R(become visible) adj=-10000.
03-02 11:11:21.121  1621  1651 I WindowManager: wms.showSurfaceRobustly mWin:Window{c144fe7 u0 Splash Screen com.softnation.Ojam}
03-02 11:11:21.122  1621  1651 D WindowManager: Final targets: [Task{5f6e7c9 #37035 type=standard A=10337:com.softnation.Ojam}, Task{ba1f32f #37027 type=standard I=com.google.android.googlequicksearchbox/com.google.android.apps.search.assistant.surfaces.voice.robin.ui.floaty.activity.FloatyActivity}, Task{d151cdd #1 type=home}]
03-02 11:11:21.133  2363  2477 I MultiTaskingTaskRepository: needSkip: is home task
03-02 11:11:21.133  2363  2477 W MultiTaskingTaskRepository: onToBackTransitionReady putOrUpdateTaskInfo skip
03-02 11:11:21.133  2363  2477 D MultiTaskingTaskRepository: addOrMoveFullscreenTaskToTop taskId=37035
03-02 11:11:21.134  2363  2477 D MultiTaskingTaskRepository: putOrUpdateTaskInfo: taskInfo.taskId: 37035 current mMultiTaskingTaskInfoList:  ,37027 ,37019 ,36980 ,36770 ,36289 ,5 ,4
03-02 11:11:21.134  2363  2477 D MultiTaskingTaskRepository: java.lang.Throwable
03-02 11:11:21.134  2363  2477 D MultiTaskingTaskRepository: 	at com.android.wm.shell.multitasking.taskmanager.MultiTaskingTaskRepository.updateMultiTaskingTaskInfo(go/retraceme 5c05439c20823397c9aaa04c8ad244598257e2a7e5bd06f03af131ffaee2a4a9:82)
03-02 11:11:21.134  2363  2477 D MultiTaskingTaskRepository: 	at com.android.wm.shell.multitasking.taskmanager.MultiTaskingTaskRepository.putOrUpdateTaskInfo(go/retraceme 5c05439c20823397c9aaa04c8ad244598257e2a7e5bd06f03af131ffaee2a4a9:41)
03-02 11:11:21.134  2363  2477 D MultiTaskingTaskRepository: 	at com.android.wm.shell.multitasking.taskmanager.MultiTaskingTransitionObserver.onTransitionReady(go/retraceme 5c05439c20823397c9aaa04c8ad244598257e2a7e5bd06f03af131ffaee2a4a9:166)
03-02 11:11:21.134  2363  2477 D MultiTaskingTaskRepository: 	at com.android.wm.shell.transition.Transitions.dispatchReady(go/retraceme 5c05439c20823397c9aaa04c8ad244598257e2a7e5bd06f03af131ffaee2a4a9:169)
03-02 11:11:21.134  2363  2477 D MultiTaskingTaskRepository: 	at com.android.wm.shell.transition.Transitions.onTransitionReady(go/retraceme 5c05439c20823397c9aaa04c8ad244598257e2a7e5bd06f03af131ffaee2a4a9:248)
03-02 11:11:21.134  2363  2477 D MultiTaskingTaskRepository: 	at com.android.wm.shell.transition.Transitions$TransitionPlayerImpl$$ExternalSyntheticLambda1.run(go/retraceme 5c05439c20823397c9aaa04c8ad244598257e2a7e5bd06f03af131ffaee2a4a9:47)
03-02 11:11:21.134  2363  2477 D MultiTaskingTaskRepository: 	at android.os.Handler.handleCallback(Handler.java:959)
03-02 11:11:21.134  2363  2477 D MultiTaskingTaskRepository: 	at android.os.Handler.dispatchMessage(Handler.java:100)
03-02 11:11:21.134  2363  2477 D MultiTaskingTaskRepository: 	at android.os.Looper.loopOnce(Looper.java:249)
03-02 11:11:21.134  2363  2477 D MultiTaskingTaskRepository: 	at android.os.Looper.loop(Looper.java:337)
03-02 11:11:21.134  2363  2477 D MultiTaskingTaskRepository: 	at android.os.HandlerThread.run(HandlerThread.java:85)
03-02 11:11:21.134  2363  2477 D MultiTaskingTaskInfo: initFolmeControl::task id = 37035, mBounds = Rect(0, 0 - 1080, 2460)
03-02 11:11:21.135  2363  2477 E TaskViewTransitions: Found a launching TaskView in the wrong transition. All TaskView launches should be initiated by shell and in their own transition: 37035
03-02 11:11:21.136  2363  2477 E KeyguardTransitionHandlerImpl: activityCount = 0
03-02 11:11:21.136  2363  2477 E KeyguardTransitionHandlerImpl: activityCount = 0
03-02 11:11:21.136  2363  2477 D MiuiFreeformModeAnimation: startAnimation change: {WCT{android.window.IWindowContainerToken$Stub$Proxy@1b58e17} m=OPEN f=NONE leash=Surface(name=Task=37035#133938)/@0xfe0993b sb=Rect(0, 0 - 1080, 2460) eb=Rect(0, 0 - 1080, 2460) d=0 taskParent=-1} info.getType(): 1
03-02 11:11:21.136  2363  2477 D MiuiFreeformModeAnimation: startAnimation change: {WCT{android.window.IWindowContainerToken$Stub$Proxy@862b204} m=TO_BACK f=TRANSLUCENT leash=Surface(name=Task=37027#133407)/@0xff36858 sb=Rect(0, 0 - 1080, 2460) eb=Rect(0, 0 - 1080, 2460) d=0 taskParent=-1} info.getType(): 1
03-02 11:11:21.136  2363  2477 D MiuiFreeformModeAnimation: startAnimation change: {WCT{android.window.IWindowContainerToken$Stub$Proxy@75b33ed} m=TO_BACK f=SHOW_WALLPAPER leash=Surface(name=Task=1#47)/@0x7e6db1 sb=Rect(0, 0 - 1080, 2460) eb=Rect(0, 0 - 1080, 2460) d=0 taskParent=-1} info.getType(): 1
03-02 11:11:21.137  2363  2477 D SoScStageCoordinator: inCloseTransition:false pairsStartedWithCloseTransition:false isRequestCloseTriggerTask:false inSingleSoScState:false inSoScUnactivie:true closeStage:null
03-02 11:11:21.139  2363  2477 D TransitionAnimationHelper:  load default animation  type = 1 enter = false animAttr = 19 isTask = true translucent = false
03-02 11:11:21.141  1621  1651 D WindowManager: snapshot isNothing = false source = Task{ba1f32f #37027 type=standard I=com.google.android.googlequicksearchbox/com.google.android.apps.search.assistant.surfaces.voice.robin.ui.floaty.activity.FloatyActivity}
03-02 11:11:21.144  2363  2477 D TransitionAnimationHelper:  load default animation  type = 1 enter = false animAttr = 19 isTask = true translucent = false
03-02 11:11:21.145  2363  2477 D TransitionAnimationHelper:  load default animation  type = 1 enter = true animAttr = 18 isTask = true translucent = false
03-02 11:11:21.148  1621  1651 D MiuiRefreshRatePolicy: reset
03-02 11:11:21.148  2363  2540 D ShellTransitions: speed ui!!!!!!!!!!!
03-02 11:11:21.150  2363  2477 D MulWinSwitchDecorViewModel: handleEventReceiverIfMultiWinSwitchIsUnsupported: removeEventReceiver, callers=com.android.wm.shell.multitasking.miuimultiwinswitch.miuiwindowdecor.MulWinSwitchDecorViewModel.onTaskOpening:7 com.android.wm.shell.fullscreen.FullscreenTaskListener.onTaskAppeared:97 com.android.wm.shell.ShellTaskOrganizer.onTaskAppeared:9 com.android.wm.shell.ShellTaskOrganizer.onTaskAppeared:3 android.window.TaskOrganizer$1.lambda$onTaskAppeared$5:312 
03-02 11:11:21.151  2363  2477 D MultiTaskingTaskRepository: addOrMoveFullscreenTaskToTop taskId=37035
03-02 11:11:21.152  1621  4238 I ATMSImpl: cacheTasksForDefaultDisplay size=5
03-02 11:11:21.154  1621  1651 I ActivityTaskManager: visible for Task{27e6aff #2 type=home I=com.miui.home/.launcher.Launcher} visible = true isAnimating = false TRANSITION = false PARENTS = false CHILDREN = false
03-02 11:11:21.155  1621  4238 W UserManagerService: Requested status bar icon for non-badged user 0
03-02 11:11:21.160  1621  4246 I SmartPower: com.reddit.frontpage/10329(17417): died->background(663540ms) R(process start ) adj=-10000.
03-02 11:11:21.167  1621  2655 W UserManagerService: Requested status bar icon for non-badged user 0
03-02 11:11:21.170  1621  1651 I ActivityTaskManager: visible for Task{27e6aff #2 type=home I=com.miui.home/.launcher.Launcher} visible = true isAnimating = false TRANSITION = false PARENTS = false CHILDREN = false
03-02 11:11:21.171  1621  2655 W UserManagerService: Requested status bar icon for non-badged user 0
03-02 11:11:21.177  1621  2655 W UserManagerService: Requested status bar icon for non-badged user 0
03-02 11:11:21.182 17417 17439 D MiuiDownscaleImpl: set override inverted scale : 1.0
03-02 11:11:21.205  1621  1667 W ActivityManager: Slow operation: 52ms so far, now at startProcess: done updating battery stats
03-02 11:11:21.211  1621  1667 W ActivityManager: Slow operation: 58ms so far, now at startProcess: building log message
03-02 11:11:21.211  1621  1667 I ActivityManager: Start proc 13515:com.softnation.Ojam/u0a337 for next-top-activity {com.softnation.Ojam/com.softnation.Ojam.MainActivity} caller=com.android.shell
03-02 11:11:21.212  1621  1667 W ActivityManager: Slow operation: 59ms so far, now at startProcess: starting to update pids map
03-02 11:11:21.213  1621  1667 W ActivityManager: Slow operation: 60ms so far, now at startProcess: done updating pids map
03-02 11:11:21.221  1621  4246 I ATMSImpl: cacheTasksForDefaultDisplay size=5
03-02 11:11:21.257  1621  1648 D Aurogon :  uid = 10166 switch to BG
03-02 11:11:21.258  1621  1894 D Aurogon :  onForegroundActivitiesChanged packageName = com.miui.home
03-02 11:11:21.272  1621  5247 I ATMSImpl: cacheTasksForDefaultDisplay size=5
03-02 11:11:21.287  1621  5247 I ATMSImpl: cacheTasksForDefaultDisplay size=5
03-02 11:11:21.486  1621  1648 D Aurogon :  uid = 10337 switch to FG
03-02 11:11:21.487  1621  5247 W MiuiBoosterUtils: enable_miuibooster_launch : false
03-02 11:11:21.491  1621  1894 D isUidValid: uid = 10337
03-02 11:11:21.504 13515 17458 D MiuiDownscaleImpl: set override inverted scale : 1.0
03-02 11:11:21.572  1621  1907 D ProcessManager: real remove inactive uid : 10337 flag : 1
03-02 11:11:21.667 17400 17400 I ActivityThread: TrafficStats init done
03-02 11:11:21.669 17417 17417 I ActivityThread: TrafficStats init done
03-02 11:11:21.678 17400 17400 D ActivityThread: useGrowthLimitOutExpendMethod invoke error.
03-02 11:11:21.678 17417 17417 D ActivityThread: useGrowthLimitOutExpendMethod invoke error.
03-02 11:11:21.684  1621  4238 D ForceDarkAppConfigProvider: cloudConfigVersion: -1   localConfigVersion:20250515
03-02 11:11:21.685  1621  4238 I UiModeManager: systemserver package:com.linkedin.android null
03-02 11:11:21.685  1621  4238 D ForceDarkAppConfigProvider: cloudConfigVersion: -1   localConfigVersion:20250515
03-02 11:11:21.685  1621  4238 I UiModeManager: systemserver package:com.reddit.frontpage null
03-02 11:11:21.686 17378 17378 I ActivityThread: TrafficStats init done
03-02 11:11:21.698 17378 17378 D ActivityThread: useGrowthLimitOutExpendMethod invoke error.
03-02 11:11:21.702  2363  2477 D SoScUtils: monitorTransitionFinished transition:android.os.BinderProxy@b52abd4 transaction: android.view.SurfaceControl$Transaction@3ac5759 mRequestCloseTransition:null mRequestOpenTransition:null mRequestOpenTransitionWithSameTask size:0 mPairsOpenTransition:null mPairsOpenTransitionNull:null mRequestOpenTriggerTask:-1 mRequestCloseTriggerTask:-1 mOrientationTransition: null mMainStartingTask:-1 mSideStartingTask:-1
03-02 11:11:21.704  1621  5247 D ForceDarkAppConfigProvider: cloudConfigVersion: -1   localConfigVersion:20250515
03-02 11:11:21.704  1621  5247 I UiModeManager: systemserver package:com.instagram.barcelona null
03-02 11:11:21.712  1621  1638 D WindowManager: Finish Transition (#10163): created at 03-02 11:11:20.937 collect-started=0.069ms request-sent=36.331ms started=69.757ms ready=183.019ms sent=188.406ms finished=768.919ms
03-02 11:11:21.718 17400 17400 I ActivityThread: Miui Feature Init done
03-02 11:11:21.718  1621  4238 I Transition: finishTransition: updateLastSurfacePosition tf=Task{5f6e7c9 #37035 type=standard A=10337:com.softnation.Ojam}
03-02 11:11:21.724  1621  1651 I ActivityTaskManager: visible for Task{5f6e7c9 #37035 type=standard A=10337:com.softnation.Ojam} visible = true isAnimating = false TRANSITION = false PARENTS = false CHILDREN = false
03-02 11:11:21.725  2363  2477 I RemoteTransitionHandlerStubImpl: invokeAndRemoveWctCB transition is null, curWctCB: null
03-02 11:11:21.737  1621  4238 D MiuiRefreshRatePolicy: reset
03-02 11:11:21.742 17417 17417 I ActivityThread: Miui Feature Init done
03-02 11:11:21.746  2363  2477 D MiuiFreeformModeCornerTipHandler: task#37027 onTaskVanished
03-02 11:11:21.746  2363  2477 I MiuiBubbleController: removeBubble: 37027 reason=2
03-02 11:11:21.746  2363  2477 I MultiTaskingTaskInfo: before call clearMaskControl task id = 37027, CoverLayerController = null, callers=com.android.wm.shell.multitasking.taskmanager.MultiTaskingTaskListener.onTaskInfoChanged:268 com.android.wm.shell.ShellTaskOrganizer.onTaskInfoChanged:145 android.window.TaskOrganizer$1.lambda$onTaskInfoChanged$7:322 android.window.TaskOrganizer$1.$r8$lambda$WEHIPeFifg1My6LbK9dElRxchX4:0 android.window.TaskOrganizer$1$$ExternalSyntheticLambda7.run:0 
03-02 11:11:21.746  2363  2477 I MultiTaskingTaskRepository: onTaskInfoChanged multi list = [5, 4], full = [37035, 37027, 37019, 36980]
03-02 11:11:21.748  1621  1651 D MiuiRefreshRatePolicy: reset
03-02 11:11:21.750  1621  5247 W UserManagerService: Requested status bar icon for non-badged user 0
03-02 11:11:21.751  1621  1651 I ActivityTaskManager: visible for Task{5f6e7c9 #37035 type=standard A=10337:com.softnation.Ojam} visible = true isAnimating = false TRANSITION = false PARENTS = false CHILDREN = false
03-02 11:11:21.750  2363  2477 I MultiTaskingTaskRepository: needSkip: is home task
03-02 11:11:21.757  1621  4246 I SmartPower: com.mi.globalminusscreen/10162(11917): visible->invisible(1387ms) R(become invisible) adj=100.
03-02 11:11:21.758  1621  4246 I SmartPower: com.mi.globalminusscreen/10162(11917): invisible->background(1ms) R(become background) adj=100.
03-02 11:11:21.758  1621  4246 I SmartPower: com.google.android.googlequicksearchbox:search/10165(13966): visible->invisible(1065ms) R(become invisible) adj=0.
03-02 11:11:21.759  1621  4246 I SmartPower: com.miui.home/10166(1999): visible->invisible(1068ms) R(become invisible) adj=100.
03-02 11:11:21.759  1621  4246 I SmartPower: com.miui.home/10166(1999): invisible->background(1ms) R(become background) adj=100.
03-02 11:11:21.762  1621  1922 I SmartPower: com.google.android.adservices.api/10261(5464): idle->background(274201ms) R(add to whitelist) adj=0.
03-02 11:11:21.764  1621  1922 I SmartPower: com.google.android.webview:sandboxed_process0:org.chromium.content.app.SandboxedPridle->background(285472ms) R(add to whitelist) adj=100.
03-02 11:11:21.767  1621  4246 D MiuiRefreshRatePolicy: reset
03-02 11:11:21.776  1621  4238 I SmartPower: com.google.android.googlequicksearchbox:googleapp/10165(14013): visible->invisible(1398ms) R(become invisible) adj=100.
03-02 11:11:21.777  1621  4238 I SmartPower: com.google.android.googlequicksearchbox:search/10165(13966): invisible->background(19ms) R(become background) adj=0.
03-02 11:11:21.777  1621  4238 I SmartPower: com.google.android.googlequicksearchbox:googleapp/10165(14013): invisible->background(1ms) R(become background) adj=100.
03-02 11:11:21.778  1621  4238 I SmartPower: com.google.android.googlequicksearchbox:interactor/10165(5969): invisible->background(1418ms) R(become background) adj=100.
03-02 11:11:21.781  1621  4238 D MiuiRefreshRatePolicy: reset
03-02 11:11:21.788 17378 17378 I ActivityThread: Miui Feature Init done
03-02 11:11:21.788  1621  5247 D MiuiRefreshRatePolicy: reset
03-02 11:11:21.791  1621  4238 W UserManagerService: Requested status bar icon for non-badged user 0
03-02 11:11:21.791  1621  1731 I ATMSImpl: cacheTasksForDefaultDisplay size=5
03-02 11:11:21.792  1621  1651 I ActivityTaskManager: visible for Task{5f6e7c9 #37035 type=standard A=10337:com.softnation.Ojam} visible = true isAnimating = false TRANSITION = false PARENTS = false CHILDREN = false
03-02 11:11:21.803  1621  1651 D MiuiRefreshRatePolicy: reset
03-02 11:11:21.808  1621  4246 I ATMSImpl: cacheTasksForDefaultDisplay size=5
03-02 11:11:21.809  1621  4246 W UserManagerService: Requested status bar icon for non-badged user 0
03-02 11:11:21.813  1621  1651 I ActivityTaskManager: visible for Task{5f6e7c9 #37035 type=standard A=10337:com.softnation.Ojam} visible = true isAnimating = false TRANSITION = false PARENTS = false CHILDREN = false
03-02 11:11:21.817  1621  4246 I ATMSImpl: cacheTasksForDefaultDisplay size=5
03-02 11:11:21.826  1621  1731 W UserManagerService: Requested status bar icon for non-badged user 0
03-02 11:11:21.826  1621  1651 I ActivityTaskManager: visible for Task{5f6e7c9 #37035 type=standard A=10337:com.softnation.Ojam} visible = true isAnimating = false TRANSITION = false PARENTS = false CHILDREN = false
03-02 11:11:21.826  1621  1917 D MiuiSentinelService: begin judgment FdAmountLeakException
03-02 11:11:21.834  1621  4246 I ATMSImpl: cacheTasksForDefaultDisplay size=5
03-02 11:11:22.601  1621  2315 D SystemPressureControl: thermal temperature 41
03-02 11:11:22.675  1621  4246 D ActivityManager: getProcessesInErrorState callingUid=10075, CallingPid=17378
03-02 11:11:22.757 13515 13515 I ActivityThread: TrafficStats init done
03-02 11:11:22.761  1621  1731 D ForceDarkAppConfigProvider: cloudConfigVersion: -1   localConfigVersion:20250515
03-02 11:11:22.761  1621  1731 I UiModeManager: systemserver package:com.softnation.Ojam null
03-02 11:11:22.770 13515 13515 I ActivityThread: Miui Feature Init done
03-02 11:11:22.926  1621  1731 D Aurogon :  packageName = com.google.android.gms isAllowWakeUpList 
03-02 11:11:22.928  1621  1731 D Aurogon :  packageName = com.google.android.gms isAllowWakeUpList 
03-02 11:11:22.932   589 12889 I keystore2: system/security/keystore2/src/security_level.rs:227 - entry create_operation
03-02 11:11:22.932   589 12889 I keystore2: system/security/keystore2/src/security_level.rs:232 - key: domain:r#KEY_ID, nspace:3510784752711770858, alias:None, blob:None
03-02 11:11:22.933   589 12889 I keystore2: system/security/keystore2/src/security_level.rs:882 - entry upgrade_keyblob_if_required_with
03-02 11:11:22.933   589 12889 I keystore2: system/security/keystore2/src/security_level.rs:347 - In KeystoreSecurityLevel::create_operation: calling begin
03-02 11:11:22.935   589 12889 I keystore2: system/security/keystore2/src/security_level.rs:381 - upgraded_blob: None
03-02 11:11:22.939 17417 17417 W Looper  : PerfMonitor longMsg : seq=2 plan=11:11:21.182 late=34ms wall=1722ms h=android.app.ActivityThread$H w=110 procState=-1
03-02 11:11:22.941  1621  1746 W JobServiceContext: Sending onNetworkChanged for a job that isn't started. JobStatus{69d4a58 androidx.work.systemjobscheduler:u0a329/50958 @androidx.work.systemjobscheduler@com.reddit.frontpage/androidx.work.impl.background.systemjob.SystemJobService u=0 s=10329 TIME=-2m16s634ms:none NET READY}
03-02 11:11:22.972   589 12889 I keystore2: system/security/keystore2/src/security_level.rs:227 - entry create_operation
03-02 11:11:22.972   589 12889 I keystore2: system/security/keystore2/src/security_level.rs:232 - key: domain:r#KEY_ID, nspace:2426463441517343157, alias:None, blob:None
03-02 11:11:22.973   589 12889 I keystore2: system/security/keystore2/src/security_level.rs:882 - entry upgrade_keyblob_if_required_with
03-02 11:11:22.974   589 12889 I keystore2: system/security/keystore2/src/security_level.rs:347 - In KeystoreSecurityLevel::create_operation: calling begin
03-02 11:11:22.975   589 12889 I keystore2: system/security/keystore2/src/security_level.rs:381 - upgraded_blob: None
03-02 11:11:22.978  1621  4238 D Aurogon :  packageName = com.google.android.gms isAllowWakeUpList 
03-02 11:11:22.995  1621  1746 E JobScheduler.Background: Couldn't determine stopped state for unknown package: com.google.android.apps.turbo
03-02 11:11:22.995  1621  1746 E JobScheduler.Background: Couldn't determine stopped state for unknown package: com.google.android.apps.turbo
03-02 11:11:22.995  1621  1746 E JobScheduler.Background: Couldn't determine stopped state for unknown package: com.google.android.apps.turbo
03-02 11:11:22.995  1621  1746 E JobScheduler.Background: Couldn't determine stopped state for unknown package: com.google.android.apps.turbo
03-02 11:11:22.995  1621  1746 E JobScheduler.Background: Couldn't determine stopped state for unknown package: com.google.android.apps.turbo
03-02 11:11:23.003  1621  1666 D CompatChangeReporter: Compat change id reported: 151861875; UID 10383; state: ENABLED
03-02 11:11:23.005 17417 17417 D FramePredict: FramePredict init: true
03-02 11:11:23.014  1621  1667 I ActivityManager: Start proc 13839:com.instagram.lite/u0a383 for broadcast {com.instagram.lite/com.google.firebase.iid.FirebaseInstanceIdReceiver} caller=com.google.android.gms
03-02 11:11:23.036   589 12889 I keystore2: system/security/keystore2/src/security_level.rs:227 - entry create_operation
03-02 11:11:23.037   589 12889 I keystore2: system/security/keystore2/src/security_level.rs:232 - key: domain:r#KEY_ID, nspace:-441282389187458038, alias:None, blob:None
03-02 11:11:23.038   589 12889 I keystore2: system/security/keystore2/src/security_level.rs:882 - entry upgrade_keyblob_if_required_with
03-02 11:11:23.039   589 12889 I keystore2: system/security/keystore2/src/security_level.rs:347 - In KeystoreSecurityLevel::create_operation: calling begin
03-02 11:11:23.042   589 12889 I keystore2: system/security/keystore2/src/security_level.rs:381 - upgraded_blob: None
03-02 11:11:23.118  1621  4246 I SmartPower: com.instagram.lite/10383(13839): died->background(2274130ms) R(process start ) adj=-10000.
03-02 11:11:23.132 13839 17614 D MiuiDownscaleImpl: set override inverted scale : 1.0
03-02 11:11:23.168  1621  4246 D CompatChangeReporter: Compat change id reported: 311402873; UID 10329; state: ENABLED
03-02 11:11:23.168  1621  4246 D CompatChangeReporter: Compat change id reported: 323349338; UID 10329; state: ENABLED
03-02 11:11:23.177  1621  4764 D ActivityManager: getProcessesInErrorState callingUid=10075, CallingPid=17378
--------- beginning of main
03-02 11:11:23.232 17378 17492 W SessionScopedProviderInitializer: Initialize com.instagram.util.startup.transitions.EnableColdStartTransitionsTask end
03-02 11:11:23.232 17378 17492 W SessionScopedProviderInitializer: Initialize com.instagram.wellbeing.privacyflow.util.PrivacyFlowHelper start
03-02 11:11:23.233 17378 17492 W SessionScopedProviderInitializer: Initialize com.instagram.wellbeing.privacyflow.util.PrivacyFlowHelper end
03-02 11:11:23.233 17378 17492 W SessionScopedProviderInitializer: Initialize com.instagram.wellbeing.timeinapp.instrumentation.IgTimeInAppActivityListenerStatic start
03-02 11:11:23.234 17378 17492 W SessionScopedProviderInitializer: Initialize com.instagram.wellbeing.timeinapp.instrumentation.IgTimeInAppActivityListenerStatic end
03-02 11:11:23.235 13839 13839 W .instagram.lite: Failed to find entry 'classes.dex': Entry not found
03-02 11:11:23.236 17378 17494 W SessionScopedProviderInitializer: Initialize com.instagram.shopping.analytics.shopsbau.IGShopsBAU.IGShopsBAUInitializerProvider end
03-02 11:11:23.236 17378 17494 W SessionScopedProviderInitializer: Initialize com.instagram.wellbeing.timespent.provider.ScreenTimeUserSessionStart start
03-02 11:11:23.236 17378 17494 W SessionScopedProviderInitializer: Initialize com.instagram.wellbeing.timespent.provider.ScreenTimeUserSessionStart end
03-02 11:11:23.236 17378 17492 W SessionScopedProviderInitializer: Initialize com.instagram.zero.experiments.ZeroEarlyExperimentsUserSessionStart start
03-02 11:11:23.236 17378 17494 W SessionScopedProviderInitializer: Initialize com.instagram.zero.main.IgZeroMainInitializer start
03-02 11:11:23.237 17378 17494 W SessionScopedProviderInitializer: Initialize com.instagram.zero.main.IgZeroMainInitializer end
03-02 11:11:23.237 17378 17494 W SessionScopedProviderInitializer: Initialize com.instagram.zero.main.IgZeroMainStartupLog start
03-02 11:11:23.237 17378 17493 W SessionScopedProviderInitializer: Initialize com.instagram.wellbeing.timespent.provider.QuietTimeUserSessionStart start
03-02 11:11:23.238 17378 17493 W SessionScopedProviderInitializer: Initialize com.instagram.wellbeing.timespent.provider.QuietTimeUserSessionStart end
03-02 11:11:23.238 17378 17493 W SessionScopedProviderInitializer: Initialize X.Ec2 start
03-02 11:11:23.238 17378 17493 W SessionScopedProviderInitializer: Initialize X.Ec2 end
03-02 11:11:23.238 17378 17493 W SessionScopedProviderInitializer: Initialize X.5zz start
03-02 11:11:23.238 17378 17494 W SessionScopedProviderInitializer: Initialize com.instagram.zero.main.IgZeroMainStartupLog end
03-02 11:11:23.239 17378 17494 W SessionScopedProviderInitializer: Initialize X.M8d start
03-02 11:11:23.239 17378 17494 W SessionScopedProviderInitializer: Initialize X.M8d end
03-02 11:11:23.239 17378 17494 W SessionScopedProviderInitializer: Initialize com.instagram.profilo.IgProfiloSessionManager start
03-02 11:11:23.239 17378 17494 W SessionScopedProviderInitializer: Initialize com.instagram.profilo.IgProfiloSessionManager end
03-02 11:11:23.240 17378 17493 W SessionScopedProviderInitializer: Initialize X.5zz end
03-02 11:11:23.246  1621  4238 I whetstone.activity: Power Event callback listener is empty for resId=256
03-02 11:11:23.246  1621  4238 D BatteryStatsManagerStub: notifyEvent for resId=256 used 1ms
03-02 11:11:23.248  1621  4238 D CompatChangeReporter: Compat change id reported: 311208629; UID 10329; state: ENABLED
03-02 11:11:23.250  1621  1842 I MiuiNetworkPolicy: updateUidState uid = 10329, uidState = 10
03-02 11:11:23.250 13839 13839 W .instagram.lite: Failed to find entry 'classes.dex': Entry not found
03-02 11:11:23.252  1621  4238 W JobScheduler: Job didn't exist in JobStore: 
03-02 11:11:23.254  1621  4238 E JobScheduler: ResourceBudgetManagerInternal is null
03-02 11:11:23.257  1621  4238 I whetstone.activity: Power Event callback listener is empty for resId=256
03-02 11:11:23.258  1621  4238 D BatteryStatsManagerStub: notifyEvent for resId=256 used 0ms
03-02 11:11:23.262  1621  1842 I MiuiNetworkPolicy: updateUidState uid = 10329, uidState = 19
03-02 11:11:23.266 17378 17492 W SessionScopedProviderInitializer: Initialize com.instagram.zero.experiments.ZeroEarlyExperimentsUserSessionStart end
03-02 11:11:23.267 17378 17378 W IgMetaConfig: Could not obtain MC: null_user_session 
03-02 11:11:23.267 17378 17378 W IgMetaConfig: java.lang.RuntimeException: Could not obtain MC, call-site will receive default values
03-02 11:11:23.267 17378 17378 W IgMetaConfig: 	at X.2jA.A06(:4)
03-02 11:11:23.267 17378 17378 W IgMetaConfig: 	at X.2jA.A05(:7)
03-02 11:11:23.267 17378 17378 W IgMetaConfig: 	at X.2jA.A02(:2)
03-02 11:11:23.267 17378 17378 W IgMetaConfig: 	at X.6a1.A00(:8)
03-02 11:11:23.267 17378 17378 W IgMetaConfig: 	at X.6a1.Co2(:0)
03-02 11:11:23.267 17378 17378 W IgMetaConfig: 	at X.1wt.A02(:39)
03-02 11:11:23.267 17378 17378 W IgMetaConfig: 	at com.instagram.barcelona.process.main.BarcelonaApplicationForMainProcess.A05(:1745)
03-02 11:11:23.267 17378 17378 W IgMetaConfig: 	at com.instagram.barcelona.app.BarcelonaAppShell.onCreate(Unknown Source:632)
03-02 11:11:23.267 17378 17378 W IgMetaConfig: 	at android.app.Instrumentation.callApplicationOnCreate(Instrumentation.java:1392)
03-02 11:11:23.267 17378 17378 W IgMetaConfig: 	at android.app.ActivityThread.handleBindApplication(ActivityThread.java:8250)
03-02 11:11:23.267 17378 17378 W IgMetaConfig: 	at android.app.ActivityThread.-$$Nest$mhandleBindApplication(Unknown Source:0)
03-02 11:11:23.267 17378 17378 W IgMetaConfig: 	at android.app.ActivityThread$H.handleMessage(ActivityThread.java:2674)
03-02 11:11:23.267 17378 17378 W IgMetaConfig: 	at android.os.Handler.dispatchMessage(Handler.java:107)
03-02 11:11:23.267 17378 17378 W IgMetaConfig: 	at android.os.Looper.loopOnce(Looper.java:249)
03-02 11:11:23.267 17378 17378 W IgMetaConfig: 	at android.os.Looper.loop(Looper.java:337)
03-02 11:11:23.267 17378 17378 W IgMetaConfig: 	at android.app.ActivityThread.main(ActivityThread.java:9500)
03-02 11:11:23.267 17378 17378 W IgMetaConfig: 	at java.lang.reflect.Method.invoke(Native Method)
03-02 11:11:23.267 17378 17378 W IgMetaConfig: 	at com.android.internal.os.RuntimeInit$MethodAndArgsCaller.run(RuntimeInit.java:636)
03-02 11:11:23.267 17378 17378 W IgMetaConfig: 	at com.android.internal.os.ZygoteInit.main(ZygoteInit.java:1005)
03-02 11:11:23.271 17378 17378 W IgMetaConfig: Could not obtain MC: null_user_session 
03-02 11:11:23.271 17378 17378 W IgMetaConfig: java.lang.RuntimeException: Could not obtain MC, call-site will receive default values
03-02 11:11:23.271 17378 17378 W IgMetaConfig: 	at X.2jA.A06(:4)
03-02 11:11:23.271 17378 17378 W IgMetaConfig: 	at X.2jA.A05(:7)
03-02 11:11:23.271 17378 17378 W IgMetaConfig: 	at X.2jA.A02(:2)
03-02 11:11:23.271 17378 17378 W IgMetaConfig: 	at X.1ww.A02(:1)
03-02 11:11:23.271 17378 17378 W IgMetaConfig: 	at com.instagram.barcelona.process.main.BarcelonaApplicationForMainProcess.A05(:1745)
03-02 11:11:23.271 17378 17378 W IgMetaConfig: 	at com.instagram.barcelona.app.BarcelonaAppShell.onCreate(Unknown Source:632)
03-02 11:11:23.271 17378 17378 W IgMetaConfig: 	at android.app.Instrumentation.callApplicationOnCreate(Instrumentation.java:1392)
03-02 11:11:23.271 17378 17378 W IgMetaConfig: 	at android.app.ActivityThread.handleBindApplication(ActivityThread.java:8250)
03-02 11:11:23.271 17378 17378 W IgMetaConfig: 	at android.app.ActivityThread.-$$Nest$mhandleBindApplication(Unknown Source:0)
03-02 11:11:23.271 17378 17378 W IgMetaConfig: 	at android.app.ActivityThread$H.handleMessage(ActivityThread.java:2674)
03-02 11:11:23.271 17378 17378 W IgMetaConfig: 	at android.os.Handler.dispatchMessage(Handler.java:107)
03-02 11:11:23.271 17378 17378 W IgMetaConfig: 	at android.os.Looper.loopOnce(Looper.java:249)
03-02 11:11:23.271 17378 17378 W IgMetaConfig: 	at android.os.Looper.loop(Looper.java:337)
03-02 11:11:23.271 17378 17378 W IgMetaConfig: 	at android.app.ActivityThread.main(ActivityThread.java:9500)
03-02 11:11:23.271 17378 17378 W IgMetaConfig: 	at java.lang.reflect.Method.invoke(Native Method)
03-02 11:11:23.271 17378 17378 W IgMetaConfig: 	at com.android.internal.os.RuntimeInit$MethodAndArgsCaller.run(RuntimeInit.java:636)
03-02 11:11:23.271 17378 17378 W IgMetaConfig: 	at com.android.internal.os.ZygoteInit.main(ZygoteInit.java:1005)
03-02 11:11:23.278 13839 13839 W .instagram.lite: Failed to find entry 'classes.dex': Entry not found
03-02 11:11:23.288 13839 13839 W .instagram.lite: Failed to find entry 'classes.dex': Entry not found
03-02 11:11:23.290 13839 13839 W .instagram.lite: Failed to find entry 'classes.dex': Entry not found
03-02 11:11:23.296 13839 13839 W .instagram.lite: Failed to find entry 'classes.dex': Entry not found
03-02 11:11:23.300  1621  5247 D ConnectivityService: Returning UNBLOCKED NetworkInfo to uid=10329
03-02 11:11:23.300 17378 17497 E PendingMediaStoreSerializer: deserialize start
03-02 11:11:23.301 17378 17497 E PendingMediaStoreSerializer: start reading pending media
03-02 11:11:23.301 17378 17497 E PendingMediaStoreSerializer: Set the submedia on albums
03-02 11:11:23.302 17378 17497 E PendingMediaStoreSerializer: Set the submedia on post threads
03-02 11:11:23.302 17378 17497 E PendingMediaStoreSerializer: Set the submedia on story templates
03-02 11:11:23.302 17378 17497 E PendingMediaStoreSerializer: deserialize is done. start calling callbacks
03-02 11:11:23.302 17378 17497 E PendingMediaStoreSerializer: deserialize end
03-02 11:11:23.303 13839 13839 W .instagram.lite: Failed to find entry 'classes.dex': Entry not found
03-02 11:11:23.305 17378 17378 W IgZoneModule: IgFury is disabled. No-op Zone is setup
03-02 11:11:23.310 13839 13839 W .instagram.lite: Failed to find entry 'classes.dex': Entry not found
03-02 11:11:23.314  1621  5247 D ShortcutService: rescanPackageIfNeeded 0@com.instagram.barcelona, forceRescan=false , isNewApp=false
03-02 11:11:23.316  1621  4238 D ConnectivityService: requestNetwork for uid/pid:10329/17417 activeRequest: null callbackRequest: 242396 [NetworkRequest [ REQUEST id=242397, [ Capabilities: INTERNET&NOT_RESTRICTED&TRUSTED&NOT_VCN_MANAGED&NOT_BANDWIDTH_CONSTRAINED Uid: 10329 RequestorUid: 10329 RequestorPkg: com.reddit.frontpage UnderlyingNetworks: Null] ]] callback flags: 0 order: 2147483647 isUidTracked: false declaredMethods: AVAIL|LOSING|LOST|NC|LP
03-02 11:11:23.316 13839 13839 W .instagram.lite: Failed to find entry 'classes.dex': Entry not found
03-02 11:11:23.318  1621  5247 D ShortcutService: rescanPackageIfNeeded 0@com.instagram.barcelona, forceRescan=false , isNewApp=false
03-02 11:11:23.320 17378 17378 W HalfnosisBarcelonaInitializer: Halfnosis is not enabled, skipping initialization.
03-02 11:11:23.320  1621  4764 D ShortcutService: rescanPackageIfNeeded 0@com.instagram.barcelona, forceRescan=false , isNewApp=false
03-02 11:11:23.322 17417 17637 W ConnectivityManager.CallbackHandler: callback not found for CALLBACK_AVAILABLE message
03-02 11:11:23.324  1621  1856 D ConnectivityService: NetReassign [242397 : null ΓåÆ 255] [c 0] [a 1] [i 5]
03-02 11:11:23.324 17400 17400 I FlagshipApplication: [main] Granular phase APP_DEPENDENCY_INJECTION completed. Interval(startNanos=1772446283126000000ns, durationNanos=197000000ns)
03-02 11:11:23.326  1621  1843 D WifiNetworkFactory: got request NetworkRequest [ REQUEST id=242397, [ Capabilities: INTERNET&NOT_RESTRICTED&TRUSTED&NOT_VCN_MANAGED&NOT_BANDWIDTH_CONSTRAINED Uid: 10329 RequestorUid: 10329 RequestorPkg: com.reddit.frontpage UnderlyingNetworks: Null] ]
03-02 11:11:23.326  1621  1843 D UntrustedWifiNetworkFactory: got request NetworkRequest [ REQUEST id=242397, [ Capabilities: INTERNET&NOT_RESTRICTED&TRUSTED&NOT_VCN_MANAGED&NOT_BANDWIDTH_CONSTRAINED Uid: 10329 RequestorUid: 10329 RequestorPkg: com.reddit.frontpage UnderlyingNetworks: Null] ]
03-02 11:11:23.326  1621  1843 D OemPaidWifiNetworkFactory: got request NetworkRequest [ REQUEST id=242397, [ Capabilities: INTERNET&NOT_RESTRICTED&TRUSTED&NOT_VCN_MANAGED&NOT_BANDWIDTH_CONSTRAINED Uid: 10329 RequestorUid: 10329 RequestorPkg: com.reddit.frontpage UnderlyingNetworks: Null] ]
03-02 11:11:23.326  1621  1843 D MultiInternetWifiNetworkFactory: got request NetworkRequest [ REQUEST id=242397, [ Capabilities: INTERNET&NOT_RESTRICTED&TRUSTED&NOT_VCN_MANAGED&NOT_BANDWIDTH_CONSTRAINED Uid: 10329 RequestorUid: 10329 RequestorPkg: com.reddit.frontpage UnderlyingNetworks: Null] ]
03-02 11:11:23.327 13839 13839 W .instagram.lite: Failed to find entry 'classes.dex': Entry not found
03-02 11:11:23.328 17378 17484 W FileBasedMultiProcessTracker: <default>: Initializing FileBasedMultiProcessTracking using /data/user/0/com.instagram.barcelona/app_multiprocess_tracking
03-02 11:11:23.328 17378 17484 W FileBasedMultiProcessTracker: <default>: Creating file to track 17378
03-02 11:11:23.331  1621  1842 I MiuiNetworkPolicy: updateUidState uid = 10075, uidState = 8
03-02 11:11:23.334 13839 13839 W .instagram.lite: Failed to find entry 'classes.dex': Entry not found
03-02 11:11:23.335 17378 17378 W Looper  : PerfMonitor longMsg : seq=2 plan=11:11:20.785 late=116ms wall=2431ms h=android.app.ActivityThread$H w=110 procState=-1
03-02 11:11:23.336  1621  1856 D ConnectivityService: NetReassign [no changes] [c 0] [a 8] [i 4]
03-02 11:11:23.337 17378 17378 W libc    : Access denied finding property "ro.vendor.perf.scroll_opt"
03-02 11:11:23.338 13515 13515 D nativeloader: Load /data/app/~~Bh61wenJZi6JNVEuOkVQfQ==/com.softnation.Ojam-nnCVAdHxKfOmup5FCuBDYQ==/base.apk!/lib/arm64-v8a/libc++_shared.so using class loader ns clns-7 (caller=/data/app/~~Bh61wenJZi6JNVEuOkVQfQ==/com.softnation.Ojam-nnCVAdHxKfOmup5FCuBDYQ==/base.apk!classes20.dex): ok
03-02 11:11:23.339 13839 13839 W .instagram.lite: Failed to find entry 'classes.dex': Entry not found
03-02 11:11:23.342 13839 13839 W .instagram.lite: Failed to find entry 'classes.dex': Entry not found
03-02 11:11:23.344 13839 13839 D nativeloader: Configuring clns-7 for other apk /data/app/~~plM1wYri-X0O2Dyup_-7GQ==/com.instagram.lite-kFAotEKGbXEBaXpLnRlZRQ==/base.apk:/data/app/~~plM1wYri-X0O2Dyup_-7GQ==/com.instagram.lite-kFAotEKGbXEBaXpLnRlZRQ==/split_fizz.apk:/data/app/~~plM1wYri-X0O2Dyup_-7GQ==/com.instagram.lite-kFAotEKGbXEBaXpLnRlZRQ==/split_mnshttp.apk:/data/app/~~plM1wYri-X0O2Dyup_-7GQ==/com.instagram.lite-kFAotEKGbXEBaXpLnRlZRQ==/split_msysinfra.apk:/data/app/~~plM1wYri-X0O2Dyup_-7GQ==/com.instagram.lite-kFAotEKGbXEBaXpLnRlZRQ==/split_rtc.apk:/data/app/~~plM1wYri-X0O2Dyup_-7GQ==/com.instagram.lite-kFAotEKGbXEBaXpLnRlZRQ==/split_s_boost_msysinfra.apk:/data/app/~~plM1wYri-X0O2Dyup_-7GQ==/com.instagram.lite-kFAotEKGbXEBaXpLnRlZRQ==/split_s_fizz_mnshttp_msys.apk:/data/app/~~plM1wYri-X0O2Dyup_-7GQ==/com.instagram.lite-kFAotEKGbXEBaXpLnRlZRQ==/split_s_fizz_msys.apk:/data/app/~~plM1wYri-X0O2Dyup_-7GQ==/com.instagram.lite-kFAotEKGbXEBaXpLnRlZRQ==/split_s_fizz_msysinfra.apk:/data/app/~~plM1wYri-X0O2Dyup_-7GQ==/com.instagram.lite-kFAotEKGbXEBaXpLnRlZRQ
03-02 11:11:23.349 17378 17484 W FileBasedMultiProcessTracker: <default>: FileBasedMultiProcessTracker ready!
03-02 11:11:23.349 17378 17640 W FileBasedMultiProcessTracker: <default>: Observed removed PID: 32592
03-02 11:11:23.358 13515 13515 D nativeloader: Load /data/app/~~Bh61wenJZi6JNVEuOkVQfQ==/com.softnation.Ojam-nnCVAdHxKfOmup5FCuBDYQ==/base.apk!/lib/arm64-v8a/libjsi.so using class loader ns clns-7 (caller=/data/app/~~Bh61wenJZi6JNVEuOkVQfQ==/com.softnation.Ojam-nnCVAdHxKfOmup5FCuBDYQ==/base.apk!classes20.dex): ok
03-02 11:11:23.371 17378 17378 D nativeloader: Load libpowerhalwrap_jni.so using system ns (caller=/system_ext/framework/mediatek-framework.jar): ok
03-02 11:11:23.374 17378 17378 I PowerHalWrapper: PowerHalWrapper.getInstance 
03-02 11:11:23.374  1621  4764 D ConnectivityService: requestNetwork for uid/pid:10329/17417 activeRequest: null callbackRequest: 242399 [NetworkRequest [ REQUEST id=242400, [ Capabilities: INTERNET&NOT_RESTRICTED&TRUSTED&NOT_VCN_MANAGED&NOT_BANDWIDTH_CONSTRAINED Uid: 10329 RequestorUid: 10329 RequestorPkg: com.reddit.frontpage UnderlyingNetworks: Null] ]] callback flags: 0 order: 2147483647 isUidTracked: false declaredMethods: AVAIL|LOSING|LOST|NC|LP
03-02 11:11:23.375 17378 17378 I M-ProMotion: M-ProMotion is disabled
