03-02 11:11:25.542 17840 17840 W AppInitScheduler|Schedule: Schedule 67:LithoInitializer, deps=[11, 93] (75 pending tasks, PriorityHint=null, isCritical=false)
03-02 11:11:25.542 17840 17840 W AppInitScheduler|Schedule: Schedule 104:YogaInitializer, deps=[37] (76 pending tasks, PriorityHint=null, isCritical=false)
03-02 11:11:25.543 17840 17840 W AppInitScheduler|Schedule: Schedule 73:MessageQueueInterceptorInitializer, deps=[11, 93] (77 pending tasks, PriorityHint=null, isCritical=false)
03-02 11:11:25.543 17840 17840 W AppInitScheduler|Schedule: Schedule 79:PandoGraphQLInitializer, deps=[11, 5, 16, 25, 144] (78 pending tasks, PriorityHint=null, isCritical=false)
03-02 11:11:25.543 17840 17840 W AppInitScheduler|Schedule: Schedule 84:ProxyServiceInitializer, deps=[11, 93] (79 pending tasks, PriorityHint=null, isCritical=false)
03-02 11:11:25.543 17840 17840 W AppInitScheduler|Schedule: Schedule 96:SignalManagerEarlyInitializer, deps=[104] (80 pending tasks, PriorityHint=null, isCritical=false)
03-02 11:11:25.543 17840 17840 W AppInitScheduler|Schedule: Schedule 54:IgMemoryLoggingManagerInitializer, deps=[11, 93] (81 pending tasks, PriorityHint=null, isCritical=false)
03-02 11:11:25.543 17840 17945 W AppInitScheduler|Run: Running IgFixieEarlyInitializer, order=4, priorityHint=null 
03-02 11:11:25.543 17840 17945 W AppInitScheduler|Run:   Finished IgFixieEarlyInitializer in 0ms
03-02 11:11:25.543 17840 17945 W AppInitScheduler|Schedule:   Executing 5:SessionInitializer
03-02 11:11:25.544 17840 17840 W AppInitScheduler|Schedule: Schedule 85:PulsarSchedulerInitializer, deps=[11, 93] (82 pending tasks, PriorityHint=null, isCritical=false)
03-02 11:11:25.544 17840 17840 W AppInitScheduler|Schedule: Schedule 102:UXLoggingInitializer, deps=[11, 93] (83 pending tasks, PriorityHint=null, isCritical=false)
03-02 11:11:25.544 17840 17840 W AppInitScheduler|Schedule: Schedule 58:ImageUltraHdrModeInitializer, deps=[11, 93] (83 pending tasks, PriorityHint=null, isCritical=false)
03-02 11:11:25.544 17840 17840 W AppInitScheduler|Schedule: Schedule 146:CacheMetadataLookupInitializer, deps=[11] (84 pending tasks, PriorityHint=null, isCritical=false)
03-02 11:11:25.544 17840 17840 W AppInitScheduler|Schedule: Schedule 52:HeroServiceControllerInitializer, deps=[11, 93] (85 pending tasks, PriorityHint=null, isCritical=false)
03-02 11:11:25.544 17840 17840 W AppInitScheduler|Schedule: Schedule 119:HeroServiceControllerEarlyInitializer, deps=[19] (86 pending tasks, PriorityHint=null, isCritical=false)
03-02 11:11:25.544 17840 17840 W AppInitScheduler|Schedule: Schedule 38:CacheKeyGeneratorInitializer, deps=[47] (87 pending tasks, PriorityHint=null, isCritical=false)
03-02 11:11:25.544 17840 17840 W AppInitScheduler|Schedule: Schedule 70:MediaCodecTrackingInitializer, deps=[11, 93] (88 pending tasks, PriorityHint=null, isCritical=false)
03-02 11:11:25.545 17840 17840 W AppInitScheduler|Schedule: Schedule 82:PreinflateInitializer, deps=[11, 93] (89 pending tasks, PriorityHint=null, isCritical=false)
03-02 11:11:25.545 17840 17840 W AppInitScheduler|Schedule: Schedule 51:HeliumInitializer, deps=[11, 5, 144] (90 pending tasks, PriorityHint=null, isCritical=false)
03-02 11:11:25.545 17840 17840 W AppInitScheduler|Schedule: Schedule 53:IgLinkifyInitializer, deps=[11, 93] (91 pending tasks, PriorityHint=null, isCritical=false)
03-02 11:11:25.545 17840 17840 W AppInitScheduler|Schedule: Schedule 36:BitmapDebugInitializer, deps=[11, 93] (92 pending tasks, PriorityHint=null, isCritical=false)
03-02 11:11:25.545 17840 17946 W AppInitScheduler|Run: Running SessionInitializer, order=5, priorityHint=null 
03-02 11:11:25.545 17840 17840 W AppInitScheduler|Schedule: Schedule 150:CreationResourceCleanupInitializer, deps=[5] (93 pending tasks, PriorityHint=null, isCritical=false)
03-02 11:11:25.545 17840 17840 W AppInitScheduler|Schedule: Schedule 115:EagerReelRequestBuilder, deps=[44] (94 pending tasks, PriorityHint=null, isCritical=false)
03-02 11:11:25.545 17840 17840 W AppInitScheduler|Schedule: Schedule 118:ActivityBackstackManagerInitializer, deps=[11, 93, 18] (95 pending tasks, PriorityHint=null, isCritical=false)
03-02 11:11:25.545 17840 17840 W AppInitScheduler|Schedule: Schedule 125:PendingWorkInitializer, deps=[118] (96 pending tasks, PriorityHint=null, isCritical=false)
03-02 11:11:25.546 17840 17840 W AppInitScheduler|Schedule: Schedule 130:MarkAppInitCriticalWorkComplete, deps=[23, 16, 117, 57, 64, 66, 67, 83, 89, 11, 18, 5, 93, 12, 100, 102, 137] (97 pending tasks, PriorityHint=null, isCritical=false)
03-02 11:11:25.546 17840 17840 W AppInitScheduler|Schedule: Schedule 131:CobraInitializer, deps=[5, 93] (98 pending tasks, PriorityHint=null, isCritical=false)
03-02 11:11:25.546 17840 17840 W AppInitScheduler|Schedule: Schedule 137:LruCacheTrackerInitializer, deps=[5, 93] (99 pending tasks, PriorityHint=null, isCritical=false)
03-02 11:11:25.546 17840 17840 W AppInitScheduler|Schedule: Schedule 138:ResponseObserverInitializer, deps=[133, 144] (100 pending tasks, PriorityHint=null, isCritical=false)
03-02 11:11:25.546 17840 17840 W AppInitScheduler|Schedule: Schedule 141:UsdidInitializer, deps=[18, 144] (101 pending tasks, PriorityHint=null, isCritical=false)
03-02 11:11:25.546 17840 17840 W AppInitScheduler|Schedule: Schedule 143:PreloadsFirstAppOpenFlagInitializer, deps=[25, 144] (102 pending tasks, PriorityHint=null, isCritical=false)
03-02 11:11:25.546 17840 17840 W AppInitScheduler|Schedule: Schedule 151:PLogConfigSyncInitializer, deps=[18, 79] (103 pending tasks, PriorityHint=null, isCritical=false)
03-02 11:11:25.546 17840 17840 W AppInitScheduler: Shutting down scheduler and waiting for critical work to finish
03-02 11:11:25.547 17840 17840 W AppInitScheduler|Schedule: Shutting down, all work scheduled.
03-02 11:11:25.547 17840 17840 W AppInitScheduler|Schedule: java.lang.RuntimeException
03-02 11:11:25.547 17840 17840 W AppInitScheduler|Schedule: 	at com.instagram.process.instagram.InstagramApplicationForMainProcess.A00(:77868)
03-02 11:11:25.547 17840 17840 W AppInitScheduler|Schedule: 	at com.instagram.process.instagram.InstagramApplicationForMainProcess.initializeAllColdStartJobs(:1398)
03-02 11:11:25.547 17840 17840 W AppInitScheduler|Schedule: 	at com.instagram.process.instagram.InstagramApplicationForMainProcess.scheduleInitializers(:296)
03-02 11:11:25.547 17840 17840 W AppInitScheduler|Schedule: 	at com.instagram.process.instagram.InstagramApplicationForMainProcess.onCreate(:78)
03-02 11:11:25.547 17840 17840 W AppInitScheduler|Schedule: 	at com.instagram.app.InstagramAppShell.onCreate(Unknown Source:1551)
03-02 11:11:25.547 17840 17840 W AppInitScheduler|Schedule: 	at android.app.Instrumentation.callApplicationOnCreate(Instrumentation.java:1392)
03-02 11:11:25.547 17840 17840 W AppInitScheduler|Schedule: 	at android.app.ActivityThread.handleBindApplication(ActivityThread.java:8250)
03-02 11:11:25.547 17840 17840 W AppInitScheduler|Schedule: 	at android.app.ActivityThread.-$$Nest$mhandleBindApplication(Unknown Source:0)
03-02 11:11:25.547 17840 17840 W AppInitScheduler|Schedule: 	at android.app.ActivityThread$H.handleMessage(ActivityThread.java:2674)
03-02 11:11:25.547 17840 17840 W AppInitScheduler|Schedule: 	at android.os.Handler.dispatchMessage(Handler.java:107)
03-02 11:11:25.547 17840 17840 W AppInitScheduler|Schedule: 	at android.os.Looper.loopOnce(Looper.java:249)
03-02 11:11:25.547 17840 17840 W AppInitScheduler|Schedule: 	at android.os.Looper.loop(Looper.java:337)
03-02 11:11:25.547 17840 17840 W AppInitScheduler|Schedule: 	at android.app.ActivityThread.main(ActivityThread.java:9500)
03-02 11:11:25.547 17840 17840 W AppInitScheduler|Schedule: 	at java.lang.reflect.Method.invoke(Native Method)
03-02 11:11:25.547 17840 17840 W AppInitScheduler|Schedule: 	at com.android.internal.os.RuntimeInit$MethodAndArgsCaller.run(RuntimeInit.java:636)
03-02 11:11:25.547 17840 17840 W AppInitScheduler|Schedule: 	at com.android.internal.os.ZygoteInit.main(ZygoteInit.java:1005)
03-02 11:11:25.547 17840 17840 W AppInitScheduler|Schedule: Shut down called with 104 pending tasks
03-02 11:11:25.549 17840 17943 W AppInitScheduler|Run:   Finished NetworkProberInitializer in 11ms
03-02 11:11:25.550 17840 17942 E HiddenApis2: Failed to init DecodeJObjectFuncPtr
03-02 11:11:25.558 17840 17911 D nativeloader: Load /data/app/~~9XGqlD0VagabgcI_VANKpQ==/com.instagram.android-cvlzusJbsYajdvL5zp8jzg==/lib/arm64/libbreakpad_cpp_helper.so using class loader ns clns-7 (caller=/data/app/~~9XGqlD0VagabgcI_VANKpQ==/com.instagram.android-cvlzusJbsYajdvL5zp8jzg==/base.apk!classes16.dex): ok
03-02 11:11:25.614   921  1472 D DisplayModeController: setDesiredMode 4627039422300187648 {mode={fps=36.00 Hz, modePtr={id=3, vsyncRate=36.00 Hz, peakRefreshRate=36.00 Hz}}, emitEvent=false, force=false}
03-02 11:11:25.614   921  1472 D Scheduler: MtkOverrideDuration: update vsync 36
03-02 11:11:25.614   921  1472 E SurfaceFlinger: MtkDuration override mode is disabled
03-02 11:11:25.614   921  1472 D Scheduler: MtkOverrideDuration: reset override duration
03-02 11:11:25.614   921  1472 I PowerHalWrapper: updateFps(): 36
03-02 11:11:25.628   849   849 I hwcomposer: [HWCDisplay] (0 setActiveConfigWithConstraints():4114), config:3  
03-02 11:11:25.629   849   849 I hwcomposer: [HWCDisplay] (0 setActiveConfigWithConstraints():4164), now 611479178070215, diff 353846, estimated_applied_time 16666667 queued_size:0  
03-02 11:11:25.630   849   849 I hwcomposer: [HWCDisplay] (0 updateFps():3667), (type:1, mode:2) fps:2.625295,dur:1142.73,max:954.93,min:25.85  
03-02 11:11:25.631   921   921 I MI-SF   : surfaceflinger setAffinity mode=0
03-02 11:11:25.632   921   921 E MI-SF   : surfaceflinger setAffinity success
03-02 11:11:25.645   921   921 I PowerHalWrapper: updateFps(): 36
03-02 11:11:25.645   921   921 I PowerHalWrapper: updateFps(): 36
03-02 11:11:25.647   849  1481 I hwcomposer: [HWCDisplay] (0 updateAppliedConfigState():4360), applied config complete[idx:611479194736882, config:3]  
03-02 11:11:25.647 17840 17942 W AppInitScheduler|Run:   Finished EarlyCpuBoostInitializer in 111ms
03-02 11:11:25.647 17840 17942 W AppInitScheduler|Schedule:   Executing 2:DnsInitializer
03-02 11:11:25.648 17840 17949 W AppInitScheduler|Run: Running DnsInitializer, order=1, priorityHint=null 
03-02 11:11:25.649 17840 17949 W AppInitScheduler|Run:   Finished DnsInitializer in 1ms
03-02 11:11:25.676 17840 17911 W lacrima : Start AnrDetector... com.facebook.acra.anr.multisignal.MultiSignalANRDetector
03-02 11:11:25.676 17840 17911 W MultiSignalANRDetectorLacrima: Starting
03-02 11:11:25.676 17840 17911 W ProcessAnrErrorMonitor: startMonitoring with delay: 0
03-02 11:11:25.677 17840 17953 W SigquitDetectorLacrima: nativeInit
03-02 11:11:25.680  1621  5247 D ActivityManager: getProcessesInErrorState callingUid=10301, CallingPid=17840
03-02 11:11:25.681 17840 17954 W ProcessAnrErrorMonitor: Starting process monitor checks for process 'com.instagram.android'
03-02 11:11:25.681 17840 17954 W MultiSignalANRDetectorLacrima: Started monitoring
03-02 11:11:25.684 13839 17873 W EpFrameworkFactory: activated: false jar exist: false
03-02 11:11:25.705 17840 17946 W stagram.android: JNI RegisterNativeMethods: attempt to register 0 native methods for com.facebook.pando.PandoDataJNI
03-02 11:11:25.706 17840 17937 W ExperimentConfigurator: Initializing experiment with config: [{"matcher":".odex","op":1,"bg_undo":true,"redo_bg":true},{"matcher":".vdex","op":2,"bg_undo":true,"redo_bg":true},{"matcher":"layouts.bin","op":2,"bg_undo":true,"redo_bg":true}]
03-02 11:11:25.707 17840 17937 W ExperimentConfigurator: Experiment initialized: 3 configs ready
03-02 11:11:25.708 17840 17911 W DexLibLoader: integrateWithLibSigChain: disable=false
03-02 11:11:25.709 17840 17911 W dalvik-internals: sigaction64 succeeded
03-02 11:11:25.710 17840 17911 D dalvik-internals: SuspendAndroid11: Found all symbols
03-02 11:11:25.710 17840 17911 D dalvik-internals: SuspendAndroid11: Suspending threads.
03-02 11:11:25.710 17840 17911 D dalvik-internals: SuspendAndroid11: Resuming threads.
03-02 11:11:25.711 17840 17911 V dalvik-internals: hooked signal using trap ()
03-02 11:11:25.711 17840 17911 V dalvik-internals: hooked sigaction using trap ()
03-02 11:11:25.711 17840 17911 I dalvik-internals: integrateWithCrashLog crashlog: /data/user/0/com.instagram.android/crash_log, insta_crashlog: /data/user/0/com.instagram.android/insta_crash_log
03-02 11:11:25.711 17840 17911 I dalvik-internals: installed sigmux crash handler for crash log
03-02 11:11:25.713 17840 17911 W lacrima : LacrimaInitializer.init
03-02 11:11:25.713 17840 17911 W lacrima : Cannot find registered detector
03-02 11:11:25.716 17840 17910 W lacrima : FixedLengthFiles.init() called twice.
03-02 11:11:25.716 17840 17910 W lacrima : FixedLengthFiles.init() called twice.
03-02 11:11:25.723 17840 17946 W IgMetaConfig: Could not obtain MC: null_factory 
03-02 11:11:25.723 17840 17946 W IgMetaConfig: java.lang.RuntimeException: Could not obtain MC, call-site will receive default values
03-02 11:11:25.723 17840 17946 W IgMetaConfig: 	at X.2cA.A06(:4)
03-02 11:11:25.723 17840 17946 W IgMetaConfig: 	at X.2cA.A05(:8)
03-02 11:11:25.723 17840 17946 W IgMetaConfig: 	at X.2cA.A02(:2)
03-02 11:11:25.723 17840 17946 W IgMetaConfig: 	at X.9hp.invoke(Unknown Source:1522)
03-02 11:11:25.723 17840 17946 W IgMetaConfig: 	at X.BSE.getValue(Unknown Source:25)
03-02 11:11:25.723 17840 17946 W IgMetaConfig: 	at X.2bx.invoke(:38)
03-02 11:11:25.723 17840 17946 W IgMetaConfig: 	at X.BSE.getValue(Unknown Source:25)
03-02 11:11:25.723 17840 17946 W IgMetaConfig: 	at X.2bm.A01(:2)
03-02 11:11:25.723 17840 17946 W IgMetaConfig: 	at X.9ik.invoke(Unknown Source:230)
03-02 11:11:25.723 17840 17946 W IgMetaConfig: 	at X.BSE.getValue(Unknown Source:25)
03-02 11:11:25.723 17840 17946 W IgMetaConfig: 	at X.2aC.A09(:30)
03-02 11:11:25.723 17840 17946 W IgMetaConfig: 	at X.2an.A01(:273)
03-02 11:11:25.723 17840 17946 W IgMetaConfig: 	at X.1we.<init>(:266)
03-02 11:11:25.723 17840 17946 W IgMetaConfig: 	at X.7n8.invoke(Unknown Source:1286)
03-02 11:11:25.723 17840 17946 W IgMetaConfig: 	at X.BSE.getValue(Unknown Source:25)
03-02 11:11:25.723 17840 17946 W IgMetaConfig: 	at X.1wg.A00(:4)
03-02 11:11:25.723 17840 17946 W IgMetaConfig: 	at X.1wg.A09(:4)
03-02 11:11:25.723 17840 17946 W IgMetaConfig: 	at X.1vx.A03(:80)
03-02 11:11:25.723 17840 17946 W IgMetaConfig: 	at X.1ur.DR5(:44)
03-02 11:11:25.723 17840 17946 W IgMetaConfig: 	at X.1hy.A00(:112)
03-02 11:11:25.723 17840 17946 W IgMetaConfig: 	at X.1hy.run(:0)
03-02 11:11:25.723 17840 17946 W IgMetaConfig: 	at java.util.concurrent.ThreadPoolExecutor.runWorker(ThreadPoolExecutor.java:1154)
03-02 11:11:25.723 17840 17946 W IgMetaConfig: 	at java.util.concurrent.ThreadPoolExecutor$Worker.run(ThreadPoolExecutor.java:652)
03-02 11:11:25.723 17840 17946 W IgMetaConfig: 	at X.1iA.run(:15)
03-02 11:11:25.723 17840 17946 W IgMetaConfig: 	at java.lang.Thread.run(Thread.java:1563)
03-02 11:11:25.725 17840 17946 W IgMetaConfig: Could not obtain MC: null_factory 
03-02 11:11:25.725 17840 17946 W IgMetaConfig: java.lang.RuntimeException: Could not obtain MC, call-site will receive default values
03-02 11:11:25.725 17840 17946 W IgMetaConfig: 	at X.2cA.A06(:4)
03-02 11:11:25.725 17840 17946 W IgMetaConfig: 	at X.2cA.A05(:8)
03-02 11:11:25.725 17840 17946 W IgMetaConfig: 	at X.2cA.A02(:2)
03-02 11:11:25.725 17840 17946 W IgMetaConfig: 	at X.9hp.invoke(Unknown Source:1333)
03-02 11:11:25.725 17840 17946 W IgMetaConfig: 	at X.1wl.invoke(:95)
03-02 11:11:25.725 17840 17946 W IgMetaConfig: 	at X.BSE.getValue(Unknown Source:25)
03-02 11:11:25.725 17840 17946 W IgMetaConfig: 	at X.21P.A0A(Unknown Source:8)
03-02 11:11:25.725 17840 17946 W IgMetaConfig: 	at X.2ch.A00(:10)
03-02 11:11:25.725 17840 17946 W IgMetaConfig: 	at X.2bx.invoke(:63)
03-02 11:11:25.725 17840 17946 W IgMetaConfig: 	at X.BSE.getValue(Unknown Source:25)
03-02 11:11:25.725 17840 17946 W IgMetaConfig: 	at X.2bm.A01(:2)
03-02 11:11:25.725 17840 17946 W IgMetaConfig: 	at X.9ik.invoke(Unknown Source:230)
03-02 11:11:25.725 17840 17946 W IgMetaConfig: 	at X.BSE.getValue(Unknown Source:25)
03-02 11:11:25.725 17840 17946 W IgMetaConfig: 	at X.2aC.A09(:30)
03-02 11:11:25.725 17840 17946 W IgMetaConfig: 	at X.2an.A01(:273)
03-02 11:11:25.725 17840 17946 W IgMetaConfig: 	at X.1we.<init>(:266)
03-02 11:11:25.725 17840 17946 W IgMetaConfig: 	at X.7n8.invoke(Unknown Source:1286)
03-02 11:11:25.725 17840 17946 W IgMetaConfig: 	at X.BSE.getValue(Unknown Source:25)
03-02 11:11:25.725 17840 17946 W IgMetaConfig: 	at X.1wg.A00(:4)
03-02 11:11:25.725 17840 17946 W IgMetaConfig: 	at X.1wg.A09(:4)
03-02 11:11:25.725 17840 17946 W IgMetaConfig: 	at X.1vx.A03(:80)
03-02 11:11:25.725 17840 17946 W IgMetaConfig: 	at X.1ur.DR5(:44)
03-02 11:11:25.725 17840 17946 W IgMetaConfig: 	at X.1hy.A00(:112)
03-02 11:11:25.725 17840 17946 W IgMetaConfig: 	at X.1hy.run(:0)
03-02 11:11:25.725 17840 17946 W IgMetaConfig: 	at java.util.concurrent.ThreadPoolExecutor.runWorker(ThreadPoolExecutor.java:1154)
03-02 11:11:25.725 17840 17946 W IgMetaConfig: 	at java.util.concurrent.ThreadPoolExecutor$Worker.run(ThreadPoolExecutor.java:652)
03-02 11:11:25.725 17840 17946 W IgMetaConfig: 	at X.1iA.run(:15)
03-02 11:11:25.725 17840 17946 W IgMetaConfig: 	at java.lang.Thread.run(Thread.java:1563)
03-02 11:11:25.725 17840 17946 W IgMetaConfig: Could not obtain MC: null_factory 
03-02 11:11:25.725 17840 17946 W IgMetaConfig: java.lang.RuntimeException: Could not obtain MC, call-site will receive default values
03-02 11:11:25.725 17840 17946 W IgMetaConfig: 	at X.2cA.A06(:4)
03-02 11:11:25.725 17840 17946 W IgMetaConfig: 	at X.2cA.A05(:8)
03-02 11:11:25.725 17840 17946 W IgMetaConfig: 	at X.2cA.A02(:2)
03-02 11:11:25.725 17840 17946 W IgMetaConfig: 	at X.9hp.invoke(Unknown Source:1348)
03-02 11:11:25.725 17840 17946 W IgMetaConfig: 	at X.1wl.invoke(:95)
03-02 11:11:25.725 17840 17946 W IgMetaConfig: 	at X.BSE.getValue(Unknown Source:25)
03-02 11:11:25.725 17840 17946 W IgMetaConfig: 	at X.21P.A0A(Unknown Source:8)
03-02 11:11:25.725 17840 17946 W IgMetaConfig: 	at X.2ch.A00(:10)
03-02 11:11:25.725 17840 17946 W IgMetaConfig: 	at X.2bx.invoke(:63)
03-02 11:11:25.725 17840 17946 W IgMetaConfig: 	at X.BSE.getValue(Unknown Source:25)
03-02 11:11:25.725 17840 17946 W IgMetaConfig: 	at X.2bm.A01(:2)
03-02 11:11:25.725 17840 17946 W IgMetaConfig: 	at X.9ik.invoke(Unknown Source:230)
03-02 11:11:25.725 17840 17946 W IgMetaConfig: 	at X.BSE.getValue(Unknown Source:25)
03-02 11:11:25.725 17840 17946 W IgMetaConfig: 	at X.2aC.A09(:30)
03-02 11:11:25.725 17840 17946 W IgMetaConfig: 	at X.2an.A01(:273)
03-02 11:11:25.725 17840 17946 W IgMetaConfig: 	at X.1we.<init>(:266)
03-02 11:11:25.725 17840 17946 W IgMetaConfig: 	at X.7n8.invoke(Unknown Source:1286)
03-02 11:11:25.725 17840 17946 W IgMetaConfig: 	at X.BSE.getValue(Unknown Source:25)
03-02 11:11:25.725 17840 17946 W IgMetaConfig: 	at X.1wg.A00(:4)
03-02 11:11:25.725 17840 17946 W IgMetaConfig: 	at X.1wg.A09(:4)
03-02 11:11:25.725 17840 17946 W IgMetaConfig: 	at X.1vx.A03(:80)
03-02 11:11:25.725 17840 17946 W IgMetaConfig: 	at X.1ur.DR5(:44)
03-02 11:11:25.725 17840 17946 W IgMetaConfig: 	at X.1hy.A00(:112)
03-02 11:11:25.725 17840 17946 W IgMetaConfig: 	at X.1hy.run(:0)
03-02 11:11:25.725 17840 17946 W IgMetaConfig: 	at java.util.concurrent.ThreadPoolExecutor.runWorker(ThreadPoolExecutor.java:1154)
03-02 11:11:25.725 17840 17946 W IgMetaConfig: 	at java.util.concurrent.ThreadPoolExecutor$Worker.run(ThreadPoolExecutor.java:652)
03-02 11:11:25.725 17840 17946 W IgMetaConfig: 	at X.1iA.run(:15)
03-02 11:11:25.725 17840 17946 W IgMetaConfig: 	at java.lang.Thread.run(Thread.java:1563)
03-02 11:11:25.726 17840 17911 D nativeloader: Load /data/app/~~9XGqlD0VagabgcI_VANKpQ==/com.instagram.android-cvlzusJbsYajdvL5zp8jzg==/lib/arm64/libfbunwindstack.so using class loader ns clns-7 (caller=/data/app/~~9XGqlD0VagabgcI_VANKpQ==/com.instagram.android-cvlzusJbsYajdvL5zp8jzg==/base.apk!classes16.dex): ok
03-02 11:11:25.733 17840 17911 D nativeloader: Load /data/data/com.instagram.android/lib-compressed/libmozjpegturbo.so using class loader ns clns-7 (caller=/data/app/~~9XGqlD0VagabgcI_VANKpQ==/com.instagram.android-cvlzusJbsYajdvL5zp8jzg==/base.apk!classes16.dex): ok
03-02 11:11:25.742 17840 17946 W AppInitScheduler|Run:   Finished SessionInitializer in 197ms
03-02 11:11:25.742 17840 17946 W AppInitScheduler|Schedule:   Executing 7:LiteProviderInitializer
03-02 11:11:25.742 17840 17946 W AppInitScheduler|Schedule:   Executing 150:CreationResourceCleanupInitializer
03-02 11:11:25.744 17840 17960 W AppInitScheduler|Run: Running LiteProviderInitializer, order=6, priorityHint=null 
03-02 11:11:25.744 17840 17960 W AppInitScheduler|Run:   Finished LiteProviderInitializer in 0ms
03-02 11:11:25.744 17840 17960 W AppInitScheduler|Schedule:   Executing 8:LightweightQPLInitializerImpl
03-02 11:11:25.745 17840 17961 W AppInitScheduler|Run: Running CreationResourceCleanupInitializer, order=95, priorityHint=null 
03-02 11:11:25.745 17840 17961 W IgMetaConfig: Could not obtain MC: null_factory 
03-02 11:11:25.745 17840 17961 W IgMetaConfig: java.lang.RuntimeException: Could not obtain MC, call-site will receive default values
03-02 11:11:25.745 17840 17961 W IgMetaConfig: 	at X.2cA.A06(:4)
03-02 11:11:25.745 17840 17961 W IgMetaConfig: 	at X.2cA.A05(:8)
03-02 11:11:25.745 17840 17961 W IgMetaConfig: 	at X.2cA.A02(:2)
03-02 11:11:25.745 17840 17961 W IgMetaConfig: 	at X.2dd.A03(:20)
03-02 11:11:25.745 17840 17961 W IgMetaConfig: 	at X.1ur.DR5(:44)
03-02 11:11:25.745 17840 17961 W IgMetaConfig: 	at X.1hy.A00(:112)
03-02 11:11:25.745 17840 17961 W IgMetaConfig: 	at X.1hy.run(:0)
03-02 11:11:25.745 17840 17961 W IgMetaConfig: 	at java.util.concurrent.ThreadPoolExecutor.runWorker(ThreadPoolExecutor.java:1154)
03-02 11:11:25.745 17840 17961 W IgMetaConfig: 	at java.util.concurrent.ThreadPoolExecutor$Worker.run(ThreadPoolExecutor.java:652)
03-02 11:11:25.745 17840 17961 W IgMetaConfig: 	at X.1iA.run(:15)
03-02 11:11:25.745 17840 17961 W IgMetaConfig: 	at java.lang.Thread.run(Thread.java:1563)
03-02 11:11:25.746 17840 17961 W AppInitScheduler|Run:   Finished CreationResourceCleanupInitializer in 1ms
03-02 11:11:25.746 17840 17962 W AppInitScheduler|Run: Running LightweightQPLInitializerImpl, order=7, priorityHint=null 
03-02 11:11:25.746 17840 17962 W AppInitScheduler|Run:   Finished LightweightQPLInitializerImpl in 0ms
03-02 11:11:25.746 17840 17962 W AppInitScheduler|Schedule:   Executing 9:LacrimaHealthInitializer
03-02 11:11:25.746 17840 17962 W AppInitScheduler|Run: Running LacrimaHealthInitializer, order=8, priorityHint=null 
03-02 11:11:25.746 17840 17962 W AppInitScheduler|Run:   Finished LacrimaHealthInitializer in 0ms
03-02 11:11:25.747 17840 17962 W AppInitScheduler|Schedule:   Executing 10:IgSharedPreferencesQPLInitializer
03-02 11:11:25.747 17840 17962 W AppInitScheduler|Run: Running IgSharedPreferencesQPLInitializer, order=9, priorityHint=null 
03-02 11:11:25.747 17840 17962 W AppInitScheduler|Run:   Finished IgSharedPreferencesQPLInitializer in 0ms
03-02 11:11:25.747 17840 17962 W AppInitScheduler|Schedule:   Executing 11:QEInitializer
03-02 11:11:25.747 17840 17962 W AppInitScheduler|Run: Running QEInitializer, order=10, priorityHint=null 
03-02 11:11:25.790 17840 17962 W IgMetaConfig: Could not obtain MC: not_user_session session=X.21X@ac12cd8
03-02 11:11:25.790 17840 17962 W IgMetaConfig: java.lang.RuntimeException: Could not obtain MC, call-site will receive default values
03-02 11:11:25.790 17840 17962 W IgMetaConfig: 	at X.2cA.A06(:4)
03-02 11:11:25.790 17840 17962 W IgMetaConfig: 	at X.2cA.A05(:8)
03-02 11:11:25.790 17840 17962 W IgMetaConfig: 	at X.2cA.A02(:2)
03-02 11:11:25.790 17840 17962 W IgMetaConfig: 	at X.2dy.A00(:8)
03-02 11:11:25.790 17840 17962 W IgMetaConfig: 	at X.2dy.A01(:2)
03-02 11:11:25.790 17840 17962 W IgMetaConfig: 	at X.2dw.A00(:8)
03-02 11:11:25.790 17840 17962 W IgMetaConfig: 	at X.2dv.<init>(:268435475)
03-02 11:11:25.790 17840 17962 W IgMetaConfig: 	at X.9ih.invoke(Unknown Source:1013)
03-02 11:11:25.790 17840 17962 W IgMetaConfig: 	at X.BSE.getValue(Unknown Source:25)
03-02 11:11:25.790 17840 17962 W IgMetaConfig: 	at X.9ih.invoke(Unknown Source:1027)
03-02 11:11:25.790 17840 17962 W IgMetaConfig: 	at X.2dn.A06(:32)
03-02 11:11:25.790 17840 17962 W IgMetaConfig: 	at X.2dj.A03(:168)
03-02 11:11:25.790 17840 17962 W IgMetaConfig: 	at X.1ur.DR5(:44)
03-02 11:11:25.790 17840 17962 W IgMetaConfig: 	at X.1hy.A00(:112)
03-02 11:11:25.790 17840 17962 W IgMetaConfig: 	at X.1hy.run(:0)
03-02 11:11:25.790 17840 17962 W IgMetaConfig: 	at java.util.concurrent.ThreadPoolExecutor.runWorker(ThreadPoolExecutor.java:1154)
03-02 11:11:25.790 17840 17962 W IgMetaConfig: 	at java.util.concurrent.ThreadPoolExecutor$Worker.run(ThreadPoolExecutor.java:652)
03-02 11:11:25.790 17840 17962 W IgMetaConfig: 	at X.1iA.run(:15)
03-02 11:11:25.790 17840 17962 W IgMetaConfig: 	at java.lang.Thread.run(Thread.java:1563)
03-02 11:11:25.818 17840 17962 W AppInitScheduler|Run:   Finished QEInitializer in 71ms
03-02 11:11:25.818 17840 17962 W AppInitScheduler|Schedule:   Executing 120:MainFeedRequestHeaderInitializer
03-02 11:11:25.819 17840 17962 W AppInitScheduler|Schedule:   Executing 146:CacheMetadataLookupInitializer
03-02 11:11:25.819 17840 17962 W AppInitScheduler|Run: Running MainFeedRequestHeaderInitializer, order=19, priorityHint=null 
03-02 11:11:25.819 17840 17962 W AppInitScheduler|Run:   Finished MainFeedRequestHeaderInitializer in 0ms
03-02 11:11:25.819 17840 17962 W AppInitScheduler|Schedule:   Executing 12:StorageInitializer
03-02 11:11:25.819 17840 17962 W AppInitScheduler|Run: Running StorageInitializer, order=11, priorityHint=null 
03-02 11:11:25.820 17840 17942 W AppInitScheduler|Run: Running CacheMetadataLookupInitializer, order=86, priorityHint=null 
03-02 11:11:25.820 17840 17942 W AppInitScheduler|Run:   Finished CacheMetadataLookupInitializer in 1ms
03-02 11:11:25.820 17840 17962 E QPLProvider: QuickPerformanceLogger instance wasn't installed in provider, returning noop. Please call QuickPerformanceLoggerProvider.setQuickPerformanceLogger() before getting the instance.
03-02 11:11:25.820 17840 17962 E QPLProvider: java.lang.IllegalStateException: No QPL instance provided
03-02 11:11:25.820 17840 17962 E QPLProvider: 	at com.facebook.quicklog.QuickPerformanceLoggerProvider.getQPLInstance(Unknown Source:8)
03-02 11:11:25.820 17840 17962 E QPLProvider: 	at X.D9G.A01(Unknown Source:12)
03-02 11:11:25.820 17840 17962 E QPLProvider: 	at X.D9G.AxI(Unknown Source:2)
03-02 11:11:25.820 17840 17962 E QPLProvider: 	at X.2jm.<init>(:7)
03-02 11:11:25.820 17840 17962 E QPLProvider: 	at X.2jn.A00(:18)
03-02 11:11:25.820 17840 17962 E QPLProvider: 	at X.2jj.<init>(:16)
03-02 11:11:25.820 17840 17962 E QPLProvider: 	at X.2ji.A03(:36)
03-02 11:11:25.820 17840 17962 E QPLProvider: 	at X.1ur.DR5(:44)
03-02 11:11:25.820 17840 17962 E QPLProvider: 	at X.1hy.A00(:112)
03-02 11:11:25.820 17840 17962 E QPLProvider: 	at X.1hy.run(:0)
03-02 11:11:25.820 17840 17962 E QPLProvider: 	at java.util.concurrent.ThreadPoolExecutor.runWorker(ThreadPoolExecutor.java:1154)
03-02 11:11:25.820 17840 17962 E QPLProvider: 	at java.util.concurrent.ThreadPoolExecutor$Worker.run(ThreadPoolExecutor.java:652)
03-02 11:11:25.820 17840 17962 E QPLProvider: 	at X.1iA.run(:15)
03-02 11:11:25.820 17840 17962 E QPLProvider: 	at java.lang.Thread.run(Thread.java:1563)
03-02 11:11:25.821 17840 17962 E QPLProvider: QuickPerformanceLogger instance wasn't installed in provider, returning noop. Please call QuickPerformanceLoggerProvider.setQuickPerformanceLogger() before getting the instance.
03-02 11:11:25.821 17840 17962 E QPLProvider: java.lang.IllegalStateException: No QPL instance provided
03-02 11:11:25.821 17840 17962 E QPLProvider: 	at com.facebook.quicklog.QuickPerformanceLoggerProvider.getQPLInstance(Unknown Source:8)
03-02 11:11:25.821 17840 17962 E QPLProvider: 	at X.D9G.A01(Unknown Source:24)
03-02 11:11:25.821 17840 17962 E QPLProvider: 	at X.D9G.AxI(Unknown Source:2)
03-02 11:11:25.821 17840 17962 E QPLProvider: 	at X.2jm.<init>(:7)
03-02 11:11:25.821 17840 17962 E QPLProvider: 	at X.2jn.A00(:18)
03-02 11:11:25.821 17840 17962 E QPLProvider: 	at X.2jj.<init>(:16)
03-02 11:11:25.821 17840 17962 E QPLProvider: 	at X.2ji.A03(:36)
03-02 11:11:25.821 17840 17962 E QPLProvider: 	at X.1ur.DR5(:44)
03-02 11:11:25.821 17840 17962 E QPLProvider: 	at X.1hy.A00(:112)
03-02 11:11:25.821 17840 17962 E QPLProvider: 	at X.1hy.run(:0)
03-02 11:11:25.821 17840 17962 E QPLProvider: 	at java.util.concurrent.ThreadPoolExecutor.runWorker(ThreadPoolExecutor.java:1154)
03-02 11:11:25.821 17840 17962 E QPLProvider: 	at java.util.concurrent.ThreadPoolExecutor$Worker.run(ThreadPoolExecutor.java:652)
03-02 11:11:25.821 17840 17962 E QPLProvider: 	at X.1iA.run(:15)
03-02 11:11:25.821 17840 17962 E QPLProvider: 	at java.lang.Thread.run(Thread.java:1563)
03-02 11:11:25.822 17840 17962 E QPLProvider: QuickPerformanceLogger instance wasn't installed in provider, returning noop. Please call QuickPerformanceLoggerProvider.setQuickPerformanceLogger() before getting the instance.
03-02 11:11:25.822 17840 17962 E QPLProvider: java.lang.IllegalStateException: No QPL instance provided
03-02 11:11:25.822 17840 17962 E QPLProvider: 	at com.facebook.quicklog.QuickPerformanceLoggerProvider.getQPLInstance(Unknown Source:8)
03-02 11:11:25.822 17840 17962 E QPLProvider: 	at X.D9G.A01(Unknown Source:40)
03-02 11:11:25.822 17840 17962 E QPLProvider: 	at X.D9G.AxI(Unknown Source:2)
03-02 11:11:25.822 17840 17962 E QPLProvider: 	at X.2jm.<init>(:7)
03-02 11:11:25.822 17840 17962 E QPLProvider: 	at X.2jn.A00(:18)
03-02 11:11:25.822 17840 17962 E QPLProvider: 	at X.2jj.<init>(:16)
03-02 11:11:25.822 17840 17962 E QPLProvider: 	at X.2ji.A03(:36)
03-02 11:11:25.822 17840 17962 E QPLProvider: 	at X.1ur.DR5(:44)
03-02 11:11:25.822 17840 17962 E QPLProvider: 	at X.1hy.A00(:112)
03-02 11:11:25.822 17840 17962 E QPLProvider: 	at X.1hy.run(:0)
03-02 11:11:25.822 17840 17962 E QPLProvider: 	at java.util.concurrent.ThreadPoolExecutor.runWorker(ThreadPoolExecutor.java:1154)
03-02 11:11:25.822 17840 17962 E QPLProvider: 	at java.util.concurrent.ThreadPoolExecutor$Worker.run(ThreadPoolExecutor.java:652)
03-02 11:11:25.822 17840 17962 E QPLProvider: 	at X.1iA.run(:15)
03-02 11:11:25.822 17840 17962 E QPLProvider: 	at java.lang.Thread.run(Thread.java:1563)
03-02 11:11:25.823 17840 17962 E QPLProvider: QuickPerformanceLogger instance wasn't installed in provider, returning noop. Please call QuickPerformanceLoggerProvider.setQuickPerformanceLogger() before getting the instance.
03-02 11:11:25.823 17840 17962 E QPLProvider: java.lang.IllegalStateException: No QPL instance provided
03-02 11:11:25.823 17840 17962 E QPLProvider: 	at com.facebook.quicklog.QuickPerformanceLoggerProvider.getQPLInstance(Unknown Source:8)
03-02 11:11:25.823 17840 17962 E QPLProvider: 	at X.D9G.A01(Unknown Source:55)
03-02 11:11:25.823 17840 17962 E QPLProvider: 	at X.D9G.AxI(Unknown Source:2)
03-02 11:11:25.823 17840 17962 E QPLProvider: 	at X.2jm.<init>(:7)
03-02 11:11:25.823 17840 17962 E QPLProvider: 	at X.2jn.A00(:18)
03-02 11:11:25.823 17840 17962 E QPLProvider: 	at X.2jj.<init>(:16)
03-02 11:11:25.823 17840 17962 E QPLProvider: 	at X.2ji.A03(:36)
03-02 11:11:25.823 17840 17962 E QPLProvider: 	at X.1ur.DR5(:44)
03-02 11:11:25.823 17840 17962 E QPLProvider: 	at X.1hy.A00(:112)
03-02 11:11:25.823 17840 17962 E QPLProvider: 	at X.1hy.run(:0)
03-02 11:11:25.823 17840 17962 E QPLProvider: 	at java.util.concurrent.ThreadPoolExecutor.runWorker(ThreadPoolExecutor.java:1154)
03-02 11:11:25.823 17840 17962 E QPLProvider: 	at java.util.concurrent.ThreadPoolExecutor$Worker.run(ThreadPoolExecutor.java:652)
03-02 11:11:25.823 17840 17962 E QPLProvider: 	at X.1iA.run(:15)
03-02 11:11:25.823 17840 17962 E QPLProvider: 	at java.lang.Thread.run(Thread.java:1563)
03-02 11:11:25.823 17840 17962 E QPLProvider: QuickPerformanceLogger instance wasn't installed in provider, returning noop. Please call QuickPerformanceLoggerProvider.setQuickPerformanceLogger() before getting the instance.
03-02 11:11:25.823 17840 17962 E QPLProvider: java.lang.IllegalStateException: No QPL instance provided
03-02 11:11:25.823 17840 17962 E QPLProvider: 	at com.facebook.quicklog.QuickPerformanceLoggerProvider.getQPLInstance(Unknown Source:8)
03-02 11:11:25.823 17840 17962 E QPLProvider: 	at X.D9G.A01(Unknown Source:66)
03-02 11:11:25.823 17840 17962 E QPLProvider: 	at X.D9G.AxI(Unknown Source:2)
03-02 11:11:25.823 17840 17962 E QPLProvider: 	at X.2jm.<init>(:7)
03-02 11:11:25.823 17840 17962 E QPLProvider: 	at X.2jn.A00(:18)
03-02 11:11:25.823 17840 17962 E QPLProvider: 	at X.2jj.<init>(:16)
03-02 11:11:25.823 17840 17962 E QPLProvider: 	at X.2ji.A03(:36)
03-02 11:11:25.823 17840 17962 E QPLProvider: 	at X.1ur.DR5(:44)
03-02 11:11:25.823 17840 17962 E QPLProvider: 	at X.1hy.A00(:112)
03-02 11:11:25.823 17840 17962 E QPLProvider: 	at X.1hy.run(:0)
03-02 11:11:25.823 17840 17962 E QPLProvider: 	at java.util.concurrent.ThreadPoolExecutor.runWorker(ThreadPoolExecutor.java:1154)
03-02 11:11:25.823 17840 17962 E QPLProvider: 	at java.util.concurrent.ThreadPoolExecutor$Worker.run(ThreadPoolExecutor.java:652)
03-02 11:11:25.823 17840 17962 E QPLProvider: 	at X.1iA.run(:15)
03-02 11:11:25.823 17840 17962 E QPLProvider: 	at java.lang.Thread.run(Thread.java:1563)
03-02 11:11:25.825 17840 17962 E QPLProvider: QuickPerformanceLogger instance wasn't installed in provider, returning noop. Please call QuickPerformanceLoggerProvider.setQuickPerformanceLogger() before getting the instance.
03-02 11:11:25.825 17840 17962 E QPLProvider: java.lang.IllegalStateException: No QPL instance provided
03-02 11:11:25.825 17840 17962 E QPLProvider: 	at com.facebook.quicklog.QuickPerformanceLoggerProvider.getQPLInstance(Unknown Source:8)
03-02 11:11:25.825 17840 17962 E QPLProvider: 	at X.D9G.A01(Unknown Source:119)
03-02 11:11:25.825 17840 17962 E QPLProvider: 	at X.D9G.AxI(Unknown Source:2)
03-02 11:11:25.825 17840 17962 E QPLProvider: 	at X.2jm.<init>(:7)
03-02 11:11:25.825 17840 17962 E QPLProvider: 	at X.2jn.A00(:18)
03-02 11:11:25.825 17840 17962 E QPLProvider: 	at X.2jj.<init>(:16)
03-02 11:11:25.825 17840 17962 E QPLProvider: 	at X.2ji.A03(:36)
03-02 11:11:25.825 17840 17962 E QPLProvider: 	at X.1ur.DR5(:44)
03-02 11:11:25.825 17840 17962 E QPLProvider: 	at X.1hy.A00(:112)
03-02 11:11:25.825 17840 17962 E QPLProvider: 	at X.1hy.run(:0)
03-02 11:11:25.825 17840 17962 E QPLProvider: 	at java.util.concurrent.ThreadPoolExecutor.runWorker(ThreadPoolExecutor.java:1154)
03-02 11:11:25.825 17840 17962 E QPLProvider: 	at java.util.concurrent.ThreadPoolExecutor$Worker.run(ThreadPoolExecutor.java:652)
03-02 11:11:25.825 17840 17962 E QPLProvider: 	at X.1iA.run(:15)
03-02 11:11:25.825 17840 17962 E QPLProvider: 	at java.lang.Thread.run(Thread.java:1563)
03-02 11:11:25.825 17840 17962 E QPLProvider: QuickPerformanceLogger instance wasn't installed in provider, returning noop. Please call QuickPerformanceLoggerProvider.setQuickPerformanceLogger() before getting the instance.
03-02 11:11:25.825 17840 17962 E QPLProvider: java.lang.IllegalStateException: No QPL instance provided
03-02 11:11:25.825 17840 17962 E QPLProvider: 	at com.facebook.quicklog.QuickPerformanceLoggerProvider.getQPLInstance(Unknown Source:8)
03-02 11:11:25.825 17840 17962 E QPLProvider: 	at X.D9G.A01(Unknown Source:130)
03-02 11:11:25.825 17840 17962 E QPLProvider: 	at X.D9G.AxI(Unknown Source:2)
03-02 11:11:25.825 17840 17962 E QPLProvider: 	at X.2jm.<init>(:7)
03-02 11:11:25.825 17840 17962 E QPLProvider: 	at X.2jn.A00(:18)
03-02 11:11:25.825 17840 17962 E QPLProvider: 	at X.2jj.<init>(:16)
03-02 11:11:25.825 17840 17962 E QPLProvider: 	at X.2ji.A03(:36)
03-02 11:11:25.825 17840 17962 E QPLProvider: 	at X.1ur.DR5(:44)
03-02 11:11:25.825 17840 17962 E QPLProvider: 	at X.1hy.A00(:112)
03-02 11:11:25.825 17840 17962 E QPLProvider: 	at X.1hy.run(:0)
03-02 11:11:25.825 17840 17962 E QPLProvider: 	at java.util.concurrent.ThreadPoolExecutor.runWorker(ThreadPoolExecutor.java:1154)
03-02 11:11:25.825 17840 17962 E QPLProvider: 	at java.util.concurrent.ThreadPoolExecutor$Worker.run(ThreadPoolExecutor.java:652)
03-02 11:11:25.825 17840 17962 E QPLProvider: 	at X.1iA.run(:15)
03-02 11:11:25.825 17840 17962 E QPLProvider: 	at java.lang.Thread.run(Thread.java:1563)
03-02 11:11:25.826 17840 17962 E QPLProvider: QuickPerformanceLogger instance wasn't installed in provider, returning noop. Please call QuickPerformanceLoggerProvider.setQuickPerformanceLogger() before getting the instance.
03-02 11:11:25.826 17840 17962 E QPLProvider: java.lang.IllegalStateException: No QPL instance provided
03-02 11:11:25.826 17840 17962 E QPLProvider: 	at com.facebook.quicklog.QuickPerformanceLoggerProvider.getQPLInstance(Unknown Source:8)
03-02 11:11:25.826 17840 17962 E QPLProvider: 	at X.D9G.A01(Unknown Source:144)
03-02 11:11:25.826 17840 17962 E QPLProvider: 	at X.D9G.AxI(Unknown Source:2)
03-02 11:11:25.826 17840 17962 E QPLProvider: 	at X.2jm.<init>(:7)
03-02 11:11:25.826 17840 17962 E QPLProvider: 	at X.2jn.A00(:18)
03-02 11:11:25.826 17840 17962 E QPLProvider: 	at X.2jj.<init>(:16)
03-02 11:11:25.826 17840 17962 E QPLProvider: 	at X.2ji.A03(:36)
03-02 11:11:25.826 17840 17962 E QPLProvider: 	at X.1ur.DR5(:44)
03-02 11:11:25.826 17840 17962 E QPLProvider: 	at X.1hy.A00(:112)
03-02 11:11:25.826 17840 17962 E QPLProvider: 	at X.1hy.run(:0)
03-02 11:11:25.826 17840 17962 E QPLProvider: 	at java.util.concurrent.ThreadPoolExecutor.runWorker(ThreadPoolExecutor.java:1154)
03-02 11:11:25.826 17840 17962 E QPLProvider: 	at java.util.concurrent.ThreadPoolExecutor$Worker.run(ThreadPoolExecutor.java:652)
03-02 11:11:25.826 17840 17962 E QPLProvider: 	at X.1iA.run(:15)
03-02 11:11:25.826 17840 17962 E QPLProvider: 	at java.lang.Thread.run(Thread.java:1563)
03-02 11:11:25.827 17840 17962 E QPLProvider: QuickPerformanceLogger instance wasn't installed in provider, returning noop. Please call QuickPerformanceLoggerProvider.setQuickPerformanceLogger() before getting the instance.
03-02 11:11:25.827 17840 17962 E QPLProvider: java.lang.IllegalStateException: No QPL instance provided
03-02 11:11:25.827 17840 17962 E QPLProvider: 	at com.facebook.quicklog.QuickPerformanceLoggerProvider.getQPLInstance(Unknown Source:8)
03-02 11:11:25.827 17840 17962 E QPLProvider: 	at X.D9G.A01(Unknown Source:168)
03-02 11:11:25.827 17840 17962 E QPLProvider: 	at X.D9G.AxI(Unknown Source:2)
03-02 11:11:25.827 17840 17962 E QPLProvider: 	at X.2jm.<init>(:7)
03-02 11:11:25.827 17840 17962 E QPLProvider: 	at X.2jn.A00(:18)
03-02 11:11:25.827 17840 17962 E QPLProvider: 	at X.2jj.<init>(:16)
03-02 11:11:25.827 17840 17962 E QPLProvider: 	at X.2ji.A03(:36)
03-02 11:11:25.827 17840 17962 E QPLProvider: 	at X.1ur.DR5(:44)
03-02 11:11:25.827 17840 17962 E QPLProvider: 	at X.1hy.A00(:112)
03-02 11:11:25.827 17840 17962 E QPLProvider: 	at X.1hy.run(:0)
03-02 11:11:25.827 17840 17962 E QPLProvider: 	at java.util.concurrent.ThreadPoolExecutor.runWorker(ThreadPoolExecutor.java:1154)
03-02 11:11:25.827 17840 17962 E QPLProvider: 	at java.util.concurrent.ThreadPoolExecutor$Worker.run(ThreadPoolExecutor.java:652)
03-02 11:11:25.827 17840 17962 E QPLProvider: 	at X.1iA.run(:15)
03-02 11:11:25.827 17840 17962 E QPLProvider: 	at java.lang.Thread.run(Thread.java:1563)
03-02 11:11:25.828 17840 17962 W AppInitScheduler|Run:   Finished StorageInitializer in 9ms
03-02 11:11:25.828 17840 17962 W AppInitScheduler|Schedule:   Executing 44:DevToolInitializer
03-02 11:11:25.828 17840 17962 W AppInitScheduler|Run: Running DevToolInitializer, order=13, priorityHint=null 
03-02 11:11:25.829 17840 17962 W AppInitScheduler|Run:   Finished DevToolInitializer in 1ms
03-02 11:11:25.829 17840 17962 W AppInitScheduler|Schedule:   Executing 115:EagerReelRequestBuilder
03-02 11:11:25.829 17840 17962 W AppInitScheduler|Run: Running EagerReelRequestBuilder, order=96, priorityHint=null 
03-02 11:11:25.829 17840 17962 W AppInitScheduler|Run:   Finished EagerReelRequestBuilder in 0ms
03-02 11:11:25.830 17840 17962 W AppInitScheduler|Schedule:   Executing 15:TNTSInitializer
03-02 11:11:25.830 17840 17962 W AppInitScheduler|Run: Running TNTSInitializer, order=14, priorityHint=null 
03-02 11:11:25.831 17840 17962 W stagram.android: JNI RegisterNativeMethods: attempt to register 0 native methods for com.facebook.traffic.nts.providers.http.HttpProviderAppLayerUpcallsImpl
03-02 11:11:25.838   921  1467 W EventThreadInspector: slow VSync-app on display(4627039422300187648) count=2, avg=42 ms, max=44 ms.
03-02 11:11:25.839 17840 17962 W AppInitScheduler|Run:   Finished TNTSInitializer in 9ms
03-02 11:11:25.839 17840 17962 W AppInitScheduler|Schedule:   Executing 16:HttpServiceInitializer
03-02 11:11:25.839 17840 17962 W AppInitScheduler|Run: Running HttpServiceInitializer, order=15, priorityHint=null 
03-02 11:11:25.851 17840 17911 D nativeloader: Load /data/data/com.instagram.android/lib-compressed/libscrollmerged.so using class loader ns clns-7 (caller=/data/app/~~9XGqlD0VagabgcI_VANKpQ==/com.instagram.android-cvlzusJbsYajdvL5zp8jzg==/base.apk!classes16.dex): ok
03-02 11:11:25.854 17840 17962 W AppInitScheduler|Run:   Finished HttpServiceInitializer in 15ms
03-02 11:11:25.854 17840 17962 W AppInitScheduler|Schedule:   Executing 133:HttpStoresInitializer
03-02 11:11:25.854 17840 17962 W AppInitScheduler|Run: Running HttpStoresInitializer, order=16, priorityHint=null 
03-02 11:11:25.855 17840 17962 W AppInitScheduler|Run:   Finished HttpStoresInitializer in 1ms
03-02 11:11:25.855 17840 17962 W AppInitScheduler|Schedule:   Executing 17:FeedRequestInitializer
03-02 11:11:25.855 17840 17962 W AppInitScheduler|Run: Running FeedRequestInitializer, order=17, priorityHint=null 
03-02 11:11:25.871  1621  5247 D ConnectivityService: requestNetwork for uid/pid:10301/17840 activeRequest: null callbackRequest: 242413 [NetworkRequest [ REQUEST id=242414, [ Capabilities: INTERNET&NOT_RESTRICTED&TRUSTED&NOT_VCN_MANAGED&NOT_BANDWIDTH_CONSTRAINED Uid: 10301 RequestorUid: 10301 RequestorPkg: com.instagram.android UnderlyingNetworks: Null] ]] callback flags: 0 order: 2147483647 isUidTracked: false declaredMethods: AVAIL|LOST|NC
03-02 11:11:25.878  1621  4238 D ConnectivityService: Returning UNBLOCKED NetworkInfo to uid=10301
03-02 11:11:25.880  1621  1843 D WifiNetworkFactory: got request NetworkRequest [ REQUEST id=242414, [ Capabilities: INTERNET&NOT_RESTRICTED&TRUSTED&NOT_VCN_MANAGED&NOT_BANDWIDTH_CONSTRAINED Uid: 10301 RequestorUid: 10301 RequestorPkg: com.instagram.android UnderlyingNetworks: Null] ]
03-02 11:11:25.880  1621  1843 D UntrustedWifiNetworkFactory: got request NetworkRequest [ REQUEST id=242414, [ Capabilities: INTERNET&NOT_RESTRICTED&TRUSTED&NOT_VCN_MANAGED&NOT_BANDWIDTH_CONSTRAINED Uid: 10301 RequestorUid: 10301 RequestorPkg: com.instagram.android UnderlyingNetworks: Null] ]
03-02 11:11:25.880  1621  1843 D OemPaidWifiNetworkFactory: got request NetworkRequest [ REQUEST id=242414, [ Capabilities: INTERNET&NOT_RESTRICTED&TRUSTED&NOT_VCN_MANAGED&NOT_BANDWIDTH_CONSTRAINED Uid: 10301 RequestorUid: 10301 RequestorPkg: com.instagram.android UnderlyingNetworks: Null] ]
03-02 11:11:25.882  1621  1856 D ConnectivityService: NetReassign [242414 : null ΓåÆ 255] [c 0] [a 1] [i 7]
03-02 11:11:25.884  1621  1843 D MultiInternetWifiNetworkFactory: got request NetworkRequest [ REQUEST id=242414, [ Capabilities: INTERNET&NOT_RESTRICTED&TRUSTED&NOT_VCN_MANAGED&NOT_BANDWIDTH_CONSTRAINED Uid: 10301 RequestorUid: 10301 RequestorPkg: com.instagram.android UnderlyingNetworks: Null] ]
03-02 11:11:25.892   589 12889 I keystore2: system/security/keystore2/src/security_level.rs:227 - entry create_operation
03-02 11:11:25.892   589 12889 I keystore2: system/security/keystore2/src/security_level.rs:232 - key: domain:r#KEY_ID, nspace:8873070278082301568, alias:None, blob:None
03-02 11:11:25.894   589 12889 I keystore2: system/security/keystore2/src/security_level.rs:882 - entry upgrade_keyblob_if_required_with
03-02 11:11:25.894   589 12889 I keystore2: system/security/keystore2/src/security_level.rs:347 - In KeystoreSecurityLevel::create_operation: calling begin
03-02 11:11:25.894   590   590 I beanpodkeymaster: Enter BeanpodKeymaster BeginOperation
03-02 11:11:25.895   590   590 I beanpodkeymaster: cmd:4 Received 24 byte response
03-02 11:11:25.895   590   590 I beanpodkeymaster: Exit BeanpodKeymaster BeginOperation
03-02 11:11:25.895   589 12889 I keystore2: system/security/keystore2/src/security_level.rs:381 - upgraded_blob: None
03-02 11:11:25.900   590   590 I beanpodkeymaster: Enter BeanpodKeymaster UpdateOperation
03-02 11:11:25.901   590   590 I beanpodkeymaster: cmd:8 Received 520 byte response
03-02 11:11:25.901   590   590 I beanpodkeymaster: Exit BeanpodKeymaster UpdateOperation
03-02 11:11:25.902   590   590 I beanpodkeymaster: Enter BeanpodKeymaster UpdateOperation
03-02 11:11:25.902   590   590 I beanpodkeymaster: cmd:8 Received 36 byte response
03-02 11:11:25.902   590   590 I beanpodkeymaster: Exit BeanpodKeymaster UpdateOperation
03-02 11:11:25.904   590   590 I beanpodkeymaster: Enter BeanpodKeymaster FinishOperation
03-02 11:11:25.904   590   590 I beanpodkeymaster: cmd:c Received 20 byte response
03-02 11:11:25.904   590   590 I beanpodkeymaster: Exit BeanpodKeymaster FinishOperation
03-02 11:11:25.910 17840 17962 W AppInitScheduler|Run:   Finished FeedRequestInitializer in 55ms
03-02 11:11:25.910 17840 17962 W AppInitScheduler|Schedule:   Executing 114:EagerReelNetworkRequestInitializer
03-02 11:11:25.910 17840 17962 W AppInitScheduler|Run: Running EagerReelNetworkRequestInitializer, order=41, priorityHint=null 
03-02 11:11:25.910 17840 17962 W AppInitScheduler|Run:   Finished EagerReelNetworkRequestInitializer in 0ms
03-02 11:11:25.910 17840 17962 W AppInitScheduler|Schedule:   Executing 117:IgSharedPreferencesInitializer
03-02 11:11:25.911 17840 17962 W AppInitScheduler|Run: Running IgSharedPreferencesInitializer, order=26, priorityHint=null 
03-02 11:11:25.916 17840 17962 W AppInitScheduler|Run:   Finished IgSharedPreferencesInitializer in 5ms
03-02 11:11:25.916 17840 17962 W AppInitScheduler|Schedule:   Executing 122:IgDataStoreInitializer
03-02 11:11:25.916 17840 17962 W AppInitScheduler|Run: Running IgDataStoreInitializer, order=27, priorityHint=null 
03-02 11:11:25.917 17840 17962 W AppInitScheduler|Run:   Finished IgDataStoreInitializer in 1ms
03-02 11:11:25.917 17840 17962 W AppInitScheduler|Schedule:   Executing 18:QPLInitializer
03-02 11:11:25.917 17840 17962 W AppInitScheduler|Run: Running QPLInitializer, order=29, priorityHint=null 
03-02 11:11:25.924  1621  2740 D FileUtils: Rounded bytes from 8055762944 to 16000000000
03-02 11:11:25.926 17840 17948 E QPLProvider: QuickPerformanceLogger instance wasn't installed in provider, returning noop. Please call QuickPerformanceLoggerProvider.setQuickPerformanceLogger() before getting the instance.
03-02 11:11:25.926 17840 17948 E QPLProvider: java.lang.IllegalStateException: No QPL instance provided
03-02 11:11:25.926 17840 17948 E QPLProvider: 	at com.facebook.quicklog.QuickPerformanceLoggerProvider.getQPLInstance(Unknown Source:8)
03-02 11:11:25.926 17840 17948 E QPLProvider: 	at com.facebook.quicklog.QuickPerformanceLoggerNativeProvider.getQPLInstance(:0)
03-02 11:11:25.926 17840 17948 E QPLProvider: 	at com.instagram.service.tigon.interceptors.zerorewritenative.ZeroNativeRequestInterceptor.initHybrid(Native Method)
03-02 11:11:25.926 17840 17948 E QPLProvider: 	at com.instagram.service.tigon.interceptors.zerorewritenative.ZeroNativeRequestInterceptor.<init>(:162)
03-02 11:11:25.926 17840 17948 E QPLProvider: 	at X.2ss.<init>(:215)
03-02 11:11:25.926 17840 17948 E QPLProvider: 	at X.2sl.A00(:18)
03-02 11:11:25.926 17840 17948 E QPLProvider: 	at X.2nA.get(:256)
03-02 11:11:25.926 17840 17948 E QPLProvider: 	at X.2nb.A01(:9)
03-02 11:11:25.926 17840 17948 E QPLProvider: 	at X.2nc.run(:133)
03-02 11:11:25.926 17840 17948 E QPLProvider: 	at X.1ox.run(:25)
03-02 11:11:25.926 17840 17948 E QPLProvider: 	at X.2db.run(:16)
03-02 11:11:25.926 17840 17948 E QPLProvider: 	at X.1ox.run(:25)
03-02 11:11:25.926 17840 17948 E QPLProvider: 	at java.util.concurrent.ThreadPoolExecutor.runWorker(ThreadPoolExecutor.java:1154)
03-02 11:11:25.926 17840 17948 E QPLProvider: 	at java.util.concurrent.ThreadPoolExecutor$Worker.run(ThreadPoolExecutor.java:652)
03-02 11:11:25.926 17840 17948 E QPLProvider: 	at X.1pb.run(:113)
03-02 11:11:25.926 17840 17948 E QPLProvider: 	at java.lang.Thread.run(Thread.java:1563)
03-02 11:11:25.926 17840 17948 E QPLProvider: 	at X.1pc.run(:8)
03-02 11:11:25.932   589 12889 I keystore2: system/security/keystore2/src/security_level.rs:227 - entry create_operation
03-02 11:11:25.932   589 12889 I keystore2: system/security/keystore2/src/security_level.rs:232 - key: domain:r#KEY_ID, nspace:7680744523586188514, alias:None, blob:None
03-02 11:11:25.934   589 12889 I keystore2: system/security/keystore2/src/security_level.rs:882 - entry upgrade_keyblob_if_required_with
03-02 11:11:25.934   589 12889 I keystore2: system/security/keystore2/src/security_level.rs:347 - In KeystoreSecurityLevel::create_operation: calling begin
03-02 11:11:25.939   590   590 I beanpodkeymaster: Enter BeanpodKeymaster BeginOperation
03-02 11:11:25.939   590   590 I beanpodkeymaster: cmd:4 Received 24 byte response
03-02 11:11:25.939   590   590 I beanpodkeymaster: Exit BeanpodKeymaster BeginOperation
03-02 11:11:25.940   589 12889 I keystore2: system/security/keystore2/src/security_level.rs:381 - upgraded_blob: None
03-02 11:11:25.943 17840 17962 W AppInitScheduler|Run:   Finished QPLInitializer in 26ms
03-02 11:11:25.944 17840 17962 W AppInitScheduler|Schedule:   Executing 148:HomecomingClipsTabInitializer
