03-02 10:09:03.267  1999  1999 E ClipAnimationHelper: updateSourceStack  mSourceInsets=Rect(0, 0 - 0, 0), mSourceStackBounds=Rect(0, 0 - 1080, 2460)
03-02 10:09:03.268  1999  1999 D ClipAnimationHelper: updateSourceStackBounds, mSourceStackBounds=Rect(0, 0 - 1080, 2460)
03-02 10:09:03.268  1999  1999 E ClipAnimationHelper: updateHomeStack  mSourceInsets=Rect(0, 0 - 0, 0), mHomeStackBounds=Rect(0, 0 - 1080, 2460)
03-02 10:09:03.268  1999  1999 E ClipAnimationHelper: updateTargetRect  mSourceRect=RectF(0.0, 0.0, 1080.0, 2460.0)   mTargetRect=RectF(0.0, 0.0, 1080.0, 2460.0)   mSourceWindowClipInsets=RectF(0.0, 0.0, 0.0, 0.0)   mHomeStackBounds=Rect(0, 0 - 1080, 2460)   targetRect=Rect(0, 0 - 1080, 2460)
03-02 10:09:03.268  1999  1999 I WindowAnimParamsProvider: startClosingWindowAnimators:startRect=RectF(0.0, 0.0, 1080.0, 2460.0), targetRect=Rect(504, 784 - 576, 856), startRadius=110.0, endRadius=20.0, animType==CLOSE_TO_HOME_CENTER, isMultiProcessMinusScreenShowing=false, currentRotation=0, homeRotation=0, isUseSimpleAnim=true, isSingleSideBack= false, withoutShortcutAnim= false
03-02 10:09:03.268  1999  1999 D HomeLayerElement: bindHomeLeash com.android.systemui.shared.recents.system.SurfaceControlCompat@c86e4a6
03-02 10:09:03.268  1999  1999 D HomeLayerElement: java.lang.Exception
03-02 10:09:03.268  1999  1999 D HomeLayerElement: 	at com.miui.home.recents.anim.HomeLayerElement.bindHomeLeash(HomeLayerElement.kt:85)
03-02 10:09:03.268  1999  1999 D HomeLayerElement: 	at com.miui.home.recents.anim.WindowElement.onClosingWindowTransitionExecute$lambda-9(WindowElement.kt:416)
03-02 10:09:03.268  1999  1999 D HomeLayerElement: 	at com.miui.home.recents.anim.WindowElement.$r8$lambda$4vBY0vyx5GyPPzPO6CeZtw3aGOs(Unknown Source:0)
03-02 10:09:03.268  1999  1999 D HomeLayerElement: 	at com.miui.home.recents.anim.WindowElement$$ExternalSyntheticLambda11.run(Unknown Source:8)
03-02 10:09:03.268  1999  1999 D HomeLayerElement: 	at com.miui.home.library.utils.LooperExecutor.execute(LooperExecutor.java:43)
03-02 10:09:03.268  1999  1999 D HomeLayerElement: 	at com.miui.home.recents.anim.WindowElement.onClosingWindowTransitionExecute(WindowElement.kt:397)
03-02 10:09:03.268  1999  1999 D HomeLayerElement: 	at com.miui.home.recents.anim.WindowElement.onClosingWindowTransitionExecute$default(WindowElement.kt:395)
03-02 10:09:03.268  1999  1999 D HomeLayerElement: 	at com.miui.home.recents.anim.WindowElement$init$1.onClosingWindowTransitionStart(WindowElement.kt:1162)
03-02 10:09:03.268  1999  1999 D HomeLayerElement: 	at com.android.systemui.shared.recents.system.WindowTransitionCompat$2.lambda$startAnimation$0(WindowTransitionCompat.java:257)
03-02 10:09:03.268  1999  1999 D HomeLayerElement: 	at com.android.systemui.shared.recents.system.WindowTransitionCompat$2.$r8$lambda$hcqKCUwnRuMqtvMJ6DPLae5xnFA(Unknown Source:0)
03-02 10:09:03.268  1999  1999 D HomeLayerElement: 	at com.android.systemui.shared.recents.system.WindowTransitionCompat$2$$ExternalSyntheticLambda0.run(Unknown Source:10)
03-02 10:09:03.268  1999  1999 D HomeLayerElement: 	at com.miui.home.library.utils.LooperExecutor.execute(LooperExecutor.java:43)
03-02 10:09:03.268  1999  1999 D HomeLayerElement: 	at com.android.systemui.shared.recents.system.WindowTransitionCompat$2.startAnimation(WindowTransitionCompat.java:267)
03-02 10:09:03.268  1999  1999 D HomeLayerElement: 	at com.android.systemui.shared.recents.system.WindowTransitionCompat.wrapRemoteTransition(WindowTransitionCompat.java:745)
03-02 10:09:03.268  1999  1999 D HomeLayerElement: 	at com.miui.home.recents.anim.WindowElement.injectRemoteTransition(WindowElement.kt:687)
03-02 10:09:03.268  1999  1999 D HomeLayerElement: 	at com.miui.home.recents.anim.StateManager$CommonState.handleEvent(StateManager.kt:1291)
03-02 10:09:03.268  1999  1999 D HomeLayerElement: 	at com.miui.home.recents.anim.StateManager.handleEventActually(StateManager.kt:112)
03-02 10:09:03.268  1999  1999 D HomeLayerElement: 	at com.miui.home.recents.anim.StateManager.sendEventActually$lambda-0(StateManager.kt:99)
03-02 10:09:03.268  1999  1999 D HomeLayerElement: 	at com.miui.home.recents.anim.StateManager.$r8$lambda$C-kZp_X93nanDwYsUFIjH_GwEtM(Unknown Source:0)
03-02 10:09:03.268  1999  1999 D HomeLayerElement: 	at com.miui.home.recents.anim.StateManager$$ExternalSyntheticLambda3.run(Unknown Source:4)
03-02 10:09:03.268  1999  1999 D HomeLayerElement: 	at android.os.Handler.handleCallback(Handler.java:959)
03-02 10:09:03.268  1999  1999 D HomeLayerElement: 	at android.os.Handler.dispatchMessage(Handler.java:100)
03-02 10:09:03.268  1999  1999 D HomeLayerElement: 	at android.os.Looper.loopOnce(Looper.java:249)
03-02 10:09:03.268  1999  1999 D HomeLayerElement: 	at android.os.Looper.loop(Looper.java:337)
03-02 10:09:03.268  1999  1999 D HomeLayerElement: 	at android.app.ActivityThread.main(ActivityThread.java:9500)
03-02 10:09:03.268  1999  1999 D HomeLayerElement: 	at java.lang.reflect.Method.invoke(Native Method)
03-02 10:09:03.268  1999  1999 D HomeLayerElement: 	at com.android.internal.os.RuntimeInit$MethodAndArgsCaller.run(RuntimeInit.java:636)
03-02 10:09:03.268  1999  1999 D HomeLayerElement: 	at com.android.internal.os.ZygoteInit.main(ZygoteInit.java:1005)
03-02 10:09:03.268  1999  1999 I AnimStateManager: onAnimParamsReady windowElement = com.miui.home.recents.anim.WindowElement@4049b21
03-02 10:09:03.268  1999  1999 D WallpaperElement: setTo   zoomOut=1.14 useWallpaperAnim = false
03-02 10:09:03.268  1999  1999 D RecentBlurViewElement: setTo: params = RecentBlurParams(blurRadius=0.0, dimming=1.0, dampingRatio=0.95, response=0.3) blurView = null
03-02 10:09:03.269  1999  1999 D WindowElement: 4049b21 animTo, params=RectFParams(targetApps=com.miui.home.recents.util.RemoteAnimationTargetSet@9c7ba94, startRect=RectF(0.0, 0.0, 1080.0, 2460.0), targetRect=RectF(504.0, 784.0, 576.0, 856.0), startRadius=110.0, endRadius=20.0, startAlpha=1.0, endAlpha=0.0, animType=CLOSE_TO_HOME_CENTER, ignoreIcon=false, showTask=false, isQuickSwitchMode=false, targetView=null, animListener=com.miui.home.recents.anim.WindowAnimParamsProvider$getClosingWindowAnimParams$animListener$1@75bb93d, clipAnimationHelper=com.miui.home.recents.util.ClipAnimationHelper@6aca532, clearLastListener=false, currentDisplayRotation=0, homeRotation=0, needFinishOnAnimEnd=true, currentTaskIndex=0, isSplitModeBack=false, isUseTranslucentAnim=false, runningTaskId=0, touchRange=2, hasAnimTarget=false), isRunning()=false
03-02 10:09:03.269  1999  1999 D WindowElement: 4049b21 updateFloatingIconView, animType=CLOSE_TO_HOME_CENTER
03-02 10:09:03.269  1999  1999 D WindowElement: 4049b21 updateFloatingIconView, oldTargetView=null, params.targetView=null
03-02 10:09:03.269  1999  1999 D WindowElement: 4049b21 updateFloatingIconView, targetView is same
03-02 10:09:03.269  1999  1999 D WindowElement: 4049b21 bindIconLayerLeashIfNeeded false  null  Surface(name=TL_Surface(name=Task=1#47)/@0x7eaeb9c_transition-leash#132987)/@0xad811f6 target = null
03-02 10:09:03.269  1999  1999 D WindowAnimImplementorDispatcher: 4049b21 animTo by com.miui.home.recents.anim.windowanim.LocalWindowAnimImplementor@883c283
03-02 10:09:03.269  1999  1999 D ShortcutMenuLayerElement: animTo, params=ShortcutMenuLayerParams(alpha=1.0, scaleX=1.0, scaleY=1.0, dampingRation=1.2, response=0.5, isSurfaceChange=true)
03-02 10:09:03.269  1999  1999 D ShortcutMenuLayerElement: java.lang.Exception
03-02 10:09:03.269  1999  1999 D ShortcutMenuLayerElement: 	at com.miui.home.recents.anim.ShortcutMenuLayerElement.animTo(ShortcutMenuLayerElement.kt:247)
03-02 10:09:03.269  1999  1999 D ShortcutMenuLayerElement: 	at com.miui.home.recents.anim.StateManager.handleAllElementParams(StateManager.kt:308)
03-02 10:09:03.269  1999  1999 D ShortcutMenuLayerElement: 	at com.miui.home.recents.anim.StateManager.onAnimParamsReady(StateManager.kt:240)
03-02 10:09:03.269  1999  1999 D ShortcutMenuLayerElement: 	at com.miui.home.recents.anim.StateManager.onAnimParamsReady$default(StateManager.kt:237)
03-02 10:09:03.269  1999  1999 D ShortcutMenuLayerElement: 	at com.miui.home.recents.anim.WindowElement.onClosingWindowTransitionExecute$lambda-9(WindowElement.kt:427)
03-02 10:09:03.269  1999  1999 D ShortcutMenuLayerElement: 	at com.miui.home.recents.anim.WindowElement.$r8$lambda$4vBY0vyx5GyPPzPO6CeZtw3aGOs(Unknown Source:0)
03-02 10:09:03.269  1999  1999 D ShortcutMenuLayerElement: 	at com.miui.home.recents.anim.WindowElement$$ExternalSyntheticLambda11.run(Unknown Source:8)
03-02 10:09:03.269  1999  1999 D ShortcutMenuLayerElement: 	at com.miui.home.library.utils.LooperExecutor.execute(LooperExecutor.java:43)
03-02 10:09:03.269  1999  1999 D ShortcutMenuLayerElement: 	at com.miui.home.recents.anim.WindowElement.onClosingWindowTransitionExecute(WindowElement.kt:397)
03-02 10:09:03.269  1999  1999 D ShortcutMenuLayerElement: 	at com.miui.home.recents.anim.WindowElement.onClosingWindowTransitionExecute$default(WindowElement.kt:395)
03-02 10:09:03.269  1999  1999 D ShortcutMenuLayerElement: 	at com.miui.home.recents.anim.WindowElement$init$1.onClosingWindowTransitionStart(WindowElement.kt:1162)
03-02 10:09:03.269  1999  1999 D ShortcutMenuLayerElement: 	at com.android.systemui.shared.recents.system.WindowTransitionCompat$2.lambda$startAnimation$0(WindowTransitionCompat.java:257)
03-02 10:09:03.269  1999  1999 D ShortcutMenuLayerElement: 	at com.android.systemui.shared.recents.system.WindowTransitionCompat$2.$r8$lambda$hcqKCUwnRuMqtvMJ6DPLae5xnFA(Unknown Source:0)
03-02 10:09:03.269  1999  1999 D ShortcutMenuLayerElement: 	at com.android.systemui.shared.recents.system.WindowTransitionCompat$2$$ExternalSyntheticLambda0.run(Unknown Source:10)
03-02 10:09:03.269  1999  1999 D ShortcutMenuLayerElement: 	at com.miui.home.library.utils.LooperExecutor.execute(LooperExecutor.java:43)
03-02 10:09:03.269  1999  1999 D ShortcutMenuLayerElement: 	at com.android.systemui.shared.recents.system.WindowTransitionCompat$2.startAnimation(WindowTransitionCompat.java:267)
03-02 10:09:03.269  1999  1999 D ShortcutMenuLayerElement: 	at com.android.systemui.shared.recents.system.WindowTransitionCompat.wrapRemoteTransition(WindowTransitionCompat.java:745)
03-02 10:09:03.269  1999  1999 D ShortcutMenuLayerElement: 	at com.miui.home.recents.anim.WindowElement.injectRemoteTransition(WindowElement.kt:687)
03-02 10:09:03.269  1999  1999 D ShortcutMenuLayerElement: 	at com.miui.home.recents.anim.StateManager$CommonState.handleEvent(StateManager.kt:1291)
03-02 10:09:03.269  1999  1999 D ShortcutMenuLayerElement: 	at com.miui.home.recents.anim.StateManager.handleEventActually(StateManager.kt:112)
03-02 10:09:03.269  1999  1999 D ShortcutMenuLayerElement: 	at com.miui.home.recents.anim.StateManager.sendEventActually$lambda-0(StateManager.kt:99)
03-02 10:09:03.269  1999  1999 D ShortcutMenuLayerElement: 	at com.miui.home.recents.anim.StateManager.$r8$lambda$C-kZp_X93nanDwYsUFIjH_GwEtM(Unknown Source:0)
03-02 10:09:03.269  1999  1999 D ShortcutMenuLayerElement: 	at com.miui.home.recents.anim.StateManager$$ExternalSyntheticLambda3.run(Unknown Source:4)
03-02 10:09:03.269  1999  1999 D ShortcutMenuLayerElement: 	at android.os.Handler.handleCallback(Handler.java:959)
03-02 10:09:03.269  1999  1999 D ShortcutMenuLayerElement: 	at android.os.Handler.dispatchMessage(Handler.java:100)
03-02 10:09:03.269  1999  1999 D ShortcutMenuLayerElement: 	at android.os.Looper.loopOnce(Looper.java:249)
03-02 10:09:03.269  1999  1999 D ShortcutMenuLayerElement: 	at android.os.Looper.loop(Looper.java:337)
03-02 10:09:03.269  1999  1999 D ShortcutMenuLayerElement: 	at android.app.ActivityThread.main(ActivityThread.java:9500)
03-02 10:09:03.269  1999  1999 D ShortcutMenuLayerElement: 	at java.lang.reflect.Method.invoke(Native Method)
03-02 10:09:03.269  1999  1999 D ShortcutMenuLayerElement: 	at com.android.internal.os.RuntimeInit$MethodAndArgsCaller.run(RuntimeInit.java:636)
03-02 10:09:03.269  1999  1999 D ShortcutMenuLayerElement: 	at com.android.internal.os.ZygoteInit.main(ZygoteInit.java:1005)
03-02 10:09:03.270  1999  2652 D LocalWindowAnimImplementor: animTo, params=RectFParams(targetApps=com.miui.home.recents.util.RemoteAnimationTargetSet@9c7ba94, startRect=RectF(0.0, 0.0, 1080.0, 2460.0), targetRect=RectF(504.0, 784.0, 576.0, 856.0), startRadius=110.0, endRadius=20.0, startAlpha=1.0, endAlpha=0.0, animType=CLOSE_TO_HOME_CENTER, ignoreIcon=false, showTask=false, isQuickSwitchMode=false, targetView=null, animListener=com.miui.home.recents.anim.WindowAnimParamsProvider$getClosingWindowAnimParams$animListener$1@75bb93d, clipAnimationHelper=com.miui.home.recents.util.ClipAnimationHelper@6aca532, clearLastListener=false, currentDisplayRotation=0, homeRotation=0, needFinishOnAnimEnd=true, currentTaskIndex=0, isSplitModeBack=false, isUseTranslucentAnim=false, runningTaskId=0, touchRange=2, hasAnimTarget=false), isRunningAndNotRequestEndOrCancel()=false
03-02 10:09:03.270  1999  1999 D WallpaperElement: animTo   zoomOut=1.0 useWallpaperAnim=false
03-02 10:09:03.270  1999  1999 D RecentBlurViewElement: animTo: params = RecentBlurParams(blurRadius=0.0, dimming=0.0, dampingRatio=0.95, response=0.45) blurView = null
03-02 10:09:03.270  1999  2652 I RectFSpringAnim: setStartRect = RectF(0.0, 0.0, 1080.0, 2460.0)
03-02 10:09:03.270  1999  2652 I RectFSpringAnim: java.lang.Exception
03-02 10:09:03.270  1999  2652 I RectFSpringAnim: 	at com.miui.home.recents.util.RectFSpringAnim.setStartRect(RectFSpringAnim.java:384)
03-02 10:09:03.270  1999  2652 I RectFSpringAnim: 	at com.miui.home.recents.util.RectFSpringAnim.resetAnimValue(RectFSpringAnim.java:283)
03-02 10:09:03.270  1999  2652 I RectFSpringAnim: 	at com.miui.home.recents.util.RectFSpringAnim.reset(RectFSpringAnim.java:301)
03-02 10:09:03.270  1999  2652 I RectFSpringAnim: 	at com.miui.home.recents.anim.windowanim.LocalWindowAnimImplementor.animResetReady(LocalWindowAnimImplementor.kt:291)
03-02 10:09:03.270  1999  2652 I RectFSpringAnim: 	at com.miui.home.recents.anim.windowanim.LocalWindowAnimImplementor.animTo$lambda-2(LocalWindowAnimImplementor.kt:147)
03-02 10:09:03.270  1999  2652 I RectFSpringAnim: 	at com.miui.home.recents.anim.windowanim.LocalWindowAnimImplementor.$r8$lambda$Ewy9u0e__x-TZvI2w2yZMTdFjGs(Unknown Source:0)
03-02 10:09:03.270  1999  2652 I RectFSpringAnim: 	at com.miui.home.recents.anim.windowanim.LocalWindowAnimImplementor$$ExternalSyntheticLambda1.run(Unknown Source:4)
03-02 10:09:03.270  1999  2652 I RectFSpringAnim: 	at android.os.Handler.handleCallback(Handler.java:959)
03-02 10:09:03.270  1999  2652 I RectFSpringAnim: 	at android.os.Handler.dispatchMessage(Handler.java:100)
03-02 10:09:03.270  1999  2652 I RectFSpringAnim: 	at android.os.Looper.loopOnce(Looper.java:249)
03-02 10:09:03.270  1999  2652 I RectFSpringAnim: 	at android.os.Looper.loop(Looper.java:337)
03-02 10:09:03.270  1999  2652 I RectFSpringAnim: 	at android.os.HandlerThread.run(HandlerThread.java:85)
03-02 10:09:03.270  1999  2652 I RectFSpringAnim: resetAnimValue KEY_SURFACE_EXT_ALPHA mTargetRect = RectF(504.0, 784.0, 576.0, 856.0) endAlpha=0.0
03-02 10:09:03.270  1999  2652 D RectFSpringAnim: clearRectFSpringAnimListener
03-02 10:09:03.270  1999  2652 I RectFSpringAnim: changeAnimStart start=false
03-02 10:09:03.270  1999  2652 D LocalWindowAnimImplementor: animResetReady, reset mAnim=RectFSpringAnim{mStartRect=RectF(0.0, 0.0, 1080.0, 2460.0), mTargetRect=RectF(504.0, 784.0, 576.0, 856.0), mStartAlpha=1.0, mEndAlpha=0.0}
03-02 10:09:03.270  1999  2652 I RectFSpringAnim: setAnimParamByType = CLOSE_TO_HOME_CENTER
03-02 10:09:03.270  1999  2652 E MultiSpringDynamicAnimation9c04b46: ERROR Not Found Bundle Radius
03-02 10:09:03.270  1999  2652 E MultiSpringDynamicAnimation9c04b46: ERROR Not Found Bundle SurfaceExtAlpha
03-02 10:09:03.270  1999  2652 D RectFSpringAnim: addAnimatorListener
03-02 10:09:03.271  1999  2652 D WindowElement: 4049b21 bindIconLayerLeashIfNeeded false  null  Surface(name=TL_Surface(name=Task=1#47)/@0x7eaeb9c_transition-leash#132987)/@0xad811f6 target = null
03-02 10:09:03.271  1999  2652 I RectFSpringAnim: startInGestureThread
03-02 10:09:03.271  1999  2652 E MultiSpringDynamicAnimation9c04b46: ERROR Not Found Bundle SurfaceExtAlpha
03-02 10:09:03.271  1999  2652 E MultiSpringDynamicAnimation9c04b46: ERROR Not Found Bundle SurfaceExtAlpha
03-02 10:09:03.271  1999  2652 I RectFSpringAnim: changeAnimStart start=true
03-02 10:09:03.271  1999  1999 D HomeLayerElement: animTo, ennable = true params=HomeLayerParams(startAlpha=0.0, startScale=0.95, endAlpha=1.0, endScale=1.0)
03-02 10:09:03.271  1999  1999 D HomeLayerElement: java.lang.Exception
03-02 10:09:03.271  1999  1999 D HomeLayerElement: 	at com.miui.home.recents.anim.HomeLayerElement.animTo(HomeLayerElement.kt:163)
03-02 10:09:03.271  1999  1999 D HomeLayerElement: 	at com.miui.home.recents.anim.StateManager.handleAllElementParams(StateManager.kt:312)
03-02 10:09:03.271  1999  1999 D HomeLayerElement: 	at com.miui.home.recents.anim.StateManager.onAnimParamsReady(StateManager.kt:240)
03-02 10:09:03.271  1999  1999 D HomeLayerElement: 	at com.miui.home.recents.anim.StateManager.onAnimParamsReady$default(StateManager.kt:237)
03-02 10:09:03.271  1999  1999 D HomeLayerElement: 	at com.miui.home.recents.anim.WindowElement.onClosingWindowTransitionExecute$lambda-9(WindowElement.kt:427)
03-02 10:09:03.271  1999  1999 D HomeLayerElement: 	at com.miui.home.recents.anim.WindowElement.$r8$lambda$4vBY0vyx5GyPPzPO6CeZtw3aGOs(Unknown Source:0)
03-02 10:09:03.271  1999  1999 D HomeLayerElement: 	at com.miui.home.recents.anim.WindowElement$$ExternalSyntheticLambda11.run(Unknown Source:8)
03-02 10:09:03.271  1999  1999 D HomeLayerElement: 	at com.miui.home.library.utils.LooperExecutor.execute(LooperExecutor.java:43)
03-02 10:09:03.271  1999  1999 D HomeLayerElement: 	at com.miui.home.recents.anim.WindowElement.onClosingWindowTransitionExecute(WindowElement.kt:397)
03-02 10:09:03.271  1999  1999 D HomeLayerElement: 	at com.miui.home.recents.anim.WindowElement.onClosingWindowTransitionExecute$default(WindowElement.kt:395)
03-02 10:09:03.271  1999  1999 D HomeLayerElement: 	at com.miui.home.recents.anim.WindowElement$init$1.onClosingWindowTransitionStart(WindowElement.kt:1162)
03-02 10:09:03.271  1999  1999 D HomeLayerElement: 	at com.android.systemui.shared.recents.system.WindowTransitionCompat$2.lambda$startAnimation$0(WindowTransitionCompat.java:257)
03-02 10:09:03.271  1999  1999 D HomeLayerElement: 	at com.android.systemui.shared.recents.system.WindowTransitionCompat$2.$r8$lambda$hcqKCUwnRuMqtvMJ6DPLae5xnFA(Unknown Source:0)
03-02 10:09:03.271  1999  1999 D HomeLayerElement: 	at com.android.systemui.shared.recents.system.WindowTransitionCompat$2$$ExternalSyntheticLambda0.run(Unknown Source:10)
03-02 10:09:03.271  1999  1999 D HomeLayerElement: 	at com.miui.home.library.utils.LooperExecutor.execute(LooperExecutor.java:43)
03-02 10:09:03.271  1999  1999 D HomeLayerElement: 	at com.android.systemui.shared.recents.system.WindowTransitionCompat$2.startAnimation(WindowTransitionCompat.java:267)
03-02 10:09:03.271  1999  1999 D HomeLayerElement: 	at com.android.systemui.shared.recents.system.WindowTransitionCompat.wrapRemoteTransition(WindowTransitionCompat.java:745)
03-02 10:09:03.271  1999  1999 D HomeLayerElement: 	at com.miui.home.recents.anim.WindowElement.injectRemoteTransition(WindowElement.kt:687)
03-02 10:09:03.271  1999  1999 D HomeLayerElement: 	at com.miui.home.recents.anim.StateManager$CommonState.handleEvent(StateManager.kt:1291)
03-02 10:09:03.271  1999  1999 D HomeLayerElement: 	at com.miui.home.recents.anim.StateManager.handleEventActually(StateManager.kt:112)
03-02 10:09:03.271  1999  1999 D HomeLayerElement: 	at com.miui.home.recents.anim.StateManager.sendEventActually$lambda-0(StateManager.kt:99)
03-02 10:09:03.271  1999  1999 D HomeLayerElement: 	at com.miui.home.recents.anim.StateManager.$r8$lambda$C-kZp_X93nanDwYsUFIjH_GwEtM(Unknown Source:0)
03-02 10:09:03.271  1999  1999 D HomeLayerElement: 	at com.miui.home.recents.anim.StateManager$$ExternalSyntheticLambda3.run(Unknown Source:4)
03-02 10:09:03.271  1999  1999 D HomeLayerElement: 	at android.os.Handler.handleCallback(Handler.java:959)
03-02 10:09:03.271  1999  1999 D HomeLayerElement: 	at android.os.Handler.dispatchMessage(Handler.java:100)
03-02 10:09:03.271  1999  1999 D HomeLayerElement: 	at android.os.Looper.loopOnce(Looper.java:249)
03-02 10:09:03.271  1999  1999 D HomeLayerElement: 	at android.os.Looper.loop(Looper.java:337)
03-02 10:09:03.271  1999  1999 D HomeLayerElement: 	at android.app.ActivityThread.main(ActivityThread.java:9500)
03-02 10:09:03.271  1999  1999 D HomeLayerElement: 	at java.lang.reflect.Method.invoke(Native Method)
03-02 10:09:03.271  1999  1999 D HomeLayerElement: 	at com.android.internal.os.RuntimeInit$MethodAndArgsCaller.run(RuntimeInit.java:636)
03-02 10:09:03.271  1999  1999 D HomeLayerElement: 	at com.android.internal.os.ZygoteInit.main(ZygoteInit.java:1005)
03-02 10:09:03.271  1999  1999 I AnimStateManager: go to state com.miui.home.recents.anim.StateManager$HomeState@601bf45
03-02 10:09:03.271  1999  2652 E MultiSpringDynamicAnimationccf4de7: ERROR Not Found Bundle scaleY
03-02 10:09:03.271  1999  1999 D WindowTransitionCompat: startAnimation end
03-02 10:09:03.273  1999  1999 D Launcher.Lifecycle: onWindowFocusChanged:true,UserHandle{0},c143874,false
03-02 10:09:03.273  1999  1999 D Launcher_UnlockAnimationStateMachine: onWindowFocus:IDLE
03-02 10:09:03.273  1999  1999 D Launcher_UnlockAnimationStateMachine: showAnimation = IDLE
03-02 10:09:03.275  1999  1999 I HandWritingStubImpl: refreshLastKeyboardType: 1
03-02 10:09:03.275  1999  1999 I HandWritingStubImpl: getCurrentKeyboardType: 1
03-02 10:09:03.277  1621  1806 W InputMethodManagerService: Clear show forced flag.
03-02 10:09:03.277  1621  1806 I ImeTracker: com.miui.home:7a9cc8d4: onRequestHide at ORIGIN_SERVER reason HIDE_UNSPECIFIED_WINDOW fromUser false
03-02 10:09:03.278  6515 13498 D MirrorManager:  sendAcceptInput 0 0
03-02 10:09:03.278  1621  1806 I ImeTracker: com.miui.home:7a9cc8d4: onCancelled at PHASE_SERVER_SHOULD_HIDE
03-02 10:09:03.281  2526  2526 I GoogleInputMethodService: GoogleInputMethodService.onFinishInput():2113 
03-02 10:09:03.282   921  1166 I BufferQueueDebug: [Surface(name=751ea6d InputMethod#71915)/@0xaafc069 - animation-leash of insets_animation#132991](this:0xb400007bcecbc9e8,id:-1,api:0,p:-1,c:-1) BufferQueue core=(921:/system/bin/surfaceflinger)
03-02 10:09:03.283  2526  2526 I Module  : DeviceLockedStatusModuleProvider$Module.updateDeviceLockedStatus():103 repeatCheckTimes = 0, locked = false
03-02 10:09:03.284  2526  2526 I GoogleInputMethodService: GoogleInputMethodService.onStartInput():1384 onStartInput(EditorInfo{EditorInfo{packageName=com.miui.home, inputType=0, inputTypeString=NULL, enableLearning=false, autoCorrection=false, autoComplete=false, imeOptions=0, privateImeOptions=null, actionName=UNSPECIFIED, actionLabel=null, initialSelStart=-1, initialSelEnd=-1, initialCapsMode=0, label=null, fieldId=0, fieldName=null, extras=Bundle[mParcelledData.dataSize=72], hintText=null, hintLocales=[]}}, false)
03-02 10:09:03.285  1621  1651 D MiuiRefreshRatePolicy: reset
03-02 10:09:03.286  2526  2526 I Module  : DeviceLockedStatusModuleProvider$Module.updateDeviceLockedStatus():103 repeatCheckTimes = 1, locked = false
03-02 10:09:03.287  1621  1731 W PackageConfigPersister: App-specific configuration not found for packageName: com.miui.home and userId: 0
03-02 10:09:03.298   921   921 I BufferQueueProducer: [FramebufferSurface](this:0xb400007d8e9dff50,id:-1,api:1,p:921,c:921) queueBuffer: fps=0.33 dur=2996.64 max=2996.64 min=2996.64
03-02 10:09:03.302   921   921 I MI-SF   : surfaceflinger setAffinity mode=1
03-02 10:09:03.302   921   921 E MI-SF   : surfaceflinger setAffinity success
03-02 10:09:03.302   921   921 I MI-SF   : surfaceflinger setreAffinity reTid=1207
03-02 10:09:03.302   921   921 E MI-SF   : surfaceflinger setAffinity success
03-02 10:09:03.304  1621  1651 I ActivityTaskManager: visible for Task{27e6aff #2 type=home I=com.miui.home/.launcher.Launcher} visible = true isAnimating = false TRANSITION = false PARENTS = false CHILDREN = false
03-02 10:09:03.305  1999  1999 D Launcher.Lifecycle: onWindowFocusChanged:false,UserHandle{0},c143874,true
03-02 10:09:03.309  1621  1650 D MiuiRefreshRatePolicy: reset
03-02 10:09:03.309 21821 21821 W .apps.nbu.files: Failed to find entry 'classes.dex': Entry not found
03-02 10:09:03.316 21821 21821 W .apps.nbu.files: Failed to find entry 'classes.dex': Entry not found
03-02 10:09:03.320 21821 21821 W .apps.nbu.files: Failed to find entry 'classes.dex': Entry not found
03-02 10:09:03.321  1621  1731 D MiuiRefreshRatePolicy: reset
03-02 10:09:03.323 21821 21821 D nativeloader: Configuring clns-7 for other apk /data/app/~~tUDAqJplkXFY7fGcXiSC3w==/com.google.android.apps.nbu.files-V_FwCkGR4Sz3BY259UciRA==/base.apk:/data/app/~~tUDAqJplkXFY7fGcXiSC3w==/com.google.android.apps.nbu.files-V_FwCkGR4Sz3BY259UciRA==/split_config.arm64_v8a.apk:/data/app/~~tUDAqJplkXFY7fGcXiSC3w==/com.google.android.apps.nbu.files-V_FwCkGR4Sz3BY259UciRA==/split_config.en.apk:/data/app/~~tUDAqJplkXFY7fGcXiSC3w==/com.google.android.apps.nbu.files-V_FwCkGR4Sz3BY259UciRA==/split_config.xxhdpi.apk. target_sdk_version=36, uses_libraries=, library_path=/data/app/~~tUDAqJplkXFY7fGcXiSC3w==/com.google.android.apps.nbu.files-V_FwCkGR4Sz3BY259UciRA==/lib/arm64:/data/app/~~tUDAqJplkXFY7fGcXiSC3w==/com.google.android.apps.nbu.files-V_FwCkGR4Sz3BY259UciRA==/base.apk!/lib/arm64-v8a:/data/app/~~tUDAqJplkXFY7fGcXiSC3w==/com.google.android.apps.nbu.files-V_FwCkGR4Sz3BY259UciRA==/split_config.arm64_v8a.apk!/lib/arm64-v8a:/data/app/~~tUDAqJplkXFY7fGcXiSC3w==/com.google.android.apps.nbu.files-V_FwCkGR4Sz3BY259UciRA==/split_config
03-02 10:09:03.325  1621  1651 I ActivityTaskManager: visible for Task{27e6aff #2 type=home I=com.miui.home/.launcher.Launcher} visible = true isAnimating = false TRANSITION = false PARENTS = false CHILDREN = false
03-02 10:09:03.333  1621  1731 D MiuiRefreshRatePolicy: reset
03-02 10:09:03.338  1621  1651 I ActivityTaskManager: visible for Task{27e6aff #2 type=home I=com.miui.home/.launcher.Launcher} visible = true isAnimating = false TRANSITION = false PARENTS = false CHILDREN = false
03-02 10:09:03.340  1999  1999 D Launcher.Lifecycle: onWindowFocusChanged:true,UserHandle{0},c143874,false
03-02 10:09:03.340  1999  1999 D Launcher_UnlockAnimationStateMachine: onWindowFocus:IDLE
03-02 10:09:03.340  1999  1999 D Launcher_UnlockAnimationStateMachine: showAnimation = IDLE
03-02 10:09:03.341  2363  2363 D Utilities:  oldHints : 0 backDisposition : 0 imeShown : false hints 0
03-02 10:09:03.343  1999  1999 I HandWritingStubImpl: refreshLastKeyboardType: 1
03-02 10:09:03.343  1999  1999 I HandWritingStubImpl: getCurrentKeyboardType: 1
03-02 10:09:03.345  1621  1806 W InputMethodManagerService: Clear show forced flag.
03-02 10:09:03.347  1621  1806 I ImeTracker: com.miui.home:dc3e08ac: onRequestHide at ORIGIN_SERVER reason HIDE_SAME_WINDOW_FOCUSED_WITHOUT_EDITOR fromUser false
03-02 10:09:03.347  6515 13498 D MirrorManager:  sendAcceptInput 0 0
03-02 10:09:03.348 21806 21806 W oid.apps.photos: Failed to find entry 'classes.dex': Entry not found
03-02 10:09:03.348  1621  1806 I ImeTracker: com.miui.home:dc3e08ac: onCancelled at PHASE_SERVER_SHOULD_HIDE
03-02 10:09:03.351  2526  2526 I GoogleInputMethodService: GoogleInputMethodService.onFinishInput():2113 
03-02 10:09:03.352 21806 21806 W oid.apps.photos: Failed to find entry 'classes.dex': Entry not found
03-02 10:09:03.352  2526  2526 I Module  : DeviceLockedStatusModuleProvider$Module.updateDeviceLockedStatus():103 repeatCheckTimes = 0, locked = false
03-02 10:09:03.353 21798 21798 D nativeloader: Configuring clns-7 for other apk /data/app/~~QO2ci0v8Sp2v78WV-ahGmw==/mydiary.journal.diary.diarywithlock.diaryjournal.secretdiary-uCJ5kOdCrlaSGwqjdvjTVw==/base.apk. target_sdk_version=35, uses_libraries=, library_path=/data/app/~~QO2ci0v8Sp2v78WV-ahGmw==/mydiary.journal.diary.diarywithlock.diaryjournal.secretdiary-uCJ5kOdCrlaSGwqjdvjTVw==/lib/arm64:/data/app/~~QO2ci0v8Sp2v78WV-ahGmw==/mydiary.journal.diary.diarywithlock.diaryjournal.secretdiary-uCJ5kOdCrlaSGwqjdvjTVw==/base.apk!/lib/arm64-v8a, permitted_path=/data:/mnt/expand:/data/user/0/mydiary.journal.diary.diarywithlock.diaryjournal.secretdiary
03-02 10:09:03.353  2526  2526 I GoogleInputMethodService: GoogleInputMethodService.onStartInput():1384 onStartInput(EditorInfo{EditorInfo{packageName=com.miui.home, inputType=0, inputTypeString=NULL, enableLearning=false, autoCorrection=false, autoComplete=false, imeOptions=0, privateImeOptions=null, actionName=UNSPECIFIED, actionLabel=null, initialSelStart=-1, initialSelEnd=-1, initialCapsMode=0, label=null, fieldId=0, fieldName=null, extras=Bundle[mParcelledData.dataSize=72], hintText=null, hintLocales=[]}}, false)
03-02 10:09:03.355  2526  2526 I Module  : DeviceLockedStatusModuleProvider$Module.updateDeviceLockedStatus():103 repeatCheckTimes = 1, locked = false
03-02 10:09:03.356  1621  1731 W PackageConfigPersister: App-specific configuration not found for packageName: com.miui.home and userId: 0
03-02 10:09:03.358 21806 21806 W oid.apps.photos: Failed to find entry 'classes.dex': Entry not found
03-02 10:09:03.359 21806 21806 D nativeloader: Configuring clns-7 for other apk /data/app/~~eFQJQrXi9rcujl59WTF5pA==/com.google.android.apps.photos-lcd7avm9C4hx-h2uSVnu1g==/base.apk:/data/app/~~eFQJQrXi9rcujl59WTF5pA==/com.google.android.apps.photos-lcd7avm9C4hx-h2uSVnu1g==/split_config.arm64_v8a.apk:/data/app/~~eFQJQrXi9rcujl59WTF5pA==/com.google.android.apps.photos-lcd7avm9C4hx-h2uSVnu1g==/split_config.en.apk:/data/app/~~eFQJQrXi9rcujl59WTF5pA==/com.google.android.apps.photos-lcd7avm9C4hx-h2uSVnu1g==/split_config.xxhdpi.apk. target_sdk_version=36, uses_libraries=libOpenCL.so, library_path=/data/app/~~eFQJQrXi9rcujl59WTF5pA==/com.google.android.apps.photos-lcd7avm9C4hx-h2uSVnu1g==/lib/arm64:/data/app/~~eFQJQrXi9rcujl59WTF5pA==/com.google.android.apps.photos-lcd7avm9C4hx-h2uSVnu1g==/base.apk!/lib/arm64-v8a:/data/app/~~eFQJQrXi9rcujl59WTF5pA==/com.google.android.apps.photos-lcd7avm9C4hx-h2uSVnu1g==/split_config.arm64_v8a.apk!/lib/arm64-v8a:/data/app/~~eFQJQrXi9rcujl59WTF5pA==/com.google.android.apps.photos-lcd7avm9C4hx-h2uSVnu1g==/split_config.en.apk!/lib
03-02 10:09:03.366 21821 21821 V GraphicsEnvironment: Currently set values for:
03-02 10:09:03.366 21821 21821 V GraphicsEnvironment:   angle_gl_driver_selection_pkgs=[]
03-02 10:09:03.366 21821 21821 V GraphicsEnvironment:   angle_gl_driver_selection_values=[]
03-02 10:09:03.366 21821 21821 V GraphicsEnvironment: Global.Settings values are invalid: number of packages: 0, number of values: 0
03-02 10:09:03.366 21821 21821 V GraphicsEnvironment: Neither updatable production driver nor prerelease driver is supported.
03-02 10:09:03.368 21821 21821 I ActivityThread: TrafficStats init done
03-02 10:09:03.371 21821 21821 I ForceDarkHelperStubImpl: initialize for com.google.android.apps.nbu.files , ForceDarkOrigin
03-02 10:09:03.380 21821 21821 D nativeloader: Load libforcedarkimpl.so using system ns (caller=/system_ext/framework/miui-framework.jar): ok
03-02 10:09:03.381 21821 21821 D HWUI    : JNI_OnLoad success
03-02 10:09:03.381 21821 21821 I MiuiForceDarkConfig: setConfig density:2.750000, mainRule:0, secondaryRule:0, tertiaryRule:0
03-02 10:09:03.384  2061  2061 I MiuiWallpaper-MiuiWallpaperManagerService: receive broadcast action = android.intent.action.PACKAGE_RESTARTED
03-02 10:09:03.384  1621  1666 I SmartPower: com.milink.service:audio/10190(19603): idle->background(38699ms) R(broadcast start Intent { act=android.intent.action.PACKAGE_RESTARTED dat=package: flg=0x4000010 (has extras) }) adj=100.
03-02 10:09:03.393 21806 21806 V GraphicsEnvironment: Currently set values for:
03-02 10:09:03.393 21806 21806 V GraphicsEnvironment:   angle_gl_driver_selection_pkgs=[]
03-02 10:09:03.393 21806 21806 V GraphicsEnvironment:   angle_gl_driver_selection_values=[]
03-02 10:09:03.393 21806 21806 V GraphicsEnvironment: Global.Settings values are invalid: number of packages: 0, number of values: 0
03-02 10:09:03.393 21806 21806 V GraphicsEnvironment: Neither updatable production driver nor prerelease driver is supported.
03-02 10:09:03.397 21806 21806 I ActivityThread: TrafficStats init done
03-02 10:09:03.398 21821 21821 I ActivityThread: Miui Feature Init done
03-02 10:09:03.399  1621  2188 I ClipboardServiceI: checkProviderWakePathForClipboard: primaryClip is null
03-02 10:09:03.405 21806 21806 D ActivityThread: useGrowthLimitOutExpendMethod invoke error.
03-02 10:09:03.407 21806 21806 I ForceDarkHelperStubImpl: initialize for com.google.android.apps.photos , ForceDarkOrigin
03-02 10:09:03.415 21806 21806 D nativeloader: Load libforcedarkimpl.so using system ns (caller=/system_ext/framework/miui-framework.jar): ok
03-02 10:09:03.416 21806 21806 D HWUI    : JNI_OnLoad success
03-02 10:09:03.416 21806 21806 I MiuiForceDarkConfig: setConfig density:2.750000, mainRule:0, secondaryRule:0, tertiaryRule:0
03-02 10:09:03.427 21806 21806 I ActivityThread: Miui Feature Init done
03-02 10:09:03.434 21798 21798 V GraphicsEnvironment: Currently set values for:
03-02 10:09:03.434 21798 21798 V GraphicsEnvironment:   angle_gl_driver_selection_pkgs=[]
03-02 10:09:03.434 21798 21798 V GraphicsEnvironment:   angle_gl_driver_selection_values=[]
03-02 10:09:03.434 21798 21798 V GraphicsEnvironment: Global.Settings values are invalid: number of packages: 0, number of values: 0
03-02 10:09:03.434 21798 21798 V GraphicsEnvironment: Neither updatable production driver nor prerelease driver is supported.
03-02 10:09:03.437 21798 21798 I ActivityThread: TrafficStats init done
03-02 10:09:03.439  1621  2192 I ClipboardServiceI: checkProviderWakePathForClipboard: primaryClip is null
03-02 10:09:03.449 21798 21798 D ActivityThread: useGrowthLimitOutExpendMethod invoke error.
03-02 10:09:03.456  1621  1731 D ForceDarkAppConfigProvider: cloudConfigVersion: -1   localConfigVersion:20250515
03-02 10:09:03.456  1621  1731 I UiModeManager: systemserver package:mydiary.journal.diary.diarywithlock.diaryjournal.secretdiary null
03-02 10:09:03.458 21798 21798 I ForceDarkHelperStubImpl: initialize for mydiary.journal.diary.diarywithlock.diaryjournal.secretdiary , ForceDarkAppConfig: null
03-02 10:09:03.467  1621  2194 I ClipboardServiceI: checkProviderWakePathForClipboard: primaryClip is null
03-02 10:09:03.468  1621  2192 W XSpaceManagerServiceImpl: checkXSpaceControl, from:com.android.shell, to:com.softnation.Ojam, with act:null, callingUserId:0, toUserId:0
03-02 10:09:03.469  1621  2192 W ActivityTaskManager: callingPackage for (uid=2000, pid=21865) has no WPC
03-02 10:09:03.472 21798 21798 D nativeloader: Load libforcedarkimpl.so using system ns (caller=/system_ext/framework/miui-framework.jar): ok
03-02 10:09:03.472  1621  2192 D PreStartingManager: Not init when use PreStartingManager!
03-02 10:09:03.472 21798 21798 D HWUI    : JNI_OnLoad success
03-02 10:09:03.473  1621  2192 W OptProp : Cannot read opt property android.window.PROPERTY_COMPAT_ALLOW_ORIENTATION_OVERRIDE
03-02 10:09:03.473 21798 21798 I MiuiForceDarkConfig: setConfig density:2.750000, mainRule:0, secondaryRule:0, tertiaryRule:0
03-02 10:09:03.474  1621  2192 V GrammaticalInflectionUtils: AttributionSource: android.content.AttributionSource@19923ceb does not have READ_SYSTEM_GRAMMATICAL_GENDER permission.
03-02 10:09:03.475  1621  2192 W OptProp : Cannot read opt property android.window.PROPERTY_COMPAT_ALLOW_RESIZEABLE_ACTIVITY_OVERRIDES
03-02 10:09:03.477  1621  2192 W OptProp : Cannot read opt property android.window.PROPERTY_COMPAT_ALLOW_MIN_ASPECT_RATIO_OVERRIDE
03-02 10:09:03.482  1621  2192 I ActivityTaskManager: isKeyguardEditor: false, newTransition: TransitionRecord{8a153a1 id=10136 type=OPEN flags=0x0}
03-02 10:09:03.483  1621  2192 D WindowManager: Collecting in transition 10136: ActivityRecord{3b1d9c6 u0 com.softnation.Ojam/.MainActivity init visibleRequested:false
03-02 10:09:03.485  1621  2192 D MiuiFreeformServiceImpl: addLaunchFreeformActivityOptionIfNeed skip due to not find sourceTask: null sourceFfas: null sourceFreeFormActivity: null
03-02 10:09:03.488  1621  2192 I PowerHalWrapper: PowerHalWrapper.getInstance 
03-02 10:09:03.488  1621  2192 D PerfMTKStubImpl: initBoostParamByDevice
03-02 10:09:03.492   921  1166 I BufferQueueDebug: [Task=37021#132992](this:0xb400007bcec67308,id:-1,api:0,p:-1,c:-1) BufferQueue core=(921:/system/bin/surfaceflinger)
03-02 10:09:03.492  2363  2477 D OneHandedController: stopOneHanded state is 0
03-02 10:09:03.493  1621  2192 D WindowManager: setLockTaskAuth: task=Task{1b84b4 #37021 type=standard A=10337:com.softnation.Ojam} mLockTaskAuth=LOCK_TASK_AUTH_PINNABLE
03-02 10:09:03.494 21821 21872 W .apps.nbu.files: ClassLoaderContext classpath size mismatch. expected=1, found=0 (DLC[];PCL[base.apk*1150104373]{PCL[/system/framework/org.apache.http.legacy.jar*4025584831]#PCL[/system/framework/com.android.location.provider.jar*3414091812]#PCL[/system/framework/com.android.media.remotedisplay.jar*2042759013]#PCL[/system_ext/framework/androidx.window.extensions.jar*3622430006]#PCL[/system_ext/framework/androidx.window.sidecar.jar*2958050178]} | DLC[];PCL[])
03-02 10:09:03.494  1621  2192 D WindowManager: Collecting in transition 10136: Task{1b84b4 #37021 type=standard A=10337:com.softnation.Ojam} init visibleRequested:false
03-02 10:09:03.495 21798 21798 I ActivityThread: Miui Feature Init done
03-02 10:09:03.498   921  1166 I BufferQueueDebug: [ActivityRecord{3b1d9c6 u0 com.softnation.Ojam/.MainActivity t37021}#132993](this:0xb400007bcec58f38,id:-1,api:0,p:-1,c:-1) BufferQueue core=(921:/system/bin/surfaceflinger)
03-02 10:09:03.499  1621  2192 D WindowManager: setLockTaskAuth: task=Task{1b84b4 #37021 type=standard A=10337:com.softnation.Ojam} mLockTaskAuth=LOCK_TASK_AUTH_PINNABLE
03-02 10:09:03.500  1621  2192 D MiuiFreeFormManagerService: onStartActivityInner as = Task{1b84b4 #37021 type=standard A=10337:com.softnation.Ojam} op = null
03-02 10:09:03.501  1621  2192 D ActivityTaskManager: Task#startActivityLocked isOrhasTask=true newTask=true
03-02 10:09:03.501   863   909 I mtkpower@impl: [setMode] type:5, enabled:1
03-02 10:09:03.502   863   958 I libPowerHal: [perfLockAcq] idx:2 hdl:362006 hint:77 pid:863 tid:863 duration:30000 lock_user:vendor.mediatek => ret_hdl:362006
03-02 10:09:03.502   863   958 I ThermalBreakConfigReader: [getTargetfreqinfo] [getTargetfreqinfo] hint get target result freq:boost:1 cpu0:1800000 cpu6:2000000 cpumask:ff
03-02 10:09:03.503   863   958 I ExtendedPerfBoost: [thermalbreak_verification] needbreak curr breakmode 1, scence id 0, set: boost:1 cpu0:1800000 cpu6:2000000 cpumask:ff
03-02 10:09:03.503   863   958 I ExtendedPerfBoost: [triggerList_add] [triggerList_add] come into triggerList_add
03-02 10:09:03.503   863   958 I ExtendedPerfBoost: [triggerList_add] get item from freelist 0x6fcc5ba018
03-02 10:09:03.503   863   958 I ExtendedPerfBoost: [triggerList_add] init new item prio:2, duration:3000, param:boost:1 cpu0:1800000 cpu6:2000000 cpumask:ff
03-02 10:09:03.503   863   958 I ExtendedPerfBoost: [triggerList_add] add item prio in empty list
03-02 10:09:03.503   863   958 I ExtendedPerfBoost: [trig_thermalbreak] trigger one node
03-02 10:09:03.503   863   958 I ExtendedUtils: [timer_sampling_set] come in timer_sampling_set, duration :3000
03-02 10:09:03.503   863   958 I ExtendedUtils: [settimer] come in settimer, time_now :607737052, time_end: 607740052
03-02 10:09:03.503   863   958 I ExtendedPerfBoost: [setThermalBreak] [setThermalBreak] : boost:1 cpu0:1800000 cpu6:2000000 cpumask:ff
03-02 10:09:03.503   863   958 I libPowerHal: [perfLockAcq] Done for hdl : 362006
03-02 10:09:03.504  1621  2192 I WindowManager: Try to add startingWindow type = STARTING_WINDOW_TYPE_SPLASH_SCREEN this = ActivityRecord{3b1d9c6 u0 com.softnation.Ojam/.MainActivity t37021} preAllowTaskSnapshot = true afterAllowTaskSnapshot = true newTask = true taskSwitch = true processRunning = false activityCreated = false activityAllDrawn = false isSnapshotCompatible = false resolvedTheme = 2131952195 theme = 2131952195
03-02 10:09:03.506  1621  2192 D PreStartingManager: Not init when use PreStartingManager!
03-02 10:09:03.508  1621  2192 I PowerHalWrapper: amsBoostNotify pid:1999,activity:com.miui.home.launcher.Launcher, package:com.miui.home, mProcessCreatePackcom.softnation.Ojam 
03-02 10:09:03.508  1621  2192 I PowerHalWrapper: state: 0 
03-02 10:09:03.509  1621  2192 I mtkpower_client: [PowerHal_Wrap_notifyAppState] com.miui.home/com.miui.home.launcher.Launcher pid=1999 activityId:159909721 state:0
03-02 10:09:03.512  1621  2192 I PowerHalWrapper: amsBoostNotify AMS_BOOST_PROCESS_CREATE_BOOST:false 
03-02 10:09:03.513   861   861 I vendor.mediatek.hardware.mtkpower_applist-service.mediatek: packName: com.miui.home actName: com.miui.home.launcher.Launcher pid: 1999 activityId: 159909721 uid: 10166 state: 0
03-02 10:09:03.514   861   861 I MTK_APPList: [notifyAPPstate] com.miui.home/com.miui.home.launcher.Launcher, pid=1999, activityId=159909721, uid=10166, state:PAUSED, fps:-1, win:1
03-02 10:09:03.514   861   861 I MTK_APPList: [notifyAPPstate] multi_resumed_app_count: 1
03-02 10:09:03.514   861   861 I MTK_APPList: [notifyAPPstate] multi_resumed_app_info[0] com.android.systemui/com.android.systemui._190038181, pid:2363, activityId:-1, fps:-1, isMultiWindow:0
03-02 10:09:03.514   861   861 I MTK_APPList: [getForegroundAPPCount] 1
03-02 10:09:03.514   861   861 I MTK_APPList: [notifyNetdUID] 10166
03-02 10:09:03.515   861   861 I MTK_APPList: [notifyPID] 1999
03-02 10:09:03.516   863   958 I libPowerHal: [perfSetSysInfo] pid type:24, 1999
03-02 10:09:03.516   921  1500 D SurfaceFlinger: [SF client] NEW(0xb400007caea2ee10) for (2363:com.android.systemui)
03-02 10:09:03.519  1621  2192 I ActivityTaskManager: Add Task{75643f5 #37020 type=standard A=10337:com.softnation.Ojam} to hidden list because adding Task{1b84b4 #37021 type=standard A=10337:com.softnation.Ojam}
03-02 10:09:03.519 21821 21872 W System  : ClassLoader referenced unknown path: 
03-02 10:09:03.519  1621  2192 D WindowManager: Collecting in transition 10136: ActivityRecord{3b1d9c6 u0 com.softnation.Ojam/.MainActivity t37021} init visibleRequested:false
03-02 10:09:03.519  2363  2577 D MiuiCameraCoveredManager: java.lang.NullPointerException: Attempt to invoke virtual method 'java.lang.String android.provider.MiuiSettings$SettingsCloudData$CloudData.getString(java.lang.String, java.lang.String)' on a null object reference
03-02 10:09:03.520 21821 21872 D nativeloader: Configuring clns-8 for other apk . target_sdk_version=36, uses_libraries=, library_path=/data/app/~~PNgoFDHBmGdMmQt2moPCLQ==/com.google.android.gms-wSL8VlioUsna9-KnDrZN3A==/lib/arm64:/data/app/~~PNgoFDHBmGdMmQt2moPCLQ==/com.google.android.gms-wSL8VlioUsna9-KnDrZN3A==/base.apk!/lib/arm64-v8a, permitted_path=/data:/mnt/expand:/data/user/0/com.google.android.gms
03-02 10:09:03.520  1621  2192 I ActivityTaskManager: START u0 {flg=0x10000000 cmp=com.softnation.Ojam/.MainActivity} with LAUNCH_SINGLE_TASK from uid 2000 from pid 21865 callingPackage com.android.shell (BAL_ALLOW_PERMISSION) result code=0
03-02 10:09:03.522  1621  1651 I ActivityTaskManager: visible for Task{27e6aff #2 type=home I=com.miui.home/.launcher.Launcher} visible = true isAnimating = false TRANSITION = false PARENTS = false CHILDREN = false
03-02 10:09:03.522  2363  2648 W libc    : Access denied finding property "ro.vendor.display.iris_x7.support"
03-02 10:09:03.524  2363  2577 D VRI[Ojam]: hardware acceleration = true, forceHwAccelerated = false
03-02 10:09:03.526  1999  1999 D Launcher.Lifecycle: onPause:UserHandle{0},c143874,true
03-02 10:09:03.526  1999  1999 D Launcher_UnlockAnimationStateMachine: onPause = IDLE
03-02 10:09:03.526  1999  1999 D Launcher_UnlockAnimationStateMachine: setState:PAUSE_WAIT
03-02 10:09:03.526  1999  1999 D LauncherAssistantCompatGoogle: onPause com.google.android.libraries.gsa.launcherclient.LauncherClient@b8351e8
03-02 10:09:03.527  1999  1999 D ServiceDeliveryReplaceHelper: onPause: widget to serviceDeliver isReplace false
03-02 10:09:03.530  1999  1817 D TaskStackChangeListeners: onTaskDescriptionChanged =  taskId = 37021
03-02 10:09:03.531  2363  2477 D OneHandedController: stopOneHanded state is 0
03-02 10:09:03.532  2363  2477 I SoScStageCoordinator: Transition requested:TransitionRequestInfo { type = OPEN, triggerTask = TaskInfo{userId=0 taskId=37021 displayId=0 isRunning=true baseIntent=Intent { flg=0x10000000 cmp=com.softnation.Ojam/.MainActivity } baseActivity=ComponentInfo{com.softnation.Ojam/com.softnation.Ojam.MainActivity} topActivity=ComponentInfo{com.softnation.Ojam/com.softnation.Ojam.MainActivity} origActivity=null realActivity=ComponentInfo{com.softnation.Ojam/com.softnation.Ojam.MainActivity} numActivities=1 lastActiveTime=1025502939 supportsSplitScreenMultiWindow=true supportsMultiWindow=true resizeMode=1 isResizeable=true minWidth=-1 minHeight=-1 defaultMinSize=200 token=WCT{android.window.IWindowContainerToken$Stub$Proxy@1e40c83} topActivityType=1 pictureInPictureParams=null shouldDockBigOverlays=false launchIntoPipHostTaskId=-1 lastParentTaskIdBeforePip=-1 displayCutoutSafeInsets=Rect(0, 104 - 0, 0) topActivityInfo=ActivityInfo{a3b6e00 com.softnation.Ojam.MainActivity} launchCookies=[] positionInParent=Point(0, 0) parentTaskId=-1 isFocused=false isVisible=false isVisibleRequested=false isSleeping=false locusId=null displayAreaFeatureId=1 isTopActivityTransparent=false appCompatTaskInfo=AppCompatTaskInfo { topActivityInSizeCompat=false topActivityEligibleForLetterboxEducation= falseisLetterboxEducationEnabled= false isLetterboxDoubleTapEnabled= false topActivityEligibleForUserAspectRatioButton= false topActivityBoundsLetterboxed= false isFromLetterboxDoubleTap= false topActivityLetterboxVerticalPosition= -1 topActivityLetterboxHorizontalPosition= -1 topActivityLetterboxWidth=1080 topActivityLetterboxHeight=2460 isUserFullscreenOverrideEnabled=false isSystemFullscreenOverrideEnabled=false cameraCompatTaskInfo=CameraCompatTaskInfo { cameraCompatControlState=hidden freeformCameraCompatMode=inactive}} isImmersive=false mTopActivityRequestOrientation=-2 mBehindAppLockPkg=null mOriginatingUid=0 isEmbedded=false shouldBeVisible=true mIsCastMode=false mTopActivityMediaSize=null mTopActivityRecordName=ActivityRecord{3b1d9c6 u0 com.softnation.Ojam/.MainActivity t37021} mTopActivityOrientation=-2}, pipTask = null, remoteTransition = null, displayChange = null, flags = 0, debugId = 10136 } isSoScActive:false triggerTask:TaskInfo{userId=0 taskId=37021 displayId=0 isRunning=true baseIntent=Intent { flg=0x10000000 cmp=com.softnation.Ojam/.MainActivity } baseActivity=ComponentInfo{com.softnation.Ojam/com.softnation.Ojam.MainActivity} topActivity=ComponentInfo{com.softnation.Ojam/com.softnation.Ojam.MainActivity} origActivity=null realActivity=ComponentInfo{com.softnation.Ojam/com.softnation.Ojam.MainActivity} numActivities=1 lastActiveTime=1025502939 supportsSplitScreenMultiWindow=true supportsMultiWindow=true resizeMode=1 isResizeable=true minWidth=-1 minHeight=-1 defaultMinSize=200 token=WCT{android.window.IWindowContainerToken$Stub$Proxy@1e40c83} topActivityType=1 pictureInPictureParams=null shouldDockBigOverlays=false launchIntoPipHostTaskId=-1 lastParentTaskIdBeforePip=-1 displayCutoutSafeInsets=Rect(0, 104 - 0, 0) topActivityInfo=ActivityInfo{a3b6e00 com.softnation.Ojam.MainActivity} launchCookies=[] positionInParent=Point(0, 0) parentTaskId=-1 isFocused=false isVisible=false isVisibleRequested=false isSleeping=false locusId=null displayAreaFeatureId=1 isTopActivityTransparent=false appCompatTaskInfo=AppCompatTaskInfo { topActivityInSizeCompat=false topActivityEligibleForLetterboxEducation= falseisLetterboxEducationEnabled= false isLetterboxDoubleTapEnabled= false topActivityEligibleForUserAspectRatioButton= false topActivityBoundsLetterboxed= false isFromLetterboxDoubleTap= false topActivityLetterboxVerticalPosition= -1 topActivityLetterboxHorizontalPosition= -1 topActivityLetterboxWidth=1080 topActivityLetterboxHeight=2460 isUserFullscreenOverrideEnabled=false isSystemFullscreenOverrideEnabled=false cameraCompatTaskInfo=CameraCompatTaskInfo { cameraCompatControlState=hidden freeformCameraCompatMode=inactive}} isImmersive=false mTopActivityRequestOrientation=-2 mBehindAppLockPkg=null mOriginatingUid=0 isEmbed
03-02 10:09:03.532  2363  2477 I SoScUtils: monitorTransitionRequest mRequestOpenTransition:null mRequestOpenTriggerTask:-1 mRequestCloseTransition:null mRequestCloseTriggerTask:-1 mRequestCloseStageType:-1
03-02 10:09:03.533  1621  1650 V GrammaticalInflectionUtils: AttributionSource: android.content.AttributionSource@19923ceb does not have READ_SYSTEM_GRAMMATICAL_GENDER permission.
03-02 10:09:03.533  1999  4904 D SessionLifecycleClient: Sending lifecycle 2 to service
03-02 10:09:03.534  2363  2363 I FocusedNotifPromptContr: onTopActivityMayChanged: isSupportPip false, isFocus false
03-02 10:09:03.534  1999  4922 D SessionLifecycleService: Activity backgrounding at 607737083
03-02 10:09:03.534  2363  2363 I FocusedNotifPromptContr: onTopActivityMayChanged: topActivity=com.softnation.Ojam
03-02 10:09:03.534  2363  2363 I PromptViewAnimState: topActivityMayChanged: topActivity=com.miui.home --> com.softnation.Ojam
03-02 10:09:03.534  2363  2363 D KeyguardEditorHelper: onTopActivityMayChanged, topActivity=ComponentInfo{com.softnation.Ojam/com.softnation.Ojam.MainActivity}; mState=IDEL
03-02 10:09:03.535  1621  1731 I AppsFilter: interaction: PackageSetting{131896e com.android.microdroid.empty_payload/10255} -> PackageSetting{1dedb9b com.softnation.Ojam/10337} BLOCKED
