--------- beginning of system
03-02 10:09:02.804  1621  4430 I ActivityManager: Force stopping com.softnation.Ojam appid=10337 user=0: from process:21786
03-02 10:09:02.807  1621  4430 I ATMSImpl: cacheTasksForDefaultDisplay size=4
03-02 10:09:02.808  1621  1907 E ProcessManager: error write exception log
--------- beginning of main
03-02 10:09:02.812  1621  1638 I SensorService: 	>>> actuating h/w activate handle=0x1 enabled=0
03-02 10:09:02.812   853   853 I Accelerometer: enable: handle:0, en:0

03-02 10:09:02.812  6515 20776 D UidObserver: onUidGone entry uid = 10337
03-02 10:09:02.813  1621  4430 I ActivityManager: Killing 15408:com.softnation.Ojam/u0a337 (adj 0): stop com.softnation.Ojam due to from process:21786
03-02 10:09:02.815  1621  1856 D InetDiagMessage: Destroyed 0 sockets, proto=IPPROTO_TCP, family=AF_INET, states=14
03-02 10:09:02.816  1621  1638 D DisplayManagerService: Drop pending events for gone uid 10337
03-02 10:09:02.817  6027 20777 I MIUISafety-Monitor: onUid 10337 gone
03-02 10:09:02.818  1621  1842 I MiuiNetworkPolicy: removeUidState uid = 10337
03-02 10:09:02.818  1621  1648 D MediaProjectionManagerServiceStubImpl: handleForegroundServicesChanged
03-02 10:09:02.818  1621  4430 I ActivityManager: Cancel FGS notification userId: 0 definingUid: 10337 packageName: com.softnation.Ojam processName:com.softnation.Ojam ChannelId:default_channel_id foregroundNotiWhen:0 Notiflags:104
03-02 10:09:02.819  1124  1124 I ResourceManagerMetrics: pushConcurrentUsageReport: No Video Codec Entry for Application[pid(15408): uid(10337)]
03-02 10:09:02.819  1124  1124 I ResourceManagerMetrics: pushConcurrentUsageReport: Concurrent Codec Usage Report for the Process[pid(15408): uid(10337)] is Peak { AudioDec[ SW: 1 ] } Peak Pixels: 0
03-02 10:09:02.820  1621  1856 D InetDiagMessage: Destroyed 1 sockets, proto=IPPROTO_TCP, family=AF_INET6, states=14
03-02 10:09:02.820  1621  1856 D InetDiagMessage: Destroyed live tcp sockets for uids={10337} in 7ms
03-02 10:09:02.822  1621  1856 D InetDiagMessage: Destroyed 0 sockets, proto=IPPROTO_TCP, family=AF_INET, states=14
03-02 10:09:02.822  1621  4430 I ScnModule: [GameDetection] packname: com.softnation.Ojam, apkSize: 113045479. 
03-02 10:09:02.822  1621  4430 I mtkpower_client: [PowerHal_Wrap_notifyAppState] com.softnation.Ojam/com.softnation.Ojam pid=15408 activityId:15408 state:3
03-02 10:09:02.823   861   861 I vendor.mediatek.hardware.mtkpower_applist-service.mediatek: packName: com.softnation.Ojam actName: com.softnation.Ojam pid: 15408 activityId: 15408 uid: 10337 state: 3
03-02 10:09:02.823   861   861 I MTK_APPList: [notifyAPPstate] com.softnation.Ojam/com.softnation.Ojam, pid=15408, activityId=15408, uid=10337, state:DEAD, fps:-1, win:1
03-02 10:09:02.823   861   861 I MTK_APPList: [notifyAPPstate] multi_resumed_app_count: 1
03-02 10:09:02.823   861   861 I MTK_APPList: [notifyAPPstate] multi_resumed_app_info[0] com.android.systemui/com.android.systemui._190038181, pid:2363, activityId:-1, fps:-1, isMultiWindow:0
03-02 10:09:02.823   861   861 I MTK_APPList: [getForegroundAPPCount] 1
03-02 10:09:02.823   861   861 I MTK_APPList: [notifyAPPstate] pack:com.softnation.Ojam, pid:15408, STATE_DEAD
03-02 10:09:02.823   861   861 I MTK_APPList: [notifyNetdUID] 10337
03-02 10:09:02.824  1621  4430 W ActivityTaskManager: Force removing ActivityRecord{13accdf u0 com.softnation.Ojam/.MainActivity t37020 f}}: app died, no saved state
03-02 10:09:02.824  1621  1856 D InetDiagMessage: Destroyed 0 sockets, proto=IPPROTO_TCP, family=AF_INET6, states=14
03-02 10:09:02.824  1621  1856 D InetDiagMessage: Destroyed live tcp sockets for uids={20337} in 4ms
03-02 10:09:02.824   861   861 I MTK_APPList: [notifyPID] 15408
03-02 10:09:02.825  1621  4430 D WindowManager: Collecting in transition 10135: Task{75643f5 #37020 type=standard A=10337:com.softnation.Ojam} init visibleRequested:true
03-02 10:09:02.825   863   958 I libPowerHal: [perfSetSysInfo] pid type:24, 15408
03-02 10:09:02.826  1621  4430 D WindowManager: Collecting in transition 10135: ActivityRecord{13accdf u0 com.softnation.Ojam/.MainActivity t37020 f}} init visibleRequested:false
03-02 10:09:02.827  1621  4430 W WindowManager: Changing focus from Window{ac0e260 u0 com.softnation.Ojam/com.softnation.Ojam.MainActivity} to null displayId=0 Callers=com.android.server.wm.RootWindowContainer.updateFocusedWindowLocked:602 com.android.server.wm.WindowManagerService.updateFocusedWindowLocked:7168 com.android.server.wm.ActivityRecord.onRemovedFromDisplay:5446 com.android.server.wm.DisplayContent.removeAppToken:1789 
03-02 10:09:02.827  1621  4430 D WindowManager: wms.Input focus has changed to null display=0 updateInputWindows = true
03-02 10:09:02.827  1621  4430 I MultiSenceManagerInternalStub: getInstance
03-02 10:09:02.828  2363  2477 I SoScStageCoordinator: Transition requested:TransitionRequestInfo { type = CLOSE, triggerTask = TaskInfo{userId=0 taskId=37020 displayId=0 isRunning=false baseIntent=Intent { flg=0x10000000 cmp=com.softnation.Ojam/.MainActivity } baseActivity=null topActivity=null origActivity=null realActivity=ComponentInfo{com.softnation.Ojam/com.softnation.Ojam.MainActivity} numActivities=0 lastActiveTime=1025389445 supportsSplitScreenMultiWindow=true supportsMultiWindow=true resizeMode=1 isResizeable=true minWidth=-1 minHeight=-1 defaultMinSize=200 token=WCT{android.window.IWindowContainerToken$Stub$Proxy@92ad222} topActivityType=1 pictureInPictureParams=null shouldDockBigOverlays=false launchIntoPipHostTaskId=-1 lastParentTaskIdBeforePip=-1 displayCutoutSafeInsets=null topActivityInfo=null launchCookies=[] positionInParent=Point(0, 0) parentTaskId=-1 isFocused=true isVisible=true isVisibleRequested=true isSleeping=false locusId=null displayAreaFeatureId=1 isTopActivityTransparent=false appCompatTaskInfo=AppCompatTaskInfo { topActivityInSizeCompat=false topActivityEligibleForLetterboxEducation= falseisLetterboxEducationEnabled= false isLetterboxDoubleTapEnabled= false topActivityEligibleForUserAspectRatioButton= false topActivityBoundsLetterboxed= false isFromLetterboxDoubleTap= false topActivityLetterboxVerticalPosition= -1 topActivityLetterboxHorizontalPosition= -1 topActivityLetterboxWidth=-1 topActivityLetterboxHeight=-1 isUserFullscreenOverrideEnabled=false isSystemFullscreenOverrideEnabled=false cameraCompatTaskInfo=CameraCompatTaskInfo { cameraCompatControlState=hidden freeformCameraCompatMode=inactive}} isImmersive=false mTopActivityRequestOrientation=-2 mBehindAppLockPkg=null mOriginatingUid=0 isEmbedded=false shouldBeVisible=false mIsCastMode=false mTopActivityMediaSize=null mTopActivityRecordName=null mTopActivityOrientation=-2}, pipTask = null, remoteTransition = null, displayChange = null, flags = 0, debugId = 10135 } isSoScActive:false triggerTask:TaskInfo{userId=0 taskId=37020 displayId=0 isRunning=false baseIntent=Intent { flg=0x10000000 cmp=com.softnation.Ojam/.MainActivity } baseActivity=null topActivity=null origActivity=null realActivity=ComponentInfo{com.softnation.Ojam/com.softnation.Ojam.MainActivity} numActivities=0 lastActiveTime=1025389445 supportsSplitScreenMultiWindow=true supportsMultiWindow=true resizeMode=1 isResizeable=true minWidth=-1 minHeight=-1 defaultMinSize=200 token=WCT{android.window.IWindowContainerToken$Stub$Proxy@92ad222} topActivityType=1 pictureInPictureParams=null shouldDockBigOverlays=false launchIntoPipHostTaskId=-1 lastParentTaskIdBeforePip=-1 displayCutoutSafeInsets=null topActivityInfo=null launchCookies=[] positionInParent=Point(0, 0) parentTaskId=-1 isFocused=true isVisible=true isVisibleRequested=true isSleeping=false locusId=null displayAreaFeatureId=1 isTopActivityTransparent=false appCompatTaskInfo=AppCompatTaskInfo { topActivityInSizeCompat=false topActivityEligibleForLetterboxEducation= falseisLetterboxEducationEnabled= false isLetterboxDoubleTapEnabled= false topActivityEligibleForUserAspectRatioButton= false topActivityBoundsLetterboxed= false isFromLetterboxDoubleTap= false topActivityLetterboxVerticalPosition= -1 topActivityLetterboxHorizontalPosition= -1 topActivityLetterboxWidth=-1 topActivityLetterboxHeight=-1 isUserFullscreenOverrideEnabled=false isSystemFullscreenOverrideEnabled=false cameraCompatTaskInfo=CameraCompatTaskInfo { cameraCompatControlState=hidden freeformCameraCompatMode=inactive}} isImmersive=false mTopActivityRequestOrientation=-2 mBehindAppLockPkg=null mOriginatingUid=0 isEmbedded=false shouldBeVisible=false mIsCastMode=false mTopActivityMediaSize=null mTopActivityRecordName=null mTopActivityOrientation=-2}
03-02 10:09:02.829  1621  4430 D PerfMTKStubImpl: perfLockAcquire
03-02 10:09:02.829  1621  4430 I mtkpower_client: perf_lock_acq, hdl:0, dur:400, num:10, pid:1621, tid:4430
03-02 10:09:02.830  1621  4430 I mtkpower_client: ret_hdl:362002
03-02 10:09:02.830  1621  4430 I PowerHalWrapper: <amsBoostResume> last:null, next:com.miui.homehasATProcess:true 
03-02 10:09:02.831   863   958 I libPowerHal: [perfLockAcq] idx:1 hdl:362002 hint:-1 pid:1621 tid:4430 duration:400 lock_user:system_server => ret_hdl:362002
03-02 10:09:02.831  1621  4430 D WindowManager: Collecting in transition 10135: ActivityRecord{9880759 u0 com.miui.home/.launcher.Launcher t2} init visibleRequested:false
03-02 10:09:02.831   863   958 I libPowerHal: [setGPUFreq] system_server user set gpu freq min:0, max:-1
03-02 10:09:02.831   863   958 I libPowerHal: system_server: set gpu opp level: 0
03-02 10:09:02.832   863   958 I libPowerHal: system_server: set gpu opp level max: 0
03-02 10:09:02.832   863   958 I libPowerHal: [setGPUFreq] Soft min/max = (0, 0); Hard min/max = (31, 0)
03-02 10:09:02.832   863   958 I libPowerHal: [setGPUFreq] final min/max = (0, 0)
03-02 10:09:02.832   863   958 I libPowerHal: system_server: set gpu opp level: 0
03-02 10:09:02.832   863   958 I libPowerHal: system_server: set gpu opp level max: 0
03-02 10:09:02.832 14013 14013 D VRI[LauncherMinusOneScreen]: visibilityChanged oldVisibility=false newVisibility=true
03-02 10:09:02.832  1621  4430 I PowerHalWrapper: amsBoostNotify pid:1999,activity:com.miui.home.launcher.Launcher, package:com.miui.home, mProcessCreatePackcom.softnation.Ojam 
03-02 10:09:02.832  1621  4430 I PowerHalWrapper: state: 1 
03-02 10:09:02.832   863   958 I libPowerHal: [PE] system_server update cmd:400000 param:3000000 pr:3
03-02 10:09:02.832 11917 11917 D VRI[globalminusscreen]: visibilityChanged oldVisibility=false newVisibility=true
03-02 10:09:02.833   863   958 I libPowerHal: [PE] system_server update cmd:400100 param:3000000 pr:3
03-02 10:09:02.833   863   958 I libPowerHal: [PE] system_server update cmd:400200 param:3000000 pr:3
03-02 10:09:02.833   863   958 I libPowerHal: [setDvfsrcDevFreqOpp] opp:0, freq:3600000000
03-02 10:09:02.833   863   958 I libPowerHal: [PE] system_server update cmd:1000000 param:0 pr:3
03-02 10:09:02.833   863   958 I libPowerHal: [recordCPUFreqInfo] set cluster[0] min(system_server): 1800000 max(-1): -1 cluster[1] min(system_server): 2000000 max(-1): -1
03-02 10:09:02.833   863   958 I libPowerHal: [perfLockAcq] Done for hdl : 362002
03-02 10:09:02.834  1621  4430 I mtkpower_client: [PowerHal_Wrap_notifyAppState] com.miui.home/com.miui.home.launcher.Launcher pid=1999 activityId:159909721 state:1
03-02 10:09:02.834   861   861 I vendor.mediatek.hardware.mtkpower_applist-service.mediatek: packName: com.miui.home actName: com.miui.home.launcher.Launcher pid: 1999 activityId: 159909721 uid: 10166 state: 1
03-02 10:09:02.834   861   861 I MTK_APPList: [notifyAPPstate] com.miui.home/com.miui.home.launcher.Launcher, pid=1999, activityId=159909721, uid=10166, state:RESUMED, fps:-1, win:0
03-02 10:09:02.834  1621  4430 I PowerHalWrapper: amsBoostNotify AMS_BOOST_PROCESS_CREATE_BOOST:true 
03-02 10:09:02.834   861   861 I MTK_APPList: [notifyAPPstate] multi_resumed_app_count: 2
03-02 10:09:02.834   861   861 I MTK_APPList: [notifyAPPstate] multi_resumed_app_info[0] com.android.systemui/com.android.systemui._190038181, pid:2363, activityId:-1, fps:-1, isMultiWindow:0
03-02 10:09:02.835   861   861 I MTK_APPList: [notifyAPPstate] multi_resumed_app_info[1] com.miui.home/com.miui.home.launcher.Launcher, pid:1999, activityId:159909721, fps:-1, isMultiWindow:0
03-02 10:09:02.835   861   861 I MTK_APPList: [getForegroundAPPCount] 2
03-02 10:09:02.835   861   861 I MTK_APPList: [notifyAPPstate] foreground:com.miui.home, pid:1999, activityId:159909721, uid:10166
03-02 10:09:02.835   861   861 I MTK_APPList: [notifyNetdUID] 10166
03-02 10:09:02.835   863   958 I libPowerHal: [perfLockAcq] idx:2 hdl:362003 hint:22 pid:863 tid:863 duration:10000 lock_user:vendor.mediatek => ret_hdl:362003
03-02 10:09:02.835  1621  1621 D MBrainLocalService: isVendorFreezeConditionPass is false
03-02 10:09:02.835  1621  1621 E MBrainLocalService: notifyAppSwitch failed
03-02 10:09:02.835   863   958 I libPowerHal: [PE] MTKPOWER_HINT_PACK_SWITCH update cmd:1408300, param:100, pr:3
03-02 10:09:02.836   863   958 I libPowerHal: [set_kswapd_affinity] set affinity = 16129
03-02 10:09:02.836   863   958 I libPowerHal: [PE] MTKPOWER_HINT_PACK_SWITCH update ONESHOT(set) cmd:10000700 param:16129 pr:3
03-02 10:09:02.836   863   958 I libPowerHal: [perfLockAcq] Done for hdl : 362003
03-02 10:09:02.836  1621  4430 I SmartPower: com.miui.home/10166(1999): idle->invisible(111067ms) R(become foreground) adj=100.
03-02 10:09:02.836   863   958 I libPowerHal: [perfLockRel] hdl:361627, idx:-1
03-02 10:09:02.836   861   861 I MTK_APPList: [notifyPID] 1999
03-02 10:09:02.837   863   958 I libPowerHal: [perfSetSysInfo] pid type:24, 1999
03-02 10:09:02.837   861   861 I MTK_APPList: [notifyAPPstate] pc:1, com.softnation.Ojam => com.miui.home
03-02 10:09:02.838  1621  4430 D MiuiRefreshRatePolicy: reset
03-02 10:09:02.841  1999  1999 D Launcher.Lifecycle: onStart:UserHandle{0},c143874,false
03-02 10:09:02.841  1621  5056 D WindowManager: Set transition=TransitionRecord{fb43970 id=10135 type=CLOSE flags=0x0}, ready=true, SyncId=10135 
03-02 10:09:02.841  1999  1999 D LauncherAssistantCompatGoogle: onStart com.google.android.libraries.gsa.launcherclient.LauncherClient@b8351e8
03-02 10:09:02.842  2363  2477 I MultiTaskingTaskRepository: no MULTI_WINDOW, but base activity is null
03-02 10:09:02.842  2363  2477 I MultiTaskingTaskRepository: needSkip: is home task
03-02 10:09:02.842  2363  2477 D MiuiFreeformModeController: onFocusTaskChanged taskInfo: TaskInfo{userId=0 taskId=1 displayId=0 isRunning=true baseIntent=Intent { act=android.intent.action.MAIN cat=[android.intent.category.HOME] flg=0x10000100 cmp=com.miui.home/.launcher.Launcher } baseActivity=ComponentInfo{com.miui.home/com.miui.home.launcher.Launcher} topActivity=ComponentInfo{com.miui.home/com.miui.home.launcher.Launcher} origActivity=null realActivity=null numActivities=1 lastActiveTime=42083 supportsSplitScreenMultiWindow=true supportsMultiWindow=true resizeMode=2 isResizeable=true minWidth=-1 minHeight=-1 defaultMinSize=200 token=WCT{android.window.IWindowContainerToken$Stub$Proxy@b8e04b3} topActivityType=2 pictureInPictureParams=null shouldDockBigOverlays=false launchIntoPipHostTaskId=-1 lastParentTaskIdBeforePip=-1 displayCutoutSafeInsets=null topActivityInfo=ActivityInfo{658ba70 com.miui.home.launcher.Launcher} launchCookies=[] positionInParent=Point(0, 0) parentTaskId=-1 isFocused=true isVisible=false isVisibleRequested=true isSleeping=false locusId=null displayAreaFeatureId=1 isTopActivityTransparent=false appCompatTaskInfo=AppCompatTaskInfo { topActivityInSizeCompat=false topActivityEligibleForLetterboxEducation= falseisLetterboxEducationEnabled= false isLetterboxDoubleTapEnabled= false topActivityEligibleForUserAspectRatioButton= false topActivityBoundsLetterboxed= false isFromLetterboxDoubleTap= false topActivityLetterboxVerticalPosition= -1 topActivityLetterboxHorizontalPosition= -1 topActivityLetterboxWidth=1080 topActivityLetterboxHeight=2460 isUserFullscreenOverrideEnabled=false isSystemFullscreenOverrideEnabled=false cameraCompatTaskInfo=CameraCompatTaskInfo { cameraCompatControlState=hidden freeformCameraCompatMode=inactive}} isImmersive=false mTopActivityRequestOrientation=-2 mBehindAppLockPkg=null mOriginatingUid=0 isEmbedded=false shouldBeVisible=true mIsCastMode=false mTopActivityMediaSize=null mTopActivityRecordName=ActivityRecord{9880759 u0 com.miui.home/.launcher.Launcher t2} mTopActivityOrientation=1}
03-02 10:09:02.843  1621  1651 I ActivityTaskManager: visible for Task{75643f5 #37020 type=standard A=10337:com.softnation.Ojam} visible = true isAnimating = false TRANSITION = false PARENTS = false CHILDREN = false
03-02 10:09:02.843  2363  2477 D OneHandedController: stopOneHanded state is 0
03-02 10:09:02.843  1621  1651 D SurfaceComposerClient: Transaction::apply InputWindowCommands.focusRequests timestamp=607736389750069, windowName=<null>
03-02 10:09:02.843  6515 12042 D PerfEngineController: ForegroundInfo{mForegroundPackageName='com.miui.home', mForegroundUid=10166, mForegroundPid=1999, mLastForegroundPackageName='com.softnation.Ojam', mLastForegroundUid=10337, mLastForegroundPid=15408, mMultiWindowForegroundPackageName='com.miui.home', mMultiWindowForegroundUid=10166, mFlags=0}
03-02 10:09:02.843  1621  1648 D Aurogon :  uid = 10166 switch to FG
03-02 10:09:02.845  1621  1650 D ActivityManager: mediaResourceManagerBinder get success
03-02 10:09:02.845  6027 26949 D v1      : myUserId = 0	currentUserId0
03-02 10:09:02.845  1621  1651 D MiuiRefreshRatePolicy: reset
03-02 10:09:02.845  1159  1606 D ULogGuard: Monitoring: 18 threads, 0 requests, 0 time-bombs; 1 guards. ResetFlags = 0x7
03-02 10:09:02.845  6027  3111 I ProcessMonitor: onForegroundInfoChanged: ForegroundInfo{mForegroundPackageName='com.miui.home', mForegroundUid=10166, mForegroundPid=1999, mLastForegroundPackageName='com.softnation.Ojam', mLastForegroundUid=10337, mLastForegroundPid=15408, mMultiWindowForegroundPackageName='com.miui.home', mMultiWindowForegroundUid=10166, mFlags=0}
03-02 10:09:02.846  6027  3111 I VideoBoxUtils: isSupportVideoBox: false
03-02 10:09:02.846  6027  3111 I VideoToolBoxService: vtb is closed!!!
03-02 10:09:02.846  1621  1907 D MiuiMultiWindowUtils: DeviceLevel.IS_MIUI_LITE_VERSION 2.0 not support miui multiWindowtides
03-02 10:09:02.846  1999  1817 D EventBus: No subscribers registered for event class com.miui.home.recents.messages.RecentTasksChangedEvent
03-02 10:09:02.846  1999  1817 D EventBus: No subscribers registered for event class org.greenrobot.eventbus.NoSubscriberEvent
03-02 10:09:02.846  1999  2684 D RecentsModel: onTaskStackChangedBackground    MSG_TASK_STACK_CHANGE
03-02 10:09:02.846  1999  2684 D RecentsModel: boostTaskStackChangedThread once, tid=2684, recentResourceLoaderTid=2525
03-02 10:09:02.846  1999  2684 W MiBridge: Permission not granted !!
03-02 10:09:02.846  1999  2684 D Launcher.Boost: setDynamicVIPTaskIfNeeded::tid = 2684 duration = 500
03-02 10:09:02.846  2363  2363 I FocusedNotifPromptContr: onTopActivityMayChanged: isSupportPip false, isFocus false
03-02 10:09:02.846  1621  1651 I BLASTSyncEngine: SyncGroup 10135:  Unfinished container:ActivityRecord{9880759 u0 com.miui.home/.launcher.Launcher t2}
03-02 10:09:02.846  2363  2363 I FocusedNotifPromptContr: onTopActivityMayChanged: topActivity=com.miui.home
03-02 10:09:02.846  1621  1651 I BLASTSyncEngine: isActivitySyncFinished isSyncFinished false ActivityRecord{9880759 u0 com.miui.home/.launcher.Launcher t2}
03-02 10:09:02.846  1124  1124 D ResourceManagerServiceNew: update package name: com.miui.home
03-02 10:09:02.846  2363  2363 I PromptViewAnimState: topActivityMayChanged: topActivity=com.softnation.Ojam --> com.miui.home
03-02 10:09:02.846  1621  1907 D BluetoothAdapter: getActiveDevices(profile= A2DP)
03-02 10:09:02.846  2363  2363 D KeyguardEditorHelper: onTopActivityMayChanged, topActivity=ComponentInfo{com.miui.home/com.miui.home.launcher.Launcher}; mState=IDEL
03-02 10:09:02.849  1124  1124 D ResourceManagerServiceNew: packageName: com.miui.home, uid : 10166, hashCode : 86304474
03-02 10:09:02.849  1124  1124 D ResourceManagerServiceNew: ResourceManagerService::setCodecsVppModeWithLock
03-02 10:09:02.849  1621  4432 I ATMSImpl: cacheTasksForDefaultDisplay size=3
03-02 10:09:02.849  1124  1124 D ResourceManagerServiceNew: all codecs setVppMode return fail
03-02 10:09:02.849  1621  4427 I SmartPower: com.google.android.googlequicksearchbox:googleapp/10165(14013): idle->visible(108078ms) R(become visible) adj=800.
03-02 10:09:02.849  1621  4427 I SmartPower: com.google.android.googlequicksearchbox:search/10165(13966): idle->invisible(20619ms) R(become foreground) adj=800.
03-02 10:09:02.850  1621  4427 I SmartPower: com.google.android.googlequicksearchbox:interactor/10165(5969): background->invisible(1343ms) R(become foreground) adj=100.
03-02 10:09:02.850  1999  2684 D RecentsModel: getRunningTask ignoreActivityType : 2 ,ignoreWindowMode:5
03-02 10:09:02.850  1999  2684 W RecentsModel: getRunningTask   taskInfo=TaskInfo{userId=0 taskId=37019 displayId=0 isRunning=true baseIntent=Intent { flg=0x10000000 cmp=com.whatsapp/.home.ui.HomeActivity } baseActivity=ComponentInfo{com.whatsapp/com.whatsapp.home.ui.HomeActivity} topActivity=ComponentInfo{com.whatsapp/com.whatsapp.home.ui.HomeActivity} origActivity=null realActivity=ComponentInfo{com.whatsapp/com.whatsapp.home.ui.HomeActivity} numActivities=1 lastActiveTime=1025268869 supportsSplitScreenMultiWindow=true supportsMultiWindow=true resizeMode=1 isResizeable=true minWidth=-1 minHeight=-1 defaultMinSize=200 token=WCT{android.window.IWindowContainerToken$Stub$Proxy@d631c55} topActivityType=1 pictureInPictureParams=null shouldDockBigOverlays=false launchIntoPipHostTaskId=-1 lastParentTaskIdBeforePip=-1 displayCutoutSafeInsets=Rect(0, 104 - 0, 0) topActivityInfo=ActivityInfo{493266a com.whatsapp.home.ui.HomeActivity} launchCookies=[] positionInParent=Point(0, 0) parentTaskId=-1 isFocused=false isVisible=false isVisibleRequested=false isSleeping=false locusId=null displayAreaFeatureId=1 isTopActivityTransparent=false appCompatTaskInfo=AppCompatTaskInfo { topActivityInSizeCompat=false topActivityEligibleForLetterboxEducation= falseisLetterboxEducationEnabled= false isLetterboxDoubleTapEnabled= false topActivityEligibleForUserAspectRatioButton= false topActivityBoundsLetterboxed= false isFromLetterboxDoubleTap= false topActivityLetterboxVerticalPosition= -1 topActivityLetterboxHorizontalPosition= -1 topActivityLetterboxWidth=1080 topActivityLetterboxHeight=2460 isUserFullscreenOverrideEnabled=false isSystemFullscreenOverrideEnabled=false cameraCompatTaskInfo=CameraCompatTaskInfo { cameraCompatControlState=hidden freeformCameraCompatMode=inactive}} isImmersive=false mTopActivityRequestOrientation=-2 mBehindAppLockPkg=null mOriginatingUid=0 isEmbedded=false shouldBeVisible=false mIsCastMode=false mTopActivityMediaSize=null mTopActivityRecordName=ActivityRecord{fc958f0 u0 com.whatsapp/.home.ui.HomeActivity t37019} mTopActivityOrientation=-2}
03-02 10:09:02.850  1621  1907 D BluetoothAdapter: getActiveDevices(profile= HEADSET)
03-02 10:09:02.850  1999  2684 D RecentsModel: preloadRecents runningTaskId:37019, mCurrentRunningTaskId:-1, mRecentsTaskLoadPlan=com.android.systemui.shared.recents.model.RecentsTaskLoadPlan@857d75b
03-02 10:09:02.851   921  1170 I BufferQueueDebug: [LauncherMinusOneScreen#132980](this:0xb400007bcecd08d8,id:-1,api:0,p:-1,c:-1) BufferQueue core=(921:/system/bin/surfaceflinger)
03-02 10:09:02.851  1999  2684 E ActivityManagerWrapper: get all recent tasks force including 37019
03-02 10:09:02.852  1621  1907 D BluetoothAdapter: getActiveDevices(profile= LE_AUDIO)
03-02 10:09:02.854 18562  7948 E BluetoothAdapterService: getActiveDevices: LeAudioService is null
03-02 10:09:02.854  1621  1907 D AudioSystem: +setParameters(): foregroundUid=10166;bluetoothlowlatencystatus=false 
03-02 10:09:02.855  1621  1907 D AudioSystem: start get log level!
03-02 10:09:02.855  1621  4427 D MiuiRefreshRatePolicy: reset
03-02 10:09:02.856  1621  4427 I BLASTSyncEngine: SyncGroup 10135:  Unfinished container:ActivityRecord{9880759 u0 com.miui.home/.launcher.Launcher t2}
03-02 10:09:02.856  1621  4427 I BLASTSyncEngine: isActivitySyncFinished isSyncFinished false ActivityRecord{9880759 u0 com.miui.home/.launcher.Launcher t2}
03-02 10:09:02.856   843 20263 D AudioALSAHardware: +setParameters(): bluetoothlowlatencystatus=false;foregroundUid=10166
03-02 10:09:02.857   843 20263 D AudioALSAHardware: -setParameters(): bluetoothlowlatencystatus=false;foregroundUid=10166
03-02 10:09:02.857   843 20263 E AHAL_Module: setVendorParameters: default: unrecognized parameter "bluetoothlowlatencystatus=false;foregroundUid=10166"
03-02 10:09:02.857   894  1728 E ConversionHelperAidl: Function: parseAndSetVendorParameters Line: 97 Failed 
03-02 10:09:02.858   921   921 D SurfaceFlinger: Focus addInputWindowCommands timestamp=607736389750069, windowName=<null>
03-02 10:09:02.858  1621  4427 I WindowManager: Relayout Window{c20b10a u0 LauncherMinusOneScreen}: oldVis=8 newVis=0 focusMayChange = true requestedWidth = 1080 requestedHeight = 2460 outFrames = ClientWindowFrames{frame=[0,0][1080,2460] display=[0,0][1080,2460] parentFrame=[0,0][0,0]} outSurfaceControl = Surface(name=LauncherMinusOneScreen#132980)/@0x27b7c9c
03-02 10:09:02.858   921   921 I BpBinder: onLastStrongRef automatically unlinking death recipients: 
03-02 10:09:02.859   843 20263 D AHAL_ModuleBluetooth: setVendorParameters: parameter count 1, async: 0
03-02 10:09:02.859   843 20263 D AHAL_ModuleBluetooth: setVendorParameters: bluetoothlowlatencystatus=false;foregroundUid=10166
03-02 10:09:02.859  1621  2200 I ATMSImpl: cacheTasksForDefaultDisplay size=3
03-02 10:09:02.860 18562  7948 D BluetoothLatencyMode: ForegroundInfo{mForegroundPackageName='com.miui.home', mForegroundUid=10166, mForegroundPid=1999, mLastForegroundPackageName='com.softnation.Ojam', mLastForegroundUid=10337, mLastForegroundPid=15408, mMultiWindowForegroundPackageName='com.miui.home', mMultiWindowForegroundUid=10166, mFlags=0}
03-02 10:09:02.860   849   849 I hwcomposer: [HWCDisplay] (0 updateFps():3667), (type:1, mode:2) fps:1.063564,dur:2820.71,max:2557.16,min:38.79  
03-02 10:09:02.860 18562  7948 W LeAudioService: getLeAudioService(): service is NULL
03-02 10:09:02.860 18562  7948 D BluetoothLatencyMode: isWiredAudioHeadset.type: 1
03-02 10:09:02.860 18562  7948 D BluetoothLatencyMode: isWiredAudioHeadset.type: 2
03-02 10:09:02.860 18562  7948 D BluetoothLatencyMode: isWiredAudioHeadset.type: 18
03-02 10:09:02.860 18562  7948 D BluetoothLatencyMode: isWiredAudioHeadset.type: 14
03-02 10:09:02.861 14013 14013 D BufferQueueConsumer: [](id:36bd00000005,api:0,p:-1,c:14013) connect: controlledByApp=false
03-02 10:09:02.861   921   921 I MI-SF   : surfaceflinger setAffinity mode=0
03-02 10:09:02.862  1621  2188 I SmartPower: com.mi.globalminusscreen/10162(11917): idle->visible(38172ms) R(become visible) adj=0.
03-02 10:09:02.862   921   921 E MI-SF   : surfaceflinger setAffinity success
03-02 10:09:02.862 14013 14013 D BLASTBufferQueue: [VRI[LauncherMinusOneScreen]#5](f:0,a:0) constructor()
03-02 10:09:02.862   921  1500 I BufferQueueDebug: [LauncherOverlayWindow:com.mi.globalminusscreen#132981](this:0xb400007bcecbf778,id:-1,api:0,p:-1,c:-1) BufferQueue core=(921:/system/bin/surfaceflinger)
03-02 10:09:02.862 14013 14013 D BLASTBufferQueue: [VRI[LauncherMinusOneScreen]#5](f:0,a:0) update width=1080 height=2460 format=-2 mTransformHint=0
03-02 10:09:02.862   921  1483 D SurfaceFlinger: updateWinowInfo=1, setFocusedWindow timestamp=607736389750069, windowName=<null>
03-02 10:09:02.864  6515  6997 D MilletUtils: setUidState, uid = 10166 allow = true
03-02 10:09:02.864  1621  4427 D InputDispatcher: setFocusedWindow <null> on display 0 ignored, reason: already focused
03-02 10:09:02.866  1621  2188 D MiuiRefreshRatePolicy: reset
03-02 10:09:02.866  1621  4238 D MiSensorServiceImpl: PowerKeeperSensor resume iUid:10166 but app has not in Controlled
03-02 10:09:02.866 14013 14013 D VRI[LauncherMinusOneScreen]: vri.reportNextDraw android.view.ViewRootImpl.performTraversals:4984 android.view.ViewRootImpl.doTraversal:3564 android.view.ViewRootImpl$TraversalRunnable.run:11781 android.view.Choreographer$CallbackRecord.run:1804 android.view.Choreographer$CallbackRecord.run:1813 
03-02 10:09:02.866 14013 14013 D VRI[LauncherMinusOneScreen]: Setup new sync=wmsSync-VRI[LauncherMinusOneScreen]#12
03-02 10:09:02.866  1621  2188 I BLASTSyncEngine: SyncGroup 10135:  Unfinished container:ActivityRecord{9880759 u0 com.miui.home/.launcher.Launcher t2}
03-02 10:09:02.867  1621  2188 I BLASTSyncEngine: isActivitySyncFinished isSyncFinished false ActivityRecord{9880759 u0 com.miui.home/.launcher.Launcher t2}
03-02 10:09:02.868  1621  2188 I WindowManager: Relayout Window{ff9cdea u0 LauncherOverlayWindow:com.mi.globalminusscreen}: oldVis=8 newVis=0 focusMayChange = true requestedWidth = 1080 requestedHeight = 2460 outFrames = ClientWindowFrames{frame=[0,0][1080,2460] display=[0,0][1080,2460] parentFrame=[0,0][0,0]} outSurfaceControl = Surface(name=LauncherOverlayWindow:com.mi.globalminusscreen#132981)/@0x711c688
03-02 10:09:02.869  1621  1651 I ActivityTaskManager: visible for Task{75643f5 #37020 type=standard A=10337:com.softnation.Ojam} visible = true isAnimating = false TRANSITION = false PARENTS = false CHILDREN = false
03-02 10:09:02.870 11917 11917 D BufferQueueConsumer: [](id:2e8d0000001a,api:0,p:-1,c:11917) connect: controlledByApp=false
03-02 10:09:02.871  1999  2684 E ActivityManagerWrapper: getRecentTasksForceIncludingTaskIdIfValid: getRecentTasks: size=3
03-02 10:09:02.871  1999  2684 E ActivityManagerWrapper:  mainTaskId=37020   userId=0   windowMode=1   baseIntent=Intent { act=null flag=268435456 cmp=ComponentInfo{com.softnation.Ojam/com.softnation.Ojam.MainActivity} }
03-02 10:09:02.871  1999  2684 E ActivityManagerWrapper:  mainTaskId=37019   userId=0   windowMode=1   baseIntent=Intent { act=null flag=268435456 cmp=ComponentInfo{com.whatsapp/com.whatsapp.home.ui.HomeActivity} }
03-02 10:09:02.871  1999  2684 E ActivityManagerWrapper:  mainTaskId=36980   userId=0   windowMode=1   baseIntent=Intent { act=android.intent.action.MAIN flag=270532608 cmp=ComponentInfo{com.twitter.android/com.twitter.android.StartActivity} }
03-02 10:09:02.871 11917 11917 D BLASTBufferQueue: [VRI[globalminusscreen]#26](f:0,a:0) constructor()
03-02 10:09:02.871 11917 11917 D BLASTBufferQueue: [VRI[globalminusscreen]#26](f:0,a:0) update width=1080 height=2460 format=-2 mTransformHint=0
03-02 10:09:02.873  1621  1842 I MiuiNetworkPolicy: updateUidState uid = 99351, uidState = 3
03-02 10:09:02.874  1621  1842 I MiuiNetworkPolicy: updateUidState uid = 10261, uidState = 3
03-02 10:09:02.874  1621  1842 I MiuiNetworkPolicy: updateUidState uid = 10200, uidState = 3
03-02 10:09:02.874  1621  1842 I MiuiNetworkPolicy: updateUidState uid = 10181, uidState = 3
03-02 10:09:02.874  1621  1842 I MiuiNetworkPolicy: updateUidState uid = 10168, uidState = 3
03-02 10:09:02.874  1621  4430 E ClipboardServiceI: removeActivePermissionOwnerForPackage: mPrimaryClipPackage is null or get is null
03-02 10:09:02.876 11917 11917 D VRI[globalminusscreen]: vri.reportNextDraw android.view.ViewRootImpl.performTraversals:4984 android.view.ViewRootImpl.doTraversal:3564 android.view.ViewRootImpl$TraversalRunnable.run:11781 android.view.Choreographer$CallbackRecord.run:1804 android.view.Choreographer$CallbackRecord.run:1813 
03-02 10:09:02.877  1621  4430 D WindowManager: Set transition=TransitionRecord{fb43970 id=10135 type=CLOSE flags=0x0}, ready=true, SyncId=10135 
03-02 10:09:02.878 11917 11917 D VRI[globalminusscreen]: Setup new sync=wmsSync-VRI[globalminusscreen]#52
03-02 10:09:02.879  1621  4430 D WindowManager: Set transition=TransitionRecord{fb43970 id=10135 type=CLOSE flags=0x0}, ready=true, SyncId=10135 
03-02 10:09:02.879  1621  4430 I AppsFilter: interaction: PackageSetting{131896e com.android.microdroid.empty_payload/10255} -> PackageSetting{da45446 com.softnation.Ojam/10337} BLOCKED
03-02 10:09:02.880 18562 18904 I BtGatt.ScanManager: msg.what = MSG_IMPORTANCE_CHANGE, msg.arg1 = IMPORTANCE_CHANGE
03-02 10:09:02.880 18562 18904 E BtGatt.ScanManager: scan data is null
03-02 10:09:02.880  1621  4430 W ActivityManager: Invalid packageName: com.softnation.Ojam
03-02 10:09:02.880  1621  1842 I MiuiNetworkPolicy: updateUidState uid = 10166, uidState = 2
03-02 10:09:02.880  1621  1842 I MiuiNetworkPolicy: updateUidState uid = 10162, uidState = 3
03-02 10:09:02.880  1621  1842 I MiuiNetworkPolicy: updateUidState uid = 10147, uidState = 3
03-02 10:09:02.880  1621  1842 I MiuiNetworkPolicy: updateUidState uid = 10105, uidState = 19
03-02 10:09:02.893  1621  1651 I ActivityTaskManager: visible for Task{75643f5 #37020 type=standard A=10337:com.softnation.Ojam} visible = true isAnimating = false TRANSITION = false PARENTS = false CHILDREN = false
03-02 10:09:02.897 14013 14467 D BLASTBufferQueue: [VRI[LauncherMinusOneScreen]#5](f:0,a:1) acquireNextBufferLocked size=1080x2460 mFrameNumber=1 applyTransaction=true mTimestamp=607736445577145(auto) mPendingTransactions.size=0 graphicBufferId=60185376718881 transform=0
03-02 10:09:02.897 11917 22576 D BLASTBufferQueue: [VRI[globalminusscreen]#26](f:0,a:1) acquireNextBufferLocked size=1080x2460 mFrameNumber=1 applyTransaction=true mTimestamp=607736444883607(auto) mPendingTransactions.size=0 graphicBufferId=51183125266588 transform=0
03-02 10:09:02.900 14013 14013 D VRI[LauncherMinusOneScreen]: vri.reportDrawFinished
03-02 10:09:02.900 11917 11917 D VRI[globalminusscreen]: vri.reportDrawFinished
03-02 10:09:02.900  1621  4432 D WindowManager: wms.finishDrawingLocked: mDrawState=COMMIT_DRAW_PENDING Window{c20b10a u0 LauncherMinusOneScreen} in Surface(name=LauncherMinusOneScreen#132980)/@0x74f040f
03-02 10:09:02.902  1999  2684 D TaskSnapshotCompatVV: getIsInvalidateFromTaskSnapshot, return, mTaskSnapshot=null, mTaskSnapshotClazz=null
03-02 10:09:02.903  1621  1651 D MiuiRefreshRatePolicy: reset
03-02 10:09:02.904  2350  2350 D CarrierSvcBindHelper: onHandleForceStop: [com.softnation.Ojam]
03-02 10:09:02.905  2350  2350 D CarrierSvcBindHelper: No carrier app for: 0
03-02 10:09:02.906  1621  1651 I BLASTSyncEngine: SyncGroup 10135:  Unfinished container:ActivityRecord{9880759 u0 com.miui.home/.launcher.Launcher t2}
03-02 10:09:02.906  1621  1651 I BLASTSyncEngine: isActivitySyncFinished isSyncFinished false ActivityRecord{9880759 u0 com.miui.home/.launcher.Launcher t2}
03-02 10:09:02.906  2350  2350 D CarrierSvcBindHelper: No carrier app for: 1
03-02 10:09:02.907  1621  1746 E JobScheduler: ResourceBudgetManagerInternal is null
03-02 10:09:02.907  1621  1651 I ActivityTaskManager: visible for Task{75643f5 #37020 type=standard A=10337:com.softnation.Ojam} visible = true isAnimating = false TRANSITION = false PARENTS = false CHILDREN = false
03-02 10:09:02.909  2363  2363 D NotificationMediaManager: Not dismissing 0|com.softnation.Ojam|1001|null|10337 because it was removed by the system
03-02 10:09:02.910  1621  4754 D WindowManager: wms.finishDrawingLocked: mDrawState=COMMIT_DRAW_PENDING Window{ff9cdea u0 LauncherOverlayWindow:com.mi.globalminusscreen} in Surface(name=LauncherOverlayWindow:com.mi.globalminusscreen#132981)/@0x1d22b
03-02 10:09:02.910  2363  2363 D MiuiMediaControlPanel: removeListener
03-02 10:09:02.912  1621  1651 D MiuiRefreshRatePolicy: reset
03-02 10:09:02.913  1201  1298 D AALService: [CRTC_114] onALIChanged: 34 -> 41
03-02 10:09:02.916  1621  1651 I BLASTSyncEngine: SyncGroup 10135:  Unfinished container:ActivityRecord{9880759 u0 com.miui.home/.launcher.Launcher t2}
03-02 10:09:02.916  1621  1651 I BLASTSyncEngine: isActivitySyncFinished isSyncFinished false ActivityRecord{9880759 u0 com.miui.home/.launcher.Launcher t2}
03-02 10:09:02.918  1621  1842 I MiuiNetworkPolicy: updateUidState uid = 10165, uidState = 3
03-02 10:09:02.919  1999  1999 D Launcher: Launcher.DeviceConfig onStart bounds = Rect(0, 0 - 1080, 2460)
03-02 10:09:02.920 14013 14013 I brdz    : onStart
03-02 10:09:02.920 11917 12435 D LauncherOverlay: setActivityState:1
03-02 10:09:02.920 11917 11917 D LauncherOverlay.Window: onStart
03-02 10:09:02.922  1999 17839 D Launcher.Utilities: select screen is:personal_assistant_google
03-02 10:09:02.922  1621  4427 D AppLock_AccessControlImpl: activityResume packageName: com.miui.home userId: 0 enabled: true
03-02 10:09:02.923  1621  4427 D AppLock_AccessControlImpl: activityResume lockMode: 1
03-02 10:09:02.923  1999  1999 D SecurityManager: checkAccessControl flag1
03-02 10:09:02.923  1621  1746 D CompatChangeReporter: Compat change id reported: 151861875; UID 10374; state: ENABLED
03-02 10:09:02.923  1999  2512 D SessionLifecycleClient: Sending lifecycle 1 to service
03-02 10:09:02.924  1999  4922 D SessionLifecycleService: Activity foregrounding at 607736472.
03-02 10:09:02.924  1621  1746 V GrammaticalInflectionUtils: AttributionSource: android.content.AttributionSource@58b58be6 does not have READ_SYSTEM_GRAMMATICAL_GENDER permission.
03-02 10:09:02.924  1621  1651 I ActivityTaskManager: visible for Task{75643f5 #37020 type=standard A=10337:com.softnation.Ojam} visible = true isAnimating = false TRANSITION = false PARENTS = false CHILDREN = false
03-02 10:09:02.925 14013 14013 I bpbq    : (REDACTED) [%s] onStart()
03-02 10:09:02.925 14013 14013 I bpdz    : Reloading theme data
03-02 10:09:02.926  1999  1999 D Launcher: Launcher.DeviceConfig onResume bounds = Rect(0, 0 - 1080, 2460)
03-02 10:09:02.926  1999  1999 D Launcher.DropTargetBar: update uninstall active when NO drag, active=false (edit=7, isUninstallDialogShowing=false, isWidgetPreviewShowing=false, isDefaultScreenPreviewShowing=false, isMenuVisible=false)
03-02 10:09:02.926  1999  1999 D Launcher.Lifecycle: onResume:UserHandle{0},c143874,false
03-02 10:09:02.926  1999  1999 W Settings: Setting device_provisioned has moved from android.provider.Settings.Secure to android.provider.Settings.Global.
03-02 10:09:02.928  2363  2363 E StackScroller: updateSidePadding: viewWidth is zero
03-02 10:09:02.929  1621  1856 D ConnectivityService: NetReassign [no changes] [c 0] [a 1] [i 1]
03-02 10:09:02.929  1999  1999 D Launcher.FullbackHome: FallbackHomeCompat::needKillSelf::needKillSelf = false
03-02 10:09:02.930  1999  1999 D SoscSplitStateController: updateDividerFixedState: isFixed = true
03-02 10:09:02.930  1999  1999 E Launcher.application: setClickAppWaitForCallback = false
03-02 10:09:02.930  1999  1999 D Launcher.FullbackHome: FallbackHomeCompat::needKillSelf::needKillSelf = false
03-02 10:09:02.930  1621  1746 I whetstone.activity: Power Event callback listener is empty for resId=256
03-02 10:09:02.930  1999  1999 D LauncherAssistantCompatGoogle: onResume com.google.android.libraries.gsa.launcherclient.LauncherClient@b8351e8
03-02 10:09:02.930  1621  1746 D BatteryStatsManagerStub: notifyEvent for resId=256 used 0ms
03-02 10:09:02.930 14013 14470 I dwtj    : #onAvailable
03-02 10:09:02.931  1999  1999 D Launcher_UnlockAnimationStateMachine: onResume = IDLE
03-02 10:09:02.931  1999  1999 I Launcher: changeMIUIWidgetEditMode false
03-02 10:09:02.931  1999  1999 D StatusBarController: disableRecent: disable= false
03-02 10:09:02.931  1999  1999 D ServiceDeliveryReplaceHelper: onResume: widget to serviceDeliver isReplace false
03-02 10:09:02.932  2363  2363 D HideDeletedFocusController: onNotificationRemoved 5 0|com.softnation.Ojam|1001|null|10337
03-02 10:09:02.932  2363  2477 D SoScSplitScreenController: updateDividerFixedState isFixed:true
03-02 10:09:02.934  1621  1746 E JobScheduler: ResourceBudgetManagerInternal is null
03-02 10:09:02.935  1621  4754 I ClipboardServiceI: checkProviderWakePathForClipboard: primaryClip is null
03-02 10:09:02.936 14013 14013 I brdz    : onResume
03-02 10:09:02.938  1621  1746 V GrammaticalInflectionUtils: AttributionSource: android.content.AttributionSource@369db250 does not have READ_SYSTEM_GRAMMATICAL_GENDER permission.
03-02 10:09:02.942   921  2359 I BufferQueueDebug: [com.miui.home/com.miui.home.launcher.Launcher#132982](this:0xb400007bcecc8028,id:-1,api:0,p:-1,c:-1) BufferQueue core=(921:/system/bin/surfaceflinger)
03-02 10:09:02.942  1621  1746 I whetstone.activity: Power Event callback listener is empty for resId=256
03-02 10:09:02.944  1621  1746 D BatteryStatsManagerStub: notifyEvent for resId=256 used 1ms
03-02 10:09:02.945  1621  1746 E JobScheduler: ResourceBudgetManagerInternal is null
03-02 10:09:02.945  6515  6921 D PowerKeeper.Audio: pids 0
03-02 10:09:02.948  1621  2192 W ActivityManagerServiceImpl: Sending non-protected broadcast android.intent.action.APPLICATION_MESSAGE_UPDATE from system 2363:com.android.systemui/1000 pkg com.android.systemui. Callers=
03-02 10:09:02.950  1621  4432 D MiuiRefreshRatePolicy: reset
03-02 10:09:02.951  2363  2363 D BadgeCoordinator: recevie broadbcast ACTION_APPLICATION_MESSAGE_QUERY, requestFirstTime=false
03-02 10:09:02.952  1621  4432 I BLASTSyncEngine: SyncGroup 10135:  Unfinished container:ActivityRecord{9880759 u0 com.miui.home/.launcher.Launcher t2}
03-02 10:09:02.952  1621  4432 I BLASTSyncEngine: isActivitySyncFinished isSyncFinished false ActivityRecord{9880759 u0 com.miui.home/.launcher.Launcher t2}
03-02 10:09:02.954   921  1468 W EventThreadInspector: slow VSync-appSf on display(4627039422300187648) count=1, avg=30 ms, max=30 ms.
03-02 10:09:02.954  1621  4432 W WindowManager: Changing focus from null to Window{d85ca12 u0 com.miui.home/com.miui.home.launcher.Launcher} displayId=0 Callers=com.android.server.wm.RootWindowContainer.updateFocusedWindowLocked:602 com.android.server.wm.WindowManagerService.updateFocusedWindowLocked:7168 com.android.server.wm.WindowManagerService.relayoutWindowInner:3076 com.android.server.wm.WindowManagerService.relayoutWindow:2724 
03-02 10:09:02.955  1621  4432 I whetstone.activity: Power Event callback listener is empty for resId=32
03-02 10:09:02.955  1621  4432 D BatteryStatsManagerStub: notifyEvent for resId=32 used 1ms
03-02 10:09:02.955  1621  1842 I MiuiNetworkPolicy: updateUidState uid = 10301, uidState = 11
03-02 10:09:02.956   921  2359 I BufferQueueDebug: [Surface(name=5b2ee94 StatusBar#103)/@0xf6cf932 - animation-leash of insets_animation#132983](this:0xb400007bceca8af8,id:-1,api:0,p:-1,c:-1) BufferQueue core=(921:/system/bin/surfaceflinger)
03-02 10:09:02.958   921  2359 I BufferQueueDebug: [Surface(name=77d8129 NavigationBar0#101614)/@0x3faba4f - animation-leash of insets_animation#132984](this:0xb400007bcebbf2d8,id:-1,api:0,p:-1,c:-1) BufferQueue core=(921:/system/bin/surfaceflinger)
03-02 10:09:02.960   835   835 D Zygote  : Forked child process 21798
03-02 10:09:02.960  1621  1640 D AudioSystem: +setParameters(): gamebooster=false 
03-02 10:09:02.960  1621  1640 D AudioSystem: start get log level!
03-02 10:09:02.960  1621  4432 D WindowManager: wms.Input focus has changed to Window{d85ca12 u0 com.miui.home/com.miui.home.launcher.Launcher} display=0 updateInputWindows = true
03-02 10:09:02.960  1621  4432 I MultiSenceManagerInternalStub: getInstance
03-02 10:09:02.961   843 20263 D AudioALSAHardware: +setParameters(): gamebooster=false
03-02 10:09:02.961  1621  4432 I WindowManager: Relayout Window{d85ca12 u0 com.miui.home/com.miui.home.launcher.Launcher}: oldVis=8 newVis=0 focusMayChange = true requestedWidth = 1080 requestedHeight = 2460 outFrames = ClientWindowFrames{frame=[0,0][1080,2460] display=[0,0][1080,2460] parentFrame=[0,0][0,0]} outSurfaceControl = Surface(name=com.miui.home/com.miui.home.launcher.Launcher#132982)/@0x63bc20b
03-02 10:09:02.962   843 20263 D AudioALSAHardware: -setParameters(): gamebooster=false
03-02 10:09:02.962  1621  1918 E HyperSentinel: -------------------------------------------------------
03-02 10:09:02.962   843 20263 E AHAL_Module: setVendorParameters: default: unrecognized parameter "gamebooster=false"
03-02 10:09:02.962  1621  1918 E HyperSentinel: Event_OpenFileFDSize
03-02 10:09:02.962  1621  1918 E HyperSentinel: -> audit event by proc 1621 "system_server": Fd increasement, peak, 844 -> 984
03-02 10:09:02.962  1621  1917 D MiuiSentinelService: begin judgment FdAmountLeakException
03-02 10:09:02.962  1621  1928 I MultiSenceManagerInternalStubImpl: packageName = com.miui.home
03-02 10:09:02.963  1621  1928 W ContextImpl: Calling a method in the system process without a qualified user: android.app.ContextImpl.sendBroadcast:1260 com.android.server.wm.MultiSenceManagerInternalStubImpl.sendFocusWindowsBroadcast:148 com.android.server.wm.MultiSenceManagerInternalStubImpl$UpdateScreenStatus.run:98 android.os.Handler.handleCallback:959 android.os.Handler.dispatchMessage:100 
03-02 10:09:02.963  1621  1928 W ActivityManagerServiceImpl: Sending non-protected broadcast com.xiaomi.multisence.action.FOCUSED_CHANGE from system 1621:system/1000 pkg android. Callers=com.android.server.am.ActivityManagerService.checkBroadcastFromSystem:16365 com.android.server.am.ActivityManagerService.broadcastIntentLockedTraced:17236 com.android.server.am.ActivityManagerService.broadcastIntentLocked:16425 com.android.server.am.ActivityManagerService.broadcastIntentWithFeature:17459 android.app.ContextImpl.sendBroadcast:1264 
03-02 10:09:02.964   894 23088 E ConversionHelperAidl: Function: parseAndSetVendorParameters Line: 97 Failed 
03-02 10:09:02.966   843 20263 D AHAL_ModuleBluetooth: setVendorParameters: parameter count 1, async: 0
03-02 10:09:02.966  1999  1999 D BufferQueueConsumer: [](id:7cf00000569,api:0,p:-1,c:1999) connect: controlledByApp=false
03-02 10:09:02.966   843 20263 D AHAL_ModuleBluetooth: setVendorParameters: gamebooster=false
03-02 10:09:02.968  1999  1999 D BLASTBufferQueue: [VRI[Launcher]#1185](f:0,a:0) constructor()
03-02 10:09:02.968  1999  1999 D BLASTBufferQueue: [VRI[Launcher]#1185](f:0,a:0) update width=1080 height=2460 format=1 mTransformHint=0
03-02 10:09:02.969  1621  1667 I ActivityManager: Start proc 21798:mydiary.journal.diary.diarywithlock.diaryjournal.secretdiary/u0a374 for service {mydiary.journal.diary.diarywithlock.diaryjournal.secretdiary/com.google.android.datatransport.runtime.scheduling.jobscheduling.JobInfoSchedulerService} caller=android
03-02 10:09:02.971  1621  1746 V GrammaticalInflectionUtils: AttributionSource: android.content.AttributionSource@e815b2e8 does not have READ_SYSTEM_GRAMMATICAL_GENDER permission.
03-02 10:09:02.972  1621  1651 I ActivityTaskManager: visible for Task{75643f5 #37020 type=standard A=10337:com.softnation.Ojam} visible = true isAnimating = false TRANSITION = false PARENTS = false CHILDREN = false
03-02 10:09:02.972  1621  1651 D SurfaceComposerClient: Transaction::apply InputWindowCommands.focusRequests timestamp=607736517926684, windowName=d85ca12 com.miui.home/com.miui.home.launcher.Launcher
03-02 10:09:02.974  1999  1999 D VRI[Launcher]: vri.reportNextDraw android.view.ViewRootImpl.performTraversals:4984 android.view.ViewRootImpl.doTraversal:3564 android.view.ViewRootImpl$TraversalRunnable.run:11781 android.view.Choreographer$CallbackRecord.run:1804 android.view.Choreographer$CallbackRecord.run:1813 
03-02 10:09:02.974  1999  1999 D VRI[Launcher]: Setup new sync=wmsSync-VRI[Launcher]#96
03-02 10:09:02.975  1621  1651 D WindowManager: Collecting in transition 10135: WallpaperWindowToken{d3319dd token=android.os.Binder@113b9b4} init visibleRequested:false
03-02 10:09:02.975  1621  1651 D WindowManager: Collecting in transition 10135: WallpaperWindowToken{d3319dd token=android.os.Binder@113b9b4} init visibleRequested:false
03-02 10:09:02.977  1621  1651 D WindowManager: Collecting in transition 10135: WallpaperWindowToken{2d6d85a token=android.os.Binder@8dfa005} init visibleRequested:false
03-02 10:09:02.977  1621  1651 D WindowManager: Collecting in transition 10135: WallpaperWindowToken{2d6d85a token=android.os.Binder@8dfa005} init visibleRequested:false
03-02 10:09:02.977  2061  2061 I MiuiWallpaper-ImageWallpaper: onVisibilityChanged, visible = true, ret=true
03-02 10:09:02.978  2061 12253 W HWUI    : Surface doesn't have any previously queued frames, nothing to readback from
03-02 10:09:02.980  1621  1651 D MiuiRefreshRatePolicy: reset
03-02 10:09:02.980  2061  2061 I MiuiWallpaper-MiuiKeyguardPictorialWallpaper: onVisibilityChanged, visible = true, ret=true
03-02 10:09:02.982  2061 12253 W HWUI    : Surface doesn't have any previously queued frames, nothing to readback from
03-02 10:09:02.982  1621  1651 I BLASTSyncEngine: SyncGroup 10135:  Unfinished container:ActivityRecord{9880759 u0 com.miui.home/.launcher.Launcher t2}
03-02 10:09:02.983  1621  1651 I BLASTSyncEngine: isActivitySyncFinished isSyncFinished false ActivityRecord{9880759 u0 com.miui.home/.launcher.Launcher t2}
03-02 10:09:02.984  1621  1651 D MiuiRefreshRatePolicy: reset
03-02 10:09:02.985  1621  1651 I BLASTSyncEngine: SyncGroup 10135:  Unfinished container:ActivityRecord{9880759 u0 com.miui.home/.launcher.Launcher t2}
03-02 10:09:02.985  1621  1651 I BLASTSyncEngine: isActivitySyncFinished isSyncFinished false ActivityRecord{9880759 u0 com.miui.home/.launcher.Launcher t2}
03-02 10:09:02.988   921   921 D SurfaceFlinger: Focus addInputWindowCommands timestamp=607736517926684, windowName=d85ca12 com.miui.home/com.miui.home.launcher.Launcher
03-02 10:09:02.988  1621  1651 I WindowManager: wms.showSurfaceRobustly mWin:Window{92602d4 u0 com.miui.miwallpaper.wallpaperservice.ImageWallpaper}
03-02 10:09:02.988  1621  1746 I whetstone.activity: Power Event callback listener is empty for resId=256
03-02 10:09:02.988 21798 21798 E Zygote  : process_name_ptr:21798 mydiary.journal.diary.diarywithlock.diaryjournal.secretdiary
03-02 10:09:02.988  1621  1651 I WindowManager: wms.showSurfaceRobustly mWin:Window{7986e4c u0 com.miui.miwallpaper.wallpaperservice.MiuiKeyguardPictorialWallpaper}
03-02 10:09:02.989 21798 21798 E Zygote  : SetMemoryProtected process_name_ptr:21798 mydiary.journal.diary.diarywithlock.diaryjournal.secretdiary
