03-02 10:09:03.725  1621  1731 W WindowManager: Exception thrown during dispatchAppVisibility Window{ac0e260 u0 com.softnation.Ojam/com.softnation.Ojam.MainActivity EXITING}
03-02 10:09:03.725  1621  1731 W WindowManager: android.os.DeadObjectException
03-02 10:09:03.725  1621  1731 W WindowManager: 	at android.os.BinderProxy.transactNative(Native Method)
03-02 10:09:03.725  1621  1731 W WindowManager: 	at android.os.BinderProxy.transact(BinderProxy.java:682)
03-02 10:09:03.725  1621  1731 W WindowManager: 	at android.view.IWindow$Stub$Proxy.dispatchAppVisibility(IWindow.java:655)
03-02 10:09:03.725  1621  1731 W WindowManager: 	at com.android.server.wm.WindowState.sendAppVisibilityToClients(WindowState.java:3529)
03-02 10:09:03.725  1621  1731 W WindowManager: 	at com.android.server.wm.WindowContainer.sendAppVisibilityToClients(WindowContainer.java:1387)
03-02 10:09:03.725  1621  1731 W WindowManager: 	at com.android.server.wm.WindowToken.setClientVisible(WindowToken.java:423)
03-02 10:09:03.725  1621  1731 W WindowManager: 	at com.android.server.wm.ActivityRecord.setClientVisible(ActivityRecord.java:8426)
03-02 10:09:03.725  1621  1731 W WindowManager: 	at com.android.server.wm.ActivityRecord.postApplyAnimation(ActivityRecord.java:6989)
03-02 10:09:03.725  1621  1731 W WindowManager: 	at com.android.server.wm.ActivityRecord.commitVisibility(ActivityRecord.java:6931)
03-02 10:09:03.725  1621  1731 W WindowManager: 	at com.android.server.wm.Transition.finishTransition(Transition.java:1589)
03-02 10:09:03.725  1621  1731 W WindowManager: 	at com.android.server.wm.TransitionController.finishTransition(TransitionController.java:1153)
03-02 10:09:03.725  1621  1731 W WindowManager: 	at com.android.server.wm.WindowOrganizerController.finishTransition(WindowOrganizerController.java:578)
03-02 10:09:03.725  1621  1731 W WindowManager: 	at android.window.IWindowOrganizerController$Stub.onTransact(IWindowOrganizerController.java:324)
03-02 10:09:03.725  1621  1731 W WindowManager: 	at com.android.server.wm.WindowOrganizerController.onTransact(WindowOrganizerController.java:234)
03-02 10:09:03.725  1621  1731 W WindowManager: 	at android.os.Binder.execTransactInternal(Binder.java:1507)
03-02 10:09:03.725  1621  1731 W WindowManager: 	at android.os.Binder.execTransact(Binder.java:1451)
03-02 10:09:03.726  1621  1731 W Process : Unable to open /proc/15408/status
03-02 10:09:03.726  1621  1731 I Transition: finishTransition: updateLastSurfacePosition tf=Task{27e6aff #2 type=home I=com.miui.home/.launcher.Launcher}
03-02 10:09:03.726  1621  1731 I Transition: finishTransition: updateLastSurfacePosition tf=Task{75643f5 #37020 type=standard A=10337:com.softnation.Ojam}
03-02 10:09:03.727  1621  1731 I Transition: finishTransition: updateLastSurfacePosition tf=Task{d151cdd #1 type=home}
03-02 10:09:03.727  1999  1999 E RotationHelper: setCurrentTransitionRequest: request=0
03-02 10:09:03.728  1621  1731 D MiuiRefreshRatePolicy: reset
03-02 10:09:03.729  1999  2411 I com.miui.home: NativeAlloc concurrent mark compact GC freed 27MB AllocSpace bytes, 20(400KB) LOS objects, 66% free, 17MB/51MB, paused 7.987ms,3.176ms total 544.018ms
03-02 10:09:03.730 15673 15673 I MessageMonitor: Load libmiui_runtime
03-02 10:09:03.730  1621  1731 I PowerManagerServiceImpl: Release wakelock: SCREEN_BRIGHT_WAKE_LOCK           'WindowManager/displayId:0' ON_AFTER_RELEASE DISABLED ACQ=-1m38s196ms (uid=1000 pid=1621 pkg=android ws=WorkSource{10337 com.softnation.Ojam})
03-02 10:09:03.734  1621  5056 D SymlinkUtils: attachApplication file op go pass: 0 ms
03-02 10:09:03.736  1621  1731 D WindowManager: setParent old=ActivityRecord{13accdf u0 com.softnation.Ojam/.MainActivity t37020 f} isExiting},new=null,this window=Window{ac0e260 u0 com.softnation.Ojam/com.softnation.Ojam.MainActivity EXITING},callers=com.android.server.wm.WindowContainer.removeChild:897 com.android.server.wm.ActivityRecord.removeChild:5518 com.android.server.wm.ActivityRecord.removeChild:505 com.android.server.wm.WindowContainer.removeImmediately:967 com.android.server.wm.WindowState.removeImmediately:2526 com.android.server.wm.WindowContainer.removeImmediately:931 
03-02 10:09:03.738  1621  1731 D MiuiRefreshRatePolicy: reset
03-02 10:09:03.740  1621  1731 D WindowManager: setParent old=Task{75643f5 #37020 type=standard A=10337:com.softnation.Ojam},new=null,this window=ActivityRecord{13accdf u0 com.softnation.Ojam/.MainActivity t37020 f} isExiting},callers=com.android.server.wm.WindowContainer.removeChild:897 com.android.server.wm.TaskFragment.removeChild:3337 com.android.server.wm.Task.removeChild:1929 com.android.server.wm.Task.removeChild:1908 com.android.server.wm.WindowContainer.removeImmediately:967 com.android.server.wm.WindowToken.removeImmediately:374 
03-02 10:09:03.741   921  1500 I BufferQueueDebug: [Task=37020#133000](this:0xb400007bceca8af8,id:-1,api:0,p:-1,c:-1) BufferQueue core=(921:/system/bin/surfaceflinger)
03-02 10:09:03.743  1621  1731 D WindowManager: setParent old=DefaultTaskDisplayArea@262819365,new=null,this window=Task{75643f5 #37020 type=standard A=10337:com.softnation.Ojam},callers=com.android.server.wm.WindowContainer.removeChild:897 com.android.server.wm.TaskDisplayArea.removeChildTask:360 com.android.server.wm.TaskDisplayArea.removeChild:351 com.android.server.wm.WindowContainer.removeImmediately:967 com.android.server.wm.TaskFragment.removeImmediately:3417 com.android.server.wm.Task.removeImmediately:3408 
03-02 10:09:03.744  1621  1731 D MiuiMultiWindowUtils: DeviceLevel.IS_MIUI_LITE_VERSION 2.0 not support miui multiWindowtides
03-02 10:09:03.744  1621  1731 D MiuiMultiWindowUtils: DeviceLevel.IS_MIUI_LITE_VERSION 2.0 not support miui multiWindowtides
03-02 10:09:03.745  1621  2194 W UserManagerService: Requested status bar icon for non-badged user 0
03-02 10:09:03.746  1621  1651 I ActivityTaskManager: visible for Task{27e6aff #2 type=home I=com.miui.home/.launcher.Launcher} visible = true isAnimating = false TRANSITION = false PARENTS = false CHILDREN = false
03-02 10:09:03.746  1621  1918 E HyperSentinel: -------------------------------------------------------
03-02 10:09:03.746  1621  1918 E HyperSentinel: Event_ResidentSize
03-02 10:09:03.746  1621  1918 E HyperSentinel: -> audit event by proc 15673 "usap64": RSS increasement, peak 74104kb -> 111172kb
03-02 10:09:03.747  1621  1918 E HyperSentinel: -------------------------------------------------------
03-02 10:09:03.747  1621  1918 E HyperSentinel: Event_ThreadAmount
03-02 10:09:03.747  1621  1918 E HyperSentinel: -> audit event by proc 15673 "usap64": running threads amount, 0 -> 12
03-02 10:09:03.748   921  1170 D SurfaceFlinger: [SF client] REMOVE (0xb400007caea0cfd0) for (1621:system_server)
03-02 10:09:03.748  2363  2477 I RemoteTransitionHandlerStubImpl: invokeAndRemoveWctCB transition: android.os.BinderProxy@fd3c3ed, wctCB: android.window.IWindowContainerTransactionCallback$Stub$Proxy@9f70ccf
03-02 10:09:03.748  2363  2477 I ShellTransitions: Is abandon offsetY: false
03-02 10:09:03.748  2363  2477 I ShellTransitions: Is abandon offsetY: false
03-02 10:09:03.748  2363  2477 E TaskViewTransitions: Found a launching TaskView in the wrong transition. All TaskView launches should be initiated by shell and in their own transition: 37021
03-02 10:09:03.748  2363  2477 E KeyguardTransitionHandlerImpl: activityCount = 0
03-02 10:09:03.749  1621  1651 W ActivityTaskManager: Can't find TaskDisplayArea to determine support for multi window. Task id=37020 attached=false
03-02 10:09:03.749  2363  2477 E KeyguardTransitionHandlerImpl: activityCount = 0
03-02 10:09:03.749  2363  2477 D MiuiFreeformModeAnimation: startAnimation change: {WCT{android.window.IWindowContainerToken$Stub$Proxy@ec4b9d7} m=OPEN f=NONE leash=Surface(name=Task=37021#132992)/@0x998fd18 sb=Rect(0, 0 - 1080, 2460) eb=Rect(0, 0 - 1080, 2460) d=0 taskParent=-1} info.getType(): 1
03-02 10:09:03.749  2363  2477 D MiuiFreeformModeAnimation: startAnimation change: {WCT{android.window.IWindowContainerToken$Stub$Proxy@dacd2c4} m=TO_BACK f=SHOW_WALLPAPER leash=Surface(name=Task=1#47)/@0xbd14371 sb=Rect(0, 0 - 1080, 2460) eb=Rect(0, 0 - 1080, 2460) d=0 taskParent=-1} info.getType(): 1
03-02 10:09:03.749  2363  2477 D SoScStageCoordinator: inCloseTransition:false pairsStartedWithCloseTransition:false isRequestCloseTriggerTask:false inSingleSoScState:false inSoScUnactivie:true closeStage:null
03-02 10:09:03.750  1621  1651 D MiuiRefreshRatePolicy: reset
03-02 10:09:03.751  2363  2477 D TransitionAnimationHelper:  load default animation  type = 1 enter = false animAttr = 19 isTask = true translucent = false
03-02 10:09:03.751  1999  2756 D TransitionCallback: Transitions all anim call WindowOrganizer.finishTransition end
03-02 10:09:03.751  1999  2756 I TransitionCallback: checkCallbackSync, size = 1
03-02 10:09:03.751  1999  2756 I WindowElement: 4049b21 onFinishCompleted mDisableStateManagerListener = false
03-02 10:09:03.752  1999  1999 D HomeLayerElement: releaseHomeLeash null
03-02 10:09:03.752  1999  1999 D HomeLayerElement: java.lang.Exception
03-02 10:09:03.752  1999  1999 D HomeLayerElement: 	at com.miui.home.recents.anim.HomeLayerElement.releaseHomeLeash(HomeLayerElement.kt:93)
03-02 10:09:03.752  1999  1999 D HomeLayerElement: 	at com.miui.home.recents.anim.WindowElement.onFinishCompleted$lambda-17(WindowElement.kt:1218)
03-02 10:09:03.752  1999  1999 D HomeLayerElement: 	at com.miui.home.recents.anim.WindowElement.$r8$lambda$9rzf3fTArGCTg2V355uRTOGSaa0(Unknown Source:0)
03-02 10:09:03.752  1999  1999 D HomeLayerElement: 	at com.miui.home.recents.anim.WindowElement$$ExternalSyntheticLambda2.run(Unknown Source:2)
03-02 10:09:03.752  1999  1999 D HomeLayerElement: 	at android.os.Handler.handleCallback(Handler.java:959)
03-02 10:09:03.752  1999  1999 D HomeLayerElement: 	at android.os.Handler.dispatchMessage(Handler.java:100)
03-02 10:09:03.752  1999  1999 D HomeLayerElement: 	at android.os.Looper.loopOnce(Looper.java:249)
03-02 10:09:03.752  1999  1999 D HomeLayerElement: 	at android.os.Looper.loop(Looper.java:337)
03-02 10:09:03.752  1999  1999 D HomeLayerElement: 	at android.app.ActivityThread.main(ActivityThread.java:9500)
03-02 10:09:03.752  1999  1999 D HomeLayerElement: 	at java.lang.reflect.Method.invoke(Native Method)
03-02 10:09:03.752  1999  1999 D HomeLayerElement: 	at com.android.internal.os.RuntimeInit$MethodAndArgsCaller.run(RuntimeInit.java:636)
03-02 10:09:03.752  1999  1999 D HomeLayerElement: 	at com.android.internal.os.ZygoteInit.main(ZygoteInit.java:1005)
03-02 10:09:03.752  1999  1999 I AnimStateManager: onAnimationEnd animSymbols(com.miui.home.recents.util.RectFSpringAnim@a187720 com.miui.home.recents.util.RectFSpringAnim@a187720)
03-02 10:09:03.752  1999  1999 I AnimStateManager: go to state com.miui.home.recents.anim.StateManager$IdleState@75a357d
03-02 10:09:03.752  2363  2477 D TransitionAnimationHelper:  load default animation  type = 1 enter = true animAttr = 18 isTask = true translucent = false
03-02 10:09:03.753  1621  5056 W MiuiBoosterUtils: enable_miuibooster_launch : false
03-02 10:09:03.754  1621  1648 D Aurogon :  uid = 10337 switch to FG
03-02 10:09:03.754  1621  1651 I ActivityTaskManager: visible for Task{27e6aff #2 type=home I=com.miui.home/.launcher.Launcher} visible = true isAnimating = false TRANSITION = false PARENTS = false CHILDREN = false
03-02 10:09:03.757   921   921 I SurfaceFlinger: onHandleDestroyed: name=Task=37020#133000, layerId=133000, parentId=0
03-02 10:09:03.757  1621  1894 D isUidValid: uid = 10337
03-02 10:09:03.757  1621  1731 W UserManagerService: Requested status bar icon for non-badged user 0
03-02 10:09:03.757   921   921 I SurfaceFlinger: onHandleDestroyed: name=ActivityRecord{13accdf u0 com.softnation.Ojam/.MainActivity t37020}#132945, layerId=132945, parentId=0
03-02 10:09:03.757   921   921 I SurfaceFlinger: onHandleDestroyed: name=ac0e260 com.softnation.Ojam/com.softnation.Ojam.MainActivity#132952, layerId=132952, parentId=0
03-02 10:09:03.757   921   921 I SurfaceFlinger: onHandleDestroyed: name=com.softnation.Ojam/com.softnation.Ojam.MainActivity#132953, layerId=132953, parentId=0
03-02 10:09:03.757   921   921 I SurfaceFlinger: onHandleDestroyed: name=25b0d39 ActivityRecordInputSink com.softnation.Ojam/.MainActivity#132951, layerId=132951, parentId=0
03-02 10:09:03.759  2363  2540 D ShellTransitions: speed ui!!!!!!!!!!!
03-02 10:09:03.763  2363  2477 I MultiTaskingTaskRepository: no MULTI_WINDOW, but base activity is null
03-02 10:09:03.763  1621  1842 I MiuiNetworkPolicy: updateUidState uid = 10337, uidState = 2
03-02 10:09:03.763  1999  2756 D EventBus: No subscribers registered for event class com.miui.home.recents.messages.RecentTasksChangedEvent
03-02 10:09:03.763  2363  2477 D MulWinSwitchDecorViewModel: destroyWindowDecoration: taskId=37020 windowingMode=1 mWindowDecorByTaskId.size()=0 callers=com.android.wm.shell.fullscreen.FullscreenTaskListener.onTaskVanished:104 com.android.wm.shell.ShellTaskOrganizer.onTaskVanished:128 android.window.TaskOrganizer$1.lambda$onTaskVanished$6:317 android.window.TaskOrganizer$1.$r8$lambda$8ODi_1s42Z5SmyxWXsgMLDG64pA:0 android.window.TaskOrganizer$1$$ExternalSyntheticLambda0.run:0 
03-02 10:09:03.764  2363  2477 D MulWinSwitchDecorViewModel: handleEventReceiverIfMultiWinSwitchIsUnsupported: removeEventReceiver, callers=com.android.wm.shell.multitasking.miuimultiwinswitch.miuiwindowdecor.MulWinSwitchDecorViewModel.destroyWindowDecoration:82 com.android.wm.shell.fullscreen.FullscreenTaskListener.onTaskVanished:104 com.android.wm.shell.ShellTaskOrganizer.onTaskVanished:128 android.window.TaskOrganizer$1.lambda$onTaskVanished$6:317 android.window.TaskOrganizer$1.$r8$lambda$8ODi_1s42Z5SmyxWXsgMLDG64pA:0 
03-02 10:09:03.764  2363  2477 D MultiTaskingTaskRepository: onTaskVanished: taskInfo.taskId: 37020 current mMultiTaskingTaskInfoList: { ,37021 ,37020 ,37019 ,36980 ,36770 ,36289 ,5 ,4 }
03-02 10:09:03.764  2363  2477 D MultiTaskingTaskRepository: removeFullscreenTask taskId=37020
03-02 10:09:03.764  2363  2477 D MiuiFreeformModeCornerTipHandler: task#37020 onTaskVanished
03-02 10:09:03.764  2363  2477 I MiuiBubbleController: removeBubble: 37020 reason=2
03-02 10:09:03.764  2363  2477 I MultiTaskingTaskInfo: before call clearMaskControl task id = 37020, CoverLayerController = null, callers=com.android.wm.shell.multitasking.taskmanager.MultiTaskingTaskListener.onTaskVanished:148 com.android.wm.shell.ShellTaskOrganizer.onTaskVanished:141 android.window.TaskOrganizer$1.lambda$onTaskVanished$6:317 android.window.TaskOrganizer$1.$r8$lambda$8ODi_1s42Z5SmyxWXsgMLDG64pA:0 android.window.TaskOrganizer$1$$ExternalSyntheticLambda0.run:0 
03-02 10:09:03.764  2363  2477 I MultiTaskingTaskRepository: onTaskVanish multi list = [5, 4], full = [37021, 37019, 36980]
03-02 10:09:03.768 15673 15673 I JavaheapMonitor: Disabled. Process name: <pre-initialized>
03-02 10:09:03.768  1999  2756 D EventBus: No subscribers registered for event class org.greenrobot.eventbus.NoSubscriberEvent
03-02 10:09:03.768  1999  2756 D EventBus: No subscribers registered for event class com.miui.home.recents.messages.RecentTasksChangedEvent
03-02 10:09:03.768  1999  2756 D EventBus: No subscribers registered for event class org.greenrobot.eventbus.NoSubscriberEvent
03-02 10:09:03.770  1999  2684 E ActivityManagerWrapper: getRecentTasksForceIncludingTaskIdIfValid: getRecentTasks: size=3
03-02 10:09:03.770  1999  2684 E ActivityManagerWrapper:  mainTaskId=37021   userId=0   windowMode=1   baseIntent=Intent { act=null flag=268435456 cmp=ComponentInfo{com.softnation.Ojam/com.softnation.Ojam.MainActivity} }
03-02 10:09:03.770  1999  2684 E ActivityManagerWrapper:  mainTaskId=37019   userId=0   windowMode=1   baseIntent=Intent { act=null flag=268435456 cmp=ComponentInfo{com.whatsapp/com.whatsapp.home.ui.HomeActivity} }
03-02 10:09:03.770  1999  2684 E ActivityManagerWrapper:  mainTaskId=36980   userId=0   windowMode=1   baseIntent=Intent { act=android.intent.action.MAIN flag=270532608 cmp=ComponentInfo{com.twitter.android/com.twitter.android.StartActivity} }
03-02 10:09:03.771 15673 21919 D MiuiDownscaleImpl: set override inverted scale : 1.0
03-02 10:09:03.773   921   921 I BufferQueueDebug: [ActivityRecord{13accdf u0 com.softnation.Ojam/.MainActivity t37020}#132945](this:0xb400007bcec8c358,id:-1,api:0,p:-1,c:921) onDestructor()
03-02 10:09:03.773   921   921 I BufferQueueDebug: [com.softnation.Ojam/com.softnation.Ojam.MainActivity#132953](this:0xb400007bcec94c08,id:-1,api:0,p:-1,c:921) onDestructor()
03-02 10:09:03.773   921  1484 E BpTransactionCompletedListener: Failed to transact (-32)
03-02 10:09:03.774 15673 15673 D MiuiMonitorThread: Shared singleton Thread for stability monitor start
03-02 10:09:03.775   921   921 I BufferQueueDebug: [Task=37020#133000](this:0xb400007bceca8af8,id:-1,api:0,p:-1,c:921) onDestructor()
03-02 10:09:03.775   921   921 I BufferQueueDebug: [ac0e260 com.softnation.Ojam/com.softnation.Ojam.MainActivity#132952](this:0xb400007bcecab888,id:-1,api:0,p:-1,c:921) onDestructor()
03-02 10:09:03.775   921   921 I BufferQueueDebug: [25b0d39 ActivityRecordInputSink com.softnation.Ojam/.MainActivity#132951](this:0xb400007bceccadb8,id:-1,api:0,p:-1,c:921) onDestructor()
03-02 10:09:03.776 15673 21919 D AppScoutStateMachine: 15673-ScoutStateMachinecreated
03-02 10:09:03.777  1621  5056 I ATMSImpl: cacheTasksForDefaultDisplay size=4
03-02 10:09:03.791 21821 21899 E .apps.nbu.files: No package ID 6b found for resource ID 0x6b0b0013.
03-02 10:09:03.792  1999  2684 D TaskSnapshotCompatVV: getIsInvalidateFromTaskSnapshot, return, mTaskSnapshot=null, mTaskSnapshotClazz=null
03-02 10:09:03.792  1999  2684 D RecentsModel: onTaskStackChangedBackground    MSG_TASK_STACK_CHANGE
03-02 10:09:03.792  1999  2684 D RecentsModel: boostTaskStackChangedThread, don't boost
03-02 10:09:03.793 21821 21899 I FA      : App measurement initialized, version: 155007
03-02 10:09:03.793  1621  4238 I ATMSImpl: cacheTasksForDefaultDisplay size=4
03-02 10:09:03.794 21821 21899 I FA      : To enable debug logging run: adb shell setprop log.tag.FA VERBOSE
03-02 10:09:03.794   921  1170 I SurfaceFlinger: onHandleDestroyed: name=Transition Root #10126: Task=37017#132807, layerId=132807, parentId=0
03-02 10:09:03.794 21821 21899 I FA      : To enable faster debug mode event logging run:
03-02 10:09:03.794 21821 21899 I FA      :   adb shell setprop debug.firebase.analytics.app com.google.android.apps.nbu.files
03-02 10:09:03.794  1999  2684 D RecentsModel: getRunningTask ignoreActivityType : 2 ,ignoreWindowMode:5
03-02 10:09:03.795  1999  2684 W RecentsModel: getRunningTask   taskInfo=TaskInfo{userId=0 taskId=37021 displayId=0 isRunning=true baseIntent=Intent { flg=0x10000000 cmp=com.softnation.Ojam/.MainActivity } baseActivity=ComponentInfo{com.softnation.Ojam/com.softnation.Ojam.MainActivity} topActivity=ComponentInfo{com.softnation.Ojam/com.softnation.Ojam.MainActivity} origActivity=null realActivity=ComponentInfo{com.softnation.Ojam/com.softnation.Ojam.MainActivity} numActivities=1 lastActiveTime=1025503215 supportsSplitScreenMultiWindow=true supportsMultiWindow=true resizeMode=1 isResizeable=true minWidth=-1 minHeight=-1 defaultMinSize=200 token=WCT{android.window.IWindowContainerToken$Stub$Proxy@e46c64d} topActivityType=1 pictureInPictureParams=null shouldDockBigOverlays=false launchIntoPipHostTaskId=-1 lastParentTaskIdBeforePip=-1 displayCutoutSafeInsets=null topActivityInfo=ActivityInfo{11c1502 com.softnation.Ojam.MainActivity} launchCookies=[] positionInParent=Point(0, 0) parentTaskId=-1 isFocused=false isVisible=true isVisibleRequested=true isSleeping=false locusId=null displayAreaFeatureId=1 isTopActivityTransparent=false appCompatTaskInfo=AppCompatTaskInfo { topActivityInSizeCompat=false topActivityEligibleForLetterboxEducation= falseisLetterboxEducationEnabled= false isLetterboxDoubleTapEnabled= false topActivityEligibleForUserAspectRatioButton= false topActivityBoundsLetterboxed= false isFromLetterboxDoubleTap= false topActivityLetterboxVerticalPosition= -1 topActivityLetterboxHorizontalPosition= -1 topActivityLetterboxWidth=1080 topActivityLetterboxHeight=2460 isUserFullscreenOverrideEnabled=false isSystemFullscreenOverrideEnabled=false cameraCompatTaskInfo=CameraCompatTaskInfo { cameraCompatControlState=hidden freeformCameraCompatMode=inactive}} isImmersive=false mTopActivityRequestOrientation=1 mBehindAppLockPkg=null mOriginatingUid=0 isEmbedded=false shouldBeVisible=true mIsCastMode=false mTopActivityMediaSize=null mTopActivityRecordName=ActivityRecord{3b1d9c6 u0 com.softnation.Ojam/.MainActivity t37021} mTopActivityOrientation=1}
03-02 10:09:03.795  1999  2684 D RecentsModel: preloadRecents runningTaskId:37021, mCurrentRunningTaskId:-1, mRecentsTaskLoadPlan=com.android.systemui.shared.recents.model.RecentsTaskLoadPlan@8e7be13
03-02 10:09:03.795  1999  2684 E ActivityManagerWrapper: get all recent tasks force including 37021
03-02 10:09:03.801  1999  2684 E ActivityManagerWrapper: getRecentTasksForceIncludingTaskIdIfValid: getRecentTasks: size=3
03-02 10:09:03.801  1999  2684 E ActivityManagerWrapper:  mainTaskId=37021   userId=0   windowMode=1   baseIntent=Intent { act=null flag=268435456 cmp=ComponentInfo{com.softnation.Ojam/com.softnation.Ojam.MainActivity} }
03-02 10:09:03.801  1999  2684 E ActivityManagerWrapper:  mainTaskId=37019   userId=0   windowMode=1   baseIntent=Intent { act=null flag=268435456 cmp=ComponentInfo{com.whatsapp/com.whatsapp.home.ui.HomeActivity} }
03-02 10:09:03.801  1999  2684 E ActivityManagerWrapper:  mainTaskId=36980   userId=0   windowMode=1   baseIntent=Intent { act=android.intent.action.MAIN flag=270532608 cmp=ComponentInfo{com.twitter.android/com.twitter.android.StartActivity} }
03-02 10:09:03.807   921   921 I BufferQueueDebug: [Transition Root #10126: Task=37017#132807](this:0xb400007bcec1fff8,id:-1,api:0,p:-1,c:921) onDestructor()
03-02 10:09:03.808  1999  2684 D TaskSnapshotCompatVV: getIsInvalidateFromTaskSnapshot, return, mTaskSnapshot=null, mTaskSnapshotClazz=null
03-02 10:09:03.811  1999  2414 W com.miui.home: ApkAssets: Deleting an ApkAssets object '<empty> and /data/app/~~Bh61wenJZi6JNVEuOkVQfQ==/com.softnation.Ojam-nnCVAdHxKfOmup5FCuBDYQ==/base.apk' with 1 weak references
03-02 10:09:03.818  1999  2414 W com.miui.home: ApkAssets: Deleting an ApkAssets object '<empty> and /data/app/~~NbyFFCUrG0uw66UNchIBFA==/com.whatsapp-3rTby1M3ihvblvEGiWbyFQ==/base.apk' with 1 weak references
03-02 10:09:03.818   921   921 I MI-SF   : surfaceflinger setAffinity mode=1
03-02 10:09:03.819   921   921 E MI-SF   : surfaceflinger setAffinity success
03-02 10:09:03.819   921   921 I MI-SF   : surfaceflinger setreAffinity reTid=1207
03-02 10:09:03.819   921   921 E MI-SF   : surfaceflinger setAffinity success
03-02 10:09:03.819  1999  2414 W com.miui.home: ApkAssets: Deleting an ApkAssets object '<empty> and /data/app/~~NbyFFCUrG0uw66UNchIBFA==/com.whatsapp-3rTby1M3ihvblvEGiWbyFQ==/split_config.arm64_v8a.apk' with 1 weak references
03-02 10:09:03.820  1999  2414 W com.miui.home: ApkAssets: Deleting an ApkAssets object '<empty> and /data/app/~~NbyFFCUrG0uw66UNchIBFA==/com.whatsapp-3rTby1M3ihvblvEGiWbyFQ==/split_config.xxhdpi.apk' with 1 weak references
03-02 10:09:03.826  1999  2414 W com.miui.home: ApkAssets: Deleting an ApkAssets object '<empty> and /data/app/~~FVqF6h2ldNmCnMl0N8H-cQ==/com.xiaomi.mipicks-d1so7Mq-1Mt8qtMhOz41VQ==/base.apk' with 1 weak references
03-02 10:09:03.832 15673 15673 D ActivityThread: setEmbeddedParam packageName=com.softnation.Ojam processName=com.softnation.Ojam isEmbedded=false isIsolated=false
03-02 10:09:03.856  1621  5056 D ConnectivityService: requestNetwork for uid/pid:10204/21806 activeRequest: null callbackRequest: 241891 [NetworkRequest [ REQUEST id=241892, [ Capabilities: INTERNET&NOT_RESTRICTED&TRUSTED&NOT_VCN_MANAGED&NOT_BANDWIDTH_CONSTRAINED Uid: 10204 RequestorUid: 10204 RequestorPkg: com.google.android.apps.photos UnderlyingNetworks: Null] ]] callback flags: 0 order: 2147483647 isUidTracked: false declaredMethods: AVAIL|LOST
03-02 10:09:03.860   849   849 I hwcomposer: [HWCDisplay] (0 updateFps():3667), (type:1, mode:2) fps:52.996391,dur:1000.07,max:49.36,min:9.67  
03-02 10:09:03.865  1621  1856 D ConnectivityService: NetReassign [241892 : null ΓåÆ 255] [c 0] [a 1] [i 6]
03-02 10:09:03.866  1621  1843 D WifiNetworkFactory: got request NetworkRequest [ REQUEST id=241892, [ Capabilities: INTERNET&NOT_RESTRICTED&TRUSTED&NOT_VCN_MANAGED&NOT_BANDWIDTH_CONSTRAINED Uid: 10204 RequestorUid: 10204 RequestorPkg: com.google.android.apps.photos UnderlyingNetworks: Null] ]
03-02 10:09:03.867  1621  1843 D UntrustedWifiNetworkFactory: got request NetworkRequest [ REQUEST id=241892, [ Capabilities: INTERNET&NOT_RESTRICTED&TRUSTED&NOT_VCN_MANAGED&NOT_BANDWIDTH_CONSTRAINED Uid: 10204 RequestorUid: 10204 RequestorPkg: com.google.android.apps.photos UnderlyingNetworks: Null] ]
03-02 10:09:03.867  1621  1843 D OemPaidWifiNetworkFactory: got request NetworkRequest [ REQUEST id=241892, [ Capabilities: INTERNET&NOT_RESTRICTED&TRUSTED&NOT_VCN_MANAGED&NOT_BANDWIDTH_CONSTRAINED Uid: 10204 RequestorUid: 10204 RequestorPkg: com.google.android.apps.photos UnderlyingNetworks: Null] ]
03-02 10:09:03.867  1621  1843 D MultiInternetWifiNetworkFactory: got request NetworkRequest [ REQUEST id=241892, [ Capabilities: INTERNET&NOT_RESTRICTED&TRUSTED&NOT_VCN_MANAGED&NOT_BANDWIDTH_CONSTRAINED Uid: 10204 RequestorUid: 10204 RequestorPkg: com.google.android.apps.photos UnderlyingNetworks: Null] ]
03-02 10:09:03.881  1621  2188 I ClipboardServiceI: checkProviderWakePathForClipboard: primaryClip is null
03-02 10:09:03.890 21798 21940 W nal.secretdiary: ClassLoaderContext classpath size mismatch. expected=1, found=0 (DLC[];PCL[base.apk*1150104373]{PCL[/system/framework/org.apache.http.legacy.jar*4025584831]#PCL[/system/framework/com.android.location.provider.jar*3414091812]#PCL[/system/framework/com.android.media.remotedisplay.jar*2042759013]#PCL[/system_ext/framework/androidx.window.extensions.jar*3622430006]#PCL[/system_ext/framework/androidx.window.sidecar.jar*2958050178]} | DLC[];PCL[])
03-02 10:09:03.905  8942 21834 D AdvertisingIdClient: AdvertisingIdClient already created.
03-02 10:09:03.906  8942 21834 D AdvertisingIdClient: AdvertisingIdClient is not bounded. Starting to bind it...
03-02 10:09:03.913  1201  1298 D AALService: [CRTC_114] onALIChanged: 7 -> 5
03-02 10:09:03.917 21798 21940 W System  : ClassLoader referenced unknown path: 
03-02 10:09:03.918 21798 21940 D nativeloader: Configuring clns-8 for other apk . target_sdk_version=36, uses_libraries=, library_path=/data/app/~~PNgoFDHBmGdMmQt2moPCLQ==/com.google.android.gms-wSL8VlioUsna9-KnDrZN3A==/lib/arm64:/data/app/~~PNgoFDHBmGdMmQt2moPCLQ==/com.google.android.gms-wSL8VlioUsna9-KnDrZN3A==/base.apk!/lib/arm64-v8a, permitted_path=/data:/mnt/expand:/data/user/0/com.google.android.gms
03-02 10:09:03.922  8942 21834 D AdvertisingIdClient: AdvertisingIdClient is bounded
03-02 10:09:03.925  8942 21834 W AdvertisingIdSettings: Package com.google.android.apps.nbu.files failed Ad Id permission check. Apps that target Android SDK 33 or higher should declare com.google.android.gms.permission.AD_ID in the app manifest to access Ad Id.
03-02 10:09:03.926  8942 21834 I AdvertisingIdClient: shouldSendLog 1023995170
03-02 10:09:03.926  8942 21834 I AdvertisingIdClient: GetInfoInternal elapse 20ms
03-02 10:09:03.926  1999  1999 D Launcher_UnlockAnimationStateMachine: mResetIdleStateRunnable
03-02 10:09:03.936 21798 21940 W nal.secretdiary: ClassLoaderContext classpath element checksum mismatch. expected=1150104373, found=40426785 (DLC[];PCL[base.apk*1150104373]{PCL[/system/framework/org.apache.http.legacy.jar*4025584831]#PCL[/system/framework/com.android.location.provider.jar*3414091812]#PCL[/system/framework/com.android.media.remotedisplay.jar*2042759013]#PCL[/system_ext/framework/androidx.window.extensions.jar*3622430006]#PCL[/system_ext/framework/androidx.window.sidecar.jar*2958050178]} | DLC[];PCL[/data/app/~~QO2ci0v8Sp2v78WV-ahGmw==/mydiary.journal.diary.diarywithlock.diaryjournal.secretdiary-uCJ5kOdCrlaSGwqjdvjTVw==/base.apk*40426785]{PCL[/system_ext/framework/androidx.window.extensions.jar*3622430006]#PCL[/system_ext/framework/androidx.window.sidecar.jar*2958050178]})
03-02 10:09:03.967  1621  1842 I MiuiNetworkPolicy: updateUidState uid = 10301, uidState = 19
03-02 10:09:03.967  1621  1842 I MiuiNetworkPolicy: updateUidState uid = 10301, uidState = 11
03-02 10:09:03.975 21798 21798 D nativeloader: Load /data/app/~~QO2ci0v8Sp2v78WV-ahGmw==/mydiary.journal.diary.diarywithlock.diaryjournal.secretdiary-uCJ5kOdCrlaSGwqjdvjTVw==/base.apk!/lib/arm64-v8a/libdatastore_shared_counter.so using class loader ns clns-7 (caller=/data/app/~~QO2ci0v8Sp2v78WV-ahGmw==/mydiary.journal.diary.diarywithlock.diaryjournal.secretdiary-uCJ5kOdCrlaSGwqjdvjTVw==/base.apk!classes5.dex): ok
03-02 10:09:03.983  1621  2188 D FileUtils: Rounded bytes from 8055762944 to 16000000000
03-02 10:09:03.989  1621  1636 D FileUtils: Rounded bytes from 8055762944 to 16000000000
03-02 10:09:03.989 21798 21941 D CompatChangeReporter: Compat change id reported: 312399441; UID 10374; state: ENABLED
03-02 10:09:04.044   861   947 I libPerfCtl: xgfGetFPS pid:921 fps:-1
03-02 10:09:04.045   861   947 I libPerfCtl: xgfGetFPS pid:1999 fps:-1
03-02 10:09:04.045   861   947 I libPerfCtl: xgfGetFPS pid:2363 fps:-1
03-02 10:09:04.049  1621  2194 D AS.BtHelper: isBluetoothScoOn() mBluetoothHeadset is null: falsemBluetoothHeadsetDevice is null: true
03-02 10:09:04.049  1621  2194 V AS.AudioDeviceBroker: requestedCommunicationDevice: null mAudioModeOwner: AudioModeInfo: mMode=MODE_NORMAL, mPid=0, mUid=0
03-02 10:09:04.049  1621  2194 D AS.BtHelper: isBluetoothScoOn() mBluetoothHeadset is null: falsemBluetoothHeadsetDevice is null: true
03-02 10:09:04.049  1621  2194 V AS.AudioDeviceBroker: requestedCommunicationDevice: null mAudioModeOwner: AudioModeInfo: mMode=MODE_NORMAL, mPid=0, mUid=0
03-02 10:09:04.055 27809 28319 I PhenotypeResourceReader: unable to find any Phenotype resource metadata for mydiary.journal.diary.diarywithlock.diaryjournal.secretdiary
03-02 10:09:04.069 21798 21941 E FirebaseSessions: Error failed to fetch the remote configs: Unable to resolve host "firebase-settings.crashlytics.com": No address associated with hostname
03-02 10:09:04.090  1621  2188 I ClipboardServiceI: checkProviderWakePathForClipboard: primaryClip is null
03-02 10:09:04.092  1621  2188 V GrammaticalInflectionUtils: AttributionSource: android.content.AttributionSource@c43feddd does not have READ_SYSTEM_GRAMMATICAL_GENDER permission.
03-02 10:09:04.134   835   835 D Zygote  : Forked child process 21983
03-02 10:09:04.142  1621  1667 I ActivityManager: Start proc 21983:com.facebook.katana/u0a287 for content provider {com.facebook.katana/com.facebook.platform.common.provider.PlatformProviderBase} caller=mydiary.journal.diary.diarywithlock.diaryjournal.secretdiary
03-02 10:09:04.149 21983 21983 E Zygote  : process_name_ptr:21983 com.facebook.katana
03-02 10:09:04.150 21983 21983 E Zygote  : SetMemoryProtected process_name_ptr:21983 com.facebook.katana
03-02 10:09:04.170  1621  2188 I SmartPower: com.android.vending/10157(19536): idle->background(21558ms) R(service create com.android.vending/com.google.android.finsky.billing.iab.InAppBillingService) adj=200.
03-02 10:09:04.176 21983 21983 I facebook.katana: Using CollectorTypeCMC GC.
03-02 10:09:04.189 21798 21963 E nal.secretdiary: No package ID 6b found for resource ID 0x6b0b0013.
03-02 10:09:04.191 21798 21963 I FA      : App measurement initialized, version: 155007
03-02 10:09:04.193 21798 21963 I FA      : To enable debug logging run: adb shell setprop log.tag.FA VERBOSE
03-02 10:09:04.194 21798 21963 I FA      : To enable faster debug mode event logging run:
03-02 10:09:04.194 21798 21963 I FA      :   adb shell setprop debug.firebase.analytics.app mydiary.journal.diary.diarywithlock.diaryjournal.secretdiary
03-02 10:09:04.207  1621  2188 D CompatChangeReporter: Compat change id reported: 319212206; UID 10374; state: ENABLED
03-02 10:09:04.214 21983 21983 D nativeloader: Load libframework-connectivity-tiramisu-jni.so using APEX ns com_android_tethering for caller /apex/com.android.tethering/javalib/framework-connectivity-t.jar: ok
03-02 10:09:04.215 27809 27809 D BoundBrokerSvc: onUnbind: Intent { act=com.google.android.gms.auth.aang.events.services.START dat=chimera-action:/... cmp=com.google.android.gms/.chimera.PersistentApiService }
03-02 10:09:04.221  1621  1856 D ConnectivityService: NetReassign [no changes] [c 3] [a 4] [i 4]
03-02 10:09:04.235 21983 21983 I MessageMonitor: Load libmiui_runtime
03-02 10:09:04.248  1621  2194 D SymlinkUtils: attachApplication file op go pass: 1 ms
03-02 10:09:04.252  1621  2194 I SmartPower: com.facebook.katana/10287(21983): died->background(50008ms) R(process start ) adj=-10000.
03-02 10:09:04.262  1621  1908 D PerfMTKStubImpl: perfLockReleaseHandler: 362005
03-02 10:09:04.263  1621  1908 I mtkpower_client: perf_lock_rel, hdl:362005, tid:1908
03-02 10:09:04.264  1621  1908 D SchedBoost: stopBoostInternal
03-02 10:09:04.264  1621  1908 D SchedBoost: thread tid=1999, priority is set to -10
03-02 10:09:04.265  1621  1908 D SchedBoost: thread tid=2551, priority is set to -10
03-02 10:09:04.265  1621  1908 D SchedBoost: thread tid=2652, priority is set to -20
03-02 10:09:04.265   863   958 I libPowerHal: [perfLockRel] hdl:362005, idx:1
03-02 10:09:04.265   863   958 I libPowerHal: [unsetGPUFreq] current min:0, max:0; scn_gpu_min:0, scn_gpu_max:-1; scn_gpu_min(HL):-1, scn_gpu_max(HL):-1
03-02 10:09:04.265   863   958 I libPowerHal: system_server: set gpu opp level: 31
03-02 10:09:04.265   863   958 I libPowerHal: system_server: set gpu opp level max: 0
03-02 10:09:04.265   863   958 I libPowerHal: [setGPUFreq] Soft min/max = (31, 0); Hard min/max = (31, 0)
03-02 10:09:04.265   863   958 I libPowerHal: [setGPUFreq] final min/max = (31, 0)
03-02 10:09:04.265   863   958 I libPowerHal: system_server: set gpu opp level: 31
03-02 10:09:04.265   863   958 I libPowerHal: system_server: set gpu opp level max: 0
03-02 10:09:04.267   863   958 I libPowerHal: [perfLockRel] Done for hdl : 362005
03-02 10:09:04.269 21983 22000 D MiuiDownscaleImpl: set override inverted scale : 1.0
03-02 10:09:04.269  1621  1842 I MiuiNetworkPolicy: updateUidState uid = 10287, uidState = 19
03-02 10:09:04.271  2363  2363 W AlarmManager: Unrecognized alarm listener com.android.systemui.keyguard.KeyguardSliceProvider$$ExternalSyntheticLambda2@65db9f9
03-02 10:09:04.282 21983 21983 I JavaheapMonitor: Disabled. Process name: <pre-initialized>
03-02 10:09:04.283  2363  2540 E SurfaceComposerClient: SurfaceComposerClient::Transaction::setAlpha: invalid alpha 1.000005, clamping
03-02 10:09:04.284  2363  2363 D NotificationHeaderExpandController: onExpansionChanged: progress =  0.0
03-02 10:09:04.284 21983 21983 D MiuiMonitorThread: Shared singleton Thread for stability monitor start
03-02 10:09:04.289   835   835 D Zygote  : Forked child process 22007
03-02 10:09:04.291 21798 21798 E diarylog-BaseActivity: [checkVipSpecialTime2] vipSpecialElapsedRealtime2 = 0
03-02 10:09:04.292 21798 21798 E diarylog-BaseActivity: [checkVipSpecialTime3] vipSpecialElapsedRealtime3 = 0
03-02 10:09:04.300  2363  2540 E SurfaceComposerClient: SurfaceComposerClient::Transaction::setAlpha: invalid alpha 1.000044, clamping
03-02 10:09:04.300  1621  1667 W ActivityManager: Slow operation: 51ms so far, now at startProcess: returned from zygote!
03-02 10:09:04.300  1621  1667 W ActivityManager: Slow operation: 51ms so far, now at startProcess: done updating battery stats
03-02 10:09:04.302  1621  1667 W ActivityManager: Slow operation: 53ms so far, now at startProcess: building log message
03-02 10:09:04.302  1621  1667 I ActivityManager: Start proc 22007:com.google.android.apps.wellbeing/u0a156 for broadcast {com.google.android.apps.wellbeing/com.google.android.apps.wellbeing.alarm.NextAlarmClockChangedReceiver_Receiver} caller=android
03-02 10:09:04.302  2363  2363 D NotificationHeaderExpandController: onExpansionChanged: progress =  0.0
03-02 10:09:04.302  1621  1667 W ActivityManager: Slow operation: 53ms so far, now at startProcess: starting to update pids map
03-02 10:09:04.303  1621  1667 W ActivityManager: Slow operation: 54ms so far, now at startProcess: done updating pids map
03-02 10:09:04.304  1621  4238 D ConnectivityService: Returning BLOCKED NetworkInfo to uid=10374
03-02 10:09:04.307 22007 22007 E Zygote  : process_name_ptr:22007 com.google.android.apps.wellbeing
03-02 10:09:04.308   921   921 I BufferQueueProducer: [FramebufferSurface](this:0xb400007d8e9dff50,id:-1,api:1,p:921,c:921) queueBuffer: fps=44.57 dur=1009.67 max=289.35 min=10.20
03-02 10:09:04.309 22007 22007 E Zygote  : SetMemoryProtected process_name_ptr:22007 com.google.android.apps.wellbeing
03-02 10:09:04.317  2363  2540 E SurfaceComposerClient: SurfaceComposerClient::Transaction::setAlpha: invalid alpha 1.000064, clamping
03-02 10:09:04.317 21983 21983 D ActivityThread: setEmbeddedParam packageName=com.facebook.katana processName=com.facebook.katana isEmbedded=false isIsolated=false
03-02 10:09:04.318  2363  2540 E SurfaceComposerClient: SurfaceComposerClient::Transaction::setAlpha: invalid alpha 1.000064, clamping
03-02 10:09:04.319  2363  2477 D SoScUtils: monitorTransitionFinished transition:android.os.BinderProxy@797d732 transaction: android.view.SurfaceControl$Transaction@63b7443 mRequestCloseTransition:null mRequestOpenTransition:null mRequestOpenTransitionWithSameTask size:0 mPairsOpenTransition:null mPairsOpenTransitionNull:null mRequestOpenTriggerTask:-1 mRequestCloseTriggerTask:-1 mOrientationTransition: null mMainStartingTask:-1 mSideStartingTask:-1
03-02 10:09:04.325 22007 22007 I .apps.wellbeing: Using CollectorTypeCMC GC.
03-02 10:09:04.329  1621  1638 D WindowManager: Finish Transition (#10136): created at 03-02 10:09:03.481 collect-started=0.165ms request-sent=38.242ms started=63.318ms ready=102.084ms sent=115.818ms finished=846.532ms
03-02 10:09:04.334 14013 14013 D VRI[LauncherMinusOneScreen]: visibilityChanged oldVisibility=true newVisibility=false
03-02 10:09:04.336  1621  2194 I Transition: finishTransition: updateLastSurfacePosition tf=Task{1b84b4 #37021 type=standard A=10337:com.softnation.Ojam}
03-02 10:09:04.335 11917 11917 D VRI[globalminusscreen]: visibilityChanged oldVisibility=true newVisibility=false
03-02 10:09:04.337   921  1166 W VsyncModulator: setTransactionSchedule: Unexpected EarlyEnd
03-02 10:09:04.338  2363  2477 I RemoteTransitionHandlerStubImpl: invokeAndRemoveWctCB transition is null, curWctCB: null
03-02 10:09:04.338  1999  1999 D VRI[Launcher]: visibilityChanged oldVisibility=true newVisibility=false
03-02 10:09:04.340  2061  2061 I MiuiWallpaper-MiuiKeyguardPictorialWallpaper: onVisibilityChanged, visible = false, ret=true
03-02 10:09:04.341   921   921 I MI-SF   : surfaceflinger setAffinity mode=0
03-02 10:09:04.341  1621  1651 I ActivityTaskManager: visible for Task{1b84b4 #37021 type=standard A=10337:com.softnation.Ojam} visible = true isAnimating = false TRANSITION = false PARENTS = false CHILDREN = false
03-02 10:09:04.341  1621  1842 I MiuiNetworkPolicy: updateUidState uid = 10374, uidState = 8
03-02 10:09:04.341   921   921 E MI-SF   : surfaceflinger setAffinity success
03-02 10:09:04.342 21983 21983 D ApplicationLoaders: Returning zygote-cached class loader: /system/framework/org.apache.http.legacy.jar
03-02 10:09:04.342 21983 21983 D ApplicationLoaders: Returning zygote-cached class loader: /system_ext/framework/androidx.window.extensions.jar
03-02 10:09:04.342 21983 21983 D ApplicationLoaders: Returning zygote-cached class loader: /system_ext/framework/androidx.window.sidecar.jar
03-02 10:09:04.342 21798 21798 W Looper  : PerfMonitor longMsg : seq=2 plan=10:09:03.113 late=14ms wall=1214ms h=android.app.ActivityThread$H w=110 procState=-1
03-02 10:09:04.345 21798 21798 W libc    : Access denied finding property "ro.vendor.perf.scroll_opt"
03-02 10:09:04.349  2363  2477 I MultiTaskingTaskRepository: needSkip: is home task
03-02 10:09:04.350  1621  1651 D MiuiRefreshRatePolicy: reset
03-02 10:09:04.353  1621  1746 W JobServiceContext: Sending onNetworkChanged for a job that isn't started. JobStatus{ca0d693 #u0a374/452277648 mydiary.journal.diary.diarywithlock.diaryjournal.secretdiary/com.google.android.datatransport.runtime.scheduling.jobscheduling.JobInfoSchedulerService u=0 s=10374 TIME=-19s153ms:none NET READY}
03-02 10:09:04.354  1621  1651 I ActivityTaskManager: visible for Task{1b84b4 #37021 type=standard A=10337:com.softnation.Ojam} visible = true isAnimating = false TRANSITION = false PARENTS = false CHILDREN = false
03-02 10:09:04.354  2061  2061 I MiuiWallpaper-ImageWallpaper: onVisibilityChanged, visible = false, ret=true
03-02 10:09:04.356   921   921 I SurfaceFlinger: onHandleDestroyed: name=b724b3 ActivityRecordInputSink com.miui.home/.launcher.Launcher#132986, layerId=132986, parentId=0
03-02 10:09:04.357  1999 29002 D EventBus: No subscribers registered for event class com.miui.home.recents.messages.RecentTasksChangedEvent
03-02 10:09:04.357  1999 29002 D EventBus: No subscribers registered for event class org.greenrobot.eventbus.NoSubscriberEvent
03-02 10:09:04.357  1621  2194 I SmartPower: com.mi.globalminusscreen/10162(11917): visible->invisible(1496ms) R(become invisible) adj=0.
03-02 10:09:04.357  1621  2194 I SmartPower: com.mi.globalminusscreen/10162(11917): invisible->background(0ms) R(become background) adj=0.
03-02 10:09:04.358  1621  2194 I SmartPower: com.miui.home/10166(1999): visible->invisible(1225ms) R(become invisible) adj=0.
03-02 10:09:04.358  1621  2194 I SmartPower: com.miui.home/10166(1999): invisible->background(0ms) R(become background) adj=0.
03-02 10:09:04.359  1621  2194 D MiuiRefreshRatePolicy: reset
03-02 10:09:04.360   849  1423 W hwcomposer: [DRMDEV] paramIsSame(), id 34626, w 1080/1080, h 2460/2460, pitch 1088/1088, format 0x1/0x2, secure 0/0  
03-02 10:09:04.361  1621  1922 I SmartPower: com.google.android.adservices.api/10261(5464): idle->background(109576ms) R(add to whitelist) adj=0.
03-02 10:09:04.361  1999  2684 D RecentsModel: onTaskStackChangedBackground    MSG_TASK_STACK_CHANGE
03-02 10:09:04.361  1999  2684 D RecentsModel: boostTaskStackChangedThread once, tid=2684, recentResourceLoaderTid=2525
03-02 10:09:04.361  1621  1922 I SmartPower: com.google.android.gms/10147(8942): idle->background(28446ms) R(add to whitelist) adj=250.
03-02 10:09:04.362  1999  2684 W MiBridge: Permission not granted !!
03-02 10:09:04.362  1999  2684 D Launcher.Boost: setDynamicVIPTaskIfNeeded::tid = 2684 duration = 500
03-02 10:09:04.362  1621  1922 I SmartPower: com.google.android.webview:sandboxed_process0:org.chromium.content.app.SandboxedPridle->background(109576ms) R(add to whitelist) adj=0.
03-02 10:09:04.366 22007 22007 D nativeloader: Load libframework-connectivity-tiramisu-jni.so using APEX ns com_android_tethering for caller /apex/com.android.tethering/javalib/framework-connectivity-t.jar: ok
03-02 10:09:04.366 11917 11917 D BLASTBufferQueue: [VRI[globalminusscreen]#26](f:0,a:1) destructor()
03-02 10:09:04.367   921  1500 I BpBinder: onLastStrongRef automatically unlinking death recipients: 
03-02 10:09:04.368 11917 11917 D BufferQueueConsumer: [VRI[globalminusscreen]#26(BLAST Consumer)26](id:2e8d0000001a,api:0,p:-1,c:11917) disconnect
03-02 10:09:04.369  1621  5056 I ATMSImpl: cacheTasksForDefaultDisplay size=4
03-02 10:09:04.370  1621  1636 I SmartPower: com.google.android.googlequicksearchbox:googleapp/10165(14013): visible->invisible(1521ms) R(become invisible) adj=0.
03-02 10:09:04.370  1621  1636 I SmartPower: com.google.android.googlequicksearchbox:search/10165(13966): invisible->background(1521ms) R(become background) adj=800.
03-02 10:09:04.370  1621  1636 I SmartPower: com.google.android.googlequicksearchbox:googleapp/10165(14013): invisible->background(0ms) R(become background) adj=0.
03-02 10:09:04.370  1621  1636 I SmartPower: com.google.android.googlequicksearchbox:interactor/10165(5969): invisible->background(1521ms) R(become background) adj=100.
03-02 10:09:04.372   921   921 I BufferQueueDebug: [b724b3 ActivityRecordInputSink com.miui.home/.launcher.Launcher#132986](this:0xb400007bcecb13a8,id:-1,api:0,p:-1,c:921) onDestructor()
03-02 10:09:04.372  1621  1636 D MiuiRefreshRatePolicy: reset
03-02 10:09:04.380 22007 22007 I MessageMonitor: Load libmiui_runtime
03-02 10:09:04.387 21798 21798 D nativeloader: Load libpowerhalwrap_jni.so using system ns (caller=/system_ext/framework/mediatek-framework.jar): ok
03-02 10:09:04.387 14013 14013 D BLASTBufferQueue: [VRI[LauncherMinusOneScreen]#5](f:0,a:1) destructor()
03-02 10:09:04.388 21798 21798 I PowerHalWrapper: PowerHalWrapper.getInstance 
03-02 10:09:04.388   921  2359 I BpBinder: onLastStrongRef automatically unlinking death recipients: 
03-02 10:09:04.389  1621  1651 I ActivityTaskManager: visible for Task{1b84b4 #37021 type=standard A=10337:com.softnation.Ojam} visible = true isAnimating = false TRANSITION = false PARENTS = false CHILDREN = false
03-02 10:09:04.389 21798 21798 I M-ProMotion: M-ProMotion is disabled
03-02 10:09:04.391 14013 14013 D BufferQueueConsumer: [VRI[LauncherMinusOneScreen]#5(BLAST Consumer)5](id:36bd00000005,api:0,p:-1,c:14013) disconnect
03-02 10:09:04.398  1621  1731 I ATMSImpl: cacheTasksForDefaultDisplay size=4
03-02 10:09:04.400  1621  4238 D SymlinkUtils: attachApplication file op go pass: 1 ms
03-02 10:09:04.403  1621  4238 I SmartPower: com.google.android.apps.wellbeing/10156(22007): died->background(152838ms) R(process start ) adj=-10000.
03-02 10:09:04.406  1621  2188 D MiuiRefreshRatePolicy: reset
03-02 10:09:04.409  1999  2684 D RecentsModel: getRunningTask ignoreActivityType : 2 ,ignoreWindowMode:5
03-02 10:09:04.409  1999  2684 W RecentsModel: getRunningTask   taskInfo=TaskInfo{userId=0 taskId=37021 displayId=0 isRunning=true baseIntent=Intent { flg=0x10000000 cmp=com.softnation.Ojam/.MainActivity } baseActivity=ComponentInfo{com.softnation.Ojam/com.softnation.Ojam.MainActivity} topActivity=ComponentInfo{com.softnation.Ojam/com.softnation.Ojam.MainActivity} origActivity=null realActivity=ComponentInfo{com.softnation.Ojam/com.softnation.Ojam.MainActivity} numActivities=1 lastActiveTime=1025503819 supportsSplitScreenMultiWindow=true supportsMultiWindow=true resizeMode=1 isResizeable=true minWidth=-1 minHeight=-1 defaultMinSize=200 token=WCT{android.window.IWindowContainerToken$Stub$Proxy@54b397c} topActivityType=1 pictureInPictureParams=null shouldDockBigOverlays=false launchIntoPipHostTaskId=-1 lastParentTaskIdBeforePip=-1 displayCutoutSafeInsets=null topActivityInfo=ActivityInfo{e737205 com.softnation.Ojam.MainActivity} launchCookies=[] positionInParent=Point(0, 0) parentTaskId=-1 isFocused=false isVisible=true isVisibleRequested=true isSleeping=false locusId=null displayAreaFeatureId=1 isTopActivityTransparent=false appCompatTaskInfo=AppCompatTaskInfo { topActivityInSizeCompat=false topActivityEligibleForLetterboxEducation= falseisLetterboxEducationEnabled= false isLetterboxDoubleTapEnabled= false topActivityEligibleForUserAspectRatioButton= false topActivityBoundsLetterboxed= false isFromLetterboxDoubleTap= false topActivityLetterboxVerticalPosition= -1 topActivityLetterboxHorizontalPosition= -1 topActivityLetterboxWidth=1080 topActivityLetterboxHeight=2460 isUserFullscreenOverrideEnabled=false isSystemFullscreenOverrideEnabled=false cameraCompatTaskInfo=CameraCompatTaskInfo { cameraCompatControlState=hidden freeformCameraCompatMode=inactive}} isImmersive=false mTopActivityRequestOrientation=1 mBehindAppLockPkg=null mOriginatingUid=0 isEmbedded=false shouldBeVisible=true mIsCastMode=false mTopActivityMediaSize=null mTopActivityRecordName=ActivityRecord{3b1d9c6 u0 com.softnation.Ojam/.MainActivity t37021} mTopActivityOrientation=1}
03-02 10:09:04.410  1999  2684 D RecentsModel: preloadRecents runningTaskId:37021, mCurrentRunningTaskId:-1, mRecentsTaskLoadPlan=com.android.systemui.shared.recents.model.RecentsTaskLoadPlan@8c3425a
03-02 10:09:04.410  1621  5054 W UserManagerService: Requested status bar icon for non-badged user 0
03-02 10:09:04.411 21798 21798 D FramePredict: FramePredict init: true
03-02 10:09:04.411 21798 21798 D UserSceneDetector: invoke error.
03-02 10:09:04.414 21798 21798 W Looper  : PerfMonitor doFrame : time=4ms vsyncFrame=19629764 latency=394ms procState=-1 historyMsgCount=3 (msgIndex=1 wall=1214ms seq=2 late=14ms h=android.app.ActivityThread$H w=110)
03-02 10:09:04.414  1999  1999 D BLASTBufferQueue: [VRI[Launcher]#1185](f:0,a:1) destructor()
03-02 10:09:04.415  1999  2684 E ActivityManagerWrapper: get all recent tasks force including 37021
03-02 10:09:04.415   921  1500 I BpBinder: onLastStrongRef automatically unlinking death recipients: 
03-02 10:09:04.419  1999  2684 E ActivityManagerWrapper: getRecentTasksForceIncludingTaskIdIfValid: getRecentTasks: size=3
03-02 10:09:04.419  1999  2684 E ActivityManagerWrapper:  mainTaskId=37021   userId=0   windowMode=1   baseIntent=Intent { act=null flag=268435456 cmp=ComponentInfo{com.softnation.Ojam/com.softnation.Ojam.MainActivity} }
03-02 10:09:04.419  1999  2684 E ActivityManagerWrapper:  mainTaskId=37019   userId=0   windowMode=1   baseIntent=Intent { act=null flag=268435456 cmp=ComponentInfo{com.whatsapp/com.whatsapp.home.ui.HomeActivity} }
03-02 10:09:04.419  1999  2684 E ActivityManagerWrapper:  mainTaskId=36980   userId=0   windowMode=1   baseIntent=Intent { act=android.intent.action.MAIN flag=270532608 cmp=ComponentInfo{com.twitter.android/com.twitter.android.StartActivity} }
03-02 10:09:04.420  1621  1651 I ActivityTaskManager: visible for Task{1b84b4 #37021 type=standard A=10337:com.softnation.Ojam} visible = true isAnimating = false TRANSITION = false PARENTS = false CHILDREN = false
