03-02 10:09:04.814 21983 22066 W AppInitScheduler|Run: Running StartupDestinationAppInit [*]
03-02 10:09:04.814 21983 22066 W AppInitScheduler|Run:   Finished StartupDestinationAppInit in 0ms
03-02 10:09:04.814 21983 22064 W AppInitScheduler|Schedule:   Executing 372:StringResourcesDelegate
03-02 10:09:04.814 21983 22064 W AppInitScheduler|Schedule:   Executing 351:RunPerfMarkers
03-02 10:09:04.814 21983 22064 W AppInitScheduler|Schedule:   Executing 108:ComposerSavedSessionStoreInitializer
03-02 10:09:04.814 21983 22064 W AppInitScheduler|Schedule:   Executing 130:ErrorReporterSecondaryInit
03-02 10:09:04.814 21983 22063 W AppInitScheduler|Schedule: Schedule 139:FbSharedUIQREnvironment, deps=[137, 304] (44 pending tasks)
03-02 10:09:04.814 21983 22063 W AppInitScheduler|Schedule: Schedule 142:FixieActivityManagerHook, deps=null (45 pending tasks)
03-02 10:09:04.814 21983 22063 W AppInitScheduler|Schedule:   Executing 142:FixieActivityManagerHook
03-02 10:09:04.814 21983 22063 W AppInitScheduler|Schedule: Schedule 143:FixieLimitNativeStackSize, deps=null (46 pending tasks)
03-02 10:09:04.814 21983 22063 W AppInitScheduler|Schedule:   Executing 143:FixieLimitNativeStackSize
03-02 10:09:04.815 21983 22044 W AppInitScheduler|Run: Running MobileConfigAdminIdInit [*]
03-02 10:09:04.815 21983 22064 W AppInitScheduler|Run: Running MobileConfigInit [*]
03-02 10:09:04.816 21983 22048 W EarliestPossibleColdStartClassPreloadStarter: Class preload op code: 0
03-02 10:09:04.816 21983 22063 W AppInitScheduler|Schedule: Schedule 144:FixieNoSync, deps=[239] (47 pending tasks)
03-02 10:09:04.816 21983 22063 W AppInitScheduler|Schedule: Schedule 162:InitAppChoreographer, deps=null (47 pending tasks)
03-02 10:09:04.816 21983 22063 W AppInitScheduler|Schedule:   Executing 162:InitAppChoreographer
03-02 10:09:04.816 21983 22063 W AppInitScheduler|Schedule: Schedule 145:FixieScheduleIdleWork, deps=[162, 402] (48 pending tasks)
03-02 10:09:04.816 21983 22063 W AppInitScheduler|Schedule: Schedule 156:HandleAppComponentsForPreTosBuild, deps=null (49 pending tasks)
03-02 10:09:04.816 21983 22063 W AppInitScheduler|Schedule:   Executing 156:HandleAppComponentsForPreTosBuild
03-02 10:09:04.816 21983 22063 W AppInitScheduler|Schedule: Schedule 157:INeedInitForBroadcastReceiverRegister, deps=[367] (50 pending tasks)
03-02 10:09:04.816 21983 22063 W AppInitScheduler|Schedule: Schedule 158:INeedInitForEventBusRegister, deps=null (51 pending tasks)
03-02 10:09:04.816 21983 22063 W AppInitScheduler|Schedule:   Executing 158:INeedInitForEventBusRegister
03-02 10:09:04.816 21983 22063 W AppInitScheduler|Schedule: Schedule 160:INeedInitForSharedPrefsListenerRegister, deps=[237, 239, 242] (52 pending tasks)
03-02 10:09:04.816 21983 22063 W AppInitScheduler|Schedule: Schedule 161:InitAndroidX, deps=[212] (53 pending tasks)
03-02 10:09:04.816 21983 22063 W AppInitScheduler|Schedule:   Executing 161:InitAndroidX
03-02 10:09:04.817 21983 22063 W AppInitScheduler|Schedule: Schedule 176:InitFeedVpvSeenStore, deps=[137, 367] (54 pending tasks)
03-02 10:09:04.817 21983 22063 W AppInitScheduler|Schedule: Schedule 177:InitFury, deps=[239] (55 pending tasks)
03-02 10:09:04.817 21983 22063 W AppInitScheduler|Schedule: Schedule 178:InitHelium, deps=[239] (56 pending tasks)
03-02 10:09:04.817 21983 22063 W AppInitScheduler|Schedule: Schedule 182:InitLacrimaLaterInit, deps=[174, 181] (57 pending tasks)
03-02 10:09:04.817 21983 22063 W AppInitScheduler|Schedule:   Executing 182:InitLacrimaLaterInit
03-02 10:09:04.817 21983 22063 W AppInitScheduler|Schedule: Schedule 183:InitLogging, deps=null (58 pending tasks)
03-02 10:09:04.817 21983 22063 W AppInitScheduler|Schedule:   Executing 183:InitLogging
03-02 10:09:04.817 21983 22063 W AppInitScheduler|Schedule: Schedule 184:InitMallocHooks, deps=null (59 pending tasks)
03-02 10:09:04.817 21983 22063 W AppInitScheduler|Schedule:   Executing 184:InitMallocHooks
03-02 10:09:04.817 21983 22063 W AppInitScheduler|Schedule: Schedule 185:InitMemoryDumpHandler, deps=[239] (60 pending tasks)
03-02 10:09:04.817 21983 22063 W AppInitScheduler|Schedule: Schedule 193:InitPushabilityCheck, deps=[155, 194] (61 pending tasks)
03-02 10:09:04.817 21983 22063 W AppInitScheduler|Schedule: Schedule 408:ZeroLibraryInitializer, deps=[3, 124, 137, 367] (62 pending tasks)
03-02 10:09:04.817 21983 22063 W AppInitScheduler|Schedule: Schedule 195:InitReliableMedia, deps=[351, 408] (63 pending tasks)
03-02 10:09:04.817 21983 22063 W AppInitScheduler|Schedule: Schedule 201:InitSurfaces, deps=[174] (64 pending tasks)
03-02 10:09:04.817 21983 22063 W AppInitScheduler|Schedule:   Executing 201:InitSurfaces
03-02 10:09:04.817 21983 22063 W AppInitScheduler|Schedule: Schedule 202:InitSystrace, deps=null (65 pending tasks)
03-02 10:09:04.817 21983 22063 W AppInitScheduler|Schedule:   Executing 202:InitSystrace
03-02 10:09:04.817 21983 22063 W AppInitScheduler|Schedule: Schedule 204:InitTrafficNTS, deps=[124] (66 pending tasks)
03-02 10:09:04.817 21983 22063 W AppInitScheduler|Schedule: Schedule 208:LanguageSwitcherCommonExInit, deps=[139] (67 pending tasks)
03-02 10:09:04.817 21983 22063 W AppInitScheduler|Schedule: Schedule 216:LocationRequestDetector, deps=[239] (68 pending tasks)
03-02 10:09:04.818 21983 22063 W AppInitScheduler|Schedule: Schedule 217:LogController, deps=[137] (69 pending tasks)
03-02 10:09:04.818 21983 22063 W AppInitScheduler|Schedule:   Executing 217:LogController
03-02 10:09:04.818 21983 22063 W AppInitScheduler|Schedule: Schedule 223:MessageQueueDoctor, deps=[3] (70 pending tasks)
03-02 10:09:04.818 21983 22063 W AppInitScheduler|Schedule: Schedule 246:MqttEarlySyncInitializerAfterAppCreate, deps=[116, 134] (71 pending tasks)
03-02 10:09:04.819   857   857 D android.hardware.lights-service.mediatek: write 320 to /sys/class/leds/lcd-backlight/brightness, result: 0
03-02 10:09:04.820   857   857 D android.hardware.lights-service.mediatek: write 320 to /sys/class/mi_display/disp-DSI-0/brightness_clone, result: 0
03-02 10:09:04.820 21983 22063 W AppInitScheduler|Schedule: Schedule 305:ObjectCountJestE2EBridge, deps=null (72 pending tasks)
03-02 10:09:04.820 21983 22063 W AppInitScheduler|Schedule:   Executing 305:ObjectCountJestE2EBridge
03-02 10:09:04.820 21983 22063 W AppInitScheduler|Schedule: Schedule 309:PendingStoryStoreInitializer, deps=[137, 174, 239] (73 pending tasks)
03-02 10:09:04.820 21983 22063 W AppInitScheduler|Schedule: Schedule 312:PreloadClassesForReelsTabRestores, deps=[367] (74 pending tasks)
03-02 10:09:04.822 21983 22063 W AppInitScheduler|Schedule: Schedule 313:PreloadClassesForReelsTabStarts, deps=[366, 367] (75 pending tasks)
03-02 10:09:04.822 21983 22063 W AppInitScheduler|Schedule: Schedule 324:PreloadNavigationIcons, deps=[367] (76 pending tasks)
03-02 10:09:04.822 21983 22063 W AppInitScheduler|Schedule: Schedule 327:PreloadReelsCsrForReelsTabStarts, deps=[155, 367] (77 pending tasks)
03-02 10:09:04.822 21983 22063 W AppInitScheduler|Schedule: Schedule 333:PreloadVideoHomeDataController, deps=[366, 367] (78 pending tasks)
03-02 10:09:04.823 21983 22063 W AppInitScheduler|Schedule: Schedule 338:ProfiloBridgeFactoryImpl, deps=[221, 367] (79 pending tasks)
03-02 10:09:04.823 21983 22063 W AppInitScheduler|Schedule: Schedule 339:RasFileInitializer, deps=null (80 pending tasks)
03-02 10:09:04.823 21983 22063 W AppInitScheduler|Schedule:   Executing 339:RasFileInitializer
03-02 10:09:04.823 21983 22063 W AppInitScheduler|Schedule: Schedule 340:RegisterFrameRateTraceListener, deps=null (81 pending tasks)
03-02 10:09:04.823 21983 22063 W AppInitScheduler|Schedule:   Executing 340:RegisterFrameRateTraceListener
03-02 10:09:04.823 21983 22063 W AppInitScheduler|Schedule: Schedule 341:RegisterMainLooperTracer, deps=null (82 pending tasks)
03-02 10:09:04.823 21983 22063 W AppInitScheduler|Schedule:   Executing 341:RegisterMainLooperTracer
03-02 10:09:04.823 21983 22063 W AppInitScheduler|Schedule: Schedule 343:ReleaseDeferredBroadcastReceiver, deps=null (83 pending tasks)
03-02 10:09:04.823 21983 22063 W AppInitScheduler|Schedule:   Executing 343:ReleaseDeferredBroadcastReceiver
03-02 10:09:04.823 21983 22044 W AppInitScheduler|Run:   Finished MobileConfigAdminIdInit in 9ms
03-02 10:09:04.823 21983 22044 W AppInitScheduler|Schedule:   Executing 129:EarlyFetchStartupDestinationAppInit
03-02 10:09:04.823 21983 22044 W AppInitScheduler|Run: Running StringResourcesDelegate [*]
03-02 10:09:04.823 21983 22064 W AppInitScheduler|Run:   Finished MobileConfigInit in 7ms
03-02 10:09:04.824 21983 22064 W AppInitScheduler|Schedule:   Executing 121:E2EForceMobileConfigFetch
03-02 10:09:04.824 21983 22064 W AppInitScheduler|Schedule:   Executing 140:FdidInitSync
03-02 10:09:04.824 21983 22064 W AppInitScheduler|Schedule:   Executing 211:LithoConfiguration
03-02 10:09:04.824 21983 22064 W AppInitScheduler|Schedule:   Executing 337:PrivacyUiiDetectionLogger
03-02 10:09:04.824 21983 22064 W AppInitScheduler|Schedule:   Executing 104:CheckUnstableContentProvider
03-02 10:09:04.824 21983 22064 W AppInitScheduler|Schedule:   Executing 2:AnalyticsInit
03-02 10:09:04.824 21983 22064 W AppInitScheduler|Schedule:   Executing 105:ClientCacheEdgeManagerInitializer
03-02 10:09:04.824 21983 22064 W AppInitScheduler|Schedule:   Executing 106:ClientCacheEdgeManagerInitializerUserScoped
03-02 10:09:04.824 21983 22064 W AppInitScheduler|Schedule:   Executing 132:Fb4aReactEagerInitHotMCUnpacker
03-02 10:09:04.824 21983 22064 W AppInitScheduler|Schedule:   Executing 304:NotifyAppStateManagerOnCreateComplete
03-02 10:09:04.824 21983 22064 W AppInitScheduler|Schedule:   Executing 144:FixieNoSync
03-02 10:09:04.824 21983 22064 W AppInitScheduler|Schedule:   Executing 177:InitFury
03-02 10:09:04.824 21983 22064 W AppInitScheduler|Schedule:   Executing 178:InitHelium
03-02 10:09:04.824 21983 22064 W AppInitScheduler|Schedule:   Executing 185:InitMemoryDumpHandler
03-02 10:09:04.824 21983 22064 W AppInitScheduler|Schedule:   Executing 216:LocationRequestDetector
03-02 10:09:04.824 21983 22064 W AppInitScheduler|Schedule:   Executing 309:PendingStoryStoreInitializer
03-02 10:09:04.824 21983 22064 W AppInitScheduler|Run: Running E2EForceMobileConfigFetch [*]
03-02 10:09:04.824 21983 22064 W AppInitScheduler|Run:   Finished E2EForceMobileConfigFetch in 0ms
03-02 10:09:04.824 21983 22047 D nativeloader: Load /data/data/com.facebook.katana/lib-compressed/libcoldstart.so using class loader ns clns-7 (caller=/data/app/~~D6pxJj0wCihn6bL7dRHGfw==/com.facebook.katana-ytDRDVfsDJQ7KNzIgYIFlA==/base.apk): ok
03-02 10:09:04.825 21983 22063 W AppInitScheduler|Schedule: Schedule 344:ReliabilityExperiments, deps=null (84 pending tasks)
03-02 10:09:04.825 21983 22063 W AppInitScheduler|Schedule:   Executing 344:ReliabilityExperiments
03-02 10:09:04.825 22007 22007 I ljd     : SslGuard completed installation.
03-02 10:09:04.825 21983 22063 W AppInitScheduler|Schedule: Schedule 347:ReliabilityUserPerceptibleScopeToQPL, deps=[367] (82 pending tasks)
03-02 10:09:04.825 21983 22063 W AppInitScheduler|Schedule: Schedule 348:ReplayBroadcastReceivedDuringAppInit, deps=[402] (83 pending tasks)
03-02 10:09:04.825 21983 22063 W AppInitScheduler|Schedule: Schedule 353:ScheduleLowPriWork, deps=[402] (84 pending tasks)
03-02 10:09:04.825 21983 22063 W AppInitScheduler|Schedule: Schedule 360:SetupDynaBuilds, deps=null (85 pending tasks)
03-02 10:09:04.825 21983 22063 W AppInitScheduler|Schedule:   Executing 360:SetupDynaBuilds
03-02 10:09:04.825 21983 22063 W AppInitScheduler|Schedule: Schedule 362:SetupSmartGc, deps=null (86 pending tasks)
03-02 10:09:04.825 21983 22063 W AppInitScheduler|Schedule:   Executing 362:SetupSmartGc
03-02 10:09:04.825 21983 22063 W AppInitScheduler|Schedule: Schedule 373:TabBadgeFetchAppInit, deps=[237, 239] (87 pending tasks)
03-02 10:09:04.825 21983 22063 W AppInitScheduler|Schedule:   Executing 373:TabBadgeFetchAppInit
03-02 10:09:04.825 21983 22063 W AppInitScheduler|Schedule: Schedule 404:WarmFacebookEmojiFont, deps=[137, 239] (88 pending tasks)
03-02 10:09:04.825 21983 22063 W AppInitScheduler|Schedule:   Executing 404:WarmFacebookEmojiFont
03-02 10:09:04.825 21983 22063 W AppInitScheduler|Schedule: Schedule 406:WhitehatOverlayInitializer, deps=[137] (89 pending tasks)
03-02 10:09:04.825 21983 22063 W AppInitScheduler|Schedule:   Executing 406:WhitehatOverlayInitializer
03-02 10:09:04.825 21983 22063 W AppInitScheduler|Schedule: Schedule 315:PreloadFeedDataLoader, deps=[366, 367] (90 pending tasks)
03-02 10:09:04.827 21983 22062 W AppInitScheduler|Run:   Finished MobileConfigSessionlessInit in 19ms
03-02 10:09:04.827 21983 22062 W AppInitScheduler|Schedule:   Executing 367:StartupQPLInit
03-02 10:09:04.827 21983 22062 W AppInitScheduler|Schedule:   Executing 122:E2EForceMobileConfigSessionlessFetch
03-02 10:09:04.827 21983 22062 W AppInitScheduler|Schedule:   Executing 3:AnalyticsLoggerInit
03-02 10:09:04.827 21983 22062 W AppInitScheduler|Schedule:   Executing 222:MaybeUnblockComponentsEarly
03-02 10:09:04.827 21983 22062 W AppInitScheduler|Schedule:   Executing 120:DownloadedFbResources
03-02 10:09:04.827 21983 22062 W AppInitScheduler|Schedule:   Executing 136:FbMsysPostBootstrapListenerRegistrarOnAppInit
03-02 10:09:04.827 21983 22062 W AppInitScheduler|Schedule:   Executing 160:INeedInitForSharedPrefsListenerRegister
03-02 10:09:04.827 21983 22062 W AppInitScheduler|Run: Running StartupQPLInit [*]
03-02 10:09:04.827 21983 22063 W AppInitScheduler|Schedule: Schedule 125:EagerInitFeedDataLoader, deps=[315, 317] (90 pending tasks)
03-02 10:09:04.828 21983 22063 W AppInitScheduler|Schedule: Schedule 163:InitAppComponentFactoryStartupController, deps=[116] (91 pending tasks)
03-02 10:09:04.828 21983 22063 W AppInitScheduler|Schedule: Schedule 207:KeepWarm, deps=[366, 367] (92 pending tasks)
03-02 10:09:04.828 21983 22063 W AppInitScheduler|Schedule: Schedule 219:LongtailVoltronAppInit, deps=[174, 239] (93 pending tasks)
03-02 10:09:04.828 21983 22063 W AppInitScheduler|Schedule:   Executing 219:LongtailVoltronAppInit
03-02 10:09:04.828 21983 22063 W AppInitScheduler|Schedule: Schedule 236:MetaCasper, deps=[366, 367] (94 pending tasks)
03-02 10:09:04.828 21983 22063 W AppInitScheduler|Schedule: Schedule 238:MobileConfigAdminIdLaterInit, deps=[174, 237, 242] (95 pending tasks)
03-02 10:09:04.828 21983 22063 W AppInitScheduler|Schedule:   Executing 238:MobileConfigAdminIdLaterInit
03-02 10:09:04.828 21983 22063 W AppInitScheduler|Schedule: Schedule 240:MobileConfigLaterInit, deps=[121, 174, 242] (96 pending tasks)
03-02 10:09:04.828 21983 22063 W AppInitScheduler|Schedule:   Executing 240:MobileConfigLaterInit
03-02 10:09:04.828 21983 22063 W AppInitScheduler|Schedule: Schedule 243:MobileConfigSessionlessLaterInit, deps=[122, 174] (97 pending tasks)
03-02 10:09:04.828 21983 22063 W AppInitScheduler|Schedule: Schedule 318:PreloadFeedRequest, deps=[366, 367] (98 pending tasks)
03-02 10:09:04.828 21983 22063 W AppInitScheduler|Schedule: Schedule 310:PrefetchFeedNetwork, deps=[318] (99 pending tasks)
03-02 10:09:04.828 21983 22063 W AppInitScheduler|Schedule: Schedule 311:PreloadClashManager, deps=[366, 367] (100 pending tasks)
03-02 10:09:04.828 21983 22063 W AppInitScheduler|Schedule: Schedule 314:PreloadFeedConfig, deps=[366, 367] (101 pending tasks)
03-02 10:09:04.828 21983 22063 W AppInitScheduler|Schedule: Schedule 316:PreloadFeedFetchMetadata, deps=[366, 367] (102 pending tasks)
03-02 10:09:04.828 21983 22063 W AppInitScheduler|Schedule: Schedule 319:PreloadFreshFeedRanker, deps=[137, 367] (103 pending tasks)
03-02 10:09:04.829 21983 22063 W AppInitScheduler|Schedule: Schedule 320:PreloadHeroManager, deps=[137, 367] (104 pending tasks)
03-02 10:09:04.829 21983 22063 W AppInitScheduler|Schedule: Schedule 321:PreloadInlineComposerProfileImage, deps=[126, 137, 367] (105 pending tasks)
03-02 10:09:04.829 21983 22063 W AppInitScheduler|Schedule: Schedule 322:PreloadLogDb, deps=[3, 366, 367] (106 pending tasks)
03-02 10:09:04.829 21983 22063 W AppInitScheduler|Schedule: Schedule 326:PreloadReactions, deps=[3, 137, 367] (107 pending tasks)
03-02 10:09:04.830 21983 22063 W AppInitScheduler|Schedule: Schedule 331:PreloadStoriesTrayFetchController, deps=[137, 367] (108 pending tasks)
03-02 10:09:04.830 21983 22063 W AppInitScheduler|Schedule: Schedule 332:PreloadStoriesTrayQuery, deps=[137, 367] (109 pending tasks)
03-02 10:09:04.830 21983 22063 W AppInitScheduler|Schedule: Schedule 334:PreloadVideoPrivateSharing, deps=[137, 367] (110 pending tasks)
03-02 10:09:04.831 21983 22063 W AppInitScheduler|Schedule: Schedule 355:SecondaryDexPreloaderBg, deps=[127, 239] (111 pending tasks)
03-02 10:09:04.831 21983 22047 W AppInitScheduler|Run:   Finished LoadLibColdStart in 48ms
03-02 10:09:04.831 21983 22047 W AppInitScheduler|Schedule:   Executing 124:EagerInitFBTigon
03-02 10:09:04.831 21983 22047 W AppInitScheduler|Schedule:   Executing 370:StaticGraphServiceFactoryInitializer
03-02 10:09:04.832 21983 22047 W AppInitScheduler|Schedule:   Executing 113:DgwEarlySyncInitializer
03-02 10:09:04.832 21983 22047 W AppInitScheduler|Schedule:   Executing 134:FbMCPPluginInitializer
03-02 10:09:04.832 21983 22047 W AppInitScheduler|Run: Running E2EForceMobileConfigSessionlessFetch [*]
03-02 10:09:04.832 21983 22047 W AppInitScheduler|Run:   Finished E2EForceMobileConfigSessionlessFetch in 0ms
03-02 10:09:04.832 21983 22047 W AppInitScheduler|Schedule:   Executing 349:RunEarlyInitForActivity
03-02 10:09:04.832 21983 22047 W AppInitScheduler|Schedule:   Executing 243:MobileConfigSessionlessLaterInit
03-02 10:09:04.832 21983 22047 W AppInitScheduler|Run: Running RunEarlyInitForActivity [*]
03-02 10:09:04.832 21983 22047 W AppInitScheduler|Run:   Finished RunEarlyInitForActivity in 0ms
03-02 10:09:04.832 21983 22047 W AppInitScheduler|Run: Running AnalyticsLoggerInit [*]
03-02 10:09:04.833 21983 22044 W FrscLanguagePackLoader: Loading FRSC strings for locale (en_GB)
03-02 10:09:04.834 21983 22062 W QuickPerformanceLoggerModule: Providing QPL... begin
03-02 10:09:04.834 21983 22044 W AppInitScheduler|Run:   Finished StringResourcesDelegate in 11ms
03-02 10:09:04.834 21983 22044 W AppInitScheduler|Run: Running FdidInitSync [*]
03-02 10:09:04.836 21983 22045 W AppInitScheduler|Run: Running RunPerfMarkers [*]
03-02 10:09:04.837 21983 22045 W StartupMetricTracker: Waiting for foreground/background determination...
03-02 10:09:04.837 21983 22088 E QPLProvider: QuickPerformanceLogger instance wasn't installed in provider, returning noop. Please call QuickPerformanceLoggerProvider.setQuickPerformanceLogger() before getting the instance.
03-02 10:09:04.837 21983 22088 E QPLProvider: java.lang.IllegalStateException: No QPL instance provided
03-02 10:09:04.837 21983 22088 E QPLProvider: 	at com.facebook.quicklog.QuickPerformanceLoggerProvider.getQPLInstance(:8)
03-02 10:09:04.837 21983 22088 E QPLProvider: 	at X.3YH.A04(Unknown Source:10)
03-02 10:09:04.837 21983 22088 E QPLProvider: 	at X.WMV.A0e(Unknown Source:3)
03-02 10:09:04.837 21983 22088 E QPLProvider: 	at X.1J9.A01(Unknown Source:17)
03-02 10:09:04.837 21983 22088 E QPLProvider: 	at X.1If.run(Unknown Source:149)
03-02 10:09:04.838 21983 22088 E QPLProvider: QuickPerformanceLogger instance wasn't installed in provider, returning noop. Please call QuickPerformanceLoggerProvider.setQuickPerformanceLogger() before getting the instance.
03-02 10:09:04.838 21983 22088 E QPLProvider: java.lang.IllegalStateException: No QPL instance provided
03-02 10:09:04.838 21983 22088 E QPLProvider: 	at com.facebook.quicklog.QuickPerformanceLoggerProvider.getQPLInstance(:8)
03-02 10:09:04.838 21983 22088 E QPLProvider: 	at X.3YH.A04(Unknown Source:22)
03-02 10:09:04.838 21983 22088 E QPLProvider: 	at X.WMV.A0e(Unknown Source:3)
03-02 10:09:04.838 21983 22088 E QPLProvider: 	at X.1J9.A01(Unknown Source:17)
03-02 10:09:04.838 21983 22088 E QPLProvider: 	at X.1If.run(Unknown Source:149)
03-02 10:09:04.838 21983 22045 W StartupMetricTracker: Begin BACKGROUND UNTRACKED start
03-02 10:09:04.838 21983 22088 E QPLProvider: QuickPerformanceLogger instance wasn't installed in provider, returning noop. Please call QuickPerformanceLoggerProvider.setQuickPerformanceLogger() before getting the instance.
03-02 10:09:04.838 21983 22088 E QPLProvider: java.lang.IllegalStateException: No QPL instance provided
03-02 10:09:04.838 21983 22088 E QPLProvider: 	at com.facebook.quicklog.QuickPerformanceLoggerProvider.getQPLInstance(:8)
03-02 10:09:04.838 21983 22088 E QPLProvider: 	at X.3YH.A04(Unknown Source:37)
03-02 10:09:04.838 21983 22088 E QPLProvider: 	at X.WMV.A0e(Unknown Source:3)
03-02 10:09:04.838 21983 22088 E QPLProvider: 	at X.1J9.A01(Unknown Source:17)
03-02 10:09:04.838 21983 22088 E QPLProvider: 	at X.1If.run(Unknown Source:149)
03-02 10:09:04.838 21983 22088 E QPLProvider: QuickPerformanceLogger instance wasn't installed in provider, returning noop. Please call QuickPerformanceLoggerProvider.setQuickPerformanceLogger() before getting the instance.
03-02 10:09:04.838 21983 22088 E QPLProvider: java.lang.IllegalStateException: No QPL instance provided
03-02 10:09:04.838 21983 22088 E QPLProvider: 	at com.facebook.quicklog.QuickPerformanceLoggerProvider.getQPLInstance(:8)
03-02 10:09:04.838 21983 22088 E QPLProvider: 	at X.3YE.A04(Unknown Source:12)
03-02 10:09:04.838 21983 22088 E QPLProvider: 	at X.3YH.A04(Unknown Source:49)
03-02 10:09:04.838 21983 22088 E QPLProvider: 	at X.WMV.A0e(Unknown Source:3)
03-02 10:09:04.838 21983 22088 E QPLProvider: 	at X.1J9.A01(Unknown Source:17)
03-02 10:09:04.838 21983 22088 E QPLProvider: 	at X.1If.run(Unknown Source:149)
03-02 10:09:04.838 21983 22088 E QPLProvider: QuickPerformanceLogger instance wasn't installed in provider, returning noop. Please call QuickPerformanceLoggerProvider.setQuickPerformanceLogger() before getting the instance.
03-02 10:09:04.838 21983 22088 E QPLProvider: java.lang.IllegalStateException: No QPL instance provided
03-02 10:09:04.838 21983 22088 E QPLProvider: 	at com.facebook.quicklog.QuickPerformanceLoggerProvider.getQPLInstance(:8)
03-02 10:09:04.838 21983 22088 E QPLProvider: 	at X.3YE.A04(Unknown Source:24)
03-02 10:09:04.838 21983 22088 E QPLProvider: 	at X.3YH.A04(Unknown Source:49)
03-02 10:09:04.838 21983 22088 E QPLProvider: 	at X.WMV.A0e(Unknown Source:3)
03-02 10:09:04.838 21983 22088 E QPLProvider: 	at X.1J9.A01(Unknown Source:17)
03-02 10:09:04.838 21983 22088 E QPLProvider: 	at X.1If.run(Unknown Source:149)
03-02 10:09:04.839 21983 22088 E QPLProvider: QuickPerformanceLogger instance wasn't installed in provider, returning noop. Please call QuickPerformanceLoggerProvider.setQuickPerformanceLogger() before getting the instance.
03-02 10:09:04.839 21983 22088 E QPLProvider: java.lang.IllegalStateException: No QPL instance provided
03-02 10:09:04.839 21983 22088 E QPLProvider: 	at com.facebook.quicklog.QuickPerformanceLoggerProvider.getQPLInstance(:8)
03-02 10:09:04.839 21983 22088 E QPLProvider: 	at X.3YE.A04(Unknown Source:39)
03-02 10:09:04.839 21983 22088 E QPLProvider: 	at X.3YH.A04(Unknown Source:49)
03-02 10:09:04.839 21983 22088 E QPLProvider: 	at X.WMV.A0e(Unknown Source:3)
03-02 10:09:04.839 21983 22088 E QPLProvider: 	at X.1J9.A01(Unknown Source:17)
03-02 10:09:04.839 21983 22088 E QPLProvider: 	at X.1If.run(Unknown Source:149)
03-02 10:09:04.839 21983 22088 E QPLProvider: QuickPerformanceLogger instance wasn't installed in provider, returning noop. Please call QuickPerformanceLoggerProvider.setQuickPerformanceLogger() before getting the instance.
03-02 10:09:04.839 21983 22088 E QPLProvider: java.lang.IllegalStateException: No QPL instance provided
03-02 10:09:04.839 21983 22088 E QPLProvider: 	at com.facebook.quicklog.QuickPerformanceLoggerProvider.getQPLInstance(:8)
03-02 10:09:04.839 21983 22088 E QPLProvider: 	at X.3YE.A04(Unknown Source:55)
03-02 10:09:04.839 21983 22088 E QPLProvider: 	at X.3YH.A04(Unknown Source:49)
03-02 10:09:04.839 21983 22088 E QPLProvider: 	at X.WMV.A0e(Unknown Source:3)
03-02 10:09:04.839 21983 22088 E QPLProvider: 	at X.1J9.A01(Unknown Source:17)
03-02 10:09:04.839 21983 22088 E QPLProvider: 	at X.1If.run(Unknown Source:149)
03-02 10:09:04.840 21983 22044 W AppInitScheduler|Run:   Finished FdidInitSync in 6ms
03-02 10:09:04.840 21983 22044 W AppInitScheduler|Run: Running LithoConfiguration [*]
03-02 10:09:04.840 21983 22088 E QPLProvider: QuickPerformanceLogger instance wasn't installed in provider, returning noop. Please call QuickPerformanceLoggerProvider.setQuickPerformanceLogger() before getting the instance.
03-02 10:09:04.840 21983 22088 E QPLProvider: java.lang.IllegalStateException: No QPL instance provided
03-02 10:09:04.840 21983 22088 E QPLProvider: 	at com.facebook.quicklog.QuickPerformanceLoggerProvider.getQPLInstance(:8)
03-02 10:09:04.840 21983 22088 E QPLProvider: 	at X.3YE.A04(Unknown Source:67)
03-02 10:09:04.840 21983 22088 E QPLProvider: 	at X.3YH.A04(Unknown Source:49)
03-02 10:09:04.840 21983 22088 E QPLProvider: 	at X.WMV.A0e(Unknown Source:3)
03-02 10:09:04.840 21983 22088 E QPLProvider: 	at X.1J9.A01(Unknown Source:17)
03-02 10:09:04.840 21983 22088 E QPLProvider: 	at X.1If.run(Unknown Source:149)
03-02 10:09:04.841  1621  4238 I ClipboardServiceI: checkProviderWakePathForClipboard: primaryClip is null
03-02 10:09:04.841 21983 22088 E QPLProvider: QuickPerformanceLogger instance wasn't installed in provider, returning noop. Please call QuickPerformanceLoggerProvider.setQuickPerformanceLogger() before getting the instance.
03-02 10:09:04.841 21983 22088 E QPLProvider: java.lang.IllegalStateException: No QPL instance provided
03-02 10:09:04.841 21983 22088 E QPLProvider: 	at com.facebook.quicklog.QuickPerformanceLoggerProvider.getQPLInstance(:8)
03-02 10:09:04.841 21983 22088 E QPLProvider: 	at X.3YE.A04(Unknown Source:99)
03-02 10:09:04.841 21983 22088 E QPLProvider: 	at X.3YH.A04(Unknown Source:49)
03-02 10:09:04.841 21983 22088 E QPLProvider: 	at X.WMV.A0e(Unknown Source:3)
03-02 10:09:04.841 21983 22088 E QPLProvider: 	at X.1J9.A01(Unknown Source:17)
03-02 10:09:04.841 21983 22088 E QPLProvider: 	at X.1If.run(Unknown Source:149)
03-02 10:09:04.841 21983 22088 E QPLProvider: QuickPerformanceLogger instance wasn't installed in provider, returning noop. Please call QuickPerformanceLoggerProvider.setQuickPerformanceLogger() before getting the instance.
03-02 10:09:04.841 21983 22088 E QPLProvider: java.lang.IllegalStateException: No QPL instance provided
03-02 10:09:04.841 21983 22088 E QPLProvider: 	at com.facebook.quicklog.QuickPerformanceLoggerProvider.getQPLInstance(:8)
03-02 10:09:04.841 21983 22088 E QPLProvider: 	at X.3YE.A04(Unknown Source:118)
03-02 10:09:04.841 21983 22088 E QPLProvider: 	at X.3YH.A04(Unknown Source:49)
03-02 10:09:04.841 21983 22088 E QPLProvider: 	at X.WMV.A0e(Unknown Source:3)
03-02 10:09:04.841 21983 22088 E QPLProvider: 	at X.1J9.A01(Unknown Source:17)
03-02 10:09:04.841 21983 22088 E QPLProvider: 	at X.1If.run(Unknown Source:149)
03-02 10:09:04.842 21983 22088 E QPLProvider: QuickPerformanceLogger instance wasn't installed in provider, returning noop. Please call QuickPerformanceLoggerProvider.setQuickPerformanceLogger() before getting the instance.
03-02 10:09:04.842 21983 22088 E QPLProvider: java.lang.IllegalStateException: No QPL instance provided
03-02 10:09:04.842 21983 22088 E QPLProvider: 	at com.facebook.quicklog.QuickPerformanceLoggerProvider.getQPLInstance(:8)
03-02 10:09:04.842 21983 22088 E QPLProvider: 	at X.3YE.A04(Unknown Source:133)
03-02 10:09:04.842 21983 22088 E QPLProvider: 	at X.3YH.A04(Unknown Source:49)
03-02 10:09:04.842 21983 22088 E QPLProvider: 	at X.WMV.A0e(Unknown Source:3)
03-02 10:09:04.842 21983 22088 E QPLProvider: 	at X.1J9.A01(Unknown Source:17)
03-02 10:09:04.842 21983 22088 E QPLProvider: 	at X.1If.run(Unknown Source:149)
03-02 10:09:04.843 21983 22062 W QuickPerformanceLoggerModule: Providing QPL... end
03-02 10:09:04.844 21983 22045 E AppState: Returning default for firstRunInfo
03-02 10:09:04.844 21983 22045 E AppState: Returning default for firstRunInfo
03-02 10:09:04.844 21983 22045 W AppInitScheduler|Run:   Finished RunPerfMarkers in 8ms
03-02 10:09:04.844 21983 22062 W AppInitScheduler|Run:   Finished StartupQPLInit in 17ms
03-02 10:09:04.846 21983 22045 W AppInitScheduler|Run: Running PrivacyUiiDetectionLogger [*]
03-02 10:09:04.846 21983 22047 W EndToEndAnalyticsEventListener: WRITE_ANALYTICS_TO_LOGCAT = null, EndToEnd.isRunningEndToEndTest() = false
03-02 10:09:04.847 21983 22088 W FrscLanguagePackLoader: FRSC English strings buffer size - (limit : 769586, capacity : 769586)
03-02 10:09:04.847 21983 22045 W AppInitScheduler|Run:   Finished PrivacyUiiDetectionLogger in 3ms
03-02 10:09:04.848 21983 22044 W AppInitScheduler|Run:   Finished LithoConfiguration in 8ms
03-02 10:09:04.849 21983 22063 W AppInitScheduler|Schedule: Schedule 359:SetupBlockingBackgroundComponentReporting, deps=[367] (107 pending tasks)
03-02 10:09:04.850 21983 22054 W AppInitScheduler|Schedule: Shutting down, all work scheduled.
03-02 10:09:04.850 21983 22054 W AppInitScheduler|Schedule: java.lang.RuntimeException
03-02 10:09:04.850 21983 22054 W AppInitScheduler|Schedule: 	at X.0ir.A03(:5)
03-02 10:09:04.850 21983 22054 W AppInitScheduler|Schedule: 	at com.facebook.katana.app.FacebookApplicationImpl.A00(Unknown Source:56)
03-02 10:09:04.850 21983 22054 W AppInitScheduler|Schedule: 	at X.0fj.run(:9)
03-02 10:09:04.850 21983 22054 W AppInitScheduler|Schedule: Shut down called with 107 pending tasks
03-02 10:09:04.850 21983 22064 W AppInitScheduler|Run: Running EagerInitFBTigon [*]
03-02 10:09:04.850 21983 22066 W AppInitScheduler|Run: Running EarlyFetchStartupDestinationAppInit [*]
03-02 10:09:04.850 21983 22062 W AppInitScheduler|Schedule:   Executing 317:PreloadFeedFullCacheLoad
03-02 10:09:04.850 21983 22062 W AppInitScheduler|Schedule:   Executing 157:INeedInitForBroadcastReceiverRegister
03-02 10:09:04.851 21983 22062 W AppInitScheduler|Schedule:   Executing 176:InitFeedVpvSeenStore
03-02 10:09:04.851 21983 22047 W AppInitScheduler|Run:   Finished AnalyticsLoggerInit in 19ms
03-02 10:09:04.851 21983 22062 W AppInitScheduler|Schedule:   Executing 312:PreloadClassesForReelsTabRestores
03-02 10:09:04.851 21983 22062 W AppInitScheduler|Schedule:   Executing 313:PreloadClassesForReelsTabStarts
03-02 10:09:04.851 21983 22062 W AppInitScheduler|Schedule:   Executing 324:PreloadNavigationIcons
03-02 10:09:04.851 21983 22062 W AppInitScheduler|Schedule:   Executing 333:PreloadVideoHomeDataController
03-02 10:09:04.851 21983 22062 W AppInitScheduler|Schedule:   Executing 338:ProfiloBridgeFactoryImpl
03-02 10:09:04.851 21983 22062 W AppInitScheduler|Schedule:   Executing 347:ReliabilityUserPerceptibleScopeToQPL
03-02 10:09:04.851 21983 22062 W AppInitScheduler|Schedule:   Executing 315:PreloadFeedDataLoader
03-02 10:09:04.851 21983 22062 W AppInitScheduler|Schedule:   Executing 207:KeepWarm
03-02 10:09:04.851 21983 22062 W AppInitScheduler|Schedule:   Executing 236:MetaCasper
03-02 10:09:04.851 21983 22062 W AppInitScheduler|Schedule:   Executing 318:PreloadFeedRequest
03-02 10:09:04.851 21983 22062 W AppInitScheduler|Schedule:   Executing 311:PreloadClashManager
03-02 10:09:04.851 21983 22062 W AppInitScheduler|Schedule:   Executing 314:PreloadFeedConfig
03-02 10:09:04.851 21983 22062 W AppInitScheduler|Schedule:   Executing 316:PreloadFeedFetchMetadata
03-02 10:09:04.851 21983 22062 W AppInitScheduler|Schedule:   Executing 319:PreloadFreshFeedRanker
03-02 10:09:04.851 21983 22062 W AppInitScheduler|Schedule:   Executing 320:PreloadHeroManager
03-02 10:09:04.851 21983 22062 W AppInitScheduler|Schedule:   Executing 331:PreloadStoriesTrayFetchController
03-02 10:09:04.851 21983 22062 W AppInitScheduler|Schedule:   Executing 332:PreloadStoriesTrayQuery
03-02 10:09:04.851 21983 22062 W AppInitScheduler|Schedule:   Executing 334:PreloadVideoPrivateSharing
03-02 10:09:04.851 21983 22062 W AppInitScheduler|Run: Running PreloadFeedFullCacheLoad [*]
03-02 10:09:04.851 21983 22044 W AppInitScheduler|Run: Running StaticGraphServiceFactoryInitializer [*]
03-02 10:09:04.852  1621  1842 I MiuiNetworkPolicy: updateUidState uid = 10156, uidState = 11
03-02 10:09:04.853 21983 22063 W AppInitScheduler|Schedule:   Executing 359:SetupBlockingBackgroundComponentReporting
03-02 10:09:04.853 21983 22063 E AppInitScheduler|Schedule: Call to schedule after shutdown: 368:StartupQPLReplayer, deps=[367]
03-02 10:09:04.853 21983 22063 W AppInitScheduler|Schedule:   Executing 368:StartupQPLReplayer
03-02 10:09:04.853 21983 22063 E AppInitScheduler|Schedule: Call to schedule after shutdown: 369:StartupQPLTransitToMatureStage, deps=[368]
03-02 10:09:04.853 21983 22063 E AppInitScheduler|Schedule: Call to schedule after shutdown: 401:VideoMetaCasper, deps=[366, 367]
03-02 10:09:04.853 21983 22063 W AppInitScheduler|Schedule:   Executing 401:VideoMetaCasper
03-02 10:09:04.853 21983 22063 W OnApplicationInitInvoker: Ignored missing AppInit dependency: 150:GatekeeperStoreInitializer
03-02 10:09:04.853 21983 22063 W OnApplicationInitInvoker: Ignored missing AppInit dependency: 229:MessengerMCPPluginInitializer
03-02 10:09:04.853 21983 22063 W AppInitScheduler|Run:   Finished RunOnApplicationInit in 57ms
03-02 10:09:04.853 21983 22047 W AppInitScheduler|Schedule:   Executing 194:InitPushLiteSdk
03-02 10:09:04.853 21983 22047 W AppInitScheduler|Schedule:   Executing 336:PreloadWordmark
03-02 10:09:04.853   857   857 D android.hardware.lights-service.mediatek: write 319 to /sys/class/leds/lcd-backlight/brightness, result: 0
03-02 10:09:04.854 21983 22047 W AppInitScheduler|Schedule:   Executing 126:EagerInitImagePipeline
03-02 10:09:04.854 21983 22047 W AppInitScheduler|Schedule:   Executing 4:AnalyticsLoggerPostInitReplay
03-02 10:09:04.854 21983 22066 W AppInitScheduler|Run:   Finished EarlyFetchStartupDestinationAppInit in 9ms
03-02 10:09:04.854 21983 22047 W AppInitScheduler|Schedule:   Executing 103:BloksInitializer
03-02 10:09:04.854 21983 22047 W AppInitScheduler|Schedule:   Executing 223:MessageQueueDoctor
03-02 10:09:04.854 21983 22047 W AppInitScheduler|Schedule:   Executing 322:PreloadLogDb
03-02 10:09:04.854 21983 22047 W AppInitScheduler|Schedule:   Executing 326:PreloadReactions
03-02 10:09:04.854 21983 22045 W AppInitScheduler|Run: Running InitPushLiteSdk [*]
03-02 10:09:04.854   857   857 D android.hardware.lights-service.mediatek: write 319 to /sys/class/mi_display/disp-DSI-0/brightness_clone, result: 0
03-02 10:09:04.854 21983 22047 W AppInitScheduler|Run: Running PreloadWordmark [*]
03-02 10:09:04.859 21983 22063 W AppInitScheduler|Run: Running EagerInitImagePipeline [*]
03-02 10:09:04.863 21983 22064 W AppInitScheduler|Schedule:   Executing async work for EagerInitFBTigon: InjectTigonServiceHolder
03-02 10:09:04.863 21983 22064 W AppInitScheduler|Schedule:   Executing async work for EagerInitFBTigon: InjectNativePlatformContextHolder
03-02 10:09:04.864 21983 22048 W AppInitScheduler|Run:   Finished EarliestPossibleColdStartClassPreloadStarter in 53ms
03-02 10:09:04.864 21983 22048 W AppInitScheduler|Schedule:   Executing 355:SecondaryDexPreloaderBg
03-02 10:09:04.865 21983 22047 W AppInitScheduler|Run:   Finished PreloadWordmark in 10ms
03-02 10:09:04.865 21983 22064 W AppInitScheduler|Schedule:   Executing async work for EagerInitFBTigon: InjectHttpClient
03-02 10:09:04.872   849   849 I hwcomposer: [HWCDisplay] (0 updateFps():3667), (type:1, mode:2) fps:57.343426,dur:1011.45,max:65.22,min:13.35  
03-02 10:09:04.879 21983 22069 D MMUD    : get_leak_baseline 3246391296
03-02 10:09:04.880 21983 22044 W AppInitScheduler|Run:   Finished StaticGraphServiceFactoryInitializer in 29ms
03-02 10:09:04.881 21983 22044 W AppInitScheduler|Run: Running MaybeUnblockComponentsEarly [*]
03-02 10:09:04.881 21983 22044 W AppInitScheduler|Run:   Finished MaybeUnblockComponentsEarly in 0ms
03-02 10:09:04.881 21983 22044 W AppInitScheduler|Run: Running CheckUnstableContentProvider
03-02 10:09:04.881 21983 22044 W AppInitScheduler|Run:   Finished CheckUnstableContentProvider in 0ms
03-02 10:09:04.881 21983 22044 W AppInitScheduler|Run: Running AnalyticsInit
03-02 10:09:04.881  1621  2188 D FileUtils: Rounded bytes from 8055762944 to 16000000000
03-02 10:09:04.882 21983 22044 W AppInitScheduler|Run:   Finished AnalyticsInit in 1ms
03-02 10:09:04.882 21983 22044 W AppInitScheduler|Run: Running AnalyticsLoggerPostInitReplay
03-02 10:09:04.882 21983 22044 W AppInitScheduler|Run:   Finished AnalyticsLoggerPostInitReplay in 0ms
03-02 10:09:04.882 21983 22044 W AppInitScheduler|Run: Running BloksInitializer
03-02 10:09:04.882 21983 22044 W AppInitScheduler|Run:   Finished BloksInitializer in 0ms
03-02 10:09:04.882 21983 22044 W AppInitScheduler|Run: Running ClientCacheEdgeManagerInitializer
03-02 10:09:04.884 21983 22045 W AppInitScheduler|Run:   Finished InitPushLiteSdk in 30ms
03-02 10:09:04.885 21983 22045 W AppInitScheduler|Run: Running ClientCacheEdgeManagerInitializerUserScoped
03-02 10:09:04.885 21983 22045 W AppInitScheduler|Run:   Finished ClientCacheEdgeManagerInitializerUserScoped in 0ms
03-02 10:09:04.885 21983 22045 W AppInitScheduler|Run: Running ComposerSavedSessionStoreInitializer
03-02 10:09:04.886 21983 22045 W AppInitScheduler|Run:   Finished ComposerSavedSessionStoreInitializer in 1ms
03-02 10:09:04.886 21983 22045 W AppInitScheduler|Run: Running DgwEarlySyncInitializer
03-02 10:09:04.886 21983 22045 W AppInitScheduler|Run:   Finished DgwEarlySyncInitializer in 0ms
03-02 10:09:04.886 21983 22045 W AppInitScheduler|Run: Running DownloadedFbResources
03-02 10:09:04.888 21983 22051 E libEGL  : call to OpenGL ES API with no current context (logged once per thread)
03-02 10:09:04.894 21983 22044 W AppInitScheduler|Run:   Finished ClientCacheEdgeManagerInitializer in 12ms
03-02 10:09:04.894 21983 22044 W AppInitScheduler|Run: Running ErrorReporterSecondaryInit
03-02 10:09:04.896 21983 22044 W AppInitScheduler|Run:   Finished ErrorReporterSecondaryInit in 2ms
03-02 10:09:04.896 21983 22044 W AppInitScheduler|Run: Running Fb4aReactEagerInitHotMCUnpacker
03-02 10:09:04.896 21983 22044 E AppState: Returning default for firstRunInfo
03-02 10:09:04.897 21983 22044 E AppState: Returning default for firstRunInfo
03-02 10:09:04.897 21983 22044 E AppState: Returning default for firstRunInfo
03-02 10:09:04.897 21983 22044 W AppInitScheduler|Run:   Finished Fb4aReactEagerInitHotMCUnpacker in 1ms
03-02 10:09:04.897 21983 22044 W AppInitScheduler|Run: Running FbMCPPluginInitializer
03-02 10:09:04.897 21983 22063 W AppInitScheduler|Run:   Finished EagerInitImagePipeline in 38ms
03-02 10:09:04.897 21983 22063 W AppInitScheduler|Schedule:   Executing 321:PreloadInlineComposerProfileImage
03-02 10:09:04.897 21983 22063 W AppInitScheduler|Run: Running FbMsysPostBootstrapListenerRegistrarOnAppInit
03-02 10:09:04.897 21983 22063 W AppInitScheduler|Run:   Finished FbMsysPostBootstrapListenerRegistrarOnAppInit in 0ms
03-02 10:09:04.898 21983 22063 W AppInitScheduler|Run: Running NotifyAppStateManagerOnCreateComplete
03-02 10:09:04.898 21983 22063 W AppInitScheduler|Run:   Finished NotifyAppStateManagerOnCreateComplete in 0ms
03-02 10:09:04.898 21983 22063 W AppInitScheduler|Schedule:   Executing 139:FbSharedUIQREnvironment
03-02 10:09:04.898 21983 22063 W AppInitScheduler|Run: Running FbSharedUIQREnvironment
03-02 10:09:04.899 21983 22063 W AppInitScheduler|Run:   Finished FbSharedUIQREnvironment in 1ms
03-02 10:09:04.900 21983 22063 W AppInitScheduler|Schedule:   Executing 208:LanguageSwitcherCommonExInit
03-02 10:09:04.900 21983 22063 W AppInitScheduler|Run: Running FixieActivityManagerHook
03-02 10:09:04.903   857   857 D android.hardware.lights-service.mediatek: write 318 to /sys/class/leds/lcd-backlight/brightness, result: 0
03-02 10:09:04.903   857   857 D android.hardware.lights-service.mediatek: write 318 to /sys/class/mi_display/disp-DSI-0/brightness_clone, result: 0
03-02 10:09:04.903 21983 22045 D CACHE_HINTS: Entering madvise file
03-02 10:09:04.904 21983 22045 D CACHE_HINTS: MADVISE_RAND file 0x77d4758000 3166207 /data/data/com.facebook.katana/app_restricks/layouts.bin
03-02 10:09:04.906 21983 22044 W AppInitScheduler|Run:   Finished FbMCPPluginInitializer in 9ms
03-02 10:09:04.906 21983 22044 W AppInitScheduler|Schedule:   Executing 135:FbMsysImmediateInitializer
03-02 10:09:04.906 21983 22044 W AppInitScheduler|Run: Running FbMsysImmediateInitializer
03-02 10:09:04.915 21983 22044 W AppInitScheduler|Run:   Finished FbMsysImmediateInitializer in 9ms
03-02 10:09:04.915 21983 22044 W AppInitScheduler|Run: Running FixieLimitNativeStackSize
03-02 10:09:04.915 21983 22044 W AppInitScheduler|Run:   Finished FixieLimitNativeStackSize in 0ms
03-02 10:09:04.915 21983 22044 W AppInitScheduler|Run: Running FixieNoSync
03-02 10:09:04.915 21983 22044 W AppInitScheduler|Run:   Finished FixieNoSync in 0ms
03-02 10:09:04.915 21983 22044 W AppInitScheduler|Run: Running InitAppChoreographer
03-02 10:09:04.916 21983 22044 W AppInitScheduler|Run:   Finished InitAppChoreographer in 1ms
03-02 10:09:04.916 21983 22044 W AppInitScheduler|Run: Running HandleAppComponentsForPreTosBuild
03-02 10:09:04.919  1621  2188 D ConnectivityService: Returning UNBLOCKED NetworkInfo to uid=10287
03-02 10:09:04.924 21983 22044 W AppInitScheduler|Run:   Finished HandleAppComponentsForPreTosBuild in 8ms
03-02 10:09:04.926 21983 22044 W AppInitScheduler|Run: Running INeedInitForBroadcastReceiverRegister
03-02 10:09:04.932 21983 22063 W AppInitScheduler|Run:   Finished FixieActivityManagerHook in 32ms
03-02 10:09:04.932 21983 22063 W AppInitScheduler|Run: Running INeedInitForEventBusRegister
03-02 10:09:04.932 21983 22063 W AppInitScheduler|Run:   Finished INeedInitForEventBusRegister in 0ms
03-02 10:09:04.933 21983 22063 W AppInitScheduler|Run: Running INeedInitForSharedPrefsListenerRegister
03-02 10:09:04.936   857   857 D android.hardware.lights-service.mediatek: write 317 to /sys/class/leds/lcd-backlight/brightness, result: 0
03-02 10:09:04.937   857   857 D android.hardware.lights-service.mediatek: write 317 to /sys/class/mi_display/disp-DSI-0/brightness_clone, result: 0
03-02 10:09:04.944 21983 22066 W AppInitScheduler|Run: Running InitAndroidX
03-02 10:09:04.944 21983 22066 W AppInitScheduler|Run:   Finished InitAndroidX in 0ms
03-02 10:09:04.944 21983 22066 W AppInitScheduler|Run: Running InitFeedVpvSeenStore
03-02 10:09:04.945 21983 22066 W AppInitScheduler|Run:   Finished InitFeedVpvSeenStore in 1ms
03-02 10:09:04.945 21983 22066 W AppInitScheduler|Run: Running InitFury
03-02 10:09:04.952 21983 22044 W AppInitScheduler|Run:   Finished INeedInitForBroadcastReceiverRegister in 26ms
03-02 10:09:04.952 21983 22044 W AppInitScheduler|Run: Running InitHelium
03-02 10:09:04.954 21983 22048 W AppInitScheduler|Run: Running InitLacrimaLaterInit
03-02 10:09:04.954 21983 22048 W lacrima : FbErrorReportingConfig.laterInit
03-02 10:09:04.959 21983 22063 W AppInitScheduler|Run:   Finished INeedInitForSharedPrefsListenerRegister in 25ms
03-02 10:09:04.960 21983 22063 W AppInitScheduler|Run: Running InitLogging
03-02 10:09:04.960 21983 22063 W fb4a.AppInitScheduler|Run:   Finished InitLogging in 0ms
03-02 10:09:04.961 21983 22063 W fb4a.AppInitScheduler|Run: Running InitMallocHooks
03-02 10:09:04.961 21983 22063 W fb4a.AppInitScheduler|Run:   Finished InitMallocHooks in 0ms
03-02 10:09:04.961 21983 22063 W fb4a.AppInitScheduler|Run: Running InitMemoryDumpHandler
03-02 10:09:04.961 21983 22063 W fb4a.AppInitScheduler|Run:   Finished InitMemoryDumpHandler in 0ms
03-02 10:09:04.961 21983 22063 W fb4a.AppInitScheduler|Run: Running InitSurfaces
03-02 10:09:04.968  1621  1918 E HyperSentinel: -------------------------------------------------------
03-02 10:09:04.968  1621  1918 E HyperSentinel: Event_OpenFileFDSize
03-02 10:09:04.968  1621  1918 E HyperSentinel: -> audit event by proc 1621 "system_server": Fd increasement, peak, 984 -> 1076
03-02 10:09:04.968  1621  1917 D MiuiSentinelService: begin judgment FdAmountLeakException
03-02 10:09:04.969   857   857 D android.hardware.lights-service.mediatek: write 316 to /sys/class/leds/lcd-backlight/brightness, result: 0
03-02 10:09:04.970   857   857 D android.hardware.lights-service.mediatek: write 316 to /sys/class/mi_display/disp-DSI-0/brightness_clone, result: 0
03-02 10:09:04.974  1621  2188 D FileUtils: Rounded bytes from 8055762944 to 16000000000
03-02 10:09:04.977  1621  1842 I MiuiNetworkPolicy: updateUidState uid = 10301, uidState = 19
03-02 10:09:04.978  2061 12253 W HWUI    : Surface doesn't have any previously queued frames, nothing to readback from
03-02 10:09:04.980 21983 22044 W fb4a.AppInitScheduler|Run:   Finished InitHelium in 28ms
03-02 10:09:04.980 21983 22044 W fb4a.AppInitScheduler|Run: Running InitSystrace
03-02 10:09:04.980  2061 12253 W HWUI    : Surface doesn't have any previously queued frames, nothing to readback from
03-02 10:09:04.982  1621  1842 I MiuiNetworkPolicy: updateUidState uid = 10301, uidState = 11
03-02 10:09:04.983 21983 22066 W fb4a.AppInitScheduler|Run:   Finished InitFury in 38ms
03-02 10:09:04.983 21983 22048 W libc    : Access denied finding property "ro.bootimage.build.fingerprint"
03-02 10:09:04.983 21983 22066 W fb4a.AppInitScheduler|Run: Running LanguageSwitcherCommonExInit
03-02 10:09:04.984 21983 22044 W fb4a.AppInitScheduler|Run:   Finished InitSystrace in 4ms
03-02 10:09:04.984 21983 22044 W fb4a.AppInitScheduler|Run: Running LocationRequestDetector
03-02 10:09:04.984 21983 22044 W fb4a.AppInitScheduler|Run:   Finished LocationRequestDetector in 0ms
03-02 10:09:04.984 21983 22044 W fb4a.AppInitScheduler|Run: Running LogController
03-02 10:09:04.984 21983 22063 W fb4a.AppInitScheduler|Run:   Finished InitSurfaces in 23ms
03-02 10:09:04.984 21983 22044 W fb4a.AppInitScheduler|Run:   Finished LogController in 0ms
03-02 10:09:04.985 21983 22044 W fb4a.AppInitScheduler|Run: Running ObjectCountJestE2EBridge
03-02 10:09:04.985 21983 22044 W fb4a.AppInitScheduler|Run:   Finished ObjectCountJestE2EBridge in 0ms
03-02 10:09:04.985 21983 22044 W fb4a.AppInitScheduler|Run: Running PendingStoryStoreInitializer
03-02 10:09:04.985 21983 22044 W fb4a.AppInitScheduler|Run:   Finished PendingStoryStoreInitializer in 0ms
03-02 10:09:04.985 21983 22044 W fb4a.AppInitScheduler|Run: Running PreloadClassesForReelsTabRestores
03-02 10:09:04.985 21983 22044 W fb4a.AppInitScheduler|Run:   Finished PreloadClassesForReelsTabRestores in 0ms
03-02 10:09:04.985 21983 22044 W fb4a.AppInitScheduler|Run: Running PreloadClassesForReelsTabStarts
03-02 10:09:04.985 21983 22044 W fb4a.AppInitScheduler|Run:   Finished PreloadClassesForReelsTabStarts in 0ms
03-02 10:09:04.985 21983 22044 W fb4a.AppInitScheduler|Run: Running PreloadNavigationIcons
03-02 10:09:04.986 21983 22066 W fb4a.AppInitScheduler|Run:   Finished LanguageSwitcherCommonExInit in 3ms
03-02 10:09:04.990 21983 22066 W fb4a.AppInitScheduler|Run: Running PreloadVideoHomeDataController
03-02 10:09:04.990 21983 22066 W fb4a.AppInitScheduler|Run:   Finished PreloadVideoHomeDataController in 0ms
03-02 10:09:04.990 21983 22066 W fb4a.AppInitScheduler|Run: Running ProfiloBridgeFactoryImpl
03-02 10:09:04.991 21983 22066 W Profilo/TraceControl: START PROFILO_TRACEID: BLMLKfxwMmX 30539777
03-02 10:09:04.994 21983 22063 W fb4a.AppInitScheduler|Run: Running MessageQueueDoctor
03-02 10:09:04.995 21983 22063 W fb4a.AppInitScheduler|Run:   Finished MessageQueueDoctor in 11ms
03-02 10:09:04.995 21983 22063 W fb4a.AppInitScheduler|Run: Running RasFileInitializer
03-02 10:09:04.995 21983 22063 W fb4a.AppInitScheduler|Run:   Finished RasFileInitializer in 0ms
03-02 10:09:04.995 21983 22063 W fb4a.AppInitScheduler|Run: Running RegisterFrameRateTraceListener
03-02 10:09:04.995 21983 22063 W fb4a.AppInitScheduler|Run:   Finished RegisterFrameRateTraceListener in 0ms
03-02 10:09:04.995 21983 22063 W fb4a.AppInitScheduler|Run: Running RegisterMainLooperTracer
03-02 10:09:04.995 21983 22063 W fb4a.AppInitScheduler|Run:   Finished RegisterMainLooperTracer in 0ms
03-02 10:09:04.995 21983 22063 W fb4a.AppInitScheduler|Run: Running ReleaseDeferredBroadcastReceiver
03-02 10:09:04.995 21983 22063 W fb4a.AppInitScheduler|Run:   Finished ReleaseDeferredBroadcastReceiver in 0ms
03-02 10:09:04.996 21983 22063 W fb4a.AppInitScheduler|Run: Running ReliabilityExperiments
03-02 10:09:05.000 21983 22063 W fb4a.AppInitScheduler|Run:   Finished ReliabilityExperiments in 4ms
03-02 10:09:05.000  1621  2188 I ClipboardServiceI: checkProviderWakePathForClipboard: primaryClip is null
03-02 10:09:05.005 21983 22063 W fb4a.AppInitScheduler|Run: Running ReliabilityUserPerceptibleScopeToQPL
03-02 10:09:05.005 21983 22063 W fb4a.AppInitScheduler|Run:   Finished ReliabilityUserPerceptibleScopeToQPL in 0ms
03-02 10:09:05.005 21983 22063 W fb4a.AppInitScheduler|Run: Running SetupDynaBuilds
03-02 10:09:05.005 21983 22063 W fb4a.AppInitScheduler|Run:   Finished SetupDynaBuilds in 0ms
03-02 10:09:05.006 21983 22063 W fb4a.AppInitScheduler|Run: Running SetupSmartGc
03-02 10:09:05.006 21983 22063 W fb4a.AppInitScheduler|Run:   Finished SetupSmartGc in 0ms
03-02 10:09:05.006 21983 22063 W fb4a.AppInitScheduler|Run: Running TabBadgeFetchAppInit
03-02 10:09:05.006 21983 22063 W fb4a.AppInitScheduler|Run:   Finished TabBadgeFetchAppInit in 0ms
03-02 10:09:05.006 21983 22063 W fb4a.AppInitScheduler|Run: Running WarmFacebookEmojiFont
03-02 10:09:05.006 21983 22063 W fb4a.AppInitScheduler|Run:   Finished WarmFacebookEmojiFont in 0ms
03-02 10:09:05.006 21983 22063 W fb4a.AppInitScheduler|Run: Running WhitehatOverlayInitializer
03-02 10:09:05.006 21983 22063 W fb4a.AppInitScheduler|Run:   Finished WhitehatOverlayInitializer in 0ms
03-02 10:09:05.006 21983 22063 W fb4a.AppInitScheduler|Run: Running PreloadFeedDataLoader
03-02 10:09:05.009  1621  4238 D FileUtils: Rounded bytes from 8055762944 to 16000000000
03-02 10:09:05.010 21983 22045 W fb4a.AppInitScheduler|Run:   Finished DownloadedFbResources in 124ms
