03-02 10:56:13.262  1621  2834 D PackageManager: set app component=ComponentInfo{com.twitter.android/com.twitter.android.unifiedlanding.implementation.UnifiedLandingActivity} enabled state: 1 from com.twitter.android,uid=10302,pid=9426
03-02 10:56:13.267  9426  9426 D Stuffing: Setting component com.twitter.android.unifiedlanding.implementation.UnifiedLandingActivity state from DEFAULT to ENABLED
03-02 10:56:13.269  1621  2834 D PackageManager: set app component=ComponentInfo{com.twitter.android/com.twitter.notifications.settings.compose.NotificationSettingsNewActivity} enabled state: 1 from com.twitter.android,uid=10302,pid=9426
03-02 10:56:13.274  9426  9426 D Stuffing: Setting component com.twitter.notifications.settings.compose.NotificationSettingsNewActivity state from DEFAULT to ENABLED
03-02 10:56:13.276  1621  4289 D ShortcutService: Getting shortcuts for launcher= androiduser=0 pkg=com.whatsapp
03-02 10:56:13.284  1621  4289 D ShortcutService: rescanPackageIfNeeded 0@com.whatsapp, forceRescan=false , isNewApp=false
03-02 10:56:13.293  1621  1729 D ShortcutService: Getting shortcuts for launcher= androiduser=0 pkg=com.whatsapp
03-02 10:56:13.296  3453  7437 D androidtc: Initializing SystemTextClassifier, type = System
03-02 10:56:13.299 19783 19783 I AiAiTextClassifier: onCreateTextClassificationSession = TextClassificationSessionId {06d339e1-6705-4471-b48b-d65ad05a29b6}
03-02 10:56:13.312 19783 19783 I AiAiTextClassifier: AiaiTextClassifierService.onSuggestConversationActions
03-02 10:56:13.339  1621  1946 D ShortcutService: Saving package item com.whatsapp to /data/system_ce/0/shortcut_service/packages/com.whatsapp.xml
03-02 10:56:13.340  1621  1947 D ShortcutService: Getting shortcuts for launcher= com.android.systemuiuser=0 pkg=com.whatsapp
03-02 10:56:13.357  1621  1631 I system_server: Background young concurrent mark compact GC freed 30MB AllocSpace bytes, 88(1852KB) LOS objects, 17% free, 148MB/179MB, paused 8.031ms,22.003ms total 440.815ms
03-02 10:56:13.371 19783 19783 I AiAiTextClassifier: onDestroyTextClassificationSession = TextClassificationSessionId {06d339e1-6705-4471-b48b-d65ad05a29b6}
03-02 10:56:13.372  1621  1633 W System  : A resource failed to call HardwareBuffer.close. 
03-02 10:56:13.376  1621  1947 D ShortcutService: Getting shortcuts for launcher= com.miui.homeuser=0 pkg=com.whatsapp
03-02 10:56:13.378  1999  1999 D Launcher.Model: LauncherAppsCallback onShortcutsChanged|com.whatsapp|UserHandle{0}|false
03-02 10:56:13.429  1621  1729 W UriGrantsManagerService: No permission grants found for com.google.android.apps.photos
03-02 10:56:13.430  1621  1729 W UriGrantsManagerService: No permission grants found for com.google.android.apps.photos
03-02 10:56:13.434  2953  2953 D VRI[MainActivity]: Setup new sync=wmsSync-VRI[MainActivity]#4
03-02 10:56:13.451  9426  9488 D CompatChangeReporter: Compat change id reported: 279646685; UID 10302; state: ENABLED
03-02 10:56:13.488  1621  1621 W Bundle  : Key android.text expected String but value was a android.text.SpannableString.  The default value <null> was returned.
03-02 10:56:13.515  1621  1621 W Bundle  : Attempt to cast generated internal exception:
03-02 10:56:13.515  1621  1621 W Bundle  : java.lang.ClassCastException: android.text.SpannableString cannot be cast to java.lang.String
03-02 10:56:13.515  1621  1621 W Bundle  : 	at android.os.BaseBundle.getString(BaseBundle.java:1418)
03-02 10:56:13.515  1621  1621 W Bundle  : 	at com.android.server.notification.NotificationManagerServiceImpl.replaceNotification(NotificationManagerServiceImpl.java:1135)
03-02 10:56:13.515  1621  1621 W Bundle  : 	at com.android.server.notification.NotificationManagerService$NotificationListeners.prepareNotifyPostedLocked(NotificationManagerService.java:12211)
03-02 10:56:13.515  1621  1621 W Bundle  : 	at com.android.server.notification.NotificationManagerService.notifyListenersPostedAndLogLocked(NotificationManagerService.java:11664)
03-02 10:56:13.515  1621  1621 W Bundle  : 	at com.android.server.notification.NotificationManagerService.-$$Nest$mnotifyListenersPostedAndLogLocked(Unknown Source:0)
03-02 10:56:13.515  1621  1621 W Bundle  : 	at com.android.server.notification.NotificationManagerService$PostNotificationRunnable.postNotification(NotificationManagerService.java:9075)
03-02 10:56:13.515  1621  1621 W Bundle  : 	at com.android.server.notification.NotificationManagerService$PostNotificationRunnable.run(NotificationManagerService.java:8926)
03-02 10:56:13.515  1621  1621 W Bundle  : 	at android.os.Handler.handleCallback(Handler.java:959)
03-02 10:56:13.515  1621  1621 W Bundle  : 	at android.os.Handler.dispatchMessage(Handler.java:100)
03-02 10:56:13.515  1621  1621 W Bundle  : 	at android.os.Looper.loopOnce(Looper.java:249)
03-02 10:56:13.515  1621  1621 W Bundle  : 	at android.os.Looper.loop(Looper.java:337)
03-02 10:56:13.515  1621  1621 W Bundle  : 	at com.android.server.SystemServer.run(SystemServer.java:1088)
03-02 10:56:13.515  1621  1621 W Bundle  : 	at com.android.server.SystemServer.main(SystemServer.java:733)
03-02 10:56:13.515  1621  1621 W Bundle  : 	at java.lang.reflect.Method.invoke(Native Method)
03-02 10:56:13.515  1621  1621 W Bundle  : 	at com.android.internal.os.RuntimeInit$MethodAndArgsCaller.run(RuntimeInit.java:636)
03-02 10:56:13.515  1621  1621 W Bundle  : 	at com.android.internal.os.ZygoteInit.main(ZygoteInit.java:983)
03-02 10:56:13.541  9426  9426 D FirebaseSessions: Dependency to CRASHLYTICS added.
03-02 10:56:13.544  9426  9426 I FirebaseApp: Device unlocked: initializing all Firebase APIs for app [DEFAULT]
03-02 10:56:13.559  2363  2581 D PeopleSpaceWidgetMgr: No app widget ids returned
03-02 10:56:13.563  2363  2581 D PeopleSpaceWidgetMgr: No app widget ids returned
03-02 10:56:13.580  2953  9312 D HWUI    : makeCurrent grContext:0xb4000079f1a13790 reset mTextureAvailable
03-02 10:56:13.581  9426  9426 I FirebaseCrashlytics: Initializing Firebase Crashlytics 20.0.3 for com.twitter.android
03-02 10:56:13.601  2363  2363 D InsetsController: hide(ime(), fromIme=false)
03-02 10:56:13.603  2363  2363 I ImeTracker: com.android.systemui:deeeb757: onRequestHide at ORIGIN_CLIENT reason HIDE_SOFT_INPUT_BY_INSETS_API fromUser false
03-02 10:56:13.603  2363  2363 I ImeTracker: com.android.systemui:deeeb757: onCancelled at PHASE_CLIENT_APPLY_ANIMATION
03-02 10:56:13.606  2363  2363 D InsetsController: hide(ime(), fromIme=false)
03-02 10:56:13.609  2363  2363 I ImeTracker: com.android.systemui:b5332629: onRequestHide at ORIGIN_CLIENT reason HIDE_SOFT_INPUT_BY_INSETS_API fromUser false
03-02 10:56:13.610  2363  2363 I ImeTracker: com.android.systemui:b5332629: onCancelled at PHASE_CLIENT_APPLY_ANIMATION
03-02 10:56:13.617  9426  9492 D CompatChangeReporter: Compat change id reported: 312399441; UID 10302; state: ENABLED
03-02 10:56:13.623  2363  2363 D InsetsController: hide(ime(), fromIme=false)
03-02 10:56:13.624  2363  2363 I ImeTracker: com.android.systemui:99394bf2: onRequestHide at ORIGIN_CLIENT reason HIDE_SOFT_INPUT_BY_INSETS_API fromUser false
03-02 10:56:13.624  2363  2363 I ImeTracker: com.android.systemui:99394bf2: onCancelled at PHASE_CLIENT_APPLY_ANIMATION
03-02 10:56:13.625  9426  9426 D nativeloader: Load /data/app/~~oIjnrBTtgvZY39sVcpiyyA==/com.twitter.android-bVGUa6Y_AsmsaPK_zNNUfw==/split_config.arm64_v8a.apk!/lib/arm64-v8a/libcrashlytics.so using class loader ns clns-7 (caller=/data/app/~~oIjnrBTtgvZY39sVcpiyyA==/com.twitter.android-bVGUa6Y_AsmsaPK_zNNUfw==/base.apk!classes3.dex): ok
03-02 10:56:13.642  2363  2363 E StackScroller: updateSidePadding: viewWidth is zero
03-02 10:56:13.649  9426  9426 D FirebaseSessions: Subscriber CRASHLYTICS registered.
03-02 10:56:13.664  2953  9312 E softnation.Ojam: DynamicFPS DF open fail: No such file or directory
03-02 10:56:13.664  2953  9312 E softnation.Ojam: FrameInsert open fail: No such file or directory
03-02 10:56:13.665  1621  1730 I ClipboardServiceI: checkProviderWakePathForClipboard: primaryClip is null
03-02 10:56:13.666  2953  9312 D BLASTBufferQueue: [VRI[MainActivity]#0](f:0,a:1) acquireNextBufferLocked size=1080x2460 mFrameNumber=1 applyTransaction=true mTimestamp=610567213686853(auto) mPendingTransactions.size=0 graphicBufferId=12683038425093 transform=0
03-02 10:56:13.667   921  1472 D MI-SF   : isTpIdleScene mSetTpIdleFlag 0, mSetLtpoTpIdleFlag 0
03-02 10:56:13.667   921  1472 D DisplayModeController: setDesiredMode 4627039422300187648 {mode={fps=60.00 Hz, modePtr={id=0, vsyncRate=60.00 Hz, peakRefreshRate=60.00 Hz}}, emitEvent=true, force=false}
03-02 10:56:13.668   921  1472 D Scheduler: MtkOverrideDuration: update vsync 60
03-02 10:56:13.668   921  1472 E SurfaceFlinger: MtkDuration override mode is disabled
03-02 10:56:13.668   921  1472 D Scheduler: MtkOverrideDuration: reset override duration
03-02 10:56:13.668  2953  2953 D VRI[MainActivity]: vri.reportDrawFinished
03-02 10:56:13.669   921  1472 I PowerHalWrapper: updateFps(): 60
03-02 10:56:13.670  2953  2953 W Looper  : PerfMonitor doFrame : time=554ms vsyncFrame=19773178 latency=1ms procState=-1
03-02 10:56:13.670  1621  1729 D WindowManager: wms.finishDrawingLocked: mDrawState=COMMIT_DRAW_PENDING Window{cfb1e1d u0 com.softnation.Ojam/com.softnation.Ojam.MainActivity} in Surface(name=com.softnation.Ojam/com.softnation.Ojam.MainActivity#133599)/@0xa30e7ea
03-02 10:56:13.672  2363  2363 D NotificationHeaderExpandController: onExpansionChanged: progress =  0.0
03-02 10:56:13.672  1621  1651 D MiuiRefreshRatePolicy: reset
03-02 10:56:13.675  1621  1651 I WindowManager: onFirstWindowDrawn, try to remove startingWindow. this = ActivityRecord{d67cb94 u0 com.softnation.Ojam/.MainActivity t37030} associatedTask = null isMainWindow = true mStartingWindow = Window{d15aff5 u0 Splash Screen com.softnation.Ojam} mStartingData = SplashScreenStartingData{4bbb939 waitForSyncTransactionCommit=false removeAfterTransaction= 0}
03-02 10:56:13.683  1621  1651 I PowerManagerServiceImpl: Acquire wakelock: SCREEN_BRIGHT_WAKE_LOCK           'WindowManager/displayId:0' ON_AFTER_RELEASE (uid=1000 pid=1621 pkg=android ws=WorkSource{10337 com.softnation.Ojam})
03-02 10:56:13.684  1621  1729 D MediaSessionService: onSessionPlaybackStateChanged: record=com.softnation.Ojam/androidx.media3.session.id./82 (userId=0) playbackState=PlaybackState {state=NONE(0), position=0, buffered position=0, speed=0.0, updated=1028333102, actions=7339653, custom actions=[], active item id=0, error=null}
03-02 10:56:13.686  9426  9495 W twitter.android: ClassLoaderContext classpath size mismatch. expected=1, found=0 (DLC[];PCL[base.apk*1150104373]{PCL[/system/framework/org.apache.http.legacy.jar*4025584831]#PCL[/system/framework/com.android.location.provider.jar*3414091812]#PCL[/system/framework/com.android.media.remotedisplay.jar*2042759013]#PCL[/system_ext/framework/androidx.window.extensions.jar*3622430006]#PCL[/system_ext/framework/androidx.window.sidecar.jar*2958050178]} | DLC[];PCL[])
03-02 10:56:13.688  2363  3215 I ActiveSessionRecord_export-api: onPlaybackStateChanged: PlaybackState {state=NONE(0), position=0, buffered position=0, speed=0.0, updated=1028333102, actions=7339653, custom actions=[], active item id=0, error=null}
03-02 10:56:13.688  1621  1651 D MiuiRefreshRatePolicy: reset
03-02 10:56:13.689   921   921 I BufferQueueProducer: [StatusBar#109](this:0xb400007bcec4ab68,id:-1,api:0,p:-1,c:921) queueBuffer: fps=0.75 dur=2657.04 max=1660.80 min=996.24
03-02 10:56:13.690  1621  1666 I SmartPower: com.whatsapp/10300(31638): idle->background(2102ms) R(broadcast start Intent { act=android.intent.action.BATTERY_CHANGED flg=0x60000010 (has extras) }) adj=227.
03-02 10:56:13.690   849   868 I hwcomposer: [HWCDisplay] (0 setActiveConfigWithConstraints():4114), config:0  
03-02 10:56:13.690   849   868 I hwcomposer: [HWCDisplay] (0 setActiveConfigWithConstraints():4164), now 610567239909237, diff 644923, estimated_applied_time 27777778 queued_size:0  
03-02 10:56:13.693  2363 19600 I ActiveSessionRecord_export-api: onPlaybackStateChanged: PlaybackState {state=NONE(0), position=0, buffered position=0, speed=0.0, updated=1028333102, actions=7339653, custom actions=[], active item id=0, error=null}
03-02 10:56:13.695   921   921 I MI-SF   : surfaceflinger setAffinity mode=0
03-02 10:56:13.696   921   921 E MI-SF   : surfaceflinger setAffinity success
03-02 10:56:13.696  1621  1666 I SmartPower: com.android.chrome/10174(23296): idle->background(2108ms) R(broadcast start Intent { act=android.intent.action.BATTERY_CHANGED flg=0x60000010 (has extras) }) adj=915.
03-02 10:56:13.697  1621  1666 I SmartPower: com.instagram.android/10301(31107): idle->background(2108ms) R(broadcast start Intent { act=android.intent.action.BATTERY_CHANGED flg=0x60000010 (has extras) }) adj=915.
03-02 10:56:13.698  1621  1666 I SmartPower: com.facebook.stella/10126(31485): idle->background(2109ms) R(broadcast start Intent { act=android.intent.action.BATTERY_CHANGED flg=0x60000010 (has extras) }) adj=915.
03-02 10:56:13.699  1621  1638 I ActivityTaskManager: Displayed com.softnation.Ojam/.MainActivity for user 0: +16s774ms
03-02 10:56:13.699  1621  1651 I WindowManager: wms.showSurfaceRobustly mWin:Window{cfb1e1d u0 com.softnation.Ojam/com.softnation.Ojam.MainActivity}
03-02 10:56:13.699  1621  1651 I ActivityTaskManager: visible for Task{f8d9e32 #37030 type=standard A=10337:com.softnation.Ojam} visible = true isAnimating = false TRANSITION = false PARENTS = false CHILDREN = false
03-02 10:56:13.706  1621  1666 I SmartPower: com.facebook.katana/10287(31850): idle->background(2117ms) R(broadcast start Intent { act=android.intent.action.BATTERY_CHANGED flg=0x60000010 (has extras) }) adj=905.
03-02 10:56:13.709 18562 18562 D AudioMediaPlayerWrapper: onPlaybackStateChanged(): com.softnation.Ojam : PlaybackState {state=NONE(0), position=0, buffered position=0, speed=0.0, updated=1028333102, actions=7339653, custom actions=[], active item id=0, error=null}
03-02 10:56:13.710 18562 18562 W AudioMediaPlayerWrapper: onPlaybackStateChanged(): com.softnation.Ojam tried to update with no new data
03-02 10:56:13.714  1621  1730 D MediaSessionService: onSessionPlaybackStateChanged: record=com.softnation.Ojam/androidx.media3.session.id./82 (userId=0) playbackState=PlaybackState {state=NONE(0), position=0, buffered position=0, speed=0.0, updated=1028333130, actions=261765, custom actions=[Action:mName='Previous, mIcon=2131231060, mExtras=Bundle[EMPTY_PARCEL], Action:mName='Next, mIcon=2131231044, mExtras=Bundle[EMPTY_PARCEL]], active item id=0, error=null}
03-02 10:56:13.716   921  1500 I BufferQueueDebug: [Surface(name=d15aff5 Splash Screen com.softnation.Ojam#133591)/@0xa4a3fb - animation-leash of starting_reveal#133604](this:0xb400007bceca8af8,id:-1,api:0,p:-1,c:-1) BufferQueue core=(921:/system/bin/surfaceflinger)
03-02 10:56:13.716   849  1481 I hwcomposer: [HWCDisplay] (0 updateAppliedConfigState():4360), applied config complete[idx:610567267687015, config:0]  
03-02 10:56:13.722   921   921 I PowerHalWrapper: updateFps(): 60
03-02 10:56:13.722  9426  9495 I DynamiteModule: Considering local module com.google.android.gms.measurement.dynamite:155 and remote module com.google.android.gms.measurement.dynamite:179
03-02 10:56:13.723  9426  9495 I DynamiteModule: Selected remote version of com.google.android.gms.measurement.dynamite, version >= 179
03-02 10:56:13.723  9426  9495 V DynamiteModule: Dynamite loader version >= 2, using loadModule2NoCrashUtils
03-02 10:56:13.726   921   921 I PowerHalWrapper: updateFps(): 60
03-02 10:56:13.726  2363  3215 I ActiveSessionRecord_export-api: onPlaybackStateChanged: PlaybackState {state=NONE(0), position=0, buffered position=0, speed=0.0, updated=1028333130, actions=261765, custom actions=[Action:mName='Previous, mIcon=2131231060, mExtras=Bundle[EMPTY_PARCEL], Action:mName='Next, mIcon=2131231044, mExtras=Bundle[EMPTY_PARCEL]], active item id=0, error=null}
03-02 10:56:13.729  2363 19600 I ActiveSessionRecord_export-api: onPlaybackStateChanged: PlaybackState {state=NONE(0), position=0, buffered position=0, speed=0.0, updated=1028333130, actions=261765, custom actions=[Action:mName='Previous, mIcon=2131231060, mExtras=Bundle[EMPTY_PARCEL], Action:mName='Next, mIcon=2131231044, mExtras=Bundle[EMPTY_PARCEL]], active item id=0, error=null}
03-02 10:56:13.732   849  1423 W hwcomposer: [DRMDEV] paramIsSame(), id 34754, w 1080/1080, h 2460/2460, pitch 1088/1088, format 0x2/0x1, secure 0/0  
03-02 10:56:13.739 18562 18562 D AudioMediaPlayerWrapper: onPlaybackStateChanged(): com.softnation.Ojam : PlaybackState {state=NONE(0), position=0, buffered position=0, speed=0.0, updated=1028333130, actions=261765, custom actions=[Action:mName='Previous, mIcon=2131231060, mExtras=Bundle[EMPTY_PARCEL], Action:mName='Next, mIcon=2131231044, mExtras=Bundle[EMPTY_PARCEL]], active item id=0, error=null}
03-02 10:56:13.740  9426  9498 E FirebaseCrashlytics: Settings request failed.
03-02 10:56:13.742 18562 18562 W AudioMediaPlayerWrapper: onPlaybackStateChanged(): com.softnation.Ojam tried to update with no new data
03-02 10:56:13.748  1621  1730 D FileUtils: Rounded bytes from 8055762944 to 16000000000
03-02 10:56:13.752  9426  9495 W System  : ClassLoader referenced unknown path: 
03-02 10:56:13.752  9426  9495 D nativeloader: Configuring clns-8 for other apk . target_sdk_version=36, uses_libraries=, library_path=/data/app/~~PNgoFDHBmGdMmQt2moPCLQ==/com.google.android.gms-wSL8VlioUsna9-KnDrZN3A==/lib/arm64:/data/app/~~PNgoFDHBmGdMmQt2moPCLQ==/com.google.android.gms-wSL8VlioUsna9-KnDrZN3A==/base.apk!/lib/arm64-v8a, permitted_path=/data:/mnt/expand:/data/user/0/com.google.android.gms
03-02 10:56:13.753  9426  9491 D libcrashlytics: Initializing libcrashlytics version 3.2.0
03-02 10:56:13.763  2363  2363 D MiuiBubbleManager: onEntryUpdated: com.android.systemui.statusbar.notification.collection.NotificationEntry@143341 true
03-02 10:56:13.764  2363  2363 D MiuiBarrageController: IsGameMode:false BarrageSwitch:false BarragePermissionEnabled true
03-02 10:56:13.765  2363  2363 I MiuiBubbleSettings: com.whatsapp 0isAppEnableBubbleNotification: false
03-02 10:56:13.766  2363  2363 D MiuiBubbleManager: onEntryUpdated: com.android.systemui.statusbar.notification.collection.NotificationEntry@41c3627 true
03-02 10:56:13.768   921  1467 W EventThreadInspector: slow VSync-app on display(4627039422300187648) count=1, avg=30 ms, max=30 ms.
03-02 10:56:13.770  9426  9426 D nativeloader: Load /data/app/~~oIjnrBTtgvZY39sVcpiyyA==/com.twitter.android-bVGUa6Y_AsmsaPK_zNNUfw==/split_config.arm64_v8a.apk!/lib/arm64-v8a/libdatastore_shared_counter.so using class loader ns clns-7 (caller=/data/app/~~oIjnrBTtgvZY39sVcpiyyA==/com.twitter.android-bVGUa6Y_AsmsaPK_zNNUfw==/base.apk!classes3.dex): ok
03-02 10:56:13.771  1621  1730 W ActivityManagerServiceImpl: Sending non-protected broadcast android.intent.action.APPLICATION_MESSAGE_UPDATE from system 2363:com.android.systemui/1000 pkg com.android.systemui. Callers=
03-02 10:56:13.773  9426  9426 D FirebaseSessions: Initializing Firebase Sessions 3.0.3.
03-02 10:56:13.773  9426  9426 I FirebaseInitProvider: FirebaseApp initialization successful
03-02 10:56:13.773  9426  9426 I ContentProvider: com.twitter.android.firebaseinitprovider onCreate use 316 ms!
03-02 10:56:13.780  1621  2834 W ActivityManagerServiceImpl: Sending non-protected broadcast android.intent.action.APPLICATION_MESSAGE_UPDATE from system 2363:com.android.systemui/1000 pkg com.android.systemui. Callers=
03-02 10:56:13.799  9426  9514 D ApplicationLoaders: Returning zygote-cached class loader: /system/framework/org.apache.http.legacy.jar
03-02 10:56:13.802  9426  9495 W twitter.android: ClassLoaderContext classpath element checksum mismatch. expected=1150104373, found=1600056295 (DLC[];PCL[base.apk*1150104373]{PCL[/system/framework/org.apache.http.legacy.jar*4025584831]#PCL[/system/framework/com.android.location.provider.jar*3414091812]#PCL[/system/framework/com.android.media.remotedisplay.jar*2042759013]#PCL[/system_ext/framework/androidx.window.extensions.jar*3622430006]#PCL[/system_ext/framework/androidx.window.sidecar.jar*2958050178]} | DLC[];PCL[/data/app/~~oIjnrBTtgvZY39sVcpiyyA==/com.twitter.android-bVGUa6Y_AsmsaPK_zNNUfw==/base.apk*1600056295]{PCL[/system/framework/org.apache.http.legacy.jar*4025584831]#PCL[/system_ext/framework/androidx.window.extensions.jar*3622430006]#PCL[/system_ext/framework/androidx.window.sidecar.jar*2958050178]})
03-02 10:56:13.803  9426  9491 D libcrashlytics: Initializing native crash handling successful.
03-02 10:56:13.804  2953  2953 I HandWritingStubImpl: refreshLastKeyboardType: 1
03-02 10:56:13.805  2953  2953 I HandWritingStubImpl: getCurrentKeyboardType: 1
03-02 10:56:13.818  1621  2834 D FileUtils: Rounded bytes from 8055762944 to 16000000000
03-02 10:56:13.820  1621  1806 I ImeTracker: com.softnation.Ojam:7ed5d248: onRequestHide at ORIGIN_SERVER reason HIDE_UNSPECIFIED_WINDOW fromUser false
03-02 10:56:13.823  6515  8973 D MirrorManager:  sendAcceptInput 0 0
03-02 10:56:13.827  1621  4754 D PreStartingManager: Not init when use PreStartingManager!
03-02 10:56:13.827  2363  2363 D InsetsController: hide(ime(), fromIme=false)
03-02 10:56:13.829  1621  1806 I ImeTracker: com.softnation.Ojam:7ed5d248: onCancelled at PHASE_SERVER_SHOULD_HIDE
03-02 10:56:13.833  2363  2363 I ImeTracker: com.android.systemui:b7d01b38: onRequestHide at ORIGIN_CLIENT reason HIDE_SOFT_INPUT_BY_INSETS_API fromUser false
03-02 10:56:13.834  2363  2363 I ImeTracker: com.android.systemui:b7d01b38: onCancelled at PHASE_CLIENT_APPLY_ANIMATION
03-02 10:56:13.834  2350  2350 W Settings: Setting airplane_mode_on has moved from android.provider.Settings.System to android.provider.Settings.Global, returning read-only value.
03-02 10:56:13.838  2363  2577 D View    : [Warning] assignParent to null: this = android.widget.FrameLayout{f3841 G.E...... ......ID 0,0-1080,2460}
03-02 10:56:13.840  1621  1651 D MiuiRefreshRatePolicy: reset
03-02 10:56:13.840  2350  2350 W Settings: Setting airplane_mode_on has moved from android.provider.Settings.System to android.provider.Settings.Global, returning read-only value.
03-02 10:56:13.842  2363  2363 D InsetsController: hide(ime(), fromIme=false)
03-02 10:56:13.842  1621  1651 I ActivityTaskManager: visible for Task{f8d9e32 #37030 type=standard A=10337:com.softnation.Ojam} visible = true isAnimating = false TRANSITION = false PARENTS = false CHILDREN = false
03-02 10:56:13.844  2363  2363 I ImeTracker: com.android.systemui:6d094478: onRequestHide at ORIGIN_CLIENT reason HIDE_SOFT_INPUT_BY_INSETS_API fromUser false
03-02 10:56:13.844  2363  2363 I ImeTracker: com.android.systemui:6d094478: onCancelled at PHASE_CLIENT_APPLY_ANIMATION
03-02 10:56:13.845  2526  2526 D InputEventReceiver: Input log is disabled in InputEventReceiver.
03-02 10:56:13.848  2363  2363 D InsetsController: hide(ime(), fromIme=false)
03-02 10:56:13.849  2363  2363 I ImeTracker: com.android.systemui:1aa43acf: onRequestHide at ORIGIN_CLIENT reason HIDE_SOFT_INPUT_BY_INSETS_API fromUser false
03-02 10:56:13.849  2363  2363 I ImeTracker: com.android.systemui:1aa43acf: onCancelled at PHASE_CLIENT_APPLY_ANIMATION
03-02 10:56:13.852  1621  4754 D MiuiRefreshRatePolicy: reset
03-02 10:56:13.852  2363  2363 D InsetsController: hide(ime(), fromIme=false)
03-02 10:56:13.853  2363  2363 I ImeTracker: com.android.systemui:ae3f63f4: onRequestHide at ORIGIN_CLIENT reason HIDE_SOFT_INPUT_BY_INSETS_API fromUser false
03-02 10:56:13.853  2363  2363 I ImeTracker: com.android.systemui:ae3f63f4: onCancelled at PHASE_CLIENT_APPLY_ANIMATION
03-02 10:56:13.857  2363  2577 D BLASTBufferQueue: [VRI[Ojam]#5826](f:0,a:1) destructor()
03-02 10:56:13.858   921  1587 I BpBinder: onLastStrongRef automatically unlinking death recipients: 
03-02 10:56:13.859  2363  2577 D BufferQueueConsumer: [VRI[Ojam]#5826(BLAST Consumer)5826](id:93b00001ad7,api:0,p:-1,c:2363) disconnect
03-02 10:56:13.859  1621  1651 I ActivityTaskManager: visible for Task{f8d9e32 #37030 type=standard A=10337:com.softnation.Ojam} visible = true isAnimating = false TRANSITION = false PARENTS = false CHILDREN = false
03-02 10:56:13.860  2363  2577 W WindowOnBackDispatcher: sendCancelIfRunning: isInProgress=false callback=android.view.ViewRootImpl$$ExternalSyntheticLambda12@6d3a9d4
03-02 10:56:13.866  2363  2363 E StackScroller: updateSidePadding: viewWidth is zero
03-02 10:56:13.867  1621  1666 I SmartPower: com.miui.home/10166(1999): idle->background(13008ms) R(broadcast start Intent { act=android.intent.action.APPLICATION_MESSAGE_UPDATE flg=0x10 (has extras) }) adj=100.
03-02 10:56:13.873  1999 17839 I Launcher.ApplicationsMessage: onReceive true
03-02 10:56:13.874  1999 17839 I Launcher.ApplicationsMessage: return:com.whatsapp|false
03-02 10:56:13.875  1999 17839 I Launcher.ApplicationsMessage: onReceive true
03-02 10:56:13.875  1999 17839 I Launcher.ApplicationsMessage: update com.whatsapp/ to 123
03-02 10:56:13.876  1999  1999 D ShortcutIcon: setMessage text123
03-02 10:56:13.878  1999 17839 I Launcher.ApplicationsMessage: onReceive true
03-02 10:56:13.878  1999 17839 I Launcher.ApplicationsMessage: update com.whatsapp/ to 123
03-02 10:56:13.879  1999  1999 D ShortcutIcon: setMessage text123
03-02 10:56:13.880  1621  1729 D CoreBackPreview: Window{d15aff5 u0 Splash Screen com.softnation.Ojam}: Setting back callback null
03-02 10:56:13.881  1621  4289 D WindowManager: Starting window removed Window{d15aff5 u0 Splash Screen com.softnation.Ojam}
03-02 10:56:13.881  1621  4289 W InputManager-JNI: Input channel object 'd15aff5 Splash Screen com.softnation.Ojam (client)' was disposed without first being removed with the input manager!
03-02 10:56:13.882  1621  4289 D WindowManager: setParent old=ActivityRecord{d67cb94 u0 com.softnation.Ojam/.MainActivity t37030},new=null,this window=Window{d15aff5 u0 Splash Screen com.softnation.Ojam},callers=com.android.server.wm.WindowContainer.removeChild:897 com.android.server.wm.ActivityRecord.removeChild:5518 com.android.server.wm.ActivityRecord.removeChild:505 com.android.server.wm.WindowContainer.removeImmediately:967 com.android.server.wm.WindowState.removeImmediately:2526 com.android.server.wm.WindowState.removeIfPossible:2714 
03-02 10:56:13.882   921  1468 W EventThreadInspector: slow VSync-appSf on display(4627039422300187648) count=1, avg=35 ms, max=35 ms.
03-02 10:56:13.883  2350 29580 D NetworkSpeedTracker: updateSignalInfo lteRsrp=-75lteSnr=19,phoneId=1
03-02 10:56:13.883  1621  4289 D WindowManager: postWindowRemoveCleanupLocked: Removing startingWindow Window{d15aff5 u0 Splash Screen com.softnation.Ojam} from ActivityRecord{d67cb94 u0 com.softnation.Ojam/.MainActivity t37030} activity = ActivityRecord{d67cb94 u0 com.softnation.Ojam/.MainActivity t37030}
03-02 10:56:13.884  2953  9312 W libc    : Access denied finding property "ro.vendor.display.iris_x7.support"
03-02 10:56:13.887  1621  4289 D MiuiRefreshRatePolicy: reset
03-02 10:56:13.895  2350 29580 D NetworkSpeedTracker: updateSignalInfo lteRsrp=-75lteSnr=19,phoneId=1
03-02 10:56:13.897  9426  9514 W twitter.android: Suspending all threads took: 5.400ms
03-02 10:56:13.901  9426  9514 D nativeloader: Configuring clns-9 for other apk /system/framework/com.android.location.provider.jar. target_sdk_version=36, uses_libraries=ALL, library_path=/data/app/~~PNgoFDHBmGdMmQt2moPCLQ==/com.google.android.gms-wSL8VlioUsna9-KnDrZN3A==/lib/arm64:/data/app/~~PNgoFDHBmGdMmQt2moPCLQ==/com.google.android.gms-wSL8VlioUsna9-KnDrZN3A==/base.apk!/lib/arm64-v8a, permitted_path=/data:/mnt/expand:/data/user/0/com.google.android.gms
03-02 10:56:13.901  9426  9514 D nativeloader: Extending system_exposed_libraries: libapuwareapusys.mtk.so:libapuwareapusys_v2.mtk.so:libapuwarexrp.mtk.so:libapuwarexrp_v2.mtk.so:libapuwareutils.mtk.so:libapuwareutils_v2.mtk.so:libapuwarehmp.mtk.so:libneuron_graph_delegate.mtk.so:libneuronusdk_adapter.mtk.so:libtflite_mtk.mtk.so:libarmnn_ndk.mtk.so:libcmdl_ndk.mtk.so:libnir_neon_driver_ndk.mtk.so:libmvpu_runtime.mtk.so:libmvpu_runtime_pub.mtk.so:libmvpu_engine_pub.mtk.so:libmvpu_pattern_pub.mtk.so:libmvpuop_mtk_cv.mtk.so:libmvpuop_mtk_nn.mtk.so:libmvpu_runtime_25.mtk.so:libmvpu_runtime_25_pub.mtk.so:libmvpu_engine_25_pub.mtk.so:libmvpu_pattern_25_pub.mtk.so:libmvpuop25_mtk_cv.mtk.so:libmvpuop25_mtk_nn.mtk.so:libmvpu_config.mtk.so:libteeservice_client.trustonic.so:libmisys_jni.xiaomi.so:libpag.hyperos.so:libffavc.hyperos.so
03-02 10:56:13.901  1621  1651 I ActivityTaskManager: visible for Task{f8d9e32 #37030 type=standard A=10337:com.softnation.Ojam} visible = true isAnimating = false TRANSITION = false PARENTS = false CHILDREN = false
03-02 10:56:13.913  2526  2526 I GoogleInputMethodService: GoogleInputMethodService.onFinishInput():2113 
03-02 10:56:13.915  2526  2526 I Module  : DeviceLockedStatusModuleProvider$Module.updateDeviceLockedStatus():103 repeatCheckTimes = 0, locked = false
03-02 10:56:13.916  2526  2526 I GoogleInputMethodService: GoogleInputMethodService.onStartInput():1384 onStartInput(EditorInfo{EditorInfo{packageName=com.softnation.Ojam, inputType=0, inputTypeString=NULL, enableLearning=false, autoCorrection=false, autoComplete=false, imeOptions=0, privateImeOptions=null, actionName=UNSPECIFIED, actionLabel=null, initialSelStart=-1, initialSelEnd=-1, initialCapsMode=0, label=null, fieldId=0, fieldName=null, extras=Bundle[mParcelledData.dataSize=72], hintText=null, hintLocales=[]}}, false)
03-02 10:56:13.916   921  1170 I BufferQueueDebug: [Surface(name=751ea6d InputMethod#71915)/@0xaafc069 - animation-leash of insets_animation#133605](this:0xb400007bcecc8028,id:-1,api:0,p:-1,c:-1) BufferQueue core=(921:/system/bin/surfaceflinger)
03-02 10:56:13.916  2953  9377 W unknown:ReactNative: StatusBarModule: Ignored status bar change, current activity is edge-to-edge.
03-02 10:56:13.917  2953  9377 W unknown:ReactNative: StatusBarModule: Ignored status bar change, current activity is edge-to-edge.
03-02 10:56:13.919   921   921 I SurfaceFlinger: onHandleDestroyed: name=d15aff5 Splash Screen com.softnation.Ojam#133591, layerId=133591, parentId=0
03-02 10:56:13.919   921   921 I SurfaceFlinger: onHandleDestroyed: name=Splash Screen com.softnation.Ojam#133592, layerId=133592, parentId=0
03-02 10:56:13.923  1621  1651 D MiuiRefreshRatePolicy: reset
03-02 10:56:13.925  2363  2363 D NotificationHeaderExpandController: onExpansionChanged: progress =  0.0
03-02 10:56:13.925  1621  1651 I ActivityTaskManager: visible for Task{f8d9e32 #37030 type=standard A=10337:com.softnation.Ojam} visible = true isAnimating = false TRANSITION = false PARENTS = false CHILDREN = false
03-02 10:56:13.928  2526  2526 I Module  : DeviceLockedStatusModuleProvider$Module.updateDeviceLockedStatus():103 repeatCheckTimes = 1, locked = false
03-02 10:56:13.935   921   921 I BufferQueueDebug: [Splash Screen com.softnation.Ojam#133592](this:0xb400007bcec5ea58,id:-1,api:0,p:-1,c:921) onDestructor()
03-02 10:56:13.935   921   921 I BufferQueueDebug: [d15aff5 Splash Screen com.softnation.Ojam#133591](this:0xb400007bcecb13a8,id:-1,api:0,p:-1,c:921) onDestructor()
03-02 10:56:13.936  2953  2953 I HandWritingStubImpl: getCurrentKeyboardType: 1
03-02 10:56:13.939  1621  1651 I ActivityTaskManager: visible for Task{f8d9e32 #37030 type=standard A=10337:com.softnation.Ojam} visible = true isAnimating = false TRANSITION = false PARENTS = false CHILDREN = false
03-02 10:56:13.946   921  1500 I SurfaceFlinger: onHandleDestroyed: name=Surface(name=751ea6d InputMethod#71915)/@0xaafc069 - animation-leash of insets_animation#133588, layerId=133588, parentId=0
03-02 10:56:13.946  1621  4289 W PackageConfigPersister: App-specific configuration not found for packageName: com.softnation.Ojam and userId: 0
03-02 10:56:13.950   921   921 I BufferQueueDebug: [Surface(name=751ea6d InputMethod#71915)/@0xaafc069 - animation-leash of insets_animation#133588](this:0xb400007bcecc2508,id:-1,api:0,p:-1,c:921) onDestructor()
03-02 10:56:13.953  9426  9514 D nativeloader: Configuring clns-10 for other apk /system/framework/com.android.media.remotedisplay.jar. target_sdk_version=36, uses_libraries=ALL, library_path=/data/app/~~PNgoFDHBmGdMmQt2moPCLQ==/com.google.android.gms-wSL8VlioUsna9-KnDrZN3A==/lib/arm64:/data/app/~~PNgoFDHBmGdMmQt2moPCLQ==/com.google.android.gms-wSL8VlioUsna9-KnDrZN3A==/base.apk!/lib/arm64-v8a, permitted_path=/data:/mnt/expand:/data/user/0/com.google.android.gms
03-02 10:56:13.953  9426  9514 D nativeloader: Extending system_exposed_libraries: libapuwareapusys.mtk.so:libapuwareapusys_v2.mtk.so:libapuwarexrp.mtk.so:libapuwarexrp_v2.mtk.so:libapuwareutils.mtk.so:libapuwareutils_v2.mtk.so:libapuwarehmp.mtk.so:libneuron_graph_delegate.mtk.so:libneuronusdk_adapter.mtk.so:libtflite_mtk.mtk.so:libarmnn_ndk.mtk.so:libcmdl_ndk.mtk.so:libnir_neon_driver_ndk.mtk.so:libmvpu_runtime.mtk.so:libmvpu_runtime_pub.mtk.so:libmvpu_engine_pub.mtk.so:libmvpu_pattern_pub.mtk.so:libmvpuop_mtk_cv.mtk.so:libmvpuop_mtk_nn.mtk.so:libmvpu_runtime_25.mtk.so:libmvpu_runtime_25_pub.mtk.so:libmvpu_engine_25_pub.mtk.so:libmvpu_pattern_25_pub.mtk.so:libmvpuop25_mtk_cv.mtk.so:libmvpuop25_mtk_nn.mtk.so:libmvpu_config.mtk.so:libteeservice_client.trustonic.so:libmisys_jni.xiaomi.so:libpag.hyperos.so:libffavc.hyperos.so
03-02 10:56:13.961  9426  9491 I FirebaseCrashlytics: Saved version control info
03-02 10:56:13.973  9426  9497 D FirebaseSessions: Notified CRASHLYTICS of new session ba10ebbee45948cbb224c0624a33b646
03-02 10:56:13.973  9426  9514 D ApplicationLoaders: Returning zygote-cached class loader: /system_ext/framework/androidx.window.extensions.jar
03-02 10:56:13.974  9426  9514 D ApplicationLoaders: Returning zygote-cached class loader: /system_ext/framework/androidx.window.sidecar.jar
03-02 10:56:13.990  2363  2363 D Utilities:  oldHints : 0 backDisposition : 0 imeShown : false hints 0
03-02 10:56:14.017 27809 30974 I PhenotypeResourceReader: unable to find any Phenotype resource metadata for com.twitter.android
03-02 10:56:14.027  1621  4754 I PowerHalWrapper: amsBoostStop AMS_BOOST_PACK_SWITCH:false, AMS_BOOST_ACT_SWITCH:false, AMS_BOOST_PROCESS_CREATE:true, AMS_BOOST_PROCESS_CREATE_FOR_GAME:false, AMS_BOOST_HOT_LAUNCH:false 
03-02 10:56:14.030   863   958 I libPowerHal: [perfLockRel] hdl:364899, idx:-1
03-02 10:56:14.050  2363  2363 E StackScroller: updateSidePadding: viewWidth is zero
03-02 10:56:14.088  2953  9376 I ReactNativeJS: [DownloadsContext] Loaded downloads and reconciled local files
03-02 10:56:14.092  1055  1186 D connsyslogger: SD_LOG_ROOT is /data/debuglogger/connsyslog/fw.
03-02 10:56:14.092   861   947 I libPerfCtl: xgfGetFPS pid:921 fps:-1
03-02 10:56:14.092  1055  1186 D connsyslogger: systemReady:1
03-02 10:56:14.092   861   947 I libPerfCtl: xgfGetFPS pid:2363 fps:-1
03-02 10:56:14.092   861   947 I libPerfCtl: xgfGetFPS pid:2953 fps:-1
03-02 10:56:14.100  2363  2363 E StackScroller: updateSidePadding: viewWidth is zero
03-02 10:56:14.103   849   868 I hwcomposer: [HWCDisplay] (0 updateFps():3667), (type:1, mode:2) fps:21.700565,dur:1013.80,max:604.67,min:9.93  
03-02 10:56:14.116  1621  1699 I AppsFilter: interaction: PackageSetting{131896e com.android.microdroid.empty_payload/10255} -> PackageSetting{a71beda com.twitter.android/10302} BLOCKED
03-02 10:56:14.124  9426  9521 E twitter.android: No package ID 6b found for resource ID 0x6b0b0013.
03-02 10:56:14.126  9426  9521 I FA      : App measurement initialized, version: 155007
03-02 10:56:14.126  9426  9521 I FA      : To enable debug logging run: adb shell setprop log.tag.FA VERBOSE
03-02 10:56:14.127  9426  9521 I FA      : To enable faster debug mode event logging run:
03-02 10:56:14.127  9426  9521 I FA      :   adb shell setprop debug.firebase.analytics.app com.twitter.android
03-02 10:56:14.130  2363  2363 E StackScroller: updateSidePadding: viewWidth is zero
03-02 10:56:14.188  1999  1999 D Launcher.Model: LauncherAppsCallback onPackageChanged|com.twitter.android|UserHandle{0}|false
03-02 10:56:14.193 18562 18562 V MediaPlayerList: mPackageChangedBroadcastReceiver: action: android.intent.action.PACKAGE_CHANGED
03-02 10:56:14.193 18562 18562 D MediaPlayerList: Name of package changed: com.twitter.android
03-02 10:56:14.205  2350  2350 D CarrierSvcBindHelper: onPackageModified: com.twitter.android
03-02 10:56:14.207  1621  1946 D ShortcutService: received package broadcast intent: Intent { act=android.intent.action.PACKAGE_CHANGED dat=package: flg=0x45000010 (has extras) }
03-02 10:56:14.207  1621  1946 D ShortcutService: changing package: com.twitter.android userId0
03-02 10:56:14.208  1621  1946 D ShortcutService: handlePackageChanged: com.twitter.android user=0
03-02 10:56:14.211  1177  1177 I thermal_src: recvmsg_expect 5, but get 2 
03-02 10:56:14.211  1177  1177 V thermal_src: TA_DAEMON_CMD_GET_TPCB:ERROR ret=-1
03-02 10:56:14.211  1177  1177 E thermal_src: get_tpcb_from_kernel:error -1. retry...
03-02 10:56:14.211  1177  1177 I thermal_src: recvmsg_expect 5, but get 2 
03-02 10:56:14.211  1177  1177 V thermal_src: TA_DAEMON_CMD_GET_TPCB:ERROR ret=-1
03-02 10:56:14.211  1177  1177 E thermal_src: get_tpcb_from_kernel:error -1. retry...
03-02 10:56:14.211  1177  1177 I thermal_src: recvmsg_expect 5, but get 2 
03-02 10:56:14.211  1177  1177 V thermal_src: TA_DAEMON_CMD_GET_TPCB:ERROR ret=-1
03-02 10:56:14.211  1177  1177 E thermal_src: get_tpcb_from_kernel:error -1. retry...
03-02 10:56:14.211  1177  1177 I thermal_src: recvmsg_expect 4, but get 5 
03-02 10:56:14.211  1177  1177 V thermal_src: TA_DAEMON_CMD_SET_TTJ:ERROR ret=-1
03-02 10:56:14.211  1177  1177 E thermal_src: set_ttj_to_kernel 1:error -1
03-02 10:56:14.211  1177  1177 I thermal_src: recvmsg_expect 2, but get 5 
03-02 10:56:14.211  1177  1177 V thermal_src: waiting NOTIFY from kernel miss, -1
03-02 10:56:14.211  1177  1177 I thermal_src: recvmsg_expect 2, but get 5 
03-02 10:56:14.211  1177  1177 V thermal_src: waiting NOTIFY from kernel miss, -1
03-02 10:56:14.211  1177  1177 I thermal_src: recvmsg_expect 2, but get 4 
03-02 10:56:14.211  2350  2350 D CarrierSvcBindHelper: No carrier app for: 0
03-02 10:56:14.211  1177  1177 V thermal_src: waiting NOTIFY from kernel miss, -1
03-02 10:56:14.212  2350  2350 D CarrierSvcBindHelper: No carrier app for: 1
03-02 10:56:14.213  1621  1946 D ShortcutService: rescanPackageIfNeeded 0@com.twitter.android, forceRescan=true , isNewApp=false
03-02 10:56:14.222  1999  2524 D Launcher.Model: Got broadcast:Intent { act=android.intent.action.PACKAGE_CHANGED dat=package: (has extras) }
03-02 10:56:14.223  9426  9514 D nativeloader: Configuring clns-11 for other apk /data/app/~~PNgoFDHBmGdMmQt2moPCLQ==/com.google.android.gms-wSL8VlioUsna9-KnDrZN3A==/base.apk. target_sdk_version=36, uses_libraries=, library_path=/data/app/~~PNgoFDHBmGdMmQt2moPCLQ==/com.google.android.gms-wSL8VlioUsna9-KnDrZN3A==/lib/arm64:/data/app/~~PNgoFDHBmGdMmQt2moPCLQ==/com.google.android.gms-wSL8VlioUsna9-KnDrZN3A==/base.apk!/lib/arm64-v8a, permitted_path=/data:/mnt/expand:/data/user/0/com.google.android.gms
03-02 10:56:14.224  1999  1999 D Launcher.Model: onPackageChanged: packageName = com.twitter.android
03-02 10:56:14.224  1999  1999 D Launcher.Model: checkAssistantBlurSupport: 
03-02 10:56:14.228  2363  2363 E backgroundBlur: setMiViewBlurMode disable com.android.systemui.statusbar.notification.row.NotificationBackgroundView
03-02 10:56:14.242  2350  2845 D ImsResolver: maybeAddedImsService, packageName: com.twitter.android
03-02 10:56:14.246  2363  2363 D AppMiniWindowManager: false
03-02 10:56:14.246  2363  2363 D MiuiExpandableNotificationRow: updateMiniWindowBar: isPinned: true, mIsInModal: false, isHeadsUpAnimatingAway: false, currentStatus: 0
03-02 10:56:14.248  2363  2363 W TouchableRegionManager: onHeadsUpPinnedModeChanged
03-02 10:56:14.252  2363  2363 D NotificationPanelView: vis=true shouleBe=true BarState=0
03-02 10:56:14.253  1621  4754 D AS.BtHelper: isBluetoothScoOn() mBluetoothHeadset is null: falsemBluetoothHeadsetDevice is null: true
03-02 10:56:14.254  1621  4754 V AS.AudioDeviceBroker: requestedCommunicationDevice: null mAudioModeOwner: AudioModeInfo: mMode=MODE_NORMAL, mPid=0, mUid=0
03-02 10:56:14.254  1621  1730 D AS.BtHelper: isBluetoothScoOn() mBluetoothHeadset is null: falsemBluetoothHeadsetDevice is null: true
03-02 10:56:14.254  1621  1730 V AS.AudioDeviceBroker: requestedCommunicationDevice: null mAudioModeOwner: AudioModeInfo: mMode=MODE_NORMAL, mPid=0, mUid=0
03-02 10:56:14.254  1621  1772 I RoleService: Granting default roles...
03-02 10:56:14.261  1621  1894 D isUidValid: uid = 10259
03-02 10:56:14.262  1621  1842 I MiuiNetworkPolicy: updateUidState uid = 10259, uidState = 6
03-02 10:56:14.270  2363  2363 D ControlCenterControllerImpl: disable1: 0 -> 0 (diff1: 0)
03-02 10:56:14.270  2363  2363 D ControlCenterControllerImpl: disable2: 0 -> 0 (diff1: 0)
03-02 10:56:14.271  2363  2363 D ControlCenterControllerImpl: panelEnabled changed from true to true
03-02 10:56:14.271  2363  2363 D CollapsedStatusBarFragment: adjustDisableFlags: ShadeExpansionState = 1 mHideIconsForBouncer = false mWereIconsJustHidden = false, mWakeUpCoordinator.getNotificationsFullyHidden = false, mIsExpanded = false, mBypassController.getBypassEnabled = false, mStatusBarStateController.getState() = 0, mKeyguardStateController.isKeyguardGoingAway() = false, mHeadsUpManager.hasPinnedHeadsUp = true, mControlPanelExpand = false
03-02 10:56:14.271  1621  4754 D CoreBackPreview: Window{f0a2d0 u0 NotificationShade}: Setting back callback OnBackInvokedCallbackInfo{mCallback=android.window.IOnBackInvokedCallback$Stub$Proxy@8ce1f78, mPriority=0, mIsAnimationCallback=false}
03-02 10:56:14.280  1621  1990 I SmartPower: com.google.android.permissioncontroller/10259(2969): idle->background(14469ms) R(service create com.google.android.permissioncontroller/com.android.permissioncontroller.permission.service.PermissionControllerServiceImpl) adj=0.
03-02 10:56:14.282  1999  2524 D Launcher.AllAppsList: updatePackage, packageName=com.twitter.android, loadMissing=false, user=UserHandle{0}, matchedSize=1
03-02 10:56:14.283  1999  2524 D Launcher.AllAppsList: updatePackage, find appInfo=AppInfo, id=-1, itemType=0, user=UserHandle{0}, mIconType=0, pkgName=com.twitter.android, className=com.twitter.android.StartActivity, screenId=-1, container=-1, cellX=-1, cellY=-1, spanX=1, spanY=1 from ComponentInfo{com.twitter.android/com.twitter.android.StartActivity}
03-02 10:56:14.285  1999  2673 W PreviewDisappear: 1 getIcon entry: null
03-02 10:56:14.294  1999  1999 W Launcher.Utilities: getAppVersionCode failure
03-02 10:56:14.294  1999  1999 W Launcher.Utilities: android.content.pm.PackageManager$NameNotFoundException: com.miui.personalassistant
03-02 10:56:14.294  1999  1999 W Launcher.Utilities: 	at android.app.ApplicationPackageManager.getPackageInfoAsUser(ApplicationPackageManager.java:276)
03-02 10:56:14.294  1999  1999 W Launcher.Utilities: 	at android.app.ApplicationPackageManager.getPackageInfo(ApplicationPackageManager.java:236)
03-02 10:56:14.294  1999  1999 W Launcher.Utilities: 	at android.app.ApplicationPackageManager.getPackageInfo(ApplicationPackageManager.java:230)
03-02 10:56:14.294  1999  1999 W Launcher.Utilities: 	at com.miui.home.launcher.common.Utilities.getAppVersionCode(Utilities.java:1229)
03-02 10:56:14.294  1999  1999 W Launcher.Utilities: 	at com.miui.home.launcher.ApplicationConfig.checkVersionCode(ApplicationConfig.java:168)
03-02 10:56:14.294  1999  1999 W Launcher.Utilities: 	at com.miui.home.launcher.ApplicationConfig.setSupportHomeBlur(ApplicationConfig.java:158)
03-02 10:56:14.294  1999  1999 W Launcher.Utilities: 	at com.miui.home.launcher.ApplicationConfig.updateSupportHomeBlur(ApplicationConfig.java:163)
03-02 10:56:14.294  1999  1999 W Launcher.Utilities: 	at com.miui.home.launcher.LauncherModel.checkAssistantBlurSupport(LauncherModel.java:625)
03-02 10:56:14.294  1999  1999 W Launcher.Utilities: 	at com.miui.home.launcher.LauncherModel.access$1600(LauncherModel.java:178)
03-02 10:56:14.294  1999  1999 W Launcher.Utilities: 	at com.miui.home.launcher.LauncherModel$LauncherAppsCallback.onPackageChanged(LauncherModel.java:422)
03-02 10:56:14.294  1999  1999 W Launcher.Utilities: 	at com.miui.home.library.compat.LauncherAppsCompatVL$WrappedCallback.onPackageChanged(LauncherAppsCompatVL.java:111)
03-02 10:56:14.294  1999  1999 W Launcher.Utilities: 	at android.content.pm.LauncherApps$CallbackMessageHandler.handleMessage(LauncherApps.java:2250)
03-02 10:56:14.294  1999  1999 W Launcher.Utilities: 	at android.os.Handler.dispatchMessage(Handler.java:107)
03-02 10:56:14.294  1999  1999 W Launcher.Utilities: 	at android.os.Looper.loopOnce(Looper.java:249)
03-02 10:56:14.294  1999  1999 W Launcher.Utilities: 	at android.os.Looper.loop(Looper.java:337)
03-02 10:56:14.294  1999  1999 W Launcher.Utilities: 	at android.app.ActivityThread.main(ActivityThread.java:9500)
03-02 10:56:14.294  1999  1999 W Launcher.Utilities: 	at java.lang.reflect.Method.invoke(Native Method)
03-02 10:56:14.294  1999  1999 W Launcher.Utilities: 	at com.android.internal.os.RuntimeInit$MethodAndArgsCaller.run(RuntimeInit.java:636)
03-02 10:56:14.294  1999  1999 W Launcher.Utilities: 	at com.android.internal.os.ZygoteInit.main(ZygoteInit.java:1005)
03-02 10:56:14.294  1999  1999 D Launcher.Model: checkAssistantBlurSupport: post AssistantBlurSupportChangeMessage 
03-02 10:56:14.294  1999  2524 D Launcher.Model: onReceiveBackground, mAllAppsList=add=[], remove=[], modified=[(0, AppInfo, id=-1, itemType=0, user=UserHandle{0}, mIconType=0, pkgName=com.twitter.android, className=com.twitter.android.StartActivity, screenId=-1, container=-1, cellX=-1, cellY=-1, spanX=1, spanY=1)]
03-02 10:56:14.294  1999  1999 D EventBus: No subscribers registered for event class com.miui.home.launcher.common.messages.AssistantBlurSupportChangeMessage
03-02 10:56:14.294  1999  1999 D EventBus: No subscribers registered for event class org.greenrobot.eventbus.NoSubscriberEvent
03-02 10:56:14.294  1999  1999 D Launcher.Model: checkWidgetBlurState: post WidgetBlurStateMessage com.twitter.android
03-02 10:56:14.294  1999  1999 D Launcher.Widget: onMessageEvent: message = WidgetBlurStateMessage{packageName='com.twitter.android'}
03-02 10:56:14.294  1999  1999 D Launcher.Widget: onMessageEvent: launcherAppWidgetInfo.packageName = com.google.android.googlequicksearchbox
03-02 10:56:14.294  1999  1999 D Launcher.Widget: onMessageEvent: message = WidgetBlurStateMessage{packageName='com.twitter.android'}
03-02 10:56:14.294  1999  1999 D Launcher.Widget: onMessageEvent: launcherAppWidgetInfo.packageName = com.google.android.apps.bard
03-02 10:56:14.294  1999  1999 D Launcher.Widget: onMessageEvent: message = WidgetBlurStateMessage{packageName='com.twitter.android'}
03-02 10:56:14.294  1999  1999 D Launcher.Widget: onMessageEvent: launcherAppWidgetInfo.packageName = com.google.android.apps.wellbeing
03-02 10:56:14.295  1999  2673 W PreviewDisappear: 2 getIcon entry: com.miui.home.launcher.graphics.DrawableInfo@510e50f
03-02 10:56:14.295  1999  2673 W PreviewDisappear: applyCacheEntry entry: com.miui.home.launcher.graphics.drawable.LayerAdaptiveIconDrawable@696499c
03-02 10:56:14.296  2363  2363 D AlertCoordinator: onViewBound, buzzBeep for 0|com.whatsapp|1|null|10300
03-02 10:56:14.299  1621  1856 D InetDiagMessage: Destroyed 0 sockets, proto=IPPROTO_TCP, family=AF_INET, states=14
03-02 10:56:14.302  1621  1856 D InetDiagMessage: Destroyed 0 sockets, proto=IPPROTO_TCP, family=AF_INET6, states=14
03-02 10:56:14.304  2350  2852 E SmsApplication: com.google.android.apps.messaging lost android:read_cell_broadcasts:  (fixing)
03-02 10:56:14.305  1621  1636 W AppOpService: Ignored setUidMode call for runtime permission app op: uid = 10167, code = READ_CELL_BROADCASTS, mode = allow, callingUid = 1001, oldMode = allow
03-02 10:56:14.315  1621  1856 D InetDiagMessage: Destroyed live tcp sockets for uids={10204} in 42ms
03-02 10:56:14.316  1621  4754 D MiuiRefreshRatePolicy: reset
03-02 10:56:14.321  2363  2363 E StackScroller: updateSidePadding: viewWidth is zero
03-02 10:56:14.321  2363  2581 I BoostHelper: boost: add myTid: 2363
03-02 10:56:14.321  2363  2581 I BoostHelper: boost: add mRenderThreadTid: 2648
03-02 10:56:14.322  1621  1908 D PerfMTKStubImpl: perfLockAcquire
03-02 10:56:14.323  1621  1908 I mtkpower_client: perf_lock_acq, hdl:364595, dur:1000, num:8, pid:1621, tid:1908
03-02 10:56:14.323  2363  2581 I BoostHelper: boostThread sched thread [2363, 2648] is run,mod=1
03-02 10:56:14.323  1621  4754 I ProcessManager: registerForegroundWindowListener, caller=2363, listener=miui.process.IForegroundWindowListener$Stub$Proxy@7c456a8
03-02 10:56:14.325  1621  1908 I mtkpower_client: ret_hdl:364900
03-02 10:56:14.325  1621  1908 D SchedBoost: startBoostInternal 1000
03-02 10:56:14.327   863   958 I libPowerHal: [perfLockAcq] idx:1 hdl:364900 hint:-1 pid:1621 tid:1908 duration:1000 lock_user:system_server => ret_hdl:364900
03-02 10:56:14.327  1999  1999 D AlphabeticalAppsList: firstPageRowCount: 6 numAppsPerRow: 4
03-02 10:56:14.327   863   958 I libPowerHal: [setGPUFreq] system_server user set gpu freq min:0, max:-1
03-02 10:56:14.327   863   958 I libPowerHal: system_server: set gpu opp level: 0
03-02 10:56:14.328   863   958 I libPowerHal: system_server: set gpu opp level max: 0
03-02 10:56:14.328   863   958 I libPowerHal: [setGPUFreq] Soft min/max = (0, 0); Hard min/max = (31, 0)
03-02 10:56:14.328   863   958 I libPowerHal: [setGPUFreq] final min/max = (0, 0)
03-02 10:56:14.328   863   958 I libPowerHal: system_server: set gpu opp level: 0
03-02 10:56:14.328   863   958 I libPowerHal: system_server: set gpu opp level max: 0
03-02 10:56:14.328   863   958 I libPowerHal: [PE] system_server update cmd:400000 param:1800000 pr:3
03-02 10:56:14.329   863   958 I libPowerHal: [PE] system_server update cmd:400100 param:2000000 pr:3
