03-02 10:55:56.867  2363  3215 I ActiveSessionRecord_export-api: onSessionDestroyed
03-02 10:55:56.867   921  1166 I BufferQueueDebug: [Surface(name=751ea6d InputMethod#71915)/@0xaafc069 - animation-leash of insets_animation#133588](this:0xb400007bcecc2508,id:-1,api:0,p:-1,c:-1) BufferQueue core=(921:/system/bin/surfaceflinger)
03-02 10:55:56.868  1621  1746 E JobScheduler: ResourceBudgetManagerInternal is null
03-02 10:55:56.872 31107 31419 E msys    : E[N mns]_LogError(228)=>Failed to resolve using system DNS resolver, getaddrinfo(): No address associated with hostname
03-02 10:55:56.853 13966 14142 I djzh    : (REDACTED) isAppDefaultAssistant defaultComponentName: %s
03-02 10:55:56.879  1621  1668 I libprocessgroup: Removed cgroup /sys/fs/cgroup/uid_10337/pid_1043
03-02 10:55:56.880  1621  1856 D ConnectivityService: releasing NetworkRequest [ REQUEST id=242214, [ Capabilities: INTERNET&NOT_RESTRICTED&TRUSTED&NOT_VCN_MANAGED&NOT_BANDWIDTH_CONSTRAINED Uid: 10337 RequestorUid: 10337 RequestorPkg: com.softnation.Ojam UnderlyingNetworks: Null] ] (release request)
03-02 10:55:56.883   835   835 I Zygote  : Process 1043 exited due to signal 9 (Killed)
03-02 10:55:56.884  1124  1124 E mediaserver: unlinkToDeath: removed reference to death recipient but unlink failed: DEAD_OBJECT
03-02 10:55:56.884 13966  4806 V ClearcutMetricXmitter: Transmission is done.
03-02 10:55:56.884  1124  1124 E IPCThreadState: attemptIncStrongHandle(14): Not supported
03-02 10:55:56.881  1621  1729 W PackageConfigPersister: App-specific configuration not found for packageName: com.google.android.googlequicksearchbox and userId: 0
03-02 10:55:56.887  1621  1651 D MiuiRefreshRatePolicy: reset
03-02 10:55:56.890  1621  1746 I whetstone.activity: Power Event callback listener is empty for resId=256
03-02 10:55:56.890  1621  1746 D BatteryStatsManagerStub: notifyEvent for resId=256 used 0ms
03-02 10:55:56.897 18562 18562 D MediaPlayerList: sendMediaUpdate
03-02 10:55:56.897  1621  1621 W system_server: Long monitor contention with owner appscheduling.default (1746) at boolean com.android.server.job.JobSchedulerService.isBatteryCharging()(JobSchedulerService.java:5566) waiters=0 in void com.android.server.job.controllers.BackgroundJobsController$1.onReceive(android.content.Context, android.content.Intent) for 213ms
03-02 10:55:56.897 18562 18562 D MediaPlayerList: sendMediaUpdate state=null
03-02 10:55:56.897 18562 18562 D AvrcpTargetService: onMediaUpdated: track_changed=true state=true queue=true
03-02 10:55:56.897 18562 18562 D AvrcpNativeInterface: sendMediaUpdate: metadata=true playStatus=true queue=true
03-02 10:55:56.897 18562 18562 I bluetooth: avrcp_service.cc:648 SendMediaUpdate: track_changed=true :  play_state=true :  queue=true
03-02 10:55:56.897 18562 18562 I MediaPlayerList: Removing media player com.softnation.Ojam
03-02 10:55:56.897 18562 18562 I AudioMediaPlayerWrapper: clean up
03-02 10:55:56.897 18562 18562 I MediaPlayerList: Recycle player ID.
03-02 10:55:56.898  1621  1651 I ActivityTaskManager: visible for Task{27e6aff #2 type=home I=com.miui.home/.launcher.Launcher} visible = true isAnimating = false TRANSITION = false PARENTS = false CHILDREN = false
03-02 10:55:56.900  1621  1621 W Looper  : Slow dispatch took 216ms main h=android.app.ActivityThread$H c=android.app.LoadedApk$ReceiverDispatcher$Args$$ExternalSyntheticLambda0@a8eb2ce m=0
03-02 10:55:56.900  1621  1621 W Looper  : Slow delivery took 374ms main h=android.app.ActivityThread$H c=android.app.LoadedApk$ReceiverDispatcher$Args$$ExternalSyntheticLambda0@29115ef m=0
03-02 10:55:56.904 13966 14142 I djzh    : (REDACTED) isAppDefaultAssistant setting: %s
03-02 10:55:56.905 13966 14142 I djzh    : (REDACTED) isAppDefaultAssistant defaultComponentName: %s
03-02 10:55:56.906  9177  9177 I JavaheapMonitor: Disabled. Process name: <pre-initialized>
03-02 10:55:56.907  1621  1650 D MiuiRefreshRatePolicy: reset
03-02 10:55:56.910 13966 14142 I alhs    : CreateCalendarEventExecutor is not enabled.
03-02 10:55:56.911 13966 14142 I alil    : DeleteNoteExecutor is not enabled.
03-02 10:55:56.911 13966 14142 I aljv    : UpdateNoteExecutor is not enabled.
03-02 10:55:56.911 13966 14142 I aljv    : UpdateNoteExecutor is not enabled.
03-02 10:55:56.911  9177  9177 D MiuiMonitorThread: Shared singleton Thread for stability monitor start
03-02 10:55:56.913 13966 14142 I djzh    : (REDACTED) isAppDefaultAssistant setting: %s
03-02 10:55:56.914 13966 14142 I djzh    : (REDACTED) isAppDefaultAssistant defaultComponentName: %s
03-02 10:55:56.918 13966 14142 I afze    : (REDACTED) #FCF: Managed profile check status : %s
03-02 10:55:56.939 18562 18562 V MediaPlayerList: onActiveSessionsChanged: number of controllers: 0
03-02 10:55:56.939  1621  1621 W Looper  : Drained
03-02 10:55:56.939 18562 18562 I PlayerSettingsManager: getPlayerRepeatMode: no active player
03-02 10:55:56.939 18562 18562 I PlayerSettingsManager: getPlayerShuffleMode: no active player
03-02 10:55:56.938  1999  2684 D TaskSnapshotCompatVV: getIsInvalidateFromTaskSnapshot, return, mTaskSnapshot=null, mTaskSnapshotClazz=null
03-02 10:55:56.939 18562 18562 I PlayerSettingsManager: updateRemoteDevice: STATE_REPEAT_OFF, STATE_SHUFFLE_OFF
03-02 10:55:56.939 18562 18562 I bluetooth: avrcp_service.cc:685 SendPlayerSettingsChanged: 
03-02 10:55:56.940 18562 18562 I bluetooth: avrcp_service.cc:699 SendPlayerSettingsChanged: attribute=PlayerAttribute::REPEAT : value=PlayerRepeatValue::OFF
03-02 10:55:56.940 18562 18562 I bluetooth: attribute=PlayerAttribute::SHUFFLE : value=PlayerShuffleValue::OFF
03-02 10:55:56.941  2363  2363 D HideDeletedFocusController: onNotificationRemoved 8 0|com.softnation.Ojam|1001|null|10337
03-02 10:55:56.942  1621  1635 D MiuiRefreshRatePolicy: reset
03-02 10:55:56.946  2363  2363 D MiuiBubbleManager: onEntryRemoved: com.android.systemui.statusbar.notification.collection.NotificationEntry@4647b56
03-02 10:55:56.948  2363  3215 I ActiveAudioSessionManager_export-api: controllerSize:0
03-02 10:55:56.953  2363 19600 I ActiveAudioSessionManager_export-api: controllerSize:0
03-02 10:55:56.957  1621  4763 W XSpaceManagerServiceImpl: checkXSpaceControl, from:com.android.shell, to:com.softnation.Ojam, with act:null, callingUserId:0, toUserId:0
03-02 10:55:56.958  2363  2363 D Utilities:  oldHints : 0 backDisposition : 0 imeShown : false hints 0
03-02 10:55:56.958  1621  1651 I ActivityTaskManager: visible for Task{27e6aff #2 type=home I=com.miui.home/.launcher.Launcher} visible = true isAnimating = false TRANSITION = false PARENTS = false CHILDREN = false
03-02 10:55:56.960  1621  2986 W ActivityManagerServiceImpl: Sending non-protected broadcast android.intent.action.APPLICATION_MESSAGE_UPDATE from system 2363:com.android.systemui/1000 pkg com.android.systemui. Callers=
03-02 10:55:56.973  1621  3051 D MiuiRefreshRatePolicy: reset
03-02 10:55:56.979  1999 17839 I Launcher.ApplicationsMessage: onReceive true
03-02 10:55:56.980  1621  4763 W ActivityTaskManager: callingPackage for (uid=2000, pid=9197) has no WPC
03-02 10:55:56.980  2363  2363 E StackScroller: updateSidePadding: viewWidth is zero
03-02 10:55:56.980  1999 17839 I Launcher.ApplicationsMessage: update com.softnation.Ojam/ to null
03-02 10:55:56.981  1999  1999 D ShortcutIcon: setMessage textnull
03-02 10:55:56.985  2363 19600 I ActiveAudioSessionManager_export-api: dispatchTopActiveSessionChangeCallbackLocked, size:1
03-02 10:55:56.986  2363 19600 I GlobalMiPlayAudioManager: onActiveAudioSessionChange activeSession is null
03-02 10:55:56.986  2363 19600 D MiCastSDKImpl: setPlaybackState state -999
03-02 10:55:56.986  2363 19600 I GlobalMiPlayAudioManager: dispatchCallback, what, 1
03-02 10:55:56.986  2363 19600 I ActiveAudioSessionManager_export-api: stopPositionCallbackTask
03-02 10:55:56.986  2363 19600 I ActiveAudioSessionManager_export-api: dispatchSessionsExistsChangeCallbackLocked :false
03-02 10:55:56.986  2363 19600 I MiPlayServiceAdapter: markSessionKilled
03-02 10:55:56.987  1621  4763 D PreStartingManager: Not init when use PreStartingManager!
03-02 10:55:56.987  1621  4763 W OptProp : Cannot read opt property android.window.PROPERTY_COMPAT_ALLOW_ORIENTATION_OVERRIDE
03-02 10:55:56.988  1621  4763 V GrammaticalInflectionUtils: AttributionSource: android.content.AttributionSource@19923ceb does not have READ_SYSTEM_GRAMMATICAL_GENDER permission.
03-02 10:55:56.989  1621  4763 W OptProp : Cannot read opt property android.window.PROPERTY_COMPAT_ALLOW_RESIZEABLE_ACTIVITY_OVERRIDES
03-02 10:55:56.989  1621  4763 W OptProp : Cannot read opt property android.window.PROPERTY_COMPAT_ALLOW_MIN_ASPECT_RATIO_OVERRIDE
03-02 10:55:56.989  9177  9177 D ActivityThread: setEmbeddedParam packageName=com.reddit.frontpage processName=com.reddit.frontpage isEmbedded=false isIsolated=false
03-02 10:55:56.992  2363  3215 I ActiveAudioSessionManager_export-api: dispatchTopActiveSessionChangeCallbackLocked, size:1
03-02 10:55:56.992  1621  4763 I ActivityTaskManager: isKeyguardEditor: false, newTransition: TransitionRecord{43fd3e7 id=10153 type=OPEN flags=0x0}
03-02 10:55:56.993  1621  4763 D WindowManager: Collecting in transition 10153: ActivityRecord{d67cb94 u0 com.softnation.Ojam/.MainActivity init visibleRequested:false
03-02 10:55:56.994  2363  3215 I ActiveAudioSessionManager_export-api: stopPositionCallbackTask
03-02 10:55:56.994  2363  3215 I ActiveAudioSessionManager_export-api: dispatchSessionsExistsChangeCallbackLocked :false
03-02 10:55:56.995  1621  4763 D MiuiFreeformServiceImpl: addLaunchFreeformActivityOptionIfNeed skip due to not find sourceTask: null sourceFfas: null sourceFreeFormActivity: null
03-02 10:55:56.996  1621  4763 I PowerHalWrapper: PowerHalWrapper.getInstance 
03-02 10:55:56.996  1621  4763 D PerfMTKStubImpl: initBoostParamByDevice
03-02 10:55:56.997   921  1166 I BufferQueueDebug: [Task=37030#133589](this:0xb400007bcebbf2d8,id:-1,api:0,p:-1,c:-1) BufferQueue core=(921:/system/bin/surfaceflinger)
03-02 10:55:56.998  2363  2363 D MiPlayDetailViewModel: onActiveAudioSessionChange(): audioSessionList?.size =0
03-02 10:55:56.998  2363  2363 D MiPlayController: miplay service state invalid = 0
03-02 10:55:56.998  2363  2363 D MiPlayDetailViewModel: isMiuiMusic:false null,releaseVersion:1
03-02 10:55:56.998  2363  2363 D MiPlayDetailViewModel: updateAudioSession true
03-02 10:55:56.998 19603 19603 W MultiDeviceManager: setPlaybackState state -999
03-02 10:55:56.998 19603 19603 I CastDeviceManager: setPlaybackState: state -999
03-02 10:55:56.998 19603 19603 W CastDeviceManager: setPlaybackState: castSession is null return
03-02 10:55:56.998  9177  9177 D ApplicationLoaders: Returning zygote-cached class loader: /system_ext/framework/androidx.window.extensions.jar
03-02 10:55:56.998  1621  4763 D WindowManager: setLockTaskAuth: task=Task{f8d9e32 #37030 type=standard A=10337:com.softnation.Ojam} mLockTaskAuth=LOCK_TASK_AUTH_PINNABLE
03-02 10:55:56.998  9177  9177 D ApplicationLoaders: Returning zygote-cached class loader: /system_ext/framework/androidx.window.sidecar.jar
03-02 10:55:56.999  2350  2350 D TelephonyManager: requestModemActivityInfo: Sending result to app: ModemActivityInfo{ mTimestamp=1028316417 mSleepTimeMs=620157684 mIdleTimeMs=400159358 mActivityStatsTechSpecificInfo=[{mRat=UNKNOWN,mFrequencyRange=UNKNOWN,mTxTimeMs[]=[42509, 90739, 159201, 400160, 488416],mRxTimeMs=9906109}]}
03-02 10:55:57.000  1621  4763 D WindowManager: Collecting in transition 10153: Task{f8d9e32 #37030 type=standard A=10337:com.softnation.Ojam} init visibleRequested:false
03-02 10:55:57.000  9177  9177 D CompatChangeReporter: Compat change id reported: 202956589; UID 10329; state: ENABLED
03-02 10:55:57.001   921  1166 I BufferQueueDebug: [ActivityRecord{d67cb94 u0 com.softnation.Ojam/.MainActivity t37030}#133590](this:0xb400007bcecc5298,id:-1,api:0,p:-1,c:-1) BufferQueue core=(921:/system/bin/surfaceflinger)
03-02 10:55:57.003  1621  4763 D WindowManager: setLockTaskAuth: task=Task{f8d9e32 #37030 type=standard A=10337:com.softnation.Ojam} mLockTaskAuth=LOCK_TASK_AUTH_PINNABLE
03-02 10:55:57.005  1621  4763 D MiuiFreeFormManagerService: onStartActivityInner as = Task{f8d9e32 #37030 type=standard A=10337:com.softnation.Ojam} op = null
03-02 10:55:57.006  2363  2477 D OneHandedController: stopOneHanded state is 0
03-02 10:55:57.009  1621  1666 I SmartPower: com.milink.service:audio/10190(19603): idle->background(312570ms) R(broadcast start Intent { act=android.intent.action.PACKAGE_RESTARTED dat=package: flg=0x4000010 (has extras) }) adj=250.
03-02 10:55:57.012  1621  4763 D ActivityTaskManager: Task#startActivityLocked isOrhasTask=true newTask=true
03-02 10:55:57.012   863   909 I mtkpower@impl: [setMode] type:5, enabled:1
03-02 10:55:57.014  2061  2061 I MiuiWallpaper-MiuiWallpaperManagerService: receive broadcast action = android.intent.action.PACKAGE_RESTARTED
03-02 10:55:57.015  1621  4763 I WindowManager: Try to add startingWindow type = STARTING_WINDOW_TYPE_SPLASH_SCREEN this = ActivityRecord{d67cb94 u0 com.softnation.Ojam/.MainActivity t37030} preAllowTaskSnapshot = true afterAllowTaskSnapshot = true newTask = true taskSwitch = true processRunning = false activityCreated = false activityAllDrawn = false isSnapshotCompatible = false resolvedTheme = 2131952195 theme = 2131952195
03-02 10:55:57.015   863   958 I libPowerHal: [perfLockAcq] idx:1 hdl:364897 hint:77 pid:863 tid:863 duration:30000 lock_user:vendor.mediatek => ret_hdl:364897
03-02 10:55:57.016   863   958 I ThermalBreakConfigReader: [getTargetfreqinfo] [getTargetfreqinfo] hint get target result freq:boost:1 cpu0:1800000 cpu6:2000000 cpumask:ff
03-02 10:55:57.016   863   958 I ExtendedPerfBoost: [thermalbreak_verification] needbreak curr breakmode 1, scence id 0, set: boost:1 cpu0:1800000 cpu6:2000000 cpumask:ff
03-02 10:55:57.016   863   958 I ExtendedPerfBoost: [triggerList_add] [triggerList_add] come into triggerList_add
03-02 10:55:57.016   863   958 I ExtendedPerfBoost: [triggerList_add] get item from freelist 0x6fcc5ba018
03-02 10:55:57.016   863   958 I ExtendedPerfBoost: [triggerList_add] init new item prio:2, duration:3000, param:boost:1 cpu0:1800000 cpu6:2000000 cpumask:ff
03-02 10:55:57.016   863   958 I ExtendedPerfBoost: [triggerList_add] add item prio in empty list
03-02 10:55:57.016   863   958 I ExtendedPerfBoost: [trig_thermalbreak] trigger one node
03-02 10:55:57.016   863   958 I ExtendedUtils: [timer_sampling_set] come in timer_sampling_set, duration :3000
03-02 10:55:57.016   863   958 I ExtendedUtils: [settimer] come in settimer, time_now :610550565, time_end: 610553565
03-02 10:55:57.016   863   958 I ExtendedPerfBoost: [setThermalBreak] [setThermalBreak] : boost:1 cpu0:1800000 cpu6:2000000 cpumask:ff
03-02 10:55:57.016   921   921 I BufferQueueProducer: [StatusBar#109](this:0xb400007bcec4ab68,id:-1,api:0,p:-1,c:921) queueBuffer: fps=0.39 dur=5103.85 max=4108.00 min=995.86
03-02 10:55:57.017   863   958 I libPowerHal: [perfLockAcq] Done for hdl : 364897
03-02 10:55:57.028  1621  4763 D PreStartingManager: Not init when use PreStartingManager!
03-02 10:55:57.028  1159  1606 D ULogGuard: Monitoring: 18 threads, 0 requests, 0 time-bombs; 1 guards. ResetFlags = 0x7
03-02 10:55:57.029  1621  4763 I PowerHalWrapper: amsBoostNotify pid:13966,activity:com.google.android.apps.search.assistant.surfaces.voice.robin.ui.floaty.activity.FloatyActivity, package:com.google.android.googlequicksearchbox, mProcessCreatePackcom.softnation.Ojam 
03-02 10:55:57.029  1621  4763 I PowerHalWrapper: state: 0 
03-02 10:55:57.031  1621  4763 I mtkpower_client: [PowerHal_Wrap_notifyAppState] com.google.android.googlequicksearchbox/com.google.android.apps.search.assistant.surfaces.voice.robin.ui.floaty.activity.FloatyActivity pid=13966 activityId:114759433 state:0
03-02 10:55:57.031   861   861 I vendor.mediatek.hardware.mtkpower_applist-service.mediatek: packName: com.google.android.googlequicksearchbox actName: com.google.android.apps.search.assistant.surfaces.voice.robin.ui.floaty.activity.FloatyActivity pid: 13966 activityId: 114759433 uid: 10165 state: 0
03-02 10:55:57.032   861   861 I MTK_APPList: [notifyAPPstate] com.google.android.googlequicksearchbox/com.google.android.apps.search.assistant.surfaces.voice.robin.ui.floaty.activity.FloatyActivity, pid=13966, activityId=114759433, uid=10165, state:PAUSED, fps:-1, win:1
03-02 10:55:57.032   861   861 I MTK_APPList: [notifyAPPstate] multi_resumed_app_count: 1
03-02 10:55:57.032   861   861 I MTK_APPList: [notifyAPPstate] multi_resumed_app_info[0] com.android.systemui/com.android.systemui._190038181, pid:2363, activityId:-1, fps:-1, isMultiWindow:0
03-02 10:55:57.032   861   861 I MTK_APPList: [getForegroundAPPCount] 1
03-02 10:55:57.032   861   861 I MTK_APPList: [notifyNetdUID] 10165
03-02 10:55:57.033  1621  4763 I PowerHalWrapper: amsBoostNotify AMS_BOOST_PROCESS_CREATE_BOOST:false 
03-02 10:55:57.033   861   861 I MTK_APPList: [notifyPID] 13966
03-02 10:55:57.034  1621  4763 I ActivityTaskManager: Add Task{9af9323 #37029 type=standard A=10337:com.softnation.Ojam} to hidden list because adding Task{f8d9e32 #37030 type=standard A=10337:com.softnation.Ojam}
03-02 10:55:57.034   863   958 I libPowerHal: [perfSetSysInfo] pid type:24, 13966
03-02 10:55:57.034  1621  4763 D WindowManager: Collecting in transition 10153: ActivityRecord{d67cb94 u0 com.softnation.Ojam/.MainActivity t37030} init visibleRequested:false
03-02 10:55:57.036  1621  4763 I ActivityTaskManager: START u0 {flg=0x10000000 cmp=com.softnation.Ojam/.MainActivity} with LAUNCH_SINGLE_TASK from uid 2000 from pid 9197 callingPackage com.android.shell (BAL_ALLOW_PERMISSION) result code=0
03-02 10:55:57.038   921  1587 D SurfaceFlinger: [SF client] NEW(0xb400007caea2fb90) for (2363:com.android.systemui)
03-02 10:55:57.039  2363  2477 I SoScStageCoordinator: Transition requested:TransitionRequestInfo { type = OPEN, triggerTask = TaskInfo{userId=0 taskId=37030 displayId=0 isRunning=true baseIntent=Intent { flg=0x10000000 cmp=com.softnation.Ojam/.MainActivity } baseActivity=ComponentInfo{com.softnation.Ojam/com.softnation.Ojam.MainActivity} topActivity=ComponentInfo{com.softnation.Ojam/com.softnation.Ojam.MainActivity} origActivity=null realActivity=ComponentInfo{com.softnation.Ojam/com.softnation.Ojam.MainActivity} numActivities=1 lastActiveTime=1028316453 supportsSplitScreenMultiWindow=true supportsMultiWindow=true resizeMode=1 isResizeable=true minWidth=-1 minHeight=-1 defaultMinSize=200 token=WCT{android.window.IWindowContainerToken$Stub$Proxy@c421d4b} topActivityType=1 pictureInPictureParams=null shouldDockBigOverlays=false launchIntoPipHostTaskId=-1 lastParentTaskIdBeforePip=-1 displayCutoutSafeInsets=Rect(0, 104 - 0, 0) topActivityInfo=ActivityInfo{158328 com.softnation.Ojam.MainActivity} launchCookies=[] positionInParent=Point(0, 0) parentTaskId=-1 isFocused=false isVisible=false isVisibleRequested=false isSleeping=false locusId=null displayAreaFeatureId=1 isTopActivityTransparent=false appCompatTaskInfo=AppCompatTaskInfo { topActivityInSizeCompat=false topActivityEligibleForLetterboxEducation= falseisLetterboxEducationEnabled= false isLetterboxDoubleTapEnabled= false topActivityEligibleForUserAspectRatioButton= false topActivityBoundsLetterboxed= false isFromLetterboxDoubleTap= false topActivityLetterboxVerticalPosition= -1 topActivityLetterboxHorizontalPosition= -1 topActivityLetterboxWidth=1080 topActivityLetterboxHeight=2460 isUserFullscreenOverrideEnabled=false isSystemFullscreenOverrideEnabled=false cameraCompatTaskInfo=CameraCompatTaskInfo { cameraCompatControlState=hidden freeformCameraCompatMode=inactive}} isImmersive=false mTopActivityRequestOrientation=-2 mBehindAppLockPkg=null mOriginatingUid=0 isEmbedded=false shouldBeVisible=true mIsCastMode=false mTopActivityMediaSize=null mTopActivityRecordName=ActivityRecord{d67cb94 u0 com.softnation.Ojam/.MainActivity t37030} mTopActivityOrientation=-2}, pipTask = null, remoteTransition = null, displayChange = null, flags = 0, debugId = 10153 } isSoScActive:false triggerTask:TaskInfo{userId=0 taskId=37030 displayId=0 isRunning=true baseIntent=Intent { flg=0x10000000 cmp=com.softnation.Ojam/.MainActivity } baseActivity=ComponentInfo{com.softnation.Ojam/com.softnation.Ojam.MainActivity} topActivity=ComponentInfo{com.softnation.Ojam/com.softnation.Ojam.MainActivity} origActivity=null realActivity=ComponentInfo{com.softnation.Ojam/com.softnation.Ojam.MainActivity} numActivities=1 lastActiveTime=1028316453 supportsSplitScreenMultiWindow=true supportsMultiWindow=true resizeMode=1 isResizeable=true minWidth=-1 minHeight=-1 defaultMinSize=200 token=WCT{android.window.IWindowContainerToken$Stub$Proxy@c421d4b} topActivityType=1 pictureInPictureParams=null shouldDockBigOverlays=false launchIntoPipHostTaskId=-1 lastParentTaskIdBeforePip=-1 displayCutoutSafeInsets=Rect(0, 104 - 0, 0) topActivityInfo=ActivityInfo{158328 com.softnation.Ojam.MainActivity} launchCookies=[] positionInParent=Point(0, 0) parentTaskId=-1 isFocused=false isVisible=false isVisibleRequested=false isSleeping=false locusId=null displayAreaFeatureId=1 isTopActivityTransparent=false appCompatTaskInfo=AppCompatTaskInfo { topActivityInSizeCompat=false topActivityEligibleForLetterboxEducation= falseisLetterboxEducationEnabled= false isLetterboxDoubleTapEnabled= false topActivityEligibleForUserAspectRatioButton= false topActivityBoundsLetterboxed= false isFromLetterboxDoubleTap= false topActivityLetterboxVerticalPosition= -1 topActivityLetterboxHorizontalPosition= -1 topActivityLetterboxWidth=1080 topActivityLetterboxHeight=2460 isUserFullscreenOverrideEnabled=false isSystemFullscreenOverrideEnabled=false cameraCompatTaskInfo=CameraCompatTaskInfo { cameraCompatControlState=hidden freeformCameraCompatMode=inactive}} isImmersive=false mTopActivityRequestOrientation=-2 mBehindAppLockPkg=null mOriginatingUid=0 isEmbedde
03-02 10:55:57.039  2363  2477 I SoScUtils: monitorTransitionRequest mRequestOpenTransition:null mRequestOpenTriggerTask:-1 mRequestCloseTransition:null mRequestCloseTriggerTask:-1 mRequestCloseStageType:-1
03-02 10:55:57.044  2363  2577 D MiuiCameraCoveredManager: java.lang.NullPointerException: Attempt to invoke virtual method 'java.lang.String android.provider.MiuiSettings$SettingsCloudData$CloudData.getString(java.lang.String, java.lang.String)' on a null object reference
03-02 10:55:57.045  1621  2986 I PowerHalWrapper: amsBoostStop AMS_BOOST_PACK_SWITCH:true, AMS_BOOST_ACT_SWITCH:false, AMS_BOOST_PROCESS_CREATE:false, AMS_BOOST_PROCESS_CREATE_FOR_GAME:false, AMS_BOOST_HOT_LAUNCH:false 
03-02 10:55:57.045   863   909 I libPowerHal: [mtkPowerHint] hint:22, hold:500, ext:0, ext_hold:0
03-02 10:55:57.046  2363  2648 W libc    : Access denied finding property "ro.vendor.display.iris_x7.support"
03-02 10:55:57.046   863   958 I libPowerHal: [perfLockAcq] idx:3 hdl:364898 hint:22 pid:863 tid:863 duration:500 lock_user:vendor.mediatek => ret_hdl:364898
03-02 10:55:57.046 13966 13966 I aybl    : #onUserLeaveHint (FloatyActivityPeer)
03-02 10:55:57.046   863   958 I libPowerHal: [set_kswapd_affinity] set affinity = 16129
03-02 10:55:57.046   863   958 I libPowerHal: [PE] MTKPOWER_HINT_PACK_SWITCH update ONESHOT(set) cmd:10000700 param:16129 pr:3
03-02 10:55:57.046 13966 13966 I azce    : #onUserLeaveHint
03-02 10:55:57.046   863   958 I libPowerHal: [perfLockAcq] Done for hdl : 364898
03-02 10:55:57.047   863   958 I libPowerHal: [perfLockRel] hdl:364896, idx:2
03-02 10:55:57.047  2363  2577 D VRI[Ojam]: hardware acceleration = true, forceHwAccelerated = false
03-02 10:55:57.047  1621  1635 D WindowManager: Set transition=TransitionRecord{43fd3e7 id=10153 type=OPEN flags=0x0}, ready=false, SyncId=10153 used=true, override=false, defer=0, states=Display{#0 state=ON size=1080x2460 ROTATION_0}:false
03-02 10:55:57.048  1621  1651 I ActivityTaskManager: visible for Task{27e6aff #2 type=home I=com.miui.home/.launcher.Launcher} visible = true isAnimating = false TRANSITION = false PARENTS = false CHILDREN = false
03-02 10:55:57.048   863   958 I libPowerHal: [PD] MTKPOWER_HINT_PACK_SWITCH update ONESHOT(unset) cmd:10000700 param:16129 pr:3
03-02 10:55:57.048  2363  2477 D OneHandedController: stopOneHanded state is 0
03-02 10:55:57.048   863   958 I libPowerHal: [perfLockRel] Done for hdl : 364896
03-02 10:55:57.051   921  1166 I BufferQueueDebug: [d15aff5 Splash Screen com.softnation.Ojam#133591](this:0xb400007bcecb13a8,id:-1,api:0,p:-1,c:-1) BufferQueue core=(921:/system/bin/surfaceflinger)
03-02 10:55:57.051  1999 29002 D TaskStackChangeListeners: onTaskDescriptionChanged =  taskId = 37030
03-02 10:55:57.052  2363  2477 D OneHandedController: stopOneHanded state is 0
03-02 10:55:57.053  2363  2363 I FocusedNotifPromptContr: onTopActivityMayChanged: isSupportPip false, isFocus false
03-02 10:55:57.053  2363  2363 I FocusedNotifPromptContr: onTopActivityMayChanged: topActivity=com.softnation.Ojam
03-02 10:55:57.053  2363  2363 I PromptViewAnimState: topActivityMayChanged: topActivity=com.google.android.googlequicksearchbox --> com.softnation.Ojam
03-02 10:55:57.052  1621  1650 V GrammaticalInflectionUtils: AttributionSource: android.content.AttributionSource@19923ceb does not have READ_SYSTEM_GRAMMATICAL_GENDER permission.
03-02 10:55:57.053  2363  2363 D KeyguardEditorHelper: onTopActivityMayChanged, topActivity=ComponentInfo{com.softnation.Ojam/com.softnation.Ojam.MainActivity}; mState=IDEL
03-02 10:55:57.054  1621  4754 D PreStartingManager: Not init when use PreStartingManager!
03-02 10:55:57.054  1621  4754 I WindowManager: Add startingWindow, surfaceControl = Surface(name=d15aff5 Splash Screen com.softnation.Ojam#133591)/@0xa4a3fb layerId = 133591
03-02 10:55:57.059  1621  1650 I PowerHalWrapper: amsBoostProcessCreate package:com.softnation.Ojam 
03-02 10:55:57.059 13966 13966 I ajvw    : (REDACTED) #onPause %s
03-02 10:55:57.059  2363  2577 D InputEventReceiver: Input log is disabled in InputEventReceiver.
03-02 10:55:57.061   863   958 I libPowerHal: [perfLockAcq] idx:2 hdl:364899 hint:21 pid:863 tid:863 duration:10000 lock_user:vendor.mediatek => ret_hdl:364899
03-02 10:55:57.061   863   958 I libPowerHal: [PE] MTKPOWER_HINT_PROCESS_CREATE update cmd:2024000, param:100, pr:3
03-02 10:55:57.062  1999  2756 D EventBus: No subscribers registered for event class com.miui.home.recents.messages.RecentTasksChangedEvent
03-02 10:55:57.062   863   958 I libPowerHal: [set_kswapd_affinity] set affinity = 16129
03-02 10:55:57.062   863   958 I libPowerHal: [PE] MTKPOWER_HINT_PROCESS_CREATE update ONESHOT(set) cmd:10000700 param:16129 pr:3
03-02 10:55:57.062   863   958 I libPowerHal: [perfLockAcq] Done for hdl : 364899
03-02 10:55:57.062  1999  2684 D RecentsModel: onTaskStackChangedBackground    MSG_TASK_STACK_CHANGE
03-02 10:55:57.062  1999  2684 D RecentsModel: boostTaskStackChangedThread once, tid=2684, recentResourceLoaderTid=2525
03-02 10:55:57.062  1999  2684 W MiBridge: Permission not granted !!
03-02 10:55:57.062  1999  2684 D Launcher.Boost: setDynamicVIPTaskIfNeeded::tid = 2684 duration = 500
03-02 10:55:57.063  1999  2756 D EventBus: No subscribers registered for event class org.greenrobot.eventbus.NoSubscriberEvent
03-02 10:55:57.065  1999  2756 D EventBus: No subscribers registered for event class com.miui.home.recents.messages.RecentTasksChangedEvent
03-02 10:55:57.065  1621  2986 I AppsFilter: interaction: PackageSetting{131896e com.android.microdroid.empty_payload/10255} -> PackageSetting{cde5671 com.softnation.Ojam/10337} BLOCKED
03-02 10:55:57.067  1621  2986 D WindowManager: Collecting in transition 10153: ActivityRecord{d67cb94 u0 com.softnation.Ojam/.MainActivity t37030} init visibleRequested:false
03-02 10:55:57.067  1999  2756 D EventBus: No subscribers registered for event class org.greenrobot.eventbus.NoSubscriberEvent
03-02 10:55:57.068  1621  2986 D WindowManager: Collecting in transition 10153: ActivityRecord{6d71709 u0 com.google.android.googlequicksearchbox/com.google.android.apps.search.assistant.surfaces.voice.robin.ui.floaty.activity.FloatyActivity t37027} init visibleRequested:true
03-02 10:55:57.068  1621  2986 D WindowManager: Collecting in transition 10153: ActivityRecord{9880759 u0 com.miui.home/.launcher.Launcher t2} init visibleRequested:true
03-02 10:55:57.069  1621  2986 D WindowManager: Collecting in transition 10153: Window{7986e4c u0 com.miui.miwallpaper.wallpaperservice.MiuiKeyguardPictorialWallpaper} init visibleRequested:true
03-02 10:55:57.069  1621  2986 D WindowManager: Collecting in transition 10153: Window{92602d4 u0 com.miui.miwallpaper.wallpaperservice.ImageWallpaper} init visibleRequested:true
03-02 10:55:57.070  1621  2986 D MiuiRefreshRatePolicy: reset
03-02 10:55:57.078  1621  1651 D WindowManager: wms.Focus not requested for window=Window{6009493 u0 com.google.android.googlequicksearchbox/com.google.android.apps.search.assistant.surfaces.voice.robin.ui.floaty.activity.FloatyActivity} because it has no surface or is not focusable.
03-02 10:55:57.078  1621  1651 I ActivityTaskManager: visible for Task{27e6aff #2 type=home I=com.miui.home/.launcher.Launcher} visible = true isAnimating = false TRANSITION = false PARENTS = false CHILDREN = false
03-02 10:55:57.078  1621  1842 I MiuiNetworkPolicy: updateUidState uid = 10337, uidState = 19
03-02 10:55:57.081  2953  2953 E Zygote  : process_name_ptr:2953 com.softnation.Ojam
03-02 10:55:57.081  2363  2477 D SoScUtils: monitorTransitionFinished transition:android.os.BinderProxy@a0be277 transaction: android.view.SurfaceControl$Transaction@3d6177d mRequestCloseTransition:null mRequestOpenTransition:null mRequestOpenTransitionWithSameTask size:0 mPairsOpenTransition:null mPairsOpenTransitionNull:null mRequestOpenTriggerTask:-1 mRequestCloseTriggerTask:-1 mOrientationTransition: null mMainStartingTask:-1 mSideStartingTask:-1
03-02 10:55:57.081  2953  2953 E Zygote  : SetMemoryProtected process_name_ptr:2953 com.softnation.Ojam
03-02 10:55:57.082  1621  1729 D CoreBackPreview: Window{d15aff5 u0 Splash Screen com.softnation.Ojam}: Setting back callback OnBackInvokedCallbackInfo{mCallback=android.window.IOnBackInvokedCallback$Stub$Proxy@5676c56, mPriority=0, mIsAnimationCallback=false}
03-02 10:55:57.085  1621  3051 I ATMSImpl: cacheTasksForDefaultDisplay size=5
03-02 10:55:57.091   921  1587 I BufferQueueDebug: [Splash Screen com.softnation.Ojam#133592](this:0xb400007bcec5ea58,id:-1,api:0,p:-1,c:-1) BufferQueue core=(921:/system/bin/surfaceflinger)
03-02 10:55:57.092  1999  2684 D RecentsModel: getRunningTask ignoreActivityType : 2 ,ignoreWindowMode:5
03-02 10:55:57.095  1999  2684 W RecentsModel: getRunningTask   taskInfo=TaskInfo{userId=0 taskId=37027 displayId=0 isRunning=true baseIntent=Intent { flg=0x14850000 pkg=com.google.android.googlequicksearchbox cmp=com.google.android.googlequicksearchbox/com.google.android.apps.search.assistant.surfaces.voice.robin.ui.floaty.activity.FloatyActivity } baseActivity=ComponentInfo{com.google.android.googlequicksearchbox/com.google.android.apps.search.assistant.surfaces.voice.robin.ui.floaty.activity.FloatyActivity} topActivity=ComponentInfo{com.google.android.googlequicksearchbox/com.google.android.apps.search.assistant.surfaces.voice.robin.ui.floaty.activity.FloatyActivity} origActivity=null realActivity=ComponentInfo{com.google.android.googlequicksearchbox/com.google.android.apps.search.assistant.surfaces.voice.robin.ui.floaty.activity.FloatyActivity} numActivities=1 lastActiveTime=1028316507 supportsSplitScreenMultiWindow=true supportsMultiWindow=true resizeMode=2 isResizeable=true minWidth=-1 minHeight=-1 defaultMinSize=200 token=WCT{android.window.IWindowContainerToken$Stub$Proxy@d3e6eb4} topActivityType=1 pictureInPictureParams=null shouldDockBigOverlays=false launchIntoPipHostTaskId=-1 lastParentTaskIdBeforePip=-1 displayCutoutSafeInsets=Rect(0, 104 - 0, 0) topActivityInfo=ActivityInfo{c882add com.google.android.apps.search.assistant.surfaces.voice.robin.ui.floaty.activity.FloatyActivity} launchCookies=[] positionInParent=Point(0, 0) parentTaskId=-1 isFocused=true isVisible=true isVisibleRequested=false isSleeping=false locusId=null displayAreaFeatureId=1 isTopActivityTransparent=true appCompatTaskInfo=AppCompatTaskInfo { topActivityInSizeCompat=false topActivityEligibleForLetterboxEducation= falseisLetterboxEducationEnabled= false isLetterboxDoubleTapEnabled= false topActivityEligibleForUserAspectRatioButton= false topActivityBoundsLetterboxed= false isFromLetterboxDoubleTap= false topActivityLetterboxVerticalPosition= -1 topActivityLetterboxHorizontalPosition= -1 topActivityLetterboxWidth=1080 topActivityLetterboxHeight=2460 isUserFullscreenOverrideEnabled=false isSystemFullscreenOverrideEnabled=false cameraCompatTaskInfo=CameraCompatTaskInfo { cameraCompatControlState=hidden freeformCameraCompatMode=inactive}} isImmersive=false mTopActivityRequestOrientation=-2 mBehindAppLockPkg=null mOriginatingUid=0 isEmbedded=false shouldBeVisible=false mIsCastMode=false mTopActivityMediaSize=null mTopActivityRecordName=ActivityRecord{6d71709 u0 com.google.android.googlequicksearchbox/com.google.android.apps.search.assistant.surfaces.voice.robin.ui.floaty.activity.FloatyActivity t37027} mTopActivityOrientation=-2}
03-02 10:55:57.095  1999  2684 D RecentsModel: preloadRecents runningTaskId:37027, mCurrentRunningTaskId:-1, mRecentsTaskLoadPlan=com.android.systemui.shared.recents.model.RecentsTaskLoadPlan@6f7c652
03-02 10:55:57.102  1999  2684 E ActivityManagerWrapper: get all recent tasks force including 37027
03-02 10:55:57.102  1621  1635 D MiuiRefreshRatePolicy: reset
03-02 10:55:57.106  1621  1635 W WindowManager: Changing focus from Window{6009493 u0 com.google.android.googlequicksearchbox/com.google.android.apps.search.assistant.surfaces.voice.robin.ui.floaty.activity.FloatyActivity} to null displayId=0 Callers=com.android.server.wm.RootWindowContainer.updateFocusedWindowLocked:602 com.android.server.wm.WindowManagerService.updateFocusedWindowLocked:7168 com.android.server.wm.WindowManagerService.relayoutWindowInner:3076 com.android.server.wm.WindowManagerService.relayoutWindow:2724 
03-02 10:55:57.108  1621  1635 D WindowManager: wms.Input focus has changed to null display=0 updateInputWindows = true
03-02 10:55:57.109  1621  1635 I MultiSenceManagerInternalStub: getInstance
03-02 10:55:57.111  1621  4754 I ClipboardServiceI: checkProviderWakePathForClipboard: primaryClip is null
03-02 10:55:57.113  2363  2577 D BufferQueueConsumer: [](id:93b00001ad7,api:0,p:-1,c:2363) connect: controlledByApp=false
03-02 10:55:57.114  2363  2577 D BLASTBufferQueue: [VRI[Ojam]#5826](f:0,a:0) constructor()
03-02 10:55:57.115  2363  2577 D BLASTBufferQueue: [VRI[Ojam]#5826](f:0,a:0) update width=1080 height=2460 format=-3 mTransformHint=0
03-02 10:55:57.114  2953  2953 I softnation.Ojam: Late-enabling -Xcheck:jni
03-02 10:55:57.113  1621  1638 D WindowManager: Finish Transition (#10152): created at 03-02 10:55:56.447 collect-started=0.156ms request-sent=0.455ms started=18.074ms ready=18.042ms sent=273.966ms finished=664.166ms
03-02 10:55:57.119  2363  2577 D VRI[Ojam]: vri.reportNextDraw android.view.ViewRootImpl.performTraversals:4984 android.view.ViewRootImpl.doTraversal:3564 android.view.ViewRootImpl$TraversalRunnable.run:11781 android.view.Choreographer$CallbackRecord.run:1804 android.view.Choreographer$CallbackRecord.run:1813 
03-02 10:55:57.119  2363  2577 D VRI[Ojam]: Setup new sync=wmsSync-VRI[Ojam]#92
03-02 10:55:57.120  1621  1667 W ActivityManager: Slow operation: 55ms so far, now at startProcess: done updating battery stats
03-02 10:55:57.121  2363  2648 D HWUI    : makeCurrent grContext:0xb4000079f1a172d0 reset mTextureAvailable
03-02 10:55:57.121  1621  1729 W ActivityManager: pid 1621 system sent binder code 7 with flags 1 to frozen apps and got error -32
03-02 10:55:57.123  1621  1729 W WindowManager: Exception thrown during dispatchAppVisibility Window{34c6cc6 u0 com.softnation.Ojam/com.softnation.Ojam.MainActivity EXITING}
03-02 10:55:57.123  1621  1729 W WindowManager: android.os.DeadObjectException
03-02 10:55:57.123  1621  1729 W WindowManager: 	at android.os.BinderProxy.transactNative(Native Method)
03-02 10:55:57.123  1621  1729 W WindowManager: 	at android.os.BinderProxy.transact(BinderProxy.java:682)
03-02 10:55:57.123  1621  1729 W WindowManager: 	at android.view.IWindow$Stub$Proxy.dispatchAppVisibility(IWindow.java:655)
03-02 10:55:57.123  1621  1729 W WindowManager: 	at com.android.server.wm.WindowState.sendAppVisibilityToClients(WindowState.java:3529)
03-02 10:55:57.123  1621  1729 W WindowManager: 	at com.android.server.wm.WindowContainer.sendAppVisibilityToClients(WindowContainer.java:1387)
03-02 10:55:57.123  1621  1729 W WindowManager: 	at com.android.server.wm.WindowToken.setClientVisible(WindowToken.java:423)
03-02 10:55:57.123  1621  1729 W WindowManager: 	at com.android.server.wm.ActivityRecord.setClientVisible(ActivityRecord.java:8426)
03-02 10:55:57.123  1621  1729 W WindowManager: 	at com.android.server.wm.ActivityRecord.postApplyAnimation(ActivityRecord.java:6989)
03-02 10:55:57.123  1621  1729 W WindowManager: 	at com.android.server.wm.ActivityRecord.commitVisibility(ActivityRecord.java:6931)
03-02 10:55:57.123  1621  1729 W WindowManager: 	at com.android.server.wm.Transition.finishTransition(Transition.java:1589)
03-02 10:55:57.123  1621  1729 W WindowManager: 	at com.android.server.wm.TransitionController.finishTransition(TransitionController.java:1153)
03-02 10:55:57.123  1621  1729 W WindowManager: 	at com.android.server.wm.WindowOrganizerController.finishTransition(WindowOrganizerController.java:578)
03-02 10:55:57.123  1621  1729 W WindowManager: 	at android.window.IWindowOrganizerController$Stub.onTransact(IWindowOrganizerController.java:324)
03-02 10:55:57.123  1621  1729 W WindowManager: 	at com.android.server.wm.WindowOrganizerController.onTransact(WindowOrganizerController.java:234)
03-02 10:55:57.123  1621  1729 W WindowManager: 	at android.os.Binder.execTransactInternal(Binder.java:1507)
03-02 10:55:57.123  1621  1729 W WindowManager: 	at android.os.Binder.execTransact(Binder.java:1451)
03-02 10:55:57.125 13966  4780 I cn_CronetUrlRequestContext: destroyNativeStreamLocked android.net.connectivity.org.chromium.net.impl.CronetBidirectionalStream@1587147
03-02 10:55:57.128  1621  1729 W Process : Unable to open /proc/1043/status
03-02 10:55:57.132  1621  1667 W ActivityManager: Slow operation: 73ms so far, now at startProcess: building log message
03-02 10:55:57.133  2363  2648 D BLASTBufferQueue: [VRI[Ojam]#5826](f:0,a:1) acquireNextBufferLocked size=1080x2460 mFrameNumber=1 applyTransaction=true mTimestamp=610550679657313(auto) mPendingTransactions.size=0 graphicBufferId=10149007875585 transform=0
03-02 10:55:57.133  1999  1999 E RotationHelper: setCurrentTransitionRequest: request=0
03-02 10:55:57.134   921  1500 I SurfaceFlinger: onHandleDestroyed: name=Transition Root #10152: Task=37027#133585, layerId=133585, parentId=0
03-02 10:55:57.132  1621  1667 I ActivityManager: Start proc 2953:com.softnation.Ojam/u0a337 for next-top-activity {com.softnation.Ojam/com.softnation.Ojam.MainActivity} caller=com.android.shell
03-02 10:55:57.134  1621  1667 W ActivityManager: Slow operation: 75ms so far, now at startProcess: starting to update pids map
03-02 10:55:57.135  1621  1729 I Transition: finishTransition: updateLastSurfacePosition tf=Task{9af9323 #37029 type=standard A=10337:com.softnation.Ojam}
03-02 10:55:57.135  1621  1729 I Transition: finishTransition: updateLastSurfacePosition tf=Task{ba1f32f #37027 type=standard I=com.google.android.googlequicksearchbox/com.google.android.apps.search.assistant.surfaces.voice.robin.ui.floaty.activity.FloatyActivity}
03-02 10:55:57.135  2363  2577 D VRI[Ojam]: vri.reportDrawFinished
03-02 10:55:57.138  1621  1729 D MiuiRefreshRatePolicy: reset
03-02 10:55:57.142  1621  3051 D AS.BtHelper: isBluetoothScoOn() mBluetoothHeadset is null: falsemBluetoothHeadsetDevice is null: true
03-02 10:55:57.142  1621  1729 I PowerManagerServiceImpl: Release wakelock: SCREEN_BRIGHT_WAKE_LOCK           'WindowManager/displayId:0' ON_AFTER_RELEASE DISABLED ACQ=-29s203ms (uid=1000 pid=1621 pkg=android ws=WorkSource{10337 com.softnation.Ojam})
03-02 10:55:57.144  1621  3051 V AS.AudioDeviceBroker: requestedCommunicationDevice: null mAudioModeOwner: AudioModeInfo: mMode=MODE_NORMAL, mPid=0, mUid=0
03-02 10:55:57.145  1621  3051 D AS.BtHelper: isBluetoothScoOn() mBluetoothHeadset is null: falsemBluetoothHeadsetDevice is null: true
03-02 10:55:57.145  1621  3051 V AS.AudioDeviceBroker: requestedCommunicationDevice: null mAudioModeOwner: AudioModeInfo: mMode=MODE_NORMAL, mPid=0, mUid=0
03-02 10:55:57.147 13966 14006 I amto    : (REDACTED) Network status %s
03-02 10:55:57.148  1621  1729 D WindowManager: Collecting in transition 10153: ActivityRecord{96cb0dd u0 com.softnation.Ojam/.MainActivity t37029 f}} init visibleRequested:false
03-02 10:55:57.149  1621  1729 D WindowManager: setParent old=ActivityRecord{96cb0dd u0 com.softnation.Ojam/.MainActivity t37029 f} isExiting},new=null,this window=Window{34c6cc6 u0 com.softnation.Ojam/com.softnation.Ojam.MainActivity EXITING},callers=com.android.server.wm.WindowContainer.removeChild:897 com.android.server.wm.ActivityRecord.removeChild:5518 com.android.server.wm.ActivityRecord.removeChild:505 com.android.server.wm.WindowContainer.removeImmediately:967 com.android.server.wm.WindowState.removeImmediately:2526 com.android.server.wm.WindowContainer.removeImmediately:931 
03-02 10:55:57.150   921   921 I BufferQueueDebug: [Transition Root #10152: Task=37027#133585](this:0xb400007bcec7df88,id:-1,api:0,p:-1,c:921) onDestructor()
03-02 10:55:57.152  1621  1729 D MiuiRefreshRatePolicy: reset
03-02 10:55:57.156  1621  1729 D WindowManager: setParent old=Task{9af9323 #37029 type=standard A=10337:com.softnation.Ojam},new=null,this window=ActivityRecord{96cb0dd u0 com.softnation.Ojam/.MainActivity t37029 f} isExiting},callers=com.android.server.wm.WindowContainer.removeChild:897 com.android.server.wm.TaskFragment.removeChild:3337 com.android.server.wm.Task.removeChild:1929 com.android.server.wm.Task.removeChild:1908 com.android.server.wm.WindowContainer.removeImmediately:967 com.android.server.wm.WindowToken.removeImmediately:374 
03-02 10:55:57.161   921  1166 I BufferQueueDebug: [Task=37029#133593](this:0xb400007bcec7df88,id:-1,api:0,p:-1,c:-1) BufferQueue core=(921:/system/bin/surfaceflinger)
03-02 10:55:57.163  1621  1729 D WindowManager: setParent old=DefaultTaskDisplayArea@262819365,new=null,this window=Task{9af9323 #37029 type=standard A=10337:com.softnation.Ojam},callers=com.android.server.wm.WindowContainer.removeChild:897 com.android.server.wm.TaskDisplayArea.removeChildTask:360 com.android.server.wm.TaskDisplayArea.removeChild:351 com.android.server.wm.WindowContainer.removeImmediately:967 com.android.server.wm.TaskFragment.removeImmediately:3417 com.android.server.wm.Task.removeImmediately:3408 
03-02 10:55:57.164  1621  1729 D MiuiMultiWindowUtils: DeviceLevel.IS_MIUI_LITE_VERSION 2.0 not support miui multiWindowtides
03-02 10:55:57.164  1621  1729 D MiuiMultiWindowUtils: DeviceLevel.IS_MIUI_LITE_VERSION 2.0 not support miui multiWindowtides
03-02 10:55:57.165  2363  2477 I RemoteTransitionHandlerStubImpl: invokeAndRemoveWctCB transition is null, curWctCB: null
03-02 10:55:57.167  1621  1651 I ActivityTaskManager: visible for Task{27e6aff #2 type=home I=com.miui.home/.launcher.Launcher} visible = true isAnimating = false TRANSITION = false PARENTS = false CHILDREN = false
03-02 10:55:57.167  1621  1651 I ActivityTaskManager: visible for Task{d151cdd #1 type=home} visible = true isAnimating = false TRANSITION = false PARENTS = false CHILDREN = false
03-02 10:55:57.168  1621  1651 I ActivityTaskManager: visible for Task{ba1f32f #37027 type=standard I=com.google.android.googlequicksearchbox/com.google.android.apps.search.assistant.surfaces.voice.robin.ui.floaty.activity.FloatyActivity} visible = true isAnimating = false TRANSITION = false PARENTS = false CHILDREN = false
03-02 10:55:57.170  1621  1651 W ActivityTaskManager: Can't find TaskDisplayArea to determine support for multi window. Task id=37029 attached=false
03-02 10:55:57.173  1621  1651 D MiuiRefreshRatePolicy: reset
03-02 10:55:57.175  1621  3051 W UserManagerService: Requested status bar icon for non-badged user 0
03-02 10:55:57.179  1621  1667 W ActivityManager: Slow operation: 120ms so far, now at startProcess: done updating pids map
03-02 10:55:57.181  2363  2477 I MultiTaskingTaskRepository: no MULTI_WINDOW, but base activity is null
03-02 10:55:57.181  1621  1651 D MiuiRefreshRatePolicy: reset
03-02 10:55:57.182  1621  1651 D PreStartingManager: Not init when use PreStartingManager!
03-02 10:55:57.182  1621  1651 D WindowManager: Set transition=TransitionRecord{43fd3e7 id=10153 type=OPEN flags=0x0}, ready=true, SyncId=10153 
03-02 10:55:57.182  1999  2756 D EventBus: No subscribers registered for event class com.miui.home.recents.messages.RecentTasksChangedEvent
03-02 10:55:57.183  1999  2756 D EventBus: No subscribers registered for event class org.greenrobot.eventbus.NoSubscriberEvent
03-02 10:55:57.183  2363  2477 D MulWinSwitchDecorViewModel: destroyWindowDecoration: taskId=37029 windowingMode=1 mWindowDecorByTaskId.size()=0 callers=com.android.wm.shell.fullscreen.FullscreenTaskListener.onTaskVanished:104 com.android.wm.shell.ShellTaskOrganizer.onTaskVanished:128 android.window.TaskOrganizer$1.lambda$onTaskVanished$6:317 android.window.TaskOrganizer$1.$r8$lambda$8ODi_1s42Z5SmyxWXsgMLDG64pA:0 android.window.TaskOrganizer$1$$ExternalSyntheticLambda0.run:0 
03-02 10:55:57.183  2363  2477 D MulWinSwitchDecorViewModel: handleEventReceiverIfMultiWinSwitchIsUnsupported: removeEventReceiver, callers=com.android.wm.shell.multitasking.miuimultiwinswitch.miuiwindowdecor.MulWinSwitchDecorViewModel.destroyWindowDecoration:82 com.android.wm.shell.fullscreen.FullscreenTaskListener.onTaskVanished:104 com.android.wm.shell.ShellTaskOrganizer.onTaskVanished:128 android.window.TaskOrganizer$1.lambda$onTaskVanished$6:317 android.window.TaskOrganizer$1.$r8$lambda$8ODi_1s42Z5SmyxWXsgMLDG64pA:0 
03-02 10:55:57.183  2363  2477 D MultiTaskingTaskRepository: onTaskVanished: taskInfo.taskId: 37029 current mMultiTaskingTaskInfoList: { ,37029 ,37027 ,37019 ,36980 ,36770 ,36289 ,5 ,4 }
03-02 10:55:57.183  2363  2477 D MultiTaskingTaskRepository: removeFullscreenTask taskId=37029
03-02 10:55:57.183  2363  2477 D MiuiFreeformModeCornerTipHandler: task#37029 onTaskVanished
03-02 10:55:57.183  2363  2477 I MiuiBubbleController: removeBubble: 37029 reason=2
03-02 10:55:57.183   921   921 I SurfaceFlinger: onHandleDestroyed: name=Task=37029#133593, layerId=133593, parentId=0
03-02 10:55:57.184   921   921 I SurfaceFlinger: onHandleDestroyed: name=5802587 ActivityRecordInputSink com.softnation.Ojam/.MainActivity#133529, layerId=133529, parentId=0
03-02 10:55:57.184  2363  2477 I MultiTaskingTaskInfo: before call clearMaskControl task id = 37029, CoverLayerController = null, callers=com.android.wm.shell.multitasking.taskmanager.MultiTaskingTaskListener.onTaskVanished:148 com.android.wm.shell.ShellTaskOrganizer.onTaskVanished:141 android.window.TaskOrganizer$1.lambda$onTaskVanished$6:317 android.window.TaskOrganizer$1.$r8$lambda$8ODi_1s42Z5SmyxWXsgMLDG64pA:0 android.window.TaskOrganizer$1$$ExternalSyntheticLambda0.run:0 
03-02 10:55:57.184  2363  2477 I MultiTaskingTaskRepository: onTaskVanish multi list = [5, 4], full = [37027, 37019, 36980]
03-02 10:55:57.184  1621  1651 I SmartPower: com.softnation.Ojam/10337(0): died->visible(753ms) R(become visible) adj=-10000.
03-02 10:55:57.184  1621  1648 D Aurogon :  uid = 10166 switch to BG
03-02 10:55:57.184  1999 29002 D EventBus: No subscribers registered for event class com.miui.home.recents.messages.RecentTasksChangedEvent
03-02 10:55:57.184  1999 29002 D EventBus: No subscribers registered for event class org.greenrobot.eventbus.NoSubscriberEvent
03-02 10:55:57.184  1621  1894 D Aurogon :  onForegroundActivitiesChanged packageName = com.miui.home
03-02 10:55:57.185  1621  1651 I WindowManager: wms.showSurfaceRobustly mWin:Window{d15aff5 u0 Splash Screen com.softnation.Ojam}
03-02 10:55:57.186  1621  1651 D WindowManager: Final targets: [Task{f8d9e32 #37030 type=standard A=10337:com.softnation.Ojam}, Task{ba1f32f #37027 type=standard I=com.google.android.googlequicksearchbox/com.google.android.apps.search.assistant.surfaces.voice.robin.ui.floaty.activity.FloatyActivity}, Task{d151cdd #1 type=home}]
03-02 10:55:57.187   921  1166 I BufferQueueDebug: [Transition Root #10153: Task=37030#133594](this:0xb400007bceccdb48,id:-1,api:0,p:-1,c:-1) BufferQueue core=(921:/system/bin/surfaceflinger)
03-02 10:55:57.188  1621  1842 I MiuiNetworkPolicy: updateUidState uid = 99351, uidState = 5
03-02 10:55:57.192  1999  2684 D ActivityManagerWrapper: groupedRecentTaskInfoCompat.getMainTaskId :37027, isExcluded is True
03-02 10:55:57.192  1999  2684 E ActivityManagerWrapper: getRecentTasksForceIncludingTaskIdIfValid: getRecentTasks: size=4
03-02 10:55:57.192  1999  2684 E ActivityManagerWrapper:  mainTaskId=37030   userId=0   windowMode=1   baseIntent=Intent { act=null flag=268435456 cmp=ComponentInfo{com.softnation.Ojam/com.softnation.Ojam.MainActivity} }
03-02 10:55:57.192  1999  2684 E ActivityManagerWrapper:  mainTaskId=37027   userId=0   windowMode=1   baseIntent=Intent { act=null flag=344260608 cmp=ComponentInfo{com.google.android.googlequicksearchbox/com.google.android.apps.search.assistant.surfaces.voice.robin.ui.floaty.activity.FloatyActivity} }
03-02 10:55:57.192  1999  2684 E ActivityManagerWrapper:  mainTaskId=37019   userId=0   windowMode=1   baseIntent=Intent { act=null flag=268435456 cmp=ComponentInfo{com.whatsapp/com.whatsapp.home.ui.HomeActivity} }
