--------- beginning of main
03-02 10:55:56.204  2350  2350 W Settings: Setting airplane_mode_on has moved from android.provider.Settings.System to android.provider.Settings.Global, returning read-only value.
03-02 10:55:56.206  2350  2350 W Settings: Setting airplane_mode_on has moved from android.provider.Settings.System to android.provider.Settings.Global, returning read-only value.
03-02 10:55:56.215  2350 29580 D NetworkSpeedTracker: updateNwSignalInfo not allowed ,ignore
03-02 10:55:56.218  2350 29580 D NetworkSpeedTracker: updateNwSignalInfo not allowed ,ignore
03-02 10:55:56.293  1621  1631 I system_server: Background young concurrent mark compact GC freed 29MB AllocSpace bytes, 45(900KB) LOS objects, 16% free, 149MB/179MB, paused 3.128ms,16.139ms total 275.872ms
03-02 10:55:56.314  1201  1298 D AALService: [CRTC_114] onALIChanged: 31 -> 35
--------- beginning of system
03-02 10:55:56.425  1621  1635 I ActivityManager: Force stopping com.softnation.Ojam appid=10337 user=0: from process:9149
03-02 10:55:56.428  1621  1635 I ATMSImpl: cacheTasksForDefaultDisplay size=5
03-02 10:55:56.430  1621  1907 E ProcessManager: error write exception log
03-02 10:55:56.432  6515  6799 D UidObserver: onUidGone entry uid = 10337
03-02 10:55:56.434  1621  1635 I ActivityManager: Killing 1043:com.softnation.Ojam/u0a337 (adj 0): stop com.softnation.Ojam due to from process:9149
03-02 10:55:56.434  1621  1842 I MiuiNetworkPolicy: removeUidState uid = 10337
03-02 10:55:56.434  1124  1124 I ResourceManagerMetrics: pushConcurrentUsageReport: No Video Codec Entry for Application[pid(1043): uid(10337)]
03-02 10:55:56.435  1124  1124 I ResourceManagerMetrics: pushConcurrentUsageReport: Concurrent Codec Usage Report for the Process[pid(1043): uid(10337)] is Peak { AudioDec[ SW: 1 ] } Peak Pixels: 0
03-02 10:55:56.435  1621  1638 D DisplayManagerService: Drop pending events for gone uid 10337
03-02 10:55:56.436  6027 20777 I MIUISafety-Monitor: onUid 10337 gone
03-02 10:55:56.438  1621  1856 D InetDiagMessage: Destroyed 0 sockets, proto=IPPROTO_TCP, family=AF_INET, states=14
03-02 10:55:56.440  1621  1635 I ActivityManager: Cancel FGS notification userId: 0 definingUid: 10337 packageName: com.softnation.Ojam processName:com.softnation.Ojam ChannelId:default_channel_id foregroundNotiWhen:0 Notiflags:104
03-02 10:55:56.440  1621  1648 D MediaProjectionManagerServiceStubImpl: handleForegroundServicesChanged
03-02 10:55:56.442  1621  1856 D InetDiagMessage: Destroyed 2 sockets, proto=IPPROTO_TCP, family=AF_INET6, states=14
03-02 10:55:56.442  1621  1856 D InetDiagMessage: Destroyed live tcp sockets for uids={10337} in 7ms
03-02 10:55:56.444  1621  1856 D InetDiagMessage: Destroyed 0 sockets, proto=IPPROTO_TCP, family=AF_INET, states=14
03-02 10:55:56.445  1621  1635 I ScnModule: [GameDetection] packname: com.softnation.Ojam, apkSize: 113045479. 
03-02 10:55:56.445  1621  1635 I mtkpower_client: [PowerHal_Wrap_notifyAppState] com.softnation.Ojam/com.softnation.Ojam pid=1043 activityId:1043 state:3
03-02 10:55:56.445  1621  1856 D InetDiagMessage: Destroyed 0 sockets, proto=IPPROTO_TCP, family=AF_INET6, states=14
03-02 10:55:56.446  1621  1856 D InetDiagMessage: Destroyed live tcp sockets for uids={20337} in 3ms
03-02 10:55:56.446   861   861 I vendor.mediatek.hardware.mtkpower_applist-service.mediatek: packName: com.softnation.Ojam actName: com.softnation.Ojam pid: 1043 activityId: 1043 uid: 10337 state: 3
03-02 10:55:56.446   861   861 I MTK_APPList: [notifyAPPstate] com.softnation.Ojam/com.softnation.Ojam, pid=1043, activityId=1043, uid=10337, state:DEAD, fps:-1, win:1
03-02 10:55:56.446   861   861 I MTK_APPList: [notifyAPPstate] multi_resumed_app_count: 1
03-02 10:55:56.446   861   861 I MTK_APPList: [notifyAPPstate] multi_resumed_app_info[0] com.android.systemui/com.android.systemui._190038181, pid:2363, activityId:-1, fps:-1, isMultiWindow:0
03-02 10:55:56.446   861   861 I MTK_APPList: [getForegroundAPPCount] 1
03-02 10:55:56.446   861   861 I MTK_APPList: [notifyAPPstate] pack:com.softnation.Ojam, pid:1043, STATE_DEAD
03-02 10:55:56.446   861   861 I MTK_APPList: [notifyNetdUID] 10156
03-02 10:55:56.447  1621  1635 W ActivityTaskManager: Force removing ActivityRecord{96cb0dd u0 com.softnation.Ojam/.MainActivity t37029 f}}: app died, no saved state
03-02 10:55:56.447   861   861 I MTK_APPList: [notifyPID] 32093
03-02 10:55:56.448  1621  1635 D WindowManager: Collecting in transition 10152: Task{9af9323 #37029 type=standard A=10337:com.softnation.Ojam} init visibleRequested:true
03-02 10:55:56.448   863   958 I libPowerHal: [perfSetSysInfo] pid type:24, 32093
03-02 10:55:56.450  1621  1635 D WindowManager: Collecting in transition 10152: ActivityRecord{96cb0dd u0 com.softnation.Ojam/.MainActivity t37029 f}} init visibleRequested:false
03-02 10:55:56.450  2363  2477 I SoScStageCoordinator: Transition requested:TransitionRequestInfo { type = CLOSE, triggerTask = TaskInfo{userId=0 taskId=37029 displayId=0 isRunning=false baseIntent=Intent { flg=0x10000000 cmp=com.softnation.Ojam/.MainActivity } baseActivity=null topActivity=null origActivity=null realActivity=ComponentInfo{com.softnation.Ojam/com.softnation.Ojam.MainActivity} numActivities=0 lastActiveTime=1028003095 supportsSplitScreenMultiWindow=true supportsMultiWindow=true resizeMode=1 isResizeable=true minWidth=-1 minHeight=-1 defaultMinSize=200 token=WCT{android.window.IWindowContainerToken$Stub$Proxy@519dee4} topActivityType=1 pictureInPictureParams=null shouldDockBigOverlays=false launchIntoPipHostTaskId=-1 lastParentTaskIdBeforePip=-1 displayCutoutSafeInsets=null topActivityInfo=null launchCookies=[] positionInParent=Point(0, 0) parentTaskId=-1 isFocused=true isVisible=true isVisibleRequested=true isSleeping=false locusId=null displayAreaFeatureId=1 isTopActivityTransparent=false appCompatTaskInfo=AppCompatTaskInfo { topActivityInSizeCompat=false topActivityEligibleForLetterboxEducation= falseisLetterboxEducationEnabled= false isLetterboxDoubleTapEnabled= false topActivityEligibleForUserAspectRatioButton= false topActivityBoundsLetterboxed= false isFromLetterboxDoubleTap= false topActivityLetterboxVerticalPosition= -1 topActivityLetterboxHorizontalPosition= -1 topActivityLetterboxWidth=-1 topActivityLetterboxHeight=-1 isUserFullscreenOverrideEnabled=false isSystemFullscreenOverrideEnabled=false cameraCompatTaskInfo=CameraCompatTaskInfo { cameraCompatControlState=hidden freeformCameraCompatMode=inactive}} isImmersive=false mTopActivityRequestOrientation=-2 mBehindAppLockPkg=null mOriginatingUid=0 isEmbedded=false shouldBeVisible=false mIsCastMode=false mTopActivityMediaSize=null mTopActivityRecordName=null mTopActivityOrientation=-2}, pipTask = null, remoteTransition = null, displayChange = null, flags = 0, debugId = 10152 } isSoScActive:false triggerTask:TaskInfo{userId=0 taskId=37029 displayId=0 isRunning=false baseIntent=Intent { flg=0x10000000 cmp=com.softnation.Ojam/.MainActivity } baseActivity=null topActivity=null origActivity=null realActivity=ComponentInfo{com.softnation.Ojam/com.softnation.Ojam.MainActivity} numActivities=0 lastActiveTime=1028003095 supportsSplitScreenMultiWindow=true supportsMultiWindow=true resizeMode=1 isResizeable=true minWidth=-1 minHeight=-1 defaultMinSize=200 token=WCT{android.window.IWindowContainerToken$Stub$Proxy@519dee4} topActivityType=1 pictureInPictureParams=null shouldDockBigOverlays=false launchIntoPipHostTaskId=-1 lastParentTaskIdBeforePip=-1 displayCutoutSafeInsets=null topActivityInfo=null launchCookies=[] positionInParent=Point(0, 0) parentTaskId=-1 isFocused=true isVisible=true isVisibleRequested=true isSleeping=false locusId=null displayAreaFeatureId=1 isTopActivityTransparent=false appCompatTaskInfo=AppCompatTaskInfo { topActivityInSizeCompat=false topActivityEligibleForLetterboxEducation= falseisLetterboxEducationEnabled= false isLetterboxDoubleTapEnabled= false topActivityEligibleForUserAspectRatioButton= false topActivityBoundsLetterboxed= false isFromLetterboxDoubleTap= false topActivityLetterboxVerticalPosition= -1 topActivityLetterboxHorizontalPosition= -1 topActivityLetterboxWidth=-1 topActivityLetterboxHeight=-1 isUserFullscreenOverrideEnabled=false isSystemFullscreenOverrideEnabled=false cameraCompatTaskInfo=CameraCompatTaskInfo { cameraCompatControlState=hidden freeformCameraCompatMode=inactive}} isImmersive=false mTopActivityRequestOrientation=-2 mBehindAppLockPkg=null mOriginatingUid=0 isEmbedded=false shouldBeVisible=false mIsCastMode=false mTopActivityMediaSize=null mTopActivityRecordName=null mTopActivityOrientation=-2}
03-02 10:55:56.451  1621  1635 W WindowManager: Changing focus from Window{34c6cc6 u0 com.softnation.Ojam/com.softnation.Ojam.MainActivity} to null displayId=0 Callers=com.android.server.wm.RootWindowContainer.updateFocusedWindowLocked:602 com.android.server.wm.WindowManagerService.updateFocusedWindowLocked:7168 com.android.server.wm.ActivityRecord.onRemovedFromDisplay:5446 com.android.server.wm.DisplayContent.removeAppToken:1789 
03-02 10:55:56.452  1621  1635 D WindowManager: wms.Input focus has changed to null display=0 updateInputWindows = true
03-02 10:55:56.452  1621  1635 I MultiSenceManagerInternalStub: getInstance
03-02 10:55:56.453  1621  1635 D PerfMTKStubImpl: perfLockAcquire
03-02 10:55:56.453  1621  1635 I mtkpower_client: perf_lock_acq, hdl:0, dur:400, num:10, pid:1621, tid:1635
03-02 10:55:56.455  1621  1635 I mtkpower_client: ret_hdl:364895
03-02 10:55:56.455  1621  1635 I PowerHalWrapper: <amsBoostResume> last:null, next:com.google.android.googlequicksearchboxhasATProcess:true 
03-02 10:55:56.455   863   958 I libPowerHal: [perfLockAcq] idx:1 hdl:364895 hint:-1 pid:1621 tid:1635 duration:400 lock_user:system_server => ret_hdl:364895
03-02 10:55:56.455  1621  1635 D WindowManager: Collecting in transition 10152: ActivityRecord{6d71709 u0 com.google.android.googlequicksearchbox/com.google.android.apps.search.assistant.surfaces.voice.robin.ui.floaty.activity.FloatyActivity t37027} init visibleRequested:false
03-02 10:55:56.455   863   958 I libPowerHal: [setGPUFreq] system_server user set gpu freq min:0, max:-1
03-02 10:55:56.455   863   958 I libPowerHal: system_server: set gpu opp level: 0
03-02 10:55:56.456   863   958 I libPowerHal: system_server: set gpu opp level max: 0
03-02 10:55:56.456   863   958 I libPowerHal: [setGPUFreq] Soft min/max = (0, 0); Hard min/max = (31, 0)
03-02 10:55:56.456   863   958 I libPowerHal: [setGPUFreq] final min/max = (0, 0)
03-02 10:55:56.456   863   958 I libPowerHal: system_server: set gpu opp level: 0
03-02 10:55:56.456   863   958 I libPowerHal: system_server: set gpu opp level max: 0
03-02 10:55:56.456  1621  1635 I PowerHalWrapper: amsBoostNotify pid:13966,activity:com.google.android.apps.search.assistant.surfaces.voice.robin.ui.floaty.activity.FloatyActivity, package:com.google.android.googlequicksearchbox, mProcessCreatePackcom.softnation.Ojam 
03-02 10:55:56.456  1621  1635 I PowerHalWrapper: state: 1 
03-02 10:55:56.457   863   958 I libPowerHal: [PE] system_server update cmd:400000 param:3000000 pr:3
03-02 10:55:56.457   863   958 I libPowerHal: [PE] system_server update cmd:400100 param:3000000 pr:3
03-02 10:55:56.457   863   958 I libPowerHal: [PE] system_server update cmd:400200 param:3000000 pr:3
03-02 10:55:56.457   863   958 I libPowerHal: [setDvfsrcDevFreqOpp] opp:0, freq:3600000000
03-02 10:55:56.457  1621  1635 I mtkpower_client: [PowerHal_Wrap_notifyAppState] com.google.android.googlequicksearchbox/com.google.android.apps.search.assistant.surfaces.voice.robin.ui.floaty.activity.FloatyActivity pid=13966 activityId:114759433 state:1
03-02 10:55:56.457   863   958 I libPowerHal: [PE] system_server update cmd:1000000 param:0 pr:3
03-02 10:55:56.457   863   958 I libPowerHal: [recordCPUFreqInfo] set cluster[0] min(system_server): 1800000 max(-1): -1 cluster[1] min(system_server): 2000000 max(-1): -1
03-02 10:55:56.458   861   861 I vendor.mediatek.hardware.mtkpower_applist-service.mediatek: packName: com.google.android.googlequicksearchbox actName: com.google.android.apps.search.assistant.surfaces.voice.robin.ui.floaty.activity.FloatyActivity pid: 13966 activityId: 114759433 uid: 10165 state: 1
03-02 10:55:56.458   861   861 I MTK_APPList: [notifyAPPstate] com.google.android.googlequicksearchbox/com.google.android.apps.search.assistant.surfaces.voice.robin.ui.floaty.activity.FloatyActivity, pid=13966, activityId=114759433, uid=10165, state:RESUMED, fps:-1, win:0
03-02 10:55:56.458   861   861 I MTK_APPList: [notifyAPPstate] multi_resumed_app_count: 2
03-02 10:55:56.458   861   861 I MTK_APPList: [notifyAPPstate] multi_resumed_app_info[0] com.android.systemui/com.android.systemui._190038181, pid:2363, activityId:-1, fps:-1, isMultiWindow:0
03-02 10:55:56.458   861   861 I MTK_APPList: [notifyAPPstate] multi_resumed_app_info[1] com.google.android.googlequicksearchbox/com.google.android.apps.search.assistant.surfaces.voice.robin.ui.floaty.activity.FloatyActivity, pid:13966, activityId:114759433, fps:-1, isMultiWindow:0
03-02 10:55:56.458   861   861 I MTK_APPList: [getForegroundAPPCount] 2
03-02 10:55:56.458   861   861 I MTK_APPList: [notifyAPPstate] foreground:com.google.android.googlequicksearchbox, pid:13966, activityId:114759433, uid:10165
03-02 10:55:56.458   861   861 I MTK_APPList: [notifyNetdUID] 10165
03-02 10:55:56.458  1621  1635 I PowerHalWrapper: amsBoostNotify AMS_BOOST_PROCESS_CREATE_BOOST:false 
03-02 10:55:56.458   863   958 W LibMBrainProxy: MBrain offline
03-02 10:55:56.458  1621  1621 D MBrainLocalService: isVendorFreezeConditionPass is false
03-02 10:55:56.458  1621  1621 E MBrainLocalService: notifyAppSwitch failed
03-02 10:55:56.458   863   958 I libPowerHal: [perfLockAcq] Done for hdl : 364895
03-02 10:55:56.459  1621  1635 D WindowManager: Collecting in transition 10152: ActivityRecord{9880759 u0 com.miui.home/.launcher.Launcher t2} init visibleRequested:false
03-02 10:55:56.459   863   958 I libPowerHal: [perfLockAcq] idx:2 hdl:364896 hint:22 pid:863 tid:863 duration:10000 lock_user:vendor.mediatek => ret_hdl:364896
03-02 10:55:56.460 14013 14013 D VRI[LauncherMinusOneScreen]: visibilityChanged oldVisibility=false newVisibility=true
03-02 10:55:56.459 11917 11917 D VRI[globalminusscreen]: visibilityChanged oldVisibility=false newVisibility=true
03-02 10:55:56.460   863   958 I libPowerHal: [PE] MTKPOWER_HINT_PACK_SWITCH update cmd:1408300, param:100, pr:3
03-02 10:55:56.461  1621  1635 I SmartPower: com.google.android.googlequicksearchbox:search/10165(13966): idle->invisible(276800ms) R(become foreground) adj=700.
03-02 10:55:56.461  1621  1635 I SmartPower: com.google.android.googlequicksearchbox:googleapp/10165(14013): idle->invisible(307849ms) R(become foreground) adj=800.
03-02 10:55:56.461   863   958 I libPowerHal: [set_kswapd_affinity] set affinity = 16129
03-02 10:55:56.461  1621  1635 I SmartPower: com.google.android.googlequicksearchbox:interactor/10165(5969): background->invisible(313878ms) R(become foreground) adj=100.
03-02 10:55:56.461   863   958 I libPowerHal: [PE] MTKPOWER_HINT_PACK_SWITCH update ONESHOT(set) cmd:10000700 param:16129 pr:3
03-02 10:55:56.461   863   958 I libPowerHal: [perfLockAcq] Done for hdl : 364896
03-02 10:55:56.461   863   958 I libPowerHal: [perfLockRel] hdl:364598, idx:-1
03-02 10:55:56.461   861   861 I MTK_APPList: [notifyPID] 13966
03-02 10:55:56.462   863   958 I libPowerHal: [perfSetSysInfo] pid type:24, 13966
03-02 10:55:56.462   861   861 I MTK_APPList: [notifyAPPstate] pc:0, com.google.android.apps.wellbeing => com.google.android.googlequicksearchbox
03-02 10:55:56.463  1621  1635 D MiuiRefreshRatePolicy: reset
03-02 10:55:56.465  1621  2200 D WindowManager: Set transition=TransitionRecord{184f5fe id=10152 type=CLOSE flags=0x0}, ready=true, SyncId=10152 
03-02 10:55:56.465 13966 13982 D AppScoutStateMachine: 13966-ScoutStateMachinecreated
03-02 10:55:56.466  1999  1999 D Launcher.Lifecycle: onStart:UserHandle{0},c143874,false
03-02 10:55:56.466  2363  2477 I MultiTaskingTaskRepository: no MULTI_WINDOW, but base activity is null
03-02 10:55:56.467  2363  2477 D MiuiFreeformModeCornerTipHandler: task#37027 onTaskVanished
03-02 10:55:56.467  2363  2477 I MiuiBubbleController: removeBubble: 37027 reason=2
03-02 10:55:56.467  2363  2477 I MultiTaskingTaskInfo: before call clearMaskControl task id = 37027, CoverLayerController = null, callers=com.android.wm.shell.multitasking.taskmanager.MultiTaskingTaskListener.onTaskInfoChanged:268 com.android.wm.shell.ShellTaskOrganizer.onTaskInfoChanged:145 android.window.TaskOrganizer$1.lambda$onTaskInfoChanged$7:322 android.window.TaskOrganizer$1.$r8$lambda$WEHIPeFifg1My6LbK9dElRxchX4:0 android.window.TaskOrganizer$1$$ExternalSyntheticLambda7.run:0 
03-02 10:55:56.468  2363  2477 I MultiTaskingTaskRepository: onTaskInfoChanged multi list = [5, 4], full = [37029, 37027, 37019, 36980]
03-02 10:55:56.468  1621  1648 D Aurogon :  uid = 10166 switch to FG
03-02 10:55:56.468  1621  1651 D MiuiRefreshRatePolicy: reset
03-02 10:55:56.468  2363  2477 D MiuiFreeformModeController: onFocusTaskChanged taskInfo: TaskInfo{userId=0 taskId=37027 displayId=0 isRunning=true baseIntent=Intent { flg=0x14850000 pkg=com.google.android.googlequicksearchbox cmp=com.google.android.googlequicksearchbox/com.google.android.apps.search.assistant.surfaces.voice.robin.ui.floaty.activity.FloatyActivity } baseActivity=ComponentInfo{com.google.android.googlequicksearchbox/com.google.android.apps.search.assistant.surfaces.voice.robin.ui.floaty.activity.FloatyActivity} topActivity=ComponentInfo{com.google.android.googlequicksearchbox/com.google.android.apps.search.assistant.surfaces.voice.robin.ui.floaty.activity.FloatyActivity} origActivity=null realActivity=ComponentInfo{com.google.android.googlequicksearchbox/com.google.android.apps.search.assistant.surfaces.voice.robin.ui.floaty.activity.FloatyActivity} numActivities=1 lastActiveTime=1028315875 supportsSplitScreenMultiWindow=true supportsMultiWindow=true resizeMode=2 isResizeable=true minWidth=-1 minHeight=-1 defaultMinSize=200 token=WCT{android.window.IWindowContainerToken$Stub$Proxy@6458f4d} topActivityType=1 pictureInPictureParams=null shouldDockBigOverlays=false launchIntoPipHostTaskId=-1 lastParentTaskIdBeforePip=-1 displayCutoutSafeInsets=null topActivityInfo=ActivityInfo{fd5aa02 com.google.android.apps.search.assistant.surfaces.voice.robin.ui.floaty.activity.FloatyActivity} launchCookies=[] positionInParent=Point(0, 0) parentTaskId=-1 isFocused=true isVisible=false isVisibleRequested=true isSleeping=false locusId=null displayAreaFeatureId=1 isTopActivityTransparent=true appCompatTaskInfo=AppCompatTaskInfo { topActivityInSizeCompat=false topActivityEligibleForLetterboxEducation= falseisLetterboxEducationEnabled= false isLetterboxDoubleTapEnabled= false topActivityEligibleForUserAspectRatioButton= false topActivityBoundsLetterboxed= false isFromLetterboxDoubleTap= false topActivityLetterboxVerticalPosition= -1 topActivityLetterboxHorizontalPosition= -1 topActivityLetterboxWidth=1080 topActivityLetterboxHeight=2460 isUserFullscreenOverrideEnabled=false isSystemFullscreenOverrideEnabled=false cameraCompatTaskInfo=CameraCompatTaskInfo { cameraCompatControlState=hidden freeformCameraCompatMode=inactive}} isImmersive=false mTopActivityRequestOrientation=-2 mBehindAppLockPkg=null mOriginatingUid=0 isEmbedded=false shouldBeVisible=true mIsCastMode=false mTopActivityMediaSize=null mTopActivityRecordName=ActivityRecord{6d71709 u0 com.google.android.googlequicksearchbox/com.google.android.apps.search.assistant.surfaces.voice.robin.ui.floaty.activity.FloatyActivity t37027} mTopActivityOrientation=-1}
03-02 10:55:56.468  1999  1999 D LauncherAssistantCompatGoogle: onStart com.google.android.libraries.gsa.launcherclient.LauncherClient@b8351e8
03-02 10:55:56.469  2363  2477 D OneHandedController: stopOneHanded state is 0
03-02 10:55:56.469  1621  1651 I BLASTSyncEngine: SyncGroup 10152:  Unfinished container:ActivityRecord{9880759 u0 com.miui.home/.launcher.Launcher t2}
03-02 10:55:56.469  6515  8973 D PerfEngineController: ForegroundInfo{mForegroundPackageName='com.google.android.googlequicksearchbox', mForegroundUid=10165, mForegroundPid=13966, mLastForegroundPackageName='com.softnation.Ojam', mLastForegroundUid=10337, mLastForegroundPid=1043, mMultiWindowForegroundPackageName='com.google.android.googlequicksearchbox', mMultiWindowForegroundUid=10165, mFlags=0}
03-02 10:55:56.469  1621  1651 I BLASTSyncEngine: isActivitySyncFinished isSyncFinished false ActivityRecord{9880759 u0 com.miui.home/.launcher.Launcher t2}
03-02 10:55:56.470  1621  1907 D MiuiMultiWindowUtils: DeviceLevel.IS_MIUI_LITE_VERSION 2.0 not support miui multiWindowtides
03-02 10:55:56.470  2363  2363 I FocusedNotifPromptContr: onTopActivityMayChanged: isSupportPip false, isFocus false
03-02 10:55:56.470  2363  2363 I FocusedNotifPromptContr: onTopActivityMayChanged: topActivity=com.google.android.googlequicksearchbox
03-02 10:55:56.470  2363  2363 I PromptViewAnimState: topActivityMayChanged: topActivity=com.softnation.Ojam --> com.google.android.googlequicksearchbox
03-02 10:55:56.470  1621  1650 D ActivityManager: mediaResourceManagerBinder get success
03-02 10:55:56.471  2363  2363 D KeyguardEditorHelper: onTopActivityMayChanged, topActivity=ComponentInfo{com.google.android.googlequicksearchbox/com.google.android.apps.search.assistant.surfaces.voice.robin.ui.floaty.activity.FloatyActivity}; mState=IDEL
03-02 10:55:56.471 13966 13966 I azdq    : #onStart (PageContainer)
03-02 10:55:56.471  1124  1124 D ResourceManagerServiceNew: update package name: com.google.android.googlequicksearchbox
03-02 10:55:56.472  1621  2200 I ATMSImpl: cacheTasksForDefaultDisplay size=4
03-02 10:55:56.472 13966 13966 W WindowOnBackDispatcher: OnBackInvokedCallback is not enabled for the application.
03-02 10:55:56.472 13966 13966 W WindowOnBackDispatcher: Set 'android:enableOnBackInvokedCallback="true"' in the application manifest.
03-02 10:55:56.473  6027 20777 D v1      : myUserId = 0	currentUserId0
03-02 10:55:56.473  1124  1124 D ResourceManagerServiceNew: packageName: com.google.android.googlequicksearchbox, uid : 10165, hashCode : 23530812
03-02 10:55:56.473  1124  1124 D ResourceManagerServiceNew: ResourceManagerService::setCodecsVppModeWithLock
03-02 10:55:56.473  1621  1907 D BluetoothAdapter: getActiveDevices(profile= A2DP)
03-02 10:55:56.473  1999 29002 D EventBus: No subscribers registered for event class com.miui.home.recents.messages.RecentTasksChangedEvent
03-02 10:55:56.473  1124  1124 D ResourceManagerServiceNew: all codecs setVppMode return fail
03-02 10:55:56.474  1999 29002 D EventBus: No subscribers registered for event class org.greenrobot.eventbus.NoSubscriberEvent
03-02 10:55:56.474  1621  1635 W ProcessStats: Tracking association SourceState{ef0c327 com.mi.globalminusscreen/10162 BTop #1373035} whose proc state 2 is better than process ProcessState{32b3553 com.miui.analytics/10168 pkg=com.miui.analytics} proc state 3 (8 skipped)
03-02 10:55:56.474  1999  2684 D RecentsModel: onTaskStackChangedBackground    MSG_TASK_STACK_CHANGE
03-02 10:55:56.474  1999  2684 D RecentsModel: boostTaskStackChangedThread once, tid=2684, recentResourceLoaderTid=2525
03-02 10:55:56.474  1999  2684 W MiBridge: Permission not granted !!
03-02 10:55:56.475  1999  2684 D Launcher.Boost: setDynamicVIPTaskIfNeeded::tid = 2684 duration = 500
03-02 10:55:56.475 13966 13966 I bgat    : [hasSecondaryDisplayAndMainDisplayIsDisabled] Main display is ON
03-02 10:55:56.475  1621  1648 D Aurogon :  uid = 10165 switch to FG
03-02 10:55:56.475 13966 13966 I bgat    : [hasSecondaryDisplayAndMainDisplayIsDisabled] Main display is ON
03-02 10:55:56.477  1621  1635 E ClipboardServiceI: removeActivePermissionOwnerForPackage: mPrimaryClipPackage is null or get is null
03-02 10:55:56.478  1621  2200 I ATMSImpl: cacheTasksForDefaultDisplay size=4
03-02 10:55:56.478  1621  1907 D BluetoothAdapter: getActiveDevices(profile= HEADSET)
03-02 10:55:56.478 13966 13966 I bgat    : [hasSecondaryDisplayAndMainDisplayIsDisabled] Main display is ON
03-02 10:55:56.478  1621  1635 D WindowManager: Set transition=TransitionRecord{184f5fe id=10152 type=CLOSE flags=0x0}, ready=true, SyncId=10152 
03-02 10:55:56.479  1621  1635 D WindowManager: Set transition=TransitionRecord{184f5fe id=10152 type=CLOSE flags=0x0}, ready=true, SyncId=10152 
03-02 10:55:56.479  1621  1635 I AppsFilter: interaction: PackageSetting{131896e com.android.microdroid.empty_payload/10255} -> PackageSetting{904515f com.softnation.Ojam/10337} BLOCKED
03-02 10:55:56.480  1621  1635 W ActivityManager: Invalid packageName: com.softnation.Ojam
03-02 10:55:56.480   921   921 I BpBinder: onLastStrongRef automatically unlinking death recipients: 
03-02 10:55:56.480  1621  1651 I ActivityTaskManager: visible for Task{9af9323 #37029 type=standard A=10337:com.softnation.Ojam} visible = true isAnimating = false TRANSITION = false PARENTS = false CHILDREN = false
03-02 10:55:56.481  1621  1907 D BluetoothAdapter: getActiveDevices(profile= LE_AUDIO)
03-02 10:55:56.481  1621  1651 D SurfaceComposerClient: Transaction::apply InputWindowCommands.focusRequests timestamp=610550015924621, windowName=<null>
03-02 10:55:56.482  1999  2684 D RecentsModel: getRunningTask ignoreActivityType : 2 ,ignoreWindowMode:5
03-02 10:55:56.482   849   868 I hwcomposer: [HWCDisplay] (0 updateFps():3667), (type:1, mode:2) fps:0.291961,dur:3425.12,max:3425.12,min:3425.12  
03-02 10:55:56.482  6027 28224 I ProcessMonitor: onForegroundInfoChanged: ForegroundInfo{mForegroundPackageName='com.google.android.googlequicksearchbox', mForegroundUid=10165, mForegroundPid=13966, mLastForegroundPackageName='com.softnation.Ojam', mLastForegroundUid=10337, mLastForegroundPid=1043, mMultiWindowForegroundPackageName='com.google.android.googlequicksearchbox', mMultiWindowForegroundUid=10165, mFlags=0}
03-02 10:55:56.482  1999  2684 W RecentsModel: getRunningTask   taskInfo=TaskInfo{userId=0 taskId=37027 displayId=0 isRunning=true baseIntent=Intent { flg=0x14850000 pkg=com.google.android.googlequicksearchbox cmp=com.google.android.googlequicksearchbox/com.google.android.apps.search.assistant.surfaces.voice.robin.ui.floaty.activity.FloatyActivity } baseActivity=ComponentInfo{com.google.android.googlequicksearchbox/com.google.android.apps.search.assistant.surfaces.voice.robin.ui.floaty.activity.FloatyActivity} topActivity=ComponentInfo{com.google.android.googlequicksearchbox/com.google.android.apps.search.assistant.surfaces.voice.robin.ui.floaty.activity.FloatyActivity} origActivity=null realActivity=ComponentInfo{com.google.android.googlequicksearchbox/com.google.android.apps.search.assistant.surfaces.voice.robin.ui.floaty.activity.FloatyActivity} numActivities=1 lastActiveTime=1028315900 supportsSplitScreenMultiWindow=true supportsMultiWindow=true resizeMode=2 isResizeable=true minWidth=-1 minHeight=-1 defaultMinSize=200 token=WCT{android.window.IWindowContainerToken$Stub$Proxy@1213654} topActivityType=1 pictureInPictureParams=null shouldDockBigOverlays=false launchIntoPipHostTaskId=-1 lastParentTaskIdBeforePip=-1 displayCutoutSafeInsets=null topActivityInfo=ActivityInfo{2a9e9fd com.google.android.apps.search.assistant.surfaces.voice.robin.ui.floaty.activity.FloatyActivity} launchCookies=[] positionInParent=Point(0, 0) parentTaskId=-1 isFocused=true isVisible=false isVisibleRequested=true isSleeping=false locusId=null displayAreaFeatureId=1 isTopActivityTransparent=true appCompatTaskInfo=AppCompatTaskInfo { topActivityInSizeCompat=false topActivityEligibleForLetterboxEducation= falseisLetterboxEducationEnabled= false isLetterboxDoubleTapEnabled= false topActivityEligibleForUserAspectRatioButton= false topActivityBoundsLetterboxed= false isFromLetterboxDoubleTap= false topActivityLetterboxVerticalPosition= -1 topActivityLetterboxHorizontalPosition= -1 topActivityLetterboxWidth=1080 topActivityLetterboxHeight=2460 isUserFullscreenOverrideEnabled=false isSystemFullscreenOverrideEnabled=false cameraCompatTaskInfo=CameraCompatTaskInfo { cameraCompatControlState=hidden freeformCameraCompatMode=inactive}} isImmersive=false mTopActivityRequestOrientation=-2 mBehindAppLockPkg=null mOriginatingUid=0 isEmbedded=false shouldBeVisible=true mIsCastMode=false mTopActivityMediaSize=null mTopActivityRecordName=ActivityRecord{6d71709 u0 com.google.android.googlequicksearchbox/com.google.android.apps.search.assistant.surfaces.voice.robin.ui.floaty.activity.FloatyActivity t37027} mTopActivityOrientation=-1}
03-02 10:55:56.482  1999  2684 D RecentsModel: preloadRecents runningTaskId:37027, mCurrentRunningTaskId:-1, mRecentsTaskLoadPlan=com.android.systemui.shared.recents.model.RecentsTaskLoadPlan@e51e6f2
03-02 10:55:56.483   921   921 I MI-SF   : surfaceflinger setAffinity mode=0
03-02 10:55:56.484   921   921 E MI-SF   : surfaceflinger setAffinity success
03-02 10:55:56.485  1999  2684 E ActivityManagerWrapper: get all recent tasks force including 37027
03-02 10:55:56.485 13966  4112 I ayzy    : (REDACTED) buildNewState: %s, %s
03-02 10:55:56.486 13966  4112 I azad    : #sendHideEvent
03-02 10:55:56.487 18562 18581 E BluetoothAdapterService: getActiveDevices: LeAudioService is null
03-02 10:55:56.487  1621  1746 E JobScheduler: ResourceBudgetManagerInternal is null
03-02 10:55:56.487 13966  4699 I ayzy    : (REDACTED) #processEvent: %s
03-02 10:55:56.482  6027 28224 I VideoBoxUtils: isSupportVideoBox: false
03-02 10:55:56.488  6027 28224 I VideoToolBoxService: vtb is closed!!!
03-02 10:55:56.488  1621  1907 D AudioSystem: +setParameters(): foregroundUid=10165;bluetoothlowlatencystatus=false 
03-02 10:55:56.488  1621  1907 D AudioSystem: start get log level!
03-02 10:55:56.489  1621  2200 I SmartPower: com.mi.globalminusscreen/10162(11917): idle->visible(310867ms) R(become visible) adj=100.
03-02 10:55:56.491   843 24566 D AudioALSAHardware: +setParameters(): bluetoothlowlatencystatus=false;foregroundUid=10165
03-02 10:55:56.491   843 24566 D AudioALSAHardware: -setParameters(): bluetoothlowlatencystatus=false;foregroundUid=10165
03-02 10:55:56.491   921  1170 I BufferQueueDebug: [LauncherOverlayWindow:com.mi.globalminusscreen#133579](this:0xb400007bcecb6ec8,id:-1,api:0,p:-1,c:-1) BufferQueue core=(921:/system/bin/surfaceflinger)
03-02 10:55:56.494  1999  1999 D Launcher: Launcher.DeviceConfig onStart bounds = Rect(0, 0 - 1080, 2460)
03-02 10:55:56.495   843 24566 E AHAL_Module: setVendorParameters: default: unrecognized parameter "bluetoothlowlatencystatus=false;foregroundUid=10165"
03-02 10:55:56.495  1621  1842 I MiuiNetworkPolicy: updateUidState uid = 99351, uidState = 3
03-02 10:55:56.495  1621  1842 I MiuiNetworkPolicy: updateUidState uid = 10261, uidState = 3
03-02 10:55:56.495  1621  1842 I MiuiNetworkPolicy: updateUidState uid = 10200, uidState = 3
03-02 10:55:56.495  1621  1842 I MiuiNetworkPolicy: updateUidState uid = 10181, uidState = 3
03-02 10:55:56.495  1621  1842 I MiuiNetworkPolicy: updateUidState uid = 10168, uidState = 3
03-02 10:55:56.495  1621  1842 I MiuiNetworkPolicy: updateUidState uid = 10166, uidState = 2
03-02 10:55:56.495  1621  1842 I MiuiNetworkPolicy: updateUidState uid = 10165, uidState = 2
03-02 10:55:56.495  1621  1842 I MiuiNetworkPolicy: updateUidState uid = 10162, uidState = 3
03-02 10:55:56.495  1621  1842 I MiuiNetworkPolicy: updateUidState uid = 10147, uidState = 3
03-02 10:55:56.495   894  7410 E ConversionHelperAidl: Function: parseAndSetVendorParameters Line: 97 Failed 
03-02 10:55:56.495 11917 12034 D LauncherOverlay: setActivityState:1
03-02 10:55:56.496  1621  2200 D MiuiRefreshRatePolicy: reset
03-02 10:55:56.498  1999  2684 D ActivityManagerWrapper: groupedRecentTaskInfoCompat.getMainTaskId :37027, isExcluded is True
03-02 10:55:56.499  1999 17839 D Launcher.Utilities: select screen is:personal_assistant_google
03-02 10:55:56.499  1999  2684 E ActivityManagerWrapper: getRecentTasksForceIncludingTaskIdIfValid: getRecentTasks: size=4
03-02 10:55:56.499  1999  2684 E ActivityManagerWrapper:  mainTaskId=37027   userId=0   windowMode=1   baseIntent=Intent { act=null flag=344260608 cmp=ComponentInfo{com.google.android.googlequicksearchbox/com.google.android.apps.search.assistant.surfaces.voice.robin.ui.floaty.activity.FloatyActivity} }
03-02 10:55:56.499  1999  2684 E ActivityManagerWrapper:  mainTaskId=37029   userId=0   windowMode=1   baseIntent=Intent { act=null flag=268435456 cmp=ComponentInfo{com.softnation.Ojam/com.softnation.Ojam.MainActivity} }
03-02 10:55:56.499  1999  2684 E ActivityManagerWrapper:  mainTaskId=37019   userId=0   windowMode=1   baseIntent=Intent { act=null flag=268435456 cmp=ComponentInfo{com.whatsapp/com.whatsapp.home.ui.HomeActivity} }
03-02 10:55:56.499  1999  2684 E ActivityManagerWrapper:  mainTaskId=36980   userId=0   windowMode=1   baseIntent=Intent { act=android.intent.action.MAIN flag=270532608 cmp=ComponentInfo{com.twitter.android/com.twitter.android.StartActivity} }
03-02 10:55:56.499  1621  2200 I BLASTSyncEngine: SyncGroup 10152:  Unfinished container:ActivityRecord{9880759 u0 com.miui.home/.launcher.Launcher t2}
03-02 10:55:56.499  1621  2200 I BLASTSyncEngine: isActivitySyncFinished isSyncFinished false ActivityRecord{9880759 u0 com.miui.home/.launcher.Launcher t2}
03-02 10:55:56.499   843 24566 D AHAL_ModuleBluetooth: setVendorParameters: parameter count 1, async: 0
03-02 10:55:56.499   843 24566 D AHAL_ModuleBluetooth: setVendorParameters: bluetoothlowlatencystatus=false;foregroundUid=10165
03-02 10:55:56.500  1621  4246 D ConnectivityService: requestNetwork for uid/pid:10165/13966 activeRequest: null callbackRequest: 242231 [NetworkRequest [ REQUEST id=242232, [ Capabilities: INTERNET&NOT_RESTRICTED&TRUSTED&NOT_VCN_MANAGED&NOT_BANDWIDTH_CONSTRAINED Uid: 10165 RequestorUid: 10165 RequestorPkg: com.google.android.googlequicksearchbox UnderlyingNetworks: Null] ]] callback flags: 0 order: 2147483647 isUidTracked: false declaredMethods: AVAIL|LOST
03-02 10:55:56.500  1621  2200 I WindowManager: Relayout Window{ff9cdea u0 LauncherOverlayWindow:com.mi.globalminusscreen}: oldVis=8 newVis=0 focusMayChange = true requestedWidth = 1080 requestedHeight = 2460 outFrames = ClientWindowFrames{frame=[0,0][1080,2460] display=[0,0][1080,2460] parentFrame=[0,0][0,0]} outSurfaceControl = Surface(name=LauncherOverlayWindow:com.mi.globalminusscreen#133579)/@0x3d97a62
03-02 10:55:56.502 18562 13630 D BluetoothLatencyMode: ForegroundInfo{mForegroundPackageName='com.google.android.googlequicksearchbox', mForegroundUid=10165, mForegroundPid=13966, mLastForegroundPackageName='com.softnation.Ojam', mLastForegroundUid=10337, mLastForegroundPid=1043, mMultiWindowForegroundPackageName='com.google.android.googlequicksearchbox', mMultiWindowForegroundUid=10165, mFlags=0}
03-02 10:55:56.502 18562 13630 W LeAudioService: getLeAudioService(): service is NULL
03-02 10:55:56.502 18562 13630 D BluetoothLatencyMode: isWiredAudioHeadset.type: 1
03-02 10:55:56.502 18562 13630 D BluetoothLatencyMode: isWiredAudioHeadset.type: 2
03-02 10:55:56.502 18562 13630 D BluetoothLatencyMode: isWiredAudioHeadset.type: 18
03-02 10:55:56.502 18562 13630 D BluetoothLatencyMode: isWiredAudioHeadset.type: 14
03-02 10:55:56.503  1621  4763 I SmartPower: com.google.android.googlequicksearchbox:googleapp/10165(14013): invisible->visible(42ms) R(become visible) adj=100.
03-02 10:55:56.504   921  1587 I BufferQueueDebug: [LauncherMinusOneScreen#133580](this:0xb400007bcecab888,id:-1,api:0,p:-1,c:-1) BufferQueue core=(921:/system/bin/surfaceflinger)
03-02 10:55:56.504  1621  4246 D AppLock_AccessControlImpl: activityResume packageName: com.google.android.googlequicksearchbox userId: 0 enabled: true
03-02 10:55:56.504  1621  4246 D AppLock_AccessControlImpl: activityResume lockMode: 1
03-02 10:55:56.505 13966 13966 D SecurityManager: checkAccessControl flag1
03-02 10:55:56.507 13966 13966 I azdq    : #onResume (PageContainer)
03-02 10:55:56.508 13966 13966 I aoyz    : Starting to execute activity foreground action
03-02 10:55:56.508 13966 13966 I aoyz    : Successfully executed activity foreground action
03-02 10:55:56.509   921   921 D SurfaceFlinger: Focus addInputWindowCommands timestamp=610550015924621, windowName=<null>
03-02 10:55:56.509  6515  6997 D MilletUtils: setUidState, uid = 10165 allow = true
03-02 10:55:56.509  1621  4246 D MiSensorServiceImpl: PowerKeeperSensor resume iUid:10165 but app has not in Controlled
03-02 10:55:56.510 13966 13966 I aoyz    : Starting to execute activity foreground action
03-02 10:55:56.510 13966 13966 I aoyz    : Successfully executed activity foreground action
03-02 10:55:56.510 13966 13966 I aoyz    : Starting to execute activity foreground action
03-02 10:55:56.510 13966 13966 I aoyz    : Starting to execute activity foreground action
03-02 10:55:56.511 13966 13966 I aoyz    : Successfully executed activity foreground action
03-02 10:55:56.511  1621  4763 D MiuiRefreshRatePolicy: reset
03-02 10:55:56.511 13966 13966 I aoyz    : Starting to execute activity foreground action
03-02 10:55:56.511 13966 13966 I aoyz    : Successfully executed activity foreground action
03-02 10:55:56.511 13966 13966 I aoyz    : Starting to execute activity foreground action
03-02 10:55:56.511 13966 13966 I aoyz    : Successfully executed activity foreground action
03-02 10:55:56.511 13966 14142 I anhl    : Reading app policies state from PDS
03-02 10:55:56.511 13966 14142 I anhl    : App policies state is still valid
03-02 10:55:56.512  1621  4763 I BLASTSyncEngine: SyncGroup 10152:  Unfinished container:ActivityRecord{9880759 u0 com.miui.home/.launcher.Launcher t2}
03-02 10:55:56.512  1621  4763 I BLASTSyncEngine: isActivitySyncFinished isSyncFinished false ActivityRecord{9880759 u0 com.miui.home/.launcher.Launcher t2}
03-02 10:55:56.512  1621  1843 D WifiNetworkFactory: got request NetworkRequest [ REQUEST id=242232, [ Capabilities: INTERNET&NOT_RESTRICTED&TRUSTED&NOT_VCN_MANAGED&NOT_BANDWIDTH_CONSTRAINED Uid: 10165 RequestorUid: 10165 RequestorPkg: com.google.android.googlequicksearchbox UnderlyingNetworks: Null] ]
03-02 10:55:56.513   921  1483 D SurfaceFlinger: updateWinowInfo=1, setFocusedWindow timestamp=610550015924621, windowName=<null>
03-02 10:55:56.513  1621  2834 D FileUtils: Rounded bytes from 8055762944 to 16000000000
03-02 10:55:56.514 13966 13966 I aoyz    : Starting to execute activity foreground action
03-02 10:55:56.514 13966 13966 I amgy    : Triggering freemium quota refresh on startup
03-02 10:55:56.514 13966 13966 I aoyz    : Successfully executed activity foreground action
03-02 10:55:56.515 13966 13966 I aqtu    : Maybe Dispatching intercepted touch
03-02 10:55:56.515 13966 13966 I aqtu    : No intercepted taps.
03-02 10:55:56.515 13966 13966 I azdq    : #handleFloatyIntent - FloatyPageContainerFragmentPeer
03-02 10:55:56.516 13966 13966 I aznm    : #onResume
03-02 10:55:56.516 13966 13966 I ajvw    : (REDACTED) #onResume %s
03-02 10:55:56.516  1621  1856 D ConnectivityService: NetReassign [242232 : null ΓåÆ 255] [c 0] [a 3] [i 11]
03-02 10:55:56.517  1621  1843 D UntrustedWifiNetworkFactory: got request NetworkRequest [ REQUEST id=242232, [ Capabilities: INTERNET&NOT_RESTRICTED&TRUSTED&NOT_VCN_MANAGED&NOT_BANDWIDTH_CONSTRAINED Uid: 10165 RequestorUid: 10165 RequestorPkg: com.google.android.googlequicksearchbox UnderlyingNetworks: Null] ]
03-02 10:55:56.517  1621  1843 D OemPaidWifiNetworkFactory: got request NetworkRequest [ REQUEST id=242232, [ Capabilities: INTERNET&NOT_RESTRICTED&TRUSTED&NOT_VCN_MANAGED&NOT_BANDWIDTH_CONSTRAINED Uid: 10165 RequestorUid: 10165 RequestorPkg: com.google.android.googlequicksearchbox UnderlyingNetworks: Null] ]
03-02 10:55:56.517  1621  1843 D MultiInternetWifiNetworkFactory: got request NetworkRequest [ REQUEST id=242232, [ Capabilities: INTERNET&NOT_RESTRICTED&TRUSTED&NOT_VCN_MANAGED&NOT_BANDWIDTH_CONSTRAINED Uid: 10165 RequestorUid: 10165 RequestorPkg: com.google.android.googlequicksearchbox UnderlyingNetworks: Null] ]
03-02 10:55:56.518 13966 13966 I ajpw    : (REDACTED) Primary locale found %s
03-02 10:55:56.519 13966 14006 I amgt    : (REDACTED) Limit not reached, shouldRefresh=%s
03-02 10:55:56.519 13966 14006 I apaf    : (REDACTED) #TRIGGER_TYPE type is: %s
03-02 10:55:56.519 13966 14006 I apaf    : (REDACTED) #TRIGGER_TYPE islockscreen is: %s
03-02 10:55:56.519 13966 13966 I djzh    : (REDACTED) isAppDefaultAssistant setting: %s
03-02 10:55:56.520 13966 13966 I djzh    : (REDACTED) isAppDefaultAssistant defaultComponentName: %s
03-02 10:55:56.520 13966 13966 W behj    : (REDACTED) The setting %s has not been set, or the string value is not a number
03-02 10:55:56.520   921  1170 D MI-SF   : updateScene: module = 258 (TpIdle), value = 1, pkg = com.google.android.googlequicksearchbox
03-02 10:55:56.520   921  1170 D MI-SF   : updateScene mSetTpIdleFlag 1
03-02 10:55:56.520 13966 13966 W behj    : (REDACTED) The setting %s has not been set, or the string value is not a number
03-02 10:55:56.520  1621  4763 I WindowManager: Relayout Window{c20b10a u0 LauncherMinusOneScreen}: oldVis=8 newVis=0 focusMayChange = true requestedWidth = 1080 requestedHeight = 2460 outFrames = ClientWindowFrames{frame=[0,0][1080,2460] display=[0,0][1080,2460] parentFrame=[0,0][0,0]} outSurfaceControl = Surface(name=LauncherMinusOneScreen#133580)/@0x8a504f
03-02 10:55:56.523 13966 14006 I ajoh    : Device not matched [CONTEXT ratelimit_period="10 SECONDS" skipped=1 ]
03-02 10:55:56.523 13966 13986 D ActivityThread: the event that target app starts is : AppLaunchEvent{mType='441', mProcessName='com.google.android.googlequicksearchbox:search', mPackageName='com.google.android.googlequicksearchbox', mIsMainProcess='false', mVersionCode='301702678', mLaunchTime='2026-03-02'}
03-02 10:55:56.524 11917 11917 D BufferQueueConsumer: [](id:2e8d00000022,api:0,p:-1,c:11917) connect: controlledByApp=false
03-02 10:55:56.524 13966 13966 I bgat    : [hasSecondaryDisplayAndMainDisplayIsDisabled] Main display is ON
03-02 10:55:56.525   921  1170 I BufferQueueDebug: [com.miui.home/com.miui.home.launcher.Launcher#133581](this:0xb400007bcec97998,id:-1,api:0,p:-1,c:-1) BufferQueue core=(921:/system/bin/surfaceflinger)
03-02 10:55:56.525 13966 13966 I bgat    : [hasSecondaryDisplayAndMainDisplayIsDisabled] Main display is ON
03-02 10:55:56.525 13966 13966 I bgat    : [hasSecondaryDisplayAndMainDisplayIsDisabled] Main display is ON
03-02 10:55:56.525 13966 13966 I bgat    : [hasSecondaryDisplayAndMainDisplayIsDisabled] Main display is ON
03-02 10:55:56.525 11917 11917 D BLASTBufferQueue: [VRI[globalminusscreen]#34](f:0,a:0) constructor()
03-02 10:55:56.525 11917 11917 D BLASTBufferQueue: [VRI[globalminusscreen]#34](f:0,a:0) update width=1080 height=2460 format=-2 mTransformHint=0
03-02 10:55:56.526 13966 13966 I aysr    : (REDACTED) Setting floaty + banner max height to: %s (the maximumContentHeight is: %s, and the extraAllowedHeight is: %s)
03-02 10:55:56.526 13966 13966 I bgat    : [hasSecondaryDisplayAndMainDisplayIsDisabled] Main display is ON
03-02 10:55:56.527  2350  2350 D CarrierSvcBindHelper: onHandleForceStop: [com.softnation.Ojam]
03-02 10:55:56.527 13966 13966 I bgat    : [hasSecondaryDisplayAndMainDisplayIsDisabled] Main display is ON
03-02 10:55:56.528  2350  2350 D CarrierSvcBindHelper: No carrier app for: 0
03-02 10:55:56.529  2350  2350 D CarrierSvcBindHelper: No carrier app for: 1
03-02 10:55:56.529 11917 11917 D VRI[globalminusscreen]: vri.reportNextDraw android.view.ViewRootImpl.performTraversals:4984 android.view.ViewRootImpl.doTraversal:3564 android.view.ViewRootImpl$TraversalRunnable.run:11781 android.view.Choreographer$CallbackRecord.run:1804 android.view.Choreographer$CallbackRecord.run:1813 
03-02 10:55:56.529 11917 11917 D VRI[globalminusscreen]: Setup new sync=wmsSync-VRI[globalminusscreen]#68
03-02 10:55:56.529  4243  5184 W MQSEventManager: occur
03-02 10:55:56.529  1621  2188 D MiuiRefreshRatePolicy: reset
03-02 10:55:56.531  1621  2188 I BLASTSyncEngine: SyncGroup 10152:  Unfinished container:ActivityRecord{9880759 u0 com.miui.home/.launcher.Launcher t2}
03-02 10:55:56.531  1621  2188 I BLASTSyncEngine: isActivitySyncFinished isSyncFinished false ActivityRecord{9880759 u0 com.miui.home/.launcher.Launcher t2}
03-02 10:55:56.533  1621  2188 I WindowManager: Relayout Window{d85ca12 u0 com.miui.home/com.miui.home.launcher.Launcher}: oldVis=8 newVis=0 focusMayChange = true requestedWidth = 1080 requestedHeight = 2460 outFrames = ClientWindowFrames{frame=[0,0][1080,2460] display=[0,0][1080,2460] parentFrame=[0,0][0,0]} outSurfaceControl = Surface(name=com.miui.home/com.miui.home.launcher.Launcher#133581)/@0xaf1f3e3
03-02 10:55:56.533  2363  2363 D NotificationMediaManager: Not dismissing 0|com.softnation.Ojam|1001|null|10337 because it was removed by the system
03-02 10:55:56.534  1621  1746 D CompatChangeReporter: Compat change id reported: 151861875; UID 10329; state: ENABLED
03-02 10:55:56.534 13966 14006 W aign    : #bnb# Bonobo client flag is not enabled
03-02 10:55:56.535 13966 14006 W aign    : #bnb# Permission status: Not eligible for Bonobo
03-02 10:55:56.535  1621  1651 I ActivityTaskManager: visible for Task{9af9323 #37029 type=standard A=10337:com.softnation.Ojam} visible = true isAnimating = false TRANSITION = false PARENTS = false CHILDREN = false
03-02 10:55:56.537  1621  1746 V GrammaticalInflectionUtils: AttributionSource: android.content.AttributionSource@beb77f3 does not have READ_SYSTEM_GRAMMATICAL_GENDER permission.
03-02 10:55:56.537   921  1166 I BufferQueueDebug: [com.google.android.googlequicksearchbox/com.google.android.apps.search.assistant.surfaces.voice.robin.ui.floaty.activity.FloatyActivity#133582](this:0xb400007bceca8af8,id:-1,api:0,p:-1,c:-1) BufferQueue core=(921:/system/bin/surfaceflinger)
03-02 10:55:56.538  2363  2363 D MiuiMediaControlPanel: removeListener
03-02 10:55:56.540 13966 14006 I allc    : ClockLookupExecutor is not enabled.
03-02 10:55:56.541  1621  4246 D WindowManager: Collecting in transition 10152: WallpaperWindowToken{d3319dd token=android.os.Binder@113b9b4} init visibleRequested:false
03-02 10:55:56.541  1621  4246 D WindowManager: Collecting in transition 10152: WallpaperWindowToken{d3319dd token=android.os.Binder@113b9b4} init visibleRequested:false
03-02 10:55:56.542  1999  1999 D BufferQueueConsumer: [](id:7cf00000571,api:0,p:-1,c:1999) connect: controlledByApp=false
03-02 10:55:56.542  1621  4246 D WindowManager: Collecting in transition 10152: WallpaperWindowToken{2d6d85a token=android.os.Binder@8dfa005} init visibleRequested:false
03-02 10:55:56.542  1621  4246 D WindowManager: Collecting in transition 10152: WallpaperWindowToken{2d6d85a token=android.os.Binder@8dfa005} init visibleRequested:false
03-02 10:55:56.543  1999  1999 D BLASTBufferQueue: [VRI[Launcher]#1193](f:0,a:0) constructor()
03-02 10:55:56.544  1999  1999 D BLASTBufferQueue: [VRI[Launcher]#1193](f:0,a:0) update width=1080 height=2460 format=1 mTransformHint=0
03-02 10:55:56.545  1621  4246 D MiuiRefreshRatePolicy: reset
03-02 10:55:56.545 14013 14013 D BufferQueueConsumer: [](id:36bd0000000d,api:0,p:-1,c:14013) connect: controlledByApp=false
03-02 10:55:56.546 13966 14006 I afwc    : (REDACTED) FCF System FeatureName to check: %s
03-02 10:55:56.547 14013 14013 D BLASTBufferQueue: [VRI[LauncherMinusOneScreen]#13](f:0,a:0) constructor()
03-02 10:55:56.547 14013 14013 D BLASTBufferQueue: [VRI[LauncherMinusOneScreen]#13](f:0,a:0) update width=1080 height=2460 format=-2 mTransformHint=0
03-02 10:55:56.548  1999  1999 D VRI[Launcher]: vri.reportNextDraw android.view.ViewRootImpl.performTraversals:4984 android.view.ViewRootImpl.doTraversal:3564 android.view.ViewRootImpl$TraversalRunnable.run:11781 android.view.Choreographer$CallbackRecord.run:1804 android.view.Choreographer$CallbackRecord.run:1813 
03-02 10:55:56.548 13966 14006 I afwc    : (REDACTED) FCF: Device model check status : %s
03-02 10:55:56.549  1999  1999 D VRI[Launcher]: Setup new sync=wmsSync-VRI[Launcher]#12
03-02 10:55:56.550  1621  4246 I BLASTSyncEngine: SyncGroup 10152:  Unfinished container:ActivityRecord{9880759 u0 com.miui.home/.launcher.Launcher t2}
03-02 10:55:56.550  1621  4246 I BLASTSyncEngine: isActivitySyncFinished isSyncFinished false ActivityRecord{9880759 u0 com.miui.home/.launcher.Launcher t2}
03-02 10:55:56.552  1621  4246 D MiuiRefreshRatePolicy: reset
03-02 10:55:56.552 13966 14006 I alwd    : (REDACTED) getRequiredCapabilities: Providing screen context, uiSource=%s
03-02 10:55:56.553  1621  4246 I BLASTSyncEngine: SyncGroup 10152:  Unfinished container:ActivityRecord{9880759 u0 com.miui.home/.launcher.Launcher t2}
03-02 10:55:56.553  1621  4246 I BLASTSyncEngine: isActivitySyncFinished isSyncFinished false ActivityRecord{9880759 u0 com.miui.home/.launcher.Launcher t2}
03-02 10:55:56.555 14013 14013 D VRI[LauncherMinusOneScreen]: vri.reportNextDraw android.view.ViewRootImpl.performTraversals:4984 android.view.ViewRootImpl.doTraversal:3564 android.view.ViewRootImpl$TraversalRunnable.run:11781 android.view.Choreographer$CallbackRecord.run:1804 android.view.Choreographer$CallbackRecord.run:1813 
03-02 10:55:56.555  1999  1999 D DragContainerLayout: dispatch draw with clip rect: null
03-02 10:55:56.556  1621  4246 W WindowManager: Changing focus from null to Window{6009493 u0 com.google.android.googlequicksearchbox/com.google.android.apps.search.assistant.surfaces.voice.robin.ui.floaty.activity.FloatyActivity} displayId=0 Callers=com.android.server.wm.RootWindowContainer.updateFocusedWindowLocked:602 com.android.server.wm.WindowManagerService.updateFocusedWindowLocked:7168 com.android.server.wm.WindowManagerService.relayoutWindowInner:3076 com.android.server.wm.WindowManagerService.relayoutWindow:2724 
03-02 10:55:56.556 14013 14013 D VRI[LauncherMinusOneScreen]: Setup new sync=wmsSync-VRI[LauncherMinusOneScreen]#28
03-02 10:55:56.559 13966 14006 I djzh    : (REDACTED) isAppDefaultAssistant setting: %s
