03-02 10:55:59.196   921  1500 D MI-SF   : updateScene: module = 258 (TpIdle), value = 0, pkg = com.softnation.Ojam
03-02 10:55:59.196   921  1500 D MI-SF   : updateScene mSetTpIdleFlag 0
03-02 10:55:59.202  2953  2953 D FramePredict: FramePredict init: true
03-02 10:55:59.203  2953  2953 D UserSceneDetector: invoke error.
03-02 10:55:59.206  2953  2953 W Looper  : PerfMonitor doFrame : time=4ms vsyncFrame=19772664 latency=442ms procState=-1 historyMsgCount=3 (msgIndex=1 wall=1763ms seq=3 late=34ms h=android.app.ActivityThread$H w=110)
03-02 10:55:59.211  2953  2953 I ActivityThread: HardwareRenderer preload  done
03-02 10:55:59.215  2953  9312 D vulkan  : searching for layers in '/data/app/~~Bh61wenJZi6JNVEuOkVQfQ==/com.softnation.Ojam-nnCVAdHxKfOmup5FCuBDYQ==/lib/arm64'
03-02 10:55:59.216  2953  9312 D vulkan  : searching for layers in '/data/app/~~Bh61wenJZi6JNVEuOkVQfQ==/com.softnation.Ojam-nnCVAdHxKfOmup5FCuBDYQ==/base.apk!/lib/arm64-v8a'
03-02 10:55:59.218  2953  9312 D vulkan  : searching for layers in '/data/app/~~Bh61wenJZi6JNVEuOkVQfQ==/com.softnation.Ojam-nnCVAdHxKfOmup5FCuBDYQ==/lib/arm64'
03-02 10:55:59.219  2953  9312 D vulkan  : searching for layers in '/data/app/~~Bh61wenJZi6JNVEuOkVQfQ==/com.softnation.Ojam-nnCVAdHxKfOmup5FCuBDYQ==/base.apk!/lib/arm64-v8a'
03-02 10:55:59.226  1621  1918 E HyperSentinel: -------------------------------------------------------
03-02 10:55:59.227  1621  1918 E HyperSentinel: Event_ThreadAmount
03-02 10:55:59.227  1621  1918 E HyperSentinel: -> audit event by proc 2953 "usap64": running threads amount, 12 -> 23
03-02 10:55:59.232  2953  9312 D MMUD    : mtk_memory_debug_init com.softnation.Ojam 0xb400007c0895a5d0
03-02 10:55:59.263  1621  2834 I BroadcastQueue: BOOT_COMPLETED_BROADCAST_COMPLETION_LATENCY_REPORTED action:android.intent.action.BOOT_COMPLETED dispatchLatency:4 completeLatency:1884 dispatchRealLatency:4 completeRealLatency:1884 receiversSize:1 userId:0 userType:android.os.usertype.full.SYSTEM
03-02 10:55:59.277  2350  2350 W Settings: Setting airplane_mode_on has moved from android.provider.Settings.System to android.provider.Settings.Global, returning read-only value.
03-02 10:55:59.279  2350  2350 W Settings: Setting airplane_mode_on has moved from android.provider.Settings.System to android.provider.Settings.Global, returning read-only value.
03-02 10:55:59.283  2350 29580 D NetworkSpeedTracker: updateSignalInfo lteRsrp=-78lteSnr=18,phoneId=1
03-02 10:55:59.285  1621  1640 D AudioSystem: +setParameters(): gamebooster=false 
03-02 10:55:59.285  1621  1640 D AudioSystem: start get log level!
03-02 10:55:59.287   843 20263 D AudioALSAHardware: +setParameters(): gamebooster=false
03-02 10:55:59.287   843 20263 D AudioALSAHardware: -setParameters(): gamebooster=false
03-02 10:55:59.287   843 20263 E AHAL_Module: setVendorParameters: default: unrecognized parameter "gamebooster=false"
03-02 10:55:59.287  2350 29580 D NetworkSpeedTracker: updateSignalInfo lteRsrp=-78lteSnr=18,phoneId=1
03-02 10:55:59.287   894  4413 E ConversionHelperAidl: Function: parseAndSetVendorParameters Line: 97 Failed 
03-02 10:55:59.288   843 20263 D AHAL_ModuleBluetooth: setVendorParameters: parameter count 1, async: 0
03-02 10:55:59.289   843 20263 D AHAL_ModuleBluetooth: setVendorParameters: gamebooster=false
03-02 10:55:59.289 32719  9258 W BpBinder: Slow Binder: BpBinder transact took 393 ms, interface=android.content.IContentProvider, code=1 oneway=false
03-02 10:55:59.292  2953  2953 D AppCompatDelegate: Checking for metadata for AppLocalesMetadataHolderService : Service not found
03-02 10:55:59.305  1999  2756 D TaskStackChangeListeners: onTaskDescriptionChanged =  taskId = 37030
03-02 10:55:59.310  1999  2756 D TaskStackChangeListeners: onTaskDescriptionChanged =  taskId = 37030
03-02 10:55:59.313  1201  1298 D AALService: [CRTC_114] onALIChanged: 54 -> 48
03-02 10:55:59.334  2953  9316 D MMUD    : get_leak_baseline 3246391296
03-02 10:55:59.349  2953  2953 I softnation.Ojam: hiddenapi: Accessing hidden method Landroid/view/ViewGroup;->makeOptionalFitsSystemWindows()V (runtime_flags=0, domain=platform, api=unsupported) from Landroidx/appcompat/widget/ViewUtils; (domain=app, TargetSdkVersion=36) using reflection: allowed
03-02 10:55:59.502  1621  1676 D SsruManagerImpl: MiSsru Sensor not init!!!!
03-02 10:55:59.503   853   853 I Accelerometer: flush, flushCnt:1
03-02 10:55:59.507   853   923 I Accelerometer: flush complete, flushCnt:0
03-02 10:55:59.515 18562 12259 D BluetoothDevice: getAddress: mAddress=XX:XX:XX:XX:E1:4F
03-02 10:55:59.515 18562 12259 D BluetoothDevice: getAddress: mAddress=XX:XX:XX:XX:94:A5
03-02 10:55:59.515 18562 12259 D BluetoothDevice: getAddress: mAddress=XX:XX:XX:XX:6E:27
03-02 10:55:59.515 18562 12259 D BluetoothDevice: getAddress: mAddress=XX:XX:XX:XX:9D:81
03-02 10:55:59.515 18562 12259 D BluetoothDevice: getAddress: mAddress=XX:XX:XX:XX:EE:F9
03-02 10:55:59.516 18562 12259 D BluetoothDevice: getAddress: mAddress=XX:XX:XX:XX:C8:A7
03-02 10:55:59.516 18562 12259 D BluetoothDevice: getAddress: mAddress=XX:XX:XX:XX:2F:74
03-02 10:55:59.516 18562 12259 D BluetoothDevice: getAddress: mAddress=XX:XX:XX:XX:69:70
03-02 10:55:59.516 18562 12259 D BluetoothDevice: getAddress: mAddress=XX:XX:XX:XX:C0:39
03-02 10:55:59.518 18562 12259 D BluetoothDevice: getAddress: mAddress=XX:XX:XX:XX:E1:4F
03-02 10:55:59.518 18562 12259 D BluetoothDevice: getAddress: mAddress=XX:XX:XX:XX:94:A5
03-02 10:55:59.518 18562 12259 D BluetoothDevice: getAddress: mAddress=XX:XX:XX:XX:6E:27
03-02 10:55:59.519 18562 12259 D BluetoothDevice: getAddress: mAddress=XX:XX:XX:XX:9D:81
03-02 10:55:59.519 18562 12259 D BluetoothDevice: getAddress: mAddress=XX:XX:XX:XX:EE:F9
03-02 10:55:59.519 18562 12259 D BluetoothDevice: getAddress: mAddress=XX:XX:XX:XX:C8:A7
03-02 10:55:59.519 18562 12259 D BluetoothDevice: getAddress: mAddress=XX:XX:XX:XX:2F:74
03-02 10:55:59.519 18562 12259 D BluetoothDevice: getAddress: mAddress=XX:XX:XX:XX:69:70
03-02 10:55:59.519 18562 12259 D BluetoothDevice: getAddress: mAddress=XX:XX:XX:XX:C0:39
03-02 10:55:59.521 18562 12259 D BluetoothDevice: getAddress: mAddress=XX:XX:XX:XX:E1:4F
03-02 10:55:59.522 18562 12259 D BluetoothDevice: getAddress: mAddress=XX:XX:XX:XX:94:A5
03-02 10:55:59.522 18562 12259 D BluetoothDevice: getAddress: mAddress=XX:XX:XX:XX:6E:27
03-02 10:55:59.522 18562 12259 D BluetoothDevice: getAddress: mAddress=XX:XX:XX:XX:9D:81
03-02 10:55:59.522 18562 12259 D BluetoothDevice: getAddress: mAddress=XX:XX:XX:XX:EE:F9
03-02 10:55:59.522 18562 12259 D BluetoothDevice: getAddress: mAddress=XX:XX:XX:XX:C8:A7
03-02 10:55:59.522 18562 12259 D BluetoothDevice: getAddress: mAddress=XX:XX:XX:XX:2F:74
03-02 10:55:59.522 18562 12259 D BluetoothDevice: getAddress: mAddress=XX:XX:XX:XX:69:70
03-02 10:55:59.522 18562 12259 D BluetoothDevice: getAddress: mAddress=XX:XX:XX:XX:C0:39
03-02 10:55:59.523   849  1430 I hwcomposer: [HWC] (0)fire a callback of refresh to SF[4]  
03-02 10:55:59.526  2953  2953 W unknown:BridgelessReact: ReactHost{0}.startSurface(surfaceId = 0): Schedule
03-02 10:55:59.527  2953  2953 W unknown:BridgelessReact: ReactHost{0}.attachSurface(surfaceId = 0)
03-02 10:55:59.528  2953  9333 W unknown:BridgelessReact: ReactHost{0}.getOrCreateReactInstanceTask()
03-02 10:55:59.528  2953  9333 W unknown:BridgelessReact: ReactHost{0}.getOrCreateReactInstanceTask(): Start
03-02 10:55:59.529  2953  9333 W unknown:BridgelessReact: ReactHost{0}.getJSBundleLoader()
03-02 10:55:59.529  2953  9333 W unknown:BridgelessReact: ReactHost{0}.isMetroRunning()
03-02 10:55:59.536   921   921 I BufferQueueProducer: [FramebufferSurface](this:0xb400007d8e9dff50,id:-1,api:1,p:921,c:921) queueBuffer: fps=21.78 dur=2709.40 max=1731.20 min=12.97
03-02 10:55:59.538   849   868 I hwcomposer: [HWCDisplay] (0 updateFps():3667), (type:1, mode:2) fps:51.999878,dur:1038.46,max:155.83,min:15.42  
03-02 10:55:59.540   921   921 I MI-SF   : surfaceflinger setAffinity mode=1
03-02 10:55:59.541   921   921 E MI-SF   : surfaceflinger setAffinity success
03-02 10:55:59.541   921   921 I MI-SF   : surfaceflinger setreAffinity reTid=1207
03-02 10:55:59.541   921   921 E MI-SF   : surfaceflinger setAffinity success
03-02 10:55:59.551  2953  2953 W libc    : Access denied finding property "ro.vendor.df.effect.conflict"
03-02 10:55:59.554  1621  1636 D AppLock_AccessControlImpl: activityResume packageName: com.softnation.Ojam userId: 0 enabled: true
03-02 10:55:59.555  1621  1636 D AppLock_AccessControlImpl: activityResume lockMode: 1
03-02 10:55:59.555  2953  2953 D SecurityManager: checkAccessControl flag1
03-02 10:55:59.556  2953  2953 W unknown:BridgelessReact: ReactHost{0}.onHostResume(activity)
03-02 10:55:59.563   861   947 I libPerfCtl: xgfGetFPS pid:921 fps:-1
03-02 10:55:59.563   861   947 I libPerfCtl: xgfGetFPS pid:2363 fps:-1
03-02 10:55:59.565  2953  9310 I PowerHalWrapper: PowerHalWrapper.getInstance 
03-02 10:55:59.567  2953  2953 I SurfaceFactory: [static] sSurfaceFactory = com.mediatek.view.impl.SurfaceFactoryImpl@3781f37
03-02 10:55:59.568   921  1500 D SurfaceFlinger: [SF client] NEW(0xb400007caea26d40) for (2953:com.softnation.Ojam)
03-02 10:55:59.583  2953  2953 D MiuiCameraCoveredManager: java.lang.NullPointerException: Attempt to invoke virtual method 'java.lang.String android.provider.MiuiSettings$SettingsCloudData$CloudData.getString(java.lang.String, java.lang.String)' on a null object reference
03-02 10:55:59.584  2953  2953 D FramePredict: init success
03-02 10:55:59.585  1621  1729 W ActivityManager: Permission Denial: getCurrentUser() from pid=2953, uid=10337 requires android.permission.INTERACT_ACROSS_USERS
03-02 10:55:59.586  2953  9344 E FramePredict: registerContentObserver fail
03-02 10:55:59.589  2953  9312 W libc    : Access denied finding property "ro.vendor.display.iris_x7.support"
03-02 10:55:59.595  2953  9335 W unknown:BridgelessReact: ReactHost{0}.isMetroRunning(): Async result = true
03-02 10:55:59.596  2953  9333 W unknown:BridgelessReact: ReactHost{0}.loadJSBundleFromMetro()
03-02 10:55:59.596  2953  2953 I ForceDarkHelperStubImpl: setViewRootImplForceDark: false for com.softnation.Ojam.MainActivity@db08fa, reason: AppDarkModeEnable
03-02 10:55:59.596  2953  2953 D VRI[MainActivity]: hardware acceleration = true, forceHwAccelerated = false
03-02 10:55:59.599   921  1500 D SurfaceFlinger: [SF client] NEW(0xb400007caea4a320) for (1621:system_server)
03-02 10:55:59.600  1621  1918 E HyperSentinel: -------------------------------------------------------
03-02 10:55:59.600  1621  1918 E HyperSentinel: Event_ResidentSize
03-02 10:55:59.600  1621  1918 E HyperSentinel: -> audit event by proc 2953 "usap64": RSS increasement, peak 163180kb -> 244772kb
03-02 10:55:59.600  1621  1918 E HyperSentinel: -------------------------------------------------------
03-02 10:55:59.600  1621  1918 E HyperSentinel: Event_ThreadAmount
03-02 10:55:59.600  1621  1918 E HyperSentinel: -> audit event by proc 2953 "usap64": running threads amount, 23 -> 45
03-02 10:55:59.601   921  1500 I BufferQueueDebug: [cfb1e1d com.softnation.Ojam/com.softnation.Ojam.MainActivity#133598](this:0xb400007bcec25b18,id:-1,api:0,p:-1,c:-1) BufferQueue core=(921:/system/bin/surfaceflinger)
03-02 10:55:59.614  1621  1651 I ActivityTaskManager: visible for Task{f8d9e32 #37030 type=standard A=10337:com.softnation.Ojam} visible = true isAnimating = false TRANSITION = false PARENTS = false CHILDREN = false
03-02 10:55:59.616   921   921 I MI-SF   : surfaceflinger setAffinity mode=0
03-02 10:55:59.616   921   921 E MI-SF   : surfaceflinger setAffinity success
03-02 10:55:59.616  2363  2477 D MiuiFreeformModeCornerTipHandler: task#37027 onTaskVanished
03-02 10:55:59.616  2363  2477 I MiuiBubbleController: removeBubble: 37027 reason=2
03-02 10:55:59.617  2363  2477 I MultiTaskingTaskInfo: before call clearMaskControl task id = 37027, CoverLayerController = null, callers=com.android.wm.shell.multitasking.taskmanager.MultiTaskingTaskListener.onTaskInfoChanged:268 com.android.wm.shell.ShellTaskOrganizer.onTaskInfoChanged:145 android.window.TaskOrganizer$1.lambda$onTaskInfoChanged$7:322 android.window.TaskOrganizer$1.$r8$lambda$WEHIPeFifg1My6LbK9dElRxchX4:0 android.window.TaskOrganizer$1$$ExternalSyntheticLambda7.run:0 
03-02 10:55:59.617  2363  2477 I MultiTaskingTaskRepository: onTaskInfoChanged multi list = [5, 4], full = [37030, 37027, 37019, 36980]
03-02 10:55:59.618  2363  2477 D MultiTaskingTaskRepository: addOrMoveFullscreenTaskToTop taskId=37030
03-02 10:55:59.618  2363  2477 D MiuiFreeformModeCornerTipHandler: task#37030 onTaskVanished
03-02 10:55:59.618  2363  2477 I MiuiBubbleController: removeBubble: 37030 reason=2
03-02 10:55:59.618  2363  2477 I MultiTaskingTaskRepository: onTaskInfoChanged multi list = [5, 4], full = [37030, 37027, 37019, 36980]
03-02 10:55:59.618  2363  2477 D MiuiFreeformModeController: onFocusTaskChanged taskInfo: TaskInfo{userId=0 taskId=37030 displayId=0 isRunning=true baseIntent=Intent { flg=0x10000000 cmp=com.softnation.Ojam/.MainActivity } baseActivity=ComponentInfo{com.softnation.Ojam/com.softnation.Ojam.MainActivity} topActivity=ComponentInfo{com.softnation.Ojam/com.softnation.Ojam.MainActivity} origActivity=null realActivity=ComponentInfo{com.softnation.Ojam/com.softnation.Ojam.MainActivity} numActivities=1 lastActiveTime=1028318580 supportsSplitScreenMultiWindow=true supportsMultiWindow=true resizeMode=1 isResizeable=true minWidth=-1 minHeight=-1 defaultMinSize=200 token=WCT{android.window.IWindowContainerToken$Stub$Proxy@449e5d2} topActivityType=1 pictureInPictureParams=null shouldDockBigOverlays=false launchIntoPipHostTaskId=-1 lastParentTaskIdBeforePip=-1 displayCutoutSafeInsets=null topActivityInfo=ActivityInfo{9e906a3 com.softnation.Ojam.MainActivity} launchCookies=[] positionInParent=Point(0, 0) parentTaskId=-1 isFocused=true isVisible=true isVisibleRequested=true isSleeping=false locusId=null displayAreaFeatureId=1 isTopActivityTransparent=false appCompatTaskInfo=AppCompatTaskInfo { topActivityInSizeCompat=false topActivityEligibleForLetterboxEducation= falseisLetterboxEducationEnabled= false isLetterboxDoubleTapEnabled= false topActivityEligibleForUserAspectRatioButton= false topActivityBoundsLetterboxed= false isFromLetterboxDoubleTap= false topActivityLetterboxVerticalPosition= -1 topActivityLetterboxHorizontalPosition= -1 topActivityLetterboxWidth=1080 topActivityLetterboxHeight=2460 isUserFullscreenOverrideEnabled=false isSystemFullscreenOverrideEnabled=false cameraCompatTaskInfo=CameraCompatTaskInfo { cameraCompatControlState=hidden freeformCameraCompatMode=inactive}} isImmersive=false mTopActivityRequestOrientation=1 mBehindAppLockPkg=null mOriginatingUid=0 isEmbedded=false shouldBeVisible=true mIsCastMode=false mTopActivityMediaSize=null mTopActivityRecordName=ActivityRecord{d67cb94 u0 com.softnation.Ojam/.MainActivity t37030} mTopActivityOrientation=1}
03-02 10:55:59.619  1621  1729 I ATMSImpl: cacheTasksForDefaultDisplay size=5
03-02 10:55:59.620  2953  2953 D InputEventReceiver: Input log is disabled in InputEventReceiver.
03-02 10:55:59.623  1999  1999 D RecentsImpl: mActivityStateObserver com.softnation.Ojam.MainActivity
03-02 10:55:59.624  1999  1999 W RecentsImpl: onResumed className=com.softnation.Ojam.MainActivity   forceUpdate=false   mIsInAnotherPro=false   isKeyguardLocked=false   mIsStatusBarExpansion=false   mSecuritySpaceGuideShown=false
03-02 10:55:59.624  2953  2953 W Looper  : PerfMonitor looperActivity : package=com.softnation.Ojam/.MainActivity time=0ms latency=462ms  procState=-1  historyMsgCount=5 (msgIndex=1 wall=1763ms seq=3 late=34ms h=android.app.ActivityThread$H w=110) (msgIndex=5 wall=416ms seq=7 late=44ms h=android.app.ActivityThread$H w=159)
03-02 10:55:59.628  2953  2953 D DecorViewImmersiveImpl: onAttachedToWindow:com.softnation.Ojam/com.softnation.Ojam.MainActivity
03-02 10:55:59.638  1621  1729 D CoreBackPreview: Window{cfb1e1d u0 com.softnation.Ojam/com.softnation.Ojam.MainActivity}: Setting back callback OnBackInvokedCallbackInfo{mCallback=android.window.IOnBackInvokedCallback$Stub$Proxy@18741bf, mPriority=0, mIsAnimationCallback=false}
03-02 10:55:59.644   921  1500 I BufferQueueDebug: [com.softnation.Ojam/com.softnation.Ojam.MainActivity#133599](this:0xb400007bcec8c358,id:-1,api:0,p:-1,c:-1) BufferQueue core=(921:/system/bin/surfaceflinger)
03-02 10:55:59.647  1621  1729 D MiuiRefreshRatePolicy: reset
03-02 10:55:59.649  1621  1729 W WindowManager: Changing focus from null to Window{cfb1e1d u0 com.softnation.Ojam/com.softnation.Ojam.MainActivity} displayId=0 Callers=com.android.server.wm.RootWindowContainer.updateFocusedWindowLocked:602 com.android.server.wm.WindowManagerService.updateFocusedWindowLocked:7168 com.android.server.wm.WindowManagerService.relayoutWindowInner:3076 com.android.server.wm.WindowManagerService.relayoutWindow:2724 
03-02 10:55:59.650  1621  1729 I whetstone.activity: Power Event callback listener is empty for resId=32
03-02 10:55:59.650  1621  1729 D BatteryStatsManagerStub: notifyEvent for resId=32 used 0ms
03-02 10:55:59.651   921  1587 I BufferQueueDebug: [Surface(name=5b2ee94 StatusBar#103)/@0xf6cf932 - animation-leash of insets_animation#133600](this:0xb400007bcecd08d8,id:-1,api:0,p:-1,c:-1) BufferQueue core=(921:/system/bin/surfaceflinger)
03-02 10:55:59.652   921  1587 I BufferQueueDebug: [Surface(name=77d8129 NavigationBar0#101614)/@0x3faba4f - animation-leash of insets_animation#133601](this:0xb400007bcecbf778,id:-1,api:0,p:-1,c:-1) BufferQueue core=(921:/system/bin/surfaceflinger)
03-02 10:55:59.654  1621  1729 D WindowManager: wms.Input focus has changed to Window{cfb1e1d u0 com.softnation.Ojam/com.softnation.Ojam.MainActivity} display=0 updateInputWindows = true
03-02 10:55:59.654  1621  1729 I MultiSenceManagerInternalStub: getInstance
03-02 10:55:59.654  1621  1928 I MultiSenceManagerInternalStubImpl: packageName = com.softnation.Ojam
03-02 10:55:59.654  1621  1928 W ContextImpl: Calling a method in the system process without a qualified user: android.app.ContextImpl.sendBroadcast:1260 com.android.server.wm.MultiSenceManagerInternalStubImpl.sendFocusWindowsBroadcast:148 com.android.server.wm.MultiSenceManagerInternalStubImpl$UpdateScreenStatus.run:98 android.os.Handler.handleCallback:959 android.os.Handler.dispatchMessage:100 
03-02 10:55:59.654  1621  1729 I WindowManager: Relayout Window{cfb1e1d u0 com.softnation.Ojam/com.softnation.Ojam.MainActivity}: oldVis=4 newVis=0 focusMayChange = true requestedWidth = 1080 requestedHeight = 2460 outFrames = ClientWindowFrames{frame=[0,0][1080,2460] display=[0,0][1080,2460] parentFrame=[0,0][0,0]} outSurfaceControl = Surface(name=com.softnation.Ojam/com.softnation.Ojam.MainActivity#133599)/@0x6783adb
03-02 10:55:59.655  1621  1928 W ActivityManagerServiceImpl: Sending non-protected broadcast com.xiaomi.multisence.action.FOCUSED_CHANGE from system 1621:system/1000 pkg android. Callers=com.android.server.am.ActivityManagerService.checkBroadcastFromSystem:16365 com.android.server.am.ActivityManagerService.broadcastIntentLockedTraced:17236 com.android.server.am.ActivityManagerService.broadcastIntentLocked:16425 com.android.server.am.ActivityManagerService.broadcastIntentWithFeature:17459 android.app.ContextImpl.sendBroadcast:1264 
03-02 10:55:59.658  2953  2953 D BufferQueueConsumer: [](id:b8900000000,api:0,p:-1,c:2953) connect: controlledByApp=false
03-02 10:55:59.658  1621  1651 I ActivityTaskManager: visible for Task{f8d9e32 #37030 type=standard A=10337:com.softnation.Ojam} visible = true isAnimating = false TRANSITION = false PARENTS = false CHILDREN = false
03-02 10:55:59.658  1621  1651 D SurfaceComposerClient: Transaction::apply InputWindowCommands.focusRequests timestamp=610553204366236, windowName=cfb1e1d com.softnation.Ojam/com.softnation.Ojam.MainActivity
03-02 10:55:59.664  2953  2953 D BLASTBufferQueue: [VRI[MainActivity]#0](f:0,a:0) constructor()
03-02 10:55:59.664  2953  2953 D BLASTBufferQueue: [VRI[MainActivity]#0](f:0,a:0) update width=1080 height=2460 format=-1 mTransformHint=0
03-02 10:55:59.673  2953  2953 D VRI[MainActivity]: vri.reportNextDraw android.view.ViewRootImpl.performTraversals:4984 android.view.ViewRootImpl.doTraversal:3564 android.view.ViewRootImpl$TraversalRunnable.run:11781 android.view.Choreographer$CallbackRecord.run:1804 android.view.Choreographer$CallbackRecord.run:1813 
03-02 10:55:59.675   921   921 D SurfaceFlinger: Focus addInputWindowCommands timestamp=610553204366236, windowName=cfb1e1d com.softnation.Ojam/com.softnation.Ojam.MainActivity
03-02 10:55:59.678   921  1483 D SurfaceFlinger: updateWinowInfo=1, setFocusedWindow timestamp=610553204366236, windowName=cfb1e1d com.softnation.Ojam/com.softnation.Ojam.MainActivity
03-02 10:55:59.704   921  1587 D SurfaceFlinger: [SF client] NEW(0xb400007caea58270) for (2953:com.softnation.Ojam)
03-02 10:55:59.707  1141  7637 E IPCThreadState: Binder transaction failure. id: 354492276, BR_*: 29201, error: -1 (Operation not permitted)
03-02 10:55:59.707  1141  7637 W BpBinder: Large or Failed outgoing transaction of 108 bytes, interface descriptor , code 1
03-02 10:55:59.707  2953  2953 D MiuiCameraCoveredManager: java.lang.NullPointerException: Attempt to invoke virtual method 'java.lang.String android.provider.MiuiSettings$SettingsCloudData$CloudData.getString(java.lang.String, java.lang.String)' on a null object reference
03-02 10:55:59.709  2953  9312 W libc    : Access denied finding property "ro.vendor.display.iris_x7.support"
03-02 10:55:59.710  2953  2953 I ForceDarkHelperStubImpl: setViewRootImplForceDark: false for com.softnation.Ojam.MainActivity@db08fa, reason: AppDarkModeEnable
03-02 10:55:59.710  2953  2953 D VRI[PopupWindow:ab0dd04]: hardware acceleration = true, forceHwAccelerated = false
03-02 10:55:59.712   921  1500 I BufferQueueDebug: [dc67f90 PopupWindow:ab0dd04#133602](this:0xb400007bceccdb48,id:-1,api:0,p:-1,c:-1) BufferQueue core=(921:/system/bin/surfaceflinger)
03-02 10:55:59.716  2953  2953 D InputEventReceiver: Input log is disabled in InputEventReceiver.
03-02 10:55:59.722  1621  1729 D CoreBackPreview: Window{dc67f90 u0 PopupWindow:ab0dd04}: Setting back callback OnBackInvokedCallbackInfo{mCallback=android.window.IOnBackInvokedCallback$Stub$Proxy@35a18af, mPriority=0, mIsAnimationCallback=false}
03-02 10:55:59.725  1621  1651 I ActivityTaskManager: visible for Task{f8d9e32 #37030 type=standard A=10337:com.softnation.Ojam} visible = true isAnimating = false TRANSITION = false PARENTS = false CHILDREN = false
03-02 10:55:59.729   921  1500 I BufferQueueDebug: [PopupWindow:ab0dd04#133603](this:0xb400007bcec756d8,id:-1,api:0,p:-1,c:-1) BufferQueue core=(921:/system/bin/surfaceflinger)
03-02 10:55:59.731  1621  1729 D MiuiRefreshRatePolicy: reset
03-02 10:55:59.738  2953  2953 D BufferQueueConsumer: [](id:b8900000001,api:0,p:-1,c:2953) connect: controlledByApp=false
03-02 10:55:59.738  2953  2953 D BLASTBufferQueue: [VRI[PopupWindow:ab0dd04]#1](f:0,a:0) constructor()
03-02 10:55:59.738  2953  2953 D BLASTBufferQueue: [VRI[PopupWindow:ab0dd04]#1](f:0,a:0) update width=1080 height=65 format=-3 mTransformHint=0
03-02 10:55:59.740  2953  2953 I ForceDarkHelperStubImpl: setViewRootImplForceDark: false for com.softnation.Ojam.MainActivity@db08fa, reason: AppDarkModeEnable
03-02 10:55:59.742  1621  1651 I ActivityTaskManager: visible for Task{f8d9e32 #37030 type=standard A=10337:com.softnation.Ojam} visible = true isAnimating = false TRANSITION = false PARENTS = false CHILDREN = false
03-02 10:55:59.742  2953  2953 D VRI[PopupWindow:ab0dd04]: vri.reportNextDraw android.view.ViewRootImpl.performTraversals:4984 android.view.ViewRootImpl.doTraversal:3564 android.view.ViewRootImpl$TraversalRunnable.run:11781 android.view.Choreographer$CallbackRecord.run:1804 android.view.Choreographer$CallbackRecord.run:1813 
03-02 10:55:59.743  2953  2953 D VRI[PopupWindow:ab0dd04]: Setup new sync=wmsSync-VRI[PopupWindow:ab0dd04]#0
03-02 10:55:59.745  2953  2953 D UserSceneDetector: invoke error.
03-02 10:55:59.752  2953  9312 D HWUI    : makeCurrent grContext:0xb4000079f1a13790 reset mTextureAvailable
03-02 10:55:59.757  1621  1922 I SmartPower: com.google.android.apps.nbu.files/10308(32719): background->idle(3095ms) R(adj below visible) adj=250.
03-02 10:55:59.757  2953  9312 D softnation.Ojam: MiuiProcessManagerServiceStub setSchedFifo
03-02 10:55:59.757  2953  9312 I MiuiProcessManagerImpl: setSchedFifo pid:2953, mode:3
03-02 10:55:59.758  1621  1729 D ProcessManager: beginSchedThreads is not Enabled
03-02 10:55:59.759  2953  9312 D MAGT_SYNC_FRAME: MAGT Sync: MAGT is not supported. Disabling Sync.
03-02 10:55:59.759  2953  9312 D softnation.Ojam: Can't load libmbrainSDK
03-02 10:55:59.761  2953  9312 I GrallocExtra: gralloc_extra_query:is_SW3D 0
03-02 10:55:59.763  2953  9312 W libc    : Access denied finding property "ro.vendor.display.iris_x7.support"
03-02 10:55:59.772 32719 32731 I .apps.nbu.files: Background concurrent mark compact GC freed 24MB AllocSpace bytes, 0(0B) LOS objects, 75% free, 7803KB/31MB, paused 2.993ms,2.700ms total 111.250ms
03-02 10:55:59.798  2953  9312 E LB      : fail to open file: No such file or directory
03-02 10:55:59.799  2953  9312 E LB      : fail to open node: No such file or directory
03-02 10:55:59.799  2953  9312 E LB      : fail to open node: No such file or directory
03-02 10:55:59.799  2953  9312 I GrallocExtra: gralloc_extra_query:is_SW3D 0
03-02 10:55:59.799  2953  9312 W libc    : Access denied finding property "ro.vendor.display.iris_x7.support"
03-02 10:55:59.800  2953  9312 D BLASTBufferQueue: [VRI[PopupWindow:ab0dd04]#1](f:0,a:1) acquireNextBufferLocked size=1080x65 mFrameNumber=1 applyTransaction=true mTimestamp=610553348177852(auto) mPendingTransactions.size=0 graphicBufferId=12683038425099 transform=0
03-02 10:55:59.800  2953  9312 D softnation.Ojam: Can't load libmbrainSDK
03-02 10:55:59.802  2953  2953 D VRI[PopupWindow:ab0dd04]: vri.reportDrawFinished
03-02 10:55:59.803  1621  1729 D WindowManager: wms.finishDrawingLocked: mDrawState=COMMIT_DRAW_PENDING Window{dc67f90 u0 PopupWindow:ab0dd04} in Surface(name=PopupWindow:ab0dd04#133603)/@0x3677c45
03-02 10:55:59.804  1621  1651 D MiuiRefreshRatePolicy: reset
03-02 10:55:59.805  1621  1651 I WindowManager: onFirstWindowDrawn, try to remove startingWindow. this = ActivityRecord{d67cb94 u0 com.softnation.Ojam/.MainActivity t37030} associatedTask = null isMainWindow = false mStartingWindow = Window{d15aff5 u0 Splash Screen com.softnation.Ojam} mStartingData = SplashScreenStartingData{4bbb939 waitForSyncTransactionCommit=false removeAfterTransaction= 0}
03-02 10:55:59.808  2953  2953 D VRI[PopupWindow:ab0dd04]: vri.reportNextDraw android.view.ViewRootImpl.handleResized:2771 android.view.ViewRootImpl.-$$Nest$mhandleResized:0 android.view.ViewRootImpl$W.resized:12932 android.app.servertransaction.WindowStateResizeItem.execute:64 android.app.servertransaction.WindowStateTransactionItem.execute:59 
03-02 10:55:59.808  1621  1651 I WindowManager: onFirstWindowDrawn, try to remove startingWindow. this = ActivityRecord{d67cb94 u0 com.softnation.Ojam/.MainActivity t37030} associatedTask = null isMainWindow = false mStartingWindow = Window{d15aff5 u0 Splash Screen com.softnation.Ojam} mStartingData = SplashScreenStartingData{4bbb939 waitForSyncTransactionCommit=false removeAfterTransaction= 0}
03-02 10:55:59.808  1621  1651 I ActivityTaskManager: visible for Task{f8d9e32 #37030 type=standard A=10337:com.softnation.Ojam} visible = true isAnimating = false TRANSITION = false PARENTS = false CHILDREN = false
03-02 10:55:59.810  1621  1922 I SmartPower: com.google.android.permissioncontroller/10259(2969): background->idle(3017ms) R(service create com.google.android.permissioncontroller/com.android.permissioncontroller.privacysources.NotificationListenerCheckJobService) adj=905.
03-02 10:55:59.822  2953  2953 D VRI[PopupWindow:ab0dd04]: Setup new sync=wmsSync-VRI[PopupWindow:ab0dd04]#2
03-02 10:55:59.823  2953  2953 D VRI[PopupWindow:ab0dd04]: vri.reportDrawFinished
03-02 10:55:59.825  1621  1651 D MiuiRefreshRatePolicy: reset
03-02 10:55:59.826  1621  1651 I WindowManager: onFirstWindowDrawn, try to remove startingWindow. this = ActivityRecord{d67cb94 u0 com.softnation.Ojam/.MainActivity t37030} associatedTask = null isMainWindow = false mStartingWindow = Window{d15aff5 u0 Splash Screen com.softnation.Ojam} mStartingData = SplashScreenStartingData{4bbb939 waitForSyncTransactionCommit=false removeAfterTransaction= 0}
03-02 10:55:59.841  1621  1651 I WindowManager: onFirstWindowDrawn, try to remove startingWindow. this = ActivityRecord{d67cb94 u0 com.softnation.Ojam/.MainActivity t37030} associatedTask = null isMainWindow = false mStartingWindow = Window{d15aff5 u0 Splash Screen com.softnation.Ojam} mStartingData = SplashScreenStartingData{4bbb939 waitForSyncTransactionCommit=false removeAfterTransaction= 0}
03-02 10:55:59.841  1621  1651 I ActivityTaskManager: visible for Task{f8d9e32 #37030 type=standard A=10337:com.softnation.Ojam} visible = true isAnimating = false TRANSITION = false PARENTS = false CHILDREN = false
03-02 10:55:59.944  1621  1729 I ClipboardServiceI: checkProviderWakePathForClipboard: primaryClip is null
03-02 10:55:59.974   921   921 I BufferQueueProducer: [StatusBar#109](this:0xb400007bcec4ab68,id:-1,api:0,p:-1,c:921) queueBuffer: fps=0.99 dur=1010.25 max=1010.25 min=1010.25
03-02 10:55:59.987  2246  2407 E NetlinkUtils: receiveNetlinkAck, errmsg=NetlinkErrorMessage{ nlmsghdr{StructNlMsgHdr{ nlmsg_len{100}, nlmsg_type{2()}, nlmsg_flags{0()}, nlmsg_seq{1}, nlmsg_pid{-1799593281} }}, nlmsgerr{StructNlMsgErr{ error{-2}, msg{StructNlMsgHdr{ nlmsg_len{80}, nlmsg_type{256()}, nlmsg_flags{261(NLM_F_REQUEST|NLM_F_ACK|NLM_F_ROOT)}, nlmsg_seq{1}, nlmsg_pid{0} }} }} }
03-02 10:55:59.988  2246  2407 W Tethering: [BpfCoordinator] WARN Failed to update conntrack entry (proto: 6, src4: /10.45.118.132, srcPort: 64760, dst4: /20.42.73.31, dstPort: 443), msg: 50000000000105010100000000000000020000003400018014000180080001000A2D768408000200142A491F1C000280050001000600000006000200FCF800000600030001BB00000800070000069780, e: android.system.ErrnoException: NetlinkErrorMessage{ nlmsghdr{StructNlMsgHdr{ nlmsg_len{100}, nlmsg_type{2()}, nlmsg_flags{0()}, nlmsg_seq{1}, nlmsg_pid{-1799593281} }}, nlmsgerr{StructNlMsgErr{ error{-2}, msg{StructNlMsgHdr{ nlmsg_len{80}, nlmsg_type{256()}, nlmsg_flags{261(NLM_F_REQUEST|NLM_F_ACK|NLM_F_ROOT)}, nlmsg_seq{1}, nlmsg_pid{0} }} }} } failed: ENOENT (No such file or directory)
03-02 10:55:59.995  2246  2407 E NetlinkUtils: receiveNetlinkAck, errmsg=NetlinkErrorMessage{ nlmsghdr{StructNlMsgHdr{ nlmsg_len{100}, nlmsg_type{2()}, nlmsg_flags{0()}, nlmsg_seq{1}, nlmsg_pid{-972246628} }}, nlmsgerr{StructNlMsgErr{ error{-2}, msg{StructNlMsgHdr{ nlmsg_len{80}, nlmsg_type{256()}, nlmsg_flags{261(NLM_F_REQUEST|NLM_F_ACK|NLM_F_ROOT)}, nlmsg_seq{1}, nlmsg_pid{0} }} }} }
03-02 10:55:59.996  2246  2407 W Tethering: [BpfCoordinator] WARN Failed to update conntrack entry (proto: 6, src4: /10.45.118.132, srcPort: 64758, dst4: /20.42.73.31, dstPort: 443), msg: 50000000000105010100000000000000020000003400018014000180080001000A2D768408000200142A491F1C000280050001000600000006000200FCF600000600030001BB00000800070000069780, e: android.system.ErrnoException: NetlinkErrorMessage{ nlmsghdr{StructNlMsgHdr{ nlmsg_len{100}, nlmsg_type{2()}, nlmsg_flags{0()}, nlmsg_seq{1}, nlmsg_pid{-972246628} }}, nlmsgerr{StructNlMsgErr{ error{-2}, msg{StructNlMsgHdr{ nlmsg_len{80}, nlmsg_type{256()}, nlmsg_flags{261(NLM_F_REQUEST|NLM_F_ACK|NLM_F_ROOT)}, nlmsg_seq{1}, nlmsg_pid{0} }} }} } failed: ENOENT (No such file or directory)
03-02 10:56:00.001  2246  2407 E NetlinkUtils: receiveNetlinkAck, errmsg=NetlinkErrorMessage{ nlmsghdr{StructNlMsgHdr{ nlmsg_len{100}, nlmsg_type{2()}, nlmsg_flags{0()}, nlmsg_seq{1}, nlmsg_pid{-216638507} }}, nlmsgerr{StructNlMsgErr{ error{-2}, msg{StructNlMsgHdr{ nlmsg_len{80}, nlmsg_type{256()}, nlmsg_flags{261(NLM_F_REQUEST|NLM_F_ACK|NLM_F_ROOT)}, nlmsg_seq{1}, nlmsg_pid{0} }} }} }
03-02 10:56:00.002  2246  2407 W Tethering: [BpfCoordinator] WARN Failed to update conntrack entry (proto: 6, src4: /10.45.118.132, srcPort: 64761, dst4: /4.208.231.73, dstPort: 443), msg: 50000000000105010100000000000000020000003400018014000180080001000A2D76840800020004D0E7491C000280050001000600000006000200FCF900000600030001BB00000800070000069780, e: android.system.ErrnoException: NetlinkErrorMessage{ nlmsghdr{StructNlMsgHdr{ nlmsg_len{100}, nlmsg_type{2()}, nlmsg_flags{0()}, nlmsg_seq{1}, nlmsg_pid{-216638507} }}, nlmsgerr{StructNlMsgErr{ error{-2}, msg{StructNlMsgHdr{ nlmsg_len{80}, nlmsg_type{256()}, nlmsg_flags{261(NLM_F_REQUEST|NLM_F_ACK|NLM_F_ROOT)}, nlmsg_seq{1}, nlmsg_pid{0} }} }} } failed: ENOENT (No such file or directory)
03-02 10:56:00.005  2363  2363 D MiuiClockController: fixed clock timezone, clockTimezone is null mCurrentTimezone is Africa/Lagos
03-02 10:56:00.005  2363  2363 D DateFormatUtils: DataFormatUtils formatTime: libcore.util.ZoneInfo[mDstSavings=0,mUseDst=false,mDelegate=[id="Africa/Lagos",mRawOffset=3600000,mEarliestRawOffset=815000,transitions=4]]
03-02 10:56:00.007  2363  2363 I GlassNumberView: mZeroTextWidth = 210, density = 2.75
03-02 10:56:00.007  2363  2363 I GlassNumberView: setPercentages, percentages = [0.77, 0.18, 0.13, 0.13, 0.26, 0.11, 0.06]
03-02 10:56:00.008  2363  2363 I GlassNumberView: mZeroTextWidth = 378, density = 2.75
03-02 10:56:00.008  2363  2363 I GlassNumberView: setPercentages, percentages = [0.77, 0.18, 0.13, 0.13, 0.26, 0.11, 0.06]
03-02 10:56:00.009  2363  2363 I GlassNumberView: mZeroTextWidth = 329, density = 2.75
03-02 10:56:00.009  2363  2363 I GlassNumberView: setPercentages, percentages = [0.77, 0.18, 0.13, 0.13, 0.26, 0.11, 0.06]
03-02 10:56:00.010  2363  2363 I GlassNumberView: mZeroTextWidth = 339, density = 2.75
03-02 10:56:00.010  2363  2363 I GlassNumberView: setPercentages, percentages = [0.77, 0.18, 0.13, 0.13, 0.26, 0.11, 0.06]
03-02 10:56:00.010  2363  2363 D MiuiClockController: Listener updateTime
03-02 10:56:00.011  2363  2363 I GlassNumberView: mZeroTextWidth = 210, density = 2.75
03-02 10:56:00.011  2363  2363 I GlassNumberView: setPercentages, percentages = [0.77, 0.18, 0.13, 0.13, 0.26, 0.11, 0.06]
03-02 10:56:00.011  2363  2363 I GlassNumberView: mZeroTextWidth = 378, density = 2.75
03-02 10:56:00.011  2363  2363 I GlassNumberView: setPercentages, percentages = [0.77, 0.18, 0.13, 0.13, 0.26, 0.11, 0.06]
03-02 10:56:00.011  2363  2363 I GlassNumberView: mZeroTextWidth = 329, density = 2.75
03-02 10:56:00.011  2363  2363 I GlassNumberView: setPercentages, percentages = [0.77, 0.18, 0.13, 0.13, 0.26, 0.11, 0.06]
03-02 10:56:00.012  2363  2363 I GlassNumberView: mZeroTextWidth = 339, density = 2.75
03-02 10:56:00.012  2363  2363 I GlassNumberView: setPercentages, percentages = [0.77, 0.18, 0.13, 0.13, 0.26, 0.11, 0.06]
03-02 10:56:00.012  2363  2363 E AnimationHelper: updateTime mToAod:false mHasNotification: true, mClockType: rhombus
03-02 10:56:00.012  2363  2363 E AnimationHelper: com.android.keyguard.clock.animation.AnimationHelper@c8eddef doAnimationToNotification hasNotification: true, fromKeyguard: false, mHasNotification: true, mToAod: false
03-02 10:56:00.012  2363  2363 E ClockBaseAnimation: com.android.keyguard.clock.animation.rhombus.RhombusDefaultClockAnimation@345e470 doAnimationToNotification hasNotification: true, fromKeyguard: false   mFullTime.getWidth()=1080
03-02 10:56:00.012  2363  2363 D ClockBaseAnimation: updateColorLockState====   hour=#fff9fadf   min=#fff9fadf  colon=#ff97bf42
03-02 10:56:00.012  2363  2363 D ClockBaseAnimation: updateColorAodState====   aodHourColor=#ffdddfbf   aodMinColor=#ffdddfbf  aodColonColor=#ff95c622
03-02 10:56:00.012  2363  2363 D ClockBaseAnimation: updateColorFullAodState====   HourColor=#ffe0e2c3   MinColor=#ffe0e2c3
03-02 10:56:00.013  2363  2363 D ClockBaseAnimation: updateColorNoticeState====   noticeHourColor=#fff9fadf   noticeMinColor=#fff9fadf  noticeColonColor=#fff9fadf
03-02 10:56:00.013  2363  2363 D ClockBaseAnimation: updateAnimationState mFullTime: width = 1080 ,height = 1819 ,mHourParent: width = 1080 ,height = 1268 ,mMinParent: width = 1080 ,height = 1268 ,mHour1: width = 234 ,height = 441 ,mHour2: width = 410 ,height = 441 ,mMin1: width = 355 ,height = 441 ,mMin2: width = 372 ,height = 441 ,mColon: width = 99 ,height = 99 ,mDensity = 2.7570155 ,magazineY = 346.0  mTimeViewScale=1.0  mNotificationTransY=-15.0
03-02 10:56:00.013  2363  2363 I ClockBaseAnimation: clearBlurAndBlend
03-02 10:56:00.013  2363  2363 E backgroundBlur: setMiViewBlurMode disable com.miui.clock.MiuiClockNumberView
03-02 10:56:00.013  2363  2363 E backgroundBlur: setMiViewBlurMode disable com.miui.clock.MiuiClockNumberView
03-02 10:56:00.013  2363  2363 E backgroundBlur: setMiViewBlurMode disable android.view.View
03-02 10:56:00.013  2363  2363 E backgroundBlur: setMiViewBlurMode disable android.view.View
03-02 10:56:00.013  2363  2363 E backgroundBlur: setMiViewBlurMode disable com.miui.clock.MiuiClockNumberView
03-02 10:56:00.014  2363  2363 E backgroundBlur: setMiViewBlurMode disable com.miui.clock.MiuiClockNumberView
03-02 10:56:00.014  2363  2363 D MiuiBlurUtils: clearContainerPassBlur com.miui.clock.rhombus.MiuiRhombusClock{12d5a97 V.E...... ......ID 0,0-1080,2460 #7f0a06b3 app:id/miui_keyguard_rhombus_clock}
03-02 10:56:00.014  2363  2363 D MiuiBlurUtils: clearDiffEffectContainer com.miui.clock.rhombus.MiuiRhombusClock{12d5a97 V.E...... ......ID 0,0-1080,2460 #7f0a06b3 app:id/miui_keyguard_rhombus_clock}
03-02 10:56:00.014  2363  2363 D MiuiBlurUtils: setDiffEffectMethod view is null
03-02 10:56:00.014  2363  2363 D MiuiBlurUtils: clearDiffEffectMethod com.miui.clock.MiuiClockNumberView{9b3c484 V.ED..... ......ID 210,314-620,755 #7f0a04c2 app:id/hour1}
03-02 10:56:00.014  2363  2363 D MiuiBlurUtils: setDiffEffectMethod view is null
03-02 10:56:00.014  2363  2363 D MiuiBlurUtils: clearDiffEffectMethod com.miui.clock.MiuiClockNumberView{983146d V.ED..... ......ID 551,598-922,1039 #7f0a04c3 app:id/hour2}
03-02 10:56:00.014  2363  2363 D MiuiBlurUtils: setDiffEffectMethod view is null
03-02 10:56:00.014  2363  2363 D MiuiBlurUtils: clearDiffEffectMethod com.miui.clock.MiuiClockNumberView{65718a2 V.ED..... ......ID 138,226-548,667 #7f0a069c app:id/minute1}
03-02 10:56:00.014  2363  2363 D MiuiBlurUtils: setDiffEffectMethod view is null
03-02 10:56:00.014  2363  2363 D MiuiBlurUtils: clearDiffEffectMethod com.miui.clock.MiuiClockNumberView{be30933 V.ED..... ......ID 416,512-787,953 #7f0a069d app:id/minute2}
03-02 10:56:00.014  2363  2363 D MiuiBlurUtils: setDiffEffectMethod view is null
03-02 10:56:00.015  2363  2363 D MiuiBlurUtils: clearDiffEffectMethod android.widget.ImageView{ceaa4f0 G.ED..... ......I. 0,0-0,0 #7f0a0252 app:id/colon_view}
03-02 10:56:00.015  2363  2363 D MiuiBlurUtils: setDiffEffectMethod view is null
03-02 10:56:00.015  2363  2363 D MiuiBlurUtils: clearDiffEffectMethod android.widget.TextView{fc98a69 V.ED..... ......ID 407,220-673,275 #7f0a07a4 app:id/notification_date}
03-02 10:56:00.015  2363  2363 D MiuiBlurUtils: setDiffEffectMethod view is null
03-02 10:56:00.015  2363  2363 D MiuiBlurUtils: clearContainerPassBlur com.miui.clock.rhombus.MiuiRhombusClock{12d5a97 V.E...... ......ID 0,0-1080,2460 #7f0a06b3 app:id/miui_keyguard_rhombus_clock}
03-02 10:56:00.015  2363  2363 D MiuiBlurUtils: clearDiffEffectContainer com.miui.clock.rhombus.MiuiRhombusClock{12d5a97 V.E...... ......ID 0,0-1080,2460 #7f0a06b3 app:id/miui_keyguard_rhombus_clock}
03-02 10:56:00.015  2363  2363 D MiuiBlurUtils: setDiffEffectMethod view is null
03-02 10:56:00.015  2363  2363 D MiuiBlurUtils: clearDiffEffectMethod com.miui.clock.MiuiClockNumberView{9b3c484 V.ED..... ......ID 210,314-620,755 #7f0a04c2 app:id/hour1}
03-02 10:56:00.015  2363  2363 D MiuiBlurUtils: setDiffEffectMethod view is null
03-02 10:56:00.015  2363  2363 D MiuiBlurUtils: clearDiffEffectMethod com.miui.clock.MiuiClockNumberView{983146d V.ED..... ......ID 551,598-922,1039 #7f0a04c3 app:id/hour2}
03-02 10:56:00.015  2363  2363 D MiuiBlurUtils: setDiffEffectMethod view is null
03-02 10:56:00.015  2363  2363 D MiuiBlurUtils: clearDiffEffectMethod com.miui.clock.MiuiClockNumberView{65718a2 V.ED..... ......ID 138,226-548,667 #7f0a069c app:id/minute1}
03-02 10:56:00.015  2363  2363 D MiuiBlurUtils: setDiffEffectMethod view is null
03-02 10:56:00.015  2363  2363 D MiuiBlurUtils: clearDiffEffectMethod com.miui.clock.MiuiClockNumberView{be30933 V.ED..... ......ID 416,512-787,953 #7f0a069d app:id/minute2}
03-02 10:56:00.015  2363  2363 D MiuiBlurUtils: setDiffEffectMethod view is null
03-02 10:56:00.015  2363  2363 D MiuiBlurUtils: clearDiffEffectMethod android.widget.ImageView{ceaa4f0 G.ED..... ......I. 0,0-0,0 #7f0a0252 app:id/colon_view}
03-02 10:56:00.015  2363  2363 D MiuiBlurUtils: setDiffEffectMethod view is null
03-02 10:56:00.015  2363  2363 D MiuiBlurUtils: clearDiffEffectMethod android.widget.TextView{fc98a69 V.ED..... ......ID 407,220-673,275 #7f0a07a4 app:id/notification_date}
03-02 10:56:00.015  2363  2363 D MiuiBlurUtils: setDiffEffectMethod view is null
03-02 10:56:00.016   863   935 I ExtendedUtils: [timer_thread_start] epoll wait thread while start
03-02 10:56:00.016   863   935 I ExtendedPerfBoost: [restore_callback_expires] thermalbreak callback
03-02 10:56:00.016   863   935 I ExtendedPerfBoost: [triggerList_update] del one node to freelist
03-02 10:56:00.016   863   935 I ExtendedPerfBoost: [triggerList_update] now trigger boost:0  info
03-02 10:56:00.016   863   935 I ExtendedPerfBoost: [trig_thermalbreak] curr target time is same last target time
03-02 10:56:00.016   863   935 I ExtendedPerfBoost: [setThermalBreak] [setThermalBreak] : boost:0
03-02 10:56:00.018  2363  2363 D NotificationHeaderExpandController: onExpansionChanged: progress =  0.0
03-02 10:56:00.018  1621  1922 I SmartPower: com.milink.service:audio/10190(19603): background->idle(3010ms) R(broadcast start Intent { act=android.intent.action.PACKAGE_RESTARTED dat=package: flg=0x4000010 (has extras) }) adj=250.
03-02 10:56:00.019  2363  2363 D NotificationHeaderExpandController: onExpansionChanged: progress =  0.0
03-02 10:56:00.028  2363  2363 E StackScroller: updateSidePadding: viewWidth is zero
03-02 10:56:00.029  1159  1606 D ULogGuard: Monitoring: 18 threads, 0 requests, 0 time-bombs; 1 guards. ResetFlags = 0x7
03-02 10:56:00.040  2246  2407 E NetlinkUtils: receiveNetlinkAck, errmsg=NetlinkErrorMessage{ nlmsghdr{StructNlMsgHdr{ nlmsg_len{100}, nlmsg_type{2()}, nlmsg_flags{0()}, nlmsg_seq{1}, nlmsg_pid{-41050264} }}, nlmsgerr{StructNlMsgErr{ error{-2}, msg{StructNlMsgHdr{ nlmsg_len{80}, nlmsg_type{256()}, nlmsg_flags{261(NLM_F_REQUEST|NLM_F_ACK|NLM_F_ROOT)}, nlmsg_seq{1}, nlmsg_pid{0} }} }} }
03-02 10:56:00.040  2246  2407 W Tethering: [BpfCoordinator] WARN Failed to update conntrack entry (proto: 6, src4: /10.45.118.132, srcPort: 64768, dst4: /140.82.114.22, dstPort: 443), msg: 50000000000105010100000000000000020000003400018014000180080001000A2D7684080002008C5272161C000280050001000600000006000200FD0000000600030001BB00000800070000069780, e: android.system.ErrnoException: NetlinkErrorMessage{ nlmsghdr{StructNlMsgHdr{ nlmsg_len{100}, nlmsg_type{2()}, nlmsg_flags{0()}, nlmsg_seq{1}, nlmsg_pid{-41050264} }}, nlmsgerr{StructNlMsgErr{ error{-2}, msg{StructNlMsgHdr{ nlmsg_len{80}, nlmsg_type{256()}, nlmsg_flags{261(NLM_F_REQUEST|NLM_F_ACK|NLM_F_ROOT)}, nlmsg_seq{1}, nlmsg_pid{0} }} }} } failed: ENOENT (No such file or directory)
03-02 10:56:00.065  2246  2407 E NetlinkUtils: receiveNetlinkAck, errmsg=NetlinkErrorMessage{ nlmsghdr{StructNlMsgHdr{ nlmsg_len{100}, nlmsg_type{2()}, nlmsg_flags{0()}, nlmsg_seq{1}, nlmsg_pid{-443010575} }}, nlmsgerr{StructNlMsgErr{ error{-2}, msg{StructNlMsgHdr{ nlmsg_len{80}, nlmsg_type{256()}, nlmsg_flags{261(NLM_F_REQUEST|NLM_F_ACK|NLM_F_ROOT)}, nlmsg_seq{1}, nlmsg_pid{0} }} }} }
03-02 10:56:00.065  2246  2407 W Tethering: [BpfCoordinator] WARN Failed to update conntrack entry (proto: 6, src4: /10.45.118.132, srcPort: 64768, dst4: /140.82.114.22, dstPort: 443), msg: 50000000000105010100000000000000020000003400018014000180080001000A2D7684080002008C5272161C000280050001000600000006000200FD0000000600030001BB00000800070000069780, e: android.system.ErrnoException: NetlinkErrorMessage{ nlmsghdr{StructNlMsgHdr{ nlmsg_len{100}, nlmsg_type{2()}, nlmsg_flags{0()}, nlmsg_seq{1}, nlmsg_pid{-443010575} }}, nlmsgerr{StructNlMsgErr{ error{-2}, msg{StructNlMsgHdr{ nlmsg_len{80}, nlmsg_type{256()}, nlmsg_flags{261(NLM_F_REQUEST|NLM_F_ACK|NLM_F_ROOT)}, nlmsg_seq{1}, nlmsg_pid{0} }} }} } failed: ENOENT (No such file or directory)
03-02 10:56:00.070  2246  2407 E NetlinkUtils: receiveNetlinkAck, errmsg=NetlinkErrorMessage{ nlmsghdr{StructNlMsgHdr{ nlmsg_len{100}, nlmsg_type{2()}, nlmsg_flags{0()}, nlmsg_seq{1}, nlmsg_pid{-135690592} }}, nlmsgerr{StructNlMsgErr{ error{-2}, msg{StructNlMsgHdr{ nlmsg_len{80}, nlmsg_type{256()}, nlmsg_flags{261(NLM_F_REQUEST|NLM_F_ACK|NLM_F_ROOT)}, nlmsg_seq{1}, nlmsg_pid{0} }} }} }
03-02 10:56:00.070  2246  2407 W Tethering: [BpfCoordinator] WARN Failed to update conntrack entry (proto: 6, src4: /10.45.118.132, srcPort: 64761, dst4: /4.208.231.73, dstPort: 443), msg: 50000000000105010100000000000000020000003400018014000180080001000A2D76840800020004D0E7491C000280050001000600000006000200FCF900000600030001BB00000800070000069780, e: android.system.ErrnoException: NetlinkErrorMessage{ nlmsghdr{StructNlMsgHdr{ nlmsg_len{100}, nlmsg_type{2()}, nlmsg_flags{0()}, nlmsg_seq{1}, nlmsg_pid{-135690592} }}, nlmsgerr{StructNlMsgErr{ error{-2}, msg{StructNlMsgHdr{ nlmsg_len{80}, nlmsg_type{256()}, nlmsg_flags{261(NLM_F_REQUEST|NLM_F_ACK|NLM_F_ROOT)}, nlmsg_seq{1}, nlmsg_pid{0} }} }} } failed: ENOENT (No such file or directory)
03-02 10:56:00.071   835   835 I zygote  : Delayed USAP Pool refill. New USAPs: 1
03-02 10:56:00.076  1621  1729 I ClipboardServiceI: checkProviderWakePathForClipboard: primaryClip is null
03-02 10:56:00.080 27809 28618 I FontLog : (REDACTED) Received query %s, URI %s
03-02 10:56:00.080 27809 28618 I FontLog : (REDACTED) Query [%s] resolved to %s
03-02 10:56:00.086 27809 28618 I FontLog : (REDACTED) Fetch %s end status %s
03-02 10:56:00.088  1055  1186 D connsyslogger: SD_LOG_ROOT is /data/debuglogger/connsyslog/fw.
03-02 10:56:00.088  1055  1186 D connsyslogger: systemReady:1
03-02 10:56:00.095 27809 28618 I FontLog : (REDACTED) Pulling font file for id = %d, cache size = %d
03-02 10:56:00.095   835   835 D Zygote  : Forked child process 9369
03-02 10:56:00.099  2246  2407 E NetlinkUtils: receiveNetlinkAck, errmsg=NetlinkErrorMessage{ nlmsghdr{StructNlMsgHdr{ nlmsg_len{100}, nlmsg_type{2()}, nlmsg_flags{0()}, nlmsg_seq{1}, nlmsg_pid{-269544487} }}, nlmsgerr{StructNlMsgErr{ error{-2}, msg{StructNlMsgHdr{ nlmsg_len{80}, nlmsg_type{256()}, nlmsg_flags{261(NLM_F_REQUEST|NLM_F_ACK|NLM_F_ROOT)}, nlmsg_seq{1}, nlmsg_pid{0} }} }} }
03-02 10:56:00.100  2246  2407 W Tethering: [BpfCoordinator] WARN Failed to update conntrack entry (proto: 6, src4: /10.45.118.132, srcPort: 64758, dst4: /20.42.73.31, dstPort: 443), msg: 50000000000105010100000000000000020000003400018014000180080001000A2D768408000200142A491F1C000280050001000600000006000200FCF600000600030001BB00000800070000069780, e: android.system.ErrnoException: NetlinkErrorMessage{ nlmsghdr{StructNlMsgHdr{ nlmsg_len{100}, nlmsg_type{2()}, nlmsg_flags{0()}, nlmsg_seq{1}, nlmsg_pid{-269544487} }}, nlmsgerr{StructNlMsgErr{ error{-2}, msg{StructNlMsgHdr{ nlmsg_len{80}, nlmsg_type{256()}, nlmsg_flags{261(NLM_F_REQUEST|NLM_F_ACK|NLM_F_ROOT)}, nlmsg_seq{1}, nlmsg_pid{0} }} }} } failed: ENOENT (No such file or directory)
03-02 10:56:00.102 27809 28618 I FontLog : (REDACTED) Pulling font file for id = %d, cache size = %d
03-02 10:56:00.113  1201  1298 D AALService: [CRTC_114] onALIChanged: 48 -> 43
03-02 10:56:00.114  2246  2407 E NetlinkUtils: receiveNetlinkAck, errmsg=NetlinkErrorMessage{ nlmsghdr{StructNlMsgHdr{ nlmsg_len{100}, nlmsg_type{2()}, nlmsg_flags{0()}, nlmsg_seq{1}, nlmsg_pid{-1581717817} }}, nlmsgerr{StructNlMsgErr{ error{-2}, msg{StructNlMsgHdr{ nlmsg_len{80}, nlmsg_type{256()}, nlmsg_flags{261(NLM_F_REQUEST|NLM_F_ACK|NLM_F_ROOT)}, nlmsg_seq{1}, nlmsg_pid{0} }} }} }
03-02 10:56:00.114  2246  2407 W Tethering: [BpfCoordinator] WARN Failed to update conntrack entry (proto: 6, src4: /10.45.118.132, srcPort: 64760, dst4: /20.42.73.31, dstPort: 443), msg: 50000000000105010100000000000000020000003400018014000180080001000A2D768408000200142A491F1C000280050001000600000006000200FCF800000600030001BB00000800070000069780, e: android.system.ErrnoException: NetlinkErrorMessage{ nlmsghdr{StructNlMsgHdr{ nlmsg_len{100}, nlmsg_type{2()}, nlmsg_flags{0()}, nlmsg_seq{1}, nlmsg_pid{-1581717817} }}, nlmsgerr{StructNlMsgErr{ error{-2}, msg{StructNlMsgHdr{ nlmsg_len{80}, nlmsg_type{256()}, nlmsg_flags{261(NLM_F_REQUEST|NLM_F_ACK|NLM_F_ROOT)}, nlmsg_seq{1}, nlmsg_pid{0} }} }} } failed: ENOENT (No such file or directory)
03-02 10:56:00.159  1621  1729 D AS.BtHelper: isBluetoothScoOn() mBluetoothHeadset is null: falsemBluetoothHeadsetDevice is null: true
03-02 10:56:00.159  1621  1729 V AS.AudioDeviceBroker: requestedCommunicationDevice: null mAudioModeOwner: AudioModeInfo: mMode=MODE_NORMAL, mPid=0, mUid=0
03-02 10:56:00.160  1621  1729 D AS.BtHelper: isBluetoothScoOn() mBluetoothHeadset is null: falsemBluetoothHeadsetDevice is null: true
03-02 10:56:00.160  1621  1729 V AS.AudioDeviceBroker: requestedCommunicationDevice: null mAudioModeOwner: AudioModeInfo: mMode=MODE_NORMAL, mPid=0, mUid=0
03-02 10:56:00.203   849  1430 I hwcomposer: [HWC] (0)fire a callback of refresh to SF[4]  
03-02 10:56:00.216   921   921 I MI-SF   : surfaceflinger setAffinity mode=1
03-02 10:56:00.217   921   921 E MI-SF   : surfaceflinger setAffinity success
03-02 10:56:00.217   921   921 I MI-SF   : surfaceflinger setreAffinity reTid=1207
